读取源域路径：/kaggle/working/m2/weight_PU_M1_final_checkpoint_FAtoB_gatepcv_s2024/NEW_PU/Source-源域/log&pt/(B1)N15_M01_F10
excel输出位置：/kaggle/working/m2/weight_PU_M1_final_checkpoint_FAtoB_gatepcv_s2024/NEW_PU/Target-目标域
特征图片输出位置：/kaggle/working/m2/weight_PU_M1_final_checkpoint_FAtoB_gatepcv_s2024/NEW_PU/Picture-特征图/2026年09月14日00时06分/(B1)N15_M01_F10
现在选取:(B1)N15_M01_F10 进行训练的源模型
现在进行：(B1)N15_M01_F10→(B3)N15_M07_F04 的迁移任务
log&pt输出位置：/kaggle/working/m2/weight_PU_M1_final_checkpoint_FAtoB_gatepcv_s2024/NEW_PU/Target-目标域/log&pt/(B1)N15_M01_F10→(B3)N15_M07_F04
任务: (B1)N15_M01_F10→(B3)N15_M07_F04; 批次:····0/·1880;  总正确率: 69.28%
类型1 正确率：  73.00% -> 1   73.20%, 2   26.65%, 3    0.15%
类型2 正确率：  82.00% -> 1    0.00%, 2   81.50%, 3   18.50%
类型3 正确率：  53.00% -> 1    4.00%, 2   42.85%, 3   53.15%


样本变换：reverse
样本变换：mask
样本变换：shift
样本变换：none
未过滤	未用伪标签：69.28% -> 使用伪标签：75.07%
已过滤	未用伪标签：69.28% -> 使用伪标签：77.22%
排除样本：167|6000	剩余：2095, 2298, 1440
增添样本：1134		细则：213, 0, 921	正确率估算：87.21%
类型1 正确率： 100.00% -> 1  100.00%, 2    0.00%, 3    0.00%
类型2 正确率：  77.00% -> 1    0.00%, 2   77.32%, 3   22.68%
类型3 正确率：  53.00% -> 1    5.09%, 2   41.96%, 3   52.94%

被排除样本 正确率：69.46%
类型1 正确率：   0.00% -> 1    0.00%, 2  100.00%, 3    0.00%
类型2 正确率：  78.00% -> 1    0.00%, 2   78.43%, 3   21.57%
类型3 正确率：  66.00% -> 1   22.61%, 2   11.30%, 3   66.09%


轮次:··1/·20 || c_Loss:0.548 || e_Loss:-1.457 || Aad_Loss:-24.757 || 耗时：34.11s
轮次:··2/·20 || c_Loss:0.383 || e_Loss:-1.233 || Aad_Loss:-26.117 || 耗时：13.26s
轮次:··3/·20 || c_Loss:0.358 || e_Loss:-0.861 || Aad_Loss:-27.486 || 耗时：13.13s
轮次:··4/·20 || c_Loss:0.372 || e_Loss:-1.584 || Aad_Loss:-26.110 || 耗时：13.12s
轮次:··5/·20 || c_Loss:0.395 || e_Loss:-1.537 || Aad_Loss:-25.211 || 耗时：13.10s
任务: (B1)N15_M01_F10→(B3)N15_M07_F04; mix批次:····0; 批次:··470/·1880;  总正确率: 77.35%
类型1 正确率： 100.00% -> 1  100.00%, 2    0.00%, 3    0.00%
类型2 正确率：  82.00% -> 1    0.00%, 2   82.10%, 3   17.90%
类型3 正确率：  50.00% -> 1    6.35%, 2   43.70%, 3   49.95%


样本变换：reverse
样本变换：mask
样本变换：shift
样本变换：none
未过滤	未用伪标签：77.35% -> 使用伪标签：76.48%
已过滤	未用伪标签：77.42% -> 使用伪标签：76.85%
排除样本：29|6000	剩余：2160, 2422, 1389
增添样本：1363		细则：272, 0, 1091	正确率估算：97.29%
类型1 正确率： 100.00% -> 1  100.00%, 2    0.00%, 3    0.00%
类型2 正确率：  80.00% -> 1    0.00%, 2   80.30%, 3   19.70%
类型3 正确率：  50.00% -> 1    8.04%, 2   41.79%, 3   50.18%

被排除样本 正确率：62.07%
类型1 正确率：  90.00% -> 1   90.00%, 2   10.00%
类型2 正确率：   0.00% -> 1  100.00%, 2    0.00%


轮次:··6/·20 || c_Loss:0.495 || e_Loss:-0.796 || Aad_Loss:-26.865 || 耗时：34.32s
轮次:··7/·20 || c_Loss:0.368 || e_Loss:-0.826 || Aad_Loss:-28.820 || 耗时：13.00s
轮次:··8/·20 || c_Loss:0.359 || e_Loss:-1.736 || Aad_Loss:-27.071 || 耗时：13.00s
轮次:··9/·20 || c_Loss:0.404 || e_Loss:-0.902 || Aad_Loss:-29.171 || 耗时：12.99s
轮次:·10/·20 || c_Loss:0.381 || e_Loss:-1.593 || Aad_Loss:-26.897 || 耗时：13.02s
任务: (B1)N15_M01_F10→(B3)N15_M07_F04; mix批次:····0; 批次:··940/·1880;  总正确率: 78.37%
类型1 正确率： 100.00% -> 1  100.00%, 2    0.00%, 3    0.00%
类型2 正确率：  85.00% -> 1    0.00%, 2   85.15%, 3   14.85%
类型3 正确率：  50.00% -> 1    7.45%, 2   42.60%, 3   49.95%


样本变换：reverse
样本变换：mask
样本变换：shift
样本变换：none
未过滤	未用伪标签：78.37% -> 使用伪标签：77.08%
已过滤	未用伪标签：78.40% -> 使用伪标签：77.51%
排除样本：33|6000	剩余：2181, 2438, 1348
增添样本：1422		细则：272, 0, 1150	正确率估算：97.12%
类型1 正确率： 100.00% -> 1  100.00%, 2    0.00%, 3    0.00%
类型2 正确率：  82.00% -> 1    0.00%, 2   82.33%, 3   17.67%
类型3 正确率：  50.00% -> 1    9.09%, 2   40.76%, 3   50.15%

被排除样本 正确率：72.73%
类型1 正确率：  96.00% -> 1   96.00%, 2    4.00%
类型2 正确率：   0.00% -> 1  100.00%, 2    0.00%


轮次:·11/·20 || c_Loss:0.351 || e_Loss:-1.621 || Aad_Loss:-29.809 || 耗时：34.30s
轮次:·12/·20 || c_Loss:0.357 || e_Loss:-0.803 || Aad_Loss:-31.442 || 耗时：13.10s
轮次:·13/·20 || c_Loss:0.343 || e_Loss:-1.339 || Aad_Loss:-28.497 || 耗时：13.12s
轮次:·14/·20 || c_Loss:0.377 || e_Loss:-1.324 || Aad_Loss:-29.438 || 耗时：13.13s
轮次:·15/·20 || c_Loss:0.344 || e_Loss:-1.415 || Aad_Loss:-31.245 || 耗时：13.14s
任务: (B1)N15_M01_F10→(B3)N15_M07_F04; mix批次:····0; 批次:·1410/·1880;  总正确率: 78.63%
类型1 正确率： 100.00% -> 1  100.00%, 2    0.00%, 3    0.00%
类型2 正确率：  86.00% -> 1    0.00%, 2   85.95%, 3   14.05%
类型3 正确率：  50.00% -> 1    8.05%, 2   42.00%, 3   49.95%


样本变换：reverse
样本变换：mask
样本变换：shift
样本变换：none
未过滤	未用伪标签：78.63% -> 使用伪标签：77.40%
已过滤	未用伪标签：78.71% -> 使用伪标签：77.67%
排除样本：21|6000	剩余：2190, 2447, 1342
增添样本：1442		细则：275, 0, 1167	正确率估算：96.39%
类型1 正确率： 100.00% -> 1  100.00%, 2    0.00%, 3    0.00%
类型2 正确率：  83.00% -> 1    0.00%, 2   82.75%, 3   17.25%
类型3 正确率：  50.00% -> 1    9.54%, 2   40.28%, 3   50.18%

被排除样本 正确率：57.14%
类型1 正确率： 100.00% -> 1  100.00%, 2    0.00%
类型2 正确率：   0.00% -> 1  100.00%, 2    0.00%


轮次:·16/·20 || c_Loss:0.371 || e_Loss:-1.165 || Aad_Loss:-27.959 || 耗时：34.45s
轮次:·17/·20 || c_Loss:0.383 || e_Loss:-1.551 || Aad_Loss:-29.716 || 耗时：13.06s
轮次:·18/·20 || c_Loss:0.380 || e_Loss:-0.746 || Aad_Loss:-27.852 || 耗时：13.07s
轮次:·19/·20 || c_Loss:0.367 || e_Loss:-0.779 || Aad_Loss:-31.592 || 耗时：13.06s
轮次:·20/·20 || c_Loss:0.368 || e_Loss:-1.733 || Aad_Loss:-30.245 || 耗时：13.06s
任务: (B1)N15_M01_F10→(B3)N15_M07_F04; mix批次:····0; 批次:·1880/·1880;  总正确率: 78.72%
类型1 正确率： 100.00% -> 1  100.00%, 2    0.00%, 3    0.00%
类型2 正确率：  86.00% -> 1    0.00%, 2   86.20%, 3   13.80%
类型3 正确率：  50.00% -> 1    8.15%, 2   41.90%, 3   49.95%


测试集任务: (B1)N15_M01_F10→(B3)N15_M07_F04; 总正确率 = 78.72%
类型1 正确率： 100.00% -> 1  100.00%, 2    0.00%, 3    0.00%
类型2 正确率：  86.00% -> 1    0.00%, 2   86.20%, 3   13.80%
类型3 正确率：  50.00% -> 1    8.15%, 2   41.90%, 3   49.95%


