读取源域路径：/kaggle/working/m2/weight_PU_M1_final_checkpoint_FAtoB_gatepcv_s2024/NEW_PU/Source-源域/log&pt/(B3)N15_M07_F04
excel输出位置：/kaggle/working/m2/weight_PU_M1_final_checkpoint_FAtoB_gatepcv_s2024/NEW_PU/Target-目标域
特征图片输出位置：/kaggle/working/m2/weight_PU_M1_final_checkpoint_FAtoB_gatepcv_s2024/NEW_PU/Picture-特征图/2026年09月14日00时30分/(B3)N15_M07_F04
现在选取:(B3)N15_M07_F04 进行训练的源模型
现在进行：(B3)N15_M07_F04→(B2)N15_M07_F10 的迁移任务
log&pt输出位置：/kaggle/working/m2/weight_PU_M1_final_checkpoint_FAtoB_gatepcv_s2024/NEW_PU/Target-目标域/log&pt/(B3)N15_M07_F04→(B2)N15_M07_F10
任务: (B3)N15_M07_F04→(B2)N15_M07_F10; 批次:····0/·1880;  总正确率: 44.37%
类型1 正确率：  40.00% -> 1   40.05%, 2   59.85%, 3    0.10%
类型2 正确率：  42.00% -> 1    0.00%, 2   41.80%, 3   58.20%
类型3 正确率：  51.00% -> 1    0.00%, 2   48.75%, 3   51.25%


样本变换：reverse
样本变换：mask
样本变换：shift
样本变换：none
未过滤	未用伪标签：44.37% -> 使用伪标签：38.60%
已过滤	未用伪标签：43.74% -> 使用伪标签：39.56%
排除样本：145|6000	剩余：661, 2942, 2252
增添样本：3351		细则：2281, 0, 1070	正确率估算：96.36%
类型1 正确率：  33.00% -> 1   33.18%, 2   66.82%, 3    0.00%
类型2 正确率：  34.00% -> 1    0.00%, 2   34.11%, 3   65.89%
类型3 正确率：  51.00% -> 1    0.00%, 2   48.89%, 3   51.11%

被排除样本 正确率：69.66%
类型1 正确率： 100.00% -> 1  100.00%, 2    0.00%, 3    0.00%
类型2 正确率：  69.00% -> 1    0.00%, 2   68.60%, 3   31.40%
类型3 正确率：  62.00% -> 1    0.00%, 2   37.50%, 3   62.50%


轮次:··1/·20 || c_Loss:0.437 || e_Loss:-1.420 || Aad_Loss:-26.454 || 耗时：34.60s
轮次:··2/·20 || c_Loss:0.360 || e_Loss:-1.597 || Aad_Loss:-25.478 || 耗时：13.32s
轮次:··3/·20 || c_Loss:0.362 || e_Loss:-1.670 || Aad_Loss:-31.312 || 耗时：13.18s
轮次:··4/·20 || c_Loss:0.359 || e_Loss:-1.808 || Aad_Loss:-25.986 || 耗时：13.09s
轮次:··5/·20 || c_Loss:0.355 || e_Loss:-1.629 || Aad_Loss:-28.047 || 耗时：13.03s
任务: (B3)N15_M07_F04→(B2)N15_M07_F10; mix批次:····0; 批次:··470/·1880;  总正确率: 39.10%
类型1 正确率：  33.00% -> 1   33.00%, 2   67.00%, 3    0.00%
类型2 正确率：  34.00% -> 1    0.65%, 2   34.35%, 3   65.00%
类型3 正确率：  50.00% -> 1    0.00%, 2   50.05%, 3   49.95%


样本变换：reverse
样本变换：mask
样本变换：shift
样本变换：none
未过滤	未用伪标签：39.10% -> 使用伪标签：39.63%
已过滤	未用伪标签：39.16% -> 使用伪标签：40.05%
排除样本：63|6000	剩余：660, 3059, 2218
增添样本：3321		细则：2399, 0, 922	正确率估算：99.94%
类型1 正确率：  33.00% -> 1   33.00%, 2   67.00%, 3    0.00%
类型2 正确率：  37.00% -> 1    0.00%, 2   37.10%, 3   62.90%
类型3 正确率：  50.00% -> 1    0.00%, 2   50.03%, 3   49.97%

被排除样本 正确率：33.33%
类型1 没有样本或未被分类。
类型2 正确率：  34.00% -> 1    1.61%, 2   33.87%, 3   64.52%
类型3 正确率：   0.00% -> 1    0.00%, 2  100.00%, 3    0.00%


轮次:··6/·20 || c_Loss:0.419 || e_Loss:-1.853 || Aad_Loss:-28.437 || 耗时：34.24s
轮次:··7/·20 || c_Loss:0.381 || e_Loss:-1.468 || Aad_Loss:-30.150 || 耗时：13.10s
轮次:··8/·20 || c_Loss:0.367 || e_Loss:-1.830 || Aad_Loss:-32.962 || 耗时：13.19s
轮次:··9/·20 || c_Loss:0.359 || e_Loss:-0.796 || Aad_Loss:-31.727 || 耗时：13.22s
轮次:·10/·20 || c_Loss:0.422 || e_Loss:-0.626 || Aad_Loss:-36.439 || 耗时：13.22s
任务: (B3)N15_M07_F04→(B2)N15_M07_F10; mix批次:····0; 批次:··940/·1880;  总正确率: 39.52%
类型1 正确率：  33.00% -> 1   33.00%, 2   67.00%, 3    0.00%
类型2 正确率：  36.00% -> 1    0.00%, 2   35.55%, 3   64.45%
类型3 正确率：  50.00% -> 1    0.00%, 2   50.00%, 3   50.00%


样本变换：reverse
样本变换：mask
样本变换：shift
样本变换：none
未过滤	未用伪标签：39.52% -> 使用伪标签：39.37%
已过滤	未用伪标签：39.40% -> 使用伪标签：39.54%
排除样本：26|6000	剩余：660, 3042, 2272
增添样本：3153		细则：2382, 0, 771	正确率估算：100.00%
类型1 正确率：  33.00% -> 1   33.00%, 2   67.00%, 3    0.00%
类型2 正确率：  36.00% -> 1    0.00%, 2   35.56%, 3   64.44%
类型3 正确率：  50.00% -> 1    0.00%, 2   50.00%, 3   50.00%

被排除样本 正确率：65.38%
类型1 正确率：  65.00% -> 1   65.38%, 2   34.62%
类型2 没有样本或未被分类。


轮次:·11/·20 || c_Loss:0.354 || e_Loss:-0.865 || Aad_Loss:-34.386 || 耗时：34.42s
轮次:·12/·20 || c_Loss:0.379 || e_Loss:-0.766 || Aad_Loss:-37.759 || 耗时：13.02s
轮次:·13/·20 || c_Loss:0.373 || e_Loss:-1.818 || Aad_Loss:-33.305 || 耗时：12.97s
轮次:·14/·20 || c_Loss:0.366 || e_Loss:-0.914 || Aad_Loss:-33.257 || 耗时：12.98s
轮次:·15/·20 || c_Loss:0.369 || e_Loss:-0.791 || Aad_Loss:-38.580 || 耗时：12.99s
任务: (B3)N15_M07_F04→(B2)N15_M07_F10; mix批次:····0; 批次:·1410/·1880;  总正确率: 38.83%
类型1 正确率：  33.00% -> 1   33.00%, 2   67.00%, 3    0.00%
类型2 正确率：  34.00% -> 1    0.00%, 2   33.50%, 3   66.50%
类型3 正确率：  50.00% -> 1    0.00%, 2   50.00%, 3   50.00%


样本变换：reverse
样本变换：mask
样本变换：shift
样本变换：none
未过滤	未用伪标签：38.83% -> 使用伪标签：38.75%
已过滤	未用伪标签：38.83% -> 使用伪标签：38.75%
排除样本：660|6000	剩余：3005, 2335
增添样本：3015		细则：2345, 0, 670	正确率估算：100.00%
类型1 正确率：  33.00% -> 1   33.00%, 2   67.00%, 3    0.00%
类型2 正确率：  33.00% -> 1    0.00%, 2   33.25%, 3   66.75%
类型3 正确率：  50.00% -> 1    0.00%, 2   50.00%, 3   50.00%

被排除样本 正确率：nan%


轮次:·16/·20 || c_Loss:0.377 || e_Loss:-0.862 || Aad_Loss:-36.581 || 耗时：34.22s
轮次:·17/·20 || c_Loss:0.383 || e_Loss:-0.933 || Aad_Loss:-32.720 || 耗时：13.05s
轮次:·18/·20 || c_Loss:0.383 || e_Loss:-0.854 || Aad_Loss:-38.106 || 耗时：13.08s
轮次:·19/·20 || c_Loss:0.386 || e_Loss:-0.958 || Aad_Loss:-32.756 || 耗时：13.04s
轮次:·20/·20 || c_Loss:0.386 || e_Loss:-0.908 || Aad_Loss:-36.495 || 耗时：13.11s
任务: (B3)N15_M07_F04→(B2)N15_M07_F10; mix批次:····0; 批次:·1880/·1880;  总正确率: 38.70%
类型1 正确率：  33.00% -> 1   33.00%, 2   67.00%, 3    0.00%
类型2 正确率：  33.00% -> 1    0.00%, 2   33.10%, 3   66.90%
类型3 正确率：  50.00% -> 1    0.00%, 2   50.00%, 3   50.00%


测试集任务: (B3)N15_M07_F04→(B2)N15_M07_F10; 总正确率 = 38.70%
类型1 正确率：  33.00% -> 1   33.00%, 2   67.00%, 3    0.00%
类型2 正确率：  33.00% -> 1    0.00%, 2   33.10%, 3   66.90%
类型3 正确率：  50.00% -> 1    0.00%, 2   50.00%, 3   50.00%


