读取源域路径：/kaggle/working/m2/weight_PU_M1_final_checkpoint_FAtoB_gatepcv_s2024/NEW_PU/Source-源域/log&pt/(B1)N15_M01_F10
excel输出位置：/kaggle/working/m2/weight_PU_M1_final_checkpoint_FAtoB_gatepcv_s2024/NEW_PU/Target-目标域
特征图片输出位置：/kaggle/working/m2/weight_PU_M1_final_checkpoint_FAtoB_gatepcv_s2024/NEW_PU/Picture-特征图/2026年09月13日23时59分/(B1)N15_M01_F10
现在选取:(B1)N15_M01_F10 进行训练的源模型
现在进行：(B1)N15_M01_F10→(B2)N15_M07_F10 的迁移任务
log&pt输出位置：/kaggle/working/m2/weight_PU_M1_final_checkpoint_FAtoB_gatepcv_s2024/NEW_PU/Target-目标域/log&pt/(B1)N15_M01_F10→(B2)N15_M07_F10
任务: (B1)N15_M01_F10→(B2)N15_M07_F10; 批次:····0/·1880;  总正确率: 65.12%
类型1 正确率：  59.00% -> 1   59.00%, 2   40.90%, 3    0.10%
类型2 正确率：  87.00% -> 1    0.00%, 2   86.65%, 3   13.35%
类型3 正确率：  50.00% -> 1    0.00%, 2   50.30%, 3   49.70%


样本变换：reverse
样本变换：mask
样本变换：shift
样本变换：none
未过滤	未用伪标签：65.12% -> 使用伪标签：75.98%
已过滤	未用伪标签：65.72% -> 使用伪标签：77.13%
排除样本：89|6000	剩余：1847, 2827, 1237
增添样本：2784		细则：980, 0, 1804	正确率估算：81.83%
类型1 正确率：  94.00% -> 1   94.14%, 2    5.86%, 3    0.00%
类型2 正确率：  88.00% -> 1    0.00%, 2   87.84%, 3   12.16%
类型3 正确率：  50.00% -> 1    0.00%, 2   50.00%, 3   50.00%

被排除样本 正确率：24.72%
类型1 正确率：   0.00% -> 1    0.00%, 2  100.00%, 3    0.00%
类型2 正确率：  43.00% -> 1    0.00%, 2   43.14%, 3   56.86%
类型3 没有样本或未被分类。


轮次:··1/·20 || c_Loss:0.519 || e_Loss:-1.380 || Aad_Loss:-29.680 || 耗时：35.68s
轮次:··2/·20 || c_Loss:0.384 || e_Loss:-1.652 || Aad_Loss:-29.494 || 耗时：13.30s
轮次:··3/·20 || c_Loss:0.336 || e_Loss:-1.911 || Aad_Loss:-30.556 || 耗时：12.86s
轮次:··4/·20 || c_Loss:0.337 || e_Loss:-1.775 || Aad_Loss:-29.620 || 耗时：12.80s
轮次:··5/·20 || c_Loss:0.419 || e_Loss:-1.753 || Aad_Loss:-28.920 || 耗时：12.70s
任务: (B1)N15_M01_F10→(B2)N15_M07_F10; mix批次:····0; 批次:··470/·1880;  总正确率: 81.43%
类型1 正确率： 100.00% -> 1   99.85%, 2    0.15%, 3    0.00%
类型2 正确率：  94.00% -> 1    0.20%, 2   94.45%, 3    5.35%
类型3 正确率：  50.00% -> 1    0.00%, 2   50.00%, 3   50.00%


样本变换：reverse
样本变换：mask
样本变换：shift
样本变换：none
未过滤	未用伪标签：81.43% -> 使用伪标签：83.30%
已过滤	未用伪标签：81.45% -> 使用伪标签：83.31%
排除样本：1|6000	剩余：1999, 3000, 1000
增添样本：3001		细则：1001, 0, 2000	正确率估算：100.00%
类型1 正确率： 100.00% -> 1   99.95%, 2    0.05%, 3    0.00%
类型2 正确率： 100.00% -> 1    0.00%, 2  100.00%, 3    0.00%
类型3 正确率：  50.00% -> 1    0.00%, 2   50.00%, 3   50.00%

被排除样本 正确率：0.00%
类型1 正确率：   0.00% -> 1    0.00%, 2  100.00%
类型2 没有样本或未被分类。


轮次:··6/·20 || c_Loss:0.374 || e_Loss:-0.963 || Aad_Loss:-32.185 || 耗时：34.84s
轮次:··7/·20 || c_Loss:0.382 || e_Loss:-0.987 || Aad_Loss:-31.593 || 耗时：13.29s
轮次:··8/·20 || c_Loss:0.385 || e_Loss:-0.960 || Aad_Loss:-32.135 || 耗时：13.11s
轮次:··9/·20 || c_Loss:0.378 || e_Loss:-0.993 || Aad_Loss:-32.092 || 耗时：13.03s
轮次:·10/·20 || c_Loss:0.379 || e_Loss:-0.950 || Aad_Loss:-33.938 || 耗时：12.99s
任务: (B1)N15_M01_F10→(B2)N15_M07_F10; mix批次:····0; 批次:··940/·1880;  总正确率: 83.33%
类型1 正确率： 100.00% -> 1  100.00%, 2    0.00%, 3    0.00%
类型2 正确率： 100.00% -> 1    0.00%, 2  100.00%, 3    0.00%
类型3 正确率：  50.00% -> 1    0.00%, 2   50.00%, 3   50.00%


样本变换：reverse
样本变换：mask
样本变换：shift
样本变换：none
未过滤	未用伪标签：83.33% -> 使用伪标签：83.33%
已过滤	未用伪标签：83.33% -> 使用伪标签：83.33%
排除样本：2000|6000	剩余：3000, 1000
增添样本：3000		细则：1000, 0, 2000	正确率估算：100.00%
类型1 正确率： 100.00% -> 1  100.00%, 2    0.00%, 3    0.00%
类型2 正确率： 100.00% -> 1    0.00%, 2  100.00%, 3    0.00%
类型3 正确率：  50.00% -> 1    0.00%, 2   50.00%, 3   50.00%

被排除样本 正确率：nan%


轮次:·11/·20 || c_Loss:0.384 || e_Loss:-0.992 || Aad_Loss:-32.325 || 耗时：34.46s
轮次:·12/·20 || c_Loss:0.388 || e_Loss:-0.955 || Aad_Loss:-31.919 || 耗时：13.08s
轮次:·13/·20 || c_Loss:0.380 || e_Loss:-0.923 || Aad_Loss:-35.265 || 耗时：13.13s
轮次:·14/·20 || c_Loss:0.377 || e_Loss:-1.004 || Aad_Loss:-32.115 || 耗时：13.19s
轮次:·15/·20 || c_Loss:0.387 || e_Loss:-0.962 || Aad_Loss:-33.406 || 耗时：13.16s
任务: (B1)N15_M01_F10→(B2)N15_M07_F10; mix批次:····0; 批次:·1410/·1880;  总正确率: 83.33%
类型1 正确率： 100.00% -> 1  100.00%, 2    0.00%, 3    0.00%
类型2 正确率： 100.00% -> 1    0.00%, 2  100.00%, 3    0.00%
类型3 正确率：  50.00% -> 1    0.00%, 2   50.00%, 3   50.00%


样本变换：reverse
样本变换：mask
样本变换：shift
样本变换：none
未过滤	未用伪标签：83.33% -> 使用伪标签：83.33%
已过滤	未用伪标签：83.33% -> 使用伪标签：83.33%
排除样本：2000|6000	剩余：3000, 1000
增添样本：3000		细则：1000, 0, 2000	正确率估算：100.00%
类型1 正确率： 100.00% -> 1  100.00%, 2    0.00%, 3    0.00%
类型2 正确率： 100.00% -> 1    0.00%, 2  100.00%, 3    0.00%
类型3 正确率：  50.00% -> 1    0.00%, 2   50.00%, 3   50.00%

被排除样本 正确率：nan%


轮次:·16/·20 || c_Loss:0.383 || e_Loss:-0.992 || Aad_Loss:-32.576 || 耗时：34.55s
轮次:·17/·20 || c_Loss:0.388 || e_Loss:-0.956 || Aad_Loss:-32.017 || 耗时：13.03s
轮次:·18/·20 || c_Loss:0.379 || e_Loss:-0.923 || Aad_Loss:-35.462 || 耗时：13.08s
轮次:·19/·20 || c_Loss:0.377 || e_Loss:-1.005 || Aad_Loss:-32.245 || 耗时：13.10s
轮次:·20/·20 || c_Loss:0.386 || e_Loss:-0.963 || Aad_Loss:-33.600 || 耗时：13.17s
任务: (B1)N15_M01_F10→(B2)N15_M07_F10; mix批次:····0; 批次:·1880/·1880;  总正确率: 83.33%
类型1 正确率： 100.00% -> 1  100.00%, 2    0.00%, 3    0.00%
类型2 正确率： 100.00% -> 1    0.00%, 2  100.00%, 3    0.00%
类型3 正确率：  50.00% -> 1    0.00%, 2   50.00%, 3   50.00%


测试集任务: (B1)N15_M01_F10→(B2)N15_M07_F10; 总正确率 = 83.33%
类型1 正确率： 100.00% -> 1  100.00%, 2    0.00%, 3    0.00%
类型2 正确率： 100.00% -> 1    0.00%, 2  100.00%, 3    0.00%
类型3 正确率：  50.00% -> 1    0.00%, 2   50.00%, 3   50.00%


