读取源域路径：/kaggle/working/m2rep/reps1/weight_PU_M1_final_checkpoint_FBtoA_s1/NEW_PU/Source-源域/log&pt/(B1)N15_M01_F10
excel输出位置：/kaggle/working/m2rep/reps1/weight_PU_M1_final_checkpoint_FBtoA_s1/NEW_PU/Target-目标域
特征图片输出位置：/kaggle/working/m2rep/reps1/weight_PU_M1_final_checkpoint_FBtoA_s1/NEW_PU/Picture-特征图/2026年09月15日17时20分/(B1)N15_M01_F10
现在选取:(B1)N15_M01_F10 进行训练的源模型
现在进行：(B1)N15_M01_F10→(B2)N15_M07_F10 的迁移任务
log&pt输出位置：/kaggle/working/m2rep/reps1/weight_PU_M1_final_checkpoint_FBtoA_s1/NEW_PU/Target-目标域/log&pt/(B1)N15_M01_F10→(B2)N15_M07_F10
任务: (B1)N15_M01_F10→(B2)N15_M07_F10; 批次:····0/·1880;  总正确率: 55.62%
类型1 正确率： 100.00% -> 1   99.95%, 2    0.00%, 3    0.05%
类型2 正确率：  34.00% -> 1   14.00%, 2   33.90%, 3   52.10%
类型3 正确率：  33.00% -> 1    0.00%, 2   67.00%, 3   33.00%


样本变换：reverse
样本变换：mask
样本变换：shift
样本变换：none
未过滤	未用伪标签：55.62% -> 使用伪标签：55.33%
已过滤	未用伪标签：56.12% -> 使用伪标签：55.84%
排除样本：54|6000	剩余：2353, 2000, 1593
增添样本：1113		细则：0, 353, 760	正确率估算：99.10%
类型1 正确率： 100.00% -> 1  100.00%, 2    0.00%, 3    0.00%
类型2 正确率：  34.00% -> 1   18.14%, 2   33.92%, 3   47.94%
类型3 正确率：  33.00% -> 1    0.00%, 2   67.00%, 3   33.00%

被排除样本 正确率：0.00%
类型1 没有样本或未被分类。
类型2 正确率：   0.00% -> 1   11.11%, 2    0.00%, 3   88.89%
类型3 没有样本或未被分类。


轮次:··1/·20 || c_Loss:0.540 || e_Loss:-1.016 || Aad_Loss:-28.034 || 耗时：34.52s
轮次:··2/·20 || c_Loss:0.376 || e_Loss:-1.911 || Aad_Loss:-28.031 || 耗时：13.26s
轮次:··3/·20 || c_Loss:0.405 || e_Loss:-0.886 || Aad_Loss:-29.169 || 耗时：13.12s
轮次:··4/·20 || c_Loss:0.450 || e_Loss:-1.413 || Aad_Loss:-26.527 || 耗时：12.92s
轮次:··5/·20 || c_Loss:0.391 || e_Loss:-0.901 || Aad_Loss:-27.985 || 耗时：12.92s
任务: (B1)N15_M01_F10→(B2)N15_M07_F10; mix批次:····0; 批次:··470/·1880;  总正确率: 55.33%
类型1 正确率： 100.00% -> 1  100.00%, 2    0.00%, 3    0.00%
类型2 正确率：  33.00% -> 1   11.45%, 2   33.00%, 3   55.55%
类型3 正确率：  33.00% -> 1    0.00%, 2   67.00%, 3   33.00%


样本变换：reverse
样本变换：mask
样本变换：shift
样本变换：none
未过滤	未用伪标签：55.33% -> 使用伪标签：55.35%
已过滤	未用伪标签：55.80% -> 使用伪标签：55.82%
排除样本：50|6000	剩余：2295, 2001, 1654
增添样本：935		细则：0, 294, 641	正确率估算：100.00%
类型1 正确率： 100.00% -> 1  100.00%, 2    0.00%, 3    0.00%
类型2 正确率：  34.00% -> 1   15.13%, 2   33.90%, 3   50.97%
类型3 正确率：  33.00% -> 1    0.00%, 2   67.00%, 3   33.00%

被排除样本 正确率：0.00%
类型1 没有样本或未被分类。
类型2 正确率：   0.00% -> 1   10.00%, 2    0.00%, 3   90.00%
类型3 没有样本或未被分类。


轮次:··6/·20 || c_Loss:0.391 || e_Loss:-0.874 || Aad_Loss:-30.616 || 耗时：33.96s
轮次:··7/·20 || c_Loss:0.375 || e_Loss:-1.823 || Aad_Loss:-29.892 || 耗时：13.12s
轮次:··8/·20 || c_Loss:0.430 || e_Loss:-1.741 || Aad_Loss:-28.349 || 耗时：13.09s
轮次:··9/·20 || c_Loss:0.387 || e_Loss:-0.918 || Aad_Loss:-28.718 || 耗时：13.08s
轮次:·10/·20 || c_Loss:0.444 || e_Loss:-1.686 || Aad_Loss:-24.841 || 耗时：13.20s
任务: (B1)N15_M01_F10→(B2)N15_M07_F10; mix批次:····0; 批次:··940/·1880;  总正确率: 55.33%
类型1 正确率： 100.00% -> 1  100.00%, 2    0.00%, 3    0.00%
类型2 正确率：  33.00% -> 1   11.50%, 2   33.00%, 3   55.50%
类型3 正确率：  33.00% -> 1    0.00%, 2   67.00%, 3   33.00%


样本变换：reverse
样本变换：mask
样本变换：shift
样本变换：none
未过滤	未用伪标签：55.33% -> 使用伪标签：55.33%
已过滤	未用伪标签：55.66% -> 使用伪标签：55.66%
排除样本：35|6000	剩余：2261, 2000, 1704
增添样本：818		细则：0, 261, 557	正确率估算：99.88%
类型1 正确率： 100.00% -> 1  100.00%, 2    0.00%, 3    0.00%
类型2 正确率：  34.00% -> 1   13.28%, 2   33.59%, 3   53.13%
类型3 正确率：  33.00% -> 1    0.00%, 2   67.00%, 3   33.00%

被排除样本 正确率：0.00%
类型1 没有样本或未被分类。
类型2 正确率：   0.00% -> 1    8.57%, 2    0.00%, 3   91.43%
类型3 没有样本或未被分类。


轮次:·11/·20 || c_Loss:0.393 || e_Loss:-0.863 || Aad_Loss:-33.026 || 耗时：34.09s
轮次:·12/·20 || c_Loss:0.380 || e_Loss:-0.926 || Aad_Loss:-28.939 || 耗时：13.13s
轮次:·13/·20 || c_Loss:0.378 || e_Loss:-0.942 || Aad_Loss:-29.350 || 耗时：13.17s
轮次:·14/·20 || c_Loss:0.384 || e_Loss:-0.935 || Aad_Loss:-30.194 || 耗时：13.16s
轮次:·15/·20 || c_Loss:0.374 || e_Loss:-1.835 || Aad_Loss:-29.204 || 耗时：13.20s
任务: (B1)N15_M01_F10→(B2)N15_M07_F10; mix批次:····0; 批次:·1410/·1880;  总正确率: 55.33%
类型1 正确率： 100.00% -> 1  100.00%, 2    0.00%, 3    0.00%
类型2 正确率：  33.00% -> 1    8.20%, 2   33.00%, 3   58.80%
类型3 正确率：  33.00% -> 1    0.00%, 2   67.00%, 3   33.00%


样本变换：reverse
样本变换：mask
样本变换：shift
样本变换：none
未过滤	未用伪标签：55.33% -> 使用伪标签：55.33%
已过滤	未用伪标签：55.65% -> 使用伪标签：55.65%
排除样本：34|6000	剩余：2172, 2000, 1794
增添样本：550		细则：0, 172, 378	正确率估算：99.82%
类型1 正确率： 100.00% -> 1  100.00%, 2    0.00%, 3    0.00%
类型2 正确率：  34.00% -> 1    8.75%, 2   33.57%, 3   57.68%
类型3 正确率：  33.00% -> 1    0.00%, 2   67.00%, 3   33.00%

被排除样本 正确率：0.00%
类型1 没有样本或未被分类。
类型2 正确率：   0.00% -> 1   29.41%, 2    0.00%, 3   70.59%
类型3 没有样本或未被分类。


轮次:·16/·20 || c_Loss:0.374 || e_Loss:-0.937 || Aad_Loss:-30.833 || 耗时：33.96s
轮次:·17/·20 || c_Loss:0.380 || e_Loss:-0.932 || Aad_Loss:-29.391 || 耗时：13.00s
轮次:·18/·20 || c_Loss:0.413 || e_Loss:-0.916 || Aad_Loss:-28.785 || 耗时：13.05s
轮次:·19/·20 || c_Loss:0.456 || e_Loss:-0.796 || Aad_Loss:-31.982 || 耗时：13.04s
轮次:·20/·20 || c_Loss:0.385 || e_Loss:-0.938 || Aad_Loss:-29.816 || 耗时：13.05s
任务: (B1)N15_M01_F10→(B2)N15_M07_F10; mix批次:····0; 批次:·1880/·1880;  总正确率: 55.33%
类型1 正确率： 100.00% -> 1  100.00%, 2    0.00%, 3    0.00%
类型2 正确率：  33.00% -> 1    3.60%, 2   33.00%, 3   63.40%
类型3 正确率：  33.00% -> 1    0.00%, 2   67.00%, 3   33.00%


测试集任务: (B1)N15_M01_F10→(B2)N15_M07_F10; 总正确率 = 55.33%
类型1 正确率： 100.00% -> 1  100.00%, 2    0.00%, 3    0.00%
类型2 正确率：  33.00% -> 1    3.60%, 2   33.00%, 3   63.40%
类型3 正确率：  33.00% -> 1    0.00%, 2   67.00%, 3   33.00%


