读取源域路径：/kaggle/working/m2rep/reps1/weight_PU_M1_final_checkpoint_FBtoA_s1/NEW_PU/Source-源域/log&pt/(B3)N15_M07_F04
excel输出位置：/kaggle/working/m2rep/reps1/weight_PU_M1_final_checkpoint_FBtoA_s1/NEW_PU/Target-目标域
特征图片输出位置：/kaggle/working/m2rep/reps1/weight_PU_M1_final_checkpoint_FBtoA_s1/NEW_PU/Picture-特征图/2026年09月15日17时44分/(B3)N15_M07_F04
现在选取:(B3)N15_M07_F04 进行训练的源模型
现在进行：(B3)N15_M07_F04→(B1)N15_M01_F10 的迁移任务
log&pt输出位置：/kaggle/working/m2rep/reps1/weight_PU_M1_final_checkpoint_FBtoA_s1/NEW_PU/Target-目标域/log&pt/(B3)N15_M07_F04→(B1)N15_M01_F10
任务: (B3)N15_M07_F04→(B1)N15_M01_F10; 批次:····0/·1880;  总正确率: 55.17%
类型1 正确率： 100.00% -> 1   99.50%, 2    0.00%, 3    0.50%
类型2 正确率：  33.00% -> 1    6.85%, 2   33.00%, 3   60.15%
类型3 正确率：  33.00% -> 1    0.00%, 2   67.00%, 3   33.00%


样本变换：reverse
样本变换：mask
样本变换：shift
样本变换：none
未过滤	未用伪标签：55.17% -> 使用伪标签：55.22%
已过滤	未用伪标签：55.63% -> 使用伪标签：55.73%
排除样本：55|6000	剩余：2174, 1996, 1775
增添样本：577		细则：0, 178, 399	正确率估算：99.65%
类型1 正确率： 100.00% -> 1  100.00%, 2    0.00%, 3    0.00%
类型2 正确率：  34.00% -> 1    9.09%, 2   33.68%, 3   57.24%
类型3 正确率：  33.00% -> 1    0.00%, 2   67.00%, 3   33.00%

被排除样本 正确率：5.45%
类型1 正确率：   0.00% -> 1    0.00%, 2    0.00%, 3  100.00%
类型2 正确率：   6.00% -> 1   11.54%, 2    5.77%, 3   82.69%
类型3 没有样本或未被分类。


轮次:··1/·20 || c_Loss:0.558 || e_Loss:-1.787 || Aad_Loss:-27.524 || 耗时：33.82s
轮次:··2/·20 || c_Loss:0.400 || e_Loss:-0.946 || Aad_Loss:-28.824 || 耗时：13.29s
轮次:··3/·20 || c_Loss:0.407 || e_Loss:-0.892 || Aad_Loss:-27.136 || 耗时：13.20s
轮次:··4/·20 || c_Loss:0.363 || e_Loss:-1.650 || Aad_Loss:-29.539 || 耗时：13.12s
轮次:··5/·20 || c_Loss:0.387 || e_Loss:-1.681 || Aad_Loss:-29.130 || 耗时：13.11s
任务: (B3)N15_M07_F04→(B1)N15_M01_F10; mix批次:····0; 批次:··470/·1880;  总正确率: 55.33%
类型1 正确率： 100.00% -> 1  100.00%, 2    0.00%, 3    0.00%
类型2 正确率：  33.00% -> 1    5.25%, 2   33.00%, 3   61.75%
类型3 正确率：  33.00% -> 1    0.00%, 2   67.00%, 3   33.00%


样本变换：reverse
样本变换：mask
样本变换：shift
样本变换：none
未过滤	未用伪标签：55.33% -> 使用伪标签：55.33%
已过滤	未用伪标签：55.52% -> 使用伪标签：55.52%
排除样本：20|6000	剩余：2064, 2000, 1916
增添样本：212		细则：0, 64, 148	正确率估算：99.06%
类型1 正确率： 100.00% -> 1  100.00%, 2    0.00%, 3    0.00%
类型2 正确率：  33.00% -> 1    3.23%, 2   33.33%, 3   63.43%
类型3 正确率：  33.00% -> 1    0.00%, 2   67.00%, 3   33.00%

被排除样本 正确率：0.00%
类型1 没有样本或未被分类。
类型2 正确率：   0.00% -> 1   90.00%, 2    0.00%, 3   10.00%
类型3 没有样本或未被分类。


轮次:··6/·20 || c_Loss:0.378 || e_Loss:-0.937 || Aad_Loss:-31.143 || 耗时：34.32s
轮次:··7/·20 || c_Loss:0.360 || e_Loss:-0.957 || Aad_Loss:-31.481 || 耗时：13.19s
轮次:··8/·20 || c_Loss:0.362 || e_Loss:-1.358 || Aad_Loss:-32.806 || 耗时：13.19s
轮次:··9/·20 || c_Loss:0.383 || e_Loss:-0.914 || Aad_Loss:-29.348 || 耗时：13.21s
轮次:·10/·20 || c_Loss:0.378 || e_Loss:-0.884 || Aad_Loss:-32.238 || 耗时：13.22s
任务: (B3)N15_M07_F04→(B1)N15_M01_F10; mix批次:····0; 批次:··940/·1880;  总正确率: 55.30%
类型1 正确率： 100.00% -> 1  100.00%, 2    0.00%, 3    0.00%
类型2 正确率：  33.00% -> 1    0.85%, 2   32.90%, 3   66.25%
类型3 正确率：  33.00% -> 1    0.00%, 2   67.00%, 3   33.00%


样本变换：reverse
样本变换：mask
样本变换：shift
样本变换：none
未过滤	未用伪标签：55.30% -> 使用伪标签：55.33%
已过滤	未用伪标签：55.37% -> 使用伪标签：55.41%
排除样本：8|6000	剩余：2005, 2000, 1987
增添样本：23		细则：0, 5, 18	正确率估算：100.00%
类型1 正确率： 100.00% -> 1  100.00%, 2    0.00%, 3    0.00%
类型2 正确率：  33.00% -> 1    0.25%, 2   33.13%, 3   66.62%
类型3 正确率：  33.00% -> 1    0.00%, 2   67.00%, 3   33.00%

被排除样本 正确率：0.00%
类型1 没有样本或未被分类。
类型2 正确率：   0.00% -> 1   87.50%, 2    0.00%, 3   12.50%
类型3 没有样本或未被分类。


轮次:·11/·20 || c_Loss:0.367 || e_Loss:-1.004 || Aad_Loss:-30.748 || 耗时：33.88s
轮次:·12/·20 || c_Loss:0.369 || e_Loss:-1.015 || Aad_Loss:-31.130 || 耗时：13.03s
轮次:·13/·20 || c_Loss:0.372 || e_Loss:-0.967 || Aad_Loss:-31.426 || 耗时：12.97s
轮次:·14/·20 || c_Loss:0.373 || e_Loss:-0.965 || Aad_Loss:-31.317 || 耗时：12.97s
轮次:·15/·20 || c_Loss:0.373 || e_Loss:-0.989 || Aad_Loss:-30.590 || 耗时：12.98s
任务: (B3)N15_M07_F04→(B1)N15_M01_F10; mix批次:····0; 批次:·1410/·1880;  总正确率: 55.33%
类型1 正确率： 100.00% -> 1  100.00%, 2    0.00%, 3    0.00%
类型2 正确率：  33.00% -> 1    0.00%, 2   33.00%, 3   67.00%
类型3 正确率：  33.00% -> 1    0.00%, 2   67.00%, 3   33.00%


样本变换：reverse
样本变换：mask
样本变换：shift
样本变换：none
未过滤	未用伪标签：55.33% -> 使用伪标签：55.33%
已过滤	未用伪标签：55.33% -> 使用伪标签：55.33%
排除样本：2001|6000	剩余：2000, 1999
增添样本：3		细则：0, 1, 2	正确率估算：100.00%
类型1 正确率： 100.00% -> 1  100.00%, 2    0.00%, 3    0.00%
类型2 正确率：  33.00% -> 1    0.05%, 2   33.00%, 3   66.95%
类型3 正确率：  33.00% -> 1    0.00%, 2   67.00%, 3   33.00%

被排除样本 正确率：nan%


轮次:·16/·20 || c_Loss:0.384 || e_Loss:-0.999 || Aad_Loss:-24.472 || 耗时：33.82s
轮次:·17/·20 || c_Loss:0.377 || e_Loss:-1.013 || Aad_Loss:-24.444 || 耗时：13.25s
轮次:·18/·20 || c_Loss:0.378 || e_Loss:-1.025 || Aad_Loss:-24.533 || 耗时：13.31s
轮次:·19/·20 || c_Loss:0.380 || e_Loss:-0.969 || Aad_Loss:-25.035 || 耗时：13.29s
轮次:·20/·20 || c_Loss:0.380 || e_Loss:-1.005 || Aad_Loss:-24.646 || 耗时：13.28s
任务: (B3)N15_M07_F04→(B1)N15_M01_F10; mix批次:····0; 批次:·1880/·1880;  总正确率: 55.33%
类型1 正确率： 100.00% -> 1  100.00%, 2    0.00%, 3    0.00%
类型2 正确率：  33.00% -> 1    0.00%, 2   33.00%, 3   67.00%
类型3 正确率：  33.00% -> 1    0.00%, 2   67.00%, 3   33.00%


测试集任务: (B3)N15_M07_F04→(B1)N15_M01_F10; 总正确率 = 55.33%
类型1 正确率： 100.00% -> 1  100.00%, 2    0.00%, 3    0.00%
类型2 正确率：  33.00% -> 1    0.00%, 2   33.00%, 3   67.00%
类型3 正确率：  33.00% -> 1    0.00%, 2   67.00%, 3   33.00%


