读取源域路径：/kaggle/working/m2rep/reps1/weight_PU_M1_final_checkpoint_FBtoA_s1/NEW_PU/Source-源域/log&pt/(B2)N15_M07_F10
excel输出位置：/kaggle/working/m2rep/reps1/weight_PU_M1_final_checkpoint_FBtoA_s1/NEW_PU/Target-目标域
特征图片输出位置：/kaggle/working/m2rep/reps1/weight_PU_M1_final_checkpoint_FBtoA_s1/NEW_PU/Picture-特征图/2026年09月15日17时38分/(B2)N15_M07_F10
现在选取:(B2)N15_M07_F10 进行训练的源模型
现在进行：(B2)N15_M07_F10→(B3)N15_M07_F04 的迁移任务
log&pt输出位置：/kaggle/working/m2rep/reps1/weight_PU_M1_final_checkpoint_FBtoA_s1/NEW_PU/Target-目标域/log&pt/(B2)N15_M07_F10→(B3)N15_M07_F04
任务: (B2)N15_M07_F10→(B3)N15_M07_F04; 批次:····0/·1880;  总正确率: 51.57%
类型1 正确率： 100.00% -> 1  100.00%, 2    0.00%, 3    0.00%
类型2 正确率：  35.00% -> 1   26.80%, 2   35.05%, 3   38.15%
类型3 正确率：  20.00% -> 1    0.75%, 2   79.60%, 3   19.65%


样本变换：reverse
样本变换：mask
样本变换：shift
样本变换：none
未过滤	未用伪标签：51.57% -> 使用伪标签：54.30%
已过滤	未用伪标签：51.58% -> 使用伪标签：54.58%
排除样本：31|6000	剩余：2626, 1938, 1405
增添样本：1909		细则：0, 688, 1221	正确率估算：82.66%
类型1 正确率： 100.00% -> 1  100.00%, 2    0.00%, 3    0.00%
类型2 正确率：  30.00% -> 1   31.79%, 2   30.37%, 3   37.84%
类型3 正确率：  33.00% -> 1    0.00%, 2   67.00%, 3   33.00%

被排除样本 正确率：48.39%
类型1 没有样本或未被分类。
类型2 正确率：  48.00% -> 1   16.13%, 2   48.39%, 3   35.48%
类型3 没有样本或未被分类。


轮次:··1/·20 || c_Loss:0.498 || e_Loss:-1.039 || Aad_Loss:-28.283 || 耗时：34.78s
轮次:··2/·20 || c_Loss:0.374 || e_Loss:-0.982 || Aad_Loss:-29.296 || 耗时：13.27s
轮次:··3/·20 || c_Loss:0.383 || e_Loss:-1.710 || Aad_Loss:-28.757 || 耗时：13.25s
轮次:··4/·20 || c_Loss:0.385 || e_Loss:-1.723 || Aad_Loss:-30.701 || 耗时：13.14s
轮次:··5/·20 || c_Loss:0.401 || e_Loss:-0.953 || Aad_Loss:-28.571 || 耗时：13.19s
任务: (B2)N15_M07_F10→(B3)N15_M07_F04; mix批次:····0; 批次:··470/·1880;  总正确率: 54.92%
类型1 正确率： 100.00% -> 1  100.00%, 2    0.00%, 3    0.00%
类型2 正确率：  32.00% -> 1   34.00%, 2   31.75%, 3   34.25%
类型3 正确率：  33.00% -> 1    0.00%, 2   67.00%, 3   33.00%


样本变换：reverse
样本变换：mask
样本变换：shift
样本变换：none
未过滤	未用伪标签：54.92% -> 使用伪标签：55.12%
已过滤	未用伪标签：54.93% -> 使用伪标签：55.13%
排除样本：1|6000	剩余：2680, 1987, 1332
增添样本：2041		细则：0, 693, 1348	正确率估算：99.60%
类型1 正确率： 100.00% -> 1  100.00%, 2    0.00%, 3    0.00%
类型2 正确率：  32.00% -> 1   34.02%, 2   32.37%, 3   33.62%
类型3 正确率：  33.00% -> 1    0.00%, 2   67.00%, 3   33.00%

被排除样本 正确率：0.00%
类型1 正确率：   0.00% -> 1    0.00%, 2  100.00%
类型2 没有样本或未被分类。


轮次:··6/·20 || c_Loss:0.376 || e_Loss:-0.998 || Aad_Loss:-30.804 || 耗时：34.95s
轮次:··7/·20 || c_Loss:0.388 || e_Loss:-0.986 || Aad_Loss:-30.910 || 耗时：13.26s
轮次:··8/·20 || c_Loss:0.385 || e_Loss:-0.985 || Aad_Loss:-31.231 || 耗时：13.27s
轮次:··9/·20 || c_Loss:0.403 || e_Loss:-0.983 || Aad_Loss:-30.918 || 耗时：13.33s
轮次:·10/·20 || c_Loss:0.406 || e_Loss:-0.981 || Aad_Loss:-30.848 || 耗时：13.25s
任务: (B2)N15_M07_F10→(B3)N15_M07_F04; mix批次:····0; 批次:··940/·1880;  总正确率: 55.18%
类型1 正确率： 100.00% -> 1  100.00%, 2    0.00%, 3    0.00%
类型2 正确率：  33.00% -> 1   34.00%, 2   32.55%, 3   33.45%
类型3 正确率：  33.00% -> 1    0.00%, 2   67.00%, 3   33.00%


样本变换：reverse
样本变换：mask
样本变换：shift
样本变换：none
未过滤	未用伪标签：55.18% -> 使用伪标签：55.20%
已过滤	未用伪标签：55.18% -> 使用伪标签：55.20%
排除样本：2680|6000	剩余：1992, 1328
增添样本：2040		细则：0, 688, 1352	正确率估算：99.95%
类型1 正确率： 100.00% -> 1  100.00%, 2    0.00%, 3    0.00%
类型2 正确率：  33.00% -> 1   34.00%, 2   32.60%, 3   33.40%
类型3 正确率：  33.00% -> 1    0.00%, 2   67.00%, 3   33.00%

被排除样本 正确率：nan%


轮次:·11/·20 || c_Loss:0.382 || e_Loss:-1.013 || Aad_Loss:-31.046 || 耗时：34.80s
轮次:·12/·20 || c_Loss:0.400 || e_Loss:-0.977 || Aad_Loss:-30.734 || 耗时：13.10s
轮次:·13/·20 || c_Loss:0.381 || e_Loss:-0.986 || Aad_Loss:-31.272 || 耗时：13.09s
轮次:·14/·20 || c_Loss:0.380 || e_Loss:-1.009 || Aad_Loss:-30.646 || 耗时：13.14s
轮次:·15/·20 || c_Loss:0.379 || e_Loss:-1.028 || Aad_Loss:-31.248 || 耗时：13.09s
任务: (B2)N15_M07_F10→(B3)N15_M07_F04; mix批次:····0; 批次:·1410/·1880;  总正确率: 55.23%
类型1 正确率： 100.00% -> 1  100.00%, 2    0.00%, 3    0.00%
类型2 正确率：  33.00% -> 1   34.00%, 2   32.70%, 3   33.30%
类型3 正确率：  33.00% -> 1    0.00%, 2   67.00%, 3   33.00%


样本变换：reverse
样本变换：mask
样本变换：shift
样本变换：none
未过滤	未用伪标签：55.23% -> 使用伪标签：55.27%
已过滤	未用伪标签：55.25% -> 使用伪标签：55.29%
排除样本：2|6000	剩余：2680, 1998, 1320
增添样本：2042		细则：0, 682, 1360	正确率估算：100.00%
类型1 正确率： 100.00% -> 1  100.00%, 2    0.00%, 3    0.00%
类型2 正确率：  33.00% -> 1   34.03%, 2   32.88%, 3   33.08%
类型3 正确率：  33.00% -> 1    0.00%, 2   67.05%, 3   32.95%

被排除样本 正确率：0.00%
类型1 正确率：   0.00% -> 1    0.00%, 2  100.00%
类型2 没有样本或未被分类。


轮次:·16/·20 || c_Loss:0.377 || e_Loss:-1.001 || Aad_Loss:-32.230 || 耗时：34.57s
轮次:·17/·20 || c_Loss:0.391 || e_Loss:-1.024 || Aad_Loss:-30.769 || 耗时：13.09s
轮次:·18/·20 || c_Loss:0.375 || e_Loss:-1.009 || Aad_Loss:-31.774 || 耗时：13.04s
轮次:·19/·20 || c_Loss:0.381 || e_Loss:-1.009 || Aad_Loss:-31.196 || 耗时：13.19s
轮次:·20/·20 || c_Loss:0.377 || e_Loss:-1.016 || Aad_Loss:-31.570 || 耗时：13.05s
任务: (B2)N15_M07_F10→(B3)N15_M07_F04; mix批次:····0; 批次:·1880/·1880;  总正确率: 55.20%
类型1 正确率： 100.00% -> 1  100.00%, 2    0.00%, 3    0.00%
类型2 正确率：  33.00% -> 1   34.00%, 2   32.60%, 3   33.40%
类型3 正确率：  33.00% -> 1    0.00%, 2   67.00%, 3   33.00%


测试集任务: (B2)N15_M07_F10→(B3)N15_M07_F04; 总正确率 = 55.20%
类型1 正确率： 100.00% -> 1  100.00%, 2    0.00%, 3    0.00%
类型2 正确率：  33.00% -> 1   34.00%, 2   32.60%, 3   33.40%
类型3 正确率：  33.00% -> 1    0.00%, 2   67.00%, 3   33.00%


