读取源域路径：/kaggle/working/m2rep/reps1/weight_PU_M1_final_checkpoint_FBtoA_s1/NEW_PU/Source-源域/log&pt/(B2)N15_M07_F10
excel输出位置：/kaggle/working/m2rep/reps1/weight_PU_M1_final_checkpoint_FBtoA_s1/NEW_PU/Target-目标域
特征图片输出位置：/kaggle/working/m2rep/reps1/weight_PU_M1_final_checkpoint_FBtoA_s1/NEW_PU/Picture-特征图/2026年09月15日17时32分/(B2)N15_M07_F10
现在选取:(B2)N15_M07_F10 进行训练的源模型
现在进行：(B2)N15_M07_F10→(B1)N15_M01_F10 的迁移任务
log&pt输出位置：/kaggle/working/m2rep/reps1/weight_PU_M1_final_checkpoint_FBtoA_s1/NEW_PU/Target-目标域/log&pt/(B2)N15_M07_F10→(B1)N15_M01_F10
任务: (B2)N15_M07_F10→(B1)N15_M01_F10; 批次:····0/·1880;  总正确率: 55.52%
类型1 正确率： 100.00% -> 1  100.00%, 2    0.00%, 3    0.00%
类型2 正确率：  34.00% -> 1   28.60%, 2   33.55%, 3   37.85%
类型3 正确率：  33.00% -> 1    0.00%, 2   67.00%, 3   33.00%


样本变换：reverse
样本变换：mask
样本变换：shift
样本变换：none
未过滤	未用伪标签：55.52% -> 使用伪标签：55.25%
已过滤	未用伪标签：55.74% -> 使用伪标签：55.47%
排除样本：24|6000	剩余：2585, 1995, 1396
增添样本：1779		细则：0, 590, 1189	正确率估算：97.47%
类型1 正确率： 100.00% -> 1  100.00%, 2    0.00%, 3    0.00%
类型2 正确率：  33.00% -> 1   29.61%, 2   33.15%, 3   37.25%
类型3 正确率：  33.00% -> 1    0.00%, 2   67.00%, 3   33.00%

被排除样本 正确率：0.00%
类型1 没有样本或未被分类。
类型2 正确率：   0.00% -> 1   12.50%, 2    0.00%, 3   87.50%
类型3 没有样本或未被分类。


轮次:··1/·20 || c_Loss:0.536 || e_Loss:-1.047 || Aad_Loss:-28.133 || 耗时：34.80s
轮次:··2/·20 || c_Loss:0.399 || e_Loss:-0.992 || Aad_Loss:-28.787 || 耗时：13.28s
轮次:··3/·20 || c_Loss:0.390 || e_Loss:-0.983 || Aad_Loss:-29.203 || 耗时：13.25s
轮次:··4/·20 || c_Loss:0.371 || e_Loss:-0.985 || Aad_Loss:-30.558 || 耗时：13.21s
轮次:··5/·20 || c_Loss:0.361 || e_Loss:-0.982 || Aad_Loss:-31.181 || 耗时：13.22s
任务: (B2)N15_M07_F10→(B1)N15_M01_F10; mix批次:····0; 批次:··470/·1880;  总正确率: 55.32%
类型1 正确率： 100.00% -> 1  100.00%, 2    0.00%, 3    0.00%
类型2 正确率：  33.00% -> 1   33.55%, 2   32.95%, 3   33.50%
类型3 正确率：  33.00% -> 1    0.00%, 2   67.00%, 3   33.00%


样本变换：reverse
样本变换：mask
样本变换：shift
样本变换：none
未过滤	未用伪标签：55.32% -> 使用伪标签：55.33%
已过滤	未用伪标签：55.32% -> 使用伪标签：55.33%
排除样本：2680|6000	剩余：2000, 1320
增添样本：2040		细则：0, 680, 1360	正确率估算：100.00%
类型1 正确率： 100.00% -> 1  100.00%, 2    0.00%, 3    0.00%
类型2 正确率：  33.00% -> 1   34.00%, 2   33.00%, 3   33.00%
类型3 正确率：  33.00% -> 1    0.00%, 2   67.00%, 3   33.00%

被排除样本 正确率：nan%


轮次:··6/·20 || c_Loss:0.395 || e_Loss:-0.993 || Aad_Loss:-30.365 || 耗时：34.76s
轮次:··7/·20 || c_Loss:0.379 || e_Loss:-1.013 || Aad_Loss:-31.059 || 耗时：13.22s
轮次:··8/·20 || c_Loss:0.378 || e_Loss:-1.009 || Aad_Loss:-31.366 || 耗时：13.32s
轮次:··9/·20 || c_Loss:0.403 || e_Loss:-0.875 || Aad_Loss:-31.520 || 耗时：13.34s
轮次:·10/·20 || c_Loss:0.380 || e_Loss:-1.003 || Aad_Loss:-31.466 || 耗时：13.35s
任务: (B2)N15_M07_F10→(B1)N15_M01_F10; mix批次:····0; 批次:··940/·1880;  总正确率: 55.33%
类型1 正确率： 100.00% -> 1  100.00%, 2    0.00%, 3    0.00%
类型2 正确率：  33.00% -> 1   34.00%, 2   33.00%, 3   33.00%
类型3 正确率：  33.00% -> 1    0.00%, 2   67.00%, 3   33.00%


样本变换：reverse
样本变换：mask
样本变换：shift
样本变换：none
未过滤	未用伪标签：55.33% -> 使用伪标签：55.33%
已过滤	未用伪标签：55.33% -> 使用伪标签：55.33%
排除样本：2680|6000	剩余：2000, 1320
增添样本：2040		细则：0, 680, 1360	正确率估算：100.00%
类型1 正确率： 100.00% -> 1  100.00%, 2    0.00%, 3    0.00%
类型2 正确率：  33.00% -> 1   34.00%, 2   33.00%, 3   33.00%
类型3 正确率：  33.00% -> 1    0.00%, 2   67.00%, 3   33.00%

被排除样本 正确率：nan%


轮次:·11/·20 || c_Loss:0.394 || e_Loss:-0.996 || Aad_Loss:-30.776 || 耗时：34.97s
轮次:·12/·20 || c_Loss:0.377 || e_Loss:-1.016 || Aad_Loss:-31.378 || 耗时：13.21s
轮次:·13/·20 || c_Loss:0.376 || e_Loss:-1.011 || Aad_Loss:-31.628 || 耗时：13.26s
轮次:·14/·20 || c_Loss:0.401 || e_Loss:-0.875 || Aad_Loss:-32.063 || 耗时：13.20s
轮次:·15/·20 || c_Loss:0.378 || e_Loss:-1.004 || Aad_Loss:-31.694 || 耗时：13.25s
任务: (B2)N15_M07_F10→(B1)N15_M01_F10; mix批次:····0; 批次:·1410/·1880;  总正确率: 55.33%
类型1 正确率： 100.00% -> 1  100.00%, 2    0.00%, 3    0.00%
类型2 正确率：  33.00% -> 1   34.00%, 2   33.00%, 3   33.00%
类型3 正确率：  33.00% -> 1    0.00%, 2   67.00%, 3   33.00%


样本变换：reverse
样本变换：mask
样本变换：shift
样本变换：none
未过滤	未用伪标签：55.33% -> 使用伪标签：55.33%
已过滤	未用伪标签：55.33% -> 使用伪标签：55.33%
排除样本：2680|6000	剩余：2000, 1320
增添样本：2040		细则：0, 680, 1360	正确率估算：100.00%
类型1 正确率： 100.00% -> 1  100.00%, 2    0.00%, 3    0.00%
类型2 正确率：  33.00% -> 1   34.00%, 2   33.00%, 3   33.00%
类型3 正确率：  33.00% -> 1    0.00%, 2   67.00%, 3   33.00%

被排除样本 正确率：nan%


轮次:·16/·20 || c_Loss:0.391 || e_Loss:-0.995 || Aad_Loss:-30.998 || 耗时：35.16s
轮次:·17/·20 || c_Loss:0.376 || e_Loss:-1.017 || Aad_Loss:-31.544 || 耗时：13.35s
轮次:·18/·20 || c_Loss:0.375 || e_Loss:-1.012 || Aad_Loss:-31.767 || 耗时：13.32s
轮次:·19/·20 || c_Loss:0.399 || e_Loss:-0.876 || Aad_Loss:-32.362 || 耗时：13.33s
轮次:·20/·20 || c_Loss:0.377 || e_Loss:-1.004 || Aad_Loss:-31.825 || 耗时：13.29s
任务: (B2)N15_M07_F10→(B1)N15_M01_F10; mix批次:····0; 批次:·1880/·1880;  总正确率: 55.33%
类型1 正确率： 100.00% -> 1  100.00%, 2    0.00%, 3    0.00%
类型2 正确率：  33.00% -> 1   34.00%, 2   33.00%, 3   33.00%
类型3 正确率：  33.00% -> 1    0.00%, 2   67.00%, 3   33.00%


测试集任务: (B2)N15_M07_F10→(B1)N15_M01_F10; 总正确率 = 55.33%
类型1 正确率： 100.00% -> 1  100.00%, 2    0.00%, 3    0.00%
类型2 正确率：  33.00% -> 1   34.00%, 2   33.00%, 3   33.00%
类型3 正确率：  33.00% -> 1    0.00%, 2   67.00%, 3   33.00%


