读取源域路径：/kaggle/working/m2rep/reps1/weight_PU_M1_final_checkpoint_FBtoA_s1/NEW_PU/Source-源域/log&pt/(B3)N15_M07_F04
excel输出位置：/kaggle/working/m2rep/reps1/weight_PU_M1_final_checkpoint_FBtoA_s1/NEW_PU/Target-目标域
特征图片输出位置：/kaggle/working/m2rep/reps1/weight_PU_M1_final_checkpoint_FBtoA_s1/NEW_PU/Picture-特征图/2026年09月15日17时50分/(B3)N15_M07_F04
现在选取:(B3)N15_M07_F04 进行训练的源模型
现在进行：(B3)N15_M07_F04→(B2)N15_M07_F10 的迁移任务
log&pt输出位置：/kaggle/working/m2rep/reps1/weight_PU_M1_final_checkpoint_FBtoA_s1/NEW_PU/Target-目标域/log&pt/(B3)N15_M07_F04→(B2)N15_M07_F10
任务: (B3)N15_M07_F04→(B2)N15_M07_F10; 批次:····0/·1880;  总正确率: 55.42%
类型1 正确率： 100.00% -> 1   99.95%, 2    0.00%, 3    0.05%
类型2 正确率：  33.00% -> 1    8.65%, 2   33.30%, 3   58.05%
类型3 正确率：  33.00% -> 1    0.00%, 2   67.00%, 3   33.00%


样本变换：reverse
样本变换：mask
样本变换：shift
样本变换：none
未过滤	未用伪标签：55.42% -> 使用伪标签：55.33%
已过滤	未用伪标签：55.88% -> 使用伪标签：55.85%
排除样本：55|6000	剩余：2213, 2000, 1732
增添样本：694		细则：0, 213, 481	正确率估算：100.00%
类型1 正确率： 100.00% -> 1  100.00%, 2    0.00%, 3    0.00%
类型2 正确率：  34.00% -> 1   10.95%, 2   33.93%, 3   55.12%
类型3 正确率：  33.00% -> 1    0.00%, 2   67.00%, 3   33.00%

被排除样本 正确率：5.45%
类型1 没有样本或未被分类。
类型2 正确率：   5.00% -> 1   10.91%, 2    5.45%, 3   83.64%
类型3 没有样本或未被分类。


轮次:··1/·20 || c_Loss:0.608 || e_Loss:-1.036 || Aad_Loss:-27.496 || 耗时：34.64s
轮次:··2/·20 || c_Loss:0.409 || e_Loss:-1.629 || Aad_Loss:-28.469 || 耗时：13.27s
轮次:··3/·20 || c_Loss:0.406 || e_Loss:-0.843 || Aad_Loss:-27.494 || 耗时：13.26s
轮次:··4/·20 || c_Loss:0.371 || e_Loss:-1.667 || Aad_Loss:-28.454 || 耗时：13.25s
轮次:··5/·20 || c_Loss:0.367 || e_Loss:-0.879 || Aad_Loss:-30.703 || 耗时：13.17s
任务: (B3)N15_M07_F04→(B2)N15_M07_F10; mix批次:····0; 批次:··470/·1880;  总正确率: 55.32%
类型1 正确率： 100.00% -> 1  100.00%, 2    0.00%, 3    0.00%
类型2 正确率：  33.00% -> 1    8.10%, 2   32.95%, 3   58.95%
类型3 正确率：  33.00% -> 1    0.00%, 2   67.00%, 3   33.00%


样本变换：reverse
样本变换：mask
样本变换：shift
样本变换：none
未过滤	未用伪标签：55.32% -> 使用伪标签：55.32%
已过滤	未用伪标签：55.51% -> 使用伪标签：55.51%
排除样本：21|6000	剩余：2110, 1999, 1870
增添样本：351		细则：0, 111, 240	正确率估算：98.86%
类型1 正确率： 100.00% -> 1  100.00%, 2    0.00%, 3    0.00%
类型2 正确率：  33.00% -> 1    5.56%, 2   33.30%, 3   61.14%
类型3 正确率：  33.00% -> 1    0.00%, 2   67.00%, 3   33.00%

被排除样本 正确率：0.00%
类型1 没有样本或未被分类。
类型2 正确率：   0.00% -> 1   85.71%, 2    0.00%, 3   14.29%
类型3 没有样本或未被分类。


轮次:··6/·20 || c_Loss:0.359 || e_Loss:-1.859 || Aad_Loss:-30.113 || 耗时：34.06s
轮次:··7/·20 || c_Loss:0.398 || e_Loss:-0.941 || Aad_Loss:-28.587 || 耗时：13.23s
轮次:··8/·20 || c_Loss:0.362 || e_Loss:-1.611 || Aad_Loss:-30.473 || 耗时：13.24s
轮次:··9/·20 || c_Loss:0.363 || e_Loss:-0.959 || Aad_Loss:-30.281 || 耗时：13.25s
轮次:·10/·20 || c_Loss:0.359 || e_Loss:-1.505 || Aad_Loss:-30.771 || 耗时：13.24s
任务: (B3)N15_M07_F04→(B2)N15_M07_F10; mix批次:····0; 批次:··940/·1880;  总正确率: 55.33%
类型1 正确率： 100.00% -> 1  100.00%, 2    0.00%, 3    0.00%
类型2 正确率：  33.00% -> 1    0.50%, 2   33.00%, 3   66.50%
类型3 正确率：  33.00% -> 1    0.00%, 2   67.00%, 3   33.00%


样本变换：reverse
样本变换：mask
样本变换：shift
样本变换：none
未过滤	未用伪标签：55.33% -> 使用伪标签：55.33%
已过滤	未用伪标签：55.40% -> 使用伪标签：55.40%
排除样本：7|6000	剩余：2004, 2000, 1989
增添样本：19		细则：0, 4, 15	正确率估算：100.00%
类型1 正确率： 100.00% -> 1  100.00%, 2    0.00%, 3    0.00%
类型2 正确率：  33.00% -> 1    0.20%, 2   33.12%, 3   66.68%
类型3 正确率：  33.00% -> 1    0.00%, 2   67.00%, 3   33.00%

被排除样本 正确率：0.00%
类型1 没有样本或未被分类。
类型2 正确率：   0.00% -> 1   71.43%, 2    0.00%, 3   28.57%
类型3 没有样本或未被分类。


轮次:·11/·20 || c_Loss:0.368 || e_Loss:-0.970 || Aad_Loss:-30.865 || 耗时：33.87s
轮次:·12/·20 || c_Loss:0.394 || e_Loss:-0.881 || Aad_Loss:-30.444 || 耗时：13.17s
轮次:·13/·20 || c_Loss:0.373 || e_Loss:-0.962 || Aad_Loss:-31.668 || 耗时：13.20s
轮次:·14/·20 || c_Loss:0.371 || e_Loss:-1.016 || Aad_Loss:-30.722 || 耗时：13.18s
轮次:·15/·20 || c_Loss:0.369 || e_Loss:-0.978 || Aad_Loss:-30.975 || 耗时：13.22s
任务: (B3)N15_M07_F04→(B2)N15_M07_F10; mix批次:····0; 批次:·1410/·1880;  总正确率: 55.33%
类型1 正确率： 100.00% -> 1  100.00%, 2    0.00%, 3    0.00%
类型2 正确率：  33.00% -> 1    0.00%, 2   33.00%, 3   67.00%
类型3 正确率：  33.00% -> 1    0.00%, 2   67.00%, 3   33.00%


样本变换：reverse
样本变换：mask
样本变换：shift
样本变换：none
未过滤	未用伪标签：55.33% -> 使用伪标签：55.33%
已过滤	未用伪标签：55.34% -> 使用伪标签：55.34%
排除样本：1|6000	剩余：2000, 2000, 1999
增添样本：1		细则：0, 0, 1	正确率估算：100.00%
类型1 正确率： 100.00% -> 1  100.00%, 2    0.00%, 3    0.00%
类型2 正确率：  33.00% -> 1    0.00%, 2   33.02%, 3   66.98%
类型3 正确率：  33.00% -> 1    0.00%, 2   67.00%, 3   33.00%

被排除样本 正确率：0.00%
类型1 正确率：   0.00% -> 1    0.00%, 2  100.00%
类型2 没有样本或未被分类。


轮次:·16/·20 || c_Loss:0.378 || e_Loss:-0.951 || Aad_Loss:-25.217 || 耗时：33.97s
轮次:·17/·20 || c_Loss:0.386 || e_Loss:-0.950 || Aad_Loss:-24.390 || 耗时：13.21s
轮次:·18/·20 || c_Loss:0.401 || e_Loss:-0.983 || Aad_Loss:-23.636 || 耗时：13.17s
轮次:·19/·20 || c_Loss:0.382 || e_Loss:-1.000 || Aad_Loss:-23.492 || 耗时：13.20s
轮次:·20/·20 || c_Loss:0.386 || e_Loss:-0.926 || Aad_Loss:-24.973 || 耗时：13.14s
任务: (B3)N15_M07_F04→(B2)N15_M07_F10; mix批次:····0; 批次:·1880/·1880;  总正确率: 55.33%
类型1 正确率： 100.00% -> 1  100.00%, 2    0.00%, 3    0.00%
类型2 正确率：  33.00% -> 1    0.05%, 2   33.00%, 3   66.95%
类型3 正确率：  33.00% -> 1    0.00%, 2   67.00%, 3   33.00%


测试集任务: (B3)N15_M07_F04→(B2)N15_M07_F10; 总正确率 = 55.33%
类型1 正确率： 100.00% -> 1  100.00%, 2    0.00%, 3    0.00%
类型2 正确率：  33.00% -> 1    0.05%, 2   33.00%, 3   66.95%
类型3 正确率：  33.00% -> 1    0.00%, 2   67.00%, 3   33.00%


