读取源域路径：/kaggle/working/m2rep/reps1/weight_PU_M1_final_checkpoint_FBtoA_s1/NEW_PU/Source-源域/log&pt/(B1)N15_M01_F10
excel输出位置：/kaggle/working/m2rep/reps1/weight_PU_M1_final_checkpoint_FBtoA_s1/NEW_PU/Target-目标域
特征图片输出位置：/kaggle/working/m2rep/reps1/weight_PU_M1_final_checkpoint_FBtoA_s1/NEW_PU/Picture-特征图/2026年09月15日17时26分/(B1)N15_M01_F10
现在选取:(B1)N15_M01_F10 进行训练的源模型
现在进行：(B1)N15_M01_F10→(B3)N15_M07_F04 的迁移任务
log&pt输出位置：/kaggle/working/m2rep/reps1/weight_PU_M1_final_checkpoint_FBtoA_s1/NEW_PU/Target-目标域/log&pt/(B1)N15_M01_F10→(B3)N15_M07_F04
任务: (B1)N15_M01_F10→(B3)N15_M07_F04; 批次:····0/·1880;  总正确率: 51.20%
类型1 正确率： 100.00% -> 1   99.95%, 2    0.00%, 3    0.05%
类型2 正确率：  37.00% -> 1   14.10%, 2   37.40%, 3   48.50%
类型3 正确率：  16.00% -> 1    0.00%, 2   83.75%, 3   16.25%


样本变换：reverse
样本变换：mask
样本变换：shift
样本变换：none
未过滤	未用伪标签：51.20% -> 使用伪标签：54.90%
已过滤	未用伪标签：51.37% -> 使用伪标签：55.19%
排除样本：31|6000	剩余：2599, 2010, 1360
增添样本：1828		细则：0, 589, 1239	正确率估算：79.76%
类型1 正确率： 100.00% -> 1  100.00%, 2    0.00%, 3    0.00%
类型2 正确率：  33.00% -> 1   30.39%, 2   33.13%, 3   36.48%
类型3 正确率：  32.00% -> 1    0.00%, 2   67.92%, 3   32.08%

被排除样本 正确率：19.35%
类型1 正确率：  21.00% -> 1   20.69%, 2   79.31%
类型2 正确率：   0.00% -> 1  100.00%, 2    0.00%


轮次:··1/·20 || c_Loss:0.488 || e_Loss:-1.040 || Aad_Loss:-28.952 || 耗时：34.57s
轮次:··2/·20 || c_Loss:0.435 || e_Loss:-0.893 || Aad_Loss:-25.674 || 耗时：13.25s
轮次:··3/·20 || c_Loss:0.441 || e_Loss:-1.384 || Aad_Loss:-27.309 || 耗时：13.23s
轮次:··4/·20 || c_Loss:0.409 || e_Loss:-0.952 || Aad_Loss:-28.862 || 耗时：13.24s
轮次:··5/·20 || c_Loss:0.369 || e_Loss:-1.874 || Aad_Loss:-29.769 || 耗时：13.23s
任务: (B1)N15_M01_F10→(B3)N15_M07_F04; mix批次:····0; 批次:··470/·1880;  总正确率: 55.27%
类型1 正确率： 100.00% -> 1  100.00%, 2    0.00%, 3    0.00%
类型2 正确率：  33.00% -> 1   33.95%, 2   32.85%, 3   33.20%
类型3 正确率：  33.00% -> 1    0.00%, 2   67.05%, 3   32.95%


样本变换：reverse
样本变换：mask
样本变换：shift
样本变换：none
未过滤	未用伪标签：55.27% -> 使用伪标签：55.30%
已过滤	未用伪标签：55.27% -> 使用伪标签：55.30%
排除样本：2680|6000	剩余：2000, 1320
增添样本：2040		细则：0, 680, 1360	正确率估算：99.90%
类型1 正确率： 100.00% -> 1  100.00%, 2    0.00%, 3    0.00%
类型2 正确率：  33.00% -> 1   34.00%, 2   32.95%, 3   33.05%
类型3 正确率：  33.00% -> 1    0.00%, 2   67.05%, 3   32.95%

被排除样本 正确率：nan%


轮次:··6/·20 || c_Loss:0.400 || e_Loss:-0.964 || Aad_Loss:-29.617 || 耗时：35.57s
轮次:··7/·20 || c_Loss:0.377 || e_Loss:-1.018 || Aad_Loss:-31.155 || 耗时：13.34s
轮次:··8/·20 || c_Loss:0.381 || e_Loss:-0.999 || Aad_Loss:-31.067 || 耗时：13.34s
轮次:··9/·20 || c_Loss:0.382 || e_Loss:-0.885 || Aad_Loss:-32.214 || 耗时：13.34s
轮次:·10/·20 || c_Loss:0.380 || e_Loss:-1.002 || Aad_Loss:-31.208 || 耗时：13.31s
任务: (B1)N15_M01_F10→(B3)N15_M07_F04; mix批次:····0; 批次:··940/·1880;  总正确率: 55.28%
类型1 正确率： 100.00% -> 1  100.00%, 2    0.00%, 3    0.00%
类型2 正确率：  33.00% -> 1   34.00%, 2   32.90%, 3   33.10%
类型3 正确率：  33.00% -> 1    0.00%, 2   67.05%, 3   32.95%


样本变换：reverse
样本变换：mask
样本变换：shift
样本变换：none
未过滤	未用伪标签：55.28% -> 使用伪标签：55.30%
已过滤	未用伪标签：55.29% -> 使用伪标签：55.31%
排除样本：1|6000	剩余：2680, 2000, 1319
增添样本：2041		细则：0, 680, 1361	正确率估算：100.00%
类型1 正确率： 100.00% -> 1  100.00%, 2    0.00%, 3    0.00%
类型2 正确率：  33.00% -> 1   34.02%, 2   32.97%, 3   33.02%
类型3 正确率：  33.00% -> 1    0.00%, 2   67.05%, 3   32.95%

被排除样本 正确率：0.00%
类型1 正确率：   0.00% -> 1    0.00%, 2  100.00%
类型2 没有样本或未被分类。


轮次:·11/·20 || c_Loss:0.381 || e_Loss:-0.973 || Aad_Loss:-32.023 || 耗时：35.10s
轮次:·12/·20 || c_Loss:0.381 || e_Loss:-0.981 || Aad_Loss:-31.479 || 耗时：13.31s
轮次:·13/·20 || c_Loss:0.447 || e_Loss:-0.918 || Aad_Loss:-32.978 || 耗时：13.33s
轮次:·14/·20 || c_Loss:0.380 || e_Loss:-1.004 || Aad_Loss:-31.588 || 耗时：13.31s
轮次:·15/·20 || c_Loss:0.376 || e_Loss:-1.002 || Aad_Loss:-31.478 || 耗时：13.32s
任务: (B1)N15_M01_F10→(B3)N15_M07_F04; mix批次:····0; 批次:·1410/·1880;  总正确率: 55.27%
类型1 正确率： 100.00% -> 1  100.00%, 2    0.00%, 3    0.00%
类型2 正确率：  33.00% -> 1   34.00%, 2   32.85%, 3   33.15%
类型3 正确率：  33.00% -> 1    0.00%, 2   67.05%, 3   32.95%


样本变换：reverse
样本变换：mask
样本变换：shift
样本变换：none
未过滤	未用伪标签：55.27% -> 使用伪标签：55.28%
已过滤	未用伪标签：55.28% -> 使用伪标签：55.29%
排除样本：1|6000	剩余：2680, 1999, 1320
增添样本：2041		细则：0, 681, 1360	正确率估算：100.00%
类型1 正确率： 100.00% -> 1  100.00%, 2    0.00%, 3    0.00%
类型2 正确率：  33.00% -> 1   34.02%, 2   32.92%, 3   33.07%
类型3 正确率：  33.00% -> 1    0.00%, 2   67.05%, 3   32.95%

被排除样本 正确率：0.00%
类型1 正确率：   0.00% -> 1    0.00%, 2  100.00%
类型2 没有样本或未被分类。


轮次:·16/·20 || c_Loss:0.386 || e_Loss:-0.964 || Aad_Loss:-30.824 || 耗时：34.98s
轮次:·17/·20 || c_Loss:0.384 || e_Loss:-0.885 || Aad_Loss:-33.521 || 耗时：13.31s
轮次:·18/·20 || c_Loss:0.379 || e_Loss:-1.004 || Aad_Loss:-31.454 || 耗时：13.27s
轮次:·19/·20 || c_Loss:0.379 || e_Loss:-1.008 || Aad_Loss:-31.167 || 耗时：13.28s
轮次:·20/·20 || c_Loss:0.384 || e_Loss:-0.993 || Aad_Loss:-31.439 || 耗时：13.32s
任务: (B1)N15_M01_F10→(B3)N15_M07_F04; mix批次:····0; 批次:·1880/·1880;  总正确率: 55.28%
类型1 正确率： 100.00% -> 1  100.00%, 2    0.00%, 3    0.00%
类型2 正确率：  33.00% -> 1   34.00%, 2   32.90%, 3   33.10%
类型3 正确率：  33.00% -> 1    0.00%, 2   67.05%, 3   32.95%


测试集任务: (B1)N15_M01_F10→(B3)N15_M07_F04; 总正确率 = 55.28%
类型1 正确率： 100.00% -> 1  100.00%, 2    0.00%, 3    0.00%
类型2 正确率：  33.00% -> 1   34.00%, 2   32.90%, 3   33.10%
类型3 正确率：  33.00% -> 1    0.00%, 2   67.05%, 3   32.95%


