

现在开始拿源域训练集：(B1)N15_M01_F10 进行训练
源域读取路径：/kaggle/working/m2rep/reps1/sdalr_PU_final_checkpoint/DATA_foldB/PU_M1_L3/N15_M01_F10_label.txt
excel输出位置：/kaggle/working/m2rep/reps1/weight_src_PU_M1_FB_s1/NEW_PU/Source-源域
log&pt输出位置：/kaggle/working/m2rep/reps1/weight_src_PU_M1_FB_s1/NEW_PU/Source-源域/log&pt/(B1)N15_M01_F10
特征图片输出位置：/kaggle/working/m2rep/reps1/weight_src_PU_M1_FB_s1/NEW_PU/Picture-特征图/2026年09月15日17时15分/(B1)N15_M01_F10
源域训练开始
轮次:··1/·10 || loss:0.068 || 耗时：8.64s
轮次:··2/·10 || loss:0.004 || 耗时：7.66s
轮次:··3/·10 || loss:0.003 || 耗时：7.76s
轮次:··4/·10 || loss:0.017 || 耗时：7.88s
轮次:··5/·10 || loss:0.031 || 耗时：7.94s
任务: (B1)N15_M01_F10; mix批次:····0; 批次:··330/··660; 总正确率 = 100.00%
类型1 正确率： 100.00% -> 1  100.00%, 2    0.00%, 3    0.00%
类型2 正确率： 100.00% -> 1    0.00%, 2  100.00%, 3    0.00%
类型3 正确率： 100.00% -> 1    0.00%, 2    0.00%, 3  100.00%


轮次:··6/·10 || loss:0.001 || 耗时：7.97s
轮次:··7/·10 || loss:0.115 || 耗时：8.14s
轮次:··8/·10 || loss:0.002 || 耗时：8.26s
轮次:··9/·10 || loss:0.002 || 耗时：8.39s
轮次:·10/·10 || loss:0.006 || 耗时：8.51s
任务: (B1)N15_M01_F10; mix批次:····0; 批次:··660/··660; 总正确率 = 99.82%
类型1 正确率： 100.00% -> 1  100.00%, 2    0.00%, 3    0.00%
类型2 正确率：  99.00% -> 1    0.00%, 2   99.47%, 3    0.53%
类型3 正确率： 100.00% -> 1    0.00%, 2    0.00%, 3  100.00%


测试集任务: (B1)N15_M01_F10; 总正确率 = 100.00%
类型1 正确率： 100.00% -> 1  100.00%, 2    0.00%, 3    0.00%
类型2 正确率： 100.00% -> 1    0.00%, 2  100.00%, 3    0.00%
类型3 正确率： 100.00% -> 1    0.00%, 2    0.00%, 3  100.00%


源域训练结束

训练好之后，测试目标域
目标域路径：/kaggle/working/m2rep/reps1/sdalr_PU_final_checkpoint/DATA_foldB/PU_M1_L3/N15_M07_F10_label.txt
测试目标数据集结果如下：
任务: (B1)N15_M01_F10→(B2)N15_M07_F10, 正确率 = 99.91%
类型1 正确率： 100.00% -> 1  100.00%, 2    0.00%, 3    0.00%
类型2 正确率： 100.00% -> 1    0.00%, 2  100.00%, 3    0.00%
类型3 正确率： 100.00% -> 1    0.00%, 2    0.26%, 3   99.74%

目标域路径：/kaggle/working/m2rep/reps1/sdalr_PU_final_checkpoint/DATA_foldB/PU_M1_L3/N15_M07_F04_label.txt
测试目标数据集结果如下：
任务: (B1)N15_M01_F10→(B3)N15_M07_F04, 正确率 = 97.82%
类型1 正确率： 100.00% -> 1  100.00%, 2    0.00%, 3    0.00%
类型2 正确率：  94.00% -> 1    0.00%, 2   94.19%, 3    5.81%
类型3 正确率：  99.00% -> 1    0.72%, 2    0.00%, 3   99.28%



现在开始拿源域训练集：(B2)N15_M07_F10 进行训练
源域读取路径：/kaggle/working/m2rep/reps1/sdalr_PU_final_checkpoint/DATA_foldB/PU_M1_L3/N15_M07_F10_label.txt
excel输出位置：/kaggle/working/m2rep/reps1/weight_src_PU_M1_FB_s1/NEW_PU/Source-源域
log&pt输出位置：/kaggle/working/m2rep/reps1/weight_src_PU_M1_FB_s1/NEW_PU/Source-源域/log&pt/(B2)N15_M07_F10
特征图片输出位置：/kaggle/working/m2rep/reps1/weight_src_PU_M1_FB_s1/NEW_PU/Picture-特征图/2026年09月15日17时15分/(B2)N15_M07_F10
源域训练开始
轮次:··1/·10 || loss:0.002 || 耗时：8.75s
轮次:··2/·10 || loss:0.004 || 耗时：8.83s
轮次:··3/·10 || loss:0.003 || 耗时：9.00s
轮次:··4/·10 || loss:0.002 || 耗时：9.18s
轮次:··5/·10 || loss:0.007 || 耗时：9.26s
任务: (B2)N15_M07_F10; mix批次:····0; 批次:··330/··660; 总正确率 = 99.84%
类型1 正确率： 100.00% -> 1  100.00%, 2    0.00%, 3    0.00%
类型2 正确率： 100.00% -> 1    0.00%, 2  100.00%, 3    0.00%
类型3 正确率： 100.00% -> 1    0.00%, 2    0.48%, 3   99.52%


轮次:··6/·10 || loss:0.001 || 耗时：9.21s
轮次:··7/·10 || loss:0.019 || 耗时：9.00s
轮次:··8/·10 || loss:0.001 || 耗时：8.92s
轮次:··9/·10 || loss:0.009 || 耗时：8.85s
轮次:·10/·10 || loss:0.007 || 耗时：8.83s
任务: (B2)N15_M07_F10; mix批次:····0; 批次:··660/··660; 总正确率 = 99.84%
类型1 正确率： 100.00% -> 1  100.00%, 2    0.00%, 3    0.00%
类型2 正确率： 100.00% -> 1    0.00%, 2  100.00%, 3    0.00%
类型3 正确率： 100.00% -> 1    0.00%, 2    0.48%, 3   99.52%


测试集任务: (B2)N15_M07_F10; 总正确率 = 100.00%
类型1 正确率： 100.00% -> 1  100.00%, 2    0.00%, 3    0.00%
类型2 正确率： 100.00% -> 1    0.00%, 2  100.00%, 3    0.00%
类型3 正确率： 100.00% -> 1    0.00%, 2    0.00%, 3  100.00%


源域训练结束

训练好之后，测试目标域
目标域路径：/kaggle/working/m2rep/reps1/sdalr_PU_final_checkpoint/DATA_foldB/PU_M1_L3/N15_M01_F10_label.txt
测试目标数据集结果如下：
任务: (B2)N15_M07_F10→(B1)N15_M01_F10, 正确率 = 99.92%
类型1 正确率： 100.00% -> 1  100.00%, 2    0.00%, 3    0.00%
类型2 正确率： 100.00% -> 1    0.00%, 2   99.75%, 3    0.25%
类型3 正确率： 100.00% -> 1    0.00%, 2    0.00%, 3  100.00%

目标域路径：/kaggle/working/m2rep/reps1/sdalr_PU_final_checkpoint/DATA_foldB/PU_M1_L3/N15_M07_F04_label.txt
测试目标数据集结果如下：
任务: (B2)N15_M07_F10→(B3)N15_M07_F04, 正确率 = 97.92%
类型1 正确率： 100.00% -> 1  100.00%, 2    0.00%, 3    0.00%
类型2 正确率：  95.00% -> 1    0.00%, 2   95.44%, 3    4.56%
类型3 正确率：  98.00% -> 1    1.69%, 2    0.00%, 3   98.31%



现在开始拿源域训练集：(B3)N15_M07_F04 进行训练
源域读取路径：/kaggle/working/m2rep/reps1/sdalr_PU_final_checkpoint/DATA_foldB/PU_M1_L3/N15_M07_F04_label.txt
excel输出位置：/kaggle/working/m2rep/reps1/weight_src_PU_M1_FB_s1/NEW_PU/Source-源域
log&pt输出位置：/kaggle/working/m2rep/reps1/weight_src_PU_M1_FB_s1/NEW_PU/Source-源域/log&pt/(B3)N15_M07_F04
特征图片输出位置：/kaggle/working/m2rep/reps1/weight_src_PU_M1_FB_s1/NEW_PU/Picture-特征图/2026年09月15日17时15分/(B3)N15_M07_F04
源域训练开始
轮次:··1/·10 || loss:0.022 || 耗时：8.89s
轮次:··2/·10 || loss:0.001 || 耗时：8.90s
轮次:··3/·10 || loss:0.052 || 耗时：8.94s
轮次:··4/·10 || loss:0.006 || 耗时：8.96s
轮次:··5/·10 || loss:0.001 || 耗时：9.00s
任务: (B3)N15_M07_F04; mix批次:····0; 批次:··330/··660; 总正确率 = 100.00%
类型1 正确率： 100.00% -> 1  100.00%, 2    0.00%, 3    0.00%
类型2 正确率： 100.00% -> 1    0.00%, 2  100.00%, 3    0.00%
类型3 正确率： 100.00% -> 1    0.00%, 2    0.00%, 3  100.00%


轮次:··6/·10 || loss:0.007 || 耗时：8.98s
轮次:··7/·10 || loss:0.013 || 耗时：8.93s
轮次:··8/·10 || loss:0.001 || 耗时：8.92s
轮次:··9/·10 || loss:0.001 || 耗时：8.90s
轮次:·10/·10 || loss:0.027 || 耗时：8.88s
任务: (B3)N15_M07_F04; mix批次:····0; 批次:··660/··660; 总正确率 = 100.00%
类型1 正确率： 100.00% -> 1  100.00%, 2    0.00%, 3    0.00%
类型2 正确率： 100.00% -> 1    0.00%, 2  100.00%, 3    0.00%
类型3 正确率： 100.00% -> 1    0.00%, 2    0.00%, 3  100.00%


测试集任务: (B3)N15_M07_F04; 总正确率 = 99.92%
类型1 正确率： 100.00% -> 1  100.00%, 2    0.00%, 3    0.00%
类型2 正确率： 100.00% -> 1    0.00%, 2  100.00%, 3    0.00%
类型3 正确率： 100.00% -> 1    0.00%, 2    0.25%, 3   99.75%


源域训练结束

训练好之后，测试目标域
目标域路径：/kaggle/working/m2rep/reps1/sdalr_PU_final_checkpoint/DATA_foldB/PU_M1_L3/N15_M01_F10_label.txt
测试目标数据集结果如下：
任务: (B3)N15_M07_F04→(B1)N15_M01_F10, 正确率 = 99.35%
类型1 正确率： 100.00% -> 1   99.75%, 2    0.00%, 3    0.25%
类型2 正确率： 100.00% -> 1    0.00%, 2  100.00%, 3    0.00%
类型3 正确率：  98.00% -> 1    0.00%, 2    1.70%, 3   98.30%

目标域路径：/kaggle/working/m2rep/reps1/sdalr_PU_final_checkpoint/DATA_foldB/PU_M1_L3/N15_M07_F10_label.txt
测试目标数据集结果如下：
任务: (B3)N15_M07_F04→(B2)N15_M07_F10, 正确率 = 99.43%
类型1 正确率： 100.00% -> 1   99.74%, 2    0.00%, 3    0.26%
类型2 正确率： 100.00% -> 1    0.00%, 2  100.00%, 3    0.00%
类型3 正确率：  99.00% -> 1    0.00%, 2    1.45%, 3   98.55%

