读取源域路径：/kaggle/working/m2rep/rep2/weight_PU_M1_final_checkpoint_FAtoB_gatev2_s2024/NEW_PU/Source-源域/log&pt/(B3)N15_M07_F04
excel输出位置：/kaggle/working/m2rep/rep2/weight_PU_M1_final_checkpoint_FAtoB_gatev2_s2024/NEW_PU/Target-目标域
特征图片输出位置：/kaggle/working/m2rep/rep2/weight_PU_M1_final_checkpoint_FAtoB_gatev2_s2024/NEW_PU/Picture-特征图/2026年09月14日18时53分/(B3)N15_M07_F04
现在选取:(B3)N15_M07_F04 进行训练的源模型
现在进行：(B3)N15_M07_F04→(B2)N15_M07_F10 的迁移任务
log&pt输出位置：/kaggle/working/m2rep/rep2/weight_PU_M1_final_checkpoint_FAtoB_gatev2_s2024/NEW_PU/Target-目标域/log&pt/(B3)N15_M07_F04→(B2)N15_M07_F10
任务: (B3)N15_M07_F04→(B2)N15_M07_F10; 批次:····0/·1880;  总正确率: 44.37%
类型1 正确率：  40.00% -> 1   40.05%, 2   59.85%, 3    0.10%
类型2 正确率：  42.00% -> 1    0.00%, 2   41.80%, 3   58.20%
类型3 正确率：  51.00% -> 1    0.00%, 2   48.75%, 3   51.25%


样本变换：reverse
样本变换：mask
样本变换：shift
样本变换：none
未过滤	未用伪标签：44.37% -> 使用伪标签：38.60%
已过滤	未用伪标签：43.74% -> 使用伪标签：39.56%
排除样本：145|6000	剩余：661, 2942, 2252
增添样本：3353		细则：2281, 0, 1072	正确率估算：96.60%
类型1 正确率：  33.00% -> 1   33.18%, 2   66.82%, 3    0.00%
类型2 正确率：  34.00% -> 1    0.00%, 2   34.11%, 3   65.89%
类型3 正确率：  51.00% -> 1    0.00%, 2   48.89%, 3   51.11%

被排除样本 正确率：69.66%
类型1 正确率： 100.00% -> 1  100.00%, 2    0.00%, 3    0.00%
类型2 正确率：  69.00% -> 1    0.00%, 2   68.60%, 3   31.40%
类型3 正确率：  62.00% -> 1    0.00%, 2   37.50%, 3   62.50%


轮次:··1/·20 || c_Loss:0.449 || e_Loss:-1.738 || Aad_Loss:-29.666 || 耗时：33.43s
轮次:··2/·20 || c_Loss:0.393 || e_Loss:-1.582 || Aad_Loss:-22.803 || 耗时：12.80s
轮次:··3/·20 || c_Loss:0.394 || e_Loss:-1.664 || Aad_Loss:-27.503 || 耗时：12.73s
轮次:··4/·20 || c_Loss:0.388 || e_Loss:-1.299 || Aad_Loss:-25.616 || 耗时：12.68s
轮次:··5/·20 || c_Loss:0.412 || e_Loss:-1.742 || Aad_Loss:-25.348 || 耗时：12.64s
任务: (B3)N15_M07_F04→(B2)N15_M07_F10; mix批次:····0; 批次:··470/·1880;  总正确率: 39.60%
类型1 正确率：  33.00% -> 1   33.00%, 2   67.00%, 3    0.00%
类型2 正确率：  36.00% -> 1    0.50%, 2   35.85%, 3   63.65%
类型3 正确率：  50.00% -> 1    0.00%, 2   50.05%, 3   49.95%


样本变换：reverse
样本变换：mask
样本变换：shift
样本变换：none
未过滤	未用伪标签：39.60% -> 使用伪标签：40.13%
已过滤	未用伪标签：39.69% -> 使用伪标签：40.58%
排除样本：66|6000	剩余：661, 3089, 2184
增添样本：3410		细则：2429, 0, 981	正确率估算：99.88%
类型1 正确率：  33.00% -> 1   33.00%, 2   67.00%, 3    0.00%
类型2 正确率：  39.00% -> 1    0.05%, 2   38.71%, 3   61.24%
类型3 正确率：  50.00% -> 1    0.00%, 2   50.03%, 3   49.97%

被排除样本 正确率：31.82%
类型1 没有样本或未被分类。
类型2 正确率：  32.00% -> 1    1.54%, 2   32.31%, 3   66.15%
类型3 正确率：   0.00% -> 1    0.00%, 2  100.00%, 3    0.00%


轮次:··6/·20 || c_Loss:0.384 || e_Loss:-1.434 || Aad_Loss:-30.529 || 耗时：33.28s
轮次:··7/·20 || c_Loss:0.387 || e_Loss:-0.705 || Aad_Loss:-36.427 || 耗时：12.62s
轮次:··8/·20 || c_Loss:0.454 || e_Loss:-1.543 || Aad_Loss:-29.843 || 耗时：12.66s
轮次:··9/·20 || c_Loss:0.387 || e_Loss:-0.769 || Aad_Loss:-33.878 || 耗时：12.64s
轮次:·10/·20 || c_Loss:0.376 || e_Loss:-0.732 || Aad_Loss:-34.016 || 耗时：12.72s
任务: (B3)N15_M07_F04→(B2)N15_M07_F10; mix批次:····0; 批次:··940/·1880;  总正确率: 38.50%
类型1 正确率：  33.00% -> 1   33.00%, 2   67.00%, 3    0.00%
类型2 正确率：  32.00% -> 1    0.00%, 2   32.50%, 3   67.50%
类型3 正确率：  50.00% -> 1    0.00%, 2   50.00%, 3   50.00%


样本变换：reverse
样本变换：mask
样本变换：shift
样本变换：none
未过滤	未用伪标签：38.50% -> 使用伪标签：38.68%
已过滤	未用伪标签：38.54% -> 使用伪标签：38.79%
排除样本：16|6000	剩余：660, 3001, 2323
增添样本：3028		细则：2341, 0, 687	正确率估算：100.00%
类型1 正确率：  33.00% -> 1   33.00%, 2   67.00%, 3    0.00%
类型2 正确率：  33.00% -> 1    0.00%, 2   33.32%, 3   66.68%
类型3 正确率：  50.00% -> 1    0.00%, 2   50.00%, 3   50.00%

被排除样本 正确率：25.00%
类型1 正确率：  25.00% -> 1   25.00%, 2   75.00%
类型2 没有样本或未被分类。


轮次:·11/·20 || c_Loss:0.354 || e_Loss:-0.920 || Aad_Loss:-33.616 || 耗时：33.09s
轮次:·12/·20 || c_Loss:0.379 || e_Loss:-0.786 || Aad_Loss:-37.612 || 耗时：12.63s
轮次:·13/·20 || c_Loss:0.361 || e_Loss:-0.898 || Aad_Loss:-35.352 || 耗时：12.63s
轮次:·14/·20 || c_Loss:0.361 || e_Loss:-0.955 || Aad_Loss:-31.590 || 耗时：12.67s
轮次:·15/·20 || c_Loss:0.365 || e_Loss:-0.920 || Aad_Loss:-33.087 || 耗时：12.64s
任务: (B3)N15_M07_F04→(B2)N15_M07_F10; mix批次:····0; 批次:·1410/·1880;  总正确率: 38.73%
类型1 正确率：  33.00% -> 1   33.00%, 2   67.00%, 3    0.00%
类型2 正确率：  33.00% -> 1    0.00%, 2   33.20%, 3   66.80%
类型3 正确率：  50.00% -> 1    0.00%, 2   50.00%, 3   50.00%


样本变换：reverse
样本变换：mask
样本变换：shift
样本变换：none
未过滤	未用伪标签：38.73% -> 使用伪标签：38.72%
已过滤	未用伪标签：38.73% -> 使用伪标签：38.73%
排除样本：2|6000	剩余：660, 3003, 2335
增添样本：3011		细则：2343, 0, 668	正确率估算：100.00%
类型1 正确率：  33.00% -> 1   33.00%, 2   67.00%, 3    0.00%
类型2 正确率：  33.00% -> 1    0.00%, 2   33.18%, 3   66.82%
类型3 正确率：  50.00% -> 1    0.00%, 2   50.00%, 3   50.00%

被排除样本 正确率：50.00%
类型1 正确率：  50.00% -> 1   50.00%, 2   50.00%
类型2 没有样本或未被分类。


轮次:·16/·20 || c_Loss:0.371 || e_Loss:-0.933 || Aad_Loss:-34.908 || 耗时：33.06s
轮次:·17/·20 || c_Loss:0.381 || e_Loss:-0.939 || Aad_Loss:-33.583 || 耗时：12.61s
轮次:·18/·20 || c_Loss:0.385 || e_Loss:-0.987 || Aad_Loss:-33.263 || 耗时：12.63s
轮次:·19/·20 || c_Loss:0.387 || e_Loss:-1.359 || Aad_Loss:-33.329 || 耗时：12.62s
轮次:·20/·20 || c_Loss:0.384 || e_Loss:-0.939 || Aad_Loss:-35.043 || 耗时：12.64s
任务: (B3)N15_M07_F04→(B2)N15_M07_F10; mix批次:····0; 批次:·1880/·1880;  总正确率: 38.68%
类型1 正确率：  33.00% -> 1   33.00%, 2   67.00%, 3    0.00%
类型2 正确率：  33.00% -> 1    0.00%, 2   33.05%, 3   66.95%
类型3 正确率：  50.00% -> 1    0.00%, 2   50.00%, 3   50.00%


测试集任务: (B3)N15_M07_F04→(B2)N15_M07_F10; 总正确率 = 38.68%
类型1 正确率：  33.00% -> 1   33.00%, 2   67.00%, 3    0.00%
类型2 正确率：  33.00% -> 1    0.00%, 2   33.05%, 3   66.95%
类型3 正确率：  50.00% -> 1    0.00%, 2   50.00%, 3   50.00%


