读取源域路径：/kaggle/working/m1/weight_PU_M1_final_checkpoint_FAtoA_s2024/NEW_PU/Source-源域/log&pt/(B1)N15_M01_F10
excel输出位置：/kaggle/working/m1/weight_PU_M1_final_checkpoint_FAtoA_s2024/NEW_PU/Target-目标域
特征图片输出位置：/kaggle/working/m1/weight_PU_M1_final_checkpoint_FAtoA_s2024/NEW_PU/Picture-特征图/2026年09月13日13时34分/(B1)N15_M01_F10
现在选取:(B1)N15_M01_F10 进行训练的源模型
现在进行：(B1)N15_M01_F10→(B3)N15_M07_F04 的迁移任务
log&pt输出位置：/kaggle/working/m1/weight_PU_M1_final_checkpoint_FAtoA_s2024/NEW_PU/Target-目标域/log&pt/(B1)N15_M01_F10→(B3)N15_M07_F04
任务: (B1)N15_M01_F10→(B3)N15_M07_F04; 批次:····0/·1880;  总正确率: 75.93%
类型1 正确率： 100.00% -> 1  100.00%, 2    0.00%, 3    0.00%
类型2 正确率：  95.00% -> 1    0.00%, 2   94.85%, 3    5.15%
类型3 正确率：  33.00% -> 1   19.60%, 2   47.45%, 3   32.95%


样本变换：reverse
样本变换：mask
样本变换：shift
样本变换：none
未过滤	未用伪标签：75.93% -> 使用伪标签：79.85%
已过滤	未用伪标签：76.78% -> 使用伪标签：80.97%
排除样本：83|6000	剩余：2263, 2610, 1044
增添样本：1913		细则：347, 0, 1566	正确率估算：76.71%
类型1 正确率： 100.00% -> 1  100.00%, 2    0.00%, 3    0.00%
类型2 正确率：  94.00% -> 1    0.00%, 2   93.78%, 3    6.22%
类型3 正确率：  48.00% -> 1   13.68%, 2   38.45%, 3   47.87%

被排除样本 正确率：15.66%
类型1 没有样本或未被分类。
类型2 正确率： 100.00% -> 1    0.00%, 2  100.00%, 3    0.00%
类型3 正确率：  10.00% -> 1   43.59%, 2   46.15%, 3   10.26%


轮次:··1/·20 || c_Loss:0.602 || e_Loss:-1.637 || Aad_Loss:-25.411 || 耗时：29.80s
轮次:··2/·20 || c_Loss:0.463 || e_Loss:-0.961 || Aad_Loss:-27.205 || 耗时：12.37s
轮次:··3/·20 || c_Loss:0.424 || e_Loss:-1.472 || Aad_Loss:-29.645 || 耗时：12.35s
轮次:··4/·20 || c_Loss:0.403 || e_Loss:-0.881 || Aad_Loss:-28.794 || 耗时：12.29s
轮次:··5/·20 || c_Loss:0.432 || e_Loss:-1.506 || Aad_Loss:-27.063 || 耗时：12.28s
任务: (B1)N15_M01_F10→(B3)N15_M07_F04; mix批次:····0; 批次:··470/·1880;  总正确率: 80.03%
类型1 正确率： 100.00% -> 1  100.00%, 2    0.00%, 3    0.00%
类型2 正确率：  93.00% -> 1    0.00%, 2   92.70%, 3    7.30%
类型3 正确率：  47.00% -> 1   19.05%, 2   33.55%, 3   47.40%


样本变换：reverse
样本变换：mask
样本变换：shift
样本变换：none
未过滤	未用伪标签：80.03% -> 使用伪标签：79.70%
已过滤	未用伪标签：80.10% -> 使用伪标签：80.03%
排除样本：25|6000	剩余：2366, 2496, 1113
增添样本：1513		细则：130, 0, 1383	正确率估算：97.51%
类型1 正确率： 100.00% -> 1  100.00%, 2    0.00%, 3    0.00%
类型2 正确率：  92.00% -> 1    0.00%, 2   91.87%, 3    8.13%
类型3 正确率：  48.00% -> 1   18.47%, 2   33.55%, 3   47.98%

被排除样本 正确率：64.00%
类型1 没有样本或未被分类。
类型2 正确率： 100.00% -> 1    0.00%, 2  100.00%, 3    0.00%
类型3 正确率：  50.00% -> 1   50.00%, 2    0.00%, 3   50.00%


轮次:··6/·20 || c_Loss:0.391 || e_Loss:-0.909 || Aad_Loss:-30.130 || 耗时：29.65s
轮次:··7/·20 || c_Loss:0.414 || e_Loss:-0.895 || Aad_Loss:-25.476 || 耗时：12.29s
轮次:··8/·20 || c_Loss:0.429 || e_Loss:-0.887 || Aad_Loss:-25.049 || 耗时：12.30s
轮次:··9/·20 || c_Loss:0.408 || e_Loss:-0.931 || Aad_Loss:-29.993 || 耗时：12.27s
轮次:·10/·20 || c_Loss:0.452 || e_Loss:-0.859 || Aad_Loss:-24.283 || 耗时：12.28s
任务: (B1)N15_M01_F10→(B3)N15_M07_F04; mix批次:····0; 批次:··940/·1880;  总正确率: 80.38%
类型1 正确率： 100.00% -> 1  100.00%, 2    0.00%, 3    0.00%
类型2 正确率：  91.00% -> 1    0.00%, 2   91.15%, 3    8.85%
类型3 正确率：  50.00% -> 1   16.55%, 2   33.45%, 3   50.00%


样本变换：reverse
样本变换：mask
样本变换：shift
样本变换：none
未过滤	未用伪标签：80.38% -> 使用伪标签：79.63%
已过滤	未用伪标签：80.42% -> 使用伪标签：79.97%
排除样本：25|6000	剩余：2362, 2494, 1119
增添样本：1507		细则：132, 0, 1375	正确率估算：99.60%
类型1 正确率： 100.00% -> 1  100.00%, 2    0.00%, 3    0.00%
类型2 正确率：  92.00% -> 1    0.00%, 2   91.54%, 3    8.46%
类型3 正确率：  48.00% -> 1   18.30%, 2   33.67%, 3   48.03%

被排除样本 正确率：72.00%
类型1 没有样本或未被分类。
类型2 正确率：   0.00% -> 1    0.00%, 2    0.00%, 3  100.00%
类型3 正确率：  82.00% -> 1    9.09%, 2    9.09%, 3   81.82%


轮次:·11/·20 || c_Loss:0.411 || e_Loss:-1.797 || Aad_Loss:-28.278 || 耗时：29.63s
轮次:·12/·20 || c_Loss:0.395 || e_Loss:-0.958 || Aad_Loss:-29.150 || 耗时：12.26s
轮次:·13/·20 || c_Loss:0.410 || e_Loss:-0.802 || Aad_Loss:-32.606 || 耗时：12.30s
轮次:·14/·20 || c_Loss:0.434 || e_Loss:-1.878 || Aad_Loss:-25.309 || 耗时：12.28s
轮次:·15/·20 || c_Loss:0.408 || e_Loss:-0.938 || Aad_Loss:-28.126 || 耗时：12.30s
任务: (B1)N15_M01_F10→(B3)N15_M07_F04; mix批次:····0; 批次:·1410/·1880;  总正确率: 78.90%
类型1 正确率： 100.00% -> 1  100.00%, 2    0.00%, 3    0.00%
类型2 正确率：  91.00% -> 1    0.00%, 2   90.85%, 3    9.15%
类型3 正确率：  46.00% -> 1   20.90%, 2   33.25%, 3   45.85%


样本变换：reverse
样本变换：mask
样本变换：shift
样本变换：none
未过滤	未用伪标签：78.90% -> 使用伪标签：78.23%
已过滤	未用伪标签：78.93% -> 使用伪标签：78.48%
排除样本：19|6000	剩余：2451, 2487, 1043
增添样本：1480		细则：36, 0, 1444	正确率估算：100.00%
类型1 正确率： 100.00% -> 1  100.00%, 2    0.00%, 3    0.00%
类型2 正确率：  91.00% -> 1    0.00%, 2   91.38%, 3    8.62%
类型3 正确率：  44.00% -> 1   22.71%, 2   33.43%, 3   43.86%

被排除样本 正确率：68.42%
类型1 没有样本或未被分类。
类型2 正确率：  20.00% -> 1    0.00%, 2   20.00%, 3   80.00%
类型3 正确率：  86.00% -> 1    7.14%, 2    7.14%, 3   85.71%


轮次:·16/·20 || c_Loss:0.415 || e_Loss:-0.847 || Aad_Loss:-30.009 || 耗时：29.71s
轮次:·17/·20 || c_Loss:0.399 || e_Loss:-0.939 || Aad_Loss:-29.525 || 耗时：12.31s
轮次:·18/·20 || c_Loss:0.389 || e_Loss:-1.606 || Aad_Loss:-29.969 || 耗时：12.33s
轮次:·19/·20 || c_Loss:0.387 || e_Loss:-0.969 || Aad_Loss:-30.457 || 耗时：12.33s
轮次:·20/·20 || c_Loss:0.394 || e_Loss:-0.956 || Aad_Loss:-29.088 || 耗时：12.32s
任务: (B1)N15_M01_F10→(B3)N15_M07_F04; mix批次:····0; 批次:·1880/·1880;  总正确率: 78.42%
类型1 正确率： 100.00% -> 1  100.00%, 2    0.00%, 3    0.00%
类型2 正确率：  91.00% -> 1    0.00%, 2   91.00%, 3    9.00%
类型3 正确率：  44.00% -> 1   22.50%, 2   33.25%, 3   44.25%


测试集任务: (B1)N15_M01_F10→(B3)N15_M07_F04; 总正确率 = 78.42%
类型1 正确率： 100.00% -> 1  100.00%, 2    0.00%, 3    0.00%
类型2 正确率：  91.00% -> 1    0.00%, 2   91.00%, 3    9.00%
类型3 正确率：  44.00% -> 1   22.50%, 2   33.25%, 3   44.25%


