读取源域路径：/kaggle/working/m1/weight_PU_M1_final_checkpoint_FAtoA_s2024/NEW_PU/Source-源域/log&pt/(B2)N15_M07_F10
excel输出位置：/kaggle/working/m1/weight_PU_M1_final_checkpoint_FAtoA_s2024/NEW_PU/Target-目标域
特征图片输出位置：/kaggle/working/m1/weight_PU_M1_final_checkpoint_FAtoA_s2024/NEW_PU/Picture-特征图/2026年09月13日13时40分/(B2)N15_M07_F10
现在选取:(B2)N15_M07_F10 进行训练的源模型
现在进行：(B2)N15_M07_F10→(B1)N15_M01_F10 的迁移任务
log&pt输出位置：/kaggle/working/m1/weight_PU_M1_final_checkpoint_FAtoA_s2024/NEW_PU/Target-目标域/log&pt/(B2)N15_M07_F10→(B1)N15_M01_F10
任务: (B2)N15_M07_F10→(B1)N15_M01_F10; 批次:····0/·1880;  总正确率: 99.73%
类型1 正确率： 100.00% -> 1  100.00%, 2    0.00%, 3    0.00%
类型2 正确率： 100.00% -> 1    0.00%, 2   99.85%, 3    0.15%
类型3 正确率：  99.00% -> 1    0.00%, 2    0.65%, 3   99.35%


样本变换：reverse
样本变换：mask
样本变换：shift
样本变换：none
未过滤	未用伪标签：99.73% -> 使用伪标签：99.73%
已过滤	未用伪标签：99.77% -> 使用伪标签：99.88%
排除样本：9|6000	剩余：2003, 1996, 1992
增添样本：18		细则：0, 7, 11	正确率估算：100.00%
类型1 正确率： 100.00% -> 1  100.00%, 2    0.00%, 3    0.00%
类型2 正确率： 100.00% -> 1    0.15%, 2   99.80%, 3    0.05%
类型3 正确率： 100.00% -> 1    0.00%, 2    0.15%, 3   99.85%

被排除样本 正确率：77.78%
类型1 正确率： 100.00% -> 1  100.00%, 2    0.00%
类型2 正确率：  67.00% -> 1   33.33%, 2   66.67%


轮次:··1/·20 || c_Loss:0.601 || e_Loss:-1.048 || Aad_Loss:-27.241 || 耗时：29.08s
轮次:··2/·20 || c_Loss:0.461 || e_Loss:-1.026 || Aad_Loss:-27.790 || 耗时：12.34s
轮次:··3/·20 || c_Loss:0.418 || e_Loss:-1.144 || Aad_Loss:-27.958 || 耗时：12.25s
轮次:··4/·20 || c_Loss:0.421 || e_Loss:-0.908 || Aad_Loss:-30.290 || 耗时：12.23s
轮次:··5/·20 || c_Loss:0.395 || e_Loss:-0.989 || Aad_Loss:-29.390 || 耗时：12.21s
任务: (B2)N15_M07_F10→(B1)N15_M01_F10; mix批次:····0; 批次:··470/·1880;  总正确率: 99.85%
类型1 正确率： 100.00% -> 1  100.00%, 2    0.00%, 3    0.00%
类型2 正确率： 100.00% -> 1    0.00%, 2   99.95%, 3    0.05%
类型3 正确率： 100.00% -> 1    0.00%, 2    0.40%, 3   99.60%


样本变换：reverse
样本变换：mask
样本变换：shift
样本变换：none
未过滤	未用伪标签：99.85% -> 使用伪标签：99.92%
已过滤	未用伪标签：99.87% -> 使用伪标签：99.93%
排除样本：1|6000	剩余：2001, 2000, 1998
增添样本：4		细则：0, 1, 3	正确率估算：100.00%
类型1 正确率： 100.00% -> 1  100.00%, 2    0.00%, 3    0.00%
类型2 正确率： 100.00% -> 1    0.05%, 2   99.90%, 3    0.05%
类型3 正确率： 100.00% -> 1    0.00%, 2    0.10%, 3   99.90%

被排除样本 正确率：0.00%
类型1 没有样本或未被分类。
类型2 正确率：   0.00% -> 1  100.00%, 2    0.00%


轮次:··6/·20 || c_Loss:0.401 || e_Loss:-0.964 || Aad_Loss:-24.593 || 耗时：29.11s
轮次:··7/·20 || c_Loss:0.393 || e_Loss:-1.014 || Aad_Loss:-23.681 || 耗时：12.35s
轮次:··8/·20 || c_Loss:0.394 || e_Loss:-0.957 || Aad_Loss:-23.910 || 耗时：12.38s
轮次:··9/·20 || c_Loss:0.404 || e_Loss:-0.980 || Aad_Loss:-24.065 || 耗时：12.38s
轮次:·10/·20 || c_Loss:0.398 || e_Loss:-0.978 || Aad_Loss:-23.574 || 耗时：12.37s
任务: (B2)N15_M07_F10→(B1)N15_M01_F10; mix批次:····0; 批次:··940/·1880;  总正确率: 99.95%
类型1 正确率： 100.00% -> 1  100.00%, 2    0.00%, 3    0.00%
类型2 正确率： 100.00% -> 1    0.00%, 2   99.95%, 3    0.05%
类型3 正确率： 100.00% -> 1    0.00%, 2    0.10%, 3   99.90%


样本变换：reverse
样本变换：mask
样本变换：shift
样本变换：none
未过滤	未用伪标签：99.95% -> 使用伪标签：99.95%
已过滤	未用伪标签：99.95% -> 使用伪标签：99.97%
排除样本：1|6000	剩余：2001, 1998, 2000
增添样本：4		细则：0, 3, 1	正确率估算：100.00%
类型1 正确率： 100.00% -> 1  100.00%, 2    0.00%, 3    0.00%
类型2 正确率： 100.00% -> 1    0.05%, 2   99.90%, 3    0.05%
类型3 正确率： 100.00% -> 1    0.00%, 2    0.00%, 3  100.00%

被排除样本 正确率：100.00%
类型1 正确率： 100.00% -> 1  100.00%


轮次:·11/·20 || c_Loss:0.400 || e_Loss:-0.973 || Aad_Loss:-25.065 || 耗时：29.08s
轮次:·12/·20 || c_Loss:0.394 || e_Loss:-1.017 || Aad_Loss:-24.132 || 耗时：12.36s
轮次:·13/·20 || c_Loss:0.393 || e_Loss:-0.962 || Aad_Loss:-24.413 || 耗时：12.37s
轮次:·14/·20 || c_Loss:0.402 || e_Loss:-0.988 || Aad_Loss:-24.444 || 耗时：12.37s
轮次:·15/·20 || c_Loss:0.397 || e_Loss:-0.984 || Aad_Loss:-23.978 || 耗时：12.37s
任务: (B2)N15_M07_F10→(B1)N15_M01_F10; mix批次:····0; 批次:·1410/·1880;  总正确率: 99.98%
类型1 正确率： 100.00% -> 1  100.00%, 2    0.00%, 3    0.00%
类型2 正确率： 100.00% -> 1    0.00%, 2   99.95%, 3    0.05%
类型3 正确率： 100.00% -> 1    0.00%, 2    0.00%, 3  100.00%


样本变换：reverse
样本变换：mask
样本变换：shift
样本变换：none
未过滤	未用伪标签：99.98% -> 使用伪标签：99.97%
已过滤	未用伪标签：99.98% -> 使用伪标签：99.98%
排除样本：1|6000	剩余：2000, 1999, 2000
增添样本：1		细则：0, 1, 0	正确率估算：100.00%
类型1 正确率： 100.00% -> 1  100.00%, 2    0.00%, 3    0.00%
类型2 正确率： 100.00% -> 1    0.00%, 2   99.95%, 3    0.05%
类型3 正确率： 100.00% -> 1    0.00%, 2    0.00%, 3  100.00%

被排除样本 正确率：100.00%
类型1 正确率： 100.00% -> 1  100.00%


轮次:·16/·20 || c_Loss:0.397 || e_Loss:-1.010 || Aad_Loss:-23.149 || 耗时：29.33s
轮次:·17/·20 || c_Loss:0.397 || e_Loss:-1.006 || Aad_Loss:-22.903 || 耗时：12.38s
轮次:·18/·20 || c_Loss:0.433 || e_Loss:-0.913 || Aad_Loss:-23.914 || 耗时：12.37s
轮次:·19/·20 || c_Loss:0.393 || e_Loss:-1.013 || Aad_Loss:-23.280 || 耗时：12.38s
轮次:·20/·20 || c_Loss:0.394 || e_Loss:-0.996 || Aad_Loss:-23.036 || 耗时：12.37s
任务: (B2)N15_M07_F10→(B1)N15_M01_F10; mix批次:····0; 批次:·1880/·1880;  总正确率: 99.97%
类型1 正确率： 100.00% -> 1   99.95%, 2    0.05%, 3    0.00%
类型2 正确率： 100.00% -> 1    0.00%, 2   99.95%, 3    0.05%
类型3 正确率： 100.00% -> 1    0.00%, 2    0.00%, 3  100.00%


测试集任务: (B2)N15_M07_F10→(B1)N15_M01_F10; 总正确率 = 99.97%
类型1 正确率： 100.00% -> 1   99.95%, 2    0.05%, 3    0.00%
类型2 正确率： 100.00% -> 1    0.00%, 2   99.95%, 3    0.05%
类型3 正确率： 100.00% -> 1    0.00%, 2    0.00%, 3  100.00%


