读取源域路径：/kaggle/working/m1/weight_PU_M1_final_checkpoint_FAtoA_s2024/NEW_PU/Source-源域/log&pt/(B3)N15_M07_F04
excel输出位置：/kaggle/working/m1/weight_PU_M1_final_checkpoint_FAtoA_s2024/NEW_PU/Target-目标域
特征图片输出位置：/kaggle/working/m1/weight_PU_M1_final_checkpoint_FAtoA_s2024/NEW_PU/Picture-特征图/2026年09月13日13时56分/(B3)N15_M07_F04
现在选取:(B3)N15_M07_F04 进行训练的源模型
现在进行：(B3)N15_M07_F04→(B2)N15_M07_F10 的迁移任务
log&pt输出位置：/kaggle/working/m1/weight_PU_M1_final_checkpoint_FAtoA_s2024/NEW_PU/Target-目标域/log&pt/(B3)N15_M07_F04→(B2)N15_M07_F10
任务: (B3)N15_M07_F04→(B2)N15_M07_F10; 批次:····0/·1880;  总正确率: 84.70%
类型1 正确率： 100.00% -> 1   99.70%, 2    0.10%, 3    0.20%
类型2 正确率：  68.00% -> 1    0.20%, 2   68.10%, 3   31.70%
类型3 正确率：  86.00% -> 1    0.20%, 2   13.50%, 3   86.30%


样本变换：reverse
样本变换：mask
样本变换：shift
样本变换：none
未过滤	未用伪标签：84.70% -> 使用伪标签：83.10%
已过滤	未用伪标签：85.75% -> 使用伪标签：85.91%
排除样本：196|6000	剩余：2003, 1810, 1991
增添样本：205		细则：0, 193, 12	正确率估算：95.61%
类型1 正确率： 100.00% -> 1  100.00%, 2    0.00%, 3    0.00%
类型2 正确率：  76.00% -> 1    0.05%, 2   76.01%, 3   23.94%
类型3 正确率：  81.00% -> 1    0.16%, 2   18.82%, 3   81.03%

被排除样本 正确率：53.57%
类型1 正确率：   0.00% -> 1    0.00%, 2    0.00%, 3  100.00%
类型2 正确率：  15.00% -> 1    2.30%, 2   14.94%, 3   82.76%
类型3 正确率：  85.00% -> 1    2.78%, 2   12.04%, 3   85.19%


轮次:··1/·20 || c_Loss:0.558 || e_Loss:-1.346 || Aad_Loss:-22.153 || 耗时：29.34s
轮次:··2/·20 || c_Loss:0.437 || e_Loss:-1.696 || Aad_Loss:-24.728 || 耗时：12.46s
轮次:··3/·20 || c_Loss:0.376 || e_Loss:-0.838 || Aad_Loss:-27.158 || 耗时：12.41s
轮次:··4/·20 || c_Loss:0.380 || e_Loss:-1.434 || Aad_Loss:-28.549 || 耗时：12.39s
轮次:··5/·20 || c_Loss:0.421 || e_Loss:-1.675 || Aad_Loss:-25.720 || 耗时：12.36s
任务: (B3)N15_M07_F04→(B2)N15_M07_F10; mix批次:····0; 批次:··470/·1880;  总正确率: 85.55%
类型1 正确率： 100.00% -> 1  100.00%, 2    0.00%, 3    0.00%
类型2 正确率：  76.00% -> 1    0.05%, 2   75.90%, 3   24.05%
类型3 正确率：  81.00% -> 1    0.00%, 2   19.25%, 3   80.75%


样本变换：reverse
样本变换：mask
样本变换：shift
样本变换：none
未过滤	未用伪标签：85.55% -> 使用伪标签：84.15%
已过滤	未用伪标签：85.81% -> 使用伪标签：85.50%
排除样本：95|6000	剩余：2003, 1864, 2038
增添样本：209		细则：35, 174, 0	正确率估算：100.00%
类型1 正确率： 100.00% -> 1  100.00%, 2    0.00%, 3    0.00%
类型2 正确率：  76.00% -> 1    0.15%, 2   75.71%, 3   24.13%
类型3 正确率：  80.00% -> 1    0.00%, 2   19.54%, 3   80.46%

被排除样本 正确率：69.47%
类型1 正确率：  62.00% -> 1   62.50%, 2   37.50%
类型2 正确率：  75.00% -> 1   25.45%, 2   74.55%


轮次:··6/·20 || c_Loss:0.384 || e_Loss:-1.578 || Aad_Loss:-26.520 || 耗时：29.28s
轮次:··7/·20 || c_Loss:0.394 || e_Loss:-0.864 || Aad_Loss:-28.944 || 耗时：12.42s
轮次:··8/·20 || c_Loss:0.373 || e_Loss:-0.811 || Aad_Loss:-26.482 || 耗时：12.41s
轮次:··9/·20 || c_Loss:0.367 || e_Loss:-1.777 || Aad_Loss:-28.351 || 耗时：12.39s
轮次:·10/·20 || c_Loss:0.395 || e_Loss:-1.677 || Aad_Loss:-28.705 || 耗时：12.38s
任务: (B3)N15_M07_F04→(B2)N15_M07_F10; mix批次:····0; 批次:··940/·1880;  总正确率: 84.60%
类型1 正确率： 100.00% -> 1  100.00%, 2    0.00%, 3    0.00%
类型2 正确率：  75.00% -> 1    0.05%, 2   75.25%, 3   24.70%
类型3 正确率：  79.00% -> 1    0.00%, 2   21.45%, 3   78.55%


样本变换：reverse
样本变换：mask
样本变换：shift
样本变换：none
未过滤	未用伪标签：84.60% -> 使用伪标签：83.55%
已过滤	未用伪标签：84.76% -> 使用伪标签：84.58%
排除样本：73|6000	剩余：2001, 1918, 2008
增添样本：97		细则：7, 90, 0	正确率估算：100.00%
类型1 正确率： 100.00% -> 1  100.00%, 2    0.00%, 3    0.00%
类型2 正确率：  75.00% -> 1    0.05%, 2   75.46%, 3   24.49%
类型3 正确率：  78.00% -> 1    0.00%, 2   21.99%, 3   78.01%

被排除样本 正确率：71.23%
类型1 正确率：  57.00% -> 1   57.14%, 2   42.86%
类型2 正确率：  80.00% -> 1   20.00%, 2   80.00%


轮次:·11/·20 || c_Loss:0.366 || e_Loss:-1.567 || Aad_Loss:-33.483 || 耗时：29.21s
轮次:·12/·20 || c_Loss:0.366 || e_Loss:-0.914 || Aad_Loss:-29.558 || 耗时：12.30s
轮次:·13/·20 || c_Loss:0.376 || e_Loss:-1.571 || Aad_Loss:-29.240 || 耗时：12.29s
轮次:·14/·20 || c_Loss:0.399 || e_Loss:-1.837 || Aad_Loss:-29.125 || 耗时：12.33s
轮次:·15/·20 || c_Loss:0.379 || e_Loss:-0.909 || Aad_Loss:-30.189 || 耗时：12.29s
任务: (B3)N15_M07_F04→(B2)N15_M07_F10; mix批次:····0; 批次:·1410/·1880;  总正确率: 83.53%
类型1 正确率： 100.00% -> 1  100.00%, 2    0.00%, 3    0.00%
类型2 正确率：  75.00% -> 1    0.05%, 2   75.20%, 3   24.75%
类型3 正确率：  75.00% -> 1    0.00%, 2   24.60%, 3   75.40%


样本变换：reverse
样本变换：mask
样本变换：shift
样本变换：none
未过滤	未用伪标签：83.53% -> 使用伪标签：82.65%
已过滤	未用伪标签：83.72% -> 使用伪标签：83.58%
排除样本：67|6000	剩余：2001, 1982, 1950
增添样本：70		细则：0, 19, 51	正确率估算：100.00%
类型1 正确率： 100.00% -> 1  100.00%, 2    0.00%, 3    0.00%
类型2 正确率：  76.00% -> 1    0.05%, 2   75.56%, 3   24.39%
类型3 正确率：  75.00% -> 1    0.00%, 2   25.09%, 3   74.91%

被排除样本 正确率：67.16%
类型1 正确率：  50.00% -> 1   50.00%, 2   50.00%
类型2 正确率：  79.00% -> 1   20.51%, 2   79.49%


轮次:·16/·20 || c_Loss:0.382 || e_Loss:-0.923 || Aad_Loss:-29.395 || 耗时：29.22s
轮次:·17/·20 || c_Loss:0.389 || e_Loss:-1.916 || Aad_Loss:-27.248 || 耗时：12.36s
轮次:·18/·20 || c_Loss:0.399 || e_Loss:-0.832 || Aad_Loss:-31.410 || 耗时：12.38s
轮次:·19/·20 || c_Loss:0.455 || e_Loss:-0.750 || Aad_Loss:-31.730 || 耗时：12.40s
轮次:·20/·20 || c_Loss:0.405 || e_Loss:-0.819 || Aad_Loss:-27.367 || 耗时：12.38s
任务: (B3)N15_M07_F04→(B2)N15_M07_F10; mix批次:····0; 批次:·1880/·1880;  总正确率: 82.92%
类型1 正确率： 100.00% -> 1  100.00%, 2    0.00%, 3    0.00%
类型2 正确率：  75.00% -> 1    0.05%, 2   75.00%, 3   24.95%
类型3 正确率：  74.00% -> 1    0.00%, 2   26.25%, 3   73.75%


测试集任务: (B3)N15_M07_F04→(B2)N15_M07_F10; 总正确率 = 82.92%
类型1 正确率： 100.00% -> 1  100.00%, 2    0.00%, 3    0.00%
类型2 正确率：  75.00% -> 1    0.05%, 2   75.00%, 3   24.95%
类型3 正确率：  74.00% -> 1    0.00%, 2   26.25%, 3   73.75%


