读取源域路径：/kaggle/working/m1/weight_PU_M1_final_checkpoint_FAtoA_s2024/NEW_PU/Source-源域/log&pt/(B3)N15_M07_F04
excel输出位置：/kaggle/working/m1/weight_PU_M1_final_checkpoint_FAtoA_s2024/NEW_PU/Target-目标域
特征图片输出位置：/kaggle/working/m1/weight_PU_M1_final_checkpoint_FAtoA_s2024/NEW_PU/Picture-特征图/2026年09月13日13时51分/(B3)N15_M07_F04
现在选取:(B3)N15_M07_F04 进行训练的源模型
现在进行：(B3)N15_M07_F04→(B1)N15_M01_F10 的迁移任务
log&pt输出位置：/kaggle/working/m1/weight_PU_M1_final_checkpoint_FAtoA_s2024/NEW_PU/Target-目标域/log&pt/(B3)N15_M07_F04→(B1)N15_M01_F10
任务: (B3)N15_M07_F04→(B1)N15_M01_F10; 批次:····0/·1880;  总正确率: 82.97%
类型1 正确率： 100.00% -> 1   99.80%, 2    0.10%, 3    0.10%
类型2 正确率：  71.00% -> 1    0.05%, 2   70.95%, 3   29.00%
类型3 正确率：  78.00% -> 1    0.35%, 2   21.50%, 3   78.15%


样本变换：reverse
样本变换：mask
样本变换：shift
样本变换：none
未过滤	未用伪标签：82.97% -> 使用伪标签：82.20%
已过滤	未用伪标签：84.40% -> 使用伪标签：85.28%
排除样本：217|6000	剩余：2003, 1927, 1853
增添样本：226		细则：0, 76, 150	正确率估算：94.25%
类型1 正确率： 100.00% -> 1  100.00%, 2    0.00%, 3    0.00%
类型2 正确率：  78.00% -> 1    0.00%, 2   78.33%, 3   21.67%
类型3 正确率：  77.00% -> 1    0.21%, 2   23.11%, 3   76.68%

被排除样本 正确率：44.70%
类型1 正确率：   0.00% -> 1    0.00%, 2    0.00%, 3  100.00%
类型2 正确率：  13.00% -> 1    1.06%, 2   12.77%, 3   86.17%
类型3 正确率：  70.00% -> 1    2.46%, 2   27.87%, 3   69.67%


轮次:··1/·20 || c_Loss:0.494 || e_Loss:-0.967 || Aad_Loss:-25.803 || 耗时：29.30s
轮次:··2/·20 || c_Loss:0.425 || e_Loss:-1.525 || Aad_Loss:-22.761 || 耗时：12.40s
轮次:··3/·20 || c_Loss:0.382 || e_Loss:-1.498 || Aad_Loss:-26.024 || 耗时：12.34s
轮次:··4/·20 || c_Loss:0.390 || e_Loss:-0.784 || Aad_Loss:-27.741 || 耗时：12.31s
轮次:··5/·20 || c_Loss:0.354 || e_Loss:-1.701 || Aad_Loss:-27.290 || 耗时：12.30s
任务: (B3)N15_M07_F04→(B1)N15_M01_F10; mix批次:····0; 批次:··470/·1880;  总正确率: 84.37%
类型1 正确率： 100.00% -> 1   99.95%, 2    0.05%, 3    0.00%
类型2 正确率：  79.00% -> 1    0.00%, 2   78.80%, 3   21.20%
类型3 正确率：  74.00% -> 1    0.00%, 2   25.65%, 3   74.35%


样本变换：reverse
样本变换：mask
样本变换：shift
样本变换：none
未过滤	未用伪标签：84.37% -> 使用伪标签：83.45%
已过滤	未用伪标签：84.90% -> 使用伪标签：85.14%
排除样本：119|6000	剩余：2000, 1969, 1912
增添样本：119		细则：0, 31, 88	正确率估算：96.64%
类型1 正确率： 100.00% -> 1  100.00%, 2    0.00%, 3    0.00%
类型2 正确率：  78.00% -> 1    0.00%, 2   78.03%, 3   21.97%
类型3 正确率：  77.00% -> 1    0.00%, 2   23.08%, 3   76.92%

被排除样本 正确率：57.98%
类型1 正确率：  70.00% -> 1   70.21%, 2   29.79%
类型2 正确率：  50.00% -> 1   50.00%, 2   50.00%


轮次:··6/·20 || c_Loss:0.381 || e_Loss:-0.836 || Aad_Loss:-27.640 || 耗时：29.28s
轮次:··7/·20 || c_Loss:0.366 || e_Loss:-1.582 || Aad_Loss:-28.655 || 耗时：12.35s
轮次:··8/·20 || c_Loss:0.376 || e_Loss:-1.689 || Aad_Loss:-30.085 || 耗时：12.37s
轮次:··9/·20 || c_Loss:0.471 || e_Loss:-1.301 || Aad_Loss:-31.897 || 耗时：12.38s
轮次:·10/·20 || c_Loss:0.402 || e_Loss:-1.607 || Aad_Loss:-27.396 || 耗时：12.37s
任务: (B3)N15_M07_F04→(B1)N15_M01_F10; mix批次:····0; 批次:··940/·1880;  总正确率: 84.50%
类型1 正确率： 100.00% -> 1  100.00%, 2    0.00%, 3    0.00%
类型2 正确率：  76.00% -> 1    0.00%, 2   76.25%, 3   23.75%
类型3 正确率：  77.00% -> 1    0.00%, 2   22.75%, 3   77.25%


样本变换：reverse
样本变换：mask
样本变换：shift
样本变换：none
未过滤	未用伪标签：84.50% -> 使用伪标签：83.35%
已过滤	未用伪标签：84.72% -> 使用伪标签：84.45%
排除样本：78|6000	剩余：2000, 1969, 1953
增添样本：78		细则：0, 31, 47	正确率估算：100.00%
类型1 正确率： 100.00% -> 1  100.00%, 2    0.00%, 3    0.00%
类型2 正确率：  77.00% -> 1    0.00%, 2   76.60%, 3   23.40%
类型3 正确率：  76.00% -> 1    0.00%, 2   23.57%, 3   76.43%

被排除样本 正确率：67.95%
类型1 正确率：  57.00% -> 1   56.67%, 2   43.33%
类型2 正确率：  75.00% -> 1   25.00%, 2   75.00%


轮次:·11/·20 || c_Loss:0.386 || e_Loss:-1.623 || Aad_Loss:-28.766 || 耗时：29.20s
轮次:·12/·20 || c_Loss:0.381 || e_Loss:-1.700 || Aad_Loss:-28.951 || 耗时：12.37s
轮次:·13/·20 || c_Loss:0.392 || e_Loss:-0.874 || Aad_Loss:-27.988 || 耗时：12.37s
轮次:·14/·20 || c_Loss:0.384 || e_Loss:-1.445 || Aad_Loss:-28.279 || 耗时：12.38s
轮次:·15/·20 || c_Loss:0.404 || e_Loss:-1.632 || Aad_Loss:-29.698 || 耗时：12.38s
任务: (B3)N15_M07_F04→(B1)N15_M01_F10; mix批次:····0; 批次:·1410/·1880;  总正确率: 83.68%
类型1 正确率： 100.00% -> 1   99.95%, 2    0.05%, 3    0.00%
类型2 正确率：  75.00% -> 1    0.00%, 2   75.45%, 3   24.55%
类型3 正确率：  76.00% -> 1    0.00%, 2   24.35%, 3   75.65%


样本变换：reverse
样本变换：mask
样本变换：shift
样本变换：none
未过滤	未用伪标签：83.68% -> 使用伪标签：82.75%
已过滤	未用伪标签：83.87% -> 使用伪标签：83.60%
排除样本：61|6000	剩余：2000, 2026, 1913
增添样本：139		细则：26, 0, 113	正确率估算：100.00%
类型1 正确率： 100.00% -> 1  100.00%, 2    0.00%, 3    0.00%
类型2 正确率：  77.00% -> 1    0.00%, 2   76.62%, 3   23.38%
类型3 正确率：  74.00% -> 1    0.00%, 2   26.08%, 3   73.92%

被排除样本 正确率：65.57%
类型1 正确率：  29.00% -> 1   29.17%, 2   70.83%
类型2 正确率：  89.00% -> 1   10.81%, 2   89.19%


轮次:·16/·20 || c_Loss:0.403 || e_Loss:-1.787 || Aad_Loss:-26.902 || 耗时：29.28s
轮次:·17/·20 || c_Loss:0.380 || e_Loss:-0.931 || Aad_Loss:-30.037 || 耗时：12.38s
轮次:·18/·20 || c_Loss:0.378 || e_Loss:-0.912 || Aad_Loss:-29.099 || 耗时：12.40s
轮次:·19/·20 || c_Loss:0.443 || e_Loss:-0.874 || Aad_Loss:-29.311 || 耗时：12.38s
轮次:·20/·20 || c_Loss:0.437 || e_Loss:-0.826 || Aad_Loss:-27.164 || 耗时：12.42s
任务: (B3)N15_M07_F04→(B1)N15_M01_F10; mix批次:····0; 批次:·1880/·1880;  总正确率: 83.02%
类型1 正确率： 100.00% -> 1  100.00%, 2    0.00%, 3    0.00%
类型2 正确率：  76.00% -> 1    0.00%, 2   75.60%, 3   24.40%
类型3 正确率：  73.00% -> 1    0.00%, 2   26.55%, 3   73.45%


测试集任务: (B3)N15_M07_F04→(B1)N15_M01_F10; 总正确率 = 83.02%
类型1 正确率： 100.00% -> 1  100.00%, 2    0.00%, 3    0.00%
类型2 正确率：  76.00% -> 1    0.00%, 2   75.60%, 3   24.40%
类型3 正确率：  73.00% -> 1    0.00%, 2   26.55%, 3   73.45%


