读取源域路径：/kaggle/working/m1/weight_PU_M1_final_checkpoint_FAtoA_s2024/NEW_PU/Source-源域/log&pt/(B1)N15_M01_F10
excel输出位置：/kaggle/working/m1/weight_PU_M1_final_checkpoint_FAtoA_s2024/NEW_PU/Target-目标域
特征图片输出位置：/kaggle/working/m1/weight_PU_M1_final_checkpoint_FAtoA_s2024/NEW_PU/Picture-特征图/2026年09月13日13时29分/(B1)N15_M01_F10
现在选取:(B1)N15_M01_F10 进行训练的源模型
现在进行：(B1)N15_M01_F10→(B2)N15_M07_F10 的迁移任务
log&pt输出位置：/kaggle/working/m1/weight_PU_M1_final_checkpoint_FAtoA_s2024/NEW_PU/Target-目标域/log&pt/(B1)N15_M01_F10→(B2)N15_M07_F10
任务: (B1)N15_M01_F10→(B2)N15_M07_F10; 批次:····0/·1880;  总正确率: 98.32%
类型1 正确率： 100.00% -> 1  100.00%, 2    0.00%, 3    0.00%
类型2 正确率： 100.00% -> 1    0.10%, 2   99.70%, 3    0.20%
类型3 正确率：  95.00% -> 1    0.00%, 2    4.75%, 3   95.25%


样本变换：reverse
样本变换：mask
样本变换：shift
样本变换：none
未过滤	未用伪标签：98.32% -> 使用伪标签：98.55%
已过滤	未用伪标签：98.66% -> 使用伪标签：99.05%
排除样本：30|6000	剩余：2001, 2044, 1925
增添样本：162		细则：43, 0, 119	正确率估算：100.00%
类型1 正确率： 100.00% -> 1  100.00%, 2    0.00%, 3    0.00%
类型2 正确率： 100.00% -> 1    0.05%, 2   99.80%, 3    0.15%
类型3 正确率：  97.00% -> 1    0.00%, 2    2.68%, 3   97.32%

被排除样本 正确率：30.00%
类型1 没有样本或未被分类。
类型2 正确率：  60.00% -> 1   20.00%, 2   60.00%, 3   20.00%
类型3 正确率：  24.00% -> 1    0.00%, 2   76.00%, 3   24.00%


轮次:··1/·20 || c_Loss:0.688 || e_Loss:-1.195 || Aad_Loss:-23.356 || 耗时：30.09s
轮次:··2/·20 || c_Loss:0.446 || e_Loss:-1.590 || Aad_Loss:-27.313 || 耗时：12.58s
轮次:··3/·20 || c_Loss:0.394 || e_Loss:-1.605 || Aad_Loss:-27.787 || 耗时：12.37s
轮次:··4/·20 || c_Loss:0.393 || e_Loss:-0.954 || Aad_Loss:-27.859 || 耗时：12.24s
轮次:··5/·20 || c_Loss:0.386 || e_Loss:-0.926 || Aad_Loss:-31.114 || 耗时：12.20s
任务: (B1)N15_M01_F10→(B2)N15_M07_F10; mix批次:····0; 批次:··470/·1880;  总正确率: 99.80%
类型1 正确率： 100.00% -> 1  100.00%, 2    0.00%, 3    0.00%
类型2 正确率： 100.00% -> 1    0.05%, 2   99.75%, 3    0.20%
类型3 正确率： 100.00% -> 1    0.00%, 2    0.35%, 3   99.65%


样本变换：reverse
样本变换：mask
样本变换：shift
样本变换：none
未过滤	未用伪标签：99.80% -> 使用伪标签：99.78%
已过滤	未用伪标签：99.80% -> 使用伪标签：99.87%
排除样本：5|6000	剩余：2001, 1991, 2003
增添样本：14		细则：2, 12, 0	正确率估算：100.00%
类型1 正确率： 100.00% -> 1  100.00%, 2    0.00%, 3    0.00%
类型2 正确率： 100.00% -> 1    0.05%, 2   99.70%, 3    0.25%
类型3 正确率： 100.00% -> 1    0.00%, 2    0.10%, 3   99.90%

被排除样本 正确率：100.00%
类型1 正确率： 100.00% -> 1  100.00%


轮次:··6/·20 || c_Loss:0.387 || e_Loss:-0.964 || Aad_Loss:-30.155 || 耗时：29.05s
轮次:··7/·20 || c_Loss:0.405 || e_Loss:-0.940 || Aad_Loss:-27.462 || 耗时：12.39s
轮次:··8/·20 || c_Loss:0.399 || e_Loss:-0.977 || Aad_Loss:-28.849 || 耗时：12.41s
轮次:··9/·20 || c_Loss:0.402 || e_Loss:-0.988 || Aad_Loss:-27.882 || 耗时：12.38s
轮次:·10/·20 || c_Loss:0.398 || e_Loss:-0.942 || Aad_Loss:-30.104 || 耗时：12.34s
任务: (B1)N15_M01_F10→(B2)N15_M07_F10; mix批次:····0; 批次:··940/·1880;  总正确率: 99.88%
类型1 正确率： 100.00% -> 1  100.00%, 2    0.00%, 3    0.00%
类型2 正确率： 100.00% -> 1    0.05%, 2   99.75%, 3    0.20%
类型3 正确率： 100.00% -> 1    0.00%, 2    0.10%, 3   99.90%


样本变换：reverse
样本变换：mask
样本变换：shift
样本变换：none
未过滤	未用伪标签：99.88% -> 使用伪标签：99.85%
已过滤	未用伪标签：99.88% -> 使用伪标签：99.88%
排除样本：2|6000	剩余：2001, 1995, 2002
增添样本：8		细则：1, 7, 0	正确率估算：100.00%
类型1 正确率： 100.00% -> 1  100.00%, 2    0.00%, 3    0.00%
类型2 正确率： 100.00% -> 1    0.05%, 2   99.75%, 3    0.20%
类型3 正确率： 100.00% -> 1    0.00%, 2    0.10%, 3   99.90%

被排除样本 正确率：100.00%
类型1 正确率： 100.00% -> 1  100.00%


轮次:·11/·20 || c_Loss:0.409 || e_Loss:-0.963 || Aad_Loss:-26.040 || 耗时：29.08s
轮次:·12/·20 || c_Loss:0.410 || e_Loss:-0.939 || Aad_Loss:-28.250 || 耗时：12.36s
轮次:·13/·20 || c_Loss:0.407 || e_Loss:-0.966 || Aad_Loss:-26.737 || 耗时：12.38s
轮次:·14/·20 || c_Loss:0.395 || e_Loss:-1.000 || Aad_Loss:-26.099 || 耗时：12.37s
轮次:·15/·20 || c_Loss:0.402 || e_Loss:-0.961 || Aad_Loss:-26.345 || 耗时：12.38s
任务: (B1)N15_M01_F10→(B2)N15_M07_F10; mix批次:····0; 批次:·1410/·1880;  总正确率: 99.87%
类型1 正确率： 100.00% -> 1  100.00%, 2    0.00%, 3    0.00%
类型2 正确率： 100.00% -> 1    0.05%, 2   99.70%, 3    0.25%
类型3 正确率： 100.00% -> 1    0.00%, 2    0.10%, 3   99.90%


样本变换：reverse
样本变换：mask
样本变换：shift
样本变换：none
未过滤	未用伪标签：99.87% -> 使用伪标签：99.87%
已过滤	未用伪标签：99.88% -> 使用伪标签：99.90%
排除样本：2|6000	剩余：2001, 1994, 2003
增添样本：11		细则：2, 9, 0	正确率估算：100.00%
类型1 正确率： 100.00% -> 1  100.00%, 2    0.00%, 3    0.00%
类型2 正确率： 100.00% -> 1    0.05%, 2   99.75%, 3    0.20%
类型3 正确率： 100.00% -> 1    0.00%, 2    0.05%, 3   99.95%

被排除样本 正确率：50.00%
类型1 正确率：  50.00% -> 1   50.00%, 2   50.00%
类型2 没有样本或未被分类。


轮次:·16/·20 || c_Loss:0.425 || e_Loss:-0.945 || Aad_Loss:-27.108 || 耗时：29.12s
轮次:·17/·20 || c_Loss:0.399 || e_Loss:-0.992 || Aad_Loss:-27.540 || 耗时：12.36s
轮次:·18/·20 || c_Loss:0.397 || e_Loss:-0.995 || Aad_Loss:-27.621 || 耗时：12.37s
轮次:·19/·20 || c_Loss:0.397 || e_Loss:-0.994 || Aad_Loss:-27.506 || 耗时：12.35s
轮次:·20/·20 || c_Loss:0.416 || e_Loss:-0.966 || Aad_Loss:-27.365 || 耗时：12.38s
任务: (B1)N15_M01_F10→(B2)N15_M07_F10; mix批次:····0; 批次:·1880/·1880;  总正确率: 99.88%
类型1 正确率： 100.00% -> 1  100.00%, 2    0.00%, 3    0.00%
类型2 正确率： 100.00% -> 1    0.05%, 2   99.75%, 3    0.20%
类型3 正确率： 100.00% -> 1    0.00%, 2    0.10%, 3   99.90%


测试集任务: (B1)N15_M01_F10→(B2)N15_M07_F10; 总正确率 = 99.88%
类型1 正确率： 100.00% -> 1  100.00%, 2    0.00%, 3    0.00%
类型2 正确率： 100.00% -> 1    0.05%, 2   99.75%, 3    0.20%
类型3 正确率： 100.00% -> 1    0.00%, 2    0.10%, 3   99.90%


