读取源域路径：/kaggle/working/m2rep/rep1/weight_PU_M1_final_checkpoint_FAtoB_gatepcv_s2024/NEW_PU/Source-源域/log&pt/(B2)N15_M07_F10
excel输出位置：/kaggle/working/m2rep/rep1/weight_PU_M1_final_checkpoint_FAtoB_gatepcv_s2024/NEW_PU/Target-目标域
特征图片输出位置：/kaggle/working/m2rep/rep1/weight_PU_M1_final_checkpoint_FAtoB_gatepcv_s2024/NEW_PU/Picture-特征图/2026年09月14日15时27分/(B2)N15_M07_F10
现在选取:(B2)N15_M07_F10 进行训练的源模型
现在进行：(B2)N15_M07_F10→(B3)N15_M07_F04 的迁移任务
log&pt输出位置：/kaggle/working/m2rep/rep1/weight_PU_M1_final_checkpoint_FAtoB_gatepcv_s2024/NEW_PU/Target-目标域/log&pt/(B2)N15_M07_F10→(B3)N15_M07_F04
任务: (B2)N15_M07_F10→(B3)N15_M07_F04; 批次:····0/·1880;  总正确率: 67.97%
类型1 正确率：  86.00% -> 1   86.25%, 2   13.75%, 3    0.00%
类型2 正确率：  63.00% -> 1    0.00%, 2   62.55%, 3   37.45%
类型3 正确率：  55.00% -> 1    2.65%, 2   42.25%, 3   55.10%


样本变换：reverse
样本变换：mask
样本变换：shift
样本变换：none
未过滤	未用伪标签：67.97% -> 使用伪标签：57.53%
已过滤	未用伪标签：67.50% -> 使用伪标签：59.45%
排除样本：193|6000	剩余：2122, 1276, 2409
增添样本：1333		细则：245, 1088, 0	正确率估算：95.12%
类型1 正确率： 100.00% -> 1  100.00%, 2    0.00%, 3    0.00%
类型2 正确率：  24.00% -> 1    0.00%, 2   24.45%, 3   75.55%
类型3 正确率：  51.00% -> 1    6.47%, 2   42.14%, 3   51.39%

被排除样本 正确率：81.87%
类型1 正确率：   0.00% -> 1    0.00%, 2  100.00%, 3    0.00%
类型2 正确率：  82.00% -> 1    0.00%, 2   82.22%, 3   17.78%
类型3 正确率：  87.00% -> 1    1.85%, 2   11.11%, 3   87.04%


轮次:··1/·20 || c_Loss:0.596 || e_Loss:-0.967 || Aad_Loss:-22.918 || 耗时：34.08s
轮次:··2/·20 || c_Loss:0.372 || e_Loss:-1.206 || Aad_Loss:-24.520 || 耗时：12.93s
轮次:··3/·20 || c_Loss:0.518 || e_Loss:-1.187 || Aad_Loss:-22.587 || 耗时：12.86s
轮次:··4/·20 || c_Loss:0.377 || e_Loss:-1.599 || Aad_Loss:-26.487 || 耗时：12.84s
轮次:··5/·20 || c_Loss:0.381 || e_Loss:-1.384 || Aad_Loss:-29.708 || 耗时：12.88s
任务: (B2)N15_M07_F10→(B3)N15_M07_F04; mix批次:····0; 批次:··470/·1880;  总正确率: 58.82%
类型1 正确率： 100.00% -> 1  100.00%, 2    0.00%, 3    0.00%
类型2 正确率：  26.00% -> 1    0.00%, 2   26.45%, 3   73.55%
类型3 正确率：  50.00% -> 1    6.20%, 2   43.80%, 3   50.00%


样本变换：reverse
样本变换：mask
样本变换：shift
样本变换：none
未过滤	未用伪标签：58.82% -> 使用伪标签：56.55%
已过滤	未用伪标签：58.86% -> 使用伪标签：56.80%
排除样本：26|6000	剩余：2145, 1235, 2594
增添样本：1733		细则：411, 1322, 0	正确率估算：99.81%
类型1 正确率： 100.00% -> 1  100.00%, 2    0.00%, 3    0.00%
类型2 正确率：  20.00% -> 1    0.00%, 2   19.78%, 3   80.22%
类型3 正确率：  50.00% -> 1    7.30%, 2   42.38%, 3   50.33%

被排除样本 正确率：50.00%
类型1 没有样本或未被分类。
类型2 正确率： 100.00% -> 1    0.00%, 2  100.00%, 3    0.00%
类型3 正确率：   0.00% -> 1    7.69%, 2   92.31%, 3    0.00%


轮次:··6/·20 || c_Loss:0.353 || e_Loss:-0.850 || Aad_Loss:-29.631 || 耗时：33.98s
轮次:··7/·20 || c_Loss:0.369 || e_Loss:-1.731 || Aad_Loss:-26.245 || 耗时：12.88s
轮次:··8/·20 || c_Loss:0.339 || e_Loss:-0.864 || Aad_Loss:-30.554 || 耗时：12.91s
轮次:··9/·20 || c_Loss:0.394 || e_Loss:-1.396 || Aad_Loss:-25.829 || 耗时：12.85s
轮次:·10/·20 || c_Loss:0.350 || e_Loss:-0.861 || Aad_Loss:-30.228 || 耗时：12.97s
任务: (B2)N15_M07_F10→(B3)N15_M07_F04; mix批次:····0; 批次:··940/·1880;  总正确率: 57.43%
类型1 正确率： 100.00% -> 1  100.00%, 2    0.00%, 3    0.00%
类型2 正确率：  22.00% -> 1    0.00%, 2   22.30%, 3   77.70%
类型3 正确率：  50.00% -> 1    6.30%, 2   43.70%, 3   50.00%


样本变换：reverse
样本变换：mask
样本变换：shift
样本变换：none
未过滤	未用伪标签：57.43% -> 使用伪标签：57.12%
已过滤	未用伪标签：57.52% -> 使用伪标签：57.32%
排除样本：21|6000	剩余：2144, 1269, 2566
增添样本：1664		细则：395, 1269, 0	正确率估算：99.88%
类型1 正确率： 100.00% -> 1  100.00%, 2    0.00%, 3    0.00%
类型2 正确率：  21.00% -> 1    0.00%, 2   21.42%, 3   78.58%
类型3 正确率：  50.00% -> 1    7.25%, 2   42.40%, 3   50.35%

被排除样本 正确率：33.33%
类型1 正确率： 100.00% -> 1  100.00%, 2    0.00%
类型2 正确率：   0.00% -> 1  100.00%, 2    0.00%


轮次:·11/·20 || c_Loss:0.351 || e_Loss:-1.397 || Aad_Loss:-28.674 || 耗时：34.00s
轮次:·12/·20 || c_Loss:0.366 || e_Loss:-1.586 || Aad_Loss:-26.907 || 耗时：12.89s
轮次:·13/·20 || c_Loss:0.372 || e_Loss:-1.704 || Aad_Loss:-26.398 || 耗时：12.90s
轮次:·14/·20 || c_Loss:0.350 || e_Loss:-0.827 || Aad_Loss:-31.626 || 耗时：12.87s
轮次:·15/·20 || c_Loss:0.363 || e_Loss:-1.646 || Aad_Loss:-28.069 || 耗时：12.96s
任务: (B2)N15_M07_F10→(B3)N15_M07_F04; mix批次:····0; 批次:·1410/·1880;  总正确率: 58.47%
类型1 正确率： 100.00% -> 1  100.00%, 2    0.00%, 3    0.00%
类型2 正确率：  25.00% -> 1    0.00%, 2   25.40%, 3   74.60%
类型3 正确率：  50.00% -> 1    6.70%, 2   43.30%, 3   50.00%


样本变换：reverse
样本变换：mask
样本变换：shift
样本变换：none
未过滤	未用伪标签：58.47% -> 使用伪标签：57.98%
已过滤	未用伪标签：58.49% -> 使用伪标签：58.17%
排除样本：19|6000	剩余：2152, 1320, 2509
增添样本：1513		细则：342, 1171, 0	正确率估算：99.74%
类型1 正确率： 100.00% -> 1  100.00%, 2    0.00%, 3    0.00%
类型2 正确率：  24.00% -> 1    0.00%, 2   24.09%, 3   75.91%
类型3 正确率：  50.00% -> 1    7.63%, 2   42.20%, 3   50.18%

被排除样本 正确率：52.63%
类型1 正确率：  83.00% -> 1   83.33%, 2   16.67%
类型2 正确率：   0.00% -> 1  100.00%, 2    0.00%


轮次:·16/·20 || c_Loss:0.328 || e_Loss:-1.377 || Aad_Loss:-29.812 || 耗时：33.84s
轮次:·17/·20 || c_Loss:0.348 || e_Loss:-1.697 || Aad_Loss:-28.967 || 耗时：12.88s
轮次:·18/·20 || c_Loss:0.334 || e_Loss:-1.789 || Aad_Loss:-31.136 || 耗时：12.88s
轮次:·19/·20 || c_Loss:0.351 || e_Loss:-1.873 || Aad_Loss:-29.355 || 耗时：12.88s
轮次:·20/·20 || c_Loss:0.344 || e_Loss:-0.882 || Aad_Loss:-28.944 || 耗时：12.93s
任务: (B2)N15_M07_F10→(B3)N15_M07_F04; mix批次:····0; 批次:·1880/·1880;  总正确率: 58.73%
类型1 正确率： 100.00% -> 1  100.00%, 2    0.00%, 3    0.00%
类型2 正确率：  26.00% -> 1    0.00%, 2   26.20%, 3   73.80%
类型3 正确率：  50.00% -> 1    7.30%, 2   42.70%, 3   50.00%


测试集任务: (B2)N15_M07_F10→(B3)N15_M07_F04; 总正确率 = 58.73%
类型1 正确率： 100.00% -> 1  100.00%, 2    0.00%, 3    0.00%
类型2 正确率：  26.00% -> 1    0.00%, 2   26.20%, 3   73.80%
类型3 正确率：  50.00% -> 1    7.30%, 2   42.70%, 3   50.00%


