读取源域路径：/kaggle/working/hust/H1/weight_HUST_M1_final_checkpoint_FH1toH1c_s2024/NEW_PU/Source-源域/log&pt/(B1)N15_M01_F10
excel输出位置：/kaggle/working/hust/H1/weight_HUST_M1_final_checkpoint_FH1toH1c_s2024/NEW_PU/Target-目标域
特征图片输出位置：/kaggle/working/hust/H1/weight_HUST_M1_final_checkpoint_FH1toH1c_s2024/NEW_PU/Picture-特征图/2026年09月19日12时06分/(B1)N15_M01_F10
现在选取:(B1)N15_M01_F10 进行训练的源模型
现在进行：(B1)N15_M01_F10→(B2)N15_M07_F10 的迁移任务
log&pt输出位置：/kaggle/working/hust/H1/weight_HUST_M1_final_checkpoint_FH1toH1c_s2024/NEW_PU/Target-目标域/log&pt/(B1)N15_M01_F10→(B2)N15_M07_F10
任务: (B1)N15_M01_F10→(B2)N15_M07_F10; 批次:····0/·1880;  总正确率: 66.53%
类型1 正确率： 100.00% -> 1  100.00%, 2    0.00%, 3    0.00%
类型2 正确率： 100.00% -> 1    0.15%, 2   99.60%, 3    0.25%
类型3 正确率：   0.00% -> 1   50.00%, 2   50.00%, 3    0.00%


样本变换：reverse
样本变换：mask
样本变换：shift
样本变换：none
未过滤	未用伪标签：66.53% -> 使用伪标签：67.50%
已过滤	未用伪标签：75.11% -> 使用伪标签：76.76%
排除样本：724|6000	剩余：3000, 2044, 232
增添样本：3724		细则：0, 956, 2768	正确率估算：80.72%
类型1 正确率： 100.00% -> 1  100.00%, 2    0.00%, 3    0.00%
类型2 正确率：  96.00% -> 1    0.00%, 2   96.14%, 3    3.86%
类型3 正确率：  12.00% -> 1   76.57%, 2   11.49%, 3   11.94%

被排除样本 正确率：4.01%
类型1 正确率：  97.00% -> 1   96.67%, 2    3.33%
类型2 正确率：   0.00% -> 1  100.00%, 2    0.00%


轮次:··1/·20 || c_Loss:0.407 || e_Loss:-1.334 || Aad_Loss:-33.903 || 耗时：35.53s
轮次:··2/·20 || c_Loss:0.394 || e_Loss:-1.515 || Aad_Loss:-34.243 || 耗时：13.25s
轮次:··3/·20 || c_Loss:0.364 || e_Loss:-1.545 || Aad_Loss:-35.896 || 耗时：13.00s
轮次:··4/·20 || c_Loss:0.399 || e_Loss:-1.475 || Aad_Loss:-36.719 || 耗时：12.77s
轮次:··5/·20 || c_Loss:0.369 || e_Loss:-1.499 || Aad_Loss:-38.324 || 耗时：12.71s
任务: (B1)N15_M01_F10→(B2)N15_M07_F10; mix批次:····0; 批次:··470/·1880;  总正确率: 74.93%
类型1 正确率： 100.00% -> 1  100.00%, 2    0.00%, 3    0.00%
类型2 正确率：  96.00% -> 1    0.00%, 2   96.25%, 3    3.75%
类型3 正确率：  29.00% -> 1   50.00%, 2   21.45%, 3   28.55%


样本变换：reverse
样本变换：mask
样本变换：shift
样本变换：none
未过滤	未用伪标签：74.93% -> 使用伪标签：79.42%
已过滤	未用伪标签：75.71% -> 使用伪标签：80.53%
排除样本：83|6000	剩余：3000, 2031, 886
增添样本：3083		细则：0, 969, 2114	正确率估算：81.78%
类型1 正确率： 100.00% -> 1  100.00%, 2    0.00%, 3    0.00%
类型2 正确率：  97.00% -> 1    0.00%, 2   97.14%, 3    2.86%
类型3 正确率：  43.00% -> 1   51.98%, 2    4.94%, 3   43.09%

被排除样本 正确率：19.28%
类型1 正确率：  14.00% -> 1   14.29%, 2   85.71%
类型2 正确率：  20.00% -> 1   80.26%, 2   19.74%


轮次:··6/·20 || c_Loss:0.426 || e_Loss:-1.509 || Aad_Loss:-28.975 || 耗时：34.56s
轮次:··7/·20 || c_Loss:0.521 || e_Loss:-0.794 || Aad_Loss:-27.092 || 耗时：13.03s
轮次:··8/·20 || c_Loss:0.368 || e_Loss:-1.326 || Aad_Loss:-30.731 || 耗时：13.03s
轮次:··9/·20 || c_Loss:0.462 || e_Loss:-1.542 || Aad_Loss:-28.380 || 耗时：12.97s
轮次:·10/·20 || c_Loss:0.465 || e_Loss:-1.352 || Aad_Loss:-26.327 || 耗时：12.88s
任务: (B1)N15_M01_F10→(B2)N15_M07_F10; mix批次:····0; 批次:··940/·1880;  总正确率: 82.42%
类型1 正确率： 100.00% -> 1  100.00%, 2    0.00%, 3    0.00%
类型2 正确率：  97.00% -> 1    0.00%, 2   97.25%, 3    2.75%
类型3 正确率：  50.00% -> 1   50.00%, 2    0.00%, 3   50.00%


样本变换：reverse
样本变换：mask
样本变换：shift
样本变换：none
未过滤	未用伪标签：82.42% -> 使用伪标签：82.42%
已过滤	未用伪标签：82.42% -> 使用伪标签：82.49%
排除样本：5|6000	剩余：3000, 1946, 1049
增添样本：3005		细则：0, 1054, 1951	正确率估算：99.76%
类型1 正确率： 100.00% -> 1  100.00%, 2    0.00%, 3    0.00%
类型2 正确率：  97.00% -> 1    0.00%, 2   97.49%, 3    2.51%
类型3 正确率：  50.00% -> 1   50.03%, 2    0.00%, 3   49.97%

被排除样本 正确率：80.00%
类型1 正确率：  75.00% -> 1   75.00%, 2   25.00%
类型2 正确率： 100.00% -> 1    0.00%, 2  100.00%


轮次:·11/·20 || c_Loss:0.405 || e_Loss:-0.867 || Aad_Loss:-27.904 || 耗时：34.66s
轮次:·12/·20 || c_Loss:0.382 || e_Loss:-0.984 || Aad_Loss:-28.904 || 耗时：12.89s
轮次:·13/·20 || c_Loss:0.366 || e_Loss:-0.953 || Aad_Loss:-32.734 || 耗时：12.92s
轮次:·14/·20 || c_Loss:0.396 || e_Loss:-0.927 || Aad_Loss:-34.723 || 耗时：12.95s
轮次:·15/·20 || c_Loss:0.394 || e_Loss:-1.003 || Aad_Loss:-30.181 || 耗时：12.87s
任务: (B1)N15_M01_F10→(B2)N15_M07_F10; mix批次:····0; 批次:·1410/·1880;  总正确率: 82.07%
类型1 正确率： 100.00% -> 1  100.00%, 2    0.00%, 3    0.00%
类型2 正确率：  96.00% -> 1    0.00%, 2   96.20%, 3    3.80%
类型3 正确率：  50.00% -> 1   50.00%, 2    0.00%, 3   50.00%


样本变换：reverse
样本变换：mask
样本变换：shift
样本变换：none
未过滤	未用伪标签：82.07% -> 使用伪标签：82.73%
已过滤	未用伪标签：82.12% -> 使用伪标签：82.79%
排除样本：4|6000	剩余：3000, 1964, 1032
增添样本：3004		细则：0, 1036, 1968	正确率估算：98.69%
类型1 正确率： 100.00% -> 1  100.00%, 2    0.00%, 3    0.00%
类型2 正确率：  98.00% -> 1    0.00%, 2   98.40%, 3    1.60%
类型3 正确率：  50.00% -> 1   50.00%, 2    0.00%, 3   50.00%

被排除样本 正确率：0.00%
类型1 正确率：   0.00% -> 1    0.00%, 2  100.00%
类型2 没有样本或未被分类。


轮次:·16/·20 || c_Loss:0.373 || e_Loss:-0.943 || Aad_Loss:-34.796 || 耗时：34.71s
轮次:·17/·20 || c_Loss:0.396 || e_Loss:-0.969 || Aad_Loss:-32.656 || 耗时：12.81s
轮次:·18/·20 || c_Loss:0.405 || e_Loss:-1.008 || Aad_Loss:-30.241 || 耗时：12.84s
轮次:·19/·20 || c_Loss:0.379 || e_Loss:-0.973 || Aad_Loss:-33.401 || 耗时：12.96s
轮次:·20/·20 || c_Loss:0.401 || e_Loss:-1.018 || Aad_Loss:-30.517 || 耗时：12.89s
任务: (B1)N15_M01_F10→(B2)N15_M07_F10; mix批次:····0; 批次:·1880/·1880;  总正确率: 82.10%
类型1 正确率： 100.00% -> 1  100.00%, 2    0.00%, 3    0.00%
类型2 正确率：  96.00% -> 1    0.00%, 2   96.30%, 3    3.70%
类型3 正确率：  50.00% -> 1   50.00%, 2    0.00%, 3   50.00%


测试集任务: (B1)N15_M01_F10→(B2)N15_M07_F10; 总正确率 = 82.10%
类型1 正确率： 100.00% -> 1  100.00%, 2    0.00%, 3    0.00%
类型2 正确率：  96.00% -> 1    0.00%, 2   96.30%, 3    3.70%
类型3 正确率：  50.00% -> 1   50.00%, 2    0.00%, 3   50.00%


