读取源域路径：/kaggle/working/hust/H1/weight_HUST_M1_final_checkpoint_FH1toH1c_s2024/NEW_PU/Source-源域/log&pt/(B3)N15_M07_F04
excel输出位置：/kaggle/working/hust/H1/weight_HUST_M1_final_checkpoint_FH1toH1c_s2024/NEW_PU/Target-目标域
特征图片输出位置：/kaggle/working/hust/H1/weight_HUST_M1_final_checkpoint_FH1toH1c_s2024/NEW_PU/Picture-特征图/2026年09月19日12时36分/(B3)N15_M07_F04
现在选取:(B3)N15_M07_F04 进行训练的源模型
现在进行：(B3)N15_M07_F04→(B2)N15_M07_F10 的迁移任务
log&pt输出位置：/kaggle/working/hust/H1/weight_HUST_M1_final_checkpoint_FH1toH1c_s2024/NEW_PU/Target-目标域/log&pt/(B3)N15_M07_F04→(B2)N15_M07_F10
任务: (B3)N15_M07_F04→(B2)N15_M07_F10; 批次:····0/·1880;  总正确率: 69.83%
类型1 正确率： 100.00% -> 1  100.00%, 2    0.00%, 3    0.00%
类型2 正确率：  74.00% -> 1    0.00%, 2   74.10%, 3   25.90%
类型3 正确率：  35.00% -> 1   14.60%, 2   50.00%, 3   35.40%


样本变换：reverse
样本变换：mask
样本变换：shift
样本变换：none
未过滤	未用伪标签：69.83% -> 使用伪标签：50.00%
已过滤	未用伪标签：69.79% -> 使用伪标签：50.08%
排除样本：9|6000	剩余：2991, 2000, 1000
增添样本：2982		细则：0, 991, 1991	正确率估算：86.24%
类型1 正确率： 100.00% -> 1  100.00%, 2    0.00%, 3    0.00%
类型2 正确率：  50.00% -> 1    0.00%, 2   50.00%, 3   50.00%
类型3 正确率：   0.00% -> 1   49.77%, 2   50.23%, 3    0.00%

被排除样本 正确率：100.00%
类型1 正确率： 100.00% -> 1  100.00%


轮次:··1/·20 || c_Loss:0.469 || e_Loss:-0.972 || Aad_Loss:-34.698 || 耗时：34.88s
轮次:··2/·20 || c_Loss:0.380 || e_Loss:-0.974 || Aad_Loss:-32.568 || 耗时：13.05s
轮次:··3/·20 || c_Loss:0.370 || e_Loss:-1.004 || Aad_Loss:-30.939 || 耗时：12.95s
轮次:··4/·20 || c_Loss:0.360 || e_Loss:-0.997 || Aad_Loss:-31.239 || 耗时：12.90s
轮次:··5/·20 || c_Loss:0.365 || e_Loss:-1.009 || Aad_Loss:-32.333 || 耗时：12.85s
任务: (B3)N15_M07_F04→(B2)N15_M07_F10; mix批次:····0; 批次:··470/·1880;  总正确率: 50.00%
类型1 正确率： 100.00% -> 1  100.00%, 2    0.00%, 3    0.00%
类型2 正确率：  50.00% -> 1    0.00%, 2   50.00%, 3   50.00%
类型3 正确率：   0.00% -> 1   50.00%, 2   50.00%, 3    0.00%


样本变换：reverse
样本变换：mask
样本变换：shift
样本变换：none
未过滤	未用伪标签：50.00% -> 使用伪标签：50.00%
已过滤	未用伪标签：50.00% -> 使用伪标签：50.00%
排除样本：3000|6000	剩余：2000, 1000
增添样本：3000		细则：0, 1000, 2000	正确率估算：100.00%
类型1 正确率： 100.00% -> 1  100.00%, 2    0.00%, 3    0.00%
类型2 正确率：  50.00% -> 1    0.00%, 2   50.00%, 3   50.00%
类型3 正确率：   0.00% -> 1   50.00%, 2   50.00%, 3    0.00%

被排除样本 正确率：nan%


轮次:··6/·20 || c_Loss:0.368 || e_Loss:-0.976 || Aad_Loss:-33.781 || 耗时：34.71s
轮次:··7/·20 || c_Loss:0.367 || e_Loss:-1.018 || Aad_Loss:-31.594 || 耗时：12.90s
轮次:··8/·20 || c_Loss:0.376 || e_Loss:-1.013 || Aad_Loss:-32.090 || 耗时：12.91s
轮次:··9/·20 || c_Loss:0.368 || e_Loss:-1.025 || Aad_Loss:-31.273 || 耗时：12.92s
轮次:·10/·20 || c_Loss:0.368 || e_Loss:-0.969 || Aad_Loss:-33.556 || 耗时：12.94s
任务: (B3)N15_M07_F04→(B2)N15_M07_F10; mix批次:····0; 批次:··940/·1880;  总正确率: 50.00%
类型1 正确率： 100.00% -> 1  100.00%, 2    0.00%, 3    0.00%
类型2 正确率：  50.00% -> 1    0.00%, 2   50.00%, 3   50.00%
类型3 正确率：   0.00% -> 1   50.00%, 2   50.00%, 3    0.00%


样本变换：reverse
样本变换：mask
样本变换：shift
样本变换：none
未过滤	未用伪标签：50.00% -> 使用伪标签：50.00%
已过滤	未用伪标签：50.00% -> 使用伪标签：50.00%
排除样本：3000|6000	剩余：2000, 1000
增添样本：3000		细则：0, 1000, 2000	正确率估算：100.00%
类型1 正确率： 100.00% -> 1  100.00%, 2    0.00%, 3    0.00%
类型2 正确率：  50.00% -> 1    0.00%, 2   50.00%, 3   50.00%
类型3 正确率：   0.00% -> 1   50.00%, 2   50.00%, 3    0.00%

被排除样本 正确率：nan%


轮次:·11/·20 || c_Loss:0.369 || e_Loss:-0.978 || Aad_Loss:-34.026 || 耗时：34.85s
轮次:·12/·20 || c_Loss:0.367 || e_Loss:-1.019 || Aad_Loss:-31.793 || 耗时：12.90s
轮次:·13/·20 || c_Loss:0.375 || e_Loss:-1.013 || Aad_Loss:-32.275 || 耗时：12.91s
轮次:·14/·20 || c_Loss:0.368 || e_Loss:-1.025 || Aad_Loss:-31.421 || 耗时：12.91s
轮次:·15/·20 || c_Loss:0.368 || e_Loss:-0.970 || Aad_Loss:-33.727 || 耗时：12.89s
任务: (B3)N15_M07_F04→(B2)N15_M07_F10; mix批次:····0; 批次:·1410/·1880;  总正确率: 50.00%
类型1 正确率： 100.00% -> 1  100.00%, 2    0.00%, 3    0.00%
类型2 正确率：  50.00% -> 1    0.00%, 2   50.00%, 3   50.00%
类型3 正确率：   0.00% -> 1   50.00%, 2   50.00%, 3    0.00%


样本变换：reverse
样本变换：mask
样本变换：shift
样本变换：none
未过滤	未用伪标签：50.00% -> 使用伪标签：50.00%
已过滤	未用伪标签：50.00% -> 使用伪标签：50.00%
排除样本：3000|6000	剩余：2000, 1000
增添样本：3000		细则：0, 1000, 2000	正确率估算：100.00%
类型1 正确率： 100.00% -> 1  100.00%, 2    0.00%, 3    0.00%
类型2 正确率：  50.00% -> 1    0.00%, 2   50.00%, 3   50.00%
类型3 正确率：   0.00% -> 1   50.00%, 2   50.00%, 3    0.00%

被排除样本 正确率：nan%


轮次:·16/·20 || c_Loss:0.369 || e_Loss:-0.978 || Aad_Loss:-34.155 || 耗时：34.81s
轮次:·17/·20 || c_Loss:0.367 || e_Loss:-1.019 || Aad_Loss:-31.904 || 耗时：12.93s
轮次:·18/·20 || c_Loss:0.375 || e_Loss:-1.013 || Aad_Loss:-32.389 || 耗时：12.96s
轮次:·19/·20 || c_Loss:0.368 || e_Loss:-1.026 || Aad_Loss:-31.512 || 耗时：12.96s
轮次:·20/·20 || c_Loss:0.368 || e_Loss:-0.970 || Aad_Loss:-33.834 || 耗时：12.94s
任务: (B3)N15_M07_F04→(B2)N15_M07_F10; mix批次:····0; 批次:·1880/·1880;  总正确率: 50.00%
类型1 正确率： 100.00% -> 1  100.00%, 2    0.00%, 3    0.00%
类型2 正确率：  50.00% -> 1    0.00%, 2   50.00%, 3   50.00%
类型3 正确率：   0.00% -> 1   50.00%, 2   50.00%, 3    0.00%


测试集任务: (B3)N15_M07_F04→(B2)N15_M07_F10; 总正确率 = 50.00%
类型1 正确率： 100.00% -> 1  100.00%, 2    0.00%, 3    0.00%
类型2 正确率：  50.00% -> 1    0.00%, 2   50.00%, 3   50.00%
类型3 正确率：   0.00% -> 1   50.00%, 2   50.00%, 3    0.00%


