读取源域路径：/kaggle/working/hust/H1/weight_HUST_M1_final_checkpoint_FH1toH1c_s2024/NEW_PU/Source-源域/log&pt/(B2)N15_M07_F10
excel输出位置：/kaggle/working/hust/H1/weight_HUST_M1_final_checkpoint_FH1toH1c_s2024/NEW_PU/Target-目标域
特征图片输出位置：/kaggle/working/hust/H1/weight_HUST_M1_final_checkpoint_FH1toH1c_s2024/NEW_PU/Picture-特征图/2026年09月19日12时18分/(B2)N15_M07_F10
现在选取:(B2)N15_M07_F10 进行训练的源模型
现在进行：(B2)N15_M07_F10→(B1)N15_M01_F10 的迁移任务
log&pt输出位置：/kaggle/working/hust/H1/weight_HUST_M1_final_checkpoint_FH1toH1c_s2024/NEW_PU/Target-目标域/log&pt/(B2)N15_M07_F10→(B1)N15_M01_F10
任务: (B2)N15_M07_F10→(B1)N15_M01_F10; 批次:····0/·1880;  总正确率: 54.73%
类型1 正确率： 100.00% -> 1  100.00%, 2    0.00%, 3    0.00%
类型2 正确率：  64.00% -> 1   35.80%, 2   64.20%, 3    0.00%
类型3 正确率：   0.00% -> 1   60.65%, 2   39.35%, 3    0.00%


样本变换：reverse
样本变换：mask
样本变换：shift
样本变换：none
未过滤	未用伪标签：54.73% -> 使用伪标签：67.30%
已过滤	未用伪标签：54.83% -> 使用伪标签：67.77%
排除样本：42|6000	剩余：2996, 1041, 1921
增添样本：3030		细则：0, 1955, 1075	正确率估算：48.96%
类型1 正确率： 100.00% -> 1  100.00%, 2    0.00%, 3    0.00%
类型2 正确率：  53.00% -> 1    0.26%, 2   52.86%, 3   46.88%
类型3 正确率：  50.00% -> 1   49.55%, 2    0.30%, 3   50.15%

被排除样本 正确率：40.48%
类型1 没有样本或未被分类。
类型2 正确率：  40.00% -> 1   59.52%, 2   40.48%


轮次:··1/·20 || c_Loss:0.463 || e_Loss:-0.954 || Aad_Loss:-26.160 || 耗时：34.85s
轮次:··2/·20 || c_Loss:0.437 || e_Loss:-0.893 || Aad_Loss:-32.303 || 耗时：12.97s
轮次:··3/·20 || c_Loss:0.440 || e_Loss:-0.835 || Aad_Loss:-27.301 || 耗时：12.94s
轮次:··4/·20 || c_Loss:0.379 || e_Loss:-0.963 || Aad_Loss:-30.998 || 耗时：12.88s
轮次:··5/·20 || c_Loss:0.369 || e_Loss:-0.955 || Aad_Loss:-29.284 || 耗时：12.84s
任务: (B2)N15_M07_F10→(B1)N15_M01_F10; mix批次:····0; 批次:··470/·1880;  总正确率: 66.67%
类型1 正确率： 100.00% -> 1  100.00%, 2    0.00%, 3    0.00%
类型2 正确率：  50.00% -> 1    0.00%, 2   50.00%, 3   50.00%
类型3 正确率：  50.00% -> 1   50.00%, 2    0.00%, 3   50.00%


样本变换：reverse
样本变换：mask
样本变换：shift
样本变换：none
未过滤	未用伪标签：66.67% -> 使用伪标签：66.67%
已过滤	未用伪标签：66.67% -> 使用伪标签：66.67%
排除样本：3000|6000	剩余：1000, 2000
增添样本：3000		细则：0, 2000, 1000	正确率估算：100.00%
类型1 正确率： 100.00% -> 1  100.00%, 2    0.00%, 3    0.00%
类型2 正确率：  50.00% -> 1    0.00%, 2   50.00%, 3   50.00%
类型3 正确率：  50.00% -> 1   50.00%, 2    0.00%, 3   50.00%

被排除样本 正确率：nan%


轮次:··6/·20 || c_Loss:0.371 || e_Loss:-0.988 || Aad_Loss:-33.145 || 耗时：34.67s
轮次:··7/·20 || c_Loss:0.371 || e_Loss:-1.010 || Aad_Loss:-31.905 || 耗时：12.93s
轮次:··8/·20 || c_Loss:0.376 || e_Loss:-1.009 || Aad_Loss:-32.235 || 耗时：12.96s
轮次:··9/·20 || c_Loss:0.373 || e_Loss:-1.019 || Aad_Loss:-31.082 || 耗时：12.94s
轮次:·10/·20 || c_Loss:0.371 || e_Loss:-1.003 || Aad_Loss:-32.187 || 耗时：12.91s
任务: (B2)N15_M07_F10→(B1)N15_M01_F10; mix批次:····0; 批次:··940/·1880;  总正确率: 66.67%
类型1 正确率： 100.00% -> 1  100.00%, 2    0.00%, 3    0.00%
类型2 正确率：  50.00% -> 1    0.00%, 2   50.00%, 3   50.00%
类型3 正确率：  50.00% -> 1   50.00%, 2    0.00%, 3   50.00%


样本变换：reverse
样本变换：mask
样本变换：shift
样本变换：none
未过滤	未用伪标签：66.67% -> 使用伪标签：66.67%
已过滤	未用伪标签：66.67% -> 使用伪标签：66.67%
排除样本：3000|6000	剩余：1000, 2000
增添样本：3000		细则：0, 2000, 1000	正确率估算：100.00%
类型1 正确率： 100.00% -> 1  100.00%, 2    0.00%, 3    0.00%
类型2 正确率：  50.00% -> 1    0.00%, 2   50.00%, 3   50.00%
类型3 正确率：  50.00% -> 1   50.00%, 2    0.00%, 3   50.00%

被排除样本 正确率：nan%


轮次:·11/·20 || c_Loss:0.374 || e_Loss:-0.995 || Aad_Loss:-33.445 || 耗时：34.66s
轮次:·12/·20 || c_Loss:0.371 || e_Loss:-1.013 || Aad_Loss:-32.178 || 耗时：12.90s
轮次:·13/·20 || c_Loss:0.376 || e_Loss:-1.009 || Aad_Loss:-32.389 || 耗时：12.91s
轮次:·14/·20 || c_Loss:0.372 || e_Loss:-1.020 || Aad_Loss:-31.282 || 耗时：12.92s
轮次:·15/·20 || c_Loss:0.371 || e_Loss:-1.005 || Aad_Loss:-32.387 || 耗时：12.94s
任务: (B2)N15_M07_F10→(B1)N15_M01_F10; mix批次:····0; 批次:·1410/·1880;  总正确率: 66.67%
类型1 正确率： 100.00% -> 1  100.00%, 2    0.00%, 3    0.00%
类型2 正确率：  50.00% -> 1    0.00%, 2   50.00%, 3   50.00%
类型3 正确率：  50.00% -> 1   50.00%, 2    0.00%, 3   50.00%


样本变换：reverse
样本变换：mask
样本变换：shift
样本变换：none
未过滤	未用伪标签：66.67% -> 使用伪标签：66.67%
已过滤	未用伪标签：66.67% -> 使用伪标签：66.67%
排除样本：3000|6000	剩余：1000, 2000
增添样本：3000		细则：0, 2000, 1000	正确率估算：100.00%
类型1 正确率： 100.00% -> 1  100.00%, 2    0.00%, 3    0.00%
类型2 正确率：  50.00% -> 1    0.00%, 2   50.00%, 3   50.00%
类型3 正确率：  50.00% -> 1   50.00%, 2    0.00%, 3   50.00%

被排除样本 正确率：nan%


轮次:·16/·20 || c_Loss:0.373 || e_Loss:-0.996 || Aad_Loss:-33.583 || 耗时：34.94s
轮次:·17/·20 || c_Loss:0.370 || e_Loss:-1.013 || Aad_Loss:-32.310 || 耗时：12.86s
轮次:·18/·20 || c_Loss:0.376 || e_Loss:-1.009 || Aad_Loss:-32.489 || 耗时：12.90s
轮次:·19/·20 || c_Loss:0.372 || e_Loss:-1.020 || Aad_Loss:-31.394 || 耗时：12.90s
轮次:·20/·20 || c_Loss:0.371 || e_Loss:-1.006 || Aad_Loss:-32.501 || 耗时：12.88s
任务: (B2)N15_M07_F10→(B1)N15_M01_F10; mix批次:····0; 批次:·1880/·1880;  总正确率: 66.67%
类型1 正确率： 100.00% -> 1  100.00%, 2    0.00%, 3    0.00%
类型2 正确率：  50.00% -> 1    0.00%, 2   50.00%, 3   50.00%
类型3 正确率：  50.00% -> 1   50.00%, 2    0.00%, 3   50.00%


测试集任务: (B2)N15_M07_F10→(B1)N15_M01_F10; 总正确率 = 66.67%
类型1 正确率： 100.00% -> 1  100.00%, 2    0.00%, 3    0.00%
类型2 正确率：  50.00% -> 1    0.00%, 2   50.00%, 3   50.00%
类型3 正确率：  50.00% -> 1   50.00%, 2    0.00%, 3   50.00%


