读取源域路径：/kaggle/working/hust/H1/weight_HUST_M1_final_checkpoint_FH1toH1c_s2024/NEW_PU/Source-源域/log&pt/(B3)N15_M07_F04
excel输出位置：/kaggle/working/hust/H1/weight_HUST_M1_final_checkpoint_FH1toH1c_s2024/NEW_PU/Target-目标域
特征图片输出位置：/kaggle/working/hust/H1/weight_HUST_M1_final_checkpoint_FH1toH1c_s2024/NEW_PU/Picture-特征图/2026年09月19日12时30分/(B3)N15_M07_F04
现在选取:(B3)N15_M07_F04 进行训练的源模型
现在进行：(B3)N15_M07_F04→(B1)N15_M01_F10 的迁移任务
log&pt输出位置：/kaggle/working/hust/H1/weight_HUST_M1_final_checkpoint_FH1toH1c_s2024/NEW_PU/Target-目标域/log&pt/(B3)N15_M07_F04→(B1)N15_M01_F10
任务: (B3)N15_M07_F04→(B1)N15_M01_F10; 批次:····0/·1880;  总正确率: 65.08%
类型1 正确率： 100.00% -> 1  100.00%, 2    0.00%, 3    0.00%
类型2 正确率：  95.00% -> 1    2.75%, 2   95.25%, 3    2.00%
类型3 正确率：   0.00% -> 1   49.95%, 2   50.05%, 3    0.00%


样本变换：reverse
样本变换：mask
样本变换：shift
样本变换：none
未过滤	未用伪标签：65.08% -> 使用伪标签：50.00%
已过滤	未用伪标签：65.09% -> 使用伪标签：50.01%
排除样本：1|6000	剩余：2998, 2001, 1000
增添样本：2995		细则：0, 997, 1998	正确率估算：58.84%
类型1 正确率： 100.00% -> 1  100.00%, 2    0.00%, 3    0.00%
类型2 正确率：  50.00% -> 1    0.00%, 2   50.00%, 3   50.00%
类型3 正确率：   0.00% -> 1   49.92%, 2   50.08%, 3    0.00%

被排除样本 正确率：0.00%
类型1 没有样本或未被分类。
类型2 正确率：   0.00% -> 1  100.00%, 2    0.00%


轮次:··1/·20 || c_Loss:0.481 || e_Loss:-1.028 || Aad_Loss:-32.660 || 耗时：34.98s
轮次:··2/·20 || c_Loss:0.386 || e_Loss:-1.017 || Aad_Loss:-31.540 || 耗时：13.02s
轮次:··3/·20 || c_Loss:0.384 || e_Loss:-0.968 || Aad_Loss:-33.984 || 耗时：12.95s
轮次:··4/·20 || c_Loss:0.368 || e_Loss:-0.939 || Aad_Loss:-33.995 || 耗时：12.88s
轮次:··5/·20 || c_Loss:0.369 || e_Loss:-1.009 || Aad_Loss:-32.358 || 耗时：12.84s
任务: (B3)N15_M07_F04→(B1)N15_M01_F10; mix批次:····0; 批次:··470/·1880;  总正确率: 50.00%
类型1 正确率： 100.00% -> 1  100.00%, 2    0.00%, 3    0.00%
类型2 正确率：  50.00% -> 1    0.00%, 2   50.00%, 3   50.00%
类型3 正确率：   0.00% -> 1   50.00%, 2   50.00%, 3    0.00%


样本变换：reverse
样本变换：mask
样本变换：shift
样本变换：none
未过滤	未用伪标签：50.00% -> 使用伪标签：50.00%
已过滤	未用伪标签：50.00% -> 使用伪标签：50.00%
排除样本：3000|6000	剩余：2000, 1000
增添样本：3000		细则：0, 1000, 2000	正确率估算：100.00%
类型1 正确率： 100.00% -> 1  100.00%, 2    0.00%, 3    0.00%
类型2 正确率：  50.00% -> 1    0.00%, 2   50.00%, 3   50.00%
类型3 正确率：   0.00% -> 1   50.00%, 2   50.00%, 3    0.00%

被排除样本 正确率：nan%


轮次:··6/·20 || c_Loss:0.368 || e_Loss:-0.979 || Aad_Loss:-33.777 || 耗时：34.85s
轮次:··7/·20 || c_Loss:0.367 || e_Loss:-1.021 || Aad_Loss:-31.600 || 耗时：12.96s
轮次:··8/·20 || c_Loss:0.377 || e_Loss:-1.015 || Aad_Loss:-32.142 || 耗时：12.98s
轮次:··9/·20 || c_Loss:0.369 || e_Loss:-1.029 || Aad_Loss:-31.282 || 耗时：12.97s
轮次:·10/·20 || c_Loss:0.369 || e_Loss:-0.967 || Aad_Loss:-33.545 || 耗时：12.94s
任务: (B3)N15_M07_F04→(B1)N15_M01_F10; mix批次:····0; 批次:··940/·1880;  总正确率: 50.00%
类型1 正确率： 100.00% -> 1  100.00%, 2    0.00%, 3    0.00%
类型2 正确率：  50.00% -> 1    0.00%, 2   50.00%, 3   50.00%
类型3 正确率：   0.00% -> 1   50.00%, 2   50.00%, 3    0.00%


样本变换：reverse
样本变换：mask
样本变换：shift
样本变换：none
未过滤	未用伪标签：50.00% -> 使用伪标签：50.00%
已过滤	未用伪标签：50.00% -> 使用伪标签：50.00%
排除样本：3000|6000	剩余：2000, 1000
增添样本：3000		细则：0, 1000, 2000	正确率估算：100.00%
类型1 正确率： 100.00% -> 1  100.00%, 2    0.00%, 3    0.00%
类型2 正确率：  50.00% -> 1    0.00%, 2   50.00%, 3   50.00%
类型3 正确率：   0.00% -> 1   50.00%, 2   50.00%, 3    0.00%

被排除样本 正确率：nan%


轮次:·11/·20 || c_Loss:0.368 || e_Loss:-0.979 || Aad_Loss:-34.023 || 耗时：34.83s
轮次:·12/·20 || c_Loss:0.367 || e_Loss:-1.022 || Aad_Loss:-31.796 || 耗时：12.91s
轮次:·13/·20 || c_Loss:0.376 || e_Loss:-1.015 || Aad_Loss:-32.324 || 耗时：12.92s
轮次:·14/·20 || c_Loss:0.369 || e_Loss:-1.029 || Aad_Loss:-31.425 || 耗时：12.92s
轮次:·15/·20 || c_Loss:0.368 || e_Loss:-0.968 || Aad_Loss:-33.721 || 耗时：12.95s
任务: (B3)N15_M07_F04→(B1)N15_M01_F10; mix批次:····0; 批次:·1410/·1880;  总正确率: 50.00%
类型1 正确率： 100.00% -> 1  100.00%, 2    0.00%, 3    0.00%
类型2 正确率：  50.00% -> 1    0.00%, 2   50.00%, 3   50.00%
类型3 正确率：   0.00% -> 1   50.00%, 2   50.00%, 3    0.00%


样本变换：reverse
样本变换：mask
样本变换：shift
样本变换：none
未过滤	未用伪标签：50.00% -> 使用伪标签：50.00%
已过滤	未用伪标签：50.00% -> 使用伪标签：50.00%
排除样本：3000|6000	剩余：2000, 1000
增添样本：3000		细则：0, 1000, 2000	正确率估算：100.00%
类型1 正确率： 100.00% -> 1  100.00%, 2    0.00%, 3    0.00%
类型2 正确率：  50.00% -> 1    0.00%, 2   50.00%, 3   50.00%
类型3 正确率：   0.00% -> 1   50.00%, 2   50.00%, 3    0.00%

被排除样本 正确率：nan%


轮次:·16/·20 || c_Loss:0.368 || e_Loss:-0.979 || Aad_Loss:-34.153 || 耗时：34.74s
轮次:·17/·20 || c_Loss:0.367 || e_Loss:-1.022 || Aad_Loss:-31.906 || 耗时：12.93s
轮次:·18/·20 || c_Loss:0.375 || e_Loss:-1.015 || Aad_Loss:-32.436 || 耗时：12.90s
轮次:·19/·20 || c_Loss:0.369 || e_Loss:-1.029 || Aad_Loss:-31.512 || 耗时：12.93s
轮次:·20/·20 || c_Loss:0.368 || e_Loss:-0.968 || Aad_Loss:-33.831 || 耗时：12.94s
任务: (B3)N15_M07_F04→(B1)N15_M01_F10; mix批次:····0; 批次:·1880/·1880;  总正确率: 50.00%
类型1 正确率： 100.00% -> 1  100.00%, 2    0.00%, 3    0.00%
类型2 正确率：  50.00% -> 1    0.00%, 2   50.00%, 3   50.00%
类型3 正确率：   0.00% -> 1   50.00%, 2   50.00%, 3    0.00%


测试集任务: (B3)N15_M07_F04→(B1)N15_M01_F10; 总正确率 = 50.00%
类型1 正确率： 100.00% -> 1  100.00%, 2    0.00%, 3    0.00%
类型2 正确率：  50.00% -> 1    0.00%, 2   50.00%, 3   50.00%
类型3 正确率：   0.00% -> 1   50.00%, 2   50.00%, 3    0.00%


