读取源域路径：/kaggle/working/hust/H1/weight_HUST_M1_final_checkpoint_FH1toH1c_s2024/NEW_PU/Source-源域/log&pt/(B2)N15_M07_F10
excel输出位置：/kaggle/working/hust/H1/weight_HUST_M1_final_checkpoint_FH1toH1c_s2024/NEW_PU/Target-目标域
特征图片输出位置：/kaggle/working/hust/H1/weight_HUST_M1_final_checkpoint_FH1toH1c_s2024/NEW_PU/Picture-特征图/2026年09月19日12时24分/(B2)N15_M07_F10
现在选取:(B2)N15_M07_F10 进行训练的源模型
现在进行：(B2)N15_M07_F10→(B3)N15_M07_F04 的迁移任务
log&pt输出位置：/kaggle/working/hust/H1/weight_HUST_M1_final_checkpoint_FH1toH1c_s2024/NEW_PU/Target-目标域/log&pt/(B2)N15_M07_F10→(B3)N15_M07_F04
任务: (B2)N15_M07_F10→(B3)N15_M07_F04; 批次:····0/·1880;  总正确率: 66.02%
类型1 正确率： 100.00% -> 1  100.00%, 2    0.00%, 3    0.00%
类型2 正确率：  98.00% -> 1    2.10%, 2   97.90%, 3    0.00%
类型3 正确率：   0.00% -> 1   51.20%, 2   48.65%, 3    0.15%


样本变换：reverse
样本变换：mask
样本变换：shift
样本变换：none
未过滤	未用伪标签：66.02% -> 使用伪标签：83.12%
已过滤	未用伪标签：66.09% -> 使用伪标签：83.27%
排除样本：11|6000	剩余：2000, 2987, 1002
增添样本：2972		细则：987, 0, 1985	正确率估算：49.77%
类型1 正确率： 100.00% -> 1  100.00%, 2    0.00%, 3    0.00%
类型2 正确率： 100.00% -> 1    0.00%, 2   99.90%, 3    0.10%
类型3 正确率：  50.00% -> 1    0.00%, 2   50.00%, 3   50.00%

被排除样本 正确率：27.27%
类型1 没有样本或未被分类。
类型2 正确率：  27.00% -> 1   72.73%, 2   27.27%


轮次:··1/·20 || c_Loss:0.509 || e_Loss:-1.074 || Aad_Loss:-30.866 || 耗时：34.78s
轮次:··2/·20 || c_Loss:0.390 || e_Loss:-1.025 || Aad_Loss:-31.371 || 耗时：13.00s
轮次:··3/·20 || c_Loss:0.364 || e_Loss:-1.006 || Aad_Loss:-31.657 || 耗时：12.92s
轮次:··4/·20 || c_Loss:0.366 || e_Loss:-0.989 || Aad_Loss:-32.322 || 耗时：12.83s
轮次:··5/·20 || c_Loss:0.362 || e_Loss:-1.002 || Aad_Loss:-32.181 || 耗时：12.85s
任务: (B2)N15_M07_F10→(B3)N15_M07_F04; mix批次:····0; 批次:··470/·1880;  总正确率: 83.33%
类型1 正确率： 100.00% -> 1  100.00%, 2    0.00%, 3    0.00%
类型2 正确率： 100.00% -> 1    0.00%, 2  100.00%, 3    0.00%
类型3 正确率：  50.00% -> 1    0.00%, 2   50.00%, 3   50.00%


样本变换：reverse
样本变换：mask
样本变换：shift
样本变换：none
未过滤	未用伪标签：83.33% -> 使用伪标签：83.33%
已过滤	未用伪标签：83.33% -> 使用伪标签：83.33%
排除样本：2000|6000	剩余：3000, 1000
增添样本：3000		细则：1000, 0, 2000	正确率估算：100.00%
类型1 正确率： 100.00% -> 1  100.00%, 2    0.00%, 3    0.00%
类型2 正确率： 100.00% -> 1    0.00%, 2  100.00%, 3    0.00%
类型3 正确率：  50.00% -> 1    0.00%, 2   50.00%, 3   50.00%

被排除样本 正确率：nan%


轮次:··6/·20 || c_Loss:0.369 || e_Loss:-1.003 || Aad_Loss:-32.830 || 耗时：34.70s
轮次:··7/·20 || c_Loss:0.367 || e_Loss:-0.973 || Aad_Loss:-32.337 || 耗时：12.95s
轮次:··8/·20 || c_Loss:0.368 || e_Loss:-0.932 || Aad_Loss:-35.854 || 耗时：12.96s
轮次:··9/·20 || c_Loss:0.368 || e_Loss:-1.015 || Aad_Loss:-32.292 || 耗时：12.95s
轮次:·10/·20 || c_Loss:0.369 || e_Loss:-0.978 || Aad_Loss:-34.085 || 耗时：12.92s
任务: (B2)N15_M07_F10→(B3)N15_M07_F04; mix批次:····0; 批次:··940/·1880;  总正确率: 83.33%
类型1 正确率： 100.00% -> 1  100.00%, 2    0.00%, 3    0.00%
类型2 正确率： 100.00% -> 1    0.00%, 2  100.00%, 3    0.00%
类型3 正确率：  50.00% -> 1    0.00%, 2   50.00%, 3   50.00%


样本变换：reverse
样本变换：mask
样本变换：shift
样本变换：none
未过滤	未用伪标签：83.33% -> 使用伪标签：83.33%
已过滤	未用伪标签：83.33% -> 使用伪标签：83.33%
排除样本：2000|6000	剩余：3000, 1000
增添样本：3000		细则：1000, 0, 2000	正确率估算：100.00%
类型1 正确率： 100.00% -> 1  100.00%, 2    0.00%, 3    0.00%
类型2 正确率： 100.00% -> 1    0.00%, 2  100.00%, 3    0.00%
类型3 正确率：  50.00% -> 1    0.00%, 2   50.00%, 3   50.00%

被排除样本 正确率：nan%


轮次:·11/·20 || c_Loss:0.370 || e_Loss:-1.005 || Aad_Loss:-33.065 || 耗时：34.75s
轮次:·12/·20 || c_Loss:0.368 || e_Loss:-0.971 || Aad_Loss:-32.562 || 耗时：12.94s
轮次:·13/·20 || c_Loss:0.367 || e_Loss:-0.932 || Aad_Loss:-36.038 || 耗时：12.96s
轮次:·14/·20 || c_Loss:0.368 || e_Loss:-1.015 || Aad_Loss:-32.438 || 耗时：12.99s
轮次:·15/·20 || c_Loss:0.369 || e_Loss:-0.978 || Aad_Loss:-34.246 || 耗时：12.96s
任务: (B2)N15_M07_F10→(B3)N15_M07_F04; mix批次:····0; 批次:·1410/·1880;  总正确率: 83.33%
类型1 正确率： 100.00% -> 1  100.00%, 2    0.00%, 3    0.00%
类型2 正确率： 100.00% -> 1    0.00%, 2  100.00%, 3    0.00%
类型3 正确率：  50.00% -> 1    0.00%, 2   50.00%, 3   50.00%


样本变换：reverse
样本变换：mask
样本变换：shift
样本变换：none
未过滤	未用伪标签：83.33% -> 使用伪标签：83.33%
已过滤	未用伪标签：83.33% -> 使用伪标签：83.33%
排除样本：2000|6000	剩余：3000, 1000
增添样本：3000		细则：1000, 0, 2000	正确率估算：100.00%
类型1 正确率： 100.00% -> 1  100.00%, 2    0.00%, 3    0.00%
类型2 正确率： 100.00% -> 1    0.00%, 2  100.00%, 3    0.00%
类型3 正确率：  50.00% -> 1    0.00%, 2   50.00%, 3   50.00%

被排除样本 正确率：nan%


轮次:·16/·20 || c_Loss:0.370 || e_Loss:-1.005 || Aad_Loss:-33.184 || 耗时：34.87s
轮次:·17/·20 || c_Loss:0.368 || e_Loss:-0.971 || Aad_Loss:-32.692 || 耗时：12.91s
轮次:·18/·20 || c_Loss:0.367 || e_Loss:-0.932 || Aad_Loss:-36.147 || 耗时：12.92s
轮次:·19/·20 || c_Loss:0.368 || e_Loss:-1.015 || Aad_Loss:-32.528 || 耗时：12.91s
轮次:·20/·20 || c_Loss:0.369 || e_Loss:-0.978 || Aad_Loss:-34.346 || 耗时：12.93s
任务: (B2)N15_M07_F10→(B3)N15_M07_F04; mix批次:····0; 批次:·1880/·1880;  总正确率: 83.33%
类型1 正确率： 100.00% -> 1  100.00%, 2    0.00%, 3    0.00%
类型2 正确率： 100.00% -> 1    0.00%, 2  100.00%, 3    0.00%
类型3 正确率：  50.00% -> 1    0.00%, 2   50.00%, 3   50.00%


测试集任务: (B2)N15_M07_F10→(B3)N15_M07_F04; 总正确率 = 83.33%
类型1 正确率： 100.00% -> 1  100.00%, 2    0.00%, 3    0.00%
类型2 正确率： 100.00% -> 1    0.00%, 2  100.00%, 3    0.00%
类型3 正确率：  50.00% -> 1    0.00%, 2   50.00%, 3   50.00%


