读取源域路径：/kaggle/working/hust/H1/weight_HUST_M1_final_checkpoint_FH1toH1c_s2024/NEW_PU/Source-源域/log&pt/(B1)N15_M01_F10
excel输出位置：/kaggle/working/hust/H1/weight_HUST_M1_final_checkpoint_FH1toH1c_s2024/NEW_PU/Target-目标域
特征图片输出位置：/kaggle/working/hust/H1/weight_HUST_M1_final_checkpoint_FH1toH1c_s2024/NEW_PU/Picture-特征图/2026年09月19日12时12分/(B1)N15_M01_F10
现在选取:(B1)N15_M01_F10 进行训练的源模型
现在进行：(B1)N15_M01_F10→(B3)N15_M07_F04 的迁移任务
log&pt输出位置：/kaggle/working/hust/H1/weight_HUST_M1_final_checkpoint_FH1toH1c_s2024/NEW_PU/Target-目标域/log&pt/(B1)N15_M01_F10→(B3)N15_M07_F04
任务: (B1)N15_M01_F10→(B3)N15_M07_F04; 批次:····0/·1880;  总正确率: 66.43%
类型1 正确率： 100.00% -> 1  100.00%, 2    0.00%, 3    0.00%
类型2 正确率：  99.00% -> 1    0.70%, 2   99.30%, 3    0.00%
类型3 正确率：   0.00% -> 1   63.80%, 2   36.20%, 3    0.00%


样本变换：reverse
样本变换：mask
样本变换：shift
样本变换：none
未过滤	未用伪标签：66.43% -> 使用伪标签：78.02%
已过滤	未用伪标签：65.60% -> 使用伪标签：79.95%
排除样本：145|6000	剩余：3000, 1681, 1174
增添样本：3145		细则：0, 1319, 1826	正确率估算：52.87%
类型1 正确率： 100.00% -> 1  100.00%, 2    0.00%, 3    0.00%
类型2 正确率：  91.00% -> 1    0.00%, 2   90.62%, 3    9.38%
类型3 正确率：  50.00% -> 1   50.00%, 2    0.00%, 3   50.00%

被排除样本 正确率：100.00%
类型1 正确率： 100.00% -> 1  100.00%


轮次:··1/·20 || c_Loss:0.486 || e_Loss:-0.903 || Aad_Loss:-26.250 || 耗时：35.11s
轮次:··2/·20 || c_Loss:0.352 || e_Loss:-0.958 || Aad_Loss:-31.282 || 耗时：13.02s
轮次:··3/·20 || c_Loss:0.345 || e_Loss:-1.753 || Aad_Loss:-30.754 || 耗时：12.93s
轮次:··4/·20 || c_Loss:0.378 || e_Loss:-1.659 || Aad_Loss:-28.074 || 耗时：12.93s
轮次:··5/·20 || c_Loss:0.343 || e_Loss:-1.722 || Aad_Loss:-30.913 || 耗时：12.87s
任务: (B1)N15_M01_F10→(B3)N15_M07_F04; mix批次:····0; 批次:··470/·1880;  总正确率: 81.05%
类型1 正确率： 100.00% -> 1  100.00%, 2    0.00%, 3    0.00%
类型2 正确率：  93.00% -> 1    0.00%, 2   93.15%, 3    6.85%
类型3 正确率：  50.00% -> 1   50.00%, 2    0.00%, 3   50.00%


样本变换：reverse
样本变换：mask
样本变换：shift
样本变换：none
未过滤	未用伪标签：81.05% -> 使用伪标签：82.08%
已过滤	未用伪标签：81.16% -> 使用伪标签：82.21%
排除样本：9|6000	剩余：3000, 1925, 1066
增添样本：3009		细则：0, 1075, 1934	正确率估算：97.76%
类型1 正确率： 100.00% -> 1  100.00%, 2    0.00%, 3    0.00%
类型2 正确率：  97.00% -> 1    0.00%, 2   96.69%, 3    3.31%
类型3 正确率：  50.00% -> 1   50.00%, 2    0.00%, 3   50.00%

被排除样本 正确率：11.11%
类型1 正确率：  11.00% -> 1   11.11%, 2   88.89%
类型2 没有样本或未被分类。


轮次:··6/·20 || c_Loss:0.366 || e_Loss:-1.604 || Aad_Loss:-29.849 || 耗时：34.88s
轮次:··7/·20 || c_Loss:0.379 || e_Loss:-0.868 || Aad_Loss:-34.271 || 耗时：12.89s
轮次:··8/·20 || c_Loss:0.377 || e_Loss:-0.965 || Aad_Loss:-32.685 || 耗时：12.87s
轮次:··9/·20 || c_Loss:0.376 || e_Loss:-1.012 || Aad_Loss:-30.568 || 耗时：12.94s
轮次:·10/·20 || c_Loss:0.374 || e_Loss:-0.955 || Aad_Loss:-32.142 || 耗时：12.84s
任务: (B1)N15_M01_F10→(B3)N15_M07_F04; mix批次:····0; 批次:··940/·1880;  总正确率: 82.18%
类型1 正确率： 100.00% -> 1  100.00%, 2    0.00%, 3    0.00%
类型2 正确率：  97.00% -> 1    0.00%, 2   96.55%, 3    3.45%
类型3 正确率：  50.00% -> 1   50.00%, 2    0.00%, 3   50.00%


样本变换：reverse
样本变换：mask
样本变换：shift
样本变换：none
未过滤	未用伪标签：82.18% -> 使用伪标签：82.33%
已过滤	未用伪标签：82.24% -> 使用伪标签：82.39%
排除样本：4|6000	剩余：3000, 1940, 1056
增添样本：3004		细则：0, 1060, 1944	正确率估算：99.76%
类型1 正确率： 100.00% -> 1  100.00%, 2    0.00%, 3    0.00%
类型2 正确率：  97.00% -> 1    0.00%, 2   97.19%, 3    2.81%
类型3 正确率：  50.00% -> 1   50.00%, 2    0.00%, 3   50.00%

被排除样本 正确率：0.00%
类型1 正确率：   0.00% -> 1    0.00%, 2  100.00%
类型2 没有样本或未被分类。


轮次:·11/·20 || c_Loss:0.376 || e_Loss:-0.958 || Aad_Loss:-32.387 || 耗时：34.93s
轮次:·12/·20 || c_Loss:0.374 || e_Loss:-0.980 || Aad_Loss:-32.324 || 耗时：12.94s
轮次:·13/·20 || c_Loss:0.379 || e_Loss:-0.996 || Aad_Loss:-30.799 || 耗时：12.97s
轮次:·14/·20 || c_Loss:0.376 || e_Loss:-1.007 || Aad_Loss:-31.690 || 耗时：12.96s
轮次:·15/·20 || c_Loss:0.383 || e_Loss:-0.847 || Aad_Loss:-35.543 || 耗时：12.93s
任务: (B1)N15_M01_F10→(B3)N15_M07_F04; mix批次:····0; 批次:·1410/·1880;  总正确率: 82.33%
类型1 正确率： 100.00% -> 1  100.00%, 2    0.00%, 3    0.00%
类型2 正确率：  97.00% -> 1    0.00%, 2   97.00%, 3    3.00%
类型3 正确率：  50.00% -> 1   50.00%, 2    0.00%, 3   50.00%


样本变换：reverse
样本变换：mask
样本变换：shift
样本变换：none
未过滤	未用伪标签：82.33% -> 使用伪标签：82.43%
已过滤	未用伪标签：82.36% -> 使用伪标签：82.46%
排除样本：2|6000	剩余：3000, 1946, 1052
增添样本：3002		细则：0, 1054, 1948	正确率估算：99.76%
类型1 正确率： 100.00% -> 1  100.00%, 2    0.00%, 3    0.00%
类型2 正确率：  97.00% -> 1    0.00%, 2   97.40%, 3    2.60%
类型3 正确率：  50.00% -> 1   50.00%, 2    0.00%, 3   50.00%

被排除样本 正确率：0.00%
类型1 正确率：   0.00% -> 1    0.00%, 2  100.00%
类型2 没有样本或未被分类。


轮次:·16/·20 || c_Loss:0.379 || e_Loss:-0.935 || Aad_Loss:-33.581 || 耗时：34.83s
轮次:·17/·20 || c_Loss:0.378 || e_Loss:-1.501 || Aad_Loss:-33.987 || 耗时：12.88s
轮次:·18/·20 || c_Loss:0.377 || e_Loss:-1.023 || Aad_Loss:-30.964 || 耗时：12.87s
轮次:·19/·20 || c_Loss:0.374 || e_Loss:-1.026 || Aad_Loss:-31.674 || 耗时：12.95s
轮次:·20/·20 || c_Loss:0.377 || e_Loss:-1.013 || Aad_Loss:-31.134 || 耗时：12.91s
任务: (B1)N15_M01_F10→(B3)N15_M07_F04; mix批次:····0; 批次:·1880/·1880;  总正确率: 82.38%
类型1 正确率： 100.00% -> 1  100.00%, 2    0.00%, 3    0.00%
类型2 正确率：  97.00% -> 1    0.00%, 2   97.15%, 3    2.85%
类型3 正确率：  50.00% -> 1   50.00%, 2    0.00%, 3   50.00%


测试集任务: (B1)N15_M01_F10→(B3)N15_M07_F04; 总正确率 = 82.38%
类型1 正确率： 100.00% -> 1  100.00%, 2    0.00%, 3    0.00%
类型2 正确率：  97.00% -> 1    0.00%, 2   97.15%, 3    2.85%
类型3 正确率：  50.00% -> 1   50.00%, 2    0.00%, 3   50.00%


