读取源域路径：/kaggle/working/k10/S02/weight_PU_M1_final_checkpoint_FS02toS02_s2024/NEW_PU/Source-源域/log&pt/(B3)N15_M07_F04
excel输出位置：/kaggle/working/k10/S02/weight_PU_M1_final_checkpoint_FS02toS02_s2024/NEW_PU/Target-目标域
特征图片输出位置：/kaggle/working/k10/S02/weight_PU_M1_final_checkpoint_FS02toS02_s2024/NEW_PU/Picture-特征图/2026年09月16日04时12分/(B3)N15_M07_F04
现在选取:(B3)N15_M07_F04 进行训练的源模型
现在进行：(B3)N15_M07_F04→(B2)N15_M07_F10 的迁移任务
log&pt输出位置：/kaggle/working/k10/S02/weight_PU_M1_final_checkpoint_FS02toS02_s2024/NEW_PU/Target-目标域/log&pt/(B3)N15_M07_F04→(B2)N15_M07_F10
任务: (B3)N15_M07_F04→(B2)N15_M07_F10; 批次:····0/·1880;  总正确率: 77.12%
类型1 正确率： 100.00% -> 1   99.95%, 2    0.00%, 3    0.05%
类型2 正确率： 100.00% -> 1    0.00%, 2   99.85%, 3    0.15%
类型3 正确率：  32.00% -> 1    0.15%, 2   68.30%, 3   31.55%


样本变换：reverse
样本变换：mask
样本变换：shift
样本变换：none
未过滤	未用伪标签：77.12% -> 使用伪标签：77.42%
已过滤	未用伪标签：77.44% -> 使用伪标签：77.92%
排除样本：39|6000	剩余：2010, 3280, 671
增添样本：3879		细则：1270, 0, 2609	正确率估算：97.68%
类型1 正确率： 100.00% -> 1  100.00%, 2    0.00%, 3    0.00%
类型2 正确率： 100.00% -> 1    0.00%, 2   99.60%, 3    0.40%
类型3 正确率：  34.00% -> 1    0.56%, 2   65.80%, 3   33.64%

被排除样本 正确率：28.21%
类型1 正确率：   0.00% -> 1    0.00%, 2    0.00%, 3  100.00%
类型2 正确率： 100.00% -> 1    0.00%, 2  100.00%, 3    0.00%
类型3 正确率：   7.00% -> 1    0.00%, 2   93.10%, 3    6.90%


轮次:··1/·20 || c_Loss:0.465 || e_Loss:-0.973 || Aad_Loss:-32.737 || 耗时：33.12s
轮次:··2/·20 || c_Loss:0.465 || e_Loss:-0.991 || Aad_Loss:-30.260 || 耗时：12.35s
轮次:··3/·20 || c_Loss:0.366 || e_Loss:-0.943 || Aad_Loss:-33.666 || 耗时：12.33s
轮次:··4/·20 || c_Loss:0.362 || e_Loss:-1.433 || Aad_Loss:-31.980 || 耗时：12.36s
轮次:··5/·20 || c_Loss:0.396 || e_Loss:-0.945 || Aad_Loss:-32.831 || 耗时：12.48s
任务: (B3)N15_M07_F04→(B2)N15_M07_F10; mix批次:····0; 批次:··470/·1880;  总正确率: 77.67%
类型1 正确率： 100.00% -> 1  100.00%, 2    0.00%, 3    0.00%
类型2 正确率： 100.00% -> 1    0.00%, 2  100.00%, 3    0.00%
类型3 正确率：  33.00% -> 1    0.00%, 2   67.00%, 3   33.00%


样本变换：reverse
样本变换：mask
样本变换：shift
样本变换：none
未过滤	未用伪标签：77.67% -> 使用伪标签：77.67%
已过滤	未用伪标签：77.67% -> 使用伪标签：77.67%
排除样本：2000|6000	剩余：3340, 660
增添样本：4020		细则：1340, 0, 2680	正确率估算：100.00%
类型1 正确率： 100.00% -> 1  100.00%, 2    0.00%, 3    0.00%
类型2 正确率： 100.00% -> 1    0.00%, 2  100.00%, 3    0.00%
类型3 正确率：  33.00% -> 1    0.00%, 2   67.00%, 3   33.00%

被排除样本 正确率：nan%


轮次:··6/·20 || c_Loss:0.375 || e_Loss:-0.938 || Aad_Loss:-35.586 || 耗时：33.37s
轮次:··7/·20 || c_Loss:0.382 || e_Loss:-0.922 || Aad_Loss:-35.617 || 耗时：12.46s
轮次:··8/·20 || c_Loss:0.377 || e_Loss:-0.830 || Aad_Loss:-39.679 || 耗时：12.50s
轮次:··9/·20 || c_Loss:0.379 || e_Loss:-0.935 || Aad_Loss:-36.007 || 耗时：12.51s
轮次:·10/·20 || c_Loss:0.371 || e_Loss:-0.833 || Aad_Loss:-39.851 || 耗时：12.52s
任务: (B3)N15_M07_F04→(B2)N15_M07_F10; mix批次:····0; 批次:··940/·1880;  总正确率: 77.67%
类型1 正确率： 100.00% -> 1  100.00%, 2    0.00%, 3    0.00%
类型2 正确率： 100.00% -> 1    0.00%, 2  100.00%, 3    0.00%
类型3 正确率：  33.00% -> 1    0.00%, 2   67.00%, 3   33.00%


样本变换：reverse
样本变换：mask
样本变换：shift
样本变换：none
未过滤	未用伪标签：77.67% -> 使用伪标签：77.67%
已过滤	未用伪标签：77.67% -> 使用伪标签：77.67%
排除样本：2000|6000	剩余：3340, 660
增添样本：4020		细则：1340, 0, 2680	正确率估算：100.00%
类型1 正确率： 100.00% -> 1  100.00%, 2    0.00%, 3    0.00%
类型2 正确率： 100.00% -> 1    0.00%, 2  100.00%, 3    0.00%
类型3 正确率：  33.00% -> 1    0.00%, 2   67.00%, 3   33.00%

被排除样本 正确率：nan%


轮次:·11/·20 || c_Loss:0.375 || e_Loss:-0.942 || Aad_Loss:-35.955 || 耗时：33.47s
轮次:·12/·20 || c_Loss:0.379 || e_Loss:-0.923 || Aad_Loss:-35.920 || 耗时：12.53s
轮次:·13/·20 || c_Loss:0.375 || e_Loss:-0.831 || Aad_Loss:-39.992 || 耗时：12.52s
轮次:·14/·20 || c_Loss:0.377 || e_Loss:-0.935 || Aad_Loss:-36.235 || 耗时：12.55s
轮次:·15/·20 || c_Loss:0.369 || e_Loss:-0.834 || Aad_Loss:-40.083 || 耗时：12.56s
任务: (B3)N15_M07_F04→(B2)N15_M07_F10; mix批次:····0; 批次:·1410/·1880;  总正确率: 77.67%
类型1 正确率： 100.00% -> 1  100.00%, 2    0.00%, 3    0.00%
类型2 正确率： 100.00% -> 1    0.00%, 2  100.00%, 3    0.00%
类型3 正确率：  33.00% -> 1    0.00%, 2   67.00%, 3   33.00%


样本变换：reverse
样本变换：mask
样本变换：shift
样本变换：none
未过滤	未用伪标签：77.67% -> 使用伪标签：77.67%
已过滤	未用伪标签：77.67% -> 使用伪标签：77.67%
排除样本：2000|6000	剩余：3340, 660
增添样本：4020		细则：1340, 0, 2680	正确率估算：100.00%
类型1 正确率： 100.00% -> 1  100.00%, 2    0.00%, 3    0.00%
类型2 正确率： 100.00% -> 1    0.00%, 2  100.00%, 3    0.00%
类型3 正确率：  33.00% -> 1    0.00%, 2   67.00%, 3   33.00%

被排除样本 正确率：nan%


轮次:·16/·20 || c_Loss:0.373 || e_Loss:-0.942 || Aad_Loss:-36.134 || 耗时：33.52s
轮次:·17/·20 || c_Loss:0.377 || e_Loss:-0.923 || Aad_Loss:-36.084 || 耗时：12.52s
轮次:·18/·20 || c_Loss:0.374 || e_Loss:-0.831 || Aad_Loss:-40.166 || 耗时：12.52s
轮次:·19/·20 || c_Loss:0.376 || e_Loss:-0.936 || Aad_Loss:-36.368 || 耗时：12.50s
轮次:·20/·20 || c_Loss:0.368 || e_Loss:-0.834 || Aad_Loss:-40.223 || 耗时：12.53s
任务: (B3)N15_M07_F04→(B2)N15_M07_F10; mix批次:····0; 批次:·1880/·1880;  总正确率: 77.67%
类型1 正确率： 100.00% -> 1  100.00%, 2    0.00%, 3    0.00%
类型2 正确率： 100.00% -> 1    0.00%, 2  100.00%, 3    0.00%
类型3 正确率：  33.00% -> 1    0.00%, 2   67.00%, 3   33.00%


测试集任务: (B3)N15_M07_F04→(B2)N15_M07_F10; 总正确率 = 77.67%
类型1 正确率： 100.00% -> 1  100.00%, 2    0.00%, 3    0.00%
类型2 正确率： 100.00% -> 1    0.00%, 2  100.00%, 3    0.00%
类型3 正确率：  33.00% -> 1    0.00%, 2   67.00%, 3   33.00%


