读取源域路径：/kaggle/working/k10/S02/weight_PU_M1_final_checkpoint_FS02toS02_s2024/NEW_PU/Source-源域/log&pt/(B3)N15_M07_F04
excel输出位置：/kaggle/working/k10/S02/weight_PU_M1_final_checkpoint_FS02toS02_s2024/NEW_PU/Target-目标域
特征图片输出位置：/kaggle/working/k10/S02/weight_PU_M1_final_checkpoint_FS02toS02_s2024/NEW_PU/Picture-特征图/2026年09月16日04时06分/(B3)N15_M07_F04
现在选取:(B3)N15_M07_F04 进行训练的源模型
现在进行：(B3)N15_M07_F04→(B1)N15_M01_F10 的迁移任务
log&pt输出位置：/kaggle/working/k10/S02/weight_PU_M1_final_checkpoint_FS02toS02_s2024/NEW_PU/Target-目标域/log&pt/(B3)N15_M07_F04→(B1)N15_M01_F10
任务: (B3)N15_M07_F04→(B1)N15_M01_F10; 批次:····0/·1880;  总正确率: 75.72%
类型1 正确率： 100.00% -> 1  100.00%, 2    0.00%, 3    0.00%
类型2 正确率： 100.00% -> 1    0.00%, 2   99.80%, 3    0.20%
类型3 正确率：  27.00% -> 1    0.30%, 2   72.35%, 3   27.35%


样本变换：reverse
样本变换：mask
样本变换：shift
样本变换：none
未过滤	未用伪标签：75.72% -> 使用伪标签：77.42%
已过滤	未用伪标签：76.52% -> 使用伪标签：78.48%
排除样本：81|6000	剩余：2031, 3190, 698
增添样本：3651		细则：1159, 0, 2492	正确率估算：92.78%
类型1 正确率： 100.00% -> 1  100.00%, 2    0.00%, 3    0.00%
类型2 正确率：  99.00% -> 1    0.00%, 2   98.99%, 3    1.01%
类型3 正确率：  35.00% -> 1    1.60%, 2   63.30%, 3   35.09%

被排除样本 正确率：17.28%
类型1 正确率： 100.00% -> 1  100.00%, 2    0.00%
类型2 正确率：   1.00% -> 1   98.53%, 2    1.47%


轮次:··1/·20 || c_Loss:0.481 || e_Loss:-1.474 || Aad_Loss:-30.813 || 耗时：33.04s
轮次:··2/·20 || c_Loss:0.419 || e_Loss:-1.645 || Aad_Loss:-28.510 || 耗时：12.43s
轮次:··3/·20 || c_Loss:0.369 || e_Loss:-0.851 || Aad_Loss:-33.557 || 耗时：12.45s
轮次:··4/·20 || c_Loss:0.388 || e_Loss:-0.828 || Aad_Loss:-32.272 || 耗时：12.46s
轮次:··5/·20 || c_Loss:0.359 || e_Loss:-1.715 || Aad_Loss:-30.612 || 耗时：12.50s
任务: (B3)N15_M07_F04→(B1)N15_M01_F10; mix批次:····0; 批次:··470/·1880;  总正确率: 78.00%
类型1 正确率： 100.00% -> 1  100.00%, 2    0.00%, 3    0.00%
类型2 正确率： 100.00% -> 1    0.00%, 2  100.00%, 3    0.00%
类型3 正确率：  34.00% -> 1    0.00%, 2   66.00%, 3   34.00%


样本变换：reverse
样本变换：mask
样本变换：shift
样本变换：none
未过滤	未用伪标签：78.00% -> 使用伪标签：77.67%
已过滤	未用伪标签：78.00% -> 使用伪标签：77.67%
排除样本：2000|6000	剩余：3340, 660
增添样本：4020		细则：1340, 0, 2680	正确率估算：100.00%
类型1 正确率： 100.00% -> 1  100.00%, 2    0.00%, 3    0.00%
类型2 正确率： 100.00% -> 1    0.00%, 2  100.00%, 3    0.00%
类型3 正确率：  33.00% -> 1    0.00%, 2   67.00%, 3   33.00%

被排除样本 正确率：nan%


轮次:··6/·20 || c_Loss:0.370 || e_Loss:-0.929 || Aad_Loss:-35.459 || 耗时：33.31s
轮次:··7/·20 || c_Loss:0.384 || e_Loss:-0.917 || Aad_Loss:-35.465 || 耗时：12.51s
轮次:··8/·20 || c_Loss:0.373 || e_Loss:-0.836 || Aad_Loss:-39.831 || 耗时：12.51s
轮次:··9/·20 || c_Loss:0.376 || e_Loss:-0.928 || Aad_Loss:-35.882 || 耗时：12.54s
轮次:·10/·20 || c_Loss:0.369 || e_Loss:-0.832 || Aad_Loss:-39.824 || 耗时：12.51s
任务: (B3)N15_M07_F04→(B1)N15_M01_F10; mix批次:····0; 批次:··940/·1880;  总正确率: 77.67%
类型1 正确率： 100.00% -> 1  100.00%, 2    0.00%, 3    0.00%
类型2 正确率： 100.00% -> 1    0.00%, 2  100.00%, 3    0.00%
类型3 正确率：  33.00% -> 1    0.00%, 2   67.00%, 3   33.00%


样本变换：reverse
样本变换：mask
样本变换：shift
样本变换：none
未过滤	未用伪标签：77.67% -> 使用伪标签：77.67%
已过滤	未用伪标签：77.67% -> 使用伪标签：77.67%
排除样本：2000|6000	剩余：3340, 660
增添样本：4020		细则：1340, 0, 2680	正确率估算：100.00%
类型1 正确率： 100.00% -> 1  100.00%, 2    0.00%, 3    0.00%
类型2 正确率： 100.00% -> 1    0.00%, 2  100.00%, 3    0.00%
类型3 正确率：  33.00% -> 1    0.00%, 2   67.00%, 3   33.00%

被排除样本 正确率：nan%


轮次:·11/·20 || c_Loss:0.375 || e_Loss:-0.938 || Aad_Loss:-35.876 || 耗时：33.42s
轮次:·12/·20 || c_Loss:0.383 || e_Loss:-0.920 || Aad_Loss:-35.801 || 耗时：12.50s
轮次:·13/·20 || c_Loss:0.372 || e_Loss:-0.836 || Aad_Loss:-40.142 || 耗时：12.49s
轮次:·14/·20 || c_Loss:0.375 || e_Loss:-0.931 || Aad_Loss:-36.130 || 耗时：12.50s
轮次:·15/·20 || c_Loss:0.368 || e_Loss:-0.834 || Aad_Loss:-40.074 || 耗时：12.50s
任务: (B3)N15_M07_F04→(B1)N15_M01_F10; mix批次:····0; 批次:·1410/·1880;  总正确率: 77.67%
类型1 正确率： 100.00% -> 1  100.00%, 2    0.00%, 3    0.00%
类型2 正确率： 100.00% -> 1    0.00%, 2  100.00%, 3    0.00%
类型3 正确率：  33.00% -> 1    0.00%, 2   67.00%, 3   33.00%


样本变换：reverse
样本变换：mask
样本变换：shift
样本变换：none
未过滤	未用伪标签：77.67% -> 使用伪标签：77.65%
已过滤	未用伪标签：77.66% -> 使用伪标签：77.66%
排除样本：1|6000	剩余：2000, 3340, 659
增添样本：4021		细则：1340, 0, 2681	正确率估算：100.00%
类型1 正确率： 100.00% -> 1  100.00%, 2    0.00%, 3    0.00%
类型2 正确率： 100.00% -> 1    0.00%, 2  100.00%, 3    0.00%
类型3 正确率：  33.00% -> 1    0.00%, 2   67.03%, 3   32.97%

被排除样本 正确率：100.00%
类型1 正确率： 100.00% -> 1  100.00%


轮次:·16/·20 || c_Loss:0.373 || e_Loss:-0.966 || Aad_Loss:-34.204 || 耗时：33.45s
轮次:·17/·20 || c_Loss:0.382 || e_Loss:-0.862 || Aad_Loss:-38.225 || 耗时：12.51s
轮次:·18/·20 || c_Loss:0.374 || e_Loss:-0.950 || Aad_Loss:-35.539 || 耗时：12.54s
轮次:·19/·20 || c_Loss:0.377 || e_Loss:-0.951 || Aad_Loss:-34.949 || 耗时：12.52s
轮次:·20/·20 || c_Loss:0.371 || e_Loss:-1.504 || Aad_Loss:-37.451 || 耗时：12.53s
任务: (B3)N15_M07_F04→(B1)N15_M01_F10; mix批次:····0; 批次:·1880/·1880;  总正确率: 77.67%
类型1 正确率： 100.00% -> 1  100.00%, 2    0.00%, 3    0.00%
类型2 正确率： 100.00% -> 1    0.00%, 2  100.00%, 3    0.00%
类型3 正确率：  33.00% -> 1    0.00%, 2   67.00%, 3   33.00%


测试集任务: (B3)N15_M07_F04→(B1)N15_M01_F10; 总正确率 = 77.67%
类型1 正确率： 100.00% -> 1  100.00%, 2    0.00%, 3    0.00%
类型2 正确率： 100.00% -> 1    0.00%, 2  100.00%, 3    0.00%
类型3 正确率：  33.00% -> 1    0.00%, 2   67.00%, 3   33.00%


