读取源域路径：/kaggle/working/k10/S02/weight_PU_M1_final_checkpoint_FS02toS02_s2024/NEW_PU/Source-源域/log&pt/(B1)N15_M01_F10
excel输出位置：/kaggle/working/k10/S02/weight_PU_M1_final_checkpoint_FS02toS02_s2024/NEW_PU/Target-目标域
特征图片输出位置：/kaggle/working/k10/S02/weight_PU_M1_final_checkpoint_FS02toS02_s2024/NEW_PU/Picture-特征图/2026年09月16日03时43分/(B1)N15_M01_F10
现在选取:(B1)N15_M01_F10 进行训练的源模型
现在进行：(B1)N15_M01_F10→(B2)N15_M07_F10 的迁移任务
log&pt输出位置：/kaggle/working/k10/S02/weight_PU_M1_final_checkpoint_FS02toS02_s2024/NEW_PU/Target-目标域/log&pt/(B1)N15_M01_F10→(B2)N15_M07_F10
任务: (B1)N15_M01_F10→(B2)N15_M07_F10; 批次:····0/·1880;  总正确率: 99.53%
类型1 正确率： 100.00% -> 1  100.00%, 2    0.00%, 3    0.00%
类型2 正确率： 100.00% -> 1    0.00%, 2  100.00%, 3    0.00%
类型3 正确率：  99.00% -> 1    0.00%, 2    1.40%, 3   98.60%


样本变换：reverse
样本变换：mask
样本变换：shift
样本变换：none
未过滤	未用伪标签：99.53% -> 使用伪标签：99.40%
已过滤	未用伪标签：99.63% -> 使用伪标签：99.63%
排除样本：14|6000	剩余：2000, 2022, 1964
增添样本：80		细则：22, 0, 58	正确率估算：98.75%
类型1 正确率： 100.00% -> 1  100.00%, 2    0.00%, 3    0.00%
类型2 正确率： 100.00% -> 1    0.00%, 2  100.00%, 3    0.00%
类型3 正确率：  99.00% -> 1    0.00%, 2    1.11%, 3   98.89%

被排除样本 正确率：57.14%
类型1 没有样本或未被分类。
类型2 正确率：  57.00% -> 1   42.86%, 2   57.14%


轮次:··1/·20 || c_Loss:0.621 || e_Loss:-1.161 || Aad_Loss:-26.798 || 耗时：32.41s
轮次:··2/·20 || c_Loss:0.435 || e_Loss:-1.049 || Aad_Loss:-29.637 || 耗时：12.40s
轮次:··3/·20 || c_Loss:0.409 || e_Loss:-1.019 || Aad_Loss:-28.997 || 耗时：12.41s
轮次:··4/·20 || c_Loss:0.385 || e_Loss:-0.990 || Aad_Loss:-28.979 || 耗时：12.43s
轮次:··5/·20 || c_Loss:0.410 || e_Loss:-0.937 || Aad_Loss:-28.457 || 耗时：12.44s
任务: (B1)N15_M01_F10→(B2)N15_M07_F10; mix批次:····0; 批次:··470/·1880;  总正确率: 99.87%
类型1 正确率： 100.00% -> 1  100.00%, 2    0.00%, 3    0.00%
类型2 正确率： 100.00% -> 1    0.00%, 2   99.90%, 3    0.10%
类型3 正确率： 100.00% -> 1    0.00%, 2    0.30%, 3   99.70%


样本变换：reverse
样本变换：mask
样本变换：shift
样本变换：none
未过滤	未用伪标签：99.87% -> 使用伪标签：99.85%
已过滤	未用伪标签：99.88% -> 使用伪标签：99.90%
排除样本：3|6000	剩余：2000, 2002, 1995
增添样本：9		细则：2, 0, 7	正确率估算：100.00%
类型1 正确率： 100.00% -> 1  100.00%, 2    0.00%, 3    0.00%
类型2 正确率： 100.00% -> 1    0.00%, 2   99.90%, 3    0.10%
类型3 正确率： 100.00% -> 1    0.00%, 2    0.20%, 3   99.80%

被排除样本 正确率：66.67%
类型1 没有样本或未被分类。
类型2 正确率：  67.00% -> 1   33.33%, 2   66.67%


轮次:··6/·20 || c_Loss:0.386 || e_Loss:-1.013 || Aad_Loss:-26.922 || 耗时：32.34s
轮次:··7/·20 || c_Loss:0.382 || e_Loss:-0.969 || Aad_Loss:-25.419 || 耗时：12.50s
轮次:··8/·20 || c_Loss:0.396 || e_Loss:-1.008 || Aad_Loss:-26.688 || 耗时：12.48s
轮次:··9/·20 || c_Loss:0.385 || e_Loss:-0.985 || Aad_Loss:-27.086 || 耗时：12.49s
轮次:·10/·20 || c_Loss:0.424 || e_Loss:-0.903 || Aad_Loss:-26.796 || 耗时：12.49s
任务: (B1)N15_M01_F10→(B2)N15_M07_F10; mix批次:····0; 批次:··940/·1880;  总正确率: 99.97%
类型1 正确率： 100.00% -> 1  100.00%, 2    0.00%, 3    0.00%
类型2 正确率： 100.00% -> 1    0.00%, 2   99.90%, 3    0.10%
类型3 正确率： 100.00% -> 1    0.00%, 2    0.00%, 3  100.00%


样本变换：reverse
样本变换：mask
样本变换：shift
样本变换：none
未过滤	未用伪标签：99.97% -> 使用伪标签：99.97%
已过滤	未用伪标签：99.98% -> 使用伪标签：99.98%
排除样本：1|6000	剩余：2000, 1998, 2001
增添样本：4		细则：1, 3, 0	正确率估算：100.00%
类型1 正确率： 100.00% -> 1  100.00%, 2    0.00%, 3    0.00%
类型2 正确率： 100.00% -> 1    0.00%, 2   99.95%, 3    0.05%
类型3 正确率： 100.00% -> 1    0.00%, 2    0.00%, 3  100.00%

被排除样本 正确率：0.00%
类型1 正确率：   0.00% -> 1    0.00%, 2  100.00%
类型2 没有样本或未被分类。


轮次:·11/·20 || c_Loss:0.392 || e_Loss:-0.962 || Aad_Loss:-25.060 || 耗时：32.32s
轮次:·12/·20 || c_Loss:0.388 || e_Loss:-1.002 || Aad_Loss:-24.352 || 耗时：12.44s
轮次:·13/·20 || c_Loss:0.402 || e_Loss:-0.957 || Aad_Loss:-23.999 || 耗时：12.45s
轮次:·14/·20 || c_Loss:0.394 || e_Loss:-0.986 || Aad_Loss:-24.561 || 耗时：12.42s
轮次:·15/·20 || c_Loss:0.394 || e_Loss:-0.989 || Aad_Loss:-24.288 || 耗时：12.45s
任务: (B1)N15_M01_F10→(B2)N15_M07_F10; mix批次:····0; 批次:·1410/·1880;  总正确率: 99.97%
类型1 正确率： 100.00% -> 1  100.00%, 2    0.00%, 3    0.00%
类型2 正确率： 100.00% -> 1    0.00%, 2   99.90%, 3    0.10%
类型3 正确率： 100.00% -> 1    0.00%, 2    0.00%, 3  100.00%


样本变换：reverse
样本变换：mask
样本变换：shift
样本变换：none
未过滤	未用伪标签：99.97% -> 使用伪标签：99.97%
已过滤	未用伪标签：99.98% -> 使用伪标签：99.98%
排除样本：1|6000	剩余：2000, 1998, 2001
增添样本：4		细则：1, 3, 0	正确率估算：100.00%
类型1 正确率： 100.00% -> 1  100.00%, 2    0.00%, 3    0.00%
类型2 正确率： 100.00% -> 1    0.00%, 2   99.95%, 3    0.05%
类型3 正确率： 100.00% -> 1    0.00%, 2    0.00%, 3  100.00%

被排除样本 正确率：0.00%
类型1 正确率：   0.00% -> 1    0.00%, 2  100.00%
类型2 没有样本或未被分类。


轮次:·16/·20 || c_Loss:0.394 || e_Loss:-0.965 || Aad_Loss:-25.251 || 耗时：32.44s
轮次:·17/·20 || c_Loss:0.388 || e_Loss:-1.007 || Aad_Loss:-24.578 || 耗时：12.46s
轮次:·18/·20 || c_Loss:0.402 || e_Loss:-0.958 || Aad_Loss:-24.342 || 耗时：12.45s
轮次:·19/·20 || c_Loss:0.393 || e_Loss:-0.990 || Aad_Loss:-24.737 || 耗时：12.47s
轮次:·20/·20 || c_Loss:0.394 || e_Loss:-0.990 || Aad_Loss:-24.501 || 耗时：12.48s
任务: (B1)N15_M01_F10→(B2)N15_M07_F10; mix批次:····0; 批次:·1880/·1880;  总正确率: 99.97%
类型1 正确率： 100.00% -> 1  100.00%, 2    0.00%, 3    0.00%
类型2 正确率： 100.00% -> 1    0.00%, 2   99.90%, 3    0.10%
类型3 正确率： 100.00% -> 1    0.00%, 2    0.00%, 3  100.00%


测试集任务: (B1)N15_M01_F10→(B2)N15_M07_F10; 总正确率 = 99.97%
类型1 正确率： 100.00% -> 1  100.00%, 2    0.00%, 3    0.00%
类型2 正确率： 100.00% -> 1    0.00%, 2   99.90%, 3    0.10%
类型3 正确率： 100.00% -> 1    0.00%, 2    0.00%, 3  100.00%


