读取源域路径：/kaggle/working/k10/S02/weight_PU_M1_final_checkpoint_FS02toS02_s2024/NEW_PU/Source-源域/log&pt/(B1)N15_M01_F10
excel输出位置：/kaggle/working/k10/S02/weight_PU_M1_final_checkpoint_FS02toS02_s2024/NEW_PU/Target-目标域
特征图片输出位置：/kaggle/working/k10/S02/weight_PU_M1_final_checkpoint_FS02toS02_s2024/NEW_PU/Picture-特征图/2026年09月16日03时48分/(B1)N15_M01_F10
现在选取:(B1)N15_M01_F10 进行训练的源模型
现在进行：(B1)N15_M01_F10→(B3)N15_M07_F04 的迁移任务
log&pt输出位置：/kaggle/working/k10/S02/weight_PU_M1_final_checkpoint_FS02toS02_s2024/NEW_PU/Target-目标域/log&pt/(B1)N15_M01_F10→(B3)N15_M07_F04
任务: (B1)N15_M01_F10→(B3)N15_M07_F04; 批次:····0/·1880;  总正确率: 85.98%
类型1 正确率： 100.00% -> 1  100.00%, 2    0.00%, 3    0.00%
类型2 正确率：  98.00% -> 1    0.00%, 2   97.85%, 3    2.15%
类型3 正确率：  60.00% -> 1    0.00%, 2   39.90%, 3   60.10%


样本变换：reverse
样本变换：mask
样本变换：shift
样本变换：none
未过滤	未用伪标签：85.98% -> 使用伪标签：83.87%
已过滤	未用伪标签：86.42% -> 使用伪标签：85.01%
排除样本：81|6000	剩余：2000, 2835, 1084
增添样本：2586		细则：835, 0, 1751	正确率估算：98.33%
类型1 正确率： 100.00% -> 1  100.00%, 2    0.00%, 3    0.00%
类型2 正确率：  99.00% -> 1    0.00%, 2   98.90%, 3    1.10%
类型3 正确率：  55.00% -> 1    0.00%, 2   44.89%, 3   55.11%

被排除样本 正确率：54.32%
类型1 正确率：  62.00% -> 1   62.50%, 2   37.50%
类型2 正确率：  53.00% -> 1   46.58%, 2   53.42%


轮次:··1/·20 || c_Loss:0.595 || e_Loss:-0.987 || Aad_Loss:-28.629 || 耗时：33.09s
轮次:··2/·20 || c_Loss:0.400 || e_Loss:-1.667 || Aad_Loss:-25.128 || 耗时：12.42s
轮次:··3/·20 || c_Loss:0.383 || e_Loss:-0.875 || Aad_Loss:-31.981 || 耗时：12.43s
轮次:··4/·20 || c_Loss:0.420 || e_Loss:-0.854 || Aad_Loss:-26.383 || 耗时：12.42s
轮次:··5/·20 || c_Loss:0.387 || e_Loss:-0.867 || Aad_Loss:-30.024 || 耗时：12.48s
任务: (B1)N15_M01_F10→(B3)N15_M07_F04; mix批次:····0; 批次:··470/·1880;  总正确率: 87.48%
类型1 正确率： 100.00% -> 1  100.00%, 2    0.00%, 3    0.00%
类型2 正确率：  99.00% -> 1    0.00%, 2   99.40%, 3    0.60%
类型3 正确率：  63.00% -> 1    0.00%, 2   36.95%, 3   63.05%


样本变换：reverse
样本变换：mask
样本变换：shift
样本变换：none
未过滤	未用伪标签：87.48% -> 使用伪标签：85.48%
已过滤	未用伪标签：87.47% -> 使用伪标签：86.16%
排除样本：47|6000	剩余：2000, 2815, 1138
增添样本：2492		细则：815, 0, 1677	正确率估算：100.00%
类型1 正确率： 100.00% -> 1  100.00%, 2    0.00%, 3    0.00%
类型2 正确率： 100.00% -> 1    0.00%, 2   99.85%, 3    0.15%
类型3 正确率：  58.00% -> 1    0.00%, 2   41.97%, 3   58.03%

被排除样本 正确率：89.36%
类型1 正确率：   0.00% -> 1    0.00%, 2  100.00%
类型2 正确率：  95.00% -> 1    4.55%, 2   95.45%


轮次:··6/·20 || c_Loss:0.370 || e_Loss:-0.910 || Aad_Loss:-30.186 || 耗时：33.29s
轮次:··7/·20 || c_Loss:0.442 || e_Loss:-0.878 || Aad_Loss:-29.393 || 耗时：12.40s
轮次:··8/·20 || c_Loss:0.440 || e_Loss:-1.940 || Aad_Loss:-28.510 || 耗时：12.40s
轮次:··9/·20 || c_Loss:0.383 || e_Loss:-0.934 || Aad_Loss:-30.283 || 耗时：12.39s
轮次:·10/·20 || c_Loss:0.374 || e_Loss:-0.926 || Aad_Loss:-28.297 || 耗时：12.50s
任务: (B1)N15_M01_F10→(B3)N15_M07_F04; mix批次:····0; 批次:··940/·1880;  总正确率: 88.33%
类型1 正确率： 100.00% -> 1  100.00%, 2    0.00%, 3    0.00%
类型2 正确率： 100.00% -> 1    0.00%, 2   99.90%, 3    0.10%
类型3 正确率：  65.00% -> 1    0.00%, 2   34.90%, 3   65.10%


样本变换：reverse
样本变换：mask
样本变换：shift
样本变换：none
未过滤	未用伪标签：88.33% -> 使用伪标签：88.38%
已过滤	未用伪标签：88.46% -> 使用伪标签：88.59%
排除样本：14|6000	剩余：2000, 2677, 1309
增添样本：2045		细则：677, 0, 1368	正确率估算：99.50%
类型1 正确率： 100.00% -> 1  100.00%, 2    0.00%, 3    0.00%
类型2 正确率： 100.00% -> 1    0.00%, 2   99.90%, 3    0.10%
类型3 正确率：  66.00% -> 1    0.00%, 2   34.26%, 3   65.74%

被排除样本 正确率：35.71%
类型1 正确率： 100.00% -> 1  100.00%, 2    0.00%
类型2 正确率：  25.00% -> 1   75.00%, 2   25.00%


轮次:·11/·20 || c_Loss:0.369 || e_Loss:-0.965 || Aad_Loss:-28.266 || 耗时：33.29s
轮次:·12/·20 || c_Loss:0.373 || e_Loss:-0.975 || Aad_Loss:-29.534 || 耗时：12.44s
轮次:·13/·20 || c_Loss:0.406 || e_Loss:-0.977 || Aad_Loss:-28.097 || 耗时：12.47s
轮次:·14/·20 || c_Loss:0.381 || e_Loss:-0.974 || Aad_Loss:-30.760 || 耗时：12.45s
轮次:·15/·20 || c_Loss:0.387 || e_Loss:-1.004 || Aad_Loss:-29.603 || 耗时：12.49s
任务: (B1)N15_M01_F10→(B3)N15_M07_F04; mix批次:····0; 批次:·1410/·1880;  总正确率: 88.87%
类型1 正确率： 100.00% -> 1  100.00%, 2    0.00%, 3    0.00%
类型2 正确率： 100.00% -> 1    0.00%, 2   99.65%, 3    0.35%
类型3 正确率：  67.00% -> 1    0.00%, 2   33.05%, 3   66.95%


样本变换：reverse
样本变换：mask
样本变换：shift
样本变换：none
未过滤	未用伪标签：88.87% -> 使用伪标签：88.82%
已过滤	未用伪标签：88.89% -> 使用伪标签：88.88%
排除样本：4|6000	剩余：2000, 2655, 1341
增添样本：1969		细则：655, 0, 1314	正确率估算：100.00%
类型1 正确率： 100.00% -> 1  100.00%, 2    0.00%, 3    0.00%
类型2 正确率： 100.00% -> 1    0.00%, 2   99.75%, 3    0.25%
类型3 正确率：  67.00% -> 1    0.00%, 2   33.13%, 3   66.87%

被排除样本 正确率：50.00%
类型1 正确率：   0.00% -> 1    0.00%, 2  100.00%
类型2 正确率： 100.00% -> 1    0.00%, 2  100.00%


轮次:·16/·20 || c_Loss:0.385 || e_Loss:-1.769 || Aad_Loss:-29.115 || 耗时：33.39s
轮次:·17/·20 || c_Loss:0.433 || e_Loss:-0.910 || Aad_Loss:-29.198 || 耗时：12.45s
轮次:·18/·20 || c_Loss:0.388 || e_Loss:-0.957 || Aad_Loss:-30.388 || 耗时：12.46s
轮次:·19/·20 || c_Loss:0.397 || e_Loss:-0.988 || Aad_Loss:-29.434 || 耗时：12.47s
轮次:·20/·20 || c_Loss:0.384 || e_Loss:-1.022 || Aad_Loss:-31.072 || 耗时：12.52s
任务: (B1)N15_M01_F10→(B3)N15_M07_F04; mix批次:····0; 批次:·1880/·1880;  总正确率: 88.88%
类型1 正确率： 100.00% -> 1  100.00%, 2    0.00%, 3    0.00%
类型2 正确率： 100.00% -> 1    0.00%, 2   99.70%, 3    0.30%
类型3 正确率：  67.00% -> 1    0.00%, 2   33.05%, 3   66.95%


测试集任务: (B1)N15_M01_F10→(B3)N15_M07_F04; 总正确率 = 88.88%
类型1 正确率： 100.00% -> 1  100.00%, 2    0.00%, 3    0.00%
类型2 正确率： 100.00% -> 1    0.00%, 2   99.70%, 3    0.30%
类型3 正确率：  67.00% -> 1    0.00%, 2   33.05%, 3   66.95%


