读取源域路径：/kaggle/working/k10/S02/weight_PU_M1_final_checkpoint_FS02toS02_s2024/NEW_PU/Source-源域/log&pt/(B2)N15_M07_F10
excel输出位置：/kaggle/working/k10/S02/weight_PU_M1_final_checkpoint_FS02toS02_s2024/NEW_PU/Target-目标域
特征图片输出位置：/kaggle/working/k10/S02/weight_PU_M1_final_checkpoint_FS02toS02_s2024/NEW_PU/Picture-特征图/2026年09月16日03时54分/(B2)N15_M07_F10
现在选取:(B2)N15_M07_F10 进行训练的源模型
现在进行：(B2)N15_M07_F10→(B1)N15_M01_F10 的迁移任务
log&pt输出位置：/kaggle/working/k10/S02/weight_PU_M1_final_checkpoint_FS02toS02_s2024/NEW_PU/Target-目标域/log&pt/(B2)N15_M07_F10→(B1)N15_M01_F10
任务: (B2)N15_M07_F10→(B1)N15_M01_F10; 批次:····0/·1880;  总正确率: 99.82%
类型1 正确率： 100.00% -> 1  100.00%, 2    0.00%, 3    0.00%
类型2 正确率：  99.00% -> 1    0.00%, 2   99.45%, 3    0.55%
类型3 正确率： 100.00% -> 1    0.00%, 2    0.00%, 3  100.00%


样本变换：reverse
样本变换：mask
样本变换：shift
样本变换：none
未过滤	未用伪标签：99.82% -> 使用伪标签：99.78%
已过滤	未用伪标签：99.90% -> 使用伪标签：99.90%
排除样本：7|6000	剩余：2001, 1988, 2004
增添样本：19		细则：3, 16, 0	正确率估算：100.00%
类型1 正确率： 100.00% -> 1  100.00%, 2    0.00%, 3    0.00%
类型2 正确率： 100.00% -> 1    0.00%, 2   99.75%, 3    0.25%
类型3 正确率： 100.00% -> 1    0.05%, 2    0.00%, 3   99.95%

被排除样本 正确率：28.57%
类型1 正确率：  29.00% -> 1   28.57%, 2   71.43%
类型2 没有样本或未被分类。


轮次:··1/·20 || c_Loss:0.568 || e_Loss:-1.076 || Aad_Loss:-27.082 || 耗时：32.81s
轮次:··2/·20 || c_Loss:0.440 || e_Loss:-1.028 || Aad_Loss:-28.780 || 耗时：12.37s
轮次:··3/·20 || c_Loss:0.412 || e_Loss:-0.977 || Aad_Loss:-28.475 || 耗时：12.33s
轮次:··4/·20 || c_Loss:0.403 || e_Loss:-1.010 || Aad_Loss:-29.376 || 耗时：12.33s
轮次:··5/·20 || c_Loss:0.395 || e_Loss:-0.948 || Aad_Loss:-30.677 || 耗时：12.35s
任务: (B2)N15_M07_F10→(B1)N15_M01_F10; mix批次:····0; 批次:··470/·1880;  总正确率: 99.83%
类型1 正确率： 100.00% -> 1  100.00%, 2    0.00%, 3    0.00%
类型2 正确率： 100.00% -> 1    0.00%, 2   99.50%, 3    0.50%
类型3 正确率： 100.00% -> 1    0.00%, 2    0.00%, 3  100.00%


样本变换：reverse
样本变换：mask
样本变换：shift
样本变换：none
未过滤	未用伪标签：99.83% -> 使用伪标签：99.90%
已过滤	未用伪标签：99.87% -> 使用伪标签：99.95%
排除样本：3|6000	剩余：2000, 1995, 2002
增添样本：9		细则：2, 7, 0	正确率估算：100.00%
类型1 正确率： 100.00% -> 1  100.00%, 2    0.00%, 3    0.00%
类型2 正确率： 100.00% -> 1    0.00%, 2   99.85%, 3    0.15%
类型3 正确率： 100.00% -> 1    0.00%, 2    0.00%, 3  100.00%

被排除样本 正确率：33.33%
类型1 正确率：   0.00% -> 1    0.00%, 2  100.00%
类型2 正确率： 100.00% -> 1    0.00%, 2  100.00%


轮次:··6/·20 || c_Loss:0.395 || e_Loss:-1.025 || Aad_Loss:-26.993 || 耗时：32.27s
轮次:··7/·20 || c_Loss:0.394 || e_Loss:-0.963 || Aad_Loss:-25.407 || 耗时：12.45s
轮次:··8/·20 || c_Loss:0.397 || e_Loss:-1.006 || Aad_Loss:-26.137 || 耗时：12.47s
轮次:··9/·20 || c_Loss:0.401 || e_Loss:-0.992 || Aad_Loss:-27.166 || 耗时：12.45s
轮次:·10/·20 || c_Loss:0.425 || e_Loss:-0.922 || Aad_Loss:-26.766 || 耗时：12.48s
任务: (B2)N15_M07_F10→(B1)N15_M01_F10; mix批次:····0; 批次:··940/·1880;  总正确率: 99.92%
类型1 正确率： 100.00% -> 1  100.00%, 2    0.00%, 3    0.00%
类型2 正确率： 100.00% -> 1    0.00%, 2   99.85%, 3    0.15%
类型3 正确率： 100.00% -> 1    0.00%, 2    0.10%, 3   99.90%


样本变换：reverse
样本变换：mask
样本变换：shift
样本变换：none
未过滤	未用伪标签：99.92% -> 使用伪标签：99.95%
已过滤	未用伪标签：99.93% -> 使用伪标签：99.97%
排除样本：1|6000	剩余：2000, 2000, 1999
增添样本：1		细则：0, 0, 1	正确率估算：100.00%
类型1 正确率： 100.00% -> 1  100.00%, 2    0.00%, 3    0.00%
类型2 正确率： 100.00% -> 1    0.00%, 2   99.95%, 3    0.05%
类型3 正确率： 100.00% -> 1    0.00%, 2    0.05%, 3   99.95%

被排除样本 正确率：0.00%
类型1 没有样本或未被分类。
类型2 正确率：   0.00% -> 1  100.00%, 2    0.00%


轮次:·11/·20 || c_Loss:0.395 || e_Loss:-0.992 || Aad_Loss:-23.234 || 耗时：32.54s
轮次:·12/·20 || c_Loss:0.394 || e_Loss:-0.997 || Aad_Loss:-22.755 || 耗时：12.46s
轮次:·13/·20 || c_Loss:0.399 || e_Loss:-0.897 || Aad_Loss:-24.734 || 耗时：12.47s
轮次:·14/·20 || c_Loss:0.400 || e_Loss:-1.020 || Aad_Loss:-23.185 || 耗时：12.50s
轮次:·15/·20 || c_Loss:0.389 || e_Loss:-1.014 || Aad_Loss:-23.207 || 耗时：12.47s
任务: (B2)N15_M07_F10→(B1)N15_M01_F10; mix批次:····0; 批次:·1410/·1880;  总正确率: 99.97%
类型1 正确率： 100.00% -> 1  100.00%, 2    0.00%, 3    0.00%
类型2 正确率： 100.00% -> 1    0.00%, 2   99.90%, 3    0.10%
类型3 正确率： 100.00% -> 1    0.00%, 2    0.00%, 3  100.00%


样本变换：reverse
样本变换：mask
样本变换：shift
样本变换：none
未过滤	未用伪标签：99.97% -> 使用伪标签：99.97%
已过滤	未用伪标签：99.97% -> 使用伪标签：99.98%
排除样本：1|6000	剩余：2000, 1999, 2000
增添样本：1		细则：0, 1, 0	正确率估算：100.00%
类型1 正确率： 100.00% -> 1  100.00%, 2    0.00%, 3    0.00%
类型2 正确率： 100.00% -> 1    0.00%, 2   99.95%, 3    0.05%
类型3 正确率： 100.00% -> 1    0.00%, 2    0.00%, 3  100.00%

被排除样本 正确率：100.00%
类型1 正确率： 100.00% -> 1  100.00%


轮次:·16/·20 || c_Loss:0.395 || e_Loss:-0.994 || Aad_Loss:-23.436 || 耗时：32.37s
轮次:·17/·20 || c_Loss:0.394 || e_Loss:-0.999 || Aad_Loss:-22.997 || 耗时：12.49s
轮次:·18/·20 || c_Loss:0.395 || e_Loss:-0.899 || Aad_Loss:-24.951 || 耗时：12.52s
轮次:·19/·20 || c_Loss:0.400 || e_Loss:-1.021 || Aad_Loss:-23.350 || 耗时：12.50s
轮次:·20/·20 || c_Loss:0.389 || e_Loss:-1.016 || Aad_Loss:-23.358 || 耗时：12.52s
任务: (B2)N15_M07_F10→(B1)N15_M01_F10; mix批次:····0; 批次:·1880/·1880;  总正确率: 99.97%
类型1 正确率： 100.00% -> 1  100.00%, 2    0.00%, 3    0.00%
类型2 正确率： 100.00% -> 1    0.00%, 2   99.90%, 3    0.10%
类型3 正确率： 100.00% -> 1    0.00%, 2    0.00%, 3  100.00%


测试集任务: (B2)N15_M07_F10→(B1)N15_M01_F10; 总正确率 = 99.97%
类型1 正确率： 100.00% -> 1  100.00%, 2    0.00%, 3    0.00%
类型2 正确率： 100.00% -> 1    0.00%, 2   99.90%, 3    0.10%
类型3 正确率： 100.00% -> 1    0.00%, 2    0.00%, 3  100.00%


