读取源域路径：/kaggle/working/k10/S02/weight_PU_M1_final_checkpoint_FS02toS02_s2024/NEW_PU/Source-源域/log&pt/(B2)N15_M07_F10
excel输出位置：/kaggle/working/k10/S02/weight_PU_M1_final_checkpoint_FS02toS02_s2024/NEW_PU/Target-目标域
特征图片输出位置：/kaggle/working/k10/S02/weight_PU_M1_final_checkpoint_FS02toS02_s2024/NEW_PU/Picture-特征图/2026年09月16日04时00分/(B2)N15_M07_F10
现在选取:(B2)N15_M07_F10 进行训练的源模型
现在进行：(B2)N15_M07_F10→(B3)N15_M07_F04 的迁移任务
log&pt输出位置：/kaggle/working/k10/S02/weight_PU_M1_final_checkpoint_FS02toS02_s2024/NEW_PU/Target-目标域/log&pt/(B2)N15_M07_F10→(B3)N15_M07_F04
任务: (B2)N15_M07_F10→(B3)N15_M07_F04; 批次:····0/·1880;  总正确率: 93.02%
类型1 正确率： 100.00% -> 1  100.00%, 2    0.00%, 3    0.00%
类型2 正确率：  96.00% -> 1    0.00%, 2   96.35%, 3    3.65%
类型3 正确率：  83.00% -> 1    0.60%, 2   16.70%, 3   82.70%


样本变换：reverse
样本变换：mask
样本变换：shift
样本变换：none
未过滤	未用伪标签：93.02% -> 使用伪标签：89.22%
已过滤	未用伪标签：93.47% -> 使用伪标签：91.52%
排除样本：151|6000	剩余：2006, 2335, 1508
增添样本：1156		细则：329, 0, 827	正确率估算：95.85%
类型1 正确率： 100.00% -> 1  100.00%, 2    0.00%, 3    0.00%
类型2 正确率：  97.00% -> 1    0.00%, 2   96.90%, 3    3.10%
类型3 正确率：  77.00% -> 1    0.32%, 2   22.79%, 3   76.89%

被排除样本 正确率：75.50%
类型1 没有样本或未被分类。
类型2 正确率：  82.00% -> 1    0.00%, 2   81.82%, 3   18.18%
类型3 正确率：  74.00% -> 1    8.47%, 2   17.80%, 3   73.73%


轮次:··1/·20 || c_Loss:0.561 || e_Loss:-0.949 || Aad_Loss:-23.696 || 耗时：32.74s
轮次:··2/·20 || c_Loss:0.419 || e_Loss:-1.439 || Aad_Loss:-26.810 || 耗时：12.48s
轮次:··3/·20 || c_Loss:0.465 || e_Loss:-1.435 || Aad_Loss:-27.216 || 耗时：12.46s
轮次:··4/·20 || c_Loss:0.357 || e_Loss:-1.485 || Aad_Loss:-29.210 || 耗时：12.48s
轮次:··5/·20 || c_Loss:0.407 || e_Loss:-1.328 || Aad_Loss:-25.417 || 耗时：12.47s
任务: (B2)N15_M07_F10→(B3)N15_M07_F04; mix批次:····0; 批次:··470/·1880;  总正确率: 92.35%
类型1 正确率： 100.00% -> 1  100.00%, 2    0.00%, 3    0.00%
类型2 正确率：  97.00% -> 1    0.00%, 2   96.75%, 3    3.25%
类型3 正确率：  80.00% -> 1    0.15%, 2   19.55%, 3   80.30%


样本变换：reverse
样本变换：mask
样本变换：shift
样本变换：none
未过滤	未用伪标签：92.35% -> 使用伪标签：91.07%
已过滤	未用伪标签：92.71% -> 使用伪标签：92.16%
排除样本：71|6000	剩余：2001, 2369, 1559
增添样本：1178		细则：368, 0, 810	正确率估算：99.75%
类型1 正确率： 100.00% -> 1  100.00%, 2    0.00%, 3    0.00%
类型2 正确率：  98.00% -> 1    0.00%, 2   98.03%, 3    1.97%
类型3 正确率：  78.00% -> 1    0.05%, 2   21.84%, 3   78.11%

被排除样本 正确率：61.97%
类型1 没有样本或未被分类。
类型2 正确率：  12.00% -> 1    0.00%, 2   11.76%, 3   88.24%
类型3 正确率：  78.00% -> 1    3.70%, 2   18.52%, 3   77.78%


轮次:··6/·20 || c_Loss:0.356 || e_Loss:-0.929 || Aad_Loss:-30.283 || 耗时：33.03s
轮次:··7/·20 || c_Loss:0.379 || e_Loss:-0.892 || Aad_Loss:-31.079 || 耗时：12.40s
轮次:··8/·20 || c_Loss:0.415 || e_Loss:-1.768 || Aad_Loss:-26.769 || 耗时：12.42s
轮次:··9/·20 || c_Loss:0.415 || e_Loss:-1.745 || Aad_Loss:-26.018 || 耗时：12.39s
轮次:·10/·20 || c_Loss:0.366 || e_Loss:-1.828 || Aad_Loss:-28.050 || 耗时：12.37s
任务: (B2)N15_M07_F10→(B3)N15_M07_F04; mix批次:····0; 批次:··940/·1880;  总正确率: 92.37%
类型1 正确率： 100.00% -> 1  100.00%, 2    0.00%, 3    0.00%
类型2 正确率：  98.00% -> 1    0.00%, 2   98.35%, 3    1.65%
类型3 正确率：  79.00% -> 1    0.00%, 2   21.25%, 3   78.75%


样本变换：reverse
样本变换：mask
样本变换：shift
样本变换：none
未过滤	未用伪标签：92.37% -> 使用伪标签：90.73%
已过滤	未用伪标签：92.41% -> 使用伪标签：91.19%
排除样本：30|6000	剩余：2000, 2501, 1469
增添样本：1533		细则：501, 0, 1032	正确率估算：100.00%
类型1 正确率： 100.00% -> 1  100.00%, 2    0.00%, 3    0.00%
类型2 正确率：  99.00% -> 1    0.00%, 2   99.50%, 3    0.50%
类型3 正确率：  74.00% -> 1    0.00%, 2   26.13%, 3   73.87%

被排除样本 正确率：83.33%
类型1 正确率：   0.00% -> 1    0.00%, 2  100.00%
类型2 正确率： 100.00% -> 1    0.00%, 2  100.00%


轮次:·11/·20 || c_Loss:0.380 || e_Loss:-0.924 || Aad_Loss:-28.534 || 耗时：33.18s
轮次:·12/·20 || c_Loss:0.413 || e_Loss:-0.948 || Aad_Loss:-28.966 || 耗时：12.45s
轮次:·13/·20 || c_Loss:0.394 || e_Loss:-1.890 || Aad_Loss:-27.940 || 耗时：12.45s
轮次:·14/·20 || c_Loss:0.424 || e_Loss:-0.874 || Aad_Loss:-27.013 || 耗时：12.48s
轮次:·15/·20 || c_Loss:0.398 || e_Loss:-0.951 || Aad_Loss:-29.818 || 耗时：12.52s
任务: (B2)N15_M07_F10→(B3)N15_M07_F04; mix批次:····0; 批次:·1410/·1880;  总正确率: 90.07%
类型1 正确率： 100.00% -> 1  100.00%, 2    0.00%, 3    0.00%
类型2 正确率： 100.00% -> 1    0.00%, 2   99.75%, 3    0.25%
类型3 正确率：  70.00% -> 1    0.00%, 2   29.55%, 3   70.45%


样本变换：reverse
样本变换：mask
样本变换：shift
样本变换：none
未过滤	未用伪标签：90.07% -> 使用伪标签：89.13%
已过滤	未用伪标签：90.09% -> 使用伪标签：89.34%
排除样本：14|6000	剩余：2000, 2634, 1352
增添样本：1916		细则：634, 0, 1282	正确率估算：100.00%
类型1 正确率： 100.00% -> 1  100.00%, 2    0.00%, 3    0.00%
类型2 正确率： 100.00% -> 1    0.00%, 2   99.95%, 3    0.05%
类型3 正确率：  68.00% -> 1    0.00%, 2   32.04%, 3   67.96%

被排除样本 正确率：78.57%
类型1 正确率：   0.00% -> 1    0.00%, 2  100.00%
类型2 正确率：  92.00% -> 1    8.33%, 2   91.67%


轮次:·16/·20 || c_Loss:0.424 || e_Loss:-0.971 || Aad_Loss:-31.980 || 耗时：33.38s
轮次:·17/·20 || c_Loss:0.401 || e_Loss:-1.003 || Aad_Loss:-30.014 || 耗时：12.46s
轮次:·18/·20 || c_Loss:0.382 || e_Loss:-0.940 || Aad_Loss:-32.682 || 耗时：12.49s
轮次:·19/·20 || c_Loss:0.369 || e_Loss:-0.997 || Aad_Loss:-31.364 || 耗时：12.49s
轮次:·20/·20 || c_Loss:0.411 || e_Loss:-1.007 || Aad_Loss:-30.479 || 耗时：12.51s
任务: (B2)N15_M07_F10→(B3)N15_M07_F04; mix批次:····0; 批次:·1880/·1880;  总正确率: 88.65%
类型1 正确率： 100.00% -> 1  100.00%, 2    0.00%, 3    0.00%
类型2 正确率： 100.00% -> 1    0.00%, 2   99.95%, 3    0.05%
类型3 正确率：  66.00% -> 1    0.00%, 2   34.00%, 3   66.00%


测试集任务: (B2)N15_M07_F10→(B3)N15_M07_F04; 总正确率 = 88.65%
类型1 正确率： 100.00% -> 1  100.00%, 2    0.00%, 3    0.00%
类型2 正确率： 100.00% -> 1    0.00%, 2   99.95%, 3    0.05%
类型3 正确率：  66.00% -> 1    0.00%, 2   34.00%, 3   66.00%


