

现在开始拿源域训练集：(B1)N15_M01_F10 进行训练
源域读取路径：/kaggle/working/k10/S02/sdalr_PU_final_checkpoint/DATA_foldS02/PU_M1_L3/N15_M01_F10_label.txt
excel输出位置：/kaggle/working/k10/S02/weight_src_PU_M1_FS02_s2024/NEW_PU/Source-源域
log&pt输出位置：/kaggle/working/k10/S02/weight_src_PU_M1_FS02_s2024/NEW_PU/Source-源域/log&pt/(B1)N15_M01_F10
特征图片输出位置：/kaggle/working/k10/S02/weight_src_PU_M1_FS02_s2024/NEW_PU/Picture-特征图/2026年09月16日03时38分/(B1)N15_M01_F10
源域训练开始
轮次:··1/·10 || loss:0.206 || 耗时：8.81s
轮次:··2/·10 || loss:0.012 || 耗时：8.31s
轮次:··3/·10 || loss:0.017 || 耗时：8.33s
轮次:··4/·10 || loss:0.195 || 耗时：8.35s
轮次:··5/·10 || loss:0.007 || 耗时：8.38s
任务: (B1)N15_M01_F10; mix批次:····0; 批次:··330/··660; 总正确率 = 100.00%
类型1 正确率： 100.00% -> 1  100.00%, 2    0.00%, 3    0.00%
类型2 正确率： 100.00% -> 1    0.00%, 2  100.00%, 3    0.00%
类型3 正确率： 100.00% -> 1    0.00%, 2    0.00%, 3  100.00%


轮次:··6/·10 || loss:0.008 || 耗时：8.38s
轮次:··7/·10 || loss:0.067 || 耗时：8.40s
轮次:··8/·10 || loss:0.033 || 耗时：8.42s
轮次:··9/·10 || loss:0.001 || 耗时：8.43s
轮次:·10/·10 || loss:0.038 || 耗时：8.42s
任务: (B1)N15_M01_F10; mix批次:····0; 批次:··660/··660; 总正确率 = 100.00%
类型1 正确率： 100.00% -> 1  100.00%, 2    0.00%, 3    0.00%
类型2 正确率： 100.00% -> 1    0.00%, 2  100.00%, 3    0.00%
类型3 正确率： 100.00% -> 1    0.00%, 2    0.00%, 3  100.00%


测试集任务: (B1)N15_M01_F10; 总正确率 = 99.84%
类型1 正确率： 100.00% -> 1  100.00%, 2    0.00%, 3    0.00%
类型2 正确率： 100.00% -> 1    0.00%, 2   99.52%, 3    0.48%
类型3 正确率： 100.00% -> 1    0.00%, 2    0.00%, 3  100.00%


源域训练结束

训练好之后，测试目标域
目标域路径：/kaggle/working/k10/S02/sdalr_PU_final_checkpoint/DATA_foldS02/PU_M1_L3/N15_M07_F10_label.txt
测试目标数据集结果如下：
任务: (B1)N15_M01_F10→(B2)N15_M07_F10, 正确率 = 99.43%
类型1 正确率： 100.00% -> 1  100.00%, 2    0.00%, 3    0.00%
类型2 正确率： 100.00% -> 1    0.00%, 2  100.00%, 3    0.00%
类型3 正确率：  98.00% -> 1    0.00%, 2    1.70%, 3   98.30%

目标域路径：/kaggle/working/k10/S02/sdalr_PU_final_checkpoint/DATA_foldS02/PU_M1_L3/N15_M07_F04_label.txt
测试目标数据集结果如下：
任务: (B1)N15_M01_F10→(B3)N15_M07_F04, 正确率 = 84.99%
类型1 正确率： 100.00% -> 1  100.00%, 2    0.00%, 3    0.00%
类型2 正确率：  98.00% -> 1    0.00%, 2   97.78%, 3    2.22%
类型3 正确率：  57.00% -> 1    0.00%, 2   42.82%, 3   57.18%



现在开始拿源域训练集：(B2)N15_M07_F10 进行训练
源域读取路径：/kaggle/working/k10/S02/sdalr_PU_final_checkpoint/DATA_foldS02/PU_M1_L3/N15_M07_F10_label.txt
excel输出位置：/kaggle/working/k10/S02/weight_src_PU_M1_FS02_s2024/NEW_PU/Source-源域
log&pt输出位置：/kaggle/working/k10/S02/weight_src_PU_M1_FS02_s2024/NEW_PU/Source-源域/log&pt/(B2)N15_M07_F10
特征图片输出位置：/kaggle/working/k10/S02/weight_src_PU_M1_FS02_s2024/NEW_PU/Picture-特征图/2026年09月16日03时38分/(B2)N15_M07_F10
源域训练开始
轮次:··1/·10 || loss:0.023 || 耗时：8.48s
轮次:··2/·10 || loss:0.053 || 耗时：8.43s
轮次:··3/·10 || loss:0.005 || 耗时：8.42s
轮次:··4/·10 || loss:0.054 || 耗时：8.42s
轮次:··5/·10 || loss:0.010 || 耗时：8.42s
任务: (B2)N15_M07_F10; mix批次:····0; 批次:··330/··660; 总正确率 = 98.71%
类型1 正确率： 100.00% -> 1  100.00%, 2    0.00%, 3    0.00%
类型2 正确率： 100.00% -> 1    0.00%, 2  100.00%, 3    0.00%
类型3 正确率：  96.00% -> 1    0.00%, 2    3.88%, 3   96.12%


轮次:··6/·10 || loss:0.007 || 耗时：8.44s
轮次:··7/·10 || loss:0.001 || 耗时：8.45s
轮次:··8/·10 || loss:0.001 || 耗时：8.44s
轮次:··9/·10 || loss:0.008 || 耗时：8.47s
轮次:·10/·10 || loss:0.001 || 耗时：8.47s
任务: (B2)N15_M07_F10; mix批次:····0; 批次:··660/··660; 总正确率 = 100.00%
类型1 正确率： 100.00% -> 1  100.00%, 2    0.00%, 3    0.00%
类型2 正确率： 100.00% -> 1    0.00%, 2  100.00%, 3    0.00%
类型3 正确率： 100.00% -> 1    0.00%, 2    0.00%, 3  100.00%


测试集任务: (B2)N15_M07_F10; 总正确率 = 100.00%
类型1 正确率： 100.00% -> 1  100.00%, 2    0.00%, 3    0.00%
类型2 正确率： 100.00% -> 1    0.00%, 2  100.00%, 3    0.00%
类型3 正确率： 100.00% -> 1    0.00%, 2    0.00%, 3  100.00%


源域训练结束

训练好之后，测试目标域
目标域路径：/kaggle/working/k10/S02/sdalr_PU_final_checkpoint/DATA_foldS02/PU_M1_L3/N15_M01_F10_label.txt
测试目标数据集结果如下：
任务: (B2)N15_M07_F10→(B1)N15_M01_F10, 正确率 = 99.92%
类型1 正确率： 100.00% -> 1  100.00%, 2    0.00%, 3    0.00%
类型2 正确率： 100.00% -> 1    0.00%, 2   99.75%, 3    0.25%
类型3 正确率： 100.00% -> 1    0.00%, 2    0.00%, 3  100.00%

目标域路径：/kaggle/working/k10/S02/sdalr_PU_final_checkpoint/DATA_foldS02/PU_M1_L3/N15_M07_F04_label.txt
测试目标数据集结果如下：
任务: (B2)N15_M07_F10→(B3)N15_M07_F04, 正确率 = 93.40%
类型1 正确率： 100.00% -> 1  100.00%, 2    0.00%, 3    0.00%
类型2 正确率：  97.00% -> 1    0.00%, 2   96.69%, 3    3.31%
类型3 正确率：  84.00% -> 1    0.80%, 2   15.69%, 3   83.51%



现在开始拿源域训练集：(B3)N15_M07_F04 进行训练
源域读取路径：/kaggle/working/k10/S02/sdalr_PU_final_checkpoint/DATA_foldS02/PU_M1_L3/N15_M07_F04_label.txt
excel输出位置：/kaggle/working/k10/S02/weight_src_PU_M1_FS02_s2024/NEW_PU/Source-源域
log&pt输出位置：/kaggle/working/k10/S02/weight_src_PU_M1_FS02_s2024/NEW_PU/Source-源域/log&pt/(B3)N15_M07_F04
特征图片输出位置：/kaggle/working/k10/S02/weight_src_PU_M1_FS02_s2024/NEW_PU/Picture-特征图/2026年09月16日03时38分/(B3)N15_M07_F04
源域训练开始
轮次:··1/·10 || loss:0.036 || 耗时：8.48s
轮次:··2/·10 || loss:0.001 || 耗时：8.47s
轮次:··3/·10 || loss:0.082 || 耗时：8.47s
轮次:··4/·10 || loss:0.001 || 耗时：8.49s
轮次:··5/·10 || loss:0.003 || 耗时：8.50s
任务: (B3)N15_M07_F04; mix批次:····0; 批次:··330/··660; 总正确率 = 99.49%
类型1 正确率： 100.00% -> 1  100.00%, 2    0.00%, 3    0.00%
类型2 正确率： 100.00% -> 1    0.00%, 2   99.51%, 3    0.49%
类型3 正确率：  99.00% -> 1    0.00%, 2    1.04%, 3   98.96%


轮次:··6/·10 || loss:0.002 || 耗时：8.51s
轮次:··7/·10 || loss:0.002 || 耗时：8.51s
轮次:··8/·10 || loss:0.007 || 耗时：8.52s
轮次:··9/·10 || loss:0.013 || 耗时：8.52s
轮次:·10/·10 || loss:0.012 || 耗时：8.52s
任务: (B3)N15_M07_F04; mix批次:····0; 批次:··660/··660; 总正确率 = 99.66%
类型1 正确率： 100.00% -> 1  100.00%, 2    0.00%, 3    0.00%
类型2 正确率： 100.00% -> 1    0.00%, 2   99.51%, 3    0.49%
类型3 正确率：  99.00% -> 1    0.00%, 2    0.52%, 3   99.48%


测试集任务: (B3)N15_M07_F04; 总正确率 = 99.82%
类型1 正确率： 100.00% -> 1  100.00%, 2    0.00%, 3    0.00%
类型2 正确率：  99.00% -> 1    0.00%, 2   99.46%, 3    0.54%
类型3 正确率： 100.00% -> 1    0.00%, 2    0.00%, 3  100.00%


源域训练结束

训练好之后，测试目标域
目标域路径：/kaggle/working/k10/S02/sdalr_PU_final_checkpoint/DATA_foldS02/PU_M1_L3/N15_M01_F10_label.txt
测试目标数据集结果如下：
任务: (B3)N15_M07_F04→(B1)N15_M01_F10, 正确率 = 74.56%
类型1 正确率： 100.00% -> 1  100.00%, 2    0.00%, 3    0.00%
类型2 正确率： 100.00% -> 1    0.00%, 2   99.74%, 3    0.26%
类型3 正确率：  24.00% -> 1    0.47%, 2   75.59%, 3   23.93%

目标域路径：/kaggle/working/k10/S02/sdalr_PU_final_checkpoint/DATA_foldS02/PU_M1_L3/N15_M07_F10_label.txt
测试目标数据集结果如下：
任务: (B3)N15_M07_F04→(B2)N15_M07_F10, 正确率 = 77.07%
类型1 正确率： 100.00% -> 1  100.00%, 2    0.00%, 3    0.00%
类型2 正确率： 100.00% -> 1    0.00%, 2   99.74%, 3    0.26%
类型3 正确率：  31.00% -> 1    0.00%, 2   68.52%, 3   31.48%

