读取源域路径：/kaggle/working/shot_k10/S03/weight_PU_M1_shot_FS03toS03c_s2024/NEW_PU/Source-源域/log&pt/(B1)N15_M01_F10
excel输出位置：/kaggle/working/shot_k10/S03/weight_PU_M1_shot_FS03toS03c_s2024/NEW_PU/Target-目标域
特征图片输出位置：/kaggle/working/shot_k10/S03/weight_PU_M1_shot_FS03toS03c_s2024/NEW_PU/Picture-特征图/2026年09月22日00时10分/(B1)N15_M01_F10
现在选取:(B1)N15_M01_F10 进行训练的源模型
现在进行：(B1)N15_M01_F10→(B2)N15_M07_F10 的迁移任务
log&pt输出位置：/kaggle/working/shot_k10/S03/weight_PU_M1_shot_FS03toS03c_s2024/NEW_PU/Target-目标域/log&pt/(B1)N15_M01_F10→(B2)N15_M07_F10
任务: (B1)N15_M01_F10→(B2)N15_M07_F10; 批次:····0/·1880;  总正确率: 63.87%
类型1 正确率：  99.00% -> 1   98.70%, 2    1.30%, 3    0.00%
类型2 正确率：  93.00% -> 1    0.40%, 2   92.90%, 3    6.70%
类型3 正确率：   0.00% -> 1    0.05%, 2   99.95%, 3    0.00%


SHOT pseudo-labels: model 63.87% -> centroid 57.65%
轮次:··1/·20 || cls:1.322 || im:-0.761 || 耗时：22.63s
SHOT pseudo-labels: model 62.35% -> centroid 65.97%
轮次:··2/·20 || cls:1.529 || im:-0.763 || 耗时：16.85s
SHOT pseudo-labels: model 63.32% -> centroid 59.62%
轮次:··3/·20 || cls:1.086 || im:-0.796 || 耗时：16.27s
SHOT pseudo-labels: model 63.92% -> centroid 49.82%
轮次:··4/·20 || cls:0.866 || im:-0.712 || 耗时：15.85s
SHOT pseudo-labels: model 64.37% -> centroid 49.10%
轮次:··5/·20 || cls:0.748 || im:-0.674 || 耗时：15.89s
SHOT pseudo-labels: model 64.73% -> centroid 48.63%
轮次:··6/·20 || cls:0.823 || im:-0.669 || 耗时：16.37s
SHOT pseudo-labels: model 64.70% -> centroid 49.23%
轮次:··7/·20 || cls:0.731 || im:-0.613 || 耗时：16.33s
SHOT pseudo-labels: model 65.73% -> centroid 49.37%
轮次:··8/·20 || cls:0.750 || im:-0.651 || 耗时：16.06s
SHOT pseudo-labels: model 65.77% -> centroid 49.32%
轮次:··9/·20 || cls:0.673 || im:-0.653 || 耗时：16.00s
SHOT pseudo-labels: model 66.10% -> centroid 49.50%
轮次:·10/·20 || cls:0.611 || im:-0.670 || 耗时：16.14s
SHOT pseudo-labels: model 66.50% -> centroid 49.52%
轮次:·11/·20 || cls:0.655 || im:-0.683 || 耗时：16.29s
SHOT pseudo-labels: model 66.20% -> centroid 49.77%
轮次:·12/·20 || cls:0.756 || im:-0.709 || 耗时：16.14s
SHOT pseudo-labels: model 66.08% -> centroid 49.87%
轮次:·13/·20 || cls:0.674 || im:-0.653 || 耗时：16.10s
SHOT pseudo-labels: model 66.45% -> centroid 49.67%
轮次:·14/·20 || cls:0.675 || im:-0.676 || 耗时：16.06s
SHOT pseudo-labels: model 65.65% -> centroid 49.72%
轮次:·15/·20 || cls:0.784 || im:-0.733 || 耗时：16.11s
SHOT pseudo-labels: model 65.60% -> centroid 49.63%
轮次:·16/·20 || cls:0.805 || im:-0.708 || 耗时：16.12s
SHOT pseudo-labels: model 65.87% -> centroid 49.73%
轮次:·17/·20 || cls:0.680 || im:-0.703 || 耗时：16.18s
SHOT pseudo-labels: model 65.32% -> centroid 49.78%
轮次:·18/·20 || cls:0.768 || im:-0.730 || 耗时：16.20s
SHOT pseudo-labels: model 65.02% -> centroid 49.62%
轮次:·19/·20 || cls:0.791 || im:-0.675 || 耗时：16.18s
SHOT pseudo-labels: model 65.30% -> centroid 49.67%
轮次:·20/·20 || cls:0.585 || im:-0.700 || 耗时：16.11s
测试集任务: (B1)N15_M01_F10→(B2)N15_M07_F10; 总正确率 = 64.57%
类型1 正确率：  99.00% -> 1   99.35%, 2    0.10%, 3    0.55%
类型2 正确率：  44.00% -> 1    0.55%, 2   43.85%, 3   55.60%
类型3 正确率：  50.00% -> 1    0.15%, 2   49.35%, 3   50.50%


