读取源域路径：/kaggle/working/shot_k10/S03/weight_PU_M1_shot_FS03toS03c_s2024/NEW_PU/Source-源域/log&pt/(B2)N15_M07_F10
excel输出位置：/kaggle/working/shot_k10/S03/weight_PU_M1_shot_FS03toS03c_s2024/NEW_PU/Target-目标域
特征图片输出位置：/kaggle/working/shot_k10/S03/weight_PU_M1_shot_FS03toS03c_s2024/NEW_PU/Picture-特征图/2026年09月22日00时21分/(B2)N15_M07_F10
现在选取:(B2)N15_M07_F10 进行训练的源模型
现在进行：(B2)N15_M07_F10→(B1)N15_M01_F10 的迁移任务
log&pt输出位置：/kaggle/working/shot_k10/S03/weight_PU_M1_shot_FS03toS03c_s2024/NEW_PU/Target-目标域/log&pt/(B2)N15_M07_F10→(B1)N15_M01_F10
任务: (B2)N15_M07_F10→(B1)N15_M01_F10; 批次:····0/·1880;  总正确率: 63.12%
类型1 正确率： 100.00% -> 1   99.85%, 2    0.15%, 3    0.00%
类型2 正确率：  90.00% -> 1    0.75%, 2   89.50%, 3    9.75%
类型3 正确率：   0.00% -> 1    0.00%, 2  100.00%, 3    0.00%


SHOT pseudo-labels: model 63.12% -> centroid 53.75%
轮次:··1/·20 || cls:1.395 || im:-0.872 || 耗时：22.38s
SHOT pseudo-labels: model 58.63% -> centroid 60.82%
轮次:··2/·20 || cls:1.408 || im:-0.744 || 耗时：16.54s
SHOT pseudo-labels: model 60.03% -> centroid 58.12%
轮次:··3/·20 || cls:0.923 || im:-0.768 || 耗时：16.06s
SHOT pseudo-labels: model 63.02% -> centroid 48.08%
轮次:··4/·20 || cls:1.078 || im:-0.790 || 耗时：15.98s
SHOT pseudo-labels: model 64.97% -> centroid 47.08%
轮次:··5/·20 || cls:0.826 || im:-0.704 || 耗时：16.05s
SHOT pseudo-labels: model 66.50% -> centroid 47.20%
轮次:··6/·20 || cls:0.828 || im:-0.733 || 耗时：16.25s
SHOT pseudo-labels: model 66.58% -> centroid 48.58%
轮次:··7/·20 || cls:0.660 || im:-0.637 || 耗时：16.17s
SHOT pseudo-labels: model 67.15% -> centroid 48.68%
轮次:··8/·20 || cls:0.864 || im:-0.657 || 耗时：16.10s
SHOT pseudo-labels: model 67.78% -> centroid 49.05%
轮次:··9/·20 || cls:0.601 || im:-0.692 || 耗时：16.07s
SHOT pseudo-labels: model 67.47% -> centroid 49.23%
轮次:·10/·20 || cls:0.641 || im:-0.629 || 耗时：16.08s
SHOT pseudo-labels: model 67.33% -> centroid 49.23%
轮次:·11/·20 || cls:0.657 || im:-0.712 || 耗时：16.12s
SHOT pseudo-labels: model 67.40% -> centroid 49.70%
轮次:·12/·20 || cls:0.715 || im:-0.657 || 耗时：16.12s
SHOT pseudo-labels: model 66.70% -> centroid 49.85%
轮次:·13/·20 || cls:0.872 || im:-0.750 || 耗时：16.15s
SHOT pseudo-labels: model 66.93% -> centroid 49.53%
轮次:·14/·20 || cls:0.642 || im:-0.671 || 耗时：16.16s
SHOT pseudo-labels: model 65.80% -> centroid 49.73%
轮次:·15/·20 || cls:0.731 || im:-0.651 || 耗时：16.15s
SHOT pseudo-labels: model 66.70% -> centroid 49.72%
轮次:·16/·20 || cls:0.748 || im:-0.621 || 耗时：16.15s
SHOT pseudo-labels: model 66.43% -> centroid 49.87%
轮次:·17/·20 || cls:0.681 || im:-0.732 || 耗时：16.18s
SHOT pseudo-labels: model 66.17% -> centroid 49.90%
轮次:·18/·20 || cls:0.718 || im:-0.705 || 耗时：16.16s
SHOT pseudo-labels: model 65.90% -> centroid 49.78%
轮次:·19/·20 || cls:0.785 || im:-0.625 || 耗时：16.17s
SHOT pseudo-labels: model 66.22% -> centroid 49.87%
轮次:·20/·20 || cls:0.514 || im:-0.738 || 耗时：16.18s
测试集任务: (B2)N15_M07_F10→(B1)N15_M01_F10; 总正确率 = 65.48%
类型1 正确率：  98.00% -> 1   98.50%, 2    0.05%, 3    1.45%
类型2 正确率：  46.00% -> 1    0.05%, 2   46.50%, 3   53.45%
类型3 正确率：  51.00% -> 1    0.00%, 2   48.55%, 3   51.45%


