读取源域路径：/kaggle/working/shot_k10/S03/weight_PU_M1_shot_FS03toS03c_s2024/NEW_PU/Source-源域/log&pt/(B2)N15_M07_F10
excel输出位置：/kaggle/working/shot_k10/S03/weight_PU_M1_shot_FS03toS03c_s2024/NEW_PU/Target-目标域
特征图片输出位置：/kaggle/working/shot_k10/S03/weight_PU_M1_shot_FS03toS03c_s2024/NEW_PU/Picture-特征图/2026年09月22日00时27分/(B2)N15_M07_F10
现在选取:(B2)N15_M07_F10 进行训练的源模型
现在进行：(B2)N15_M07_F10→(B3)N15_M07_F04 的迁移任务
log&pt输出位置：/kaggle/working/shot_k10/S03/weight_PU_M1_shot_FS03toS03c_s2024/NEW_PU/Target-目标域/log&pt/(B2)N15_M07_F10→(B3)N15_M07_F04
任务: (B2)N15_M07_F10→(B3)N15_M07_F04; 批次:····0/·1880;  总正确率: 63.23%
类型1 正确率： 100.00% -> 1   99.95%, 2    0.05%, 3    0.00%
类型2 正确率：  90.00% -> 1    0.35%, 2   89.75%, 3    9.90%
类型3 正确率：   0.00% -> 1    8.60%, 2   91.40%, 3    0.00%


SHOT pseudo-labels: model 63.23% -> centroid 50.30%
轮次:··1/·20 || cls:1.710 || im:-0.855 || 耗时：22.14s
SHOT pseudo-labels: model 53.00% -> centroid 59.17%
轮次:··2/·20 || cls:1.462 || im:-0.792 || 耗时：16.58s
SHOT pseudo-labels: model 50.52% -> centroid 58.28%
轮次:··3/·20 || cls:1.069 || im:-0.734 || 耗时：16.01s
SHOT pseudo-labels: model 51.58% -> centroid 49.78%
轮次:··4/·20 || cls:0.779 || im:-0.708 || 耗时：15.95s
SHOT pseudo-labels: model 56.52% -> centroid 49.55%
轮次:··5/·20 || cls:0.779 || im:-0.700 || 耗时：16.01s
SHOT pseudo-labels: model 58.30% -> centroid 49.45%
轮次:··6/·20 || cls:0.709 || im:-0.654 || 耗时：16.20s
SHOT pseudo-labels: model 58.63% -> centroid 49.95%
轮次:··7/·20 || cls:0.746 || im:-0.665 || 耗时：16.17s
SHOT pseudo-labels: model 59.68% -> centroid 50.15%
轮次:··8/·20 || cls:0.847 || im:-0.654 || 耗时：16.06s
SHOT pseudo-labels: model 60.35% -> centroid 50.10%
轮次:··9/·20 || cls:0.705 || im:-0.706 || 耗时：16.09s
SHOT pseudo-labels: model 60.95% -> centroid 50.22%
轮次:·10/·20 || cls:0.681 || im:-0.642 || 耗时：16.15s
SHOT pseudo-labels: model 60.90% -> centroid 50.17%
轮次:·11/·20 || cls:0.662 || im:-0.672 || 耗时：16.19s
SHOT pseudo-labels: model 61.37% -> centroid 50.23%
轮次:·12/·20 || cls:0.632 || im:-0.717 || 耗时：16.18s
SHOT pseudo-labels: model 61.72% -> centroid 50.25%
轮次:·13/·20 || cls:0.837 || im:-0.714 || 耗时：16.11s
SHOT pseudo-labels: model 61.97% -> centroid 50.18%
轮次:·14/·20 || cls:0.714 || im:-0.683 || 耗时：16.05s
SHOT pseudo-labels: model 62.05% -> centroid 50.25%
轮次:·15/·20 || cls:0.808 || im:-0.721 || 耗时：16.05s
SHOT pseudo-labels: model 61.98% -> centroid 50.23%
轮次:·16/·20 || cls:0.868 || im:-0.730 || 耗时：16.09s
SHOT pseudo-labels: model 62.03% -> centroid 50.25%
轮次:·17/·20 || cls:0.728 || im:-0.768 || 耗时：16.13s
SHOT pseudo-labels: model 61.88% -> centroid 50.25%
轮次:·18/·20 || cls:0.809 || im:-0.733 || 耗时：16.14s
SHOT pseudo-labels: model 61.97% -> centroid 50.25%
轮次:·19/·20 || cls:0.856 || im:-0.635 || 耗时：16.19s
SHOT pseudo-labels: model 61.87% -> centroid 50.22%
轮次:·20/·20 || cls:0.534 || im:-0.774 || 耗时：16.09s
测试集任务: (B2)N15_M07_F10→(B3)N15_M07_F04; 总正确率 = 61.82%
类型1 正确率： 100.00% -> 1  100.00%, 2    0.00%, 3    0.00%
类型2 正确率：  34.00% -> 1    0.00%, 2   34.10%, 3   65.90%
类型3 正确率：  51.00% -> 1    0.50%, 2   48.15%, 3   51.35%


