读取源域路径：/kaggle/working/m2/weight_PU_M1_final_checkpoint_FBtoA_s2024/NEW_PU/Source-源域/log&pt/(B2)N15_M07_F10
excel输出位置：/kaggle/working/m2/weight_PU_M1_final_checkpoint_FBtoA_s2024/NEW_PU/Target-目标域
特征图片输出位置：/kaggle/working/m2/weight_PU_M1_final_checkpoint_FBtoA_s2024/NEW_PU/Picture-特征图/2026年09月14日02时18分/(B2)N15_M07_F10
现在选取:(B2)N15_M07_F10 进行训练的源模型
现在进行：(B2)N15_M07_F10→(B3)N15_M07_F04 的迁移任务
log&pt输出位置：/kaggle/working/m2/weight_PU_M1_final_checkpoint_FBtoA_s2024/NEW_PU/Target-目标域/log&pt/(B2)N15_M07_F10→(B3)N15_M07_F04
任务: (B2)N15_M07_F10→(B3)N15_M07_F04; 批次:····0/·1880;  总正确率: 50.57%
类型1 正确率： 100.00% -> 1  100.00%, 2    0.00%, 3    0.00%
类型2 正确率：  38.00% -> 1   26.15%, 2   38.50%, 3   35.35%
类型3 正确率：  13.00% -> 1    2.15%, 2   84.65%, 3   13.20%


样本变换：reverse
样本变换：mask
样本变换：shift
样本变换：none
未过滤	未用伪标签：50.57% -> 使用伪标签：54.50%
已过滤	未用伪标签：50.62% -> 使用伪标签：54.85%
排除样本：38|6000	剩余：2644, 1952, 1366
增添样本：1970		细则：0, 692, 1278	正确率估算：72.49%
类型1 正确率： 100.00% -> 1  100.00%, 2    0.00%, 3    0.00%
类型2 正确率：  31.00% -> 1   32.82%, 2   31.14%, 3   36.03%
类型3 正确率：  33.00% -> 1    0.00%, 2   67.05%, 3   32.95%

被排除样本 正确率：42.11%
类型1 正确率：  42.00% -> 1   42.11%, 2   57.89%
类型2 没有样本或未被分类。


轮次:··1/·20 || c_Loss:0.541 || e_Loss:-1.030 || Aad_Loss:-28.903 || 耗时：33.04s
轮次:··2/·20 || c_Loss:0.396 || e_Loss:-1.811 || Aad_Loss:-29.349 || 耗时：12.41s
轮次:··3/·20 || c_Loss:0.379 || e_Loss:-1.556 || Aad_Loss:-29.294 || 耗时：12.37s
轮次:··4/·20 || c_Loss:0.361 || e_Loss:-0.887 || Aad_Loss:-32.039 || 耗时：12.34s
轮次:··5/·20 || c_Loss:0.387 || e_Loss:-0.960 || Aad_Loss:-29.100 || 耗时：12.36s
任务: (B2)N15_M07_F10→(B3)N15_M07_F04; mix批次:····0; 批次:··470/·1880;  总正确率: 55.10%
类型1 正确率： 100.00% -> 1  100.00%, 2    0.00%, 3    0.00%
类型2 正确率：  32.00% -> 1   34.00%, 2   32.30%, 3   33.70%
类型3 正确率：  33.00% -> 1    0.00%, 2   67.00%, 3   33.00%


样本变换：reverse
样本变换：mask
样本变换：shift
样本变换：none
未过滤	未用伪标签：55.10% -> 使用伪标签：55.12%
已过滤	未用伪标签：55.12% -> 使用伪标签：55.15%
排除样本：4|6000	剩余：2680, 1988, 1328
增添样本：2044		细则：0, 692, 1352	正确率估算：100.00%
类型1 正确率： 100.00% -> 1  100.00%, 2    0.00%, 3    0.00%
类型2 正确率：  32.00% -> 1   34.05%, 2   32.45%, 3   33.50%
类型3 正确率：  33.00% -> 1    0.00%, 2   67.03%, 3   32.97%

被排除样本 正确率：25.00%
类型1 正确率：   0.00% -> 1    0.00%, 2  100.00%
类型2 正确率： 100.00% -> 1    0.00%, 2  100.00%


轮次:··6/·20 || c_Loss:0.375 || e_Loss:-1.000 || Aad_Loss:-31.300 || 耗时：32.98s
轮次:··7/·20 || c_Loss:0.384 || e_Loss:-0.953 || Aad_Loss:-32.119 || 耗时：12.33s
轮次:··8/·20 || c_Loss:0.381 || e_Loss:-1.013 || Aad_Loss:-30.577 || 耗时：12.34s
轮次:··9/·20 || c_Loss:0.376 || e_Loss:-0.918 || Aad_Loss:-33.890 || 耗时：12.40s
轮次:·10/·20 || c_Loss:0.376 || e_Loss:-0.994 || Aad_Loss:-31.638 || 耗时：12.32s
任务: (B2)N15_M07_F10→(B3)N15_M07_F04; mix批次:····0; 批次:··940/·1880;  总正确率: 55.27%
类型1 正确率： 100.00% -> 1  100.00%, 2    0.00%, 3    0.00%
类型2 正确率：  33.00% -> 1   34.00%, 2   32.85%, 3   33.15%
类型3 正确率：  33.00% -> 1    0.00%, 2   67.05%, 3   32.95%


样本变换：reverse
样本变换：mask
样本变换：shift
样本变换：none
未过滤	未用伪标签：55.27% -> 使用伪标签：55.25%
已过滤	未用伪标签：55.27% -> 使用伪标签：55.27%
排除样本：2|6000	剩余：2680, 1997, 1321
增添样本：2042		细则：0, 683, 1359	正确率估算：100.00%
类型1 正确率： 100.00% -> 1  100.00%, 2    0.00%, 3    0.00%
类型2 正确率：  33.00% -> 1   34.03%, 2   32.83%, 3   33.13%
类型3 正确率：  33.00% -> 1    0.00%, 2   67.05%, 3   32.95%

被排除样本 正确率：50.00%
类型1 正确率：  50.00% -> 1   50.00%, 2   50.00%
类型2 没有样本或未被分类。


轮次:·11/·20 || c_Loss:0.376 || e_Loss:-1.008 || Aad_Loss:-31.275 || 耗时：32.90s
轮次:·12/·20 || c_Loss:0.376 || e_Loss:-1.022 || Aad_Loss:-31.174 || 耗时：12.26s
轮次:·13/·20 || c_Loss:0.389 || e_Loss:-0.952 || Aad_Loss:-32.001 || 耗时：12.29s
轮次:·14/·20 || c_Loss:0.381 || e_Loss:-1.706 || Aad_Loss:-31.301 || 耗时：12.42s
轮次:·15/·20 || c_Loss:0.382 || e_Loss:-0.896 || Aad_Loss:-33.694 || 耗时：12.31s
任务: (B2)N15_M07_F10→(B3)N15_M07_F04; mix批次:····0; 批次:·1410/·1880;  总正确率: 55.28%
类型1 正确率： 100.00% -> 1  100.00%, 2    0.00%, 3    0.00%
类型2 正确率：  33.00% -> 1   34.00%, 2   32.90%, 3   33.10%
类型3 正确率：  33.00% -> 1    0.00%, 2   67.05%, 3   32.95%


样本变换：reverse
样本变换：mask
样本变换：shift
样本变换：none
未过滤	未用伪标签：55.28% -> 使用伪标签：55.25%
已过滤	未用伪标签：55.29% -> 使用伪标签：55.29%
排除样本：4|6000	剩余：2680, 1997, 1319
增添样本：2044		细则：0, 683, 1361	正确率估算：100.00%
类型1 正确率： 100.00% -> 1  100.00%, 2    0.00%, 3    0.00%
类型2 正确率：  33.00% -> 1   34.07%, 2   32.87%, 3   33.07%
类型3 正确率：  33.00% -> 1    0.00%, 2   67.05%, 3   32.95%

被排除样本 正确率：50.00%
类型1 正确率：  50.00% -> 1   50.00%, 2   50.00%
类型2 没有样本或未被分类。


轮次:·16/·20 || c_Loss:0.378 || e_Loss:-1.016 || Aad_Loss:-31.105 || 耗时：33.01s
轮次:·17/·20 || c_Loss:0.376 || e_Loss:-0.984 || Aad_Loss:-31.422 || 耗时：12.27s
轮次:·18/·20 || c_Loss:0.370 || e_Loss:-1.702 || Aad_Loss:-31.499 || 耗时：12.27s
轮次:·19/·20 || c_Loss:0.372 || e_Loss:-1.018 || Aad_Loss:-31.219 || 耗时：12.41s
轮次:·20/·20 || c_Loss:0.373 || e_Loss:-0.976 || Aad_Loss:-31.610 || 耗时：12.27s
任务: (B2)N15_M07_F10→(B3)N15_M07_F04; mix批次:····0; 批次:·1880/·1880;  总正确率: 55.28%
类型1 正确率： 100.00% -> 1  100.00%, 2    0.00%, 3    0.00%
类型2 正确率：  33.00% -> 1   34.00%, 2   32.90%, 3   33.10%
类型3 正确率：  33.00% -> 1    0.00%, 2   67.05%, 3   32.95%


测试集任务: (B2)N15_M07_F10→(B3)N15_M07_F04; 总正确率 = 55.28%
类型1 正确率： 100.00% -> 1  100.00%, 2    0.00%, 3    0.00%
类型2 正确率：  33.00% -> 1   34.00%, 2   32.90%, 3   33.10%
类型3 正确率：  33.00% -> 1    0.00%, 2   67.05%, 3   32.95%


