读取源域路径：/kaggle/working/m2/weight_PU_M1_final_checkpoint_FBtoA_s2024/NEW_PU/Source-源域/log&pt/(B1)N15_M01_F10
excel输出位置：/kaggle/working/m2/weight_PU_M1_final_checkpoint_FBtoA_s2024/NEW_PU/Target-目标域
特征图片输出位置：/kaggle/working/m2/weight_PU_M1_final_checkpoint_FBtoA_s2024/NEW_PU/Picture-特征图/2026年09月14日02时07分/(B1)N15_M01_F10
现在选取:(B1)N15_M01_F10 进行训练的源模型
现在进行：(B1)N15_M01_F10→(B3)N15_M07_F04 的迁移任务
log&pt输出位置：/kaggle/working/m2/weight_PU_M1_final_checkpoint_FBtoA_s2024/NEW_PU/Target-目标域/log&pt/(B1)N15_M01_F10→(B3)N15_M07_F04
任务: (B1)N15_M01_F10→(B3)N15_M07_F04; 批次:····0/·1880;  总正确率: 50.40%
类型1 正确率： 100.00% -> 1   99.80%, 2    0.00%, 3    0.20%
类型2 正确率：  39.00% -> 1   24.90%, 2   39.25%, 3   35.85%
类型3 正确率：  12.00% -> 1    0.75%, 2   87.10%, 3   12.15%


样本变换：reverse
样本变换：mask
样本变换：shift
样本变换：none
未过滤	未用伪标签：50.40% -> 使用伪标签：54.78%
已过滤	未用伪标签：50.33% -> 使用伪标签：54.96%
排除样本：19|6000	剩余：2669, 1969, 1343
增添样本：2026		细则：0, 700, 1326	正确率估算：69.10%
类型1 正确率： 100.00% -> 1  100.00%, 2    0.00%, 3    0.00%
类型2 正确率：  32.00% -> 1   33.74%, 2   31.72%, 3   34.54%
类型3 正确率：  33.00% -> 1    0.00%, 2   67.07%, 3   32.93%

被排除样本 正确率：73.68%
类型1 正确率：  82.00% -> 1   82.35%, 2   17.65%
类型2 正确率：   0.00% -> 1  100.00%, 2    0.00%


轮次:··1/·20 || c_Loss:0.526 || e_Loss:-1.648 || Aad_Loss:-26.937 || 耗时：33.13s
轮次:··2/·20 || c_Loss:0.414 || e_Loss:-0.956 || Aad_Loss:-29.090 || 耗时：12.39s
轮次:··3/·20 || c_Loss:0.369 || e_Loss:-0.984 || Aad_Loss:-30.311 || 耗时：12.35s
轮次:··4/·20 || c_Loss:0.365 || e_Loss:-0.970 || Aad_Loss:-31.051 || 耗时：12.37s
轮次:··5/·20 || c_Loss:0.374 || e_Loss:-1.551 || Aad_Loss:-29.496 || 耗时：12.27s
任务: (B1)N15_M01_F10→(B3)N15_M07_F04; mix批次:····0; 批次:··470/·1880;  总正确率: 55.10%
类型1 正确率： 100.00% -> 1  100.00%, 2    0.00%, 3    0.00%
类型2 正确率：  32.00% -> 1   34.00%, 2   32.30%, 3   33.70%
类型3 正确率：  33.00% -> 1    0.00%, 2   67.00%, 3   33.00%


样本变换：reverse
样本变换：mask
样本变换：shift
样本变换：none
未过滤	未用伪标签：55.10% -> 使用伪标签：55.15%
已过滤	未用伪标签：55.11% -> 使用伪标签：55.18%
排除样本：3|6000	剩余：2680, 1989, 1328
增添样本：2043		细则：0, 691, 1352	正确率估算：99.75%
类型1 正确率： 100.00% -> 1  100.00%, 2    0.00%, 3    0.00%
类型2 正确率：  32.00% -> 1   34.05%, 2   32.50%, 3   33.45%
类型3 正确率：  33.00% -> 1    0.00%, 2   67.00%, 3   33.00%

被排除样本 正确率：33.33%
类型1 正确率：  33.00% -> 1   33.33%, 2   66.67%
类型2 没有样本或未被分类。


轮次:··6/·20 || c_Loss:0.378 || e_Loss:-0.995 || Aad_Loss:-30.875 || 耗时：33.15s
轮次:··7/·20 || c_Loss:0.392 || e_Loss:-0.977 || Aad_Loss:-29.646 || 耗时：12.33s
轮次:··8/·20 || c_Loss:0.386 || e_Loss:-0.997 || Aad_Loss:-30.437 || 耗时：12.33s
轮次:··9/·20 || c_Loss:0.377 || e_Loss:-0.997 || Aad_Loss:-31.305 || 耗时：12.40s
轮次:·10/·20 || c_Loss:0.378 || e_Loss:-1.005 || Aad_Loss:-30.937 || 耗时：12.32s
任务: (B1)N15_M01_F10→(B3)N15_M07_F04; mix批次:····0; 批次:··940/·1880;  总正确率: 55.20%
类型1 正确率： 100.00% -> 1  100.00%, 2    0.00%, 3    0.00%
类型2 正确率：  33.00% -> 1   34.00%, 2   32.60%, 3   33.40%
类型3 正确率：  33.00% -> 1    0.00%, 2   67.00%, 3   33.00%


样本变换：reverse
样本变换：mask
样本变换：shift
样本变换：none
未过滤	未用伪标签：55.20% -> 使用伪标签：55.18%
已过滤	未用伪标签：55.22% -> 使用伪标签：55.22%
排除样本：4|6000	剩余：2680, 1993, 1323
增添样本：2044		细则：0, 687, 1357	正确率估算：99.95%
类型1 正确率： 100.00% -> 1  100.00%, 2    0.00%, 3    0.00%
类型2 正确率：  33.00% -> 1   34.07%, 2   32.67%, 3   33.27%
类型3 正确率：  33.00% -> 1    0.00%, 2   67.05%, 3   32.95%

被排除样本 正确率：25.00%
类型1 正确率：  25.00% -> 1   25.00%, 2   75.00%
类型2 没有样本或未被分类。


轮次:·11/·20 || c_Loss:0.391 || e_Loss:-0.895 || Aad_Loss:-33.354 || 耗时：32.98s
轮次:·12/·20 || c_Loss:0.376 || e_Loss:-1.024 || Aad_Loss:-31.235 || 耗时：12.26s
轮次:·13/·20 || c_Loss:0.382 || e_Loss:-1.009 || Aad_Loss:-30.537 || 耗时：12.30s
轮次:·14/·20 || c_Loss:0.374 || e_Loss:-1.014 || Aad_Loss:-31.229 || 耗时：12.41s
轮次:·15/·20 || c_Loss:0.374 || e_Loss:-1.013 || Aad_Loss:-31.433 || 耗时：12.29s
任务: (B1)N15_M01_F10→(B3)N15_M07_F04; mix批次:····0; 批次:·1410/·1880;  总正确率: 55.27%
类型1 正确率： 100.00% -> 1  100.00%, 2    0.00%, 3    0.00%
类型2 正确率：  33.00% -> 1   34.00%, 2   32.85%, 3   33.15%
类型3 正确率：  33.00% -> 1    0.00%, 2   67.05%, 3   32.95%


样本变换：reverse
样本变换：mask
样本变换：shift
样本变换：none
未过滤	未用伪标签：55.27% -> 使用伪标签：55.23%
已过滤	未用伪标签：55.28% -> 使用伪标签：55.28%
排除样本：5|6000	剩余：2680, 1996, 1319
增添样本：2045		细则：0, 684, 1361	正确率估算：100.00%
类型1 正确率： 100.00% -> 1  100.00%, 2    0.00%, 3    0.00%
类型2 正确率：  33.00% -> 1   34.09%, 2   32.83%, 3   33.08%
类型3 正确率：  33.00% -> 1    0.00%, 2   67.05%, 3   32.95%

被排除样本 正确率：40.00%
类型1 正确率：  40.00% -> 1   40.00%, 2   60.00%
类型2 没有样本或未被分类。


轮次:·16/·20 || c_Loss:0.377 || e_Loss:-1.017 || Aad_Loss:-31.476 || 耗时：33.09s
轮次:·17/·20 || c_Loss:0.377 || e_Loss:-0.996 || Aad_Loss:-31.595 || 耗时：12.30s
轮次:·18/·20 || c_Loss:0.377 || e_Loss:-0.992 || Aad_Loss:-31.734 || 耗时：12.31s
轮次:·19/·20 || c_Loss:0.398 || e_Loss:-0.910 || Aad_Loss:-32.048 || 耗时：12.40s
轮次:·20/·20 || c_Loss:0.385 || e_Loss:-0.954 || Aad_Loss:-32.028 || 耗时：12.27s
任务: (B1)N15_M01_F10→(B3)N15_M07_F04; mix批次:····0; 批次:·1880/·1880;  总正确率: 55.27%
类型1 正确率： 100.00% -> 1  100.00%, 2    0.00%, 3    0.00%
类型2 正确率：  33.00% -> 1   34.00%, 2   32.85%, 3   33.15%
类型3 正确率：  33.00% -> 1    0.00%, 2   67.05%, 3   32.95%


测试集任务: (B1)N15_M01_F10→(B3)N15_M07_F04; 总正确率 = 55.27%
类型1 正确率： 100.00% -> 1  100.00%, 2    0.00%, 3    0.00%
类型2 正确率：  33.00% -> 1   34.00%, 2   32.85%, 3   33.15%
类型3 正确率：  33.00% -> 1    0.00%, 2   67.05%, 3   32.95%


