读取源域路径：/kaggle/working/m2/weight_PU_M1_final_checkpoint_FBtoA_s2024/NEW_PU/Source-源域/log&pt/(B3)N15_M07_F04
excel输出位置：/kaggle/working/m2/weight_PU_M1_final_checkpoint_FBtoA_s2024/NEW_PU/Target-目标域
特征图片输出位置：/kaggle/working/m2/weight_PU_M1_final_checkpoint_FBtoA_s2024/NEW_PU/Picture-特征图/2026年09月14日02时30分/(B3)N15_M07_F04
现在选取:(B3)N15_M07_F04 进行训练的源模型
现在进行：(B3)N15_M07_F04→(B2)N15_M07_F10 的迁移任务
log&pt输出位置：/kaggle/working/m2/weight_PU_M1_final_checkpoint_FBtoA_s2024/NEW_PU/Target-目标域/log&pt/(B3)N15_M07_F04→(B2)N15_M07_F10
任务: (B3)N15_M07_F04→(B2)N15_M07_F10; 批次:····0/·1880;  总正确率: 53.68%
类型1 正确率：  95.00% -> 1   94.70%, 2    0.00%, 3    5.30%
类型2 正确率：  33.00% -> 1   17.50%, 2   33.35%, 3   49.15%
类型3 正确率：  33.00% -> 1    0.00%, 2   67.00%, 3   33.00%


样本变换：reverse
样本变换：mask
样本变换：shift
样本变换：none
未过滤	未用伪标签：53.68% -> 使用伪标签：51.75%
已过滤	未用伪标签：53.82% -> 使用伪标签：52.78%
排除样本：117|6000	剩余：2196, 1997, 1690
增添样本：705		细则：0, 199, 506	正确率估算：97.16%
类型1 正确率：  92.00% -> 1   92.21%, 2    0.00%, 3    7.79%
类型2 正确率：  34.00% -> 1   20.99%, 2   33.80%, 3   45.22%
类型3 正确率：  33.00% -> 1    0.00%, 2   67.00%, 3   33.00%

被排除样本 正确率：47.01%
类型1 正确率：  84.00% -> 1   83.61%, 2    0.00%, 3   16.39%
类型2 正确率：   7.00% -> 1    7.14%, 2    7.14%, 3   85.71%
类型3 没有样本或未被分类。


轮次:··1/·20 || c_Loss:0.620 || e_Loss:-1.574 || Aad_Loss:-23.894 || 耗时：32.58s
轮次:··2/·20 || c_Loss:0.405 || e_Loss:-1.694 || Aad_Loss:-25.633 || 耗时：12.44s
轮次:··3/·20 || c_Loss:0.396 || e_Loss:-1.561 || Aad_Loss:-31.212 || 耗时：12.40s
轮次:··4/·20 || c_Loss:0.389 || e_Loss:-1.571 || Aad_Loss:-28.862 || 耗时：12.38s
轮次:··5/·20 || c_Loss:0.425 || e_Loss:-0.772 || Aad_Loss:-31.748 || 耗时：12.36s
任务: (B3)N15_M07_F04→(B2)N15_M07_F10; mix批次:····0; 批次:··470/·1880;  总正确率: 53.65%
类型1 正确率：  95.00% -> 1   95.00%, 2    0.00%, 3    5.00%
类型2 正确率：  33.00% -> 1   17.70%, 2   32.95%, 3   49.35%
类型3 正确率：  33.00% -> 1    0.00%, 2   67.00%, 3   33.00%


样本变换：reverse
样本变换：mask
样本变换：shift
样本变换：none
未过滤	未用伪标签：53.65% -> 使用伪标签：55.32%
已过滤	未用伪标签：53.87% -> 使用伪标签：55.54%
排除样本：24|6000	剩余：2576, 2000, 1400
增添样本：1752		细则：0, 576, 1176	正确率估算：99.94%
类型1 正确率： 100.00% -> 1  100.00%, 2    0.00%, 3    0.00%
类型2 正确率：  33.00% -> 1   29.19%, 2   33.38%, 3   37.43%
类型3 正确率：  33.00% -> 1    0.00%, 2   67.00%, 3   33.00%

被排除样本 正确率：0.00%
类型1 正确率：   0.00% -> 1    0.00%, 2    0.00%, 3  100.00%
类型2 正确率：   0.00% -> 1    0.00%, 2    0.00%, 3  100.00%
类型3 没有样本或未被分类。


轮次:··6/·20 || c_Loss:0.374 || e_Loss:-0.961 || Aad_Loss:-29.578 || 耗时：32.94s
轮次:··7/·20 || c_Loss:0.473 || e_Loss:-0.935 || Aad_Loss:-29.805 || 耗时：12.32s
轮次:··8/·20 || c_Loss:0.426 || e_Loss:-0.939 || Aad_Loss:-27.629 || 耗时：12.33s
轮次:··9/·20 || c_Loss:0.401 || e_Loss:-0.925 || Aad_Loss:-29.388 || 耗时：12.30s
轮次:·10/·20 || c_Loss:0.368 || e_Loss:-0.980 || Aad_Loss:-29.978 || 耗时：12.42s
任务: (B3)N15_M07_F04→(B2)N15_M07_F10; mix批次:····0; 批次:··940/·1880;  总正确率: 55.33%
类型1 正确率： 100.00% -> 1  100.00%, 2    0.00%, 3    0.00%
类型2 正确率：  33.00% -> 1   31.75%, 2   33.00%, 3   35.25%
类型3 正确率：  33.00% -> 1    0.00%, 2   67.00%, 3   33.00%


样本变换：reverse
样本变换：mask
样本变换：shift
样本变换：none
未过滤	未用伪标签：55.33% -> 使用伪标签：55.33%
已过滤	未用伪标签：55.35% -> 使用伪标签：55.35%
排除样本：2|6000	剩余：2676, 2000, 1322
增添样本：2030		细则：0, 676, 1354	正确率估算：100.00%
类型1 正确率： 100.00% -> 1  100.00%, 2    0.00%, 3    0.00%
类型2 正确率：  33.00% -> 1   33.83%, 2   33.03%, 3   33.13%
类型3 正确率：  33.00% -> 1    0.00%, 2   67.00%, 3   33.00%

被排除样本 正确率：0.00%
类型1 正确率：   0.00% -> 1    0.00%, 2  100.00%
类型2 没有样本或未被分类。


轮次:·11/·20 || c_Loss:0.392 || e_Loss:-0.998 || Aad_Loss:-30.391 || 耗时：33.07s
轮次:·12/·20 || c_Loss:0.377 || e_Loss:-1.014 || Aad_Loss:-31.238 || 耗时：12.38s
轮次:·13/·20 || c_Loss:0.379 || e_Loss:-1.006 || Aad_Loss:-32.216 || 耗时：12.40s
轮次:·14/·20 || c_Loss:0.378 || e_Loss:-0.981 || Aad_Loss:-31.624 || 耗时：12.38s
轮次:·15/·20 || c_Loss:0.380 || e_Loss:-1.002 || Aad_Loss:-31.024 || 耗时：12.39s
任务: (B3)N15_M07_F04→(B2)N15_M07_F10; mix批次:····0; 批次:·1410/·1880;  总正确率: 55.32%
类型1 正确率： 100.00% -> 1  100.00%, 2    0.00%, 3    0.00%
类型2 正确率：  33.00% -> 1   34.00%, 2   32.95%, 3   33.05%
类型3 正确率：  33.00% -> 1    0.00%, 2   67.00%, 3   33.00%


样本变换：reverse
样本变换：mask
样本变换：shift
样本变换：none
未过滤	未用伪标签：55.32% -> 使用伪标签：55.32%
已过滤	未用伪标签：55.33% -> 使用伪标签：55.33%
排除样本：1|6000	剩余：2680, 1999, 1320
增添样本：2041		细则：0, 681, 1360	正确率估算：100.00%
类型1 正确率： 100.00% -> 1  100.00%, 2    0.00%, 3    0.00%
类型2 正确率：  33.00% -> 1   34.02%, 2   32.97%, 3   33.02%
类型3 正确率：  33.00% -> 1    0.00%, 2   67.00%, 3   33.00%

被排除样本 正确率：0.00%
类型1 正确率：   0.00% -> 1    0.00%, 2  100.00%
类型2 没有样本或未被分类。


轮次:·16/·20 || c_Loss:0.381 || e_Loss:-0.990 || Aad_Loss:-32.088 || 耗时：33.01s
轮次:·17/·20 || c_Loss:0.379 || e_Loss:-1.010 || Aad_Loss:-31.180 || 耗时：12.44s
轮次:·18/·20 || c_Loss:0.378 || e_Loss:-1.022 || Aad_Loss:-31.670 || 耗时：12.43s
轮次:·19/·20 || c_Loss:0.377 || e_Loss:-1.029 || Aad_Loss:-31.320 || 耗时：12.42s
轮次:·20/·20 || c_Loss:0.378 || e_Loss:-1.012 || Aad_Loss:-31.708 || 耗时：12.41s
任务: (B3)N15_M07_F04→(B2)N15_M07_F10; mix批次:····0; 批次:·1880/·1880;  总正确率: 55.33%
类型1 正确率： 100.00% -> 1  100.00%, 2    0.00%, 3    0.00%
类型2 正确率：  33.00% -> 1   34.00%, 2   33.00%, 3   33.00%
类型3 正确率：  33.00% -> 1    0.00%, 2   67.00%, 3   33.00%


测试集任务: (B3)N15_M07_F04→(B2)N15_M07_F10; 总正确率 = 55.33%
类型1 正确率： 100.00% -> 1  100.00%, 2    0.00%, 3    0.00%
类型2 正确率：  33.00% -> 1   34.00%, 2   33.00%, 3   33.00%
类型3 正确率：  33.00% -> 1    0.00%, 2   67.00%, 3   33.00%


