读取源域路径：/kaggle/working/m2/weight_PU_M1_final_checkpoint_FBtoA_s2024/NEW_PU/Source-源域/log&pt/(B1)N15_M01_F10
excel输出位置：/kaggle/working/m2/weight_PU_M1_final_checkpoint_FBtoA_s2024/NEW_PU/Target-目标域
特征图片输出位置：/kaggle/working/m2/weight_PU_M1_final_checkpoint_FBtoA_s2024/NEW_PU/Picture-特征图/2026年09月14日02时01分/(B1)N15_M01_F10
现在选取:(B1)N15_M01_F10 进行训练的源模型
现在进行：(B1)N15_M01_F10→(B2)N15_M07_F10 的迁移任务
log&pt输出位置：/kaggle/working/m2/weight_PU_M1_final_checkpoint_FBtoA_s2024/NEW_PU/Target-目标域/log&pt/(B1)N15_M01_F10→(B2)N15_M07_F10
任务: (B1)N15_M01_F10→(B2)N15_M07_F10; 批次:····0/·1880;  总正确率: 55.95%
类型1 正确率： 100.00% -> 1   99.80%, 2    0.00%, 3    0.20%
类型2 正确率：  35.00% -> 1   22.45%, 2   35.05%, 3   42.50%
类型3 正确率：  33.00% -> 1    0.00%, 2   67.00%, 3   33.00%


样本变换：reverse
样本变换：mask
样本变换：shift
样本变换：none
未过滤	未用伪标签：55.95% -> 使用伪标签：55.25%
已过滤	未用伪标签：56.46% -> 使用伪标签：55.80%
排除样本：59|6000	剩余：2367, 1997, 1577
增添样本：1160		细则：0, 370, 790	正确率估算：94.31%
类型1 正确率： 100.00% -> 1  100.00%, 2    0.00%, 3    0.00%
类型2 正确率：  34.00% -> 1   18.99%, 2   33.81%, 3   47.20%
类型3 正确率：  33.00% -> 1    0.00%, 2   67.00%, 3   33.00%

被排除样本 正确率：5.08%
类型1 正确率：  50.00% -> 1   50.00%, 2    0.00%, 3   50.00%
类型2 正确率：   4.00% -> 1   35.09%, 2    3.51%, 3   61.40%
类型3 没有样本或未被分类。


轮次:··1/·20 || c_Loss:0.572 || e_Loss:-0.964 || Aad_Loss:-24.876 || 耗时：33.49s
轮次:··2/·20 || c_Loss:0.416 || e_Loss:-0.931 || Aad_Loss:-27.751 || 耗时：12.50s
轮次:··3/·20 || c_Loss:0.394 || e_Loss:-0.916 || Aad_Loss:-29.129 || 耗时：12.44s
轮次:··4/·20 || c_Loss:0.378 || e_Loss:-1.918 || Aad_Loss:-28.044 || 耗时：12.35s
轮次:··5/·20 || c_Loss:0.385 || e_Loss:-1.787 || Aad_Loss:-28.474 || 耗时：12.34s
任务: (B1)N15_M01_F10→(B2)N15_M07_F10; mix批次:····0; 批次:··470/·1880;  总正确率: 55.32%
类型1 正确率： 100.00% -> 1  100.00%, 2    0.00%, 3    0.00%
类型2 正确率：  33.00% -> 1   19.70%, 2   32.95%, 3   47.35%
类型3 正确率：  33.00% -> 1    0.00%, 2   67.00%, 3   33.00%


样本变换：reverse
样本变换：mask
样本变换：shift
样本变换：none
未过滤	未用伪标签：55.32% -> 使用伪标签：55.33%
已过滤	未用伪标签：55.66% -> 使用伪标签：55.68%
排除样本：37|6000	剩余：2483, 2000, 1480
增添样本：1486		细则：0, 483, 1003	正确率估算：100.00%
类型1 正确率： 100.00% -> 1  100.00%, 2    0.00%, 3    0.00%
类型2 正确率：  34.00% -> 1   24.61%, 2   33.62%, 3   41.77%
类型3 正确率：  33.00% -> 1    0.00%, 2   67.00%, 3   33.00%

被排除样本 正确率：0.00%
类型1 正确率：   0.00% -> 1    0.00%, 2  100.00%
类型2 没有样本或未被分类。


轮次:··6/·20 || c_Loss:0.388 || e_Loss:-1.844 || Aad_Loss:-29.832 || 耗时：32.68s
轮次:··7/·20 || c_Loss:0.378 || e_Loss:-1.810 || Aad_Loss:-28.571 || 耗时：12.38s
轮次:··8/·20 || c_Loss:0.383 || e_Loss:-0.952 || Aad_Loss:-29.202 || 耗时：12.39s
轮次:··9/·20 || c_Loss:0.396 || e_Loss:-0.909 || Aad_Loss:-28.999 || 耗时：12.43s
轮次:·10/·20 || c_Loss:0.387 || e_Loss:-0.940 || Aad_Loss:-28.807 || 耗时：12.43s
任务: (B1)N15_M01_F10→(B2)N15_M07_F10; mix批次:····0; 批次:··940/·1880;  总正确率: 55.32%
类型1 正确率： 100.00% -> 1  100.00%, 2    0.00%, 3    0.00%
类型2 正确率：  33.00% -> 1   25.85%, 2   32.95%, 3   41.20%
类型3 正确率：  33.00% -> 1    0.00%, 2   67.00%, 3   33.00%


样本变换：reverse
样本变换：mask
样本变换：shift
样本变换：none
未过滤	未用伪标签：55.32% -> 使用伪标签：55.33%
已过滤	未用伪标签：55.46% -> 使用伪标签：55.47%
排除样本：15|6000	剩余：2627, 2000, 1358
增添样本：1896		细则：0, 627, 1269	正确率估算：100.00%
类型1 正确率： 100.00% -> 1  100.00%, 2    0.00%, 3    0.00%
类型2 正确率：  33.00% -> 1   31.59%, 2   33.25%, 3   35.16%
类型3 正确率：  33.00% -> 1    0.00%, 2   67.00%, 3   33.00%

被排除样本 正确率：0.00%
类型1 正确率：   0.00% -> 1    0.00%, 2  100.00%
类型2 没有样本或未被分类。


轮次:·11/·20 || c_Loss:0.410 || e_Loss:-1.882 || Aad_Loss:-28.628 || 耗时：32.91s
轮次:·12/·20 || c_Loss:0.373 || e_Loss:-1.005 || Aad_Loss:-31.194 || 耗时：12.31s
轮次:·13/·20 || c_Loss:0.392 || e_Loss:-0.944 || Aad_Loss:-29.887 || 耗时：12.33s
轮次:·14/·20 || c_Loss:0.388 || e_Loss:-1.604 || Aad_Loss:-29.758 || 耗时：12.31s
轮次:·15/·20 || c_Loss:0.389 || e_Loss:-0.975 || Aad_Loss:-29.914 || 耗时：12.38s
任务: (B1)N15_M01_F10→(B2)N15_M07_F10; mix批次:····0; 批次:·1410/·1880;  总正确率: 55.33%
类型1 正确率： 100.00% -> 1  100.00%, 2    0.00%, 3    0.00%
类型2 正确率：  33.00% -> 1   34.00%, 2   33.00%, 3   33.00%
类型3 正确率：  33.00% -> 1    0.00%, 2   67.00%, 3   33.00%


样本变换：reverse
样本变换：mask
样本变换：shift
样本变换：none
未过滤	未用伪标签：55.33% -> 使用伪标签：55.33%
已过滤	未用伪标签：55.33% -> 使用伪标签：55.33%
排除样本：2680|6000	剩余：2000, 1320
增添样本：2040		细则：0, 680, 1360	正确率估算：100.00%
类型1 正确率： 100.00% -> 1  100.00%, 2    0.00%, 3    0.00%
类型2 正确率：  33.00% -> 1   34.00%, 2   33.00%, 3   33.00%
类型3 正确率：  33.00% -> 1    0.00%, 2   67.00%, 3   33.00%

被排除样本 正确率：nan%


轮次:·16/·20 || c_Loss:0.379 || e_Loss:-0.990 || Aad_Loss:-32.085 || 耗时：33.08s
轮次:·17/·20 || c_Loss:0.390 || e_Loss:-0.970 || Aad_Loss:-31.445 || 耗时：12.38s
轮次:·18/·20 || c_Loss:0.384 || e_Loss:-0.924 || Aad_Loss:-32.130 || 耗时：12.36s
轮次:·19/·20 || c_Loss:0.381 || e_Loss:-1.007 || Aad_Loss:-31.169 || 耗时：12.37s
轮次:·20/·20 || c_Loss:0.379 || e_Loss:-1.029 || Aad_Loss:-31.197 || 耗时：12.40s
任务: (B1)N15_M01_F10→(B2)N15_M07_F10; mix批次:····0; 批次:·1880/·1880;  总正确率: 55.33%
类型1 正确率： 100.00% -> 1  100.00%, 2    0.00%, 3    0.00%
类型2 正确率：  33.00% -> 1   34.00%, 2   33.00%, 3   33.00%
类型3 正确率：  33.00% -> 1    0.00%, 2   67.00%, 3   33.00%


测试集任务: (B1)N15_M01_F10→(B2)N15_M07_F10; 总正确率 = 55.33%
类型1 正确率： 100.00% -> 1  100.00%, 2    0.00%, 3    0.00%
类型2 正确率：  33.00% -> 1   34.00%, 2   33.00%, 3   33.00%
类型3 正确率：  33.00% -> 1    0.00%, 2   67.00%, 3   33.00%


