读取源域路径：/kaggle/working/m1/weight_PU_M1_as_released_FBtoA_s2024/NEW_PU/Source-源域/log&pt/(B2)N15_M07_F10
excel输出位置：/kaggle/working/m1/weight_PU_M1_as_released_FBtoA_s2024/NEW_PU/Target-目标域
特征图片输出位置：/kaggle/working/m1/weight_PU_M1_as_released_FBtoA_s2024/NEW_PU/Picture-特征图/2026年09月13日15时28分/(B2)N15_M07_F10
现在选取:(B2)N15_M07_F10 进行训练的源模型
现在进行：(B2)N15_M07_F10→(B1)N15_M01_F10 的迁移任务
log&pt输出位置：/kaggle/working/m1/weight_PU_M1_as_released_FBtoA_s2024/NEW_PU/Target-目标域/log&pt/(B2)N15_M07_F10→(B1)N15_M01_F10
任务: (B2)N15_M07_F10→(B1)N15_M01_F10; 批次:····0/·1880;  总正确率: 55.15%
类型1 正确率：  99.00% -> 1   99.00%, 2    0.00%, 3    1.00%
类型2 正确率：  33.00% -> 1   33.15%, 2   33.45%, 3   33.40%
类型3 正确率：  33.00% -> 1    0.00%, 2   67.00%, 3   33.00%


样本变换：reverse
样本变换：mask
样本变换：shift
样本变换：none
未过滤	未用伪标签：55.15% -> 使用伪标签：54.95%
已过滤	未用伪标签：55.32% -> 使用伪标签：55.30%
排除样本：38|6000	剩余：2561, 1987, 1414
增添样本：1721		细则：0, 574, 1147	正确率估算：93.72%
类型1 正确率： 100.00% -> 1   99.80%, 2    0.00%, 3    0.20%
类型2 正确率：  33.00% -> 1   29.01%, 2   32.88%, 3   38.11%
类型3 正确率：  33.00% -> 1    0.00%, 2   67.00%, 3   33.00%

被排除样本 正确率：28.95%
类型1 正确率：  33.00% -> 1   33.33%, 2    0.00%, 3   66.67%
类型2 正确率：  28.00% -> 1    9.38%, 2   28.12%, 3   62.50%
类型3 没有样本或未被分类。


轮次:··1/·20 || c_Loss:0.513 || e_Loss:-0.980 || Aad_Loss:-27.204 || 耗时：31.25s
轮次:··2/·20 || c_Loss:0.377 || e_Loss:-0.956 || Aad_Loss:-28.947 || 耗时：13.05s
轮次:··3/·20 || c_Loss:0.401 || e_Loss:-1.499 || Aad_Loss:-28.738 || 耗时：12.97s
轮次:··4/·20 || c_Loss:0.375 || e_Loss:-0.966 || Aad_Loss:-29.654 || 耗时：12.92s
轮次:··5/·20 || c_Loss:0.389 || e_Loss:-0.920 || Aad_Loss:-29.606 || 耗时：12.92s
任务: (B2)N15_M07_F10→(B1)N15_M01_F10; mix批次:····0; 批次:··470/·1880;  总正确率: 55.32%
类型1 正确率： 100.00% -> 1  100.00%, 2    0.00%, 3    0.00%
类型2 正确率：  33.00% -> 1   32.60%, 2   32.95%, 3   34.45%
类型3 正确率：  33.00% -> 1    0.00%, 2   67.00%, 3   33.00%


样本变换：reverse
样本变换：mask
样本变换：shift
样本变换：none
未过滤	未用伪标签：55.32% -> 使用伪标签：55.33%
已过滤	未用伪标签：55.32% -> 使用伪标签：55.33%
排除样本：2680|6000	剩余：2000, 1320
增添样本：2040		细则：0, 680, 1360	正确率估算：100.00%
类型1 正确率： 100.00% -> 1  100.00%, 2    0.00%, 3    0.00%
类型2 正确率：  33.00% -> 1   34.00%, 2   33.00%, 3   33.00%
类型3 正确率：  33.00% -> 1    0.00%, 2   67.00%, 3   33.00%

被排除样本 正确率：nan%


轮次:··6/·20 || c_Loss:0.383 || e_Loss:-0.982 || Aad_Loss:-31.735 || 耗时：31.27s
轮次:··7/·20 || c_Loss:0.379 || e_Loss:-0.974 || Aad_Loss:-31.605 || 耗时：13.01s
轮次:··8/·20 || c_Loss:0.382 || e_Loss:-0.937 || Aad_Loss:-32.313 || 耗时：13.06s
轮次:··9/·20 || c_Loss:0.381 || e_Loss:-1.008 || Aad_Loss:-30.816 || 耗时：13.05s
轮次:·10/·20 || c_Loss:0.379 || e_Loss:-1.019 || Aad_Loss:-31.081 || 耗时：13.03s
任务: (B2)N15_M07_F10→(B1)N15_M01_F10; mix批次:····0; 批次:··940/·1880;  总正确率: 55.32%
类型1 正确率： 100.00% -> 1  100.00%, 2    0.00%, 3    0.00%
类型2 正确率：  33.00% -> 1   34.00%, 2   32.95%, 3   33.05%
类型3 正确率：  33.00% -> 1    0.00%, 2   67.00%, 3   33.00%


样本变换：reverse
样本变换：mask
样本变换：shift
样本变换：none
未过滤	未用伪标签：55.32% -> 使用伪标签：55.33%
已过滤	未用伪标签：55.32% -> 使用伪标签：55.33%
排除样本：2680|6000	剩余：2000, 1320
增添样本：2040		细则：0, 680, 1360	正确率估算：100.00%
类型1 正确率： 100.00% -> 1  100.00%, 2    0.00%, 3    0.00%
类型2 正确率：  33.00% -> 1   34.00%, 2   33.00%, 3   33.00%
类型3 正确率：  33.00% -> 1    0.00%, 2   67.00%, 3   33.00%

被排除样本 正确率：nan%


轮次:·11/·20 || c_Loss:0.383 || e_Loss:-0.990 || Aad_Loss:-32.036 || 耗时：31.35s
轮次:·12/·20 || c_Loss:0.378 || e_Loss:-0.976 || Aad_Loss:-31.980 || 耗时：13.00s
轮次:·13/·20 || c_Loss:0.379 || e_Loss:-0.939 || Aad_Loss:-32.714 || 耗时：13.00s
轮次:·14/·20 || c_Loss:0.379 || e_Loss:-1.007 || Aad_Loss:-31.075 || 耗时：13.01s
轮次:·15/·20 || c_Loss:0.377 || e_Loss:-1.020 || Aad_Loss:-31.301 || 耗时：12.98s
任务: (B2)N15_M07_F10→(B1)N15_M01_F10; mix批次:····0; 批次:·1410/·1880;  总正确率: 55.32%
类型1 正确率： 100.00% -> 1  100.00%, 2    0.00%, 3    0.00%
类型2 正确率：  33.00% -> 1   34.00%, 2   32.95%, 3   33.05%
类型3 正确率：  33.00% -> 1    0.00%, 2   67.00%, 3   33.00%


样本变换：reverse
样本变换：mask
样本变换：shift
样本变换：none
未过滤	未用伪标签：55.32% -> 使用伪标签：55.33%
已过滤	未用伪标签：55.32% -> 使用伪标签：55.33%
排除样本：2680|6000	剩余：2000, 1320
增添样本：2040		细则：0, 680, 1360	正确率估算：100.00%
类型1 正确率： 100.00% -> 1  100.00%, 2    0.00%, 3    0.00%
类型2 正确率：  33.00% -> 1   34.00%, 2   33.00%, 3   33.00%
类型3 正确率：  33.00% -> 1    0.00%, 2   67.00%, 3   33.00%

被排除样本 正确率：nan%


轮次:·16/·20 || c_Loss:0.382 || e_Loss:-0.991 || Aad_Loss:-32.187 || 耗时：31.47s
轮次:·17/·20 || c_Loss:0.377 || e_Loss:-0.976 || Aad_Loss:-32.169 || 耗时：12.97s
轮次:·18/·20 || c_Loss:0.377 || e_Loss:-0.941 || Aad_Loss:-32.906 || 耗时：13.01s
轮次:·19/·20 || c_Loss:0.379 || e_Loss:-1.007 || Aad_Loss:-31.229 || 耗时：13.00s
轮次:·20/·20 || c_Loss:0.377 || e_Loss:-1.020 || Aad_Loss:-31.431 || 耗时：12.99s
任务: (B2)N15_M07_F10→(B1)N15_M01_F10; mix批次:····0; 批次:·1880/·1880;  总正确率: 55.33%
类型1 正确率： 100.00% -> 1  100.00%, 2    0.00%, 3    0.00%
类型2 正确率：  33.00% -> 1   34.00%, 2   33.00%, 3   33.00%
类型3 正确率：  33.00% -> 1    0.00%, 2   67.00%, 3   33.00%


测试集任务: (B2)N15_M07_F10→(B1)N15_M01_F10; 总正确率 = 55.33%
类型1 正确率： 100.00% -> 1  100.00%, 2    0.00%, 3    0.00%
类型2 正确率：  33.00% -> 1   34.00%, 2   33.00%, 3   33.00%
类型3 正确率：  33.00% -> 1    0.00%, 2   67.00%, 3   33.00%


