读取源域路径：/kaggle/working/m1/weight_PU_M1_as_released_FBtoA_s2024/NEW_PU/Source-源域/log&pt/(B1)N15_M01_F10
excel输出位置：/kaggle/working/m1/weight_PU_M1_as_released_FBtoA_s2024/NEW_PU/Target-目标域
特征图片输出位置：/kaggle/working/m1/weight_PU_M1_as_released_FBtoA_s2024/NEW_PU/Picture-特征图/2026年09月13日15时22分/(B1)N15_M01_F10
现在选取:(B1)N15_M01_F10 进行训练的源模型
现在进行：(B1)N15_M01_F10→(B3)N15_M07_F04 的迁移任务
log&pt输出位置：/kaggle/working/m1/weight_PU_M1_as_released_FBtoA_s2024/NEW_PU/Target-目标域/log&pt/(B1)N15_M01_F10→(B3)N15_M07_F04
任务: (B1)N15_M01_F10→(B3)N15_M07_F04; 批次:····0/·1880;  总正确率: 50.25%
类型1 正确率：  99.00% -> 1   99.20%, 2    0.00%, 3    0.80%
类型2 正确率：  44.00% -> 1   21.85%, 2   43.50%, 3   34.65%
类型3 正确率：   8.00% -> 1    0.25%, 2   91.70%, 3    8.05%


样本变换：reverse
样本变换：mask
样本变换：shift
样本变换：none
未过滤	未用伪标签：50.25% -> 使用伪标签：54.95%
已过滤	未用伪标签：50.37% -> 使用伪标签：55.15%
排除样本：22|6000	剩余：2654, 2001, 1323
增添样本：1984		细则：0, 653, 1331	正确率估算：63.46%
类型1 正确率： 100.00% -> 1  100.00%, 2    0.00%, 3    0.00%
类型2 正确率：  33.00% -> 1   32.96%, 2   32.86%, 3   34.17%
类型3 正确率：  32.00% -> 1    0.00%, 2   67.65%, 3   32.35%

被排除样本 正确率：18.18%
类型1 正确率：  25.00% -> 1   25.00%, 2   75.00%
类型2 正确率：   0.00% -> 1  100.00%, 2    0.00%


轮次:··1/·20 || c_Loss:0.500 || e_Loss:-1.045 || Aad_Loss:-28.281 || 耗时：31.49s
轮次:··2/·20 || c_Loss:0.408 || e_Loss:-0.945 || Aad_Loss:-28.626 || 耗时：13.05s
轮次:··3/·20 || c_Loss:0.378 || e_Loss:-0.972 || Aad_Loss:-30.284 || 耗时：13.00s
轮次:··4/·20 || c_Loss:0.368 || e_Loss:-0.938 || Aad_Loss:-30.603 || 耗时：12.93s
轮次:··5/·20 || c_Loss:0.388 || e_Loss:-0.980 || Aad_Loss:-29.379 || 耗时：12.95s
任务: (B1)N15_M01_F10→(B3)N15_M07_F04; mix批次:····0; 批次:··470/·1880;  总正确率: 55.27%
类型1 正确率： 100.00% -> 1  100.00%, 2    0.00%, 3    0.00%
类型2 正确率：  33.00% -> 1   34.00%, 2   32.85%, 3   33.15%
类型3 正确率：  33.00% -> 1    0.00%, 2   67.05%, 3   32.95%


样本变换：reverse
样本变换：mask
样本变换：shift
样本变换：none
未过滤	未用伪标签：55.27% -> 使用伪标签：55.25%
已过滤	未用伪标签：55.27% -> 使用伪标签：55.27%
排除样本：2|6000	剩余：2680, 1997, 1321
增添样本：2042		细则：0, 683, 1359	正确率估算：99.90%
类型1 正确率： 100.00% -> 1  100.00%, 2    0.00%, 3    0.00%
类型2 正确率：  33.00% -> 1   34.03%, 2   32.83%, 3   33.13%
类型3 正确率：  33.00% -> 1    0.00%, 2   67.05%, 3   32.95%

被排除样本 正确率：50.00%
类型1 正确率：  50.00% -> 1   50.00%, 2   50.00%
类型2 没有样本或未被分类。


轮次:··6/·20 || c_Loss:0.372 || e_Loss:-1.001 || Aad_Loss:-30.897 || 耗时：31.24s
轮次:··7/·20 || c_Loss:0.378 || e_Loss:-1.017 || Aad_Loss:-30.846 || 耗时：12.85s
轮次:··8/·20 || c_Loss:0.388 || e_Loss:-0.954 || Aad_Loss:-31.758 || 耗时：12.87s
轮次:··9/·20 || c_Loss:0.382 || e_Loss:-0.988 || Aad_Loss:-31.196 || 耗时：13.00s
轮次:·10/·20 || c_Loss:0.386 || e_Loss:-0.891 || Aad_Loss:-33.153 || 耗时：12.89s
任务: (B1)N15_M01_F10→(B3)N15_M07_F04; mix批次:····0; 批次:··940/·1880;  总正确率: 55.27%
类型1 正确率： 100.00% -> 1  100.00%, 2    0.00%, 3    0.00%
类型2 正确率：  33.00% -> 1   34.00%, 2   32.85%, 3   33.15%
类型3 正确率：  33.00% -> 1    0.00%, 2   67.05%, 3   32.95%


样本变换：reverse
样本变换：mask
样本变换：shift
样本变换：none
未过滤	未用伪标签：55.27% -> 使用伪标签：55.25%
已过滤	未用伪标签：55.30% -> 使用伪标签：55.30%
排除样本：5|6000	剩余：2680, 1997, 1318
增添样本：2045		细则：0, 683, 1362	正确率估算：100.00%
类型1 正确率： 100.00% -> 1  100.00%, 2    0.00%, 3    0.00%
类型2 正确率：  33.00% -> 1   34.09%, 2   32.88%, 3   33.03%
类型3 正确率：  33.00% -> 1    0.00%, 2   67.05%, 3   32.95%

被排除样本 正确率：20.00%
类型1 正确率：  20.00% -> 1   20.00%, 2   80.00%
类型2 没有样本或未被分类。


轮次:·11/·20 || c_Loss:0.376 || e_Loss:-0.995 || Aad_Loss:-31.559 || 耗时：31.46s
轮次:·12/·20 || c_Loss:0.381 || e_Loss:-0.985 || Aad_Loss:-30.933 || 耗时：13.02s
轮次:·13/·20 || c_Loss:0.377 || e_Loss:-1.000 || Aad_Loss:-31.075 || 耗时：13.01s
轮次:·14/·20 || c_Loss:0.377 || e_Loss:-1.026 || Aad_Loss:-31.225 || 耗时：13.03s
轮次:·15/·20 || c_Loss:0.375 || e_Loss:-1.854 || Aad_Loss:-30.998 || 耗时：13.03s
任务: (B1)N15_M01_F10→(B3)N15_M07_F04; mix批次:····0; 批次:·1410/·1880;  总正确率: 55.25%
类型1 正确率： 100.00% -> 1  100.00%, 2    0.00%, 3    0.00%
类型2 正确率：  33.00% -> 1   34.00%, 2   32.80%, 3   33.20%
类型3 正确率：  33.00% -> 1    0.00%, 2   67.05%, 3   32.95%


样本变换：reverse
样本变换：mask
样本变换：shift
样本变换：none
未过滤	未用伪标签：55.25% -> 使用伪标签：55.23%
已过滤	未用伪标签：55.26% -> 使用伪标签：55.26%
排除样本：3|6000	剩余：2680, 1996, 1321
增添样本：2043		细则：0, 684, 1359	正确率估算：100.00%
类型1 正确率： 100.00% -> 1  100.00%, 2    0.00%, 3    0.00%
类型2 正确率：  33.00% -> 1   34.05%, 2   32.80%, 3   33.15%
类型3 正确率：  33.00% -> 1    0.00%, 2   67.05%, 3   32.95%

被排除样本 正确率：33.33%
类型1 正确率：  33.00% -> 1   33.33%, 2   66.67%
类型2 没有样本或未被分类。


轮次:·16/·20 || c_Loss:0.376 || e_Loss:-0.966 || Aad_Loss:-32.130 || 耗时：31.32s
轮次:·17/·20 || c_Loss:0.378 || e_Loss:-1.013 || Aad_Loss:-31.132 || 耗时：12.90s
轮次:·18/·20 || c_Loss:0.373 || e_Loss:-1.002 || Aad_Loss:-31.820 || 耗时：12.90s
轮次:·19/·20 || c_Loss:0.374 || e_Loss:-1.011 || Aad_Loss:-31.683 || 耗时：13.02s
轮次:·20/·20 || c_Loss:0.380 || e_Loss:-1.002 || Aad_Loss:-31.375 || 耗时：12.88s
任务: (B1)N15_M01_F10→(B3)N15_M07_F04; mix批次:····0; 批次:·1880/·1880;  总正确率: 55.27%
类型1 正确率： 100.00% -> 1  100.00%, 2    0.00%, 3    0.00%
类型2 正确率：  33.00% -> 1   34.00%, 2   32.85%, 3   33.15%
类型3 正确率：  33.00% -> 1    0.00%, 2   67.05%, 3   32.95%


测试集任务: (B1)N15_M01_F10→(B3)N15_M07_F04; 总正确率 = 55.27%
类型1 正确率： 100.00% -> 1  100.00%, 2    0.00%, 3    0.00%
类型2 正确率：  33.00% -> 1   34.00%, 2   32.85%, 3   33.15%
类型3 正确率：  33.00% -> 1    0.00%, 2   67.05%, 3   32.95%


