读取源域路径：/kaggle/working/shot_k10/S05/weight_PU_M1_shot_FS05toS05c_s2024/NEW_PU/Source-源域/log&pt/(B2)N15_M07_F10
excel输出位置：/kaggle/working/shot_k10/S05/weight_PU_M1_shot_FS05toS05c_s2024/NEW_PU/Target-目标域
特征图片输出位置：/kaggle/working/shot_k10/S05/weight_PU_M1_shot_FS05toS05c_s2024/NEW_PU/Picture-特征图/2026年09月22日02时53分/(B2)N15_M07_F10
现在选取:(B2)N15_M07_F10 进行训练的源模型
现在进行：(B2)N15_M07_F10→(B3)N15_M07_F04 的迁移任务
log&pt输出位置：/kaggle/working/shot_k10/S05/weight_PU_M1_shot_FS05toS05c_s2024/NEW_PU/Target-目标域/log&pt/(B2)N15_M07_F10→(B3)N15_M07_F04
任务: (B2)N15_M07_F10→(B3)N15_M07_F04; 批次:····0/·1880;  总正确率: 47.33%
类型1 正确率：  90.00% -> 1   90.40%, 2    3.00%, 3    6.60%
类型2 正确率：   5.00% -> 1    0.00%, 2    5.35%, 3   94.65%
类型3 正确率：  46.00% -> 1    0.00%, 2   53.75%, 3   46.25%


SHOT pseudo-labels: model 47.33% -> centroid 46.45%
轮次:··1/·20 || cls:1.750 || im:-0.851 || 耗时：22.07s
SHOT pseudo-labels: model 51.60% -> centroid 43.90%
轮次:··2/·20 || cls:1.356 || im:-0.816 || 耗时：16.51s
SHOT pseudo-labels: model 45.80% -> centroid 46.07%
轮次:··3/·20 || cls:1.012 || im:-0.749 || 耗时：16.02s
SHOT pseudo-labels: model 39.67% -> centroid 38.42%
轮次:··4/·20 || cls:1.080 || im:-0.725 || 耗时：15.90s
SHOT pseudo-labels: model 38.08% -> centroid 38.70%
轮次:··5/·20 || cls:0.734 || im:-0.637 || 耗时：15.97s
SHOT pseudo-labels: model 40.23% -> centroid 40.70%
轮次:··6/·20 || cls:0.736 || im:-0.635 || 耗时：16.17s
SHOT pseudo-labels: model 36.95% -> centroid 38.93%
轮次:··7/·20 || cls:0.612 || im:-0.602 || 耗时：16.17s
SHOT pseudo-labels: model 39.12% -> centroid 44.08%
轮次:··8/·20 || cls:0.790 || im:-0.602 || 耗时：16.03s
SHOT pseudo-labels: model 38.60% -> centroid 43.93%
轮次:··9/·20 || cls:0.654 || im:-0.585 || 耗时：16.02s
SHOT pseudo-labels: model 39.22% -> centroid 46.07%
轮次:·10/·20 || cls:0.558 || im:-0.533 || 耗时：16.09s
SHOT pseudo-labels: model 38.53% -> centroid 46.83%
轮次:·11/·20 || cls:0.618 || im:-0.513 || 耗时：16.12s
SHOT pseudo-labels: model 39.55% -> centroid 47.88%
轮次:·12/·20 || cls:0.580 || im:-0.578 || 耗时：16.15s
SHOT pseudo-labels: model 37.90% -> centroid 47.20%
轮次:·13/·20 || cls:0.684 || im:-0.571 || 耗时：16.12s
SHOT pseudo-labels: model 42.32% -> centroid 49.35%
轮次:·14/·20 || cls:0.739 || im:-0.557 || 耗时：16.08s
SHOT pseudo-labels: model 42.07% -> centroid 49.52%
轮次:·15/·20 || cls:0.610 || im:-0.660 || 耗时：16.08s
SHOT pseudo-labels: model 40.75% -> centroid 49.55%
轮次:·16/·20 || cls:0.733 || im:-0.579 || 耗时：16.03s
SHOT pseudo-labels: model 40.38% -> centroid 49.70%
轮次:·17/·20 || cls:0.814 || im:-0.620 || 耗时：16.04s
SHOT pseudo-labels: model 42.07% -> centroid 49.63%
轮次:·18/·20 || cls:0.674 || im:-0.603 || 耗时：16.05s
SHOT pseudo-labels: model 43.33% -> centroid 49.70%
轮次:·19/·20 || cls:0.708 || im:-0.584 || 耗时：16.04s
SHOT pseudo-labels: model 40.60% -> centroid 48.92%
轮次:·20/·20 || cls:0.643 || im:-0.600 || 耗时：16.08s
测试集任务: (B2)N15_M07_F10→(B3)N15_M07_F04; 总正确率 = 41.77%
类型1 正确率：  57.00% -> 1   56.60%, 2   31.00%, 3   12.40%
类型2 正确率：  41.00% -> 1    9.55%, 2   40.75%, 3   49.70%
类型3 正确率：  28.00% -> 1   48.00%, 2   24.05%, 3   27.95%


