读取源域路径：/kaggle/working/shot_k10/S05/weight_PU_M1_shot_FS05toS05c_s2024/NEW_PU/Source-源域/log&pt/(B3)N15_M07_F04
excel输出位置：/kaggle/working/shot_k10/S05/weight_PU_M1_shot_FS05toS05c_s2024/NEW_PU/Target-目标域
特征图片输出位置：/kaggle/working/shot_k10/S05/weight_PU_M1_shot_FS05toS05c_s2024/NEW_PU/Picture-特征图/2026年09月22日03时04分/(B3)N15_M07_F04
现在选取:(B3)N15_M07_F04 进行训练的源模型
现在进行：(B3)N15_M07_F04→(B2)N15_M07_F10 的迁移任务
log&pt输出位置：/kaggle/working/shot_k10/S05/weight_PU_M1_shot_FS05toS05c_s2024/NEW_PU/Target-目标域/log&pt/(B3)N15_M07_F04→(B2)N15_M07_F10
任务: (B3)N15_M07_F04→(B2)N15_M07_F10; 批次:····0/·1880;  总正确率: 20.15%
类型1 正确率：  40.00% -> 1   39.80%, 2   21.15%, 3   39.05%
类型2 正确率：  19.00% -> 1    0.00%, 2   18.90%, 3   81.10%
类型3 正确率：   2.00% -> 1    0.00%, 2   98.25%, 3    1.75%


SHOT pseudo-labels: model 20.15% -> centroid 23.38%
轮次:··1/·20 || cls:1.456 || im:-0.754 || 耗时：22.22s
SHOT pseudo-labels: model 45.93% -> centroid 37.88%
轮次:··2/·20 || cls:1.163 || im:-0.770 || 耗时：16.50s
SHOT pseudo-labels: model 46.10% -> centroid 44.70%
轮次:··3/·20 || cls:0.777 || im:-0.555 || 耗时：16.00s
SHOT pseudo-labels: model 44.67% -> centroid 49.60%
轮次:··4/·20 || cls:0.842 || im:-0.611 || 耗时：15.93s
SHOT pseudo-labels: model 41.22% -> centroid 53.12%
轮次:··5/·20 || cls:0.698 || im:-0.597 || 耗时：16.00s
SHOT pseudo-labels: model 39.37% -> centroid 42.28%
轮次:··6/·20 || cls:0.643 || im:-0.551 || 耗时：16.13s
SHOT pseudo-labels: model 39.47% -> centroid 40.97%
轮次:··7/·20 || cls:0.659 || im:-0.506 || 耗时：16.16s
SHOT pseudo-labels: model 38.47% -> centroid 41.63%
轮次:··8/·20 || cls:0.728 || im:-0.620 || 耗时：16.09s
SHOT pseudo-labels: model 39.43% -> centroid 47.40%
轮次:··9/·20 || cls:0.507 || im:-0.532 || 耗时：16.06s
SHOT pseudo-labels: model 38.93% -> centroid 45.12%
轮次:·10/·20 || cls:0.655 || im:-0.569 || 耗时：16.03s
SHOT pseudo-labels: model 34.42% -> centroid 38.63%
轮次:·11/·20 || cls:0.648 || im:-0.519 || 耗时：16.07s
SHOT pseudo-labels: model 33.83% -> centroid 36.85%
轮次:·12/·20 || cls:0.506 || im:-0.524 || 耗时：16.07s
SHOT pseudo-labels: model 35.85% -> centroid 42.02%
轮次:·13/·20 || cls:0.656 || im:-0.570 || 耗时：16.06s
SHOT pseudo-labels: model 38.35% -> centroid 47.20%
轮次:·14/·20 || cls:0.588 || im:-0.472 || 耗时：16.06s
SHOT pseudo-labels: model 37.03% -> centroid 44.85%
轮次:·15/·20 || cls:0.640 || im:-0.600 || 耗时：16.06s
SHOT pseudo-labels: model 35.80% -> centroid 44.13%
轮次:·16/·20 || cls:0.641 || im:-0.589 || 耗时：16.08s
SHOT pseudo-labels: model 33.67% -> centroid 41.33%
轮次:·17/·20 || cls:0.668 || im:-0.571 || 耗时：16.11s
SHOT pseudo-labels: model 34.22% -> centroid 41.80%
轮次:·18/·20 || cls:0.672 || im:-0.487 || 耗时：16.09s
SHOT pseudo-labels: model 32.90% -> centroid 42.80%
轮次:·19/·20 || cls:0.635 || im:-0.530 || 耗时：16.10s
SHOT pseudo-labels: model 32.20% -> centroid 43.65%
轮次:·20/·20 || cls:0.697 || im:-0.575 || 耗时：16.08s
测试集任务: (B3)N15_M07_F04→(B2)N15_M07_F10; 总正确率 = 30.12%
类型1 正确率：  16.00% -> 1   15.80%, 2   68.35%, 3   15.85%
类型2 正确率：  24.00% -> 1   36.15%, 2   24.40%, 3   39.45%
类型3 正确率：  50.00% -> 1   47.00%, 2    2.85%, 3   50.15%


