读取源域路径：/kaggle/working/k10/S08/weight_PU_M1_final_checkpoint_FS08toS08c_gatepcv_s2024/NEW_PU/Source-源域/log&pt/(B2)N15_M07_F10
excel输出位置：/kaggle/working/k10/S08/weight_PU_M1_final_checkpoint_FS08toS08c_gatepcv_s2024/NEW_PU/Target-目标域
特征图片输出位置：/kaggle/working/k10/S08/weight_PU_M1_final_checkpoint_FS08toS08c_gatepcv_s2024/NEW_PU/Picture-特征图/2026年09月19日09时50分/(B2)N15_M07_F10
现在选取:(B2)N15_M07_F10 进行训练的源模型
现在进行：(B2)N15_M07_F10→(B3)N15_M07_F04 的迁移任务
log&pt输出位置：/kaggle/working/k10/S08/weight_PU_M1_final_checkpoint_FS08toS08c_gatepcv_s2024/NEW_PU/Target-目标域/log&pt/(B2)N15_M07_F10→(B3)N15_M07_F04
任务: (B2)N15_M07_F10→(B3)N15_M07_F04; 批次:····0/·1880;  总正确率: 38.50%
类型1 正确率： 100.00% -> 1  100.00%, 2    0.00%, 3    0.00%
类型2 正确率：  15.00% -> 1    1.30%, 2   15.15%, 3   83.55%
类型3 正确率：   0.00% -> 1    0.00%, 2   99.65%, 3    0.35%


样本变换：reverse
样本变换：mask
样本变换：shift
样本变换：none
未过滤	未用伪标签：38.50% -> 使用伪标签：39.85%
已过滤	未用伪标签：38.67% -> 使用伪标签：40.10%
排除样本：37|6000	剩余：2000, 2391, 1572
增添样本：1187		细则：341, 0, 846	正确率估算：99.75%
类型1 正确率： 100.00% -> 1  100.00%, 2    0.00%, 3    0.00%
类型2 正确率：  20.00% -> 1    0.00%, 2   19.92%, 3   80.08%
类型3 正确率：   0.00% -> 1    0.00%, 2  100.00%, 3    0.00%

被排除样本 正确率：10.81%
类型1 没有样本或未被分类。
类型2 正确率：  11.00% -> 1    5.41%, 2   10.81%, 3   83.78%
类型3 没有样本或未被分类。


轮次:··1/·20 || c_Loss:0.545 || e_Loss:-1.022 || Aad_Loss:-28.161 || 耗时：34.14s
轮次:··2/·20 || c_Loss:0.374 || e_Loss:-1.292 || Aad_Loss:-28.668 || 耗时：13.15s
轮次:··3/·20 || c_Loss:0.357 || e_Loss:-1.641 || Aad_Loss:-28.850 || 耗时：13.02s
轮次:··4/·20 || c_Loss:0.337 || e_Loss:-1.586 || Aad_Loss:-31.111 || 耗时：12.92s
轮次:··5/·20 || c_Loss:0.352 || e_Loss:-1.166 || Aad_Loss:-27.768 || 耗时：12.90s
任务: (B2)N15_M07_F10→(B3)N15_M07_F04; mix批次:····0; 批次:··470/·1880;  总正确率: 39.22%
类型1 正确率： 100.00% -> 1  100.00%, 2    0.00%, 3    0.00%
类型2 正确率：  18.00% -> 1    0.00%, 2   17.65%, 3   82.35%
类型3 正确率：   0.00% -> 1    0.00%, 2  100.00%, 3    0.00%


样本变换：reverse
样本变换：mask
样本变换：shift
样本变换：none
未过滤	未用伪标签：39.22% -> 使用伪标签：38.98%
已过滤	未用伪标签：39.15% -> 使用伪标签：39.03%
排除样本：7|6000	剩余：2000, 2339, 1654
增添样本：1005		细则：289, 0, 716	正确率估算：99.50%
类型1 正确率： 100.00% -> 1  100.00%, 2    0.00%, 3    0.00%
类型2 正确率：  17.00% -> 1    0.00%, 2   17.01%, 3   82.99%
类型3 正确率：   0.00% -> 1    0.00%, 2  100.00%, 3    0.00%

被排除样本 正确率：100.00%
类型1 正确率： 100.00% -> 1  100.00%


轮次:··6/·20 || c_Loss:0.386 || e_Loss:-0.818 || Aad_Loss:-29.302 || 耗时：33.63s
轮次:··7/·20 || c_Loss:0.336 || e_Loss:-1.281 || Aad_Loss:-29.348 || 耗时：13.00s
轮次:··8/·20 || c_Loss:0.340 || e_Loss:-1.785 || Aad_Loss:-29.435 || 耗时：13.05s
轮次:··9/·20 || c_Loss:0.327 || e_Loss:-1.212 || Aad_Loss:-29.742 || 耗时：13.05s
轮次:·10/·20 || c_Loss:0.324 || e_Loss:-1.130 || Aad_Loss:-30.392 || 耗时：13.05s
任务: (B2)N15_M07_F10→(B3)N15_M07_F04; mix批次:····0; 批次:··940/·1880;  总正确率: 39.07%
类型1 正确率： 100.00% -> 1  100.00%, 2    0.00%, 3    0.00%
类型2 正确率：  17.00% -> 1    0.00%, 2   17.20%, 3   82.80%
类型3 正确率：   0.00% -> 1    0.00%, 2  100.00%, 3    0.00%


样本变换：reverse
样本变换：mask
样本变换：shift
样本变换：none
未过滤	未用伪标签：39.07% -> 使用伪标签：38.83%
已过滤	未用伪标签：39.04% -> 使用伪标签：38.85%
排除样本：3|6000	剩余：2000, 2330, 1667
增添样本：978		细则：280, 0, 698	正确率估算：99.69%
类型1 正确率： 100.00% -> 1  100.00%, 2    0.00%, 3    0.00%
类型2 正确率：  17.00% -> 1    0.00%, 2   16.52%, 3   83.48%
类型3 正确率：   0.00% -> 1    0.00%, 2  100.00%, 3    0.00%

被排除样本 正确率：100.00%
类型1 正确率： 100.00% -> 1  100.00%


轮次:·11/·20 || c_Loss:0.340 || e_Loss:-0.814 || Aad_Loss:-30.305 || 耗时：33.67s
轮次:·12/·20 || c_Loss:0.325 || e_Loss:-1.231 || Aad_Loss:-29.630 || 耗时：12.88s
轮次:·13/·20 || c_Loss:0.329 || e_Loss:-0.852 || Aad_Loss:-32.482 || 耗时：12.88s
轮次:·14/·20 || c_Loss:0.340 || e_Loss:-0.845 || Aad_Loss:-29.784 || 耗时：12.88s
轮次:·15/·20 || c_Loss:0.337 || e_Loss:-0.865 || Aad_Loss:-30.048 || 耗时：12.89s
任务: (B2)N15_M07_F10→(B3)N15_M07_F04; mix批次:····0; 批次:·1410/·1880;  总正确率: 38.95%
类型1 正确率： 100.00% -> 1  100.00%, 2    0.00%, 3    0.00%
类型2 正确率：  17.00% -> 1    0.00%, 2   16.85%, 3   83.15%
类型3 正确率：   0.00% -> 1    0.00%, 2  100.00%, 3    0.00%


样本变换：reverse
样本变换：mask
样本变换：shift
样本变换：none
未过滤	未用伪标签：38.95% -> 使用伪标签：38.75%
已过滤	未用伪标签：38.91% -> 使用伪标签：38.80%
排除样本：7|6000	剩余：2000, 2325, 1668
增添样本：967		细则：275, 0, 692	正确率估算：99.69%
类型1 正确率： 100.00% -> 1  100.00%, 2    0.00%, 3    0.00%
类型2 正确率：  16.00% -> 1    0.00%, 2   16.31%, 3   83.69%
类型3 正确率：   0.00% -> 1    0.00%, 2  100.00%, 3    0.00%

被排除样本 正确率：71.43%
类型1 正确率：  71.00% -> 1   71.43%, 2   28.57%
类型2 没有样本或未被分类。


轮次:·16/·20 || c_Loss:0.339 || e_Loss:-1.562 || Aad_Loss:-28.780 || 耗时：33.67s
轮次:·17/·20 || c_Loss:0.321 || e_Loss:-1.276 || Aad_Loss:-31.253 || 耗时：13.02s
轮次:·18/·20 || c_Loss:0.330 || e_Loss:-1.147 || Aad_Loss:-29.846 || 耗时：13.05s
轮次:·19/·20 || c_Loss:0.330 || e_Loss:-0.865 || Aad_Loss:-30.516 || 耗时：13.07s
轮次:·20/·20 || c_Loss:0.335 || e_Loss:-1.419 || Aad_Loss:-29.486 || 耗时：13.10s
任务: (B2)N15_M07_F10→(B3)N15_M07_F04; mix批次:····0; 批次:·1880/·1880;  总正确率: 38.82%
类型1 正确率： 100.00% -> 1  100.00%, 2    0.00%, 3    0.00%
类型2 正确率：  16.00% -> 1    0.00%, 2   16.45%, 3   83.55%
类型3 正确率：   0.00% -> 1    0.00%, 2  100.00%, 3    0.00%


测试集任务: (B2)N15_M07_F10→(B3)N15_M07_F04; 总正确率 = 38.82%
类型1 正确率： 100.00% -> 1  100.00%, 2    0.00%, 3    0.00%
类型2 正确率：  16.00% -> 1    0.00%, 2   16.45%, 3   83.55%
类型3 正确率：   0.00% -> 1    0.00%, 2  100.00%, 3    0.00%


