读取源域路径：/kaggle/working/k10/S08/weight_PU_M1_final_checkpoint_FS08toS08c_gatepcv_s2024/NEW_PU/Source-源域/log&pt/(B1)N15_M01_F10
excel输出位置：/kaggle/working/k10/S08/weight_PU_M1_final_checkpoint_FS08toS08c_gatepcv_s2024/NEW_PU/Target-目标域
特征图片输出位置：/kaggle/working/k10/S08/weight_PU_M1_final_checkpoint_FS08toS08c_gatepcv_s2024/NEW_PU/Picture-特征图/2026年09月19日09时32分/(B1)N15_M01_F10
现在选取:(B1)N15_M01_F10 进行训练的源模型
现在进行：(B1)N15_M01_F10→(B2)N15_M07_F10 的迁移任务
log&pt输出位置：/kaggle/working/k10/S08/weight_PU_M1_final_checkpoint_FS08toS08c_gatepcv_s2024/NEW_PU/Target-目标域/log&pt/(B1)N15_M01_F10→(B2)N15_M07_F10
任务: (B1)N15_M01_F10→(B2)N15_M07_F10; 批次:····0/·1880;  总正确率: 36.93%
类型1 正确率： 100.00% -> 1  100.00%, 2    0.00%, 3    0.00%
类型2 正确率：  11.00% -> 1    0.00%, 2   10.80%, 3   89.20%
类型3 正确率：   0.00% -> 1    0.00%, 2  100.00%, 3    0.00%


样本变换：reverse
样本变换：mask
样本变换：shift
样本变换：none
未过滤	未用伪标签：36.93% -> 使用伪标签：36.00%
已过滤	未用伪标签：36.72% -> 使用伪标签：36.41%
排除样本：68|6000	剩余：2000, 2160, 1772
增添样本：2567		细则：0, 1840, 727	正确率估算：93.35%
类型1 正确率： 100.00% -> 1  100.00%, 2    0.00%, 3    0.00%
类型2 正确率：   8.00% -> 1    0.00%, 2    8.28%, 3   91.72%
类型3 正确率：   0.00% -> 1    0.00%, 2  100.00%, 3    0.00%

被排除样本 正确率：55.88%
类型1 正确率：  56.00% -> 1   55.88%, 2   44.12%
类型2 没有样本或未被分类。


轮次:··1/·20 || c_Loss:0.393 || e_Loss:-1.493 || Aad_Loss:-23.310 || 耗时：34.50s
轮次:··2/·20 || c_Loss:0.528 || e_Loss:-1.571 || Aad_Loss:-15.222 || 耗时：13.30s
轮次:··3/·20 || c_Loss:0.403 || e_Loss:-1.441 || Aad_Loss:-21.000 || 耗时：13.13s
轮次:··4/·20 || c_Loss:0.398 || e_Loss:-1.464 || Aad_Loss:-23.666 || 耗时：12.89s
轮次:··5/·20 || c_Loss:0.352 || e_Loss:-1.490 || Aad_Loss:-32.215 || 耗时：12.83s
任务: (B1)N15_M01_F10→(B2)N15_M07_F10; mix批次:····0; 批次:··470/·1880;  总正确率: 54.33%
类型1 正确率： 100.00% -> 1  100.00%, 2    0.00%, 3    0.00%
类型2 正确率：  15.00% -> 1    0.00%, 2   15.30%, 3   84.70%
类型3 正确率：  48.00% -> 1   15.60%, 2   36.70%, 3   47.70%


样本变换：reverse
样本变换：mask
样本变换：shift
样本变换：none
未过滤	未用伪标签：54.33% -> 使用伪标签：49.92%
已过滤	未用伪标签：54.34% -> 使用伪标签：50.23%
排除样本：37|6000	剩余：2016, 996, 2951
增添样本：2611		细则：315, 2296, 0	正确率估算：100.00%
类型1 正确率： 100.00% -> 1  100.00%, 2    0.00%, 3    0.00%
类型2 正确率：   1.00% -> 1    0.00%, 2    0.95%, 3   99.05%
类型3 正确率：  50.00% -> 1    0.81%, 2   49.62%, 3   49.57%

被排除样本 正确率：54.05%
类型1 没有样本或未被分类。
类型2 正确率： 100.00% -> 1    0.00%, 2  100.00%, 3    0.00%
类型3 正确率：  45.00% -> 1    3.23%, 2   51.61%, 3   45.16%


轮次:··6/·20 || c_Loss:0.402 || e_Loss:-1.401 || Aad_Loss:-36.659 || 耗时：33.37s
轮次:··7/·20 || c_Loss:0.385 || e_Loss:-1.429 || Aad_Loss:-32.436 || 耗时：13.20s
轮次:··8/·20 || c_Loss:0.364 || e_Loss:-1.463 || Aad_Loss:-34.764 || 耗时：13.14s
轮次:··9/·20 || c_Loss:0.388 || e_Loss:-1.445 || Aad_Loss:-35.611 || 耗时：13.07s
轮次:·10/·20 || c_Loss:0.366 || e_Loss:-1.394 || Aad_Loss:-32.704 || 耗时：13.04s
任务: (B1)N15_M01_F10→(B2)N15_M07_F10; mix批次:····0; 批次:··940/·1880;  总正确率: 64.02%
类型1 正确率： 100.00% -> 1  100.00%, 2    0.00%, 3    0.00%
类型2 正确率：   6.00% -> 1    0.00%, 2    6.45%, 3   93.55%
类型3 正确率：  86.00% -> 1    1.40%, 2   13.00%, 3   85.60%


样本变换：reverse
样本变换：mask
样本变换：shift
样本变换：none
未过滤	未用伪标签：64.02% -> 使用伪标签：56.75%
已过滤	未用伪标签：63.81% -> 使用伪标签：57.39%
排除样本：67|6000	剩余：2000, 851, 3082
增添样本：3026		细则：590, 2436, 0	正确率估算：93.68%
类型1 正确率： 100.00% -> 1  100.00%, 2    0.00%, 3    0.00%
类型2 正确率：   8.00% -> 1    0.00%, 2    7.76%, 3   92.24%
类型3 正确率：  64.00% -> 1    0.00%, 2   35.78%, 3   64.22%

被排除样本 正确率：82.09%
类型1 没有样本或未被分类。
类型2 正确率：  27.00% -> 1    0.00%, 2   26.67%, 3   73.33%
类型3 正确率：  98.00% -> 1    1.92%, 2    0.00%, 3   98.08%


轮次:·11/·20 || c_Loss:0.378 || e_Loss:-1.484 || Aad_Loss:-38.349 || 耗时：33.43s
轮次:·12/·20 || c_Loss:0.379 || e_Loss:-1.417 || Aad_Loss:-36.141 || 耗时：12.89s
轮次:·13/·20 || c_Loss:0.381 || e_Loss:-1.367 || Aad_Loss:-36.224 || 耗时：13.01s
轮次:·14/·20 || c_Loss:0.421 || e_Loss:-1.460 || Aad_Loss:-32.955 || 耗时：13.18s
轮次:·15/·20 || c_Loss:0.362 || e_Loss:-1.367 || Aad_Loss:-37.693 || 耗时：13.19s
任务: (B1)N15_M01_F10→(B2)N15_M07_F10; mix批次:····0; 批次:·1410/·1880;  总正确率: 66.13%
类型1 正确率： 100.00% -> 1  100.00%, 2    0.00%, 3    0.00%
类型2 正确率：  13.00% -> 1    0.00%, 2   12.65%, 3   87.35%
类型3 正确率：  86.00% -> 1    1.05%, 2   13.20%, 3   85.75%


样本变换：reverse
样本变换：mask
样本变换：shift
样本变换：none
未过滤	未用伪标签：66.13% -> 使用伪标签：59.73%
已过滤	未用伪标签：65.87% -> 使用伪标签：60.41%
排除样本：67|6000	剩余：2000, 830, 3103
增添样本：3153		细则：692, 2461, 0	正确率估算：98.27%
类型1 正确率： 100.00% -> 1  100.00%, 2    0.00%, 3    0.00%
类型2 正确率：  12.00% -> 1    0.00%, 2   11.66%, 3   88.34%
类型3 正确率：  69.00% -> 1    0.00%, 2   30.69%, 3   69.31%

被排除样本 正确率：89.55%
类型1 正确率：  63.00% -> 1   63.16%, 2   36.84%
类型2 正确率： 100.00% -> 1    0.00%, 2  100.00%


轮次:·16/·20 || c_Loss:0.400 || e_Loss:-1.444 || Aad_Loss:-33.608 || 耗时：33.68s
轮次:·17/·20 || c_Loss:0.391 || e_Loss:-1.443 || Aad_Loss:-36.152 || 耗时：12.84s
轮次:·18/·20 || c_Loss:0.388 || e_Loss:-1.461 || Aad_Loss:-39.361 || 耗时：12.89s
轮次:·19/·20 || c_Loss:0.351 || e_Loss:-1.411 || Aad_Loss:-37.572 || 耗时：13.02s
轮次:·20/·20 || c_Loss:0.396 || e_Loss:-1.414 || Aad_Loss:-35.259 || 耗时：13.09s
任务: (B1)N15_M01_F10→(B2)N15_M07_F10; mix批次:····0; 批次:·1880/·1880;  总正确率: 67.38%
类型1 正确率： 100.00% -> 1  100.00%, 2    0.00%, 3    0.00%
类型2 正确率：  17.00% -> 1    0.00%, 2   16.55%, 3   83.45%
类型3 正确率：  86.00% -> 1    1.00%, 2   13.40%, 3   85.60%


测试集任务: (B1)N15_M01_F10→(B2)N15_M07_F10; 总正确率 = 67.38%
类型1 正确率： 100.00% -> 1  100.00%, 2    0.00%, 3    0.00%
类型2 正确率：  17.00% -> 1    0.00%, 2   16.55%, 3   83.45%
类型3 正确率：  86.00% -> 1    1.00%, 2   13.40%, 3   85.60%


