读取源域路径：/kaggle/working/k10/S08/weight_PU_M1_final_checkpoint_FS08toS08c_gatepcv_s2024/NEW_PU/Source-源域/log&pt/(B1)N15_M01_F10
excel输出位置：/kaggle/working/k10/S08/weight_PU_M1_final_checkpoint_FS08toS08c_gatepcv_s2024/NEW_PU/Target-目标域
特征图片输出位置：/kaggle/working/k10/S08/weight_PU_M1_final_checkpoint_FS08toS08c_gatepcv_s2024/NEW_PU/Picture-特征图/2026年09月19日09时38分/(B1)N15_M01_F10
现在选取:(B1)N15_M01_F10 进行训练的源模型
现在进行：(B1)N15_M01_F10→(B3)N15_M07_F04 的迁移任务
log&pt输出位置：/kaggle/working/k10/S08/weight_PU_M1_final_checkpoint_FS08toS08c_gatepcv_s2024/NEW_PU/Target-目标域/log&pt/(B1)N15_M01_F10→(B3)N15_M07_F04
任务: (B1)N15_M01_F10→(B3)N15_M07_F04; 批次:····0/·1880;  总正确率: 40.92%
类型1 正确率： 100.00% -> 1  100.00%, 2    0.00%, 3    0.00%
类型2 正确率：   7.00% -> 1    3.60%, 2    7.15%, 3   89.25%
类型3 正确率：  16.00% -> 1    6.80%, 2   77.60%, 3   15.60%


样本变换：reverse
样本变换：mask
样本变换：shift
样本变换：none
未过滤	未用伪标签：40.92% -> 使用伪标签：39.05%
已过滤	未用伪标签：40.88% -> 使用伪标签：39.33%
排除样本：43|6000	剩余：2000, 2342, 1615
增添样本：1060		细则：292, 0, 768	正确率估算：99.72%
类型1 正确率： 100.00% -> 1  100.00%, 2    0.00%, 3    0.00%
类型2 正确率：  18.00% -> 1    0.00%, 2   17.52%, 3   82.48%
类型3 正确率：   0.00% -> 1    0.00%, 2  100.00%, 3    0.00%

被排除样本 正确率：46.51%
类型1 没有样本或未被分类。
类型2 正确率：  45.00% -> 1    4.76%, 2   45.24%, 3   50.00%
类型3 正确率： 100.00% -> 1    0.00%, 2    0.00%, 3  100.00%


轮次:··1/·20 || c_Loss:0.576 || e_Loss:-1.029 || Aad_Loss:-29.469 || 耗时：33.73s
轮次:··2/·20 || c_Loss:0.377 || e_Loss:-1.593 || Aad_Loss:-29.609 || 耗时：13.22s
轮次:··3/·20 || c_Loss:0.330 || e_Loss:-1.601 || Aad_Loss:-29.661 || 耗时：13.10s
轮次:··4/·20 || c_Loss:0.351 || e_Loss:-0.872 || Aad_Loss:-29.283 || 耗时：12.96s
轮次:··5/·20 || c_Loss:0.367 || e_Loss:-1.452 || Aad_Loss:-29.817 || 耗时：12.89s
任务: (B1)N15_M01_F10→(B3)N15_M07_F04; mix批次:····0; 批次:··470/·1880;  总正确率: 39.43%
类型1 正确率： 100.00% -> 1  100.00%, 2    0.00%, 3    0.00%
类型2 正确率：  18.00% -> 1    0.00%, 2   18.30%, 3   81.70%
类型3 正确率：   0.00% -> 1    0.00%, 2  100.00%, 3    0.00%


样本变换：reverse
样本变换：mask
样本变换：shift
样本变换：none
未过滤	未用伪标签：39.43% -> 使用伪标签：38.63%
已过滤	未用伪标签：39.35% -> 使用伪标签：38.70%
排除样本：10|6000	剩余：2000, 2318, 1672
增添样本：953		细则：268, 0, 685	正确率估算：98.85%
类型1 正确率： 100.00% -> 1  100.00%, 2    0.00%, 3    0.00%
类型2 正确率：  16.00% -> 1    0.00%, 2   15.98%, 3   84.02%
类型3 正确率：   0.00% -> 1    0.00%, 2  100.00%, 3    0.00%

被排除样本 正确率：90.00%
类型1 正确率：  90.00% -> 1   90.00%, 2   10.00%
类型2 没有样本或未被分类。


轮次:··6/·20 || c_Loss:0.336 || e_Loss:-1.455 || Aad_Loss:-29.111 || 耗时：33.53s
轮次:··7/·20 || c_Loss:0.349 || e_Loss:-1.561 || Aad_Loss:-29.572 || 耗时：13.11s
轮次:··8/·20 || c_Loss:0.350 || e_Loss:-1.574 || Aad_Loss:-28.167 || 耗时：13.07s
轮次:··9/·20 || c_Loss:0.340 || e_Loss:-1.532 || Aad_Loss:-29.443 || 耗时：13.04s
轮次:·10/·20 || c_Loss:0.353 || e_Loss:-1.098 || Aad_Loss:-29.266 || 耗时：13.01s
任务: (B1)N15_M01_F10→(B3)N15_M07_F04; mix批次:····0; 批次:··940/·1880;  总正确率: 38.77%
类型1 正确率： 100.00% -> 1  100.00%, 2    0.00%, 3    0.00%
类型2 正确率：  16.00% -> 1    0.00%, 2   16.30%, 3   83.70%
类型3 正确率：   0.00% -> 1    0.00%, 2  100.00%, 3    0.00%


样本变换：reverse
样本变换：mask
样本变换：shift
样本变换：none
未过滤	未用伪标签：38.77% -> 使用伪标签：38.38%
已过滤	未用伪标签：38.71% -> 使用伪标签：38.43%
排除样本：7|6000	剩余：2000, 2301, 1692
增添样本：897		细则：251, 0, 646	正确率估算：99.22%
类型1 正确率： 100.00% -> 1  100.00%, 2    0.00%, 3    0.00%
类型2 正确率：  15.00% -> 1    0.00%, 2   15.15%, 3   84.85%
类型3 正确率：   0.00% -> 1    0.00%, 2   99.95%, 3    0.05%

被排除样本 正确率：85.71%
类型1 正确率：  86.00% -> 1   85.71%, 2   14.29%
类型2 没有样本或未被分类。


轮次:·11/·20 || c_Loss:0.339 || e_Loss:-1.135 || Aad_Loss:-29.439 || 耗时：33.63s
轮次:·12/·20 || c_Loss:0.343 || e_Loss:-1.231 || Aad_Loss:-28.954 || 耗时：12.99s
轮次:·13/·20 || c_Loss:0.326 || e_Loss:-1.220 || Aad_Loss:-30.623 || 耗时：13.01s
轮次:·14/·20 || c_Loss:0.326 || e_Loss:-0.841 || Aad_Loss:-32.962 || 耗时：13.00s
轮次:·15/·20 || c_Loss:0.330 || e_Loss:-1.782 || Aad_Loss:-30.551 || 耗时：13.02s
任务: (B1)N15_M01_F10→(B3)N15_M07_F04; mix批次:····0; 批次:·1410/·1880;  总正确率: 38.77%
类型1 正确率： 100.00% -> 1  100.00%, 2    0.00%, 3    0.00%
类型2 正确率：  16.00% -> 1    0.00%, 2   16.30%, 3   83.70%
类型3 正确率：   0.00% -> 1    0.00%, 2  100.00%, 3    0.00%


样本变换：reverse
样本变换：mask
样本变换：shift
样本变换：none
未过滤	未用伪标签：38.77% -> 使用伪标签：38.40%
已过滤	未用伪标签：38.69% -> 使用伪标签：38.46%
排除样本：9|6000	剩余：2000, 2302, 1689
增添样本：901		细则：252, 0, 649	正确率估算：99.11%
类型1 正确率： 100.00% -> 1  100.00%, 2    0.00%, 3    0.00%
类型2 正确率：  15.00% -> 1    0.00%, 2   15.22%, 3   84.78%
类型3 正确率：   0.00% -> 1    0.00%, 2   99.95%, 3    0.05%

被排除样本 正确率：88.89%
类型1 正确率：  89.00% -> 1   88.89%, 2   11.11%
类型2 没有样本或未被分类。


轮次:·16/·20 || c_Loss:0.339 || e_Loss:-0.852 || Aad_Loss:-30.397 || 耗时：33.61s
轮次:·17/·20 || c_Loss:0.374 || e_Loss:-1.125 || Aad_Loss:-30.494 || 耗时：13.04s
轮次:·18/·20 || c_Loss:0.323 || e_Loss:-1.566 || Aad_Loss:-30.495 || 耗时：13.05s
轮次:·19/·20 || c_Loss:0.335 || e_Loss:-0.974 || Aad_Loss:-29.995 || 耗时：13.08s
轮次:·20/·20 || c_Loss:0.321 || e_Loss:-1.321 || Aad_Loss:-31.381 || 耗时：13.09s
任务: (B1)N15_M01_F10→(B3)N15_M07_F04; mix批次:····0; 批次:·1880/·1880;  总正确率: 38.85%
类型1 正确率： 100.00% -> 1  100.00%, 2    0.00%, 3    0.00%
类型2 正确率：  17.00% -> 1    0.00%, 2   16.55%, 3   83.45%
类型3 正确率：   0.00% -> 1    0.00%, 2  100.00%, 3    0.00%


测试集任务: (B1)N15_M01_F10→(B3)N15_M07_F04; 总正确率 = 38.85%
类型1 正确率： 100.00% -> 1  100.00%, 2    0.00%, 3    0.00%
类型2 正确率：  17.00% -> 1    0.00%, 2   16.55%, 3   83.45%
类型3 正确率：   0.00% -> 1    0.00%, 2  100.00%, 3    0.00%


