读取源域路径：/kaggle/working/k10/S08/weight_PU_M1_final_checkpoint_FS08toS08c_gatepcv_s2024/NEW_PU/Source-源域/log&pt/(B3)N15_M07_F04
excel输出位置：/kaggle/working/k10/S08/weight_PU_M1_final_checkpoint_FS08toS08c_gatepcv_s2024/NEW_PU/Target-目标域
特征图片输出位置：/kaggle/working/k10/S08/weight_PU_M1_final_checkpoint_FS08toS08c_gatepcv_s2024/NEW_PU/Picture-特征图/2026年09月19日09时56分/(B3)N15_M07_F04
现在选取:(B3)N15_M07_F04 进行训练的源模型
现在进行：(B3)N15_M07_F04→(B1)N15_M01_F10 的迁移任务
log&pt输出位置：/kaggle/working/k10/S08/weight_PU_M1_final_checkpoint_FS08toS08c_gatepcv_s2024/NEW_PU/Target-目标域/log&pt/(B3)N15_M07_F04→(B1)N15_M01_F10
任务: (B3)N15_M07_F04→(B1)N15_M01_F10; 批次:····0/·1880;  总正确率: 44.18%
类型1 正确率： 100.00% -> 1  100.00%, 2    0.00%, 3    0.00%
类型2 正确率：  33.00% -> 1    0.35%, 2   32.55%, 3   67.10%
类型3 正确率：   0.00% -> 1    0.00%, 2  100.00%, 3    0.00%


样本变换：reverse
样本变换：mask
样本变换：shift
样本变换：none
未过滤	未用伪标签：44.18% -> 使用伪标签：44.20%
已过滤	未用伪标签：44.20% -> 使用伪标签：44.42%
排除样本：30|6000	剩余：2000, 2652, 1318
增添样本：2180		细则：0, 1348, 832	正确率估算：98.11%
类型1 正确率： 100.00% -> 1  100.00%, 2    0.00%, 3    0.00%
类型2 正确率：  33.00% -> 1    0.00%, 2   33.10%, 3   66.90%
类型3 正确率：   0.00% -> 1    0.00%, 2  100.00%, 3    0.00%

被排除样本 正确率：40.00%
类型1 没有样本或未被分类。
类型2 正确率：  40.00% -> 1    3.33%, 2   40.00%, 3   56.67%
类型3 没有样本或未被分类。


轮次:··1/·20 || c_Loss:0.481 || e_Loss:-1.199 || Aad_Loss:-24.101 || 耗时：34.10s
轮次:··2/·20 || c_Loss:0.381 || e_Loss:-1.516 || Aad_Loss:-21.242 || 耗时：13.26s
轮次:··3/·20 || c_Loss:0.343 || e_Loss:-1.720 || Aad_Loss:-22.501 || 耗时：13.11s
轮次:··4/·20 || c_Loss:0.341 || e_Loss:-1.629 || Aad_Loss:-21.889 || 耗时：13.06s
轮次:··5/·20 || c_Loss:0.385 || e_Loss:-1.741 || Aad_Loss:-16.717 || 耗时：13.03s
任务: (B3)N15_M07_F04→(B1)N15_M01_F10; mix批次:····0; 批次:··470/·1880;  总正确率: 63.28%
类型1 正确率： 100.00% -> 1  100.00%, 2    0.00%, 3    0.00%
类型2 正确率：  37.00% -> 1    0.00%, 2   36.80%, 3   63.20%
类型3 正确率：  53.00% -> 1    8.85%, 2   38.10%, 3   53.05%


样本变换：reverse
样本变换：mask
样本变换：shift
样本变换：none
未过滤	未用伪标签：63.28% -> 使用伪标签：49.23%
已过滤	未用伪标签：61.91% -> 使用伪标签：51.14%
排除样本：224|6000	剩余：2000, 2207, 1569
增添样本：1841		细则：0, 1316, 525	正确率估算：98.92%
类型1 正确率： 100.00% -> 1  100.00%, 2    0.00%, 3    0.00%
类型2 正确率：  34.00% -> 1    0.00%, 2   34.49%, 3   65.51%
类型3 正确率：  15.00% -> 1    0.00%, 2   84.94%, 3   15.06%

被排除样本 正确率：98.66%
类型1 正确率：  82.00% -> 1   82.35%, 2   17.65%
类型2 正确率： 100.00% -> 1    0.00%, 2  100.00%


轮次:··6/·20 || c_Loss:0.360 || e_Loss:-1.708 || Aad_Loss:-21.610 || 耗时：33.75s
轮次:··7/·20 || c_Loss:0.351 || e_Loss:-1.629 || Aad_Loss:-26.593 || 耗时：13.03s
轮次:··8/·20 || c_Loss:0.343 || e_Loss:-1.680 || Aad_Loss:-22.788 || 耗时：13.08s
轮次:··9/·20 || c_Loss:0.339 || e_Loss:-1.680 || Aad_Loss:-23.450 || 耗时：13.14s
轮次:·10/·20 || c_Loss:0.369 || e_Loss:-1.644 || Aad_Loss:-21.146 || 耗时：13.10s
任务: (B3)N15_M07_F04→(B1)N15_M01_F10; mix批次:····0; 批次:··940/·1880;  总正确率: 69.00%
类型1 正确率： 100.00% -> 1  100.00%, 2    0.00%, 3    0.00%
类型2 正确率：  36.00% -> 1    0.00%, 2   35.50%, 3   64.50%
类型3 正确率：  72.00% -> 1    0.60%, 2   27.90%, 3   71.50%


样本变换：reverse
样本变换：mask
样本变换：shift
样本变换：none
未过滤	未用伪标签：69.00% -> 使用伪标签：58.62%
已过滤	未用伪标签：67.40% -> 使用伪标签：61.84%
排除样本：313|6000	剩余：2000, 1592, 2095
增添样本：1362		细则：32, 1330, 0	正确率估算：99.59%
类型1 正确率： 100.00% -> 1  100.00%, 2    0.00%, 3    0.00%
类型2 正确率：  35.00% -> 1    0.00%, 2   35.42%, 3   64.58%
类型3 正确率：  48.00% -> 1    0.00%, 2   52.20%, 3   47.80%

被排除样本 正确率：98.08%
类型1 正确率：  72.00% -> 1   72.22%, 2   27.78%
类型2 正确率： 100.00% -> 1    0.34%, 2   99.66%


轮次:·11/·20 || c_Loss:0.327 || e_Loss:-1.613 || Aad_Loss:-23.284 || 耗时：33.63s
轮次:·12/·20 || c_Loss:0.332 || e_Loss:-1.663 || Aad_Loss:-21.517 || 耗时：12.93s
轮次:·13/·20 || c_Loss:0.333 || e_Loss:-1.693 || Aad_Loss:-22.443 || 耗时：12.93s
轮次:·14/·20 || c_Loss:0.359 || e_Loss:-1.675 || Aad_Loss:-22.313 || 耗时：12.93s
轮次:·15/·20 || c_Loss:0.351 || e_Loss:-1.625 || Aad_Loss:-21.894 || 耗时：12.91s
任务: (B3)N15_M07_F04→(B1)N15_M01_F10; mix批次:····0; 批次:·1410/·1880;  总正确率: 66.73%
类型1 正确率： 100.00% -> 1  100.00%, 2    0.00%, 3    0.00%
类型2 正确率：  40.00% -> 1    0.00%, 2   39.80%, 3   60.20%
类型3 正确率：  60.00% -> 1    0.00%, 2   39.60%, 3   60.40%


样本变换：reverse
样本变换：mask
样本变换：shift
样本变换：none
未过滤	未用伪标签：66.73% -> 使用伪标签：60.23%
已过滤	未用伪标签：65.40% -> 使用伪标签：63.76%
排除样本：332|6000	剩余：2000, 1577, 2091
增添样本：1362		细则：59, 1303, 0	正确率估算：100.00%
类型1 正确率： 100.00% -> 1  100.00%, 2    0.00%, 3    0.00%
类型2 正确率：  38.00% -> 1    0.00%, 2   38.01%, 3   61.99%
类型3 正确率：  51.00% -> 1    0.00%, 2   48.90%, 3   51.10%

被排除样本 正确率：89.46%
类型1 正确率： 100.00% -> 1  100.00%, 2    0.00%
类型2 正确率：  89.00% -> 1   10.90%, 2   89.10%


轮次:·16/·20 || c_Loss:0.363 || e_Loss:-1.662 || Aad_Loss:-21.943 || 耗时：33.62s
轮次:·17/·20 || c_Loss:0.347 || e_Loss:-1.571 || Aad_Loss:-25.242 || 耗时：13.04s
轮次:·18/·20 || c_Loss:0.344 || e_Loss:-1.509 || Aad_Loss:-30.616 || 耗时：13.05s
轮次:·19/·20 || c_Loss:0.340 || e_Loss:-1.759 || Aad_Loss:-24.210 || 耗时：13.08s
轮次:·20/·20 || c_Loss:0.359 || e_Loss:-1.677 || Aad_Loss:-26.506 || 耗时：13.04s
任务: (B3)N15_M07_F04→(B1)N15_M01_F10; mix批次:····0; 批次:·1880/·1880;  总正确率: 72.25%
类型1 正确率： 100.00% -> 1  100.00%, 2    0.00%, 3    0.00%
类型2 正确率：  40.00% -> 1    0.00%, 2   40.05%, 3   59.95%
类型3 正确率：  77.00% -> 1    0.25%, 2   23.05%, 3   76.70%


测试集任务: (B3)N15_M07_F04→(B1)N15_M01_F10; 总正确率 = 72.25%
类型1 正确率： 100.00% -> 1  100.00%, 2    0.00%, 3    0.00%
类型2 正确率：  40.00% -> 1    0.00%, 2   40.05%, 3   59.95%
类型3 正确率：  77.00% -> 1    0.25%, 2   23.05%, 3   76.70%


