读取源域路径：/kaggle/working/k10/S08/weight_PU_M1_final_checkpoint_FS08toS08c_gatepcv_s2024/NEW_PU/Source-源域/log&pt/(B2)N15_M07_F10
excel输出位置：/kaggle/working/k10/S08/weight_PU_M1_final_checkpoint_FS08toS08c_gatepcv_s2024/NEW_PU/Target-目标域
特征图片输出位置：/kaggle/working/k10/S08/weight_PU_M1_final_checkpoint_FS08toS08c_gatepcv_s2024/NEW_PU/Picture-特征图/2026年09月19日09时44分/(B2)N15_M07_F10
现在选取:(B2)N15_M07_F10 进行训练的源模型
现在进行：(B2)N15_M07_F10→(B1)N15_M01_F10 的迁移任务
log&pt输出位置：/kaggle/working/k10/S08/weight_PU_M1_final_checkpoint_FS08toS08c_gatepcv_s2024/NEW_PU/Target-目标域/log&pt/(B2)N15_M07_F10→(B1)N15_M01_F10
任务: (B2)N15_M07_F10→(B1)N15_M01_F10; 批次:····0/·1880;  总正确率: 38.72%
类型1 正确率： 100.00% -> 1  100.00%, 2    0.00%, 3    0.00%
类型2 正确率：  16.00% -> 1    2.25%, 2   16.15%, 3   81.60%
类型3 正确率：   0.00% -> 1    0.00%, 2  100.00%, 3    0.00%


样本变换：reverse
样本变换：mask
样本变换：shift
样本变换：none
未过滤	未用伪标签：38.72% -> 使用伪标签：40.03%
已过滤	未用伪标签：38.93% -> 使用伪标签：40.27%
排除样本：36|6000	剩余：2002, 2402, 1560
增添样本：2275		细则：0, 1599, 676	正确率估算：91.56%
类型1 正确率： 100.00% -> 1  100.00%, 2    0.00%, 3    0.00%
类型2 正确率：  20.00% -> 1    0.10%, 2   20.47%, 3   79.43%
类型3 正确率：   0.00% -> 1    0.00%, 2  100.00%, 3    0.00%

被排除样本 正确率：2.78%
类型1 没有样本或未被分类。
类型2 正确率：   3.00% -> 1   16.67%, 2    2.78%, 3   80.56%
类型3 没有样本或未被分类。


轮次:··1/·20 || c_Loss:0.492 || e_Loss:-1.060 || Aad_Loss:-21.613 || 耗时：33.81s
轮次:··2/·20 || c_Loss:0.372 || e_Loss:-1.609 || Aad_Loss:-19.379 || 耗时：13.21s
轮次:··3/·20 || c_Loss:0.404 || e_Loss:-1.624 || Aad_Loss:-24.084 || 耗时：13.10s
轮次:··4/·20 || c_Loss:0.366 || e_Loss:-1.641 || Aad_Loss:-25.919 || 耗时：13.02s
轮次:··5/·20 || c_Loss:0.355 || e_Loss:-1.703 || Aad_Loss:-21.165 || 耗时：12.93s
任务: (B2)N15_M07_F10→(B1)N15_M01_F10; mix批次:····0; 批次:··470/·1880;  总正确率: 54.52%
类型1 正确率： 100.00% -> 1  100.00%, 2    0.00%, 3    0.00%
类型2 正确率：  29.00% -> 1    0.00%, 2   29.40%, 3   70.60%
类型3 正确率：  34.00% -> 1    5.75%, 2   60.10%, 3   34.15%


样本变换：reverse
样本变换：mask
样本变换：shift
样本变换：none
未过滤	未用伪标签：54.52% -> 使用伪标签：45.17%
已过滤	未用伪标签：54.04% -> 使用伪标签：45.71%
排除样本：71|6000	剩余：2000, 2259, 1670
增添样本：1950		细则：0, 1486, 464	正确率估算：99.80%
类型1 正确率： 100.00% -> 1  100.00%, 2    0.00%, 3    0.00%
类型2 正确率：  26.00% -> 1    0.00%, 2   25.86%, 3   74.14%
类型3 正确率：  10.00% -> 1    0.00%, 2   89.90%, 3   10.10%

被排除样本 正确率：94.37%
类型1 正确率：  83.00% -> 1   83.33%, 2   16.67%
类型2 正确率：  97.00% -> 1    3.39%, 2   96.61%


轮次:··6/·20 || c_Loss:0.371 || e_Loss:-1.623 || Aad_Loss:-23.552 || 耗时：33.62s
轮次:··7/·20 || c_Loss:0.336 || e_Loss:-1.749 || Aad_Loss:-24.305 || 耗时：12.99s
轮次:··8/·20 || c_Loss:0.364 || e_Loss:-1.564 || Aad_Loss:-30.375 || 耗时：13.02s
轮次:··9/·20 || c_Loss:0.361 || e_Loss:-1.691 || Aad_Loss:-21.229 || 耗时：13.01s
轮次:·10/·20 || c_Loss:0.353 || e_Loss:-1.644 || Aad_Loss:-23.506 || 耗时：12.98s
任务: (B2)N15_M07_F10→(B1)N15_M01_F10; mix批次:····0; 批次:··940/·1880;  总正确率: 60.12%
类型1 正确率： 100.00% -> 1  100.00%, 2    0.00%, 3    0.00%
类型2 正确率：  31.00% -> 1    0.00%, 2   30.90%, 3   69.10%
类型3 正确率：  49.00% -> 1    1.35%, 2   49.20%, 3   49.45%


样本变换：reverse
样本变换：mask
样本变换：shift
样本变换：none
未过滤	未用伪标签：60.12% -> 使用伪标签：52.47%
已过滤	未用伪标签：59.33% -> 使用伪标签：53.79%
排除样本：148|6000	剩余：2000, 1900, 1952
增添样本：1512		细则：0, 1409, 103	正确率估算：100.00%
类型1 正确率： 100.00% -> 1  100.00%, 2    0.00%, 3    0.00%
类型2 正确率：  30.00% -> 1    0.00%, 2   29.76%, 3   70.24%
类型3 正确率：  30.00% -> 1    0.00%, 2   70.15%, 3   29.85%

被排除样本 正确率：91.22%
类型1 正确率：  71.00% -> 1   71.43%, 2   28.57%
类型2 正确率：  93.00% -> 1    6.72%, 2   93.28%


轮次:·11/·20 || c_Loss:0.361 || e_Loss:-1.608 || Aad_Loss:-25.390 || 耗时：33.44s
轮次:·12/·20 || c_Loss:0.337 || e_Loss:-1.633 || Aad_Loss:-23.980 || 耗时：12.98s
轮次:·13/·20 || c_Loss:0.330 || e_Loss:-1.767 || Aad_Loss:-24.964 || 耗时：13.01s
轮次:·14/·20 || c_Loss:0.323 || e_Loss:-1.712 || Aad_Loss:-24.107 || 耗时：13.00s
轮次:·15/·20 || c_Loss:0.368 || e_Loss:-1.679 || Aad_Loss:-23.204 || 耗时：12.99s
任务: (B2)N15_M07_F10→(B1)N15_M01_F10; mix批次:····0; 批次:·1410/·1880;  总正确率: 67.22%
类型1 正确率： 100.00% -> 1  100.00%, 2    0.00%, 3    0.00%
类型2 正确率：  32.00% -> 1    0.00%, 2   31.85%, 3   68.15%
类型3 正确率：  70.00% -> 1    0.65%, 2   29.55%, 3   69.80%


样本变换：reverse
样本变换：mask
样本变换：shift
样本变换：none
未过滤	未用伪标签：67.22% -> 使用伪标签：60.82%
已过滤	未用伪标签：66.43% -> 使用伪标签：62.70%
排除样本：180|6000	剩余：2000, 1431, 2389
增添样本：2098		细则：361, 1737, 0	正确率估算：99.90%
类型1 正确率： 100.00% -> 1  100.00%, 2    0.00%, 3    0.00%
类型2 正确率：  31.00% -> 1    0.00%, 2   31.39%, 3   68.61%
类型3 正确率：  56.00% -> 1    0.00%, 2   44.05%, 3   55.95%

被排除样本 正确率：92.78%
类型1 正确率：  58.00% -> 1   58.33%, 2   41.67%
类型2 正确率：  95.00% -> 1    4.76%, 2   95.24%


轮次:·16/·20 || c_Loss:0.332 || e_Loss:-1.626 || Aad_Loss:-24.898 || 耗时：33.91s
轮次:·17/·20 || c_Loss:0.347 || e_Loss:-1.633 || Aad_Loss:-26.640 || 耗时：12.97s
轮次:·18/·20 || c_Loss:0.377 || e_Loss:-1.464 || Aad_Loss:-30.838 || 耗时：13.02s
轮次:·19/·20 || c_Loss:0.331 || e_Loss:-1.628 || Aad_Loss:-31.345 || 耗时：13.02s
轮次:·20/·20 || c_Loss:0.349 || e_Loss:-1.418 || Aad_Loss:-32.840 || 耗时：12.97s
任务: (B2)N15_M07_F10→(B1)N15_M01_F10; mix批次:····0; 批次:·1880/·1880;  总正确率: 72.47%
类型1 正确率： 100.00% -> 1  100.00%, 2    0.00%, 3    0.00%
类型2 正确率：  34.00% -> 1    0.00%, 2   34.05%, 3   65.95%
类型3 正确率：  83.00% -> 1    0.15%, 2   16.50%, 3   83.35%


测试集任务: (B2)N15_M07_F10→(B1)N15_M01_F10; 总正确率 = 72.47%
类型1 正确率： 100.00% -> 1  100.00%, 2    0.00%, 3    0.00%
类型2 正确率：  34.00% -> 1    0.00%, 2   34.05%, 3   65.95%
类型3 正确率：  83.00% -> 1    0.15%, 2   16.50%, 3   83.35%


