读取源域路径：/kaggle/working/k10/S08/weight_PU_M1_final_checkpoint_FS08toS08c_gatepcv_s2024/NEW_PU/Source-源域/log&pt/(B3)N15_M07_F04
excel输出位置：/kaggle/working/k10/S08/weight_PU_M1_final_checkpoint_FS08toS08c_gatepcv_s2024/NEW_PU/Target-目标域
特征图片输出位置：/kaggle/working/k10/S08/weight_PU_M1_final_checkpoint_FS08toS08c_gatepcv_s2024/NEW_PU/Picture-特征图/2026年09月19日10时02分/(B3)N15_M07_F04
现在选取:(B3)N15_M07_F04 进行训练的源模型
现在进行：(B3)N15_M07_F04→(B2)N15_M07_F10 的迁移任务
log&pt输出位置：/kaggle/working/k10/S08/weight_PU_M1_final_checkpoint_FS08toS08c_gatepcv_s2024/NEW_PU/Target-目标域/log&pt/(B3)N15_M07_F04→(B2)N15_M07_F10
任务: (B3)N15_M07_F04→(B2)N15_M07_F10; 批次:····0/·1880;  总正确率: 42.55%
类型1 正确率： 100.00% -> 1  100.00%, 2    0.00%, 3    0.00%
类型2 正确率：  28.00% -> 1    0.00%, 2   27.65%, 3   72.35%
类型3 正确率：   0.00% -> 1    0.00%, 2  100.00%, 3    0.00%


样本变换：reverse
样本变换：mask
样本变换：shift
样本变换：none
未过滤	未用伪标签：42.55% -> 使用伪标签：42.12%
已过滤	未用伪标签：42.55% -> 使用伪标签：42.57%
排除样本：64|6000	剩余：2000, 2527, 1409
增添样本：2360		细则：0, 1473, 887	正确率估算：97.81%
类型1 正确率： 100.00% -> 1  100.00%, 2    0.00%, 3    0.00%
类型2 正确率：  27.00% -> 1    0.00%, 2   27.22%, 3   72.78%
类型3 正确率：   0.00% -> 1    0.00%, 2  100.00%, 3    0.00%

被排除样本 正确率：42.19%
类型1 正确率：  42.00% -> 1   42.19%, 2   57.81%
类型2 没有样本或未被分类。


轮次:··1/·20 || c_Loss:0.484 || e_Loss:-1.311 || Aad_Loss:-21.139 || 耗时：34.16s
轮次:··2/·20 || c_Loss:0.377 || e_Loss:-1.574 || Aad_Loss:-19.759 || 耗时：13.24s
轮次:··3/·20 || c_Loss:0.354 || e_Loss:-1.465 || Aad_Loss:-26.327 || 耗时：13.09s
轮次:··4/·20 || c_Loss:0.368 || e_Loss:-1.569 || Aad_Loss:-20.494 || 耗时：12.98s
轮次:··5/·20 || c_Loss:0.390 || e_Loss:-1.548 || Aad_Loss:-21.514 || 耗时：12.96s
任务: (B3)N15_M07_F04→(B2)N15_M07_F10; mix批次:····0; 批次:··470/·1880;  总正确率: 57.80%
类型1 正确率： 100.00% -> 1  100.00%, 2    0.00%, 3    0.00%
类型2 正确率：  32.00% -> 1    0.00%, 2   31.50%, 3   68.50%
类型3 正确率：  42.00% -> 1    9.50%, 2   48.60%, 3   41.90%


样本变换：reverse
样本变换：mask
样本变换：shift
样本变换：none
未过滤	未用伪标签：57.80% -> 使用伪标签：48.90%
已过滤	未用伪标签：57.59% -> 使用伪标签：50.11%
排除样本：145|6000	剩余：2000, 1431, 2424
增添样本：1777		细则：0, 1768, 9	正确率估算：100.00%
类型1 正确率： 100.00% -> 1  100.00%, 2    0.00%, 3    0.00%
类型2 正确率：  12.00% -> 1    0.00%, 2   11.87%, 3   88.13%
类型3 正确率：  37.00% -> 1    0.00%, 2   63.07%, 3   36.93%

被排除样本 正确率：66.21%
类型1 正确率： 100.00% -> 1  100.00%, 2    0.00%
类型2 正确率：  51.00% -> 1   49.49%, 2   50.51%


轮次:··6/·20 || c_Loss:0.352 || e_Loss:-1.514 || Aad_Loss:-24.994 || 耗时：33.32s
轮次:··7/·20 || c_Loss:0.355 || e_Loss:-1.534 || Aad_Loss:-22.486 || 耗时：13.06s
轮次:··8/·20 || c_Loss:0.339 || e_Loss:-1.361 || Aad_Loss:-31.040 || 耗时：13.12s
轮次:··9/·20 || c_Loss:0.367 || e_Loss:-1.555 || Aad_Loss:-27.108 || 耗时：13.07s
轮次:·10/·20 || c_Loss:0.346 || e_Loss:-1.460 || Aad_Loss:-24.605 || 耗时：13.03s
任务: (B3)N15_M07_F04→(B2)N15_M07_F10; mix批次:····0; 批次:··940/·1880;  总正确率: 65.05%
类型1 正确率： 100.00% -> 1  100.00%, 2    0.00%, 3    0.00%
类型2 正确率：  22.00% -> 1    0.00%, 2   22.20%, 3   77.80%
类型3 正确率：  73.00% -> 1    0.50%, 2   26.55%, 3   72.95%


样本变换：reverse
样本变换：mask
样本变换：shift
样本变换：none
未过滤	未用伪标签：65.05% -> 使用伪标签：58.92%
已过滤	未用伪标签：64.58% -> 使用伪标签：59.87%
排除样本：96|6000	剩余：2000, 1208, 2696
增添样本：2508		细则：458, 2050, 0	正确率估算：99.77%
类型1 正确率： 100.00% -> 1  100.00%, 2    0.00%, 3    0.00%
类型2 正确率：  21.00% -> 1    0.00%, 2   20.64%, 3   79.36%
类型3 正确率：  58.00% -> 1    0.00%, 2   41.52%, 3   58.48%

被排除样本 正确率：93.75%
类型1 正确率：  78.00% -> 1   78.26%, 2   21.74%
类型2 正确率：  99.00% -> 1    1.37%, 2   98.63%


轮次:·11/·20 || c_Loss:0.344 || e_Loss:-1.537 || Aad_Loss:-31.131 || 耗时：33.56s
轮次:·12/·20 || c_Loss:0.338 || e_Loss:-1.625 || Aad_Loss:-30.360 || 耗时：12.95s
轮次:·13/·20 || c_Loss:0.349 || e_Loss:-1.642 || Aad_Loss:-30.671 || 耗时：12.96s
轮次:·14/·20 || c_Loss:0.367 || e_Loss:-1.510 || Aad_Loss:-32.214 || 耗时：12.97s
轮次:·15/·20 || c_Loss:0.346 || e_Loss:-1.619 || Aad_Loss:-25.328 || 耗时：12.99s
任务: (B3)N15_M07_F04→(B2)N15_M07_F10; mix批次:····0; 批次:·1410/·1880;  总正确率: 68.00%
类型1 正确率： 100.00% -> 1  100.00%, 2    0.00%, 3    0.00%
类型2 正确率：  25.00% -> 1    0.00%, 2   25.25%, 3   74.75%
类型3 正确率：  79.00% -> 1    0.50%, 2   20.75%, 3   78.75%


样本变换：reverse
样本变换：mask
样本变换：shift
样本变换：none
未过滤	未用伪标签：68.00% -> 使用伪标签：63.72%
已过滤	未用伪标签：67.70% -> 使用伪标签：64.54%
排除样本：77|6000	剩余：2000, 1072, 2851
增添样本：2888		细则：683, 2205, 0	正确率估算：99.40%
类型1 正确率： 100.00% -> 1  100.00%, 2    0.00%, 3    0.00%
类型2 正确率：  24.00% -> 1    0.00%, 2   24.09%, 3   75.91%
类型3 正确率：  69.00% -> 1    0.00%, 2   30.63%, 3   69.37%

被排除样本 正确率：90.91%
类型1 正确率：  75.00% -> 1   75.00%, 2   25.00%
类型2 正确率：  95.00% -> 1    4.92%, 2   95.08%


轮次:·16/·20 || c_Loss:0.359 || e_Loss:-1.552 || Aad_Loss:-27.348 || 耗时：33.90s
轮次:·17/·20 || c_Loss:0.326 || e_Loss:-1.718 || Aad_Loss:-34.825 || 耗时：13.00s
轮次:·18/·20 || c_Loss:0.325 || e_Loss:-1.698 || Aad_Loss:-31.430 || 耗时：13.02s
轮次:·19/·20 || c_Loss:0.330 || e_Loss:-1.670 || Aad_Loss:-32.731 || 耗时：13.02s
轮次:·20/·20 || c_Loss:0.323 || e_Loss:-1.607 || Aad_Loss:-33.894 || 耗时：13.02s
任务: (B3)N15_M07_F04→(B2)N15_M07_F10; mix批次:····0; 批次:·1880/·1880;  总正确率: 70.05%
类型1 正确率： 100.00% -> 1  100.00%, 2    0.00%, 3    0.00%
类型2 正确率：  27.00% -> 1    0.00%, 2   26.75%, 3   73.25%
类型3 正确率：  83.00% -> 1    0.95%, 2   15.65%, 3   83.40%


测试集任务: (B3)N15_M07_F04→(B2)N15_M07_F10; 总正确率 = 70.05%
类型1 正确率： 100.00% -> 1  100.00%, 2    0.00%, 3    0.00%
类型2 正确率：  27.00% -> 1    0.00%, 2   26.75%, 3   73.25%
类型3 正确率：  83.00% -> 1    0.95%, 2   15.65%, 3   83.40%


