读取源域路径：/kaggle/working/k10/S04/weight_PU_M1_final_checkpoint_FS04toS04_s2024/NEW_PU/Source-源域/log&pt/(B3)N15_M07_F04
excel输出位置：/kaggle/working/k10/S04/weight_PU_M1_final_checkpoint_FS04toS04_s2024/NEW_PU/Target-目标域
特征图片输出位置：/kaggle/working/k10/S04/weight_PU_M1_final_checkpoint_FS04toS04_s2024/NEW_PU/Picture-特征图/2026年09月16日21时50分/(B3)N15_M07_F04
现在选取:(B3)N15_M07_F04 进行训练的源模型
现在进行：(B3)N15_M07_F04→(B2)N15_M07_F10 的迁移任务
log&pt输出位置：/kaggle/working/k10/S04/weight_PU_M1_final_checkpoint_FS04toS04_s2024/NEW_PU/Target-目标域/log&pt/(B3)N15_M07_F04→(B2)N15_M07_F10
任务: (B3)N15_M07_F04→(B2)N15_M07_F10; 批次:····0/·1880;  总正确率: 66.17%
类型1 正确率：  99.00% -> 1   99.00%, 2    0.00%, 3    1.00%
类型2 正确率：  42.00% -> 1    0.00%, 2   41.80%, 3   58.20%
类型3 正确率：  58.00% -> 1    0.00%, 2   42.30%, 3   57.70%


样本变换：reverse
样本变换：mask
样本变换：shift
样本变换：none
未过滤	未用伪标签：66.17% -> 使用伪标签：67.27%
已过滤	未用伪标签：67.71% -> 使用伪标签：70.29%
排除样本：258|6000	剩余：2000, 1777, 1965
增添样本：258		细则：0, 223, 35	正确率估算：82.56%
类型1 正确率： 100.00% -> 1  100.00%, 2    0.00%, 3    0.00%
类型2 正确率：  52.00% -> 1    0.00%, 2   51.94%, 3   48.06%
类型3 正确率：  57.00% -> 1    0.00%, 2   43.23%, 3   56.77%

被排除样本 正确率：31.78%
类型1 正确率：  26.00% -> 1   25.73%, 2   74.27%
类型2 正确率：  44.00% -> 1   56.32%, 2   43.68%


轮次:··1/·20 || c_Loss:0.512 || e_Loss:-0.853 || Aad_Loss:-22.694 || 耗时：34.48s
轮次:··2/·20 || c_Loss:0.396 || e_Loss:-1.514 || Aad_Loss:-26.724 || 耗时：13.48s
轮次:··3/·20 || c_Loss:0.481 || e_Loss:-1.628 || Aad_Loss:-25.595 || 耗时：13.33s
轮次:··4/·20 || c_Loss:0.465 || e_Loss:-1.583 || Aad_Loss:-20.723 || 耗时：13.31s
轮次:··5/·20 || c_Loss:0.407 || e_Loss:-0.695 || Aad_Loss:-31.013 || 耗时：13.32s
任务: (B3)N15_M07_F04→(B2)N15_M07_F10; mix批次:····0; 批次:··470/·1880;  总正确率: 68.72%
类型1 正确率： 100.00% -> 1   99.95%, 2    0.00%, 3    0.05%
类型2 正确率：  45.00% -> 1    0.10%, 2   45.25%, 3   54.65%
类型3 正确率：  61.00% -> 1    0.00%, 2   39.05%, 3   60.95%


样本变换：reverse
样本变换：mask
样本变换：shift
样本变换：none
未过滤	未用伪标签：68.72% -> 使用伪标签：69.02%
已过滤	未用伪标签：69.64% -> 使用伪标签：70.75%
排除样本：147|6000	剩余：2002, 1704, 2147
增添样本：588		细则：145, 443, 0	正确率估算：95.75%
类型1 正确率： 100.00% -> 1  100.00%, 2    0.00%, 3    0.00%
类型2 正确率：  50.00% -> 1    0.11%, 2   49.79%, 3   50.11%
类型3 正确率：  61.00% -> 1    0.00%, 2   38.85%, 3   61.15%

被排除样本 正确率：31.97%
类型1 没有样本或未被分类。
类型2 正确率：  25.00% -> 1    0.94%, 2   25.47%, 3   73.58%
类型3 正确率：  49.00% -> 1    0.00%, 2   51.22%, 3   48.78%


轮次:··6/·20 || c_Loss:0.439 || e_Loss:-1.650 || Aad_Loss:-24.913 || 耗时：34.66s
轮次:··7/·20 || c_Loss:0.460 || e_Loss:-1.651 || Aad_Loss:-17.276 || 耗时：13.41s
轮次:··8/·20 || c_Loss:0.413 || e_Loss:-1.585 || Aad_Loss:-26.611 || 耗时：13.35s
轮次:··9/·20 || c_Loss:0.386 || e_Loss:-1.589 || Aad_Loss:-26.862 || 耗时：13.34s
轮次:·10/·20 || c_Loss:0.410 || e_Loss:-1.585 || Aad_Loss:-28.010 || 耗时：13.35s
任务: (B3)N15_M07_F04→(B2)N15_M07_F10; mix批次:····0; 批次:··940/·1880;  总正确率: 71.38%
类型1 正确率： 100.00% -> 1  100.00%, 2    0.00%, 3    0.00%
类型2 正确率：  48.00% -> 1    0.10%, 2   48.15%, 3   51.75%
类型3 正确率：  66.00% -> 1    0.00%, 2   34.00%, 3   66.00%


样本变换：reverse
样本变换：mask
样本变换：shift
样本变换：none
未过滤	未用伪标签：71.38% -> 使用伪标签：72.35%
已过滤	未用伪标签：72.09% -> 使用伪标签：73.46%
排除样本：91|6000	剩余：2002, 1715, 2192
增添样本：667		细则：190, 477, 0	正确率估算：97.30%
类型1 正确率： 100.00% -> 1  100.00%, 2    0.00%, 3    0.00%
类型2 正确率：  54.00% -> 1    0.10%, 2   53.81%, 3   46.08%
类型3 正确率：  66.00% -> 1    0.00%, 2   34.21%, 3   65.79%

被排除样本 正确率：25.27%
类型1 没有样本或未被分类。
类型2 正确率：  14.00% -> 1    1.37%, 2   13.70%, 3   84.93%
类型3 正确率：  72.00% -> 1    0.00%, 2   27.78%, 3   72.22%


轮次:·11/·20 || c_Loss:0.358 || e_Loss:-1.711 || Aad_Loss:-29.440 || 耗时：34.58s
轮次:·12/·20 || c_Loss:0.370 || e_Loss:-0.873 || Aad_Loss:-29.596 || 耗时：13.24s
轮次:·13/·20 || c_Loss:0.378 || e_Loss:-1.422 || Aad_Loss:-27.659 || 耗时：13.25s
轮次:·14/·20 || c_Loss:0.408 || e_Loss:-0.899 || Aad_Loss:-28.219 || 耗时：13.28s
轮次:·15/·20 || c_Loss:0.382 || e_Loss:-1.525 || Aad_Loss:-27.350 || 耗时：13.30s
任务: (B3)N15_M07_F04→(B2)N15_M07_F10; mix批次:····0; 批次:·1410/·1880;  总正确率: 74.70%
类型1 正确率： 100.00% -> 1  100.00%, 2    0.00%, 3    0.00%
类型2 正确率：  57.00% -> 1    0.05%, 2   57.10%, 3   42.85%
类型3 正确率：  67.00% -> 1    0.00%, 2   33.00%, 3   67.00%


样本变换：reverse
样本变换：mask
样本变换：shift
样本变换：none
未过滤	未用伪标签：74.70% -> 使用伪标签：75.62%
已过滤	未用伪标签：75.08% -> 使用伪标签：76.05%
排除样本：34|6000	剩余：2001, 1861, 2104
增添样本：346		细则：103, 243, 0	正确率估算：98.55%
类型1 正确率： 100.00% -> 1  100.00%, 2    0.00%, 3    0.00%
类型2 正确率：  61.00% -> 1    0.05%, 2   60.98%, 3   38.97%
类型3 正确率：  67.00% -> 1    0.00%, 2   33.08%, 3   66.92%

被排除样本 正确率：8.82%
类型1 没有样本或未被分类。
类型2 正确率：   3.00% -> 1    3.12%, 2    3.12%, 3   93.75%
类型3 正确率： 100.00% -> 1    0.00%, 2    0.00%, 3  100.00%


轮次:·16/·20 || c_Loss:0.415 || e_Loss:-1.687 || Aad_Loss:-24.151 || 耗时：34.66s
轮次:·17/·20 || c_Loss:0.407 || e_Loss:-0.928 || Aad_Loss:-29.174 || 耗时：13.25s
轮次:·18/·20 || c_Loss:0.422 || e_Loss:-1.602 || Aad_Loss:-27.939 || 耗时：13.26s
轮次:·19/·20 || c_Loss:0.401 || e_Loss:-0.950 || Aad_Loss:-27.011 || 耗时：13.25s
轮次:·20/·20 || c_Loss:0.392 || e_Loss:-0.962 || Aad_Loss:-31.308 || 耗时：13.30s
任务: (B3)N15_M07_F04→(B2)N15_M07_F10; mix批次:····0; 批次:·1880/·1880;  总正确率: 76.30%
类型1 正确率： 100.00% -> 1  100.00%, 2    0.00%, 3    0.00%
类型2 正确率：  62.00% -> 1    0.00%, 2   61.90%, 3   38.10%
类型3 正确率：  67.00% -> 1    0.00%, 2   33.00%, 3   67.00%


测试集任务: (B3)N15_M07_F04→(B2)N15_M07_F10; 总正确率 = 76.30%
类型1 正确率： 100.00% -> 1  100.00%, 2    0.00%, 3    0.00%
类型2 正确率：  62.00% -> 1    0.00%, 2   61.90%, 3   38.10%
类型3 正确率：  67.00% -> 1    0.00%, 2   33.00%, 3   67.00%


