读取源域路径：/kaggle/working/k10/S04/weight_PU_M1_final_checkpoint_FS04toS04_s2024/NEW_PU/Source-源域/log&pt/(B3)N15_M07_F04
excel输出位置：/kaggle/working/k10/S04/weight_PU_M1_final_checkpoint_FS04toS04_s2024/NEW_PU/Target-目标域
特征图片输出位置：/kaggle/working/k10/S04/weight_PU_M1_final_checkpoint_FS04toS04_s2024/NEW_PU/Picture-特征图/2026年09月16日21时44分/(B3)N15_M07_F04
现在选取:(B3)N15_M07_F04 进行训练的源模型
现在进行：(B3)N15_M07_F04→(B1)N15_M01_F10 的迁移任务
log&pt输出位置：/kaggle/working/k10/S04/weight_PU_M1_final_checkpoint_FS04toS04_s2024/NEW_PU/Target-目标域/log&pt/(B3)N15_M07_F04→(B1)N15_M01_F10
任务: (B3)N15_M07_F04→(B1)N15_M01_F10; 批次:····0/·1880;  总正确率: 63.37%
类型1 正确率： 100.00% -> 1   99.65%, 2    0.00%, 3    0.35%
类型2 正确率：  36.00% -> 1    0.00%, 2   36.45%, 3   63.55%
类型3 正确率：  54.00% -> 1    0.00%, 2   46.00%, 3   54.00%


样本变换：reverse
样本变换：mask
样本变换：shift
样本变换：none
未过滤	未用伪标签：63.37% -> 使用伪标签：64.18%
已过滤	未用伪标签：64.38% -> 使用伪标签：66.49%
排除样本：208|6000	剩余：1999, 1614, 2179
增添样本：745		细则：180, 565, 0	正确率估算：89.93%
类型1 正确率： 100.00% -> 1   99.95%, 2    0.00%, 3    0.05%
类型2 正确率：  41.00% -> 1    0.00%, 2   41.32%, 3   58.68%
类型3 正确率：  56.00% -> 1    0.00%, 2   43.78%, 3   56.22%

被排除样本 正确率：35.10%
类型1 正确率：  43.00% -> 1   42.62%, 2   57.38%
类型2 正确率：  24.00% -> 1   75.58%, 2   24.42%


轮次:··1/·20 || c_Loss:0.523 || e_Loss:-1.665 || Aad_Loss:-24.019 || 耗时：34.85s
轮次:··2/·20 || c_Loss:0.435 || e_Loss:-1.740 || Aad_Loss:-20.121 || 耗时：13.39s
轮次:··3/·20 || c_Loss:0.460 || e_Loss:-1.420 || Aad_Loss:-30.793 || 耗时：13.27s
轮次:··4/·20 || c_Loss:0.411 || e_Loss:-1.553 || Aad_Loss:-27.256 || 耗时：13.28s
轮次:··5/·20 || c_Loss:0.413 || e_Loss:-0.745 || Aad_Loss:-26.794 || 耗时：13.25s
任务: (B3)N15_M07_F04→(B1)N15_M01_F10; mix批次:····0; 批次:··470/·1880;  总正确率: 64.68%
类型1 正确率： 100.00% -> 1   99.95%, 2    0.00%, 3    0.05%
类型2 正确率：  40.00% -> 1    0.00%, 2   40.30%, 3   59.70%
类型3 正确率：  54.00% -> 1    0.00%, 2   46.20%, 3   53.80%


样本变换：reverse
样本变换：mask
样本变换：shift
样本变换：none
未过滤	未用伪标签：64.68% -> 使用伪标签：64.17%
已过滤	未用伪标签：65.11% -> 使用伪标签：65.53%
排除样本：125|6000	剩余：2003, 1694, 2178
增添样本：659		细则：175, 484, 0	正确率估算：98.63%
类型1 正确率： 100.00% -> 1  100.00%, 2    0.00%, 3    0.00%
类型2 正确率：  41.00% -> 1    0.10%, 2   41.49%, 3   58.41%
类型3 正确率：  54.00% -> 1    0.05%, 2   45.95%, 3   54.00%

被排除样本 正确率：44.80%
类型1 正确率：  32.00% -> 1   32.26%, 2   67.74%
类型2 正确率：  57.00% -> 1   42.86%, 2   57.14%


轮次:··6/·20 || c_Loss:0.431 || e_Loss:-1.466 || Aad_Loss:-30.984 || 耗时：34.80s
轮次:··7/·20 || c_Loss:0.443 || e_Loss:-1.664 || Aad_Loss:-27.034 || 耗时：13.24s
轮次:··8/·20 || c_Loss:0.403 || e_Loss:-1.710 || Aad_Loss:-26.849 || 耗时：13.22s
轮次:··9/·20 || c_Loss:0.367 || e_Loss:-0.840 || Aad_Loss:-29.906 || 耗时：13.21s
轮次:·10/·20 || c_Loss:0.404 || e_Loss:-1.666 || Aad_Loss:-28.912 || 耗时：13.21s
任务: (B3)N15_M07_F04→(B1)N15_M01_F10; mix批次:····0; 批次:··940/·1880;  总正确率: 64.83%
类型1 正确率： 100.00% -> 1   99.85%, 2    0.00%, 3    0.15%
类型2 正确率：  40.00% -> 1    0.00%, 2   39.95%, 3   60.05%
类型3 正确率：  55.00% -> 1    0.00%, 2   45.30%, 3   54.70%


样本变换：reverse
样本变换：mask
样本变换：shift
样本变换：none
未过滤	未用伪标签：64.83% -> 使用伪标签：64.28%
已过滤	未用伪标签：65.03% -> 使用伪标签：65.28%
排除样本：92|6000	剩余：2001, 1783, 2124
增添样本：464		细则：123, 341, 0	正确率估算：96.98%
类型1 正确率： 100.00% -> 1  100.00%, 2    0.00%, 3    0.00%
类型2 正确率：  43.00% -> 1    0.05%, 2   43.16%, 3   56.79%
类型3 正确率：  52.00% -> 1    0.00%, 2   48.10%, 3   51.90%

被排除样本 正确率：52.17%
类型1 正确率：   5.00% -> 1    4.76%, 2   95.24%
类型2 正确率：  92.00% -> 1    8.00%, 2   92.00%


轮次:·11/·20 || c_Loss:0.426 || e_Loss:-1.654 || Aad_Loss:-25.739 || 耗时：34.60s
轮次:·12/·20 || c_Loss:0.419 || e_Loss:-1.749 || Aad_Loss:-27.592 || 耗时：13.36s
轮次:·13/·20 || c_Loss:0.385 || e_Loss:-1.775 || Aad_Loss:-26.266 || 耗时：13.34s
轮次:·14/·20 || c_Loss:0.389 || e_Loss:-1.785 || Aad_Loss:-26.928 || 耗时：13.36s
轮次:·15/·20 || c_Loss:0.438 || e_Loss:-0.773 || Aad_Loss:-25.650 || 耗时：13.33s
任务: (B3)N15_M07_F04→(B1)N15_M01_F10; mix批次:····0; 批次:·1410/·1880;  总正确率: 64.93%
类型1 正确率： 100.00% -> 1   99.90%, 2    0.00%, 3    0.10%
类型2 正确率：  41.00% -> 1    0.00%, 2   41.30%, 3   58.70%
类型3 正确率：  54.00% -> 1    0.00%, 2   46.40%, 3   53.60%


样本变换：reverse
样本变换：mask
样本变换：shift
样本变换：none
未过滤	未用伪标签：64.93% -> 使用伪标签：63.97%
已过滤	未用伪标签：65.19% -> 使用伪标签：65.04%
排除样本：99|6000	剩余：2001, 1928, 1972
增添样本：102		细则：0, 73, 29	正确率估算：87.25%
类型1 正确率： 100.00% -> 1  100.00%, 2    0.00%, 3    0.00%
类型2 正确率：  47.00% -> 1    0.05%, 2   46.54%, 3   53.41%
类型3 正确率：  48.00% -> 1    0.00%, 2   52.31%, 3   47.69%

被排除样本 正确率：49.49%
类型1 正确率：   0.00% -> 1    0.00%, 2  100.00%
类型2 正确率：  98.00% -> 1    2.00%, 2   98.00%


轮次:·16/·20 || c_Loss:0.430 || e_Loss:-0.784 || Aad_Loss:-24.391 || 耗时：34.34s
轮次:·17/·20 || c_Loss:0.402 || e_Loss:-1.719 || Aad_Loss:-23.474 || 耗时：13.25s
轮次:·18/·20 || c_Loss:0.390 || e_Loss:-0.893 || Aad_Loss:-29.193 || 耗时：13.26s
轮次:·19/·20 || c_Loss:0.380 || e_Loss:-1.668 || Aad_Loss:-29.005 || 耗时：13.27s
轮次:·20/·20 || c_Loss:0.407 || e_Loss:-0.846 || Aad_Loss:-26.336 || 耗时：13.26s
任务: (B3)N15_M07_F04→(B1)N15_M01_F10; mix批次:····0; 批次:·1880/·1880;  总正确率: 64.70%
类型1 正确率： 100.00% -> 1  100.00%, 2    0.00%, 3    0.00%
类型2 正确率：  45.00% -> 1    0.00%, 2   45.20%, 3   54.80%
类型3 正确率：  49.00% -> 1    0.00%, 2   51.10%, 3   48.90%


测试集任务: (B3)N15_M07_F04→(B1)N15_M01_F10; 总正确率 = 64.70%
类型1 正确率： 100.00% -> 1  100.00%, 2    0.00%, 3    0.00%
类型2 正确率：  45.00% -> 1    0.00%, 2   45.20%, 3   54.80%
类型3 正确率：  49.00% -> 1    0.00%, 2   51.10%, 3   48.90%


