读取源域路径：/kaggle/working/k10/S04/weight_PU_M1_final_checkpoint_FS04toS04_s2024/NEW_PU/Source-源域/log&pt/(B2)N15_M07_F10
excel输出位置：/kaggle/working/k10/S04/weight_PU_M1_final_checkpoint_FS04toS04_s2024/NEW_PU/Target-目标域
特征图片输出位置：/kaggle/working/k10/S04/weight_PU_M1_final_checkpoint_FS04toS04_s2024/NEW_PU/Picture-特征图/2026年09月16日21时31分/(B2)N15_M07_F10
现在选取:(B2)N15_M07_F10 进行训练的源模型
现在进行：(B2)N15_M07_F10→(B1)N15_M01_F10 的迁移任务
log&pt输出位置：/kaggle/working/k10/S04/weight_PU_M1_final_checkpoint_FS04toS04_s2024/NEW_PU/Target-目标域/log&pt/(B2)N15_M07_F10→(B1)N15_M01_F10
任务: (B2)N15_M07_F10→(B1)N15_M01_F10; 批次:····0/·1880;  总正确率: 92.03%
类型1 正确率： 100.00% -> 1  100.00%, 2    0.00%, 3    0.00%
类型2 正确率：  77.00% -> 1    0.70%, 2   77.30%, 3   22.00%
类型3 正确率：  99.00% -> 1    0.10%, 2    1.10%, 3   98.80%


样本变换：reverse
样本变换：mask
样本变换：shift
样本变换：none
未过滤	未用伪标签：92.03% -> 使用伪标签：91.60%
已过滤	未用伪标签：93.08% -> 使用伪标签：93.87%
排除样本：145|6000	剩余：2010, 1565, 2280
增添样本：985		细则：270, 715, 0	正确率估算：97.56%
类型1 正确率： 100.00% -> 1  100.00%, 2    0.00%, 3    0.00%
类型2 正确率：  82.00% -> 1    0.42%, 2   82.06%, 3   17.52%
类型3 正确率：  99.00% -> 1    0.10%, 2    0.96%, 3   98.93%

被排除样本 正确率：49.66%
类型1 没有样本或未被分类。
类型2 正确率：  42.00% -> 1    3.45%, 2   42.24%, 3   54.31%
类型3 正确率：  79.00% -> 1    0.00%, 2   20.69%, 3   79.31%


轮次:··1/·20 || c_Loss:0.546 || e_Loss:-0.972 || Aad_Loss:-23.662 || 耗时：34.86s
轮次:··2/·20 || c_Loss:0.411 || e_Loss:-1.136 || Aad_Loss:-25.194 || 耗时：13.39s
轮次:··3/·20 || c_Loss:0.433 || e_Loss:-1.647 || Aad_Loss:-26.222 || 耗时：13.25s
轮次:··4/·20 || c_Loss:0.366 || e_Loss:-1.564 || Aad_Loss:-29.557 || 耗时：13.23s
轮次:··5/·20 || c_Loss:0.404 || e_Loss:-1.665 || Aad_Loss:-31.190 || 耗时：13.24s
任务: (B2)N15_M07_F10→(B1)N15_M01_F10; mix批次:····0; 批次:··470/·1880;  总正确率: 93.38%
类型1 正确率： 100.00% -> 1  100.00%, 2    0.00%, 3    0.00%
类型2 正确率：  82.00% -> 1    0.20%, 2   81.90%, 3   17.90%
类型3 正确率：  98.00% -> 1    0.00%, 2    1.75%, 3   98.25%


样本变换：reverse
样本变换：mask
样本变换：shift
样本变换：none
未过滤	未用伪标签：93.38% -> 使用伪标签：92.68%
已过滤	未用伪标签：93.96% -> 使用伪标签：93.89%
排除样本：77|6000	剩余：2004, 1621, 2298
增添样本：971		细则：294, 677, 0	正确率估算：99.07%
类型1 正确率： 100.00% -> 1  100.00%, 2    0.00%, 3    0.00%
类型2 正确率：  82.00% -> 1    0.15%, 2   82.44%, 3   17.40%
类型3 正确率：  99.00% -> 1    0.05%, 2    1.01%, 3   98.94%

被排除样本 正确率：49.35%
类型1 没有样本或未被分类。
类型2 正确率：  52.00% -> 1    1.72%, 2   51.72%, 3   46.55%
类型3 正确率：  42.00% -> 1    0.00%, 2   57.89%, 3   42.11%


轮次:··6/·20 || c_Loss:0.389 || e_Loss:-0.889 || Aad_Loss:-28.940 || 耗时：34.88s
轮次:··7/·20 || c_Loss:0.362 || e_Loss:-1.733 || Aad_Loss:-27.691 || 耗时：13.35s
轮次:··8/·20 || c_Loss:0.399 || e_Loss:-0.875 || Aad_Loss:-28.209 || 耗时：13.34s
轮次:··9/·20 || c_Loss:0.401 || e_Loss:-0.850 || Aad_Loss:-29.559 || 耗时：13.33s
轮次:·10/·20 || c_Loss:0.367 || e_Loss:-0.893 || Aad_Loss:-30.815 || 耗时：13.34s
任务: (B2)N15_M07_F10→(B1)N15_M01_F10; mix批次:····0; 批次:··940/·1880;  总正确率: 93.77%
类型1 正确率： 100.00% -> 1  100.00%, 2    0.00%, 3    0.00%
类型2 正确率：  83.00% -> 1    0.15%, 2   83.00%, 3   16.85%
类型3 正确率：  98.00% -> 1    0.00%, 2    1.70%, 3   98.30%


样本变换：reverse
样本变换：mask
样本变换：shift
样本变换：none
未过滤	未用伪标签：93.77% -> 使用伪标签：93.00%
已过滤	未用伪标签：94.37% -> 使用伪标签：94.38%
排除样本：88|6000	剩余：2001, 1646, 2265
增添样本：883		细则：264, 619, 0	正确率估算：99.66%
类型1 正确率： 100.00% -> 1  100.00%, 2    0.00%, 3    0.00%
类型2 正确率：  84.00% -> 1    0.05%, 2   83.87%, 3   16.08%
类型3 正确率：  99.00% -> 1    0.00%, 2    0.96%, 3   99.04%

被排除样本 正确率：53.41%
类型1 没有样本或未被分类。
类型2 正确率：  48.00% -> 1    3.33%, 2   48.33%, 3   48.33%
类型3 正确率：  64.00% -> 1    0.00%, 2   35.71%, 3   64.29%


轮次:·11/·20 || c_Loss:0.398 || e_Loss:-1.610 || Aad_Loss:-25.060 || 耗时：34.92s
轮次:·12/·20 || c_Loss:0.387 || e_Loss:-1.857 || Aad_Loss:-27.931 || 耗时：13.30s
轮次:·13/·20 || c_Loss:0.355 || e_Loss:-1.842 || Aad_Loss:-28.307 || 耗时：13.35s
轮次:·14/·20 || c_Loss:0.398 || e_Loss:-1.062 || Aad_Loss:-27.383 || 耗时：13.31s
轮次:·15/·20 || c_Loss:0.361 || e_Loss:-0.933 || Aad_Loss:-28.381 || 耗时：13.28s
任务: (B2)N15_M07_F10→(B1)N15_M01_F10; mix批次:····0; 批次:·1410/·1880;  总正确率: 93.82%
类型1 正确率： 100.00% -> 1  100.00%, 2    0.00%, 3    0.00%
类型2 正确率：  83.00% -> 1    0.15%, 2   83.00%, 3   16.85%
类型3 正确率：  98.00% -> 1    0.00%, 2    1.55%, 3   98.45%


样本变换：reverse
样本变换：mask
样本变换：shift
样本变换：none
未过滤	未用伪标签：93.82% -> 使用伪标签：92.87%
已过滤	未用伪标签：94.30% -> 使用伪标签：94.28%
排除样本：90|6000	剩余：2001, 1651, 2258
增添样本：864		细则：257, 607, 0	正确率估算：99.07%
类型1 正确率： 100.00% -> 1  100.00%, 2    0.00%, 3    0.00%
类型2 正确率：  84.00% -> 1    0.05%, 2   83.65%, 3   16.30%
类型3 正确率：  99.00% -> 1    0.00%, 2    0.97%, 3   99.03%

被排除样本 正确率：62.22%
类型1 没有样本或未被分类。
类型2 正确率：  47.00% -> 1    4.08%, 2   46.94%, 3   48.98%
类型3 正确率：  80.00% -> 1    0.00%, 2   19.51%, 3   80.49%


轮次:·16/·20 || c_Loss:0.379 || e_Loss:-0.863 || Aad_Loss:-29.207 || 耗时：34.78s
轮次:·17/·20 || c_Loss:0.432 || e_Loss:-0.830 || Aad_Loss:-28.224 || 耗时：13.26s
轮次:·18/·20 || c_Loss:0.413 || e_Loss:-0.871 || Aad_Loss:-29.972 || 耗时：13.26s
轮次:·19/·20 || c_Loss:0.380 || e_Loss:-1.496 || Aad_Loss:-28.974 || 耗时：13.30s
轮次:·20/·20 || c_Loss:0.360 || e_Loss:-1.318 || Aad_Loss:-28.434 || 耗时：13.28s
任务: (B2)N15_M07_F10→(B1)N15_M01_F10; mix批次:····0; 批次:·1880/·1880;  总正确率: 93.97%
类型1 正确率： 100.00% -> 1  100.00%, 2    0.00%, 3    0.00%
类型2 正确率：  83.00% -> 1    0.10%, 2   83.10%, 3   16.80%
类型3 正确率：  99.00% -> 1    0.00%, 2    1.20%, 3   98.80%


测试集任务: (B2)N15_M07_F10→(B1)N15_M01_F10; 总正确率 = 93.97%
类型1 正确率： 100.00% -> 1  100.00%, 2    0.00%, 3    0.00%
类型2 正确率：  83.00% -> 1    0.10%, 2   83.10%, 3   16.80%
类型3 正确率：  99.00% -> 1    0.00%, 2    1.20%, 3   98.80%


