读取源域路径：/kaggle/working/k10/S04/weight_PU_M1_final_checkpoint_FS04toS04_s2024/NEW_PU/Source-源域/log&pt/(B1)N15_M01_F10
excel输出位置：/kaggle/working/k10/S04/weight_PU_M1_final_checkpoint_FS04toS04_s2024/NEW_PU/Target-目标域
特征图片输出位置：/kaggle/working/k10/S04/weight_PU_M1_final_checkpoint_FS04toS04_s2024/NEW_PU/Picture-特征图/2026年09月16日21时19分/(B1)N15_M01_F10
现在选取:(B1)N15_M01_F10 进行训练的源模型
现在进行：(B1)N15_M01_F10→(B2)N15_M07_F10 的迁移任务
log&pt输出位置：/kaggle/working/k10/S04/weight_PU_M1_final_checkpoint_FS04toS04_s2024/NEW_PU/Target-目标域/log&pt/(B1)N15_M01_F10→(B2)N15_M07_F10
任务: (B1)N15_M01_F10→(B2)N15_M07_F10; 批次:····0/·1880;  总正确率: 94.32%
类型1 正确率： 100.00% -> 1   99.95%, 2    0.05%, 3    0.00%
类型2 正确率： 100.00% -> 1    0.00%, 2   99.90%, 3    0.10%
类型3 正确率：  83.00% -> 1    0.00%, 2   16.90%, 3   83.10%


样本变换：reverse
样本变换：mask
样本变换：shift
样本变换：none
未过滤	未用伪标签：94.32% -> 使用伪标签：97.13%
已过滤	未用伪标签：95.35% -> 使用伪标签：98.46%
排除样本：81|6000	剩余：1999, 2086, 1834
增添样本：339		细则：87, 0, 252	正确率估算：88.20%
类型1 正确率： 100.00% -> 1   99.95%, 2    0.05%, 3    0.00%
类型2 正确率： 100.00% -> 1    0.00%, 2   99.90%, 3    0.10%
类型3 正确率：  95.00% -> 1    0.00%, 2    4.58%, 3   95.42%

被排除样本 正确率：18.52%
类型1 正确率： 100.00% -> 1  100.00%, 2    0.00%
类型2 正确率：  18.00% -> 1   82.50%, 2   17.50%


轮次:··1/·20 || c_Loss:0.540 || e_Loss:-0.945 || Aad_Loss:-27.482 || 耗时：34.88s
轮次:··2/·20 || c_Loss:0.373 || e_Loss:-1.584 || Aad_Loss:-27.766 || 耗时：13.41s
轮次:··3/·20 || c_Loss:0.361 || e_Loss:-0.903 || Aad_Loss:-27.339 || 耗时：13.23s
轮次:··4/·20 || c_Loss:0.403 || e_Loss:-1.361 || Aad_Loss:-27.497 || 耗时：13.23s
轮次:··5/·20 || c_Loss:0.364 || e_Loss:-1.615 || Aad_Loss:-26.546 || 耗时：13.21s
任务: (B1)N15_M01_F10→(B2)N15_M07_F10; mix批次:····0; 批次:··470/·1880;  总正确率: 98.92%
类型1 正确率： 100.00% -> 1   99.95%, 2    0.05%, 3    0.00%
类型2 正确率： 100.00% -> 1    0.00%, 2   99.85%, 3    0.15%
类型3 正确率：  97.00% -> 1    0.00%, 2    3.05%, 3   96.95%


样本变换：reverse
样本变换：mask
样本变换：shift
样本变换：none
未过滤	未用伪标签：98.92% -> 使用伪标签：99.18%
已过滤	未用伪标签：99.11% -> 使用伪标签：99.52%
排除样本：20|6000	剩余：2002, 2015, 1963
增添样本：65		细则：13, 0, 52	正确率估算：100.00%
类型1 正确率： 100.00% -> 1  100.00%, 2    0.00%, 3    0.00%
类型2 正确率： 100.00% -> 1    0.10%, 2   99.70%, 3    0.20%
类型3 正确率：  99.00% -> 1    0.00%, 2    1.16%, 3   98.84%

被排除样本 正确率：40.00%
类型1 正确率： 100.00% -> 1  100.00%, 2    0.00%
类型2 正确率：  33.00% -> 1   66.67%, 2   33.33%


轮次:··6/·20 || c_Loss:0.380 || e_Loss:-0.912 || Aad_Loss:-29.943 || 耗时：34.48s
轮次:··7/·20 || c_Loss:0.412 || e_Loss:-0.889 || Aad_Loss:-27.760 || 耗时：13.33s
轮次:··8/·20 || c_Loss:0.386 || e_Loss:-0.929 || Aad_Loss:-29.514 || 耗时：13.35s
轮次:··9/·20 || c_Loss:0.374 || e_Loss:-1.358 || Aad_Loss:-30.569 || 耗时：13.31s
轮次:·10/·20 || c_Loss:0.385 || e_Loss:-0.972 || Aad_Loss:-29.004 || 耗时：13.32s
任务: (B1)N15_M01_F10→(B2)N15_M07_F10; mix批次:····0; 批次:··940/·1880;  总正确率: 99.22%
类型1 正确率： 100.00% -> 1   99.95%, 2    0.05%, 3    0.00%
类型2 正确率： 100.00% -> 1    0.00%, 2   99.85%, 3    0.15%
类型3 正确率：  98.00% -> 1    0.00%, 2    2.15%, 3   97.85%


样本变换：reverse
样本变换：mask
样本变换：shift
样本变换：none
未过滤	未用伪标签：99.22% -> 使用伪标签：99.18%
已过滤	未用伪标签：99.45% -> 使用伪标签：99.61%
排除样本：26|6000	剩余：2000, 2016, 1958
增添样本：74		细则：16, 0, 58	正确率估算：95.95%
类型1 正确率： 100.00% -> 1  100.00%, 2    0.00%, 3    0.00%
类型2 正确率： 100.00% -> 1    0.00%, 2   99.90%, 3    0.10%
类型3 正确率：  99.00% -> 1    0.00%, 2    1.06%, 3   98.94%

被排除样本 正确率：46.15%
类型1 正确率：  67.00% -> 1   66.67%, 2   33.33%
类型2 正确率：  43.00% -> 1   56.52%, 2   43.48%


轮次:·11/·20 || c_Loss:0.375 || e_Loss:-0.983 || Aad_Loss:-29.659 || 耗时：34.43s
轮次:·12/·20 || c_Loss:0.409 || e_Loss:-1.855 || Aad_Loss:-27.467 || 耗时：13.34s
轮次:·13/·20 || c_Loss:0.378 || e_Loss:-0.935 || Aad_Loss:-29.015 || 耗时：13.34s
轮次:·14/·20 || c_Loss:0.394 || e_Loss:-0.896 || Aad_Loss:-31.802 || 耗时：13.34s
轮次:·15/·20 || c_Loss:0.376 || e_Loss:-0.969 || Aad_Loss:-30.720 || 耗时：13.35s
任务: (B1)N15_M01_F10→(B2)N15_M07_F10; mix批次:····0; 批次:·1410/·1880;  总正确率: 99.58%
类型1 正确率： 100.00% -> 1  100.00%, 2    0.00%, 3    0.00%
类型2 正确率： 100.00% -> 1    0.00%, 2   99.80%, 3    0.20%
类型3 正确率：  99.00% -> 1    0.00%, 2    1.05%, 3   98.95%


样本变换：reverse
样本变换：mask
样本变换：shift
样本变换：none
未过滤	未用伪标签：99.58% -> 使用伪标签：99.53%
已过滤	未用伪标签：99.72% -> 使用伪标签：99.75%
排除样本：13|6000	剩余：2000, 2008, 1979
增添样本：37		细则：8, 0, 29	正确率估算：100.00%
类型1 正确率： 100.00% -> 1  100.00%, 2    0.00%, 3    0.00%
类型2 正确率： 100.00% -> 1    0.00%, 2   99.90%, 3    0.10%
类型3 正确率：  99.00% -> 1    0.00%, 2    0.65%, 3   99.35%

被排除样本 正确率：38.46%
类型1 正确率：  33.00% -> 1   33.33%, 2   66.67%
类型2 正确率：  40.00% -> 1   60.00%, 2   40.00%


轮次:·16/·20 || c_Loss:0.384 || e_Loss:-1.827 || Aad_Loss:-29.622 || 耗时：34.31s
轮次:·17/·20 || c_Loss:0.402 || e_Loss:-0.950 || Aad_Loss:-30.192 || 耗时：13.26s
轮次:·18/·20 || c_Loss:0.388 || e_Loss:-0.965 || Aad_Loss:-30.226 || 耗时：13.26s
轮次:·19/·20 || c_Loss:0.382 || e_Loss:-0.971 || Aad_Loss:-31.021 || 耗时：13.27s
轮次:·20/·20 || c_Loss:0.431 || e_Loss:-0.919 || Aad_Loss:-30.181 || 耗时：13.29s
任务: (B1)N15_M01_F10→(B2)N15_M07_F10; mix批次:····0; 批次:·1880/·1880;  总正确率: 99.63%
类型1 正确率： 100.00% -> 1  100.00%, 2    0.00%, 3    0.00%
类型2 正确率： 100.00% -> 1    0.00%, 2   99.80%, 3    0.20%
类型3 正确率：  99.00% -> 1    0.00%, 2    0.90%, 3   99.10%


测试集任务: (B1)N15_M01_F10→(B2)N15_M07_F10; 总正确率 = 99.63%
类型1 正确率： 100.00% -> 1  100.00%, 2    0.00%, 3    0.00%
类型2 正确率： 100.00% -> 1    0.00%, 2   99.80%, 3    0.20%
类型3 正确率：  99.00% -> 1    0.00%, 2    0.90%, 3   99.10%


