读取源域路径：/kaggle/working/k10/S04/weight_PU_M1_final_checkpoint_FS04toS04_s2024/NEW_PU/Source-源域/log&pt/(B1)N15_M01_F10
excel输出位置：/kaggle/working/k10/S04/weight_PU_M1_final_checkpoint_FS04toS04_s2024/NEW_PU/Target-目标域
特征图片输出位置：/kaggle/working/k10/S04/weight_PU_M1_final_checkpoint_FS04toS04_s2024/NEW_PU/Picture-特征图/2026年09月16日21时25分/(B1)N15_M01_F10
现在选取:(B1)N15_M01_F10 进行训练的源模型
现在进行：(B1)N15_M01_F10→(B3)N15_M07_F04 的迁移任务
log&pt输出位置：/kaggle/working/k10/S04/weight_PU_M1_final_checkpoint_FS04toS04_s2024/NEW_PU/Target-目标域/log&pt/(B1)N15_M01_F10→(B3)N15_M07_F04
任务: (B1)N15_M01_F10→(B3)N15_M07_F04; 批次:····0/·1880;  总正确率: 71.40%
类型1 正确率： 100.00% -> 1  100.00%, 2    0.00%, 3    0.00%
类型2 正确率： 100.00% -> 1    0.00%, 2   99.80%, 3    0.20%
类型3 正确率：  14.00% -> 1    0.65%, 2   84.95%, 3   14.40%


样本变换：reverse
样本变换：mask
样本变换：shift
样本变换：none
未过滤	未用伪标签：71.40% -> 使用伪标签：75.13%
已过滤	未用伪标签：71.63% -> 使用伪标签：76.07%
排除样本：74|6000	剩余：2021, 3322, 583
增添样本：4040		细则：1301, 0, 2739	正确率估算：82.01%
类型1 正确率： 100.00% -> 1  100.00%, 2    0.00%, 3    0.00%
类型2 正确率：  99.00% -> 1    0.00%, 2   98.78%, 3    1.22%
类型3 正确率：  29.00% -> 1    1.08%, 2   70.30%, 3   28.62%

被排除样本 正确率：52.70%
类型1 没有样本或未被分类。
类型2 正确率：  96.00% -> 1    0.00%, 2   96.30%, 3    3.70%
类型3 正确率：  28.00% -> 1   10.64%, 2   61.70%, 3   27.66%


轮次:··1/·20 || c_Loss:0.449 || e_Loss:-0.830 || Aad_Loss:-37.064 || 耗时：35.36s
轮次:··2/·20 || c_Loss:0.384 || e_Loss:-0.750 || Aad_Loss:-40.652 || 耗时：13.36s
轮次:··3/·20 || c_Loss:0.376 || e_Loss:-0.774 || Aad_Loss:-38.902 || 耗时：13.23s
轮次:··4/·20 || c_Loss:0.374 || e_Loss:-0.784 || Aad_Loss:-36.271 || 耗时：13.23s
轮次:··5/·20 || c_Loss:0.380 || e_Loss:-0.799 || Aad_Loss:-36.916 || 耗时：13.34s
任务: (B1)N15_M01_F10→(B3)N15_M07_F04; mix批次:····0; 批次:··470/·1880;  总正确率: 76.05%
类型1 正确率： 100.00% -> 1  100.00%, 2    0.00%, 3    0.00%
类型2 正确率：  99.00% -> 1    0.00%, 2   98.85%, 3    1.15%
类型3 正确率：  29.00% -> 1    2.30%, 2   68.40%, 3   29.30%


样本变换：reverse
样本变换：mask
样本变换：shift
样本变换：none
未过滤	未用伪标签：76.05% -> 使用伪标签：75.33%
已过滤	未用伪标签：76.12% -> 使用伪标签：75.74%
排除样本：32|6000	剩余：2077, 3356, 535
增添样本：4100		细则：1279, 0, 2821	正确率估算：98.90%
类型1 正确率： 100.00% -> 1  100.00%, 2    0.00%, 3    0.00%
类型2 正确率： 100.00% -> 1    0.00%, 2   99.75%, 3    0.25%
类型3 正确率：  27.00% -> 1    3.90%, 2   69.23%, 3   26.86%

被排除样本 正确率：62.50%
类型1 正确率：   0.00% -> 1    0.00%, 2  100.00%
类型2 正确率：  74.00% -> 1   25.93%, 2   74.07%


轮次:··6/·20 || c_Loss:0.382 || e_Loss:-0.877 || Aad_Loss:-34.353 || 耗时：35.17s
轮次:··7/·20 || c_Loss:0.401 || e_Loss:-1.594 || Aad_Loss:-33.748 || 耗时：13.28s
轮次:··8/·20 || c_Loss:0.394 || e_Loss:-0.839 || Aad_Loss:-35.311 || 耗时：13.22s
轮次:··9/·20 || c_Loss:0.381 || e_Loss:-0.907 || Aad_Loss:-31.131 || 耗时：13.24s
轮次:·10/·20 || c_Loss:0.385 || e_Loss:-1.532 || Aad_Loss:-38.940 || 耗时：13.35s
任务: (B1)N15_M01_F10→(B3)N15_M07_F04; mix批次:····0; 批次:··940/·1880;  总正确率: 75.97%
类型1 正确率： 100.00% -> 1  100.00%, 2    0.00%, 3    0.00%
类型2 正确率：  99.00% -> 1    0.00%, 2   99.10%, 3    0.90%
类型3 正确率：  29.00% -> 1    3.00%, 2   68.20%, 3   28.80%


样本变换：reverse
样本变换：mask
样本变换：shift
样本变换：none
未过滤	未用伪标签：75.97% -> 使用伪标签：75.38%
已过滤	未用伪标签：76.00% -> 使用伪标签：75.65%
排除样本：21|6000	剩余：2092, 3361, 526
增添样本：4104		细则：1269, 0, 2835	正确率估算：99.00%
类型1 正确率： 100.00% -> 1  100.00%, 2    0.00%, 3    0.00%
类型2 正确率： 100.00% -> 1    0.00%, 2   99.95%, 3    0.05%
类型3 正确率：  27.00% -> 1    4.65%, 2   68.84%, 3   26.52%

被排除样本 正确率：66.67%
类型1 正确率：   0.00% -> 1    0.00%, 2  100.00%
类型2 正确率：  70.00% -> 1   30.00%, 2   70.00%


轮次:·11/·20 || c_Loss:0.413 || e_Loss:-0.813 || Aad_Loss:-40.586 || 耗时：35.25s
轮次:·12/·20 || c_Loss:0.411 || e_Loss:-1.718 || Aad_Loss:-30.855 || 耗时：13.32s
轮次:·13/·20 || c_Loss:0.395 || e_Loss:-0.824 || Aad_Loss:-39.659 || 耗时：13.34s
轮次:·14/·20 || c_Loss:0.405 || e_Loss:-0.905 || Aad_Loss:-32.997 || 耗时：13.32s
轮次:·15/·20 || c_Loss:0.392 || e_Loss:-0.886 || Aad_Loss:-32.519 || 耗时：13.34s
任务: (B1)N15_M01_F10→(B3)N15_M07_F04; mix批次:····0; 批次:·1410/·1880;  总正确率: 75.85%
类型1 正确率： 100.00% -> 1  100.00%, 2    0.00%, 3    0.00%
类型2 正确率：  99.00% -> 1    0.00%, 2   99.15%, 3    0.85%
类型3 正确率：  28.00% -> 1    3.85%, 2   67.75%, 3   28.40%


样本变换：reverse
样本变换：mask
样本变换：shift
样本变换：none
未过滤	未用伪标签：75.85% -> 使用伪标签：75.10%
已过滤	未用伪标签：75.82% -> 使用伪标签：75.34%
排除样本：19|6000	剩余：2112, 3361, 508
增添样本：4102		细则：1249, 0, 2853	正确率估算：98.75%
类型1 正确率： 100.00% -> 1  100.00%, 2    0.00%, 3    0.00%
类型2 正确率： 100.00% -> 1    0.00%, 2   99.95%, 3    0.05%
类型3 正确率：  26.00% -> 1    5.65%, 2   68.75%, 3   25.59%

被排除样本 正确率：84.21%
类型1 没有样本或未被分类。
类型2 正确率：  84.00% -> 1   15.79%, 2   84.21%


轮次:·16/·20 || c_Loss:0.423 || e_Loss:-0.878 || Aad_Loss:-34.683 || 耗时：35.17s
轮次:·17/·20 || c_Loss:0.397 || e_Loss:-0.886 || Aad_Loss:-34.872 || 耗时：13.25s
轮次:·18/·20 || c_Loss:0.378 || e_Loss:-0.903 || Aad_Loss:-36.580 || 耗时：13.28s
轮次:·19/·20 || c_Loss:0.385 || e_Loss:-0.903 || Aad_Loss:-34.637 || 耗时：13.23s
轮次:·20/·20 || c_Loss:0.385 || e_Loss:-1.917 || Aad_Loss:-39.006 || 耗时：13.33s
任务: (B1)N15_M01_F10→(B3)N15_M07_F04; mix批次:····0; 批次:·1880/·1880;  总正确率: 75.75%
类型1 正确率： 100.00% -> 1  100.00%, 2    0.00%, 3    0.00%
类型2 正确率： 100.00% -> 1    0.00%, 2   99.75%, 3    0.25%
类型3 正确率：  28.00% -> 1    4.55%, 2   67.95%, 3   27.50%


测试集任务: (B1)N15_M01_F10→(B3)N15_M07_F04; 总正确率 = 75.75%
类型1 正确率： 100.00% -> 1  100.00%, 2    0.00%, 3    0.00%
类型2 正确率： 100.00% -> 1    0.00%, 2   99.75%, 3    0.25%
类型3 正确率：  28.00% -> 1    4.55%, 2   67.95%, 3   27.50%


