读取源域路径：/kaggle/working/k10/S04/weight_PU_M1_final_checkpoint_FS04toS04_s2024/NEW_PU/Source-源域/log&pt/(B2)N15_M07_F10
excel输出位置：/kaggle/working/k10/S04/weight_PU_M1_final_checkpoint_FS04toS04_s2024/NEW_PU/Target-目标域
特征图片输出位置：/kaggle/working/k10/S04/weight_PU_M1_final_checkpoint_FS04toS04_s2024/NEW_PU/Picture-特征图/2026年09月16日21时38分/(B2)N15_M07_F10
现在选取:(B2)N15_M07_F10 进行训练的源模型
现在进行：(B2)N15_M07_F10→(B3)N15_M07_F04 的迁移任务
log&pt输出位置：/kaggle/working/k10/S04/weight_PU_M1_final_checkpoint_FS04toS04_s2024/NEW_PU/Target-目标域/log&pt/(B2)N15_M07_F10→(B3)N15_M07_F04
任务: (B2)N15_M07_F10→(B3)N15_M07_F04; 批次:····0/·1880;  总正确率: 80.52%
类型1 正确率： 100.00% -> 1  100.00%, 2    0.00%, 3    0.00%
类型2 正确率：  91.00% -> 1    0.00%, 2   90.95%, 3    9.05%
类型3 正确率：  51.00% -> 1    1.75%, 2   47.65%, 3   50.60%


样本变换：reverse
样本变换：mask
样本变换：shift
样本变换：none
未过滤	未用伪标签：80.52% -> 使用伪标签：80.78%
已过滤	未用伪标签：81.11% -> 使用伪标签：82.35%
排除样本：114|6000	剩余：2047, 2583, 1256
增添样本：1863		细则：536, 0, 1327	正确率估算：91.69%
类型1 正确率： 100.00% -> 1  100.00%, 2    0.00%, 3    0.00%
类型2 正确率：  91.00% -> 1    0.00%, 2   90.61%, 3    9.39%
类型3 正确率：  56.00% -> 1    2.44%, 2   41.93%, 3   55.63%

被排除样本 正确率：50.00%
类型1 没有样本或未被分类。
类型2 正确率：  66.00% -> 1    0.00%, 2   65.85%, 3   34.15%
类型3 正确率：  41.00% -> 1    4.11%, 2   54.79%, 3   41.10%


轮次:··1/·20 || c_Loss:0.691 || e_Loss:-1.028 || Aad_Loss:-25.155 || 耗时：35.27s
轮次:··2/·20 || c_Loss:0.458 || e_Loss:-1.984 || Aad_Loss:-25.761 || 耗时：13.46s
轮次:··3/·20 || c_Loss:0.375 || e_Loss:-1.657 || Aad_Loss:-28.005 || 耗时：13.34s
轮次:··4/·20 || c_Loss:0.386 || e_Loss:-1.639 || Aad_Loss:-28.610 || 耗时：13.30s
轮次:··5/·20 || c_Loss:0.373 || e_Loss:-1.538 || Aad_Loss:-28.362 || 耗时：13.34s
任务: (B2)N15_M07_F10→(B3)N15_M07_F04; mix批次:····0; 批次:··470/·1880;  总正确率: 82.97%
类型1 正确率： 100.00% -> 1  100.00%, 2    0.00%, 3    0.00%
类型2 正确率：  90.00% -> 1    0.00%, 2   89.90%, 3   10.10%
类型3 正确率：  59.00% -> 1    1.90%, 2   39.10%, 3   59.00%


样本变换：reverse
样本变换：mask
样本变换：shift
样本变换：none
未过滤	未用伪标签：82.97% -> 使用伪标签：82.37%
已过滤	未用伪标签：83.26% -> 使用伪标签：83.06%
排除样本：50|6000	剩余：2061, 2506, 1383
增添样本：1568		细则：445, 0, 1123	正确率估算：99.04%
类型1 正确率： 100.00% -> 1  100.00%, 2    0.00%, 3    0.00%
类型2 正确率：  89.00% -> 1    0.00%, 2   89.39%, 3   10.61%
类型3 正确率：  60.00% -> 1    3.09%, 2   37.39%, 3   59.51%

被排除样本 正确率：48.00%
类型1 正确率：  81.00% -> 1   80.95%, 2   19.05%
类型2 正确率：  24.00% -> 1   75.86%, 2   24.14%


轮次:··6/·20 || c_Loss:0.363 || e_Loss:-0.938 || Aad_Loss:-28.856 || 耗时：35.08s
轮次:··7/·20 || c_Loss:0.371 || e_Loss:-1.866 || Aad_Loss:-29.755 || 耗时：13.33s
轮次:··8/·20 || c_Loss:0.392 || e_Loss:-1.794 || Aad_Loss:-29.303 || 耗时：13.30s
轮次:··9/·20 || c_Loss:0.372 || e_Loss:-0.942 || Aad_Loss:-29.379 || 耗时：13.26s
轮次:·10/·20 || c_Loss:0.375 || e_Loss:-1.509 || Aad_Loss:-29.641 || 耗时：13.35s
任务: (B2)N15_M07_F10→(B3)N15_M07_F04; mix批次:····0; 批次:··940/·1880;  总正确率: 82.75%
类型1 正确率： 100.00% -> 1  100.00%, 2    0.00%, 3    0.00%
类型2 正确率：  88.00% -> 1    0.00%, 2   87.95%, 3   12.05%
类型3 正确率：  60.00% -> 1    3.60%, 2   36.10%, 3   60.30%


样本变换：reverse
样本变换：mask
样本变换：shift
样本变换：none
未过滤	未用伪标签：82.75% -> 使用伪标签：82.55%
已过滤	未用伪标签：82.91% -> 使用伪标签：82.91%
排除样本：26|6000	剩余：2088, 2466, 1420
增添样本：1424		细则：378, 0, 1046	正确率估算：99.72%
类型1 正确率： 100.00% -> 1  100.00%, 2    0.00%, 3    0.00%
类型2 正确率：  89.00% -> 1    0.00%, 2   88.54%, 3   11.46%
类型3 正确率：  60.00% -> 1    4.43%, 2   35.52%, 3   60.05%

被排除样本 正确率：46.15%
类型1 正确率：  45.00% -> 1   45.45%, 2   54.55%
类型2 正确率：  47.00% -> 1   53.33%, 2   46.67%


轮次:·11/·20 || c_Loss:0.378 || e_Loss:-0.964 || Aad_Loss:-29.671 || 耗时：34.95s
轮次:·12/·20 || c_Loss:0.407 || e_Loss:-0.929 || Aad_Loss:-27.875 || 耗时：13.34s
轮次:·13/·20 || c_Loss:0.389 || e_Loss:-1.634 || Aad_Loss:-29.609 || 耗时：13.37s
轮次:·14/·20 || c_Loss:0.386 || e_Loss:-0.975 || Aad_Loss:-29.883 || 耗时：13.36s
轮次:·15/·20 || c_Loss:0.404 || e_Loss:-0.951 || Aad_Loss:-30.162 || 耗时：13.36s
任务: (B2)N15_M07_F10→(B3)N15_M07_F04; mix批次:····0; 批次:·1410/·1880;  总正确率: 82.85%
类型1 正确率： 100.00% -> 1  100.00%, 2    0.00%, 3    0.00%
类型2 正确率：  88.00% -> 1    0.00%, 2   88.50%, 3   11.50%
类型3 正确率：  60.00% -> 1    4.25%, 2   35.70%, 3   60.05%


样本变换：reverse
样本变换：mask
样本变换：shift
样本变换：none
未过滤	未用伪标签：82.85% -> 使用伪标签：82.53%
已过滤	未用伪标签：82.98% -> 使用伪标签：82.93%
排除样本：29|6000	剩余：2091, 2467, 1413
增添样本：1430		细则：376, 0, 1054	正确率估算：99.79%
类型1 正确率： 100.00% -> 1  100.00%, 2    0.00%, 3    0.00%
类型2 正确率：  89.00% -> 1    0.00%, 2   88.77%, 3   11.23%
类型3 正确率：  60.00% -> 1    4.58%, 2   35.50%, 3   59.92%

被排除样本 正确率：55.17%
类型1 没有样本或未被分类。
类型2 正确率：  67.00% -> 1    0.00%, 2   66.67%, 3   33.33%
类型3 正确率：  43.00% -> 1   14.29%, 2   42.86%, 3   42.86%


轮次:·16/·20 || c_Loss:0.399 || e_Loss:-0.903 || Aad_Loss:-31.678 || 耗时：35.18s
轮次:·17/·20 || c_Loss:0.381 || e_Loss:-0.957 || Aad_Loss:-29.379 || 耗时：13.23s
轮次:·18/·20 || c_Loss:0.376 || e_Loss:-1.563 || Aad_Loss:-29.371 || 耗时：13.21s
轮次:·19/·20 || c_Loss:0.394 || e_Loss:-0.936 || Aad_Loss:-29.824 || 耗时：13.23s
轮次:·20/·20 || c_Loss:0.381 || e_Loss:-0.931 || Aad_Loss:-31.684 || 耗时：13.24s
任务: (B2)N15_M07_F10→(B3)N15_M07_F04; mix批次:····0; 批次:·1880/·1880;  总正确率: 82.80%
类型1 正确率： 100.00% -> 1  100.00%, 2    0.00%, 3    0.00%
类型2 正确率：  89.00% -> 1    0.00%, 2   88.60%, 3   11.40%
类型3 正确率：  60.00% -> 1    4.50%, 2   35.70%, 3   59.80%


测试集任务: (B2)N15_M07_F10→(B3)N15_M07_F04; 总正确率 = 82.80%
类型1 正确率： 100.00% -> 1  100.00%, 2    0.00%, 3    0.00%
类型2 正确率：  89.00% -> 1    0.00%, 2   88.60%, 3   11.40%
类型3 正确率：  60.00% -> 1    4.50%, 2   35.70%, 3   59.80%


