读取源域路径：/kaggle/working/m2/weight_PU_M1_final_checkpoint_FAtoB_gateeagle_s2024/NEW_PU/Source-源域/log&pt/(B1)N15_M01_F10
excel输出位置：/kaggle/working/m2/weight_PU_M1_final_checkpoint_FAtoB_gateeagle_s2024/NEW_PU/Target-目标域
特征图片输出位置：/kaggle/working/m2/weight_PU_M1_final_checkpoint_FAtoB_gateeagle_s2024/NEW_PU/Picture-特征图/2026年09月14日00时36分/(B1)N15_M01_F10
现在选取:(B1)N15_M01_F10 进行训练的源模型
现在进行：(B1)N15_M01_F10→(B2)N15_M07_F10 的迁移任务
log&pt输出位置：/kaggle/working/m2/weight_PU_M1_final_checkpoint_FAtoB_gateeagle_s2024/NEW_PU/Target-目标域/log&pt/(B1)N15_M01_F10→(B2)N15_M07_F10
任务: (B1)N15_M01_F10→(B2)N15_M07_F10; 批次:····0/·1880;  总正确率: 65.12%
类型1 正确率：  59.00% -> 1   59.00%, 2   40.90%, 3    0.10%
类型2 正确率：  87.00% -> 1    0.00%, 2   86.65%, 3   13.35%
类型3 正确率：  50.00% -> 1    0.00%, 2   50.30%, 3   49.70%


样本变换：reverse
样本变换：mask
样本变换：shift
样本变换：none
未过滤	未用伪标签：65.12% -> 使用伪标签：75.98%
已过滤	未用伪标签：65.72% -> 使用伪标签：77.13%
排除样本：89|6000	剩余：1847, 2827, 1237
增添样本：3248		细则：1343, 0, 1905	正确率估算：72.76%
类型1 正确率：  94.00% -> 1   94.14%, 2    5.86%, 3    0.00%
类型2 正确率：  88.00% -> 1    0.00%, 2   87.84%, 3   12.16%
类型3 正确率：  50.00% -> 1    0.00%, 2   50.00%, 3   50.00%

被排除样本 正确率：24.72%
类型1 正确率：   0.00% -> 1    0.00%, 2  100.00%, 3    0.00%
类型2 正确率：  43.00% -> 1    0.00%, 2   43.14%, 3   56.86%
类型3 没有样本或未被分类。


轮次:··1/·20 || c_Loss:0.546 || e_Loss:-1.249 || Aad_Loss:-26.215 || 耗时：35.98s
轮次:··2/·20 || c_Loss:0.382 || e_Loss:-1.240 || Aad_Loss:-32.336 || 耗时：13.25s
轮次:··3/·20 || c_Loss:0.408 || e_Loss:-1.301 || Aad_Loss:-25.951 || 耗时：12.87s
轮次:··4/·20 || c_Loss:0.363 || e_Loss:-1.567 || Aad_Loss:-28.736 || 耗时：12.82s
轮次:··5/·20 || c_Loss:0.416 || e_Loss:-1.238 || Aad_Loss:-23.412 || 耗时：12.77s
任务: (B1)N15_M01_F10→(B2)N15_M07_F10; mix批次:····0; 批次:··470/·1880;  总正确率: 81.97%
类型1 正确率：  99.00% -> 1   99.40%, 2    0.55%, 3    0.05%
类型2 正确率：  96.00% -> 1    0.00%, 2   96.50%, 3    3.50%
类型3 正确率：  50.00% -> 1    0.00%, 2   50.00%, 3   50.00%


样本变换：reverse
样本变换：mask
样本变换：shift
样本变换：none
未过滤	未用伪标签：81.97% -> 使用伪标签：83.32%
已过滤	未用伪标签：81.97% -> 使用伪标签：83.32%
排除样本：1999|6000	剩余：3001, 1000
增添样本：3466		细则：1365, 0, 2101	正确率估算：99.74%
类型1 正确率： 100.00% -> 1   99.95%, 2    0.05%, 3    0.00%
类型2 正确率： 100.00% -> 1    0.00%, 2  100.00%, 3    0.00%
类型3 正确率：  50.00% -> 1    0.00%, 2   50.00%, 3   50.00%

被排除样本 正确率：nan%


轮次:··6/·20 || c_Loss:0.368 || e_Loss:-1.776 || Aad_Loss:-29.127 || 耗时：34.99s
轮次:··7/·20 || c_Loss:0.367 || e_Loss:-0.733 || Aad_Loss:-35.104 || 耗时：13.21s
轮次:··8/·20 || c_Loss:0.357 || e_Loss:-0.781 || Aad_Loss:-33.743 || 耗时：13.07s
轮次:··9/·20 || c_Loss:0.362 || e_Loss:-1.711 || Aad_Loss:-32.313 || 耗时：13.11s
轮次:·10/·20 || c_Loss:0.334 || e_Loss:-1.263 || Aad_Loss:-31.064 || 耗时：13.00s
任务: (B1)N15_M01_F10→(B2)N15_M07_F10; mix批次:····0; 批次:··940/·1880;  总正确率: 83.07%
类型1 正确率：  99.00% -> 1   99.20%, 2    0.15%, 3    0.65%
类型2 正确率： 100.00% -> 1    0.00%, 2  100.00%, 3    0.00%
类型3 正确率：  50.00% -> 1    0.00%, 2   50.00%, 3   50.00%


样本变换：reverse
样本变换：mask
样本变换：shift
样本变换：none
未过滤	未用伪标签：83.07% -> 使用伪标签：83.33%
已过滤	未用伪标签：83.07% -> 使用伪标签：83.33%
排除样本：2000|6000	剩余：3000, 1000
增添样本：3463		细则：1363, 0, 2100	正确率估算：99.78%
类型1 正确率： 100.00% -> 1  100.00%, 2    0.00%, 3    0.00%
类型2 正确率： 100.00% -> 1    0.00%, 2  100.00%, 3    0.00%
类型3 正确率：  50.00% -> 1    0.00%, 2   50.00%, 3   50.00%

被排除样本 正确率：nan%


轮次:·11/·20 || c_Loss:0.347 || e_Loss:-1.635 || Aad_Loss:-29.003 || 耗时：34.59s
轮次:·12/·20 || c_Loss:0.360 || e_Loss:-1.453 || Aad_Loss:-32.909 || 耗时：13.09s
轮次:·13/·20 || c_Loss:0.361 || e_Loss:-1.443 || Aad_Loss:-33.688 || 耗时：13.20s
轮次:·14/·20 || c_Loss:0.350 || e_Loss:-1.451 || Aad_Loss:-29.248 || 耗时：13.31s
轮次:·15/·20 || c_Loss:0.358 || e_Loss:-1.374 || Aad_Loss:-31.788 || 耗时：13.08s
任务: (B1)N15_M01_F10→(B2)N15_M07_F10; mix批次:····0; 批次:·1410/·1880;  总正确率: 82.58%
类型1 正确率：  98.00% -> 1   97.75%, 2    1.35%, 3    0.90%
类型2 正确率： 100.00% -> 1    0.00%, 2  100.00%, 3    0.00%
类型3 正确率：  50.00% -> 1    0.00%, 2   50.00%, 3   50.00%


样本变换：reverse
样本变换：mask
样本变换：shift
样本变换：none
未过滤	未用伪标签：82.58% -> 使用伪标签：83.33%
已过滤	未用伪标签：82.58% -> 使用伪标签：83.33%
排除样本：2000|6000	剩余：3000, 1000
增添样本：3463		细则：1363, 0, 2100	正确率估算：99.34%
类型1 正确率： 100.00% -> 1  100.00%, 2    0.00%, 3    0.00%
类型2 正确率： 100.00% -> 1    0.00%, 2  100.00%, 3    0.00%
类型3 正确率：  50.00% -> 1    0.00%, 2   50.00%, 3   50.00%

被排除样本 正确率：nan%


轮次:·16/·20 || c_Loss:0.349 || e_Loss:-1.669 || Aad_Loss:-29.173 || 耗时：34.67s
轮次:·17/·20 || c_Loss:0.359 || e_Loss:-1.493 || Aad_Loss:-33.113 || 耗时：13.04s
轮次:·18/·20 || c_Loss:0.363 || e_Loss:-1.466 || Aad_Loss:-34.082 || 耗时：13.08s
轮次:·19/·20 || c_Loss:0.351 || e_Loss:-1.476 || Aad_Loss:-29.402 || 耗时：13.23s
轮次:·20/·20 || c_Loss:0.360 || e_Loss:-1.386 || Aad_Loss:-31.921 || 耗时：13.15s
任务: (B1)N15_M01_F10→(B2)N15_M07_F10; mix批次:····0; 批次:·1880/·1880;  总正确率: 82.38%
类型1 正确率：  97.00% -> 1   97.15%, 2    1.70%, 3    1.15%
类型2 正确率： 100.00% -> 1    0.00%, 2  100.00%, 3    0.00%
类型3 正确率：  50.00% -> 1    0.00%, 2   50.00%, 3   50.00%


测试集任务: (B1)N15_M01_F10→(B2)N15_M07_F10; 总正确率 = 82.38%
类型1 正确率：  97.00% -> 1   97.15%, 2    1.70%, 3    1.15%
类型2 正确率： 100.00% -> 1    0.00%, 2  100.00%, 3    0.00%
类型3 正确率：  50.00% -> 1    0.00%, 2   50.00%, 3   50.00%


