读取源域路径：/kaggle/working/m2/weight_PU_M1_final_checkpoint_FAtoB_gateeagle_s2024/NEW_PU/Source-源域/log&pt/(B1)N15_M01_F10
excel输出位置：/kaggle/working/m2/weight_PU_M1_final_checkpoint_FAtoB_gateeagle_s2024/NEW_PU/Target-目标域
特征图片输出位置：/kaggle/working/m2/weight_PU_M1_final_checkpoint_FAtoB_gateeagle_s2024/NEW_PU/Picture-特征图/2026年09月14日00时42分/(B1)N15_M01_F10
现在选取:(B1)N15_M01_F10 进行训练的源模型
现在进行：(B1)N15_M01_F10→(B3)N15_M07_F04 的迁移任务
log&pt输出位置：/kaggle/working/m2/weight_PU_M1_final_checkpoint_FAtoB_gateeagle_s2024/NEW_PU/Target-目标域/log&pt/(B1)N15_M01_F10→(B3)N15_M07_F04
任务: (B1)N15_M01_F10→(B3)N15_M07_F04; 批次:····0/·1880;  总正确率: 69.28%
类型1 正确率：  73.00% -> 1   73.20%, 2   26.65%, 3    0.15%
类型2 正确率：  82.00% -> 1    0.00%, 2   81.50%, 3   18.50%
类型3 正确率：  53.00% -> 1    4.00%, 2   42.85%, 3   53.15%


样本变换：reverse
样本变换：mask
样本变换：shift
样本变换：none
未过滤	未用伪标签：69.28% -> 使用伪标签：75.07%
已过滤	未用伪标签：69.28% -> 使用伪标签：77.22%
排除样本：167|6000	剩余：2095, 2298, 1440
增添样本：2611		细则：1485, 0, 1126	正确率估算：76.00%
类型1 正确率： 100.00% -> 1  100.00%, 2    0.00%, 3    0.00%
类型2 正确率：  77.00% -> 1    0.00%, 2   77.32%, 3   22.68%
类型3 正确率：  53.00% -> 1    5.09%, 2   41.96%, 3   52.94%

被排除样本 正确率：69.46%
类型1 正确率：   0.00% -> 1    0.00%, 2  100.00%, 3    0.00%
类型2 正确率：  78.00% -> 1    0.00%, 2   78.43%, 3   21.57%
类型3 正确率：  66.00% -> 1   22.61%, 2   11.30%, 3   66.09%


轮次:··1/·20 || c_Loss:0.617 || e_Loss:-1.094 || Aad_Loss:-18.243 || 耗时：34.66s
轮次:··2/·20 || c_Loss:0.456 || e_Loss:-1.230 || Aad_Loss:-17.942 || 耗时：13.25s
轮次:··3/·20 || c_Loss:0.424 || e_Loss:-1.221 || Aad_Loss:-16.598 || 耗时：13.22s
轮次:··4/·20 || c_Loss:0.430 || e_Loss:-1.586 || Aad_Loss:-20.410 || 耗时：13.17s
轮次:··5/·20 || c_Loss:0.461 || e_Loss:-1.413 || Aad_Loss:-23.272 || 耗时：13.16s
任务: (B1)N15_M01_F10→(B3)N15_M07_F04; mix批次:····0; 批次:··470/·1880;  总正确率: 77.93%
类型1 正确率：  98.00% -> 1   98.35%, 2    0.05%, 3    1.60%
类型2 正确率：  85.00% -> 1    0.00%, 2   85.45%, 3   14.55%
类型3 正确率：  50.00% -> 1    7.35%, 2   42.65%, 3   50.00%


样本变换：reverse
样本变换：mask
样本变换：shift
样本变换：none
未过滤	未用伪标签：77.93% -> 使用伪标签：80.80%
已过滤	未用伪标签：78.13% -> 使用伪标签：81.19%
排除样本：29|6000	剩余：2187, 2653, 1131
增添样本：3244		细则：1755, 0, 1489	正确率估算：97.04%
类型1 正确率： 100.00% -> 1  100.00%, 2    0.00%, 3    0.00%
类型2 正确率：  93.00% -> 1    0.00%, 2   93.34%, 3    6.66%
类型3 正确率：  50.00% -> 1    9.40%, 2   40.40%, 3   50.20%

被排除样本 正确率：37.93%
类型1 正确率：  58.00% -> 1   57.89%, 2   42.11%
类型2 正确率：   0.00% -> 1  100.00%, 2    0.00%


轮次:··6/·20 || c_Loss:0.436 || e_Loss:-1.605 || Aad_Loss:-19.691 || 耗时：34.69s
轮次:··7/·20 || c_Loss:0.481 || e_Loss:-1.489 || Aad_Loss:-23.474 || 耗时：13.11s
轮次:··8/·20 || c_Loss:0.452 || e_Loss:-1.555 || Aad_Loss:-24.538 || 耗时：13.11s
轮次:··9/·20 || c_Loss:0.397 || e_Loss:-1.626 || Aad_Loss:-25.778 || 耗时：13.16s
轮次:·10/·20 || c_Loss:0.478 || e_Loss:-1.639 || Aad_Loss:-23.661 || 耗时：13.27s
任务: (B1)N15_M01_F10→(B3)N15_M07_F04; mix批次:····0; 批次:··940/·1880;  总正确率: 81.03%
类型1 正确率：  99.00% -> 1   98.70%, 2    0.50%, 3    0.80%
类型2 正确率：  94.00% -> 1    0.00%, 2   94.45%, 3    5.55%
类型3 正确率：  50.00% -> 1    7.35%, 2   42.70%, 3   49.95%


样本变换：reverse
样本变换：mask
样本变换：shift
样本变换：none
未过滤	未用伪标签：81.03% -> 使用伪标签：81.32%
已过滤	未用伪标签：81.15% -> 使用伪标签：81.62%
排除样本：22|6000	剩余：2194, 2680, 1104
增添样本：3293		细则：1770, 0, 1523	正确率估算：97.29%
类型1 正确率： 100.00% -> 1  100.00%, 2    0.00%, 3    0.00%
类型2 正确率：  95.00% -> 1    0.00%, 2   94.71%, 3    5.29%
类型3 正确率：  50.00% -> 1    9.73%, 2   40.14%, 3   50.13%

被排除样本 正确率：50.00%
类型1 正确率：  73.00% -> 1   73.33%, 2   26.67%
类型2 正确率：   0.00% -> 1  100.00%, 2    0.00%


轮次:·11/·20 || c_Loss:0.420 || e_Loss:-1.676 || Aad_Loss:-22.913 || 耗时：34.67s
轮次:·12/·20 || c_Loss:0.434 || e_Loss:-1.510 || Aad_Loss:-23.262 || 耗时：13.05s
轮次:·13/·20 || c_Loss:0.425 || e_Loss:-1.474 || Aad_Loss:-25.810 || 耗时：13.05s
轮次:·14/·20 || c_Loss:0.395 || e_Loss:-1.627 || Aad_Loss:-27.087 || 耗时：13.08s
轮次:·15/·20 || c_Loss:0.409 || e_Loss:-1.609 || Aad_Loss:-25.593 || 耗时：13.15s
任务: (B1)N15_M01_F10→(B3)N15_M07_F04; mix批次:····0; 批次:·1410/·1880;  总正确率: 81.38%
类型1 正确率： 100.00% -> 1   99.75%, 2    0.05%, 3    0.20%
类型2 正确率：  94.00% -> 1    0.00%, 2   94.45%, 3    5.55%
类型3 正确率：  50.00% -> 1    8.55%, 2   41.50%, 3   49.95%


样本变换：reverse
样本变换：mask
样本变换：shift
样本变换：none
未过滤	未用伪标签：81.38% -> 使用伪标签：81.33%
已过滤	未用伪标签：81.52% -> 使用伪标签：81.61%
排除样本：20|6000	剩余：2209, 2666, 1105
增添样本：3251		细则：1742, 0, 1509	正确率估算：97.92%
类型1 正确率： 100.00% -> 1  100.00%, 2    0.00%, 3    0.00%
类型2 正确率：  95.00% -> 1    0.00%, 2   94.67%, 3    5.33%
类型3 正确率：  50.00% -> 1   10.49%, 2   39.39%, 3   50.13%

被排除样本 正确率：40.00%
类型1 正确率：  62.00% -> 1   61.54%, 2   38.46%
类型2 正确率：   0.00% -> 1  100.00%, 2    0.00%


轮次:·16/·20 || c_Loss:0.481 || e_Loss:-1.574 || Aad_Loss:-23.722 || 耗时：34.71s
轮次:·17/·20 || c_Loss:0.414 || e_Loss:-1.691 || Aad_Loss:-26.398 || 耗时：13.11s
轮次:·18/·20 || c_Loss:0.521 || e_Loss:-1.597 || Aad_Loss:-21.211 || 耗时：13.10s
轮次:·19/·20 || c_Loss:0.399 || e_Loss:-1.569 || Aad_Loss:-27.063 || 耗时：13.13s
轮次:·20/·20 || c_Loss:0.414 || e_Loss:-1.521 || Aad_Loss:-24.150 || 耗时：13.18s
任务: (B1)N15_M01_F10→(B3)N15_M07_F04; mix批次:····0; 批次:·1880/·1880;  总正确率: 81.27%
类型1 正确率： 100.00% -> 1   99.90%, 2    0.05%, 3    0.05%
类型2 正确率：  94.00% -> 1    0.00%, 2   93.95%, 3    6.05%
类型3 正确率：  50.00% -> 1    9.40%, 2   40.65%, 3   49.95%


测试集任务: (B1)N15_M01_F10→(B3)N15_M07_F04; 总正确率 = 81.27%
类型1 正确率： 100.00% -> 1   99.90%, 2    0.05%, 3    0.05%
类型2 正确率：  94.00% -> 1    0.00%, 2   93.95%, 3    6.05%
类型3 正确率：  50.00% -> 1    9.40%, 2   40.65%, 3   49.95%


