读取源域路径：/kaggle/working/m2/weight_PU_M1_final_checkpoint_FAtoB_gateeagle_s2024/NEW_PU/Source-源域/log&pt/(B3)N15_M07_F04
excel输出位置：/kaggle/working/m2/weight_PU_M1_final_checkpoint_FAtoB_gateeagle_s2024/NEW_PU/Target-目标域
特征图片输出位置：/kaggle/working/m2/weight_PU_M1_final_checkpoint_FAtoB_gateeagle_s2024/NEW_PU/Picture-特征图/2026年09月14日01时06分/(B3)N15_M07_F04
现在选取:(B3)N15_M07_F04 进行训练的源模型
现在进行：(B3)N15_M07_F04→(B2)N15_M07_F10 的迁移任务
log&pt输出位置：/kaggle/working/m2/weight_PU_M1_final_checkpoint_FAtoB_gateeagle_s2024/NEW_PU/Target-目标域/log&pt/(B3)N15_M07_F04→(B2)N15_M07_F10
任务: (B3)N15_M07_F04→(B2)N15_M07_F10; 批次:····0/·1880;  总正确率: 44.37%
类型1 正确率：  40.00% -> 1   40.05%, 2   59.85%, 3    0.10%
类型2 正确率：  42.00% -> 1    0.00%, 2   41.80%, 3   58.20%
类型3 正确率：  51.00% -> 1    0.00%, 2   48.75%, 3   51.25%


样本变换：reverse
样本变换：mask
样本变换：shift
样本变换：none
未过滤	未用伪标签：44.37% -> 使用伪标签：38.60%
已过滤	未用伪标签：43.74% -> 使用伪标签：39.56%
排除样本：145|6000	剩余：661, 2942, 2252
增添样本：3827		细则：2643, 0, 1184	正确率估算：95.68%
类型1 正确率：  33.00% -> 1   33.18%, 2   66.82%, 3    0.00%
类型2 正确率：  34.00% -> 1    0.00%, 2   34.11%, 3   65.89%
类型3 正确率：  51.00% -> 1    0.00%, 2   48.89%, 3   51.11%

被排除样本 正确率：69.66%
类型1 正确率： 100.00% -> 1  100.00%, 2    0.00%, 3    0.00%
类型2 正确率：  69.00% -> 1    0.00%, 2   68.60%, 3   31.40%
类型3 正确率：  62.00% -> 1    0.00%, 2   37.50%, 3   62.50%


轮次:··1/·20 || c_Loss:0.479 || e_Loss:-1.087 || Aad_Loss:-26.937 || 耗时：34.48s
轮次:··2/·20 || c_Loss:0.388 || e_Loss:-1.287 || Aad_Loss:-28.275 || 耗时：13.29s
轮次:··3/·20 || c_Loss:0.349 || e_Loss:-1.240 || Aad_Loss:-30.198 || 耗时：13.19s
轮次:··4/·20 || c_Loss:0.378 || e_Loss:-1.468 || Aad_Loss:-32.982 || 耗时：13.14s
轮次:··5/·20 || c_Loss:0.445 || e_Loss:-1.334 || Aad_Loss:-29.061 || 耗时：13.05s
任务: (B3)N15_M07_F04→(B2)N15_M07_F10; mix批次:····0; 批次:··470/·1880;  总正确率: 44.75%
类型1 正确率：  33.00% -> 1   32.65%, 2   67.30%, 3    0.05%
类型2 正确率：  52.00% -> 1    0.05%, 2   51.80%, 3   48.15%
类型3 正确率：  50.00% -> 1    0.00%, 2   50.20%, 3   49.80%


样本变换：reverse
样本变换：mask
样本变换：shift
样本变换：none
未过滤	未用伪标签：44.75% -> 使用伪标签：44.83%
已过滤	未用伪标签：44.87% -> 使用伪标签：45.29%
排除样本：61|6000	剩余：660, 3374, 1905
增添样本：4687		细则：3077, 0, 1610	正确率估算：99.16%
类型1 正确率：  33.00% -> 1   33.00%, 2   67.00%, 3    0.00%
类型2 正确率：  53.00% -> 1    0.00%, 2   53.22%, 3   46.78%
类型3 正确率：  50.00% -> 1    0.00%, 2   50.10%, 3   49.90%

被排除样本 正确率：32.79%
类型1 正确率：  34.00% -> 1   33.90%, 2   66.10%
类型2 正确率：   0.00% -> 1  100.00%, 2    0.00%


轮次:··6/·20 || c_Loss:0.450 || e_Loss:-1.361 || Aad_Loss:-30.223 || 耗时：34.53s
轮次:··7/·20 || c_Loss:0.546 || e_Loss:-1.509 || Aad_Loss:-27.178 || 耗时：13.18s
轮次:··8/·20 || c_Loss:0.408 || e_Loss:-1.418 || Aad_Loss:-36.708 || 耗时：13.15s
轮次:··9/·20 || c_Loss:0.447 || e_Loss:-1.310 || Aad_Loss:-29.696 || 耗时：13.22s
轮次:·10/·20 || c_Loss:0.405 || e_Loss:-1.404 || Aad_Loss:-36.187 || 耗时：13.31s
任务: (B3)N15_M07_F04→(B2)N15_M07_F10; mix批次:····0; 批次:··940/·1880;  总正确率: 43.53%
类型1 正确率：  29.00% -> 1   28.85%, 2   70.95%, 3    0.20%
类型2 正确率：  52.00% -> 1    0.00%, 2   51.80%, 3   48.20%
类型3 正确率：  50.00% -> 1    0.00%, 2   50.05%, 3   49.95%


样本变换：reverse
样本变换：mask
样本变换：shift
样本变换：none
未过滤	未用伪标签：43.53% -> 使用伪标签：43.68%
已过滤	未用伪标签：43.05% -> 使用伪标签：44.15%
排除样本：63|6000	剩余：660, 3302, 1975
增添样本：4449		细则：3005, 0, 1444	正确率估算：98.16%
类型1 正确率：  33.00% -> 1   33.00%, 2   67.00%, 3    0.00%
类型2 正确率：  50.00% -> 1    0.00%, 2   49.64%, 3   50.36%
类型3 正确率：  50.00% -> 1    0.00%, 2   50.03%, 3   49.97%

被排除样本 正确率：88.89%
类型1 正确率：  90.00% -> 1   90.32%, 2    9.68%
类型2 正确率：   0.00% -> 1  100.00%, 2    0.00%


轮次:·11/·20 || c_Loss:0.489 || e_Loss:-1.332 || Aad_Loss:-32.659 || 耗时：34.63s
轮次:·12/·20 || c_Loss:0.397 || e_Loss:-1.544 || Aad_Loss:-36.478 || 耗时：13.08s
轮次:·13/·20 || c_Loss:0.440 || e_Loss:-0.737 || Aad_Loss:-35.229 || 耗时：13.08s
轮次:·14/·20 || c_Loss:0.422 || e_Loss:-1.661 || Aad_Loss:-37.401 || 耗时：13.12s
轮次:·15/·20 || c_Loss:0.397 || e_Loss:-1.129 || Aad_Loss:-37.018 || 耗时：13.17s
任务: (B3)N15_M07_F04→(B2)N15_M07_F10; mix批次:····0; 批次:·1410/·1880;  总正确率: 41.17%
类型1 正确率：  27.00% -> 1   27.10%, 2   72.70%, 3    0.20%
类型2 正确率：  46.00% -> 1    0.00%, 2   46.45%, 3   53.55%
类型3 正确率：  50.00% -> 1    0.00%, 2   50.05%, 3   49.95%


样本变换：reverse
样本变换：mask
样本变换：shift
样本变换：none
未过滤	未用伪标签：41.17% -> 使用伪标签：41.93%
已过滤	未用伪标签：40.54% -> 使用伪标签：42.41%
排除样本：68|6000	剩余：660, 3197, 2075
增添样本：4143		细则：2900, 0, 1243	正确率估算：96.56%
类型1 正确率：  33.00% -> 1   33.00%, 2   67.00%, 3    0.00%
类型2 正确率：  44.00% -> 1    0.00%, 2   44.34%, 3   55.66%
类型3 正确率：  50.00% -> 1    0.00%, 2   50.03%, 3   49.97%

被排除样本 正确率：95.59%
类型1 正确率：  97.00% -> 1   97.01%, 2    2.99%
类型2 正确率：   0.00% -> 1  100.00%, 2    0.00%


轮次:·16/·20 || c_Loss:0.418 || e_Loss:-1.557 || Aad_Loss:-37.966 || 耗时：34.51s
轮次:·17/·20 || c_Loss:0.404 || e_Loss:-1.615 || Aad_Loss:-35.579 || 耗时：13.22s
轮次:·18/·20 || c_Loss:0.440 || e_Loss:-1.341 || Aad_Loss:-30.965 || 耗时：13.21s
轮次:·19/·20 || c_Loss:0.395 || e_Loss:-1.394 || Aad_Loss:-38.082 || 耗时：13.25s
轮次:·20/·20 || c_Loss:0.442 || e_Loss:-1.488 || Aad_Loss:-34.282 || 耗时：13.27s
任务: (B3)N15_M07_F04→(B2)N15_M07_F10; mix批次:····0; 批次:·1880/·1880;  总正确率: 41.08%
类型1 正确率：  26.00% -> 1   26.25%, 2   73.75%, 3    0.00%
类型2 正确率：  47.00% -> 1    0.00%, 2   47.05%, 3   52.95%
类型3 正确率：  50.00% -> 1    0.00%, 2   50.05%, 3   49.95%


测试集任务: (B3)N15_M07_F04→(B2)N15_M07_F10; 总正确率 = 41.08%
类型1 正确率：  26.00% -> 1   26.25%, 2   73.75%, 3    0.00%
类型2 正确率：  47.00% -> 1    0.00%, 2   47.05%, 3   52.95%
类型3 正确率：  50.00% -> 1    0.00%, 2   50.05%, 3   49.95%


