读取源域路径：/kaggle/working/m2/weight_PU_M1_final_checkpoint_FAtoB_gateeagle_s2024/NEW_PU/Source-源域/log&pt/(B2)N15_M07_F10
excel输出位置：/kaggle/working/m2/weight_PU_M1_final_checkpoint_FAtoB_gateeagle_s2024/NEW_PU/Target-目标域
特征图片输出位置：/kaggle/working/m2/weight_PU_M1_final_checkpoint_FAtoB_gateeagle_s2024/NEW_PU/Picture-特征图/2026年09月14日00时48分/(B2)N15_M07_F10
现在选取:(B2)N15_M07_F10 进行训练的源模型
现在进行：(B2)N15_M07_F10→(B1)N15_M01_F10 的迁移任务
log&pt输出位置：/kaggle/working/m2/weight_PU_M1_final_checkpoint_FAtoB_gateeagle_s2024/NEW_PU/Target-目标域/log&pt/(B2)N15_M07_F10→(B1)N15_M01_F10
任务: (B2)N15_M07_F10→(B1)N15_M01_F10; 批次:····0/·1880;  总正确率: 57.65%
类型1 正确率：  80.00% -> 1   80.30%, 2   19.65%, 3    0.05%
类型2 正确率：  43.00% -> 1    0.00%, 2   42.60%, 3   57.40%
类型3 正确率：  50.00% -> 1    0.00%, 2   49.95%, 3   50.05%


样本变换：reverse
样本变换：mask
样本变换：shift
样本变换：none
未过滤	未用伪标签：57.65% -> 使用伪标签：57.85%
已过滤	未用伪标签：57.05% -> 使用伪标签：59.11%
排除样本：128|6000	剩余：1989, 1488, 2395
增添样本：469		细则：238, 231, 0	正确率估算：88.91%
类型1 正确率： 100.00% -> 1   99.70%, 2    0.30%, 3    0.00%
类型2 正确率：  26.00% -> 1    0.00%, 2   25.68%, 3   74.32%
类型3 正确率：  50.00% -> 1    0.00%, 2   50.00%, 3   50.00%

被排除样本 正确率：85.16%
类型1 正确率：  20.00% -> 1   20.00%, 2   80.00%, 3    0.00%
类型2 正确率：  88.00% -> 1    0.00%, 2   87.80%, 3   12.20%
类型3 没有样本或未被分类。


轮次:··1/·20 || c_Loss:0.762 || e_Loss:-1.338 || Aad_Loss:-18.567 || 耗时：33.97s
轮次:··2/·20 || c_Loss:0.411 || e_Loss:-1.515 || Aad_Loss:-21.471 || 耗时：13.21s
轮次:··3/·20 || c_Loss:0.497 || e_Loss:-1.226 || Aad_Loss:-20.057 || 耗时：13.11s
轮次:··4/·20 || c_Loss:0.384 || e_Loss:-1.505 || Aad_Loss:-20.878 || 耗时：12.97s
轮次:··5/·20 || c_Loss:0.352 || e_Loss:-1.607 || Aad_Loss:-24.911 || 耗时：12.95s
任务: (B2)N15_M07_F10→(B1)N15_M01_F10; mix批次:····0; 批次:··470/·1880;  总正确率: 65.55%
类型1 正确率： 100.00% -> 1   99.90%, 2    0.10%, 3    0.00%
类型2 正确率：  47.00% -> 1    0.30%, 2   46.75%, 3   52.95%
类型3 正确率：  50.00% -> 1    0.00%, 2   50.00%, 3   50.00%


样本变换：reverse
样本变换：mask
样本变换：shift
样本变换：none
未过滤	未用伪标签：65.55% -> 使用伪标签：65.22%
已过滤	未用伪标签：65.50% -> 使用伪标签：65.94%
排除样本：66|6000	剩余：2000, 1913, 2021
增添样本：561		细则：424, 0, 137	正确率估算：99.11%
类型1 正确率： 100.00% -> 1  100.00%, 2    0.00%, 3    0.00%
类型2 正确率：  47.00% -> 1    0.00%, 2   47.21%, 3   52.79%
类型3 正确率：  50.00% -> 1    0.00%, 2   50.00%, 3   50.00%

被排除样本 正确率：69.70%
类型1 正确率：  70.00% -> 1   69.70%, 2   30.30%
类型2 没有样本或未被分类。


轮次:··6/·20 || c_Loss:0.353 || e_Loss:-1.396 || Aad_Loss:-22.506 || 耗时：33.99s
轮次:··7/·20 || c_Loss:0.409 || e_Loss:-1.280 || Aad_Loss:-22.479 || 耗时：13.23s
轮次:··8/·20 || c_Loss:0.398 || e_Loss:-1.433 || Aad_Loss:-23.988 || 耗时：13.25s
轮次:··9/·20 || c_Loss:0.398 || e_Loss:-1.368 || Aad_Loss:-25.008 || 耗时：13.23s
轮次:·10/·20 || c_Loss:0.346 || e_Loss:-1.667 || Aad_Loss:-22.930 || 耗时：13.26s
任务: (B2)N15_M07_F10→(B1)N15_M01_F10; mix批次:····0; 批次:··940/·1880;  总正确率: 68.13%
类型1 正确率： 100.00% -> 1   99.60%, 2    0.35%, 3    0.05%
类型2 正确率：  55.00% -> 1    0.00%, 2   54.80%, 3   45.20%
类型3 正确率：  50.00% -> 1    0.00%, 2   50.00%, 3   50.00%


样本变换：reverse
样本变换：mask
样本变换：shift
样本变换：none
未过滤	未用伪标签：68.13% -> 使用伪标签：67.35%
已过滤	未用伪标签：68.13% -> 使用伪标签：67.86%
排除样本：45|6000	剩余：2000, 2041, 1914
增添样本：850		细则：552, 0, 298	正确率估算：99.29%
类型1 正确率： 100.00% -> 1  100.00%, 2    0.00%, 3    0.00%
类型2 正确率：  53.00% -> 1    0.00%, 2   53.25%, 3   46.75%
类型3 正确率：  50.00% -> 1    0.00%, 2   50.00%, 3   50.00%

被排除样本 正确率：68.89%
类型1 正确率：  69.00% -> 1   68.89%, 2   31.11%
类型2 没有样本或未被分类。


轮次:·11/·20 || c_Loss:0.377 || e_Loss:-1.304 || Aad_Loss:-27.839 || 耗时：34.16s
轮次:·12/·20 || c_Loss:0.385 || e_Loss:-1.345 || Aad_Loss:-26.616 || 耗时：13.03s
轮次:·13/·20 || c_Loss:0.389 || e_Loss:-1.551 || Aad_Loss:-23.868 || 耗时：13.02s
轮次:·14/·20 || c_Loss:0.359 || e_Loss:-1.579 || Aad_Loss:-27.479 || 耗时：13.00s
轮次:·15/·20 || c_Loss:0.368 || e_Loss:-1.343 || Aad_Loss:-24.977 || 耗时：12.99s
任务: (B2)N15_M07_F10→(B1)N15_M01_F10; mix批次:····0; 批次:·1410/·1880;  总正确率: 67.87%
类型1 正确率：  99.00% -> 1   98.70%, 2    1.10%, 3    0.20%
类型2 正确率：  55.00% -> 1    0.00%, 2   54.90%, 3   45.10%
类型3 正确率：  50.00% -> 1    0.00%, 2   50.00%, 3   50.00%


样本变换：reverse
样本变换：mask
样本变换：shift
样本变换：none
未过滤	未用伪标签：67.87% -> 使用伪标签：67.47%
已过滤	未用伪标签：67.85% -> 使用伪标签：67.86%
排除样本：35|6000	剩余：2000, 2048, 1917
增添样本：854		细则：559, 0, 295	正确率估算：98.95%
类型1 正确率： 100.00% -> 1  100.00%, 2    0.00%, 3    0.00%
类型2 正确率：  53.00% -> 1    0.00%, 2   53.33%, 3   46.67%
类型3 正确率：  50.00% -> 1    0.00%, 2   50.00%, 3   50.00%

被排除样本 正确率：71.43%
类型1 正确率：  71.00% -> 1   71.43%, 2   28.57%
类型2 没有样本或未被分类。


轮次:·16/·20 || c_Loss:0.360 || e_Loss:-1.469 || Aad_Loss:-25.421 || 耗时：34.20s
轮次:·17/·20 || c_Loss:0.368 || e_Loss:-1.339 || Aad_Loss:-27.502 || 耗时：13.01s
轮次:·18/·20 || c_Loss:0.409 || e_Loss:-1.552 || Aad_Loss:-25.960 || 耗时：13.01s
轮次:·19/·20 || c_Loss:0.338 || e_Loss:-1.471 || Aad_Loss:-24.640 || 耗时：13.05s
轮次:·20/·20 || c_Loss:0.459 || e_Loss:-1.535 || Aad_Loss:-29.662 || 耗时：13.09s
任务: (B2)N15_M07_F10→(B1)N15_M01_F10; mix批次:····0; 批次:·1880/·1880;  总正确率: 67.75%
类型1 正确率：  98.00% -> 1   97.85%, 2    1.30%, 3    0.85%
类型2 正确率：  55.00% -> 1    0.00%, 2   55.40%, 3   44.60%
类型3 正确率：  50.00% -> 1    0.00%, 2   50.00%, 3   50.00%


测试集任务: (B2)N15_M07_F10→(B1)N15_M01_F10; 总正确率 = 67.75%
类型1 正确率：  98.00% -> 1   97.85%, 2    1.30%, 3    0.85%
类型2 正确率：  55.00% -> 1    0.00%, 2   55.40%, 3   44.60%
类型3 正确率：  50.00% -> 1    0.00%, 2   50.00%, 3   50.00%


