读取源域路径：/kaggle/working/m2/weight_PU_M1_final_checkpoint_FAtoB_gateeagle_s2024/NEW_PU/Source-源域/log&pt/(B2)N15_M07_F10
excel输出位置：/kaggle/working/m2/weight_PU_M1_final_checkpoint_FAtoB_gateeagle_s2024/NEW_PU/Target-目标域
特征图片输出位置：/kaggle/working/m2/weight_PU_M1_final_checkpoint_FAtoB_gateeagle_s2024/NEW_PU/Picture-特征图/2026年09月14日00时54分/(B2)N15_M07_F10
现在选取:(B2)N15_M07_F10 进行训练的源模型
现在进行：(B2)N15_M07_F10→(B3)N15_M07_F04 的迁移任务
log&pt输出位置：/kaggle/working/m2/weight_PU_M1_final_checkpoint_FAtoB_gateeagle_s2024/NEW_PU/Target-目标域/log&pt/(B2)N15_M07_F10→(B3)N15_M07_F04
任务: (B2)N15_M07_F10→(B3)N15_M07_F04; 批次:····0/·1880;  总正确率: 67.97%
类型1 正确率：  86.00% -> 1   86.25%, 2   13.75%, 3    0.00%
类型2 正确率：  63.00% -> 1    0.00%, 2   62.55%, 3   37.45%
类型3 正确率：  55.00% -> 1    2.65%, 2   42.25%, 3   55.10%


样本变换：reverse
样本变换：mask
样本变换：shift
样本变换：none
未过滤	未用伪标签：67.97% -> 使用伪标签：57.53%
已过滤	未用伪标签：67.50% -> 使用伪标签：59.45%
排除样本：193|6000	剩余：2122, 1276, 2409
增添样本：2059		细则：1271, 788, 0	正确率估算：82.89%
类型1 正确率： 100.00% -> 1  100.00%, 2    0.00%, 3    0.00%
类型2 正确率：  24.00% -> 1    0.00%, 2   24.45%, 3   75.55%
类型3 正确率：  51.00% -> 1    6.47%, 2   42.14%, 3   51.39%

被排除样本 正确率：81.87%
类型1 正确率：   0.00% -> 1    0.00%, 2  100.00%, 3    0.00%
类型2 正确率：  82.00% -> 1    0.00%, 2   82.22%, 3   17.78%
类型3 正确率：  87.00% -> 1    1.85%, 2   11.11%, 3   87.04%


轮次:··1/·20 || c_Loss:0.594 || e_Loss:-1.203 || Aad_Loss:-19.354 || 耗时：34.45s
轮次:··2/·20 || c_Loss:0.498 || e_Loss:-1.308 || Aad_Loss:-18.245 || 耗时：13.24s
轮次:··3/·20 || c_Loss:0.519 || e_Loss:-1.315 || Aad_Loss:-21.793 || 耗时：13.13s
轮次:··4/·20 || c_Loss:0.435 || e_Loss:-1.524 || Aad_Loss:-19.868 || 耗时：13.04s
轮次:··5/·20 || c_Loss:0.419 || e_Loss:-1.436 || Aad_Loss:-19.982 || 耗时：13.07s
任务: (B2)N15_M07_F10→(B3)N15_M07_F04; mix批次:····0; 批次:··470/·1880;  总正确率: 60.08%
类型1 正确率：  99.00% -> 1   99.20%, 2    0.15%, 3    0.65%
类型2 正确率：  31.00% -> 1    0.30%, 2   31.05%, 3   68.65%
类型3 正确率：  50.00% -> 1    7.25%, 2   42.75%, 3   50.00%


样本变换：reverse
样本变换：mask
样本变换：shift
样本变换：none
未过滤	未用伪标签：60.08% -> 使用伪标签：60.50%
已过滤	未用伪标签：60.14% -> 使用伪标签：60.61%
排除样本：11|6000	剩余：2163, 1461, 2365
增添样本：2260		细则：1449, 811, 0	正确率估算：97.37%
类型1 正确率： 100.00% -> 1  100.00%, 2    0.00%, 3    0.00%
类型2 正确率：  32.00% -> 1    0.00%, 2   31.58%, 3   68.42%
类型3 正确率：  50.00% -> 1    8.17%, 2   41.68%, 3   50.15%

被排除样本 正确率：27.27%
类型1 正确率：  60.00% -> 1   60.00%, 2   40.00%
类型2 正确率：   0.00% -> 1  100.00%, 2    0.00%


轮次:··6/·20 || c_Loss:0.492 || e_Loss:-1.620 || Aad_Loss:-23.603 || 耗时：34.49s
轮次:··7/·20 || c_Loss:0.436 || e_Loss:-1.581 || Aad_Loss:-22.083 || 耗时：13.18s
轮次:··8/·20 || c_Loss:0.409 || e_Loss:-1.526 || Aad_Loss:-26.358 || 耗时：13.18s
轮次:··9/·20 || c_Loss:0.447 || e_Loss:-1.660 || Aad_Loss:-22.359 || 耗时：13.20s
轮次:·10/·20 || c_Loss:0.468 || e_Loss:-1.582 || Aad_Loss:-22.401 || 耗时：13.27s
任务: (B2)N15_M07_F10→(B3)N15_M07_F04; mix批次:····0; 批次:··940/·1880;  总正确率: 60.68%
类型1 正确率：  99.00% -> 1   99.05%, 2    0.80%, 3    0.15%
类型2 正确率：  33.00% -> 1    0.00%, 2   33.00%, 3   67.00%
类型3 正确率：  50.00% -> 1    6.00%, 2   44.00%, 3   50.00%


样本变换：reverse
样本变换：mask
样本变换：shift
样本变换：none
未过滤	未用伪标签：60.68% -> 使用伪标签：60.97%
已过滤	未用伪标签：60.76% -> 使用伪标签：61.06%
排除样本：9|6000	剩余：2164, 1486, 2341
增添样本：2234		细则：1448, 786, 0	正确率估算：96.52%
类型1 正确率： 100.00% -> 1  100.00%, 2    0.00%, 3    0.00%
类型2 正确率：  33.00% -> 1    0.00%, 2   32.92%, 3   67.08%
类型3 正确率：  50.00% -> 1    8.23%, 2   41.57%, 3   50.20%

被排除样本 正确率：11.11%
类型1 正确率： 100.00% -> 1  100.00%, 2    0.00%
类型2 正确率：   0.00% -> 1  100.00%, 2    0.00%


轮次:·11/·20 || c_Loss:0.523 || e_Loss:-1.621 || Aad_Loss:-25.410 || 耗时：34.60s
轮次:·12/·20 || c_Loss:0.412 || e_Loss:-1.588 || Aad_Loss:-25.294 || 耗时：13.18s
轮次:·13/·20 || c_Loss:0.464 || e_Loss:-1.620 || Aad_Loss:-23.968 || 耗时：13.25s
轮次:·14/·20 || c_Loss:0.411 || e_Loss:-1.600 || Aad_Loss:-24.245 || 耗时：13.19s
轮次:·15/·20 || c_Loss:0.513 || e_Loss:-1.675 || Aad_Loss:-21.829 || 耗时：13.22s
任务: (B2)N15_M07_F10→(B3)N15_M07_F04; mix批次:····0; 批次:·1410/·1880;  总正确率: 59.47%
类型1 正确率：  95.00% -> 1   95.45%, 2    1.10%, 3    3.45%
类型2 正确率：  33.00% -> 1    0.00%, 2   32.95%, 3   67.05%
类型3 正确率：  50.00% -> 1    6.45%, 2   43.55%, 3   50.00%


样本变换：reverse
样本变换：mask
样本变换：shift
样本变换：none
未过滤	未用伪标签：59.47% -> 使用伪标签：60.97%
已过滤	未用伪标签：59.53% -> 使用伪标签：61.05%
排除样本：8|6000	剩余：2161, 1490, 2341
增添样本：2233		细则：1451, 782, 0	正确率估算：97.32%
类型1 正确率： 100.00% -> 1  100.00%, 2    0.00%, 3    0.00%
类型2 正确率：  33.00% -> 1    0.00%, 2   32.92%, 3   67.08%
类型3 正确率：  50.00% -> 1    8.08%, 2   41.75%, 3   50.18%

被排除样本 正确率：12.50%
类型1 正确率： 100.00% -> 1  100.00%, 2    0.00%
类型2 正确率：   0.00% -> 1  100.00%, 2    0.00%


轮次:·16/·20 || c_Loss:0.376 || e_Loss:-1.543 || Aad_Loss:-26.192 || 耗时：34.48s
轮次:·17/·20 || c_Loss:0.496 || e_Loss:-1.718 || Aad_Loss:-21.875 || 耗时：13.13s
轮次:·18/·20 || c_Loss:0.406 || e_Loss:-1.596 || Aad_Loss:-27.828 || 耗时：13.13s
轮次:·19/·20 || c_Loss:0.420 || e_Loss:-1.653 || Aad_Loss:-24.996 || 耗时：13.11s
轮次:·20/·20 || c_Loss:0.418 || e_Loss:-1.689 || Aad_Loss:-24.552 || 耗时：13.13s
任务: (B2)N15_M07_F10→(B3)N15_M07_F04; mix批次:····0; 批次:·1880/·1880;  总正确率: 60.07%
类型1 正确率：  97.00% -> 1   97.20%, 2    1.00%, 3    1.80%
类型2 正确率：  33.00% -> 1    0.00%, 2   33.00%, 3   67.00%
类型3 正确率：  50.00% -> 1    6.50%, 2   43.50%, 3   50.00%


测试集任务: (B2)N15_M07_F10→(B3)N15_M07_F04; 总正确率 = 60.07%
类型1 正确率：  97.00% -> 1   97.20%, 2    1.00%, 3    1.80%
类型2 正确率：  33.00% -> 1    0.00%, 2   33.00%, 3   67.00%
类型3 正确率：  50.00% -> 1    6.50%, 2   43.50%, 3   50.00%


