读取源域路径：/kaggle/working/m2/weight_PU_M1_final_checkpoint_FAtoB_gateeagle_s2024/NEW_PU/Source-源域/log&pt/(B3)N15_M07_F04
excel输出位置：/kaggle/working/m2/weight_PU_M1_final_checkpoint_FAtoB_gateeagle_s2024/NEW_PU/Target-目标域
特征图片输出位置：/kaggle/working/m2/weight_PU_M1_final_checkpoint_FAtoB_gateeagle_s2024/NEW_PU/Picture-特征图/2026年09月14日01时00分/(B3)N15_M07_F04
现在选取:(B3)N15_M07_F04 进行训练的源模型
现在进行：(B3)N15_M07_F04→(B1)N15_M01_F10 的迁移任务
log&pt输出位置：/kaggle/working/m2/weight_PU_M1_final_checkpoint_FAtoB_gateeagle_s2024/NEW_PU/Target-目标域/log&pt/(B3)N15_M07_F04→(B1)N15_M01_F10
任务: (B3)N15_M07_F04→(B1)N15_M01_F10; 批次:····0/·1880;  总正确率: 45.63%
类型1 正确率：  42.00% -> 1   42.20%, 2   57.80%, 3    0.00%
类型2 正确率：  45.00% -> 1    0.00%, 2   45.05%, 3   54.95%
类型3 正确率：  50.00% -> 1    0.00%, 2   50.35%, 3   49.65%


样本变换：reverse
样本变换：mask
样本变换：shift
样本变换：none
未过滤	未用伪标签：45.63% -> 使用伪标签：39.00%
已过滤	未用伪标签：44.86% -> 使用伪标签：40.16%
排除样本：173|6000	剩余：698, 2931, 2198
增添样本：3593		细则：2489, 0, 1104	正确率估算：92.18%
类型1 正确率：  35.00% -> 1   35.09%, 2   64.91%, 3    0.00%
类型2 正确率：  35.00% -> 1    0.22%, 2   35.01%, 3   64.78%
类型3 正确率：  50.00% -> 1    0.00%, 2   50.03%, 3   49.97%

被排除样本 正确率：71.68%
类型1 正确率：  95.00% -> 1   95.45%, 2    4.55%, 3    0.00%
类型2 正确率：  70.00% -> 1    0.00%, 2   69.86%, 3   30.14%
类型3 正确率：  20.00% -> 1    0.00%, 2   80.00%, 3   20.00%


轮次:··1/·20 || c_Loss:0.513 || e_Loss:-1.282 || Aad_Loss:-22.473 || 耗时：34.42s
轮次:··2/·20 || c_Loss:0.411 || e_Loss:-1.236 || Aad_Loss:-25.701 || 耗时：13.23s
轮次:··3/·20 || c_Loss:0.462 || e_Loss:-1.021 || Aad_Loss:-23.781 || 耗时：13.07s
轮次:··4/·20 || c_Loss:0.382 || e_Loss:-1.099 || Aad_Loss:-21.520 || 耗时：12.98s
轮次:··5/·20 || c_Loss:0.443 || e_Loss:-1.204 || Aad_Loss:-27.996 || 耗时：12.99s
任务: (B3)N15_M07_F04→(B1)N15_M01_F10; mix批次:····0; 批次:··470/·1880;  总正确率: 44.47%
类型1 正确率：  32.00% -> 1   32.20%, 2   67.10%, 3    0.70%
类型2 正确率：  51.00% -> 1    0.20%, 2   51.30%, 3   48.50%
类型3 正确率：  50.00% -> 1    0.00%, 2   50.10%, 3   49.90%


样本变换：reverse
样本变换：mask
样本变换：shift
样本变换：none
未过滤	未用伪标签：44.47% -> 使用伪标签：43.42%
已过滤	未用伪标签：44.20% -> 使用伪标签：43.70%
排除样本：39|6000	剩余：660, 3284, 2017
增添样本：4189		细则：2872, 0, 1317	正确率估算：96.32%
类型1 正确率：  33.00% -> 1   33.00%, 2   67.00%, 3    0.00%
类型2 正确率：  48.00% -> 1    0.00%, 2   48.17%, 3   51.83%
类型3 正确率：  50.00% -> 1    0.00%, 2   49.97%, 3   50.03%

被排除样本 正确率：84.62%
类型1 正确率：  87.00% -> 1   86.84%, 2   13.16%
类型2 正确率：   0.00% -> 1  100.00%, 2    0.00%


轮次:··6/·20 || c_Loss:0.434 || e_Loss:-1.170 || Aad_Loss:-31.639 || 耗时：34.59s
轮次:··7/·20 || c_Loss:0.411 || e_Loss:-1.120 || Aad_Loss:-30.109 || 耗时：13.23s
轮次:··8/·20 || c_Loss:0.464 || e_Loss:-1.358 || Aad_Loss:-30.765 || 耗时：13.30s
轮次:··9/·20 || c_Loss:0.428 || e_Loss:-1.386 || Aad_Loss:-35.859 || 耗时：13.30s
轮次:·10/·20 || c_Loss:0.431 || e_Loss:-1.284 || Aad_Loss:-34.541 || 耗时：13.31s
任务: (B3)N15_M07_F04→(B1)N15_M01_F10; mix批次:····0; 批次:··940/·1880;  总正确率: 43.33%
类型1 正确率：  30.00% -> 1   29.80%, 2   69.95%, 3    0.25%
类型2 正确率：  50.00% -> 1    0.00%, 2   50.25%, 3   49.75%
类型3 正确率：  50.00% -> 1    0.00%, 2   50.05%, 3   49.95%


样本变换：reverse
样本变换：mask
样本变换：shift
样本变换：none
未过滤	未用伪标签：43.33% -> 使用伪标签：43.88%
已过滤	未用伪标签：43.23% -> 使用伪标签：44.21%
排除样本：44|6000	剩余：660, 3313, 1983
增添样本：4264		细则：2900, 0, 1364	正确率估算：96.74%
类型1 正确率：  33.00% -> 1   33.00%, 2   67.00%, 3    0.00%
类型2 正确率：  50.00% -> 1    0.00%, 2   49.74%, 3   50.26%
类型3 正确率：  50.00% -> 1    0.00%, 2   50.00%, 3   50.00%

被排除样本 正确率：56.82%
类型1 正确率：  57.00% -> 1   56.82%, 2   43.18%
类型2 没有样本或未被分类。


轮次:·11/·20 || c_Loss:0.475 || e_Loss:-1.351 || Aad_Loss:-27.446 || 耗时：34.43s
轮次:·12/·20 || c_Loss:0.387 || e_Loss:-1.237 || Aad_Loss:-38.402 || 耗时：13.09s
轮次:·13/·20 || c_Loss:0.433 || e_Loss:-1.383 || Aad_Loss:-34.217 || 耗时：13.03s
轮次:·14/·20 || c_Loss:0.390 || e_Loss:-1.305 || Aad_Loss:-35.985 || 耗时：13.10s
轮次:·15/·20 || c_Loss:0.410 || e_Loss:-1.212 || Aad_Loss:-33.414 || 耗时：13.07s
任务: (B3)N15_M07_F04→(B1)N15_M01_F10; mix批次:····0; 批次:·1410/·1880;  总正确率: 42.50%
类型1 正确率：  28.00% -> 1   27.55%, 2   72.20%, 3    0.25%
类型2 正确率：  50.00% -> 1    0.00%, 2   50.00%, 3   50.00%
类型3 正确率：  50.00% -> 1    0.00%, 2   50.05%, 3   49.95%


样本变换：reverse
样本变换：mask
样本变换：shift
样本变换：none
未过滤	未用伪标签：42.50% -> 使用伪标签：43.77%
已过滤	未用伪标签：42.31% -> 使用伪标签：44.02%
排除样本：35|6000	剩余：659, 3308, 1998
增添样本：4241		细则：2895, 0, 1346	正确率估算：96.13%
类型1 正确率：  33.00% -> 1   32.97%, 2   67.03%, 3    0.00%
类型2 正确率：  49.00% -> 1    0.00%, 2   49.21%, 3   50.79%
类型3 正确率：  50.00% -> 1    0.00%, 2   50.03%, 3   49.97%

被排除样本 正确率：74.29%
类型1 正确率：   0.00% -> 1    0.00%, 2  100.00%, 3    0.00%
类型2 正确率：  79.00% -> 1    0.00%, 2   78.79%, 3   21.21%
类型3 正确率：   0.00% -> 1    0.00%, 2  100.00%, 3    0.00%


轮次:·16/·20 || c_Loss:0.443 || e_Loss:-1.158 || Aad_Loss:-33.007 || 耗时：34.35s
轮次:·17/·20 || c_Loss:0.446 || e_Loss:-0.946 || Aad_Loss:-26.678 || 耗时：13.04s
轮次:·18/·20 || c_Loss:0.402 || e_Loss:-1.141 || Aad_Loss:-38.552 || 耗时：13.08s
轮次:·19/·20 || c_Loss:0.419 || e_Loss:-1.113 || Aad_Loss:-32.353 || 耗时：13.04s
轮次:·20/·20 || c_Loss:0.389 || e_Loss:-1.211 || Aad_Loss:-42.171 || 耗时：13.14s
任务: (B3)N15_M07_F04→(B1)N15_M01_F10; mix批次:····0; 批次:·1880/·1880;  总正确率: 40.12%
类型1 正确率：  21.00% -> 1   21.35%, 2   78.65%, 3    0.00%
类型2 正确率：  49.00% -> 1    0.00%, 2   49.00%, 3   51.00%
类型3 正确率：  50.00% -> 1    0.00%, 2   50.00%, 3   50.00%


测试集任务: (B3)N15_M07_F04→(B1)N15_M01_F10; 总正确率 = 40.12%
类型1 正确率：  21.00% -> 1   21.35%, 2   78.65%, 3    0.00%
类型2 正确率：  49.00% -> 1    0.00%, 2   49.00%, 3   51.00%
类型3 正确率：  50.00% -> 1    0.00%, 2   50.00%, 3   50.00%


