读取源域路径：/kaggle/working/hust/H3/weight_HUST_M1_final_checkpoint_FH3toH3_s2024/NEW_PU/Source-源域/log&pt/(B1)N15_M01_F10
excel输出位置：/kaggle/working/hust/H3/weight_HUST_M1_final_checkpoint_FH3toH3_s2024/NEW_PU/Target-目标域
特征图片输出位置：/kaggle/working/hust/H3/weight_HUST_M1_final_checkpoint_FH3toH3_s2024/NEW_PU/Picture-特征图/2026年09月19日14时05分/(B1)N15_M01_F10
现在选取:(B1)N15_M01_F10 进行训练的源模型
现在进行：(B1)N15_M01_F10→(B2)N15_M07_F10 的迁移任务
log&pt输出位置：/kaggle/working/hust/H3/weight_HUST_M1_final_checkpoint_FH3toH3_s2024/NEW_PU/Target-目标域/log&pt/(B1)N15_M01_F10→(B2)N15_M07_F10
任务: (B1)N15_M01_F10→(B2)N15_M07_F10; 批次:····0/·1880;  总正确率: 98.90%
类型1 正确率： 100.00% -> 1  100.00%, 2    0.00%, 3    0.00%
类型2 正确率：  97.00% -> 1    0.00%, 2   96.70%, 3    3.30%
类型3 正确率： 100.00% -> 1    0.00%, 2    0.00%, 3  100.00%


样本变换：reverse
样本变换：mask
样本变换：shift
样本变换：none
未过滤	未用伪标签：98.90% -> 使用伪标签：99.20%
已过滤	未用伪标签：99.11% -> 使用伪标签：99.52%
排除样本：19|6000	剩余：2000, 1952, 2029
增添样本：106		细则：29, 77, 0	正确率估算：99.06%
类型1 正确率： 100.00% -> 1  100.00%, 2    0.00%, 3    0.00%
类型2 正确率：  99.00% -> 1    0.00%, 2   98.54%, 3    1.46%
类型3 正确率： 100.00% -> 1    0.00%, 2    0.00%, 3  100.00%

被排除样本 正确率：31.58%
类型1 正确率：  32.00% -> 1   31.58%, 2   68.42%
类型2 没有样本或未被分类。


轮次:··1/·20 || c_Loss:0.539 || e_Loss:-1.057 || Aad_Loss:-28.378 || 耗时：34.26s
轮次:··2/·20 || c_Loss:0.381 || e_Loss:-1.412 || Aad_Loss:-29.962 || 耗时：12.98s
轮次:··3/·20 || c_Loss:0.359 || e_Loss:-0.994 || Aad_Loss:-31.163 || 耗时：12.89s
轮次:··4/·20 || c_Loss:0.357 || e_Loss:-1.491 || Aad_Loss:-32.624 || 耗时：12.79s
轮次:··5/·20 || c_Loss:0.356 || e_Loss:-0.981 || Aad_Loss:-31.437 || 耗时：12.77s
任务: (B1)N15_M01_F10→(B2)N15_M07_F10; mix批次:····0; 批次:··470/·1880;  总正确率: 99.50%
类型1 正确率： 100.00% -> 1  100.00%, 2    0.00%, 3    0.00%
类型2 正确率：  98.00% -> 1    0.00%, 2   98.50%, 3    1.50%
类型3 正确率： 100.00% -> 1    0.00%, 2    0.00%, 3  100.00%


样本变换：reverse
样本变换：mask
样本变换：shift
样本变换：none
未过滤	未用伪标签：99.50% -> 使用伪标签：99.83%
已过滤	未用伪标签：99.60% -> 使用伪标签：99.93%
排除样本：6|6000	剩余：2000, 1990, 2004
增添样本：18		细则：4, 14, 0	正确率估算：100.00%
类型1 正确率： 100.00% -> 1  100.00%, 2    0.00%, 3    0.00%
类型2 正确率： 100.00% -> 1    0.00%, 2   99.80%, 3    0.20%
类型3 正确率： 100.00% -> 1    0.00%, 2    0.00%, 3  100.00%

被排除样本 正确率：0.00%
类型1 正确率：   0.00% -> 1    0.00%, 2  100.00%
类型2 没有样本或未被分类。


轮次:··6/·20 || c_Loss:0.367 || e_Loss:-1.007 || Aad_Loss:-31.105 || 耗时：33.74s
轮次:··7/·20 || c_Loss:0.364 || e_Loss:-1.002 || Aad_Loss:-31.237 || 耗时：12.83s
轮次:··8/·20 || c_Loss:0.365 || e_Loss:-1.030 || Aad_Loss:-31.242 || 耗时：12.84s
轮次:··9/·20 || c_Loss:0.366 || e_Loss:-0.950 || Aad_Loss:-33.383 || 耗时：12.85s
轮次:·10/·20 || c_Loss:0.365 || e_Loss:-1.009 || Aad_Loss:-31.448 || 耗时：12.80s
任务: (B1)N15_M01_F10→(B2)N15_M07_F10; mix批次:····0; 批次:··940/·1880;  总正确率: 100.00%
类型1 正确率： 100.00% -> 1  100.00%, 2    0.00%, 3    0.00%
类型2 正确率： 100.00% -> 1    0.00%, 2  100.00%, 3    0.00%
类型3 正确率： 100.00% -> 1    0.00%, 2    0.00%, 3  100.00%


样本变换：reverse
样本变换：mask
样本变换：shift
样本变换：none
未过滤	未用伪标签：100.00% -> 使用伪标签：100.00%
已过滤	未用伪标签：100.00% -> 使用伪标签：100.00%
排除样本：2000|6000	剩余：2000, 2000
增添样本：0		细则：0, 0, 0类型1 正确率： 100.00% -> 1  100.00%, 2    0.00%, 3    0.00%
类型2 正确率： 100.00% -> 1    0.00%, 2  100.00%, 3    0.00%
类型3 正确率： 100.00% -> 1    0.00%, 2    0.00%, 3  100.00%

被排除样本 正确率：nan%


轮次:·11/·20 || c_Loss:0.368 || e_Loss:-1.013 || Aad_Loss:-23.846 || 耗时：33.68s
轮次:·12/·20 || c_Loss:0.372 || e_Loss:-0.990 || Aad_Loss:-24.287 || 耗时：12.85s
轮次:·13/·20 || c_Loss:0.374 || e_Loss:-1.009 || Aad_Loss:-23.325 || 耗时：12.88s
轮次:·14/·20 || c_Loss:0.372 || e_Loss:-1.011 || Aad_Loss:-23.629 || 耗时：12.87s
轮次:·15/·20 || c_Loss:0.368 || e_Loss:-0.980 || Aad_Loss:-23.593 || 耗时：12.89s
任务: (B1)N15_M01_F10→(B2)N15_M07_F10; mix批次:····0; 批次:·1410/·1880;  总正确率: 100.00%
类型1 正确率： 100.00% -> 1  100.00%, 2    0.00%, 3    0.00%
类型2 正确率： 100.00% -> 1    0.00%, 2  100.00%, 3    0.00%
类型3 正确率： 100.00% -> 1    0.00%, 2    0.00%, 3  100.00%


样本变换：reverse
样本变换：mask
样本变换：shift
样本变换：none
未过滤	未用伪标签：100.00% -> 使用伪标签：100.00%
已过滤	未用伪标签：100.00% -> 使用伪标签：100.00%
排除样本：2000|6000	剩余：2000, 2000
增添样本：0		细则：0, 0, 0类型1 正确率： 100.00% -> 1  100.00%, 2    0.00%, 3    0.00%
类型2 正确率： 100.00% -> 1    0.00%, 2  100.00%, 3    0.00%
类型3 正确率： 100.00% -> 1    0.00%, 2    0.00%, 3  100.00%

被排除样本 正确率：nan%


轮次:·16/·20 || c_Loss:0.370 || e_Loss:-1.015 || Aad_Loss:-23.936 || 耗时：33.62s
轮次:·17/·20 || c_Loss:0.373 || e_Loss:-0.991 || Aad_Loss:-24.364 || 耗时：12.88s
轮次:·18/·20 || c_Loss:0.373 || e_Loss:-1.011 || Aad_Loss:-23.461 || 耗时：12.89s
轮次:·19/·20 || c_Loss:0.372 || e_Loss:-1.010 || Aad_Loss:-23.730 || 耗时：12.87s
轮次:·20/·20 || c_Loss:0.368 || e_Loss:-0.980 || Aad_Loss:-23.716 || 耗时：12.90s
任务: (B1)N15_M01_F10→(B2)N15_M07_F10; mix批次:····0; 批次:·1880/·1880;  总正确率: 100.00%
类型1 正确率： 100.00% -> 1  100.00%, 2    0.00%, 3    0.00%
类型2 正确率： 100.00% -> 1    0.00%, 2  100.00%, 3    0.00%
类型3 正确率： 100.00% -> 1    0.00%, 2    0.00%, 3  100.00%


测试集任务: (B1)N15_M01_F10→(B2)N15_M07_F10; 总正确率 = 100.00%
类型1 正确率： 100.00% -> 1  100.00%, 2    0.00%, 3    0.00%
类型2 正确率： 100.00% -> 1    0.00%, 2  100.00%, 3    0.00%
类型3 正确率： 100.00% -> 1    0.00%, 2    0.00%, 3  100.00%


