读取源域路径：/kaggle/working/hust/H3/weight_HUST_M1_final_checkpoint_FH3toH3_s2024/NEW_PU/Source-源域/log&pt/(B2)N15_M07_F10
excel输出位置：/kaggle/working/hust/H3/weight_HUST_M1_final_checkpoint_FH3toH3_s2024/NEW_PU/Target-目标域
特征图片输出位置：/kaggle/working/hust/H3/weight_HUST_M1_final_checkpoint_FH3toH3_s2024/NEW_PU/Picture-特征图/2026年09月19日14时23分/(B2)N15_M07_F10
现在选取:(B2)N15_M07_F10 进行训练的源模型
现在进行：(B2)N15_M07_F10→(B3)N15_M07_F04 的迁移任务
log&pt输出位置：/kaggle/working/hust/H3/weight_HUST_M1_final_checkpoint_FH3toH3_s2024/NEW_PU/Target-目标域/log&pt/(B2)N15_M07_F10→(B3)N15_M07_F04
任务: (B2)N15_M07_F10→(B3)N15_M07_F04; 批次:····0/·1880;  总正确率: 99.98%
类型1 正确率： 100.00% -> 1  100.00%, 2    0.00%, 3    0.00%
类型2 正确率： 100.00% -> 1    0.00%, 2  100.00%, 3    0.00%
类型3 正确率： 100.00% -> 1    0.00%, 2    0.05%, 3   99.95%


样本变换：reverse
样本变换：mask
样本变换：shift
样本变换：none
未过滤	未用伪标签：99.98% -> 使用伪标签：100.00%
已过滤	未用伪标签：99.98% -> 使用伪标签：100.00%
排除样本：2000|6000	剩余：2000, 2000
增添样本：0		细则：0, 0, 0类型1 正确率： 100.00% -> 1  100.00%, 2    0.00%, 3    0.00%
类型2 正确率： 100.00% -> 1    0.00%, 2  100.00%, 3    0.00%
类型3 正确率： 100.00% -> 1    0.00%, 2    0.00%, 3  100.00%

被排除样本 正确率：nan%


轮次:··1/·20 || c_Loss:0.482 || e_Loss:-1.059 || Aad_Loss:-22.760 || 耗时：33.72s
轮次:··2/·20 || c_Loss:0.398 || e_Loss:-0.994 || Aad_Loss:-23.725 || 耗时：12.97s
轮次:··3/·20 || c_Loss:0.380 || e_Loss:-1.027 || Aad_Loss:-22.978 || 耗时：12.88s
轮次:··4/·20 || c_Loss:0.373 || e_Loss:-1.011 || Aad_Loss:-23.153 || 耗时：12.81s
轮次:··5/·20 || c_Loss:0.371 || e_Loss:-0.987 || Aad_Loss:-23.183 || 耗时：12.77s
任务: (B2)N15_M07_F10→(B3)N15_M07_F04; mix批次:····0; 批次:··470/·1880;  总正确率: 100.00%
类型1 正确率： 100.00% -> 1  100.00%, 2    0.00%, 3    0.00%
类型2 正确率： 100.00% -> 1    0.00%, 2  100.00%, 3    0.00%
类型3 正确率： 100.00% -> 1    0.00%, 2    0.00%, 3  100.00%


样本变换：reverse
样本变换：mask
样本变换：shift
样本变换：none
未过滤	未用伪标签：100.00% -> 使用伪标签：100.00%
已过滤	未用伪标签：100.00% -> 使用伪标签：100.00%
排除样本：2000|6000	剩余：2000, 2000
增添样本：0		细则：0, 0, 0类型1 正确率： 100.00% -> 1  100.00%, 2    0.00%, 3    0.00%
类型2 正确率： 100.00% -> 1    0.00%, 2  100.00%, 3    0.00%
类型3 正确率： 100.00% -> 1    0.00%, 2    0.00%, 3  100.00%

被排除样本 正确率：nan%


轮次:··6/·20 || c_Loss:0.373 || e_Loss:-1.019 || Aad_Loss:-23.697 || 耗时：33.68s
轮次:··7/·20 || c_Loss:0.372 || e_Loss:-0.991 || Aad_Loss:-24.189 || 耗时：12.92s
轮次:··8/·20 || c_Loss:0.373 || e_Loss:-1.022 || Aad_Loss:-23.496 || 耗时：12.91s
轮次:··9/·20 || c_Loss:0.370 || e_Loss:-1.009 || Aad_Loss:-23.542 || 耗时：12.86s
轮次:·10/·20 || c_Loss:0.370 || e_Loss:-0.988 || Aad_Loss:-23.669 || 耗时：12.84s
任务: (B2)N15_M07_F10→(B3)N15_M07_F04; mix批次:····0; 批次:··940/·1880;  总正确率: 100.00%
类型1 正确率： 100.00% -> 1  100.00%, 2    0.00%, 3    0.00%
类型2 正确率： 100.00% -> 1    0.00%, 2  100.00%, 3    0.00%
类型3 正确率： 100.00% -> 1    0.00%, 2    0.00%, 3  100.00%


样本变换：reverse
样本变换：mask
样本变换：shift
样本变换：none
未过滤	未用伪标签：100.00% -> 使用伪标签：100.00%
已过滤	未用伪标签：100.00% -> 使用伪标签：100.00%
排除样本：2000|6000	剩余：2000, 2000
增添样本：0		细则：0, 0, 0类型1 正确率： 100.00% -> 1  100.00%, 2    0.00%, 3    0.00%
类型2 正确率： 100.00% -> 1    0.00%, 2  100.00%, 3    0.00%
类型3 正确率： 100.00% -> 1    0.00%, 2    0.00%, 3  100.00%

被排除样本 正确率：nan%


轮次:·11/·20 || c_Loss:0.372 || e_Loss:-1.018 || Aad_Loss:-23.863 || 耗时：33.71s
轮次:·12/·20 || c_Loss:0.372 || e_Loss:-0.991 || Aad_Loss:-24.320 || 耗时：12.86s
轮次:·13/·20 || c_Loss:0.373 || e_Loss:-1.022 || Aad_Loss:-23.661 || 耗时：12.89s
轮次:·14/·20 || c_Loss:0.370 || e_Loss:-1.009 || Aad_Loss:-23.703 || 耗时：12.90s
轮次:·15/·20 || c_Loss:0.370 || e_Loss:-0.988 || Aad_Loss:-23.864 || 耗时：12.88s
任务: (B2)N15_M07_F10→(B3)N15_M07_F04; mix批次:····0; 批次:·1410/·1880;  总正确率: 100.00%
类型1 正确率： 100.00% -> 1  100.00%, 2    0.00%, 3    0.00%
类型2 正确率： 100.00% -> 1    0.00%, 2  100.00%, 3    0.00%
类型3 正确率： 100.00% -> 1    0.00%, 2    0.00%, 3  100.00%


样本变换：reverse
样本变换：mask
样本变换：shift
样本变换：none
未过滤	未用伪标签：100.00% -> 使用伪标签：100.00%
已过滤	未用伪标签：100.00% -> 使用伪标签：100.00%
排除样本：2000|6000	剩余：2000, 2000
增添样本：0		细则：0, 0, 0类型1 正确率： 100.00% -> 1  100.00%, 2    0.00%, 3    0.00%
类型2 正确率： 100.00% -> 1    0.00%, 2  100.00%, 3    0.00%
类型3 正确率： 100.00% -> 1    0.00%, 2    0.00%, 3  100.00%

被排除样本 正确率：nan%


轮次:·16/·20 || c_Loss:0.372 || e_Loss:-1.018 || Aad_Loss:-23.947 || 耗时：33.67s
轮次:·17/·20 || c_Loss:0.372 || e_Loss:-0.992 || Aad_Loss:-24.392 || 耗时：12.85s
轮次:·18/·20 || c_Loss:0.373 || e_Loss:-1.022 || Aad_Loss:-23.752 || 耗时：12.86s
轮次:·19/·20 || c_Loss:0.370 || e_Loss:-1.009 || Aad_Loss:-23.799 || 耗时：12.85s
轮次:·20/·20 || c_Loss:0.370 || e_Loss:-0.988 || Aad_Loss:-23.981 || 耗时：12.86s
任务: (B2)N15_M07_F10→(B3)N15_M07_F04; mix批次:····0; 批次:·1880/·1880;  总正确率: 100.00%
类型1 正确率： 100.00% -> 1  100.00%, 2    0.00%, 3    0.00%
类型2 正确率： 100.00% -> 1    0.00%, 2  100.00%, 3    0.00%
类型3 正确率： 100.00% -> 1    0.00%, 2    0.00%, 3  100.00%


测试集任务: (B2)N15_M07_F10→(B3)N15_M07_F04; 总正确率 = 100.00%
类型1 正确率： 100.00% -> 1  100.00%, 2    0.00%, 3    0.00%
类型2 正确率： 100.00% -> 1    0.00%, 2  100.00%, 3    0.00%
类型3 正确率： 100.00% -> 1    0.00%, 2    0.00%, 3  100.00%


