读取源域路径：/kaggle/working/hust/H3/weight_HUST_M1_final_checkpoint_FH3toH3_s2024/NEW_PU/Source-源域/log&pt/(B3)N15_M07_F04
excel输出位置：/kaggle/working/hust/H3/weight_HUST_M1_final_checkpoint_FH3toH3_s2024/NEW_PU/Target-目标域
特征图片输出位置：/kaggle/working/hust/H3/weight_HUST_M1_final_checkpoint_FH3toH3_s2024/NEW_PU/Picture-特征图/2026年09月19日14时29分/(B3)N15_M07_F04
现在选取:(B3)N15_M07_F04 进行训练的源模型
现在进行：(B3)N15_M07_F04→(B1)N15_M01_F10 的迁移任务
log&pt输出位置：/kaggle/working/hust/H3/weight_HUST_M1_final_checkpoint_FH3toH3_s2024/NEW_PU/Target-目标域/log&pt/(B3)N15_M07_F04→(B1)N15_M01_F10
任务: (B3)N15_M07_F04→(B1)N15_M01_F10; 批次:····0/·1880;  总正确率: 99.75%
类型1 正确率： 100.00% -> 1  100.00%, 2    0.00%, 3    0.00%
类型2 正确率：  99.00% -> 1    0.00%, 2   99.25%, 3    0.75%
类型3 正确率： 100.00% -> 1    0.00%, 2    0.00%, 3  100.00%


样本变换：reverse
样本变换：mask
样本变换：shift
样本变换：none
未过滤	未用伪标签：99.75% -> 使用伪标签：99.78%
已过滤	未用伪标签：99.78% -> 使用伪标签：99.92%
排除样本：8|6000	剩余：2000, 1987, 2005
增添样本：23		细则：5, 18, 0	正确率估算：100.00%
类型1 正确率： 100.00% -> 1  100.00%, 2    0.00%, 3    0.00%
类型2 正确率： 100.00% -> 1    0.00%, 2   99.75%, 3    0.25%
类型3 正确率： 100.00% -> 1    0.00%, 2    0.00%, 3  100.00%

被排除样本 正确率：75.00%
类型1 正确率：  75.00% -> 1   75.00%, 2   25.00%
类型2 没有样本或未被分类。


轮次:··1/·20 || c_Loss:0.501 || e_Loss:-1.079 || Aad_Loss:-29.858 || 耗时：33.74s
轮次:··2/·20 || c_Loss:0.405 || e_Loss:-1.051 || Aad_Loss:-30.438 || 耗时：12.93s
轮次:··3/·20 || c_Loss:0.389 || e_Loss:-0.976 || Aad_Loss:-30.476 || 耗时：12.86s
轮次:··4/·20 || c_Loss:0.360 || e_Loss:-0.950 || Aad_Loss:-32.505 || 耗时：12.76s
轮次:··5/·20 || c_Loss:0.367 || e_Loss:-1.023 || Aad_Loss:-31.396 || 耗时：12.74s
任务: (B3)N15_M07_F04→(B1)N15_M01_F10; mix批次:····0; 批次:··470/·1880;  总正确率: 100.00%
类型1 正确率： 100.00% -> 1  100.00%, 2    0.00%, 3    0.00%
类型2 正确率： 100.00% -> 1    0.00%, 2  100.00%, 3    0.00%
类型3 正确率： 100.00% -> 1    0.00%, 2    0.00%, 3  100.00%


样本变换：reverse
样本变换：mask
样本变换：shift
样本变换：none
未过滤	未用伪标签：100.00% -> 使用伪标签：100.00%
已过滤	未用伪标签：100.00% -> 使用伪标签：100.00%
排除样本：2000|6000	剩余：2000, 2000
增添样本：0		细则：0, 0, 0类型1 正确率： 100.00% -> 1  100.00%, 2    0.00%, 3    0.00%
类型2 正确率： 100.00% -> 1    0.00%, 2  100.00%, 3    0.00%
类型3 正确率： 100.00% -> 1    0.00%, 2    0.00%, 3  100.00%

被排除样本 正确率：nan%


轮次:··6/·20 || c_Loss:0.369 || e_Loss:-1.012 || Aad_Loss:-23.636 || 耗时：33.62s
轮次:··7/·20 || c_Loss:0.370 || e_Loss:-0.982 || Aad_Loss:-24.056 || 耗时：12.90s
轮次:··8/·20 || c_Loss:0.385 || e_Loss:-1.009 || Aad_Loss:-22.919 || 耗时：12.88s
轮次:··9/·20 || c_Loss:0.372 || e_Loss:-1.016 || Aad_Loss:-23.621 || 耗时：12.87s
轮次:·10/·20 || c_Loss:0.372 || e_Loss:-0.975 || Aad_Loss:-23.415 || 耗时：12.85s
任务: (B3)N15_M07_F04→(B1)N15_M01_F10; mix批次:····0; 批次:··940/·1880;  总正确率: 100.00%
类型1 正确率： 100.00% -> 1  100.00%, 2    0.00%, 3    0.00%
类型2 正确率： 100.00% -> 1    0.00%, 2  100.00%, 3    0.00%
类型3 正确率： 100.00% -> 1    0.00%, 2    0.00%, 3  100.00%


样本变换：reverse
样本变换：mask
样本变换：shift
样本变换：none
未过滤	未用伪标签：100.00% -> 使用伪标签：100.00%
已过滤	未用伪标签：100.00% -> 使用伪标签：100.00%
排除样本：2000|6000	剩余：2000, 2000
增添样本：0		细则：0, 0, 0类型1 正确率： 100.00% -> 1  100.00%, 2    0.00%, 3    0.00%
类型2 正确率： 100.00% -> 1    0.00%, 2  100.00%, 3    0.00%
类型3 正确率： 100.00% -> 1    0.00%, 2    0.00%, 3  100.00%

被排除样本 正确率：nan%


轮次:·11/·20 || c_Loss:0.371 || e_Loss:-1.015 || Aad_Loss:-23.837 || 耗时：33.54s
轮次:·12/·20 || c_Loss:0.370 || e_Loss:-0.985 || Aad_Loss:-24.221 || 耗时：12.85s
轮次:·13/·20 || c_Loss:0.379 || e_Loss:-1.011 || Aad_Loss:-23.274 || 耗时：12.88s
轮次:·14/·20 || c_Loss:0.371 || e_Loss:-1.016 || Aad_Loss:-23.771 || 耗时：12.90s
轮次:·15/·20 || c_Loss:0.372 || e_Loss:-0.975 || Aad_Loss:-23.621 || 耗时：12.86s
任务: (B3)N15_M07_F04→(B1)N15_M01_F10; mix批次:····0; 批次:·1410/·1880;  总正确率: 100.00%
类型1 正确率： 100.00% -> 1  100.00%, 2    0.00%, 3    0.00%
类型2 正确率： 100.00% -> 1    0.00%, 2  100.00%, 3    0.00%
类型3 正确率： 100.00% -> 1    0.00%, 2    0.00%, 3  100.00%


样本变换：reverse
样本变换：mask
样本变换：shift
样本变换：none
未过滤	未用伪标签：100.00% -> 使用伪标签：100.00%
已过滤	未用伪标签：100.00% -> 使用伪标签：100.00%
排除样本：2000|6000	剩余：2000, 2000
增添样本：0		细则：0, 0, 0类型1 正确率： 100.00% -> 1  100.00%, 2    0.00%, 3    0.00%
类型2 正确率： 100.00% -> 1    0.00%, 2  100.00%, 3    0.00%
类型3 正确率： 100.00% -> 1    0.00%, 2    0.00%, 3  100.00%

被排除样本 正确率：nan%


轮次:·16/·20 || c_Loss:0.370 || e_Loss:-1.015 || Aad_Loss:-23.940 || 耗时：33.65s
轮次:·17/·20 || c_Loss:0.370 || e_Loss:-0.986 || Aad_Loss:-24.310 || 耗时：12.82s
轮次:·18/·20 || c_Loss:0.377 || e_Loss:-1.012 || Aad_Loss:-23.459 || 耗时：12.84s
轮次:·19/·20 || c_Loss:0.370 || e_Loss:-1.015 || Aad_Loss:-23.861 || 耗时：12.85s
轮次:·20/·20 || c_Loss:0.371 || e_Loss:-0.975 || Aad_Loss:-23.755 || 耗时：12.86s
任务: (B3)N15_M07_F04→(B1)N15_M01_F10; mix批次:····0; 批次:·1880/·1880;  总正确率: 100.00%
类型1 正确率： 100.00% -> 1  100.00%, 2    0.00%, 3    0.00%
类型2 正确率： 100.00% -> 1    0.00%, 2  100.00%, 3    0.00%
类型3 正确率： 100.00% -> 1    0.00%, 2    0.00%, 3  100.00%


测试集任务: (B3)N15_M07_F04→(B1)N15_M01_F10; 总正确率 = 100.00%
类型1 正确率： 100.00% -> 1  100.00%, 2    0.00%, 3    0.00%
类型2 正确率： 100.00% -> 1    0.00%, 2  100.00%, 3    0.00%
类型3 正确率： 100.00% -> 1    0.00%, 2    0.00%, 3  100.00%


