读取源域路径：/kaggle/working/hust/H3/weight_HUST_M1_final_checkpoint_FH3toH3_s2024/NEW_PU/Source-源域/log&pt/(B1)N15_M01_F10
excel输出位置：/kaggle/working/hust/H3/weight_HUST_M1_final_checkpoint_FH3toH3_s2024/NEW_PU/Target-目标域
特征图片输出位置：/kaggle/working/hust/H3/weight_HUST_M1_final_checkpoint_FH3toH3_s2024/NEW_PU/Picture-特征图/2026年09月19日14时11分/(B1)N15_M01_F10
现在选取:(B1)N15_M01_F10 进行训练的源模型
现在进行：(B1)N15_M01_F10→(B3)N15_M07_F04 的迁移任务
log&pt输出位置：/kaggle/working/hust/H3/weight_HUST_M1_final_checkpoint_FH3toH3_s2024/NEW_PU/Target-目标域/log&pt/(B1)N15_M01_F10→(B3)N15_M07_F04
任务: (B1)N15_M01_F10→(B3)N15_M07_F04; 批次:····0/·1880;  总正确率: 99.98%
类型1 正确率： 100.00% -> 1  100.00%, 2    0.00%, 3    0.00%
类型2 正确率： 100.00% -> 1    0.00%, 2   99.95%, 3    0.05%
类型3 正确率： 100.00% -> 1    0.00%, 2    0.00%, 3  100.00%


样本变换：reverse
样本变换：mask
样本变换：shift
样本变换：none
未过滤	未用伪标签：99.98% -> 使用伪标签：99.85%
已过滤	未用伪标签：99.98% -> 使用伪标签：100.00%
排除样本：9|6000	剩余：2000, 1991, 2000
增添样本：9		细则：0, 9, 0	正确率估算：100.00%
类型1 正确率： 100.00% -> 1  100.00%, 2    0.00%, 3    0.00%
类型2 正确率： 100.00% -> 1    0.00%, 2  100.00%, 3    0.00%
类型3 正确率： 100.00% -> 1    0.00%, 2    0.00%, 3  100.00%

被排除样本 正确率：100.00%
类型1 正确率： 100.00% -> 1  100.00%


轮次:··1/·20 || c_Loss:0.501 || e_Loss:-1.052 || Aad_Loss:-25.354 || 耗时：33.71s
轮次:··2/·20 || c_Loss:0.400 || e_Loss:-1.020 || Aad_Loss:-27.215 || 耗时：12.99s
轮次:··3/·20 || c_Loss:0.372 || e_Loss:-1.031 || Aad_Loss:-27.115 || 耗时：12.93s
轮次:··4/·20 || c_Loss:0.364 || e_Loss:-1.275 || Aad_Loss:-27.462 || 耗时：12.86s
轮次:··5/·20 || c_Loss:0.357 || e_Loss:-0.984 || Aad_Loss:-28.174 || 耗时：12.85s
任务: (B1)N15_M01_F10→(B3)N15_M07_F04; mix批次:····0; 批次:··470/·1880;  总正确率: 100.00%
类型1 正确率： 100.00% -> 1  100.00%, 2    0.00%, 3    0.00%
类型2 正确率： 100.00% -> 1    0.00%, 2  100.00%, 3    0.00%
类型3 正确率： 100.00% -> 1    0.00%, 2    0.00%, 3  100.00%


样本变换：reverse
样本变换：mask
样本变换：shift
样本变换：none
未过滤	未用伪标签：100.00% -> 使用伪标签：100.00%
已过滤	未用伪标签：100.00% -> 使用伪标签：100.00%
排除样本：2000|6000	剩余：2000, 2000
增添样本：0		细则：0, 0, 0类型1 正确率： 100.00% -> 1  100.00%, 2    0.00%, 3    0.00%
类型2 正确率： 100.00% -> 1    0.00%, 2  100.00%, 3    0.00%
类型3 正确率： 100.00% -> 1    0.00%, 2    0.00%, 3  100.00%

被排除样本 正确率：nan%


轮次:··6/·20 || c_Loss:0.367 || e_Loss:-1.017 || Aad_Loss:-23.714 || 耗时：33.56s
轮次:··7/·20 || c_Loss:0.371 || e_Loss:-0.991 || Aad_Loss:-24.131 || 耗时：12.91s
轮次:··8/·20 || c_Loss:0.368 || e_Loss:-1.019 || Aad_Loss:-23.378 || 耗时：12.90s
轮次:··9/·20 || c_Loss:0.371 || e_Loss:-1.015 || Aad_Loss:-23.532 || 耗时：12.88s
轮次:·10/·20 || c_Loss:0.369 || e_Loss:-0.980 || Aad_Loss:-23.633 || 耗时：12.91s
任务: (B1)N15_M01_F10→(B3)N15_M07_F04; mix批次:····0; 批次:··940/·1880;  总正确率: 100.00%
类型1 正确率： 100.00% -> 1  100.00%, 2    0.00%, 3    0.00%
类型2 正确率： 100.00% -> 1    0.00%, 2  100.00%, 3    0.00%
类型3 正确率： 100.00% -> 1    0.00%, 2    0.00%, 3  100.00%


样本变换：reverse
样本变换：mask
样本变换：shift
样本变换：none
未过滤	未用伪标签：100.00% -> 使用伪标签：100.00%
已过滤	未用伪标签：100.00% -> 使用伪标签：100.00%
排除样本：2000|6000	剩余：2000, 2000
增添样本：0		细则：0, 0, 0类型1 正确率： 100.00% -> 1  100.00%, 2    0.00%, 3    0.00%
类型2 正确率： 100.00% -> 1    0.00%, 2  100.00%, 3    0.00%
类型3 正确率： 100.00% -> 1    0.00%, 2    0.00%, 3  100.00%

被排除样本 正确率：nan%


轮次:·11/·20 || c_Loss:0.370 || e_Loss:-1.020 || Aad_Loss:-23.890 || 耗时：33.71s
轮次:·12/·20 || c_Loss:0.372 || e_Loss:-0.992 || Aad_Loss:-24.275 || 耗时：12.87s
轮次:·13/·20 || c_Loss:0.369 || e_Loss:-1.021 || Aad_Loss:-23.557 || 耗时：12.87s
轮次:·14/·20 || c_Loss:0.371 || e_Loss:-1.014 || Aad_Loss:-23.686 || 耗时：12.86s
轮次:·15/·20 || c_Loss:0.368 || e_Loss:-0.981 || Aad_Loss:-23.815 || 耗时：12.86s
任务: (B1)N15_M01_F10→(B3)N15_M07_F04; mix批次:····0; 批次:·1410/·1880;  总正确率: 100.00%
类型1 正确率： 100.00% -> 1  100.00%, 2    0.00%, 3    0.00%
类型2 正确率： 100.00% -> 1    0.00%, 2  100.00%, 3    0.00%
类型3 正确率： 100.00% -> 1    0.00%, 2    0.00%, 3  100.00%


样本变换：reverse
样本变换：mask
样本变换：shift
样本变换：none
未过滤	未用伪标签：100.00% -> 使用伪标签：100.00%
已过滤	未用伪标签：100.00% -> 使用伪标签：100.00%
排除样本：2000|6000	剩余：2000, 2000
增添样本：0		细则：0, 0, 0类型1 正确率： 100.00% -> 1  100.00%, 2    0.00%, 3    0.00%
类型2 正确率： 100.00% -> 1    0.00%, 2  100.00%, 3    0.00%
类型3 正确率： 100.00% -> 1    0.00%, 2    0.00%, 3  100.00%

被排除样本 正确率：nan%


轮次:·16/·20 || c_Loss:0.370 || e_Loss:-1.020 || Aad_Loss:-23.979 || 耗时：33.63s
轮次:·17/·20 || c_Loss:0.372 || e_Loss:-0.993 || Aad_Loss:-24.355 || 耗时：12.87s
轮次:·18/·20 || c_Loss:0.369 || e_Loss:-1.021 || Aad_Loss:-23.654 || 耗时：12.89s
轮次:·19/·20 || c_Loss:0.371 || e_Loss:-1.014 || Aad_Loss:-23.779 || 耗时：12.86s
轮次:·20/·20 || c_Loss:0.368 || e_Loss:-0.981 || Aad_Loss:-23.928 || 耗时：12.88s
任务: (B1)N15_M01_F10→(B3)N15_M07_F04; mix批次:····0; 批次:·1880/·1880;  总正确率: 100.00%
类型1 正确率： 100.00% -> 1  100.00%, 2    0.00%, 3    0.00%
类型2 正确率： 100.00% -> 1    0.00%, 2  100.00%, 3    0.00%
类型3 正确率： 100.00% -> 1    0.00%, 2    0.00%, 3  100.00%


测试集任务: (B1)N15_M01_F10→(B3)N15_M07_F04; 总正确率 = 100.00%
类型1 正确率： 100.00% -> 1  100.00%, 2    0.00%, 3    0.00%
类型2 正确率： 100.00% -> 1    0.00%, 2  100.00%, 3    0.00%
类型3 正确率： 100.00% -> 1    0.00%, 2    0.00%, 3  100.00%


