读取源域路径：/kaggle/working/hust/H3/weight_HUST_M1_final_checkpoint_FH3toH3_s2024/NEW_PU/Source-源域/log&pt/(B2)N15_M07_F10
excel输出位置：/kaggle/working/hust/H3/weight_HUST_M1_final_checkpoint_FH3toH3_s2024/NEW_PU/Target-目标域
特征图片输出位置：/kaggle/working/hust/H3/weight_HUST_M1_final_checkpoint_FH3toH3_s2024/NEW_PU/Picture-特征图/2026年09月19日14时17分/(B2)N15_M07_F10
现在选取:(B2)N15_M07_F10 进行训练的源模型
现在进行：(B2)N15_M07_F10→(B1)N15_M01_F10 的迁移任务
log&pt输出位置：/kaggle/working/hust/H3/weight_HUST_M1_final_checkpoint_FH3toH3_s2024/NEW_PU/Target-目标域/log&pt/(B2)N15_M07_F10→(B1)N15_M01_F10
任务: (B2)N15_M07_F10→(B1)N15_M01_F10; 批次:····0/·1880;  总正确率: 98.73%
类型1 正确率： 100.00% -> 1  100.00%, 2    0.00%, 3    0.00%
类型2 正确率： 100.00% -> 1    0.00%, 2   99.90%, 3    0.10%
类型3 正确率：  96.00% -> 1    0.10%, 2    3.60%, 3   96.30%


样本变换：reverse
样本变换：mask
样本变换：shift
样本变换：none
未过滤	未用伪标签：98.73% -> 使用伪标签：99.93%
已过滤	未用伪标签：98.75% -> 使用伪标签：100.00%
排除样本：4|6000	剩余：2000, 1996, 2000
增添样本：4		细则：0, 4, 0	正确率估算：100.00%
类型1 正确率： 100.00% -> 1  100.00%, 2    0.00%, 3    0.00%
类型2 正确率： 100.00% -> 1    0.00%, 2  100.00%, 3    0.00%
类型3 正确率： 100.00% -> 1    0.00%, 2    0.00%, 3  100.00%

被排除样本 正确率：75.00%
类型1 正确率：  75.00% -> 1   75.00%, 2   25.00%
类型2 没有样本或未被分类。


轮次:··1/·20 || c_Loss:0.480 || e_Loss:-1.044 || Aad_Loss:-24.211 || 耗时：33.77s
轮次:··2/·20 || c_Loss:0.404 || e_Loss:-1.043 || Aad_Loss:-24.351 || 耗时：12.98s
轮次:··3/·20 || c_Loss:0.384 || e_Loss:-0.995 || Aad_Loss:-24.926 || 耗时：12.91s
轮次:··4/·20 || c_Loss:0.373 || e_Loss:-1.028 || Aad_Loss:-25.045 || 耗时：12.84s
轮次:··5/·20 || c_Loss:0.374 || e_Loss:-1.000 || Aad_Loss:-24.751 || 耗时：12.82s
任务: (B2)N15_M07_F10→(B1)N15_M01_F10; mix批次:····0; 批次:··470/·1880;  总正确率: 100.00%
类型1 正确率： 100.00% -> 1  100.00%, 2    0.00%, 3    0.00%
类型2 正确率： 100.00% -> 1    0.00%, 2  100.00%, 3    0.00%
类型3 正确率： 100.00% -> 1    0.00%, 2    0.00%, 3  100.00%


样本变换：reverse
样本变换：mask
样本变换：shift
样本变换：none
未过滤	未用伪标签：100.00% -> 使用伪标签：100.00%
已过滤	未用伪标签：100.00% -> 使用伪标签：100.00%
排除样本：2000|6000	剩余：2000, 2000
增添样本：0		细则：0, 0, 0类型1 正确率： 100.00% -> 1  100.00%, 2    0.00%, 3    0.00%
类型2 正确率： 100.00% -> 1    0.00%, 2  100.00%, 3    0.00%
类型3 正确率： 100.00% -> 1    0.00%, 2    0.00%, 3  100.00%

被排除样本 正确率：nan%


轮次:··6/·20 || c_Loss:0.374 || e_Loss:-1.013 || Aad_Loss:-23.637 || 耗时：33.57s
轮次:··7/·20 || c_Loss:0.373 || e_Loss:-0.976 || Aad_Loss:-24.155 || 耗时：12.89s
轮次:··8/·20 || c_Loss:0.383 || e_Loss:-1.009 || Aad_Loss:-23.104 || 耗时：12.92s
轮次:··9/·20 || c_Loss:0.371 || e_Loss:-1.009 || Aad_Loss:-23.532 || 耗时：12.92s
轮次:·10/·20 || c_Loss:0.374 || e_Loss:-0.981 || Aad_Loss:-23.373 || 耗时：12.89s
任务: (B2)N15_M07_F10→(B1)N15_M01_F10; mix批次:····0; 批次:··940/·1880;  总正确率: 100.00%
类型1 正确率： 100.00% -> 1  100.00%, 2    0.00%, 3    0.00%
类型2 正确率： 100.00% -> 1    0.00%, 2  100.00%, 3    0.00%
类型3 正确率： 100.00% -> 1    0.00%, 2    0.00%, 3  100.00%


样本变换：reverse
样本变换：mask
样本变换：shift
样本变换：none
未过滤	未用伪标签：100.00% -> 使用伪标签：100.00%
已过滤	未用伪标签：100.00% -> 使用伪标签：100.00%
排除样本：2000|6000	剩余：2000, 2000
增添样本：0		细则：0, 0, 0类型1 正确率： 100.00% -> 1  100.00%, 2    0.00%, 3    0.00%
类型2 正确率： 100.00% -> 1    0.00%, 2  100.00%, 3    0.00%
类型3 正确率： 100.00% -> 1    0.00%, 2    0.00%, 3  100.00%

被排除样本 正确率：nan%


轮次:·11/·20 || c_Loss:0.374 || e_Loss:-1.014 || Aad_Loss:-23.827 || 耗时：33.95s
轮次:·12/·20 || c_Loss:0.373 || e_Loss:-0.980 || Aad_Loss:-24.311 || 耗时：12.84s
轮次:·13/·20 || c_Loss:0.380 || e_Loss:-1.011 || Aad_Loss:-23.404 || 耗时：12.86s
轮次:·14/·20 || c_Loss:0.371 || e_Loss:-1.010 || Aad_Loss:-23.711 || 耗时：12.90s
轮次:·15/·20 || c_Loss:0.373 || e_Loss:-0.983 || Aad_Loss:-23.660 || 耗时：12.88s
任务: (B2)N15_M07_F10→(B1)N15_M01_F10; mix批次:····0; 批次:·1410/·1880;  总正确率: 100.00%
类型1 正确率： 100.00% -> 1  100.00%, 2    0.00%, 3    0.00%
类型2 正确率： 100.00% -> 1    0.00%, 2  100.00%, 3    0.00%
类型3 正确率： 100.00% -> 1    0.00%, 2    0.00%, 3  100.00%


样本变换：reverse
样本变换：mask
样本变换：shift
样本变换：none
未过滤	未用伪标签：100.00% -> 使用伪标签：100.00%
已过滤	未用伪标签：100.00% -> 使用伪标签：100.00%
排除样本：2000|6000	剩余：2000, 2000
增添样本：0		细则：0, 0, 0类型1 正确率： 100.00% -> 1  100.00%, 2    0.00%, 3    0.00%
类型2 正确率： 100.00% -> 1    0.00%, 2  100.00%, 3    0.00%
类型3 正确率： 100.00% -> 1    0.00%, 2    0.00%, 3  100.00%

被排除样本 正确率：nan%


轮次:·16/·20 || c_Loss:0.374 || e_Loss:-1.013 || Aad_Loss:-23.918 || 耗时：33.65s
轮次:·17/·20 || c_Loss:0.372 || e_Loss:-0.981 || Aad_Loss:-24.391 || 耗时：12.84s
轮次:·18/·20 || c_Loss:0.379 || e_Loss:-1.013 || Aad_Loss:-23.561 || 耗时：12.86s
轮次:·19/·20 || c_Loss:0.370 || e_Loss:-1.010 || Aad_Loss:-23.817 || 耗时：12.86s
轮次:·20/·20 || c_Loss:0.373 || e_Loss:-0.984 || Aad_Loss:-23.825 || 耗时：12.85s
任务: (B2)N15_M07_F10→(B1)N15_M01_F10; mix批次:····0; 批次:·1880/·1880;  总正确率: 100.00%
类型1 正确率： 100.00% -> 1  100.00%, 2    0.00%, 3    0.00%
类型2 正确率： 100.00% -> 1    0.00%, 2  100.00%, 3    0.00%
类型3 正确率： 100.00% -> 1    0.00%, 2    0.00%, 3  100.00%


测试集任务: (B2)N15_M07_F10→(B1)N15_M01_F10; 总正确率 = 100.00%
类型1 正确率： 100.00% -> 1  100.00%, 2    0.00%, 3    0.00%
类型2 正确率： 100.00% -> 1    0.00%, 2  100.00%, 3    0.00%
类型3 正确率： 100.00% -> 1    0.00%, 2    0.00%, 3  100.00%


