读取源域路径：/kaggle/working/hust/H5/weight_HUST_M1_final_checkpoint_FH5toH5_s2024/NEW_PU/Source-源域/log&pt/(B3)N15_M07_F04
excel输出位置：/kaggle/working/hust/H5/weight_HUST_M1_final_checkpoint_FH5toH5_s2024/NEW_PU/Target-目标域
特征图片输出位置：/kaggle/working/hust/H5/weight_HUST_M1_final_checkpoint_FH5toH5_s2024/NEW_PU/Picture-特征图/2026年09月19日17时09分/(B3)N15_M07_F04
现在选取:(B3)N15_M07_F04 进行训练的源模型
现在进行：(B3)N15_M07_F04→(B2)N15_M07_F10 的迁移任务
log&pt输出位置：/kaggle/working/hust/H5/weight_HUST_M1_final_checkpoint_FH5toH5_s2024/NEW_PU/Target-目标域/log&pt/(B3)N15_M07_F04→(B2)N15_M07_F10
任务: (B3)N15_M07_F04→(B2)N15_M07_F10; 批次:····0/·1880;  总正确率: 100.00%
类型1 正确率： 100.00% -> 1  100.00%, 2    0.00%, 3    0.00%
类型2 正确率： 100.00% -> 1    0.00%, 2  100.00%, 3    0.00%
类型3 正确率： 100.00% -> 1    0.00%, 2    0.00%, 3  100.00%


样本变换：reverse
样本变换：mask
样本变换：shift
样本变换：none
未过滤	未用伪标签：100.00% -> 使用伪标签：100.00%
已过滤	未用伪标签：100.00% -> 使用伪标签：100.00%
排除样本：2000|6000	剩余：2000, 2000
增添样本：0		细则：0, 0, 0类型1 正确率： 100.00% -> 1  100.00%, 2    0.00%, 3    0.00%
类型2 正确率： 100.00% -> 1    0.00%, 2  100.00%, 3    0.00%
类型3 正确率： 100.00% -> 1    0.00%, 2    0.00%, 3  100.00%

被排除样本 正确率：nan%


轮次:··1/·20 || c_Loss:0.538 || e_Loss:-1.073 || Aad_Loss:-22.761 || 耗时：33.64s
轮次:··2/·20 || c_Loss:0.423 || e_Loss:-1.017 || Aad_Loss:-23.555 || 耗时：13.02s
轮次:··3/·20 || c_Loss:0.388 || e_Loss:-1.023 || Aad_Loss:-22.760 || 耗时：12.91s
轮次:··4/·20 || c_Loss:0.382 || e_Loss:-1.018 || Aad_Loss:-23.280 || 耗时：12.81s
轮次:··5/·20 || c_Loss:0.378 || e_Loss:-0.983 || Aad_Loss:-23.317 || 耗时：12.79s
任务: (B3)N15_M07_F04→(B2)N15_M07_F10; mix批次:····0; 批次:··470/·1880;  总正确率: 99.98%
类型1 正确率： 100.00% -> 1  100.00%, 2    0.00%, 3    0.00%
类型2 正确率： 100.00% -> 1    0.00%, 2   99.95%, 3    0.05%
类型3 正确率： 100.00% -> 1    0.00%, 2    0.00%, 3  100.00%


样本变换：reverse
样本变换：mask
样本变换：shift
样本变换：none
未过滤	未用伪标签：99.98% -> 使用伪标签：99.98%
已过滤	未用伪标签：99.98% -> 使用伪标签：99.98%
排除样本：2000|6000	剩余：1999, 2001
增添样本：3		细则：1, 2, 0	正确率估算：100.00%
类型1 正确率： 100.00% -> 1  100.00%, 2    0.00%, 3    0.00%
类型2 正确率： 100.00% -> 1    0.00%, 2   99.95%, 3    0.05%
类型3 正确率： 100.00% -> 1    0.00%, 2    0.00%, 3  100.00%

被排除样本 正确率：nan%


轮次:··6/·20 || c_Loss:0.374 || e_Loss:-1.020 || Aad_Loss:-24.804 || 耗时：33.62s
轮次:··7/·20 || c_Loss:0.374 || e_Loss:-0.945 || Aad_Loss:-25.597 || 耗时：12.97s
轮次:··8/·20 || c_Loss:0.372 || e_Loss:-0.891 || Aad_Loss:-26.129 || 耗时：12.92s
轮次:··9/·20 || c_Loss:0.378 || e_Loss:-1.011 || Aad_Loss:-24.647 || 耗时：12.85s
轮次:·10/·20 || c_Loss:0.384 || e_Loss:-0.864 || Aad_Loss:-26.420 || 耗时：12.82s
任务: (B3)N15_M07_F04→(B2)N15_M07_F10; mix批次:····0; 批次:··940/·1880;  总正确率: 99.98%
类型1 正确率： 100.00% -> 1  100.00%, 2    0.00%, 3    0.00%
类型2 正确率： 100.00% -> 1    0.00%, 2   99.95%, 3    0.05%
类型3 正确率： 100.00% -> 1    0.00%, 2    0.00%, 3  100.00%


样本变换：reverse
样本变换：mask
样本变换：shift
样本变换：none
未过滤	未用伪标签：99.98% -> 使用伪标签：100.00%
已过滤	未用伪标签：99.98% -> 使用伪标签：100.00%
排除样本：2000|6000	剩余：2000, 2000
增添样本：0		细则：0, 0, 0类型1 正确率： 100.00% -> 1  100.00%, 2    0.00%, 3    0.00%
类型2 正确率： 100.00% -> 1    0.00%, 2  100.00%, 3    0.00%
类型3 正确率： 100.00% -> 1    0.00%, 2    0.00%, 3  100.00%

被排除样本 正确率：nan%


轮次:·11/·20 || c_Loss:0.370 || e_Loss:-1.017 || Aad_Loss:-23.788 || 耗时：33.50s
轮次:·12/·20 || c_Loss:0.370 || e_Loss:-0.988 || Aad_Loss:-24.191 || 耗时：12.88s
轮次:·13/·20 || c_Loss:0.371 || e_Loss:-1.011 || Aad_Loss:-23.359 || 耗时：12.89s
轮次:·14/·20 || c_Loss:0.374 || e_Loss:-1.015 || Aad_Loss:-23.694 || 耗时：12.89s
轮次:·15/·20 || c_Loss:0.374 || e_Loss:-0.981 || Aad_Loss:-23.794 || 耗时：12.84s
任务: (B3)N15_M07_F04→(B2)N15_M07_F10; mix批次:····0; 批次:·1410/·1880;  总正确率: 99.98%
类型1 正确率： 100.00% -> 1  100.00%, 2    0.00%, 3    0.00%
类型2 正确率： 100.00% -> 1    0.00%, 2   99.95%, 3    0.05%
类型3 正确率： 100.00% -> 1    0.00%, 2    0.00%, 3  100.00%


样本变换：reverse
样本变换：mask
样本变换：shift
样本变换：none
未过滤	未用伪标签：99.98% -> 使用伪标签：99.98%
已过滤	未用伪标签：99.98% -> 使用伪标签：99.98%
排除样本：2000|6000	剩余：1999, 2001
增添样本：3		细则：1, 2, 0	正确率估算：100.00%
类型1 正确率： 100.00% -> 1  100.00%, 2    0.00%, 3    0.00%
类型2 正确率： 100.00% -> 1    0.00%, 2   99.95%, 3    0.05%
类型3 正确率： 100.00% -> 1    0.00%, 2    0.00%, 3  100.00%

被排除样本 正确率：nan%


轮次:·16/·20 || c_Loss:0.371 || e_Loss:-1.020 || Aad_Loss:-25.106 || 耗时：33.57s
轮次:·17/·20 || c_Loss:0.371 || e_Loss:-0.949 || Aad_Loss:-25.914 || 耗时：12.89s
轮次:·18/·20 || c_Loss:0.371 || e_Loss:-0.894 || Aad_Loss:-26.574 || 耗时：12.92s
轮次:·19/·20 || c_Loss:0.375 || e_Loss:-1.014 || Aad_Loss:-24.945 || 耗时：12.92s
轮次:·20/·20 || c_Loss:0.379 || e_Loss:-0.868 || Aad_Loss:-26.709 || 耗时：12.89s
任务: (B3)N15_M07_F04→(B2)N15_M07_F10; mix批次:····0; 批次:·1880/·1880;  总正确率: 100.00%
类型1 正确率： 100.00% -> 1  100.00%, 2    0.00%, 3    0.00%
类型2 正确率： 100.00% -> 1    0.00%, 2  100.00%, 3    0.00%
类型3 正确率： 100.00% -> 1    0.00%, 2    0.00%, 3  100.00%


测试集任务: (B3)N15_M07_F04→(B2)N15_M07_F10; 总正确率 = 100.00%
类型1 正确率： 100.00% -> 1  100.00%, 2    0.00%, 3    0.00%
类型2 正确率： 100.00% -> 1    0.00%, 2  100.00%, 3    0.00%
类型3 正确率： 100.00% -> 1    0.00%, 2    0.00%, 3  100.00%


