读取源域路径：/kaggle/working/hust/H5/weight_HUST_M1_final_checkpoint_FH5toH5_s2024/NEW_PU/Source-源域/log&pt/(B2)N15_M07_F10
excel输出位置：/kaggle/working/hust/H5/weight_HUST_M1_final_checkpoint_FH5toH5_s2024/NEW_PU/Target-目标域
特征图片输出位置：/kaggle/working/hust/H5/weight_HUST_M1_final_checkpoint_FH5toH5_s2024/NEW_PU/Picture-特征图/2026年09月19日16时57分/(B2)N15_M07_F10
现在选取:(B2)N15_M07_F10 进行训练的源模型
现在进行：(B2)N15_M07_F10→(B3)N15_M07_F04 的迁移任务
log&pt输出位置：/kaggle/working/hust/H5/weight_HUST_M1_final_checkpoint_FH5toH5_s2024/NEW_PU/Target-目标域/log&pt/(B2)N15_M07_F10→(B3)N15_M07_F04
任务: (B2)N15_M07_F10→(B3)N15_M07_F04; 批次:····0/·1880;  总正确率: 99.97%
类型1 正确率： 100.00% -> 1  100.00%, 2    0.00%, 3    0.00%
类型2 正确率： 100.00% -> 1    0.00%, 2   99.90%, 3    0.10%
类型3 正确率： 100.00% -> 1    0.00%, 2    0.00%, 3  100.00%


样本变换：reverse
样本变换：mask
样本变换：shift
样本变换：none
未过滤	未用伪标签：99.97% -> 使用伪标签：99.97%
已过滤	未用伪标签：99.98% -> 使用伪标签：99.98%
排除样本：1|6000	剩余：2000, 1998, 2001
增添样本：4		细则：1, 3, 0	正确率估算：100.00%
类型1 正确率： 100.00% -> 1  100.00%, 2    0.00%, 3    0.00%
类型2 正确率： 100.00% -> 1    0.00%, 2   99.95%, 3    0.05%
类型3 正确率： 100.00% -> 1    0.00%, 2    0.00%, 3  100.00%

被排除样本 正确率：0.00%
类型1 正确率：   0.00% -> 1    0.00%, 2  100.00%
类型2 没有样本或未被分类。


轮次:··1/·20 || c_Loss:0.516 || e_Loss:-1.066 || Aad_Loss:-24.518 || 耗时：33.86s
轮次:··2/·20 || c_Loss:0.403 || e_Loss:-1.055 || Aad_Loss:-24.293 || 耗时：12.99s
轮次:··3/·20 || c_Loss:0.380 || e_Loss:-1.001 || Aad_Loss:-25.281 || 耗时：12.91s
轮次:··4/·20 || c_Loss:0.372 || e_Loss:-1.021 || Aad_Loss:-24.696 || 耗时：12.84s
轮次:··5/·20 || c_Loss:0.371 || e_Loss:-1.020 || Aad_Loss:-24.915 || 耗时：12.83s
任务: (B2)N15_M07_F10→(B3)N15_M07_F04; mix批次:····0; 批次:··470/·1880;  总正确率: 99.97%
类型1 正确率： 100.00% -> 1  100.00%, 2    0.00%, 3    0.00%
类型2 正确率： 100.00% -> 1    0.00%, 2   99.90%, 3    0.10%
类型3 正确率： 100.00% -> 1    0.00%, 2    0.00%, 3  100.00%


样本变换：reverse
样本变换：mask
样本变换：shift
样本变换：none
未过滤	未用伪标签：99.97% -> 使用伪标签：99.98%
已过滤	未用伪标签：99.98% -> 使用伪标签：100.00%
排除样本：1|6000	剩余：2000, 1999, 2000
增添样本：1		细则：0, 1, 0	正确率估算：100.00%
类型1 正确率： 100.00% -> 1  100.00%, 2    0.00%, 3    0.00%
类型2 正确率： 100.00% -> 1    0.00%, 2  100.00%, 3    0.00%
类型3 正确率： 100.00% -> 1    0.00%, 2    0.00%, 3  100.00%

被排除样本 正确率：0.00%
类型1 正确率：   0.00% -> 1    0.00%, 2  100.00%
类型2 没有样本或未被分类。


轮次:··6/·20 || c_Loss:0.369 || e_Loss:-1.024 || Aad_Loss:-23.691 || 耗时：33.66s
轮次:··7/·20 || c_Loss:0.370 || e_Loss:-1.026 || Aad_Loss:-23.474 || 耗时：12.88s
轮次:··8/·20 || c_Loss:0.401 || e_Loss:-0.944 || Aad_Loss:-24.808 || 耗时：12.89s
轮次:··9/·20 || c_Loss:0.372 || e_Loss:-1.016 || Aad_Loss:-23.554 || 耗时：12.90s
轮次:·10/·20 || c_Loss:0.369 || e_Loss:-1.030 || Aad_Loss:-23.633 || 耗时：12.89s
任务: (B2)N15_M07_F10→(B3)N15_M07_F04; mix批次:····0; 批次:··940/·1880;  总正确率: 99.98%
类型1 正确率： 100.00% -> 1  100.00%, 2    0.00%, 3    0.00%
类型2 正确率： 100.00% -> 1    0.00%, 2   99.95%, 3    0.05%
类型3 正确率： 100.00% -> 1    0.00%, 2    0.00%, 3  100.00%


样本变换：reverse
样本变换：mask
样本变换：shift
样本变换：none
未过滤	未用伪标签：99.98% -> 使用伪标签：100.00%
已过滤	未用伪标签：99.98% -> 使用伪标签：100.00%
排除样本：2000|6000	剩余：2000, 2000
增添样本：0		细则：0, 0, 0类型1 正确率： 100.00% -> 1  100.00%, 2    0.00%, 3    0.00%
类型2 正确率： 100.00% -> 1    0.00%, 2  100.00%, 3    0.00%
类型3 正确率： 100.00% -> 1    0.00%, 2    0.00%, 3  100.00%

被排除样本 正确率：nan%


轮次:·11/·20 || c_Loss:0.369 || e_Loss:-1.007 || Aad_Loss:-23.611 || 耗时：33.71s
轮次:·12/·20 || c_Loss:0.369 || e_Loss:-0.984 || Aad_Loss:-24.169 || 耗时：12.86s
轮次:·13/·20 || c_Loss:0.381 || e_Loss:-1.009 || Aad_Loss:-23.028 || 耗时：12.86s
轮次:·14/·20 || c_Loss:0.372 || e_Loss:-1.016 || Aad_Loss:-23.620 || 耗时：12.86s
轮次:·15/·20 || c_Loss:0.371 || e_Loss:-0.985 || Aad_Loss:-23.748 || 耗时：12.85s
任务: (B2)N15_M07_F10→(B3)N15_M07_F04; mix批次:····0; 批次:·1410/·1880;  总正确率: 99.98%
类型1 正确率： 100.00% -> 1  100.00%, 2    0.00%, 3    0.00%
类型2 正确率： 100.00% -> 1    0.00%, 2   99.95%, 3    0.05%
类型3 正确率： 100.00% -> 1    0.00%, 2    0.00%, 3  100.00%


样本变换：reverse
样本变换：mask
样本变换：shift
样本变换：none
未过滤	未用伪标签：99.98% -> 使用伪标签：99.98%
已过滤	未用伪标签：100.00% -> 使用伪标签：100.00%
排除样本：1|6000	剩余：2000, 1999, 2000
增添样本：1		细则：0, 1, 0	正确率估算：100.00%
类型1 正确率： 100.00% -> 1  100.00%, 2    0.00%, 3    0.00%
类型2 正确率： 100.00% -> 1    0.00%, 2  100.00%, 3    0.00%
类型3 正确率： 100.00% -> 1    0.00%, 2    0.00%, 3  100.00%

被排除样本 正确率：0.00%
类型1 正确率：   0.00% -> 1    0.00%, 2  100.00%
类型2 没有样本或未被分类。


轮次:·16/·20 || c_Loss:0.368 || e_Loss:-1.026 || Aad_Loss:-24.044 || 耗时：33.76s
轮次:·17/·20 || c_Loss:0.370 || e_Loss:-1.026 || Aad_Loss:-23.772 || 耗时：12.90s
轮次:·18/·20 || c_Loss:0.390 || e_Loss:-0.939 || Aad_Loss:-25.306 || 耗时：12.91s
轮次:·19/·20 || c_Loss:0.371 || e_Loss:-1.019 || Aad_Loss:-23.822 || 耗时：12.92s
轮次:·20/·20 || c_Loss:0.368 || e_Loss:-1.030 || Aad_Loss:-23.854 || 耗时：12.92s
任务: (B2)N15_M07_F10→(B3)N15_M07_F04; mix批次:····0; 批次:·1880/·1880;  总正确率: 99.98%
类型1 正确率： 100.00% -> 1  100.00%, 2    0.00%, 3    0.00%
类型2 正确率： 100.00% -> 1    0.00%, 2   99.95%, 3    0.05%
类型3 正确率： 100.00% -> 1    0.00%, 2    0.00%, 3  100.00%


测试集任务: (B2)N15_M07_F10→(B3)N15_M07_F04; 总正确率 = 99.98%
类型1 正确率： 100.00% -> 1  100.00%, 2    0.00%, 3    0.00%
类型2 正确率： 100.00% -> 1    0.00%, 2   99.95%, 3    0.05%
类型3 正确率： 100.00% -> 1    0.00%, 2    0.00%, 3  100.00%


