读取源域路径：/kaggle/working/hust/H5/weight_HUST_M1_final_checkpoint_FH5toH5_s2024/NEW_PU/Source-源域/log&pt/(B1)N15_M01_F10
excel输出位置：/kaggle/working/hust/H5/weight_HUST_M1_final_checkpoint_FH5toH5_s2024/NEW_PU/Target-目标域
特征图片输出位置：/kaggle/working/hust/H5/weight_HUST_M1_final_checkpoint_FH5toH5_s2024/NEW_PU/Picture-特征图/2026年09月19日16时45分/(B1)N15_M01_F10
现在选取:(B1)N15_M01_F10 进行训练的源模型
现在进行：(B1)N15_M01_F10→(B3)N15_M07_F04 的迁移任务
log&pt输出位置：/kaggle/working/hust/H5/weight_HUST_M1_final_checkpoint_FH5toH5_s2024/NEW_PU/Target-目标域/log&pt/(B1)N15_M01_F10→(B3)N15_M07_F04
任务: (B1)N15_M01_F10→(B3)N15_M07_F04; 批次:····0/·1880;  总正确率: 100.00%
类型1 正确率： 100.00% -> 1  100.00%, 2    0.00%, 3    0.00%
类型2 正确率： 100.00% -> 1    0.00%, 2  100.00%, 3    0.00%
类型3 正确率： 100.00% -> 1    0.00%, 2    0.00%, 3  100.00%


样本变换：reverse
样本变换：mask
样本变换：shift
样本变换：none
未过滤	未用伪标签：100.00% -> 使用伪标签：99.83%
已过滤	未用伪标签：100.00% -> 使用伪标签：100.00%
排除样本：10|6000	剩余：2000, 1990, 2000
增添样本：10		细则：0, 10, 0	正确率估算：100.00%
类型1 正确率： 100.00% -> 1  100.00%, 2    0.00%, 3    0.00%
类型2 正确率： 100.00% -> 1    0.00%, 2  100.00%, 3    0.00%
类型3 正确率： 100.00% -> 1    0.00%, 2    0.00%, 3  100.00%

被排除样本 正确率：100.00%
类型1 正确率： 100.00% -> 1  100.00%


轮次:··1/·20 || c_Loss:0.507 || e_Loss:-1.067 || Aad_Loss:-26.880 || 耗时：33.97s
轮次:··2/·20 || c_Loss:0.385 || e_Loss:-1.025 || Aad_Loss:-28.040 || 耗时：13.02s
轮次:··3/·20 || c_Loss:0.371 || e_Loss:-1.486 || Aad_Loss:-27.627 || 耗时：12.95s
轮次:··4/·20 || c_Loss:0.360 || e_Loss:-1.017 || Aad_Loss:-27.742 || 耗时：12.88s
轮次:··5/·20 || c_Loss:0.359 || e_Loss:-1.007 || Aad_Loss:-27.834 || 耗时：12.85s
任务: (B1)N15_M01_F10→(B3)N15_M07_F04; mix批次:····0; 批次:··470/·1880;  总正确率: 99.95%
类型1 正确率： 100.00% -> 1  100.00%, 2    0.00%, 3    0.00%
类型2 正确率： 100.00% -> 1    0.00%, 2   99.85%, 3    0.15%
类型3 正确率： 100.00% -> 1    0.00%, 2    0.00%, 3  100.00%


样本变换：reverse
样本变换：mask
样本变换：shift
样本变换：none
未过滤	未用伪标签：99.95% -> 使用伪标签：99.97%
已过滤	未用伪标签：99.95% -> 使用伪标签：100.00%
排除样本：2|6000	剩余：2000, 1998, 2000
增添样本：2		细则：0, 2, 0	正确率估算：100.00%
类型1 正确率： 100.00% -> 1  100.00%, 2    0.00%, 3    0.00%
类型2 正确率： 100.00% -> 1    0.00%, 2  100.00%, 3    0.00%
类型3 正确率： 100.00% -> 1    0.00%, 2    0.00%, 3  100.00%

被排除样本 正确率：100.00%
类型1 正确率： 100.00% -> 1  100.00%


轮次:··6/·20 || c_Loss:0.361 || e_Loss:-0.992 || Aad_Loss:-24.989 || 耗时：33.70s
轮次:··7/·20 || c_Loss:0.369 || e_Loss:-1.000 || Aad_Loss:-24.204 || 耗时：12.87s
轮次:··8/·20 || c_Loss:0.371 || e_Loss:-1.730 || Aad_Loss:-23.816 || 耗时：12.91s
轮次:··9/·20 || c_Loss:0.364 || e_Loss:-1.009 || Aad_Loss:-24.228 || 耗时：12.95s
轮次:·10/·20 || c_Loss:0.369 || e_Loss:-0.999 || Aad_Loss:-24.349 || 耗时：12.92s
任务: (B1)N15_M01_F10→(B3)N15_M07_F04; mix批次:····0; 批次:··940/·1880;  总正确率: 100.00%
类型1 正确率： 100.00% -> 1  100.00%, 2    0.00%, 3    0.00%
类型2 正确率： 100.00% -> 1    0.00%, 2  100.00%, 3    0.00%
类型3 正确率： 100.00% -> 1    0.00%, 2    0.00%, 3  100.00%


样本变换：reverse
样本变换：mask
样本变换：shift
样本变换：none
未过滤	未用伪标签：100.00% -> 使用伪标签：100.00%
已过滤	未用伪标签：100.00% -> 使用伪标签：100.00%
排除样本：2000|6000	剩余：2000, 2000
增添样本：0		细则：0, 0, 0类型1 正确率： 100.00% -> 1  100.00%, 2    0.00%, 3    0.00%
类型2 正确率： 100.00% -> 1    0.00%, 2  100.00%, 3    0.00%
类型3 正确率： 100.00% -> 1    0.00%, 2    0.00%, 3  100.00%

被排除样本 正确率：nan%


轮次:·11/·20 || c_Loss:0.367 || e_Loss:-1.012 || Aad_Loss:-23.754 || 耗时：33.75s
轮次:·12/·20 || c_Loss:0.368 || e_Loss:-0.988 || Aad_Loss:-24.189 || 耗时：12.88s
轮次:·13/·20 || c_Loss:0.377 || e_Loss:-1.006 || Aad_Loss:-23.192 || 耗时：12.88s
轮次:·14/·20 || c_Loss:0.372 || e_Loss:-1.015 || Aad_Loss:-23.609 || 耗时：12.89s
轮次:·15/·20 || c_Loss:0.370 || e_Loss:-0.989 || Aad_Loss:-24.014 || 耗时：12.93s
任务: (B1)N15_M01_F10→(B3)N15_M07_F04; mix批次:····0; 批次:·1410/·1880;  总正确率: 100.00%
类型1 正确率： 100.00% -> 1  100.00%, 2    0.00%, 3    0.00%
类型2 正确率： 100.00% -> 1    0.00%, 2  100.00%, 3    0.00%
类型3 正确率： 100.00% -> 1    0.00%, 2    0.00%, 3  100.00%


样本变换：reverse
样本变换：mask
样本变换：shift
样本变换：none
未过滤	未用伪标签：100.00% -> 使用伪标签：100.00%
已过滤	未用伪标签：100.00% -> 使用伪标签：100.00%
排除样本：2000|6000	剩余：2000, 2000
增添样本：0		细则：0, 0, 0类型1 正确率： 100.00% -> 1  100.00%, 2    0.00%, 3    0.00%
类型2 正确率： 100.00% -> 1    0.00%, 2  100.00%, 3    0.00%
类型3 正确率： 100.00% -> 1    0.00%, 2    0.00%, 3  100.00%

被排除样本 正确率：nan%


轮次:·16/·20 || c_Loss:0.368 || e_Loss:-1.013 || Aad_Loss:-23.851 || 耗时：33.62s
轮次:·17/·20 || c_Loss:0.368 || e_Loss:-0.989 || Aad_Loss:-24.271 || 耗时：12.82s
轮次:·18/·20 || c_Loss:0.376 || e_Loss:-1.008 || Aad_Loss:-23.336 || 耗时：12.81s
轮次:·19/·20 || c_Loss:0.372 || e_Loss:-1.015 || Aad_Loss:-23.705 || 耗时：12.83s
轮次:·20/·20 || c_Loss:0.370 || e_Loss:-0.988 || Aad_Loss:-24.105 || 耗时：12.85s
任务: (B1)N15_M01_F10→(B3)N15_M07_F04; mix批次:····0; 批次:·1880/·1880;  总正确率: 100.00%
类型1 正确率： 100.00% -> 1  100.00%, 2    0.00%, 3    0.00%
类型2 正确率： 100.00% -> 1    0.00%, 2  100.00%, 3    0.00%
类型3 正确率： 100.00% -> 1    0.00%, 2    0.00%, 3  100.00%


测试集任务: (B1)N15_M01_F10→(B3)N15_M07_F04; 总正确率 = 100.00%
类型1 正确率： 100.00% -> 1  100.00%, 2    0.00%, 3    0.00%
类型2 正确率： 100.00% -> 1    0.00%, 2  100.00%, 3    0.00%
类型3 正确率： 100.00% -> 1    0.00%, 2    0.00%, 3  100.00%


