读取源域路径：/kaggle/working/hust/H5/weight_HUST_M1_final_checkpoint_FH5toH5_s2024/NEW_PU/Source-源域/log&pt/(B3)N15_M07_F04
excel输出位置：/kaggle/working/hust/H5/weight_HUST_M1_final_checkpoint_FH5toH5_s2024/NEW_PU/Target-目标域
特征图片输出位置：/kaggle/working/hust/H5/weight_HUST_M1_final_checkpoint_FH5toH5_s2024/NEW_PU/Picture-特征图/2026年09月19日17时03分/(B3)N15_M07_F04
现在选取:(B3)N15_M07_F04 进行训练的源模型
现在进行：(B3)N15_M07_F04→(B1)N15_M01_F10 的迁移任务
log&pt输出位置：/kaggle/working/hust/H5/weight_HUST_M1_final_checkpoint_FH5toH5_s2024/NEW_PU/Target-目标域/log&pt/(B3)N15_M07_F04→(B1)N15_M01_F10
任务: (B3)N15_M07_F04→(B1)N15_M01_F10; 批次:····0/·1880;  总正确率: 99.70%
类型1 正确率： 100.00% -> 1  100.00%, 2    0.00%, 3    0.00%
类型2 正确率： 100.00% -> 1    0.00%, 2   99.55%, 3    0.45%
类型3 正确率： 100.00% -> 1    0.20%, 2    0.25%, 3   99.55%


样本变换：reverse
样本变换：mask
样本变换：shift
样本变换：none
未过滤	未用伪标签：99.70% -> 使用伪标签：99.82%
已过滤	未用伪标签：99.75% -> 使用伪标签：99.88%
排除样本：4|6000	剩余：2002, 2002, 1992
增添样本：10		细则：0, 0, 10	正确率估算：100.00%
类型1 正确率： 100.00% -> 1  100.00%, 2    0.00%, 3    0.00%
类型2 正确率： 100.00% -> 1    0.00%, 2  100.00%, 3    0.00%
类型3 正确率： 100.00% -> 1    0.10%, 2    0.25%, 3   99.65%

被排除样本 正确率：25.00%
类型1 没有样本或未被分类。
类型2 正确率：  33.00% -> 1    0.00%, 2   33.33%, 3   66.67%
类型3 正确率：   0.00% -> 1  100.00%, 2    0.00%, 3    0.00%


轮次:··1/·20 || c_Loss:0.530 || e_Loss:-1.072 || Aad_Loss:-26.838 || 耗时：33.89s
轮次:··2/·20 || c_Loss:0.418 || e_Loss:-1.043 || Aad_Loss:-27.892 || 耗时：13.03s
轮次:··3/·20 || c_Loss:0.386 || e_Loss:-1.021 || Aad_Loss:-28.102 || 耗时：12.97s
轮次:··4/·20 || c_Loss:0.370 || e_Loss:-1.035 || Aad_Loss:-27.764 || 耗时：12.90s
轮次:··5/·20 || c_Loss:0.368 || e_Loss:-1.019 || Aad_Loss:-27.648 || 耗时：12.81s
任务: (B3)N15_M07_F04→(B1)N15_M01_F10; mix批次:····0; 批次:··470/·1880;  总正确率: 99.93%
类型1 正确率： 100.00% -> 1  100.00%, 2    0.00%, 3    0.00%
类型2 正确率： 100.00% -> 1    0.00%, 2   99.90%, 3    0.10%
类型3 正确率： 100.00% -> 1    0.00%, 2    0.10%, 3   99.90%


样本变换：reverse
样本变换：mask
样本变换：shift
样本变换：none
未过滤	未用伪标签：99.93% -> 使用伪标签：99.95%
已过滤	未用伪标签：99.93% -> 使用伪标签：99.95%
排除样本：2000|6000	剩余：2003, 1997
增添样本：9		细则：3, 0, 6	正确率估算：100.00%
类型1 正确率： 100.00% -> 1  100.00%, 2    0.00%, 3    0.00%
类型2 正确率： 100.00% -> 1    0.00%, 2  100.00%, 3    0.00%
类型3 正确率： 100.00% -> 1    0.00%, 2    0.15%, 3   99.85%

被排除样本 正确率：nan%


轮次:··6/·20 || c_Loss:0.369 || e_Loss:-1.011 || Aad_Loss:-27.355 || 耗时：33.79s
轮次:··7/·20 || c_Loss:0.372 || e_Loss:-0.995 || Aad_Loss:-27.958 || 耗时：12.92s
轮次:··8/·20 || c_Loss:0.373 || e_Loss:-1.036 || Aad_Loss:-27.652 || 耗时：12.94s
轮次:··9/·20 || c_Loss:0.371 || e_Loss:-1.009 || Aad_Loss:-28.043 || 耗时：12.92s
轮次:·10/·20 || c_Loss:0.370 || e_Loss:-0.997 || Aad_Loss:-28.416 || 耗时：12.90s
任务: (B3)N15_M07_F04→(B1)N15_M01_F10; mix批次:····0; 批次:··940/·1880;  总正确率: 99.97%
类型1 正确率： 100.00% -> 1  100.00%, 2    0.00%, 3    0.00%
类型2 正确率： 100.00% -> 1    0.00%, 2  100.00%, 3    0.00%
类型3 正确率： 100.00% -> 1    0.00%, 2    0.10%, 3   99.90%


样本变换：reverse
样本变换：mask
样本变换：shift
样本变换：none
未过滤	未用伪标签：99.97% -> 使用伪标签：99.95%
已过滤	未用伪标签：99.97% -> 使用伪标签：99.97%
排除样本：1|6000	剩余：2000, 2002, 1997
增添样本：7		细则：2, 0, 5	正确率估算：100.00%
类型1 正确率： 100.00% -> 1  100.00%, 2    0.00%, 3    0.00%
类型2 正确率： 100.00% -> 1    0.00%, 2  100.00%, 3    0.00%
类型3 正确率： 100.00% -> 1    0.00%, 2    0.10%, 3   99.90%

被排除样本 正确率：100.00%
类型1 正确率： 100.00% -> 1  100.00%


轮次:·11/·20 || c_Loss:0.372 || e_Loss:-1.011 || Aad_Loss:-26.814 || 耗时：33.63s
轮次:·12/·20 || c_Loss:0.372 || e_Loss:-1.028 || Aad_Loss:-26.919 || 耗时：12.90s
轮次:·13/·20 || c_Loss:0.369 || e_Loss:-1.029 || Aad_Loss:-26.990 || 耗时：12.94s
轮次:·14/·20 || c_Loss:0.369 || e_Loss:-1.025 || Aad_Loss:-26.934 || 耗时：12.93s
轮次:·15/·20 || c_Loss:0.371 || e_Loss:-0.953 || Aad_Loss:-27.691 || 耗时：12.91s
任务: (B3)N15_M07_F04→(B1)N15_M01_F10; mix批次:····0; 批次:·1410/·1880;  总正确率: 99.97%
类型1 正确率： 100.00% -> 1  100.00%, 2    0.00%, 3    0.00%
类型2 正确率： 100.00% -> 1    0.00%, 2  100.00%, 3    0.00%
类型3 正确率： 100.00% -> 1    0.00%, 2    0.10%, 3   99.90%


样本变换：reverse
样本变换：mask
样本变换：shift
样本变换：none
未过滤	未用伪标签：99.97% -> 使用伪标签：99.97%
已过滤	未用伪标签：99.97% -> 使用伪标签：99.97%
排除样本：2000|6000	剩余：2002, 1998
增添样本：6		细则：2, 0, 4	正确率估算：100.00%
类型1 正确率： 100.00% -> 1  100.00%, 2    0.00%, 3    0.00%
类型2 正确率： 100.00% -> 1    0.00%, 2  100.00%, 3    0.00%
类型3 正确率： 100.00% -> 1    0.00%, 2    0.10%, 3   99.90%

被排除样本 正确率：nan%


轮次:·16/·20 || c_Loss:0.367 || e_Loss:-1.024 || Aad_Loss:-26.666 || 耗时：33.75s
轮次:·17/·20 || c_Loss:0.371 || e_Loss:-0.976 || Aad_Loss:-27.626 || 耗时：12.87s
轮次:·18/·20 || c_Loss:0.371 || e_Loss:-1.005 || Aad_Loss:-26.722 || 耗时：12.89s
轮次:·19/·20 || c_Loss:0.369 || e_Loss:-0.959 || Aad_Loss:-27.760 || 耗时：12.89s
轮次:·20/·20 || c_Loss:0.369 || e_Loss:-0.949 || Aad_Loss:-27.691 || 耗时：12.90s
任务: (B3)N15_M07_F04→(B1)N15_M01_F10; mix批次:····0; 批次:·1880/·1880;  总正确率: 99.97%
类型1 正确率： 100.00% -> 1  100.00%, 2    0.00%, 3    0.00%
类型2 正确率： 100.00% -> 1    0.00%, 2  100.00%, 3    0.00%
类型3 正确率： 100.00% -> 1    0.00%, 2    0.10%, 3   99.90%


测试集任务: (B3)N15_M07_F04→(B1)N15_M01_F10; 总正确率 = 99.97%
类型1 正确率： 100.00% -> 1  100.00%, 2    0.00%, 3    0.00%
类型2 正确率： 100.00% -> 1    0.00%, 2  100.00%, 3    0.00%
类型3 正确率： 100.00% -> 1    0.00%, 2    0.10%, 3   99.90%


