读取源域路径：/kaggle/working/hust/H5/weight_HUST_M1_final_checkpoint_FH5toH5_s2024/NEW_PU/Source-源域/log&pt/(B2)N15_M07_F10
excel输出位置：/kaggle/working/hust/H5/weight_HUST_M1_final_checkpoint_FH5toH5_s2024/NEW_PU/Target-目标域
特征图片输出位置：/kaggle/working/hust/H5/weight_HUST_M1_final_checkpoint_FH5toH5_s2024/NEW_PU/Picture-特征图/2026年09月19日16时51分/(B2)N15_M07_F10
现在选取:(B2)N15_M07_F10 进行训练的源模型
现在进行：(B2)N15_M07_F10→(B1)N15_M01_F10 的迁移任务
log&pt输出位置：/kaggle/working/hust/H5/weight_HUST_M1_final_checkpoint_FH5toH5_s2024/NEW_PU/Target-目标域/log&pt/(B2)N15_M07_F10→(B1)N15_M01_F10
任务: (B2)N15_M07_F10→(B1)N15_M01_F10; 批次:····0/·1880;  总正确率: 97.57%
类型1 正确率： 100.00% -> 1  100.00%, 2    0.00%, 3    0.00%
类型2 正确率： 100.00% -> 1    0.00%, 2   99.90%, 3    0.10%
类型3 正确率：  93.00% -> 1    6.90%, 2    0.30%, 3   92.80%


样本变换：reverse
样本变换：mask
样本变换：shift
样本变换：none
未过滤	未用伪标签：97.57% -> 使用伪标签：99.63%
已过滤	未用伪标签：97.68% -> 使用伪标签：99.75%
排除样本：7|6000	剩余：2010, 2003, 1980
增添样本：37		细则：0, 7, 30	正确率估算：91.89%
类型1 正确率： 100.00% -> 1  100.00%, 2    0.00%, 3    0.00%
类型2 正确率： 100.00% -> 1    0.00%, 2  100.00%, 3    0.00%
类型3 正确率：  99.00% -> 1    0.50%, 2    0.25%, 3   99.25%

被排除样本 正确率：0.00%
类型1 没有样本或未被分类。
类型2 正确率：   0.00% -> 1    0.00%, 2    0.00%, 3  100.00%
类型3 正确率：   0.00% -> 1   80.00%, 2   20.00%, 3    0.00%


轮次:··1/·20 || c_Loss:0.516 || e_Loss:-1.067 || Aad_Loss:-29.763 || 耗时：33.86s
轮次:··2/·20 || c_Loss:0.464 || e_Loss:-0.996 || Aad_Loss:-29.695 || 耗时：12.98s
轮次:··3/·20 || c_Loss:0.378 || e_Loss:-1.011 || Aad_Loss:-30.501 || 耗时：12.85s
轮次:··4/·20 || c_Loss:0.362 || e_Loss:-1.003 || Aad_Loss:-31.405 || 耗时：12.80s
轮次:··5/·20 || c_Loss:0.361 || e_Loss:-0.978 || Aad_Loss:-31.749 || 耗时：12.76s
任务: (B2)N15_M07_F10→(B1)N15_M01_F10; mix批次:····0; 批次:··470/·1880;  总正确率: 99.90%
类型1 正确率： 100.00% -> 1  100.00%, 2    0.00%, 3    0.00%
类型2 正确率： 100.00% -> 1    0.00%, 2   99.90%, 3    0.10%
类型3 正确率： 100.00% -> 1    0.00%, 2    0.20%, 3   99.80%


样本变换：reverse
样本变换：mask
样本变换：shift
样本变换：none
未过滤	未用伪标签：99.90% -> 使用伪标签：99.92%
已过滤	未用伪标签：99.90% -> 使用伪标签：99.92%
排除样本：2000|6000	剩余：2005, 1995
增添样本：15		细则：5, 0, 10	正确率估算：100.00%
类型1 正确率： 100.00% -> 1  100.00%, 2    0.00%, 3    0.00%
类型2 正确率： 100.00% -> 1    0.00%, 2  100.00%, 3    0.00%
类型3 正确率： 100.00% -> 1    0.00%, 2    0.25%, 3   99.75%

被排除样本 正确率：nan%


轮次:··6/·20 || c_Loss:0.369 || e_Loss:-1.007 || Aad_Loss:-30.634 || 耗时：33.73s
轮次:··7/·20 || c_Loss:0.372 || e_Loss:-0.992 || Aad_Loss:-30.684 || 耗时：12.95s
轮次:··8/·20 || c_Loss:0.374 || e_Loss:-1.027 || Aad_Loss:-30.313 || 耗时：12.96s
轮次:··9/·20 || c_Loss:0.381 || e_Loss:-0.987 || Aad_Loss:-30.214 || 耗时：12.93s
轮次:·10/·20 || c_Loss:0.366 || e_Loss:-1.001 || Aad_Loss:-31.684 || 耗时：12.92s
任务: (B2)N15_M07_F10→(B1)N15_M01_F10; mix批次:····0; 批次:··940/·1880;  总正确率: 99.92%
类型1 正确率： 100.00% -> 1  100.00%, 2    0.00%, 3    0.00%
类型2 正确率： 100.00% -> 1    0.00%, 2  100.00%, 3    0.00%
类型3 正确率： 100.00% -> 1    0.00%, 2    0.25%, 3   99.75%


样本变换：reverse
样本变换：mask
样本变换：shift
样本变换：none
未过滤	未用伪标签：99.92% -> 使用伪标签：99.92%
已过滤	未用伪标签：99.92% -> 使用伪标签：99.92%
排除样本：2000|6000	剩余：2005, 1995
增添样本：15		细则：5, 0, 10	正确率估算：100.00%
类型1 正确率： 100.00% -> 1  100.00%, 2    0.00%, 3    0.00%
类型2 正确率： 100.00% -> 1    0.00%, 2  100.00%, 3    0.00%
类型3 正确率： 100.00% -> 1    0.00%, 2    0.25%, 3   99.75%

被排除样本 正确率：nan%


轮次:·11/·20 || c_Loss:0.371 || e_Loss:-1.012 || Aad_Loss:-30.964 || 耗时：34.03s
轮次:·12/·20 || c_Loss:0.371 || e_Loss:-0.996 || Aad_Loss:-31.036 || 耗时：12.94s
轮次:·13/·20 || c_Loss:0.374 || e_Loss:-1.028 || Aad_Loss:-30.545 || 耗时：12.95s
轮次:·14/·20 || c_Loss:0.380 || e_Loss:-0.988 || Aad_Loss:-30.490 || 耗时：12.95s
轮次:·15/·20 || c_Loss:0.366 || e_Loss:-1.002 || Aad_Loss:-31.854 || 耗时：12.93s
任务: (B2)N15_M07_F10→(B1)N15_M01_F10; mix批次:····0; 批次:·1410/·1880;  总正确率: 99.92%
类型1 正确率： 100.00% -> 1  100.00%, 2    0.00%, 3    0.00%
类型2 正确率： 100.00% -> 1    0.00%, 2  100.00%, 3    0.00%
类型3 正确率： 100.00% -> 1    0.00%, 2    0.25%, 3   99.75%


样本变换：reverse
样本变换：mask
样本变换：shift
样本变换：none
未过滤	未用伪标签：99.92% -> 使用伪标签：99.92%
已过滤	未用伪标签：99.92% -> 使用伪标签：99.92%
排除样本：2000|6000	剩余：2005, 1995
增添样本：15		细则：5, 0, 10	正确率估算：100.00%
类型1 正确率： 100.00% -> 1  100.00%, 2    0.00%, 3    0.00%
类型2 正确率： 100.00% -> 1    0.00%, 2  100.00%, 3    0.00%
类型3 正确率： 100.00% -> 1    0.00%, 2    0.25%, 3   99.75%

被排除样本 正确率：nan%


轮次:·16/·20 || c_Loss:0.371 || e_Loss:-1.012 || Aad_Loss:-31.137 || 耗时：33.75s
轮次:·17/·20 || c_Loss:0.371 || e_Loss:-0.997 || Aad_Loss:-31.222 || 耗时：12.89s
轮次:·18/·20 || c_Loss:0.373 || e_Loss:-1.029 || Aad_Loss:-30.683 || 耗时：12.91s
轮次:·19/·20 || c_Loss:0.379 || e_Loss:-0.989 || Aad_Loss:-30.661 || 耗时：12.93s
轮次:·20/·20 || c_Loss:0.366 || e_Loss:-1.002 || Aad_Loss:-31.959 || 耗时：12.92s
任务: (B2)N15_M07_F10→(B1)N15_M01_F10; mix批次:····0; 批次:·1880/·1880;  总正确率: 99.92%
类型1 正确率： 100.00% -> 1  100.00%, 2    0.00%, 3    0.00%
类型2 正确率： 100.00% -> 1    0.00%, 2  100.00%, 3    0.00%
类型3 正确率： 100.00% -> 1    0.00%, 2    0.25%, 3   99.75%


测试集任务: (B2)N15_M07_F10→(B1)N15_M01_F10; 总正确率 = 99.92%
类型1 正确率： 100.00% -> 1  100.00%, 2    0.00%, 3    0.00%
类型2 正确率： 100.00% -> 1    0.00%, 2  100.00%, 3    0.00%
类型3 正确率： 100.00% -> 1    0.00%, 2    0.25%, 3   99.75%


