读取源域路径：/kaggle/working/hust/H5/weight_HUST_M1_final_checkpoint_FH5toH5_s2024/NEW_PU/Source-源域/log&pt/(B1)N15_M01_F10
excel输出位置：/kaggle/working/hust/H5/weight_HUST_M1_final_checkpoint_FH5toH5_s2024/NEW_PU/Target-目标域
特征图片输出位置：/kaggle/working/hust/H5/weight_HUST_M1_final_checkpoint_FH5toH5_s2024/NEW_PU/Picture-特征图/2026年09月19日16时39分/(B1)N15_M01_F10
现在选取:(B1)N15_M01_F10 进行训练的源模型
现在进行：(B1)N15_M01_F10→(B2)N15_M07_F10 的迁移任务
log&pt输出位置：/kaggle/working/hust/H5/weight_HUST_M1_final_checkpoint_FH5toH5_s2024/NEW_PU/Target-目标域/log&pt/(B1)N15_M01_F10→(B2)N15_M07_F10
任务: (B1)N15_M01_F10→(B2)N15_M07_F10; 批次:····0/·1880;  总正确率: 99.82%
类型1 正确率： 100.00% -> 1  100.00%, 2    0.00%, 3    0.00%
类型2 正确率：  99.00% -> 1    0.00%, 2   99.45%, 3    0.55%
类型3 正确率： 100.00% -> 1    0.00%, 2    0.00%, 3  100.00%


样本变换：reverse
样本变换：mask
样本变换：shift
样本变换：none
未过滤	未用伪标签：99.82% -> 使用伪标签：98.93%
已过滤	未用伪标签：99.83% -> 使用伪标签：99.53%
排除样本：36|6000	剩余：2000, 1936, 2028
增添样本：120		细则：28, 92, 0	正确率估算：97.50%
类型1 正确率： 100.00% -> 1  100.00%, 2    0.00%, 3    0.00%
类型2 正确率：  99.00% -> 1    0.00%, 2   98.57%, 3    1.43%
类型3 正确率： 100.00% -> 1    0.00%, 2    0.00%, 3  100.00%

被排除样本 正确率：97.22%
类型1 正确率：  97.00% -> 1   97.22%, 2    2.78%
类型2 没有样本或未被分类。


轮次:··1/·20 || c_Loss:0.462 || e_Loss:-0.977 || Aad_Loss:-32.364 || 耗时：34.35s
轮次:··2/·20 || c_Loss:0.366 || e_Loss:-0.983 || Aad_Loss:-31.368 || 耗时：12.99s
轮次:··3/·20 || c_Loss:0.357 || e_Loss:-1.658 || Aad_Loss:-30.175 || 耗时：12.88s
轮次:··4/·20 || c_Loss:0.357 || e_Loss:-0.955 || Aad_Loss:-30.823 || 耗时：12.80s
轮次:··5/·20 || c_Loss:0.347 || e_Loss:-0.984 || Aad_Loss:-30.506 || 耗时：12.83s
任务: (B1)N15_M01_F10→(B2)N15_M07_F10; mix批次:····0; 批次:··470/·1880;  总正确率: 99.40%
类型1 正确率： 100.00% -> 1  100.00%, 2    0.00%, 3    0.00%
类型2 正确率：  98.00% -> 1    0.00%, 2   98.20%, 3    1.80%
类型3 正确率： 100.00% -> 1    0.00%, 2    0.00%, 3  100.00%


样本变换：reverse
样本变换：mask
样本变换：shift
样本变换：none
未过滤	未用伪标签：99.40% -> 使用伪标签：99.82%
已过滤	未用伪标签：99.57% -> 使用伪标签：99.98%
排除样本：10|6000	剩余：2000, 1989, 2001
增添样本：13		细则：1, 12, 0	正确率估算：100.00%
类型1 正确率： 100.00% -> 1  100.00%, 2    0.00%, 3    0.00%
类型2 正确率： 100.00% -> 1    0.00%, 2   99.95%, 3    0.05%
类型3 正确率： 100.00% -> 1    0.00%, 2    0.00%, 3  100.00%

被排除样本 正确率：0.00%
类型1 正确率：   0.00% -> 1    0.00%, 2  100.00%
类型2 没有样本或未被分类。


轮次:··6/·20 || c_Loss:0.358 || e_Loss:-0.993 || Aad_Loss:-30.226 || 耗时：33.73s
轮次:··7/·20 || c_Loss:0.390 || e_Loss:-1.869 || Aad_Loss:-28.717 || 耗时：12.95s
轮次:··8/·20 || c_Loss:0.364 || e_Loss:-1.913 || Aad_Loss:-29.304 || 耗时：12.93s
轮次:··9/·20 || c_Loss:0.398 || e_Loss:-0.875 || Aad_Loss:-29.823 || 耗时：12.94s
轮次:·10/·20 || c_Loss:0.360 || e_Loss:-1.015 || Aad_Loss:-29.633 || 耗时：12.95s
任务: (B1)N15_M01_F10→(B2)N15_M07_F10; mix批次:····0; 批次:··940/·1880;  总正确率: 99.98%
类型1 正确率： 100.00% -> 1  100.00%, 2    0.00%, 3    0.00%
类型2 正确率： 100.00% -> 1    0.00%, 2   99.95%, 3    0.05%
类型3 正确率： 100.00% -> 1    0.00%, 2    0.00%, 3  100.00%


样本变换：reverse
样本变换：mask
样本变换：shift
样本变换：none
未过滤	未用伪标签：99.98% -> 使用伪标签：100.00%
已过滤	未用伪标签：99.98% -> 使用伪标签：100.00%
排除样本：2000|6000	剩余：2000, 2000
增添样本：0		细则：0, 0, 0类型1 正确率： 100.00% -> 1  100.00%, 2    0.00%, 3    0.00%
类型2 正确率： 100.00% -> 1    0.00%, 2  100.00%, 3    0.00%
类型3 正确率： 100.00% -> 1    0.00%, 2    0.00%, 3  100.00%

被排除样本 正确率：nan%


轮次:·11/·20 || c_Loss:0.365 || e_Loss:-1.012 || Aad_Loss:-23.792 || 耗时：33.84s
轮次:·12/·20 || c_Loss:0.366 || e_Loss:-0.989 || Aad_Loss:-24.178 || 耗时：12.87s
轮次:·13/·20 || c_Loss:0.371 || e_Loss:-1.006 || Aad_Loss:-23.283 || 耗时：12.88s
轮次:·14/·20 || c_Loss:0.372 || e_Loss:-1.015 || Aad_Loss:-23.568 || 耗时：12.91s
轮次:·15/·20 || c_Loss:0.377 || e_Loss:-0.975 || Aad_Loss:-23.715 || 耗时：12.88s
任务: (B1)N15_M01_F10→(B2)N15_M07_F10; mix批次:····0; 批次:·1410/·1880;  总正确率: 100.00%
类型1 正确率： 100.00% -> 1  100.00%, 2    0.00%, 3    0.00%
类型2 正确率： 100.00% -> 1    0.00%, 2  100.00%, 3    0.00%
类型3 正确率： 100.00% -> 1    0.00%, 2    0.00%, 3  100.00%


样本变换：reverse
样本变换：mask
样本变换：shift
样本变换：none
未过滤	未用伪标签：100.00% -> 使用伪标签：100.00%
已过滤	未用伪标签：100.00% -> 使用伪标签：100.00%
排除样本：2000|6000	剩余：2000, 2000
增添样本：0		细则：0, 0, 0类型1 正确率： 100.00% -> 1  100.00%, 2    0.00%, 3    0.00%
类型2 正确率： 100.00% -> 1    0.00%, 2  100.00%, 3    0.00%
类型3 正确率： 100.00% -> 1    0.00%, 2    0.00%, 3  100.00%

被排除样本 正确率：nan%


轮次:·16/·20 || c_Loss:0.370 || e_Loss:-1.018 || Aad_Loss:-23.886 || 耗时：33.67s
轮次:·17/·20 || c_Loss:0.369 || e_Loss:-0.992 || Aad_Loss:-24.262 || 耗时：12.89s
轮次:·18/·20 || c_Loss:0.372 || e_Loss:-1.009 || Aad_Loss:-23.405 || 耗时：12.88s
轮次:·19/·20 || c_Loss:0.373 || e_Loss:-1.015 || Aad_Loss:-23.667 || 耗时：12.89s
轮次:·20/·20 || c_Loss:0.376 || e_Loss:-0.977 || Aad_Loss:-23.870 || 耗时：12.91s
任务: (B1)N15_M01_F10→(B2)N15_M07_F10; mix批次:····0; 批次:·1880/·1880;  总正确率: 100.00%
类型1 正确率： 100.00% -> 1  100.00%, 2    0.00%, 3    0.00%
类型2 正确率： 100.00% -> 1    0.00%, 2  100.00%, 3    0.00%
类型3 正确率： 100.00% -> 1    0.00%, 2    0.00%, 3  100.00%


测试集任务: (B1)N15_M01_F10→(B2)N15_M07_F10; 总正确率 = 100.00%
类型1 正确率： 100.00% -> 1  100.00%, 2    0.00%, 3    0.00%
类型2 正确率： 100.00% -> 1    0.00%, 2  100.00%, 3    0.00%
类型3 正确率： 100.00% -> 1    0.00%, 2    0.00%, 3  100.00%


