读取源域路径：/kaggle/working/m2/weight_PU_M1_final_checkpoint_FAtoB_s2024/NEW_PU/Source-源域/log&pt/(B2)N15_M07_F10
excel输出位置：/kaggle/working/m2/weight_PU_M1_final_checkpoint_FAtoB_s2024/NEW_PU/Target-目标域
特征图片输出位置：/kaggle/working/m2/weight_PU_M1_final_checkpoint_FAtoB_s2024/NEW_PU/Picture-特征图/2026年09月13日22时22分/(B2)N15_M07_F10
现在选取:(B2)N15_M07_F10 进行训练的源模型
现在进行：(B2)N15_M07_F10→(B1)N15_M01_F10 的迁移任务
log&pt输出位置：/kaggle/working/m2/weight_PU_M1_final_checkpoint_FAtoB_s2024/NEW_PU/Target-目标域/log&pt/(B2)N15_M07_F10→(B1)N15_M01_F10
任务: (B2)N15_M07_F10→(B1)N15_M01_F10; 批次:····0/·1880;  总正确率: 57.65%
类型1 正确率：  80.00% -> 1   80.30%, 2   19.65%, 3    0.05%
类型2 正确率：  43.00% -> 1    0.00%, 2   42.60%, 3   57.40%
类型3 正确率：  50.00% -> 1    0.00%, 2   49.95%, 3   50.05%


样本变换：reverse
样本变换：mask
样本变换：shift
样本变换：none
未过滤	未用伪标签：57.65% -> 使用伪标签：57.85%
已过滤	未用伪标签：57.05% -> 使用伪标签：59.11%
排除样本：128|6000	剩余：1989, 1488, 2395
增添样本：1313		细则：406, 907, 0	正确率估算：93.30%
类型1 正确率： 100.00% -> 1   99.70%, 2    0.30%, 3    0.00%
类型2 正确率：  26.00% -> 1    0.00%, 2   25.68%, 3   74.32%
类型3 正确率：  50.00% -> 1    0.00%, 2   50.00%, 3   50.00%

被排除样本 正确率：85.16%
类型1 正确率：  20.00% -> 1   20.00%, 2   80.00%, 3    0.00%
类型2 正确率：  88.00% -> 1    0.00%, 2   87.80%, 3   12.20%
类型3 没有样本或未被分类。


轮次:··1/·20 || c_Loss:0.565 || e_Loss:-1.538 || Aad_Loss:-24.299 || 耗时：34.39s
轮次:··2/·20 || c_Loss:0.417 || e_Loss:-1.520 || Aad_Loss:-25.668 || 耗时：13.23s
轮次:··3/·20 || c_Loss:0.365 || e_Loss:-1.544 || Aad_Loss:-28.707 || 耗时：13.09s
轮次:··4/·20 || c_Loss:0.429 || e_Loss:-1.684 || Aad_Loss:-24.957 || 耗时：12.96s
轮次:··5/·20 || c_Loss:0.399 || e_Loss:-0.875 || Aad_Loss:-27.746 || 耗时：12.94s
任务: (B2)N15_M07_F10→(B1)N15_M01_F10; mix批次:····0; 批次:··470/·1880;  总正确率: 58.55%
类型1 正确率： 100.00% -> 1  100.00%, 2    0.00%, 3    0.00%
类型2 正确率：  26.00% -> 1    0.00%, 2   25.65%, 3   74.35%
类型3 正确率：  50.00% -> 1    0.00%, 2   50.00%, 3   50.00%


样本变换：reverse
样本变换：mask
样本变换：shift
样本变换：none
未过滤	未用伪标签：58.55% -> 使用伪标签：58.65%
已过滤	未用伪标签：58.87% -> 使用伪标签：59.19%
排除样本：55|6000	剩余：2000, 1519, 2426
增添样本：1333		细则：426, 907, 0	正确率估算：98.57%
类型1 正确率： 100.00% -> 1  100.00%, 2    0.00%, 3    0.00%
类型2 正确率：  27.00% -> 1    0.00%, 2   26.68%, 3   73.32%
类型3 正确率：  50.00% -> 1    0.00%, 2   50.00%, 3   50.00%

被排除样本 正确率：23.64%
类型1 正确率：  24.00% -> 1   23.64%, 2   76.36%
类型2 没有样本或未被分类。


轮次:··6/·20 || c_Loss:0.396 || e_Loss:-1.730 || Aad_Loss:-25.794 || 耗时：34.12s
轮次:··7/·20 || c_Loss:0.373 || e_Loss:-0.930 || Aad_Loss:-27.935 || 耗时：13.14s
轮次:··8/·20 || c_Loss:0.412 || e_Loss:-1.815 || Aad_Loss:-26.187 || 耗时：13.14s
轮次:··9/·20 || c_Loss:0.395 || e_Loss:-0.935 || Aad_Loss:-28.945 || 耗时：13.18s
轮次:·10/·20 || c_Loss:0.425 || e_Loss:-1.307 || Aad_Loss:-28.160 || 耗时：13.21s
任务: (B2)N15_M07_F10→(B1)N15_M01_F10; mix批次:····0; 批次:··940/·1880;  总正确率: 60.05%
类型1 正确率： 100.00% -> 1  100.00%, 2    0.00%, 3    0.00%
类型2 正确率：  30.00% -> 1    0.00%, 2   30.15%, 3   69.85%
类型3 正确率：  50.00% -> 1    0.00%, 2   50.00%, 3   50.00%


样本变换：reverse
样本变换：mask
样本变换：shift
样本变换：none
未过滤	未用伪标签：60.05% -> 使用伪标签：60.37%
已过滤	未用伪标签：60.30% -> 使用伪标签：60.67%
排除样本：30|6000	剩余：2000, 1622, 2348
增添样本：1074		细则：348, 726, 0	正确率估算：99.07%
类型1 正确率： 100.00% -> 1  100.00%, 2    0.00%, 3    0.00%
类型2 正确率：  32.00% -> 1    0.00%, 2   31.57%, 3   68.43%
类型3 正确率：  50.00% -> 1    0.00%, 2   50.00%, 3   50.00%

被排除样本 正确率：10.00%
类型1 正确率：  10.00% -> 1   10.00%, 2   90.00%
类型2 没有样本或未被分类。


轮次:·11/·20 || c_Loss:0.410 || e_Loss:-0.932 || Aad_Loss:-29.282 || 耗时：34.17s
轮次:·12/·20 || c_Loss:0.432 || e_Loss:-0.837 || Aad_Loss:-26.352 || 耗时：12.95s
轮次:·13/·20 || c_Loss:0.391 || e_Loss:-0.967 || Aad_Loss:-30.841 || 耗时：12.97s
轮次:·14/·20 || c_Loss:0.371 || e_Loss:-0.967 || Aad_Loss:-30.361 || 耗时：12.99s
轮次:·15/·20 || c_Loss:0.401 || e_Loss:-1.290 || Aad_Loss:-28.624 || 耗时：13.03s
任务: (B2)N15_M07_F10→(B1)N15_M01_F10; mix批次:····0; 批次:·1410/·1880;  总正确率: 61.00%
类型1 正确率： 100.00% -> 1  100.00%, 2    0.00%, 3    0.00%
类型2 正确率：  33.00% -> 1    0.00%, 2   33.00%, 3   67.00%
类型3 正确率：  50.00% -> 1    0.00%, 2   50.00%, 3   50.00%


样本变换：reverse
样本变换：mask
样本变换：shift
样本变换：none
未过滤	未用伪标签：61.00% -> 使用伪标签：60.97%
已过滤	未用伪标签：61.12% -> 使用伪标签：61.19%
排除样本：22|6000	剩余：2000, 1658, 2320
增添样本：982		细则：320, 662, 0	正确率估算：99.69%
类型1 正确率： 100.00% -> 1  100.00%, 2    0.00%, 3    0.00%
类型2 正确率：  33.00% -> 1    0.00%, 2   33.27%, 3   66.73%
类型3 正确率：  50.00% -> 1    0.00%, 2   50.00%, 3   50.00%

被排除样本 正确率：27.27%
类型1 正确率：  27.00% -> 1   27.27%, 2   72.73%
类型2 没有样本或未被分类。


轮次:·16/·20 || c_Loss:0.389 || e_Loss:-0.961 || Aad_Loss:-30.865 || 耗时：33.96s
轮次:·17/·20 || c_Loss:0.379 || e_Loss:-0.955 || Aad_Loss:-30.246 || 耗时：12.99s
轮次:·18/·20 || c_Loss:0.405 || e_Loss:-0.925 || Aad_Loss:-28.543 || 耗时：13.00s
轮次:·19/·20 || c_Loss:0.416 || e_Loss:-0.920 || Aad_Loss:-30.513 || 耗时：13.05s
轮次:·20/·20 || c_Loss:0.394 || e_Loss:-0.966 || Aad_Loss:-29.470 || 耗时：13.03s
任务: (B2)N15_M07_F10→(B1)N15_M01_F10; mix批次:····0; 批次:·1880/·1880;  总正确率: 61.12%
类型1 正确率： 100.00% -> 1  100.00%, 2    0.00%, 3    0.00%
类型2 正确率：  33.00% -> 1    0.00%, 2   33.35%, 3   66.65%
类型3 正确率：  50.00% -> 1    0.00%, 2   50.00%, 3   50.00%


测试集任务: (B2)N15_M07_F10→(B1)N15_M01_F10; 总正确率 = 61.12%
类型1 正确率： 100.00% -> 1  100.00%, 2    0.00%, 3    0.00%
类型2 正确率：  33.00% -> 1    0.00%, 2   33.35%, 3   66.65%
类型3 正确率：  50.00% -> 1    0.00%, 2   50.00%, 3   50.00%


