读取源域路径：/kaggle/working/m2/weight_PU_M1_final_checkpoint_FAtoB_s2024/NEW_PU/Source-源域/log&pt/(B1)N15_M01_F10
excel输出位置：/kaggle/working/m2/weight_PU_M1_final_checkpoint_FAtoB_s2024/NEW_PU/Target-目标域
特征图片输出位置：/kaggle/working/m2/weight_PU_M1_final_checkpoint_FAtoB_s2024/NEW_PU/Picture-特征图/2026年09月13日22时16分/(B1)N15_M01_F10
现在选取:(B1)N15_M01_F10 进行训练的源模型
现在进行：(B1)N15_M01_F10→(B3)N15_M07_F04 的迁移任务
log&pt输出位置：/kaggle/working/m2/weight_PU_M1_final_checkpoint_FAtoB_s2024/NEW_PU/Target-目标域/log&pt/(B1)N15_M01_F10→(B3)N15_M07_F04
任务: (B1)N15_M01_F10→(B3)N15_M07_F04; 批次:····0/·1880;  总正确率: 69.28%
类型1 正确率：  73.00% -> 1   73.20%, 2   26.65%, 3    0.15%
类型2 正确率：  82.00% -> 1    0.00%, 2   81.50%, 3   18.50%
类型3 正确率：  53.00% -> 1    4.00%, 2   42.85%, 3   53.15%


样本变换：reverse
样本变换：mask
样本变换：shift
样本变换：none
未过滤	未用伪标签：69.28% -> 使用伪标签：75.07%
已过滤	未用伪标签：69.28% -> 使用伪标签：77.22%
排除样本：167|6000	剩余：2095, 2298, 1440
增添样本：1061		细则：203, 0, 858	正确率估算：86.99%
类型1 正确率： 100.00% -> 1  100.00%, 2    0.00%, 3    0.00%
类型2 正确率：  77.00% -> 1    0.00%, 2   77.32%, 3   22.68%
类型3 正确率：  53.00% -> 1    5.09%, 2   41.96%, 3   52.94%

被排除样本 正确率：69.46%
类型1 正确率：   0.00% -> 1    0.00%, 2  100.00%, 3    0.00%
类型2 正确率：  78.00% -> 1    0.00%, 2   78.43%, 3   21.57%
类型3 正确率：  66.00% -> 1   22.61%, 2   11.30%, 3   66.09%


轮次:··1/·20 || c_Loss:0.678 || e_Loss:-1.481 || Aad_Loss:-24.861 || 耗时：34.16s
轮次:··2/·20 || c_Loss:0.400 || e_Loss:-1.279 || Aad_Loss:-25.362 || 耗时：13.25s
轮次:··3/·20 || c_Loss:0.405 || e_Loss:-1.069 || Aad_Loss:-24.115 || 耗时：13.09s
轮次:··4/·20 || c_Loss:0.413 || e_Loss:-1.360 || Aad_Loss:-24.284 || 耗时：12.97s
轮次:··5/·20 || c_Loss:0.338 || e_Loss:-1.395 || Aad_Loss:-29.056 || 耗时：12.95s
任务: (B1)N15_M01_F10→(B3)N15_M07_F04; mix批次:····0; 批次:··470/·1880;  总正确率: 76.03%
类型1 正确率： 100.00% -> 1  100.00%, 2    0.00%, 3    0.00%
类型2 正确率：  78.00% -> 1    0.00%, 2   78.05%, 3   21.95%
类型3 正确率：  50.00% -> 1    6.10%, 2   43.85%, 3   50.05%


样本变换：reverse
样本变换：mask
样本变换：shift
样本变换：none
未过滤	未用伪标签：76.03% -> 使用伪标签：75.98%
已过滤	未用伪标签：76.38% -> 使用伪标签：76.43%
排除样本：35|6000	剩余：2160, 2389, 1416
增添样本：1202		细则：229, 0, 973	正确率估算：99.17%
类型1 正确率： 100.00% -> 1  100.00%, 2    0.00%, 3    0.00%
类型2 正确率：  79.00% -> 1    0.00%, 2   78.91%, 3   21.09%
类型3 正确率：  50.00% -> 1    8.05%, 2   41.70%, 3   50.25%

被排除样本 正确率：17.14%
类型1 正确率：  26.00% -> 1   26.09%, 2   73.91%
类型2 正确率：   0.00% -> 1  100.00%, 2    0.00%


轮次:··6/·20 || c_Loss:0.370 || e_Loss:-0.914 || Aad_Loss:-30.738 || 耗时：34.26s
轮次:··7/·20 || c_Loss:0.415 || e_Loss:-0.885 || Aad_Loss:-27.076 || 耗时：13.22s
轮次:··8/·20 || c_Loss:0.374 || e_Loss:-0.909 || Aad_Loss:-28.145 || 耗时：13.25s
轮次:··9/·20 || c_Loss:0.424 || e_Loss:-1.557 || Aad_Loss:-27.430 || 耗时：13.12s
轮次:·10/·20 || c_Loss:0.371 || e_Loss:-1.300 || Aad_Loss:-29.080 || 耗时：13.03s
任务: (B1)N15_M01_F10→(B3)N15_M07_F04; mix批次:····0; 批次:··940/·1880;  总正确率: 76.92%
类型1 正确率： 100.00% -> 1  100.00%, 2    0.00%, 3    0.00%
类型2 正确率：  81.00% -> 1    0.00%, 2   80.80%, 3   19.20%
类型3 正确率：  50.00% -> 1    7.45%, 2   42.60%, 3   49.95%


样本变换：reverse
样本变换：mask
样本变换：shift
样本变换：none
未过滤	未用伪标签：76.92% -> 使用伪标签：76.90%
已过滤	未用伪标签：77.15% -> 使用伪标签：77.23%
排除样本：26|6000	剩余：2178, 2428, 1368
增添样本：1310		细则：250, 0, 1060	正确率估算：99.24%
类型1 正确率： 100.00% -> 1  100.00%, 2    0.00%, 3    0.00%
类型2 正确率：  81.00% -> 1    0.00%, 2   81.40%, 3   18.60%
类型3 正确率：  50.00% -> 1    8.94%, 2   40.85%, 3   50.20%

被排除样本 正确率：23.08%
类型1 正确率：  38.00% -> 1   37.50%, 2   62.50%
类型2 正确率：   0.00% -> 1  100.00%, 2    0.00%


轮次:·11/·20 || c_Loss:0.368 || e_Loss:-0.957 || Aad_Loss:-28.950 || 耗时：34.16s
轮次:·12/·20 || c_Loss:0.392 || e_Loss:-0.955 || Aad_Loss:-30.391 || 耗时：13.00s
轮次:·13/·20 || c_Loss:0.386 || e_Loss:-0.962 || Aad_Loss:-29.498 || 耗时：13.05s
轮次:·14/·20 || c_Loss:0.390 || e_Loss:-0.933 || Aad_Loss:-31.112 || 耗时：13.07s
轮次:·15/·20 || c_Loss:0.385 || e_Loss:-0.953 || Aad_Loss:-29.699 || 耗时：13.11s
任务: (B1)N15_M01_F10→(B3)N15_M07_F04; mix批次:····0; 批次:·1410/·1880;  总正确率: 76.73%
类型1 正确率： 100.00% -> 1  100.00%, 2    0.00%, 3    0.00%
类型2 正确率：  80.00% -> 1    0.00%, 2   80.25%, 3   19.75%
类型3 正确率：  50.00% -> 1    8.55%, 2   41.50%, 3   49.95%


样本变换：reverse
样本变换：mask
样本变换：shift
样本变换：none
未过滤	未用伪标签：76.73% -> 使用伪标签：76.75%
已过滤	未用伪标签：76.94% -> 使用伪标签：77.05%
排除样本：23|6000	剩余：2188, 2410, 1379
增添样本：1253		细则：222, 0, 1031	正确率估算：99.84%
类型1 正确率： 100.00% -> 1  100.00%, 2    0.00%, 3    0.00%
类型2 正确率：  81.00% -> 1    0.00%, 2   80.87%, 3   19.13%
类型3 正确率：  50.00% -> 1    9.44%, 2   40.38%, 3   50.18%

被排除样本 正确率：21.74%
类型1 正确率：  36.00% -> 1   35.71%, 2   64.29%
类型2 正确率：   0.00% -> 1  100.00%, 2    0.00%


轮次:·16/·20 || c_Loss:0.475 || e_Loss:-0.930 || Aad_Loss:-27.245 || 耗时：34.12s
轮次:·17/·20 || c_Loss:0.436 || e_Loss:-0.765 || Aad_Loss:-27.751 || 耗时：12.97s
轮次:·18/·20 || c_Loss:0.398 || e_Loss:-0.915 || Aad_Loss:-30.008 || 耗时：12.98s
轮次:·19/·20 || c_Loss:0.401 || e_Loss:-0.940 || Aad_Loss:-30.591 || 耗时：13.01s
轮次:·20/·20 || c_Loss:0.391 || e_Loss:-0.935 || Aad_Loss:-31.158 || 耗时：13.04s
任务: (B1)N15_M01_F10→(B3)N15_M07_F04; mix批次:····0; 批次:·1880/·1880;  总正确率: 76.98%
类型1 正确率： 100.00% -> 1  100.00%, 2    0.00%, 3    0.00%
类型2 正确率：  81.00% -> 1    0.00%, 2   81.00%, 3   19.00%
类型3 正确率：  50.00% -> 1    9.05%, 2   41.00%, 3   49.95%


测试集任务: (B1)N15_M01_F10→(B3)N15_M07_F04; 总正确率 = 76.98%
类型1 正确率： 100.00% -> 1  100.00%, 2    0.00%, 3    0.00%
类型2 正确率：  81.00% -> 1    0.00%, 2   81.00%, 3   19.00%
类型3 正确率：  50.00% -> 1    9.05%, 2   41.00%, 3   49.95%


