读取源域路径：/kaggle/working/m2/weight_PU_M1_final_checkpoint_FAtoB_s2024/NEW_PU/Source-源域/log&pt/(B1)N15_M01_F10
excel输出位置：/kaggle/working/m2/weight_PU_M1_final_checkpoint_FAtoB_s2024/NEW_PU/Target-目标域
特征图片输出位置：/kaggle/working/m2/weight_PU_M1_final_checkpoint_FAtoB_s2024/NEW_PU/Picture-特征图/2026年09月13日22时10分/(B1)N15_M01_F10
现在选取:(B1)N15_M01_F10 进行训练的源模型
现在进行：(B1)N15_M01_F10→(B2)N15_M07_F10 的迁移任务
log&pt输出位置：/kaggle/working/m2/weight_PU_M1_final_checkpoint_FAtoB_s2024/NEW_PU/Target-目标域/log&pt/(B1)N15_M01_F10→(B2)N15_M07_F10
任务: (B1)N15_M01_F10→(B2)N15_M07_F10; 批次:····0/·1880;  总正确率: 65.12%
类型1 正确率：  59.00% -> 1   59.00%, 2   40.90%, 3    0.10%
类型2 正确率：  87.00% -> 1    0.00%, 2   86.65%, 3   13.35%
类型3 正确率：  50.00% -> 1    0.00%, 2   50.30%, 3   49.70%


样本变换：reverse
样本变换：mask
样本变换：shift
样本变换：none
未过滤	未用伪标签：65.12% -> 使用伪标签：75.98%
已过滤	未用伪标签：65.72% -> 使用伪标签：77.13%
排除样本：89|6000	剩余：1847, 2827, 1237
增添样本：2570		细则：980, 0, 1590	正确率估算：83.04%
类型1 正确率：  94.00% -> 1   94.14%, 2    5.86%, 3    0.00%
类型2 正确率：  88.00% -> 1    0.00%, 2   87.84%, 3   12.16%
类型3 正确率：  50.00% -> 1    0.00%, 2   50.00%, 3   50.00%

被排除样本 正确率：24.72%
类型1 正确率：   0.00% -> 1    0.00%, 2  100.00%, 3    0.00%
类型2 正确率：  43.00% -> 1    0.00%, 2   43.14%, 3   56.86%
类型3 没有样本或未被分类。


轮次:··1/·20 || c_Loss:0.549 || e_Loss:-1.023 || Aad_Loss:-27.756 || 耗时：35.31s
轮次:··2/·20 || c_Loss:0.490 || e_Loss:-0.887 || Aad_Loss:-24.486 || 耗时：13.26s
轮次:··3/·20 || c_Loss:0.380 || e_Loss:-0.926 || Aad_Loss:-30.606 || 耗时：13.05s
轮次:··4/·20 || c_Loss:0.366 || e_Loss:-0.921 || Aad_Loss:-29.206 || 耗时：13.00s
轮次:··5/·20 || c_Loss:0.435 || e_Loss:-0.888 || Aad_Loss:-27.762 || 耗时：12.95s
任务: (B1)N15_M01_F10→(B2)N15_M07_F10; mix批次:····0; 批次:··470/·1880;  总正确率: 77.92%
类型1 正确率：  99.00% -> 1   98.80%, 2    1.20%, 3    0.00%
类型2 正确率：  85.00% -> 1    0.00%, 2   84.95%, 3   15.05%
类型3 正确率：  50.00% -> 1    0.00%, 2   50.00%, 3   50.00%


样本变换：reverse
样本变换：mask
样本变换：shift
样本变换：none
未过滤	未用伪标签：77.92% -> 使用伪标签：77.90%
已过滤	未用伪标签：77.87% -> 使用伪标签：78.12%
排除样本：17|6000	剩余：1999, 2676, 1308
增添样本：2045		细则：677, 0, 1368	正确率估算：99.29%
类型1 正确率： 100.00% -> 1   99.95%, 2    0.05%, 3    0.00%
类型2 正确率：  84.00% -> 1    0.00%, 2   84.47%, 3   15.53%
类型3 正确率：  50.00% -> 1    0.00%, 2   50.00%, 3   50.00%

被排除样本 正确率：94.12%
类型1 正确率：  94.00% -> 1   94.12%, 2    5.88%
类型2 没有样本或未被分类。


轮次:··6/·20 || c_Loss:0.390 || e_Loss:-1.233 || Aad_Loss:-30.839 || 耗时：34.70s
轮次:··7/·20 || c_Loss:0.374 || e_Loss:-1.000 || Aad_Loss:-29.614 || 耗时：13.20s
轮次:··8/·20 || c_Loss:0.371 || e_Loss:-0.982 || Aad_Loss:-30.144 || 耗时：13.20s
轮次:··9/·20 || c_Loss:0.375 || e_Loss:-0.975 || Aad_Loss:-30.781 || 耗时：13.13s
轮次:·10/·20 || c_Loss:0.396 || e_Loss:-1.084 || Aad_Loss:-31.215 || 耗时：13.17s
任务: (B1)N15_M01_F10→(B2)N15_M07_F10; mix批次:····0; 批次:··940/·1880;  总正确率: 77.30%
类型1 正确率： 100.00% -> 1  100.00%, 2    0.00%, 3    0.00%
类型2 正确率：  82.00% -> 1    0.00%, 2   81.90%, 3   18.10%
类型3 正确率：  50.00% -> 1    0.00%, 2   50.00%, 3   50.00%


样本变换：reverse
样本变换：mask
样本变换：shift
样本变换：none
未过滤	未用伪标签：77.30% -> 使用伪标签：76.85%
已过滤	未用伪标签：77.25% -> 使用伪标签：77.00%
排除样本：12|6000	剩余：2000, 2611, 1377
增添样本：1845		细则：611, 0, 1234	正确率估算：99.51%
类型1 正确率： 100.00% -> 1  100.00%, 2    0.00%, 3    0.00%
类型2 正确率：  81.00% -> 1    0.00%, 2   81.04%, 3   18.96%
类型3 正确率：  50.00% -> 1    0.00%, 2   50.00%, 3   50.00%

被排除样本 正确率：100.00%
类型1 正确率： 100.00% -> 1  100.00%


轮次:·11/·20 || c_Loss:0.383 || e_Loss:-0.917 || Aad_Loss:-28.189 || 耗时：34.61s
轮次:·12/·20 || c_Loss:0.394 || e_Loss:-0.930 || Aad_Loss:-30.266 || 耗时：13.05s
轮次:·13/·20 || c_Loss:0.374 || e_Loss:-0.982 || Aad_Loss:-31.136 || 耗时：13.09s
轮次:·14/·20 || c_Loss:0.377 || e_Loss:-0.988 || Aad_Loss:-30.891 || 耗时：13.09s
轮次:·15/·20 || c_Loss:0.380 || e_Loss:-0.987 || Aad_Loss:-31.871 || 耗时：13.16s
任务: (B1)N15_M01_F10→(B2)N15_M07_F10; mix批次:····0; 批次:·1410/·1880;  总正确率: 76.47%
类型1 正确率： 100.00% -> 1  100.00%, 2    0.00%, 3    0.00%
类型2 正确率：  79.00% -> 1    0.00%, 2   79.40%, 3   20.60%
类型3 正确率：  50.00% -> 1    0.00%, 2   50.00%, 3   50.00%


样本变换：reverse
样本变换：mask
样本变换：shift
样本变换：none
未过滤	未用伪标签：76.47% -> 使用伪标签：76.22%
已过滤	未用伪标签：76.46% -> 使用伪标签：76.31%
排除样本：7|6000	剩余：2000, 2573, 1420
增添样本：1726		细则：573, 0, 1153	正确率估算：99.71%
类型1 正确率： 100.00% -> 1  100.00%, 2    0.00%, 3    0.00%
类型2 正确率：  79.00% -> 1    0.00%, 2   78.93%, 3   21.07%
类型3 正确率：  50.00% -> 1    0.00%, 2   50.00%, 3   50.00%

被排除样本 正确率：85.71%
类型1 正确率：  86.00% -> 1   85.71%, 2   14.29%
类型2 没有样本或未被分类。


轮次:·16/·20 || c_Loss:0.403 || e_Loss:-0.977 || Aad_Loss:-29.496 || 耗时：34.43s
轮次:·17/·20 || c_Loss:0.392 || e_Loss:-0.962 || Aad_Loss:-31.408 || 耗时：13.01s
轮次:·18/·20 || c_Loss:0.375 || e_Loss:-0.979 || Aad_Loss:-29.886 || 耗时：13.00s
轮次:·19/·20 || c_Loss:0.388 || e_Loss:-0.898 || Aad_Loss:-33.492 || 耗时：13.00s
轮次:·20/·20 || c_Loss:0.392 || e_Loss:-0.982 || Aad_Loss:-30.445 || 耗时：13.03s
任务: (B1)N15_M01_F10→(B2)N15_M07_F10; mix批次:····0; 批次:·1880/·1880;  总正确率: 76.13%
类型1 正确率： 100.00% -> 1  100.00%, 2    0.00%, 3    0.00%
类型2 正确率：  78.00% -> 1    0.00%, 2   78.40%, 3   21.60%
类型3 正确率：  50.00% -> 1    0.00%, 2   50.00%, 3   50.00%


测试集任务: (B1)N15_M01_F10→(B2)N15_M07_F10; 总正确率 = 76.13%
类型1 正确率： 100.00% -> 1  100.00%, 2    0.00%, 3    0.00%
类型2 正确率：  78.00% -> 1    0.00%, 2   78.40%, 3   21.60%
类型3 正确率：  50.00% -> 1    0.00%, 2   50.00%, 3   50.00%


