

现在开始拿源域训练集：(B1)N15_M01_F10 进行训练
源域读取路径：/kaggle/working/m2/sdalr_PU_final_checkpoint/DATA_foldA/PU_M1_L3/N15_M01_F10_label.txt
excel输出位置：/kaggle/working/m2/weight_src_PU_M1_FA_s2024/NEW_PU/Source-源域
log&pt输出位置：/kaggle/working/m2/weight_src_PU_M1_FA_s2024/NEW_PU/Source-源域/log&pt/(B1)N15_M01_F10
特征图片输出位置：/kaggle/working/m2/weight_src_PU_M1_FA_s2024/NEW_PU/Picture-特征图/2026年09月13日22时05分/(B1)N15_M01_F10
源域训练开始
轮次:··1/·10 || loss:0.023 || 耗时：8.83s
轮次:··2/·10 || loss:0.023 || 耗时：7.82s
轮次:··3/·10 || loss:0.035 || 耗时：7.92s
轮次:··4/·10 || loss:0.006 || 耗时：7.99s
轮次:··5/·10 || loss:0.005 || 耗时：8.16s
任务: (B1)N15_M01_F10; mix批次:····0; 批次:··330/··660; 总正确率 = 99.82%
类型1 正确率： 100.00% -> 1  100.00%, 2    0.00%, 3    0.00%
类型2 正确率：  99.00% -> 1    0.00%, 2   99.47%, 3    0.53%
类型3 正确率： 100.00% -> 1    0.00%, 2    0.00%, 3  100.00%


轮次:··6/·10 || loss:0.018 || 耗时：8.34s
轮次:··7/·10 || loss:0.078 || 耗时：8.48s
轮次:··8/·10 || loss:0.004 || 耗时：8.65s
轮次:··9/·10 || loss:0.007 || 耗时：8.85s
轮次:·10/·10 || loss:0.006 || 耗时：9.10s
任务: (B1)N15_M01_F10; mix批次:····0; 批次:··660/··660; 总正确率 = 99.82%
类型1 正确率： 100.00% -> 1  100.00%, 2    0.00%, 3    0.00%
类型2 正确率：  99.00% -> 1    0.00%, 2   99.47%, 3    0.53%
类型3 正确率： 100.00% -> 1    0.00%, 2    0.00%, 3  100.00%


测试集任务: (B1)N15_M01_F10; 总正确率 = 99.76%
类型1 正确率： 100.00% -> 1  100.00%, 2    0.00%, 3    0.00%
类型2 正确率： 100.00% -> 1    0.00%, 2   99.52%, 3    0.48%
类型3 正确率： 100.00% -> 1    0.00%, 2    0.24%, 3   99.76%


源域训练结束

训练好之后，测试目标域
目标域路径：/kaggle/working/m2/sdalr_PU_final_checkpoint/DATA_foldA/PU_M1_L3/N15_M07_F10_label.txt
测试目标数据集结果如下：
任务: (B1)N15_M01_F10→(B2)N15_M07_F10, 正确率 = 98.70%
类型1 正确率： 100.00% -> 1  100.00%, 2    0.00%, 3    0.00%
类型2 正确率：  99.00% -> 1    0.26%, 2   99.49%, 3    0.26%
类型3 正确率：  97.00% -> 1    0.00%, 2    3.40%, 3   96.60%

目标域路径：/kaggle/working/m2/sdalr_PU_final_checkpoint/DATA_foldA/PU_M1_L3/N15_M07_F04_label.txt
测试目标数据集结果如下：
任务: (B1)N15_M01_F10→(B3)N15_M07_F04, 正确率 = 75.74%
类型1 正确率： 100.00% -> 1  100.00%, 2    0.00%, 3    0.00%
类型2 正确率：  95.00% -> 1    0.00%, 2   94.58%, 3    5.42%
类型3 正确率：  33.00% -> 1   23.76%, 2   43.60%, 3   32.64%



现在开始拿源域训练集：(B2)N15_M07_F10 进行训练
源域读取路径：/kaggle/working/m2/sdalr_PU_final_checkpoint/DATA_foldA/PU_M1_L3/N15_M07_F10_label.txt
excel输出位置：/kaggle/working/m2/weight_src_PU_M1_FA_s2024/NEW_PU/Source-源域
log&pt输出位置：/kaggle/working/m2/weight_src_PU_M1_FA_s2024/NEW_PU/Source-源域/log&pt/(B2)N15_M07_F10
特征图片输出位置：/kaggle/working/m2/weight_src_PU_M1_FA_s2024/NEW_PU/Picture-特征图/2026年09月13日22时05分/(B2)N15_M07_F10
源域训练开始
轮次:··1/·10 || loss:0.048 || 耗时：9.33s
轮次:··2/·10 || loss:0.037 || 耗时：9.03s
轮次:··3/·10 || loss:0.019 || 耗时：8.89s
轮次:··4/·10 || loss:0.023 || 耗时：8.79s
轮次:··5/·10 || loss:0.012 || 耗时：8.76s
任务: (B2)N15_M07_F10; mix批次:····0; 批次:··330/··660; 总正确率 = 99.84%
类型1 正确率： 100.00% -> 1  100.00%, 2    0.00%, 3    0.00%
类型2 正确率： 100.00% -> 1    0.00%, 2  100.00%, 3    0.00%
类型3 正确率： 100.00% -> 1    0.00%, 2    0.49%, 3   99.51%


轮次:··6/·10 || loss:0.003 || 耗时：8.76s
轮次:··7/·10 || loss:0.003 || 耗时：8.79s
轮次:··8/·10 || loss:0.002 || 耗时：8.84s
轮次:··9/·10 || loss:0.003 || 耗时：8.92s
轮次:·10/·10 || loss:0.002 || 耗时：8.95s
任务: (B2)N15_M07_F10; mix批次:····0; 批次:··660/··660; 总正确率 = 99.84%
类型1 正确率： 100.00% -> 1  100.00%, 2    0.00%, 3    0.00%
类型2 正确率： 100.00% -> 1    0.00%, 2  100.00%, 3    0.00%
类型3 正确率： 100.00% -> 1    0.00%, 2    0.49%, 3   99.51%


测试集任务: (B2)N15_M07_F10; 总正确率 = 99.59%
类型1 正确率： 100.00% -> 1  100.00%, 2    0.00%, 3    0.00%
类型2 正确率：  99.00% -> 1    0.25%, 2   99.26%, 3    0.50%
类型3 正确率： 100.00% -> 1    0.00%, 2    0.48%, 3   99.52%


源域训练结束

训练好之后，测试目标域
目标域路径：/kaggle/working/m2/sdalr_PU_final_checkpoint/DATA_foldA/PU_M1_L3/N15_M01_F10_label.txt
测试目标数据集结果如下：
任务: (B2)N15_M07_F10→(B1)N15_M01_F10, 正确率 = 99.59%
类型1 正确率： 100.00% -> 1  100.00%, 2    0.00%, 3    0.00%
类型2 正确率：  99.00% -> 1    0.25%, 2   98.76%, 3    0.99%
类型3 正确率： 100.00% -> 1    0.00%, 2    0.00%, 3  100.00%

目标域路径：/kaggle/working/m2/sdalr_PU_final_checkpoint/DATA_foldA/PU_M1_L3/N15_M07_F04_label.txt
测试目标数据集结果如下：
任务: (B2)N15_M07_F10→(B3)N15_M07_F04, 正确率 = 83.83%
类型1 正确率： 100.00% -> 1  100.00%, 2    0.00%, 3    0.00%
类型2 正确率：  97.00% -> 1    0.00%, 2   96.69%, 3    3.31%
类型3 正确率：  55.00% -> 1    0.00%, 2   45.21%, 3   54.79%



现在开始拿源域训练集：(B3)N15_M07_F04 进行训练
源域读取路径：/kaggle/working/m2/sdalr_PU_final_checkpoint/DATA_foldA/PU_M1_L3/N15_M07_F04_label.txt
excel输出位置：/kaggle/working/m2/weight_src_PU_M1_FA_s2024/NEW_PU/Source-源域
log&pt输出位置：/kaggle/working/m2/weight_src_PU_M1_FA_s2024/NEW_PU/Source-源域/log&pt/(B3)N15_M07_F04
特征图片输出位置：/kaggle/working/m2/weight_src_PU_M1_FA_s2024/NEW_PU/Picture-特征图/2026年09月13日22时05分/(B3)N15_M07_F04
源域训练开始
轮次:··1/·10 || loss:0.096 || 耗时：8.92s
轮次:··2/·10 || loss:0.005 || 耗时：8.93s
轮次:··3/·10 || loss:0.012 || 耗时：8.94s
轮次:··4/·10 || loss:0.002 || 耗时：8.92s
轮次:··5/·10 || loss:0.004 || 耗时：8.90s
任务: (B3)N15_M07_F04; mix批次:····0; 批次:··330/··660; 总正确率 = 99.83%
类型1 正确率： 100.00% -> 1  100.00%, 2    0.00%, 3    0.00%
类型2 正确率： 100.00% -> 1    0.00%, 2  100.00%, 3    0.00%
类型3 正确率：  99.00% -> 1    0.00%, 2    0.52%, 3   99.48%


轮次:··6/·10 || loss:0.004 || 耗时：8.90s
轮次:··7/·10 || loss:0.001 || 耗时：8.91s
轮次:··8/·10 || loss:0.010 || 耗时：8.88s
轮次:··9/·10 || loss:0.005 || 耗时：8.88s
轮次:·10/·10 || loss:0.002 || 耗时：8.86s
任务: (B3)N15_M07_F04; mix批次:····0; 批次:··660/··660; 总正确率 = 99.83%
类型1 正确率： 100.00% -> 1  100.00%, 2    0.00%, 3    0.00%
类型2 正确率： 100.00% -> 1    0.00%, 2  100.00%, 3    0.00%
类型3 正确率：  99.00% -> 1    0.00%, 2    0.52%, 3   99.48%


测试集任务: (B3)N15_M07_F04; 总正确率 = 100.00%
类型1 正确率： 100.00% -> 1  100.00%, 2    0.00%, 3    0.00%
类型2 正确率： 100.00% -> 1    0.00%, 2  100.00%, 3    0.00%
类型3 正确率： 100.00% -> 1    0.00%, 2    0.00%, 3  100.00%


源域训练结束

训练好之后，测试目标域
目标域路径：/kaggle/working/m2/sdalr_PU_final_checkpoint/DATA_foldA/PU_M1_L3/N15_M01_F10_label.txt
测试目标数据集结果如下：
任务: (B3)N15_M07_F04→(B1)N15_M01_F10, 正确率 = 84.98%
类型1 正确率： 100.00% -> 1  100.00%, 2    0.00%, 3    0.00%
类型2 正确率：  97.00% -> 1    0.00%, 2   97.36%, 3    2.64%
类型3 正确率：  58.00% -> 1    0.00%, 2   42.42%, 3   57.58%

目标域路径：/kaggle/working/m2/sdalr_PU_final_checkpoint/DATA_foldA/PU_M1_L3/N15_M07_F10_label.txt
测试目标数据集结果如下：
任务: (B3)N15_M07_F04→(B2)N15_M07_F10, 正确率 = 88.65%
类型1 正确率：  99.00% -> 1   99.50%, 2    0.50%, 3    0.00%
类型2 正确率：  98.00% -> 1    0.00%, 2   97.94%, 3    2.06%
类型3 正确率：  69.00% -> 1    0.00%, 2   31.48%, 3   68.52%

