读取源域路径：/kaggle/working/k10/S02/weight_PU_M1_final_checkpoint_FS02toS02c_gatepcv_s2024/NEW_PU/Source-源域/log&pt/(B1)N15_M01_F10
excel输出位置：/kaggle/working/k10/S02/weight_PU_M1_final_checkpoint_FS02toS02c_gatepcv_s2024/NEW_PU/Target-目标域
特征图片输出位置：/kaggle/working/k10/S02/weight_PU_M1_final_checkpoint_FS02toS02c_gatepcv_s2024/NEW_PU/Picture-特征图/2026年09月16日04时53分/(B1)N15_M01_F10
现在选取:(B1)N15_M01_F10 进行训练的源模型
现在进行：(B1)N15_M01_F10→(B2)N15_M07_F10 的迁移任务
log&pt输出位置：/kaggle/working/k10/S02/weight_PU_M1_final_checkpoint_FS02toS02c_gatepcv_s2024/NEW_PU/Target-目标域/log&pt/(B1)N15_M01_F10→(B2)N15_M07_F10
任务: (B1)N15_M01_F10→(B2)N15_M07_F10; 批次:····0/·1880;  总正确率: 42.33%
类型1 正确率：  90.00% -> 1   89.65%, 2    0.00%, 3   10.35%
类型2 正确率：  27.00% -> 1    0.00%, 2   27.40%, 3   72.60%
类型3 正确率：  10.00% -> 1    0.00%, 2   90.05%, 3    9.95%


样本变换：reverse
样本变换：mask
样本变换：shift
样本变换：none
未过滤	未用伪标签：42.33% -> 使用伪标签：49.37%
已过滤	未用伪标签：42.90% -> 使用伪标签：50.28%
排除样本：109|6000	剩余：2001, 2188, 1702
增添样本：1165		细则：0, 813, 352	正确率估算：90.82%
类型1 正确率： 100.00% -> 1   99.95%, 2    0.00%, 3    0.05%
类型2 正确率：  31.00% -> 1    0.10%, 2   31.10%, 3   68.79%
类型3 正确率：  18.00% -> 1    0.00%, 2   81.69%, 3   18.31%

被排除样本 正确率：11.93%
类型1 正确率：  31.00% -> 1   30.95%, 2   69.05%
类型2 正确率：   0.00% -> 1  100.00%, 2    0.00%


轮次:··1/·20 || c_Loss:0.483 || e_Loss:-1.739 || Aad_Loss:-22.102 || 耗时：33.26s
轮次:··2/·20 || c_Loss:0.457 || e_Loss:-1.608 || Aad_Loss:-19.450 || 耗时：12.52s
轮次:··3/·20 || c_Loss:0.446 || e_Loss:-1.625 || Aad_Loss:-19.398 || 耗时：12.53s
轮次:··4/·20 || c_Loss:0.393 || e_Loss:-1.669 || Aad_Loss:-22.943 || 耗时：12.51s
轮次:··5/·20 || c_Loss:0.384 || e_Loss:-1.708 || Aad_Loss:-25.969 || 耗时：12.52s
任务: (B1)N15_M01_F10→(B2)N15_M07_F10; mix批次:····0; 批次:··470/·1880;  总正确率: 56.10%
类型1 正确率： 100.00% -> 1  100.00%, 2    0.00%, 3    0.00%
类型2 正确率：  30.00% -> 1    0.00%, 2   30.50%, 3   69.50%
类型3 正确率：  38.00% -> 1    9.65%, 2   52.55%, 3   37.80%


样本变换：reverse
样本变换：mask
样本变换：shift
样本变换：none
未过滤	未用伪标签：56.10% -> 使用伪标签：48.80%
已过滤	未用伪标签：56.14% -> 使用伪标签：49.14%
排除样本：42|6000	剩余：2001, 2291, 1666
增添样本：1061		细则：0, 700, 361	正确率估算：96.61%
类型1 正确率： 100.00% -> 1  100.00%, 2    0.00%, 3    0.00%
类型2 正确率：  31.00% -> 1    0.05%, 2   31.46%, 3   68.49%
类型3 正确率：  15.00% -> 1    0.00%, 2   84.68%, 3   15.32%

被排除样本 正确率：50.00%
类型1 正确率：   0.00% -> 1    0.00%, 2  100.00%
类型2 正确率：  60.00% -> 1   40.00%, 2   60.00%


轮次:··6/·20 || c_Loss:0.383 || e_Loss:-1.820 || Aad_Loss:-24.538 || 耗时：32.80s
轮次:··7/·20 || c_Loss:0.443 || e_Loss:-1.477 || Aad_Loss:-21.634 || 耗时：12.51s
轮次:··8/·20 || c_Loss:0.474 || e_Loss:-1.669 || Aad_Loss:-22.024 || 耗时：12.51s
轮次:··9/·20 || c_Loss:0.397 || e_Loss:-1.589 || Aad_Loss:-23.662 || 耗时：12.51s
轮次:·10/·20 || c_Loss:0.483 || e_Loss:-1.558 || Aad_Loss:-24.847 || 耗时：12.50s
任务: (B1)N15_M01_F10→(B2)N15_M07_F10; mix批次:····0; 批次:··940/·1880;  总正确率: 55.87%
类型1 正确率： 100.00% -> 1  100.00%, 2    0.00%, 3    0.00%
类型2 正确率：  31.00% -> 1    0.00%, 2   30.60%, 3   69.40%
类型3 正确率：  37.00% -> 1    5.85%, 2   57.15%, 3   37.00%


样本变换：reverse
样本变换：mask
样本变换：shift
样本变换：none
未过滤	未用伪标签：55.87% -> 使用伪标签：47.67%
已过滤	未用伪标签：55.38% -> 使用伪标签：48.35%
排除样本：85|6000	剩余：2001, 2320, 1594
增添样本：963		细则：0, 533, 430	正确率估算：96.88%
类型1 正确率： 100.00% -> 1  100.00%, 2    0.00%, 3    0.00%
类型2 正确率：  32.00% -> 1    0.05%, 2   31.54%, 3   68.41%
类型3 正确率：  12.00% -> 1    0.00%, 2   87.94%, 3   12.06%

被排除样本 正确率：89.41%
类型1 正确率：  11.00% -> 1   11.11%, 2   88.89%
类型2 正确率：  99.00% -> 1    1.32%, 2   98.68%


轮次:·11/·20 || c_Loss:0.370 || e_Loss:-1.599 || Aad_Loss:-22.938 || 耗时：32.91s
轮次:·12/·20 || c_Loss:0.764 || e_Loss:-1.404 || Aad_Loss:-29.997 || 耗时：12.58s
轮次:·13/·20 || c_Loss:0.356 || e_Loss:-1.785 || Aad_Loss:-25.963 || 耗时：12.56s
轮次:·14/·20 || c_Loss:0.391 || e_Loss:-1.513 || Aad_Loss:-27.494 || 耗时：12.55s
轮次:·15/·20 || c_Loss:0.370 || e_Loss:-1.795 || Aad_Loss:-23.727 || 耗时：12.56s
任务: (B1)N15_M01_F10→(B2)N15_M07_F10; mix批次:····0; 批次:·1410/·1880;  总正确率: 53.98%
类型1 正确率： 100.00% -> 1  100.00%, 2    0.00%, 3    0.00%
类型2 正确率：  32.00% -> 1    0.05%, 2   31.50%, 3   68.45%
类型3 正确率：  30.00% -> 1    4.70%, 2   64.85%, 3   30.45%


样本变换：reverse
样本变换：mask
样本变换：shift
样本变换：none
未过滤	未用伪标签：53.98% -> 使用伪标签：51.33%
已过滤	未用伪标签：53.61% -> 使用伪标签：52.32%
排除样本：113|6000	剩余：2001, 2081, 1805
增添样本：627		细则：0, 413, 214	正确率估算：99.20%
类型1 正确率： 100.00% -> 1  100.00%, 2    0.00%, 3    0.00%
类型2 正确率：  32.00% -> 1    0.05%, 2   31.76%, 3   68.19%
类型3 正确率：  24.00% -> 1    0.00%, 2   76.38%, 3   23.62%

被排除样本 正确率：73.45%
类型1 没有样本或未被分类。
类型2 正确率：  20.00% -> 1    0.00%, 2   20.00%, 3   80.00%
类型3 正确率：  79.00% -> 1   17.48%, 2    3.88%, 3   78.64%


轮次:·16/·20 || c_Loss:0.338 || e_Loss:-1.722 || Aad_Loss:-26.060 || 耗时：32.66s
轮次:·17/·20 || c_Loss:0.385 || e_Loss:-1.713 || Aad_Loss:-29.591 || 耗时：12.54s
轮次:·18/·20 || c_Loss:0.360 || e_Loss:-1.707 || Aad_Loss:-27.406 || 耗时：12.55s
轮次:·19/·20 || c_Loss:0.394 || e_Loss:-1.772 || Aad_Loss:-24.778 || 耗时：12.56s
轮次:·20/·20 || c_Loss:0.375 || e_Loss:-1.808 || Aad_Loss:-24.508 || 耗时：12.58s
任务: (B1)N15_M01_F10→(B2)N15_M07_F10; mix批次:····0; 批次:·1880/·1880;  总正确率: 58.75%
类型1 正确率： 100.00% -> 1  100.00%, 2    0.00%, 3    0.00%
类型2 正确率：  32.00% -> 1    0.05%, 2   31.85%, 3   68.10%
类型3 正确率：  44.00% -> 1    0.75%, 2   54.85%, 3   44.40%


测试集任务: (B1)N15_M01_F10→(B2)N15_M07_F10; 总正确率 = 58.75%
类型1 正确率： 100.00% -> 1  100.00%, 2    0.00%, 3    0.00%
类型2 正确率：  32.00% -> 1    0.05%, 2   31.85%, 3   68.10%
类型3 正确率：  44.00% -> 1    0.75%, 2   54.85%, 3   44.40%


