读取源域路径：/kaggle/working/k10/S02/weight_PU_M1_final_checkpoint_FS02toS02c_gatepcv_s2024/NEW_PU/Source-源域/log&pt/(B1)N15_M01_F10
excel输出位置：/kaggle/working/k10/S02/weight_PU_M1_final_checkpoint_FS02toS02c_gatepcv_s2024/NEW_PU/Target-目标域
特征图片输出位置：/kaggle/working/k10/S02/weight_PU_M1_final_checkpoint_FS02toS02c_gatepcv_s2024/NEW_PU/Picture-特征图/2026年09月16日04时58分/(B1)N15_M01_F10
现在选取:(B1)N15_M01_F10 进行训练的源模型
现在进行：(B1)N15_M01_F10→(B3)N15_M07_F04 的迁移任务
log&pt输出位置：/kaggle/working/k10/S02/weight_PU_M1_final_checkpoint_FS02toS02c_gatepcv_s2024/NEW_PU/Target-目标域/log&pt/(B1)N15_M01_F10→(B3)N15_M07_F04
任务: (B1)N15_M01_F10→(B3)N15_M07_F04; 批次:····0/·1880;  总正确率: 56.52%
类型1 正确率：  98.00% -> 1   98.45%, 2    0.00%, 3    1.55%
类型2 正确率：  12.00% -> 1    0.10%, 2   12.40%, 3   87.50%
类型3 正确率：  59.00% -> 1    0.00%, 2   41.30%, 3   58.70%


样本变换：reverse
样本变换：mask
样本变换：shift
样本变换：none
未过滤	未用伪标签：56.52% -> 使用伪标签：57.17%
已过滤	未用伪标签：56.78% -> 使用伪标签：57.62%
排除样本：47|6000	剩余：2002, 1435, 2516
增添样本：1567		细则：475, 1092, 0	正确率估算：78.81%
类型1 正确率： 100.00% -> 1  100.00%, 2    0.00%, 3    0.00%
类型2 正确率：  22.00% -> 1    0.10%, 2   22.16%, 3   77.74%
类型3 正确率：  50.00% -> 1    0.00%, 2   50.13%, 3   49.87%

被排除样本 正确率：23.40%
类型1 正确率：  24.00% -> 1   23.91%, 2   76.09%
类型2 正确率：   0.00% -> 1  100.00%, 2    0.00%


轮次:··1/·20 || c_Loss:0.522 || e_Loss:-1.031 || Aad_Loss:-27.397 || 耗时：32.88s
轮次:··2/·20 || c_Loss:0.384 || e_Loss:-0.881 || Aad_Loss:-31.251 || 耗时：12.48s
轮次:··3/·20 || c_Loss:0.372 || e_Loss:-1.635 || Aad_Loss:-26.962 || 耗时：12.52s
轮次:··4/·20 || c_Loss:0.364 || e_Loss:-1.347 || Aad_Loss:-27.919 || 耗时：12.53s
轮次:··5/·20 || c_Loss:0.344 || e_Loss:-1.621 || Aad_Loss:-27.467 || 耗时：12.56s
任务: (B1)N15_M01_F10→(B3)N15_M07_F04; mix批次:····0; 批次:··470/·1880;  总正确率: 58.22%
类型1 正确率： 100.00% -> 1  100.00%, 2    0.00%, 3    0.00%
类型2 正确率：  25.00% -> 1    0.00%, 2   24.65%, 3   75.35%
类型3 正确率：  50.00% -> 1    0.00%, 2   50.00%, 3   50.00%


样本变换：reverse
样本变换：mask
样本变换：shift
样本变换：none
未过滤	未用伪标签：58.22% -> 使用伪标签：60.07%
已过滤	未用伪标签：58.39% -> 使用伪标签：60.27%
排除样本：20|6000	剩余：2000, 1604, 2376
增添样本：1178		细则：366, 812, 0	正确率估算：95.50%
类型1 正确率： 100.00% -> 1  100.00%, 2    0.00%, 3    0.00%
类型2 正确率：  31.00% -> 1    0.00%, 2   30.51%, 3   69.49%
类型3 正确率：  50.00% -> 1    0.00%, 2   50.00%, 3   50.00%

被排除样本 正确率：5.00%
类型1 正确率：   5.00% -> 1    5.00%, 2   95.00%
类型2 没有样本或未被分类。


轮次:··6/·20 || c_Loss:0.355 || e_Loss:-0.925 || Aad_Loss:-30.212 || 耗时：32.90s
轮次:··7/·20 || c_Loss:0.346 || e_Loss:-0.883 || Aad_Loss:-31.186 || 耗时：12.43s
轮次:··8/·20 || c_Loss:0.364 || e_Loss:-0.917 || Aad_Loss:-29.483 || 耗时：12.44s
轮次:··9/·20 || c_Loss:0.451 || e_Loss:-1.292 || Aad_Loss:-29.600 || 耗时：12.45s
轮次:·10/·20 || c_Loss:0.349 || e_Loss:-0.900 || Aad_Loss:-29.657 || 耗时：12.47s
任务: (B1)N15_M01_F10→(B3)N15_M07_F04; mix批次:····0; 批次:··940/·1880;  总正确率: 60.02%
类型1 正确率： 100.00% -> 1  100.00%, 2    0.00%, 3    0.00%
类型2 正确率：  30.00% -> 1    0.00%, 2   30.05%, 3   69.95%
类型3 正确率：  50.00% -> 1    0.00%, 2   50.00%, 3   50.00%


样本变换：reverse
样本变换：mask
样本变换：shift
样本变换：none
未过滤	未用伪标签：60.02% -> 使用伪标签：60.60%
已过滤	未用伪标签：60.09% -> 使用伪标签：60.69%
排除样本：9|6000	剩余：2000, 1636, 2355
增添样本：1112		细则：349, 763, 0	正确率估算：98.65%
类型1 正确率： 100.00% -> 1  100.00%, 2    0.00%, 3    0.00%
类型2 正确率：  32.00% -> 1    0.00%, 2   31.94%, 3   68.06%
类型3 正确率：  50.00% -> 1    0.00%, 2   50.00%, 3   50.00%

被排除样本 正确率：11.11%
类型1 正确率：  11.00% -> 1   11.11%, 2   88.89%
类型2 没有样本或未被分类。


轮次:·11/·20 || c_Loss:0.348 || e_Loss:-0.848 || Aad_Loss:-32.226 || 耗时：32.88s
轮次:·12/·20 || c_Loss:0.351 || e_Loss:-1.247 || Aad_Loss:-30.573 || 耗时：12.48s
轮次:·13/·20 || c_Loss:0.371 || e_Loss:-0.853 || Aad_Loss:-30.207 || 耗时：12.49s
轮次:·14/·20 || c_Loss:0.359 || e_Loss:-0.905 || Aad_Loss:-29.998 || 耗时：12.48s
轮次:·15/·20 || c_Loss:0.357 || e_Loss:-0.883 || Aad_Loss:-30.284 || 耗时：12.49s
任务: (B1)N15_M01_F10→(B3)N15_M07_F04; mix批次:····0; 批次:·1410/·1880;  总正确率: 60.42%
类型1 正确率： 100.00% -> 1  100.00%, 2    0.00%, 3    0.00%
类型2 正确率：  31.00% -> 1    0.00%, 2   31.25%, 3   68.75%
类型3 正确率：  50.00% -> 1    0.00%, 2   50.00%, 3   50.00%


样本变换：reverse
样本变换：mask
样本变换：shift
样本变换：none
未过滤	未用伪标签：60.42% -> 使用伪标签：60.67%
已过滤	未用伪标签：60.49% -> 使用伪标签：60.74%
排除样本：7|6000	剩余：2000, 1640, 2353
增添样本：1106		细则：348, 758, 0	正确率估算：99.01%
类型1 正确率： 100.00% -> 1  100.00%, 2    0.00%, 3    0.00%
类型2 正确率：  32.00% -> 1    0.00%, 2   32.11%, 3   67.89%
类型3 正确率：  50.00% -> 1    0.00%, 2   50.00%, 3   50.00%

被排除样本 正确率：0.00%
类型1 正确率：   0.00% -> 1    0.00%, 2  100.00%
类型2 没有样本或未被分类。


轮次:·16/·20 || c_Loss:0.367 || e_Loss:-0.893 || Aad_Loss:-29.946 || 耗时：32.93s
轮次:·17/·20 || c_Loss:0.361 || e_Loss:-1.403 || Aad_Loss:-28.668 || 耗时：12.46s
轮次:·18/·20 || c_Loss:0.347 || e_Loss:-0.895 || Aad_Loss:-31.233 || 耗时：12.42s
轮次:·19/·20 || c_Loss:0.342 || e_Loss:-0.920 || Aad_Loss:-30.403 || 耗时：12.44s
轮次:·20/·20 || c_Loss:0.339 || e_Loss:-0.907 || Aad_Loss:-30.258 || 耗时：12.42s
任务: (B1)N15_M01_F10→(B3)N15_M07_F04; mix批次:····0; 批次:·1880/·1880;  总正确率: 60.12%
类型1 正确率： 100.00% -> 1  100.00%, 2    0.00%, 3    0.00%
类型2 正确率：  30.00% -> 1    0.00%, 2   30.35%, 3   69.65%
类型3 正确率：  50.00% -> 1    0.00%, 2   50.00%, 3   50.00%


测试集任务: (B1)N15_M01_F10→(B3)N15_M07_F04; 总正确率 = 60.12%
类型1 正确率： 100.00% -> 1  100.00%, 2    0.00%, 3    0.00%
类型2 正确率：  30.00% -> 1    0.00%, 2   30.35%, 3   69.65%
类型3 正确率：  50.00% -> 1    0.00%, 2   50.00%, 3   50.00%


