读取源域路径：/kaggle/working/k10/S02/weight_PU_M1_final_checkpoint_FS02toS02c_gatepcv_s2024/NEW_PU/Source-源域/log&pt/(B3)N15_M07_F04
excel输出位置：/kaggle/working/k10/S02/weight_PU_M1_final_checkpoint_FS02toS02c_gatepcv_s2024/NEW_PU/Target-目标域
特征图片输出位置：/kaggle/working/k10/S02/weight_PU_M1_final_checkpoint_FS02toS02c_gatepcv_s2024/NEW_PU/Picture-特征图/2026年09月16日05时22分/(B3)N15_M07_F04
现在选取:(B3)N15_M07_F04 进行训练的源模型
现在进行：(B3)N15_M07_F04→(B2)N15_M07_F10 的迁移任务
log&pt输出位置：/kaggle/working/k10/S02/weight_PU_M1_final_checkpoint_FS02toS02c_gatepcv_s2024/NEW_PU/Target-目标域/log&pt/(B3)N15_M07_F04→(B2)N15_M07_F10
任务: (B3)N15_M07_F04→(B2)N15_M07_F10; 批次:····0/·1880;  总正确率: 53.55%
类型1 正确率：  99.00% -> 1   98.55%, 2    0.00%, 3    1.45%
类型2 正确率：  62.00% -> 1    0.05%, 2   62.10%, 3   37.85%
类型3 正确率：   0.00% -> 1    0.00%, 2  100.00%, 3    0.00%


样本变换：reverse
样本变换：mask
样本变换：shift
样本变换：none
未过滤	未用伪标签：53.55% -> 使用伪标签：52.90%
已过滤	未用伪标签：53.29% -> 使用伪标签：53.31%
排除样本：46|6000	剩余：1997, 3175, 782
增添样本：1581		细则：178, 0, 1403	正确率估算：95.79%
类型1 正确率： 100.00% -> 1   99.90%, 2    0.00%, 3    0.10%
类型2 正确率：  60.00% -> 1    0.00%, 2   60.14%, 3   39.86%
类型3 正确率：   0.00% -> 1    0.00%, 2  100.00%, 3    0.00%

被排除样本 正确率：86.96%
类型1 正确率：   0.00% -> 1    0.00%, 2    0.00%, 3  100.00%
类型2 正确率：  93.00% -> 1    0.00%, 2   93.02%, 3    6.98%
类型3 正确率：   0.00% -> 1    0.00%, 2  100.00%, 3    0.00%


轮次:··1/·20 || c_Loss:0.588 || e_Loss:-1.661 || Aad_Loss:-21.170 || 耗时：32.54s
轮次:··2/·20 || c_Loss:0.408 || e_Loss:-1.726 || Aad_Loss:-23.405 || 耗时：12.49s
轮次:··3/·20 || c_Loss:0.427 || e_Loss:-1.930 || Aad_Loss:-26.536 || 耗时：12.49s
轮次:··4/·20 || c_Loss:0.387 || e_Loss:-1.711 || Aad_Loss:-28.166 || 耗时：12.54s
轮次:··5/·20 || c_Loss:0.391 || e_Loss:-1.800 || Aad_Loss:-25.102 || 耗时：12.54s
任务: (B3)N15_M07_F04→(B2)N15_M07_F10; mix批次:····0; 批次:··470/·1880;  总正确率: 57.98%
类型1 正确率： 100.00% -> 1  100.00%, 2    0.00%, 3    0.00%
类型2 正确率：  66.00% -> 1    0.00%, 2   66.00%, 3   34.00%
类型3 正确率：   8.00% -> 1    9.05%, 2   83.00%, 3    7.95%


样本变换：reverse
样本变换：mask
样本变换：shift
样本变换：none
未过滤	未用伪标签：57.98% -> 使用伪标签：55.33%
已过滤	未用伪标签：57.98% -> 使用伪标签：55.33%
排除样本：2000|6000	剩余：3320, 680
增添样本：1960		细则：320, 0, 1640	正确率估算：100.00%
类型1 正确率： 100.00% -> 1  100.00%, 2    0.00%, 3    0.00%
类型2 正确率：  66.00% -> 1    0.00%, 2   66.00%, 3   34.00%
类型3 正确率：   0.00% -> 1    0.00%, 2  100.00%, 3    0.00%

被排除样本 正确率：nan%


轮次:··6/·20 || c_Loss:0.366 || e_Loss:-1.784 || Aad_Loss:-29.984 || 耗时：32.86s
轮次:··7/·20 || c_Loss:0.337 || e_Loss:-1.833 || Aad_Loss:-30.769 || 耗时：12.49s
轮次:··8/·20 || c_Loss:0.333 || e_Loss:-1.901 || Aad_Loss:-26.212 || 耗时：12.50s
轮次:··9/·20 || c_Loss:0.342 || e_Loss:-1.846 || Aad_Loss:-32.119 || 耗时：12.51s
轮次:·10/·20 || c_Loss:0.335 || e_Loss:-1.937 || Aad_Loss:-26.166 || 耗时：12.52s
任务: (B3)N15_M07_F04→(B2)N15_M07_F10; mix批次:····0; 批次:··940/·1880;  总正确率: 59.78%
类型1 正确率： 100.00% -> 1   99.95%, 2    0.00%, 3    0.05%
类型2 正确率：  66.00% -> 1    0.00%, 2   66.00%, 3   34.00%
类型3 正确率：  13.00% -> 1   11.50%, 2   75.10%, 3   13.40%


样本变换：reverse
样本变换：mask
样本变换：shift
样本变换：none
未过滤	未用伪标签：59.78% -> 使用伪标签：55.45%
已过滤	未用伪标签：59.75% -> 使用伪标签：55.56%
排除样本：12|6000	剩余：2000, 3301, 687
增添样本：1953		细则：320, 0, 1633	正确率估算：99.90%
类型1 正确率： 100.00% -> 1  100.00%, 2    0.00%, 3    0.00%
类型2 正确率：  66.00% -> 1    0.00%, 2   66.00%, 3   34.00%
类型3 正确率：   0.00% -> 1    0.00%, 2   99.65%, 3    0.35%

被排除样本 正确率：75.00%
类型1 没有样本或未被分类。
类型2 正确率：  75.00% -> 1   25.00%, 2   75.00%


轮次:·11/·20 || c_Loss:0.337 || e_Loss:-1.962 || Aad_Loss:-29.182 || 耗时：32.87s
轮次:·12/·20 || c_Loss:0.340 || e_Loss:-1.876 || Aad_Loss:-30.652 || 耗时：12.52s
轮次:·13/·20 || c_Loss:0.333 || e_Loss:-1.948 || Aad_Loss:-30.036 || 耗时：12.49s
轮次:·14/·20 || c_Loss:0.347 || e_Loss:-1.951 || Aad_Loss:-26.321 || 耗时：12.51s
轮次:·15/·20 || c_Loss:0.345 || e_Loss:-1.868 || Aad_Loss:-29.062 || 耗时：12.52s
任务: (B3)N15_M07_F04→(B2)N15_M07_F10; mix批次:····0; 批次:·1410/·1880;  总正确率: 64.40%
类型1 正确率： 100.00% -> 1   99.95%, 2    0.00%, 3    0.05%
类型2 正确率：  66.00% -> 1    0.00%, 2   66.00%, 3   34.00%
类型3 正确率：  27.00% -> 1    4.50%, 2   68.25%, 3   27.25%


样本变换：reverse
样本变换：mask
样本变换：shift
样本变换：none
未过滤	未用伪标签：64.40% -> 使用伪标签：57.65%
已过滤	未用伪标签：64.15% -> 使用伪标签：58.18%
排除样本：55|6000	剩余：2000, 3126, 819
增添样本：1821		细则：320, 0, 1501	正确率估算：99.91%
类型1 正确率： 100.00% -> 1  100.00%, 2    0.00%, 3    0.00%
类型2 正确率：  66.00% -> 1    0.00%, 2   66.00%, 3   34.00%
类型3 正确率：   7.00% -> 1    0.00%, 2   92.85%, 3    7.15%

被排除样本 正确率：90.91%
类型1 没有样本或未被分类。
类型2 正确率：  91.00% -> 1    9.09%, 2   90.91%


轮次:·16/·20 || c_Loss:0.342 || e_Loss:-1.732 || Aad_Loss:-30.073 || 耗时：32.99s
轮次:·17/·20 || c_Loss:0.342 || e_Loss:-1.900 || Aad_Loss:-26.263 || 耗时：12.53s
轮次:·18/·20 || c_Loss:0.356 || e_Loss:-1.895 || Aad_Loss:-25.796 || 耗时：12.55s
轮次:·19/·20 || c_Loss:0.350 || e_Loss:-1.850 || Aad_Loss:-28.052 || 耗时：12.58s
轮次:·20/·20 || c_Loss:0.353 || e_Loss:-1.893 || Aad_Loss:-28.784 || 耗时：12.55s
任务: (B3)N15_M07_F04→(B2)N15_M07_F10; mix批次:····0; 批次:·1880/·1880;  总正确率: 68.78%
类型1 正确率： 100.00% -> 1  100.00%, 2    0.00%, 3    0.00%
类型2 正确率：  66.00% -> 1    0.00%, 2   66.00%, 3   34.00%
类型3 正确率：  40.00% -> 1    0.70%, 2   58.95%, 3   40.35%


测试集任务: (B3)N15_M07_F04→(B2)N15_M07_F10; 总正确率 = 68.78%
类型1 正确率： 100.00% -> 1  100.00%, 2    0.00%, 3    0.00%
类型2 正确率：  66.00% -> 1    0.00%, 2   66.00%, 3   34.00%
类型3 正确率：  40.00% -> 1    0.70%, 2   58.95%, 3   40.35%


