读取源域路径：/kaggle/working/k10/S02/weight_PU_M1_final_checkpoint_FS02toS02c_gatepcv_s2024/NEW_PU/Source-源域/log&pt/(B3)N15_M07_F04
excel输出位置：/kaggle/working/k10/S02/weight_PU_M1_final_checkpoint_FS02toS02c_gatepcv_s2024/NEW_PU/Target-目标域
特征图片输出位置：/kaggle/working/k10/S02/weight_PU_M1_final_checkpoint_FS02toS02c_gatepcv_s2024/NEW_PU/Picture-特征图/2026年09月16日05时16分/(B3)N15_M07_F04
现在选取:(B3)N15_M07_F04 进行训练的源模型
现在进行：(B3)N15_M07_F04→(B1)N15_M01_F10 的迁移任务
log&pt输出位置：/kaggle/working/k10/S02/weight_PU_M1_final_checkpoint_FS02toS02c_gatepcv_s2024/NEW_PU/Target-目标域/log&pt/(B3)N15_M07_F04→(B1)N15_M01_F10
任务: (B3)N15_M07_F04→(B1)N15_M01_F10; 批次:····0/·1880;  总正确率: 52.90%
类型1 正确率： 100.00% -> 1   99.75%, 2    0.00%, 3    0.25%
类型2 正确率：  59.00% -> 1    0.40%, 2   58.95%, 3   40.65%
类型3 正确率：   0.00% -> 1    0.05%, 2   99.95%, 3    0.00%


样本变换：reverse
样本变换：mask
样本变换：shift
样本变换：none
未过滤	未用伪标签：52.90% -> 使用伪标签：47.85%
已过滤	未用伪标签：52.28% -> 使用伪标签：48.72%
排除样本：107|6000	剩余：2003, 2864, 1026
增添样本：1156		细则：0, 139, 1017	正确率估算：81.87%
类型1 正确率： 100.00% -> 1   99.95%, 2    0.00%, 3    0.05%
类型2 正确率：  46.00% -> 1    0.11%, 2   45.92%, 3   53.98%
类型3 正确率：   0.00% -> 1    0.10%, 2   99.90%, 3    0.00%

被排除样本 正确率：86.92%
类型1 没有样本或未被分类。
类型2 正确率：  92.00% -> 1    0.99%, 2   92.08%, 3    6.93%
类型3 正确率：   0.00% -> 1    0.00%, 2  100.00%, 3    0.00%


轮次:··1/·20 || c_Loss:0.750 || e_Loss:-1.146 || Aad_Loss:-17.355 || 耗时：32.83s
轮次:··2/·20 || c_Loss:0.360 || e_Loss:-1.350 || Aad_Loss:-27.674 || 耗时：12.56s
轮次:··3/·20 || c_Loss:0.357 || e_Loss:-1.663 || Aad_Loss:-23.144 || 耗时：12.53s
轮次:··4/·20 || c_Loss:0.389 || e_Loss:-1.612 || Aad_Loss:-23.039 || 耗时：12.54s
轮次:··5/·20 || c_Loss:0.395 || e_Loss:-1.735 || Aad_Loss:-20.586 || 耗时：12.51s
任务: (B3)N15_M07_F04→(B1)N15_M01_F10; mix批次:····0; 批次:··470/·1880;  总正确率: 55.90%
类型1 正确率： 100.00% -> 1  100.00%, 2    0.00%, 3    0.00%
类型2 正确率：  41.00% -> 1    0.00%, 2   40.70%, 3   59.30%
类型3 正确率：  27.00% -> 1    1.45%, 2   71.55%, 3   27.00%


样本变换：reverse
样本变换：mask
样本变换：shift
样本变换：none
未过滤	未用伪标签：55.90% -> 使用伪标签：45.58%
已过滤	未用伪标签：55.66% -> 使用伪标签：45.92%
排除样本：44|6000	剩余：2000, 2719, 1237
增添样本：1040		细则：0, 268, 772	正确率估算：97.12%
类型1 正确率： 100.00% -> 1  100.00%, 2    0.00%, 3    0.00%
类型2 正确率：  37.00% -> 1    0.00%, 2   37.23%, 3   62.77%
类型3 正确率：   0.00% -> 1    0.00%, 2   99.85%, 3    0.15%

被排除样本 正确率：88.64%
类型1 正确率：  85.00% -> 1   85.29%, 2   14.71%
类型2 正确率： 100.00% -> 1    0.00%, 2  100.00%


轮次:··6/·20 || c_Loss:0.350 || e_Loss:-1.822 || Aad_Loss:-23.813 || 耗时：32.84s
轮次:··7/·20 || c_Loss:0.380 || e_Loss:-1.803 || Aad_Loss:-23.990 || 耗时：12.58s
轮次:··8/·20 || c_Loss:0.355 || e_Loss:-1.752 || Aad_Loss:-25.869 || 耗时：12.61s
轮次:··9/·20 || c_Loss:0.428 || e_Loss:-1.699 || Aad_Loss:-21.659 || 耗时：12.59s
轮次:·10/·20 || c_Loss:0.341 || e_Loss:-1.767 || Aad_Loss:-26.178 || 耗时：12.61s
任务: (B3)N15_M07_F04→(B1)N15_M01_F10; mix批次:····0; 批次:··940/·1880;  总正确率: 57.42%
类型1 正确率： 100.00% -> 1  100.00%, 2    0.00%, 3    0.00%
类型2 正确率：  33.00% -> 1    0.00%, 2   32.70%, 3   67.30%
类型3 正确率：  40.00% -> 1    2.75%, 2   57.70%, 3   39.55%


样本变换：reverse
样本变换：mask
样本变换：shift
样本变换：none
未过滤	未用伪标签：57.42% -> 使用伪标签：46.20%
已过滤	未用伪标签：55.80% -> 使用伪标签：47.99%
排除样本：224|6000	剩余：2000, 2299, 1477
增添样本：890		细则：0, 357, 533	正确率估算：99.78%
类型1 正确率： 100.00% -> 1  100.00%, 2    0.00%, 3    0.00%
类型2 正确率：  32.00% -> 1    0.00%, 2   32.30%, 3   67.70%
类型3 正确率：   7.00% -> 1    0.00%, 2   92.77%, 3    7.23%

被排除样本 正确率：99.11%
类型1 正确率：  78.00% -> 1   77.78%, 2   22.22%
类型2 正确率： 100.00% -> 1    0.00%, 2  100.00%


轮次:·11/·20 || c_Loss:0.349 || e_Loss:-1.783 || Aad_Loss:-26.193 || 耗时：32.82s
轮次:·12/·20 || c_Loss:0.357 || e_Loss:-1.672 || Aad_Loss:-29.357 || 耗时：12.54s
轮次:·13/·20 || c_Loss:0.359 || e_Loss:-1.792 || Aad_Loss:-22.811 || 耗时：12.53s
轮次:·14/·20 || c_Loss:0.355 || e_Loss:-1.789 || Aad_Loss:-22.646 || 耗时：12.54s
轮次:·15/·20 || c_Loss:0.335 || e_Loss:-1.900 || Aad_Loss:-28.142 || 耗时：12.53s
任务: (B3)N15_M07_F04→(B1)N15_M01_F10; mix批次:····0; 批次:·1410/·1880;  总正确率: 53.62%
类型1 正确率： 100.00% -> 1  100.00%, 2    0.00%, 3    0.00%
类型2 正确率：  33.00% -> 1    0.00%, 2   33.45%, 3   66.55%
类型3 正确率：  27.00% -> 1    3.45%, 2   69.15%, 3   27.40%


样本变换：reverse
样本变换：mask
样本变换：shift
样本变换：none
未过滤	未用伪标签：53.62% -> 使用伪标签：49.02%
已过滤	未用伪标签：52.31% -> 使用伪标签：51.34%
排除样本：271|6000	剩余：2000, 2100, 1629
增添样本：719		细则：0, 345, 374	正确率估算：98.89%
类型1 正确率： 100.00% -> 1  100.00%, 2    0.00%, 3    0.00%
类型2 正确率：  33.00% -> 1    0.00%, 2   32.78%, 3   67.22%
类型3 正确率：  17.00% -> 1    0.00%, 2   83.48%, 3   16.52%

被排除样本 正确率：81.18%
类型1 没有样本或未被分类。
类型2 正确率： 100.00% -> 1    0.00%, 2  100.00%, 3    0.00%
类型3 正确率：  81.00% -> 1    6.32%, 2   12.64%, 3   81.04%


轮次:·16/·20 || c_Loss:0.353 || e_Loss:-1.784 || Aad_Loss:-27.603 || 耗时：32.61s
轮次:·17/·20 || c_Loss:0.355 || e_Loss:-1.512 || Aad_Loss:-31.670 || 耗时：12.59s
轮次:·18/·20 || c_Loss:0.360 || e_Loss:-1.734 || Aad_Loss:-28.189 || 耗时：12.58s
轮次:·19/·20 || c_Loss:0.347 || e_Loss:-1.809 || Aad_Loss:-26.917 || 耗时：12.60s
轮次:·20/·20 || c_Loss:0.342 || e_Loss:-1.801 || Aad_Loss:-26.177 || 耗时：12.61s
任务: (B3)N15_M07_F04→(B1)N15_M01_F10; mix批次:····0; 批次:·1880/·1880;  总正确率: 56.62%
类型1 正确率： 100.00% -> 1  100.00%, 2    0.00%, 3    0.00%
类型2 正确率：  33.00% -> 1    0.00%, 2   33.05%, 3   66.95%
类型3 正确率：  37.00% -> 1    1.15%, 2   62.05%, 3   36.80%


测试集任务: (B3)N15_M07_F04→(B1)N15_M01_F10; 总正确率 = 56.62%
类型1 正确率： 100.00% -> 1  100.00%, 2    0.00%, 3    0.00%
类型2 正确率：  33.00% -> 1    0.00%, 2   33.05%, 3   66.95%
类型3 正确率：  37.00% -> 1    1.15%, 2   62.05%, 3   36.80%


