读取源域路径：/kaggle/working/k10/S02/weight_PU_M1_final_checkpoint_FS02toS02c_gatepcv_s2024/NEW_PU/Source-源域/log&pt/(B2)N15_M07_F10
excel输出位置：/kaggle/working/k10/S02/weight_PU_M1_final_checkpoint_FS02toS02c_gatepcv_s2024/NEW_PU/Target-目标域
特征图片输出位置：/kaggle/working/k10/S02/weight_PU_M1_final_checkpoint_FS02toS02c_gatepcv_s2024/NEW_PU/Picture-特征图/2026年09月16日05时10分/(B2)N15_M07_F10
现在选取:(B2)N15_M07_F10 进行训练的源模型
现在进行：(B2)N15_M07_F10→(B3)N15_M07_F04 的迁移任务
log&pt输出位置：/kaggle/working/k10/S02/weight_PU_M1_final_checkpoint_FS02toS02c_gatepcv_s2024/NEW_PU/Target-目标域/log&pt/(B2)N15_M07_F10→(B3)N15_M07_F04
任务: (B2)N15_M07_F10→(B3)N15_M07_F04; 批次:····0/·1880;  总正确率: 63.78%
类型1 正确率： 100.00% -> 1  100.00%, 2    0.00%, 3    0.00%
类型2 正确率：   5.00% -> 1    0.10%, 2    4.90%, 3   95.00%
类型3 正确率：  86.00% -> 1    0.00%, 2   13.55%, 3   86.45%


样本变换：reverse
样本变换：mask
样本变换：shift
样本变换：none
未过滤	未用伪标签：63.78% -> 使用伪标签：52.53%
已过滤	未用伪标签：64.20% -> 使用伪标签：52.97%
排除样本：50|6000	剩余：2002, 1156, 2792
增添样本：2262		细则：683, 1579, 0	正确率估算：56.12%
类型1 正确率： 100.00% -> 1  100.00%, 2    0.00%, 3    0.00%
类型2 正确率：   8.00% -> 1    0.10%, 2    7.90%, 3   92.00%
类型3 正确率：  50.00% -> 1    0.00%, 2   50.10%, 3   49.90%

被排除样本 正确率：14.00%
类型1 正确率：  14.00% -> 1   14.00%, 2   86.00%
类型2 没有样本或未被分类。


轮次:··1/·20 || c_Loss:0.509 || e_Loss:-1.706 || Aad_Loss:-27.274 || 耗时：33.12s
轮次:··2/·20 || c_Loss:0.358 || e_Loss:-0.892 || Aad_Loss:-29.772 || 耗时：12.58s
轮次:··3/·20 || c_Loss:0.365 || e_Loss:-1.179 || Aad_Loss:-29.871 || 耗时：12.50s
轮次:··4/·20 || c_Loss:0.344 || e_Loss:-1.649 || Aad_Loss:-27.200 || 耗时：12.51s
轮次:··5/·20 || c_Loss:0.366 || e_Loss:-1.676 || Aad_Loss:-27.688 || 耗时：12.53s
任务: (B2)N15_M07_F10→(B3)N15_M07_F04; mix批次:····0; 批次:··470/·1880;  总正确率: 54.07%
类型1 正确率： 100.00% -> 1  100.00%, 2    0.00%, 3    0.00%
类型2 正确率：  12.00% -> 1    0.00%, 2   12.20%, 3   87.80%
类型3 正确率：  50.00% -> 1    0.00%, 2   50.00%, 3   50.00%


样本变换：reverse
样本变换：mask
样本变换：shift
样本变换：none
未过滤	未用伪标签：54.07% -> 使用伪标签：54.90%
已过滤	未用伪标签：54.30% -> 使用伪标签：55.26%
排除样本：39|6000	剩余：2000, 1294, 2667
增添样本：1936		细则：590, 1346, 0	正确率估算：97.00%
类型1 正确率： 100.00% -> 1  100.00%, 2    0.00%, 3    0.00%
类型2 正确率：  15.00% -> 1    0.00%, 2   14.99%, 3   85.01%
类型3 正确率：  50.00% -> 1    0.00%, 2   50.00%, 3   50.00%

被排除样本 正确率：17.95%
类型1 正确率：  18.00% -> 1   17.95%, 2   82.05%
类型2 没有样本或未被分类。


轮次:··6/·20 || c_Loss:0.422 || e_Loss:-1.455 || Aad_Loss:-30.574 || 耗时：33.13s
轮次:··7/·20 || c_Loss:0.364 || e_Loss:-1.583 || Aad_Loss:-26.930 || 耗时：12.50s
轮次:··8/·20 || c_Loss:0.367 || e_Loss:-1.440 || Aad_Loss:-26.506 || 耗时：12.51s
轮次:··9/·20 || c_Loss:0.356 || e_Loss:-1.713 || Aad_Loss:-29.364 || 耗时：12.56s
轮次:·10/·20 || c_Loss:0.340 || e_Loss:-0.897 || Aad_Loss:-29.803 || 耗时：12.59s
任务: (B2)N15_M07_F10→(B3)N15_M07_F04; mix批次:····0; 批次:··940/·1880;  总正确率: 55.77%
类型1 正确率： 100.00% -> 1  100.00%, 2    0.00%, 3    0.00%
类型2 正确率：  17.00% -> 1    0.00%, 2   17.30%, 3   82.70%
类型3 正确率：  50.00% -> 1    0.00%, 2   50.00%, 3   50.00%


样本变换：reverse
样本变换：mask
样本变换：shift
样本变换：none
未过滤	未用伪标签：55.77% -> 使用伪标签：57.50%
已过滤	未用伪标签：56.00% -> 使用伪标签：57.81%
排除样本：32|6000	剩余：2000, 1450, 2518
增添样本：1566		细则：483, 1083, 0	正确率估算：95.47%
类型1 正确率： 100.00% -> 1  100.00%, 2    0.00%, 3    0.00%
类型2 正确率：  23.00% -> 1    0.00%, 2   22.87%, 3   77.13%
类型3 正确率：  50.00% -> 1    0.00%, 2   50.00%, 3   50.00%

被排除样本 正确率：12.50%
类型1 正确率：  12.00% -> 1   12.50%, 2   87.50%
类型2 没有样本或未被分类。


轮次:·11/·20 || c_Loss:0.365 || e_Loss:-0.857 || Aad_Loss:-28.876 || 耗时：33.20s
轮次:·12/·20 || c_Loss:0.377 || e_Loss:-1.008 || Aad_Loss:-27.797 || 耗时：12.47s
轮次:·13/·20 || c_Loss:0.345 || e_Loss:-1.635 || Aad_Loss:-30.071 || 耗时：12.47s
轮次:·14/·20 || c_Loss:0.353 || e_Loss:-0.893 || Aad_Loss:-29.242 || 耗时：12.48s
轮次:·15/·20 || c_Loss:0.344 || e_Loss:-0.931 || Aad_Loss:-30.302 || 耗时：12.57s
任务: (B2)N15_M07_F10→(B3)N15_M07_F04; mix批次:····0; 批次:·1410/·1880;  总正确率: 58.92%
类型1 正确率： 100.00% -> 1  100.00%, 2    0.00%, 3    0.00%
类型2 正确率：  27.00% -> 1    0.00%, 2   26.75%, 3   73.25%
类型3 正确率：  50.00% -> 1    0.00%, 2   50.00%, 3   50.00%


样本变换：reverse
样本变换：mask
样本变换：shift
样本变换：none
未过滤	未用伪标签：58.92% -> 使用伪标签：59.75%
已过滤	未用伪标签：59.04% -> 使用伪标签：59.89%
排除样本：14|6000	剩余：2000, 1585, 2401
增添样本：1241		细则：388, 853, 0	正确率估算：97.82%
类型1 正确率： 100.00% -> 1  100.00%, 2    0.00%, 3    0.00%
类型2 正确率：  29.00% -> 1    0.00%, 2   29.46%, 3   70.54%
类型3 正确率：  50.00% -> 1    0.00%, 2   50.00%, 3   50.00%

被排除样本 正确率：7.14%
类型1 正确率：   7.00% -> 1    7.14%, 2   92.86%
类型2 没有样本或未被分类。


轮次:·16/·20 || c_Loss:0.360 || e_Loss:-0.855 || Aad_Loss:-28.513 || 耗时：32.88s
轮次:·17/·20 || c_Loss:0.350 || e_Loss:-0.934 || Aad_Loss:-30.446 || 耗时：12.47s
轮次:·18/·20 || c_Loss:0.355 || e_Loss:-1.089 || Aad_Loss:-29.658 || 耗时：12.46s
轮次:·19/·20 || c_Loss:0.349 || e_Loss:-0.927 || Aad_Loss:-30.737 || 耗时：12.47s
轮次:·20/·20 || c_Loss:0.346 || e_Loss:-0.926 || Aad_Loss:-29.683 || 耗时：12.49s
任务: (B2)N15_M07_F10→(B3)N15_M07_F04; mix批次:····0; 批次:·1880/·1880;  总正确率: 60.03%
类型1 正确率： 100.00% -> 1  100.00%, 2    0.00%, 3    0.00%
类型2 正确率：  30.00% -> 1    0.00%, 2   30.10%, 3   69.90%
类型3 正确率：  50.00% -> 1    0.00%, 2   50.00%, 3   50.00%


测试集任务: (B2)N15_M07_F10→(B3)N15_M07_F04; 总正确率 = 60.03%
类型1 正确率： 100.00% -> 1  100.00%, 2    0.00%, 3    0.00%
类型2 正确率：  30.00% -> 1    0.00%, 2   30.10%, 3   69.90%
类型3 正确率：  50.00% -> 1    0.00%, 2   50.00%, 3   50.00%


