读取源域路径：/kaggle/working/k10/S02/weight_PU_M1_final_checkpoint_FS02toS02c_gatepcv_s2024/NEW_PU/Source-源域/log&pt/(B2)N15_M07_F10
excel输出位置：/kaggle/working/k10/S02/weight_PU_M1_final_checkpoint_FS02toS02c_gatepcv_s2024/NEW_PU/Target-目标域
特征图片输出位置：/kaggle/working/k10/S02/weight_PU_M1_final_checkpoint_FS02toS02c_gatepcv_s2024/NEW_PU/Picture-特征图/2026年09月16日05时04分/(B2)N15_M07_F10
现在选取:(B2)N15_M07_F10 进行训练的源模型
现在进行：(B2)N15_M07_F10→(B1)N15_M01_F10 的迁移任务
log&pt输出位置：/kaggle/working/k10/S02/weight_PU_M1_final_checkpoint_FS02toS02c_gatepcv_s2024/NEW_PU/Target-目标域/log&pt/(B2)N15_M07_F10→(B1)N15_M01_F10
任务: (B2)N15_M07_F10→(B1)N15_M01_F10; 批次:····0/·1880;  总正确率: 49.62%
类型1 正确率： 100.00% -> 1  100.00%, 2    0.00%, 3    0.00%
类型2 正确率：   5.00% -> 1    1.25%, 2    4.95%, 3   93.80%
类型3 正确率：  44.00% -> 1    0.20%, 2   55.90%, 3   43.90%


样本变换：reverse
样本变换：mask
样本变换：shift
样本变换：none
未过滤	未用伪标签：49.62% -> 使用伪标签：48.37%
已过滤	未用伪标签：50.27% -> 使用伪标签：49.25%
排除样本：108|6000	剩余：2028, 1282, 2582
增添样本：1846		细则：52, 1794, 0	正确率估算：84.91%
类型1 正确率： 100.00% -> 1  100.00%, 2    0.00%, 3    0.00%
类型2 正确率：   6.00% -> 1    1.44%, 2    6.16%, 3   92.40%
类型3 正确率：  40.00% -> 1    0.00%, 2   59.77%, 3   40.23%

被排除样本 正确率：13.89%
类型1 没有样本或未被分类。
类型2 正确率：  23.00% -> 1    7.69%, 2   23.08%, 3   69.23%
类型3 正确率：   5.00% -> 1    0.00%, 2   94.64%, 3    5.36%


轮次:··1/·20 || c_Loss:0.434 || e_Loss:-1.482 || Aad_Loss:-28.306 || 耗时：32.34s
轮次:··2/·20 || c_Loss:0.474 || e_Loss:-1.510 || Aad_Loss:-23.019 || 耗时：12.51s
轮次:··3/·20 || c_Loss:0.416 || e_Loss:-1.559 || Aad_Loss:-27.669 || 耗时：12.51s
轮次:··4/·20 || c_Loss:0.406 || e_Loss:-1.525 || Aad_Loss:-28.617 || 耗时：12.49s
轮次:··5/·20 || c_Loss:0.365 || e_Loss:-1.534 || Aad_Loss:-30.402 || 耗时：12.43s
任务: (B2)N15_M07_F10→(B1)N15_M01_F10; mix批次:····0; 批次:··470/·1880;  总正确率: 59.65%
类型1 正确率： 100.00% -> 1  100.00%, 2    0.00%, 3    0.00%
类型2 正确率：  15.00% -> 1    0.00%, 2   14.70%, 3   85.30%
类型3 正确率：  64.00% -> 1    9.80%, 2   25.95%, 3   64.25%


样本变换：reverse
样本变换：mask
样本变换：shift
样本变换：none
未过滤	未用伪标签：59.65% -> 使用伪标签：52.17%
已过滤	未用伪标签：59.77% -> 使用伪标签：52.36%
排除样本：22|6000	剩余：2000, 1130, 2848
增添样本：2550		细则：340, 2210, 0	正确率估算：81.91%
类型1 正确率： 100.00% -> 1  100.00%, 2    0.00%, 3    0.00%
类型2 正确率：   7.00% -> 1    0.00%, 2    6.57%, 3   93.43%
类型3 正确率：  50.00% -> 1    0.00%, 2   50.00%, 3   50.00%

被排除样本 正确率：27.27%
类型1 正确率：  27.00% -> 1   27.27%, 2   72.73%
类型2 没有样本或未被分类。


轮次:··6/·20 || c_Loss:0.460 || e_Loss:-1.353 || Aad_Loss:-28.586 || 耗时：32.48s
轮次:··7/·20 || c_Loss:0.418 || e_Loss:-1.548 || Aad_Loss:-29.598 || 耗时：12.48s
轮次:··8/·20 || c_Loss:0.345 || e_Loss:-1.420 || Aad_Loss:-30.169 || 耗时：12.47s
轮次:··9/·20 || c_Loss:0.363 || e_Loss:-1.549 || Aad_Loss:-32.716 || 耗时：12.51s
轮次:·10/·20 || c_Loss:0.388 || e_Loss:-1.581 || Aad_Loss:-32.440 || 耗时：12.50s
任务: (B2)N15_M07_F10→(B1)N15_M01_F10; mix批次:····0; 批次:··940/·1880;  总正确率: 59.63%
类型1 正确率： 100.00% -> 1  100.00%, 2    0.00%, 3    0.00%
类型2 正确率：  10.00% -> 1    0.00%, 2    9.80%, 3   90.20%
类型3 正确率：  69.00% -> 1    8.05%, 2   22.85%, 3   69.10%


样本变换：reverse
样本变换：mask
样本变换：shift
样本变换：none
未过滤	未用伪标签：59.63% -> 使用伪标签：53.15%
已过滤	未用伪标签：59.76% -> 使用伪标签：53.41%
排除样本：29|6000	剩余：2000, 1189, 2782
增添样本：2491		细则：340, 2151, 0	正确率估算：81.29%
类型1 正确率： 100.00% -> 1  100.00%, 2    0.00%, 3    0.00%
类型2 正确率：  10.00% -> 1    0.00%, 2    9.59%, 3   90.41%
类型3 正确率：  50.00% -> 1    0.00%, 2   50.00%, 3   50.00%

被排除样本 正确率：34.48%
类型1 正确率：  34.00% -> 1   34.48%, 2   65.52%
类型2 没有样本或未被分类。


轮次:·11/·20 || c_Loss:0.383 || e_Loss:-1.479 || Aad_Loss:-32.828 || 耗时：32.58s
轮次:·12/·20 || c_Loss:0.395 || e_Loss:-1.568 || Aad_Loss:-31.198 || 耗时：12.56s
轮次:·13/·20 || c_Loss:0.373 || e_Loss:-1.552 || Aad_Loss:-30.895 || 耗时：12.58s
轮次:·14/·20 || c_Loss:0.365 || e_Loss:-1.584 || Aad_Loss:-31.979 || 耗时：12.45s
轮次:·15/·20 || c_Loss:0.430 || e_Loss:-1.472 || Aad_Loss:-29.536 || 耗时：12.58s
任务: (B2)N15_M07_F10→(B1)N15_M01_F10; mix批次:····0; 批次:·1410/·1880;  总正确率: 60.05%
类型1 正确率： 100.00% -> 1  100.00%, 2    0.00%, 3    0.00%
类型2 正确率：  15.00% -> 1    0.00%, 2   14.95%, 3   85.05%
类型3 正确率：  65.00% -> 1    9.50%, 2   25.30%, 3   65.20%


样本变换：reverse
样本变换：mask
样本变换：shift
样本变换：none
未过滤	未用伪标签：60.05% -> 使用伪标签：55.48%
已过滤	未用伪标签：60.03% -> 使用伪标签：55.70%
排除样本：23|6000	剩余：2000, 1329, 2648
增添样本：2351		细则：340, 2011, 0	正确率估算：82.96%
类型1 正确率： 100.00% -> 1  100.00%, 2    0.00%, 3    0.00%
类型2 正确率：  17.00% -> 1    0.00%, 2   16.64%, 3   83.36%
类型3 正确率：  50.00% -> 1    0.00%, 2   50.00%, 3   50.00%

被排除样本 正确率：65.22%
类型1 正确率：  65.00% -> 1   65.22%, 2   34.78%
类型2 没有样本或未被分类。


轮次:·16/·20 || c_Loss:0.529 || e_Loss:-1.499 || Aad_Loss:-22.003 || 耗时：32.90s
轮次:·17/·20 || c_Loss:0.398 || e_Loss:-1.571 || Aad_Loss:-30.905 || 耗时：12.49s
轮次:·18/·20 || c_Loss:0.397 || e_Loss:-1.602 || Aad_Loss:-29.748 || 耗时：12.51s
轮次:·19/·20 || c_Loss:0.365 || e_Loss:-1.537 || Aad_Loss:-33.163 || 耗时：12.50s
轮次:·20/·20 || c_Loss:0.465 || e_Loss:-1.626 || Aad_Loss:-25.955 || 耗时：12.48s
任务: (B2)N15_M07_F10→(B1)N15_M01_F10; mix批次:····0; 批次:·1880/·1880;  总正确率: 61.12%
类型1 正确率： 100.00% -> 1  100.00%, 2    0.00%, 3    0.00%
类型2 正确率：  20.00% -> 1    0.00%, 2   19.70%, 3   80.30%
类型3 正确率：  64.00% -> 1    7.35%, 2   29.00%, 3   63.65%


测试集任务: (B2)N15_M07_F10→(B1)N15_M01_F10; 总正确率 = 61.12%
类型1 正确率： 100.00% -> 1  100.00%, 2    0.00%, 3    0.00%
类型2 正确率：  20.00% -> 1    0.00%, 2   19.70%, 3   80.30%
类型3 正确率：  64.00% -> 1    7.35%, 2   29.00%, 3   63.65%


