读取源域路径：/kaggle/working/shot_k10/S01/weight_PU_M1_shot_FS01toS01_s2024/NEW_PU/Source-源域/log&pt/(B1)N15_M01_F10
excel输出位置：/kaggle/working/shot_k10/S01/weight_PU_M1_shot_FS01toS01_s2024/NEW_PU/Target-目标域
特征图片输出位置：/kaggle/working/shot_k10/S01/weight_PU_M1_shot_FS01toS01_s2024/NEW_PU/Picture-特征图/2026年09月21日21时29分/(B1)N15_M01_F10
现在选取:(B1)N15_M01_F10 进行训练的源模型
现在进行：(B1)N15_M01_F10→(B3)N15_M07_F04 的迁移任务
log&pt输出位置：/kaggle/working/shot_k10/S01/weight_PU_M1_shot_FS01toS01_s2024/NEW_PU/Target-目标域/log&pt/(B1)N15_M01_F10→(B3)N15_M07_F04
任务: (B1)N15_M01_F10→(B3)N15_M07_F04; 批次:····0/·1880;  总正确率: 88.87%
类型1 正确率： 100.00% -> 1  100.00%, 2    0.00%, 3    0.00%
类型2 正确率：  70.00% -> 1    0.65%, 2   69.80%, 3   29.55%
类型3 正确率：  97.00% -> 1    1.70%, 2    1.50%, 3   96.80%


SHOT pseudo-labels: model 88.87% -> centroid 89.38%
轮次:··1/·20 || cls:1.215 || im:-0.875 || 耗时：21.79s
SHOT pseudo-labels: model 81.48% -> centroid 84.18%
轮次:··2/·20 || cls:0.800 || im:-0.671 || 耗时：16.18s
SHOT pseudo-labels: model 68.22% -> centroid 66.33%
轮次:··3/·20 || cls:0.764 || im:-0.687 || 耗时：15.87s
SHOT pseudo-labels: model 66.73% -> centroid 63.07%
轮次:··4/·20 || cls:0.701 || im:-0.599 || 耗时：15.76s
SHOT pseudo-labels: model 67.13% -> centroid 58.82%
轮次:··5/·20 || cls:0.726 || im:-0.667 || 耗时：15.75s
SHOT pseudo-labels: model 66.10% -> centroid 34.10%
轮次:··6/·20 || cls:0.796 || im:-0.620 || 耗时：15.90s
SHOT pseudo-labels: model 66.80% -> centroid 40.08%
轮次:··7/·20 || cls:0.745 || im:-0.526 || 耗时：15.95s
SHOT pseudo-labels: model 66.58% -> centroid 43.98%
轮次:··8/·20 || cls:0.818 || im:-0.659 || 耗时：15.92s
SHOT pseudo-labels: model 66.12% -> centroid 39.55%
轮次:··9/·20 || cls:0.710 || im:-0.616 || 耗时：15.87s
SHOT pseudo-labels: model 67.53% -> centroid 42.48%
轮次:·10/·20 || cls:0.748 || im:-0.695 || 耗时：15.87s
SHOT pseudo-labels: model 69.00% -> centroid 40.03%
轮次:·11/·20 || cls:0.774 || im:-0.646 || 耗时：15.89s
SHOT pseudo-labels: model 68.90% -> centroid 44.38%
轮次:·12/·20 || cls:0.675 || im:-0.640 || 耗时：15.86s
SHOT pseudo-labels: model 69.07% -> centroid 50.48%
轮次:·13/·20 || cls:0.679 || im:-0.607 || 耗时：15.86s
SHOT pseudo-labels: model 68.47% -> centroid 44.40%
轮次:·14/·20 || cls:0.685 || im:-0.651 || 耗时：15.86s
SHOT pseudo-labels: model 68.45% -> centroid 46.68%
轮次:·15/·20 || cls:0.656 || im:-0.596 || 耗时：15.88s
SHOT pseudo-labels: model 68.57% -> centroid 45.65%
轮次:·16/·20 || cls:0.702 || im:-0.600 || 耗时：15.89s
SHOT pseudo-labels: model 69.22% -> centroid 45.90%
轮次:·17/·20 || cls:0.671 || im:-0.696 || 耗时：15.87s
SHOT pseudo-labels: model 69.28% -> centroid 48.88%
轮次:·18/·20 || cls:0.774 || im:-0.744 || 耗时：15.89s
SHOT pseudo-labels: model 69.33% -> centroid 54.82%
轮次:·19/·20 || cls:0.841 || im:-0.671 || 耗时：15.85s
SHOT pseudo-labels: model 69.18% -> centroid 46.90%
轮次:·20/·20 || cls:0.515 || im:-0.667 || 耗时：15.91s
测试集任务: (B1)N15_M01_F10→(B3)N15_M07_F04; 总正确率 = 69.02%
类型1 正确率：  66.00% -> 1   66.40%, 2   33.60%, 3    0.00%
类型2 正确率：  62.00% -> 1    9.95%, 2   62.25%, 3   27.80%
类型3 正确率：  78.00% -> 1    2.75%, 2   18.85%, 3   78.40%


