

现在开始拿源域训练集：(B1)N15_M01_F10 进行训练
源域读取路径：/kaggle/working/n1/FA/sdalr_PU_final_checkpoint_probe/DATA_foldA/PU_M1_L3/N15_M01_F10_label.txt
excel输出位置：/kaggle/working/n1/FA/weight_src_PU_M1_FA_s2024/NEW_PU/Source-源域
log&pt输出位置：/kaggle/working/n1/FA/weight_src_PU_M1_FA_s2024/NEW_PU/Source-源域/log&pt/(B1)N15_M01_F10
特征图片输出位置：/kaggle/working/n1/FA/weight_src_PU_M1_FA_s2024/NEW_PU/Picture-特征图/2026年09月15日22时32分/(B1)N15_M01_F10
源域训练开始
轮次:··1/·10 || loss:0.023 || 耗时：8.90s
轮次:··2/·10 || loss:0.023 || 耗时：7.77s
轮次:··3/·10 || loss:0.035 || 耗时：7.92s
轮次:··4/·10 || loss:0.006 || 耗时：7.94s
轮次:··5/·10 || loss:0.005 || 耗时：8.09s
任务: (B1)N15_M01_F10; mix批次:····0; 批次:··330/··660; 总正确率 = 99.82%
类型1 正确率： 100.00% -> 1  100.00%, 2    0.00%, 3    0.00%
类型2 正确率：  99.00% -> 1    0.00%, 2   99.47%, 3    0.53%
类型3 正确率： 100.00% -> 1    0.00%, 2    0.00%, 3  100.00%


轮次:··6/·10 || loss:0.018 || 耗时：8.25s
轮次:··7/·10 || loss:0.078 || 耗时：8.44s
轮次:··8/·10 || loss:0.004 || 耗时：8.58s
轮次:··9/·10 || loss:0.007 || 耗时：8.72s
轮次:·10/·10 || loss:0.006 || 耗时：8.94s
任务: (B1)N15_M01_F10; mix批次:····0; 批次:··660/··660; 总正确率 = 99.82%
类型1 正确率： 100.00% -> 1  100.00%, 2    0.00%, 3    0.00%
类型2 正确率：  99.00% -> 1    0.00%, 2   99.47%, 3    0.53%
类型3 正确率： 100.00% -> 1    0.00%, 2    0.00%, 3  100.00%


测试集任务: (B1)N15_M01_F10; 总正确率 = 99.76%
类型1 正确率： 100.00% -> 1  100.00%, 2    0.00%, 3    0.00%
类型2 正确率： 100.00% -> 1    0.00%, 2   99.52%, 3    0.48%
类型3 正确率： 100.00% -> 1    0.00%, 2    0.24%, 3   99.76%


BIST_PROBE {'n_train': 602, 'n_test': 598, 'n_bearings': 9, 'all_bearings': {'window_acc': 0.9949832775919732, 'record_correct': 92, 'record_n': 92, 'chance': 0.1111111111111111, 'class_only_ceiling': 0.3333333333333333}, 'within_class': {'per_class': {0: {'n_bearings': 3, 'window_acc': 0.9896373056994818, 'record_correct': 30, 'record_n': 30}, 1: {'n_bearings': 3, 'window_acc': 0.9951690821256038, 'record_correct': 31, 'record_n': 31}, 2: {'n_bearings': 3, 'window_acc': 1.0, 'record_correct': 31, 'record_n': 31}}, 'record_correct': 92, 'record_n': 92, 'pooled_chance': 0.33333333333333337, 'record_acc': 1.0, 'mean_window_acc': 0.9949354626083619}}
源域训练结束

训练好之后，测试目标域
目标域路径：/kaggle/working/n1/FA/sdalr_PU_final_checkpoint_probe/DATA_foldA/PU_M1_L3/N15_M07_F10_label.txt
测试目标数据集结果如下：
任务: (B1)N15_M01_F10→(B2)N15_M07_F10, 正确率 = 98.82%
类型1 正确率： 100.00% -> 1  100.00%, 2    0.00%, 3    0.00%
类型2 正确率： 100.00% -> 1    0.00%, 2   99.74%, 3    0.26%
类型3 正确率：  97.00% -> 1    0.00%, 2    3.27%, 3   96.73%

目标域路径：/kaggle/working/n1/FA/sdalr_PU_final_checkpoint_probe/DATA_foldA/PU_M1_L3/N15_M07_F04_label.txt
测试目标数据集结果如下：
任务: (B1)N15_M01_F10→(B3)N15_M07_F04, 正确率 = 75.12%
类型1 正确率： 100.00% -> 1  100.00%, 2    0.00%, 3    0.00%
类型2 正确率：  96.00% -> 1    0.00%, 2   95.96%, 3    4.04%
类型3 正确率：  29.00% -> 1   26.63%, 2   43.97%, 3   29.40%



现在开始拿源域训练集：(B2)N15_M07_F10 进行训练
源域读取路径：/kaggle/working/n1/FA/sdalr_PU_final_checkpoint_probe/DATA_foldA/PU_M1_L3/N15_M07_F10_label.txt
excel输出位置：/kaggle/working/n1/FA/weight_src_PU_M1_FA_s2024/NEW_PU/Source-源域
log&pt输出位置：/kaggle/working/n1/FA/weight_src_PU_M1_FA_s2024/NEW_PU/Source-源域/log&pt/(B2)N15_M07_F10
特征图片输出位置：/kaggle/working/n1/FA/weight_src_PU_M1_FA_s2024/NEW_PU/Picture-特征图/2026年09月15日22时32分/(B2)N15_M07_F10
源域训练开始
轮次:··1/·10 || loss:0.040 || 耗时：9.25s
轮次:··2/·10 || loss:0.057 || 耗时：9.17s
轮次:··3/·10 || loss:0.168 || 耗时：9.00s
轮次:··4/·10 || loss:0.008 || 耗时：8.88s
轮次:··5/·10 || loss:0.007 || 耗时：8.81s
任务: (B2)N15_M07_F10; mix批次:····0; 批次:··330/··660; 总正确率 = 99.84%
类型1 正确率： 100.00% -> 1  100.00%, 2    0.00%, 3    0.00%
类型2 正确率： 100.00% -> 1    0.00%, 2   99.53%, 3    0.47%
类型3 正确率： 100.00% -> 1    0.00%, 2    0.00%, 3  100.00%


轮次:··6/·10 || loss:0.007 || 耗时：8.79s
轮次:··7/·10 || loss:0.063 || 耗时：8.80s
轮次:··8/·10 || loss:0.003 || 耗时：8.82s
轮次:··9/·10 || loss:0.002 || 耗时：8.89s
轮次:·10/·10 || loss:0.001 || 耗时：8.91s
任务: (B2)N15_M07_F10; mix批次:····0; 批次:··660/··660; 总正确率 = 99.84%
类型1 正确率： 100.00% -> 1  100.00%, 2    0.00%, 3    0.00%
类型2 正确率： 100.00% -> 1    0.00%, 2   99.53%, 3    0.47%
类型3 正确率： 100.00% -> 1    0.00%, 2    0.00%, 3  100.00%


测试集任务: (B2)N15_M07_F10; 总正确率 = 99.84%
类型1 正确率： 100.00% -> 1  100.00%, 2    0.00%, 3    0.00%
类型2 正确率： 100.00% -> 1    0.24%, 2   99.51%, 3    0.24%
类型3 正确率： 100.00% -> 1    0.00%, 2    0.00%, 3  100.00%


BIST_PROBE {'n_train': 571, 'n_test': 629, 'n_bearings': 9, 'all_bearings': {'window_acc': 0.9936406995230525, 'record_correct': 91, 'record_n': 91, 'chance': 0.1111111111111111, 'class_only_ceiling': 0.33333333333333337}, 'within_class': {'per_class': {0: {'n_bearings': 3, 'window_acc': 0.9846938775510204, 'record_correct': 31, 'record_n': 31}, 1: {'n_bearings': 3, 'window_acc': 1.0, 'record_correct': 30, 'record_n': 30}, 2: {'n_bearings': 3, 'window_acc': 0.9953703703703703, 'record_correct': 30, 'record_n': 30}}, 'record_correct': 91, 'record_n': 91, 'pooled_chance': 0.33333333333333337, 'record_acc': 1.0, 'mean_window_acc': 0.9933547493071302}}
源域训练结束

训练好之后，测试目标域
目标域路径：/kaggle/working/n1/FA/sdalr_PU_final_checkpoint_probe/DATA_foldA/PU_M1_L3/N15_M01_F10_label.txt
测试目标数据集结果如下：
任务: (B2)N15_M07_F10→(B1)N15_M01_F10, 正确率 = 99.83%
类型1 正确率： 100.00% -> 1  100.00%, 2    0.00%, 3    0.00%
类型2 正确率： 100.00% -> 1    0.00%, 2   99.74%, 3    0.26%
类型3 正确率： 100.00% -> 1    0.00%, 2    0.25%, 3   99.75%

目标域路径：/kaggle/working/n1/FA/sdalr_PU_final_checkpoint_probe/DATA_foldA/PU_M1_L3/N15_M07_F04_label.txt
测试目标数据集结果如下：
任务: (B2)N15_M07_F10→(B3)N15_M07_F04, 正确率 = 86.62%
类型1 正确率： 100.00% -> 1  100.00%, 2    0.00%, 3    0.00%
类型2 正确率：  98.00% -> 1    0.00%, 2   97.70%, 3    2.30%
类型3 正确率：  62.00% -> 1    0.00%, 2   37.83%, 3   62.17%



现在开始拿源域训练集：(B3)N15_M07_F04 进行训练
源域读取路径：/kaggle/working/n1/FA/sdalr_PU_final_checkpoint_probe/DATA_foldA/PU_M1_L3/N15_M07_F04_label.txt
excel输出位置：/kaggle/working/n1/FA/weight_src_PU_M1_FA_s2024/NEW_PU/Source-源域
log&pt输出位置：/kaggle/working/n1/FA/weight_src_PU_M1_FA_s2024/NEW_PU/Source-源域/log&pt/(B3)N15_M07_F04
特征图片输出位置：/kaggle/working/n1/FA/weight_src_PU_M1_FA_s2024/NEW_PU/Picture-特征图/2026年09月15日22时32分/(B3)N15_M07_F04
源域训练开始
轮次:··1/·10 || loss:0.011 || 耗时：8.92s
轮次:··2/·10 || loss:0.042 || 耗时：8.94s
轮次:··3/·10 || loss:0.004 || 耗时：8.94s
轮次:··4/·10 || loss:0.008 || 耗时：8.94s
轮次:··5/·10 || loss:0.006 || 耗时：8.89s
任务: (B3)N15_M07_F04; mix批次:····0; 批次:··330/··660; 总正确率 = 99.50%
类型1 正确率： 100.00% -> 1  100.00%, 2    0.00%, 3    0.00%
类型2 正确率： 100.00% -> 1    0.00%, 2  100.00%, 3    0.00%
类型3 正确率：  98.00% -> 1    0.00%, 2    1.50%, 3   98.50%


轮次:··6/·10 || loss:0.001 || 耗时：8.85s
轮次:··7/·10 || loss:0.004 || 耗时：8.87s
轮次:··8/·10 || loss:0.004 || 耗时：8.84s
轮次:··9/·10 || loss:0.010 || 耗时：8.84s
轮次:·10/·10 || loss:0.011 || 耗时：8.88s
任务: (B3)N15_M07_F04; mix批次:····0; 批次:··660/··660; 总正确率 = 99.67%
类型1 正确率： 100.00% -> 1  100.00%, 2    0.00%, 3    0.00%
类型2 正确率： 100.00% -> 1    0.00%, 2  100.00%, 3    0.00%
类型3 正确率：  99.00% -> 1    0.00%, 2    1.00%, 3   99.00%


测试集任务: (B3)N15_M07_F04; 总正确率 = 99.83%
类型1 正确率： 100.00% -> 1  100.00%, 2    0.00%, 3    0.00%
类型2 正确率： 100.00% -> 1    0.00%, 2   99.76%, 3    0.24%
类型3 正确率： 100.00% -> 1    0.00%, 2    0.26%, 3   99.74%


BIST_PROBE {'n_train': 605, 'n_test': 595, 'n_bearings': 9, 'all_bearings': {'window_acc': 0.9663865546218487, 'record_correct': 87, 'record_n': 88, 'chance': 0.1111111111111111, 'class_only_ceiling': 0.3333333333333333}, 'within_class': {'per_class': {0: {'n_bearings': 3, 'window_acc': 0.9121951219512195, 'record_correct': 29, 'record_n': 30}, 1: {'n_bearings': 3, 'window_acc': 1.0, 'record_correct': 29, 'record_n': 29}, 2: {'n_bearings': 3, 'window_acc': 1.0, 'record_correct': 29, 'record_n': 29}}, 'record_correct': 87, 'record_n': 88, 'pooled_chance': 0.33333333333333326, 'record_acc': 0.9886363636363636, 'mean_window_acc': 0.9707317073170731}}
源域训练结束

训练好之后，测试目标域
目标域路径：/kaggle/working/n1/FA/sdalr_PU_final_checkpoint_probe/DATA_foldA/PU_M1_L3/N15_M01_F10_label.txt
测试目标数据集结果如下：
任务: (B3)N15_M07_F04→(B1)N15_M01_F10, 正确率 = 85.43%
类型1 正确率： 100.00% -> 1   99.76%, 2    0.24%, 3    0.00%
类型2 正确率：  86.00% -> 1    0.00%, 2   85.79%, 3   14.21%
类型3 正确率：  71.00% -> 1    0.00%, 2   29.26%, 3   70.74%

目标域路径：/kaggle/working/n1/FA/sdalr_PU_final_checkpoint_probe/DATA_foldA/PU_M1_L3/N15_M07_F10_label.txt
测试目标数据集结果如下：
任务: (B3)N15_M07_F04→(B2)N15_M07_F10, 正确率 = 87.91%
类型1 正确率： 100.00% -> 1  100.00%, 2    0.00%, 3    0.00%
类型2 正确率：  82.00% -> 1    0.00%, 2   82.19%, 3   17.81%
类型3 正确率：  82.00% -> 1    0.00%, 2   18.47%, 3   81.53%

