读取源域路径：/kaggle/working/m1/weight_PU_M1_final_checkpoint_FBtoA_s2024/NEW_PU/Source-源域/log&pt/(B3)N15_M07_F04
excel输出位置：/kaggle/working/m1/weight_PU_M1_final_checkpoint_FBtoA_s2024/NEW_PU/Target-目标域
特征图片输出位置：/kaggle/working/m1/weight_PU_M1_final_checkpoint_FBtoA_s2024/NEW_PU/Picture-特征图/2026年09月13日16时48分/(B3)N15_M07_F04
现在选取:(B3)N15_M07_F04 进行训练的源模型
现在进行：(B3)N15_M07_F04→(B1)N15_M01_F10 的迁移任务
log&pt输出位置：/kaggle/working/m1/weight_PU_M1_final_checkpoint_FBtoA_s2024/NEW_PU/Target-目标域/log&pt/(B3)N15_M07_F04→(B1)N15_M01_F10
任务: (B3)N15_M07_F04→(B1)N15_M01_F10; 批次:····0/·1880;  总正确率: 54.42%
类型1 正确率： 100.00% -> 1   99.85%, 2    0.00%, 3    0.15%
类型2 正确率：  30.00% -> 1    6.10%, 2   30.40%, 3   63.50%
类型3 正确率：  33.00% -> 1    0.00%, 2   67.00%, 3   33.00%


样本变换：reverse
样本变换：mask
样本变换：shift
样本变换：none
未过滤	未用伪标签：54.42% -> 使用伪标签：54.73%
已过滤	未用伪标签：54.78% -> 使用伪标签：55.12%
排除样本：42|6000	剩余：2128, 1968, 1862
增添样本：426		细则：0, 160, 266	正确率估算：99.77%
类型1 正确率： 100.00% -> 1   99.85%, 2    0.00%, 3    0.15%
类型2 正确率：  32.00% -> 1    6.74%, 2   32.06%, 3   61.20%
类型3 正确率：  33.00% -> 1    0.00%, 2   67.00%, 3   33.00%

被排除样本 正确率：2.38%
类型1 正确率：   0.00% -> 1    0.00%, 2    0.00%, 3  100.00%
类型2 正确率：   2.00% -> 1   21.95%, 2    2.44%, 3   75.61%
类型3 没有样本或未被分类。


轮次:··1/·20 || c_Loss:0.568 || e_Loss:-0.995 || Aad_Loss:-27.353 || 耗时：30.57s
轮次:··2/·20 || c_Loss:0.425 || e_Loss:-0.901 || Aad_Loss:-30.215 || 耗时：13.05s
轮次:··3/·20 || c_Loss:0.380 || e_Loss:-0.893 || Aad_Loss:-29.279 || 耗时：13.00s
轮次:··4/·20 || c_Loss:0.381 || e_Loss:-1.412 || Aad_Loss:-28.331 || 耗时：12.98s
轮次:··5/·20 || c_Loss:0.414 || e_Loss:-0.869 || Aad_Loss:-28.804 || 耗时：12.96s
任务: (B3)N15_M07_F04→(B1)N15_M01_F10; mix批次:····0; 批次:··470/·1880;  总正确率: 55.30%
类型1 正确率： 100.00% -> 1  100.00%, 2    0.00%, 3    0.00%
类型2 正确率：  33.00% -> 1    1.45%, 2   32.90%, 3   65.65%
类型3 正确率：  33.00% -> 1    0.00%, 2   67.00%, 3   33.00%


样本变换：reverse
样本变换：mask
样本变换：shift
样本变换：none
未过滤	未用伪标签：55.30% -> 使用伪标签：55.33%
已过滤	未用伪标签：55.38% -> 使用伪标签：55.42%
排除样本：9|6000	剩余：2023, 2000, 1968
增添样本：78		细则：0, 23, 55	正确率估算：100.00%
类型1 正确率： 100.00% -> 1  100.00%, 2    0.00%, 3    0.00%
类型2 正确率：  33.00% -> 1    1.16%, 2   33.15%, 3   65.70%
类型3 正确率：  33.00% -> 1    0.00%, 2   67.00%, 3   33.00%

被排除样本 正确率：0.00%
类型1 没有样本或未被分类。
类型2 正确率：   0.00% -> 1   44.44%, 2    0.00%, 3   55.56%
类型3 没有样本或未被分类。


轮次:··6/·20 || c_Loss:0.362 || e_Loss:-0.995 || Aad_Loss:-30.407 || 耗时：30.32s
轮次:··7/·20 || c_Loss:0.382 || e_Loss:-0.977 || Aad_Loss:-31.775 || 耗时：12.97s
轮次:··8/·20 || c_Loss:0.397 || e_Loss:-0.993 || Aad_Loss:-29.711 || 耗时：12.99s
轮次:··9/·20 || c_Loss:0.378 || e_Loss:-0.976 || Aad_Loss:-30.593 || 耗时：13.00s
轮次:·10/·20 || c_Loss:0.403 || e_Loss:-0.985 || Aad_Loss:-30.147 || 耗时：13.01s
任务: (B3)N15_M07_F04→(B1)N15_M01_F10; mix批次:····0; 批次:··940/·1880;  总正确率: 55.33%
类型1 正确率： 100.00% -> 1  100.00%, 2    0.00%, 3    0.00%
类型2 正确率：  33.00% -> 1    0.00%, 2   33.00%, 3   67.00%
类型3 正确率：  33.00% -> 1    0.00%, 2   67.00%, 3   33.00%


样本变换：reverse
样本变换：mask
样本变换：shift
样本变换：none
未过滤	未用伪标签：55.33% -> 使用伪标签：55.33%
已过滤	未用伪标签：55.34% -> 使用伪标签：55.34%
排除样本：1|6000	剩余：2000, 2000, 1999
增添样本：1		细则：0, 0, 1	正确率估算：100.00%
类型1 正确率： 100.00% -> 1  100.00%, 2    0.00%, 3    0.00%
类型2 正确率：  33.00% -> 1    0.00%, 2   33.02%, 3   66.98%
类型3 正确率：  33.00% -> 1    0.00%, 2   67.00%, 3   33.00%

被排除样本 正确率：0.00%
类型1 正确率：   0.00% -> 1    0.00%, 2  100.00%
类型2 没有样本或未被分类。


轮次:·11/·20 || c_Loss:0.374 || e_Loss:-1.000 || Aad_Loss:-23.113 || 耗时：30.31s
轮次:·12/·20 || c_Loss:0.376 || e_Loss:-1.028 || Aad_Loss:-23.707 || 耗时：13.01s
轮次:·13/·20 || c_Loss:0.376 || e_Loss:-1.014 || Aad_Loss:-23.401 || 耗时：12.99s
轮次:·14/·20 || c_Loss:0.381 || e_Loss:-1.001 || Aad_Loss:-23.682 || 耗时：13.02s
轮次:·15/·20 || c_Loss:0.376 || e_Loss:-1.022 || Aad_Loss:-23.303 || 耗时：13.04s
任务: (B3)N15_M07_F04→(B1)N15_M01_F10; mix批次:····0; 批次:·1410/·1880;  总正确率: 55.33%
类型1 正确率： 100.00% -> 1  100.00%, 2    0.00%, 3    0.00%
类型2 正确率：  33.00% -> 1    0.00%, 2   33.00%, 3   67.00%
类型3 正确率：  33.00% -> 1    0.00%, 2   67.00%, 3   33.00%


样本变换：reverse
样本变换：mask
样本变换：shift
样本变换：none
未过滤	未用伪标签：55.33% -> 使用伪标签：55.33%
已过滤	未用伪标签：55.34% -> 使用伪标签：55.34%
排除样本：1|6000	剩余：2000, 2000, 1999
增添样本：1		细则：0, 0, 1	正确率估算：100.00%
类型1 正确率： 100.00% -> 1  100.00%, 2    0.00%, 3    0.00%
类型2 正确率：  33.00% -> 1    0.00%, 2   33.02%, 3   66.98%
类型3 正确率：  33.00% -> 1    0.00%, 2   67.00%, 3   33.00%

被排除样本 正确率：0.00%
类型1 正确率：   0.00% -> 1    0.00%, 2  100.00%
类型2 没有样本或未被分类。


轮次:·16/·20 || c_Loss:0.378 || e_Loss:-1.009 || Aad_Loss:-23.335 || 耗时：30.32s
轮次:·17/·20 || c_Loss:0.378 || e_Loss:-1.031 || Aad_Loss:-23.838 || 耗时：13.00s
轮次:·18/·20 || c_Loss:0.377 || e_Loss:-1.017 || Aad_Loss:-23.553 || 耗时：13.01s
轮次:·19/·20 || c_Loss:0.382 || e_Loss:-1.002 || Aad_Loss:-23.788 || 耗时：13.01s
轮次:·20/·20 || c_Loss:0.376 || e_Loss:-1.023 || Aad_Loss:-23.437 || 耗时：13.03s
任务: (B3)N15_M07_F04→(B1)N15_M01_F10; mix批次:····0; 批次:·1880/·1880;  总正确率: 55.33%
类型1 正确率： 100.00% -> 1  100.00%, 2    0.00%, 3    0.00%
类型2 正确率：  33.00% -> 1    0.00%, 2   33.00%, 3   67.00%
类型3 正确率：  33.00% -> 1    0.00%, 2   67.00%, 3   33.00%


测试集任务: (B3)N15_M07_F04→(B1)N15_M01_F10; 总正确率 = 55.33%
类型1 正确率： 100.00% -> 1  100.00%, 2    0.00%, 3    0.00%
类型2 正确率：  33.00% -> 1    0.00%, 2   33.00%, 3   67.00%
类型3 正确率：  33.00% -> 1    0.00%, 2   67.00%, 3   33.00%


