读取源域路径：/kaggle/working/m1/weight_PU_M1_final_checkpoint_FBtoA_s2024/NEW_PU/Source-源域/log&pt/(B1)N15_M01_F10
excel输出位置：/kaggle/working/m1/weight_PU_M1_final_checkpoint_FBtoA_s2024/NEW_PU/Target-目标域
特征图片输出位置：/kaggle/working/m1/weight_PU_M1_final_checkpoint_FBtoA_s2024/NEW_PU/Picture-特征图/2026年09月13日16时25分/(B1)N15_M01_F10
现在选取:(B1)N15_M01_F10 进行训练的源模型
现在进行：(B1)N15_M01_F10→(B2)N15_M07_F10 的迁移任务
log&pt输出位置：/kaggle/working/m1/weight_PU_M1_final_checkpoint_FBtoA_s2024/NEW_PU/Target-目标域/log&pt/(B1)N15_M01_F10→(B2)N15_M07_F10
任务: (B1)N15_M01_F10→(B2)N15_M07_F10; 批次:····0/·1880;  总正确率: 56.17%
类型1 正确率：  98.00% -> 1   98.35%, 2    0.00%, 3    1.65%
类型2 正确率：  37.00% -> 1   20.80%, 2   37.15%, 3   42.05%
类型3 正确率：  33.00% -> 1    0.00%, 2   67.00%, 3   33.00%


样本变换：reverse
样本变换：mask
样本变换：shift
样本变换：none
未过滤	未用伪标签：56.17% -> 使用伪标签：55.25%
已过滤	未用伪标签：56.77% -> 使用伪标签：55.87%
排除样本：67|6000	剩余：2380, 2000, 1553
增添样本：1207		细则：0, 380, 827	正确率估算：94.12%
类型1 正确率： 100.00% -> 1   99.85%, 2    0.00%, 3    0.15%
类型2 正确率：  34.00% -> 1   19.90%, 2   34.11%, 3   45.99%
类型3 正确率：  33.00% -> 1    0.00%, 2   67.00%, 3   33.00%

被排除样本 正确率：2.99%
类型1 正确率：  50.00% -> 1   50.00%, 2    0.00%, 3   50.00%
类型2 正确率：   2.00% -> 1   26.15%, 2    1.54%, 3   72.31%
类型3 没有样本或未被分类。


轮次:··1/·20 || c_Loss:0.513 || e_Loss:-1.033 || Aad_Loss:-26.037 || 耗时：31.72s
轮次:··2/·20 || c_Loss:0.380 || e_Loss:-1.830 || Aad_Loss:-28.484 || 耗时：13.29s
轮次:··3/·20 || c_Loss:0.410 || e_Loss:-0.881 || Aad_Loss:-27.084 || 耗时：13.02s
轮次:··4/·20 || c_Loss:0.371 || e_Loss:-0.925 || Aad_Loss:-28.632 || 耗时：12.83s
轮次:··5/·20 || c_Loss:0.376 || e_Loss:-0.913 || Aad_Loss:-28.521 || 耗时：12.78s
任务: (B1)N15_M01_F10→(B2)N15_M07_F10; mix批次:····0; 批次:··470/·1880;  总正确率: 55.30%
类型1 正确率： 100.00% -> 1  100.00%, 2    0.00%, 3    0.00%
类型2 正确率：  33.00% -> 1   21.80%, 2   32.90%, 3   45.30%
类型3 正确率：  33.00% -> 1    0.00%, 2   67.00%, 3   33.00%


样本变换：reverse
样本变换：mask
样本变换：shift
样本变换：none
未过滤	未用伪标签：55.30% -> 使用伪标签：55.33%
已过滤	未用伪标签：55.51% -> 使用伪标签：55.55%
排除样本：23|6000	剩余：2553, 2000, 1424
增添样本：1682		细则：0, 553, 1129	正确率估算：99.94%
类型1 正确率： 100.00% -> 1  100.00%, 2    0.00%, 3    0.00%
类型2 正确率：  33.00% -> 1   27.97%, 2   33.38%, 3   38.64%
类型3 正确率：  33.00% -> 1    0.00%, 2   67.00%, 3   33.00%

被排除样本 正确率：0.00%
类型1 正确率：   0.00% -> 1    0.00%, 2  100.00%
类型2 没有样本或未被分类。


轮次:··6/·20 || c_Loss:0.366 || e_Loss:-0.976 || Aad_Loss:-30.304 || 耗时：31.10s
轮次:··7/·20 || c_Loss:0.410 || e_Loss:-0.879 || Aad_Loss:-30.272 || 耗时：13.03s
轮次:··8/·20 || c_Loss:0.412 || e_Loss:-0.931 || Aad_Loss:-27.802 || 耗时：12.92s
轮次:··9/·20 || c_Loss:0.408 || e_Loss:-0.941 || Aad_Loss:-30.069 || 耗时：12.85s
轮次:·10/·20 || c_Loss:0.406 || e_Loss:-0.906 || Aad_Loss:-31.220 || 耗时：12.95s
任务: (B1)N15_M01_F10→(B2)N15_M07_F10; mix批次:····0; 批次:··940/·1880;  总正确率: 55.33%
类型1 正确率： 100.00% -> 1  100.00%, 2    0.00%, 3    0.00%
类型2 正确率：  33.00% -> 1   32.25%, 2   33.00%, 3   34.75%
类型3 正确率：  33.00% -> 1    0.00%, 2   67.00%, 3   33.00%


样本变换：reverse
样本变换：mask
样本变换：shift
样本变换：none
未过滤	未用伪标签：55.33% -> 使用伪标签：55.33%
已过滤	未用伪标签：55.35% -> 使用伪标签：55.35%
排除样本：2|6000	剩余：2677, 2000, 1321
增添样本：2033		细则：0, 677, 1356	正确率估算：100.00%
类型1 正确率： 100.00% -> 1  100.00%, 2    0.00%, 3    0.00%
类型2 正确率：  33.00% -> 1   33.88%, 2   33.03%, 3   33.08%
类型3 正确率：  33.00% -> 1    0.00%, 2   67.00%, 3   33.00%

被排除样本 正确率：0.00%
类型1 正确率：   0.00% -> 1    0.00%, 2  100.00%
类型2 没有样本或未被分类。


轮次:·11/·20 || c_Loss:0.378 || e_Loss:-1.753 || Aad_Loss:-30.975 || 耗时：31.16s
轮次:·12/·20 || c_Loss:0.379 || e_Loss:-1.015 || Aad_Loss:-31.309 || 耗时：12.99s
轮次:·13/·20 || c_Loss:0.381 || e_Loss:-1.007 || Aad_Loss:-32.079 || 耗时：13.08s
轮次:·14/·20 || c_Loss:0.379 || e_Loss:-0.977 || Aad_Loss:-31.540 || 耗时：13.07s
轮次:·15/·20 || c_Loss:0.380 || e_Loss:-1.003 || Aad_Loss:-31.094 || 耗时：13.02s
任务: (B1)N15_M01_F10→(B2)N15_M07_F10; mix批次:····0; 批次:·1410/·1880;  总正确率: 55.33%
类型1 正确率： 100.00% -> 1  100.00%, 2    0.00%, 3    0.00%
类型2 正确率：  33.00% -> 1   34.00%, 2   33.00%, 3   33.00%
类型3 正确率：  33.00% -> 1    0.00%, 2   67.00%, 3   33.00%


样本变换：reverse
样本变换：mask
样本变换：shift
样本变换：none
未过滤	未用伪标签：55.33% -> 使用伪标签：55.33%
已过滤	未用伪标签：55.33% -> 使用伪标签：55.33%
排除样本：2680|6000	剩余：2000, 1320
增添样本：2040		细则：0, 680, 1360	正确率估算：100.00%
类型1 正确率： 100.00% -> 1  100.00%, 2    0.00%, 3    0.00%
类型2 正确率：  33.00% -> 1   34.00%, 2   33.00%, 3   33.00%
类型3 正确率：  33.00% -> 1    0.00%, 2   67.00%, 3   33.00%

被排除样本 正确率：nan%


轮次:·16/·20 || c_Loss:0.382 || e_Loss:-0.995 || Aad_Loss:-32.082 || 耗时：31.27s
轮次:·17/·20 || c_Loss:0.389 || e_Loss:-0.972 || Aad_Loss:-31.556 || 耗时：12.94s
轮次:·18/·20 || c_Loss:0.381 || e_Loss:-0.934 || Aad_Loss:-32.347 || 耗时：12.95s
轮次:·19/·20 || c_Loss:0.380 || e_Loss:-1.007 || Aad_Loss:-31.194 || 耗时：12.96s
轮次:·20/·20 || c_Loss:0.378 || e_Loss:-1.029 || Aad_Loss:-31.242 || 耗时：12.97s
任务: (B1)N15_M01_F10→(B2)N15_M07_F10; mix批次:····0; 批次:·1880/·1880;  总正确率: 55.33%
类型1 正确率： 100.00% -> 1  100.00%, 2    0.00%, 3    0.00%
类型2 正确率：  33.00% -> 1   34.00%, 2   33.00%, 3   33.00%
类型3 正确率：  33.00% -> 1    0.00%, 2   67.00%, 3   33.00%


测试集任务: (B1)N15_M01_F10→(B2)N15_M07_F10; 总正确率 = 55.33%
类型1 正确率： 100.00% -> 1  100.00%, 2    0.00%, 3    0.00%
类型2 正确率：  33.00% -> 1   34.00%, 2   33.00%, 3   33.00%
类型3 正确率：  33.00% -> 1    0.00%, 2   67.00%, 3   33.00%


