读取源域路径：/kaggle/working/m1/weight_PU_M1_final_checkpoint_FBtoA_s2024/NEW_PU/Source-源域/log&pt/(B3)N15_M07_F04
excel输出位置：/kaggle/working/m1/weight_PU_M1_final_checkpoint_FBtoA_s2024/NEW_PU/Target-目标域
特征图片输出位置：/kaggle/working/m1/weight_PU_M1_final_checkpoint_FBtoA_s2024/NEW_PU/Picture-特征图/2026年09月13日16时54分/(B3)N15_M07_F04
现在选取:(B3)N15_M07_F04 进行训练的源模型
现在进行：(B3)N15_M07_F04→(B2)N15_M07_F10 的迁移任务
log&pt输出位置：/kaggle/working/m1/weight_PU_M1_final_checkpoint_FBtoA_s2024/NEW_PU/Target-目标域/log&pt/(B3)N15_M07_F04→(B2)N15_M07_F10
任务: (B3)N15_M07_F04→(B2)N15_M07_F10; 批次:····0/·1880;  总正确率: 54.52%
类型1 正确率： 100.00% -> 1   99.90%, 2    0.00%, 3    0.10%
类型2 正确率：  31.00% -> 1    7.15%, 2   30.65%, 3   62.20%
类型3 正确率：  33.00% -> 1    0.00%, 2   67.00%, 3   33.00%


样本变换：reverse
样本变换：mask
样本变换：shift
样本变换：none
未过滤	未用伪标签：54.52% -> 使用伪标签：55.08%
已过滤	未用伪标签：54.89% -> 使用伪标签：55.46%
排除样本：41|6000	剩余：2170, 1987, 1802
增添样本：551		细则：0, 183, 368	正确率估算：98.91%
类型1 正确率： 100.00% -> 1   99.90%, 2    0.00%, 3    0.10%
类型2 正确率：  33.00% -> 1    8.78%, 2   33.03%, 3   58.19%
类型3 正确率：  33.00% -> 1    0.00%, 2   67.00%, 3   33.00%

被排除样本 正确率：0.00%
类型1 没有样本或未被分类。
类型2 正确率：   0.00% -> 1    9.76%, 2    0.00%, 3   90.24%
类型3 没有样本或未被分类。


轮次:··1/·20 || c_Loss:0.542 || e_Loss:-1.020 || Aad_Loss:-28.049 || 耗时：30.68s
轮次:··2/·20 || c_Loss:0.456 || e_Loss:-0.955 || Aad_Loss:-27.294 || 耗时：13.04s
轮次:··3/·20 || c_Loss:0.393 || e_Loss:-0.973 || Aad_Loss:-29.098 || 耗时：12.99s
轮次:··4/·20 || c_Loss:0.391 || e_Loss:-0.923 || Aad_Loss:-27.997 || 耗时：12.91s
轮次:··5/·20 || c_Loss:0.372 || e_Loss:-0.887 || Aad_Loss:-29.760 || 耗时：12.90s
任务: (B3)N15_M07_F04→(B2)N15_M07_F10; mix批次:····0; 批次:··470/·1880;  总正确率: 55.32%
类型1 正确率： 100.00% -> 1  100.00%, 2    0.00%, 3    0.00%
类型2 正确率：  33.00% -> 1    3.35%, 2   32.95%, 3   63.70%
类型3 正确率：  33.00% -> 1    0.00%, 2   67.00%, 3   33.00%


样本变换：reverse
样本变换：mask
样本变换：shift
样本变换：none
未过滤	未用伪标签：55.32% -> 使用伪标签：55.33%
已过滤	未用伪标签：55.46% -> 使用伪标签：55.47%
排除样本：15|6000	剩余：2040, 2000, 1945
增添样本：135		细则：0, 40, 95	正确率估算：100.00%
类型1 正确率： 100.00% -> 1  100.00%, 2    0.00%, 3    0.00%
类型2 正确率：  33.00% -> 1    2.02%, 2   33.25%, 3   64.74%
类型3 正确率：  33.00% -> 1    0.00%, 2   67.00%, 3   33.00%

被排除样本 正确率：0.00%
类型1 没有样本或未被分类。
类型2 正确率：   0.00% -> 1   93.33%, 2    0.00%, 3    6.67%
类型3 没有样本或未被分类。


轮次:··6/·20 || c_Loss:0.379 || e_Loss:-0.947 || Aad_Loss:-30.697 || 耗时：30.17s
轮次:··7/·20 || c_Loss:0.361 || e_Loss:-0.996 || Aad_Loss:-30.221 || 耗时：12.99s
轮次:··8/·20 || c_Loss:0.370 || e_Loss:-0.886 || Aad_Loss:-31.561 || 耗时：13.03s
轮次:··9/·20 || c_Loss:0.369 || e_Loss:-1.784 || Aad_Loss:-30.032 || 耗时：13.05s
轮次:·10/·20 || c_Loss:0.400 || e_Loss:-1.784 || Aad_Loss:-29.096 || 耗时：13.05s
任务: (B3)N15_M07_F04→(B2)N15_M07_F10; mix批次:····0; 批次:··940/·1880;  总正确率: 55.32%
类型1 正确率： 100.00% -> 1  100.00%, 2    0.00%, 3    0.00%
类型2 正确率：  33.00% -> 1    0.20%, 2   32.95%, 3   66.85%
类型3 正确率：  33.00% -> 1    0.00%, 2   67.00%, 3   33.00%


样本变换：reverse
样本变换：mask
样本变换：shift
样本变换：none
未过滤	未用伪标签：55.32% -> 使用伪标签：55.33%
已过滤	未用伪标签：55.34% -> 使用伪标签：55.36%
排除样本：3|6000	剩余：2000, 2000, 1997
增添样本：3		细则：0, 0, 3	正确率估算：100.00%
类型1 正确率： 100.00% -> 1  100.00%, 2    0.00%, 3    0.00%
类型2 正确率：  33.00% -> 1    0.00%, 2   33.05%, 3   66.95%
类型3 正确率：  33.00% -> 1    0.00%, 2   67.00%, 3   33.00%

被排除样本 正确率：0.00%
类型1 没有样本或未被分类。
类型2 正确率：   0.00% -> 1  100.00%, 2    0.00%


轮次:·11/·20 || c_Loss:0.371 || e_Loss:-0.990 || Aad_Loss:-24.333 || 耗时：30.27s
轮次:·12/·20 || c_Loss:0.386 || e_Loss:-0.956 || Aad_Loss:-24.523 || 耗时：12.97s
轮次:·13/·20 || c_Loss:0.401 || e_Loss:-0.859 || Aad_Loss:-26.082 || 耗时：12.94s
轮次:·14/·20 || c_Loss:0.379 || e_Loss:-0.998 || Aad_Loss:-24.408 || 耗时：12.95s
轮次:·15/·20 || c_Loss:0.397 || e_Loss:-0.903 || Aad_Loss:-26.347 || 耗时：12.93s
任务: (B3)N15_M07_F04→(B2)N15_M07_F10; mix批次:····0; 批次:·1410/·1880;  总正确率: 55.33%
类型1 正确率： 100.00% -> 1  100.00%, 2    0.00%, 3    0.00%
类型2 正确率：  33.00% -> 1    0.00%, 2   33.00%, 3   67.00%
类型3 正确率：  33.00% -> 1    0.00%, 2   67.00%, 3   33.00%


样本变换：reverse
样本变换：mask
样本变换：shift
样本变换：none
未过滤	未用伪标签：55.33% -> 使用伪标签：55.33%
已过滤	未用伪标签：55.34% -> 使用伪标签：55.34%
排除样本：1|6000	剩余：2000, 2000, 1999
增添样本：1		细则：0, 0, 1	正确率估算：100.00%
类型1 正确率： 100.00% -> 1  100.00%, 2    0.00%, 3    0.00%
类型2 正确率：  33.00% -> 1    0.00%, 2   33.02%, 3   66.98%
类型3 正确率：  33.00% -> 1    0.00%, 2   67.00%, 3   33.00%

被排除样本 正确率：0.00%
类型1 正确率：   0.00% -> 1    0.00%, 2  100.00%
类型2 没有样本或未被分类。


轮次:·16/·20 || c_Loss:0.377 || e_Loss:-1.005 || Aad_Loss:-23.410 || 耗时：30.10s
轮次:·17/·20 || c_Loss:0.379 || e_Loss:-1.020 || Aad_Loss:-23.715 || 耗时：12.93s
轮次:·18/·20 || c_Loss:0.377 || e_Loss:-1.009 || Aad_Loss:-23.379 || 耗时：12.93s
轮次:·19/·20 || c_Loss:0.379 || e_Loss:-1.007 || Aad_Loss:-23.814 || 耗时：12.96s
轮次:·20/·20 || c_Loss:0.379 || e_Loss:-1.021 || Aad_Loss:-23.441 || 耗时：12.96s
任务: (B3)N15_M07_F04→(B2)N15_M07_F10; mix批次:····0; 批次:·1880/·1880;  总正确率: 55.33%
类型1 正确率： 100.00% -> 1  100.00%, 2    0.00%, 3    0.00%
类型2 正确率：  33.00% -> 1    0.00%, 2   33.00%, 3   67.00%
类型3 正确率：  33.00% -> 1    0.00%, 2   67.00%, 3   33.00%


测试集任务: (B3)N15_M07_F04→(B2)N15_M07_F10; 总正确率 = 55.33%
类型1 正确率： 100.00% -> 1  100.00%, 2    0.00%, 3    0.00%
类型2 正确率：  33.00% -> 1    0.00%, 2   33.00%, 3   67.00%
类型3 正确率：  33.00% -> 1    0.00%, 2   67.00%, 3   33.00%


