读取源域路径：/kaggle/working/m1/weight_PU_M1_final_checkpoint_FBtoA_s2024/NEW_PU/Source-源域/log&pt/(B2)N15_M07_F10
excel输出位置：/kaggle/working/m1/weight_PU_M1_final_checkpoint_FBtoA_s2024/NEW_PU/Target-目标域
特征图片输出位置：/kaggle/working/m1/weight_PU_M1_final_checkpoint_FBtoA_s2024/NEW_PU/Picture-特征图/2026年09月13日16时42分/(B2)N15_M07_F10
现在选取:(B2)N15_M07_F10 进行训练的源模型
现在进行：(B2)N15_M07_F10→(B3)N15_M07_F04 的迁移任务
log&pt输出位置：/kaggle/working/m1/weight_PU_M1_final_checkpoint_FBtoA_s2024/NEW_PU/Target-目标域/log&pt/(B2)N15_M07_F10→(B3)N15_M07_F04
任务: (B2)N15_M07_F10→(B3)N15_M07_F04; 批次:····0/·1880;  总正确率: 48.10%
类型1 正确率： 100.00% -> 1   99.95%, 2    0.00%, 3    0.05%
类型2 正确率：  35.00% -> 1   33.30%, 2   34.65%, 3   32.05%
类型3 正确率：  10.00% -> 1    8.05%, 2   82.25%, 3    9.70%


样本变换：reverse
样本变换：mask
样本变换：shift
样本变换：none
未过滤	未用伪标签：48.10% -> 使用伪标签：54.30%
已过滤	未用伪标签：48.37% -> 使用伪标签：54.95%
排除样本：71|6000	剩余：2493, 1938, 1498
增添样本：1550		细则：0, 555, 995	正确率估算：65.16%
类型1 正确率： 100.00% -> 1  100.00%, 2    0.00%, 3    0.00%
类型2 正确率：  31.00% -> 1   25.56%, 2   31.00%, 3   43.44%
类型3 正确率：  33.00% -> 1    0.00%, 2   67.00%, 3   33.00%

被排除样本 正确率：25.35%
类型1 没有样本或未被分类。
类型2 正确率：  25.00% -> 1   42.25%, 2   25.35%, 3   32.39%
类型3 没有样本或未被分类。


轮次:··1/·20 || c_Loss:0.523 || e_Loss:-0.901 || Aad_Loss:-26.835 || 耗时：31.05s
轮次:··2/·20 || c_Loss:0.361 || e_Loss:-0.938 || Aad_Loss:-29.039 || 耗时：13.12s
轮次:··3/·20 || c_Loss:0.396 || e_Loss:-0.858 || Aad_Loss:-28.762 || 耗时：13.05s
轮次:··4/·20 || c_Loss:0.380 || e_Loss:-0.893 || Aad_Loss:-28.191 || 耗时：13.01s
轮次:··5/·20 || c_Loss:0.388 || e_Loss:-1.719 || Aad_Loss:-28.005 || 耗时：12.97s
任务: (B2)N15_M07_F10→(B3)N15_M07_F04; mix批次:····0; 批次:··470/·1880;  总正确率: 54.72%
类型1 正确率： 100.00% -> 1  100.00%, 2    0.00%, 3    0.00%
类型2 正确率：  31.00% -> 1   26.20%, 2   31.15%, 3   42.65%
类型3 正确率：  33.00% -> 1    0.00%, 2   67.00%, 3   33.00%


样本变换：reverse
样本变换：mask
样本变换：shift
样本变换：none
未过滤	未用伪标签：54.72% -> 使用伪标签：55.10%
已过滤	未用伪标签：54.76% -> 使用伪标签：55.15%
排除样本：5|6000	剩余：2669, 1986, 1340
增添样本：2012		细则：0, 683, 1329	正确率估算：99.70%
类型1 正确率： 100.00% -> 1  100.00%, 2    0.00%, 3    0.00%
类型2 正确率：  32.00% -> 1   33.53%, 2   32.38%, 3   34.09%
类型3 正确率：  33.00% -> 1    0.00%, 2   67.00%, 3   33.00%

被排除样本 正确率：0.00%
类型1 正确率：   0.00% -> 1    0.00%, 2  100.00%
类型2 没有样本或未被分类。


轮次:··6/·20 || c_Loss:0.390 || e_Loss:-0.961 || Aad_Loss:-29.741 || 耗时：31.25s
轮次:··7/·20 || c_Loss:0.404 || e_Loss:-0.992 || Aad_Loss:-29.870 || 耗时：12.91s
轮次:··8/·20 || c_Loss:0.385 || e_Loss:-1.960 || Aad_Loss:-30.994 || 耗时：12.94s
轮次:··9/·20 || c_Loss:0.380 || e_Loss:-0.966 || Aad_Loss:-31.052 || 耗时：13.07s
轮次:·10/·20 || c_Loss:0.378 || e_Loss:-0.933 || Aad_Loss:-32.697 || 耗时：12.96s
任务: (B2)N15_M07_F10→(B3)N15_M07_F04; mix批次:····0; 批次:··940/·1880;  总正确率: 55.25%
类型1 正确率： 100.00% -> 1  100.00%, 2    0.00%, 3    0.00%
类型2 正确率：  33.00% -> 1   34.00%, 2   32.75%, 3   33.25%
类型3 正确率：  33.00% -> 1    0.00%, 2   67.00%, 3   33.00%


样本变换：reverse
样本变换：mask
样本变换：shift
样本变换：none
未过滤	未用伪标签：55.25% -> 使用伪标签：55.23%
已过滤	未用伪标签：55.23% -> 使用伪标签：55.26%
排除样本：3|6000	剩余：2680, 1996, 1321
增添样本：2043		细则：0, 684, 1359	正确率估算：99.90%
类型1 正确率： 100.00% -> 1  100.00%, 2    0.00%, 3    0.00%
类型2 正确率：  33.00% -> 1   34.05%, 2   32.80%, 3   33.15%
类型3 正确率：  33.00% -> 1    0.00%, 2   67.05%, 3   32.95%

被排除样本 正确率：100.00%
类型1 正确率： 100.00% -> 1  100.00%


轮次:·11/·20 || c_Loss:0.379 || e_Loss:-0.962 || Aad_Loss:-31.881 || 耗时：31.45s
轮次:·12/·20 || c_Loss:0.381 || e_Loss:-1.017 || Aad_Loss:-30.991 || 耗时：12.89s
轮次:·13/·20 || c_Loss:0.375 || e_Loss:-1.000 || Aad_Loss:-31.702 || 耗时：12.93s
轮次:·14/·20 || c_Loss:0.378 || e_Loss:-1.007 || Aad_Loss:-31.320 || 耗时：13.03s
轮次:·15/·20 || c_Loss:0.384 || e_Loss:-1.004 || Aad_Loss:-31.253 || 耗时：12.94s
任务: (B2)N15_M07_F10→(B3)N15_M07_F04; mix批次:····0; 批次:·1410/·1880;  总正确率: 55.25%
类型1 正确率： 100.00% -> 1  100.00%, 2    0.00%, 3    0.00%
类型2 正确率：  33.00% -> 1   34.00%, 2   32.75%, 3   33.25%
类型3 正确率：  33.00% -> 1    0.00%, 2   67.00%, 3   33.00%


样本变换：reverse
样本变换：mask
样本变换：shift
样本变换：none
未过滤	未用伪标签：55.25% -> 使用伪标签：55.25%
已过滤	未用伪标签：55.26% -> 使用伪标签：55.26%
排除样本：1|6000	剩余：2680, 1997, 1322
增添样本：2041		细则：0, 683, 1358	正确率估算：100.00%
类型1 正确率： 100.00% -> 1  100.00%, 2    0.00%, 3    0.00%
类型2 正确率：  33.00% -> 1   34.02%, 2   32.82%, 3   33.17%
类型3 正确率：  33.00% -> 1    0.00%, 2   67.05%, 3   32.95%

被排除样本 正确率：0.00%
类型1 正确率：   0.00% -> 1    0.00%, 2  100.00%
类型2 没有样本或未被分类。


轮次:·16/·20 || c_Loss:0.376 || e_Loss:-0.971 || Aad_Loss:-32.286 || 耗时：31.39s
轮次:·17/·20 || c_Loss:0.380 || e_Loss:-1.021 || Aad_Loss:-31.182 || 耗时：12.91s
轮次:·18/·20 || c_Loss:0.375 || e_Loss:-1.001 || Aad_Loss:-31.887 || 耗时：12.91s
轮次:·19/·20 || c_Loss:0.377 || e_Loss:-1.013 || Aad_Loss:-31.438 || 耗时：13.04s
轮次:·20/·20 || c_Loss:0.386 || e_Loss:-1.002 || Aad_Loss:-30.892 || 耗时：12.90s
任务: (B2)N15_M07_F10→(B3)N15_M07_F04; mix批次:····0; 批次:·1880/·1880;  总正确率: 55.28%
类型1 正确率： 100.00% -> 1  100.00%, 2    0.00%, 3    0.00%
类型2 正确率：  33.00% -> 1   34.00%, 2   32.85%, 3   33.15%
类型3 正确率：  33.00% -> 1    0.00%, 2   67.00%, 3   33.00%


测试集任务: (B2)N15_M07_F10→(B3)N15_M07_F04; 总正确率 = 55.28%
类型1 正确率： 100.00% -> 1  100.00%, 2    0.00%, 3    0.00%
类型2 正确率：  33.00% -> 1   34.00%, 2   32.85%, 3   33.15%
类型3 正确率：  33.00% -> 1    0.00%, 2   67.00%, 3   33.00%


