读取源域路径：/kaggle/working/k10/S07/weight_PU_M1_final_checkpoint_FS07toS07_s2024/NEW_PU/Source-源域/log&pt/(B2)N15_M07_F10
excel输出位置：/kaggle/working/k10/S07/weight_PU_M1_final_checkpoint_FS07toS07_s2024/NEW_PU/Target-目标域
特征图片输出位置：/kaggle/working/k10/S07/weight_PU_M1_final_checkpoint_FS07toS07_s2024/NEW_PU/Picture-特征图/2026年09月19日06时09分/(B2)N15_M07_F10
现在选取:(B2)N15_M07_F10 进行训练的源模型
现在进行：(B2)N15_M07_F10→(B3)N15_M07_F04 的迁移任务
log&pt输出位置：/kaggle/working/k10/S07/weight_PU_M1_final_checkpoint_FS07toS07_s2024/NEW_PU/Target-目标域/log&pt/(B2)N15_M07_F10→(B3)N15_M07_F04
任务: (B2)N15_M07_F10→(B3)N15_M07_F04; 批次:····0/·1880;  总正确率: 94.97%
类型1 正确率： 100.00% -> 1  100.00%, 2    0.00%, 3    0.00%
类型2 正确率：  99.00% -> 1    0.00%, 2   98.95%, 3    1.05%
类型3 正确率：  86.00% -> 1    0.00%, 2   14.05%, 3   85.95%


样本变换：reverse
样本变换：mask
样本变换：shift
样本变换：none
未过滤	未用伪标签：94.97% -> 使用伪标签：97.10%
已过滤	未用伪标签：95.48% -> 使用伪标签：97.98%
排除样本：54|6000	剩余：2000, 1965, 1981
增添样本：54		细则：0, 35, 19	正确率估算：98.15%
类型1 正确率： 100.00% -> 1  100.00%, 2    0.00%, 3    0.00%
类型2 正确率：  97.00% -> 1    0.00%, 2   96.57%, 3    3.43%
类型3 正确率：  97.00% -> 1    0.00%, 2    2.65%, 3   97.35%

被排除样本 正确率：38.89%
类型1 正确率： 100.00% -> 1  100.00%, 2    0.00%
类型2 正确率：   6.00% -> 1   94.29%, 2    5.71%


轮次:··1/·20 || c_Loss:0.554 || e_Loss:-1.033 || Aad_Loss:-27.713 || 耗时：35.78s
轮次:··2/·20 || c_Loss:0.396 || e_Loss:-1.524 || Aad_Loss:-29.676 || 耗时：13.99s
轮次:··3/·20 || c_Loss:0.396 || e_Loss:-0.919 || Aad_Loss:-27.474 || 耗时：13.83s
轮次:··4/·20 || c_Loss:0.353 || e_Loss:-0.926 || Aad_Loss:-29.318 || 耗时：13.72s
轮次:··5/·20 || c_Loss:0.355 || e_Loss:-0.940 || Aad_Loss:-28.706 || 耗时：13.68s
任务: (B2)N15_M07_F10→(B3)N15_M07_F04; mix批次:····0; 批次:··470/·1880;  总正确率: 99.18%
类型1 正确率： 100.00% -> 1  100.00%, 2    0.00%, 3    0.00%
类型2 正确率：  98.00% -> 1    0.00%, 2   97.75%, 3    2.25%
类型3 正确率： 100.00% -> 1    0.00%, 2    0.20%, 3   99.80%


样本变换：reverse
样本变换：mask
样本变换：shift
样本变换：none
未过滤	未用伪标签：99.18% -> 使用伪标签：98.43%
已过滤	未用伪标签：99.18% -> 使用伪标签：98.61%
排除样本：11|6000	剩余：2000, 1906, 2083
增添样本：260		细则：83, 177, 0	正确率估算：100.00%
类型1 正确率： 100.00% -> 1  100.00%, 2    0.00%, 3    0.00%
类型2 正确率：  96.00% -> 1    0.00%, 2   95.83%, 3    4.17%
类型3 正确率： 100.00% -> 1    0.00%, 2    0.00%, 3  100.00%

被排除样本 正确率：100.00%
类型1 正确率： 100.00% -> 1  100.00%


轮次:··6/·20 || c_Loss:0.380 || e_Loss:-0.984 || Aad_Loss:-29.122 || 耗时：36.00s
轮次:··7/·20 || c_Loss:0.393 || e_Loss:-0.956 || Aad_Loss:-28.861 || 耗时：13.91s
轮次:··8/·20 || c_Loss:0.416 || e_Loss:-0.967 || Aad_Loss:-29.595 || 耗时：13.92s
轮次:··9/·20 || c_Loss:0.397 || e_Loss:-0.923 || Aad_Loss:-28.709 || 耗时：13.90s
轮次:·10/·20 || c_Loss:0.391 || e_Loss:-0.946 || Aad_Loss:-30.134 || 耗时：13.87s
任务: (B2)N15_M07_F10→(B3)N15_M07_F04; mix批次:····0; 批次:··940/·1880;  总正确率: 98.60%
类型1 正确率： 100.00% -> 1  100.00%, 2    0.00%, 3    0.00%
类型2 正确率：  96.00% -> 1    0.00%, 2   95.80%, 3    4.20%
类型3 正确率： 100.00% -> 1    0.00%, 2    0.00%, 3  100.00%


样本变换：reverse
样本变换：mask
样本变换：shift
样本变换：none
未过滤	未用伪标签：98.60% -> 使用伪标签：98.47%
已过滤	未用伪标签：98.66% -> 使用伪标签：98.63%
排除样本：10|6000	剩余：2000, 1908, 2082
增添样本：256		细则：82, 174, 0	正确率估算：100.00%
类型1 正确率： 100.00% -> 1  100.00%, 2    0.00%, 3    0.00%
类型2 正确率：  96.00% -> 1    0.00%, 2   95.88%, 3    4.12%
类型3 正确率： 100.00% -> 1    0.00%, 2    0.00%, 3  100.00%

被排除样本 正确率：60.00%
类型1 正确率：  60.00% -> 1   60.00%, 2   40.00%
类型2 没有样本或未被分类。


轮次:·11/·20 || c_Loss:0.386 || e_Loss:-1.002 || Aad_Loss:-29.828 || 耗时：36.06s
轮次:·12/·20 || c_Loss:0.379 || e_Loss:-0.991 || Aad_Loss:-30.741 || 耗时：13.73s
轮次:·13/·20 || c_Loss:0.380 || e_Loss:-0.992 || Aad_Loss:-30.312 || 耗时：13.75s
轮次:·14/·20 || c_Loss:0.380 || e_Loss:-0.986 || Aad_Loss:-30.945 || 耗时：13.71s
轮次:·15/·20 || c_Loss:0.392 || e_Loss:-0.974 || Aad_Loss:-30.146 || 耗时：13.70s
任务: (B2)N15_M07_F10→(B3)N15_M07_F04; mix批次:····0; 批次:·1410/·1880;  总正确率: 98.62%
类型1 正确率： 100.00% -> 1  100.00%, 2    0.00%, 3    0.00%
类型2 正确率：  96.00% -> 1    0.00%, 2   95.85%, 3    4.15%
类型3 正确率： 100.00% -> 1    0.00%, 2    0.00%, 3  100.00%


样本变换：reverse
样本变换：mask
样本变换：shift
样本变换：none
未过滤	未用伪标签：98.62% -> 使用伪标签：98.57%
已过滤	未用伪标签：98.70% -> 使用伪标签：98.73%
排除样本：10|6000	剩余：2000, 1914, 2076
增添样本：238		细则：76, 162, 0	正确率估算：100.00%
类型1 正确率： 100.00% -> 1  100.00%, 2    0.00%, 3    0.00%
类型2 正确率：  96.00% -> 1    0.00%, 2   96.18%, 3    3.82%
类型3 正确率： 100.00% -> 1    0.00%, 2    0.00%, 3  100.00%

被排除样本 正确率：50.00%
类型1 正确率：  50.00% -> 1   50.00%, 2   50.00%
类型2 没有样本或未被分类。


轮次:·16/·20 || c_Loss:0.382 || e_Loss:-0.996 || Aad_Loss:-30.774 || 耗时：35.93s
轮次:·17/·20 || c_Loss:0.380 || e_Loss:-0.967 || Aad_Loss:-30.344 || 耗时：13.75s
轮次:·18/·20 || c_Loss:0.380 || e_Loss:-0.972 || Aad_Loss:-29.781 || 耗时：13.77s
轮次:·19/·20 || c_Loss:0.379 || e_Loss:-0.980 || Aad_Loss:-30.979 || 耗时：13.80s
轮次:·20/·20 || c_Loss:0.414 || e_Loss:-0.952 || Aad_Loss:-30.595 || 耗时：13.81s
任务: (B2)N15_M07_F10→(B3)N15_M07_F04; mix批次:····0; 批次:·1880/·1880;  总正确率: 98.65%
类型1 正确率： 100.00% -> 1  100.00%, 2    0.00%, 3    0.00%
类型2 正确率：  96.00% -> 1    0.00%, 2   95.95%, 3    4.05%
类型3 正确率： 100.00% -> 1    0.00%, 2    0.00%, 3  100.00%


测试集任务: (B2)N15_M07_F10→(B3)N15_M07_F04; 总正确率 = 98.65%
类型1 正确率： 100.00% -> 1  100.00%, 2    0.00%, 3    0.00%
类型2 正确率：  96.00% -> 1    0.00%, 2   95.95%, 3    4.05%
类型3 正确率： 100.00% -> 1    0.00%, 2    0.00%, 3  100.00%


