读取源域路径：/kaggle/working/k10/S07/weight_PU_M1_final_checkpoint_FS07toS07_s2024/NEW_PU/Source-源域/log&pt/(B1)N15_M01_F10
excel输出位置：/kaggle/working/k10/S07/weight_PU_M1_final_checkpoint_FS07toS07_s2024/NEW_PU/Target-目标域
特征图片输出位置：/kaggle/working/k10/S07/weight_PU_M1_final_checkpoint_FS07toS07_s2024/NEW_PU/Picture-特征图/2026年09月19日05时50分/(B1)N15_M01_F10
现在选取:(B1)N15_M01_F10 进行训练的源模型
现在进行：(B1)N15_M01_F10→(B2)N15_M07_F10 的迁移任务
log&pt输出位置：/kaggle/working/k10/S07/weight_PU_M1_final_checkpoint_FS07toS07_s2024/NEW_PU/Target-目标域/log&pt/(B1)N15_M01_F10→(B2)N15_M07_F10
任务: (B1)N15_M01_F10→(B2)N15_M07_F10; 批次:····0/·1880;  总正确率: 99.28%
类型1 正确率： 100.00% -> 1   99.95%, 2    0.05%, 3    0.00%
类型2 正确率： 100.00% -> 1    0.00%, 2  100.00%, 3    0.00%
类型3 正确率：  98.00% -> 1    0.00%, 2    2.10%, 3   97.90%


样本变换：reverse
样本变换：mask
样本变换：shift
样本变换：none
未过滤	未用伪标签：99.28% -> 使用伪标签：99.55%
已过滤	未用伪标签：99.32% -> 使用伪标签：99.60%
排除样本：3|6000	剩余：2000, 2023, 1974
增添样本：72		细则：23, 0, 49	正确率估算：100.00%
类型1 正确率： 100.00% -> 1  100.00%, 2    0.00%, 3    0.00%
类型2 正确率： 100.00% -> 1    0.00%, 2  100.00%, 3    0.00%
类型3 正确率：  99.00% -> 1    0.00%, 2    1.20%, 3   98.80%

被排除样本 正确率：33.33%
类型1 正确率： 100.00% -> 1  100.00%, 2    0.00%
类型2 正确率：   0.00% -> 1  100.00%, 2    0.00%


轮次:··1/·20 || c_Loss:0.561 || e_Loss:-1.054 || Aad_Loss:-28.807 || 耗时：35.94s
轮次:··2/·20 || c_Loss:0.491 || e_Loss:-1.039 || Aad_Loss:-28.592 || 耗时：13.95s
轮次:··3/·20 || c_Loss:0.417 || e_Loss:-0.983 || Aad_Loss:-29.145 || 耗时：13.88s
轮次:··4/·20 || c_Loss:0.391 || e_Loss:-0.976 || Aad_Loss:-31.198 || 耗时：13.80s
轮次:··5/·20 || c_Loss:0.395 || e_Loss:-0.970 || Aad_Loss:-30.332 || 耗时：13.76s
任务: (B1)N15_M01_F10→(B2)N15_M07_F10; mix批次:····0; 批次:··470/·1880;  总正确率: 99.98%
类型1 正确率： 100.00% -> 1   99.95%, 2    0.05%, 3    0.00%
类型2 正确率： 100.00% -> 1    0.00%, 2  100.00%, 3    0.00%
类型3 正确率： 100.00% -> 1    0.00%, 2    0.00%, 3  100.00%


样本变换：reverse
样本变换：mask
样本变换：shift
样本变换：none
未过滤	未用伪标签：99.98% -> 使用伪标签：100.00%
已过滤	未用伪标签：99.98% -> 使用伪标签：100.00%
排除样本：2000|6000	剩余：2000, 2000
增添样本：0		细则：0, 0, 0类型1 正确率： 100.00% -> 1  100.00%, 2    0.00%, 3    0.00%
类型2 正确率： 100.00% -> 1    0.00%, 2  100.00%, 3    0.00%
类型3 正确率： 100.00% -> 1    0.00%, 2    0.00%, 3  100.00%

被排除样本 正确率：nan%


轮次:··6/·20 || c_Loss:0.387 || e_Loss:-1.001 || Aad_Loss:-22.854 || 耗时：35.67s
轮次:··7/·20 || c_Loss:0.387 || e_Loss:-0.983 || Aad_Loss:-23.523 || 耗时：13.83s
轮次:··8/·20 || c_Loss:0.385 || e_Loss:-1.018 || Aad_Loss:-22.658 || 耗时：13.91s
轮次:··9/·20 || c_Loss:0.380 || e_Loss:-0.984 || Aad_Loss:-22.457 || 耗时：13.85s
轮次:·10/·20 || c_Loss:0.384 || e_Loss:-0.980 || Aad_Loss:-23.109 || 耗时：13.79s
任务: (B1)N15_M01_F10→(B2)N15_M07_F10; mix批次:····0; 批次:··940/·1880;  总正确率: 100.00%
类型1 正确率： 100.00% -> 1  100.00%, 2    0.00%, 3    0.00%
类型2 正确率： 100.00% -> 1    0.00%, 2  100.00%, 3    0.00%
类型3 正确率： 100.00% -> 1    0.00%, 2    0.00%, 3  100.00%


样本变换：reverse
样本变换：mask
样本变换：shift
样本变换：none
未过滤	未用伪标签：100.00% -> 使用伪标签：100.00%
已过滤	未用伪标签：100.00% -> 使用伪标签：100.00%
排除样本：2000|6000	剩余：2000, 2000
增添样本：0		细则：0, 0, 0类型1 正确率： 100.00% -> 1  100.00%, 2    0.00%, 3    0.00%
类型2 正确率： 100.00% -> 1    0.00%, 2  100.00%, 3    0.00%
类型3 正确率： 100.00% -> 1    0.00%, 2    0.00%, 3  100.00%

被排除样本 正确率：nan%


轮次:·11/·20 || c_Loss:0.385 || e_Loss:-1.003 || Aad_Loss:-23.172 || 耗时：35.72s
轮次:·12/·20 || c_Loss:0.385 || e_Loss:-0.985 || Aad_Loss:-23.781 || 耗时：13.77s
轮次:·13/·20 || c_Loss:0.383 || e_Loss:-1.017 || Aad_Loss:-22.951 || 耗时：13.86s
轮次:·14/·20 || c_Loss:0.379 || e_Loss:-0.986 || Aad_Loss:-22.752 || 耗时：13.91s
轮次:·15/·20 || c_Loss:0.382 || e_Loss:-0.980 || Aad_Loss:-23.363 || 耗时：13.85s
任务: (B1)N15_M01_F10→(B2)N15_M07_F10; mix批次:····0; 批次:·1410/·1880;  总正确率: 100.00%
类型1 正确率： 100.00% -> 1  100.00%, 2    0.00%, 3    0.00%
类型2 正确率： 100.00% -> 1    0.00%, 2  100.00%, 3    0.00%
类型3 正确率： 100.00% -> 1    0.00%, 2    0.00%, 3  100.00%


样本变换：reverse
样本变换：mask
样本变换：shift
样本变换：none
未过滤	未用伪标签：100.00% -> 使用伪标签：100.00%
已过滤	未用伪标签：100.00% -> 使用伪标签：100.00%
排除样本：2000|6000	剩余：2000, 2000
增添样本：0		细则：0, 0, 0类型1 正确率： 100.00% -> 1  100.00%, 2    0.00%, 3    0.00%
类型2 正确率： 100.00% -> 1    0.00%, 2  100.00%, 3    0.00%
类型3 正确率： 100.00% -> 1    0.00%, 2    0.00%, 3  100.00%

被排除样本 正确率：nan%


轮次:·16/·20 || c_Loss:0.384 || e_Loss:-1.004 || Aad_Loss:-23.330 || 耗时：35.94s
轮次:·17/·20 || c_Loss:0.384 || e_Loss:-0.986 || Aad_Loss:-23.914 || 耗时：13.80s
轮次:·18/·20 || c_Loss:0.382 || e_Loss:-1.017 || Aad_Loss:-23.113 || 耗时：13.78s
轮次:·19/·20 || c_Loss:0.379 || e_Loss:-0.988 || Aad_Loss:-22.937 || 耗时：13.79s
轮次:·20/·20 || c_Loss:0.382 || e_Loss:-0.979 || Aad_Loss:-23.526 || 耗时：13.75s
任务: (B1)N15_M01_F10→(B2)N15_M07_F10; mix批次:····0; 批次:·1880/·1880;  总正确率: 100.00%
类型1 正确率： 100.00% -> 1  100.00%, 2    0.00%, 3    0.00%
类型2 正确率： 100.00% -> 1    0.00%, 2  100.00%, 3    0.00%
类型3 正确率： 100.00% -> 1    0.00%, 2    0.00%, 3  100.00%


测试集任务: (B1)N15_M01_F10→(B2)N15_M07_F10; 总正确率 = 100.00%
类型1 正确率： 100.00% -> 1  100.00%, 2    0.00%, 3    0.00%
类型2 正确率： 100.00% -> 1    0.00%, 2  100.00%, 3    0.00%
类型3 正确率： 100.00% -> 1    0.00%, 2    0.00%, 3  100.00%


