读取源域路径：/kaggle/working/k10/S07/weight_PU_M1_final_checkpoint_FS07toS07_s2024/NEW_PU/Source-源域/log&pt/(B3)N15_M07_F04
excel输出位置：/kaggle/working/k10/S07/weight_PU_M1_final_checkpoint_FS07toS07_s2024/NEW_PU/Target-目标域
特征图片输出位置：/kaggle/working/k10/S07/weight_PU_M1_final_checkpoint_FS07toS07_s2024/NEW_PU/Picture-特征图/2026年09月19日06时15分/(B3)N15_M07_F04
现在选取:(B3)N15_M07_F04 进行训练的源模型
现在进行：(B3)N15_M07_F04→(B1)N15_M01_F10 的迁移任务
log&pt输出位置：/kaggle/working/k10/S07/weight_PU_M1_final_checkpoint_FS07toS07_s2024/NEW_PU/Target-目标域/log&pt/(B3)N15_M07_F04→(B1)N15_M01_F10
任务: (B3)N15_M07_F04→(B1)N15_M01_F10; 批次:····0/·1880;  总正确率: 94.73%
类型1 正确率： 100.00% -> 1  100.00%, 2    0.00%, 3    0.00%
类型2 正确率：  99.00% -> 1    0.05%, 2   99.45%, 3    0.50%
类型3 正确率：  85.00% -> 1    0.00%, 2   15.25%, 3   84.75%


样本变换：reverse
样本变换：mask
样本变换：shift
样本变换：none
未过滤	未用伪标签：94.73% -> 使用伪标签：96.77%
已过滤	未用伪标签：95.33% -> 使用伪标签：97.43%
排除样本：41|6000	剩余：2001, 2148, 1810
增添样本：485		细则：147, 0, 338	正确率估算：94.64%
类型1 正确率： 100.00% -> 1  100.00%, 2    0.00%, 3    0.00%
类型2 正确率： 100.00% -> 1    0.05%, 2   99.90%, 3    0.05%
类型3 正确率：  92.00% -> 1    0.00%, 2    7.70%, 3   92.30%

被排除样本 正确率：7.32%
类型1 正确率： 100.00% -> 1  100.00%, 2    0.00%
类型2 正确率：   5.00% -> 1   95.00%, 2    5.00%


轮次:··1/·20 || c_Loss:0.573 || e_Loss:-1.025 || Aad_Loss:-27.246 || 耗时：36.02s
轮次:··2/·20 || c_Loss:0.413 || e_Loss:-0.934 || Aad_Loss:-27.204 || 耗时：13.87s
轮次:··3/·20 || c_Loss:0.399 || e_Loss:-0.983 || Aad_Loss:-28.908 || 耗时：13.70s
轮次:··4/·20 || c_Loss:0.368 || e_Loss:-0.959 || Aad_Loss:-29.333 || 耗时：13.59s
轮次:··5/·20 || c_Loss:0.379 || e_Loss:-1.725 || Aad_Loss:-29.729 || 耗时：13.65s
任务: (B3)N15_M07_F04→(B1)N15_M01_F10; mix批次:····0; 批次:··470/·1880;  总正确率: 98.92%
类型1 正确率： 100.00% -> 1  100.00%, 2    0.00%, 3    0.00%
类型2 正确率： 100.00% -> 1    0.00%, 2  100.00%, 3    0.00%
类型3 正确率：  97.00% -> 1    0.00%, 2    3.25%, 3   96.75%


样本变换：reverse
样本变换：mask
样本变换：shift
样本变换：none
未过滤	未用伪标签：98.92% -> 使用伪标签：99.65%
已过滤	未用伪标签：99.03% -> 使用伪标签：99.78%
排除样本：8|6000	剩余：2001, 2010, 1981
增添样本：38		细则：9, 0, 29	正确率估算：94.74%
类型1 正确率： 100.00% -> 1  100.00%, 2    0.00%, 3    0.00%
类型2 正确率： 100.00% -> 1    0.05%, 2   99.95%, 3    0.00%
类型3 正确率：  99.00% -> 1    0.00%, 2    0.60%, 3   99.40%

被排除样本 正确率：12.50%
类型1 正确率： 100.00% -> 1  100.00%, 2    0.00%
类型2 正确率：   0.00% -> 1  100.00%, 2    0.00%


轮次:··6/·20 || c_Loss:0.392 || e_Loss:-0.956 || Aad_Loss:-30.076 || 耗时：35.91s
轮次:··7/·20 || c_Loss:0.385 || e_Loss:-0.990 || Aad_Loss:-29.718 || 耗时：13.79s
轮次:··8/·20 || c_Loss:0.383 || e_Loss:-1.781 || Aad_Loss:-29.741 || 耗时：13.81s
轮次:··9/·20 || c_Loss:0.379 || e_Loss:-0.998 || Aad_Loss:-30.619 || 耗时：13.84s
轮次:·10/·20 || c_Loss:0.381 || e_Loss:-0.997 || Aad_Loss:-29.784 || 耗时：13.85s
任务: (B3)N15_M07_F04→(B1)N15_M01_F10; mix批次:····0; 批次:··940/·1880;  总正确率: 99.80%
类型1 正确率： 100.00% -> 1   99.95%, 2    0.05%, 3    0.00%
类型2 正确率： 100.00% -> 1    0.00%, 2  100.00%, 3    0.00%
类型3 正确率：  99.00% -> 1    0.00%, 2    0.55%, 3   99.45%


样本变换：reverse
样本变换：mask
样本变换：shift
样本变换：none
未过滤	未用伪标签：99.80% -> 使用伪标签：99.95%
已过滤	未用伪标签：99.82% -> 使用伪标签：99.98%
排除样本：2|6000	剩余：2000, 2000, 1998
增添样本：2		细则：0, 0, 2	正确率估算：100.00%
类型1 正确率： 100.00% -> 1  100.00%, 2    0.00%, 3    0.00%
类型2 正确率： 100.00% -> 1    0.00%, 2  100.00%, 3    0.00%
类型3 正确率： 100.00% -> 1    0.00%, 2    0.05%, 3   99.95%

被排除样本 正确率：50.00%
类型1 正确率： 100.00% -> 1  100.00%, 2    0.00%
类型2 正确率：   0.00% -> 1  100.00%, 2    0.00%


轮次:·11/·20 || c_Loss:0.382 || e_Loss:-0.978 || Aad_Loss:-24.295 || 耗时：35.90s
轮次:·12/·20 || c_Loss:0.381 || e_Loss:-1.002 || Aad_Loss:-23.360 || 耗时：13.71s
轮次:·13/·20 || c_Loss:0.384 || e_Loss:-0.981 || Aad_Loss:-23.045 || 耗时：13.68s
轮次:·14/·20 || c_Loss:0.382 || e_Loss:-1.008 || Aad_Loss:-23.924 || 耗时：13.69s
轮次:·15/·20 || c_Loss:0.388 || e_Loss:-0.990 || Aad_Loss:-24.288 || 耗时：13.72s
任务: (B3)N15_M07_F04→(B1)N15_M01_F10; mix批次:····0; 批次:·1410/·1880;  总正确率: 99.97%
类型1 正确率： 100.00% -> 1   99.95%, 2    0.05%, 3    0.00%
类型2 正确率： 100.00% -> 1    0.00%, 2  100.00%, 3    0.00%
类型3 正确率： 100.00% -> 1    0.00%, 2    0.05%, 3   99.95%


样本变换：reverse
样本变换：mask
样本变换：shift
样本变换：none
未过滤	未用伪标签：99.97% -> 使用伪标签：100.00%
已过滤	未用伪标签：99.97% -> 使用伪标签：100.00%
排除样本：2000|6000	剩余：2000, 2000
增添样本：0		细则：0, 0, 0类型1 正确率： 100.00% -> 1  100.00%, 2    0.00%, 3    0.00%
类型2 正确率： 100.00% -> 1    0.00%, 2  100.00%, 3    0.00%
类型3 正确率： 100.00% -> 1    0.00%, 2    0.00%, 3  100.00%

被排除样本 正确率：nan%


轮次:·16/·20 || c_Loss:0.385 || e_Loss:-1.004 || Aad_Loss:-23.114 || 耗时：35.58s
轮次:·17/·20 || c_Loss:0.389 || e_Loss:-0.970 || Aad_Loss:-23.425 || 耗时：13.77s
轮次:·18/·20 || c_Loss:0.387 || e_Loss:-1.010 || Aad_Loss:-23.004 || 耗时：13.86s
轮次:·19/·20 || c_Loss:0.395 || e_Loss:-0.990 || Aad_Loss:-22.807 || 耗时：13.87s
轮次:·20/·20 || c_Loss:0.392 || e_Loss:-0.970 || Aad_Loss:-22.995 || 耗时：13.81s
任务: (B3)N15_M07_F04→(B1)N15_M01_F10; mix批次:····0; 批次:·1880/·1880;  总正确率: 100.00%
类型1 正确率： 100.00% -> 1  100.00%, 2    0.00%, 3    0.00%
类型2 正确率： 100.00% -> 1    0.00%, 2  100.00%, 3    0.00%
类型3 正确率： 100.00% -> 1    0.00%, 2    0.00%, 3  100.00%


测试集任务: (B3)N15_M07_F04→(B1)N15_M01_F10; 总正确率 = 100.00%
类型1 正确率： 100.00% -> 1  100.00%, 2    0.00%, 3    0.00%
类型2 正确率： 100.00% -> 1    0.00%, 2  100.00%, 3    0.00%
类型3 正确率： 100.00% -> 1    0.00%, 2    0.00%, 3  100.00%


