读取源域路径：/kaggle/working/k10/S07/weight_PU_M1_final_checkpoint_FS07toS07_s2024/NEW_PU/Source-源域/log&pt/(B1)N15_M01_F10
excel输出位置：/kaggle/working/k10/S07/weight_PU_M1_final_checkpoint_FS07toS07_s2024/NEW_PU/Target-目标域
特征图片输出位置：/kaggle/working/k10/S07/weight_PU_M1_final_checkpoint_FS07toS07_s2024/NEW_PU/Picture-特征图/2026年09月19日05时56分/(B1)N15_M01_F10
现在选取:(B1)N15_M01_F10 进行训练的源模型
现在进行：(B1)N15_M01_F10→(B3)N15_M07_F04 的迁移任务
log&pt输出位置：/kaggle/working/k10/S07/weight_PU_M1_final_checkpoint_FS07toS07_s2024/NEW_PU/Target-目标域/log&pt/(B1)N15_M01_F10→(B3)N15_M07_F04
任务: (B1)N15_M01_F10→(B3)N15_M07_F04; 批次:····0/·1880;  总正确率: 92.13%
类型1 正确率： 100.00% -> 1  100.00%, 2    0.00%, 3    0.00%
类型2 正确率：  95.00% -> 1    0.00%, 2   95.45%, 3    4.55%
类型3 正确率：  81.00% -> 1    0.05%, 2   19.00%, 3   80.95%


样本变换：reverse
样本变换：mask
样本变换：shift
样本变换：none
未过滤	未用伪标签：92.13% -> 使用伪标签：95.85%
已过滤	未用伪标签：92.65% -> 使用伪标签：96.51%
排除样本：41|6000	剩余：2000, 1965, 1994
增添样本：41		细则：0, 35, 6	正确率估算：97.56%
类型1 正确率： 100.00% -> 1  100.00%, 2    0.00%, 3    0.00%
类型2 正确率：  94.00% -> 1    0.00%, 2   94.08%, 3    5.92%
类型3 正确率：  95.00% -> 1    0.00%, 2    4.58%, 3   95.42%

被排除样本 正确率：17.07%
类型1 正确率： 100.00% -> 1  100.00%, 2    0.00%
类型2 正确率：   0.00% -> 1  100.00%, 2    0.00%


轮次:··1/·20 || c_Loss:0.571 || e_Loss:-1.033 || Aad_Loss:-24.684 || 耗时：35.60s
轮次:··2/·20 || c_Loss:0.428 || e_Loss:-0.906 || Aad_Loss:-28.212 || 耗时：13.91s
轮次:··3/·20 || c_Loss:0.401 || e_Loss:-0.962 || Aad_Loss:-27.830 || 耗时：13.78s
轮次:··4/·20 || c_Loss:0.382 || e_Loss:-1.717 || Aad_Loss:-28.031 || 耗时：13.71s
轮次:··5/·20 || c_Loss:0.363 || e_Loss:-0.971 || Aad_Loss:-29.305 || 耗时：13.64s
任务: (B1)N15_M01_F10→(B3)N15_M07_F04; mix批次:····0; 批次:··470/·1880;  总正确率: 97.58%
类型1 正确率： 100.00% -> 1  100.00%, 2    0.00%, 3    0.00%
类型2 正确率：  94.00% -> 1    0.00%, 2   93.60%, 3    6.40%
类型3 正确率：  99.00% -> 1    0.00%, 2    0.85%, 3   99.15%


样本变换：reverse
样本变换：mask
样本变换：shift
样本变换：none
未过滤	未用伪标签：97.58% -> 使用伪标签：96.88%
已过滤	未用伪标签：97.60% -> 使用伪标签：97.00%
排除样本：7|6000	剩余：2000, 1822, 2171
增添样本：520		细则：171, 349, 0	正确率估算：100.00%
类型1 正确率： 100.00% -> 1  100.00%, 2    0.00%, 3    0.00%
类型2 正确率：  91.00% -> 1    0.00%, 2   91.17%, 3    8.83%
类型3 正确率： 100.00% -> 1    0.00%, 2    0.20%, 3   99.80%

被排除样本 正确率：85.71%
类型1 正确率： 100.00% -> 1  100.00%, 2    0.00%
类型2 正确率：   0.00% -> 1  100.00%, 2    0.00%


轮次:··6/·20 || c_Loss:0.388 || e_Loss:-0.953 || Aad_Loss:-28.876 || 耗时：36.22s
轮次:··7/·20 || c_Loss:0.406 || e_Loss:-1.520 || Aad_Loss:-29.809 || 耗时：13.88s
轮次:··8/·20 || c_Loss:0.382 || e_Loss:-1.004 || Aad_Loss:-29.790 || 耗时：13.87s
轮次:··9/·20 || c_Loss:0.384 || e_Loss:-0.999 || Aad_Loss:-30.477 || 耗时：13.80s
轮次:·10/·20 || c_Loss:0.390 || e_Loss:-0.918 || Aad_Loss:-32.690 || 耗时：13.77s
任务: (B1)N15_M01_F10→(B3)N15_M07_F04; mix批次:····0; 批次:··940/·1880;  总正确率: 96.90%
类型1 正确率： 100.00% -> 1  100.00%, 2    0.00%, 3    0.00%
类型2 正确率：  91.00% -> 1    0.00%, 2   90.85%, 3    9.15%
类型3 正确率： 100.00% -> 1    0.00%, 2    0.15%, 3   99.85%


样本变换：reverse
样本变换：mask
样本变换：shift
样本变换：none
未过滤	未用伪标签：96.90% -> 使用伪标签：96.77%
已过滤	未用伪标签：96.90% -> 使用伪标签：96.78%
排除样本：1|6000	剩余：2000, 1808, 2191
增添样本：574		细则：191, 383, 0	正确率估算：100.00%
类型1 正确率： 100.00% -> 1  100.00%, 2    0.00%, 3    0.00%
类型2 正确率：  90.00% -> 1    0.00%, 2   90.40%, 3    9.60%
类型3 正确率： 100.00% -> 1    0.00%, 2    0.05%, 3   99.95%

被排除样本 正确率：100.00%
类型1 正确率： 100.00% -> 1  100.00%


轮次:·11/·20 || c_Loss:0.392 || e_Loss:-0.986 || Aad_Loss:-29.662 || 耗时：36.06s
轮次:·12/·20 || c_Loss:0.396 || e_Loss:-0.984 || Aad_Loss:-31.475 || 耗时：13.85s
轮次:·13/·20 || c_Loss:0.388 || e_Loss:-1.004 || Aad_Loss:-31.332 || 耗时：13.90s
轮次:·14/·20 || c_Loss:0.388 || e_Loss:-1.025 || Aad_Loss:-30.854 || 耗时：13.86s
轮次:·15/·20 || c_Loss:0.391 || e_Loss:-0.979 || Aad_Loss:-30.750 || 耗时：13.77s
任务: (B1)N15_M01_F10→(B3)N15_M07_F04; mix批次:····0; 批次:·1410/·1880;  总正确率: 96.83%
类型1 正确率： 100.00% -> 1  100.00%, 2    0.00%, 3    0.00%
类型2 正确率：  91.00% -> 1    0.00%, 2   90.65%, 3    9.35%
类型3 正确率： 100.00% -> 1    0.00%, 2    0.15%, 3   99.85%


样本变换：reverse
样本变换：mask
样本变换：shift
样本变换：none
未过滤	未用伪标签：96.83% -> 使用伪标签：96.70%
已过滤	未用伪标签：96.83% -> 使用伪标签：96.72%
排除样本：1|6000	剩余：2000, 1804, 2195
增添样本：586		细则：195, 391, 0	正确率估算：100.00%
类型1 正确率： 100.00% -> 1  100.00%, 2    0.00%, 3    0.00%
类型2 正确率：  90.00% -> 1    0.00%, 2   90.20%, 3    9.80%
类型3 正确率： 100.00% -> 1    0.00%, 2    0.05%, 3   99.95%

被排除样本 正确率：100.00%
类型1 正确率： 100.00% -> 1  100.00%


轮次:·16/·20 || c_Loss:0.387 || e_Loss:-1.022 || Aad_Loss:-30.809 || 耗时：35.99s
轮次:·17/·20 || c_Loss:0.386 || e_Loss:-1.007 || Aad_Loss:-30.147 || 耗时：13.77s
轮次:·18/·20 || c_Loss:0.383 || e_Loss:-0.999 || Aad_Loss:-29.974 || 耗时：13.81s
轮次:·19/·20 || c_Loss:0.388 || e_Loss:-0.999 || Aad_Loss:-30.475 || 耗时：13.88s
轮次:·20/·20 || c_Loss:0.389 || e_Loss:-1.006 || Aad_Loss:-30.561 || 耗时：13.90s
任务: (B1)N15_M01_F10→(B3)N15_M07_F04; mix批次:····0; 批次:·1880/·1880;  总正确率: 96.70%
类型1 正确率： 100.00% -> 1  100.00%, 2    0.00%, 3    0.00%
类型2 正确率：  90.00% -> 1    0.00%, 2   90.15%, 3    9.85%
类型3 正确率： 100.00% -> 1    0.00%, 2    0.05%, 3   99.95%


测试集任务: (B1)N15_M01_F10→(B3)N15_M07_F04; 总正确率 = 96.70%
类型1 正确率： 100.00% -> 1  100.00%, 2    0.00%, 3    0.00%
类型2 正确率：  90.00% -> 1    0.00%, 2   90.15%, 3    9.85%
类型3 正确率： 100.00% -> 1    0.00%, 2    0.05%, 3   99.95%


