读取源域路径：/kaggle/working/k10/S07/weight_PU_M1_final_checkpoint_FS07toS07_s2024/NEW_PU/Source-源域/log&pt/(B2)N15_M07_F10
excel输出位置：/kaggle/working/k10/S07/weight_PU_M1_final_checkpoint_FS07toS07_s2024/NEW_PU/Target-目标域
特征图片输出位置：/kaggle/working/k10/S07/weight_PU_M1_final_checkpoint_FS07toS07_s2024/NEW_PU/Picture-特征图/2026年09月19日06时02分/(B2)N15_M07_F10
现在选取:(B2)N15_M07_F10 进行训练的源模型
现在进行：(B2)N15_M07_F10→(B1)N15_M01_F10 的迁移任务
log&pt输出位置：/kaggle/working/k10/S07/weight_PU_M1_final_checkpoint_FS07toS07_s2024/NEW_PU/Target-目标域/log&pt/(B2)N15_M07_F10→(B1)N15_M01_F10
任务: (B2)N15_M07_F10→(B1)N15_M01_F10; 批次:····0/·1880;  总正确率: 99.95%
类型1 正确率： 100.00% -> 1  100.00%, 2    0.00%, 3    0.00%
类型2 正确率： 100.00% -> 1    0.15%, 2   99.85%, 3    0.00%
类型3 正确率： 100.00% -> 1    0.00%, 2    0.00%, 3  100.00%


样本变换：reverse
样本变换：mask
样本变换：shift
样本变换：none
未过滤	未用伪标签：99.95% -> 使用伪标签：99.95%
已过滤	未用伪标签：99.97% -> 使用伪标签：99.97%
排除样本：1|6000	剩余：2002, 1997, 2000
增添样本：7		细则：0, 5, 2	正确率估算：100.00%
类型1 正确率： 100.00% -> 1  100.00%, 2    0.00%, 3    0.00%
类型2 正确率： 100.00% -> 1    0.10%, 2   99.90%, 3    0.00%
类型3 正确率： 100.00% -> 1    0.00%, 2    0.00%, 3  100.00%

被排除样本 正确率：0.00%
类型1 没有样本或未被分类。
类型2 正确率：   0.00% -> 1  100.00%, 2    0.00%


轮次:··1/·20 || c_Loss:0.580 || e_Loss:-1.047 || Aad_Loss:-23.179 || 耗时：35.46s
轮次:··2/·20 || c_Loss:0.439 || e_Loss:-1.044 || Aad_Loss:-24.237 || 耗时：14.02s
轮次:··3/·20 || c_Loss:0.431 || e_Loss:-1.007 || Aad_Loss:-24.637 || 耗时：13.91s
轮次:··4/·20 || c_Loss:0.386 || e_Loss:-1.025 || Aad_Loss:-25.691 || 耗时：13.75s
轮次:··5/·20 || c_Loss:0.386 || e_Loss:-0.955 || Aad_Loss:-26.212 || 耗时：13.71s
任务: (B2)N15_M07_F10→(B1)N15_M01_F10; mix批次:····0; 批次:··470/·1880;  总正确率: 99.98%
类型1 正确率： 100.00% -> 1   99.95%, 2    0.05%, 3    0.00%
类型2 正确率： 100.00% -> 1    0.00%, 2  100.00%, 3    0.00%
类型3 正确率： 100.00% -> 1    0.00%, 2    0.00%, 3  100.00%


样本变换：reverse
样本变换：mask
样本变换：shift
样本变换：none
未过滤	未用伪标签：99.98% -> 使用伪标签：100.00%
已过滤	未用伪标签：99.98% -> 使用伪标签：100.00%
排除样本：2000|6000	剩余：2000, 2000
增添样本：0		细则：0, 0, 0类型1 正确率： 100.00% -> 1  100.00%, 2    0.00%, 3    0.00%
类型2 正确率： 100.00% -> 1    0.00%, 2  100.00%, 3    0.00%
类型3 正确率： 100.00% -> 1    0.00%, 2    0.00%, 3  100.00%

被排除样本 正确率：nan%


轮次:··6/·20 || c_Loss:0.385 || e_Loss:-0.995 || Aad_Loss:-22.724 || 耗时：35.73s
轮次:··7/·20 || c_Loss:0.391 || e_Loss:-0.973 || Aad_Loss:-23.145 || 耗时：13.84s
轮次:··8/·20 || c_Loss:0.386 || e_Loss:-1.012 || Aad_Loss:-22.766 || 耗时：13.87s
轮次:··9/·20 || c_Loss:0.396 || e_Loss:-0.984 || Aad_Loss:-22.462 || 耗时：13.92s
轮次:·10/·20 || c_Loss:0.388 || e_Loss:-0.965 || Aad_Loss:-22.791 || 耗时：13.88s
任务: (B2)N15_M07_F10→(B1)N15_M01_F10; mix批次:····0; 批次:··940/·1880;  总正确率: 100.00%
类型1 正确率： 100.00% -> 1  100.00%, 2    0.00%, 3    0.00%
类型2 正确率： 100.00% -> 1    0.00%, 2  100.00%, 3    0.00%
类型3 正确率： 100.00% -> 1    0.00%, 2    0.00%, 3  100.00%


样本变换：reverse
样本变换：mask
样本变换：shift
样本变换：none
未过滤	未用伪标签：100.00% -> 使用伪标签：99.98%
已过滤	未用伪标签：100.00% -> 使用伪标签：100.00%
排除样本：1|6000	剩余：2000, 1999, 2000
增添样本：1		细则：0, 1, 0	正确率估算：100.00%
类型1 正确率： 100.00% -> 1  100.00%, 2    0.00%, 3    0.00%
类型2 正确率： 100.00% -> 1    0.00%, 2  100.00%, 3    0.00%
类型3 正确率： 100.00% -> 1    0.00%, 2    0.00%, 3  100.00%

被排除样本 正确率：100.00%
类型1 正确率： 100.00% -> 1  100.00%


轮次:·11/·20 || c_Loss:0.379 || e_Loss:-1.012 || Aad_Loss:-23.254 || 耗时：36.16s
轮次:·12/·20 || c_Loss:0.384 || e_Loss:-1.011 || Aad_Loss:-23.275 || 耗时：13.80s
轮次:·13/·20 || c_Loss:0.401 || e_Loss:-0.915 || Aad_Loss:-24.235 || 耗时：13.77s
轮次:·14/·20 || c_Loss:0.380 || e_Loss:-1.031 || Aad_Loss:-23.672 || 耗时：13.77s
轮次:·15/·20 || c_Loss:0.379 || e_Loss:-1.023 || Aad_Loss:-23.393 || 耗时：13.77s
任务: (B2)N15_M07_F10→(B1)N15_M01_F10; mix批次:····0; 批次:·1410/·1880;  总正确率: 100.00%
类型1 正确率： 100.00% -> 1  100.00%, 2    0.00%, 3    0.00%
类型2 正确率： 100.00% -> 1    0.00%, 2  100.00%, 3    0.00%
类型3 正确率： 100.00% -> 1    0.00%, 2    0.00%, 3  100.00%


样本变换：reverse
样本变换：mask
样本变换：shift
样本变换：none
未过滤	未用伪标签：100.00% -> 使用伪标签：100.00%
已过滤	未用伪标签：100.00% -> 使用伪标签：100.00%
排除样本：2000|6000	剩余：2000, 2000
增添样本：0		细则：0, 0, 0类型1 正确率： 100.00% -> 1  100.00%, 2    0.00%, 3    0.00%
类型2 正确率： 100.00% -> 1    0.00%, 2  100.00%, 3    0.00%
类型3 正确率： 100.00% -> 1    0.00%, 2    0.00%, 3  100.00%

被排除样本 正确率：nan%


轮次:·16/·20 || c_Loss:0.381 || e_Loss:-0.997 || Aad_Loss:-23.237 || 耗时：35.74s
轮次:·17/·20 || c_Loss:0.389 || e_Loss:-0.973 || Aad_Loss:-23.576 || 耗时：13.78s
轮次:·18/·20 || c_Loss:0.384 || e_Loss:-1.012 || Aad_Loss:-23.178 || 耗时：13.86s
轮次:·19/·20 || c_Loss:0.393 || e_Loss:-0.986 || Aad_Loss:-22.907 || 耗时：13.92s
轮次:·20/·20 || c_Loss:0.386 || e_Loss:-0.964 || Aad_Loss:-23.263 || 耗时：13.89s
任务: (B2)N15_M07_F10→(B1)N15_M01_F10; mix批次:····0; 批次:·1880/·1880;  总正确率: 100.00%
类型1 正确率： 100.00% -> 1  100.00%, 2    0.00%, 3    0.00%
类型2 正确率： 100.00% -> 1    0.00%, 2  100.00%, 3    0.00%
类型3 正确率： 100.00% -> 1    0.00%, 2    0.00%, 3  100.00%


测试集任务: (B2)N15_M07_F10→(B1)N15_M01_F10; 总正确率 = 100.00%
类型1 正确率： 100.00% -> 1  100.00%, 2    0.00%, 3    0.00%
类型2 正确率： 100.00% -> 1    0.00%, 2  100.00%, 3    0.00%
类型3 正确率： 100.00% -> 1    0.00%, 2    0.00%, 3  100.00%


