读取源域路径：/kaggle/working/k10/S07/weight_PU_M1_final_checkpoint_FS07toS07_s2024/NEW_PU/Source-源域/log&pt/(B3)N15_M07_F04
excel输出位置：/kaggle/working/k10/S07/weight_PU_M1_final_checkpoint_FS07toS07_s2024/NEW_PU/Target-目标域
特征图片输出位置：/kaggle/working/k10/S07/weight_PU_M1_final_checkpoint_FS07toS07_s2024/NEW_PU/Picture-特征图/2026年09月19日06时22分/(B3)N15_M07_F04
现在选取:(B3)N15_M07_F04 进行训练的源模型
现在进行：(B3)N15_M07_F04→(B2)N15_M07_F10 的迁移任务
log&pt输出位置：/kaggle/working/k10/S07/weight_PU_M1_final_checkpoint_FS07toS07_s2024/NEW_PU/Target-目标域/log&pt/(B3)N15_M07_F04→(B2)N15_M07_F10
任务: (B3)N15_M07_F04→(B2)N15_M07_F10; 批次:····0/·1880;  总正确率: 96.10%
类型1 正确率： 100.00% -> 1   99.90%, 2    0.10%, 3    0.00%
类型2 正确率： 100.00% -> 1    0.00%, 2   99.75%, 3    0.25%
类型3 正确率：  89.00% -> 1    0.00%, 2   11.35%, 3   88.65%


样本变换：reverse
样本变换：mask
样本变换：shift
样本变换：none
未过滤	未用伪标签：96.10% -> 使用伪标签：96.95%
已过滤	未用伪标签：96.61% -> 使用伪标签：97.65%
排除样本：43|6000	剩余：1999, 2139, 1819
增添样本：460		细则：140, 0, 320	正确率估算：97.83%
类型1 正确率： 100.00% -> 1   99.95%, 2    0.05%, 3    0.00%
类型2 正确率： 100.00% -> 1    0.00%, 2  100.00%, 3    0.00%
类型3 正确率：  93.00% -> 1    0.00%, 2    7.10%, 3   92.90%

被排除样本 正确率：25.58%
类型1 正确率：   0.00% -> 1    0.00%, 2  100.00%
类型2 正确率：  26.00% -> 1   73.81%, 2   26.19%


轮次:··1/·20 || c_Loss:0.523 || e_Loss:-1.035 || Aad_Loss:-28.523 || 耗时：36.00s
轮次:··2/·20 || c_Loss:0.444 || e_Loss:-1.651 || Aad_Loss:-28.211 || 耗时：13.94s
轮次:··3/·20 || c_Loss:0.423 || e_Loss:-0.850 || Aad_Loss:-30.609 || 耗时：13.78s
轮次:··4/·20 || c_Loss:0.366 || e_Loss:-1.717 || Aad_Loss:-30.238 || 耗时：13.71s
轮次:··5/·20 || c_Loss:0.390 || e_Loss:-0.946 || Aad_Loss:-28.257 || 耗时：13.79s
任务: (B3)N15_M07_F04→(B2)N15_M07_F10; mix批次:····0; 批次:··470/·1880;  总正确率: 99.30%
类型1 正确率： 100.00% -> 1   99.90%, 2    0.10%, 3    0.00%
类型2 正确率： 100.00% -> 1    0.00%, 2  100.00%, 3    0.00%
类型3 正确率：  98.00% -> 1    0.00%, 2    2.00%, 3   98.00%


样本变换：reverse
样本变换：mask
样本变换：shift
样本变换：none
未过滤	未用伪标签：99.30% -> 使用伪标签：99.95%
已过滤	未用伪标签：99.35% -> 使用伪标签：100.00%
排除样本：3|6000	剩余：2000, 2000, 1997
增添样本：3		细则：0, 0, 3	正确率估算：100.00%
类型1 正确率： 100.00% -> 1  100.00%, 2    0.00%, 3    0.00%
类型2 正确率： 100.00% -> 1    0.00%, 2  100.00%, 3    0.00%
类型3 正确率： 100.00% -> 1    0.00%, 2    0.00%, 3  100.00%

被排除样本 正确率：0.00%
类型1 没有样本或未被分类。
类型2 正确率：   0.00% -> 1  100.00%, 2    0.00%


轮次:··6/·20 || c_Loss:0.390 || e_Loss:-0.973 || Aad_Loss:-23.893 || 耗时：35.81s
轮次:··7/·20 || c_Loss:0.379 || e_Loss:-0.950 || Aad_Loss:-25.598 || 耗时：13.88s
轮次:··8/·20 || c_Loss:0.384 || e_Loss:-0.914 || Aad_Loss:-25.183 || 耗时：13.94s
轮次:··9/·20 || c_Loss:0.381 || e_Loss:-1.014 || Aad_Loss:-23.994 || 耗时：13.87s
轮次:·10/·20 || c_Loss:0.446 || e_Loss:-0.904 || Aad_Loss:-25.278 || 耗时：13.87s
任务: (B3)N15_M07_F04→(B2)N15_M07_F10; mix批次:····0; 批次:··940/·1880;  总正确率: 100.00%
类型1 正确率： 100.00% -> 1  100.00%, 2    0.00%, 3    0.00%
类型2 正确率： 100.00% -> 1    0.00%, 2  100.00%, 3    0.00%
类型3 正确率： 100.00% -> 1    0.00%, 2    0.00%, 3  100.00%


样本变换：reverse
样本变换：mask
样本变换：shift
样本变换：none
未过滤	未用伪标签：100.00% -> 使用伪标签：100.00%
已过滤	未用伪标签：100.00% -> 使用伪标签：100.00%
排除样本：2000|6000	剩余：2000, 2000
增添样本：0		细则：0, 0, 0类型1 正确率： 100.00% -> 1  100.00%, 2    0.00%, 3    0.00%
类型2 正确率： 100.00% -> 1    0.00%, 2  100.00%, 3    0.00%
类型3 正确率： 100.00% -> 1    0.00%, 2    0.00%, 3  100.00%

被排除样本 正确率：nan%


轮次:·11/·20 || c_Loss:0.384 || e_Loss:-1.004 || Aad_Loss:-23.028 || 耗时：36.21s
轮次:·12/·20 || c_Loss:0.382 || e_Loss:-0.982 || Aad_Loss:-23.623 || 耗时：13.78s
轮次:·13/·20 || c_Loss:0.386 || e_Loss:-1.012 || Aad_Loss:-22.874 || 耗时：13.82s
轮次:·14/·20 || c_Loss:0.380 || e_Loss:-0.982 || Aad_Loss:-22.843 || 耗时：13.82s
轮次:·15/·20 || c_Loss:0.385 || e_Loss:-0.990 || Aad_Loss:-23.514 || 耗时：13.86s
任务: (B3)N15_M07_F04→(B2)N15_M07_F10; mix批次:····0; 批次:·1410/·1880;  总正确率: 100.00%
类型1 正确率： 100.00% -> 1  100.00%, 2    0.00%, 3    0.00%
类型2 正确率： 100.00% -> 1    0.00%, 2  100.00%, 3    0.00%
类型3 正确率： 100.00% -> 1    0.00%, 2    0.00%, 3  100.00%


样本变换：reverse
样本变换：mask
样本变换：shift
样本变换：none
未过滤	未用伪标签：100.00% -> 使用伪标签：100.00%
已过滤	未用伪标签：100.00% -> 使用伪标签：100.00%
排除样本：2000|6000	剩余：2000, 2000
增添样本：0		细则：0, 0, 0类型1 正确率： 100.00% -> 1  100.00%, 2    0.00%, 3    0.00%
类型2 正确率： 100.00% -> 1    0.00%, 2  100.00%, 3    0.00%
类型3 正确率： 100.00% -> 1    0.00%, 2    0.00%, 3  100.00%

被排除样本 正确率：nan%


轮次:·16/·20 || c_Loss:0.383 || e_Loss:-1.006 || Aad_Loss:-23.200 || 耗时：36.16s
轮次:·17/·20 || c_Loss:0.382 || e_Loss:-0.983 || Aad_Loss:-23.754 || 耗时：13.81s
轮次:·18/·20 || c_Loss:0.384 || e_Loss:-1.012 || Aad_Loss:-23.053 || 耗时：13.85s
轮次:·19/·20 || c_Loss:0.379 || e_Loss:-0.983 || Aad_Loss:-23.012 || 耗时：13.85s
轮次:·20/·20 || c_Loss:0.384 || e_Loss:-0.988 || Aad_Loss:-23.685 || 耗时：13.88s
任务: (B3)N15_M07_F04→(B2)N15_M07_F10; mix批次:····0; 批次:·1880/·1880;  总正确率: 100.00%
类型1 正确率： 100.00% -> 1  100.00%, 2    0.00%, 3    0.00%
类型2 正确率： 100.00% -> 1    0.00%, 2  100.00%, 3    0.00%
类型3 正确率： 100.00% -> 1    0.00%, 2    0.00%, 3  100.00%


测试集任务: (B3)N15_M07_F04→(B2)N15_M07_F10; 总正确率 = 100.00%
类型1 正确率： 100.00% -> 1  100.00%, 2    0.00%, 3    0.00%
类型2 正确率： 100.00% -> 1    0.00%, 2  100.00%, 3    0.00%
类型3 正确率： 100.00% -> 1    0.00%, 2    0.00%, 3  100.00%


