

现在开始拿源域训练集：(B1)N15_M01_F10 进行训练
源域读取路径：/kaggle/working/k10/S07/sdalr_PU_final_checkpoint/DATA_foldS07/PU_M1_L3/N15_M01_F10_label.txt
excel输出位置：/kaggle/working/k10/S07/weight_src_PU_M1_FS07_s2024/NEW_PU/Source-源域
log&pt输出位置：/kaggle/working/k10/S07/weight_src_PU_M1_FS07_s2024/NEW_PU/Source-源域/log&pt/(B1)N15_M01_F10
特征图片输出位置：/kaggle/working/k10/S07/weight_src_PU_M1_FS07_s2024/NEW_PU/Picture-特征图/2026年09月19日05时44分/(B1)N15_M01_F10
源域训练开始
轮次:··1/·10 || loss:0.010 || 耗时：9.74s
轮次:··2/·10 || loss:0.005 || 耗时：9.28s
轮次:··3/·10 || loss:0.004 || 耗时：9.41s
轮次:··4/·10 || loss:0.016 || 耗时：9.49s
轮次:··5/·10 || loss:0.001 || 耗时：9.48s
任务: (B1)N15_M01_F10; mix批次:····0; 批次:··330/··660; 总正确率 = 100.00%
类型1 正确率： 100.00% -> 1  100.00%, 2    0.00%, 3    0.00%
类型2 正确率： 100.00% -> 1    0.00%, 2  100.00%, 3    0.00%
类型3 正确率： 100.00% -> 1    0.00%, 2    0.00%, 3  100.00%


轮次:··6/·10 || loss:0.005 || 耗时：9.49s
轮次:··7/·10 || loss:0.009 || 耗时：9.49s
轮次:··8/·10 || loss:0.003 || 耗时：9.51s
轮次:··9/·10 || loss:0.001 || 耗时：9.50s
轮次:·10/·10 || loss:0.000 || 耗时：9.51s
任务: (B1)N15_M01_F10; mix批次:····0; 批次:··660/··660; 总正确率 = 100.00%
类型1 正确率： 100.00% -> 1  100.00%, 2    0.00%, 3    0.00%
类型2 正确率： 100.00% -> 1    0.00%, 2  100.00%, 3    0.00%
类型3 正确率： 100.00% -> 1    0.00%, 2    0.00%, 3  100.00%


测试集任务: (B1)N15_M01_F10; 总正确率 = 100.00%
类型1 正确率： 100.00% -> 1  100.00%, 2    0.00%, 3    0.00%
类型2 正确率： 100.00% -> 1    0.00%, 2  100.00%, 3    0.00%
类型3 正确率： 100.00% -> 1    0.00%, 2    0.00%, 3  100.00%


源域训练结束

训练好之后，测试目标域
目标域路径：/kaggle/working/k10/S07/sdalr_PU_final_checkpoint/DATA_foldS07/PU_M1_L3/N15_M07_F10_label.txt
测试目标数据集结果如下：
任务: (B1)N15_M01_F10→(B2)N15_M07_F10, 正确率 = 99.19%
类型1 正确率： 100.00% -> 1  100.00%, 2    0.00%, 3    0.00%
类型2 正确率： 100.00% -> 1    0.00%, 2  100.00%, 3    0.00%
类型3 正确率：  98.00% -> 1    0.00%, 2    2.43%, 3   97.57%

目标域路径：/kaggle/working/k10/S07/sdalr_PU_final_checkpoint/DATA_foldS07/PU_M1_L3/N15_M07_F04_label.txt
测试目标数据集结果如下：
任务: (B1)N15_M01_F10→(B3)N15_M07_F04, 正确率 = 92.17%
类型1 正确率： 100.00% -> 1  100.00%, 2    0.00%, 3    0.00%
类型2 正确率：  95.00% -> 1    0.00%, 2   95.32%, 3    4.68%
类型3 正确率：  81.00% -> 1    0.00%, 2   18.80%, 3   81.20%



现在开始拿源域训练集：(B2)N15_M07_F10 进行训练
源域读取路径：/kaggle/working/k10/S07/sdalr_PU_final_checkpoint/DATA_foldS07/PU_M1_L3/N15_M07_F10_label.txt
excel输出位置：/kaggle/working/k10/S07/weight_src_PU_M1_FS07_s2024/NEW_PU/Source-源域
log&pt输出位置：/kaggle/working/k10/S07/weight_src_PU_M1_FS07_s2024/NEW_PU/Source-源域/log&pt/(B2)N15_M07_F10
特征图片输出位置：/kaggle/working/k10/S07/weight_src_PU_M1_FS07_s2024/NEW_PU/Picture-特征图/2026年09月19日05时44分/(B2)N15_M07_F10
源域训练开始
轮次:··1/·10 || loss:0.015 || 耗时：9.48s
轮次:··2/·10 || loss:0.004 || 耗时：9.50s
轮次:··3/·10 || loss:0.003 || 耗时：9.53s
轮次:··4/·10 || loss:0.005 || 耗时：9.58s
轮次:··5/·10 || loss:0.002 || 耗时：9.59s
任务: (B2)N15_M07_F10; mix批次:····0; 批次:··330/··660; 总正确率 = 100.00%
类型1 正确率： 100.00% -> 1  100.00%, 2    0.00%, 3    0.00%
类型2 正确率： 100.00% -> 1    0.00%, 2  100.00%, 3    0.00%
类型3 正确率： 100.00% -> 1    0.00%, 2    0.00%, 3  100.00%


轮次:··6/·10 || loss:0.001 || 耗时：9.56s
轮次:··7/·10 || loss:0.001 || 耗时：9.55s
轮次:··8/·10 || loss:0.001 || 耗时：9.53s
轮次:··9/·10 || loss:0.010 || 耗时：9.56s
轮次:·10/·10 || loss:0.001 || 耗时：9.54s
任务: (B2)N15_M07_F10; mix批次:····0; 批次:··660/··660; 总正确率 = 100.00%
类型1 正确率： 100.00% -> 1  100.00%, 2    0.00%, 3    0.00%
类型2 正确率： 100.00% -> 1    0.00%, 2  100.00%, 3    0.00%
类型3 正确率： 100.00% -> 1    0.00%, 2    0.00%, 3  100.00%


测试集任务: (B2)N15_M07_F10; 总正确率 = 100.00%
类型1 正确率： 100.00% -> 1  100.00%, 2    0.00%, 3    0.00%
类型2 正确率： 100.00% -> 1    0.00%, 2  100.00%, 3    0.00%
类型3 正确率： 100.00% -> 1    0.00%, 2    0.00%, 3  100.00%


源域训练结束

训练好之后，测试目标域
目标域路径：/kaggle/working/k10/S07/sdalr_PU_final_checkpoint/DATA_foldS07/PU_M1_L3/N15_M01_F10_label.txt
测试目标数据集结果如下：
任务: (B2)N15_M07_F10→(B1)N15_M01_F10, 正确率 = 99.92%
类型1 正确率： 100.00% -> 1  100.00%, 2    0.00%, 3    0.00%
类型2 正确率： 100.00% -> 1    0.25%, 2   99.75%, 3    0.00%
类型3 正确率： 100.00% -> 1    0.00%, 2    0.00%, 3  100.00%

目标域路径：/kaggle/working/k10/S07/sdalr_PU_final_checkpoint/DATA_foldS07/PU_M1_L3/N15_M07_F04_label.txt
测试目标数据集结果如下：
任务: (B2)N15_M07_F10→(B3)N15_M07_F04, 正确率 = 94.81%
类型1 正确率： 100.00% -> 1  100.00%, 2    0.00%, 3    0.00%
类型2 正确率：  99.00% -> 1    0.00%, 2   99.05%, 3    0.95%
类型3 正确率：  85.00% -> 1    0.00%, 2   14.63%, 3   85.37%



现在开始拿源域训练集：(B3)N15_M07_F04 进行训练
源域读取路径：/kaggle/working/k10/S07/sdalr_PU_final_checkpoint/DATA_foldS07/PU_M1_L3/N15_M07_F04_label.txt
excel输出位置：/kaggle/working/k10/S07/weight_src_PU_M1_FS07_s2024/NEW_PU/Source-源域
log&pt输出位置：/kaggle/working/k10/S07/weight_src_PU_M1_FS07_s2024/NEW_PU/Source-源域/log&pt/(B3)N15_M07_F04
特征图片输出位置：/kaggle/working/k10/S07/weight_src_PU_M1_FS07_s2024/NEW_PU/Picture-特征图/2026年09月19日05时44分/(B3)N15_M07_F04
源域训练开始
轮次:··1/·10 || loss:0.009 || 耗时：9.43s
轮次:··2/·10 || loss:0.008 || 耗时：9.53s
轮次:··3/·10 || loss:0.007 || 耗时：9.55s
轮次:··4/·10 || loss:0.006 || 耗时：9.56s
轮次:··5/·10 || loss:0.001 || 耗时：9.56s
任务: (B3)N15_M07_F04; mix批次:····0; 批次:··330/··660; 总正确率 = 100.00%
类型1 正确率： 100.00% -> 1  100.00%, 2    0.00%, 3    0.00%
类型2 正确率： 100.00% -> 1    0.00%, 2  100.00%, 3    0.00%
类型3 正确率： 100.00% -> 1    0.00%, 2    0.00%, 3  100.00%


轮次:··6/·10 || loss:0.001 || 耗时：9.54s
轮次:··7/·10 || loss:0.000 || 耗时：9.56s
轮次:··8/·10 || loss:0.009 || 耗时：9.54s
轮次:··9/·10 || loss:0.008 || 耗时：9.51s
轮次:·10/·10 || loss:0.001 || 耗时：9.49s
任务: (B3)N15_M07_F04; mix批次:····0; 批次:··660/··660; 总正确率 = 100.00%
类型1 正确率： 100.00% -> 1  100.00%, 2    0.00%, 3    0.00%
类型2 正确率： 100.00% -> 1    0.00%, 2  100.00%, 3    0.00%
类型3 正确率： 100.00% -> 1    0.00%, 2    0.00%, 3  100.00%


测试集任务: (B3)N15_M07_F04; 总正确率 = 100.00%
类型1 正确率： 100.00% -> 1  100.00%, 2    0.00%, 3    0.00%
类型2 正确率： 100.00% -> 1    0.00%, 2  100.00%, 3    0.00%
类型3 正确率： 100.00% -> 1    0.00%, 2    0.00%, 3  100.00%


源域训练结束

训练好之后，测试目标域
目标域路径：/kaggle/working/k10/S07/sdalr_PU_final_checkpoint/DATA_foldS07/PU_M1_L3/N15_M01_F10_label.txt
测试目标数据集结果如下：
任务: (B3)N15_M07_F04→(B1)N15_M01_F10, 正确率 = 94.52%
类型1 正确率： 100.00% -> 1  100.00%, 2    0.00%, 3    0.00%
类型2 正确率：  99.00% -> 1    0.00%, 2   99.21%, 3    0.79%
类型3 正确率：  84.00% -> 1    0.00%, 2   15.64%, 3   84.36%

目标域路径：/kaggle/working/k10/S07/sdalr_PU_final_checkpoint/DATA_foldS07/PU_M1_L3/N15_M07_F10_label.txt
测试目标数据集结果如下：
任务: (B3)N15_M07_F04→(B2)N15_M07_F10, 正确率 = 96.28%
类型1 正确率： 100.00% -> 1  100.00%, 2    0.00%, 3    0.00%
类型2 正确率：  99.00% -> 1    0.00%, 2   99.49%, 3    0.51%
类型3 正确率：  89.00% -> 1    0.00%, 2   10.65%, 3   89.35%

