读取源域路径：/kaggle/working/k10/S04/weight_PU_M1_final_checkpoint_FS04toS04c_gateoracle_s2024/NEW_PU/Source-源域/log&pt/(B2)N15_M07_F10
excel输出位置：/kaggle/working/k10/S04/weight_PU_M1_final_checkpoint_FS04toS04c_gateoracle_s2024/NEW_PU/Target-目标域
特征图片输出位置：/kaggle/working/k10/S04/weight_PU_M1_final_checkpoint_FS04toS04c_gateoracle_s2024/NEW_PU/Picture-特征图/2026年09月16日23时29分/(B2)N15_M07_F10
现在选取:(B2)N15_M07_F10 进行训练的源模型
现在进行：(B2)N15_M07_F10→(B3)N15_M07_F04 的迁移任务
log&pt输出位置：/kaggle/working/k10/S04/weight_PU_M1_final_checkpoint_FS04toS04c_gateoracle_s2024/NEW_PU/Target-目标域/log&pt/(B2)N15_M07_F10→(B3)N15_M07_F04
任务: (B2)N15_M07_F10→(B3)N15_M07_F04; 批次:····0/·1880;  总正确率: 81.50%
类型1 正确率：  99.00% -> 1   98.65%, 2    1.35%, 3    0.00%
类型2 正确率：  53.00% -> 1    0.00%, 2   52.75%, 3   47.25%
类型3 正确率：  93.00% -> 1    0.00%, 2    6.90%, 3   93.10%


样本变换：reverse
样本变换：mask
样本变换：shift
样本变换：none
未过滤	未用伪标签：81.50% -> 使用伪标签：77.15%
已过滤	未用伪标签：81.79% -> 使用伪标签：80.07%
排除样本：219|6000	剩余：2000, 1686, 2095
增添样本：1371		细则：0, 764, 607	正确率估算：90.59%
类型1 正确率： 100.00% -> 1  100.00%, 2    0.00%, 3    0.00%
类型2 正确率：  64.00% -> 1    0.00%, 2   63.78%, 3   36.22%
类型3 正确率：  76.00% -> 1    0.00%, 2   24.42%, 3   75.58%

被排除样本 正确率：73.97%
类型1 正确率：  11.00% -> 1   11.29%, 2   88.71%
类型2 正确率：  99.00% -> 1    1.27%, 2   98.73%


轮次:··1/·20 || c_Loss:0.548 || e_Loss:-1.621 || Aad_Loss:-20.578 || 耗时：35.01s
轮次:··2/·20 || c_Loss:0.347 || e_Loss:-1.585 || Aad_Loss:-23.039 || 耗时：13.30s
轮次:··3/·20 || c_Loss:0.353 || e_Loss:-1.443 || Aad_Loss:-25.232 || 耗时：13.23s
轮次:··4/·20 || c_Loss:0.343 || e_Loss:-1.623 || Aad_Loss:-23.955 || 耗时：13.23s
轮次:··5/·20 || c_Loss:0.319 || e_Loss:-1.633 || Aad_Loss:-26.426 || 耗时：13.23s
任务: (B2)N15_M07_F10→(B3)N15_M07_F04; mix批次:····0; 批次:··470/·1880;  总正确率: 91.15%
类型1 正确率： 100.00% -> 1  100.00%, 2    0.00%, 3    0.00%
类型2 正确率：  80.00% -> 1    0.00%, 2   80.45%, 3   19.55%
类型3 正确率：  93.00% -> 1    0.00%, 2    7.00%, 3   93.00%


样本变换：reverse
样本变换：mask
样本变换：shift
样本变换：none
未过滤	未用伪标签：91.15% -> 使用伪标签：90.22%
已过滤	未用伪标签：91.49% -> 使用伪标签：91.42%
排除样本：79|6000	剩余：2000, 1490, 2431
增添样本：587		细则：0, 533, 54	正确率估算：98.81%
类型1 正确率： 100.00% -> 1  100.00%, 2    0.00%, 3    0.00%
类型2 正确率：  75.00% -> 1    0.00%, 2   75.15%, 3   24.85%
类型3 正确率：  99.00% -> 1    0.00%, 2    1.17%, 3   98.83%

被排除样本 正确率：65.82%
类型1 正确率：  90.00% -> 1   89.58%, 2   10.42%
类型2 正确率：  29.00% -> 1   70.97%, 2   29.03%


轮次:··6/·20 || c_Loss:0.334 || e_Loss:-1.699 || Aad_Loss:-27.181 || 耗时：34.59s
轮次:··7/·20 || c_Loss:0.335 || e_Loss:-1.724 || Aad_Loss:-25.480 || 耗时：13.33s
轮次:··8/·20 || c_Loss:0.353 || e_Loss:-1.712 || Aad_Loss:-28.090 || 耗时：13.33s
轮次:··9/·20 || c_Loss:0.322 || e_Loss:-1.645 || Aad_Loss:-27.186 || 耗时：13.35s
轮次:·10/·20 || c_Loss:0.333 || e_Loss:-1.651 || Aad_Loss:-28.617 || 耗时：13.34s
任务: (B2)N15_M07_F10→(B3)N15_M07_F04; mix批次:····0; 批次:··940/·1880;  总正确率: 97.00%
类型1 正确率： 100.00% -> 1  100.00%, 2    0.00%, 3    0.00%
类型2 正确率：  91.00% -> 1    0.00%, 2   91.10%, 3    8.90%
类型3 正确率： 100.00% -> 1    0.00%, 2    0.10%, 3   99.90%


样本变换：reverse
样本变换：mask
样本变换：shift
样本变换：none
未过滤	未用伪标签：97.00% -> 使用伪标签：97.02%
已过滤	未用伪标签：97.41% -> 使用伪标签：97.75%
排除样本：45|6000	剩余：2000, 1833, 2122
增添样本：179		细则：0, 168, 11	正确率估算：97.77%
类型1 正确率： 100.00% -> 1  100.00%, 2    0.00%, 3    0.00%
类型2 正确率：  93.00% -> 1    0.00%, 2   93.23%, 3    6.77%
类型3 正确率： 100.00% -> 1    0.00%, 2    0.05%, 3   99.95%

被排除样本 正确率：42.22%
类型1 正确率：  26.00% -> 1   25.71%, 2   74.29%
类型2 正确率： 100.00% -> 1    0.00%, 2  100.00%


轮次:·11/·20 || c_Loss:0.358 || e_Loss:-1.785 || Aad_Loss:-26.269 || 耗时：34.33s
轮次:·12/·20 || c_Loss:0.374 || e_Loss:-1.531 || Aad_Loss:-31.388 || 耗时：13.28s
轮次:·13/·20 || c_Loss:0.332 || e_Loss:-1.688 || Aad_Loss:-29.391 || 耗时：13.31s
轮次:·14/·20 || c_Loss:0.359 || e_Loss:-1.607 || Aad_Loss:-27.920 || 耗时：13.30s
轮次:·15/·20 || c_Loss:0.342 || e_Loss:-1.825 || Aad_Loss:-28.485 || 耗时：13.31s
任务: (B2)N15_M07_F10→(B3)N15_M07_F04; mix批次:····0; 批次:·1410/·1880;  总正确率: 99.32%
类型1 正确率： 100.00% -> 1  100.00%, 2    0.00%, 3    0.00%
类型2 正确率：  98.00% -> 1    0.00%, 2   98.00%, 3    2.00%
类型3 正确率： 100.00% -> 1    0.00%, 2    0.05%, 3   99.95%


样本变换：reverse
样本变换：mask
样本变换：shift
样本变换：none
未过滤	未用伪标签：99.32% -> 使用伪标签：99.48%
已过滤	未用伪标签：99.46% -> 使用伪标签：99.80%
排除样本：19|6000	剩余：2000, 1981, 2000
增添样本：31		细则：0, 20, 11	正确率估算：100.00%
类型1 正确率： 100.00% -> 1  100.00%, 2    0.00%, 3    0.00%
类型2 正确率：  99.00% -> 1    0.00%, 2   99.45%, 3    0.55%
类型3 正确率： 100.00% -> 1    0.00%, 2    0.05%, 3   99.95%

被排除样本 正确率：52.63%
类型1 正确率：   0.00% -> 1    0.00%, 2  100.00%
类型2 正确率： 100.00% -> 1    0.00%, 2  100.00%


轮次:·16/·20 || c_Loss:0.341 || e_Loss:-0.957 || Aad_Loss:-30.238 || 耗时：34.34s
轮次:·17/·20 || c_Loss:0.370 || e_Loss:-0.939 || Aad_Loss:-29.203 || 耗时：13.25s
轮次:·18/·20 || c_Loss:0.361 || e_Loss:-0.958 || Aad_Loss:-30.660 || 耗时：13.24s
轮次:·19/·20 || c_Loss:0.373 || e_Loss:-1.057 || Aad_Loss:-29.212 || 耗时：13.25s
轮次:·20/·20 || c_Loss:0.371 || e_Loss:-1.681 || Aad_Loss:-29.581 || 耗时：13.27s
任务: (B2)N15_M07_F10→(B3)N15_M07_F04; mix批次:····0; 批次:·1880/·1880;  总正确率: 99.83%
类型1 正确率： 100.00% -> 1  100.00%, 2    0.00%, 3    0.00%
类型2 正确率： 100.00% -> 1    0.00%, 2   99.55%, 3    0.45%
类型3 正确率： 100.00% -> 1    0.00%, 2    0.05%, 3   99.95%


测试集任务: (B2)N15_M07_F10→(B3)N15_M07_F04; 总正确率 = 99.83%
类型1 正确率： 100.00% -> 1  100.00%, 2    0.00%, 3    0.00%
类型2 正确率： 100.00% -> 1    0.00%, 2   99.55%, 3    0.45%
类型3 正确率： 100.00% -> 1    0.00%, 2    0.05%, 3   99.95%


