读取源域路径：/kaggle/working/k10/S04/weight_PU_M1_final_checkpoint_FS04toS04c_gateoracle_s2024/NEW_PU/Source-源域/log&pt/(B1)N15_M01_F10
excel输出位置：/kaggle/working/k10/S04/weight_PU_M1_final_checkpoint_FS04toS04c_gateoracle_s2024/NEW_PU/Target-目标域
特征图片输出位置：/kaggle/working/k10/S04/weight_PU_M1_final_checkpoint_FS04toS04c_gateoracle_s2024/NEW_PU/Picture-特征图/2026年09月16日23时11分/(B1)N15_M01_F10
现在选取:(B1)N15_M01_F10 进行训练的源模型
现在进行：(B1)N15_M01_F10→(B2)N15_M07_F10 的迁移任务
log&pt输出位置：/kaggle/working/k10/S04/weight_PU_M1_final_checkpoint_FS04toS04c_gateoracle_s2024/NEW_PU/Target-目标域/log&pt/(B1)N15_M01_F10→(B2)N15_M07_F10
任务: (B1)N15_M01_F10→(B2)N15_M07_F10; 批次:····0/·1880;  总正确率: 90.00%
类型1 正确率：  97.00% -> 1   97.10%, 2    2.85%, 3    0.05%
类型2 正确率：  82.00% -> 1    0.00%, 2   82.00%, 3   18.00%
类型3 正确率：  91.00% -> 1    0.00%, 2    9.10%, 3   90.90%


样本变换：reverse
样本变换：mask
样本变换：shift
样本变换：none
未过滤	未用伪标签：90.00% -> 使用伪标签：82.20%
已过滤	未用伪标签：90.19% -> 使用伪标签：87.34%
排除样本：353|6000	剩余：1995, 2612, 1040
增添样本：1053		细则：0, 68, 985	正确率估算：98.77%
类型1 正确率： 100.00% -> 1   99.90%, 2    0.05%, 3    0.05%
类型2 正确率：  99.00% -> 1    0.00%, 2   98.52%, 3    1.48%
类型3 正确率：  60.00% -> 1    0.00%, 2   40.38%, 3   59.62%

被排除样本 正确率：86.97%
类型1 正确率：   0.00% -> 1    0.00%, 2  100.00%, 3    0.00%
类型2 正确率：   2.00% -> 1    0.00%, 2    2.27%, 3   97.73%
类型3 正确率： 100.00% -> 1    0.00%, 2    0.00%, 3  100.00%


轮次:··1/·20 || c_Loss:0.460 || e_Loss:-1.925 || Aad_Loss:-23.565 || 耗时：36.22s
轮次:··2/·20 || c_Loss:0.383 || e_Loss:-1.914 || Aad_Loss:-25.549 || 耗时：13.46s
轮次:··3/·20 || c_Loss:0.351 || e_Loss:-1.885 || Aad_Loss:-26.811 || 耗时：13.24s
轮次:··4/·20 || c_Loss:0.380 || e_Loss:-1.816 || Aad_Loss:-24.076 || 耗时：13.14s
轮次:··5/·20 || c_Loss:0.359 || e_Loss:-1.952 || Aad_Loss:-25.166 || 耗时：13.24s
任务: (B1)N15_M01_F10→(B2)N15_M07_F10; mix批次:····0; 批次:··470/·1880;  总正确率: 89.92%
类型1 正确率： 100.00% -> 1  100.00%, 2    0.00%, 3    0.00%
类型2 正确率： 100.00% -> 1    0.00%, 2   99.85%, 3    0.15%
类型3 正确率：  70.00% -> 1    2.25%, 2   27.85%, 3   69.90%


样本变换：reverse
样本变换：mask
样本变换：shift
样本变换：none
未过滤	未用伪标签：89.92% -> 使用伪标签：83.32%
已过滤	未用伪标签：89.92% -> 使用伪标签：83.32%
排除样本：2000|6000	剩余：2999, 1001
增添样本：1001		细则：0, 1, 1000	正确率估算：100.00%
类型1 正确率： 100.00% -> 1  100.00%, 2    0.00%, 3    0.00%
类型2 正确率： 100.00% -> 1    0.00%, 2   99.95%, 3    0.05%
类型3 正确率：  50.00% -> 1    0.00%, 2   50.00%, 3   50.00%

被排除样本 正确率：nan%


轮次:··6/·20 || c_Loss:0.341 || e_Loss:-1.835 || Aad_Loss:-28.161 || 耗时：35.10s
轮次:··7/·20 || c_Loss:0.408 || e_Loss:-1.737 || Aad_Loss:-24.733 || 耗时：13.32s
轮次:··8/·20 || c_Loss:0.351 || e_Loss:-1.946 || Aad_Loss:-28.038 || 耗时：13.25s
轮次:··9/·20 || c_Loss:0.372 || e_Loss:-1.906 || Aad_Loss:-25.367 || 耗时：13.25s
轮次:·10/·20 || c_Loss:0.351 || e_Loss:-1.899 || Aad_Loss:-26.997 || 耗时：13.26s
任务: (B1)N15_M01_F10→(B2)N15_M07_F10; mix批次:····0; 批次:··940/·1880;  总正确率: 87.57%
类型1 正确率： 100.00% -> 1  100.00%, 2    0.00%, 3    0.00%
类型2 正确率： 100.00% -> 1    0.00%, 2  100.00%, 3    0.00%
类型3 正确率：  63.00% -> 1    7.85%, 2   29.45%, 3   62.70%


样本变换：reverse
样本变换：mask
样本变换：shift
样本变换：none
未过滤	未用伪标签：87.57% -> 使用伪标签：83.33%
已过滤	未用伪标签：87.57% -> 使用伪标签：83.33%
排除样本：2000|6000	剩余：3000, 1000
增添样本：1000		细则：0, 0, 1000	正确率估算：100.00%
类型1 正确率： 100.00% -> 1  100.00%, 2    0.00%, 3    0.00%
类型2 正确率： 100.00% -> 1    0.00%, 2  100.00%, 3    0.00%
类型3 正确率：  50.00% -> 1    0.00%, 2   50.00%, 3   50.00%

被排除样本 正确率：nan%


轮次:·11/·20 || c_Loss:0.351 || e_Loss:-1.742 || Aad_Loss:-28.486 || 耗时：34.82s
轮次:·12/·20 || c_Loss:0.360 || e_Loss:-1.876 || Aad_Loss:-28.360 || 耗时：13.30s
轮次:·13/·20 || c_Loss:0.352 || e_Loss:-1.937 || Aad_Loss:-26.705 || 耗时：13.29s
轮次:·14/·20 || c_Loss:0.336 || e_Loss:-1.889 || Aad_Loss:-29.060 || 耗时：13.26s
轮次:·15/·20 || c_Loss:0.347 || e_Loss:-1.987 || Aad_Loss:-26.477 || 耗时：13.28s
任务: (B1)N15_M01_F10→(B2)N15_M07_F10; mix批次:····0; 批次:·1410/·1880;  总正确率: 90.00%
类型1 正确率： 100.00% -> 1  100.00%, 2    0.00%, 3    0.00%
类型2 正确率： 100.00% -> 1    0.00%, 2   99.95%, 3    0.05%
类型3 正确率：  70.00% -> 1    3.20%, 2   26.75%, 3   70.05%


样本变换：reverse
样本变换：mask
样本变换：shift
样本变换：none
未过滤	未用伪标签：90.00% -> 使用伪标签：83.32%
已过滤	未用伪标签：90.00% -> 使用伪标签：83.32%
排除样本：2000|6000	剩余：2999, 1001
增添样本：1001		细则：0, 1, 1000	正确率估算：100.00%
类型1 正确率： 100.00% -> 1  100.00%, 2    0.00%, 3    0.00%
类型2 正确率： 100.00% -> 1    0.00%, 2   99.95%, 3    0.05%
类型3 正确率：  50.00% -> 1    0.00%, 2   50.00%, 3   50.00%

被排除样本 正确率：nan%


轮次:·16/·20 || c_Loss:0.342 || e_Loss:-1.860 || Aad_Loss:-28.699 || 耗时：34.76s
轮次:·17/·20 || c_Loss:0.399 || e_Loss:-1.761 || Aad_Loss:-25.306 || 耗时：13.26s
轮次:·18/·20 || c_Loss:0.350 || e_Loss:-1.956 || Aad_Loss:-28.355 || 耗时：13.27s
轮次:·19/·20 || c_Loss:0.370 || e_Loss:-1.918 || Aad_Loss:-25.710 || 耗时：13.27s
轮次:·20/·20 || c_Loss:0.350 || e_Loss:-1.905 || Aad_Loss:-27.324 || 耗时：13.25s
任务: (B1)N15_M01_F10→(B2)N15_M07_F10; mix批次:····0; 批次:·1880/·1880;  总正确率: 87.33%
类型1 正确率： 100.00% -> 1  100.00%, 2    0.00%, 3    0.00%
类型2 正确率： 100.00% -> 1    0.00%, 2  100.00%, 3    0.00%
类型3 正确率：  62.00% -> 1    8.90%, 2   29.10%, 3   62.00%


测试集任务: (B1)N15_M01_F10→(B2)N15_M07_F10; 总正确率 = 87.33%
类型1 正确率： 100.00% -> 1  100.00%, 2    0.00%, 3    0.00%
类型2 正确率： 100.00% -> 1    0.00%, 2  100.00%, 3    0.00%
类型3 正确率：  62.00% -> 1    8.90%, 2   29.10%, 3   62.00%


