读取源域路径：/kaggle/working/k10/S04/weight_PU_M1_final_checkpoint_FS04toS04c_gateoracle_s2024/NEW_PU/Source-源域/log&pt/(B2)N15_M07_F10
excel输出位置：/kaggle/working/k10/S04/weight_PU_M1_final_checkpoint_FS04toS04c_gateoracle_s2024/NEW_PU/Target-目标域
特征图片输出位置：/kaggle/working/k10/S04/weight_PU_M1_final_checkpoint_FS04toS04c_gateoracle_s2024/NEW_PU/Picture-特征图/2026年09月16日23时23分/(B2)N15_M07_F10
现在选取:(B2)N15_M07_F10 进行训练的源模型
现在进行：(B2)N15_M07_F10→(B1)N15_M01_F10 的迁移任务
log&pt输出位置：/kaggle/working/k10/S04/weight_PU_M1_final_checkpoint_FS04toS04c_gateoracle_s2024/NEW_PU/Target-目标域/log&pt/(B2)N15_M07_F10→(B1)N15_M01_F10
任务: (B2)N15_M07_F10→(B1)N15_M01_F10; 批次:····0/·1880;  总正确率: 80.42%
类型1 正确率： 100.00% -> 1   99.85%, 2    0.15%, 3    0.00%
类型2 正确率：  44.00% -> 1    0.00%, 2   44.45%, 3   55.55%
类型3 正确率：  97.00% -> 1    0.00%, 2    3.05%, 3   96.95%


样本变换：reverse
样本变换：mask
样本变换：shift
样本变换：none
未过滤	未用伪标签：80.42% -> 使用伪标签：80.28%
已过滤	未用伪标签：81.40% -> 使用伪标签：82.27%
排除样本：145|6000	剩余：2000, 1063, 2792
增添样本：1183		细则：0, 1031, 152	正确率估算：93.22%
类型1 正确率： 100.00% -> 1  100.00%, 2    0.00%, 3    0.00%
类型2 正确率：  51.00% -> 1    0.00%, 2   50.65%, 3   49.35%
类型3 正确率：  95.00% -> 1    0.00%, 2    4.84%, 3   95.16%

被排除样本 正确率：40.69%
类型1 正确率：   7.00% -> 1    6.90%, 2   93.10%
类型2 正确率：  91.00% -> 1    8.62%, 2   91.38%


轮次:··1/·20 || c_Loss:0.514 || e_Loss:-1.131 || Aad_Loss:-22.325 || 耗时：34.89s
轮次:··2/·20 || c_Loss:0.355 || e_Loss:-1.667 || Aad_Loss:-24.079 || 耗时：13.38s
轮次:··3/·20 || c_Loss:0.342 || e_Loss:-1.480 || Aad_Loss:-26.850 || 耗时：13.29s
轮次:··4/·20 || c_Loss:0.316 || e_Loss:-1.515 || Aad_Loss:-26.143 || 耗时：13.24s
轮次:··5/·20 || c_Loss:0.329 || e_Loss:-1.506 || Aad_Loss:-22.330 || 耗时：13.26s
任务: (B2)N15_M07_F10→(B1)N15_M01_F10; mix批次:····0; 批次:··470/·1880;  总正确率: 92.85%
类型1 正确率： 100.00% -> 1  100.00%, 2    0.00%, 3    0.00%
类型2 正确率：  79.00% -> 1    0.00%, 2   78.55%, 3   21.45%
类型3 正确率： 100.00% -> 1    0.00%, 2    0.00%, 3  100.00%


样本变换：reverse
样本变换：mask
样本变换：shift
样本变换：none
未过滤	未用伪标签：92.85% -> 使用伪标签：97.03%
已过滤	未用伪标签：93.33% -> 使用伪标签：97.54%
排除样本：31|6000	剩余：2000, 1822, 2147
增添样本：178		细则：0, 178, 0	正确率估算：85.96%
类型1 正确率： 100.00% -> 1  100.00%, 2    0.00%, 3    0.00%
类型2 正确率：  93.00% -> 1    0.00%, 2   92.53%, 3    7.47%
类型3 正确率： 100.00% -> 1    0.00%, 2    0.00%, 3  100.00%

被排除样本 正确率：0.00%
类型1 正确率：   0.00% -> 1    0.00%, 2  100.00%
类型2 没有样本或未被分类。


轮次:··6/·20 || c_Loss:0.337 || e_Loss:-1.786 || Aad_Loss:-28.268 || 耗时：34.34s
轮次:··7/·20 || c_Loss:0.380 || e_Loss:-1.823 || Aad_Loss:-30.724 || 耗时：13.31s
轮次:··8/·20 || c_Loss:0.344 || e_Loss:-1.646 || Aad_Loss:-30.995 || 耗时：13.29s
轮次:··9/·20 || c_Loss:0.349 || e_Loss:-1.891 || Aad_Loss:-30.202 || 耗时：13.34s
轮次:·10/·20 || c_Loss:0.354 || e_Loss:-1.763 || Aad_Loss:-29.995 || 耗时：13.29s
任务: (B2)N15_M07_F10→(B1)N15_M01_F10; mix批次:····0; 批次:··940/·1880;  总正确率: 99.52%
类型1 正确率： 100.00% -> 1  100.00%, 2    0.00%, 3    0.00%
类型2 正确率：  99.00% -> 1    0.00%, 2   98.55%, 3    1.45%
类型3 正确率： 100.00% -> 1    0.00%, 2    0.00%, 3  100.00%


样本变换：reverse
样本变换：mask
样本变换：shift
样本变换：none
未过滤	未用伪标签：99.52% -> 使用伪标签：99.87%
已过滤	未用伪标签：99.57% -> 使用伪标签：99.93%
排除样本：4|6000	剩余：2000, 1992, 2004
增添样本：8		细则：0, 8, 0	正确率估算：100.00%
类型1 正确率： 100.00% -> 1  100.00%, 2    0.00%, 3    0.00%
类型2 正确率： 100.00% -> 1    0.00%, 2   99.80%, 3    0.20%
类型3 正确率： 100.00% -> 1    0.00%, 2    0.00%, 3  100.00%

被排除样本 正确率：25.00%
类型1 正确率：  25.00% -> 1   25.00%, 2   75.00%
类型2 没有样本或未被分类。


轮次:·11/·20 || c_Loss:0.368 || e_Loss:-0.932 || Aad_Loss:-26.576 || 耗时：34.11s
轮次:·12/·20 || c_Loss:0.372 || e_Loss:-0.924 || Aad_Loss:-28.207 || 耗时：13.33s
轮次:·13/·20 || c_Loss:0.377 || e_Loss:-0.985 || Aad_Loss:-27.339 || 耗时：13.37s
轮次:·14/·20 || c_Loss:0.380 || e_Loss:-0.974 || Aad_Loss:-26.048 || 耗时：13.37s
轮次:·15/·20 || c_Loss:0.401 || e_Loss:-0.912 || Aad_Loss:-25.525 || 耗时：13.35s
任务: (B2)N15_M07_F10→(B1)N15_M01_F10; mix批次:····0; 批次:·1410/·1880;  总正确率: 99.97%
类型1 正确率： 100.00% -> 1  100.00%, 2    0.00%, 3    0.00%
类型2 正确率： 100.00% -> 1    0.00%, 2   99.90%, 3    0.10%
类型3 正确率： 100.00% -> 1    0.00%, 2    0.00%, 3  100.00%


样本变换：reverse
样本变换：mask
样本变换：shift
样本变换：none
未过滤	未用伪标签：99.97% -> 使用伪标签：99.98%
已过滤	未用伪标签：99.97% -> 使用伪标签：99.98%
排除样本：2000|6000	剩余：1999, 2001
增添样本：1		细则：0, 1, 0	正确率估算：100.00%
类型1 正确率： 100.00% -> 1  100.00%, 2    0.00%, 3    0.00%
类型2 正确率： 100.00% -> 1    0.00%, 2   99.95%, 3    0.05%
类型3 正确率： 100.00% -> 1    0.00%, 2    0.00%, 3  100.00%

被排除样本 正确率：nan%


轮次:·16/·20 || c_Loss:0.394 || e_Loss:-0.967 || Aad_Loss:-22.746 || 耗时：34.50s
轮次:·17/·20 || c_Loss:0.382 || e_Loss:-1.009 || Aad_Loss:-23.087 || 耗时：13.31s
轮次:·18/·20 || c_Loss:0.411 || e_Loss:-0.897 || Aad_Loss:-24.606 || 耗时：13.32s
轮次:·19/·20 || c_Loss:0.385 || e_Loss:-1.023 || Aad_Loss:-23.496 || 耗时：13.34s
轮次:·20/·20 || c_Loss:0.385 || e_Loss:-1.025 || Aad_Loss:-23.376 || 耗时：13.32s
任务: (B2)N15_M07_F10→(B1)N15_M01_F10; mix批次:····0; 批次:·1880/·1880;  总正确率: 99.98%
类型1 正确率： 100.00% -> 1  100.00%, 2    0.00%, 3    0.00%
类型2 正确率： 100.00% -> 1    0.00%, 2  100.00%, 3    0.00%
类型3 正确率： 100.00% -> 1    0.00%, 2    0.05%, 3   99.95%


测试集任务: (B2)N15_M07_F10→(B1)N15_M01_F10; 总正确率 = 99.98%
类型1 正确率： 100.00% -> 1  100.00%, 2    0.00%, 3    0.00%
类型2 正确率： 100.00% -> 1    0.00%, 2  100.00%, 3    0.00%
类型3 正确率： 100.00% -> 1    0.00%, 2    0.05%, 3   99.95%


