读取源域路径：/kaggle/working/k10/S04/weight_PU_M1_final_checkpoint_FS04toS04c_gateoracle_s2024/NEW_PU/Source-源域/log&pt/(B1)N15_M01_F10
excel输出位置：/kaggle/working/k10/S04/weight_PU_M1_final_checkpoint_FS04toS04c_gateoracle_s2024/NEW_PU/Target-目标域
特征图片输出位置：/kaggle/working/k10/S04/weight_PU_M1_final_checkpoint_FS04toS04c_gateoracle_s2024/NEW_PU/Picture-特征图/2026年09月16日23时17分/(B1)N15_M01_F10
现在选取:(B1)N15_M01_F10 进行训练的源模型
现在进行：(B1)N15_M01_F10→(B3)N15_M07_F04 的迁移任务
log&pt输出位置：/kaggle/working/k10/S04/weight_PU_M1_final_checkpoint_FS04toS04c_gateoracle_s2024/NEW_PU/Target-目标域/log&pt/(B1)N15_M01_F10→(B3)N15_M07_F04
任务: (B1)N15_M01_F10→(B3)N15_M07_F04; 批次:····0/·1880;  总正确率: 78.67%
类型1 正确率：  97.00% -> 1   96.60%, 2    3.40%, 3    0.00%
类型2 正确率：  88.00% -> 1    0.00%, 2   87.50%, 3   12.50%
类型3 正确率：  52.00% -> 1    0.00%, 2   48.10%, 3   51.90%


样本变换：reverse
样本变换：mask
样本变换：shift
样本变换：none
未过滤	未用伪标签：78.67% -> 使用伪标签：79.68%
已过滤	未用伪标签：78.95% -> 使用伪标签：80.33%
排除样本：48|6000	剩余：1998, 2786, 1168
增添样本：1213		细则：0, 214, 999	正确率估算：97.44%
类型1 正确率： 100.00% -> 1   99.90%, 2    0.05%, 3    0.05%
类型2 正确率：  91.00% -> 1    0.00%, 2   91.39%, 3    8.61%
类型3 正确率：  50.00% -> 1    0.00%, 2   50.05%, 3   49.95%

被排除样本 正确率：43.75%
类型1 正确率：  44.00% -> 1   43.75%, 2   56.25%
类型2 没有样本或未被分类。


轮次:··1/·20 || c_Loss:0.496 || e_Loss:-1.501 || Aad_Loss:-25.624 || 耗时：34.86s
轮次:··2/·20 || c_Loss:0.384 || e_Loss:-1.788 || Aad_Loss:-23.628 || 耗时：13.38s
轮次:··3/·20 || c_Loss:0.378 || e_Loss:-1.715 || Aad_Loss:-24.235 || 耗时：13.29s
轮次:··4/·20 || c_Loss:0.382 || e_Loss:-1.709 || Aad_Loss:-23.502 || 耗时：13.30s
轮次:··5/·20 || c_Loss:0.352 || e_Loss:-1.862 || Aad_Loss:-27.225 || 耗时：13.30s
任务: (B1)N15_M01_F10→(B3)N15_M07_F04; mix批次:····0; 批次:··470/·1880;  总正确率: 86.03%
类型1 正确率： 100.00% -> 1  100.00%, 2    0.00%, 3    0.00%
类型2 正确率：  96.00% -> 1    0.00%, 2   95.55%, 3    4.45%
类型3 正确率：  63.00% -> 1    0.00%, 2   37.45%, 3   62.55%


样本变换：reverse
样本变换：mask
样本变换：shift
样本变换：none
未过滤	未用伪标签：86.03% -> 使用伪标签：82.38%
已过滤	未用伪标签：86.16% -> 使用伪标签：82.53%
排除样本：11|6000	剩余：2000, 2945, 1044
增添样本：1057		细则：0, 56, 1001	正确率估算：100.00%
类型1 正确率： 100.00% -> 1  100.00%, 2    0.00%, 3    0.00%
类型2 正确率：  98.00% -> 1    0.00%, 2   97.74%, 3    2.26%
类型3 正确率：  50.00% -> 1    0.00%, 2   50.05%, 3   49.95%

被排除样本 正确率：18.18%
类型1 正确率：  18.00% -> 1   18.18%, 2   81.82%
类型2 没有样本或未被分类。


轮次:··6/·20 || c_Loss:0.342 || e_Loss:-1.892 || Aad_Loss:-27.520 || 耗时：34.76s
轮次:··7/·20 || c_Loss:0.394 || e_Loss:-1.839 || Aad_Loss:-24.165 || 耗时：13.26s
轮次:··8/·20 || c_Loss:0.381 || e_Loss:-1.791 || Aad_Loss:-25.807 || 耗时：13.26s
轮次:··9/·20 || c_Loss:0.360 || e_Loss:-1.855 || Aad_Loss:-25.682 || 耗时：13.25s
轮次:·10/·20 || c_Loss:0.346 || e_Loss:-1.883 || Aad_Loss:-26.624 || 耗时：13.27s
任务: (B1)N15_M01_F10→(B3)N15_M07_F04; mix批次:····0; 批次:··940/·1880;  总正确率: 85.58%
类型1 正确率： 100.00% -> 1  100.00%, 2    0.00%, 3    0.00%
类型2 正确率： 100.00% -> 1    0.00%, 2   99.75%, 3    0.25%
类型3 正确率：  57.00% -> 1    5.40%, 2   37.60%, 3   57.00%


样本变换：reverse
样本变换：mask
样本变换：shift
样本变换：none
未过滤	未用伪标签：85.58% -> 使用伪标签：83.22%
已过滤	未用伪标签：85.62% -> 使用伪标签：83.27%
排除样本：4|6000	剩余：2000, 2995, 1001
增添样本：1007		细则：0, 6, 1001	正确率估算：100.00%
类型1 正确率： 100.00% -> 1  100.00%, 2    0.00%, 3    0.00%
类型2 正确率： 100.00% -> 1    0.00%, 2   99.90%, 3    0.10%
类型3 正确率：  50.00% -> 1    0.00%, 2   50.05%, 3   49.95%

被排除样本 正确率：25.00%
类型1 正确率：  25.00% -> 1   25.00%, 2   75.00%
类型2 没有样本或未被分类。


轮次:·11/·20 || c_Loss:0.374 || e_Loss:-1.828 || Aad_Loss:-27.583 || 耗时：34.67s
轮次:·12/·20 || c_Loss:0.365 || e_Loss:-1.775 || Aad_Loss:-24.154 || 耗时：13.28s
轮次:·13/·20 || c_Loss:0.380 || e_Loss:-1.760 || Aad_Loss:-27.711 || 耗时：13.29s
轮次:·14/·20 || c_Loss:0.346 || e_Loss:-1.958 || Aad_Loss:-26.519 || 耗时：13.28s
轮次:·15/·20 || c_Loss:0.355 || e_Loss:-1.750 || Aad_Loss:-26.634 || 耗时：13.27s
任务: (B1)N15_M01_F10→(B3)N15_M07_F04; mix批次:····0; 批次:·1410/·1880;  总正确率: 89.72%
类型1 正确率： 100.00% -> 1  100.00%, 2    0.00%, 3    0.00%
类型2 正确率： 100.00% -> 1    0.00%, 2   99.65%, 3    0.35%
类型3 正确率：  70.00% -> 1    2.60%, 2   27.90%, 3   69.50%


样本变换：reverse
样本变换：mask
样本变换：shift
样本变换：none
未过滤	未用伪标签：89.72% -> 使用伪标签：83.18%
已过滤	未用伪标签：89.71% -> 使用伪标签：83.21%
排除样本：2|6000	剩余：2000, 2993, 1005
增添样本：1009		细则：0, 8, 1001	正确率估算：100.00%
类型1 正确率： 100.00% -> 1  100.00%, 2    0.00%, 3    0.00%
类型2 正确率： 100.00% -> 1    0.00%, 2   99.70%, 3    0.30%
类型3 正确率：  50.00% -> 1    0.00%, 2   50.05%, 3   49.95%

被排除样本 正确率：100.00%
类型1 正确率： 100.00% -> 1  100.00%


轮次:·16/·20 || c_Loss:0.354 || e_Loss:-1.951 || Aad_Loss:-27.090 || 耗时：34.81s
轮次:·17/·20 || c_Loss:0.348 || e_Loss:-1.959 || Aad_Loss:-26.309 || 耗时：13.29s
轮次:·18/·20 || c_Loss:0.352 || e_Loss:-1.966 || Aad_Loss:-27.763 || 耗时：13.27s
轮次:·19/·20 || c_Loss:0.394 || e_Loss:-1.797 || Aad_Loss:-24.933 || 耗时：13.28s
轮次:·20/·20 || c_Loss:0.362 || e_Loss:-1.891 || Aad_Loss:-24.940 || 耗时：13.27s
任务: (B1)N15_M01_F10→(B3)N15_M07_F04; mix批次:····0; 批次:·1880/·1880;  总正确率: 88.17%
类型1 正确率： 100.00% -> 1  100.00%, 2    0.00%, 3    0.00%
类型2 正确率： 100.00% -> 1    0.00%, 2   99.75%, 3    0.25%
类型3 正确率：  65.00% -> 1    5.75%, 2   29.50%, 3   64.75%


测试集任务: (B1)N15_M01_F10→(B3)N15_M07_F04; 总正确率 = 88.17%
类型1 正确率： 100.00% -> 1  100.00%, 2    0.00%, 3    0.00%
类型2 正确率： 100.00% -> 1    0.00%, 2   99.75%, 3    0.25%
类型3 正确率：  65.00% -> 1    5.75%, 2   29.50%, 3   64.75%


