读取源域路径：/kaggle/working/k10/S04/weight_PU_M1_final_checkpoint_FS04toS04c_gateoracle_s2024/NEW_PU/Source-源域/log&pt/(B3)N15_M07_F04
excel输出位置：/kaggle/working/k10/S04/weight_PU_M1_final_checkpoint_FS04toS04c_gateoracle_s2024/NEW_PU/Target-目标域
特征图片输出位置：/kaggle/working/k10/S04/weight_PU_M1_final_checkpoint_FS04toS04c_gateoracle_s2024/NEW_PU/Picture-特征图/2026年09月16日23时41分/(B3)N15_M07_F04
现在选取:(B3)N15_M07_F04 进行训练的源模型
现在进行：(B3)N15_M07_F04→(B2)N15_M07_F10 的迁移任务
log&pt输出位置：/kaggle/working/k10/S04/weight_PU_M1_final_checkpoint_FS04toS04c_gateoracle_s2024/NEW_PU/Target-目标域/log&pt/(B3)N15_M07_F04→(B2)N15_M07_F10
任务: (B3)N15_M07_F04→(B2)N15_M07_F10; 批次:····0/·1880;  总正确率: 63.63%
类型1 正确率：  98.00% -> 1   98.10%, 2    0.00%, 3    1.90%
类型2 正确率：   3.00% -> 1    0.00%, 2    3.40%, 3   96.60%
类型3 正确率：  89.00% -> 1    0.10%, 2   10.50%, 3   89.40%


样本变换：reverse
样本变换：mask
样本变换：shift
样本变换：none
未过滤	未用伪标签：63.63% -> 使用伪标签：61.37%
已过滤	未用伪标签：64.47% -> 使用伪标签：62.44%
排除样本：103|6000	剩余：1970, 1690, 2237
增添样本：2222		细则：0, 1259, 963	正确率估算：61.42%
类型1 正确率：  99.00% -> 1   98.99%, 2    0.00%, 3    1.01%
类型2 正确率：  37.00% -> 1    0.00%, 2   36.91%, 3   63.09%
类型3 正确率：  51.00% -> 1    0.10%, 2   49.35%, 3   50.55%

被排除样本 正确率：15.53%
类型1 正确率：  33.00% -> 1   33.33%, 2    0.00%, 3   66.67%
类型2 正确率：   0.00% -> 1    0.00%, 2    0.00%, 3  100.00%
类型3 正确率： 100.00% -> 1    0.00%, 2    0.00%, 3  100.00%


轮次:··1/·20 || c_Loss:0.494 || e_Loss:-1.333 || Aad_Loss:-21.236 || 耗时：35.01s
轮次:··2/·20 || c_Loss:0.417 || e_Loss:-1.266 || Aad_Loss:-20.569 || 耗时：13.41s
轮次:··3/·20 || c_Loss:0.332 || e_Loss:-1.573 || Aad_Loss:-22.815 || 耗时：13.34s
轮次:··4/·20 || c_Loss:0.389 || e_Loss:-1.646 || Aad_Loss:-18.759 || 耗时：13.32s
轮次:··5/·20 || c_Loss:0.373 || e_Loss:-1.688 || Aad_Loss:-20.792 || 耗时：13.34s
任务: (B3)N15_M07_F04→(B2)N15_M07_F10; mix批次:····0; 批次:··470/·1880;  总正确率: 76.08%
类型1 正确率： 100.00% -> 1  100.00%, 2    0.00%, 3    0.00%
类型2 正确率：  78.00% -> 1    0.00%, 2   78.25%, 3   21.75%
类型3 正确率：  50.00% -> 1    0.00%, 2   50.00%, 3   50.00%


样本变换：reverse
样本变换：mask
样本变换：shift
样本变换：none
未过滤	未用伪标签：76.08% -> 使用伪标签：77.95%
已过滤	未用伪标签：76.78% -> 使用伪标签：78.87%
排除样本：70|6000	剩余：2000, 2677, 1253
增添样本：1323		细则：0, 323, 1000	正确率估算：98.26%
类型1 正确率： 100.00% -> 1  100.00%, 2    0.00%, 3    0.00%
类型2 正确率：  87.00% -> 1    0.00%, 2   86.89%, 3   13.11%
类型3 正确率：  50.00% -> 1    0.00%, 2   50.00%, 3   50.00%

被排除样本 正确率：17.14%
类型1 正确率：  17.00% -> 1   17.14%, 2   82.86%
类型2 没有样本或未被分类。


轮次:··6/·20 || c_Loss:0.351 || e_Loss:-1.727 || Aad_Loss:-24.887 || 耗时：34.87s
轮次:··7/·20 || c_Loss:0.354 || e_Loss:-1.727 || Aad_Loss:-25.691 || 耗时：13.32s
轮次:··8/·20 || c_Loss:0.368 || e_Loss:-1.765 || Aad_Loss:-25.559 || 耗时：13.25s
轮次:··9/·20 || c_Loss:0.399 || e_Loss:-1.762 || Aad_Loss:-25.478 || 耗时：13.26s
轮次:·10/·20 || c_Loss:0.362 || e_Loss:-1.748 || Aad_Loss:-24.946 || 耗时：13.27s
任务: (B3)N15_M07_F04→(B2)N15_M07_F10; mix批次:····0; 批次:··940/·1880;  总正确率: 85.40%
类型1 正确率： 100.00% -> 1  100.00%, 2    0.00%, 3    0.00%
类型2 正确率： 100.00% -> 1    0.00%, 2   99.70%, 3    0.30%
类型3 正确率：  56.00% -> 1    0.45%, 2   43.05%, 3   56.50%


样本变换：reverse
样本变换：mask
样本变换：shift
样本变换：none
未过滤	未用伪标签：85.40% -> 使用伪标签：83.27%
已过滤	未用伪标签：85.43% -> 使用伪标签：83.29%
排除样本：2|6000	剩余：2000, 2996, 1002
增添样本：1004		细则：0, 4, 1000	正确率估算：100.00%
类型1 正确率： 100.00% -> 1  100.00%, 2    0.00%, 3    0.00%
类型2 正确率： 100.00% -> 1    0.00%, 2   99.90%, 3    0.10%
类型3 正确率：  50.00% -> 1    0.00%, 2   50.00%, 3   50.00%

被排除样本 正确率：0.00%
类型1 正确率：   0.00% -> 1    0.00%, 2  100.00%
类型2 没有样本或未被分类。


轮次:·11/·20 || c_Loss:0.388 || e_Loss:-1.739 || Aad_Loss:-23.389 || 耗时：34.70s
轮次:·12/·20 || c_Loss:0.367 || e_Loss:-1.909 || Aad_Loss:-27.167 || 耗时：13.27s
轮次:·13/·20 || c_Loss:0.361 || e_Loss:-1.830 || Aad_Loss:-26.047 || 耗时：13.28s
轮次:·14/·20 || c_Loss:0.345 || e_Loss:-1.869 || Aad_Loss:-29.266 || 耗时：13.30s
轮次:·15/·20 || c_Loss:0.357 || e_Loss:-1.915 || Aad_Loss:-25.981 || 耗时：13.28s
任务: (B3)N15_M07_F04→(B2)N15_M07_F10; mix批次:····0; 批次:·1410/·1880;  总正确率: 87.85%
类型1 正确率： 100.00% -> 1  100.00%, 2    0.00%, 3    0.00%
类型2 正确率： 100.00% -> 1    0.00%, 2   99.85%, 3    0.15%
类型3 正确率：  64.00% -> 1    1.05%, 2   35.25%, 3   63.70%


样本变换：reverse
样本变换：mask
样本变换：shift
样本变换：none
未过滤	未用伪标签：87.85% -> 使用伪标签：83.28%
已过滤	未用伪标签：87.86% -> 使用伪标签：83.30%
排除样本：1|6000	剩余：2000, 2997, 1002
增添样本：1003		细则：0, 3, 1000	正确率估算：100.00%
类型1 正确率： 100.00% -> 1  100.00%, 2    0.00%, 3    0.00%
类型2 正确率： 100.00% -> 1    0.00%, 2   99.90%, 3    0.10%
类型3 正确率：  50.00% -> 1    0.00%, 2   50.00%, 3   50.00%

被排除样本 正确率：0.00%
类型1 正确率：   0.00% -> 1    0.00%, 2  100.00%
类型2 没有样本或未被分类。


轮次:·16/·20 || c_Loss:0.368 || e_Loss:-1.891 || Aad_Loss:-26.356 || 耗时：34.83s
轮次:·17/·20 || c_Loss:0.355 || e_Loss:-1.886 || Aad_Loss:-26.019 || 耗时：13.27s
轮次:·18/·20 || c_Loss:0.354 || e_Loss:-1.966 || Aad_Loss:-27.600 || 耗时：13.28s
轮次:·19/·20 || c_Loss:0.352 || e_Loss:-1.885 || Aad_Loss:-25.173 || 耗时：13.27s
轮次:·20/·20 || c_Loss:0.355 || e_Loss:-1.949 || Aad_Loss:-28.421 || 耗时：13.25s
任务: (B3)N15_M07_F04→(B2)N15_M07_F10; mix批次:····0; 批次:·1880/·1880;  总正确率: 88.38%
类型1 正确率： 100.00% -> 1  100.00%, 2    0.00%, 3    0.00%
类型2 正确率： 100.00% -> 1    0.00%, 2   99.90%, 3    0.10%
类型3 正确率：  65.00% -> 1    4.45%, 2   30.30%, 3   65.25%


测试集任务: (B3)N15_M07_F04→(B2)N15_M07_F10; 总正确率 = 88.38%
类型1 正确率： 100.00% -> 1  100.00%, 2    0.00%, 3    0.00%
类型2 正确率： 100.00% -> 1    0.00%, 2   99.90%, 3    0.10%
类型3 正确率：  65.00% -> 1    4.45%, 2   30.30%, 3   65.25%


