读取源域路径：/kaggle/working/k10/S04/weight_PU_M1_final_checkpoint_FS04toS04c_gateoracle_s2024/NEW_PU/Source-源域/log&pt/(B3)N15_M07_F04
excel输出位置：/kaggle/working/k10/S04/weight_PU_M1_final_checkpoint_FS04toS04c_gateoracle_s2024/NEW_PU/Target-目标域
特征图片输出位置：/kaggle/working/k10/S04/weight_PU_M1_final_checkpoint_FS04toS04c_gateoracle_s2024/NEW_PU/Picture-特征图/2026年09月16日23时35分/(B3)N15_M07_F04
现在选取:(B3)N15_M07_F04 进行训练的源模型
现在进行：(B3)N15_M07_F04→(B1)N15_M01_F10 的迁移任务
log&pt输出位置：/kaggle/working/k10/S04/weight_PU_M1_final_checkpoint_FS04toS04c_gateoracle_s2024/NEW_PU/Target-目标域/log&pt/(B3)N15_M07_F04→(B1)N15_M01_F10
任务: (B3)N15_M07_F04→(B1)N15_M01_F10; 批次:····0/·1880;  总正确率: 61.33%
类型1 正确率：  98.00% -> 1   98.35%, 2    0.55%, 3    1.10%
类型2 正确率：   4.00% -> 1    0.00%, 2    3.90%, 3   96.10%
类型3 正确率：  82.00% -> 1    0.60%, 2   17.65%, 3   81.75%


样本变换：reverse
样本变换：mask
样本变换：shift
样本变换：none
未过滤	未用伪标签：61.33% -> 使用伪标签：60.17%
已过滤	未用伪标签：62.16% -> 使用伪标签：61.11%
排除样本：93|6000	剩余：1976, 1651, 2280
增添样本：2300		细则：0, 1315, 985	正确率估算：65.00%
类型1 正确率：  99.00% -> 1   98.85%, 2    0.00%, 3    1.15%
类型2 正确率：  34.00% -> 1    0.00%, 2   33.99%, 3   66.01%
类型3 正确率：  50.00% -> 1    0.30%, 2   50.13%, 3   49.57%

被排除样本 正确率：8.60%
类型1 正确率：  14.00% -> 1   14.29%, 2    0.00%, 3   85.71%
类型2 正确率：   0.00% -> 1    0.00%, 2    0.00%, 3  100.00%
类型3 正确率：  54.00% -> 1   30.77%, 2   15.38%, 3   53.85%


轮次:··1/·20 || c_Loss:0.537 || e_Loss:-1.384 || Aad_Loss:-17.363 || 耗时：35.15s
轮次:··2/·20 || c_Loss:0.375 || e_Loss:-1.401 || Aad_Loss:-18.688 || 耗时：13.37s
轮次:··3/·20 || c_Loss:0.339 || e_Loss:-1.576 || Aad_Loss:-23.392 || 耗时：13.25s
轮次:··4/·20 || c_Loss:0.351 || e_Loss:-1.709 || Aad_Loss:-25.954 || 耗时：13.28s
轮次:··5/·20 || c_Loss:0.352 || e_Loss:-1.699 || Aad_Loss:-23.109 || 耗时：13.35s
任务: (B3)N15_M07_F04→(B1)N15_M01_F10; mix批次:····0; 批次:··470/·1880;  总正确率: 74.52%
类型1 正确率： 100.00% -> 1  100.00%, 2    0.00%, 3    0.00%
类型2 正确率：  74.00% -> 1    0.00%, 2   73.50%, 3   26.50%
类型3 正确率：  50.00% -> 1    0.25%, 2   49.70%, 3   50.05%


样本变换：reverse
样本变换：mask
样本变换：shift
样本变换：none
未过滤	未用伪标签：74.52% -> 使用伪标签：71.20%
已过滤	未用伪标签：74.26% -> 使用伪标签：72.16%
排除样本：80|6000	剩余：2000, 2272, 1648
增添样本：1728		细则：0, 728, 1000	正确率估算：99.88%
类型1 正确率： 100.00% -> 1  100.00%, 2    0.00%, 3    0.00%
类型2 正确率：  66.00% -> 1    0.00%, 2   66.25%, 3   33.75%
类型3 正确率：  50.00% -> 1    0.00%, 2   50.00%, 3   50.00%

被排除样本 正确率：93.75%
类型1 正确率：  94.00% -> 1   93.75%, 2    6.25%
类型2 没有样本或未被分类。


轮次:··6/·20 || c_Loss:0.347 || e_Loss:-1.689 || Aad_Loss:-24.599 || 耗时：35.10s
轮次:··7/·20 || c_Loss:0.368 || e_Loss:-1.721 || Aad_Loss:-22.624 || 耗时：13.35s
轮次:··8/·20 || c_Loss:0.350 || e_Loss:-1.741 || Aad_Loss:-25.606 || 耗时：13.32s
轮次:··9/·20 || c_Loss:0.362 || e_Loss:-1.768 || Aad_Loss:-24.086 || 耗时：13.31s
轮次:·10/·20 || c_Loss:0.357 || e_Loss:-1.813 || Aad_Loss:-25.598 || 耗时：13.34s
任务: (B3)N15_M07_F04→(B1)N15_M01_F10; mix批次:····0; 批次:··940/·1880;  总正确率: 84.18%
类型1 正确率： 100.00% -> 1  100.00%, 2    0.00%, 3    0.00%
类型2 正确率：  94.00% -> 1    0.00%, 2   94.25%, 3    5.75%
类型3 正确率：  58.00% -> 1    0.60%, 2   41.10%, 3   58.30%


样本变换：reverse
样本变换：mask
样本变换：shift
样本变换：none
未过滤	未用伪标签：84.18% -> 使用伪标签：81.78%
已过滤	未用伪标签：84.32% -> 使用伪标签：82.00%
排除样本：16|6000	剩余：2000, 2907, 1077
增添样本：1093		细则：0, 93, 1000	正确率估算：100.00%
类型1 正确率： 100.00% -> 1  100.00%, 2    0.00%, 3    0.00%
类型2 正确率：  96.00% -> 1    0.00%, 2   96.12%, 3    3.88%
类型3 正确率：  50.00% -> 1    0.00%, 2   50.00%, 3   50.00%

被排除样本 正确率：31.25%
类型1 正确率：  31.00% -> 1   31.25%, 2   68.75%
类型2 没有样本或未被分类。


轮次:·11/·20 || c_Loss:0.355 || e_Loss:-1.768 || Aad_Loss:-25.115 || 耗时：34.73s
轮次:·12/·20 || c_Loss:0.339 || e_Loss:-1.846 || Aad_Loss:-28.319 || 耗时：13.32s
轮次:·13/·20 || c_Loss:0.351 || e_Loss:-1.773 || Aad_Loss:-26.372 || 耗时：13.35s
轮次:·14/·20 || c_Loss:0.351 || e_Loss:-1.883 || Aad_Loss:-26.199 || 耗时：13.31s
轮次:·15/·20 || c_Loss:0.362 || e_Loss:-1.833 || Aad_Loss:-26.279 || 耗时：13.32s
任务: (B3)N15_M07_F04→(B1)N15_M01_F10; mix批次:····0; 批次:·1410/·1880;  总正确率: 86.47%
类型1 正确率： 100.00% -> 1  100.00%, 2    0.00%, 3    0.00%
类型2 正确率： 100.00% -> 1    0.00%, 2   99.55%, 3    0.45%
类型3 正确率：  60.00% -> 1    8.80%, 2   31.35%, 3   59.85%


样本变换：reverse
样本变换：mask
样本变换：shift
样本变换：none
未过滤	未用伪标签：86.47% -> 使用伪标签：83.18%
已过滤	未用伪标签：86.47% -> 使用伪标签：83.18%
排除样本：2000|6000	剩余：2991, 1009
增添样本：1009		细则：0, 9, 1000	正确率估算：100.00%
类型1 正确率： 100.00% -> 1  100.00%, 2    0.00%, 3    0.00%
类型2 正确率： 100.00% -> 1    0.00%, 2   99.55%, 3    0.45%
类型3 正确率：  50.00% -> 1    0.00%, 2   50.00%, 3   50.00%

被排除样本 正确率：nan%


轮次:·16/·20 || c_Loss:0.343 || e_Loss:-1.873 || Aad_Loss:-28.506 || 耗时：34.73s
轮次:·17/·20 || c_Loss:0.356 || e_Loss:-1.845 || Aad_Loss:-28.573 || 耗时：13.28s
轮次:·18/·20 || c_Loss:0.359 || e_Loss:-1.921 || Aad_Loss:-25.895 || 耗时：13.28s
轮次:·19/·20 || c_Loss:0.338 || e_Loss:-1.852 || Aad_Loss:-28.138 || 耗时：13.29s
轮次:·20/·20 || c_Loss:0.350 || e_Loss:-1.882 || Aad_Loss:-28.053 || 耗时：13.30s
任务: (B3)N15_M07_F04→(B1)N15_M01_F10; mix批次:····0; 批次:·1880/·1880;  总正确率: 89.05%
类型1 正确率： 100.00% -> 1  100.00%, 2    0.00%, 3    0.00%
类型2 正确率： 100.00% -> 1    0.00%, 2   99.55%, 3    0.45%
类型3 正确率：  68.00% -> 1    2.35%, 2   30.05%, 3   67.60%


测试集任务: (B3)N15_M07_F04→(B1)N15_M01_F10; 总正确率 = 89.05%
类型1 正确率： 100.00% -> 1  100.00%, 2    0.00%, 3    0.00%
类型2 正确率： 100.00% -> 1    0.00%, 2   99.55%, 3    0.45%
类型3 正确率：  68.00% -> 1    2.35%, 2   30.05%, 3   67.60%


