读取源域路径：/kaggle/working/k10/S03/weight_PU_M1_final_checkpoint_FS03toS03_s2024/NEW_PU/Source-源域/log&pt/(B3)N15_M07_F04
excel输出位置：/kaggle/working/k10/S03/weight_PU_M1_final_checkpoint_FS03toS03_s2024/NEW_PU/Target-目标域
特征图片输出位置：/kaggle/working/k10/S03/weight_PU_M1_final_checkpoint_FS03toS03_s2024/NEW_PU/Picture-特征图/2026年09月16日19时16分/(B3)N15_M07_F04
现在选取:(B3)N15_M07_F04 进行训练的源模型
现在进行：(B3)N15_M07_F04→(B2)N15_M07_F10 的迁移任务
log&pt输出位置：/kaggle/working/k10/S03/weight_PU_M1_final_checkpoint_FS03toS03_s2024/NEW_PU/Target-目标域/log&pt/(B3)N15_M07_F04→(B2)N15_M07_F10
任务: (B3)N15_M07_F04→(B2)N15_M07_F10; 批次:····0/·1880;  总正确率: 94.70%
类型1 正确率： 100.00% -> 1  100.00%, 2    0.00%, 3    0.00%
类型2 正确率： 100.00% -> 1    0.00%, 2  100.00%, 3    0.00%
类型3 正确率：  84.00% -> 1    0.00%, 2   15.90%, 3   84.10%


样本变换：reverse
样本变换：mask
样本变换：shift
样本变换：none
未过滤	未用伪标签：94.70% -> 使用伪标签：93.58%
已过滤	未用伪标签：95.16% -> 使用伪标签：95.43%
排除样本：116|6000	剩余：2000, 2269, 1615
增添样本：923		细则：269, 0, 654	正确率估算：95.88%
类型1 正确率： 100.00% -> 1  100.00%, 2    0.00%, 3    0.00%
类型2 正确率： 100.00% -> 1    0.00%, 2  100.00%, 3    0.00%
类型3 正确率：  86.00% -> 1    0.00%, 2   14.28%, 3   85.72%

被排除样本 正确率：71.55%
类型1 没有样本或未被分类。
类型2 正确率：  72.00% -> 1   28.45%, 2   71.55%


轮次:··1/·20 || c_Loss:0.517 || e_Loss:-1.699 || Aad_Loss:-26.266 || 耗时：34.92s
轮次:··2/·20 || c_Loss:0.375 || e_Loss:-1.767 || Aad_Loss:-26.942 || 耗时：13.34s
轮次:··3/·20 || c_Loss:0.361 || e_Loss:-0.897 || Aad_Loss:-29.115 || 耗时：13.23s
轮次:··4/·20 || c_Loss:0.360 || e_Loss:-1.460 || Aad_Loss:-30.821 || 耗时：13.26s
轮次:··5/·20 || c_Loss:0.337 || e_Loss:-1.785 || Aad_Loss:-29.533 || 耗时：13.25s
任务: (B3)N15_M07_F04→(B2)N15_M07_F10; mix批次:····0; 批次:··470/·1880;  总正确率: 96.75%
类型1 正确率： 100.00% -> 1  100.00%, 2    0.00%, 3    0.00%
类型2 正确率： 100.00% -> 1    0.00%, 2  100.00%, 3    0.00%
类型3 正确率：  90.00% -> 1    0.00%, 2    9.75%, 3   90.25%


样本变换：reverse
样本变换：mask
样本变换：shift
样本变换：none
未过滤	未用伪标签：96.75% -> 使用伪标签：98.02%
已过滤	未用伪标签：97.32% -> 使用伪标签：98.64%
排除样本：38|6000	剩余：2000, 2081, 1881
增添样本：281		细则：81, 0, 200	正确率估算：98.22%
类型1 正确率： 100.00% -> 1  100.00%, 2    0.00%, 3    0.00%
类型2 正确率： 100.00% -> 1    0.00%, 2  100.00%, 3    0.00%
类型3 正确率：  96.00% -> 1    0.00%, 2    4.13%, 3   95.87%

被排除样本 正确率：7.89%
类型1 没有样本或未被分类。
类型2 正确率：   8.00% -> 1   92.11%, 2    7.89%


轮次:··6/·20 || c_Loss:0.375 || e_Loss:-1.773 || Aad_Loss:-29.001 || 耗时：34.33s
轮次:··7/·20 || c_Loss:0.378 || e_Loss:-0.955 || Aad_Loss:-29.020 || 耗时：13.26s
轮次:··8/·20 || c_Loss:0.358 || e_Loss:-1.702 || Aad_Loss:-30.649 || 耗时：13.27s
轮次:··9/·20 || c_Loss:0.382 || e_Loss:-0.914 || Aad_Loss:-29.029 || 耗时：13.23s
轮次:·10/·20 || c_Loss:0.368 || e_Loss:-1.683 || Aad_Loss:-30.936 || 耗时：13.24s
任务: (B3)N15_M07_F04→(B2)N15_M07_F10; mix批次:····0; 批次:··940/·1880;  总正确率: 99.77%
类型1 正确率： 100.00% -> 1  100.00%, 2    0.00%, 3    0.00%
类型2 正确率： 100.00% -> 1    0.00%, 2  100.00%, 3    0.00%
类型3 正确率：  99.00% -> 1    0.00%, 2    0.70%, 3   99.30%


样本变换：reverse
样本变换：mask
样本变换：shift
样本变换：none
未过滤	未用伪标签：99.77% -> 使用伪标签：99.98%
已过滤	未用伪标签：99.78% -> 使用伪标签：100.00%
排除样本：1|6000	剩余：2000, 2000, 1999
增添样本：1		细则：0, 0, 1	正确率估算：100.00%
类型1 正确率： 100.00% -> 1  100.00%, 2    0.00%, 3    0.00%
类型2 正确率： 100.00% -> 1    0.00%, 2  100.00%, 3    0.00%
类型3 正确率： 100.00% -> 1    0.00%, 2    0.00%, 3  100.00%

被排除样本 正确率：0.00%
类型1 没有样本或未被分类。
类型2 正确率：   0.00% -> 1  100.00%, 2    0.00%


轮次:·11/·20 || c_Loss:0.367 || e_Loss:-0.992 || Aad_Loss:-23.301 || 耗时：34.14s
轮次:·12/·20 || c_Loss:0.378 || e_Loss:-0.987 || Aad_Loss:-22.645 || 耗时：13.32s
轮次:·13/·20 || c_Loss:0.387 || e_Loss:-0.915 || Aad_Loss:-24.892 || 耗时：13.32s
轮次:·14/·20 || c_Loss:0.377 || e_Loss:-1.034 || Aad_Loss:-23.522 || 耗时：13.34s
轮次:·15/·20 || c_Loss:0.381 || e_Loss:-1.036 || Aad_Loss:-23.655 || 耗时：13.31s
任务: (B3)N15_M07_F04→(B2)N15_M07_F10; mix批次:····0; 批次:·1410/·1880;  总正确率: 99.98%
类型1 正确率： 100.00% -> 1  100.00%, 2    0.00%, 3    0.00%
类型2 正确率： 100.00% -> 1    0.00%, 2  100.00%, 3    0.00%
类型3 正确率： 100.00% -> 1    0.00%, 2    0.05%, 3   99.95%


样本变换：reverse
样本变换：mask
样本变换：shift
样本变换：none
未过滤	未用伪标签：99.98% -> 使用伪标签：100.00%
已过滤	未用伪标签：99.98% -> 使用伪标签：100.00%
排除样本：2000|6000	剩余：2000, 2000
增添样本：0		细则：0, 0, 0类型1 正确率： 100.00% -> 1  100.00%, 2    0.00%, 3    0.00%
类型2 正确率： 100.00% -> 1    0.00%, 2  100.00%, 3    0.00%
类型3 正确率： 100.00% -> 1    0.00%, 2    0.00%, 3  100.00%

被排除样本 正确率：nan%


轮次:·16/·20 || c_Loss:0.384 || e_Loss:-0.986 || Aad_Loss:-23.320 || 耗时：34.20s
轮次:·17/·20 || c_Loss:0.378 || e_Loss:-0.978 || Aad_Loss:-23.984 || 耗时：13.30s
轮次:·18/·20 || c_Loss:0.382 || e_Loss:-1.018 || Aad_Loss:-23.077 || 耗时：13.32s
轮次:·19/·20 || c_Loss:0.381 || e_Loss:-0.994 || Aad_Loss:-23.115 || 耗时：13.33s
轮次:·20/·20 || c_Loss:0.387 || e_Loss:-0.987 || Aad_Loss:-23.440 || 耗时：13.35s
任务: (B3)N15_M07_F04→(B2)N15_M07_F10; mix批次:····0; 批次:·1880/·1880;  总正确率: 100.00%
类型1 正确率： 100.00% -> 1  100.00%, 2    0.00%, 3    0.00%
类型2 正确率： 100.00% -> 1    0.00%, 2  100.00%, 3    0.00%
类型3 正确率： 100.00% -> 1    0.00%, 2    0.00%, 3  100.00%


测试集任务: (B3)N15_M07_F04→(B2)N15_M07_F10; 总正确率 = 100.00%
类型1 正确率： 100.00% -> 1  100.00%, 2    0.00%, 3    0.00%
类型2 正确率： 100.00% -> 1    0.00%, 2  100.00%, 3    0.00%
类型3 正确率： 100.00% -> 1    0.00%, 2    0.00%, 3  100.00%


