读取源域路径：/kaggle/working/k10/S03/weight_PU_M1_final_checkpoint_FS03toS03_s2024/NEW_PU/Source-源域/log&pt/(B1)N15_M01_F10
excel输出位置：/kaggle/working/k10/S03/weight_PU_M1_final_checkpoint_FS03toS03_s2024/NEW_PU/Target-目标域
特征图片输出位置：/kaggle/working/k10/S03/weight_PU_M1_final_checkpoint_FS03toS03_s2024/NEW_PU/Picture-特征图/2026年09月16日18时45分/(B1)N15_M01_F10
现在选取:(B1)N15_M01_F10 进行训练的源模型
现在进行：(B1)N15_M01_F10→(B2)N15_M07_F10 的迁移任务
log&pt输出位置：/kaggle/working/k10/S03/weight_PU_M1_final_checkpoint_FS03toS03_s2024/NEW_PU/Target-目标域/log&pt/(B1)N15_M01_F10→(B2)N15_M07_F10
任务: (B1)N15_M01_F10→(B2)N15_M07_F10; 批次:····0/·1880;  总正确率: 99.87%
类型1 正确率： 100.00% -> 1  100.00%, 2    0.00%, 3    0.00%
类型2 正确率： 100.00% -> 1    0.00%, 2  100.00%, 3    0.00%
类型3 正确率： 100.00% -> 1    0.00%, 2    0.40%, 3   99.60%


样本变换：reverse
样本变换：mask
样本变换：shift
样本变换：none
未过滤	未用伪标签：99.87% -> 使用伪标签：99.72%
已过滤	未用伪标签：99.90% -> 使用伪标签：99.90%
排除样本：11|6000	剩余：2000, 2006, 1983
增添样本：29		细则：6, 0, 23	正确率估算：100.00%
类型1 正确率： 100.00% -> 1  100.00%, 2    0.00%, 3    0.00%
类型2 正确率： 100.00% -> 1    0.00%, 2  100.00%, 3    0.00%
类型3 正确率： 100.00% -> 1    0.00%, 2    0.30%, 3   99.70%

被排除样本 正确率：81.82%
类型1 没有样本或未被分类。
类型2 正确率：  82.00% -> 1   18.18%, 2   81.82%


轮次:··1/·20 || c_Loss:0.548 || e_Loss:-1.767 || Aad_Loss:-26.641 || 耗时：34.98s
轮次:··2/·20 || c_Loss:0.410 || e_Loss:-1.026 || Aad_Loss:-28.669 || 耗时：13.35s
轮次:··3/·20 || c_Loss:0.382 || e_Loss:-0.986 || Aad_Loss:-30.350 || 耗时：13.23s
轮次:··4/·20 || c_Loss:0.376 || e_Loss:-1.002 || Aad_Loss:-29.614 || 耗时：13.23s
轮次:··5/·20 || c_Loss:0.375 || e_Loss:-1.005 || Aad_Loss:-30.672 || 耗时：13.24s
任务: (B1)N15_M01_F10→(B2)N15_M07_F10; mix批次:····0; 批次:··470/·1880;  总正确率: 99.42%
类型1 正确率： 100.00% -> 1  100.00%, 2    0.00%, 3    0.00%
类型2 正确率： 100.00% -> 1    0.00%, 2  100.00%, 3    0.00%
类型3 正确率：  98.00% -> 1    0.00%, 2    1.75%, 3   98.25%


样本变换：reverse
样本变换：mask
样本变换：shift
样本变换：none
未过滤	未用伪标签：99.42% -> 使用伪标签：99.92%
已过滤	未用伪标签：99.48% -> 使用伪标签：99.98%
排除样本：4|6000	剩余：2000, 2001, 1995
增添样本：7		细则：1, 0, 6	正确率估算：100.00%
类型1 正确率： 100.00% -> 1  100.00%, 2    0.00%, 3    0.00%
类型2 正确率： 100.00% -> 1    0.00%, 2  100.00%, 3    0.00%
类型3 正确率： 100.00% -> 1    0.00%, 2    0.05%, 3   99.95%

被排除样本 正确率：0.00%
类型1 没有样本或未被分类。
类型2 正确率：   0.00% -> 1  100.00%, 2    0.00%


轮次:··6/·20 || c_Loss:0.386 || e_Loss:-0.978 || Aad_Loss:-25.986 || 耗时：34.31s
轮次:··7/·20 || c_Loss:0.384 || e_Loss:-1.018 || Aad_Loss:-26.000 || 耗时：13.31s
轮次:··8/·20 || c_Loss:0.379 || e_Loss:-0.999 || Aad_Loss:-25.999 || 耗时：13.32s
轮次:··9/·20 || c_Loss:0.376 || e_Loss:-1.011 || Aad_Loss:-26.418 || 耗时：13.34s
轮次:·10/·20 || c_Loss:0.381 || e_Loss:-0.950 || Aad_Loss:-26.646 || 耗时：13.33s
任务: (B1)N15_M01_F10→(B2)N15_M07_F10; mix批次:····0; 批次:··940/·1880;  总正确率: 100.00%
类型1 正确率： 100.00% -> 1  100.00%, 2    0.00%, 3    0.00%
类型2 正确率： 100.00% -> 1    0.00%, 2  100.00%, 3    0.00%
类型3 正确率： 100.00% -> 1    0.00%, 2    0.00%, 3  100.00%


样本变换：reverse
样本变换：mask
样本变换：shift
样本变换：none
未过滤	未用伪标签：100.00% -> 使用伪标签：100.00%
已过滤	未用伪标签：100.00% -> 使用伪标签：100.00%
排除样本：2000|6000	剩余：2000, 2000
增添样本：0		细则：0, 0, 0类型1 正确率： 100.00% -> 1  100.00%, 2    0.00%, 3    0.00%
类型2 正确率： 100.00% -> 1    0.00%, 2  100.00%, 3    0.00%
类型3 正确率： 100.00% -> 1    0.00%, 2    0.00%, 3  100.00%

被排除样本 正确率：nan%


轮次:·11/·20 || c_Loss:0.382 || e_Loss:-0.996 || Aad_Loss:-23.415 || 耗时：34.19s
轮次:·12/·20 || c_Loss:0.378 || e_Loss:-0.978 || Aad_Loss:-23.953 || 耗时：13.29s
轮次:·13/·20 || c_Loss:0.383 || e_Loss:-1.010 || Aad_Loss:-23.020 || 耗时：13.32s
轮次:·14/·20 || c_Loss:0.382 || e_Loss:-0.991 || Aad_Loss:-23.052 || 耗时：13.32s
轮次:·15/·20 || c_Loss:0.387 || e_Loss:-0.983 || Aad_Loss:-23.326 || 耗时：13.31s
任务: (B1)N15_M01_F10→(B2)N15_M07_F10; mix批次:····0; 批次:·1410/·1880;  总正确率: 100.00%
类型1 正确率： 100.00% -> 1  100.00%, 2    0.00%, 3    0.00%
类型2 正确率： 100.00% -> 1    0.00%, 2  100.00%, 3    0.00%
类型3 正确率： 100.00% -> 1    0.00%, 2    0.00%, 3  100.00%


样本变换：reverse
样本变换：mask
样本变换：shift
样本变换：none
未过滤	未用伪标签：100.00% -> 使用伪标签：100.00%
已过滤	未用伪标签：100.00% -> 使用伪标签：100.00%
排除样本：2000|6000	剩余：2000, 2000
增添样本：0		细则：0, 0, 0类型1 正确率： 100.00% -> 1  100.00%, 2    0.00%, 3    0.00%
类型2 正确率： 100.00% -> 1    0.00%, 2  100.00%, 3    0.00%
类型3 正确率： 100.00% -> 1    0.00%, 2    0.00%, 3  100.00%

被排除样本 正确率：nan%


轮次:·16/·20 || c_Loss:0.382 || e_Loss:-0.998 || Aad_Loss:-23.545 || 耗时：34.24s
轮次:·17/·20 || c_Loss:0.378 || e_Loss:-0.980 || Aad_Loss:-24.074 || 耗时：13.33s
轮次:·18/·20 || c_Loss:0.383 || e_Loss:-1.012 || Aad_Loss:-23.208 || 耗时：13.32s
轮次:·19/·20 || c_Loss:0.382 || e_Loss:-0.992 || Aad_Loss:-23.215 || 耗时：13.29s
轮次:·20/·20 || c_Loss:0.386 || e_Loss:-0.981 || Aad_Loss:-23.506 || 耗时：13.29s
任务: (B1)N15_M01_F10→(B2)N15_M07_F10; mix批次:····0; 批次:·1880/·1880;  总正确率: 100.00%
类型1 正确率： 100.00% -> 1  100.00%, 2    0.00%, 3    0.00%
类型2 正确率： 100.00% -> 1    0.00%, 2  100.00%, 3    0.00%
类型3 正确率： 100.00% -> 1    0.00%, 2    0.00%, 3  100.00%


测试集任务: (B1)N15_M01_F10→(B2)N15_M07_F10; 总正确率 = 100.00%
类型1 正确率： 100.00% -> 1  100.00%, 2    0.00%, 3    0.00%
类型2 正确率： 100.00% -> 1    0.00%, 2  100.00%, 3    0.00%
类型3 正确率： 100.00% -> 1    0.00%, 2    0.00%, 3  100.00%


