读取源域路径：/kaggle/working/k10/S03/weight_PU_M1_final_checkpoint_FS03toS03_s2024/NEW_PU/Source-源域/log&pt/(B3)N15_M07_F04
excel输出位置：/kaggle/working/k10/S03/weight_PU_M1_final_checkpoint_FS03toS03_s2024/NEW_PU/Target-目标域
特征图片输出位置：/kaggle/working/k10/S03/weight_PU_M1_final_checkpoint_FS03toS03_s2024/NEW_PU/Picture-特征图/2026年09月16日19时10分/(B3)N15_M07_F04
现在选取:(B3)N15_M07_F04 进行训练的源模型
现在进行：(B3)N15_M07_F04→(B1)N15_M01_F10 的迁移任务
log&pt输出位置：/kaggle/working/k10/S03/weight_PU_M1_final_checkpoint_FS03toS03_s2024/NEW_PU/Target-目标域/log&pt/(B3)N15_M07_F04→(B1)N15_M01_F10
任务: (B3)N15_M07_F04→(B1)N15_M01_F10; 批次:····0/·1880;  总正确率: 90.40%
类型1 正确率： 100.00% -> 1  100.00%, 2    0.00%, 3    0.00%
类型2 正确率：  99.00% -> 1    0.00%, 2   99.45%, 3    0.55%
类型3 正确率：  72.00% -> 1    0.00%, 2   28.25%, 3   71.75%


样本变换：reverse
样本变换：mask
样本变换：shift
样本变换：none
未过滤	未用伪标签：90.40% -> 使用伪标签：89.98%
已过滤	未用伪标签：90.74% -> 使用伪标签：90.86%
排除样本：58|6000	剩余：2000, 2540, 1402
增添样本：1678		细则：540, 0, 1138	正确率估算：97.91%
类型1 正确率： 100.00% -> 1  100.00%, 2    0.00%, 3    0.00%
类型2 正确率： 100.00% -> 1    0.00%, 2   99.95%, 3    0.05%
类型3 正确率：  72.00% -> 1    0.00%, 2   27.90%, 3   72.10%

被排除样本 正确率：55.17%
类型1 正确率：   0.00% -> 1    0.00%, 2  100.00%
类型2 正确率：  56.00% -> 1   43.86%, 2   56.14%


轮次:··1/·20 || c_Loss:0.613 || e_Loss:-1.276 || Aad_Loss:-25.469 || 耗时：35.10s
轮次:··2/·20 || c_Loss:0.412 || e_Loss:-1.007 || Aad_Loss:-29.118 || 耗时：13.45s
轮次:··3/·20 || c_Loss:0.384 || e_Loss:-0.918 || Aad_Loss:-29.680 || 耗时：13.34s
轮次:··4/·20 || c_Loss:0.393 || e_Loss:-0.955 || Aad_Loss:-28.465 || 耗时：13.34s
轮次:··5/·20 || c_Loss:0.371 || e_Loss:-1.503 || Aad_Loss:-29.437 || 耗时：13.34s
任务: (B3)N15_M07_F04→(B1)N15_M01_F10; mix批次:····0; 批次:··470/·1880;  总正确率: 89.03%
类型1 正确率： 100.00% -> 1  100.00%, 2    0.00%, 3    0.00%
类型2 正确率： 100.00% -> 1    0.00%, 2  100.00%, 3    0.00%
类型3 正确率：  67.00% -> 1    0.00%, 2   32.90%, 3   67.10%


样本变换：reverse
样本变换：mask
样本变换：shift
样本变换：none
未过滤	未用伪标签：89.03% -> 使用伪标签：88.77%
已过滤	未用伪标签：89.04% -> 使用伪标签：88.89%
排除样本：8|6000	剩余：2000, 2666, 1326
增添样本：2006		细则：666, 0, 1340	正确率估算：100.00%
类型1 正确率： 100.00% -> 1  100.00%, 2    0.00%, 3    0.00%
类型2 正确率： 100.00% -> 1    0.00%, 2  100.00%, 3    0.00%
类型3 正确率：  67.00% -> 1    0.00%, 2   33.43%, 3   66.57%

被排除样本 正确率：87.50%
类型1 没有样本或未被分类。
类型2 正确率：  88.00% -> 1   12.50%, 2   87.50%


轮次:··6/·20 || c_Loss:0.370 || e_Loss:-0.967 || Aad_Loss:-31.404 || 耗时：35.28s
轮次:··7/·20 || c_Loss:0.377 || e_Loss:-1.007 || Aad_Loss:-30.496 || 耗时：13.34s
轮次:··8/·20 || c_Loss:0.372 || e_Loss:-0.913 || Aad_Loss:-32.984 || 耗时：13.33s
轮次:··9/·20 || c_Loss:0.369 || e_Loss:-0.958 || Aad_Loss:-32.880 || 耗时：13.32s
轮次:·10/·20 || c_Loss:0.368 || e_Loss:-1.001 || Aad_Loss:-30.940 || 耗时：13.36s
任务: (B3)N15_M07_F04→(B1)N15_M01_F10; mix批次:····0; 批次:··940/·1880;  总正确率: 88.67%
类型1 正确率： 100.00% -> 1  100.00%, 2    0.00%, 3    0.00%
类型2 正确率： 100.00% -> 1    0.00%, 2  100.00%, 3    0.00%
类型3 正确率：  66.00% -> 1    0.00%, 2   34.00%, 3   66.00%


样本变换：reverse
样本变换：mask
样本变换：shift
样本变换：none
未过滤	未用伪标签：88.67% -> 使用伪标签：88.67%
已过滤	未用伪标签：88.67% -> 使用伪标签：88.67%
排除样本：2000|6000	剩余：2680, 1320
增添样本：2040		细则：680, 0, 1360	正确率估算：100.00%
类型1 正确率： 100.00% -> 1  100.00%, 2    0.00%, 3    0.00%
类型2 正确率： 100.00% -> 1    0.00%, 2  100.00%, 3    0.00%
类型3 正确率：  66.00% -> 1    0.00%, 2   34.00%, 3   66.00%

被排除样本 正确率：nan%


轮次:·11/·20 || c_Loss:0.373 || e_Loss:-1.008 || Aad_Loss:-30.652 || 耗时：35.17s
轮次:·12/·20 || c_Loss:0.376 || e_Loss:-0.956 || Aad_Loss:-32.793 || 耗时：13.33s
轮次:·13/·20 || c_Loss:0.375 || e_Loss:-0.951 || Aad_Loss:-32.620 || 耗时：13.35s
轮次:·14/·20 || c_Loss:0.377 || e_Loss:-1.017 || Aad_Loss:-30.979 || 耗时：13.35s
轮次:·15/·20 || c_Loss:0.379 || e_Loss:-1.029 || Aad_Loss:-31.267 || 耗时：13.33s
任务: (B3)N15_M07_F04→(B1)N15_M01_F10; mix批次:····0; 批次:·1410/·1880;  总正确率: 88.67%
类型1 正确率： 100.00% -> 1  100.00%, 2    0.00%, 3    0.00%
类型2 正确率： 100.00% -> 1    0.00%, 2  100.00%, 3    0.00%
类型3 正确率：  66.00% -> 1    0.00%, 2   34.00%, 3   66.00%


样本变换：reverse
样本变换：mask
样本变换：shift
样本变换：none
未过滤	未用伪标签：88.67% -> 使用伪标签：88.67%
已过滤	未用伪标签：88.67% -> 使用伪标签：88.67%
排除样本：2000|6000	剩余：2680, 1320
增添样本：2040		细则：680, 0, 1360	正确率估算：100.00%
类型1 正确率： 100.00% -> 1  100.00%, 2    0.00%, 3    0.00%
类型2 正确率： 100.00% -> 1    0.00%, 2  100.00%, 3    0.00%
类型3 正确率：  66.00% -> 1    0.00%, 2   34.00%, 3   66.00%

被排除样本 正确率：nan%


轮次:·16/·20 || c_Loss:0.376 || e_Loss:-1.016 || Aad_Loss:-30.915 || 耗时：35.20s
轮次:·17/·20 || c_Loss:0.378 || e_Loss:-0.957 || Aad_Loss:-32.981 || 耗时：13.36s
轮次:·18/·20 || c_Loss:0.376 || e_Loss:-0.953 || Aad_Loss:-32.747 || 耗时：13.34s
轮次:·19/·20 || c_Loss:0.377 || e_Loss:-1.019 || Aad_Loss:-31.171 || 耗时：13.34s
轮次:·20/·20 || c_Loss:0.379 || e_Loss:-1.029 || Aad_Loss:-31.409 || 耗时：13.33s
任务: (B3)N15_M07_F04→(B1)N15_M01_F10; mix批次:····0; 批次:·1880/·1880;  总正确率: 88.67%
类型1 正确率： 100.00% -> 1  100.00%, 2    0.00%, 3    0.00%
类型2 正确率： 100.00% -> 1    0.00%, 2  100.00%, 3    0.00%
类型3 正确率：  66.00% -> 1    0.00%, 2   34.00%, 3   66.00%


测试集任务: (B3)N15_M07_F04→(B1)N15_M01_F10; 总正确率 = 88.67%
类型1 正确率： 100.00% -> 1  100.00%, 2    0.00%, 3    0.00%
类型2 正确率： 100.00% -> 1    0.00%, 2  100.00%, 3    0.00%
类型3 正确率：  66.00% -> 1    0.00%, 2   34.00%, 3   66.00%


