读取源域路径：/kaggle/working/k10/S03/weight_PU_M1_final_checkpoint_FS03toS03_s2024/NEW_PU/Source-源域/log&pt/(B2)N15_M07_F10
excel输出位置：/kaggle/working/k10/S03/weight_PU_M1_final_checkpoint_FS03toS03_s2024/NEW_PU/Target-目标域
特征图片输出位置：/kaggle/working/k10/S03/weight_PU_M1_final_checkpoint_FS03toS03_s2024/NEW_PU/Picture-特征图/2026年09月16日19时04分/(B2)N15_M07_F10
现在选取:(B2)N15_M07_F10 进行训练的源模型
现在进行：(B2)N15_M07_F10→(B3)N15_M07_F04 的迁移任务
log&pt输出位置：/kaggle/working/k10/S03/weight_PU_M1_final_checkpoint_FS03toS03_s2024/NEW_PU/Target-目标域/log&pt/(B2)N15_M07_F10→(B3)N15_M07_F04
任务: (B2)N15_M07_F10→(B3)N15_M07_F04; 批次:····0/·1880;  总正确率: 87.03%
类型1 正确率： 100.00% -> 1  100.00%, 2    0.00%, 3    0.00%
类型2 正确率：  97.00% -> 1    0.00%, 2   97.10%, 3    2.90%
类型3 正确率：  64.00% -> 1    0.00%, 2   36.00%, 3   64.00%


样本变换：reverse
样本变换：mask
样本变换：shift
样本变换：none
未过滤	未用伪标签：87.03% -> 使用伪标签：88.02%
已过滤	未用伪标签：88.59% -> 使用伪标签：90.49%
排除样本：164|6000	剩余：2000, 2355, 1481
增添样本：1229		细则：355, 0, 874	正确率估算：93.17%
类型1 正确率： 100.00% -> 1  100.00%, 2    0.00%, 3    0.00%
类型2 正确率：  96.00% -> 1    0.00%, 2   95.78%, 3    4.22%
类型3 正确率：  75.00% -> 1    0.00%, 2   25.24%, 3   74.76%

被排除样本 正确率：31.71%
类型1 正确率：  88.00% -> 1   88.24%, 2   11.76%
类型2 正确率：  17.00% -> 1   83.08%, 2   16.92%


轮次:··1/·20 || c_Loss:0.477 || e_Loss:-1.541 || Aad_Loss:-26.270 || 耗时：34.86s
轮次:··2/·20 || c_Loss:0.394 || e_Loss:-0.734 || Aad_Loss:-30.998 || 耗时：13.47s
轮次:··3/·20 || c_Loss:0.404 || e_Loss:-1.718 || Aad_Loss:-24.373 || 耗时：13.34s
轮次:··4/·20 || c_Loss:0.389 || e_Loss:-1.710 || Aad_Loss:-24.719 || 耗时：13.36s
轮次:··5/·20 || c_Loss:0.428 || e_Loss:-0.773 || Aad_Loss:-27.354 || 耗时：13.34s
任务: (B2)N15_M07_F10→(B3)N15_M07_F04; mix批次:····0; 批次:··470/·1880;  总正确率: 90.37%
类型1 正确率： 100.00% -> 1  100.00%, 2    0.00%, 3    0.00%
类型2 正确率：  96.00% -> 1    0.00%, 2   96.25%, 3    3.75%
类型3 正确率：  75.00% -> 1    0.00%, 2   25.15%, 3   74.85%


样本变换：reverse
样本变换：mask
样本变换：shift
样本变换：none
未过滤	未用伪标签：90.37% -> 使用伪标签：92.67%
已过滤	未用伪标签：91.32% -> 使用伪标签：94.05%
排除样本：88|6000	剩余：2000, 2020, 1892
增添样本：148		细则：20, 0, 128	正确率估算：90.54%
类型1 正确率： 100.00% -> 1  100.00%, 2    0.00%, 3    0.00%
类型2 正确率：  92.00% -> 1    0.00%, 2   92.16%, 3    7.84%
类型3 正确率：  90.00% -> 1    0.00%, 2   10.19%, 3   89.81%

被排除样本 正确率：26.14%
类型1 正确率： 100.00% -> 1  100.00%, 2    0.00%
类型2 正确率：   2.00% -> 1   98.48%, 2    1.52%


轮次:··6/·20 || c_Loss:0.347 || e_Loss:-1.793 || Aad_Loss:-26.171 || 耗时：34.32s
轮次:··7/·20 || c_Loss:0.376 || e_Loss:-1.685 || Aad_Loss:-26.898 || 耗时：13.27s
轮次:··8/·20 || c_Loss:0.417 || e_Loss:-0.798 || Aad_Loss:-28.873 || 耗时：13.22s
轮次:··9/·20 || c_Loss:0.387 || e_Loss:-1.596 || Aad_Loss:-26.575 || 耗时：13.22s
轮次:·10/·20 || c_Loss:0.371 || e_Loss:-1.689 || Aad_Loss:-27.111 || 耗时：13.21s
任务: (B2)N15_M07_F10→(B3)N15_M07_F04; mix批次:····0; 批次:··940/·1880;  总正确率: 95.45%
类型1 正确率： 100.00% -> 1  100.00%, 2    0.00%, 3    0.00%
类型2 正确率：  92.00% -> 1    0.00%, 2   92.00%, 3    8.00%
类型3 正确率：  94.00% -> 1    0.00%, 2    5.65%, 3   94.35%


样本变换：reverse
样本变换：mask
样本变换：shift
样本变换：none
未过滤	未用伪标签：95.45% -> 使用伪标签：94.63%
已过滤	未用伪标签：95.72% -> 使用伪标签：95.41%
排除样本：49|6000	剩余：2000, 1773, 2178
增添样本：583		细则：178, 405, 0	正确率估算：100.00%
类型1 正确率： 100.00% -> 1  100.00%, 2    0.00%, 3    0.00%
类型2 正确率：  88.00% -> 1    0.00%, 2   88.07%, 3   11.93%
类型3 正确率：  98.00% -> 1    0.00%, 2    1.92%, 3   98.08%

被排除样本 正确率：63.27%
类型1 正确率： 100.00% -> 1  100.00%, 2    0.00%
类型2 正确率：   5.00% -> 1   94.74%, 2    5.26%


轮次:·11/·20 || c_Loss:0.359 || e_Loss:-0.897 || Aad_Loss:-30.127 || 耗时：34.39s
轮次:·12/·20 || c_Loss:0.405 || e_Loss:-0.923 || Aad_Loss:-30.309 || 耗时：13.34s
轮次:·13/·20 || c_Loss:0.392 || e_Loss:-0.920 || Aad_Loss:-27.750 || 耗时：13.37s
轮次:·14/·20 || c_Loss:0.400 || e_Loss:-0.901 || Aad_Loss:-26.908 || 耗时：13.35s
轮次:·15/·20 || c_Loss:0.411 || e_Loss:-0.896 || Aad_Loss:-29.685 || 耗时：13.34s
任务: (B2)N15_M07_F10→(B3)N15_M07_F04; mix批次:····0; 批次:·1410/·1880;  总正确率: 96.33%
类型1 正确率： 100.00% -> 1  100.00%, 2    0.00%, 3    0.00%
类型2 正确率：  92.00% -> 1    0.00%, 2   92.00%, 3    8.00%
类型3 正确率：  97.00% -> 1    0.00%, 2    3.00%, 3   97.00%


样本变换：reverse
样本变换：mask
样本变换：shift
样本变换：none
未过滤	未用伪标签：96.33% -> 使用伪标签：95.33%
已过滤	未用伪标签：96.37% -> 使用伪标签：95.75%
排除样本：26|6000	剩余：2000, 1742, 2232
增添样本：722		细则：232, 490, 0	正确率估算：100.00%
类型1 正确率： 100.00% -> 1  100.00%, 2    0.00%, 3    0.00%
类型2 正确率：  88.00% -> 1    0.00%, 2   87.61%, 3   12.39%
类型3 正确率： 100.00% -> 1    0.00%, 2    0.45%, 3   99.55%

被排除样本 正确率：88.46%
类型1 正确率： 100.00% -> 1  100.00%, 2    0.00%
类型2 正确率：  25.00% -> 1   75.00%, 2   25.00%


轮次:·16/·20 || c_Loss:0.376 || e_Loss:-1.707 || Aad_Loss:-30.191 || 耗时：34.63s
轮次:·17/·20 || c_Loss:0.399 || e_Loss:-0.966 || Aad_Loss:-28.439 || 耗时：13.22s
轮次:·18/·20 || c_Loss:0.377 || e_Loss:-1.815 || Aad_Loss:-29.779 || 耗时：13.21s
轮次:·19/·20 || c_Loss:0.387 || e_Loss:-0.917 || Aad_Loss:-28.592 || 耗时：13.23s
轮次:·20/·20 || c_Loss:0.393 || e_Loss:-0.951 || Aad_Loss:-31.166 || 耗时：13.25s
任务: (B2)N15_M07_F10→(B3)N15_M07_F04; mix批次:····0; 批次:·1880/·1880;  总正确率: 96.30%
类型1 正确率： 100.00% -> 1  100.00%, 2    0.00%, 3    0.00%
类型2 正确率：  89.00% -> 1    0.00%, 2   89.30%, 3   10.70%
类型3 正确率： 100.00% -> 1    0.00%, 2    0.40%, 3   99.60%


测试集任务: (B2)N15_M07_F10→(B3)N15_M07_F04; 总正确率 = 96.30%
类型1 正确率： 100.00% -> 1  100.00%, 2    0.00%, 3    0.00%
类型2 正确率：  89.00% -> 1    0.00%, 2   89.30%, 3   10.70%
类型3 正确率： 100.00% -> 1    0.00%, 2    0.40%, 3   99.60%


