读取源域路径：/kaggle/working/k10/S03/weight_PU_M1_final_checkpoint_FS03toS03_s2024/NEW_PU/Source-源域/log&pt/(B1)N15_M01_F10
excel输出位置：/kaggle/working/k10/S03/weight_PU_M1_final_checkpoint_FS03toS03_s2024/NEW_PU/Target-目标域
特征图片输出位置：/kaggle/working/k10/S03/weight_PU_M1_final_checkpoint_FS03toS03_s2024/NEW_PU/Picture-特征图/2026年09月16日18时51分/(B1)N15_M01_F10
现在选取:(B1)N15_M01_F10 进行训练的源模型
现在进行：(B1)N15_M01_F10→(B3)N15_M07_F04 的迁移任务
log&pt输出位置：/kaggle/working/k10/S03/weight_PU_M1_final_checkpoint_FS03toS03_s2024/NEW_PU/Target-目标域/log&pt/(B1)N15_M01_F10→(B3)N15_M07_F04
任务: (B1)N15_M01_F10→(B3)N15_M07_F04; 批次:····0/·1880;  总正确率: 75.20%
类型1 正确率： 100.00% -> 1  100.00%, 2    0.00%, 3    0.00%
类型2 正确率：  98.00% -> 1    0.00%, 2   98.25%, 3    1.75%
类型3 正确率：  27.00% -> 1    0.00%, 2   72.65%, 3   27.35%


样本变换：reverse
样本变换：mask
样本变换：shift
样本变换：none
未过滤	未用伪标签：75.20% -> 使用伪标签：77.42%
已过滤	未用伪标签：75.23% -> 使用伪标签：77.49%
排除样本：6|6000	剩余：2000, 3329, 665
增添样本：3993		细则：1329, 0, 2664	正确率估算：89.72%
类型1 正确率： 100.00% -> 1  100.00%, 2    0.00%, 3    0.00%
类型2 正确率： 100.00% -> 1    0.00%, 2   99.60%, 3    0.40%
类型3 正确率：  33.00% -> 1    0.00%, 2   67.12%, 3   32.88%

被排除样本 正确率：50.00%
类型1 正确率：  75.00% -> 1   75.00%, 2   25.00%
类型2 正确率：   0.00% -> 1  100.00%, 2    0.00%


轮次:··1/·20 || c_Loss:0.529 || e_Loss:-0.963 || Aad_Loss:-34.969 || 耗时：35.35s
轮次:··2/·20 || c_Loss:0.391 || e_Loss:-1.010 || Aad_Loss:-31.686 || 耗时：13.39s
轮次:··3/·20 || c_Loss:0.400 || e_Loss:-0.944 || Aad_Loss:-33.318 || 耗时：13.34s
轮次:··4/·20 || c_Loss:0.369 || e_Loss:-0.885 || Aad_Loss:-37.348 || 耗时：13.34s
轮次:··5/·20 || c_Loss:0.410 || e_Loss:-0.929 || Aad_Loss:-33.414 || 耗时：13.33s
任务: (B1)N15_M01_F10→(B3)N15_M07_F04; mix批次:····0; 批次:··470/·1880;  总正确率: 77.62%
类型1 正确率： 100.00% -> 1  100.00%, 2    0.00%, 3    0.00%
类型2 正确率： 100.00% -> 1    0.00%, 2   99.85%, 3    0.15%
类型3 正确率：  33.00% -> 1    0.00%, 2   67.00%, 3   33.00%


样本变换：reverse
样本变换：mask
样本变换：shift
样本变换：none
未过滤	未用伪标签：77.62% -> 使用伪标签：77.67%
已过滤	未用伪标签：77.62% -> 使用伪标签：77.67%
排除样本：2000|6000	剩余：3340, 660
增添样本：4020		细则：1340, 0, 2680	正确率估算：100.00%
类型1 正确率： 100.00% -> 1  100.00%, 2    0.00%, 3    0.00%
类型2 正确率： 100.00% -> 1    0.00%, 2  100.00%, 3    0.00%
类型3 正确率：  33.00% -> 1    0.00%, 2   67.00%, 3   33.00%

被排除样本 正确率：nan%


轮次:··6/·20 || c_Loss:0.374 || e_Loss:-0.940 || Aad_Loss:-35.777 || 耗时：35.34s
轮次:··7/·20 || c_Loss:0.371 || e_Loss:-0.921 || Aad_Loss:-36.258 || 耗时：13.36s
轮次:··8/·20 || c_Loss:0.372 || e_Loss:-0.834 || Aad_Loss:-40.163 || 耗时：13.35s
轮次:··9/·20 || c_Loss:0.371 || e_Loss:-0.922 || Aad_Loss:-36.037 || 耗时：13.34s
轮次:·10/·20 || c_Loss:0.383 || e_Loss:-0.848 || Aad_Loss:-39.735 || 耗时：13.34s
任务: (B1)N15_M01_F10→(B3)N15_M07_F04; mix批次:····0; 批次:··940/·1880;  总正确率: 77.63%
类型1 正确率： 100.00% -> 1  100.00%, 2    0.00%, 3    0.00%
类型2 正确率： 100.00% -> 1    0.00%, 2   99.90%, 3    0.10%
类型3 正确率：  33.00% -> 1    0.00%, 2   67.00%, 3   33.00%


样本变换：reverse
样本变换：mask
样本变换：shift
样本变换：none
未过滤	未用伪标签：77.63% -> 使用伪标签：77.67%
已过滤	未用伪标签：77.63% -> 使用伪标签：77.67%
排除样本：2000|6000	剩余：3340, 660
增添样本：4020		细则：1340, 0, 2680	正确率估算：100.00%
类型1 正确率： 100.00% -> 1  100.00%, 2    0.00%, 3    0.00%
类型2 正确率： 100.00% -> 1    0.00%, 2  100.00%, 3    0.00%
类型3 正确率：  33.00% -> 1    0.00%, 2   67.00%, 3   33.00%

被排除样本 正确率：nan%


轮次:·11/·20 || c_Loss:0.374 || e_Loss:-0.942 || Aad_Loss:-36.089 || 耗时：35.23s
轮次:·12/·20 || c_Loss:0.371 || e_Loss:-0.922 || Aad_Loss:-36.503 || 耗时：13.35s
轮次:·13/·20 || c_Loss:0.370 || e_Loss:-0.834 || Aad_Loss:-40.425 || 耗时：13.34s
轮次:·14/·20 || c_Loss:0.370 || e_Loss:-0.923 || Aad_Loss:-36.231 || 耗时：13.36s
轮次:·15/·20 || c_Loss:0.381 || e_Loss:-0.848 || Aad_Loss:-39.968 || 耗时：13.34s
任务: (B1)N15_M01_F10→(B3)N15_M07_F04; mix批次:····0; 批次:·1410/·1880;  总正确率: 77.63%
类型1 正确率： 100.00% -> 1  100.00%, 2    0.00%, 3    0.00%
类型2 正确率： 100.00% -> 1    0.00%, 2   99.90%, 3    0.10%
类型3 正确率：  33.00% -> 1    0.00%, 2   67.00%, 3   33.00%


样本变换：reverse
样本变换：mask
样本变换：shift
样本变换：none
未过滤	未用伪标签：77.63% -> 使用伪标签：77.67%
已过滤	未用伪标签：77.63% -> 使用伪标签：77.67%
排除样本：2000|6000	剩余：3340, 660
增添样本：4020		细则：1340, 0, 2680	正确率估算：100.00%
类型1 正确率： 100.00% -> 1  100.00%, 2    0.00%, 3    0.00%
类型2 正确率： 100.00% -> 1    0.00%, 2  100.00%, 3    0.00%
类型3 正确率：  33.00% -> 1    0.00%, 2   67.00%, 3   33.00%

被排除样本 正确率：nan%


轮次:·16/·20 || c_Loss:0.374 || e_Loss:-0.943 || Aad_Loss:-36.242 || 耗时：35.29s
轮次:·17/·20 || c_Loss:0.370 || e_Loss:-0.922 || Aad_Loss:-36.637 || 耗时：13.34s
轮次:·18/·20 || c_Loss:0.370 || e_Loss:-0.835 || Aad_Loss:-40.573 || 耗时：13.34s
轮次:·19/·20 || c_Loss:0.370 || e_Loss:-0.923 || Aad_Loss:-36.345 || 耗时：13.36s
轮次:·20/·20 || c_Loss:0.379 || e_Loss:-0.848 || Aad_Loss:-40.111 || 耗时：13.34s
任务: (B1)N15_M01_F10→(B3)N15_M07_F04; mix批次:····0; 批次:·1880/·1880;  总正确率: 77.63%
类型1 正确率： 100.00% -> 1  100.00%, 2    0.00%, 3    0.00%
类型2 正确率： 100.00% -> 1    0.00%, 2   99.90%, 3    0.10%
类型3 正确率：  33.00% -> 1    0.00%, 2   67.00%, 3   33.00%


测试集任务: (B1)N15_M01_F10→(B3)N15_M07_F04; 总正确率 = 77.63%
类型1 正确率： 100.00% -> 1  100.00%, 2    0.00%, 3    0.00%
类型2 正确率： 100.00% -> 1    0.00%, 2   99.90%, 3    0.10%
类型3 正确率：  33.00% -> 1    0.00%, 2   67.00%, 3   33.00%


