读取源域路径：/kaggle/working/k10/S03/weight_PU_M1_final_checkpoint_FS03toS03_s2024/NEW_PU/Source-源域/log&pt/(B2)N15_M07_F10
excel输出位置：/kaggle/working/k10/S03/weight_PU_M1_final_checkpoint_FS03toS03_s2024/NEW_PU/Target-目标域
特征图片输出位置：/kaggle/working/k10/S03/weight_PU_M1_final_checkpoint_FS03toS03_s2024/NEW_PU/Picture-特征图/2026年09月16日18时58分/(B2)N15_M07_F10
现在选取:(B2)N15_M07_F10 进行训练的源模型
现在进行：(B2)N15_M07_F10→(B1)N15_M01_F10 的迁移任务
log&pt输出位置：/kaggle/working/k10/S03/weight_PU_M1_final_checkpoint_FS03toS03_s2024/NEW_PU/Target-目标域/log&pt/(B2)N15_M07_F10→(B1)N15_M01_F10
任务: (B2)N15_M07_F10→(B1)N15_M01_F10; 批次:····0/·1880;  总正确率: 99.40%
类型1 正确率： 100.00% -> 1  100.00%, 2    0.00%, 3    0.00%
类型2 正确率：  98.00% -> 1    0.00%, 2   98.30%, 3    1.70%
类型3 正确率： 100.00% -> 1    0.00%, 2    0.10%, 3   99.90%


样本变换：reverse
样本变换：mask
样本变换：shift
样本变换：none
未过滤	未用伪标签：99.40% -> 使用伪标签：99.40%
已过滤	未用伪标签：99.55% -> 使用伪标签：99.62%
排除样本：13|6000	剩余：2000, 1969, 2018
增添样本：67		细则：18, 49, 0	正确率估算：100.00%
类型1 正确率： 100.00% -> 1  100.00%, 2    0.00%, 3    0.00%
类型2 正确率：  99.00% -> 1    0.00%, 2   98.89%, 3    1.11%
类型3 正确率： 100.00% -> 1    0.00%, 2    0.05%, 3   99.95%

被排除样本 正确率：30.77%
类型1 正确率：  20.00% -> 1   20.00%, 2   80.00%
类型2 正确率：  67.00% -> 1   33.33%, 2   66.67%


轮次:··1/·20 || c_Loss:0.529 || e_Loss:-1.068 || Aad_Loss:-27.148 || 耗时：34.39s
轮次:··2/·20 || c_Loss:0.416 || e_Loss:-1.012 || Aad_Loss:-28.182 || 耗时：13.42s
轮次:··3/·20 || c_Loss:0.385 || e_Loss:-1.017 || Aad_Loss:-29.111 || 耗时：13.33s
轮次:··4/·20 || c_Loss:0.379 || e_Loss:-1.002 || Aad_Loss:-29.282 || 耗时：13.32s
轮次:··5/·20 || c_Loss:0.371 || e_Loss:-1.003 || Aad_Loss:-29.873 || 耗时：13.32s
任务: (B2)N15_M07_F10→(B1)N15_M01_F10; mix批次:····0; 批次:··470/·1880;  总正确率: 99.95%
类型1 正确率： 100.00% -> 1  100.00%, 2    0.00%, 3    0.00%
类型2 正确率： 100.00% -> 1    0.00%, 2   99.85%, 3    0.15%
类型3 正确率： 100.00% -> 1    0.00%, 2    0.00%, 3  100.00%


样本变换：reverse
样本变换：mask
样本变换：shift
样本变换：none
未过滤	未用伪标签：99.95% -> 使用伪标签：99.92%
已过滤	未用伪标签：99.98% -> 使用伪标签：99.98%
排除样本：4|6000	剩余：2000, 1995, 2001
增添样本：7		细则：1, 6, 0	正确率估算：100.00%
类型1 正确率： 100.00% -> 1  100.00%, 2    0.00%, 3    0.00%
类型2 正确率： 100.00% -> 1    0.00%, 2   99.95%, 3    0.05%
类型3 正确率： 100.00% -> 1    0.00%, 2    0.00%, 3  100.00%

被排除样本 正确率：50.00%
类型1 正确率：  50.00% -> 1   50.00%, 2   50.00%
类型2 没有样本或未被分类。


轮次:··6/·20 || c_Loss:0.380 || e_Loss:-0.962 || Aad_Loss:-25.095 || 耗时：34.44s
轮次:··7/·20 || c_Loss:0.382 || e_Loss:-1.002 || Aad_Loss:-25.220 || 耗时：13.35s
轮次:··8/·20 || c_Loss:0.373 || e_Loss:-1.012 || Aad_Loss:-26.259 || 耗时：13.31s
轮次:··9/·20 || c_Loss:0.377 || e_Loss:-0.998 || Aad_Loss:-26.006 || 耗时：13.35s
轮次:·10/·20 || c_Loss:0.384 || e_Loss:-0.946 || Aad_Loss:-26.209 || 耗时：13.34s
任务: (B2)N15_M07_F10→(B1)N15_M01_F10; mix批次:····0; 批次:··940/·1880;  总正确率: 99.98%
类型1 正确率： 100.00% -> 1  100.00%, 2    0.00%, 3    0.00%
类型2 正确率： 100.00% -> 1    0.00%, 2  100.00%, 3    0.00%
类型3 正确率： 100.00% -> 1    0.00%, 2    0.05%, 3   99.95%


样本变换：reverse
样本变换：mask
样本变换：shift
样本变换：none
未过滤	未用伪标签：99.98% -> 使用伪标签：99.97%
已过滤	未用伪标签：99.98% -> 使用伪标签：100.00%
排除样本：2|6000	剩余：2000, 2000, 1998
增添样本：2		细则：0, 0, 2	正确率估算：100.00%
类型1 正确率： 100.00% -> 1  100.00%, 2    0.00%, 3    0.00%
类型2 正确率： 100.00% -> 1    0.00%, 2  100.00%, 3    0.00%
类型3 正确率： 100.00% -> 1    0.00%, 2    0.00%, 3  100.00%

被排除样本 正确率：100.00%
类型1 正确率： 100.00% -> 1  100.00%


轮次:·11/·20 || c_Loss:0.380 || e_Loss:-0.975 || Aad_Loss:-24.365 || 耗时：34.20s
轮次:·12/·20 || c_Loss:0.384 || e_Loss:-1.009 || Aad_Loss:-23.747 || 耗时：13.32s
轮次:·13/·20 || c_Loss:0.386 || e_Loss:-0.982 || Aad_Loss:-23.491 || 耗时：13.38s
轮次:·14/·20 || c_Loss:0.378 || e_Loss:-1.011 || Aad_Loss:-24.041 || 耗时：13.35s
轮次:·15/·20 || c_Loss:0.377 || e_Loss:-0.985 || Aad_Loss:-24.337 || 耗时：13.32s
任务: (B2)N15_M07_F10→(B1)N15_M01_F10; mix批次:····0; 批次:·1410/·1880;  总正确率: 100.00%
类型1 正确率： 100.00% -> 1  100.00%, 2    0.00%, 3    0.00%
类型2 正确率： 100.00% -> 1    0.00%, 2  100.00%, 3    0.00%
类型3 正确率： 100.00% -> 1    0.00%, 2    0.00%, 3  100.00%


样本变换：reverse
样本变换：mask
样本变换：shift
样本变换：none
未过滤	未用伪标签：100.00% -> 使用伪标签：99.90%
已过滤	未用伪标签：100.00% -> 使用伪标签：100.00%
排除样本：6|6000	剩余：2000, 2000, 1994
增添样本：6		细则：0, 0, 6	正确率估算：100.00%
类型1 正确率： 100.00% -> 1  100.00%, 2    0.00%, 3    0.00%
类型2 正确率： 100.00% -> 1    0.00%, 2  100.00%, 3    0.00%
类型3 正确率： 100.00% -> 1    0.00%, 2    0.00%, 3  100.00%

被排除样本 正确率：100.00%
类型1 正确率： 100.00% -> 1  100.00%


轮次:·16/·20 || c_Loss:0.374 || e_Loss:-1.016 || Aad_Loss:-26.230 || 耗时：34.15s
轮次:·17/·20 || c_Loss:0.388 || e_Loss:-0.940 || Aad_Loss:-26.591 || 耗时：13.33s
轮次:·18/·20 || c_Loss:0.379 || e_Loss:-1.758 || Aad_Loss:-25.330 || 耗时：13.36s
轮次:·19/·20 || c_Loss:0.372 || e_Loss:-0.947 || Aad_Loss:-27.652 || 耗时：13.33s
轮次:·20/·20 || c_Loss:0.374 || e_Loss:-0.951 || Aad_Loss:-27.796 || 耗时：13.32s
任务: (B2)N15_M07_F10→(B1)N15_M01_F10; mix批次:····0; 批次:·1880/·1880;  总正确率: 100.00%
类型1 正确率： 100.00% -> 1  100.00%, 2    0.00%, 3    0.00%
类型2 正确率： 100.00% -> 1    0.00%, 2  100.00%, 3    0.00%
类型3 正确率： 100.00% -> 1    0.00%, 2    0.00%, 3  100.00%


测试集任务: (B2)N15_M07_F10→(B1)N15_M01_F10; 总正确率 = 100.00%
类型1 正确率： 100.00% -> 1  100.00%, 2    0.00%, 3    0.00%
类型2 正确率： 100.00% -> 1    0.00%, 2  100.00%, 3    0.00%
类型3 正确率： 100.00% -> 1    0.00%, 2    0.00%, 3  100.00%


