

现在开始拿源域训练集：(B1)N15_M01_F10 进行训练
源域读取路径：/kaggle/working/k10/S03/sdalr_PU_final_checkpoint/DATA_foldS03/PU_M1_L3/N15_M01_F10_label.txt
excel输出位置：/kaggle/working/k10/S03/weight_src_PU_M1_FS03_s2024/NEW_PU/Source-源域
log&pt输出位置：/kaggle/working/k10/S03/weight_src_PU_M1_FS03_s2024/NEW_PU/Source-源域/log&pt/(B1)N15_M01_F10
特征图片输出位置：/kaggle/working/k10/S03/weight_src_PU_M1_FS03_s2024/NEW_PU/Picture-特征图/2026年09月16日18时40分/(B1)N15_M01_F10
源域训练开始
轮次:··1/·10 || loss:0.002 || 耗时：9.04s
轮次:··2/·10 || loss:0.010 || 耗时：7.93s
轮次:··3/·10 || loss:0.007 || 耗时：7.95s
轮次:··4/·10 || loss:0.005 || 耗时：8.09s
轮次:··5/·10 || loss:0.003 || 耗时：8.27s
任务: (B1)N15_M01_F10; mix批次:····0; 批次:··330/··660; 总正确率 = 100.00%
类型1 正确率： 100.00% -> 1  100.00%, 2    0.00%, 3    0.00%
类型2 正确率： 100.00% -> 1    0.00%, 2  100.00%, 3    0.00%
类型3 正确率： 100.00% -> 1    0.00%, 2    0.00%, 3  100.00%


轮次:··6/·10 || loss:0.001 || 耗时：8.45s
轮次:··7/·10 || loss:0.018 || 耗时：8.64s
轮次:··8/·10 || loss:0.006 || 耗时：8.80s
轮次:··9/·10 || loss:0.000 || 耗时：8.97s
轮次:·10/·10 || loss:0.000 || 耗时：9.19s
任务: (B1)N15_M01_F10; mix批次:····0; 批次:··660/··660; 总正确率 = 100.00%
类型1 正确率： 100.00% -> 1  100.00%, 2    0.00%, 3    0.00%
类型2 正确率： 100.00% -> 1    0.00%, 2  100.00%, 3    0.00%
类型3 正确率： 100.00% -> 1    0.00%, 2    0.00%, 3  100.00%


测试集任务: (B1)N15_M01_F10; 总正确率 = 100.00%
类型1 正确率： 100.00% -> 1  100.00%, 2    0.00%, 3    0.00%
类型2 正确率： 100.00% -> 1    0.00%, 2  100.00%, 3    0.00%
类型3 正确率： 100.00% -> 1    0.00%, 2    0.00%, 3  100.00%


源域训练结束

训练好之后，测试目标域
目标域路径：/kaggle/working/k10/S03/sdalr_PU_final_checkpoint/DATA_foldS03/PU_M1_L3/N15_M07_F10_label.txt
测试目标数据集结果如下：
任务: (B1)N15_M01_F10→(B2)N15_M07_F10, 正确率 = 99.92%
类型1 正确率： 100.00% -> 1  100.00%, 2    0.00%, 3    0.00%
类型2 正确率： 100.00% -> 1    0.00%, 2  100.00%, 3    0.00%
类型3 正确率： 100.00% -> 1    0.00%, 2    0.24%, 3   99.76%

目标域路径：/kaggle/working/k10/S03/sdalr_PU_final_checkpoint/DATA_foldS03/PU_M1_L3/N15_M07_F04_label.txt
测试目标数据集结果如下：
任务: (B1)N15_M01_F10→(B3)N15_M07_F04, 正确率 = 75.49%
类型1 正确率： 100.00% -> 1  100.00%, 2    0.00%, 3    0.00%
类型2 正确率：  99.00% -> 1    0.00%, 2   98.52%, 3    1.48%
类型3 正确率：  28.00% -> 1    0.00%, 2   72.06%, 3   27.94%



现在开始拿源域训练集：(B2)N15_M07_F10 进行训练
源域读取路径：/kaggle/working/k10/S03/sdalr_PU_final_checkpoint/DATA_foldS03/PU_M1_L3/N15_M07_F10_label.txt
excel输出位置：/kaggle/working/k10/S03/weight_src_PU_M1_FS03_s2024/NEW_PU/Source-源域
log&pt输出位置：/kaggle/working/k10/S03/weight_src_PU_M1_FS03_s2024/NEW_PU/Source-源域/log&pt/(B2)N15_M07_F10
特征图片输出位置：/kaggle/working/k10/S03/weight_src_PU_M1_FS03_s2024/NEW_PU/Picture-特征图/2026年09月16日18时40分/(B2)N15_M07_F10
源域训练开始
轮次:··1/·10 || loss:0.008 || 耗时：9.64s
轮次:··2/·10 || loss:0.002 || 耗时：9.48s
轮次:··3/·10 || loss:0.003 || 耗时：9.24s
轮次:··4/·10 || loss:0.002 || 耗时：9.09s
轮次:··5/·10 || loss:0.002 || 耗时：9.02s
任务: (B2)N15_M07_F10; mix批次:····0; 批次:··330/··660; 总正确率 = 100.00%
类型1 正确率： 100.00% -> 1  100.00%, 2    0.00%, 3    0.00%
类型2 正确率： 100.00% -> 1    0.00%, 2  100.00%, 3    0.00%
类型3 正确率： 100.00% -> 1    0.00%, 2    0.00%, 3  100.00%


轮次:··6/·10 || loss:0.011 || 耗时：9.03s
轮次:··7/·10 || loss:0.000 || 耗时：9.07s
轮次:··8/·10 || loss:0.000 || 耗时：9.22s
轮次:··9/·10 || loss:0.001 || 耗时：9.26s
轮次:·10/·10 || loss:0.000 || 耗时：9.26s
任务: (B2)N15_M07_F10; mix批次:····0; 批次:··660/··660; 总正确率 = 100.00%
类型1 正确率： 100.00% -> 1  100.00%, 2    0.00%, 3    0.00%
类型2 正确率： 100.00% -> 1    0.00%, 2  100.00%, 3    0.00%
类型3 正确率： 100.00% -> 1    0.00%, 2    0.00%, 3  100.00%


测试集任务: (B2)N15_M07_F10; 总正确率 = 100.00%
类型1 正确率： 100.00% -> 1  100.00%, 2    0.00%, 3    0.00%
类型2 正确率： 100.00% -> 1    0.00%, 2  100.00%, 3    0.00%
类型3 正确率： 100.00% -> 1    0.00%, 2    0.00%, 3  100.00%


源域训练结束

训练好之后，测试目标域
目标域路径：/kaggle/working/k10/S03/sdalr_PU_final_checkpoint/DATA_foldS03/PU_M1_L3/N15_M01_F10_label.txt
测试目标数据集结果如下：
任务: (B2)N15_M07_F10→(B1)N15_M01_F10, 正确率 = 99.26%
类型1 正确率： 100.00% -> 1  100.00%, 2    0.00%, 3    0.00%
类型2 正确率：  98.00% -> 1    0.00%, 2   97.77%, 3    2.23%
类型3 正确率： 100.00% -> 1    0.00%, 2    0.00%, 3  100.00%

目标域路径：/kaggle/working/k10/S03/sdalr_PU_final_checkpoint/DATA_foldS03/PU_M1_L3/N15_M07_F04_label.txt
测试目标数据集结果如下：
任务: (B2)N15_M07_F10→(B3)N15_M07_F04, 正确率 = 85.86%
类型1 正确率： 100.00% -> 1  100.00%, 2    0.00%, 3    0.00%
类型2 正确率：  97.00% -> 1    0.00%, 2   96.93%, 3    3.07%
类型3 正确率：  61.00% -> 1    0.00%, 2   39.36%, 3   60.64%



现在开始拿源域训练集：(B3)N15_M07_F04 进行训练
源域读取路径：/kaggle/working/k10/S03/sdalr_PU_final_checkpoint/DATA_foldS03/PU_M1_L3/N15_M07_F04_label.txt
excel输出位置：/kaggle/working/k10/S03/weight_src_PU_M1_FS03_s2024/NEW_PU/Source-源域
log&pt输出位置：/kaggle/working/k10/S03/weight_src_PU_M1_FS03_s2024/NEW_PU/Source-源域/log&pt/(B3)N15_M07_F04
特征图片输出位置：/kaggle/working/k10/S03/weight_src_PU_M1_FS03_s2024/NEW_PU/Picture-特征图/2026年09月16日18时40分/(B3)N15_M07_F04
源域训练开始
轮次:··1/·10 || loss:0.015 || 耗时：9.24s
轮次:··2/·10 || loss:0.004 || 耗时：9.20s
轮次:··3/·10 || loss:0.057 || 耗时：9.17s
轮次:··4/·10 || loss:0.003 || 耗时：9.17s
轮次:··5/·10 || loss:0.003 || 耗时：9.16s
任务: (B3)N15_M07_F04; mix批次:····0; 批次:··330/··660; 总正确率 = 100.00%
类型1 正确率： 100.00% -> 1  100.00%, 2    0.00%, 3    0.00%
类型2 正确率： 100.00% -> 1    0.00%, 2  100.00%, 3    0.00%
类型3 正确率： 100.00% -> 1    0.00%, 2    0.00%, 3  100.00%


轮次:··6/·10 || loss:0.003 || 耗时：9.18s
轮次:··7/·10 || loss:0.001 || 耗时：9.16s
轮次:··8/·10 || loss:0.048 || 耗时：9.19s
轮次:··9/·10 || loss:0.001 || 耗时：9.19s
轮次:·10/·10 || loss:0.002 || 耗时：9.19s
任务: (B3)N15_M07_F04; mix批次:····0; 批次:··660/··660; 总正确率 = 100.00%
类型1 正确率： 100.00% -> 1  100.00%, 2    0.00%, 3    0.00%
类型2 正确率： 100.00% -> 1    0.00%, 2  100.00%, 3    0.00%
类型3 正确率： 100.00% -> 1    0.00%, 2    0.00%, 3  100.00%


测试集任务: (B3)N15_M07_F04; 总正确率 = 99.92%
类型1 正确率： 100.00% -> 1  100.00%, 2    0.00%, 3    0.00%
类型2 正确率： 100.00% -> 1    0.00%, 2  100.00%, 3    0.00%
类型3 正确率： 100.00% -> 1    0.00%, 2    0.23%, 3   99.77%


源域训练结束

训练好之后，测试目标域
目标域路径：/kaggle/working/k10/S03/sdalr_PU_final_checkpoint/DATA_foldS03/PU_M1_L3/N15_M01_F10_label.txt
测试目标数据集结果如下：
任务: (B3)N15_M07_F04→(B1)N15_M01_F10, 正确率 = 90.33%
类型1 正确率： 100.00% -> 1  100.00%, 2    0.00%, 3    0.00%
类型2 正确率：  99.00% -> 1    0.00%, 2   98.94%, 3    1.06%
类型3 正确率：  72.00% -> 1    0.00%, 2   27.96%, 3   72.04%

目标域路径：/kaggle/working/k10/S03/sdalr_PU_final_checkpoint/DATA_foldS03/PU_M1_L3/N15_M07_F10_label.txt
测试目标数据集结果如下：
任务: (B3)N15_M07_F04→(B2)N15_M07_F10, 正确率 = 95.00%
类型1 正确率： 100.00% -> 1  100.00%, 2    0.00%, 3    0.00%
类型2 正确率： 100.00% -> 1    0.00%, 2  100.00%, 3    0.00%
类型3 正确率：  85.00% -> 1    0.00%, 2   15.01%, 3   84.99%

