读取源域路径：/kaggle/working/k10/S09/weight_PU_M1_final_checkpoint_FS09toS09c_gateoracle_s2024/NEW_PU/Source-源域/log&pt/(B3)N15_M07_F04
excel输出位置：/kaggle/working/k10/S09/weight_PU_M1_final_checkpoint_FS09toS09c_gateoracle_s2024/NEW_PU/Target-目标域
特征图片输出位置：/kaggle/working/k10/S09/weight_PU_M1_final_checkpoint_FS09toS09c_gateoracle_s2024/NEW_PU/Picture-特征图/2026年09月19日13时03分/(B3)N15_M07_F04
现在选取:(B3)N15_M07_F04 进行训练的源模型
现在进行：(B3)N15_M07_F04→(B1)N15_M01_F10 的迁移任务
log&pt输出位置：/kaggle/working/k10/S09/weight_PU_M1_final_checkpoint_FS09toS09c_gateoracle_s2024/NEW_PU/Target-目标域/log&pt/(B3)N15_M07_F04→(B1)N15_M01_F10
任务: (B3)N15_M07_F04→(B1)N15_M01_F10; 批次:····0/·1880;  总正确率: 62.67%
类型1 正确率：  99.00% -> 1   98.95%, 2    1.05%, 3    0.00%
类型2 正确率：  89.00% -> 1    0.00%, 2   89.05%, 3   10.95%
类型3 正确率：   0.00% -> 1    0.00%, 2  100.00%, 3    0.00%


样本变换：reverse
样本变换：mask
样本变换：shift
样本变换：none
未过滤	未用伪标签：62.67% -> 使用伪标签：54.52%
已过滤	未用伪标签：62.14% -> 使用伪标签：55.29%
排除样本：84|6000	剩余：1998, 3275, 643
增添样本：725		细则：0, 725	正确率估算：100.00%
类型1 正确率： 100.00% -> 1   99.90%, 2    0.10%, 3    0.00%
类型2 正确率：  66.00% -> 1    0.00%, 2   66.44%, 3   33.56%
类型3 正确率：   0.00% -> 1    0.00%, 2  100.00%, 3    0.00%

被排除样本 正确率：100.00%
类型1 正确率： 100.00% -> 1  100.00%


轮次:··1/·20 || c_Loss:0.458 || e_Loss:-1.201 || Aad_Loss:-25.725 || 耗时：34.07s
轮次:··2/·20 || c_Loss:0.448 || e_Loss:-1.346 || Aad_Loss:-28.009 || 耗时：13.21s
轮次:··3/·20 || c_Loss:0.467 || e_Loss:-1.405 || Aad_Loss:-26.768 || 耗时：13.10s
轮次:··4/·20 || c_Loss:0.476 || e_Loss:-1.354 || Aad_Loss:-26.531 || 耗时：12.96s
轮次:··5/·20 || c_Loss:0.401 || e_Loss:-1.387 || Aad_Loss:-26.349 || 耗时：12.95s
任务: (B3)N15_M07_F04→(B1)N15_M01_F10; mix批次:····0; 批次:··470/·1880;  总正确率: 63.82%
类型1 正确率： 100.00% -> 1  100.00%, 2    0.00%, 3    0.00%
类型2 正确率：  91.00% -> 1    0.00%, 2   90.95%, 3    9.05%
类型3 正确率：   0.00% -> 1   10.65%, 2   88.85%, 3    0.50%


样本变换：reverse
样本变换：mask
样本变换：shift
样本变换：none
未过滤	未用伪标签：63.82% -> 使用伪标签：81.17%
已过滤	未用伪标签：64.10% -> 使用伪标签：81.62%
排除样本：33|6000	剩余：2034, 3059, 874
增添样本：1130		细则：0, 4, 1126	正确率估算：1.48%
类型1 正确率： 100.00% -> 1  100.00%, 2    0.00%, 3    0.00%
类型2 正确率： 100.00% -> 1    0.00%, 2  100.00%, 3    0.00%
类型3 正确率：  44.00% -> 1    1.73%, 2   53.93%, 3   44.34%

被排除样本 正确率：12.12%
类型1 没有样本或未被分类。
类型2 正确率： 100.00% -> 1    0.00%, 2  100.00%, 3    0.00%
类型3 正确率：   0.00% -> 1   58.62%, 2   41.38%, 3    0.00%


轮次:··6/·20 || c_Loss:0.669 || e_Loss:-1.358 || Aad_Loss:-22.230 || 耗时：34.20s
轮次:··7/·20 || c_Loss:0.633 || e_Loss:-1.349 || Aad_Loss:-22.393 || 耗时：13.19s
轮次:··8/·20 || c_Loss:0.652 || e_Loss:-1.308 || Aad_Loss:-18.445 || 耗时：13.14s
轮次:··9/·20 || c_Loss:0.607 || e_Loss:-1.368 || Aad_Loss:-20.837 || 耗时：13.18s
轮次:·10/·20 || c_Loss:0.475 || e_Loss:-1.367 || Aad_Loss:-27.001 || 耗时：13.10s
任务: (B3)N15_M07_F04→(B1)N15_M01_F10; mix批次:····0; 批次:··940/·1880;  总正确率: 76.20%
类型1 正确率： 100.00% -> 1  100.00%, 2    0.00%, 3    0.00%
类型2 正确率：  76.00% -> 1    0.00%, 2   76.25%, 3   23.75%
类型3 正确率：  52.00% -> 1    0.00%, 2   47.65%, 3   52.35%


样本变换：reverse
样本变换：mask
样本变换：shift
样本变换：none
未过滤	未用伪标签：76.20% -> 使用伪标签：79.52%
已过滤	未用伪标签：76.74% -> 使用伪标签：80.13%
排除样本：46|6000	剩余：2000, 2734, 1220
增添样本：1229		细则：0, 246, 983	正确率估算：97.23%
类型1 正确率： 100.00% -> 1  100.00%, 2    0.00%, 3    0.00%
类型2 正确率：  90.00% -> 1    0.00%, 2   89.63%, 3   10.37%
类型3 正确率：  51.00% -> 1    0.00%, 2   49.07%, 3   50.93%

被排除样本 正确率：6.52%
类型1 正确率：   0.00% -> 1    0.00%, 2  100.00%
类型2 正确率： 100.00% -> 1    0.00%, 2  100.00%


轮次:·11/·20 || c_Loss:0.489 || e_Loss:-1.466 || Aad_Loss:-21.448 || 耗时：34.18s
轮次:·12/·20 || c_Loss:0.467 || e_Loss:-1.429 || Aad_Loss:-25.627 || 耗时：13.15s
轮次:·13/·20 || c_Loss:0.423 || e_Loss:-1.504 || Aad_Loss:-20.499 || 耗时：13.14s
轮次:·14/·20 || c_Loss:0.411 || e_Loss:-1.365 || Aad_Loss:-23.771 || 耗时：13.18s
轮次:·15/·20 || c_Loss:0.393 || e_Loss:-1.526 || Aad_Loss:-22.695 || 耗时：13.17s
任务: (B3)N15_M07_F04→(B1)N15_M01_F10; mix批次:····0; 批次:·1410/·1880;  总正确率: 75.58%
类型1 正确率： 100.00% -> 1  100.00%, 2    0.00%, 3    0.00%
类型2 正确率：  72.00% -> 1    0.00%, 2   72.35%, 3   27.65%
类型3 正确率：  54.00% -> 1    0.00%, 2   45.60%, 3   54.40%


样本变换：reverse
样本变换：mask
样本变换：shift
样本变换：none
未过滤	未用伪标签：75.58% -> 使用伪标签：81.70%
已过滤	未用伪标签：75.79% -> 使用伪标签：81.95%
排除样本：18|6000	剩余：2000, 2883, 1099
增添样本：1098		细则：0, 107, 991	正确率估算：97.18%
类型1 正确率： 100.00% -> 1  100.00%, 2    0.00%, 3    0.00%
类型2 正确率：  95.00% -> 1    0.00%, 2   95.46%, 3    4.54%
类型3 正确率：  50.00% -> 1    0.00%, 2   49.52%, 3   50.48%

被排除样本 正确率：5.56%
类型1 正确率：   0.00% -> 1    0.00%, 2  100.00%
类型2 正确率： 100.00% -> 1    0.00%, 2  100.00%


轮次:·16/·20 || c_Loss:0.433 || e_Loss:-1.467 || Aad_Loss:-28.987 || 耗时：34.11s
轮次:·17/·20 || c_Loss:0.394 || e_Loss:-1.490 || Aad_Loss:-24.767 || 耗时：13.17s
轮次:·18/·20 || c_Loss:0.388 || e_Loss:-1.586 || Aad_Loss:-27.986 || 耗时：13.22s
轮次:·19/·20 || c_Loss:0.381 || e_Loss:-1.620 || Aad_Loss:-27.624 || 耗时：13.18s
轮次:·20/·20 || c_Loss:0.423 || e_Loss:-1.640 || Aad_Loss:-24.001 || 耗时：13.17s
任务: (B3)N15_M07_F04→(B1)N15_M01_F10; mix批次:····0; 批次:·1880/·1880;  总正确率: 80.12%
类型1 正确率： 100.00% -> 1  100.00%, 2    0.00%, 3    0.00%
类型2 正确率：  85.00% -> 1    0.05%, 2   84.75%, 3   15.20%
类型3 正确率：  56.00% -> 1    0.05%, 2   44.35%, 3   55.60%


测试集任务: (B3)N15_M07_F04→(B1)N15_M01_F10; 总正确率 = 80.12%
类型1 正确率： 100.00% -> 1  100.00%, 2    0.00%, 3    0.00%
类型2 正确率：  85.00% -> 1    0.05%, 2   84.75%, 3   15.20%
类型3 正确率：  56.00% -> 1    0.05%, 2   44.35%, 3   55.60%


