读取源域路径：/kaggle/working/k10/S09/weight_PU_M1_final_checkpoint_FS09toS09c_gateoracle_s2024/NEW_PU/Source-源域/log&pt/(B1)N15_M01_F10
excel输出位置：/kaggle/working/k10/S09/weight_PU_M1_final_checkpoint_FS09toS09c_gateoracle_s2024/NEW_PU/Target-目标域
特征图片输出位置：/kaggle/working/k10/S09/weight_PU_M1_final_checkpoint_FS09toS09c_gateoracle_s2024/NEW_PU/Picture-特征图/2026年09月19日12时39分/(B1)N15_M01_F10
现在选取:(B1)N15_M01_F10 进行训练的源模型
现在进行：(B1)N15_M01_F10→(B2)N15_M07_F10 的迁移任务
log&pt输出位置：/kaggle/working/k10/S09/weight_PU_M1_final_checkpoint_FS09toS09c_gateoracle_s2024/NEW_PU/Target-目标域/log&pt/(B1)N15_M01_F10→(B2)N15_M07_F10
任务: (B1)N15_M01_F10→(B2)N15_M07_F10; 批次:····0/·1880;  总正确率: 64.48%
类型1 正确率： 100.00% -> 1   99.85%, 2    0.15%, 3    0.00%
类型2 正确率：  90.00% -> 1    0.05%, 2   90.50%, 3    9.45%
类型3 正确率：   3.00% -> 1    0.00%, 2   96.90%, 3    3.10%


样本变换：reverse
样本变换：mask
样本变换：shift
样本变换：none
未过滤	未用伪标签：64.48% -> 使用伪标签：62.53%
已过滤	未用伪标签：64.31% -> 使用伪标签：62.98%
排除样本：43|6000	剩余：1995, 1817, 2145
增添样本：2233		细则：0, 1207, 1026	正确率估算：48.15%
类型1 正确率： 100.00% -> 1   99.85%, 2    0.15%, 3    0.00%
类型2 正确率：  40.00% -> 1    0.00%, 2   40.12%, 3   59.88%
类型3 正确率：  49.00% -> 1    0.00%, 2   51.43%, 3   48.57%

被排除样本 正确率：88.37%
类型1 正确率： 100.00% -> 1  100.00%, 2    0.00%, 3    0.00%
类型2 正确率： 100.00% -> 1    0.00%, 2  100.00%, 3    0.00%
类型3 正确率：   0.00% -> 1    0.00%, 2  100.00%, 3    0.00%


轮次:··1/·20 || c_Loss:0.515 || e_Loss:-1.065 || Aad_Loss:-21.604 || 耗时：35.32s
轮次:··2/·20 || c_Loss:0.399 || e_Loss:-1.325 || Aad_Loss:-21.355 || 耗时：13.26s
轮次:··3/·20 || c_Loss:0.324 || e_Loss:-1.439 || Aad_Loss:-22.350 || 耗时：13.18s
轮次:··4/·20 || c_Loss:0.406 || e_Loss:-1.561 || Aad_Loss:-18.926 || 耗时：12.89s
轮次:··5/·20 || c_Loss:0.341 || e_Loss:-1.696 || Aad_Loss:-21.287 || 耗时：12.94s
任务: (B1)N15_M01_F10→(B2)N15_M07_F10; mix批次:····0; 批次:··470/·1880;  总正确率: 70.90%
类型1 正确率： 100.00% -> 1  100.00%, 2    0.00%, 3    0.00%
类型2 正确率：  63.00% -> 1    2.05%, 2   62.70%, 3   35.25%
类型3 正确率：  50.00% -> 1    0.00%, 2   50.00%, 3   50.00%


样本变换：reverse
样本变换：mask
样本变换：shift
样本变换：none
未过滤	未用伪标签：70.90% -> 使用伪标签：71.13%
已过滤	未用伪标签：71.14% -> 使用伪标签：71.45%
排除样本：27|6000	剩余：2041, 2268, 1664
增添样本：1732		细则：0, 732, 1000	正确率估算：96.82%
类型1 正确率： 100.00% -> 1  100.00%, 2    0.00%, 3    0.00%
类型2 正确率：  64.00% -> 1    2.08%, 2   64.27%, 3   33.65%
类型3 正确率：  50.00% -> 1    0.00%, 2   50.00%, 3   50.00%

被排除样本 正确率：18.52%
类型1 没有样本或未被分类。
类型2 正确率：  19.00% -> 1   22.22%, 2   18.52%, 3   59.26%
类型3 没有样本或未被分类。


轮次:··6/·20 || c_Loss:0.378 || e_Loss:-1.564 || Aad_Loss:-24.588 || 耗时：34.60s
轮次:··7/·20 || c_Loss:0.416 || e_Loss:-1.585 || Aad_Loss:-23.917 || 耗时：13.31s
轮次:··8/·20 || c_Loss:0.392 || e_Loss:-1.591 || Aad_Loss:-22.509 || 耗时：13.29s
轮次:··9/·20 || c_Loss:0.392 || e_Loss:-1.696 || Aad_Loss:-23.010 || 耗时：13.17s
轮次:·10/·20 || c_Loss:0.422 || e_Loss:-1.584 || Aad_Loss:-21.244 || 耗时：13.14s
任务: (B1)N15_M01_F10→(B2)N15_M07_F10; mix批次:····0; 批次:··940/·1880;  总正确率: 80.17%
类型1 正确率： 100.00% -> 1  100.00%, 2    0.00%, 3    0.00%
类型2 正确率：  90.00% -> 1    0.25%, 2   90.50%, 3    9.25%
类型3 正确率：  50.00% -> 1    0.00%, 2   50.00%, 3   50.00%


样本变换：reverse
样本变换：mask
样本变换：shift
样本变换：none
未过滤	未用伪标签：80.17% -> 使用伪标签：80.05%
已过滤	未用伪标签：80.23% -> 使用伪标签：80.38%
排除样本：25|6000	剩余：2000, 2803, 1172
增添样本：1197		细则：0, 197, 1000	正确率估算：99.58%
类型1 正确率： 100.00% -> 1  100.00%, 2    0.00%, 3    0.00%
类型2 正确率：  91.00% -> 1    0.00%, 2   91.29%, 3    8.71%
类型3 正确率：  50.00% -> 1    0.00%, 2   50.00%, 3   50.00%

被排除样本 正确率：64.00%
类型1 没有样本或未被分类。
类型2 正确率：  64.00% -> 1    4.00%, 2   64.00%, 3   32.00%
类型3 没有样本或未被分类。


轮次:·11/·20 || c_Loss:0.412 || e_Loss:-1.558 || Aad_Loss:-26.646 || 耗时：34.10s
轮次:·12/·20 || c_Loss:0.385 || e_Loss:-1.636 || Aad_Loss:-25.736 || 耗时：13.14s
轮次:·13/·20 || c_Loss:0.375 || e_Loss:-1.646 || Aad_Loss:-26.478 || 耗时：13.19s
轮次:·14/·20 || c_Loss:0.420 || e_Loss:-1.658 || Aad_Loss:-24.920 || 耗时：13.16s
轮次:·15/·20 || c_Loss:0.382 || e_Loss:-1.623 || Aad_Loss:-27.861 || 耗时：13.14s
任务: (B1)N15_M01_F10→(B2)N15_M07_F10; mix批次:····0; 批次:·1410/·1880;  总正确率: 83.20%
类型1 正确率： 100.00% -> 1  100.00%, 2    0.00%, 3    0.00%
类型2 正确率： 100.00% -> 1    0.15%, 2   99.60%, 3    0.25%
类型3 正确率：  50.00% -> 1    0.10%, 2   49.90%, 3   50.00%


样本变换：reverse
样本变换：mask
样本变换：shift
样本变换：none
未过滤	未用伪标签：83.20% -> 使用伪标签：83.32%
已过滤	未用伪标签：83.20% -> 使用伪标签：83.32%
排除样本：2000|6000	剩余：2999, 1001
增添样本：1001		细则：0, 1, 1000	正确率估算：100.00%
类型1 正确率： 100.00% -> 1  100.00%, 2    0.00%, 3    0.00%
类型2 正确率： 100.00% -> 1    0.00%, 2   99.95%, 3    0.05%
类型3 正确率：  50.00% -> 1    0.00%, 2   50.00%, 3   50.00%

被排除样本 正确率：nan%


轮次:·16/·20 || c_Loss:0.369 || e_Loss:-1.611 || Aad_Loss:-28.579 || 耗时：34.04s
轮次:·17/·20 || c_Loss:0.446 || e_Loss:-1.637 || Aad_Loss:-27.984 || 耗时：13.03s
轮次:·18/·20 || c_Loss:0.441 || e_Loss:-1.656 || Aad_Loss:-27.556 || 耗时：13.04s
轮次:·19/·20 || c_Loss:0.428 || e_Loss:-1.664 || Aad_Loss:-28.019 || 耗时：13.05s
轮次:·20/·20 || c_Loss:0.495 || e_Loss:-1.644 || Aad_Loss:-22.379 || 耗时：13.09s
任务: (B1)N15_M01_F10→(B2)N15_M07_F10; mix批次:····0; 批次:·1880/·1880;  总正确率: 83.23%
类型1 正确率： 100.00% -> 1  100.00%, 2    0.00%, 3    0.00%
类型2 正确率： 100.00% -> 1    0.20%, 2   99.70%, 3    0.10%
类型3 正确率：  50.00% -> 1    0.10%, 2   49.90%, 3   50.00%


测试集任务: (B1)N15_M01_F10→(B2)N15_M07_F10; 总正确率 = 83.23%
类型1 正确率： 100.00% -> 1  100.00%, 2    0.00%, 3    0.00%
类型2 正确率： 100.00% -> 1    0.20%, 2   99.70%, 3    0.10%
类型3 正确率：  50.00% -> 1    0.10%, 2   49.90%, 3   50.00%


