读取源域路径：/kaggle/working/k10/S09/weight_PU_M1_final_checkpoint_FS09toS09c_gateoracle_s2024/NEW_PU/Source-源域/log&pt/(B3)N15_M07_F04
excel输出位置：/kaggle/working/k10/S09/weight_PU_M1_final_checkpoint_FS09toS09c_gateoracle_s2024/NEW_PU/Target-目标域
特征图片输出位置：/kaggle/working/k10/S09/weight_PU_M1_final_checkpoint_FS09toS09c_gateoracle_s2024/NEW_PU/Picture-特征图/2026年09月19日13时09分/(B3)N15_M07_F04
现在选取:(B3)N15_M07_F04 进行训练的源模型
现在进行：(B3)N15_M07_F04→(B2)N15_M07_F10 的迁移任务
log&pt输出位置：/kaggle/working/k10/S09/weight_PU_M1_final_checkpoint_FS09toS09c_gateoracle_s2024/NEW_PU/Target-目标域/log&pt/(B3)N15_M07_F04→(B2)N15_M07_F10
任务: (B3)N15_M07_F04→(B2)N15_M07_F10; 批次:····0/·1880;  总正确率: 64.23%
类型1 正确率：  97.00% -> 1   97.30%, 2    2.70%, 3    0.00%
类型2 正确率：  95.00% -> 1    0.10%, 2   95.40%, 3    4.50%
类型3 正确率：   0.00% -> 1    0.00%, 2  100.00%, 3    0.00%


样本变换：reverse
样本变换：mask
样本变换：shift
样本变换：none
未过滤	未用伪标签：64.23% -> 使用伪标签：54.92%
已过滤	未用伪标签：63.65% -> 使用伪标签：55.89%
排除样本：104|6000	剩余：1995, 3309, 592
增添样本：689		细则：0, 689	正确率估算：100.00%
类型1 正确率： 100.00% -> 1   99.70%, 2    0.30%, 3    0.00%
类型2 正确率：  69.00% -> 1    0.16%, 2   68.65%, 3   31.19%
类型3 正确率：   0.00% -> 1    0.00%, 2  100.00%, 3    0.00%

被排除样本 正确率：97.12%
类型1 正确率：   0.00% -> 1    0.00%, 2  100.00%
类型2 正确率：  99.00% -> 1    0.98%, 2   99.02%


轮次:··1/·20 || c_Loss:0.432 || e_Loss:-1.283 || Aad_Loss:-24.037 || 耗时：34.01s
轮次:··2/·20 || c_Loss:0.449 || e_Loss:-1.349 || Aad_Loss:-26.533 || 耗时：13.28s
轮次:··3/·20 || c_Loss:0.471 || e_Loss:-1.409 || Aad_Loss:-25.781 || 耗时：13.27s
轮次:··4/·20 || c_Loss:0.422 || e_Loss:-1.405 || Aad_Loss:-27.676 || 耗时：13.19s
轮次:··5/·20 || c_Loss:0.415 || e_Loss:-1.357 || Aad_Loss:-26.340 || 耗时：13.09s
任务: (B3)N15_M07_F04→(B2)N15_M07_F10; mix批次:····0; 批次:··470/·1880;  总正确率: 66.10%
类型1 正确率： 100.00% -> 1  100.00%, 2    0.00%, 3    0.00%
类型2 正确率：  97.00% -> 1    0.05%, 2   97.45%, 3    2.50%
类型3 正确率：   1.00% -> 1    0.85%, 2   98.30%, 3    0.85%


样本变换：reverse
样本变换：mask
样本变换：shift
样本变换：none
未过滤	未用伪标签：66.10% -> 使用伪标签：82.33%
已过滤	未用伪标签：66.14% -> 使用伪标签：82.51%
排除样本：13|6000	剩余：2002, 3032, 953
增添样本：1060		细则：0, 10, 1050	正确率估算：3.33%
类型1 正确率： 100.00% -> 1  100.00%, 2    0.00%, 3    0.00%
类型2 正确率： 100.00% -> 1    0.05%, 2   99.80%, 3    0.15%
类型3 正确率：  48.00% -> 1    0.05%, 2   52.28%, 3   47.67%

被排除样本 正确率：46.15%
类型1 没有样本或未被分类。
类型2 正确率： 100.00% -> 1    0.00%, 2  100.00%, 3    0.00%
类型3 正确率：   0.00% -> 1   14.29%, 2   85.71%, 3    0.00%


轮次:··6/·20 || c_Loss:0.610 || e_Loss:-1.402 || Aad_Loss:-25.608 || 耗时：34.08s
轮次:··7/·20 || c_Loss:0.521 || e_Loss:-1.400 || Aad_Loss:-24.393 || 耗时：13.23s
轮次:··8/·20 || c_Loss:0.551 || e_Loss:-1.458 || Aad_Loss:-23.809 || 耗时：13.27s
轮次:··9/·20 || c_Loss:0.389 || e_Loss:-1.414 || Aad_Loss:-29.434 || 耗时：13.29s
轮次:·10/·20 || c_Loss:0.428 || e_Loss:-1.487 || Aad_Loss:-27.350 || 耗时：13.28s
任务: (B3)N15_M07_F04→(B2)N15_M07_F10; mix批次:····0; 批次:··940/·1880;  总正确率: 76.93%
类型1 正确率： 100.00% -> 1  100.00%, 2    0.00%, 3    0.00%
类型2 正确率：  80.00% -> 1    0.30%, 2   80.25%, 3   19.45%
类型3 正确率：  51.00% -> 1    0.00%, 2   49.45%, 3   50.55%


样本变换：reverse
样本变换：mask
样本变换：shift
样本变换：none
未过滤	未用伪标签：76.93% -> 使用伪标签：82.45%
已过滤	未用伪标签：77.10% -> 使用伪标签：82.64%
排除样本：14|6000	剩余：2001, 2944, 1041
增添样本：1053		细则：0, 54, 999	正确率估算：99.05%
类型1 正确率： 100.00% -> 1  100.00%, 2    0.00%, 3    0.00%
类型2 正确率：  98.00% -> 1    0.05%, 2   97.94%, 3    2.01%
类型3 正确率：  50.00% -> 1    0.00%, 2   49.92%, 3   50.08%

被排除样本 正确率：7.14%
类型1 没有样本或未被分类。
类型2 正确率：   0.00% -> 1    7.69%, 2    0.00%, 3   92.31%
类型3 正确率： 100.00% -> 1    0.00%, 2    0.00%, 3  100.00%


轮次:·11/·20 || c_Loss:0.413 || e_Loss:-1.624 || Aad_Loss:-25.566 || 耗时：34.45s
轮次:·12/·20 || c_Loss:0.485 || e_Loss:-1.595 || Aad_Loss:-23.060 || 耗时：13.15s
轮次:·13/·20 || c_Loss:0.390 || e_Loss:-1.630 || Aad_Loss:-27.433 || 耗时：13.04s
轮次:·14/·20 || c_Loss:0.382 || e_Loss:-1.655 || Aad_Loss:-24.995 || 耗时：13.07s
轮次:·15/·20 || c_Loss:0.411 || e_Loss:-1.755 || Aad_Loss:-24.861 || 耗时：13.06s
任务: (B3)N15_M07_F04→(B2)N15_M07_F10; mix批次:····0; 批次:·1410/·1880;  总正确率: 82.67%
类型1 正确率： 100.00% -> 1  100.00%, 2    0.00%, 3    0.00%
类型2 正确率：  97.00% -> 1    0.50%, 2   97.35%, 3    2.15%
类型3 正确率：  51.00% -> 1    1.05%, 2   48.30%, 3   50.65%


样本变换：reverse
样本变换：mask
样本变换：shift
样本变换：none
未过滤	未用伪标签：82.67% -> 使用伪标签：83.33%
已过滤	未用伪标签：82.68% -> 使用伪标签：83.35%
排除样本：1|6000	剩余：2000, 2998, 1001
增添样本：1000		细则：0, 1, 999	正确率估算：100.00%
类型1 正确率： 100.00% -> 1  100.00%, 2    0.00%, 3    0.00%
类型2 正确率： 100.00% -> 1    0.00%, 2  100.00%, 3    0.00%
类型3 正确率：  50.00% -> 1    0.00%, 2   49.95%, 3   50.05%

被排除样本 正确率：0.00%
类型1 没有样本或未被分类。
类型2 正确率：   0.00% -> 1  100.00%, 2    0.00%


轮次:·16/·20 || c_Loss:0.374 || e_Loss:-1.496 || Aad_Loss:-29.017 || 耗时：34.25s
轮次:·17/·20 || c_Loss:0.452 || e_Loss:-1.747 || Aad_Loss:-28.305 || 耗时：13.20s
轮次:·18/·20 || c_Loss:0.411 || e_Loss:-1.743 || Aad_Loss:-26.400 || 耗时：13.15s
轮次:·19/·20 || c_Loss:0.429 || e_Loss:-1.793 || Aad_Loss:-26.733 || 耗时：13.12s
轮次:·20/·20 || c_Loss:0.403 || e_Loss:-1.744 || Aad_Loss:-26.358 || 耗时：13.17s
任务: (B3)N15_M07_F04→(B2)N15_M07_F10; mix批次:····0; 批次:·1880/·1880;  总正确率: 83.93%
类型1 正确率： 100.00% -> 1  100.00%, 2    0.00%, 3    0.00%
类型2 正确率：  99.00% -> 1    0.15%, 2   98.60%, 3    1.25%
类型3 正确率：  53.00% -> 1    0.55%, 2   46.25%, 3   53.20%


测试集任务: (B3)N15_M07_F04→(B2)N15_M07_F10; 总正确率 = 83.93%
类型1 正确率： 100.00% -> 1  100.00%, 2    0.00%, 3    0.00%
类型2 正确率：  99.00% -> 1    0.15%, 2   98.60%, 3    1.25%
类型3 正确率：  53.00% -> 1    0.55%, 2   46.25%, 3   53.20%


