读取源域路径：/kaggle/working/k10/S09/weight_PU_M1_final_checkpoint_FS09toS09c_gateoracle_s2024/NEW_PU/Source-源域/log&pt/(B2)N15_M07_F10
excel输出位置：/kaggle/working/k10/S09/weight_PU_M1_final_checkpoint_FS09toS09c_gateoracle_s2024/NEW_PU/Target-目标域
特征图片输出位置：/kaggle/working/k10/S09/weight_PU_M1_final_checkpoint_FS09toS09c_gateoracle_s2024/NEW_PU/Picture-特征图/2026年09月19日12时51分/(B2)N15_M07_F10
现在选取:(B2)N15_M07_F10 进行训练的源模型
现在进行：(B2)N15_M07_F10→(B1)N15_M01_F10 的迁移任务
log&pt输出位置：/kaggle/working/k10/S09/weight_PU_M1_final_checkpoint_FS09toS09c_gateoracle_s2024/NEW_PU/Target-目标域/log&pt/(B2)N15_M07_F10→(B1)N15_M01_F10
任务: (B2)N15_M07_F10→(B1)N15_M01_F10; 批次:····0/·1880;  总正确率: 60.43%
类型1 正确率： 100.00% -> 1  100.00%, 2    0.00%, 3    0.00%
类型2 正确率：  66.00% -> 1    0.10%, 2   65.95%, 3   33.95%
类型3 正确率：  15.00% -> 1    0.00%, 2   84.65%, 3   15.35%


样本变换：reverse
样本变换：mask
样本变换：shift
样本变换：none
未过滤	未用伪标签：60.43% -> 使用伪标签：60.58%
已过滤	未用伪标签：60.57% -> 使用伪标签：60.81%
排除样本：22|6000	剩余：1996, 1712, 2270
增添样本：2353		细则：0, 1312, 1041	正确率估算：60.59%
类型1 正确率： 100.00% -> 1  100.00%, 2    0.00%, 3    0.00%
类型2 正确率：  34.00% -> 1    0.00%, 2   34.22%, 3   65.78%
类型3 正确率：  48.00% -> 1    0.00%, 2   51.84%, 3   48.16%

被排除样本 正确率：22.73%
类型1 正确率： 100.00% -> 1  100.00%, 2    0.00%, 3    0.00%
类型2 正确率： 100.00% -> 1    0.00%, 2  100.00%, 3    0.00%
类型3 正确率：   0.00% -> 1    0.00%, 2  100.00%, 3    0.00%


轮次:··1/·20 || c_Loss:0.508 || e_Loss:-1.230 || Aad_Loss:-23.259 || 耗时：34.38s
轮次:··2/·20 || c_Loss:0.411 || e_Loss:-1.350 || Aad_Loss:-25.227 || 耗时：13.25s
轮次:··3/·20 || c_Loss:0.354 || e_Loss:-1.228 || Aad_Loss:-21.394 || 耗时：13.16s
轮次:··4/·20 || c_Loss:0.333 || e_Loss:-1.601 || Aad_Loss:-20.914 || 耗时：13.12s
轮次:··5/·20 || c_Loss:0.315 || e_Loss:-1.346 || Aad_Loss:-23.861 || 耗时：13.18s
任务: (B2)N15_M07_F10→(B1)N15_M01_F10; mix批次:····0; 批次:··470/·1880;  总正确率: 64.93%
类型1 正确率： 100.00% -> 1  100.00%, 2    0.00%, 3    0.00%
类型2 正确率：  45.00% -> 1    3.75%, 2   44.80%, 3   51.45%
类型3 正确率：  50.00% -> 1    0.00%, 2   50.00%, 3   50.00%


样本变换：reverse
样本变换：mask
样本变换：shift
样本变换：none
未过滤	未用伪标签：64.93% -> 使用伪标签：64.08%
已过滤	未用伪标签：65.55% -> 使用伪标签：64.84%
排除样本：70|6000	剩余：2286, 1845, 1799
增添样本：2155		细则：0, 1155, 1000	正确率估算：99.30%
类型1 正确率： 100.00% -> 1  100.00%, 2    0.00%, 3    0.00%
类型2 正确率：  44.00% -> 1   14.82%, 2   43.78%, 3   41.40%
类型3 正确率：  50.00% -> 1    0.00%, 2   50.00%, 3   50.00%

被排除样本 正确率：12.86%
类型1 正确率：  13.00% -> 1   12.86%, 2   87.14%
类型2 没有样本或未被分类。


轮次:··6/·20 || c_Loss:0.337 || e_Loss:-1.618 || Aad_Loss:-23.546 || 耗时：34.53s
轮次:··7/·20 || c_Loss:0.327 || e_Loss:-1.547 || Aad_Loss:-28.634 || 耗时：13.18s
轮次:··8/·20 || c_Loss:0.405 || e_Loss:-1.561 || Aad_Loss:-23.322 || 耗时：13.25s
轮次:··9/·20 || c_Loss:0.354 || e_Loss:-1.518 || Aad_Loss:-22.788 || 耗时：13.27s
轮次:·10/·20 || c_Loss:0.364 || e_Loss:-1.516 || Aad_Loss:-21.216 || 耗时：13.32s
任务: (B2)N15_M07_F10→(B1)N15_M01_F10; mix批次:····0; 批次:··940/·1880;  总正确率: 72.87%
类型1 正确率： 100.00% -> 1  100.00%, 2    0.00%, 3    0.00%
类型2 正确率：  69.00% -> 1    2.50%, 2   68.60%, 3   28.90%
类型3 正确率：  50.00% -> 1    0.00%, 2   50.00%, 3   50.00%


样本变换：reverse
样本变换：mask
样本变换：shift
样本变换：none
未过滤	未用伪标签：72.87% -> 使用伪标签：72.45%
已过滤	未用伪标签：72.93% -> 使用伪标签：72.68%
排除样本：19|6000	剩余：2016, 2347, 1618
增添样本：1653		细则：0, 653, 1000	正确率估算：97.28%
类型1 正确率： 100.00% -> 1  100.00%, 2    0.00%, 3    0.00%
类型2 正确率：  68.00% -> 1    0.81%, 2   68.00%, 3   31.20%
类型3 正确率：  50.00% -> 1    0.00%, 2   50.00%, 3   50.00%

被排除样本 正确率：52.63%
类型1 没有样本或未被分类。
类型2 正确率：  53.00% -> 1   10.53%, 2   52.63%, 3   36.84%
类型3 没有样本或未被分类。


轮次:·11/·20 || c_Loss:0.378 || e_Loss:-1.645 || Aad_Loss:-25.605 || 耗时：34.74s
轮次:·12/·20 || c_Loss:0.412 || e_Loss:-1.534 || Aad_Loss:-24.912 || 耗时：13.20s
轮次:·13/·20 || c_Loss:0.392 || e_Loss:-1.649 || Aad_Loss:-23.588 || 耗时：13.18s
轮次:·14/·20 || c_Loss:0.362 || e_Loss:-1.606 || Aad_Loss:-26.336 || 耗时：13.19s
轮次:·15/·20 || c_Loss:0.409 || e_Loss:-1.651 || Aad_Loss:-22.179 || 耗时：13.24s
任务: (B2)N15_M07_F10→(B1)N15_M01_F10; mix批次:····0; 批次:·1410/·1880;  总正确率: 78.88%
类型1 正确率： 100.00% -> 1  100.00%, 2    0.00%, 3    0.00%
类型2 正确率：  87.00% -> 1    0.05%, 2   86.65%, 3   13.30%
类型3 正确率：  50.00% -> 1    0.00%, 2   50.00%, 3   50.00%


样本变换：reverse
样本变换：mask
样本变换：shift
样本变换：none
未过滤	未用伪标签：78.88% -> 使用伪标签：78.78%
已过滤	未用伪标签：78.96% -> 使用伪标签：79.01%
排除样本：17|6000	剩余：2000, 2727, 1256
增添样本：1273		细则：0, 273, 1000	正确率估算：99.69%
类型1 正确率： 100.00% -> 1  100.00%, 2    0.00%, 3    0.00%
类型2 正确率：  87.00% -> 1    0.00%, 2   87.09%, 3   12.91%
类型3 正确率：  50.00% -> 1    0.00%, 2   50.00%, 3   50.00%

被排除样本 正确率：52.94%
类型1 正确率：  53.00% -> 1   52.94%, 2   47.06%
类型2 没有样本或未被分类。


轮次:·16/·20 || c_Loss:0.415 || e_Loss:-1.657 || Aad_Loss:-22.822 || 耗时：34.75s
轮次:·17/·20 || c_Loss:0.393 || e_Loss:-1.645 || Aad_Loss:-24.473 || 耗时：13.27s
轮次:·18/·20 || c_Loss:0.395 || e_Loss:-1.587 || Aad_Loss:-28.014 || 耗时：13.27s
轮次:·19/·20 || c_Loss:0.379 || e_Loss:-1.683 || Aad_Loss:-24.900 || 耗时：13.24s
轮次:·20/·20 || c_Loss:0.444 || e_Loss:-1.657 || Aad_Loss:-23.924 || 耗时：13.24s
任务: (B2)N15_M07_F10→(B1)N15_M01_F10; mix批次:····0; 批次:·1880/·1880;  总正确率: 82.72%
类型1 正确率： 100.00% -> 1  100.00%, 2    0.00%, 3    0.00%
类型2 正确率：  98.00% -> 1    0.25%, 2   98.15%, 3    1.60%
类型3 正确率：  50.00% -> 1    0.10%, 2   49.90%, 3   50.00%


测试集任务: (B2)N15_M07_F10→(B1)N15_M01_F10; 总正确率 = 82.72%
类型1 正确率： 100.00% -> 1  100.00%, 2    0.00%, 3    0.00%
类型2 正确率：  98.00% -> 1    0.25%, 2   98.15%, 3    1.60%
类型3 正确率：  50.00% -> 1    0.10%, 2   49.90%, 3   50.00%


