读取源域路径：/kaggle/working/k10/S09/weight_PU_M1_final_checkpoint_FS09toS09c_gateoracle_s2024/NEW_PU/Source-源域/log&pt/(B2)N15_M07_F10
excel输出位置：/kaggle/working/k10/S09/weight_PU_M1_final_checkpoint_FS09toS09c_gateoracle_s2024/NEW_PU/Target-目标域
特征图片输出位置：/kaggle/working/k10/S09/weight_PU_M1_final_checkpoint_FS09toS09c_gateoracle_s2024/NEW_PU/Picture-特征图/2026年09月19日12时57分/(B2)N15_M07_F10
现在选取:(B2)N15_M07_F10 进行训练的源模型
现在进行：(B2)N15_M07_F10→(B3)N15_M07_F04 的迁移任务
log&pt输出位置：/kaggle/working/k10/S09/weight_PU_M1_final_checkpoint_FS09toS09c_gateoracle_s2024/NEW_PU/Target-目标域/log&pt/(B2)N15_M07_F10→(B3)N15_M07_F04
任务: (B2)N15_M07_F10→(B3)N15_M07_F04; 批次:····0/·1880;  总正确率: 65.13%
类型1 正确率： 100.00% -> 1  100.00%, 2    0.00%, 3    0.00%
类型2 正确率：  47.00% -> 1    0.05%, 2   47.20%, 3   52.75%
类型3 正确率：  48.00% -> 1    6.30%, 2   45.50%, 3   48.20%


样本变换：reverse
样本变换：mask
样本变换：shift
样本变换：none
未过滤	未用伪标签：65.13% -> 使用伪标签：61.37%
已过滤	未用伪标签：65.45% -> 使用伪标签：61.73%
排除样本：35|6000	剩余：2025, 1626, 2314
增添样本：2315		细则：0, 1316, 999	正确率估算：97.62%
类型1 正确率： 100.00% -> 1  100.00%, 2    0.00%, 3    0.00%
类型2 正确率：  34.00% -> 1    0.00%, 2   34.20%, 3   65.80%
类型3 正确率：  51.00% -> 1    1.32%, 2   47.89%, 3   50.79%

被排除样本 正确率：11.43%
类型1 正确率： 100.00% -> 1  100.00%, 2    0.00%, 3    0.00%
类型2 正确率： 100.00% -> 1    0.00%, 2  100.00%, 3    0.00%
类型3 正确率：   0.00% -> 1   93.55%, 2    6.45%, 3    0.00%


轮次:··1/·20 || c_Loss:0.514 || e_Loss:-1.254 || Aad_Loss:-18.292 || 耗时：34.57s
轮次:··2/·20 || c_Loss:0.412 || e_Loss:-1.177 || Aad_Loss:-25.792 || 耗时：13.21s
轮次:··3/·20 || c_Loss:0.361 || e_Loss:-1.308 || Aad_Loss:-20.231 || 耗时：13.14s
轮次:··4/·20 || c_Loss:0.328 || e_Loss:-1.227 || Aad_Loss:-22.128 || 耗时：13.05s
轮次:··5/·20 || c_Loss:0.315 || e_Loss:-1.283 || Aad_Loss:-26.431 || 耗时：13.14s
任务: (B2)N15_M07_F10→(B3)N15_M07_F04; mix批次:····0; 批次:··470/·1880;  总正确率: 64.90%
类型1 正确率： 100.00% -> 1  100.00%, 2    0.00%, 3    0.00%
类型2 正确率：  45.00% -> 1    0.00%, 2   44.70%, 3   55.30%
类型3 正确率：  50.00% -> 1    3.75%, 2   46.25%, 3   50.00%


样本变换：reverse
样本变换：mask
样本变换：shift
样本变换：none
未过滤	未用伪标签：64.90% -> 使用伪标签：61.50%
已过滤	未用伪标签：65.14% -> 使用伪标签：61.87%
排除样本：36|6000	剩余：2092, 1576, 2296
增添样本：2310		细则：0, 1310, 1000	正确率估算：99.88%
类型1 正确率： 100.00% -> 1  100.00%, 2    0.00%, 3    0.00%
类型2 正确率：  35.00% -> 1    0.20%, 2   34.67%, 3   65.13%
类型3 正确率：  51.00% -> 1    4.46%, 2   44.88%, 3   50.66%

被排除样本 正确率：25.00%
类型1 没有样本或未被分类。
类型2 正确率：  90.00% -> 1    0.00%, 2   90.00%, 3   10.00%
类型3 正确率：   0.00% -> 1    7.69%, 2   92.31%, 3    0.00%


轮次:··6/·20 || c_Loss:0.344 || e_Loss:-1.463 || Aad_Loss:-18.733 || 耗时：34.41s
轮次:··7/·20 || c_Loss:0.317 || e_Loss:-1.439 || Aad_Loss:-22.114 || 耗时：13.16s
轮次:··8/·20 || c_Loss:0.370 || e_Loss:-1.531 || Aad_Loss:-19.579 || 耗时：13.21s
轮次:··9/·20 || c_Loss:0.315 || e_Loss:-1.619 || Aad_Loss:-22.739 || 耗时：13.22s
轮次:·10/·20 || c_Loss:0.322 || e_Loss:-1.557 || Aad_Loss:-23.320 || 耗时：13.29s
任务: (B2)N15_M07_F10→(B3)N15_M07_F04; mix批次:····0; 批次:··940/·1880;  总正确率: 66.43%
类型1 正确率： 100.00% -> 1  100.00%, 2    0.00%, 3    0.00%
类型2 正确率：  49.00% -> 1    0.30%, 2   49.30%, 3   50.40%
类型3 正确率：  50.00% -> 1    4.10%, 2   45.90%, 3   50.00%


样本变换：reverse
样本变换：mask
样本变换：shift
样本变换：none
未过滤	未用伪标签：66.43% -> 使用伪标签：63.40%
已过滤	未用伪标签：67.04% -> 使用伪标签：64.14%
排除样本：69|6000	剩余：2111, 1692, 2128
增添样本：2196		细则：0, 1196, 1000	正确率估算：99.28%
类型1 正确率： 100.00% -> 1  100.00%, 2    0.00%, 3    0.00%
类型2 正确率：  41.00% -> 1    1.38%, 2   41.04%, 3   57.58%
类型3 正确率：  51.00% -> 1    4.26%, 2   45.03%, 3   50.71%

被排除样本 正确率：14.49%
类型1 没有样本或未被分类。
类型2 正确率：  24.00% -> 1    4.88%, 2   24.39%, 3   70.73%
类型3 正确率：   0.00% -> 1   39.29%, 2   60.71%, 3    0.00%


轮次:·11/·20 || c_Loss:0.319 || e_Loss:-1.621 || Aad_Loss:-23.198 || 耗时：34.66s
轮次:·12/·20 || c_Loss:0.340 || e_Loss:-1.638 || Aad_Loss:-21.769 || 耗时：13.19s
轮次:·13/·20 || c_Loss:0.344 || e_Loss:-1.650 || Aad_Loss:-21.242 || 耗时：13.20s
轮次:·14/·20 || c_Loss:0.381 || e_Loss:-1.642 || Aad_Loss:-19.014 || 耗时：13.17s
轮次:·15/·20 || c_Loss:0.387 || e_Loss:-1.577 || Aad_Loss:-19.262 || 耗时：13.22s
任务: (B2)N15_M07_F10→(B3)N15_M07_F04; mix批次:····0; 批次:·1410/·1880;  总正确率: 76.18%
类型1 正确率： 100.00% -> 1  100.00%, 2    0.00%, 3    0.00%
类型2 正确率：  79.00% -> 1    0.60%, 2   78.55%, 3   20.85%
类型3 正确率：  50.00% -> 1    5.35%, 2   44.65%, 3   50.00%


样本变换：reverse
样本变换：mask
样本变换：shift
样本变换：none
未过滤	未用伪标签：76.18% -> 使用伪标签：73.33%
已过滤	未用伪标签：76.55% -> 使用伪标签：74.12%
排除样本：64|6000	剩余：2096, 2275, 1565
增添样本：1600		细则：0, 600, 1000	正确率估算：99.06%
类型1 正确率： 100.00% -> 1  100.00%, 2    0.00%, 3    0.00%
类型2 正确率：  71.00% -> 1    0.00%, 2   71.25%, 3   28.75%
类型3 正确率：  51.00% -> 1    4.87%, 2   44.39%, 3   50.74%

被排除样本 正确率：42.19%
类型1 没有样本或未被分类。
类型2 正确率：  77.00% -> 1   11.43%, 2   77.14%, 3   11.43%
类型3 正确率：   0.00% -> 1   58.62%, 2   41.38%, 3    0.00%


轮次:·16/·20 || c_Loss:0.340 || e_Loss:-1.585 || Aad_Loss:-23.824 || 耗时：34.60s
轮次:·17/·20 || c_Loss:0.351 || e_Loss:-1.628 || Aad_Loss:-23.947 || 耗时：13.17s
轮次:·18/·20 || c_Loss:0.373 || e_Loss:-1.609 || Aad_Loss:-23.881 || 耗时：13.23s
轮次:·19/·20 || c_Loss:0.348 || e_Loss:-1.640 || Aad_Loss:-24.889 || 耗时：13.24s
轮次:·20/·20 || c_Loss:0.390 || e_Loss:-1.619 || Aad_Loss:-21.953 || 耗时：13.25s
任务: (B2)N15_M07_F10→(B3)N15_M07_F04; mix批次:····0; 批次:·1880/·1880;  总正确率: 81.47%
类型1 正确率： 100.00% -> 1  100.00%, 2    0.00%, 3    0.00%
类型2 正确率：  94.00% -> 1    0.00%, 2   94.40%, 3    5.60%
类型3 正确率：  50.00% -> 1    6.30%, 2   43.70%, 3   50.00%


测试集任务: (B2)N15_M07_F10→(B3)N15_M07_F04; 总正确率 = 81.47%
类型1 正确率： 100.00% -> 1  100.00%, 2    0.00%, 3    0.00%
类型2 正确率：  94.00% -> 1    0.00%, 2   94.40%, 3    5.60%
类型3 正确率：  50.00% -> 1    6.30%, 2   43.70%, 3   50.00%


