读取源域路径：/kaggle/working/k10/S09/weight_PU_M1_final_checkpoint_FS09toS09c_gateoracle_s2024/NEW_PU/Source-源域/log&pt/(B1)N15_M01_F10
excel输出位置：/kaggle/working/k10/S09/weight_PU_M1_final_checkpoint_FS09toS09c_gateoracle_s2024/NEW_PU/Target-目标域
特征图片输出位置：/kaggle/working/k10/S09/weight_PU_M1_final_checkpoint_FS09toS09c_gateoracle_s2024/NEW_PU/Picture-特征图/2026年09月19日12时45分/(B1)N15_M01_F10
现在选取:(B1)N15_M01_F10 进行训练的源模型
现在进行：(B1)N15_M01_F10→(B3)N15_M07_F04 的迁移任务
log&pt输出位置：/kaggle/working/k10/S09/weight_PU_M1_final_checkpoint_FS09toS09c_gateoracle_s2024/NEW_PU/Target-目标域/log&pt/(B1)N15_M01_F10→(B3)N15_M07_F04
任务: (B1)N15_M01_F10→(B3)N15_M07_F04; 批次:····0/·1880;  总正确率: 63.45%
类型1 正确率： 100.00% -> 1  100.00%, 2    0.00%, 3    0.00%
类型2 正确率：  54.00% -> 1    0.00%, 2   53.55%, 3   46.45%
类型3 正确率：  37.00% -> 1    3.10%, 2   60.10%, 3   36.80%


样本变换：reverse
样本变换：mask
样本变换：shift
样本变换：none
未过滤	未用伪标签：63.45% -> 使用伪标签：62.15%
已过滤	未用伪标签：63.40% -> 使用伪标签：62.44%
排除样本：28|6000	剩余：2011, 1712, 2249
增添样本：2265		细则：0, 1267, 998	正确率估算：85.19%
类型1 正确率： 100.00% -> 1   99.95%, 2    0.05%, 3    0.00%
类型2 正确率：  37.00% -> 1    0.00%, 2   36.92%, 3   63.08%
类型3 正确率：  50.00% -> 1    0.65%, 2   49.17%, 3   50.18%

被排除样本 正确率：75.00%
类型1 正确率： 100.00% -> 1  100.00%, 2    0.00%, 3    0.00%
类型2 正确率： 100.00% -> 1    0.00%, 2  100.00%, 3    0.00%
类型3 正确率：   0.00% -> 1  100.00%, 2    0.00%, 3    0.00%


轮次:··1/·20 || c_Loss:0.527 || e_Loss:-1.271 || Aad_Loss:-20.324 || 耗时：34.39s
轮次:··2/·20 || c_Loss:0.403 || e_Loss:-1.304 || Aad_Loss:-23.045 || 耗时：13.28s
轮次:··3/·20 || c_Loss:0.338 || e_Loss:-1.347 || Aad_Loss:-24.107 || 耗时：13.19s
轮次:··4/·20 || c_Loss:0.322 || e_Loss:-1.519 || Aad_Loss:-19.636 || 耗时：13.12s
轮次:··5/·20 || c_Loss:0.327 || e_Loss:-1.526 || Aad_Loss:-22.268 || 耗时：13.15s
任务: (B1)N15_M01_F10→(B3)N15_M07_F04; mix批次:····0; 批次:··470/·1880;  总正确率: 67.18%
类型1 正确率： 100.00% -> 1  100.00%, 2    0.00%, 3    0.00%
类型2 正确率：  52.00% -> 1    0.00%, 2   51.55%, 3   48.45%
类型3 正确率：  50.00% -> 1    4.25%, 2   45.75%, 3   50.00%


样本变换：reverse
样本变换：mask
样本变换：shift
样本变换：none
未过滤	未用伪标签：67.18% -> 使用伪标签：66.47%
已过滤	未用伪标签：67.59% -> 使用伪标签：67.14%
排除样本：60|6000	剩余：2251, 1894, 1795
增添样本：2012		细则：0, 1012, 1000	正确率估算：97.54%
类型1 正确率： 100.00% -> 1  100.00%, 2    0.00%, 3    0.00%
类型2 正确率：  51.00% -> 1    8.66%, 2   50.61%, 3   40.73%
类型3 正确率：  50.00% -> 1    4.12%, 2   45.57%, 3   50.30%

被排除样本 正确率：26.67%
类型1 没有样本或未被分类。
类型2 正确率：  33.00% -> 1    0.00%, 2   33.33%, 3   66.67%
类型3 正确率：   0.00% -> 1   66.67%, 2   33.33%, 3    0.00%


轮次:··6/·20 || c_Loss:0.333 || e_Loss:-1.585 || Aad_Loss:-22.563 || 耗时：34.85s
轮次:··7/·20 || c_Loss:0.328 || e_Loss:-1.443 || Aad_Loss:-24.010 || 耗时：13.22s
轮次:··8/·20 || c_Loss:0.363 || e_Loss:-1.594 || Aad_Loss:-23.010 || 耗时：13.24s
轮次:··9/·20 || c_Loss:0.363 || e_Loss:-1.508 || Aad_Loss:-23.227 || 耗时：13.27s
轮次:·10/·20 || c_Loss:0.351 || e_Loss:-1.556 || Aad_Loss:-24.066 || 耗时：13.29s
任务: (B1)N15_M01_F10→(B3)N15_M07_F04; mix批次:····0; 批次:··940/·1880;  总正确率: 77.12%
类型1 正确率： 100.00% -> 1  100.00%, 2    0.00%, 3    0.00%
类型2 正确率：  81.00% -> 1    0.40%, 2   81.35%, 3   18.25%
类型3 正确率：  50.00% -> 1    4.70%, 2   45.30%, 3   50.00%


样本变换：reverse
样本变换：mask
样本变换：shift
样本变换：none
未过滤	未用伪标签：77.12% -> 使用伪标签：75.83%
已过滤	未用伪标签：77.26% -> 使用伪标签：76.42%
排除样本：46|6000	剩余：2079, 2458, 1417
增添样本：1450		细则：0, 450, 1000	正确率估算：98.76%
类型1 正确率： 100.00% -> 1  100.00%, 2    0.00%, 3    0.00%
类型2 正确率：  79.00% -> 1    0.05%, 2   78.76%, 3   21.19%
类型3 正确率：  50.00% -> 1    3.93%, 2   45.72%, 3   50.35%

被排除样本 正确率：58.70%
类型1 没有样本或未被分类。
类型2 正确率：  84.00% -> 1    0.00%, 2   84.38%, 3   15.62%
类型3 正确率：   0.00% -> 1   78.57%, 2   21.43%, 3    0.00%


轮次:·11/·20 || c_Loss:0.426 || e_Loss:-1.439 || Aad_Loss:-23.977 || 耗时：34.48s
轮次:·12/·20 || c_Loss:0.472 || e_Loss:-1.576 || Aad_Loss:-24.395 || 耗时：13.05s
轮次:·13/·20 || c_Loss:0.383 || e_Loss:-1.633 || Aad_Loss:-23.914 || 耗时：13.04s
轮次:·14/·20 || c_Loss:0.370 || e_Loss:-1.600 || Aad_Loss:-24.094 || 耗时：13.08s
轮次:·15/·20 || c_Loss:0.401 || e_Loss:-1.666 || Aad_Loss:-24.573 || 耗时：13.08s
任务: (B1)N15_M01_F10→(B3)N15_M07_F04; mix批次:····0; 批次:·1410/·1880;  总正确率: 82.10%
类型1 正确率： 100.00% -> 1  100.00%, 2    0.00%, 3    0.00%
类型2 正确率：  96.00% -> 1    0.00%, 2   96.30%, 3    3.70%
类型3 正确率：  50.00% -> 1    6.80%, 2   43.20%, 3   50.00%


样本变换：reverse
样本变换：mask
样本变换：shift
样本变换：none
未过滤	未用伪标签：82.10% -> 使用伪标签：82.97%
已过滤	未用伪标签：82.35% -> 使用伪标签：83.22%
排除样本：18|6000	剩余：2094, 2872, 1016
增添样本：1022		细则：0, 22, 1000	正确率估算：99.90%
类型1 正确率： 100.00% -> 1  100.00%, 2    0.00%, 3    0.00%
类型2 正确率：  99.00% -> 1    0.00%, 2   99.20%, 3    0.80%
类型3 正确率：  50.00% -> 1    4.73%, 2   44.97%, 3   50.30%

被排除样本 正确率：0.00%
类型1 没有样本或未被分类。
类型2 正确率：   0.00% -> 1    0.00%, 2    0.00%, 3  100.00%
类型3 正确率：   0.00% -> 1   91.67%, 2    8.33%, 3    0.00%


轮次:·16/·20 || c_Loss:0.503 || e_Loss:-1.536 || Aad_Loss:-25.557 || 耗时：33.98s
轮次:·17/·20 || c_Loss:0.425 || e_Loss:-1.624 || Aad_Loss:-24.063 || 耗时：13.14s
轮次:·18/·20 || c_Loss:0.374 || e_Loss:-1.669 || Aad_Loss:-24.490 || 耗时：13.16s
轮次:·19/·20 || c_Loss:0.410 || e_Loss:-1.622 || Aad_Loss:-25.917 || 耗时：13.15s
轮次:·20/·20 || c_Loss:0.367 || e_Loss:-1.713 || Aad_Loss:-27.710 || 耗时：13.19s
任务: (B1)N15_M01_F10→(B3)N15_M07_F04; mix批次:····0; 批次:·1880/·1880;  总正确率: 83.30%
类型1 正确率： 100.00% -> 1  100.00%, 2    0.00%, 3    0.00%
类型2 正确率： 100.00% -> 1    0.00%, 2   99.85%, 3    0.15%
类型3 正确率：  50.00% -> 1    6.30%, 2   43.65%, 3   50.05%


测试集任务: (B1)N15_M01_F10→(B3)N15_M07_F04; 总正确率 = 83.30%
类型1 正确率： 100.00% -> 1  100.00%, 2    0.00%, 3    0.00%
类型2 正确率： 100.00% -> 1    0.00%, 2   99.85%, 3    0.15%
类型3 正确率：  50.00% -> 1    6.30%, 2   43.65%, 3   50.05%


