读取源域路径：/kaggle/working/shot_k10/S02/weight_PU_M1_shot_FS02toS02c_s2024/NEW_PU/Source-源域/log&pt/(B1)N15_M01_F10
excel输出位置：/kaggle/working/shot_k10/S02/weight_PU_M1_shot_FS02toS02c_s2024/NEW_PU/Target-目标域
特征图片输出位置：/kaggle/working/shot_k10/S02/weight_PU_M1_shot_FS02toS02c_s2024/NEW_PU/Picture-特征图/2026年09月21日23时14分/(B1)N15_M01_F10
现在选取:(B1)N15_M01_F10 进行训练的源模型
现在进行：(B1)N15_M01_F10→(B3)N15_M07_F04 的迁移任务
log&pt输出位置：/kaggle/working/shot_k10/S02/weight_PU_M1_shot_FS02toS02c_s2024/NEW_PU/Target-目标域/log&pt/(B1)N15_M01_F10→(B3)N15_M07_F04
任务: (B1)N15_M01_F10→(B3)N15_M07_F04; 批次:····0/·1880;  总正确率: 56.52%
类型1 正确率：  98.00% -> 1   98.45%, 2    0.00%, 3    1.55%
类型2 正确率：  12.00% -> 1    0.10%, 2   12.40%, 3   87.50%
类型3 正确率：  59.00% -> 1    0.00%, 2   41.30%, 3   58.70%


SHOT pseudo-labels: model 56.52% -> centroid 57.65%
轮次:··1/·20 || cls:1.264 || im:-0.960 || 耗时：21.75s
SHOT pseudo-labels: model 56.18% -> centroid 56.52%
轮次:··2/·20 || cls:1.380 || im:-0.877 || 耗时：16.07s
SHOT pseudo-labels: model 56.42% -> centroid 60.48%
轮次:··3/·20 || cls:1.208 || im:-0.750 || 耗时：15.83s
SHOT pseudo-labels: model 54.28% -> centroid 66.70%
轮次:··4/·20 || cls:1.155 || im:-0.785 || 耗时：15.72s
SHOT pseudo-labels: model 53.57% -> centroid 66.27%
轮次:··5/·20 || cls:0.687 || im:-0.699 || 耗时：15.72s
SHOT pseudo-labels: model 52.97% -> centroid 65.07%
轮次:··6/·20 || cls:0.733 || im:-0.657 || 耗时：15.83s
SHOT pseudo-labels: model 52.03% -> centroid 64.53%
轮次:··7/·20 || cls:0.919 || im:-0.731 || 耗时：15.89s
SHOT pseudo-labels: model 51.63% -> centroid 64.40%
轮次:··8/·20 || cls:0.898 || im:-0.771 || 耗时：15.85s
SHOT pseudo-labels: model 51.23% -> centroid 64.30%
轮次:··9/·20 || cls:0.696 || im:-0.668 || 耗时：15.83s
SHOT pseudo-labels: model 51.60% -> centroid 66.50%
轮次:·10/·20 || cls:0.677 || im:-0.800 || 耗时：15.80s
SHOT pseudo-labels: model 51.13% -> centroid 67.23%
轮次:·11/·20 || cls:0.732 || im:-0.610 || 耗时：15.77s
SHOT pseudo-labels: model 50.35% -> centroid 64.87%
轮次:·12/·20 || cls:0.763 || im:-0.657 || 耗时：15.80s
SHOT pseudo-labels: model 48.85% -> centroid 64.32%
轮次:·13/·20 || cls:0.736 || im:-0.763 || 耗时：15.81s
SHOT pseudo-labels: model 50.05% -> centroid 66.57%
轮次:·14/·20 || cls:0.749 || im:-0.609 || 耗时：15.79s
SHOT pseudo-labels: model 49.67% -> centroid 65.93%
轮次:·15/·20 || cls:0.923 || im:-0.740 || 耗时：15.78s
SHOT pseudo-labels: model 49.58% -> centroid 66.15%
轮次:·16/·20 || cls:0.873 || im:-0.724 || 耗时：15.79s
SHOT pseudo-labels: model 48.68% -> centroid 65.07%
轮次:·17/·20 || cls:0.890 || im:-0.628 || 耗时：15.82s
SHOT pseudo-labels: model 47.35% -> centroid 63.72%
轮次:·18/·20 || cls:0.926 || im:-0.761 || 耗时：15.79s
SHOT pseudo-labels: model 47.72% -> centroid 64.55%
轮次:·19/·20 || cls:0.869 || im:-0.666 || 耗时：15.84s
SHOT pseudo-labels: model 47.60% -> centroid 64.75%
轮次:·20/·20 || cls:0.604 || im:-0.676 || 耗时：15.81s
测试集任务: (B1)N15_M01_F10→(B3)N15_M07_F04; 总正确率 = 47.55%
类型1 正确率： 100.00% -> 1   99.95%, 2    0.05%, 3    0.00%
类型2 正确率：  18.00% -> 1    0.00%, 2   17.80%, 3   82.20%
类型3 正确率：  25.00% -> 1    0.00%, 2   75.10%, 3   24.90%


