读取源域路径：/kaggle/working/shot_k10/S02/weight_PU_M1_shot_FS02toS02c_s2024/NEW_PU/Source-源域/log&pt/(B3)N15_M07_F04
excel输出位置：/kaggle/working/shot_k10/S02/weight_PU_M1_shot_FS02toS02c_s2024/NEW_PU/Target-目标域
特征图片输出位置：/kaggle/working/shot_k10/S02/weight_PU_M1_shot_FS02toS02c_s2024/NEW_PU/Picture-特征图/2026年09月21日23时36分/(B3)N15_M07_F04
现在选取:(B3)N15_M07_F04 进行训练的源模型
现在进行：(B3)N15_M07_F04→(B2)N15_M07_F10 的迁移任务
log&pt输出位置：/kaggle/working/shot_k10/S02/weight_PU_M1_shot_FS02toS02c_s2024/NEW_PU/Target-目标域/log&pt/(B3)N15_M07_F04→(B2)N15_M07_F10
任务: (B3)N15_M07_F04→(B2)N15_M07_F10; 批次:····0/·1880;  总正确率: 53.55%
类型1 正确率：  99.00% -> 1   98.55%, 2    0.00%, 3    1.45%
类型2 正确率：  62.00% -> 1    0.05%, 2   62.10%, 3   37.85%
类型3 正确率：   0.00% -> 1    0.00%, 2  100.00%, 3    0.00%


SHOT pseudo-labels: model 53.55% -> centroid 53.25%
轮次:··1/·20 || cls:1.608 || im:-0.959 || 耗时：21.81s
SHOT pseudo-labels: model 35.05% -> centroid 36.02%
轮次:··2/·20 || cls:1.499 || im:-0.864 || 耗时：16.12s
SHOT pseudo-labels: model 43.33% -> centroid 54.18%
轮次:··3/·20 || cls:0.888 || im:-0.775 || 耗时：15.79s
SHOT pseudo-labels: model 46.12% -> centroid 59.92%
轮次:··4/·20 || cls:1.016 || im:-0.806 || 耗时：15.70s
SHOT pseudo-labels: model 48.00% -> centroid 62.25%
轮次:··5/·20 || cls:0.694 || im:-0.740 || 耗时：15.74s
SHOT pseudo-labels: model 49.28% -> centroid 63.53%
轮次:··6/·20 || cls:0.727 || im:-0.701 || 耗时：15.90s
SHOT pseudo-labels: model 49.48% -> centroid 64.47%
轮次:··7/·20 || cls:0.963 || im:-0.806 || 耗时：15.88s
SHOT pseudo-labels: model 49.83% -> centroid 63.62%
轮次:··8/·20 || cls:0.855 || im:-0.756 || 耗时：15.85s
SHOT pseudo-labels: model 50.17% -> centroid 64.92%
轮次:··9/·20 || cls:0.656 || im:-0.737 || 耗时：15.77s
SHOT pseudo-labels: model 51.15% -> centroid 65.33%
轮次:·10/·20 || cls:0.625 || im:-0.707 || 耗时：15.78s
SHOT pseudo-labels: model 51.35% -> centroid 65.15%
轮次:·11/·20 || cls:0.767 || im:-0.746 || 耗时：15.84s
SHOT pseudo-labels: model 51.05% -> centroid 64.47%
轮次:·12/·20 || cls:0.740 || im:-0.702 || 耗时：15.85s
SHOT pseudo-labels: model 50.15% -> centroid 64.77%
轮次:·13/·20 || cls:0.757 || im:-0.786 || 耗时：15.86s
SHOT pseudo-labels: model 50.45% -> centroid 64.88%
轮次:·14/·20 || cls:0.753 || im:-0.698 || 耗时：15.88s
SHOT pseudo-labels: model 50.22% -> centroid 64.93%
轮次:·15/·20 || cls:0.932 || im:-0.800 || 耗时：15.89s
SHOT pseudo-labels: model 50.05% -> centroid 64.32%
轮次:·16/·20 || cls:0.722 || im:-0.654 || 耗时：15.87s
SHOT pseudo-labels: model 49.88% -> centroid 64.88%
轮次:·17/·20 || cls:0.813 || im:-0.668 || 耗时：15.84s
SHOT pseudo-labels: model 49.17% -> centroid 65.62%
轮次:·18/·20 || cls:0.708 || im:-0.703 || 耗时：15.86s
SHOT pseudo-labels: model 49.30% -> centroid 64.75%
轮次:·19/·20 || cls:0.798 || im:-0.659 || 耗时：15.84s
SHOT pseudo-labels: model 48.83% -> centroid 65.15%
轮次:·20/·20 || cls:0.557 || im:-0.730 || 耗时：15.86s
测试集任务: (B3)N15_M07_F04→(B2)N15_M07_F10; 总正确率 = 48.55%
类型1 正确率： 100.00% -> 1   99.90%, 2    0.10%, 3    0.00%
类型2 正确率：  18.00% -> 1    0.20%, 2   18.40%, 3   81.40%
类型3 正确率：  27.00% -> 1    0.00%, 2   72.65%, 3   27.35%


