读取源域路径：/kaggle/working/shot_k10/S02/weight_PU_M1_shot_FS02toS02c_s2024/NEW_PU/Source-源域/log&pt/(B2)N15_M07_F10
excel输出位置：/kaggle/working/shot_k10/S02/weight_PU_M1_shot_FS02toS02c_s2024/NEW_PU/Target-目标域
特征图片输出位置：/kaggle/working/shot_k10/S02/weight_PU_M1_shot_FS02toS02c_s2024/NEW_PU/Picture-特征图/2026年09月21日23时25分/(B2)N15_M07_F10
现在选取:(B2)N15_M07_F10 进行训练的源模型
现在进行：(B2)N15_M07_F10→(B3)N15_M07_F04 的迁移任务
log&pt输出位置：/kaggle/working/shot_k10/S02/weight_PU_M1_shot_FS02toS02c_s2024/NEW_PU/Target-目标域/log&pt/(B2)N15_M07_F10→(B3)N15_M07_F04
任务: (B2)N15_M07_F10→(B3)N15_M07_F04; 批次:····0/·1880;  总正确率: 63.78%
类型1 正确率： 100.00% -> 1  100.00%, 2    0.00%, 3    0.00%
类型2 正确率：   5.00% -> 1    0.10%, 2    4.90%, 3   95.00%
类型3 正确率：  86.00% -> 1    0.00%, 2   13.55%, 3   86.45%


SHOT pseudo-labels: model 63.78% -> centroid 53.33%
轮次:··1/·20 || cls:1.303 || im:-0.943 || 耗时：21.80s
SHOT pseudo-labels: model 62.32% -> centroid 61.27%
轮次:··2/·20 || cls:1.656 || im:-0.898 || 耗时：16.07s
SHOT pseudo-labels: model 62.27% -> centroid 63.62%
轮次:··3/·20 || cls:1.288 || im:-0.804 || 耗时：15.88s
SHOT pseudo-labels: model 60.43% -> centroid 62.82%
轮次:··4/·20 || cls:0.900 || im:-0.740 || 耗时：15.76s
SHOT pseudo-labels: model 60.90% -> centroid 62.17%
轮次:··5/·20 || cls:0.995 || im:-0.745 || 耗时：15.78s
SHOT pseudo-labels: model 63.80% -> centroid 68.07%
轮次:··6/·20 || cls:0.971 || im:-0.833 || 耗时：15.85s
SHOT pseudo-labels: model 66.77% -> centroid 69.72%
轮次:··7/·20 || cls:0.756 || im:-0.753 || 耗时：15.89s
SHOT pseudo-labels: model 66.30% -> centroid 70.23%
轮次:··8/·20 || cls:0.949 || im:-0.729 || 耗时：15.84s
SHOT pseudo-labels: model 69.15% -> centroid 69.13%
轮次:··9/·20 || cls:0.723 || im:-0.769 || 耗时：15.83s
SHOT pseudo-labels: model 69.48% -> centroid 68.78%
轮次:·10/·20 || cls:0.588 || im:-0.683 || 耗时：15.74s
SHOT pseudo-labels: model 69.95% -> centroid 68.38%
轮次:·11/·20 || cls:0.725 || im:-0.663 || 耗时：15.75s
SHOT pseudo-labels: model 70.40% -> centroid 69.47%
轮次:·12/·20 || cls:0.792 || im:-0.814 || 耗时：15.87s
SHOT pseudo-labels: model 71.33% -> centroid 68.60%
轮次:·13/·20 || cls:0.825 || im:-0.742 || 耗时：15.91s
SHOT pseudo-labels: model 70.92% -> centroid 68.23%
轮次:·14/·20 || cls:0.666 || im:-0.669 || 耗时：15.84s
SHOT pseudo-labels: model 71.48% -> centroid 68.33%
轮次:·15/·20 || cls:0.764 || im:-0.780 || 耗时：15.73s
SHOT pseudo-labels: model 71.35% -> centroid 68.67%
轮次:·16/·20 || cls:0.799 || im:-0.692 || 耗时：15.79s
SHOT pseudo-labels: model 71.47% -> centroid 68.02%
轮次:·17/·20 || cls:0.866 || im:-0.744 || 耗时：15.89s
SHOT pseudo-labels: model 72.15% -> centroid 66.73%
轮次:·18/·20 || cls:0.765 || im:-0.691 || 耗时：15.88s
SHOT pseudo-labels: model 71.97% -> centroid 67.10%
轮次:·19/·20 || cls:0.842 || im:-0.758 || 耗时：15.85s
SHOT pseudo-labels: model 71.97% -> centroid 66.68%
轮次:·20/·20 || cls:0.616 || im:-0.740 || 耗时：15.82s
测试集任务: (B2)N15_M07_F10→(B3)N15_M07_F04; 总正确率 = 72.42%
类型1 正确率： 100.00% -> 1   99.95%, 2    0.05%, 3    0.00%
类型2 正确率：  51.00% -> 1    0.00%, 2   50.85%, 3   49.15%
类型3 正确率：  66.00% -> 1    0.00%, 2   33.55%, 3   66.45%


