读取源域路径：/kaggle/working/shot_k10/S02/weight_PU_M1_shot_FS02toS02c_s2024/NEW_PU/Source-源域/log&pt/(B3)N15_M07_F04
excel输出位置：/kaggle/working/shot_k10/S02/weight_PU_M1_shot_FS02toS02c_s2024/NEW_PU/Target-目标域
特征图片输出位置：/kaggle/working/shot_k10/S02/weight_PU_M1_shot_FS02toS02c_s2024/NEW_PU/Picture-特征图/2026年09月21日23时31分/(B3)N15_M07_F04
现在选取:(B3)N15_M07_F04 进行训练的源模型
现在进行：(B3)N15_M07_F04→(B1)N15_M01_F10 的迁移任务
log&pt输出位置：/kaggle/working/shot_k10/S02/weight_PU_M1_shot_FS02toS02c_s2024/NEW_PU/Target-目标域/log&pt/(B3)N15_M07_F04→(B1)N15_M01_F10
任务: (B3)N15_M07_F04→(B1)N15_M01_F10; 批次:····0/·1880;  总正确率: 52.90%
类型1 正确率： 100.00% -> 1   99.75%, 2    0.00%, 3    0.25%
类型2 正确率：  59.00% -> 1    0.40%, 2   58.95%, 3   40.65%
类型3 正确率：   0.00% -> 1    0.05%, 2   99.95%, 3    0.00%


SHOT pseudo-labels: model 52.90% -> centroid 48.82%
轮次:··1/·20 || cls:1.273 || im:-0.932 || 耗时：21.71s
SHOT pseudo-labels: model 36.68% -> centroid 38.67%
轮次:··2/·20 || cls:1.320 || im:-0.871 || 耗时：16.16s
SHOT pseudo-labels: model 43.18% -> centroid 55.33%
轮次:··3/·20 || cls:0.928 || im:-0.743 || 耗时：15.88s
SHOT pseudo-labels: model 46.08% -> centroid 61.97%
轮次:··4/·20 || cls:0.885 || im:-0.785 || 耗时：15.74s
SHOT pseudo-labels: model 47.80% -> centroid 64.72%
轮次:··5/·20 || cls:0.684 || im:-0.738 || 耗时：15.78s
SHOT pseudo-labels: model 47.90% -> centroid 65.88%
轮次:··6/·20 || cls:0.713 || im:-0.762 || 耗时：15.90s
SHOT pseudo-labels: model 48.58% -> centroid 66.40%
轮次:··7/·20 || cls:0.953 || im:-0.759 || 耗时：15.94s
SHOT pseudo-labels: model 49.00% -> centroid 65.23%
轮次:··8/·20 || cls:0.898 || im:-0.739 || 耗时：15.85s
SHOT pseudo-labels: model 48.77% -> centroid 66.68%
轮次:··9/·20 || cls:0.573 || im:-0.713 || 耗时：15.79s
SHOT pseudo-labels: model 48.92% -> centroid 67.78%
轮次:·10/·20 || cls:0.679 || im:-0.711 || 耗时：15.87s
SHOT pseudo-labels: model 49.25% -> centroid 67.10%
轮次:·11/·20 || cls:0.957 || im:-0.795 || 耗时：15.85s
SHOT pseudo-labels: model 48.08% -> centroid 66.05%
轮次:·12/·20 || cls:0.845 || im:-0.716 || 耗时：15.89s
SHOT pseudo-labels: model 47.88% -> centroid 66.62%
轮次:·13/·20 || cls:0.870 || im:-0.809 || 耗时：15.87s
SHOT pseudo-labels: model 48.20% -> centroid 66.78%
轮次:·14/·20 || cls:0.772 || im:-0.720 || 耗时：15.85s
SHOT pseudo-labels: model 48.08% -> centroid 66.82%
轮次:·15/·20 || cls:0.828 || im:-0.778 || 耗时：15.84s
SHOT pseudo-labels: model 48.15% -> centroid 66.08%
轮次:·16/·20 || cls:0.804 || im:-0.671 || 耗时：15.81s
SHOT pseudo-labels: model 48.03% -> centroid 67.15%
轮次:·17/·20 || cls:0.758 || im:-0.692 || 耗时：15.79s
SHOT pseudo-labels: model 47.28% -> centroid 67.72%
轮次:·18/·20 || cls:0.776 || im:-0.713 || 耗时：15.83s
SHOT pseudo-labels: model 46.98% -> centroid 66.67%
轮次:·19/·20 || cls:0.807 || im:-0.655 || 耗时：15.86s
SHOT pseudo-labels: model 46.72% -> centroid 67.25%
轮次:·20/·20 || cls:0.672 || im:-0.718 || 耗时：15.89s
测试集任务: (B3)N15_M07_F04→(B1)N15_M01_F10; 总正确率 = 46.68%
类型1 正确率： 100.00% -> 1   99.95%, 2    0.05%, 3    0.00%
类型2 正确率：  14.00% -> 1    0.05%, 2   13.75%, 3   86.20%
类型3 正确率：  26.00% -> 1    0.00%, 2   73.65%, 3   26.35%


