

现在开始拿源域训练集：(B1)N15_M01_F10 进行训练
源域读取路径：/kaggle/working/n1/FB/sdalr_PU_final_checkpoint_probe/DATA_foldB/PU_M1_L3/N15_M01_F10_label.txt
excel输出位置：/kaggle/working/n1/FB/weight_src_PU_M1_FB_s2024/NEW_PU/Source-源域
log&pt输出位置：/kaggle/working/n1/FB/weight_src_PU_M1_FB_s2024/NEW_PU/Source-源域/log&pt/(B1)N15_M01_F10
特征图片输出位置：/kaggle/working/n1/FB/weight_src_PU_M1_FB_s2024/NEW_PU/Picture-特征图/2026年09月15日22时37分/(B1)N15_M01_F10
源域训练开始
轮次:··1/·10 || loss:0.015 || 耗时：9.11s
轮次:··2/·10 || loss:0.019 || 耗时：8.96s
轮次:··3/·10 || loss:0.012 || 耗时：9.29s
轮次:··4/·10 || loss:0.006 || 耗时：9.59s
轮次:··5/·10 || loss:0.002 || 耗时：9.24s
任务: (B1)N15_M01_F10; mix批次:····0; 批次:··330/··660; 总正确率 = 99.82%
类型1 正确率： 100.00% -> 1  100.00%, 2    0.00%, 3    0.00%
类型2 正确率：  99.00% -> 1    0.00%, 2   99.47%, 3    0.53%
类型3 正确率： 100.00% -> 1    0.00%, 2    0.00%, 3  100.00%


轮次:··6/·10 || loss:0.008 || 耗时：8.86s
轮次:··7/·10 || loss:0.023 || 耗时：8.71s
轮次:··8/·10 || loss:0.018 || 耗时：8.65s
轮次:··9/·10 || loss:0.000 || 耗时：8.66s
轮次:·10/·10 || loss:0.001 || 耗时：8.74s
任务: (B1)N15_M01_F10; mix批次:····0; 批次:··660/··660; 总正确率 = 99.82%
类型1 正确率： 100.00% -> 1  100.00%, 2    0.00%, 3    0.00%
类型2 正确率：  99.00% -> 1    0.00%, 2   99.47%, 3    0.53%
类型3 正确率： 100.00% -> 1    0.00%, 2    0.00%, 3  100.00%


测试集任务: (B1)N15_M01_F10; 总正确率 = 100.00%
类型1 正确率： 100.00% -> 1  100.00%, 2    0.00%, 3    0.00%
类型2 正确率： 100.00% -> 1    0.00%, 2  100.00%, 3    0.00%
类型3 正确率： 100.00% -> 1    0.00%, 2    0.00%, 3  100.00%


BIST_PROBE {'n_train': 621, 'n_test': 579, 'n_bearings': 8, 'all_bearings': {'window_acc': 0.9948186528497409, 'record_correct': 81, 'record_n': 81, 'chance': 0.125, 'class_only_ceiling': 0.3926309729418538}, 'within_class': {'per_class': {0: {'n_bearings': 3, 'window_acc': 1.0, 'record_correct': 30, 'record_n': 30}, 1: {'n_bearings': 3, 'window_acc': 0.9803921568627451, 'record_correct': 31, 'record_n': 31}, 2: {'n_bearings': 2, 'window_acc': 1.0, 'record_correct': 20, 'record_n': 20}}, 'record_correct': 81, 'record_n': 81, 'pooled_chance': 0.37448559670781895, 'record_acc': 1.0, 'mean_window_acc': 0.9934640522875817}}
源域训练结束

训练好之后，测试目标域
目标域路径：/kaggle/working/n1/FB/sdalr_PU_final_checkpoint_probe/DATA_foldB/PU_M1_L3/N15_M07_F10_label.txt
测试目标数据集结果如下：
任务: (B1)N15_M01_F10→(B2)N15_M07_F10, 正确率 = 100.00%
类型1 正确率： 100.00% -> 1  100.00%, 2    0.00%, 3    0.00%
类型2 正确率： 100.00% -> 1    0.00%, 2  100.00%, 3    0.00%
类型3 正确率： 100.00% -> 1    0.00%, 2    0.00%, 3  100.00%

目标域路径：/kaggle/working/n1/FB/sdalr_PU_final_checkpoint_probe/DATA_foldB/PU_M1_L3/N15_M07_F04_label.txt
测试目标数据集结果如下：
任务: (B1)N15_M01_F10→(B3)N15_M07_F04, 正确率 = 97.39%
类型1 正确率： 100.00% -> 1  100.00%, 2    0.00%, 3    0.00%
类型2 正确率：  93.00% -> 1    0.00%, 2   93.43%, 3    6.57%
类型3 正确率：  99.00% -> 1    1.26%, 2    0.00%, 3   98.74%



现在开始拿源域训练集：(B2)N15_M07_F10 进行训练
源域读取路径：/kaggle/working/n1/FB/sdalr_PU_final_checkpoint_probe/DATA_foldB/PU_M1_L3/N15_M07_F10_label.txt
excel输出位置：/kaggle/working/n1/FB/weight_src_PU_M1_FB_s2024/NEW_PU/Source-源域
log&pt输出位置：/kaggle/working/n1/FB/weight_src_PU_M1_FB_s2024/NEW_PU/Source-源域/log&pt/(B2)N15_M07_F10
特征图片输出位置：/kaggle/working/n1/FB/weight_src_PU_M1_FB_s2024/NEW_PU/Picture-特征图/2026年09月15日22时37分/(B2)N15_M07_F10
源域训练开始
轮次:··1/·10 || loss:0.002 || 耗时：8.98s
轮次:··2/·10 || loss:0.002 || 耗时：9.18s
轮次:··3/·10 || loss:0.001 || 耗时：9.26s
轮次:··4/·10 || loss:0.004 || 耗时：9.09s
轮次:··5/·10 || loss:0.002 || 耗时：8.88s
任务: (B2)N15_M07_F10; mix批次:····0; 批次:··330/··660; 总正确率 = 100.00%
类型1 正确率： 100.00% -> 1  100.00%, 2    0.00%, 3    0.00%
类型2 正确率： 100.00% -> 1    0.00%, 2  100.00%, 3    0.00%
类型3 正确率： 100.00% -> 1    0.00%, 2    0.00%, 3  100.00%


轮次:··6/·10 || loss:0.000 || 耗时：8.80s
轮次:··7/·10 || loss:0.002 || 耗时：8.73s
轮次:··8/·10 || loss:0.001 || 耗时：8.76s
轮次:··9/·10 || loss:0.001 || 耗时：8.81s
轮次:·10/·10 || loss:0.002 || 耗时：8.89s
任务: (B2)N15_M07_F10; mix批次:····0; 批次:··660/··660; 总正确率 = 100.00%
类型1 正确率： 100.00% -> 1  100.00%, 2    0.00%, 3    0.00%
类型2 正确率： 100.00% -> 1    0.00%, 2  100.00%, 3    0.00%
类型3 正确率： 100.00% -> 1    0.00%, 2    0.00%, 3  100.00%


测试集任务: (B2)N15_M07_F10; 总正确率 = 100.00%
类型1 正确率： 100.00% -> 1  100.00%, 2    0.00%, 3    0.00%
类型2 正确率： 100.00% -> 1    0.00%, 2  100.00%, 3    0.00%
类型3 正确率： 100.00% -> 1    0.00%, 2    0.00%, 3  100.00%


BIST_PROBE {'n_train': 600, 'n_test': 600, 'n_bearings': 8, 'all_bearings': {'window_acc': 0.9883333333333333, 'record_correct': 77, 'record_n': 77, 'chance': 0.125, 'class_only_ceiling': 0.3908333333333333}, 'within_class': {'per_class': {0: {'n_bearings': 3, 'window_acc': 1.0, 'record_correct': 29, 'record_n': 29}, 1: {'n_bearings': 3, 'window_acc': 0.9728506787330317, 'record_correct': 28, 'record_n': 28}, 2: {'n_bearings': 2, 'window_acc': 1.0, 'record_correct': 20, 'record_n': 20}}, 'record_correct': 77, 'record_n': 77, 'pooled_chance': 0.37662337662337664, 'record_acc': 1.0, 'mean_window_acc': 0.9909502262443439}}
源域训练结束

训练好之后，测试目标域
目标域路径：/kaggle/working/n1/FB/sdalr_PU_final_checkpoint_probe/DATA_foldB/PU_M1_L3/N15_M01_F10_label.txt
测试目标数据集结果如下：
任务: (B2)N15_M07_F10→(B1)N15_M01_F10, 正确率 = 100.00%
类型1 正确率： 100.00% -> 1  100.00%, 2    0.00%, 3    0.00%
类型2 正确率： 100.00% -> 1    0.00%, 2  100.00%, 3    0.00%
类型3 正确率： 100.00% -> 1    0.00%, 2    0.00%, 3  100.00%

目标域路径：/kaggle/working/n1/FB/sdalr_PU_final_checkpoint_probe/DATA_foldB/PU_M1_L3/N15_M07_F04_label.txt
测试目标数据集结果如下：
任务: (B2)N15_M07_F10→(B3)N15_M07_F04, 正确率 = 97.03%
类型1 正确率： 100.00% -> 1  100.00%, 2    0.00%, 3    0.00%
类型2 正确率：  92.00% -> 1    0.00%, 2   91.82%, 3    8.18%
类型3 正确率：  99.00% -> 1    0.72%, 2    0.00%, 3   99.28%



现在开始拿源域训练集：(B3)N15_M07_F04 进行训练
源域读取路径：/kaggle/working/n1/FB/sdalr_PU_final_checkpoint_probe/DATA_foldB/PU_M1_L3/N15_M07_F04_label.txt
excel输出位置：/kaggle/working/n1/FB/weight_src_PU_M1_FB_s2024/NEW_PU/Source-源域
log&pt输出位置：/kaggle/working/n1/FB/weight_src_PU_M1_FB_s2024/NEW_PU/Source-源域/log&pt/(B3)N15_M07_F04
特征图片输出位置：/kaggle/working/n1/FB/weight_src_PU_M1_FB_s2024/NEW_PU/Picture-特征图/2026年09月15日22时37分/(B3)N15_M07_F04
源域训练开始
轮次:··1/·10 || loss:0.023 || 耗时：9.00s
轮次:··2/·10 || loss:0.002 || 耗时：8.99s
轮次:··3/·10 || loss:0.003 || 耗时：8.99s
轮次:··4/·10 || loss:0.008 || 耗时：8.95s
轮次:··5/·10 || loss:0.006 || 耗时：8.91s
任务: (B3)N15_M07_F04; mix批次:····0; 批次:··330/··660; 总正确率 = 99.83%
类型1 正确率： 100.00% -> 1  100.00%, 2    0.00%, 3    0.00%
类型2 正确率： 100.00% -> 1    0.00%, 2  100.00%, 3    0.00%
类型3 正确率： 100.00% -> 1    0.00%, 2    0.50%, 3   99.50%


轮次:··6/·10 || loss:0.000 || 耗时：8.87s
轮次:··7/·10 || loss:0.013 || 耗时：8.85s
轮次:··8/·10 || loss:0.003 || 耗时：8.84s
轮次:··9/·10 || loss:0.019 || 耗时：8.84s
轮次:·10/·10 || loss:0.028 || 耗时：8.87s
任务: (B3)N15_M07_F04; mix批次:····0; 批次:··660/··660; 总正确率 = 100.00%
类型1 正确率： 100.00% -> 1  100.00%, 2    0.00%, 3    0.00%
类型2 正确率： 100.00% -> 1    0.00%, 2  100.00%, 3    0.00%
类型3 正确率： 100.00% -> 1    0.00%, 2    0.00%, 3  100.00%


测试集任务: (B3)N15_M07_F04; 总正确率 = 99.52%
类型1 正确率： 100.00% -> 1  100.00%, 2    0.00%, 3    0.00%
类型2 正确率：  99.00% -> 1    0.00%, 2   98.56%, 3    1.44%
类型3 正确率： 100.00% -> 1    0.00%, 2    0.00%, 3  100.00%


BIST_PROBE {'n_train': 619, 'n_test': 581, 'n_bearings': 8, 'all_bearings': {'window_acc': 0.9845094664371773, 'record_correct': 79, 'record_n': 79, 'chance': 0.125, 'class_only_ceiling': 0.38927137119908206}, 'within_class': {'per_class': {0: {'n_bearings': 3, 'window_acc': 0.978021978021978, 'record_correct': 30, 'record_n': 30}, 1: {'n_bearings': 3, 'window_acc': 0.9852941176470589, 'record_correct': 29, 'record_n': 29}, 2: {'n_bearings': 2, 'window_acc': 1.0, 'record_correct': 20, 'record_n': 20}}, 'record_correct': 79, 'record_n': 79, 'pooled_chance': 0.3755274261603375, 'record_acc': 1.0, 'mean_window_acc': 0.987772031889679}}
源域训练结束

训练好之后，测试目标域
目标域路径：/kaggle/working/n1/FB/sdalr_PU_final_checkpoint_probe/DATA_foldB/PU_M1_L3/N15_M01_F10_label.txt
测试目标数据集结果如下：
任务: (B3)N15_M07_F04→(B1)N15_M01_F10, 正确率 = 99.92%
类型1 正确率： 100.00% -> 1  100.00%, 2    0.00%, 3    0.00%
类型2 正确率： 100.00% -> 1    0.00%, 2   99.75%, 3    0.25%
类型3 正确率： 100.00% -> 1    0.00%, 2    0.00%, 3  100.00%

目标域路径：/kaggle/working/n1/FB/sdalr_PU_final_checkpoint_probe/DATA_foldB/PU_M1_L3/N15_M07_F10_label.txt
测试目标数据集结果如下：
任务: (B3)N15_M07_F04→(B2)N15_M07_F10, 正确率 = 99.75%
类型1 正确率： 100.00% -> 1  100.00%, 2    0.00%, 3    0.00%
类型2 正确率： 100.00% -> 1    0.00%, 2  100.00%, 3    0.00%
类型3 正确率：  99.00% -> 1    0.00%, 2    0.74%, 3   99.26%

