读取源域路径：/kaggle/working/k10/S01/weight_PU_M1_final_checkpoint_FS01toS01c_gatepcv_s2024/NEW_PU/Source-源域/log&pt/(B3)N15_M07_F04
excel输出位置：/kaggle/working/k10/S01/weight_PU_M1_final_checkpoint_FS01toS01c_gatepcv_s2024/NEW_PU/Target-目标域
特征图片输出位置：/kaggle/working/k10/S01/weight_PU_M1_final_checkpoint_FS01toS01c_gatepcv_s2024/NEW_PU/Picture-特征图/2026年09月16日02时52分/(B3)N15_M07_F04
现在选取:(B3)N15_M07_F04 进行训练的源模型
现在进行：(B3)N15_M07_F04→(B1)N15_M01_F10 的迁移任务
log&pt输出位置：/kaggle/working/k10/S01/weight_PU_M1_final_checkpoint_FS01toS01c_gatepcv_s2024/NEW_PU/Target-目标域/log&pt/(B3)N15_M07_F04→(B1)N15_M01_F10
任务: (B3)N15_M07_F04→(B1)N15_M01_F10; 批次:····0/·1880;  总正确率: 49.40%
类型1 正确率： 100.00% -> 1  100.00%, 2    0.00%, 3    0.00%
类型2 正确率：  48.00% -> 1    2.85%, 2   48.20%, 3   48.95%
类型3 正确率：   0.00% -> 1    0.00%, 2  100.00%, 3    0.00%


样本变换：reverse
样本变换：mask
样本变换：shift
样本变换：none
未过滤	未用伪标签：49.40% -> 使用伪标签：49.98%
已过滤	未用伪标签：49.45% -> 使用伪标签：50.31%
排除样本：39|6000	剩余：2000, 2999, 962
增添样本：2268		细则：0, 1001, 1267	正确率估算：96.02%
类型1 正确率： 100.00% -> 1  100.00%, 2    0.00%, 3    0.00%
类型2 正确率：  51.00% -> 1    0.00%, 2   50.94%, 3   49.06%
类型3 正确率：   0.00% -> 1    0.00%, 2  100.00%, 3    0.00%

被排除样本 正确率：41.03%
类型1 没有样本或未被分类。
类型2 正确率：  41.00% -> 1   12.82%, 2   41.03%, 3   46.15%
类型3 没有样本或未被分类。


轮次:··1/·20 || c_Loss:0.592 || e_Loss:-0.981 || Aad_Loss:-23.235 || 耗时：32.81s
轮次:··2/·20 || c_Loss:0.447 || e_Loss:-1.588 || Aad_Loss:-20.432 || 耗时：12.43s
轮次:··3/·20 || c_Loss:0.383 || e_Loss:-1.646 || Aad_Loss:-20.289 || 耗时：12.43s
轮次:··4/·20 || c_Loss:0.465 || e_Loss:-1.633 || Aad_Loss:-17.763 || 耗时：12.44s
轮次:··5/·20 || c_Loss:0.392 || e_Loss:-1.604 || Aad_Loss:-21.764 || 耗时：12.49s
任务: (B3)N15_M07_F04→(B1)N15_M01_F10; mix批次:····0; 批次:··470/·1880;  总正确率: 57.23%
类型1 正确率： 100.00% -> 1  100.00%, 2    0.00%, 3    0.00%
类型2 正确率：  64.00% -> 1    0.00%, 2   63.70%, 3   36.30%
类型3 正确率：   8.00% -> 1    1.45%, 2   90.55%, 3    8.00%


样本变换：reverse
样本变换：mask
样本变换：shift
样本变换：none
未过滤	未用伪标签：57.23% -> 使用伪标签：54.58%
已过滤	未用伪标签：57.23% -> 使用伪标签：54.65%
排除样本：7|6000	剩余：2000, 3275, 718
增添样本：2044		细则：0, 725, 1319	正确率估算：99.57%
类型1 正确率： 100.00% -> 1  100.00%, 2    0.00%, 3    0.00%
类型2 正确率：  64.00% -> 1    0.00%, 2   63.97%, 3   36.03%
类型3 正确率：   0.00% -> 1    0.00%, 2  100.00%, 3    0.00%

被排除样本 正确率：57.14%
类型1 正确率：  57.00% -> 1   57.14%, 2   42.86%
类型2 没有样本或未被分类。


轮次:··6/·20 || c_Loss:0.358 || e_Loss:-1.783 || Aad_Loss:-23.382 || 耗时：32.82s
轮次:··7/·20 || c_Loss:0.369 || e_Loss:-1.774 || Aad_Loss:-20.404 || 耗时：12.46s
轮次:··8/·20 || c_Loss:0.351 || e_Loss:-1.781 || Aad_Loss:-22.210 || 耗时：12.46s
轮次:··9/·20 || c_Loss:0.348 || e_Loss:-1.758 || Aad_Loss:-24.170 || 耗时：12.50s
轮次:·10/·20 || c_Loss:0.384 || e_Loss:-1.584 || Aad_Loss:-29.087 || 耗时：12.46s
任务: (B3)N15_M07_F04→(B1)N15_M01_F10; mix批次:····0; 批次:··940/·1880;  总正确率: 61.23%
类型1 正确率： 100.00% -> 1  100.00%, 2    0.00%, 3    0.00%
类型2 正确率：  65.00% -> 1    0.00%, 2   64.90%, 3   35.10%
类型3 正确率：  19.00% -> 1    6.55%, 2   74.65%, 3   18.80%


样本变换：reverse
样本变换：mask
样本变换：shift
样本变换：none
未过滤	未用伪标签：61.23% -> 使用伪标签：55.08%
已过滤	未用伪标签：61.25% -> 使用伪标签：55.15%
排除样本：7|6000	剩余：2000, 3304, 689
增添样本：2015		细则：0, 695, 1320	正确率估算：99.64%
类型1 正确率： 100.00% -> 1  100.00%, 2    0.00%, 3    0.00%
类型2 正确率：  65.00% -> 1    0.00%, 2   65.45%, 3   34.55%
类型3 正确率：   0.00% -> 1    0.00%, 2  100.00%, 3    0.00%

被排除样本 正确率：42.86%
类型1 正确率：  33.00% -> 1   33.33%, 2   66.67%
类型2 正确率： 100.00% -> 1    0.00%, 2  100.00%


轮次:·11/·20 || c_Loss:0.341 || e_Loss:-1.795 || Aad_Loss:-22.657 || 耗时：32.92s
轮次:·12/·20 || c_Loss:0.340 || e_Loss:-1.720 || Aad_Loss:-23.638 || 耗时：12.43s
轮次:·13/·20 || c_Loss:0.337 || e_Loss:-1.670 || Aad_Loss:-23.349 || 耗时：12.44s
轮次:·14/·20 || c_Loss:0.332 || e_Loss:-1.745 || Aad_Loss:-26.467 || 耗时：12.43s
轮次:·15/·20 || c_Loss:0.349 || e_Loss:-1.797 || Aad_Loss:-23.935 || 耗时：12.45s
任务: (B3)N15_M07_F04→(B1)N15_M01_F10; mix批次:····0; 批次:·1410/·1880;  总正确率: 68.37%
类型1 正确率： 100.00% -> 1  100.00%, 2    0.00%, 3    0.00%
类型2 正确率：  65.00% -> 1    0.00%, 2   64.95%, 3   35.05%
类型3 正确率：  40.00% -> 1    4.30%, 2   55.55%, 3   40.15%


样本变换：reverse
样本变换：mask
样本变换：shift
样本变换：none
未过滤	未用伪标签：68.37% -> 使用伪标签：55.18%
已过滤	未用伪标签：68.37% -> 使用伪标签：55.21%
排除样本：3|6000	剩余：2000, 3309, 688
增添样本：2009		细则：0, 689, 1320	正确率估算：99.63%
类型1 正确率： 100.00% -> 1  100.00%, 2    0.00%, 3    0.00%
类型2 正确率：  66.00% -> 1    0.00%, 2   65.58%, 3   34.42%
类型3 正确率：   0.00% -> 1    0.00%, 2  100.00%, 3    0.00%

被排除样本 正确率：66.67%
类型1 正确率：   0.00% -> 1    0.00%, 2  100.00%
类型2 正确率： 100.00% -> 1    0.00%, 2  100.00%


轮次:·16/·20 || c_Loss:0.355 || e_Loss:-1.704 || Aad_Loss:-27.305 || 耗时：32.91s
轮次:·17/·20 || c_Loss:0.327 || e_Loss:-1.896 || Aad_Loss:-23.070 || 耗时：12.36s
轮次:·18/·20 || c_Loss:0.340 || e_Loss:-1.825 || Aad_Loss:-21.056 || 耗时：12.37s
轮次:·19/·20 || c_Loss:0.344 || e_Loss:-1.642 || Aad_Loss:-29.269 || 耗时：12.39s
轮次:·20/·20 || c_Loss:0.339 || e_Loss:-1.770 || Aad_Loss:-24.823 || 耗时：12.43s
任务: (B3)N15_M07_F04→(B1)N15_M01_F10; mix批次:····0; 批次:·1880/·1880;  总正确率: 68.60%
类型1 正确率： 100.00% -> 1  100.00%, 2    0.00%, 3    0.00%
类型2 正确率：  66.00% -> 1    0.00%, 2   65.60%, 3   34.40%
类型3 正确率：  40.00% -> 1    5.95%, 2   53.85%, 3   40.20%


测试集任务: (B3)N15_M07_F04→(B1)N15_M01_F10; 总正确率 = 68.60%
类型1 正确率： 100.00% -> 1  100.00%, 2    0.00%, 3    0.00%
类型2 正确率：  66.00% -> 1    0.00%, 2   65.60%, 3   34.40%
类型3 正确率：  40.00% -> 1    5.95%, 2   53.85%, 3   40.20%


