读取源域路径：/kaggle/working/k10/S01/weight_PU_M1_final_checkpoint_FS01toS01c_gatepcv_s2024/NEW_PU/Source-源域/log&pt/(B3)N15_M07_F04
excel输出位置：/kaggle/working/k10/S01/weight_PU_M1_final_checkpoint_FS01toS01c_gatepcv_s2024/NEW_PU/Target-目标域
特征图片输出位置：/kaggle/working/k10/S01/weight_PU_M1_final_checkpoint_FS01toS01c_gatepcv_s2024/NEW_PU/Picture-特征图/2026年09月16日02时57分/(B3)N15_M07_F04
现在选取:(B3)N15_M07_F04 进行训练的源模型
现在进行：(B3)N15_M07_F04→(B2)N15_M07_F10 的迁移任务
log&pt输出位置：/kaggle/working/k10/S01/weight_PU_M1_final_checkpoint_FS01toS01c_gatepcv_s2024/NEW_PU/Target-目标域/log&pt/(B3)N15_M07_F04→(B2)N15_M07_F10
任务: (B3)N15_M07_F04→(B2)N15_M07_F10; 批次:····0/·1880;  总正确率: 45.25%
类型1 正确率： 100.00% -> 1  100.00%, 2    0.00%, 3    0.00%
类型2 正确率：  36.00% -> 1    0.60%, 2   35.75%, 3   63.65%
类型3 正确率：   0.00% -> 1    0.00%, 2  100.00%, 3    0.00%


样本变换：reverse
样本变换：mask
样本变换：shift
样本变换：none
未过滤	未用伪标签：45.25% -> 使用伪标签：43.57%
已过滤	未用伪标签：45.03% -> 使用伪标签：44.12%
排除样本：75|6000	剩余：2000, 2614, 1311
增添样本：2675		细则：0, 1386, 1289	正确率估算：97.66%
类型1 正确率： 100.00% -> 1  100.00%, 2    0.00%, 3    0.00%
类型2 正确率：  32.00% -> 1    0.00%, 2   31.90%, 3   68.10%
类型3 正确率：   0.00% -> 1    0.00%, 2  100.00%, 3    0.00%

被排除样本 正确率：62.67%
类型1 没有样本或未被分类。
类型2 正确率：  63.00% -> 1    4.00%, 2   62.67%, 3   33.33%
类型3 没有样本或未被分类。


轮次:··1/·20 || c_Loss:0.462 || e_Loss:-1.162 || Aad_Loss:-20.866 || 耗时：32.82s
轮次:··2/·20 || c_Loss:0.391 || e_Loss:-1.575 || Aad_Loss:-20.133 || 耗时：12.39s
轮次:··3/·20 || c_Loss:0.404 || e_Loss:-1.593 || Aad_Loss:-21.448 || 耗时：12.40s
轮次:··4/·20 || c_Loss:0.415 || e_Loss:-1.475 || Aad_Loss:-25.196 || 耗时：12.40s
轮次:··5/·20 || c_Loss:0.336 || e_Loss:-1.551 || Aad_Loss:-22.676 || 耗时：12.39s
任务: (B3)N15_M07_F04→(B2)N15_M07_F10; mix批次:····0; 批次:··470/·1880;  总正确率: 64.87%
类型1 正确率： 100.00% -> 1  100.00%, 2    0.00%, 3    0.00%
类型2 正确率：  54.00% -> 1    0.00%, 2   53.65%, 3   46.35%
类型3 正确率：  41.00% -> 1    4.10%, 2   54.95%, 3   40.95%


样本变换：reverse
样本变换：mask
样本变换：shift
样本变换：none
未过滤	未用伪标签：64.87% -> 使用伪标签：52.60%
已过滤	未用伪标签：64.10% -> 使用伪标签：54.18%
排除样本：175|6000	剩余：2000, 2381, 1444
增添样本：2162		细则：0, 1166, 996	正确率估算：99.51%
类型1 正确率： 100.00% -> 1  100.00%, 2    0.00%, 3    0.00%
类型2 正确率：  43.00% -> 1    0.00%, 2   42.64%, 3   57.36%
类型3 正确率：  17.00% -> 1    0.00%, 2   82.77%, 3   17.23%

被排除样本 正确率：90.29%
类型1 正确率： 100.00% -> 1  100.00%, 2    0.00%
类型2 正确率：  87.00% -> 1   12.98%, 2   87.02%


轮次:··6/·20 || c_Loss:0.401 || e_Loss:-1.689 || Aad_Loss:-18.928 || 耗时：33.03s
轮次:··7/·20 || c_Loss:0.368 || e_Loss:-1.624 || Aad_Loss:-20.935 || 耗时：12.38s
轮次:··8/·20 || c_Loss:0.342 || e_Loss:-1.743 || Aad_Loss:-19.763 || 耗时：12.41s
轮次:··9/·20 || c_Loss:0.326 || e_Loss:-1.454 || Aad_Loss:-24.587 || 耗时：12.39s
轮次:·10/·20 || c_Loss:0.363 || e_Loss:-1.618 || Aad_Loss:-19.879 || 耗时：12.48s
任务: (B3)N15_M07_F04→(B2)N15_M07_F10; mix批次:····0; 批次:··940/·1880;  总正确率: 74.55%
类型1 正确率： 100.00% -> 1  100.00%, 2    0.00%, 3    0.00%
类型2 正确率：  55.00% -> 1    0.00%, 2   55.15%, 3   44.85%
类型3 正确率：  68.00% -> 1    0.35%, 2   31.15%, 3   68.50%


样本变换：reverse
样本变换：mask
样本变换：shift
样本变换：none
未过滤	未用伪标签：74.55% -> 使用伪标签：72.15%
已过滤	未用伪标签：74.79% -> 使用伪标签：74.10%
排除样本：158|6000	剩余：2000, 1688, 2154
增添样本：991		细则：0, 925, 66	正确率估算：99.50%
类型1 正确率： 100.00% -> 1  100.00%, 2    0.00%, 3    0.00%
类型2 正确率：  54.00% -> 1    0.00%, 2   54.43%, 3   45.57%
类型3 正确率：  67.00% -> 1    0.00%, 2   32.83%, 3   67.17%

被排除样本 正确率：65.82%
类型1 没有样本或未被分类。
类型2 正确率：  56.00% -> 1    0.00%, 2   56.00%, 3   44.00%
类型3 正确率：  68.00% -> 1    0.75%, 2   31.58%, 3   67.67%


轮次:·11/·20 || c_Loss:0.345 || e_Loss:-1.568 || Aad_Loss:-25.644 || 耗时：32.69s
轮次:·12/·20 || c_Loss:0.342 || e_Loss:-1.699 || Aad_Loss:-26.739 || 耗时：12.41s
轮次:·13/·20 || c_Loss:0.342 || e_Loss:-1.548 || Aad_Loss:-23.329 || 耗时：12.41s
轮次:·14/·20 || c_Loss:0.339 || e_Loss:-1.494 || Aad_Loss:-23.946 || 耗时：12.43s
轮次:·15/·20 || c_Loss:0.337 || e_Loss:-1.441 || Aad_Loss:-29.753 || 耗时：12.41s
任务: (B3)N15_M07_F04→(B2)N15_M07_F10; mix批次:····0; 批次:·1410/·1880;  总正确率: 84.25%
类型1 正确率： 100.00% -> 1  100.00%, 2    0.00%, 3    0.00%
类型2 正确率：  62.00% -> 1    0.00%, 2   62.25%, 3   37.75%
类型3 正确率：  90.00% -> 1    0.05%, 2    9.45%, 3   90.50%


样本变换：reverse
样本变换：mask
样本变换：shift
样本变换：none
未过滤	未用伪标签：84.25% -> 使用伪标签：84.17%
已过滤	未用伪标签：84.64% -> 使用伪标签：85.05%
排除样本：62|6000	剩余：2000, 1356, 2582
增添样本：1784		细则：504, 1280, 0	正确率估算：99.88%
类型1 正确率： 100.00% -> 1  100.00%, 2    0.00%, 3    0.00%
类型2 正确率：  62.00% -> 1    0.00%, 2   61.82%, 3   38.18%
类型3 正确率：  93.00% -> 1    0.00%, 2    6.74%, 3   93.26%

被排除样本 正确率：46.77%
类型1 正确率：  60.00% -> 1   60.00%, 2   40.00%
类型2 正确率：  40.00% -> 1   59.52%, 2   40.48%


轮次:·16/·20 || c_Loss:0.344 || e_Loss:-1.835 || Aad_Loss:-25.865 || 耗时：33.06s
轮次:·17/·20 || c_Loss:0.373 || e_Loss:-1.580 || Aad_Loss:-29.066 || 耗时：12.44s
轮次:·18/·20 || c_Loss:0.340 || e_Loss:-1.573 || Aad_Loss:-28.459 || 耗时：12.49s
轮次:·19/·20 || c_Loss:0.340 || e_Loss:-0.839 || Aad_Loss:-26.708 || 耗时：12.48s
轮次:·20/·20 || c_Loss:0.349 || e_Loss:-1.629 || Aad_Loss:-29.188 || 耗时：12.55s
任务: (B3)N15_M07_F04→(B2)N15_M07_F10; mix批次:····0; 批次:·1880/·1880;  总正确率: 87.70%
类型1 正确率： 100.00% -> 1  100.00%, 2    0.00%, 3    0.00%
类型2 正确率：  66.00% -> 1    0.00%, 2   65.75%, 3   34.25%
类型3 正确率：  97.00% -> 1    0.00%, 2    2.65%, 3   97.35%


测试集任务: (B3)N15_M07_F04→(B2)N15_M07_F10; 总正确率 = 87.70%
类型1 正确率： 100.00% -> 1  100.00%, 2    0.00%, 3    0.00%
类型2 正确率：  66.00% -> 1    0.00%, 2   65.75%, 3   34.25%
类型3 正确率：  97.00% -> 1    0.00%, 2    2.65%, 3   97.35%


