读取源域路径：/kaggle/working/k10/S01/weight_PU_M1_final_checkpoint_FS01toS01c_gatepcv_s2024/NEW_PU/Source-源域/log&pt/(B2)N15_M07_F10
excel输出位置：/kaggle/working/k10/S01/weight_PU_M1_final_checkpoint_FS01toS01c_gatepcv_s2024/NEW_PU/Target-目标域
特征图片输出位置：/kaggle/working/k10/S01/weight_PU_M1_final_checkpoint_FS01toS01c_gatepcv_s2024/NEW_PU/Picture-特征图/2026年09月16日02时40分/(B2)N15_M07_F10
现在选取:(B2)N15_M07_F10 进行训练的源模型
现在进行：(B2)N15_M07_F10→(B1)N15_M01_F10 的迁移任务
log&pt输出位置：/kaggle/working/k10/S01/weight_PU_M1_final_checkpoint_FS01toS01c_gatepcv_s2024/NEW_PU/Target-目标域/log&pt/(B2)N15_M07_F10→(B1)N15_M01_F10
任务: (B2)N15_M07_F10→(B1)N15_M01_F10; 批次:····0/·1880;  总正确率: 42.35%
类型1 正确率： 100.00% -> 1  100.00%, 2    0.00%, 3    0.00%
类型2 正确率：  27.00% -> 1    5.05%, 2   27.05%, 3   67.90%
类型3 正确率：   0.00% -> 1    0.00%, 2  100.00%, 3    0.00%


样本变换：reverse
样本变换：mask
样本变换：shift
样本变换：none
未过滤	未用伪标签：42.35% -> 使用伪标签：43.40%
已过滤	未用伪标签：42.51% -> 使用伪标签：44.05%
排除样本：88|6000	剩余：2003, 2604, 1305
增添样本：2559		细则：0, 1396, 1163	正确率估算：91.67%
类型1 正确率： 100.00% -> 1  100.00%, 2    0.00%, 3    0.00%
类型2 正确率：  32.00% -> 1    0.16%, 2   31.59%, 3   68.25%
类型3 正确率：   0.00% -> 1    0.00%, 2  100.00%, 3    0.00%

被排除样本 正确率：31.82%
类型1 没有样本或未被分类。
类型2 正确率：  32.00% -> 1   23.86%, 2   31.82%, 3   44.32%
类型3 没有样本或未被分类。


轮次:··1/·20 || c_Loss:0.530 || e_Loss:-1.110 || Aad_Loss:-15.350 || 耗时：32.78s
轮次:··2/·20 || c_Loss:0.428 || e_Loss:-1.278 || Aad_Loss:-19.400 || 耗时：12.37s
轮次:··3/·20 || c_Loss:0.379 || e_Loss:-1.560 || Aad_Loss:-20.757 || 耗时：12.40s
轮次:··4/·20 || c_Loss:0.442 || e_Loss:-1.552 || Aad_Loss:-24.713 || 耗时：12.40s
轮次:··5/·20 || c_Loss:0.365 || e_Loss:-1.631 || Aad_Loss:-22.307 || 耗时：12.42s
任务: (B2)N15_M07_F10→(B1)N15_M01_F10; mix批次:····0; 批次:··470/·1880;  总正确率: 57.35%
类型1 正确率： 100.00% -> 1  100.00%, 2    0.00%, 3    0.00%
类型2 正确率：  48.00% -> 1    0.00%, 2   47.55%, 3   52.45%
类型3 正确率：  24.00% -> 1    5.25%, 2   70.25%, 3   24.50%


样本变换：reverse
样本变换：mask
样本变换：shift
样本变换：none
未过滤	未用伪标签：57.35% -> 使用伪标签：39.17%
已过滤	未用伪标签：57.26% -> 使用伪标签：40.03%
排除样本：130|6000	剩余：2000, 1846, 2024
增添样本：2707		细则：0, 1856, 851	正确率估算：75.88%
类型1 正确率： 100.00% -> 1  100.00%, 2    0.00%, 3    0.00%
类型2 正确率：   7.00% -> 1    0.00%, 2    7.34%, 3   92.66%
类型3 正确率：  11.00% -> 1    0.00%, 2   89.20%, 3   10.80%

被排除样本 正确率：61.54%
类型1 正确率： 100.00% -> 1  100.00%, 2    0.00%
类型2 正确率：  46.00% -> 1   54.35%, 2   45.65%


轮次:··6/·20 || c_Loss:0.388 || e_Loss:-1.476 || Aad_Loss:-27.546 || 耗时：32.77s
轮次:··7/·20 || c_Loss:0.407 || e_Loss:-1.503 || Aad_Loss:-24.680 || 耗时：12.39s
轮次:··8/·20 || c_Loss:0.359 || e_Loss:-1.440 || Aad_Loss:-25.244 || 耗时：12.41s
轮次:··9/·20 || c_Loss:0.377 || e_Loss:-1.511 || Aad_Loss:-29.375 || 耗时：12.41s
轮次:·10/·20 || c_Loss:0.344 || e_Loss:-1.357 || Aad_Loss:-26.036 || 耗时：12.43s
任务: (B2)N15_M07_F10→(B1)N15_M01_F10; mix批次:····0; 批次:··940/·1880;  总正确率: 61.28%
类型1 正确率： 100.00% -> 1  100.00%, 2    0.00%, 3    0.00%
类型2 正确率：  22.00% -> 1    0.00%, 2   22.30%, 3   77.70%
类型3 正确率：  62.00% -> 1    0.25%, 2   38.20%, 3   61.55%


样本变换：reverse
样本变换：mask
样本变换：shift
样本变换：none
未过滤	未用伪标签：61.28% -> 使用伪标签：48.38%
已过滤	未用伪标签：60.69% -> 使用伪标签：49.46%
排除样本：131|6000	剩余：2000, 1473, 2396
增添样本：2153		细则：0, 1764, 389	正确率估算：96.48%
类型1 正确率： 100.00% -> 1  100.00%, 2    0.00%, 3    0.00%
类型2 正确率：  12.00% -> 1    0.00%, 2   12.01%, 3   87.99%
类型3 正确率：  35.00% -> 1    0.00%, 2   64.97%, 3   35.03%

被排除样本 正确率：87.79%
类型1 正确率：  97.00% -> 1   97.14%, 2    2.86%
类型2 正确率：  84.00% -> 1   15.62%, 2   84.38%


轮次:·11/·20 || c_Loss:0.374 || e_Loss:-1.454 || Aad_Loss:-27.164 || 耗时：32.62s
轮次:·12/·20 || c_Loss:0.409 || e_Loss:-1.492 || Aad_Loss:-27.091 || 耗时：12.46s
轮次:·13/·20 || c_Loss:0.400 || e_Loss:-1.528 || Aad_Loss:-24.512 || 耗时：12.47s
轮次:·14/·20 || c_Loss:0.358 || e_Loss:-1.535 || Aad_Loss:-28.577 || 耗时：12.47s
轮次:·15/·20 || c_Loss:0.381 || e_Loss:-1.491 || Aad_Loss:-26.495 || 耗时：12.47s
任务: (B2)N15_M07_F10→(B1)N15_M01_F10; mix批次:····0; 批次:·1410/·1880;  总正确率: 64.73%
类型1 正确率： 100.00% -> 1  100.00%, 2    0.00%, 3    0.00%
类型2 正确率：  24.00% -> 1    0.00%, 2   24.25%, 3   75.75%
类型3 正确率：  70.00% -> 1    0.00%, 2   30.05%, 3   69.95%


样本变换：reverse
样本变换：mask
样本变换：shift
样本变换：none
未过滤	未用伪标签：64.73% -> 使用伪标签：53.20%
已过滤	未用伪标签：63.85% -> 使用伪标签：54.64%
排除样本：158|6000	剩余：2000, 1413, 2429
增添样本：1865		细则：0, 1649, 216	正确率估算：98.94%
类型1 正确率： 100.00% -> 1  100.00%, 2    0.00%, 3    0.00%
类型2 正确率：  18.00% -> 1    0.00%, 2   18.10%, 3   81.90%
类型3 正确率：  44.00% -> 1    0.00%, 2   55.81%, 3   44.19%

被排除样本 正确率：97.47%
类型1 正确率： 100.00% -> 1  100.00%, 2    0.00%
类型2 正确率：  96.00% -> 1    4.12%, 2   95.88%


轮次:·16/·20 || c_Loss:0.383 || e_Loss:-1.549 || Aad_Loss:-27.321 || 耗时：32.78s
轮次:·17/·20 || c_Loss:0.359 || e_Loss:-1.475 || Aad_Loss:-27.397 || 耗时：12.50s
轮次:·18/·20 || c_Loss:0.428 || e_Loss:-1.550 || Aad_Loss:-19.280 || 耗时：12.47s
轮次:·19/·20 || c_Loss:0.334 || e_Loss:-1.324 || Aad_Loss:-29.542 || 耗时：12.49s
轮次:·20/·20 || c_Loss:0.372 || e_Loss:-1.489 || Aad_Loss:-28.335 || 耗时：12.50s
任务: (B2)N15_M07_F10→(B1)N15_M01_F10; mix批次:····0; 批次:·1880/·1880;  总正确率: 67.53%
类型1 正确率： 100.00% -> 1  100.00%, 2    0.00%, 3    0.00%
类型2 正确率：  26.00% -> 1    0.00%, 2   26.45%, 3   73.55%
类型3 正确率：  76.00% -> 1    0.00%, 2   23.85%, 3   76.15%


测试集任务: (B2)N15_M07_F10→(B1)N15_M01_F10; 总正确率 = 67.53%
类型1 正确率： 100.00% -> 1  100.00%, 2    0.00%, 3    0.00%
类型2 正确率：  26.00% -> 1    0.00%, 2   26.45%, 3   73.55%
类型3 正确率：  76.00% -> 1    0.00%, 2   23.85%, 3   76.15%


