读取源域路径：/kaggle/working/k10/S01/weight_PU_M1_final_checkpoint_FS01toS01c_gatepcv_s2024/NEW_PU/Source-源域/log&pt/(B2)N15_M07_F10
excel输出位置：/kaggle/working/k10/S01/weight_PU_M1_final_checkpoint_FS01toS01c_gatepcv_s2024/NEW_PU/Target-目标域
特征图片输出位置：/kaggle/working/k10/S01/weight_PU_M1_final_checkpoint_FS01toS01c_gatepcv_s2024/NEW_PU/Picture-特征图/2026年09月16日02时46分/(B2)N15_M07_F10
现在选取:(B2)N15_M07_F10 进行训练的源模型
现在进行：(B2)N15_M07_F10→(B3)N15_M07_F04 的迁移任务
log&pt输出位置：/kaggle/working/k10/S01/weight_PU_M1_final_checkpoint_FS01toS01c_gatepcv_s2024/NEW_PU/Target-目标域/log&pt/(B2)N15_M07_F10→(B3)N15_M07_F04
任务: (B2)N15_M07_F10→(B3)N15_M07_F04; 批次:····0/·1880;  总正确率: 42.57%
类型1 正确率： 100.00% -> 1  100.00%, 2    0.00%, 3    0.00%
类型2 正确率：  27.00% -> 1    1.90%, 2   27.05%, 3   71.05%
类型3 正确率：   1.00% -> 1    0.00%, 2   99.35%, 3    0.65%


样本变换：reverse
样本变换：mask
样本变换：shift
样本变换：none
未过滤	未用伪标签：42.57% -> 使用伪标签：42.87%
已过滤	未用伪标签：42.75% -> 使用伪标签：43.19%
排除样本：45|6000	剩余：2003, 2570, 1382
增添样本：1796		细则：518, 0, 1278	正确率估算：99.83%
类型1 正确率： 100.00% -> 1  100.00%, 2    0.00%, 3    0.00%
类型2 正确率：  29.00% -> 1    0.15%, 2   29.23%, 3   70.62%
类型3 正确率：   0.00% -> 1    0.00%, 2  100.00%, 3    0.00%

被排除样本 正确率：17.78%
类型1 没有样本或未被分类。
类型2 正确率：  14.00% -> 1   20.93%, 2   13.95%, 3   65.12%
类型3 正确率： 100.00% -> 1    0.00%, 2    0.00%, 3  100.00%


轮次:··1/·20 || c_Loss:0.573 || e_Loss:-1.371 || Aad_Loss:-25.752 || 耗时：32.93s
轮次:··2/·20 || c_Loss:0.397 || e_Loss:-1.393 || Aad_Loss:-27.353 || 耗时：12.37s
轮次:··3/·20 || c_Loss:0.386 || e_Loss:-1.289 || Aad_Loss:-27.306 || 耗时：12.36s
轮次:··4/·20 || c_Loss:0.352 || e_Loss:-1.465 || Aad_Loss:-27.983 || 耗时：12.38s
轮次:··5/·20 || c_Loss:0.375 || e_Loss:-1.580 || Aad_Loss:-27.732 || 耗时：12.48s
任务: (B2)N15_M07_F10→(B3)N15_M07_F04; mix批次:····0; 批次:··470/·1880;  总正确率: 43.18%
类型1 正确率： 100.00% -> 1  100.00%, 2    0.00%, 3    0.00%
类型2 正确率：  30.00% -> 1    0.00%, 2   29.55%, 3   70.45%
类型3 正确率：   0.00% -> 1    0.00%, 2  100.00%, 3    0.00%


样本变换：reverse
样本变换：mask
样本变换：shift
样本变换：none
未过滤	未用伪标签：43.18% -> 使用伪标签：41.95%
已过滤	未用伪标签：43.10% -> 使用伪标签：42.03%
排除样本：12|6000	剩余：2000, 2515, 1473
增添样本：1609		细则：465, 0, 1144	正确率估算：97.33%
类型1 正确率： 100.00% -> 1  100.00%, 2    0.00%, 3    0.00%
类型2 正确率：  26.00% -> 1    0.00%, 2   25.96%, 3   74.04%
类型3 正确率：   0.00% -> 1    0.00%, 2   99.95%, 3    0.05%

被排除样本 正确率：83.33%
类型1 正确率：  83.00% -> 1   83.33%, 2   16.67%
类型2 没有样本或未被分类。


轮次:··6/·20 || c_Loss:0.353 || e_Loss:-1.414 || Aad_Loss:-28.467 || 耗时：33.00s
轮次:··7/·20 || c_Loss:0.354 || e_Loss:-1.557 || Aad_Loss:-29.075 || 耗时：12.50s
轮次:··8/·20 || c_Loss:0.399 || e_Loss:-1.550 || Aad_Loss:-27.421 || 耗时：12.52s
轮次:··9/·20 || c_Loss:0.357 || e_Loss:-1.679 || Aad_Loss:-28.826 || 耗时：12.51s
轮次:·10/·20 || c_Loss:0.404 || e_Loss:-0.741 || Aad_Loss:-28.790 || 耗时：12.51s
任务: (B2)N15_M07_F10→(B3)N15_M07_F04; mix批次:····0; 批次:··940/·1880;  总正确率: 43.05%
类型1 正确率： 100.00% -> 1  100.00%, 2    0.00%, 3    0.00%
类型2 正确率：  29.00% -> 1    0.00%, 2   29.15%, 3   70.85%
类型3 正确率：   0.00% -> 1    0.00%, 2  100.00%, 3    0.00%


样本变换：reverse
样本变换：mask
样本变换：shift
样本变换：none
未过滤	未用伪标签：43.05% -> 使用伪标签：41.75%
已过滤	未用伪标签：42.98% -> 使用伪标签：41.81%
排除样本：9|6000	剩余：2000, 2503, 1488
增添样本：1572		细则：453, 0, 1119	正确率估算：97.39%
类型1 正确率： 100.00% -> 1  100.00%, 2    0.00%, 3    0.00%
类型2 正确率：  25.00% -> 1    0.00%, 2   25.31%, 3   74.69%
类型3 正确率：   0.00% -> 1    0.00%, 2   99.95%, 3    0.05%

被排除样本 正确率：88.89%
类型1 正确率：  89.00% -> 1   88.89%, 2   11.11%
类型2 没有样本或未被分类。


轮次:·11/·20 || c_Loss:0.359 || e_Loss:-0.795 || Aad_Loss:-30.519 || 耗时：33.17s
轮次:·12/·20 || c_Loss:0.377 || e_Loss:-0.805 || Aad_Loss:-30.363 || 耗时：12.43s
轮次:·13/·20 || c_Loss:0.371 || e_Loss:-0.759 || Aad_Loss:-29.811 || 耗时：12.44s
轮次:·14/·20 || c_Loss:0.342 || e_Loss:-1.450 || Aad_Loss:-30.754 || 耗时：12.46s
轮次:·15/·20 || c_Loss:0.362 || e_Loss:-0.775 || Aad_Loss:-30.062 || 耗时：12.52s
任务: (B2)N15_M07_F10→(B3)N15_M07_F04; mix批次:····0; 批次:·1410/·1880;  总正确率: 42.38%
类型1 正确率： 100.00% -> 1  100.00%, 2    0.00%, 3    0.00%
类型2 正确率：  27.00% -> 1    0.00%, 2   27.15%, 3   72.85%
类型3 正确率：   0.00% -> 1    0.00%, 2  100.00%, 3    0.00%


样本变换：reverse
样本变换：mask
样本变换：shift
样本变换：none
未过滤	未用伪标签：42.38% -> 使用伪标签：41.37%
已过滤	未用伪标签：42.30% -> 使用伪标签：41.45%
排除样本：12|6000	剩余：2000, 2479, 1509
增添样本：1509		细则：429, 0, 1080	正确率估算：98.67%
类型1 正确率： 100.00% -> 1  100.00%, 2    0.00%, 3    0.00%
类型2 正确率：  24.00% -> 1    0.00%, 2   24.18%, 3   75.82%
类型3 正确率：   0.00% -> 1    0.00%, 2   99.95%, 3    0.05%

被排除样本 正确率：83.33%
类型1 正确率：  91.00% -> 1   90.91%, 2    9.09%
类型2 正确率：   0.00% -> 1  100.00%, 2    0.00%


轮次:·16/·20 || c_Loss:0.379 || e_Loss:-0.737 || Aad_Loss:-30.310 || 耗时：33.06s
轮次:·17/·20 || c_Loss:0.399 || e_Loss:-1.244 || Aad_Loss:-28.170 || 耗时：12.42s
轮次:·18/·20 || c_Loss:0.379 || e_Loss:-1.590 || Aad_Loss:-29.322 || 耗时：12.44s
轮次:·19/·20 || c_Loss:0.333 || e_Loss:-1.561 || Aad_Loss:-30.135 || 耗时：12.43s
轮次:·20/·20 || c_Loss:0.345 || e_Loss:-1.562 || Aad_Loss:-31.065 || 耗时：12.51s
任务: (B2)N15_M07_F10→(B3)N15_M07_F04; mix批次:····0; 批次:·1880/·1880;  总正确率: 41.93%
类型1 正确率： 100.00% -> 1  100.00%, 2    0.00%, 3    0.00%
类型2 正确率：  26.00% -> 1    0.00%, 2   25.80%, 3   74.20%
类型3 正确率：   0.00% -> 1    0.00%, 2  100.00%, 3    0.00%


测试集任务: (B2)N15_M07_F10→(B3)N15_M07_F04; 总正确率 = 41.93%
类型1 正确率： 100.00% -> 1  100.00%, 2    0.00%, 3    0.00%
类型2 正确率：  26.00% -> 1    0.00%, 2   25.80%, 3   74.20%
类型3 正确率：   0.00% -> 1    0.00%, 2  100.00%, 3    0.00%


