读取源域路径：/kaggle/working/k10/S01/weight_PU_M1_final_checkpoint_FS01toS01c_gatepcv_s2024/NEW_PU/Source-源域/log&pt/(B1)N15_M01_F10
excel输出位置：/kaggle/working/k10/S01/weight_PU_M1_final_checkpoint_FS01toS01c_gatepcv_s2024/NEW_PU/Target-目标域
特征图片输出位置：/kaggle/working/k10/S01/weight_PU_M1_final_checkpoint_FS01toS01c_gatepcv_s2024/NEW_PU/Picture-特征图/2026年09月16日02时34分/(B1)N15_M01_F10
现在选取:(B1)N15_M01_F10 进行训练的源模型
现在进行：(B1)N15_M01_F10→(B3)N15_M07_F04 的迁移任务
log&pt输出位置：/kaggle/working/k10/S01/weight_PU_M1_final_checkpoint_FS01toS01c_gatepcv_s2024/NEW_PU/Target-目标域/log&pt/(B1)N15_M01_F10→(B3)N15_M07_F04
任务: (B1)N15_M01_F10→(B3)N15_M07_F04; 批次:····0/·1880;  总正确率: 42.58%
类型1 正确率： 100.00% -> 1  100.00%, 2    0.00%, 3    0.00%
类型2 正确率：  22.00% -> 1    5.10%, 2   21.60%, 3   73.30%
类型3 正确率：   6.00% -> 1    5.60%, 2   88.25%, 3    6.15%


样本变换：reverse
样本变换：mask
样本变换：shift
样本变换：none
未过滤	未用伪标签：42.58% -> 使用伪标签：42.85%
已过滤	未用伪标签：42.64% -> 使用伪标签：43.03%
排除样本：25|6000	剩余：2000, 2569, 1406
增添样本：1770		细则：519, 0, 1251	正确率估算：99.83%
类型1 正确率： 100.00% -> 1  100.00%, 2    0.00%, 3    0.00%
类型2 正确率：  29.00% -> 1    0.00%, 2   28.86%, 3   71.14%
类型3 正确率：   0.00% -> 1    0.00%, 2   99.95%, 3    0.05%

被排除样本 正确率：28.00%
类型1 没有样本或未被分类。
类型2 正确率：  28.00% -> 1   12.00%, 2   28.00%, 3   60.00%
类型3 没有样本或未被分类。


轮次:··1/·20 || c_Loss:0.596 || e_Loss:-1.039 || Aad_Loss:-29.016 || 耗时：32.84s
轮次:··2/·20 || c_Loss:0.460 || e_Loss:-1.524 || Aad_Loss:-27.132 || 耗时：12.38s
轮次:··3/·20 || c_Loss:0.379 || e_Loss:-1.603 || Aad_Loss:-27.984 || 耗时：12.40s
轮次:··4/·20 || c_Loss:0.405 || e_Loss:-1.157 || Aad_Loss:-27.310 || 耗时：12.41s
轮次:··5/·20 || c_Loss:0.397 || e_Loss:-0.840 || Aad_Loss:-27.591 || 耗时：12.49s
任务: (B1)N15_M01_F10→(B3)N15_M07_F04; mix批次:····0; 批次:··470/·1880;  总正确率: 43.10%
类型1 正确率： 100.00% -> 1  100.00%, 2    0.00%, 3    0.00%
类型2 正确率：  29.00% -> 1    0.00%, 2   29.30%, 3   70.70%
类型3 正确率：   0.00% -> 1    0.00%, 2  100.00%, 3    0.00%


样本变换：reverse
样本变换：mask
样本变换：shift
样本变换：none
未过滤	未用伪标签：43.10% -> 使用伪标签：41.95%
已过滤	未用伪标签：42.98% -> 使用伪标签：42.04%
排除样本：13|6000	剩余：2000, 2515, 1472
增添样本：1610		细则：465, 0, 1145	正确率估算：97.89%
类型1 正确率： 100.00% -> 1  100.00%, 2    0.00%, 3    0.00%
类型2 正确率：  26.00% -> 1    0.00%, 2   25.97%, 3   74.03%
类型3 正确率：   0.00% -> 1    0.00%, 2   99.95%, 3    0.05%

被排除样本 正确率：100.00%
类型1 正确率： 100.00% -> 1  100.00%


轮次:··6/·20 || c_Loss:0.357 || e_Loss:-1.568 || Aad_Loss:-30.089 || 耗时：33.04s
轮次:··7/·20 || c_Loss:0.371 || e_Loss:-0.778 || Aad_Loss:-29.063 || 耗时：12.44s
轮次:··8/·20 || c_Loss:0.356 || e_Loss:-1.680 || Aad_Loss:-29.341 || 耗时：12.46s
轮次:··9/·20 || c_Loss:0.381 || e_Loss:-1.660 || Aad_Loss:-28.871 || 耗时：12.48s
轮次:·10/·20 || c_Loss:0.343 || e_Loss:-1.397 || Aad_Loss:-31.363 || 耗时：12.52s
任务: (B1)N15_M01_F10→(B3)N15_M07_F04; mix批次:····0; 批次:··940/·1880;  总正确率: 42.53%
类型1 正确率： 100.00% -> 1  100.00%, 2    0.00%, 3    0.00%
类型2 正确率：  28.00% -> 1    0.00%, 2   27.60%, 3   72.40%
类型3 正确率：   0.00% -> 1    0.00%, 2  100.00%, 3    0.00%


样本变换：reverse
样本变换：mask
样本变换：shift
样本变换：none
未过滤	未用伪标签：42.53% -> 使用伪标签：41.57%
已过滤	未用伪标签：42.40% -> 使用伪标签：41.66%
排除样本：14|6000	剩余：2000, 2492, 1494
增添样本：1546		细则：442, 0, 1104	正确率估算：98.90%
类型1 正确率： 100.00% -> 1  100.00%, 2    0.00%, 3    0.00%
类型2 正确率：  25.00% -> 1    0.00%, 2   24.82%, 3   75.18%
类型3 正确率：   0.00% -> 1    0.00%, 2   99.95%, 3    0.05%

被排除样本 正确率：100.00%
类型1 正确率： 100.00% -> 1  100.00%


轮次:·11/·20 || c_Loss:0.344 || e_Loss:-1.633 || Aad_Loss:-29.761 || 耗时：33.03s
轮次:·12/·20 || c_Loss:0.352 || e_Loss:-0.803 || Aad_Loss:-31.241 || 耗时：12.45s
轮次:·13/·20 || c_Loss:0.366 || e_Loss:-0.749 || Aad_Loss:-30.027 || 耗时：12.47s
轮次:·14/·20 || c_Loss:0.373 || e_Loss:-1.437 || Aad_Loss:-28.645 || 耗时：12.46s
轮次:·15/·20 || c_Loss:0.386 || e_Loss:-1.495 || Aad_Loss:-29.831 || 耗时：12.51s
任务: (B1)N15_M01_F10→(B3)N15_M07_F04; mix批次:····0; 批次:·1410/·1880;  总正确率: 42.92%
类型1 正确率： 100.00% -> 1  100.00%, 2    0.00%, 3    0.00%
类型2 正确率：  29.00% -> 1    0.00%, 2   28.75%, 3   71.25%
类型3 正确率：   0.00% -> 1    0.00%, 2  100.00%, 3    0.00%


样本变换：reverse
样本变换：mask
样本变换：shift
样本变换：none
未过滤	未用伪标签：42.92% -> 使用伪标签：41.68%
已过滤	未用伪标签：42.82% -> 使用伪标签：41.75%
排除样本：10|6000	剩余：2000, 2499, 1491
增添样本：1562		细则：449, 0, 1113	正确率估算：97.89%
类型1 正确率： 100.00% -> 1  100.00%, 2    0.00%, 3    0.00%
类型2 正确率：  25.00% -> 1    0.00%, 2   25.13%, 3   74.87%
类型3 正确率：   0.00% -> 1    0.00%, 2   99.95%, 3    0.05%

被排除样本 正确率：100.00%
类型1 正确率： 100.00% -> 1  100.00%


轮次:·16/·20 || c_Loss:0.377 || e_Loss:-1.341 || Aad_Loss:-28.263 || 耗时：33.05s
轮次:·17/·20 || c_Loss:0.366 || e_Loss:-1.526 || Aad_Loss:-31.501 || 耗时：12.38s
轮次:·18/·20 || c_Loss:0.380 || e_Loss:-1.558 || Aad_Loss:-30.226 || 耗时：12.41s
轮次:·19/·20 || c_Loss:0.392 || e_Loss:-0.714 || Aad_Loss:-29.468 || 耗时：12.38s
轮次:·20/·20 || c_Loss:0.389 || e_Loss:-1.701 || Aad_Loss:-29.012 || 耗时：12.52s
任务: (B1)N15_M01_F10→(B3)N15_M07_F04; mix批次:····0; 批次:·1880/·1880;  总正确率: 42.25%
类型1 正确率： 100.00% -> 1  100.00%, 2    0.00%, 3    0.00%
类型2 正确率：  27.00% -> 1    0.00%, 2   26.75%, 3   73.25%
类型3 正确率：   0.00% -> 1    0.00%, 2  100.00%, 3    0.00%


测试集任务: (B1)N15_M01_F10→(B3)N15_M07_F04; 总正确率 = 42.25%
类型1 正确率： 100.00% -> 1  100.00%, 2    0.00%, 3    0.00%
类型2 正确率：  27.00% -> 1    0.00%, 2   26.75%, 3   73.25%
类型3 正确率：   0.00% -> 1    0.00%, 2  100.00%, 3    0.00%


