读取源域路径：/kaggle/working/k10/S01/weight_PU_M1_final_checkpoint_FS01toS01c_gatepcv_s2024/NEW_PU/Source-源域/log&pt/(B1)N15_M01_F10
excel输出位置：/kaggle/working/k10/S01/weight_PU_M1_final_checkpoint_FS01toS01c_gatepcv_s2024/NEW_PU/Target-目标域
特征图片输出位置：/kaggle/working/k10/S01/weight_PU_M1_final_checkpoint_FS01toS01c_gatepcv_s2024/NEW_PU/Picture-特征图/2026年09月16日02时28分/(B1)N15_M01_F10
现在选取:(B1)N15_M01_F10 进行训练的源模型
现在进行：(B1)N15_M01_F10→(B2)N15_M07_F10 的迁移任务
log&pt输出位置：/kaggle/working/k10/S01/weight_PU_M1_final_checkpoint_FS01toS01c_gatepcv_s2024/NEW_PU/Target-目标域/log&pt/(B1)N15_M01_F10→(B2)N15_M07_F10
任务: (B1)N15_M01_F10→(B2)N15_M07_F10; 批次:····0/·1880;  总正确率: 37.72%
类型1 正确率： 100.00% -> 1  100.00%, 2    0.00%, 3    0.00%
类型2 正确率：  13.00% -> 1    0.10%, 2   13.15%, 3   86.75%
类型3 正确率：   0.00% -> 1    0.00%, 2  100.00%, 3    0.00%


样本变换：reverse
样本变换：mask
样本变换：shift
样本变换：none
未过滤	未用伪标签：37.72% -> 使用伪标签：36.70%
已过滤	未用伪标签：37.54% -> 使用伪标签：37.01%
排除样本：51|6000	剩余：2000, 2202, 1747
增添样本：3055		细则：0, 1798, 1257	正确率估算：97.99%
类型1 正确率： 100.00% -> 1  100.00%, 2    0.00%, 3    0.00%
类型2 正确率：  10.00% -> 1    0.00%, 2   10.36%, 3   89.64%
类型3 正确率：   0.00% -> 1    0.00%, 2  100.00%, 3    0.00%

被排除样本 正确率：58.82%
类型1 正确率：  59.00% -> 1   58.82%, 2   41.18%
类型2 没有样本或未被分类。


轮次:··1/·20 || c_Loss:0.438 || e_Loss:-1.570 || Aad_Loss:-17.726 || 耗时：32.97s
轮次:··2/·20 || c_Loss:0.436 || e_Loss:-1.450 || Aad_Loss:-22.047 || 耗时：12.32s
轮次:··3/·20 || c_Loss:0.382 || e_Loss:-1.591 || Aad_Loss:-20.048 || 耗时：12.36s
轮次:··4/·20 || c_Loss:0.478 || e_Loss:-1.261 || Aad_Loss:-26.459 || 耗时：12.38s
轮次:··5/·20 || c_Loss:0.390 || e_Loss:-1.594 || Aad_Loss:-19.727 || 耗时：12.38s
任务: (B1)N15_M01_F10→(B2)N15_M07_F10; mix批次:····0; 批次:··470/·1880;  总正确率: 54.50%
类型1 正确率： 100.00% -> 1  100.00%, 2    0.00%, 3    0.00%
类型2 正确率：  28.00% -> 1    0.00%, 2   28.00%, 3   72.00%
类型3 正确率：  36.00% -> 1   18.10%, 2   46.40%, 3   35.50%


样本变换：reverse
样本变换：mask
样本变换：shift
样本变换：none
未过滤	未用伪标签：54.50% -> 使用伪标签：44.33%
已过滤	未用伪标签：54.54% -> 使用伪标签：44.77%
排除样本：59|6000	剩余：2008, 1273, 2660
增添样本：561		细则：0, 561	正确率估算：73.26%
类型1 正确率： 100.00% -> 1  100.00%, 2    0.00%, 3    0.00%
类型2 正确率：   0.00% -> 1    0.00%, 2    0.00%, 3  100.00%
类型3 正确率：  34.00% -> 1    0.41%, 2   65.58%, 3   34.00%

被排除样本 正确率：50.85%
类型1 没有样本或未被分类。
类型2 没有样本或未被分类。
类型3 正确率：  51.00% -> 1    1.69%, 2   47.46%, 3   50.85%


轮次:··6/·20 || c_Loss:0.391 || e_Loss:-1.352 || Aad_Loss:-26.986 || 耗时：32.46s
轮次:··7/·20 || c_Loss:0.406 || e_Loss:-1.393 || Aad_Loss:-28.649 || 耗时：12.42s
轮次:··8/·20 || c_Loss:0.421 || e_Loss:-1.411 || Aad_Loss:-32.150 || 耗时：12.42s
轮次:··9/·20 || c_Loss:0.447 || e_Loss:-1.475 || Aad_Loss:-31.015 || 耗时：12.44s
轮次:·10/·20 || c_Loss:0.370 || e_Loss:-1.395 || Aad_Loss:-24.346 || 耗时：12.42s
任务: (B1)N15_M01_F10→(B2)N15_M07_F10; mix批次:····0; 批次:··940/·1880;  总正确率: 62.60%
类型1 正确率： 100.00% -> 1  100.00%, 2    0.00%, 3    0.00%
类型2 正确率：   3.00% -> 1    0.00%, 2    3.40%, 3   96.60%
类型3 正确率：  84.00% -> 1    0.50%, 2   15.10%, 3   84.40%


样本变换：reverse
样本变换：mask
样本变换：shift
样本变换：none
未过滤	未用伪标签：62.60% -> 使用伪标签：51.87%
已过滤	未用伪标签：62.49% -> 使用伪标签：52.19%
排除样本：37|6000	剩余：2000, 858, 3105
增添样本：2109		细则：0, 1997, 112	正确率估算：97.39%
类型1 正确率： 100.00% -> 1  100.00%, 2    0.00%, 3    0.00%
类型2 正确率：   0.00% -> 1    0.00%, 2    0.15%, 3   99.85%
类型3 正确率：  56.00% -> 1    0.00%, 2   43.53%, 3   56.47%

被排除样本 正确率：81.08%
类型1 正确率：   0.00% -> 1    0.00%, 2  100.00%
类型2 正确率：  83.00% -> 1   16.67%, 2   83.33%


轮次:·11/·20 || c_Loss:0.468 || e_Loss:-1.428 || Aad_Loss:-31.760 || 耗时：32.30s
轮次:·12/·20 || c_Loss:0.360 || e_Loss:-1.346 || Aad_Loss:-30.765 || 耗时：12.40s
轮次:·13/·20 || c_Loss:0.360 || e_Loss:-1.360 || Aad_Loss:-33.525 || 耗时：12.39s
轮次:·14/·20 || c_Loss:0.447 || e_Loss:-1.389 || Aad_Loss:-31.902 || 耗时：12.42s
轮次:·15/·20 || c_Loss:0.445 || e_Loss:-1.436 || Aad_Loss:-32.729 || 耗时：12.42s
任务: (B1)N15_M01_F10→(B2)N15_M07_F10; mix批次:····0; 批次:·1410/·1880;  总正确率: 64.00%
类型1 正确率： 100.00% -> 1  100.00%, 2    0.00%, 3    0.00%
类型2 正确率：   4.00% -> 1    0.00%, 2    4.35%, 3   95.65%
类型3 正确率：  88.00% -> 1    0.35%, 2   12.00%, 3   87.65%


样本变换：reverse
样本变换：mask
样本变换：shift
样本变换：none
未过滤	未用伪标签：64.00% -> 使用伪标签：55.00%
已过滤	未用伪标签：63.71% -> 使用伪标签：55.68%
排除样本：73|6000	剩余：2000, 738, 3189
增添样本：2008		细则：29, 1979, 0	正确率估算：70.89%
类型1 正确率： 100.00% -> 1  100.00%, 2    0.00%, 3    0.00%
类型2 正确率：   3.00% -> 1    0.00%, 2    2.51%, 3   97.49%
类型3 正确率：  64.00% -> 1    0.00%, 2   35.50%, 3   64.50%

被排除样本 正确率：87.67%
类型1 正确率：  55.00% -> 1   54.55%, 2   45.45%
类型2 正确率：  94.00% -> 1    6.45%, 2   93.55%


轮次:·16/·20 || c_Loss:0.458 || e_Loss:-1.391 || Aad_Loss:-31.828 || 耗时：32.37s
轮次:·17/·20 || c_Loss:0.396 || e_Loss:-1.399 || Aad_Loss:-34.736 || 耗时：12.47s
轮次:·18/·20 || c_Loss:0.358 || e_Loss:-1.331 || Aad_Loss:-35.962 || 耗时：12.48s
轮次:·19/·20 || c_Loss:0.416 || e_Loss:-1.423 || Aad_Loss:-30.824 || 耗时：12.51s
轮次:·20/·20 || c_Loss:0.429 || e_Loss:-1.450 || Aad_Loss:-28.512 || 耗时：12.49s
任务: (B1)N15_M01_F10→(B2)N15_M07_F10; mix批次:····0; 批次:·1880/·1880;  总正确率: 66.73%
类型1 正确率： 100.00% -> 1  100.00%, 2    0.00%, 3    0.00%
类型2 正确率：   9.00% -> 1    0.00%, 2    9.10%, 3   90.90%
类型3 正确率：  91.00% -> 1    0.15%, 2    8.75%, 3   91.10%


测试集任务: (B1)N15_M01_F10→(B2)N15_M07_F10; 总正确率 = 66.73%
类型1 正确率： 100.00% -> 1  100.00%, 2    0.00%, 3    0.00%
类型2 正确率：   9.00% -> 1    0.00%, 2    9.10%, 3   90.90%
类型3 正确率：  91.00% -> 1    0.15%, 2    8.75%, 3   91.10%


