读取源域路径：/kaggle/working/k10/S02/weight_PU_M1_final_checkpoint_FS02toS02c_s2024/NEW_PU/Source-源域/log&pt/(B3)N15_M07_F04
excel输出位置：/kaggle/working/k10/S02/weight_PU_M1_final_checkpoint_FS02toS02c_s2024/NEW_PU/Target-目标域
特征图片输出位置：/kaggle/working/k10/S02/weight_PU_M1_final_checkpoint_FS02toS02c_s2024/NEW_PU/Picture-特征图/2026年09月16日04时41分/(B3)N15_M07_F04
现在选取:(B3)N15_M07_F04 进行训练的源模型
现在进行：(B3)N15_M07_F04→(B1)N15_M01_F10 的迁移任务
log&pt输出位置：/kaggle/working/k10/S02/weight_PU_M1_final_checkpoint_FS02toS02c_s2024/NEW_PU/Target-目标域/log&pt/(B3)N15_M07_F04→(B1)N15_M01_F10
任务: (B3)N15_M07_F04→(B1)N15_M01_F10; 批次:····0/·1880;  总正确率: 52.90%
类型1 正确率： 100.00% -> 1   99.75%, 2    0.00%, 3    0.25%
类型2 正确率：  59.00% -> 1    0.40%, 2   58.95%, 3   40.65%
类型3 正确率：   0.00% -> 1    0.05%, 2   99.95%, 3    0.00%


样本变换：reverse
样本变换：mask
样本变换：shift
样本变换：none
未过滤	未用伪标签：52.90% -> 使用伪标签：47.85%
已过滤	未用伪标签：52.28% -> 使用伪标签：48.72%
排除样本：107|6000	剩余：2003, 2864, 1026
增添样本：2699		细则：861, 0, 1838	正确率估算：88.71%
类型1 正确率： 100.00% -> 1   99.95%, 2    0.00%, 3    0.05%
类型2 正确率：  46.00% -> 1    0.11%, 2   45.92%, 3   53.98%
类型3 正确率：   0.00% -> 1    0.10%, 2   99.90%, 3    0.00%

被排除样本 正确率：86.92%
类型1 没有样本或未被分类。
类型2 正确率：  92.00% -> 1    0.99%, 2   92.08%, 3    6.93%
类型3 正确率：   0.00% -> 1    0.00%, 2  100.00%, 3    0.00%


轮次:··1/·20 || c_Loss:0.497 || e_Loss:-0.959 || Aad_Loss:-31.553 || 耗时：33.03s
轮次:··2/·20 || c_Loss:0.376 || e_Loss:-1.294 || Aad_Loss:-32.818 || 耗时：12.46s
轮次:··3/·20 || c_Loss:0.358 || e_Loss:-1.666 || Aad_Loss:-31.407 || 耗时：12.50s
轮次:··4/·20 || c_Loss:0.362 || e_Loss:-0.846 || Aad_Loss:-32.926 || 耗时：12.48s
轮次:··5/·20 || c_Loss:0.364 || e_Loss:-0.903 || Aad_Loss:-28.440 || 耗时：12.60s
任务: (B3)N15_M07_F04→(B1)N15_M01_F10; mix批次:····0; 批次:··470/·1880;  总正确率: 47.87%
类型1 正确率： 100.00% -> 1   99.95%, 2    0.00%, 3    0.05%
类型2 正确率：  44.00% -> 1    0.00%, 2   43.65%, 3   56.35%
类型3 正确率：   0.00% -> 1    0.00%, 2  100.00%, 3    0.00%


样本变换：reverse
样本变换：mask
样本变换：shift
样本变换：none
未过滤	未用伪标签：47.87% -> 使用伪标签：47.25%
已过滤	未用伪标签：47.70% -> 使用伪标签：47.68%
排除样本：54|6000	剩余：2000, 2835, 1111
增添样本：2559		细则：835, 0, 1724	正确率估算：99.08%
类型1 正确率： 100.00% -> 1  100.00%, 2    0.00%, 3    0.00%
类型2 正确率：  43.00% -> 1    0.00%, 2   42.91%, 3   57.09%
类型3 正确率：   0.00% -> 1    0.00%, 2  100.00%, 3    0.00%

被排除样本 正确率：66.67%
类型1 正确率：  67.00% -> 1   66.67%, 2   33.33%
类型2 没有样本或未被分类。


轮次:··6/·20 || c_Loss:0.389 || e_Loss:-0.911 || Aad_Loss:-28.604 || 耗时：33.31s
轮次:··7/·20 || c_Loss:0.395 || e_Loss:-0.898 || Aad_Loss:-27.334 || 耗时：12.46s
轮次:··8/·20 || c_Loss:0.371 || e_Loss:-1.604 || Aad_Loss:-28.109 || 耗时：12.48s
轮次:··9/·20 || c_Loss:0.377 || e_Loss:-0.956 || Aad_Loss:-30.624 || 耗时：12.48s
轮次:·10/·20 || c_Loss:0.388 || e_Loss:-1.454 || Aad_Loss:-29.581 || 耗时：12.59s
任务: (B3)N15_M07_F04→(B1)N15_M01_F10; mix批次:····0; 批次:··940/·1880;  总正确率: 45.85%
类型1 正确率： 100.00% -> 1  100.00%, 2    0.00%, 3    0.00%
类型2 正确率：  38.00% -> 1    0.00%, 2   37.55%, 3   62.45%
类型3 正确率：   0.00% -> 1    0.00%, 2  100.00%, 3    0.00%


样本变换：reverse
样本变换：mask
样本变换：shift
样本变换：none
未过滤	未用伪标签：45.85% -> 使用伪标签：45.08%
已过滤	未用伪标签：45.73% -> 使用伪标签：45.26%
排除样本：23|6000	剩余：2000, 2705, 1272
增添样本：2138		细则：705, 0, 1433	正确率估算：99.04%
类型1 正确率： 100.00% -> 1  100.00%, 2    0.00%, 3    0.00%
类型2 正确率：  36.00% -> 1    0.00%, 2   35.66%, 3   64.34%
类型3 正确率：   0.00% -> 1    0.00%, 2  100.00%, 3    0.00%

被排除样本 正确率：78.26%
类型1 正确率：  78.00% -> 1   78.26%, 2   21.74%
类型2 没有样本或未被分类。


轮次:·11/·20 || c_Loss:0.372 || e_Loss:-0.901 || Aad_Loss:-29.567 || 耗时：33.40s
轮次:·12/·20 || c_Loss:0.364 || e_Loss:-0.986 || Aad_Loss:-30.297 || 耗时：12.49s
轮次:·13/·20 || c_Loss:0.409 || e_Loss:-0.890 || Aad_Loss:-31.779 || 耗时：12.51s
轮次:·14/·20 || c_Loss:0.369 || e_Loss:-0.998 || Aad_Loss:-30.251 || 耗时：12.51s
轮次:·15/·20 || c_Loss:0.416 || e_Loss:-0.940 || Aad_Loss:-33.131 || 耗时：12.54s
任务: (B3)N15_M07_F04→(B1)N15_M01_F10; mix批次:····0; 批次:·1410/·1880;  总正确率: 44.03%
类型1 正确率： 100.00% -> 1  100.00%, 2    0.00%, 3    0.00%
类型2 正确率：  32.00% -> 1    0.00%, 2   32.10%, 3   67.90%
类型3 正确率：   0.00% -> 1    0.00%, 2  100.00%, 3    0.00%


样本变换：reverse
样本变换：mask
样本变换：shift
样本变换：none
未过滤	未用伪标签：44.03% -> 使用伪标签：44.12%
已过滤	未用伪标签：44.08% -> 使用伪标签：44.16%
排除样本：6|6000	剩余：2000, 2647, 1347
增添样本：1947		细则：647, 0, 1300	正确率估算：99.90%
类型1 正确率： 100.00% -> 1  100.00%, 2    0.00%, 3    0.00%
类型2 正确率：  32.00% -> 1    0.00%, 2   32.45%, 3   67.55%
类型3 正确率：   0.00% -> 1    0.00%, 2  100.00%, 3    0.00%

被排除样本 正确率：0.00%
类型1 正确率：   0.00% -> 1    0.00%, 2  100.00%
类型2 没有样本或未被分类。


轮次:·16/·20 || c_Loss:0.392 || e_Loss:-0.990 || Aad_Loss:-29.565 || 耗时：33.29s
轮次:·17/·20 || c_Loss:0.386 || e_Loss:-0.998 || Aad_Loss:-30.598 || 耗时：12.47s
轮次:·18/·20 || c_Loss:0.405 || e_Loss:-0.972 || Aad_Loss:-30.543 || 耗时：12.47s
轮次:·19/·20 || c_Loss:0.381 || e_Loss:-0.998 || Aad_Loss:-30.492 || 耗时：12.49s
轮次:·20/·20 || c_Loss:0.380 || e_Loss:-1.006 || Aad_Loss:-31.320 || 耗时：12.59s
任务: (B3)N15_M07_F04→(B1)N15_M01_F10; mix批次:····0; 批次:·1880/·1880;  总正确率: 44.20%
类型1 正确率： 100.00% -> 1  100.00%, 2    0.00%, 3    0.00%
类型2 正确率：  33.00% -> 1    0.00%, 2   32.60%, 3   67.40%
类型3 正确率：   0.00% -> 1    0.00%, 2  100.00%, 3    0.00%


测试集任务: (B3)N15_M07_F04→(B1)N15_M01_F10; 总正确率 = 44.20%
类型1 正确率： 100.00% -> 1  100.00%, 2    0.00%, 3    0.00%
类型2 正确率：  33.00% -> 1    0.00%, 2   32.60%, 3   67.40%
类型3 正确率：   0.00% -> 1    0.00%, 2  100.00%, 3    0.00%


