读取源域路径：/kaggle/working/k10/S02/weight_PU_M1_final_checkpoint_FS02toS02c_s2024/NEW_PU/Source-源域/log&pt/(B1)N15_M01_F10
excel输出位置：/kaggle/working/k10/S02/weight_PU_M1_final_checkpoint_FS02toS02c_s2024/NEW_PU/Target-目标域
特征图片输出位置：/kaggle/working/k10/S02/weight_PU_M1_final_checkpoint_FS02toS02c_s2024/NEW_PU/Picture-特征图/2026年09月16日04时23分/(B1)N15_M01_F10
现在选取:(B1)N15_M01_F10 进行训练的源模型
现在进行：(B1)N15_M01_F10→(B3)N15_M07_F04 的迁移任务
log&pt输出位置：/kaggle/working/k10/S02/weight_PU_M1_final_checkpoint_FS02toS02c_s2024/NEW_PU/Target-目标域/log&pt/(B1)N15_M01_F10→(B3)N15_M07_F04
任务: (B1)N15_M01_F10→(B3)N15_M07_F04; 批次:····0/·1880;  总正确率: 56.52%
类型1 正确率：  98.00% -> 1   98.45%, 2    0.00%, 3    1.55%
类型2 正确率：  12.00% -> 1    0.10%, 2   12.40%, 3   87.50%
类型3 正确率：  59.00% -> 1    0.00%, 2   41.30%, 3   58.70%


样本变换：reverse
样本变换：mask
样本变换：shift
样本变换：none
未过滤	未用伪标签：56.52% -> 使用伪标签：57.17%
已过滤	未用伪标签：56.78% -> 使用伪标签：57.62%
排除样本：47|6000	剩余：2002, 1435, 2516
增添样本：1595		细则：514, 1081, 0	正确率估算：78.62%
类型1 正确率： 100.00% -> 1  100.00%, 2    0.00%, 3    0.00%
类型2 正确率：  22.00% -> 1    0.10%, 2   22.16%, 3   77.74%
类型3 正确率：  50.00% -> 1    0.00%, 2   50.13%, 3   49.87%

被排除样本 正确率：23.40%
类型1 正确率：  24.00% -> 1   23.91%, 2   76.09%
类型2 正确率：   0.00% -> 1  100.00%, 2    0.00%


轮次:··1/·20 || c_Loss:0.561 || e_Loss:-1.008 || Aad_Loss:-27.089 || 耗时：32.81s
轮次:··2/·20 || c_Loss:0.409 || e_Loss:-0.938 || Aad_Loss:-29.421 || 耗时：12.44s
轮次:··3/·20 || c_Loss:0.456 || e_Loss:-0.906 || Aad_Loss:-27.922 || 耗时：12.46s
轮次:··4/·20 || c_Loss:0.382 || e_Loss:-0.935 || Aad_Loss:-28.466 || 耗时：12.46s
轮次:··5/·20 || c_Loss:0.367 || e_Loss:-0.946 || Aad_Loss:-29.565 || 耗时：12.52s
任务: (B1)N15_M01_F10→(B3)N15_M07_F04; mix批次:····0; 批次:··470/·1880;  总正确率: 57.08%
类型1 正确率： 100.00% -> 1  100.00%, 2    0.00%, 3    0.00%
类型2 正确率：  21.00% -> 1    0.00%, 2   21.25%, 3   78.75%
类型3 正确率：  50.00% -> 1    0.00%, 2   50.00%, 3   50.00%


样本变换：reverse
样本变换：mask
样本变换：shift
样本变换：none
未过滤	未用伪标签：57.08% -> 使用伪标签：59.70%
已过滤	未用伪标签：57.23% -> 使用伪标签：59.85%
排除样本：15|6000	剩余：2000, 1582, 2403
增添样本：1224		细则：403, 821, 0	正确率估算：93.46%
类型1 正确率： 100.00% -> 1  100.00%, 2    0.00%, 3    0.00%
类型2 正确率：  29.00% -> 1    0.00%, 2   29.32%, 3   70.68%
类型3 正确率：  50.00% -> 1    0.00%, 2   50.00%, 3   50.00%

被排除样本 正确率：0.00%
类型1 正确率：   0.00% -> 1    0.00%, 2  100.00%
类型2 没有样本或未被分类。


轮次:··6/·20 || c_Loss:0.401 || e_Loss:-0.835 || Aad_Loss:-29.868 || 耗时：32.88s
轮次:··7/·20 || c_Loss:0.452 || e_Loss:-0.954 || Aad_Loss:-28.902 || 耗时：12.50s
轮次:··8/·20 || c_Loss:0.387 || e_Loss:-0.977 || Aad_Loss:-29.209 || 耗时：12.50s
轮次:··9/·20 || c_Loss:0.401 || e_Loss:-0.962 || Aad_Loss:-30.040 || 耗时：12.51s
轮次:·10/·20 || c_Loss:0.388 || e_Loss:-0.980 || Aad_Loss:-29.942 || 耗时：12.51s
任务: (B1)N15_M01_F10→(B3)N15_M07_F04; mix批次:····0; 批次:··940/·1880;  总正确率: 60.13%
类型1 正确率： 100.00% -> 1  100.00%, 2    0.00%, 3    0.00%
类型2 正确率：  30.00% -> 1    0.00%, 2   30.40%, 3   69.60%
类型3 正确率：  50.00% -> 1    0.00%, 2   50.00%, 3   50.00%


样本变换：reverse
样本变换：mask
样本变换：shift
样本变换：none
未过滤	未用伪标签：60.13% -> 使用伪标签：60.50%
已过滤	未用伪标签：60.22% -> 使用伪标签：60.64%
排除样本：14|6000	剩余：2000, 1630, 2356
增添样本：1082		细则：356, 726, 0	正确率估算：99.08%
类型1 正确率： 100.00% -> 1  100.00%, 2    0.00%, 3    0.00%
类型2 正确率：  32.00% -> 1    0.00%, 2   31.72%, 3   68.28%
类型3 正确率：  50.00% -> 1    0.00%, 2   50.00%, 3   50.00%

被排除样本 正确率：21.43%
类型1 正确率：  21.00% -> 1   21.43%, 2   78.57%
类型2 没有样本或未被分类。


轮次:·11/·20 || c_Loss:0.396 || e_Loss:-0.967 || Aad_Loss:-29.851 || 耗时：32.83s
轮次:·12/·20 || c_Loss:0.392 || e_Loss:-1.665 || Aad_Loss:-30.141 || 耗时：12.50s
轮次:·13/·20 || c_Loss:0.381 || e_Loss:-0.981 || Aad_Loss:-29.586 || 耗时：12.51s
轮次:·14/·20 || c_Loss:0.375 || e_Loss:-0.987 || Aad_Loss:-30.335 || 耗时：12.49s
轮次:·15/·20 || c_Loss:0.382 || e_Loss:-0.960 || Aad_Loss:-29.317 || 耗时：12.50s
任务: (B1)N15_M01_F10→(B3)N15_M07_F04; mix批次:····0; 批次:·1410/·1880;  总正确率: 60.47%
类型1 正确率： 100.00% -> 1  100.00%, 2    0.00%, 3    0.00%
类型2 正确率：  31.00% -> 1    0.00%, 2   31.40%, 3   68.60%
类型3 正确率：  50.00% -> 1    0.00%, 2   50.00%, 3   50.00%


样本变换：reverse
样本变换：mask
样本变换：shift
样本变换：none
未过滤	未用伪标签：60.47% -> 使用伪标签：60.58%
已过滤	未用伪标签：60.56% -> 使用伪标签：60.67%
排除样本：9|6000	剩余：2000, 1635, 2356
增添样本：1077		细则：356, 721, 0	正确率估算：99.44%
类型1 正确率： 100.00% -> 1  100.00%, 2    0.00%, 3    0.00%
类型2 正确率：  32.00% -> 1    0.00%, 2   31.89%, 3   68.11%
类型3 正确率：  50.00% -> 1    0.00%, 2   50.00%, 3   50.00%

被排除样本 正确率：0.00%
类型1 正确率：   0.00% -> 1    0.00%, 2  100.00%
类型2 没有样本或未被分类。


轮次:·16/·20 || c_Loss:0.377 || e_Loss:-0.987 || Aad_Loss:-30.609 || 耗时：32.75s
轮次:·17/·20 || c_Loss:0.379 || e_Loss:-1.011 || Aad_Loss:-30.910 || 耗时：12.48s
轮次:·18/·20 || c_Loss:0.413 || e_Loss:-0.975 || Aad_Loss:-29.962 || 耗时：12.48s
轮次:·19/·20 || c_Loss:0.437 || e_Loss:-0.918 || Aad_Loss:-30.584 || 耗时：12.48s
轮次:·20/·20 || c_Loss:0.390 || e_Loss:-0.963 || Aad_Loss:-30.680 || 耗时：12.50s
任务: (B1)N15_M01_F10→(B3)N15_M07_F04; mix批次:····0; 批次:·1880/·1880;  总正确率: 60.65%
类型1 正确率： 100.00% -> 1  100.00%, 2    0.00%, 3    0.00%
类型2 正确率：  32.00% -> 1    0.00%, 2   31.95%, 3   68.05%
类型3 正确率：  50.00% -> 1    0.00%, 2   50.00%, 3   50.00%


测试集任务: (B1)N15_M01_F10→(B3)N15_M07_F04; 总正确率 = 60.65%
类型1 正确率： 100.00% -> 1  100.00%, 2    0.00%, 3    0.00%
类型2 正确率：  32.00% -> 1    0.00%, 2   31.95%, 3   68.05%
类型3 正确率：  50.00% -> 1    0.00%, 2   50.00%, 3   50.00%


