读取源域路径：/kaggle/working/k10/S02/weight_PU_M1_final_checkpoint_FS02toS02c_s2024/NEW_PU/Source-源域/log&pt/(B2)N15_M07_F10
excel输出位置：/kaggle/working/k10/S02/weight_PU_M1_final_checkpoint_FS02toS02c_s2024/NEW_PU/Target-目标域
特征图片输出位置：/kaggle/working/k10/S02/weight_PU_M1_final_checkpoint_FS02toS02c_s2024/NEW_PU/Picture-特征图/2026年09月16日04时35分/(B2)N15_M07_F10
现在选取:(B2)N15_M07_F10 进行训练的源模型
现在进行：(B2)N15_M07_F10→(B3)N15_M07_F04 的迁移任务
log&pt输出位置：/kaggle/working/k10/S02/weight_PU_M1_final_checkpoint_FS02toS02c_s2024/NEW_PU/Target-目标域/log&pt/(B2)N15_M07_F10→(B3)N15_M07_F04
任务: (B2)N15_M07_F10→(B3)N15_M07_F04; 批次:····0/·1880;  总正确率: 63.78%
类型1 正确率： 100.00% -> 1  100.00%, 2    0.00%, 3    0.00%
类型2 正确率：   5.00% -> 1    0.10%, 2    4.90%, 3   95.00%
类型3 正确率：  86.00% -> 1    0.00%, 2   13.55%, 3   86.45%


样本变换：reverse
样本变换：mask
样本变换：shift
样本变换：none
未过滤	未用伪标签：63.78% -> 使用伪标签：52.53%
已过滤	未用伪标签：64.20% -> 使用伪标签：52.97%
排除样本：50|6000	剩余：2002, 1156, 2792
增添样本：2426		细则：790, 1636, 0	正确率估算：57.25%
类型1 正确率： 100.00% -> 1  100.00%, 2    0.00%, 3    0.00%
类型2 正确率：   8.00% -> 1    0.10%, 2    7.90%, 3   92.00%
类型3 正确率：  50.00% -> 1    0.00%, 2   50.10%, 3   49.90%

被排除样本 正确率：14.00%
类型1 正确率：  14.00% -> 1   14.00%, 2   86.00%
类型2 没有样本或未被分类。


轮次:··1/·20 || c_Loss:0.520 || e_Loss:-1.111 || Aad_Loss:-28.735 || 耗时：32.87s
轮次:··2/·20 || c_Loss:0.397 || e_Loss:-0.931 || Aad_Loss:-26.530 || 耗时：12.37s
轮次:··3/·20 || c_Loss:0.390 || e_Loss:-1.734 || Aad_Loss:-27.184 || 耗时：12.41s
轮次:··4/·20 || c_Loss:0.368 || e_Loss:-1.482 || Aad_Loss:-30.087 || 耗时：12.39s
轮次:··5/·20 || c_Loss:0.380 || e_Loss:-1.103 || Aad_Loss:-27.661 || 耗时：12.51s
任务: (B2)N15_M07_F10→(B3)N15_M07_F04; mix批次:····0; 批次:··470/·1880;  总正确率: 51.48%
类型1 正确率： 100.00% -> 1  100.00%, 2    0.00%, 3    0.00%
类型2 正确率：   4.00% -> 1    0.00%, 2    4.45%, 3   95.55%
类型3 正确率：  50.00% -> 1    0.00%, 2   50.00%, 3   50.00%


样本变换：reverse
样本变换：mask
样本变换：shift
样本变换：none
未过滤	未用伪标签：51.48% -> 使用伪标签：51.93%
已过滤	未用伪标签：51.74% -> 使用伪标签：52.26%
排除样本：37|6000	剩余：2000, 1116, 2847
增添样本：2578		细则：847, 1731, 0	正确率估算：98.57%
类型1 正确率： 100.00% -> 1  100.00%, 2    0.00%, 3    0.00%
类型2 正确率：   6.00% -> 1    0.00%, 2    5.91%, 3   94.09%
类型3 正确率：  50.00% -> 1    0.00%, 2   50.00%, 3   50.00%

被排除样本 正确率：10.81%
类型1 正确率：  11.00% -> 1   10.81%, 2   89.19%
类型2 没有样本或未被分类。


轮次:··6/·20 || c_Loss:0.381 || e_Loss:-0.935 || Aad_Loss:-30.569 || 耗时：33.27s
轮次:··7/·20 || c_Loss:0.379 || e_Loss:-0.965 || Aad_Loss:-29.595 || 耗时：12.46s
轮次:··8/·20 || c_Loss:0.373 || e_Loss:-0.983 || Aad_Loss:-30.023 || 耗时：12.48s
轮次:··9/·20 || c_Loss:0.379 || e_Loss:-0.945 || Aad_Loss:-31.970 || 耗时：12.48s
轮次:·10/·20 || c_Loss:0.379 || e_Loss:-1.632 || Aad_Loss:-32.079 || 耗时：12.58s
任务: (B2)N15_M07_F10→(B3)N15_M07_F04; mix批次:····0; 批次:··940/·1880;  总正确率: 51.97%
类型1 正确率： 100.00% -> 1  100.00%, 2    0.00%, 3    0.00%
类型2 正确率：   6.00% -> 1    0.00%, 2    5.90%, 3   94.10%
类型3 正确率：  50.00% -> 1    0.00%, 2   50.00%, 3   50.00%


样本变换：reverse
样本变换：mask
样本变换：shift
样本变换：none
未过滤	未用伪标签：51.97% -> 使用伪标签：51.47%
已过滤	未用伪标签：51.92% -> 使用伪标签：51.66%
排除样本：23|6000	剩余：2000, 1088, 2889
增添样本：2690		细则：889, 1801, 0	正确率估算：99.85%
类型1 正确率： 100.00% -> 1  100.00%, 2    0.00%, 3    0.00%
类型2 正确率：   4.00% -> 1    0.00%, 2    4.45%, 3   95.55%
类型3 正确率：  50.00% -> 1    0.00%, 2   50.00%, 3   50.00%

被排除样本 正确率：65.22%
类型1 正确率：  65.00% -> 1   65.22%, 2   34.78%
类型2 没有样本或未被分类。


轮次:·11/·20 || c_Loss:0.392 || e_Loss:-0.944 || Aad_Loss:-29.418 || 耗时：33.40s
轮次:·12/·20 || c_Loss:0.429 || e_Loss:-0.942 || Aad_Loss:-30.092 || 耗时：12.51s
轮次:·13/·20 || c_Loss:0.388 || e_Loss:-0.952 || Aad_Loss:-31.060 || 耗时：12.53s
轮次:·14/·20 || c_Loss:0.397 || e_Loss:-0.952 || Aad_Loss:-28.875 || 耗时：12.53s
轮次:·15/·20 || c_Loss:0.537 || e_Loss:-0.821 || Aad_Loss:-34.786 || 耗时：12.57s
任务: (B2)N15_M07_F10→(B3)N15_M07_F04; mix批次:····0; 批次:·1410/·1880;  总正确率: 51.88%
类型1 正确率： 100.00% -> 1  100.00%, 2    0.00%, 3    0.00%
类型2 正确率：   6.00% -> 1    0.00%, 2    5.65%, 3   94.35%
类型3 正确率：  50.00% -> 1    0.00%, 2   50.00%, 3   50.00%


样本变换：reverse
样本变换：mask
样本变换：shift
样本变换：none
未过滤	未用伪标签：51.88% -> 使用伪标签：51.02%
已过滤	未用伪标签：51.78% -> 使用伪标签：51.18%
排除样本：19|6000	剩余：2000, 1061, 2920
增添样本：2779		细则：920, 1859, 0	正确率估算：99.95%
类型1 正确率： 100.00% -> 1  100.00%, 2    0.00%, 3    0.00%
类型2 正确率：   3.00% -> 1    0.00%, 2    3.08%, 3   96.92%
类型3 正确率：  50.00% -> 1    0.00%, 2   50.00%, 3   50.00%

被排除样本 正确率：84.21%
类型1 正确率：  84.00% -> 1   84.21%, 2   15.79%
类型2 没有样本或未被分类。


轮次:·16/·20 || c_Loss:0.395 || e_Loss:-0.900 || Aad_Loss:-33.662 || 耗时：33.19s
轮次:·17/·20 || c_Loss:0.364 || e_Loss:-0.966 || Aad_Loss:-30.081 || 耗时：12.50s
轮次:·18/·20 || c_Loss:0.409 || e_Loss:-0.902 || Aad_Loss:-32.369 || 耗时：12.51s
轮次:·19/·20 || c_Loss:0.459 || e_Loss:-0.901 || Aad_Loss:-26.750 || 耗时：12.48s
轮次:·20/·20 || c_Loss:0.378 || e_Loss:-0.958 || Aad_Loss:-31.880 || 耗时：12.51s
任务: (B2)N15_M07_F10→(B3)N15_M07_F04; mix批次:····0; 批次:·1880/·1880;  总正确率: 50.70%
类型1 正确率： 100.00% -> 1  100.00%, 2    0.00%, 3    0.00%
类型2 正确率：   2.00% -> 1    0.00%, 2    2.10%, 3   97.90%
类型3 正确率：  50.00% -> 1    0.00%, 2   50.00%, 3   50.00%


测试集任务: (B2)N15_M07_F10→(B3)N15_M07_F04; 总正确率 = 50.70%
类型1 正确率： 100.00% -> 1  100.00%, 2    0.00%, 3    0.00%
类型2 正确率：   2.00% -> 1    0.00%, 2    2.10%, 3   97.90%
类型3 正确率：  50.00% -> 1    0.00%, 2   50.00%, 3   50.00%


