读取源域路径：/kaggle/working/k10/S02/weight_PU_M1_final_checkpoint_FS02toS02c_s2024/NEW_PU/Source-源域/log&pt/(B2)N15_M07_F10
excel输出位置：/kaggle/working/k10/S02/weight_PU_M1_final_checkpoint_FS02toS02c_s2024/NEW_PU/Target-目标域
特征图片输出位置：/kaggle/working/k10/S02/weight_PU_M1_final_checkpoint_FS02toS02c_s2024/NEW_PU/Picture-特征图/2026年09月16日04时29分/(B2)N15_M07_F10
现在选取:(B2)N15_M07_F10 进行训练的源模型
现在进行：(B2)N15_M07_F10→(B1)N15_M01_F10 的迁移任务
log&pt输出位置：/kaggle/working/k10/S02/weight_PU_M1_final_checkpoint_FS02toS02c_s2024/NEW_PU/Target-目标域/log&pt/(B2)N15_M07_F10→(B1)N15_M01_F10
任务: (B2)N15_M07_F10→(B1)N15_M01_F10; 批次:····0/·1880;  总正确率: 49.62%
类型1 正确率： 100.00% -> 1  100.00%, 2    0.00%, 3    0.00%
类型2 正确率：   5.00% -> 1    1.25%, 2    4.95%, 3   93.80%
类型3 正确率：  44.00% -> 1    0.20%, 2   55.90%, 3   43.90%


样本变换：reverse
样本变换：mask
样本变换：shift
样本变换：none
未过滤	未用伪标签：49.62% -> 使用伪标签：48.37%
已过滤	未用伪标签：50.27% -> 使用伪标签：49.25%
排除样本：108|6000	剩余：2028, 1282, 2582
增添样本：1854		细则：554, 1300, 0	正确率估算：77.72%
类型1 正确率： 100.00% -> 1  100.00%, 2    0.00%, 3    0.00%
类型2 正确率：   6.00% -> 1    1.44%, 2    6.16%, 3   92.40%
类型3 正确率：  40.00% -> 1    0.00%, 2   59.77%, 3   40.23%

被排除样本 正确率：13.89%
类型1 没有样本或未被分类。
类型2 正确率：  23.00% -> 1    7.69%, 2   23.08%, 3   69.23%
类型3 正确率：   5.00% -> 1    0.00%, 2   94.64%, 3    5.36%


轮次:··1/·20 || c_Loss:0.507 || e_Loss:-1.596 || Aad_Loss:-26.159 || 耗时：32.88s
轮次:··2/·20 || c_Loss:0.424 || e_Loss:-0.876 || Aad_Loss:-25.011 || 耗时：12.42s
轮次:··3/·20 || c_Loss:0.381 || e_Loss:-0.876 || Aad_Loss:-29.332 || 耗时：12.43s
轮次:··4/·20 || c_Loss:0.362 || e_Loss:-1.643 || Aad_Loss:-28.899 || 耗时：12.46s
轮次:··5/·20 || c_Loss:0.380 || e_Loss:-1.625 || Aad_Loss:-31.090 || 耗时：12.53s
任务: (B2)N15_M07_F10→(B1)N15_M01_F10; mix批次:····0; 批次:··470/·1880;  总正确率: 48.72%
类型1 正确率： 100.00% -> 1  100.00%, 2    0.00%, 3    0.00%
类型2 正确率：   5.00% -> 1    0.00%, 2    5.25%, 3   94.75%
类型3 正确率：  41.00% -> 1    0.00%, 2   59.10%, 3   40.90%


样本变换：reverse
样本变换：mask
样本变换：shift
样本变换：none
未过滤	未用伪标签：48.72% -> 使用伪标签：48.82%
已过滤	未用伪标签：48.86% -> 使用伪标签：49.26%
排除样本：54|6000	剩余：2000, 1259, 2687
增添样本：2115		细则：687, 1428, 0	正确率估算：99.08%
类型1 正确率： 100.00% -> 1  100.00%, 2    0.00%, 3    0.00%
类型2 正确率：   5.00% -> 1    0.00%, 2    5.38%, 3   94.62%
类型3 正确率：  42.00% -> 1    0.00%, 2   58.35%, 3   41.65%

被排除样本 正确率：33.33%
类型1 正确率：  37.00% -> 1   36.67%, 2   63.33%
类型2 正确率：  29.00% -> 1   70.83%, 2   29.17%


轮次:··6/·20 || c_Loss:0.393 || e_Loss:-0.964 || Aad_Loss:-29.786 || 耗时：33.13s
轮次:··7/·20 || c_Loss:0.362 || e_Loss:-1.707 || Aad_Loss:-27.184 || 耗时：12.43s
轮次:··8/·20 || c_Loss:0.395 || e_Loss:-1.579 || Aad_Loss:-26.376 || 耗时：12.42s
轮次:··9/·20 || c_Loss:0.381 || e_Loss:-0.949 || Aad_Loss:-30.457 || 耗时：12.45s
轮次:·10/·20 || c_Loss:0.390 || e_Loss:-1.785 || Aad_Loss:-27.856 || 耗时：12.54s
任务: (B2)N15_M07_F10→(B1)N15_M01_F10; mix批次:····0; 批次:··940/·1880;  总正确率: 49.27%
类型1 正确率： 100.00% -> 1  100.00%, 2    0.00%, 3    0.00%
类型2 正确率：   2.00% -> 1    0.00%, 2    1.95%, 3   98.05%
类型3 正确率：  46.00% -> 1    0.00%, 2   54.15%, 3   45.85%


样本变换：reverse
样本变换：mask
样本变换：shift
样本变换：none
未过滤	未用伪标签：49.27% -> 使用伪标签：49.02%
已过滤	未用伪标签：49.24% -> 使用伪标签：49.29%
排除样本：33|6000	剩余：2000, 1105, 2862
增添样本：2619		细则：862, 1757, 0	正确率估算：99.80%
类型1 正确率： 100.00% -> 1  100.00%, 2    0.00%, 3    0.00%
类型2 正确率：   2.00% -> 1    0.00%, 2    1.66%, 3   98.34%
类型3 正确率：  46.00% -> 1    0.00%, 2   54.14%, 3   45.86%

被排除样本 正确率：54.55%
类型1 正确率：  31.00% -> 1   30.77%, 2   69.23%
类型2 正确率：  70.00% -> 1   30.00%, 2   70.00%


轮次:·11/·20 || c_Loss:0.401 || e_Loss:-1.548 || Aad_Loss:-31.034 || 耗时：33.23s
轮次:·12/·20 || c_Loss:0.432 || e_Loss:-0.920 || Aad_Loss:-26.969 || 耗时：12.43s
轮次:·13/·20 || c_Loss:0.390 || e_Loss:-0.929 || Aad_Loss:-30.604 || 耗时：12.44s
轮次:·14/·20 || c_Loss:0.398 || e_Loss:-1.741 || Aad_Loss:-28.689 || 耗时：12.45s
轮次:·15/·20 || c_Loss:0.428 || e_Loss:-0.834 || Aad_Loss:-30.011 || 耗时：12.51s
任务: (B2)N15_M07_F10→(B1)N15_M01_F10; mix批次:····0; 批次:·1410/·1880;  总正确率: 49.88%
类型1 正确率： 100.00% -> 1  100.00%, 2    0.00%, 3    0.00%
类型2 正确率：   1.00% -> 1    0.00%, 2    1.10%, 3   98.90%
类型3 正确率：  49.00% -> 1    0.00%, 2   51.45%, 3   48.55%


样本变换：reverse
样本变换：mask
样本变换：shift
样本变换：none
未过滤	未用伪标签：49.88% -> 使用伪标签：49.83%
已过滤	未用伪标签：49.87% -> 使用伪标签：49.93%
排除样本：12|6000	剩余：2000, 1021, 2967
增添样本：2913		细则：967, 1946, 0	正确率估算：100.00%
类型1 正确率： 100.00% -> 1  100.00%, 2    0.00%, 3    0.00%
类型2 正确率：   0.00% -> 1    0.00%, 2    0.40%, 3   99.60%
类型3 正确率：  49.00% -> 1    0.00%, 2   50.78%, 3   49.22%

被排除样本 正确率：58.33%
类型1 正确率： 100.00% -> 1  100.00%, 2    0.00%
类型2 正确率：   0.00% -> 1  100.00%, 2    0.00%


轮次:·16/·20 || c_Loss:0.386 || e_Loss:-0.972 || Aad_Loss:-30.261 || 耗时：33.35s
轮次:·17/·20 || c_Loss:0.364 || e_Loss:-0.997 || Aad_Loss:-31.007 || 耗时：12.45s
轮次:·18/·20 || c_Loss:0.385 || e_Loss:-0.920 || Aad_Loss:-34.486 || 耗时：12.47s
轮次:·19/·20 || c_Loss:0.420 || e_Loss:-0.875 || Aad_Loss:-33.485 || 耗时：12.48s
轮次:·20/·20 || c_Loss:0.366 || e_Loss:-1.000 || Aad_Loss:-30.552 || 耗时：12.53s
任务: (B2)N15_M07_F10→(B1)N15_M01_F10; mix批次:····0; 批次:·1880/·1880;  总正确率: 50.00%
类型1 正确率： 100.00% -> 1  100.00%, 2    0.00%, 3    0.00%
类型2 正确率：   0.00% -> 1    0.00%, 2    0.05%, 3   99.95%
类型3 正确率：  50.00% -> 1    0.00%, 2   50.05%, 3   49.95%


测试集任务: (B2)N15_M07_F10→(B1)N15_M01_F10; 总正确率 = 50.00%
类型1 正确率： 100.00% -> 1  100.00%, 2    0.00%, 3    0.00%
类型2 正确率：   0.00% -> 1    0.00%, 2    0.05%, 3   99.95%
类型3 正确率：  50.00% -> 1    0.00%, 2   50.05%, 3   49.95%


