读取源域路径：/kaggle/working/k10/S02/weight_PU_M1_final_checkpoint_FS02toS02c_s2024/NEW_PU/Source-源域/log&pt/(B3)N15_M07_F04
excel输出位置：/kaggle/working/k10/S02/weight_PU_M1_final_checkpoint_FS02toS02c_s2024/NEW_PU/Target-目标域
特征图片输出位置：/kaggle/working/k10/S02/weight_PU_M1_final_checkpoint_FS02toS02c_s2024/NEW_PU/Picture-特征图/2026年09月16日04时47分/(B3)N15_M07_F04
现在选取:(B3)N15_M07_F04 进行训练的源模型
现在进行：(B3)N15_M07_F04→(B2)N15_M07_F10 的迁移任务
log&pt输出位置：/kaggle/working/k10/S02/weight_PU_M1_final_checkpoint_FS02toS02c_s2024/NEW_PU/Target-目标域/log&pt/(B3)N15_M07_F04→(B2)N15_M07_F10
任务: (B3)N15_M07_F04→(B2)N15_M07_F10; 批次:····0/·1880;  总正确率: 53.55%
类型1 正确率：  99.00% -> 1   98.55%, 2    0.00%, 3    1.45%
类型2 正确率：  62.00% -> 1    0.05%, 2   62.10%, 3   37.85%
类型3 正确率：   0.00% -> 1    0.00%, 2  100.00%, 3    0.00%


样本变换：reverse
样本变换：mask
样本变换：shift
样本变换：none
未过滤	未用伪标签：53.55% -> 使用伪标签：52.90%
已过滤	未用伪标签：53.29% -> 使用伪标签：53.31%
排除样本：46|6000	剩余：1997, 3175, 782
增添样本：3571		细则：1178, 0, 2393	正确率估算：97.35%
类型1 正确率： 100.00% -> 1   99.90%, 2    0.00%, 3    0.10%
类型2 正确率：  60.00% -> 1    0.00%, 2   60.14%, 3   39.86%
类型3 正确率：   0.00% -> 1    0.00%, 2  100.00%, 3    0.00%

被排除样本 正确率：86.96%
类型1 正确率：   0.00% -> 1    0.00%, 2    0.00%, 3  100.00%
类型2 正确率：  93.00% -> 1    0.00%, 2   93.02%, 3    6.98%
类型3 正确率：   0.00% -> 1    0.00%, 2  100.00%, 3    0.00%


轮次:··1/·20 || c_Loss:0.470 || e_Loss:-0.908 || Aad_Loss:-33.338 || 耗时：33.07s
轮次:··2/·20 || c_Loss:0.407 || e_Loss:-1.338 || Aad_Loss:-31.439 || 耗时：12.45s
轮次:··3/·20 || c_Loss:0.391 || e_Loss:-0.893 || Aad_Loss:-33.040 || 耗时：12.47s
轮次:··4/·20 || c_Loss:0.384 || e_Loss:-0.881 || Aad_Loss:-31.530 || 耗时：12.53s
轮次:··5/·20 || c_Loss:0.410 || e_Loss:-0.777 || Aad_Loss:-39.934 || 耗时：12.61s
任务: (B3)N15_M07_F04→(B2)N15_M07_F10; mix批次:····0; 批次:··470/·1880;  总正确率: 54.17%
类型1 正确率： 100.00% -> 1   99.95%, 2    0.00%, 3    0.05%
类型2 正确率：  63.00% -> 1    0.00%, 2   62.55%, 3   37.45%
类型3 正确率：   0.00% -> 1    0.00%, 2  100.00%, 3    0.00%


样本变换：reverse
样本变换：mask
样本变换：shift
样本变换：none
未过滤	未用伪标签：54.17% -> 使用伪标签：55.33%
已过滤	未用伪标签：54.17% -> 使用伪标签：55.33%
排除样本：2000|6000	剩余：3320, 680
增添样本：3960		细则：1320, 0, 2640	正确率估算：99.95%
类型1 正确率： 100.00% -> 1  100.00%, 2    0.00%, 3    0.00%
类型2 正确率：  66.00% -> 1    0.00%, 2   66.00%, 3   34.00%
类型3 正确率：   0.00% -> 1    0.00%, 2  100.00%, 3    0.00%

被排除样本 正确率：nan%


轮次:··6/·20 || c_Loss:0.375 || e_Loss:-0.881 || Aad_Loss:-37.186 || 耗时：33.32s
轮次:··7/·20 || c_Loss:0.395 || e_Loss:-0.938 || Aad_Loss:-34.167 || 耗时：12.56s
轮次:··8/·20 || c_Loss:0.393 || e_Loss:-0.912 || Aad_Loss:-35.695 || 耗时：12.53s
轮次:··9/·20 || c_Loss:0.382 || e_Loss:-0.966 || Aad_Loss:-34.605 || 耗时：12.53s
轮次:·10/·20 || c_Loss:0.380 || e_Loss:-0.977 || Aad_Loss:-34.475 || 耗时：12.53s
任务: (B3)N15_M07_F04→(B2)N15_M07_F10; mix批次:····0; 批次:··940/·1880;  总正确率: 55.32%
类型1 正确率： 100.00% -> 1   99.95%, 2    0.00%, 3    0.05%
类型2 正确率：  66.00% -> 1    0.00%, 2   66.00%, 3   34.00%
类型3 正确率：   0.00% -> 1    0.00%, 2  100.00%, 3    0.00%


样本变换：reverse
样本变换：mask
样本变换：shift
样本变换：none
未过滤	未用伪标签：55.32% -> 使用伪标签：55.33%
已过滤	未用伪标签：55.32% -> 使用伪标签：55.33%
排除样本：2000|6000	剩余：3320, 680
增添样本：3960		细则：1320, 0, 2640	正确率估算：99.95%
类型1 正确率： 100.00% -> 1  100.00%, 2    0.00%, 3    0.00%
类型2 正确率：  66.00% -> 1    0.00%, 2   66.00%, 3   34.00%
类型3 正确率：   0.00% -> 1    0.00%, 2  100.00%, 3    0.00%

被排除样本 正确率：nan%


轮次:·11/·20 || c_Loss:0.373 || e_Loss:-0.887 || Aad_Loss:-37.636 || 耗时：33.19s
轮次:·12/·20 || c_Loss:0.389 || e_Loss:-0.937 || Aad_Loss:-34.482 || 耗时：12.53s
轮次:·13/·20 || c_Loss:0.388 || e_Loss:-0.912 || Aad_Loss:-35.979 || 耗时：12.55s
轮次:·14/·20 || c_Loss:0.379 || e_Loss:-0.966 || Aad_Loss:-34.817 || 耗时：12.59s
轮次:·15/·20 || c_Loss:0.377 || e_Loss:-0.976 || Aad_Loss:-34.659 || 耗时：12.57s
任务: (B3)N15_M07_F04→(B2)N15_M07_F10; mix批次:····0; 批次:·1410/·1880;  总正确率: 55.32%
类型1 正确率： 100.00% -> 1   99.95%, 2    0.00%, 3    0.05%
类型2 正确率：  66.00% -> 1    0.00%, 2   66.00%, 3   34.00%
类型3 正确率：   0.00% -> 1    0.00%, 2  100.00%, 3    0.00%


样本变换：reverse
样本变换：mask
样本变换：shift
样本变换：none
未过滤	未用伪标签：55.32% -> 使用伪标签：55.33%
已过滤	未用伪标签：55.32% -> 使用伪标签：55.33%
排除样本：2000|6000	剩余：3320, 680
增添样本：3960		细则：1320, 0, 2640	正确率估算：99.95%
类型1 正确率： 100.00% -> 1  100.00%, 2    0.00%, 3    0.00%
类型2 正确率：  66.00% -> 1    0.00%, 2   66.00%, 3   34.00%
类型3 正确率：   0.00% -> 1    0.00%, 2  100.00%, 3    0.00%

被排除样本 正确率：nan%


轮次:·16/·20 || c_Loss:0.371 || e_Loss:-0.889 || Aad_Loss:-37.845 || 耗时：33.32s
轮次:·17/·20 || c_Loss:0.386 || e_Loss:-0.937 || Aad_Loss:-34.666 || 耗时：12.55s
轮次:·18/·20 || c_Loss:0.386 || e_Loss:-0.912 || Aad_Loss:-36.147 || 耗时：12.54s
轮次:·19/·20 || c_Loss:0.377 || e_Loss:-0.966 || Aad_Loss:-34.943 || 耗时：12.54s
轮次:·20/·20 || c_Loss:0.376 || e_Loss:-0.976 || Aad_Loss:-34.771 || 耗时：12.54s
任务: (B3)N15_M07_F04→(B2)N15_M07_F10; mix批次:····0; 批次:·1880/·1880;  总正确率: 55.32%
类型1 正确率： 100.00% -> 1   99.95%, 2    0.00%, 3    0.05%
类型2 正确率：  66.00% -> 1    0.00%, 2   66.00%, 3   34.00%
类型3 正确率：   0.00% -> 1    0.00%, 2  100.00%, 3    0.00%


测试集任务: (B3)N15_M07_F04→(B2)N15_M07_F10; 总正确率 = 55.32%
类型1 正确率： 100.00% -> 1   99.95%, 2    0.00%, 3    0.05%
类型2 正确率：  66.00% -> 1    0.00%, 2   66.00%, 3   34.00%
类型3 正确率：   0.00% -> 1    0.00%, 2  100.00%, 3    0.00%


