读取源域路径：/kaggle/working/k10/S02/weight_PU_M1_final_checkpoint_FS02toS02c_s2024/NEW_PU/Source-源域/log&pt/(B1)N15_M01_F10
excel输出位置：/kaggle/working/k10/S02/weight_PU_M1_final_checkpoint_FS02toS02c_s2024/NEW_PU/Target-目标域
特征图片输出位置：/kaggle/working/k10/S02/weight_PU_M1_final_checkpoint_FS02toS02c_s2024/NEW_PU/Picture-特征图/2026年09月16日04时18分/(B1)N15_M01_F10
现在选取:(B1)N15_M01_F10 进行训练的源模型
现在进行：(B1)N15_M01_F10→(B2)N15_M07_F10 的迁移任务
log&pt输出位置：/kaggle/working/k10/S02/weight_PU_M1_final_checkpoint_FS02toS02c_s2024/NEW_PU/Target-目标域/log&pt/(B1)N15_M01_F10→(B2)N15_M07_F10
任务: (B1)N15_M01_F10→(B2)N15_M07_F10; 批次:····0/·1880;  总正确率: 42.33%
类型1 正确率：  90.00% -> 1   89.65%, 2    0.00%, 3   10.35%
类型2 正确率：  27.00% -> 1    0.00%, 2   27.40%, 3   72.60%
类型3 正确率：  10.00% -> 1    0.00%, 2   90.05%, 3    9.95%


样本变换：reverse
样本变换：mask
样本变换：shift
样本变换：none
未过滤	未用伪标签：42.33% -> 使用伪标签：49.37%
已过滤	未用伪标签：42.90% -> 使用伪标签：50.28%
排除样本：109|6000	剩余：2001, 2188, 1702
增添样本：673		细则：187, 0, 486	正确率估算：87.82%
类型1 正确率： 100.00% -> 1   99.95%, 2    0.00%, 3    0.05%
类型2 正确率：  31.00% -> 1    0.10%, 2   31.10%, 3   68.79%
类型3 正确率：  18.00% -> 1    0.00%, 2   81.69%, 3   18.31%

被排除样本 正确率：11.93%
类型1 正确率：  31.00% -> 1   30.95%, 2   69.05%
类型2 正确率：   0.00% -> 1  100.00%, 2    0.00%


轮次:··1/·20 || c_Loss:0.583 || e_Loss:-1.584 || Aad_Loss:-28.436 || 耗时：32.68s
轮次:··2/·20 || c_Loss:0.435 || e_Loss:-1.313 || Aad_Loss:-23.194 || 耗时：12.29s
轮次:··3/·20 || c_Loss:0.473 || e_Loss:-1.479 || Aad_Loss:-26.069 || 耗时：12.31s
轮次:··4/·20 || c_Loss:0.396 || e_Loss:-1.084 || Aad_Loss:-29.089 || 耗时：12.35s
轮次:··5/·20 || c_Loss:0.387 || e_Loss:-0.817 || Aad_Loss:-27.668 || 耗时：12.38s
任务: (B1)N15_M01_F10→(B2)N15_M07_F10; mix批次:····0; 批次:··470/·1880;  总正确率: 50.63%
类型1 正确率： 100.00% -> 1  100.00%, 2    0.00%, 3    0.00%
类型2 正确率：  30.00% -> 1    0.00%, 2   29.80%, 3   70.20%
类型3 正确率：  22.00% -> 1    0.00%, 2   77.90%, 3   22.10%


样本变换：reverse
样本变换：mask
样本变换：shift
样本变换：none
未过滤	未用伪标签：50.63% -> 使用伪标签：49.55%
已过滤	未用伪标签：50.57% -> 使用伪标签：49.97%
排除样本：50|6000	剩余：2001, 2238, 1711
增添样本：764		细则：237, 0, 527	正确率估算：100.00%
类型1 正确率： 100.00% -> 1  100.00%, 2    0.00%, 3    0.00%
类型2 正确率：  31.00% -> 1    0.05%, 2   31.42%, 3   68.53%
类型3 正确率：  18.00% -> 1    0.00%, 2   82.25%, 3   17.75%

被排除样本 正确率：58.00%
类型1 正确率：  18.00% -> 1   18.18%, 2   81.82%
类型2 正确率：  69.00% -> 1   30.77%, 2   69.23%


轮次:··6/·20 || c_Loss:0.442 || e_Loss:-1.175 || Aad_Loss:-30.228 || 耗时：32.55s
轮次:··7/·20 || c_Loss:0.386 || e_Loss:-0.883 || Aad_Loss:-30.141 || 耗时：12.42s
轮次:··8/·20 || c_Loss:0.462 || e_Loss:-0.741 || Aad_Loss:-23.370 || 耗时：12.42s
轮次:··9/·20 || c_Loss:0.407 || e_Loss:-0.906 || Aad_Loss:-29.172 || 耗时：12.42s
轮次:·10/·20 || c_Loss:0.373 || e_Loss:-0.951 || Aad_Loss:-29.369 || 耗时：12.44s
任务: (B1)N15_M01_F10→(B2)N15_M07_F10; mix批次:····0; 批次:··940/·1880;  总正确率: 50.75%
类型1 正确率： 100.00% -> 1  100.00%, 2    0.00%, 3    0.00%
类型2 正确率：  29.00% -> 1    0.05%, 2   28.55%, 3   71.40%
类型3 正确率：  24.00% -> 1    0.00%, 2   76.30%, 3   23.70%


样本变换：reverse
样本变换：mask
样本变换：shift
样本变换：none
未过滤	未用伪标签：50.75% -> 使用伪标签：48.75%
已过滤	未用伪标签：50.49% -> 使用伪标签：49.19%
排除样本：54|6000	剩余：2002, 2266, 1678
增添样本：852		细则：264, 0, 588	正确率估算：100.00%
类型1 正确率： 100.00% -> 1  100.00%, 2    0.00%, 3    0.00%
类型2 正确率：  31.00% -> 1    0.10%, 2   31.02%, 3   68.88%
类型3 正确率：  16.00% -> 1    0.00%, 2   84.26%, 3   15.74%

被排除样本 正确率：79.63%
类型1 正确率：   9.00% -> 1    9.09%, 2   90.91%
类型2 正确率：  98.00% -> 1    2.33%, 2   97.67%


轮次:·11/·20 || c_Loss:0.391 || e_Loss:-0.910 || Aad_Loss:-27.443 || 耗时：32.57s
轮次:·12/·20 || c_Loss:0.390 || e_Loss:-0.928 || Aad_Loss:-28.648 || 耗时：12.41s
轮次:·13/·20 || c_Loss:0.384 || e_Loss:-1.760 || Aad_Loss:-27.358 || 耗时：12.40s
轮次:·14/·20 || c_Loss:0.413 || e_Loss:-1.620 || Aad_Loss:-27.398 || 耗时：12.38s
轮次:·15/·20 || c_Loss:0.374 || e_Loss:-1.624 || Aad_Loss:-28.851 || 耗时：12.44s
任务: (B1)N15_M01_F10→(B2)N15_M07_F10; mix批次:····0; 批次:·1410/·1880;  总正确率: 49.08%
类型1 正确率： 100.00% -> 1  100.00%, 2    0.00%, 3    0.00%
类型2 正确率：  31.00% -> 1    0.05%, 2   31.05%, 3   68.90%
类型3 正确率：  16.00% -> 1    0.00%, 2   83.80%, 3   16.20%


样本变换：reverse
样本变换：mask
样本变换：shift
样本变换：none
未过滤	未用伪标签：49.08% -> 使用伪标签：48.28%
已过滤	未用伪标签：49.05% -> 使用伪标签：48.53%
排除样本：31|6000	剩余：2001, 2333, 1635
增添样本：1030		细则：332, 0, 698	正确率估算：99.90%
类型1 正确率： 100.00% -> 1  100.00%, 2    0.00%, 3    0.00%
类型2 正确率：  32.00% -> 1    0.05%, 2   31.52%, 3   68.43%
类型3 正确率：  14.00% -> 1    0.00%, 2   86.45%, 3   13.55%

被排除样本 正确率：54.84%
类型1 正确率：   0.00% -> 1    0.00%, 2  100.00%
类型2 正确率：  57.00% -> 1   43.33%, 2   56.67%


轮次:·16/·20 || c_Loss:0.424 || e_Loss:-0.896 || Aad_Loss:-31.049 || 耗时：32.77s
轮次:·17/·20 || c_Loss:0.386 || e_Loss:-0.920 || Aad_Loss:-27.843 || 耗时：12.49s
轮次:·18/·20 || c_Loss:0.403 || e_Loss:-0.911 || Aad_Loss:-29.307 || 耗时：12.51s
轮次:·19/·20 || c_Loss:0.404 || e_Loss:-0.930 || Aad_Loss:-29.399 || 耗时：12.54s
轮次:·20/·20 || c_Loss:0.472 || e_Loss:-0.868 || Aad_Loss:-29.900 || 耗时：12.52s
任务: (B1)N15_M01_F10→(B2)N15_M07_F10; mix批次:····0; 批次:·1880/·1880;  总正确率: 48.47%
类型1 正确率： 100.00% -> 1  100.00%, 2    0.00%, 3    0.00%
类型2 正确率：  31.00% -> 1    0.05%, 2   31.15%, 3   68.80%
类型3 正确率：  14.00% -> 1    0.00%, 2   85.75%, 3   14.25%


测试集任务: (B1)N15_M01_F10→(B2)N15_M07_F10; 总正确率 = 48.47%
类型1 正确率： 100.00% -> 1  100.00%, 2    0.00%, 3    0.00%
类型2 正确率：  31.00% -> 1    0.05%, 2   31.15%, 3   68.80%
类型3 正确率：  14.00% -> 1    0.00%, 2   85.75%, 3   14.25%


