读取源域路径：/kaggle/working/shot_k10/S03/weight_PU_M1_shot_FS03toS03_s2024/NEW_PU/Source-源域/log&pt/(B3)N15_M07_F04
excel输出位置：/kaggle/working/shot_k10/S03/weight_PU_M1_shot_FS03toS03_s2024/NEW_PU/Target-目标域
特征图片输出位置：/kaggle/working/shot_k10/S03/weight_PU_M1_shot_FS03toS03_s2024/NEW_PU/Picture-特征图/2026年09月21日23时58分/(B3)N15_M07_F04
现在选取:(B3)N15_M07_F04 进行训练的源模型
现在进行：(B3)N15_M07_F04→(B1)N15_M01_F10 的迁移任务
log&pt输出位置：/kaggle/working/shot_k10/S03/weight_PU_M1_shot_FS03toS03_s2024/NEW_PU/Target-目标域/log&pt/(B3)N15_M07_F04→(B1)N15_M01_F10
任务: (B3)N15_M07_F04→(B1)N15_M01_F10; 批次:····0/·1880;  总正确率: 90.40%
类型1 正确率： 100.00% -> 1  100.00%, 2    0.00%, 3    0.00%
类型2 正确率：  99.00% -> 1    0.00%, 2   99.45%, 3    0.55%
类型3 正确率：  72.00% -> 1    0.00%, 2   28.25%, 3   71.75%


SHOT pseudo-labels: model 90.40% -> centroid 90.50%
轮次:··1/·20 || cls:1.325 || im:-0.942 || 耗时：22.15s
SHOT pseudo-labels: model 93.10% -> centroid 94.97%
轮次:··2/·20 || cls:1.430 || im:-0.832 || 耗时：16.49s
SHOT pseudo-labels: model 88.83% -> centroid 89.15%
轮次:··3/·20 || cls:1.205 || im:-0.751 || 耗时：15.93s
SHOT pseudo-labels: model 90.12% -> centroid 84.88%
轮次:··4/·20 || cls:0.775 || im:-0.785 || 耗时：15.89s
SHOT pseudo-labels: model 88.88% -> centroid 85.92%
轮次:··5/·20 || cls:0.703 || im:-0.756 || 耗时：16.01s
SHOT pseudo-labels: model 88.73% -> centroid 86.45%
轮次:··6/·20 || cls:0.642 || im:-0.738 || 耗时：16.19s
SHOT pseudo-labels: model 89.73% -> centroid 84.75%
轮次:··7/·20 || cls:0.768 || im:-0.767 || 耗时：16.12s
SHOT pseudo-labels: model 90.63% -> centroid 84.92%
轮次:··8/·20 || cls:0.773 || im:-0.813 || 耗时：16.01s
SHOT pseudo-labels: model 91.15% -> centroid 84.47%
轮次:··9/·20 || cls:0.650 || im:-0.767 || 耗时：15.99s
SHOT pseudo-labels: model 92.02% -> centroid 84.42%
轮次:·10/·20 || cls:0.624 || im:-0.752 || 耗时：16.04s
SHOT pseudo-labels: model 92.60% -> centroid 84.52%
轮次:·11/·20 || cls:0.798 || im:-0.704 || 耗时：16.04s
SHOT pseudo-labels: model 92.83% -> centroid 84.38%
轮次:·12/·20 || cls:0.734 || im:-0.722 || 耗时：16.07s
SHOT pseudo-labels: model 93.27% -> centroid 84.47%
轮次:·13/·20 || cls:0.664 || im:-0.777 || 耗时：16.06s
SHOT pseudo-labels: model 94.33% -> centroid 84.22%
轮次:·14/·20 || cls:0.778 || im:-0.748 || 耗时：16.04s
SHOT pseudo-labels: model 95.13% -> centroid 84.82%
轮次:·15/·20 || cls:0.648 || im:-0.761 || 耗时：16.05s
SHOT pseudo-labels: model 95.03% -> centroid 84.45%
轮次:·16/·20 || cls:0.699 || im:-0.802 || 耗时：16.04s
SHOT pseudo-labels: model 95.22% -> centroid 84.37%
轮次:·17/·20 || cls:0.713 || im:-0.713 || 耗时：16.06s
SHOT pseudo-labels: model 95.35% -> centroid 84.42%
轮次:·18/·20 || cls:0.765 || im:-0.718 || 耗时：16.08s
SHOT pseudo-labels: model 95.52% -> centroid 84.38%
轮次:·19/·20 || cls:0.950 || im:-0.769 || 耗时：16.10s
SHOT pseudo-labels: model 95.70% -> centroid 84.62%
轮次:·20/·20 || cls:0.565 || im:-0.734 || 耗时：16.05s
测试集任务: (B3)N15_M07_F04→(B1)N15_M01_F10; 总正确率 = 95.85%
类型1 正确率： 100.00% -> 1  100.00%, 2    0.00%, 3    0.00%
类型2 正确率：  95.00% -> 1    0.00%, 2   95.05%, 3    4.95%
类型3 正确率：  92.00% -> 1    0.00%, 2    7.50%, 3   92.50%


