读取源域路径：/kaggle/working/shot_k10/S03/weight_PU_M1_shot_FS03toS03_s2024/NEW_PU/Source-源域/log&pt/(B3)N15_M07_F04
excel输出位置：/kaggle/working/shot_k10/S03/weight_PU_M1_shot_FS03toS03_s2024/NEW_PU/Target-目标域
特征图片输出位置：/kaggle/working/shot_k10/S03/weight_PU_M1_shot_FS03toS03_s2024/NEW_PU/Picture-特征图/2026年09月22日00时04分/(B3)N15_M07_F04
现在选取:(B3)N15_M07_F04 进行训练的源模型
现在进行：(B3)N15_M07_F04→(B2)N15_M07_F10 的迁移任务
log&pt输出位置：/kaggle/working/shot_k10/S03/weight_PU_M1_shot_FS03toS03_s2024/NEW_PU/Target-目标域/log&pt/(B3)N15_M07_F04→(B2)N15_M07_F10
任务: (B3)N15_M07_F04→(B2)N15_M07_F10; 批次:····0/·1880;  总正确率: 94.70%
类型1 正确率： 100.00% -> 1  100.00%, 2    0.00%, 3    0.00%
类型2 正确率： 100.00% -> 1    0.00%, 2  100.00%, 3    0.00%
类型3 正确率：  84.00% -> 1    0.00%, 2   15.90%, 3   84.10%


SHOT pseudo-labels: model 94.70% -> centroid 95.40%
轮次:··1/·20 || cls:1.292 || im:-0.912 || 耗时：22.09s
SHOT pseudo-labels: model 90.73% -> centroid 93.65%
轮次:··2/·20 || cls:1.443 || im:-0.837 || 耗时：16.43s
SHOT pseudo-labels: model 88.78% -> centroid 91.37%
轮次:··3/·20 || cls:1.090 || im:-0.811 || 耗时：15.97s
SHOT pseudo-labels: model 89.90% -> centroid 84.38%
轮次:··4/·20 || cls:0.874 || im:-0.871 || 耗时：15.87s
SHOT pseudo-labels: model 89.92% -> centroid 85.90%
轮次:··5/·20 || cls:0.773 || im:-0.788 || 耗时：15.96s
SHOT pseudo-labels: model 91.30% -> centroid 87.00%
轮次:··6/·20 || cls:0.707 || im:-0.731 || 耗时：16.16s
SHOT pseudo-labels: model 90.77% -> centroid 85.80%
轮次:··7/·20 || cls:0.801 || im:-0.815 || 耗时：16.10s
SHOT pseudo-labels: model 91.30% -> centroid 86.25%
轮次:··8/·20 || cls:0.884 || im:-0.786 || 耗时：16.01s
SHOT pseudo-labels: model 91.73% -> centroid 86.23%
轮次:··9/·20 || cls:0.648 || im:-0.720 || 耗时：15.99s
SHOT pseudo-labels: model 92.93% -> centroid 86.33%
轮次:·10/·20 || cls:0.731 || im:-0.756 || 耗时：16.00s
SHOT pseudo-labels: model 93.05% -> centroid 86.25%
轮次:·11/·20 || cls:0.690 || im:-0.630 || 耗时：16.10s
SHOT pseudo-labels: model 93.37% -> centroid 86.03%
轮次:·12/·20 || cls:0.695 || im:-0.707 || 耗时：16.13s
SHOT pseudo-labels: model 93.72% -> centroid 85.40%
轮次:·13/·20 || cls:0.576 || im:-0.691 || 耗时：16.12s
SHOT pseudo-labels: model 94.40% -> centroid 86.25%
轮次:·14/·20 || cls:0.744 || im:-0.728 || 耗时：16.08s
SHOT pseudo-labels: model 95.15% -> centroid 86.48%
轮次:·15/·20 || cls:0.700 || im:-0.700 || 耗时：16.06s
SHOT pseudo-labels: model 95.33% -> centroid 85.90%
轮次:·16/·20 || cls:0.666 || im:-0.806 || 耗时：16.10s
SHOT pseudo-labels: model 95.35% -> centroid 86.20%
轮次:·17/·20 || cls:0.828 || im:-0.740 || 耗时：16.09s
SHOT pseudo-labels: model 95.63% -> centroid 86.22%
轮次:·18/·20 || cls:0.731 || im:-0.690 || 耗时：16.07s
SHOT pseudo-labels: model 95.83% -> centroid 85.88%
轮次:·19/·20 || cls:0.870 || im:-0.711 || 耗时：16.03s
SHOT pseudo-labels: model 96.10% -> centroid 86.75%
轮次:·20/·20 || cls:0.538 || im:-0.694 || 耗时：16.06s
测试集任务: (B3)N15_M07_F04→(B2)N15_M07_F10; 总正确率 = 96.42%
类型1 正确率： 100.00% -> 1  100.00%, 2    0.00%, 3    0.00%
类型2 正确率：  96.00% -> 1    0.00%, 2   96.40%, 3    3.60%
类型3 正确率：  93.00% -> 1    0.10%, 2    7.05%, 3   92.85%


