读取源域路径：/kaggle/working/shot_k10/S03/weight_PU_M1_shot_FS03toS03_s2024/NEW_PU/Source-源域/log&pt/(B1)N15_M01_F10
excel输出位置：/kaggle/working/shot_k10/S03/weight_PU_M1_shot_FS03toS03_s2024/NEW_PU/Target-目标域
特征图片输出位置：/kaggle/working/shot_k10/S03/weight_PU_M1_shot_FS03toS03_s2024/NEW_PU/Picture-特征图/2026年09月21日23时41分/(B1)N15_M01_F10
现在选取:(B1)N15_M01_F10 进行训练的源模型
现在进行：(B1)N15_M01_F10→(B3)N15_M07_F04 的迁移任务
log&pt输出位置：/kaggle/working/shot_k10/S03/weight_PU_M1_shot_FS03toS03_s2024/NEW_PU/Target-目标域/log&pt/(B1)N15_M01_F10→(B3)N15_M07_F04
任务: (B1)N15_M01_F10→(B3)N15_M07_F04; 批次:····0/·1880;  总正确率: 75.20%
类型1 正确率： 100.00% -> 1  100.00%, 2    0.00%, 3    0.00%
类型2 正确率：  98.00% -> 1    0.00%, 2   98.25%, 3    1.75%
类型3 正确率：  27.00% -> 1    0.00%, 2   72.65%, 3   27.35%


SHOT pseudo-labels: model 75.20% -> centroid 77.30%
轮次:··1/·20 || cls:1.168 || im:-0.821 || 耗时：22.15s
SHOT pseudo-labels: model 76.18% -> centroid 70.67%
轮次:··2/·20 || cls:1.265 || im:-0.777 || 耗时：16.54s
SHOT pseudo-labels: model 62.57% -> centroid 65.78%
轮次:··3/·20 || cls:1.121 || im:-0.711 || 耗时：15.94s
SHOT pseudo-labels: model 60.22% -> centroid 65.73%
轮次:··4/·20 || cls:0.804 || im:-0.676 || 耗时：15.86s
SHOT pseudo-labels: model 59.40% -> centroid 64.87%
轮次:··5/·20 || cls:0.837 || im:-0.762 || 耗时：16.06s
SHOT pseudo-labels: model 61.13% -> centroid 63.30%
轮次:··6/·20 || cls:0.606 || im:-0.655 || 耗时：16.17s
SHOT pseudo-labels: model 59.38% -> centroid 61.55%
轮次:··7/·20 || cls:0.937 || im:-0.677 || 耗时：16.12s
SHOT pseudo-labels: model 60.85% -> centroid 60.72%
轮次:··8/·20 || cls:0.783 || im:-0.622 || 耗时：16.01s
SHOT pseudo-labels: model 60.85% -> centroid 60.23%
轮次:··9/·20 || cls:0.730 || im:-0.623 || 耗时：15.98s
SHOT pseudo-labels: model 61.35% -> centroid 59.63%
轮次:·10/·20 || cls:0.608 || im:-0.612 || 耗时：16.06s
SHOT pseudo-labels: model 62.42% -> centroid 59.47%
轮次:·11/·20 || cls:0.622 || im:-0.688 || 耗时：16.09s
SHOT pseudo-labels: model 62.92% -> centroid 59.37%
轮次:·12/·20 || cls:0.759 || im:-0.646 || 耗时：16.16s
SHOT pseudo-labels: model 64.80% -> centroid 60.00%
轮次:·13/·20 || cls:0.607 || im:-0.683 || 耗时：16.07s
SHOT pseudo-labels: model 70.28% -> centroid 59.47%
轮次:·14/·20 || cls:0.800 || im:-0.675 || 耗时：16.03s
SHOT pseudo-labels: model 70.58% -> centroid 58.83%
轮次:·15/·20 || cls:0.752 || im:-0.755 || 耗时：15.99s
SHOT pseudo-labels: model 70.60% -> centroid 58.80%
轮次:·16/·20 || cls:0.856 || im:-0.784 || 耗时：16.01s
SHOT pseudo-labels: model 70.08% -> centroid 58.35%
轮次:·17/·20 || cls:0.916 || im:-0.767 || 耗时：16.05s
SHOT pseudo-labels: model 70.17% -> centroid 58.03%
轮次:·18/·20 || cls:0.766 || im:-0.764 || 耗时：16.06s
SHOT pseudo-labels: model 70.22% -> centroid 58.93%
轮次:·19/·20 || cls:0.837 || im:-0.725 || 耗时：16.06s
SHOT pseudo-labels: model 70.17% -> centroid 58.07%
轮次:·20/·20 || cls:0.616 || im:-0.707 || 耗时：16.08s
测试集任务: (B1)N15_M01_F10→(B3)N15_M07_F04; 总正确率 = 69.83%
类型1 正确率： 100.00% -> 1   99.95%, 2    0.00%, 3    0.05%
类型2 正确率：  56.00% -> 1    0.00%, 2   55.75%, 3   44.25%
类型3 正确率：  54.00% -> 1    0.00%, 2   46.20%, 3   53.80%


