读取源域路径：/kaggle/working/m2/weight_PU_M1_final_checkpoint_FBtoA_gatepcv_s2024/NEW_PU/Source-源域/log&pt/(B1)N15_M01_F10
excel输出位置：/kaggle/working/m2/weight_PU_M1_final_checkpoint_FBtoA_gatepcv_s2024/NEW_PU/Target-目标域
特征图片输出位置：/kaggle/working/m2/weight_PU_M1_final_checkpoint_FBtoA_gatepcv_s2024/NEW_PU/Picture-特征图/2026年09月14日03时45分/(B1)N15_M01_F10
现在选取:(B1)N15_M01_F10 进行训练的源模型
现在进行：(B1)N15_M01_F10→(B2)N15_M07_F10 的迁移任务
log&pt输出位置：/kaggle/working/m2/weight_PU_M1_final_checkpoint_FBtoA_gatepcv_s2024/NEW_PU/Target-目标域/log&pt/(B1)N15_M01_F10→(B2)N15_M07_F10
任务: (B1)N15_M01_F10→(B2)N15_M07_F10; 批次:····0/·1880;  总正确率: 55.95%
类型1 正确率： 100.00% -> 1   99.80%, 2    0.00%, 3    0.20%
类型2 正确率：  35.00% -> 1   22.45%, 2   35.05%, 3   42.50%
类型3 正确率：  33.00% -> 1    0.00%, 2   67.00%, 3   33.00%


样本变换：reverse
样本变换：mask
样本变换：shift
样本变换：none
未过滤	未用伪标签：55.95% -> 使用伪标签：55.25%
已过滤	未用伪标签：56.46% -> 使用伪标签：55.80%
排除样本：59|6000	剩余：2367, 1997, 1577
增添样本：2503		细则：0, 1710, 793	正确率估算：94.34%
类型1 正确率： 100.00% -> 1  100.00%, 2    0.00%, 3    0.00%
类型2 正确率：  34.00% -> 1   18.99%, 2   33.81%, 3   47.20%
类型3 正确率：  33.00% -> 1    0.00%, 2   67.00%, 3   33.00%

被排除样本 正确率：5.08%
类型1 正确率：  50.00% -> 1   50.00%, 2    0.00%, 3   50.00%
类型2 正确率：   4.00% -> 1   35.09%, 2    3.51%, 3   61.40%
类型3 没有样本或未被分类。


轮次:··1/·20 || c_Loss:0.656 || e_Loss:-1.715 || Aad_Loss:-18.560 || 耗时：33.44s
轮次:··2/·20 || c_Loss:0.422 || e_Loss:-1.708 || Aad_Loss:-22.384 || 耗时：12.57s
轮次:··3/·20 || c_Loss:0.370 || e_Loss:-1.794 || Aad_Loss:-23.615 || 耗时：12.40s
轮次:··4/·20 || c_Loss:0.384 || e_Loss:-1.796 || Aad_Loss:-22.551 || 耗时：12.30s
轮次:··5/·20 || c_Loss:0.433 || e_Loss:-1.770 || Aad_Loss:-20.419 || 耗时：12.24s
任务: (B1)N15_M01_F10→(B2)N15_M07_F10; mix批次:····0; 批次:··470/·1880;  总正确率: 63.87%
类型1 正确率： 100.00% -> 1  100.00%, 2    0.00%, 3    0.00%
类型2 正确率：  33.00% -> 1   17.60%, 2   33.00%, 3   49.40%
类型3 正确率：  59.00% -> 1    6.20%, 2   35.20%, 3   58.60%


样本变换：reverse
样本变换：mask
样本变换：shift
样本变换：none
未过滤	未用伪标签：63.87% -> 使用伪标签：55.42%
已过滤	未用伪标签：64.14% -> 使用伪标签：55.69%
排除样本：29|6000	剩余：2492, 1993, 1486
增添样本：2838		细则：0, 1832, 1006	正确率估算：100.00%
类型1 正确率： 100.00% -> 1  100.00%, 2    0.00%, 3    0.00%
类型2 正确率：  33.00% -> 1   24.94%, 2   33.45%, 3   41.61%
类型3 正确率：  33.00% -> 1    0.00%, 2   66.72%, 3   33.28%

被排除样本 正确率：6.90%
类型1 正确率：   0.00% -> 1    0.00%, 2  100.00%
类型2 正确率： 100.00% -> 1    0.00%, 2  100.00%


轮次:··6/·20 || c_Loss:0.437 || e_Loss:-1.554 || Aad_Loss:-21.939 || 耗时：32.71s
轮次:··7/·20 || c_Loss:0.370 || e_Loss:-1.844 || Aad_Loss:-23.645 || 耗时：12.43s
轮次:··8/·20 || c_Loss:0.387 || e_Loss:-1.816 || Aad_Loss:-26.591 || 耗时：12.44s
轮次:··9/·20 || c_Loss:0.452 || e_Loss:-1.807 || Aad_Loss:-19.916 || 耗时：12.40s
轮次:·10/·20 || c_Loss:0.455 || e_Loss:-1.681 || Aad_Loss:-18.980 || 耗时：12.40s
任务: (B1)N15_M01_F10→(B2)N15_M07_F10; mix批次:····0; 批次:··940/·1880;  总正确率: 62.00%
类型1 正确率： 100.00% -> 1  100.00%, 2    0.00%, 3    0.00%
类型2 正确率：  33.00% -> 1   23.80%, 2   33.00%, 3   43.20%
类型3 正确率：  53.00% -> 1   13.40%, 2   33.60%, 3   53.00%


样本变换：reverse
样本变换：mask
样本变换：shift
样本变换：none
未过滤	未用伪标签：62.00% -> 使用伪标签：55.73%
已过滤	未用伪标签：62.15% -> 使用伪标签：56.18%
排除样本：48|6000	剩余：2559, 1954, 1439
增添样本：3019		细则：0, 1899, 1120	正确率估算：100.00%
类型1 正确率： 100.00% -> 1  100.00%, 2    0.00%, 3    0.00%
类型2 正确率：  33.00% -> 1   28.32%, 2   33.43%, 3   38.25%
类型3 正确率：  35.00% -> 1    0.00%, 2   65.42%, 3   34.58%

被排除样本 正确率：43.75%
类型1 没有样本或未被分类。
类型2 正确率：   0.00% -> 1    0.00%, 2    0.00%, 3  100.00%
类型3 正确率：  95.00% -> 1    4.55%, 2    0.00%, 3   95.45%


轮次:·11/·20 || c_Loss:0.361 || e_Loss:-1.773 || Aad_Loss:-25.060 || 耗时：32.82s
轮次:·12/·20 || c_Loss:0.355 || e_Loss:-1.880 || Aad_Loss:-29.093 || 耗时：12.38s
轮次:·13/·20 || c_Loss:0.369 || e_Loss:-1.839 || Aad_Loss:-25.165 || 耗时：12.40s
轮次:·14/·20 || c_Loss:0.372 || e_Loss:-1.887 || Aad_Loss:-25.020 || 耗时：12.41s
轮次:·15/·20 || c_Loss:0.380 || e_Loss:-1.832 || Aad_Loss:-23.917 || 耗时：12.41s
任务: (B1)N15_M01_F10→(B2)N15_M07_F10; mix批次:····0; 批次:·1410/·1880;  总正确率: 63.87%
类型1 正确率： 100.00% -> 1  100.00%, 2    0.00%, 3    0.00%
类型2 正确率：  33.00% -> 1   29.40%, 2   33.00%, 3   37.60%
类型3 正确率：  59.00% -> 1   11.90%, 2   29.50%, 3   58.60%


样本变换：reverse
样本变换：mask
样本变换：shift
样本变换：none
未过滤	未用伪标签：63.87% -> 使用伪标签：58.18%
已过滤	未用伪标签：63.82% -> 使用伪标签：58.97%
排除样本：80|6000	剩余：2645, 1762, 1513
增添样本：3115		细则：0, 1984, 1131	正确率估算：99.61%
类型1 正确率： 100.00% -> 1  100.00%, 2    0.00%, 3    0.00%
类型2 正确率：  33.00% -> 1   32.43%, 2   33.23%, 3   34.34%
类型3 正确率：  43.00% -> 1    0.05%, 2   56.98%, 3   42.97%

被排除样本 正确率：67.50%
类型1 没有样本或未被分类。
类型2 正确率：   0.00% -> 1    0.00%, 2    0.00%, 3  100.00%
类型3 正确率：  82.00% -> 1   16.67%, 2    1.52%, 3   81.82%


轮次:·16/·20 || c_Loss:0.335 || e_Loss:-1.804 || Aad_Loss:-27.372 || 耗时：32.78s
轮次:·17/·20 || c_Loss:0.351 || e_Loss:-1.825 || Aad_Loss:-25.113 || 耗时：12.39s
轮次:·18/·20 || c_Loss:0.333 || e_Loss:-1.763 || Aad_Loss:-28.685 || 耗时：12.37s
轮次:·19/·20 || c_Loss:0.324 || e_Loss:-1.730 || Aad_Loss:-28.748 || 耗时：12.40s
轮次:·20/·20 || c_Loss:0.342 || e_Loss:-1.662 || Aad_Loss:-28.394 || 耗时：12.42s
任务: (B1)N15_M01_F10→(B2)N15_M07_F10; mix批次:····0; 批次:·1880/·1880;  总正确率: 69.85%
类型1 正确率： 100.00% -> 1  100.00%, 2    0.00%, 3    0.00%
类型2 正确率：  33.00% -> 1   34.00%, 2   33.00%, 3   33.00%
类型3 正确率：  77.00% -> 1    0.15%, 2   23.30%, 3   76.55%


测试集任务: (B1)N15_M01_F10→(B2)N15_M07_F10; 总正确率 = 69.85%
类型1 正确率： 100.00% -> 1  100.00%, 2    0.00%, 3    0.00%
类型2 正确率：  33.00% -> 1   34.00%, 2   33.00%, 3   33.00%
类型3 正确率：  77.00% -> 1    0.15%, 2   23.30%, 3   76.55%


