读取源域路径：/kaggle/working/m2/weight_PU_M1_final_checkpoint_FBtoA_gatepcv_s2024/NEW_PU/Source-源域/log&pt/(B3)N15_M07_F04
excel输出位置：/kaggle/working/m2/weight_PU_M1_final_checkpoint_FBtoA_gatepcv_s2024/NEW_PU/Target-目标域
特征图片输出位置：/kaggle/working/m2/weight_PU_M1_final_checkpoint_FBtoA_gatepcv_s2024/NEW_PU/Picture-特征图/2026年09月14日04时14分/(B3)N15_M07_F04
现在选取:(B3)N15_M07_F04 进行训练的源模型
现在进行：(B3)N15_M07_F04→(B2)N15_M07_F10 的迁移任务
log&pt输出位置：/kaggle/working/m2/weight_PU_M1_final_checkpoint_FBtoA_gatepcv_s2024/NEW_PU/Target-目标域/log&pt/(B3)N15_M07_F04→(B2)N15_M07_F10
任务: (B3)N15_M07_F04→(B2)N15_M07_F10; 批次:····0/·1880;  总正确率: 53.68%
类型1 正确率：  95.00% -> 1   94.70%, 2    0.00%, 3    5.30%
类型2 正确率：  33.00% -> 1   17.50%, 2   33.35%, 3   49.15%
类型3 正确率：  33.00% -> 1    0.00%, 2   67.00%, 3   33.00%


样本变换：reverse
样本变换：mask
样本变换：shift
样本变换：none
未过滤	未用伪标签：53.68% -> 使用伪标签：51.75%
已过滤	未用伪标签：53.82% -> 使用伪标签：52.78%
排除样本：117|6000	剩余：2196, 1997, 1690
增添样本：2045		细则：0, 1539, 506	正确率估算：98.28%
类型1 正确率：  92.00% -> 1   92.21%, 2    0.00%, 3    7.79%
类型2 正确率：  34.00% -> 1   20.99%, 2   33.80%, 3   45.22%
类型3 正确率：  33.00% -> 1    0.00%, 2   67.00%, 3   33.00%

被排除样本 正确率：47.01%
类型1 正确率：  84.00% -> 1   83.61%, 2    0.00%, 3   16.39%
类型2 正确率：   7.00% -> 1    7.14%, 2    7.14%, 3   85.71%
类型3 没有样本或未被分类。


轮次:··1/·20 || c_Loss:0.602 || e_Loss:-1.063 || Aad_Loss:-17.012 || 耗时：32.68s
轮次:··2/·20 || c_Loss:0.409 || e_Loss:-1.556 || Aad_Loss:-19.277 || 耗时：12.48s
轮次:··3/·20 || c_Loss:0.446 || e_Loss:-1.574 || Aad_Loss:-20.534 || 耗时：12.44s
轮次:··4/·20 || c_Loss:0.402 || e_Loss:-1.649 || Aad_Loss:-18.825 || 耗时：12.39s
轮次:··5/·20 || c_Loss:0.499 || e_Loss:-1.605 || Aad_Loss:-18.872 || 耗时：12.37s
任务: (B3)N15_M07_F04→(B2)N15_M07_F10; mix批次:····0; 批次:··470/·1880;  总正确率: 59.25%
类型1 正确率：  98.00% -> 1   98.30%, 2    0.00%, 3    1.70%
类型2 正确率：  33.00% -> 1   21.05%, 2   32.95%, 3   46.00%
类型3 正确率：  46.00% -> 1   10.80%, 2   42.70%, 3   46.50%


样本变换：reverse
样本变换：mask
样本变换：shift
样本变换：none
未过滤	未用伪标签：59.25% -> 使用伪标签：55.33%
已过滤	未用伪标签：59.44% -> 使用伪标签：55.51%
排除样本：19|6000	剩余：2596, 2000, 1385
增添样本：3147		细则：0, 1936, 1211	正确率估算：100.00%
类型1 正确率： 100.00% -> 1  100.00%, 2    0.00%, 3    0.00%
类型2 正确率：  33.00% -> 1   30.09%, 2   33.32%, 3   36.60%
类型3 正确率：  33.00% -> 1    0.00%, 2   67.00%, 3   33.00%

被排除样本 正确率：0.00%
类型1 正确率：   0.00% -> 1    0.00%, 2  100.00%
类型2 没有样本或未被分类。


轮次:··6/·20 || c_Loss:0.386 || e_Loss:-1.764 || Aad_Loss:-24.515 || 耗时：33.00s
轮次:··7/·20 || c_Loss:0.420 || e_Loss:-1.845 || Aad_Loss:-21.920 || 耗时：12.45s
轮次:··8/·20 || c_Loss:0.383 || e_Loss:-1.661 || Aad_Loss:-27.842 || 耗时：12.46s
轮次:··9/·20 || c_Loss:0.417 || e_Loss:-1.810 || Aad_Loss:-22.076 || 耗时：12.42s
轮次:·10/·20 || c_Loss:0.376 || e_Loss:-1.816 || Aad_Loss:-26.804 || 耗时：12.43s
任务: (B3)N15_M07_F04→(B2)N15_M07_F10; mix批次:····0; 批次:··940/·1880;  总正确率: 63.02%
类型1 正确率： 100.00% -> 1  100.00%, 2    0.00%, 3    0.00%
类型2 正确率：  33.00% -> 1   33.90%, 2   32.95%, 3   33.15%
类型3 正确率：  56.00% -> 1   10.05%, 2   33.85%, 3   56.10%


样本变换：reverse
样本变换：mask
样本变换：shift
样本变换：none
未过滤	未用伪标签：63.02% -> 使用伪标签：55.47%
已过滤	未用伪标签：62.98% -> 使用伪标签：55.52%
排除样本：6|6000	剩余：2680, 1986, 1328
增添样本：3372		细则：0, 2020, 1352	正确率估算：100.00%
类型1 正确率： 100.00% -> 1  100.00%, 2    0.00%, 3    0.00%
类型2 正确率：  33.00% -> 1   34.00%, 2   33.00%, 3   33.00%
类型3 正确率：  34.00% -> 1    0.00%, 2   66.50%, 3   33.50%

被排除样本 正确率：100.00%
类型1 正确率： 100.00% -> 1  100.00%


轮次:·11/·20 || c_Loss:0.354 || e_Loss:-1.887 || Aad_Loss:-25.598 || 耗时：33.01s
轮次:·12/·20 || c_Loss:0.360 || e_Loss:-1.943 || Aad_Loss:-25.209 || 耗时：12.40s
轮次:·13/·20 || c_Loss:0.346 || e_Loss:-1.839 || Aad_Loss:-29.267 || 耗时：12.43s
轮次:·14/·20 || c_Loss:0.361 || e_Loss:-1.874 || Aad_Loss:-25.628 || 耗时：12.47s
轮次:·15/·20 || c_Loss:0.348 || e_Loss:-1.904 || Aad_Loss:-27.519 || 耗时：12.46s
任务: (B3)N15_M07_F04→(B2)N15_M07_F10; mix批次:····0; 批次:·1410/·1880;  总正确率: 65.02%
类型1 正确率： 100.00% -> 1  100.00%, 2    0.00%, 3    0.00%
类型2 正确率：  33.00% -> 1   34.00%, 2   33.00%, 3   33.00%
类型3 正确率：  62.00% -> 1   11.95%, 2   26.00%, 3   62.05%


样本变换：reverse
样本变换：mask
样本变换：shift
样本变换：none
未过滤	未用伪标签：65.02% -> 使用伪标签：56.50%
已过滤	未用伪标签：64.82% -> 使用伪标签：56.81%
排除样本：33|6000	剩余：2680, 1897, 1390
增添样本：3310		细则：0, 2020, 1290	正确率估算：100.00%
类型1 正确率： 100.00% -> 1  100.00%, 2    0.00%, 3    0.00%
类型2 正确率：  33.00% -> 1   34.00%, 2   33.00%, 3   33.00%
类型3 正确率：  37.00% -> 1    0.00%, 2   62.89%, 3   37.11%

被排除样本 正确率：100.00%
类型1 正确率： 100.00% -> 1  100.00%


轮次:·16/·20 || c_Loss:0.346 || e_Loss:-1.807 || Aad_Loss:-30.049 || 耗时：33.09s
轮次:·17/·20 || c_Loss:0.345 || e_Loss:-1.822 || Aad_Loss:-25.419 || 耗时：12.36s
轮次:·18/·20 || c_Loss:0.345 || e_Loss:-1.815 || Aad_Loss:-28.961 || 耗时：12.36s
轮次:·19/·20 || c_Loss:0.344 || e_Loss:-1.832 || Aad_Loss:-27.956 || 耗时：12.36s
轮次:·20/·20 || c_Loss:0.336 || e_Loss:-1.582 || Aad_Loss:-31.633 || 耗时：12.45s
任务: (B3)N15_M07_F04→(B2)N15_M07_F10; mix批次:····0; 批次:·1880/·1880;  总正确率: 68.18%
类型1 正确率： 100.00% -> 1  100.00%, 2    0.00%, 3    0.00%
类型2 正确率：  33.00% -> 1   34.00%, 2   33.00%, 3   33.00%
类型3 正确率：  72.00% -> 1    2.40%, 2   26.05%, 3   71.55%


测试集任务: (B3)N15_M07_F04→(B2)N15_M07_F10; 总正确率 = 68.18%
类型1 正确率： 100.00% -> 1  100.00%, 2    0.00%, 3    0.00%
类型2 正确率：  33.00% -> 1   34.00%, 2   33.00%, 3   33.00%
类型3 正确率：  72.00% -> 1    2.40%, 2   26.05%, 3   71.55%


