读取源域路径：/kaggle/working/m2/weight_PU_M1_final_checkpoint_FBtoA_gatepcv_s2024/NEW_PU/Source-源域/log&pt/(B3)N15_M07_F04
excel输出位置：/kaggle/working/m2/weight_PU_M1_final_checkpoint_FBtoA_gatepcv_s2024/NEW_PU/Target-目标域
特征图片输出位置：/kaggle/working/m2/weight_PU_M1_final_checkpoint_FBtoA_gatepcv_s2024/NEW_PU/Picture-特征图/2026年09月14日04时09分/(B3)N15_M07_F04
现在选取:(B3)N15_M07_F04 进行训练的源模型
现在进行：(B3)N15_M07_F04→(B1)N15_M01_F10 的迁移任务
log&pt输出位置：/kaggle/working/m2/weight_PU_M1_final_checkpoint_FBtoA_gatepcv_s2024/NEW_PU/Target-目标域/log&pt/(B3)N15_M07_F04→(B1)N15_M01_F10
任务: (B3)N15_M07_F04→(B1)N15_M01_F10; 批次:····0/·1880;  总正确率: 52.28%
类型1 正确率：  91.00% -> 1   91.20%, 2    0.00%, 3    8.80%
类型2 正确率：  33.00% -> 1   16.55%, 2   32.65%, 3   50.80%
类型3 正确率：  33.00% -> 1    0.00%, 2   67.00%, 3   33.00%


样本变换：reverse
样本变换：mask
样本变换：shift
样本变换：none
未过滤	未用伪标签：52.28% -> 使用伪标签：50.58%
已过滤	未用伪标签：52.54% -> 使用伪标签：51.66%
排除样本：125|6000	剩余：2105, 1995, 1775
增添样本：1756		细则：0, 1431, 325	正确率估算：98.47%
类型1 正确率：  89.00% -> 1   89.26%, 2    0.00%, 3   10.74%
类型2 正确率：  34.00% -> 1   19.76%, 2   33.62%, 3   46.61%
类型3 正确率：  33.00% -> 1    0.00%, 2   67.00%, 3   33.00%

被排除样本 正确率：40.00%
类型1 正确率：  68.00% -> 1   68.49%, 2    0.00%, 3   31.51%
类型2 正确率：   0.00% -> 1   15.38%, 2    0.00%, 3   84.62%
类型3 没有样本或未被分类。


轮次:··1/·20 || c_Loss:0.608 || e_Loss:-1.023 || Aad_Loss:-18.807 || 耗时：32.51s
轮次:··2/·20 || c_Loss:0.392 || e_Loss:-1.507 || Aad_Loss:-21.538 || 耗时：12.38s
轮次:··3/·20 || c_Loss:0.487 || e_Loss:-1.510 || Aad_Loss:-20.510 || 耗时：12.35s
轮次:··4/·20 || c_Loss:0.476 || e_Loss:-1.484 || Aad_Loss:-19.310 || 耗时：12.28s
轮次:··5/·20 || c_Loss:0.410 || e_Loss:-1.675 || Aad_Loss:-20.587 || 耗时：12.26s
任务: (B3)N15_M07_F04→(B1)N15_M01_F10; mix批次:····0; 批次:··470/·1880;  总正确率: 56.60%
类型1 正确率：  91.00% -> 1   91.05%, 2    0.00%, 3    8.95%
类型2 正确率：  33.00% -> 1   20.80%, 2   32.90%, 3   46.30%
类型3 正确率：  46.00% -> 1   13.40%, 2   40.75%, 3   45.85%


样本变换：reverse
样本变换：mask
样本变换：shift
样本变换：none
未过滤	未用伪标签：56.60% -> 使用伪标签：55.08%
已过滤	未用伪标签：56.84% -> 使用伪标签：55.31%
排除样本：25|6000	剩余：2589, 2000, 1386
增添样本：3070		细则：0, 1898, 1172	正确率估算：99.89%
类型1 正确率： 100.00% -> 1   99.60%, 2    0.00%, 3    0.40%
类型2 正确率：  33.00% -> 1   30.47%, 2   33.30%, 3   36.23%
类型3 正确率：  33.00% -> 1    0.00%, 2   67.00%, 3   33.00%

被排除样本 正确率：0.00%
类型1 正确率：   0.00% -> 1    0.00%, 2    0.00%, 3  100.00%
类型2 正确率：   0.00% -> 1    0.00%, 2    0.00%, 3  100.00%
类型3 没有样本或未被分类。


轮次:··6/·20 || c_Loss:0.462 || e_Loss:-1.396 || Aad_Loss:-25.386 || 耗时：33.06s
轮次:··7/·20 || c_Loss:0.392 || e_Loss:-1.815 || Aad_Loss:-23.955 || 耗时：12.39s
轮次:··8/·20 || c_Loss:0.376 || e_Loss:-1.738 || Aad_Loss:-26.581 || 耗时：12.41s
轮次:··9/·20 || c_Loss:0.348 || e_Loss:-1.765 || Aad_Loss:-24.711 || 耗时：12.38s
轮次:·10/·20 || c_Loss:0.373 || e_Loss:-1.785 || Aad_Loss:-25.804 || 耗时：12.42s
任务: (B3)N15_M07_F04→(B1)N15_M01_F10; mix批次:····0; 批次:··940/·1880;  总正确率: 61.07%
类型1 正确率： 100.00% -> 1  100.00%, 2    0.00%, 3    0.00%
类型2 正确率：  33.00% -> 1   34.00%, 2   32.95%, 3   33.05%
类型3 正确率：  50.00% -> 1   15.15%, 2   34.60%, 3   50.25%


样本变换：reverse
样本变换：mask
样本变换：shift
样本变换：none
未过滤	未用伪标签：61.07% -> 使用伪标签：55.33%
已过滤	未用伪标签：61.07% -> 使用伪标签：55.33%
排除样本：2680|6000	剩余：2000, 1320
增添样本：3314		细则：0, 1987, 1327	正确率估算：99.95%
类型1 正确率： 100.00% -> 1  100.00%, 2    0.00%, 3    0.00%
类型2 正确率：  33.00% -> 1   34.00%, 2   33.00%, 3   33.00%
类型3 正确率：  33.00% -> 1    0.00%, 2   67.00%, 3   33.00%

被排除样本 正确率：nan%


轮次:·11/·20 || c_Loss:0.382 || e_Loss:-1.830 || Aad_Loss:-24.273 || 耗时：32.99s
轮次:·12/·20 || c_Loss:0.354 || e_Loss:-1.794 || Aad_Loss:-28.010 || 耗时：12.38s
轮次:·13/·20 || c_Loss:0.349 || e_Loss:-1.652 || Aad_Loss:-28.870 || 耗时：12.42s
轮次:·14/·20 || c_Loss:0.352 || e_Loss:-1.725 || Aad_Loss:-28.026 || 耗时：12.45s
轮次:·15/·20 || c_Loss:0.367 || e_Loss:-1.814 || Aad_Loss:-26.218 || 耗时：12.44s
任务: (B3)N15_M07_F04→(B1)N15_M01_F10; mix批次:····0; 批次:·1410/·1880;  总正确率: 62.92%
类型1 正确率： 100.00% -> 1  100.00%, 2    0.00%, 3    0.00%
类型2 正确率：  33.00% -> 1   34.00%, 2   32.90%, 3   33.10%
类型3 正确率：  56.00% -> 1   15.70%, 2   28.45%, 3   55.85%


样本变换：reverse
样本变换：mask
样本变换：shift
样本变换：none
未过滤	未用伪标签：62.92% -> 使用伪标签：55.45%
已过滤	未用伪标签：62.86% -> 使用伪标签：55.53%
排除样本：9|6000	剩余：2680, 1982, 1329
增添样本：3307		细则：0, 1988, 1319	正确率估算：99.95%
类型1 正确率： 100.00% -> 1  100.00%, 2    0.00%, 3    0.00%
类型2 正确率：  33.00% -> 1   34.00%, 2   32.95%, 3   33.05%
类型3 正确率：  34.00% -> 1    0.00%, 2   66.45%, 3   33.55%

被排除样本 正确率：100.00%
类型1 正确率： 100.00% -> 1  100.00%


轮次:·16/·20 || c_Loss:0.347 || e_Loss:-1.826 || Aad_Loss:-29.177 || 耗时：33.04s
轮次:·17/·20 || c_Loss:0.378 || e_Loss:-1.803 || Aad_Loss:-22.320 || 耗时：12.37s
轮次:·18/·20 || c_Loss:0.346 || e_Loss:-1.579 || Aad_Loss:-29.986 || 耗时：12.38s
轮次:·19/·20 || c_Loss:0.339 || e_Loss:-1.848 || Aad_Loss:-30.752 || 耗时：12.40s
轮次:·20/·20 || c_Loss:0.343 || e_Loss:-1.787 || Aad_Loss:-29.646 || 耗时：12.42s
任务: (B3)N15_M07_F04→(B1)N15_M01_F10; mix批次:····0; 批次:·1880/·1880;  总正确率: 63.38%
类型1 正确率： 100.00% -> 1  100.00%, 2    0.00%, 3    0.00%
类型2 正确率：  33.00% -> 1   34.00%, 2   32.95%, 3   33.05%
类型3 正确率：  57.00% -> 1   11.80%, 2   31.00%, 3   57.20%


测试集任务: (B3)N15_M07_F04→(B1)N15_M01_F10; 总正确率 = 63.38%
类型1 正确率： 100.00% -> 1  100.00%, 2    0.00%, 3    0.00%
类型2 正确率：  33.00% -> 1   34.00%, 2   32.95%, 3   33.05%
类型3 正确率：  57.00% -> 1   11.80%, 2   31.00%, 3   57.20%


