读取源域路径：/kaggle/working/m0diag/weight_PU_as_released_thr0.6_s1/NEW_PU/Source-源域/log&pt/(B2)N15_M07_F10
excel输出位置：/kaggle/working/m0diag/weight_PU_as_released_thr0.6_s1/NEW_PU/Target-目标域
特征图片输出位置：/kaggle/working/m0diag/weight_PU_as_released_thr0.6_s1/NEW_PU/Picture-特征图/2026年09月13日19时02分/(B2)N15_M07_F10
现在选取:(B2)N15_M07_F10 进行训练的源模型
现在进行：(B2)N15_M07_F10→(B3)N15_M07_F04 的迁移任务
log&pt输出位置：/kaggle/working/m0diag/weight_PU_as_released_thr0.6_s1/NEW_PU/Target-目标域/log&pt/(B2)N15_M07_F10→(B3)N15_M07_F04
任务: (B2)N15_M07_F10→(B3)N15_M07_F04; 批次:····0/·5000;  总正确率: 83.12%
类型1 正确率： 100.00% -> 1  100.00%, 2    0.00%, 3    0.00%, 4    0.00%, 5    0.00%, 6    0.00%, 7    0.00%, 8    0.00%
类型2 正确率： 100.00% -> 1    0.00%, 2   99.85%, 3    0.05%, 4    0.00%, 5    0.00%, 6    0.05%, 7    0.05%, 8    0.00%
类型3 正确率：  46.00% -> 1    0.00%, 2    0.00%, 3   46.35%, 4    0.00%, 5    0.00%, 6   52.75%, 7    0.10%, 8    0.80%
类型4 正确率：  74.00% -> 1    0.00%, 2    0.00%, 3   25.90%, 4   74.10%, 5    0.00%, 6    0.00%, 7    0.00%, 8    0.00%
类型5 正确率：  81.00% -> 1   18.65%, 2    0.10%, 3    0.00%, 4    0.00%, 5   81.25%, 6    0.00%, 7    0.00%, 8    0.00%
类型6 正确率：  94.00% -> 1    0.00%, 2    0.00%, 3    5.65%, 4    0.00%, 5    0.00%, 6   94.35%, 7    0.00%, 8    0.00%
类型7 正确率：  95.00% -> 1    0.00%, 2    0.05%, 3    1.75%, 4    3.45%, 5    0.00%, 6    0.00%, 7   94.75%, 8    0.00%
类型8 正确率：  74.00% -> 1    0.00%, 2    0.00%, 3    3.15%, 4    0.10%, 5    0.00%, 6    0.05%, 7   22.35%, 8   74.35%


样本变换：reverse
样本变换：mask
样本变换：shift
样本变换：none
未过滤	未用伪标签：83.12% -> 使用伪标签：87.39%
已过滤	未用伪标签：83.53% -> 使用伪标签：88.77%
排除样本：249|16000	剩余：2375, 2002, 641, 2054, 1607, 3264, 1920, 1888
增添样本：10361		细则：889, 1262, 2623, 1210, 1657, 0, 1344, 1376	正确率估算：91.00%
类型1 正确率： 100.00% -> 1  100.00%, 2    0.00%, 3    0.00%, 4    0.00%, 5    0.00%, 6    0.00%, 7    0.00%, 8    0.00%
类型2 正确率： 100.00% -> 1    0.00%, 2  100.00%, 3    0.00%, 4    0.00%, 5    0.00%, 6    0.00%, 7    0.00%, 8    0.00%
类型3 正确率：  32.00% -> 1    0.00%, 2    0.00%, 3   31.69%, 4    0.00%, 5    0.00%, 6   68.31%, 7    0.00%, 8    0.00%
类型4 正确率： 100.00% -> 1    0.00%, 2    0.00%, 3    0.00%, 4  100.00%, 5    0.00%, 6    0.00%, 7    0.00%, 8    0.00%
类型5 正确率：  81.00% -> 1   18.92%, 2    0.00%, 3    0.00%, 4    0.00%, 5   81.08%, 6    0.00%, 7    0.00%, 8    0.00%
类型6 正确率： 100.00% -> 1    0.00%, 2    0.00%, 3    0.00%, 4    0.00%, 5    0.00%, 6  100.00%, 7    0.00%, 8    0.00%
类型7 正确率：  97.00% -> 1    0.00%, 2    0.10%, 3    0.10%, 4    2.99%, 5    0.00%, 6    0.00%, 7   96.80%, 8    0.00%
类型8 正确率：  97.00% -> 1    0.00%, 2    0.00%, 3    2.71%, 4    0.00%, 5    0.00%, 6    0.15%, 7    0.61%, 8   96.52%

被排除样本 正确率：57.43%
类型1 没有样本或未被分类。
类型2 正确率：  71.00% -> 1    0.00%, 2   70.86%, 3    0.00%, 4    0.00%, 5   27.81%, 6    0.00%, 7    1.32%
类型3 正确率：  40.00% -> 1    0.00%, 2   60.00%, 3   40.00%, 4    0.00%, 5    0.00%, 6    0.00%, 7    0.00%
类型4 正确率：  44.00% -> 1   55.56%, 2    0.00%, 3    0.00%, 4   44.44%, 5    0.00%, 6    0.00%, 7    0.00%
类型5 正确率：   0.00% -> 1    0.00%, 2  100.00%, 3    0.00%, 4    0.00%, 5    0.00%, 6    0.00%, 7    0.00%
类型6 正确率：  34.00% -> 1    0.00%, 2   41.38%, 3   24.14%, 4    0.00%, 5    0.00%, 6   34.48%, 7    0.00%
类型7 正确率：  36.00% -> 1    0.00%, 2   27.27%, 3    0.00%, 4    0.00%, 5    0.00%, 6   36.36%, 7   36.36%


轮次:··1/·20 || c_Loss:0.869 || e_Loss:-2.375 || Aad_Loss:-10.697 || 耗时：88.18s
轮次:··2/·20 || c_Loss:0.689 || e_Loss:-2.610 || Aad_Loss:-11.166 || 耗时：35.34s
轮次:··3/·20 || c_Loss:0.608 || e_Loss:-1.669 || Aad_Loss:-12.151 || 耗时：35.49s
轮次:··4/·20 || c_Loss:0.639 || e_Loss:-3.145 || Aad_Loss:-13.239 || 耗时：35.35s
轮次:··5/·20 || c_Loss:0.648 || e_Loss:-1.622 || Aad_Loss:-11.979 || 耗时：35.36s
任务: (B2)N15_M07_F10→(B3)N15_M07_F04; mix批次:····0; 批次:·1250/·5000;  总正确率: 90.11%
类型1 正确率： 100.00% -> 1  100.00%, 2    0.00%, 3    0.00%, 4    0.00%, 5    0.00%, 6    0.00%, 7    0.00%, 8    0.00%
类型2 正确率： 100.00% -> 1    0.00%, 2  100.00%, 3    0.00%, 4    0.00%, 5    0.00%, 6    0.00%, 7    0.00%, 8    0.00%
类型3 正确率：  41.00% -> 1    0.00%, 2    0.00%, 3   40.65%, 4    0.00%, 5    0.00%, 6   59.10%, 7    0.10%, 8    0.15%
类型4 正确率： 100.00% -> 1    0.00%, 2    0.00%, 3    0.00%, 4  100.00%, 5    0.00%, 6    0.00%, 7    0.00%, 8    0.00%
类型5 正确率：  83.00% -> 1   17.30%, 2    0.00%, 3    0.00%, 4    0.00%, 5   82.70%, 6    0.00%, 7    0.00%, 8    0.00%
类型6 正确率： 100.00% -> 1    0.00%, 2    0.00%, 3    0.05%, 4    0.05%, 5    0.00%, 6   99.90%, 7    0.00%, 8    0.00%
类型7 正确率：  98.00% -> 1    0.00%, 2    0.05%, 3    0.00%, 4    2.20%, 5    0.00%, 6    0.00%, 7   97.75%, 8    0.00%
类型8 正确率： 100.00% -> 1    0.00%, 2    0.00%, 3    0.10%, 4    0.00%, 5    0.00%, 6    0.00%, 7    0.05%, 8   99.85%


样本变换：reverse
样本变换：mask
样本变换：shift
样本变换：none
未过滤	未用伪标签：90.11% -> 使用伪标签：89.57%
已过滤	未用伪标签：90.38% -> 使用伪标签：90.50%
排除样本：164|16000	剩余：2362, 2001, 887, 2048, 1624, 2991, 1923, 2000
增添样本：8092		细则：629, 990, 2104, 943, 1367, 0, 1068, 991	正确率估算：96.65%
类型1 正确率： 100.00% -> 1  100.00%, 2    0.00%, 3    0.00%, 4    0.00%, 5    0.00%, 6    0.00%, 7    0.00%, 8    0.00%
类型2 正确率： 100.00% -> 1    0.00%, 2  100.00%, 3    0.00%, 4    0.00%, 5    0.00%, 6    0.00%, 7    0.00%, 8    0.00%
类型3 正确率：  45.00% -> 1    0.00%, 2    0.00%, 3   44.54%, 4    0.05%, 5    0.00%, 6   55.41%, 7    0.00%, 8    0.00%
类型4 正确率： 100.00% -> 1    0.00%, 2    0.00%, 3    0.00%, 4  100.00%, 5    0.00%, 6    0.00%, 7    0.00%, 8    0.00%
类型5 正确率：  82.00% -> 1   18.23%, 2    0.00%, 3    0.00%, 4    0.00%, 5   81.77%, 6    0.00%, 7    0.00%, 8    0.00%
类型6 正确率：  98.00% -> 1    0.00%, 2    0.00%, 3    2.17%, 4    0.00%, 5    0.00%, 6   97.83%, 7    0.00%, 8    0.00%
类型7 正确率：  98.00% -> 1    0.00%, 2    0.05%, 3    0.00%, 4    2.43%, 5    0.00%, 6    0.00%, 7   97.52%, 8    0.00%
类型8 正确率： 100.00% -> 1    0.00%, 2    0.00%, 3    0.00%, 4    0.00%, 5    0.00%, 6    0.00%, 7    0.00%, 8  100.00%

被排除样本 正确率：64.02%
类型1 没有样本或未被分类。
类型2 正确率：  50.00% -> 1    0.00%, 2   50.48%, 3    0.00%, 4    0.00%, 5   49.52%, 6    0.00%
类型3 正确率： 100.00% -> 1    0.00%, 2    0.00%, 3  100.00%, 4    0.00%, 5    0.00%, 6    0.00%
类型4 正确率：  86.00% -> 1   14.29%, 2    0.00%, 3    0.00%, 4   85.71%, 5    0.00%, 6    0.00%
类型5 正确率： 100.00% -> 1    0.00%, 2    0.00%, 3    0.00%, 4    0.00%, 5  100.00%, 6    0.00%
类型6 正确率：  82.00% -> 1    0.00%, 2    0.00%, 3   17.86%, 4    0.00%, 5    0.00%, 6   82.14%


轮次:··6/·20 || c_Loss:0.593 || e_Loss:-3.043 || Aad_Loss:-12.147 || 耗时：86.36s
轮次:··7/·20 || c_Loss:0.698 || e_Loss:-1.574 || Aad_Loss:-12.441 || 耗时：35.41s
轮次:··8/·20 || c_Loss:0.663 || e_Loss:-2.944 || Aad_Loss:-11.653 || 耗时：35.39s
轮次:··9/·20 || c_Loss:0.725 || e_Loss:-1.522 || Aad_Loss:-12.983 || 耗时：35.49s
轮次:·10/·20 || c_Loss:0.641 || e_Loss:-1.704 || Aad_Loss:-11.117 || 耗时：35.39s
任务: (B2)N15_M07_F10→(B3)N15_M07_F04; mix批次:····0; 批次:·2500/·5000;  总正确率: 90.88%
类型1 正确率： 100.00% -> 1  100.00%, 2    0.00%, 3    0.00%, 4    0.00%, 5    0.00%, 6    0.00%, 7    0.00%, 8    0.00%
类型2 正确率： 100.00% -> 1    0.00%, 2  100.00%, 3    0.00%, 4    0.00%, 5    0.00%, 6    0.00%, 7    0.00%, 8    0.00%
类型3 正确率：  46.00% -> 1    0.00%, 2    0.00%, 3   46.05%, 4    0.00%, 5    0.00%, 6   53.80%, 7    0.05%, 8    0.10%
类型4 正确率： 100.00% -> 1    0.00%, 2    0.00%, 3    0.00%, 4  100.00%, 5    0.00%, 6    0.00%, 7    0.00%, 8    0.00%
类型5 正确率：  82.00% -> 1   17.95%, 2    0.00%, 3    0.00%, 4    0.00%, 5   82.05%, 6    0.00%, 7    0.00%, 8    0.00%
类型6 正确率： 100.00% -> 1    0.00%, 2    0.00%, 3    0.05%, 4    0.00%, 5    0.00%, 6   99.95%, 7    0.00%, 8    0.00%
类型7 正确率：  99.00% -> 1    0.00%, 2    0.05%, 3    0.00%, 4    0.95%, 5    0.00%, 6    0.00%, 7   99.00%, 8    0.00%
类型8 正确率： 100.00% -> 1    0.00%, 2    0.00%, 3    0.00%, 4    0.00%, 5    0.00%, 6    0.00%, 7    0.00%, 8  100.00%


样本变换：reverse
样本变换：mask
样本变换：shift
样本变换：none
未过滤	未用伪标签：90.88% -> 使用伪标签：90.41%
已过滤	未用伪标签：91.24% -> 使用伪标签：91.34%
排除样本：163|16000	剩余：2362, 2001, 1036, 2041, 1624, 2825, 1948, 2000
增添样本：6763		细则：463, 824, 1789, 784, 1201, 0, 877, 825	正确率估算：96.34%
类型1 正确率： 100.00% -> 1  100.00%, 2    0.00%, 3    0.00%, 4    0.00%, 5    0.00%, 6    0.00%, 7    0.00%, 8    0.00%
类型2 正确率： 100.00% -> 1    0.00%, 2  100.00%, 3    0.00%, 4    0.00%, 5    0.00%, 6    0.00%, 7    0.00%, 8    0.00%
类型3 正确率：  52.00% -> 1    0.00%, 2    0.00%, 3   51.83%, 4    0.00%, 5    0.00%, 6   48.17%, 7    0.00%, 8    0.00%
类型4 正确率： 100.00% -> 1    0.00%, 2    0.00%, 3    0.00%, 4  100.00%, 5    0.00%, 6    0.00%, 7    0.00%, 8    0.00%
类型5 正确率：  82.00% -> 1   18.23%, 2    0.00%, 3    0.00%, 4    0.00%, 5   81.77%, 6    0.00%, 7    0.00%, 8    0.00%
类型6 正确率：  97.00% -> 1    0.00%, 2    0.00%, 3    3.03%, 4    0.00%, 5    0.00%, 6   96.97%, 7    0.00%, 8    0.00%
类型7 正确率：  98.00% -> 1    0.00%, 2    0.05%, 3    0.00%, 4    2.06%, 5    0.00%, 6    0.00%, 7   97.89%, 8    0.00%
类型8 正确率： 100.00% -> 1    0.00%, 2    0.00%, 3    0.00%, 4    0.00%, 5    0.00%, 6    0.00%, 7    0.00%, 8  100.00%

被排除样本 正确率：56.44%
类型1 没有样本或未被分类。
类型2 正确率：  43.00% -> 1    0.00%, 2   42.74%, 3    0.00%, 4    0.00%, 5   57.26%, 6    0.00%
类型3 没有样本或未被分类。
类型4 正确率：  79.00% -> 1   21.43%, 2    0.00%, 3    0.00%, 4   78.57%, 5    0.00%, 6    0.00%
类型5 正确率： 100.00% -> 1    0.00%, 2    0.00%, 3    0.00%, 4    0.00%, 5  100.00%, 6    0.00%
类型6 正确率：  90.00% -> 1    0.00%, 2    0.00%, 3   10.00%, 4    0.00%, 5    0.00%, 6   90.00%


轮次:·11/·20 || c_Loss:0.690 || e_Loss:-3.183 || Aad_Loss:-11.559 || 耗时：85.70s
轮次:·12/·20 || c_Loss:0.654 || e_Loss:-1.653 || Aad_Loss:-11.459 || 耗时：35.45s
轮次:·13/·20 || c_Loss:0.694 || e_Loss:-1.611 || Aad_Loss:-11.882 || 耗时：35.47s
轮次:·14/·20 || c_Loss:0.787 || e_Loss:-2.982 || Aad_Loss:-12.113 || 耗时：35.47s
轮次:·15/·20 || c_Loss:0.670 || e_Loss:-3.079 || Aad_Loss:-11.652 || 耗时：35.47s
任务: (B2)N15_M07_F10→(B3)N15_M07_F04; mix批次:····0; 批次:·3750/·5000;  总正确率: 90.60%
类型1 正确率： 100.00% -> 1  100.00%, 2    0.00%, 3    0.00%, 4    0.00%, 5    0.00%, 6    0.00%, 7    0.00%, 8    0.00%
类型2 正确率： 100.00% -> 1    0.00%, 2  100.00%, 3    0.00%, 4    0.00%, 5    0.00%, 6    0.00%, 7    0.00%, 8    0.00%
类型3 正确率：  45.00% -> 1    0.00%, 2    0.00%, 3   44.95%, 4    0.10%, 5    0.00%, 6   54.70%, 7    0.10%, 8    0.15%
类型4 正确率： 100.00% -> 1    0.00%, 2    0.00%, 3    0.00%, 4  100.00%, 5    0.00%, 6    0.00%, 7    0.00%, 8    0.00%
类型5 正确率：  82.00% -> 1   18.50%, 2    0.00%, 3    0.00%, 4    0.00%, 5   81.50%, 6    0.00%, 7    0.00%, 8    0.00%
类型6 正确率： 100.00% -> 1    0.00%, 2    0.00%, 3    0.00%, 4    0.10%, 5    0.00%, 6   99.90%, 7    0.00%, 8    0.00%
类型7 正确率：  98.00% -> 1    0.00%, 2    0.05%, 3    0.00%, 4    1.50%, 5    0.00%, 6    0.00%, 7   98.45%, 8    0.00%
类型8 正确率： 100.00% -> 1    0.00%, 2    0.00%, 3    0.00%, 4    0.00%, 5    0.00%, 6    0.00%, 7    0.00%, 8  100.00%


样本变换：reverse
样本变换：mask
样本变换：shift
样本变换：none
未过滤	未用伪标签：90.60% -> 使用伪标签：90.51%
已过滤	未用伪标签：91.01% -> 使用伪标签：91.42%
排除样本：158|16000	剩余：2355, 2001, 1026, 2028, 1625, 2850, 1957, 2000
增添样本：6958		细则：495, 849, 1824, 822, 1225, 0, 893, 850	正确率估算：96.53%
类型1 正确率： 100.00% -> 1  100.00%, 2    0.00%, 3    0.00%, 4    0.00%, 5    0.00%, 6    0.00%, 7    0.00%, 8    0.00%
类型2 正确率： 100.00% -> 1    0.00%, 2  100.00%, 3    0.00%, 4    0.00%, 5    0.00%, 6    0.00%, 7    0.00%, 8    0.00%
类型3 正确率：  51.00% -> 1    0.00%, 2    0.00%, 3   51.32%, 4    0.00%, 5    0.00%, 6   48.68%, 7    0.00%, 8    0.00%
类型4 正确率： 100.00% -> 1    0.00%, 2    0.00%, 3    0.00%, 4  100.00%, 5    0.00%, 6    0.00%, 7    0.00%, 8    0.00%
类型5 正确率：  82.00% -> 1   17.93%, 2    0.00%, 3    0.00%, 4    0.00%, 5   82.07%, 6    0.00%, 7    0.00%, 8    0.00%
类型6 正确率：  97.00% -> 1    0.00%, 2    0.00%, 3    2.77%, 4    0.00%, 5    0.00%, 6   97.23%, 7    0.00%, 8    0.00%
类型7 正确率：  99.00% -> 1    0.00%, 2    0.05%, 3    0.00%, 4    1.41%, 5    0.00%, 6    0.00%, 7   98.54%, 8    0.00%
类型8 正确率： 100.00% -> 1    0.00%, 2    0.00%, 3    0.00%, 4    0.00%, 5    0.00%, 6    0.00%, 7    0.00%, 8  100.00%

被排除样本 正确率：49.37%
类型1 没有样本或未被分类。
类型2 正确率：  39.00% -> 1    0.00%, 2   38.89%, 3    0.00%, 4    0.00%, 5   61.11%, 6    0.00%
类型3 没有样本或未被分类。
类型4 正确率：  50.00% -> 1   50.00%, 2    0.00%, 3    0.00%, 4   50.00%, 5    0.00%, 6    0.00%
类型5 正确率： 100.00% -> 1    0.00%, 2    0.00%, 3    0.00%, 4    0.00%, 5  100.00%, 6    0.00%
类型6 正确率：  71.00% -> 1    0.00%, 2    0.00%, 3   28.57%, 4    0.00%, 5    0.00%, 6   71.43%


轮次:·16/·20 || c_Loss:0.676 || e_Loss:-1.619 || Aad_Loss:-12.002 || 耗时：85.71s
轮次:·17/·20 || c_Loss:0.649 || e_Loss:-1.669 || Aad_Loss:-11.082 || 耗时：35.37s
轮次:·18/·20 || c_Loss:0.655 || e_Loss:-2.572 || Aad_Loss:-12.342 || 耗时：35.38s
轮次:·19/·20 || c_Loss:0.767 || e_Loss:-2.965 || Aad_Loss:-13.066 || 耗时：35.48s
轮次:·20/·20 || c_Loss:0.691 || e_Loss:-1.605 || Aad_Loss:-11.504 || 耗时：35.38s
任务: (B2)N15_M07_F10→(B3)N15_M07_F04; mix批次:····0; 批次:·5000/·5000;  总正确率: 92.10%
类型1 正确率： 100.00% -> 1  100.00%, 2    0.00%, 3    0.00%, 4    0.00%, 5    0.00%, 6    0.00%, 7    0.00%, 8    0.00%
类型2 正确率： 100.00% -> 1    0.00%, 2  100.00%, 3    0.00%, 4    0.00%, 5    0.00%, 6    0.00%, 7    0.00%, 8    0.00%
类型3 正确率：  57.00% -> 1    0.00%, 2    0.00%, 3   56.75%, 4    0.00%, 5    0.00%, 6   43.20%, 7    0.05%, 8    0.00%
类型4 正确率： 100.00% -> 1    0.00%, 2    0.00%, 3    0.00%, 4  100.00%, 5    0.00%, 6    0.00%, 7    0.00%, 8    0.00%
类型5 正确率：  82.00% -> 1   18.05%, 2    0.00%, 3    0.00%, 4    0.00%, 5   81.95%, 6    0.00%, 7    0.00%, 8    0.00%
类型6 正确率： 100.00% -> 1    0.00%, 2    0.00%, 3    0.05%, 4    0.00%, 5    0.00%, 6   99.95%, 7    0.00%, 8    0.00%
类型7 正确率：  98.00% -> 1    0.00%, 2    0.05%, 3    0.00%, 4    1.80%, 5    0.00%, 6    0.00%, 7   98.15%, 8    0.00%
类型8 正确率： 100.00% -> 1    0.00%, 2    0.00%, 3    0.00%, 4    0.00%, 5    0.00%, 6    0.00%, 7    0.00%, 8  100.00%


测试集任务: (B2)N15_M07_F10→(B3)N15_M07_F04; 总正确率 = 92.10%
类型1 正确率： 100.00% -> 1  100.00%, 2    0.00%, 3    0.00%, 4    0.00%, 5    0.00%, 6    0.00%, 7    0.00%, 8    0.00%
类型2 正确率： 100.00% -> 1    0.00%, 2  100.00%, 3    0.00%, 4    0.00%, 5    0.00%, 6    0.00%, 7    0.00%, 8    0.00%
类型3 正确率：  57.00% -> 1    0.00%, 2    0.00%, 3   56.75%, 4    0.00%, 5    0.00%, 6   43.20%, 7    0.05%, 8    0.00%
类型4 正确率： 100.00% -> 1    0.00%, 2    0.00%, 3    0.00%, 4  100.00%, 5    0.00%, 6    0.00%, 7    0.00%, 8    0.00%
类型5 正确率：  82.00% -> 1   18.05%, 2    0.00%, 3    0.00%, 4    0.00%, 5   81.95%, 6    0.00%, 7    0.00%, 8    0.00%
类型6 正确率： 100.00% -> 1    0.00%, 2    0.00%, 3    0.05%, 4    0.00%, 5    0.00%, 6   99.95%, 7    0.00%, 8    0.00%
类型7 正确率：  98.00% -> 1    0.00%, 2    0.05%, 3    0.00%, 4    1.80%, 5    0.00%, 6    0.00%, 7   98.15%, 8    0.00%
类型8 正确率： 100.00% -> 1    0.00%, 2    0.00%, 3    0.00%, 4    0.00%, 5    0.00%, 6    0.00%, 7    0.00%, 8  100.00%


