读取源域路径：/kaggle/working/m0diag/weight_PU_as_released_thr0.6_s1/NEW_PU/Source-源域/log&pt/(B1)N15_M01_F10
excel输出位置：/kaggle/working/m0diag/weight_PU_as_released_thr0.6_s1/NEW_PU/Target-目标域
特征图片输出位置：/kaggle/working/m0diag/weight_PU_as_released_thr0.6_s1/NEW_PU/Picture-特征图/2026年09月13日19时18分/(B1)N15_M01_F10
现在选取:(B1)N15_M01_F10 进行训练的源模型
现在进行：(B1)N15_M01_F10→(B3)N15_M07_F04 的迁移任务
log&pt输出位置：/kaggle/working/m0diag/weight_PU_as_released_thr0.6_s1/NEW_PU/Target-目标域/log&pt/(B1)N15_M01_F10→(B3)N15_M07_F04
任务: (B1)N15_M01_F10→(B3)N15_M07_F04; 批次:····0/·5000;  总正确率: 85.98%
类型1 正确率： 100.00% -> 1  100.00%, 2    0.00%, 3    0.00%, 4    0.00%, 5    0.00%, 6    0.00%, 7    0.00%, 8    0.00%
类型2 正确率：  98.00% -> 1    0.00%, 2   98.40%, 3    0.90%, 4    0.00%, 5    0.00%, 6    0.60%, 7    0.10%, 8    0.00%
类型3 正确率：  67.00% -> 1    0.00%, 2    0.00%, 3   67.05%, 4    0.00%, 5    0.00%, 6   29.30%, 7    0.00%, 8    3.65%
类型4 正确率：  84.00% -> 1    0.00%, 2    0.00%, 3   16.30%, 4   83.70%, 5    0.00%, 6    0.00%, 7    0.00%, 8    0.00%
类型5 正确率：  79.00% -> 1   20.90%, 2    0.10%, 3    0.20%, 4    0.00%, 5   78.80%, 6    0.00%, 7    0.00%, 8    0.00%
类型6 正确率：  79.00% -> 1    0.00%, 2    0.00%, 3   21.00%, 4    0.00%, 5    0.00%, 6   79.00%, 7    0.00%, 8    0.00%
类型7 正确率：  92.00% -> 1    0.00%, 2    0.05%, 3    3.90%, 4    3.65%, 5    0.00%, 6    0.00%, 7   92.40%, 8    0.00%
类型8 正确率：  88.00% -> 1    0.00%, 2    0.00%, 3    4.60%, 4    0.30%, 5    0.00%, 6    0.00%, 7    6.65%, 8   88.45%


样本变换：reverse
样本变换：mask
样本变换：shift
样本变换：none
未过滤	未用伪标签：85.97% -> 使用伪标签：91.84%
已过滤	未用伪标签：86.55% -> 使用伪标签：93.34%
排除样本：257|16000	剩余：2387, 2001, 1335, 2101, 1595, 2518, 1853, 1953
增添样本：4401		细则：131, 517, 1183, 417, 923, 0, 665, 565	正确率估算：91.93%
类型1 正确率： 100.00% -> 1  100.00%, 2    0.00%, 3    0.00%, 4    0.00%, 5    0.00%, 6    0.00%, 7    0.00%, 8    0.00%
类型2 正确率： 100.00% -> 1    0.00%, 2  100.00%, 3    0.00%, 4    0.00%, 5    0.00%, 6    0.00%, 7    0.00%, 8    0.00%
类型3 正确率：  71.00% -> 1    0.00%, 2    0.00%, 3   71.30%, 4    0.00%, 5    0.00%, 6   28.70%, 7    0.00%, 8    0.00%
类型4 正确率： 100.00% -> 1    0.00%, 2    0.00%, 3    0.00%, 4  100.00%, 5    0.00%, 6    0.00%, 7    0.00%, 8    0.00%
类型5 正确率：  80.00% -> 1   19.53%, 2    0.00%, 3    0.00%, 4    0.00%, 5   80.47%, 6    0.00%, 7    0.00%, 8    0.00%
类型6 正确率： 100.00% -> 1    0.00%, 2    0.00%, 3    0.10%, 4    0.00%, 5    0.00%, 6   99.90%, 7    0.00%, 8    0.00%
类型7 正确率：  95.00% -> 1    0.00%, 2    0.05%, 3    0.05%, 4    5.16%, 5    0.00%, 6    0.00%, 7   94.73%, 8    0.00%
类型8 正确率：  98.00% -> 1    0.00%, 2    0.00%, 3    1.66%, 4    0.00%, 5    0.00%, 6    0.00%, 7    0.00%, 8   98.34%

被排除样本 正确率：50.97%
类型1 没有样本或未被分类。
类型2 正确率：  54.00% -> 1    0.00%, 2   53.93%, 3    0.00%, 4    0.00%, 5   42.13%, 6    0.00%, 7    3.93%
类型3 没有样本或未被分类。
类型4 正确率：  33.00% -> 1   66.67%, 2    0.00%, 3    0.00%, 4   33.33%, 5    0.00%, 6    0.00%, 7    0.00%
类型5 正确率：   0.00% -> 1    0.00%, 2  100.00%, 3    0.00%, 4    0.00%, 5    0.00%, 6    0.00%, 7    0.00%
类型6 正确率：  45.00% -> 1    0.00%, 2   25.00%, 3   29.55%, 4    0.00%, 5    0.00%, 6   45.45%, 7    0.00%
类型7 正确率：  64.00% -> 1    0.00%, 2   35.71%, 3    0.00%, 4    0.00%, 5    0.00%, 6    0.00%, 7   64.29%


轮次:··1/·20 || c_Loss:0.786 || e_Loss:-2.816 || Aad_Loss:-11.251 || 耗时：85.24s
轮次:··2/·20 || c_Loss:0.752 || e_Loss:-2.956 || Aad_Loss:-10.867 || 耗时：35.42s
轮次:··3/·20 || c_Loss:0.705 || e_Loss:-1.493 || Aad_Loss:-11.284 || 耗时：35.45s
轮次:··4/·20 || c_Loss:0.661 || e_Loss:-3.372 || Aad_Loss:-10.638 || 耗时：35.43s
轮次:··5/·20 || c_Loss:0.645 || e_Loss:-1.701 || Aad_Loss:-11.584 || 耗时：35.50s
任务: (B1)N15_M01_F10→(B3)N15_M07_F04; mix批次:····0; 批次:·1250/·5000;  总正确率: 95.21%
类型1 正确率： 100.00% -> 1  100.00%, 2    0.00%, 3    0.00%, 4    0.00%, 5    0.00%, 6    0.00%, 7    0.00%, 8    0.00%
类型2 正确率： 100.00% -> 1    0.00%, 2  100.00%, 3    0.00%, 4    0.00%, 5    0.00%, 6    0.00%, 7    0.00%, 8    0.00%
类型3 正确率：  83.00% -> 1    0.00%, 2    0.00%, 3   83.20%, 4    0.00%, 5    0.00%, 6   16.80%, 7    0.00%, 8    0.00%
类型4 正确率： 100.00% -> 1    0.00%, 2    0.00%, 3    0.00%, 4  100.00%, 5    0.00%, 6    0.00%, 7    0.00%, 8    0.00%
类型5 正确率：  82.00% -> 1   18.10%, 2    0.00%, 3    0.00%, 4    0.00%, 5   81.90%, 6    0.00%, 7    0.00%, 8    0.00%
类型6 正确率： 100.00% -> 1    0.00%, 2    0.00%, 3    0.00%, 4    0.00%, 5    0.00%, 6  100.00%, 7    0.00%, 8    0.00%
类型7 正确率：  97.00% -> 1    0.00%, 2    0.05%, 3    0.00%, 4    3.40%, 5    0.00%, 6    0.00%, 7   96.55%, 8    0.00%
类型8 正确率： 100.00% -> 1    0.00%, 2    0.00%, 3    0.00%, 4    0.00%, 5    0.00%, 6    0.00%, 7    0.00%, 8  100.00%


样本变换：reverse
样本变换：mask
样本变换：shift
样本变换：none
未过滤	未用伪标签：95.21% -> 使用伪标签：93.62%
已过滤	未用伪标签：95.41% -> 使用伪标签：94.61%
排除样本：167|16000	剩余：2368, 2001, 1507, 2105, 1619, 2374, 1860, 1999
增添样本：3159		细则：6, 373, 867, 269, 755, 0, 514, 375	正确率估算：98.58%
类型1 正确率： 100.00% -> 1  100.00%, 2    0.00%, 3    0.00%, 4    0.00%, 5    0.00%, 6    0.00%, 7    0.00%, 8    0.00%
类型2 正确率： 100.00% -> 1    0.00%, 2  100.00%, 3    0.00%, 4    0.00%, 5    0.00%, 6    0.00%, 7    0.00%, 8    0.00%
类型3 正确率：  80.00% -> 1    0.00%, 2    0.00%, 3   79.97%, 4    0.00%, 5    0.00%, 6   20.03%, 7    0.00%, 8    0.00%
类型4 正确率： 100.00% -> 1    0.00%, 2    0.00%, 3    0.00%, 4  100.00%, 5    0.00%, 6    0.00%, 7    0.00%, 8    0.00%
类型5 正确率：  81.00% -> 1   18.52%, 2    0.00%, 3    0.00%, 4    0.00%, 5   81.48%, 6    0.00%, 7    0.00%, 8    0.00%
类型6 正确率： 100.00% -> 1    0.00%, 2    0.00%, 3    0.05%, 4    0.00%, 5    0.00%, 6   99.95%, 7    0.00%, 8    0.00%
类型7 正确率：  95.00% -> 1    0.00%, 2    0.05%, 3    0.00%, 4    5.34%, 5    0.00%, 6    0.00%, 7   94.61%, 8    0.00%
类型8 正确率： 100.00% -> 1    0.00%, 2    0.00%, 3    0.05%, 4    0.00%, 5    0.00%, 6    0.00%, 7    0.00%, 8   99.95%

被排除样本 正确率：76.05%
类型1 没有样本或未被分类。
类型2 正确率：  70.00% -> 1    0.00%, 2   70.34%, 3    0.00%, 4    0.00%, 5   29.66%, 6    0.00%
类型3 没有样本或未被分类。
类型4 正确率：  69.00% -> 1   30.77%, 2    0.00%, 3    0.00%, 4   69.23%, 5    0.00%, 6    0.00%
类型5 正确率： 100.00% -> 1    0.00%, 2    0.00%, 3    0.00%, 4    0.00%, 5  100.00%, 6    0.00%
类型6 正确率：  97.00% -> 1    0.00%, 2    0.00%, 3    2.94%, 4    0.00%, 5    0.00%, 6   97.06%


轮次:··6/·20 || c_Loss:0.677 || e_Loss:-1.573 || Aad_Loss:-12.266 || 耗时：84.51s
轮次:··7/·20 || c_Loss:0.649 || e_Loss:-3.281 || Aad_Loss:-11.412 || 耗时：35.39s
轮次:··8/·20 || c_Loss:0.721 || e_Loss:-1.559 || Aad_Loss:-11.398 || 耗时：35.39s
轮次:··9/·20 || c_Loss:0.740 || e_Loss:-3.203 || Aad_Loss:-11.514 || 耗时：35.41s
轮次:·10/·20 || c_Loss:0.612 || e_Loss:-1.686 || Aad_Loss:-11.156 || 耗时：35.38s
任务: (B1)N15_M01_F10→(B3)N15_M07_F04; mix批次:····0; 批次:·2500/·5000;  总正确率: 95.83%
类型1 正确率： 100.00% -> 1  100.00%, 2    0.00%, 3    0.00%, 4    0.00%, 5    0.00%, 6    0.00%, 7    0.00%, 8    0.00%
类型2 正确率： 100.00% -> 1    0.00%, 2  100.00%, 3    0.00%, 4    0.00%, 5    0.00%, 6    0.00%, 7    0.00%, 8    0.00%
类型3 正确率：  85.00% -> 1    0.00%, 2    0.00%, 3   85.20%, 4    0.05%, 5    0.00%, 6   13.85%, 7    0.00%, 8    0.90%
类型4 正确率： 100.00% -> 1    0.00%, 2    0.00%, 3    0.00%, 4  100.00%, 5    0.00%, 6    0.00%, 7    0.00%, 8    0.00%
类型5 正确率：  84.00% -> 1   16.40%, 2    0.00%, 3    0.00%, 4    0.00%, 5   83.60%, 6    0.00%, 7    0.00%, 8    0.00%
类型6 正确率： 100.00% -> 1    0.00%, 2    0.00%, 3    0.00%, 4    0.00%, 5    0.00%, 6  100.00%, 7    0.00%, 8    0.00%
类型7 正确率：  98.00% -> 1    0.00%, 2    0.05%, 3    0.05%, 4    2.05%, 5    0.00%, 6    0.00%, 7   97.85%, 8    0.00%
类型8 正确率： 100.00% -> 1    0.00%, 2    0.00%, 3    0.00%, 4    0.00%, 5    0.00%, 6    0.00%, 7    0.00%, 8  100.00%


样本变换：reverse
样本变换：mask
样本变换：shift
样本变换：none
未过滤	未用伪标签：95.83% -> 使用伪标签：93.89%
已过滤	未用伪标签：95.92% -> 使用伪标签：94.78%
排除样本：151|16000	剩余：2358, 2001, 1515, 2091, 1630, 2372, 1881, 2001
增添样本：3127		细则：14, 371, 857, 281, 742, 0, 491, 371	正确率估算：98.98%
类型1 正确率： 100.00% -> 1  100.00%, 2    0.00%, 3    0.00%, 4    0.00%, 5    0.00%, 6    0.00%, 7    0.00%, 8    0.00%
类型2 正确率： 100.00% -> 1    0.00%, 2  100.00%, 3    0.00%, 4    0.00%, 5    0.00%, 6    0.00%, 7    0.00%, 8    0.00%
类型3 正确率：  80.00% -> 1    0.00%, 2    0.00%, 3   80.14%, 4    0.00%, 5    0.00%, 6   19.81%, 7    0.00%, 8    0.05%
类型4 正确率： 100.00% -> 1    0.00%, 2    0.00%, 3    0.00%, 4  100.00%, 5    0.00%, 6    0.00%, 7    0.00%, 8    0.00%
类型5 正确率：  82.00% -> 1   18.01%, 2    0.00%, 3    0.00%, 4    0.00%, 5   81.99%, 6    0.00%, 7    0.00%, 8    0.00%
类型6 正确率： 100.00% -> 1    0.00%, 2    0.00%, 3    0.10%, 4    0.00%, 5    0.00%, 6   99.90%, 7    0.00%, 8    0.00%
类型7 正确率：  95.00% -> 1    0.00%, 2    0.05%, 3    0.00%, 4    4.61%, 5    0.00%, 6    0.00%, 7   95.34%, 8    0.00%
类型8 正确率： 100.00% -> 1    0.00%, 2    0.00%, 3    0.00%, 4    0.00%, 5    0.00%, 6    0.00%, 7    0.00%, 8  100.00%

被排除样本 正确率：86.75%
类型1 没有样本或未被分类。
类型2 正确率：  84.00% -> 1    0.00%, 2   83.93%, 3    0.00%, 4   16.07%, 5    0.00%
类型3 正确率：  83.00% -> 1   16.67%, 2    0.00%, 3   83.33%, 4    0.00%, 5    0.00%
类型4 没有样本或未被分类。
类型5 正确率： 100.00% -> 1    0.00%, 2    0.00%, 3    0.00%, 4    0.00%, 5  100.00%


轮次:·11/·20 || c_Loss:0.666 || e_Loss:-3.015 || Aad_Loss:-11.288 || 耗时：84.14s
轮次:·12/·20 || c_Loss:0.649 || e_Loss:-3.143 || Aad_Loss:-11.961 || 耗时：35.46s
轮次:·13/·20 || c_Loss:0.628 || e_Loss:-1.714 || Aad_Loss:-11.290 || 耗时：35.46s
轮次:·14/·20 || c_Loss:0.715 || e_Loss:-1.586 || Aad_Loss:-11.503 || 耗时：35.46s
轮次:·15/·20 || c_Loss:0.675 || e_Loss:-1.624 || Aad_Loss:-11.575 || 耗时：35.47s
任务: (B1)N15_M01_F10→(B3)N15_M07_F04; mix批次:····0; 批次:·3750/·5000;  总正确率: 95.83%
类型1 正确率： 100.00% -> 1  100.00%, 2    0.00%, 3    0.00%, 4    0.00%, 5    0.00%, 6    0.00%, 7    0.00%, 8    0.00%
类型2 正确率： 100.00% -> 1    0.00%, 2  100.00%, 3    0.00%, 4    0.00%, 5    0.00%, 6    0.00%, 7    0.00%, 8    0.00%
类型3 正确率：  89.00% -> 1    0.00%, 2    0.00%, 3   88.80%, 4    0.05%, 5    0.00%, 6   11.15%, 7    0.00%, 8    0.00%
类型4 正确率： 100.00% -> 1    0.00%, 2    0.00%, 3    0.00%, 4  100.00%, 5    0.00%, 6    0.00%, 7    0.00%, 8    0.00%
类型5 正确率：  82.00% -> 1   18.20%, 2    0.00%, 3    0.00%, 4    0.00%, 5   81.80%, 6    0.00%, 7    0.00%, 8    0.00%
类型6 正确率： 100.00% -> 1    0.00%, 2    0.00%, 3    0.00%, 4    0.00%, 5    0.00%, 6  100.00%, 7    0.00%, 8    0.00%
类型7 正确率：  96.00% -> 1    0.00%, 2    0.05%, 3    0.00%, 4    3.85%, 5    0.00%, 6    0.05%, 7   96.05%, 8    0.00%
类型8 正确率： 100.00% -> 1    0.00%, 2    0.00%, 3    0.00%, 4    0.00%, 5    0.00%, 6    0.00%, 7    0.00%, 8  100.00%


样本变换：reverse
样本变换：mask
样本变换：shift
样本变换：none
未过滤	未用伪标签：95.83% -> 使用伪标签：94.60%
已过滤	未用伪标签：96.01% -> 使用伪标签：95.37%
排除样本：130|16000	剩余：2364, 2001, 1643, 2105, 1624, 2260, 1873, 2000
增添样本：3042		细则：0, 363, 721, 259, 740, 104, 491, 364	正确率估算：98.78%
类型1 正确率： 100.00% -> 1  100.00%, 2    0.00%, 3    0.00%, 4    0.00%, 5    0.00%, 6    0.00%, 7    0.00%, 8    0.00%
类型2 正确率： 100.00% -> 1    0.00%, 2  100.00%, 3    0.00%, 4    0.00%, 5    0.00%, 6    0.00%, 7    0.00%, 8    0.00%
类型3 正确率：  86.00% -> 1    0.00%, 2    0.00%, 3   86.23%, 4    0.00%, 5    0.00%, 6   13.77%, 7    0.00%, 8    0.00%
类型4 正确率： 100.00% -> 1    0.00%, 2    0.00%, 3    0.00%, 4  100.00%, 5    0.00%, 6    0.00%, 7    0.00%, 8    0.00%
类型5 正确率：  82.00% -> 1   18.31%, 2    0.00%, 3    0.00%, 4    0.00%, 5   81.69%, 6    0.00%, 7    0.00%, 8    0.00%
类型6 正确率： 100.00% -> 1    0.00%, 2    0.00%, 3    0.10%, 4    0.00%, 5    0.00%, 6   99.90%, 7    0.00%, 8    0.00%
类型7 正确率：  95.00% -> 1    0.00%, 2    0.05%, 3    0.00%, 4    5.31%, 5    0.00%, 6    0.00%, 7   94.64%, 8    0.00%
类型8 正确率： 100.00% -> 1    0.00%, 2    0.00%, 3    0.00%, 4    0.00%, 5    0.00%, 6    0.00%, 7    0.00%, 8  100.00%

被排除样本 正确率：74.62%
类型1 没有样本或未被分类。
类型2 正确率：  75.00% -> 1    0.00%, 2   75.26%, 3    0.00%, 4    0.00%, 5   24.74%, 6    0.00%
类型3 没有样本或未被分类。
类型4 正确率：  58.00% -> 1   41.67%, 2    0.00%, 3    0.00%, 4   58.33%, 5    0.00%, 6    0.00%
类型5 没有样本或未被分类。
类型6 正确率：  81.00% -> 1    0.00%, 2    0.00%, 3   19.05%, 4    0.00%, 5    0.00%, 6   80.95%


轮次:·16/·20 || c_Loss:0.673 || e_Loss:-2.727 || Aad_Loss:-12.166 || 耗时：84.31s
轮次:·17/·20 || c_Loss:0.676 || e_Loss:-2.900 || Aad_Loss:-11.022 || 耗时：35.40s
轮次:·18/·20 || c_Loss:0.686 || e_Loss:-1.625 || Aad_Loss:-11.979 || 耗时：35.44s
轮次:·19/·20 || c_Loss:0.718 || e_Loss:-3.251 || Aad_Loss:-10.973 || 耗时：35.41s
轮次:·20/·20 || c_Loss:0.675 || e_Loss:-1.660 || Aad_Loss:-12.076 || 耗时：35.43s
任务: (B1)N15_M01_F10→(B3)N15_M07_F04; mix批次:····0; 批次:·5000/·5000;  总正确率: 96.66%
类型1 正确率： 100.00% -> 1  100.00%, 2    0.00%, 3    0.00%, 4    0.00%, 5    0.00%, 6    0.00%, 7    0.00%, 8    0.00%
类型2 正确率： 100.00% -> 1    0.00%, 2  100.00%, 3    0.00%, 4    0.00%, 5    0.00%, 6    0.00%, 7    0.00%, 8    0.00%
类型3 正确率：  92.00% -> 1    0.00%, 2    0.00%, 3   92.40%, 4    0.05%, 5    0.00%, 6    7.55%, 7    0.00%, 8    0.00%
类型4 正确率： 100.00% -> 1    0.00%, 2    0.00%, 3    0.00%, 4  100.00%, 5    0.00%, 6    0.00%, 7    0.00%, 8    0.00%
类型5 正确率：  83.00% -> 1   16.80%, 2    0.00%, 3    0.00%, 4    0.00%, 5   83.20%, 6    0.00%, 7    0.00%, 8    0.00%
类型6 正确率： 100.00% -> 1    0.00%, 2    0.00%, 3    0.00%, 4    0.00%, 5    0.00%, 6  100.00%, 7    0.00%, 8    0.00%
类型7 正确率：  98.00% -> 1    0.00%, 2    0.05%, 3    0.00%, 4    2.25%, 5    0.00%, 6    0.05%, 7   97.65%, 8    0.00%
类型8 正确率： 100.00% -> 1    0.00%, 2    0.00%, 3    0.00%, 4    0.00%, 5    0.00%, 6    0.00%, 7    0.00%, 8  100.00%


测试集任务: (B1)N15_M01_F10→(B3)N15_M07_F04; 总正确率 = 96.66%
类型1 正确率： 100.00% -> 1  100.00%, 2    0.00%, 3    0.00%, 4    0.00%, 5    0.00%, 6    0.00%, 7    0.00%, 8    0.00%
类型2 正确率： 100.00% -> 1    0.00%, 2  100.00%, 3    0.00%, 4    0.00%, 5    0.00%, 6    0.00%, 7    0.00%, 8    0.00%
类型3 正确率：  92.00% -> 1    0.00%, 2    0.00%, 3   92.40%, 4    0.05%, 5    0.00%, 6    7.55%, 7    0.00%, 8    0.00%
类型4 正确率： 100.00% -> 1    0.00%, 2    0.00%, 3    0.00%, 4  100.00%, 5    0.00%, 6    0.00%, 7    0.00%, 8    0.00%
类型5 正确率：  83.00% -> 1   16.80%, 2    0.00%, 3    0.00%, 4    0.00%, 5   83.20%, 6    0.00%, 7    0.00%, 8    0.00%
类型6 正确率： 100.00% -> 1    0.00%, 2    0.00%, 3    0.00%, 4    0.00%, 5    0.00%, 6  100.00%, 7    0.00%, 8    0.00%
类型7 正确率：  98.00% -> 1    0.00%, 2    0.05%, 3    0.00%, 4    2.25%, 5    0.00%, 6    0.05%, 7   97.65%, 8    0.00%
类型8 正确率： 100.00% -> 1    0.00%, 2    0.00%, 3    0.00%, 4    0.00%, 5    0.00%, 6    0.00%, 7    0.00%, 8  100.00%


