读取源域路径：/kaggle/working/k10/S00/weight_PU_M1_final_checkpoint_FS00toS00c_gateoracle_s2024/NEW_PU/Source-源域/log&pt/(B1)N15_M01_F10
excel输出位置：/kaggle/working/k10/S00/weight_PU_M1_final_checkpoint_FS00toS00c_gateoracle_s2024/NEW_PU/Target-目标域
特征图片输出位置：/kaggle/working/k10/S00/weight_PU_M1_final_checkpoint_FS00toS00c_gateoracle_s2024/NEW_PU/Picture-特征图/2026年09月16日00时45分/(B1)N15_M01_F10
现在选取:(B1)N15_M01_F10 进行训练的源模型
现在进行：(B1)N15_M01_F10→(B3)N15_M07_F04 的迁移任务
log&pt输出位置：/kaggle/working/k10/S00/weight_PU_M1_final_checkpoint_FS00toS00c_gateoracle_s2024/NEW_PU/Target-目标域/log&pt/(B1)N15_M01_F10→(B3)N15_M07_F04
任务: (B1)N15_M01_F10→(B3)N15_M07_F04; 批次:····0/·1880;  总正确率: 64.05%
类型1 正确率：  65.00% -> 1   64.75%, 2    5.35%, 3   29.90%
类型2 正确率：  78.00% -> 1    0.00%, 2   78.45%, 3   21.55%
类型3 正确率：  49.00% -> 1    0.00%, 2   51.05%, 3   48.95%


样本变换：reverse
样本变换：mask
样本变换：shift
样本变换：none
未过滤	未用伪标签：64.05% -> 使用伪标签：70.58%
已过滤	未用伪标签：64.40% -> 使用伪标签：72.84%
排除样本：186|6000	剩余：1755, 2627, 1432
增添样本：1030		细则：0, 263, 767	正确率估算：96.99%
类型1 正确率：  92.00% -> 1   91.50%, 2    7.04%, 3    1.46%
类型2 正确率：  78.00% -> 1    0.00%, 2   78.20%, 3   21.80%
类型3 正确率：  50.00% -> 1    0.00%, 2   50.30%, 3   49.70%

被排除样本 正确率：53.23%
类型1 正确率：  45.00% -> 1   45.12%, 2   14.63%, 3   40.24%
类型2 正确率：  62.00% -> 1    0.00%, 2   61.96%, 3   38.04%
类型3 正确率：  42.00% -> 1    0.00%, 2   58.33%, 3   41.67%


轮次:··1/·20 || c_Loss:0.510 || e_Loss:-1.233 || Aad_Loss:-21.115 || 耗时：32.94s
轮次:··2/·20 || c_Loss:0.356 || e_Loss:-1.443 || Aad_Loss:-22.888 || 耗时：12.44s
轮次:··3/·20 || c_Loss:0.344 || e_Loss:-1.502 || Aad_Loss:-22.702 || 耗时：12.48s
轮次:··4/·20 || c_Loss:0.372 || e_Loss:-1.553 || Aad_Loss:-25.259 || 耗时：12.45s
轮次:··5/·20 || c_Loss:0.377 || e_Loss:-1.430 || Aad_Loss:-20.447 || 耗时：12.48s
任务: (B1)N15_M01_F10→(B3)N15_M07_F04; mix批次:····0; 批次:··470/·1880;  总正确率: 82.62%
类型1 正确率： 100.00% -> 1  100.00%, 2    0.00%, 3    0.00%
类型2 正确率：  97.00% -> 1    0.00%, 2   96.90%, 3    3.10%
类型3 正确率：  51.00% -> 1    0.00%, 2   49.05%, 3   50.95%


样本变换：reverse
样本变换：mask
样本变换：shift
样本变换：none
未过滤	未用伪标签：82.62% -> 使用伪标签：83.15%
已过滤	未用伪标签：82.64% -> 使用伪标签：83.18%
排除样本：2|6000	剩余：2000, 2989, 1009
增添样本：1011		细则：0, 11, 1000	正确率估算：100.00%
类型1 正确率： 100.00% -> 1  100.00%, 2    0.00%, 3    0.00%
类型2 正确率： 100.00% -> 1    0.00%, 2   99.55%, 3    0.45%
类型3 正确率：  50.00% -> 1    0.00%, 2   50.00%, 3   50.00%

被排除样本 正确率：0.00%
类型1 正确率：   0.00% -> 1    0.00%, 2  100.00%
类型2 没有样本或未被分类。


轮次:··6/·20 || c_Loss:0.324 || e_Loss:-1.300 || Aad_Loss:-31.572 || 耗时：32.89s
轮次:··7/·20 || c_Loss:0.367 || e_Loss:-1.649 || Aad_Loss:-26.146 || 耗时：12.39s
轮次:··8/·20 || c_Loss:0.378 || e_Loss:-1.689 || Aad_Loss:-25.962 || 耗时：12.45s
轮次:··9/·20 || c_Loss:0.372 || e_Loss:-1.666 || Aad_Loss:-26.557 || 耗时：12.45s
轮次:·10/·20 || c_Loss:0.394 || e_Loss:-1.688 || Aad_Loss:-24.083 || 耗时：12.47s
任务: (B1)N15_M01_F10→(B3)N15_M07_F04; mix批次:····0; 批次:··940/·1880;  总正确率: 84.88%
类型1 正确率： 100.00% -> 1  100.00%, 2    0.00%, 3    0.00%
类型2 正确率： 100.00% -> 1    0.00%, 2   99.75%, 3    0.25%
类型3 正确率：  55.00% -> 1    0.00%, 2   45.10%, 3   54.90%


样本变换：reverse
样本变换：mask
样本变换：shift
样本变换：none
未过滤	未用伪标签：84.88% -> 使用伪标签：83.32%
已过滤	未用伪标签：84.90% -> 使用伪标签：83.33%
排除样本：1|6000	剩余：2000, 2999, 1000
增添样本：1001		细则：0, 1, 1000	正确率估算：100.00%
类型1 正确率： 100.00% -> 1  100.00%, 2    0.00%, 3    0.00%
类型2 正确率： 100.00% -> 1    0.00%, 2  100.00%, 3    0.00%
类型3 正确率：  50.00% -> 1    0.00%, 2   50.00%, 3   50.00%

被排除样本 正确率：0.00%
类型1 正确率：   0.00% -> 1    0.00%, 2  100.00%
类型2 没有样本或未被分类。


轮次:·11/·20 || c_Loss:0.340 || e_Loss:-1.501 || Aad_Loss:-28.736 || 耗时：33.21s
轮次:·12/·20 || c_Loss:0.389 || e_Loss:-1.779 || Aad_Loss:-28.331 || 耗时：12.44s
轮次:·13/·20 || c_Loss:0.404 || e_Loss:-1.674 || Aad_Loss:-27.282 || 耗时：12.45s
轮次:·14/·20 || c_Loss:0.390 || e_Loss:-1.746 || Aad_Loss:-27.828 || 耗时：12.46s
轮次:·15/·20 || c_Loss:0.413 || e_Loss:-1.773 || Aad_Loss:-23.562 || 耗时：12.45s
任务: (B1)N15_M01_F10→(B3)N15_M07_F04; mix批次:····0; 批次:·1410/·1880;  总正确率: 84.93%
类型1 正确率： 100.00% -> 1  100.00%, 2    0.00%, 3    0.00%
类型2 正确率： 100.00% -> 1    0.00%, 2   99.95%, 3    0.05%
类型3 正确率：  55.00% -> 1    0.00%, 2   45.15%, 3   54.85%


样本变换：reverse
样本变换：mask
样本变换：shift
样本变换：none
未过滤	未用伪标签：84.93% -> 使用伪标签：83.33%
已过滤	未用伪标签：84.93% -> 使用伪标签：83.33%
排除样本：2000|6000	剩余：3000, 1000
增添样本：1000		细则：0, 0, 1000	正确率估算：100.00%
类型1 正确率： 100.00% -> 1  100.00%, 2    0.00%, 3    0.00%
类型2 正确率： 100.00% -> 1    0.00%, 2  100.00%, 3    0.00%
类型3 正确率：  50.00% -> 1    0.00%, 2   50.00%, 3   50.00%

被排除样本 正确率：nan%


轮次:·16/·20 || c_Loss:0.339 || e_Loss:-1.566 || Aad_Loss:-29.147 || 耗时：33.01s
轮次:·17/·20 || c_Loss:0.393 || e_Loss:-1.620 || Aad_Loss:-29.067 || 耗时：12.45s
轮次:·18/·20 || c_Loss:0.368 || e_Loss:-1.645 || Aad_Loss:-28.655 || 耗时：12.46s
轮次:·19/·20 || c_Loss:0.371 || e_Loss:-1.640 || Aad_Loss:-26.707 || 耗时：12.47s
轮次:·20/·20 || c_Loss:0.360 || e_Loss:-1.794 || Aad_Loss:-27.679 || 耗时：12.48s
任务: (B1)N15_M01_F10→(B3)N15_M07_F04; mix批次:····0; 批次:·1880/·1880;  总正确率: 85.28%
类型1 正确率： 100.00% -> 1  100.00%, 2    0.00%, 3    0.00%
类型2 正确率： 100.00% -> 1    0.00%, 2   99.90%, 3    0.10%
类型3 正确率：  56.00% -> 1    0.00%, 2   44.05%, 3   55.95%


测试集任务: (B1)N15_M01_F10→(B3)N15_M07_F04; 总正确率 = 85.28%
类型1 正确率： 100.00% -> 1  100.00%, 2    0.00%, 3    0.00%
类型2 正确率： 100.00% -> 1    0.00%, 2   99.90%, 3    0.10%
类型3 正确率：  56.00% -> 1    0.00%, 2   44.05%, 3   55.95%


