读取源域路径：/kaggle/working/k10/S00/weight_PU_M1_final_checkpoint_FS00toS00c_gateoracle_s2024/NEW_PU/Source-源域/log&pt/(B2)N15_M07_F10
excel输出位置：/kaggle/working/k10/S00/weight_PU_M1_final_checkpoint_FS00toS00c_gateoracle_s2024/NEW_PU/Target-目标域
特征图片输出位置：/kaggle/working/k10/S00/weight_PU_M1_final_checkpoint_FS00toS00c_gateoracle_s2024/NEW_PU/Picture-特征图/2026年09月16日00时56分/(B2)N15_M07_F10
现在选取:(B2)N15_M07_F10 进行训练的源模型
现在进行：(B2)N15_M07_F10→(B3)N15_M07_F04 的迁移任务
log&pt输出位置：/kaggle/working/k10/S00/weight_PU_M1_final_checkpoint_FS00toS00c_gateoracle_s2024/NEW_PU/Target-目标域/log&pt/(B2)N15_M07_F10→(B3)N15_M07_F04
任务: (B2)N15_M07_F10→(B3)N15_M07_F04; 批次:····0/·1880;  总正确率: 58.22%
类型1 正确率：  57.00% -> 1   56.85%, 2    4.85%, 3   38.30%
类型2 正确率：  70.00% -> 1    0.00%, 2   70.10%, 3   29.90%
类型3 正确率：  48.00% -> 1    0.00%, 2   52.30%, 3   47.70%


样本变换：reverse
样本变换：mask
样本变换：shift
样本变换：none
未过滤	未用伪标签：58.22% -> 使用伪标签：69.43%
已过滤	未用伪标签：58.16% -> 使用伪标签：70.25%
排除样本：70|6000	剩余：1823, 2476, 1631
增添样本：1303		细则：0, 476, 827	正确率估算：97.08%
类型1 正确率：  93.00% -> 1   92.87%, 2    6.57%, 3    0.56%
类型2 正确率：  68.00% -> 1    0.00%, 2   68.34%, 3   31.66%
类型3 正确率：  50.00% -> 1    0.00%, 2   50.10%, 3   49.90%

被排除样本 正确率：62.86%
类型1 正确率：  62.00% -> 1   62.16%, 2    8.11%, 3   29.73%
类型2 正确率：  72.00% -> 1    0.00%, 2   72.41%, 3   27.59%
类型3 正确率：   0.00% -> 1    0.00%, 2  100.00%, 3    0.00%


轮次:··1/·20 || c_Loss:0.504 || e_Loss:-1.411 || Aad_Loss:-21.127 || 耗时：33.14s
轮次:··2/·20 || c_Loss:0.408 || e_Loss:-1.497 || Aad_Loss:-21.066 || 耗时：12.40s
轮次:··3/·20 || c_Loss:0.340 || e_Loss:-1.585 || Aad_Loss:-22.465 || 耗时：12.38s
轮次:··4/·20 || c_Loss:0.346 || e_Loss:-1.576 || Aad_Loss:-23.503 || 耗时：12.38s
轮次:··5/·20 || c_Loss:0.350 || e_Loss:-1.666 || Aad_Loss:-23.947 || 耗时：12.40s
任务: (B2)N15_M07_F10→(B3)N15_M07_F04; mix批次:····0; 批次:··470/·1880;  总正确率: 81.33%
类型1 正确率： 100.00% -> 1  100.00%, 2    0.00%, 3    0.00%
类型2 正确率：  93.00% -> 1    0.10%, 2   93.15%, 3    6.75%
类型3 正确率：  51.00% -> 1    0.00%, 2   49.15%, 3   50.85%


样本变换：reverse
样本变换：mask
样本变换：shift
样本变换：none
未过滤	未用伪标签：81.33% -> 使用伪标签：82.73%
已过滤	未用伪标签：81.47% -> 使用伪标签：82.87%
排除样本：10|6000	剩余：2000, 2964, 1026
增添样本：1036		细则：0, 36, 1000	正确率估算：99.90%
类型1 正确率： 100.00% -> 1  100.00%, 2    0.00%, 3    0.00%
类型2 正确率：  99.00% -> 1    0.00%, 2   98.69%, 3    1.31%
类型3 正确率：  50.00% -> 1    0.00%, 2   50.00%, 3   50.00%

被排除样本 正确率：0.00%
类型1 正确率：   0.00% -> 1    0.00%, 2  100.00%
类型2 没有样本或未被分类。


轮次:··6/·20 || c_Loss:0.362 || e_Loss:-1.579 || Aad_Loss:-28.050 || 耗时：33.15s
轮次:··7/·20 || c_Loss:0.337 || e_Loss:-1.577 || Aad_Loss:-27.937 || 耗时：12.51s
轮次:··8/·20 || c_Loss:0.362 || e_Loss:-1.665 || Aad_Loss:-25.839 || 耗时：12.54s
轮次:··9/·20 || c_Loss:0.356 || e_Loss:-1.663 || Aad_Loss:-27.940 || 耗时：12.53s
轮次:·10/·20 || c_Loss:0.380 || e_Loss:-1.739 || Aad_Loss:-24.690 || 耗时：12.56s
任务: (B2)N15_M07_F10→(B3)N15_M07_F04; mix批次:····0; 批次:··940/·1880;  总正确率: 84.08%
类型1 正确率： 100.00% -> 1  100.00%, 2    0.00%, 3    0.00%
类型2 正确率： 100.00% -> 1    0.00%, 2   99.85%, 3    0.15%
类型3 正确率：  52.00% -> 1    0.00%, 2   47.60%, 3   52.40%


样本变换：reverse
样本变换：mask
样本变换：shift
样本变换：none
未过滤	未用伪标签：84.08% -> 使用伪标签：83.32%
已过滤	未用伪标签：84.10% -> 使用伪标签：83.33%
排除样本：1|6000	剩余：2000, 2999, 1000
增添样本：1001		细则：0, 1, 1000	正确率估算：100.00%
类型1 正确率： 100.00% -> 1  100.00%, 2    0.00%, 3    0.00%
类型2 正确率： 100.00% -> 1    0.00%, 2  100.00%, 3    0.00%
类型3 正确率：  50.00% -> 1    0.00%, 2   50.00%, 3   50.00%

被排除样本 正确率：0.00%
类型1 正确率：   0.00% -> 1    0.00%, 2  100.00%
类型2 没有样本或未被分类。


轮次:·11/·20 || c_Loss:0.341 || e_Loss:-1.558 || Aad_Loss:-28.636 || 耗时：33.05s
轮次:·12/·20 || c_Loss:0.397 || e_Loss:-1.758 || Aad_Loss:-28.268 || 耗时：12.47s
轮次:·13/·20 || c_Loss:0.410 || e_Loss:-1.667 || Aad_Loss:-27.248 || 耗时：12.45s
轮次:·14/·20 || c_Loss:0.389 || e_Loss:-1.748 || Aad_Loss:-27.880 || 耗时：12.48s
轮次:·15/·20 || c_Loss:0.419 || e_Loss:-1.738 || Aad_Loss:-23.607 || 耗时：12.49s
任务: (B2)N15_M07_F10→(B3)N15_M07_F04; mix批次:····0; 批次:·1410/·1880;  总正确率: 84.98%
类型1 正确率： 100.00% -> 1  100.00%, 2    0.00%, 3    0.00%
类型2 正确率： 100.00% -> 1    0.00%, 2   99.85%, 3    0.15%
类型3 正确率：  55.00% -> 1    0.00%, 2   44.90%, 3   55.10%


样本变换：reverse
样本变换：mask
样本变换：shift
样本变换：none
未过滤	未用伪标签：84.98% -> 使用伪标签：83.33%
已过滤	未用伪标签：84.98% -> 使用伪标签：83.33%
排除样本：2000|6000	剩余：3000, 1000
增添样本：1000		细则：0, 0, 1000	正确率估算：100.00%
类型1 正确率： 100.00% -> 1  100.00%, 2    0.00%, 3    0.00%
类型2 正确率： 100.00% -> 1    0.00%, 2  100.00%, 3    0.00%
类型3 正确率：  50.00% -> 1    0.00%, 2   50.00%, 3   50.00%

被排除样本 正确率：nan%


轮次:·16/·20 || c_Loss:0.339 || e_Loss:-1.601 || Aad_Loss:-29.211 || 耗时：33.32s
轮次:·17/·20 || c_Loss:0.400 || e_Loss:-1.623 || Aad_Loss:-28.936 || 耗时：12.49s
轮次:·18/·20 || c_Loss:0.378 || e_Loss:-1.660 || Aad_Loss:-28.759 || 耗时：12.46s
轮次:·19/·20 || c_Loss:0.380 || e_Loss:-1.610 || Aad_Loss:-26.632 || 耗时：12.48s
轮次:·20/·20 || c_Loss:0.364 || e_Loss:-1.774 || Aad_Loss:-27.649 || 耗时：12.50s
任务: (B2)N15_M07_F10→(B3)N15_M07_F04; mix批次:····0; 批次:·1880/·1880;  总正确率: 85.33%
类型1 正确率： 100.00% -> 1  100.00%, 2    0.00%, 3    0.00%
类型2 正确率： 100.00% -> 1    0.00%, 2   99.90%, 3    0.10%
类型3 正确率：  56.00% -> 1    0.00%, 2   43.90%, 3   56.10%


测试集任务: (B2)N15_M07_F10→(B3)N15_M07_F04; 总正确率 = 85.33%
类型1 正确率： 100.00% -> 1  100.00%, 2    0.00%, 3    0.00%
类型2 正确率： 100.00% -> 1    0.00%, 2   99.90%, 3    0.10%
类型3 正确率：  56.00% -> 1    0.00%, 2   43.90%, 3   56.10%


