读取源域路径：/kaggle/working/k10/S00/weight_PU_M1_final_checkpoint_FS00toS00c_gateoracle_s2024/NEW_PU/Source-源域/log&pt/(B2)N15_M07_F10
excel输出位置：/kaggle/working/k10/S00/weight_PU_M1_final_checkpoint_FS00toS00c_gateoracle_s2024/NEW_PU/Target-目标域
特征图片输出位置：/kaggle/working/k10/S00/weight_PU_M1_final_checkpoint_FS00toS00c_gateoracle_s2024/NEW_PU/Picture-特征图/2026年09月16日00时50分/(B2)N15_M07_F10
现在选取:(B2)N15_M07_F10 进行训练的源模型
现在进行：(B2)N15_M07_F10→(B1)N15_M01_F10 的迁移任务
log&pt输出位置：/kaggle/working/k10/S00/weight_PU_M1_final_checkpoint_FS00toS00c_gateoracle_s2024/NEW_PU/Target-目标域/log&pt/(B2)N15_M07_F10→(B1)N15_M01_F10
任务: (B2)N15_M07_F10→(B1)N15_M01_F10; 批次:····0/·1880;  总正确率: 53.40%
类型1 正确率：  38.00% -> 1   38.35%, 2    0.55%, 3   61.10%
类型2 正确率：  66.00% -> 1    0.00%, 2   66.40%, 3   33.60%
类型3 正确率：  55.00% -> 1    0.05%, 2   44.50%, 3   55.45%


样本变换：reverse
样本变换：mask
样本变换：shift
样本变换：none
未过滤	未用伪标签：53.40% -> 使用伪标签：51.78%
已过滤	未用伪标签：53.60% -> 使用伪标签：52.35%
排除样本：65|6000	剩余：752, 2355, 2828
增添样本：943		细则：598, 0, 345	正确率估算：99.15%
类型1 正确率：  38.00% -> 1   38.27%, 2    0.81%, 3   60.92%
类型2 正确率：  68.00% -> 1    0.00%, 2   68.32%, 3   31.68%
类型3 正确率：  50.00% -> 1    0.00%, 2   49.60%, 3   50.40%

被排除样本 正确率：35.38%
类型1 正确率：  49.00% -> 1   48.57%, 2    0.00%, 3   51.43%
类型2 正确率：   0.00% -> 1    0.00%, 2    0.00%, 3  100.00%
类型3 正确率： 100.00% -> 1    0.00%, 2    0.00%, 3  100.00%


轮次:··1/·20 || c_Loss:0.491 || e_Loss:-1.537 || Aad_Loss:-17.701 || 耗时：33.04s
轮次:··2/·20 || c_Loss:0.367 || e_Loss:-1.592 || Aad_Loss:-17.563 || 耗时：12.42s
轮次:··3/·20 || c_Loss:0.360 || e_Loss:-1.578 || Aad_Loss:-15.458 || 耗时：12.41s
轮次:··4/·20 || c_Loss:0.339 || e_Loss:-1.544 || Aad_Loss:-20.021 || 耗时：12.46s
轮次:··5/·20 || c_Loss:0.366 || e_Loss:-1.605 || Aad_Loss:-15.044 || 耗时：12.44s
任务: (B2)N15_M07_F10→(B1)N15_M01_F10; mix批次:····0; 批次:··470/·1880;  总正确率: 80.08%
类型1 正确率：  98.00% -> 1   97.85%, 2    1.25%, 3    0.90%
类型2 正确率：  92.00% -> 1    0.00%, 2   92.40%, 3    7.60%
类型3 正确率：  50.00% -> 1    0.00%, 2   50.00%, 3   50.00%


样本变换：reverse
样本变换：mask
样本变换：shift
样本变换：none
未过滤	未用伪标签：80.08% -> 使用伪标签：82.42%
已过滤	未用伪标签：80.18% -> 使用伪标签：82.51%
排除样本：7|6000	剩余：2000, 2945, 1048
增添样本：1055		细则：0, 55, 1000	正确率估算：99.72%
类型1 正确率： 100.00% -> 1  100.00%, 2    0.00%, 3    0.00%
类型2 正确率：  98.00% -> 1    0.00%, 2   97.59%, 3    2.41%
类型3 正确率：  50.00% -> 1    0.00%, 2   50.00%, 3   50.00%

被排除样本 正确率：0.00%
类型1 正确率：   0.00% -> 1    0.00%, 2  100.00%
类型2 没有样本或未被分类。


轮次:··6/·20 || c_Loss:0.406 || e_Loss:-1.587 || Aad_Loss:-27.331 || 耗时：33.11s
轮次:··7/·20 || c_Loss:0.469 || e_Loss:-1.630 || Aad_Loss:-27.759 || 耗时：12.42s
轮次:··8/·20 || c_Loss:0.513 || e_Loss:-1.622 || Aad_Loss:-26.972 || 耗时：12.43s
轮次:··9/·20 || c_Loss:0.478 || e_Loss:-1.616 || Aad_Loss:-24.908 || 耗时：12.43s
轮次:·10/·20 || c_Loss:0.407 || e_Loss:-1.660 || Aad_Loss:-26.201 || 耗时：12.45s
任务: (B2)N15_M07_F10→(B1)N15_M01_F10; mix批次:····0; 批次:··940/·1880;  总正确率: 83.02%
类型1 正确率： 100.00% -> 1  100.00%, 2    0.00%, 3    0.00%
类型2 正确率：  99.00% -> 1    0.05%, 2   99.05%, 3    0.90%
类型3 正确率：  50.00% -> 1    0.00%, 2   50.00%, 3   50.00%


样本变换：reverse
样本变换：mask
样本变换：shift
样本变换：none
未过滤	未用伪标签：83.02% -> 使用伪标签：83.33%
已过滤	未用伪标签：83.02% -> 使用伪标签：83.33%
排除样本：2000|6000	剩余：3000, 1000
增添样本：1000		细则：0, 0, 1000	正确率估算：100.00%
类型1 正确率： 100.00% -> 1  100.00%, 2    0.00%, 3    0.00%
类型2 正确率： 100.00% -> 1    0.00%, 2  100.00%, 3    0.00%
类型3 正确率：  50.00% -> 1    0.00%, 2   50.00%, 3   50.00%

被排除样本 正确率：nan%


轮次:·11/·20 || c_Loss:0.388 || e_Loss:-1.575 || Aad_Loss:-28.884 || 耗时：33.25s
轮次:·12/·20 || c_Loss:0.472 || e_Loss:-1.611 || Aad_Loss:-28.734 || 耗时：12.49s
轮次:·13/·20 || c_Loss:0.444 || e_Loss:-1.684 || Aad_Loss:-28.577 || 耗时：12.50s
轮次:·14/·20 || c_Loss:0.450 || e_Loss:-1.617 || Aad_Loss:-26.695 || 耗时：12.50s
轮次:·15/·20 || c_Loss:0.431 || e_Loss:-1.649 || Aad_Loss:-27.369 || 耗时：12.53s
任务: (B2)N15_M07_F10→(B1)N15_M01_F10; mix批次:····0; 批次:·1410/·1880;  总正确率: 83.17%
类型1 正确率： 100.00% -> 1  100.00%, 2    0.00%, 3    0.00%
类型2 正确率： 100.00% -> 1    0.00%, 2   99.50%, 3    0.50%
类型3 正确率：  50.00% -> 1    0.00%, 2   50.00%, 3   50.00%


样本变换：reverse
样本变换：mask
样本变换：shift
样本变换：none
未过滤	未用伪标签：83.17% -> 使用伪标签：83.33%
已过滤	未用伪标签：83.17% -> 使用伪标签：83.33%
排除样本：2000|6000	剩余：3000, 1000
增添样本：1000		细则：0, 0, 1000	正确率估算：100.00%
类型1 正确率： 100.00% -> 1  100.00%, 2    0.00%, 3    0.00%
类型2 正确率： 100.00% -> 1    0.00%, 2  100.00%, 3    0.00%
类型3 正确率：  50.00% -> 1    0.00%, 2   50.00%, 3   50.00%

被排除样本 正确率：nan%


轮次:·16/·20 || c_Loss:0.380 || e_Loss:-1.595 || Aad_Loss:-29.122 || 耗时：33.47s
轮次:·17/·20 || c_Loss:0.453 || e_Loss:-1.638 || Aad_Loss:-28.926 || 耗时：12.50s
轮次:·18/·20 || c_Loss:0.431 || e_Loss:-1.713 || Aad_Loss:-28.743 || 耗时：12.50s
轮次:·19/·20 || c_Loss:0.433 || e_Loss:-1.637 || Aad_Loss:-26.803 || 耗时：12.52s
轮次:·20/·20 || c_Loss:0.419 || e_Loss:-1.675 || Aad_Loss:-27.500 || 耗时：12.51s
任务: (B2)N15_M07_F10→(B1)N15_M01_F10; mix批次:····0; 批次:·1880/·1880;  总正确率: 83.28%
类型1 正确率： 100.00% -> 1  100.00%, 2    0.00%, 3    0.00%
类型2 正确率： 100.00% -> 1    0.00%, 2   99.80%, 3    0.20%
类型3 正确率：  50.00% -> 1    0.00%, 2   49.95%, 3   50.05%


测试集任务: (B2)N15_M07_F10→(B1)N15_M01_F10; 总正确率 = 83.28%
类型1 正确率： 100.00% -> 1  100.00%, 2    0.00%, 3    0.00%
类型2 正确率： 100.00% -> 1    0.00%, 2   99.80%, 3    0.20%
类型3 正确率：  50.00% -> 1    0.00%, 2   49.95%, 3   50.05%


