读取源域路径：/kaggle/working/k10/S00/weight_PU_M1_final_checkpoint_FS00toS00c_gateoracle_s2024/NEW_PU/Source-源域/log&pt/(B3)N15_M07_F04
excel输出位置：/kaggle/working/k10/S00/weight_PU_M1_final_checkpoint_FS00toS00c_gateoracle_s2024/NEW_PU/Target-目标域
特征图片输出位置：/kaggle/working/k10/S00/weight_PU_M1_final_checkpoint_FS00toS00c_gateoracle_s2024/NEW_PU/Picture-特征图/2026年09月16日01时02分/(B3)N15_M07_F04
现在选取:(B3)N15_M07_F04 进行训练的源模型
现在进行：(B3)N15_M07_F04→(B1)N15_M01_F10 的迁移任务
log&pt输出位置：/kaggle/working/k10/S00/weight_PU_M1_final_checkpoint_FS00toS00c_gateoracle_s2024/NEW_PU/Target-目标域/log&pt/(B3)N15_M07_F04→(B1)N15_M01_F10
任务: (B3)N15_M07_F04→(B1)N15_M01_F10; 批次:····0/·1880;  总正确率: 52.15%
类型1 正确率：  68.00% -> 1   67.65%, 2    0.45%, 3   31.90%
类型2 正确率：  56.00% -> 1    0.00%, 2   55.85%, 3   44.15%
类型3 正确率：  33.00% -> 1    0.00%, 2   67.05%, 3   32.95%


样本变换：reverse
样本变换：mask
样本变换：shift
样本变换：none
未过滤	未用伪标签：52.15% -> 使用伪标签：62.78%
已过滤	未用伪标签：52.57% -> 使用伪标签：64.87%
排除样本：193|6000	剩余：1987, 2216, 1604
增添样本：2194		细则：0, 955, 1239	正确率估算：92.95%
类型1 正确率： 100.00% -> 1   99.85%, 2    0.15%, 3    0.00%
类型2 正确率：  55.00% -> 1    0.00%, 2   54.66%, 3   45.34%
类型3 正确率：  39.00% -> 1    0.00%, 2   61.22%, 3   38.78%

被排除样本 正确率：39.38%
类型1 正确率：  40.00% -> 1   40.00%, 2   60.00%, 3    0.00%
类型2 正确率：  54.00% -> 1    0.00%, 2   54.46%, 3   45.54%
类型3 正确率：  15.00% -> 1    0.00%, 2   84.51%, 3   15.49%


轮次:··1/·20 || c_Loss:0.441 || e_Loss:-1.385 || Aad_Loss:-21.735 || 耗时：33.20s
轮次:··2/·20 || c_Loss:0.396 || e_Loss:-1.664 || Aad_Loss:-20.018 || 耗时：12.40s
轮次:··3/·20 || c_Loss:0.370 || e_Loss:-1.658 || Aad_Loss:-18.409 || 耗时：12.43s
轮次:··4/·20 || c_Loss:0.340 || e_Loss:-1.761 || Aad_Loss:-22.319 || 耗时：12.40s
轮次:··5/·20 || c_Loss:0.350 || e_Loss:-1.564 || Aad_Loss:-19.328 || 耗时：12.51s
任务: (B3)N15_M07_F04→(B1)N15_M01_F10; mix批次:····0; 批次:··470/·1880;  总正确率: 81.03%
类型1 正确率： 100.00% -> 1  100.00%, 2    0.00%, 3    0.00%
类型2 正确率：  80.00% -> 1    0.05%, 2   80.05%, 3   19.90%
类型3 正确率：  63.00% -> 1    9.85%, 2   27.10%, 3   63.05%


样本变换：reverse
样本变换：mask
样本变换：shift
样本变换：none
未过滤	未用伪标签：81.03% -> 使用伪标签：77.40%
已过滤	未用伪标签：81.97% -> 使用伪标签：79.52%
排除样本：160|6000	剩余：2154, 2321, 1365
增添样本：1356		细则：0, 385, 971	正确率估算：99.41%
类型1 正确率： 100.00% -> 1  100.00%, 2    0.00%, 3    0.00%
类型2 正确率：  83.00% -> 1    0.10%, 2   82.69%, 3   17.20%
类型3 正确率：  55.00% -> 1    8.06%, 2   37.41%, 3   54.53%

被排除样本 正确率：46.88%
类型1 没有样本或未被分类。
类型2 正确率：  23.00% -> 1    0.00%, 2   23.40%, 3   76.60%
类型3 正确率：  57.00% -> 1   40.71%, 2    2.65%, 3   56.64%


轮次:··6/·20 || c_Loss:0.363 || e_Loss:-1.763 || Aad_Loss:-22.339 || 耗时：33.35s
轮次:··7/·20 || c_Loss:0.340 || e_Loss:-1.810 || Aad_Loss:-24.528 || 耗时：12.52s
轮次:··8/·20 || c_Loss:0.364 || e_Loss:-1.639 || Aad_Loss:-25.694 || 耗时：12.54s
轮次:··9/·20 || c_Loss:0.333 || e_Loss:-1.784 || Aad_Loss:-27.225 || 耗时：12.51s
轮次:·10/·20 || c_Loss:0.384 || e_Loss:-1.742 || Aad_Loss:-25.360 || 耗时：12.51s
任务: (B3)N15_M07_F04→(B1)N15_M01_F10; mix批次:····0; 批次:··940/·1880;  总正确率: 90.55%
类型1 正确率： 100.00% -> 1  100.00%, 2    0.00%, 3    0.00%
类型2 正确率：  91.00% -> 1    0.00%, 2   90.90%, 3    9.10%
类型3 正确率：  81.00% -> 1    0.90%, 2   18.35%, 3   80.75%


样本变换：reverse
样本变换：mask
样本变换：shift
样本变换：none
未过滤	未用伪标签：90.55% -> 使用伪标签：91.07%
已过滤	未用伪标签：91.09% -> 使用伪标签：92.20%
排除样本：74|6000	剩余：2000, 2275, 1651
增添样本：536		细则：0, 107, 429	正确率估算：97.76%
类型1 正确率： 100.00% -> 1  100.00%, 2    0.00%, 3    0.00%
类型2 正确率：  96.00% -> 1    0.00%, 2   95.95%, 3    4.05%
类型3 正确率：  80.00% -> 1    0.00%, 2   19.56%, 3   80.44%

被排除样本 正确率：47.30%
类型1 正确率：   0.00% -> 1    0.00%, 2  100.00%
类型2 正确率：  74.00% -> 1   25.53%, 2   74.47%


轮次:·11/·20 || c_Loss:0.327 || e_Loss:-1.401 || Aad_Loss:-29.054 || 耗时：32.89s
轮次:·12/·20 || c_Loss:0.333 || e_Loss:-1.663 || Aad_Loss:-26.697 || 耗时：12.39s
轮次:·13/·20 || c_Loss:0.547 || e_Loss:-1.352 || Aad_Loss:-26.182 || 耗时：12.42s
轮次:·14/·20 || c_Loss:0.337 || e_Loss:-1.542 || Aad_Loss:-27.409 || 耗时：12.41s
轮次:·15/·20 || c_Loss:0.345 || e_Loss:-0.979 || Aad_Loss:-32.502 || 耗时：12.45s
任务: (B3)N15_M07_F04→(B1)N15_M01_F10; mix批次:····0; 批次:·1410/·1880;  总正确率: 98.92%
类型1 正确率： 100.00% -> 1  100.00%, 2    0.00%, 3    0.00%
类型2 正确率：  99.00% -> 1    0.00%, 2   98.60%, 3    1.40%
类型3 正确率：  98.00% -> 1    0.00%, 2    1.85%, 3   98.15%


样本变换：reverse
样本变换：mask
样本变换：shift
样本变换：none
未过滤	未用伪标签：98.92% -> 使用伪标签：99.40%
已过滤	未用伪标签：99.10% -> 使用伪标签：99.62%
排除样本：13|6000	剩余：2000, 1990, 1997
增添样本：36		细则：0, 20, 16	正确率估算：97.22%
类型1 正确率： 100.00% -> 1  100.00%, 2    0.00%, 3    0.00%
类型2 正确率：  99.00% -> 1    0.00%, 2   99.35%, 3    0.65%
类型3 正确率：  99.00% -> 1    0.00%, 2    0.50%, 3   99.50%

被排除样本 正确率：15.38%
类型1 正确率：  29.00% -> 1   28.57%, 2   71.43%
类型2 正确率：   0.00% -> 1  100.00%, 2    0.00%


轮次:·16/·20 || c_Loss:0.346 || e_Loss:-1.711 || Aad_Loss:-29.711 || 耗时：32.73s
轮次:·17/·20 || c_Loss:0.368 || e_Loss:-1.580 || Aad_Loss:-29.415 || 耗时：12.47s
轮次:·18/·20 || c_Loss:0.365 || e_Loss:-1.691 || Aad_Loss:-31.196 || 耗时：12.46s
轮次:·19/·20 || c_Loss:0.390 || e_Loss:-0.903 || Aad_Loss:-28.336 || 耗时：12.49s
轮次:·20/·20 || c_Loss:0.370 || e_Loss:-1.816 || Aad_Loss:-27.823 || 耗时：12.47s
任务: (B3)N15_M07_F04→(B1)N15_M01_F10; mix批次:····0; 批次:·1880/·1880;  总正确率: 99.73%
类型1 正确率： 100.00% -> 1  100.00%, 2    0.00%, 3    0.00%
类型2 正确率：  99.00% -> 1    0.00%, 2   99.20%, 3    0.80%
类型3 正确率： 100.00% -> 1    0.00%, 2    0.00%, 3  100.00%


测试集任务: (B3)N15_M07_F04→(B1)N15_M01_F10; 总正确率 = 99.73%
类型1 正确率： 100.00% -> 1  100.00%, 2    0.00%, 3    0.00%
类型2 正确率：  99.00% -> 1    0.00%, 2   99.20%, 3    0.80%
类型3 正确率： 100.00% -> 1    0.00%, 2    0.00%, 3  100.00%


