读取源域路径：/kaggle/working/k10/S00/weight_PU_M1_final_checkpoint_FS00toS00c_gateoracle_s2024/NEW_PU/Source-源域/log&pt/(B3)N15_M07_F04
excel输出位置：/kaggle/working/k10/S00/weight_PU_M1_final_checkpoint_FS00toS00c_gateoracle_s2024/NEW_PU/Target-目标域
特征图片输出位置：/kaggle/working/k10/S00/weight_PU_M1_final_checkpoint_FS00toS00c_gateoracle_s2024/NEW_PU/Picture-特征图/2026年09月16日01时08分/(B3)N15_M07_F04
现在选取:(B3)N15_M07_F04 进行训练的源模型
现在进行：(B3)N15_M07_F04→(B2)N15_M07_F10 的迁移任务
log&pt输出位置：/kaggle/working/k10/S00/weight_PU_M1_final_checkpoint_FS00toS00c_gateoracle_s2024/NEW_PU/Target-目标域/log&pt/(B3)N15_M07_F04→(B2)N15_M07_F10
任务: (B3)N15_M07_F04→(B2)N15_M07_F10; 批次:····0/·1880;  总正确率: 48.95%
类型1 正确率：  72.00% -> 1   72.20%, 2    0.00%, 3   27.80%
类型2 正确率：  57.00% -> 1    0.00%, 2   57.40%, 3   42.60%
类型3 正确率：  17.00% -> 1    0.00%, 2   82.75%, 3   17.25%


样本变换：reverse
样本变换：mask
样本变换：shift
样本变换：none
未过滤	未用伪标签：48.95% -> 使用伪标签：57.23%
已过滤	未用伪标签：49.16% -> 使用伪标签：59.38%
排除样本：217|6000	剩余：1997, 2631, 1155
增添样本：2557		细则：0, 908, 1649	正确率估算：93.31%
类型1 正确率： 100.00% -> 1   99.95%, 2    0.00%, 3    0.05%
类型2 正确率：  57.00% -> 1    0.00%, 2   57.47%, 3   42.53%
类型3 正确率：  18.00% -> 1    0.00%, 2   81.59%, 3   18.41%

被排除样本 正确率：43.32%
类型1 正确率：   0.00% -> 1    0.00%, 2    0.00%, 3  100.00%
类型2 正确率：  51.00% -> 1    0.00%, 2   51.43%, 3   48.57%
类型3 正确率：  36.00% -> 1    0.00%, 2   63.64%, 3   36.36%


轮次:··1/·20 || c_Loss:0.409 || e_Loss:-1.460 || Aad_Loss:-21.134 || 耗时：33.26s
轮次:··2/·20 || c_Loss:0.400 || e_Loss:-1.503 || Aad_Loss:-19.962 || 耗时：12.46s
轮次:··3/·20 || c_Loss:0.367 || e_Loss:-1.529 || Aad_Loss:-20.949 || 耗时：12.47s
轮次:··4/·20 || c_Loss:0.387 || e_Loss:-1.473 || Aad_Loss:-22.471 || 耗时：12.53s
轮次:··5/·20 || c_Loss:0.365 || e_Loss:-1.610 || Aad_Loss:-25.901 || 耗时：12.50s
任务: (B3)N15_M07_F04→(B2)N15_M07_F10; mix批次:····0; 批次:··470/·1880;  总正确率: 81.40%
类型1 正确率： 100.00% -> 1  100.00%, 2    0.00%, 3    0.00%
类型2 正确率：  80.00% -> 1    0.00%, 2   80.25%, 3   19.75%
类型3 正确率：  64.00% -> 1    2.60%, 2   33.45%, 3   63.95%


样本变换：reverse
样本变换：mask
样本变换：shift
样本变换：none
未过滤	未用伪标签：81.40% -> 使用伪标签：82.43%
已过滤	未用伪标签：82.76% -> 使用伪标签：85.96%
排除样本：246|6000	剩余：2071, 2314, 1369
增添样本：1054		细则：0, 242, 812	正确率估算：83.59%
类型1 正确率： 100.00% -> 1  100.00%, 2    0.00%, 3    0.00%
类型2 正确率：  91.00% -> 1    0.05%, 2   90.62%, 3    9.33%
类型3 正确率：  65.00% -> 1    3.86%, 2   30.65%, 3   65.49%

被排除样本 正确率：49.59%
类型1 没有样本或未被分类。
类型2 正确率：   3.00% -> 1    0.00%, 2    3.33%, 3   96.67%
类型3 正确率：  65.00% -> 1    1.08%, 2   34.41%, 3   64.52%


轮次:··6/·20 || c_Loss:0.423 || e_Loss:-1.302 || Aad_Loss:-26.137 || 耗时：33.29s
轮次:··7/·20 || c_Loss:0.383 || e_Loss:-1.398 || Aad_Loss:-23.979 || 耗时：12.49s
轮次:··8/·20 || c_Loss:0.383 || e_Loss:-1.461 || Aad_Loss:-18.641 || 耗时：12.47s
轮次:··9/·20 || c_Loss:0.366 || e_Loss:-1.378 || Aad_Loss:-26.111 || 耗时：12.47s
轮次:·10/·20 || c_Loss:0.412 || e_Loss:-1.322 || Aad_Loss:-27.842 || 耗时：12.46s
任务: (B3)N15_M07_F04→(B2)N15_M07_F10; mix批次:····0; 批次:··940/·1880;  总正确率: 94.77%
类型1 正确率： 100.00% -> 1  100.00%, 2    0.00%, 3    0.00%
类型2 正确率：  97.00% -> 1    0.00%, 2   97.00%, 3    3.00%
类型3 正确率：  87.00% -> 1    0.00%, 2   12.70%, 3   87.30%


样本变换：reverse
样本变换：mask
样本变换：shift
样本变换：none
未过滤	未用伪标签：94.77% -> 使用伪标签：94.45%
已过滤	未用伪标签：95.33% -> 使用伪标签：95.52%
排除样本：67|6000	剩余：2000, 2175, 1758
增添样本：333		细则：0, 54, 279	正确率估算：99.70%
类型1 正确率： 100.00% -> 1  100.00%, 2    0.00%, 3    0.00%
类型2 正确率：  98.00% -> 1    0.00%, 2   98.13%, 3    1.87%
类型3 正确率：  88.00% -> 1    0.00%, 2   11.74%, 3   88.26%

被排除样本 正确率：44.78%
类型1 正确率：  35.00% -> 1   35.29%, 2   64.71%
类型2 正确率：  48.00% -> 1   52.00%, 2   48.00%


轮次:·11/·20 || c_Loss:0.379 || e_Loss:-1.612 || Aad_Loss:-23.586 || 耗时：32.95s
轮次:·12/·20 || c_Loss:0.343 || e_Loss:-1.579 || Aad_Loss:-28.676 || 耗时：12.55s
轮次:·13/·20 || c_Loss:0.368 || e_Loss:-1.564 || Aad_Loss:-23.237 || 耗时：12.54s
轮次:·14/·20 || c_Loss:0.387 || e_Loss:-1.497 || Aad_Loss:-21.998 || 耗时：12.55s
轮次:·15/·20 || c_Loss:0.342 || e_Loss:-1.453 || Aad_Loss:-30.233 || 耗时：12.54s
任务: (B3)N15_M07_F04→(B2)N15_M07_F10; mix批次:····0; 批次:·1410/·1880;  总正确率: 96.98%
类型1 正确率： 100.00% -> 1  100.00%, 2    0.00%, 3    0.00%
类型2 正确率：  98.00% -> 1    0.00%, 2   97.65%, 3    2.35%
类型3 正确率：  93.00% -> 1    0.00%, 2    6.70%, 3   93.30%


样本变换：reverse
样本变换：mask
样本变换：shift
样本变换：none
未过滤	未用伪标签：96.98% -> 使用伪标签：95.78%
已过滤	未用伪标签：97.11% -> 使用伪标签：96.46%
排除样本：42|6000	剩余：2000, 2148, 1810
增添样本：253		细则：0, 34, 219	正确率估算：100.00%
类型1 正确率： 100.00% -> 1  100.00%, 2    0.00%, 3    0.00%
类型2 正确率：  99.00% -> 1    0.00%, 2   98.55%, 3    1.45%
类型3 正确率：  91.00% -> 1    0.00%, 2    9.27%, 3   90.73%

被排除样本 正确率：78.57%
类型1 正确率：  20.00% -> 1   20.00%, 2   80.00%
类型2 正确率：  86.00% -> 1   13.51%, 2   86.49%


轮次:·16/·20 || c_Loss:0.340 || e_Loss:-1.636 || Aad_Loss:-27.521 || 耗时：32.70s
轮次:·17/·20 || c_Loss:0.381 || e_Loss:-1.561 || Aad_Loss:-28.604 || 耗时：12.48s
轮次:·18/·20 || c_Loss:0.408 || e_Loss:-1.597 || Aad_Loss:-31.188 || 耗时：12.48s
轮次:·19/·20 || c_Loss:0.348 || e_Loss:-1.619 || Aad_Loss:-28.261 || 耗时：12.54s
轮次:·20/·20 || c_Loss:0.349 || e_Loss:-1.765 || Aad_Loss:-26.480 || 耗时：12.53s
任务: (B3)N15_M07_F04→(B2)N15_M07_F10; mix批次:····0; 批次:·1880/·1880;  总正确率: 97.52%
类型1 正确率： 100.00% -> 1  100.00%, 2    0.00%, 3    0.00%
类型2 正确率：  98.00% -> 1    0.00%, 2   97.90%, 3    2.10%
类型3 正确率：  95.00% -> 1    0.00%, 2    5.35%, 3   94.65%


测试集任务: (B3)N15_M07_F04→(B2)N15_M07_F10; 总正确率 = 97.52%
类型1 正确率： 100.00% -> 1  100.00%, 2    0.00%, 3    0.00%
类型2 正确率：  98.00% -> 1    0.00%, 2   97.90%, 3    2.10%
类型3 正确率：  95.00% -> 1    0.00%, 2    5.35%, 3   94.65%


