读取源域路径：/kaggle/working/k10/S00/weight_PU_M1_final_checkpoint_FS00toS00c_gateoracle_s2024/NEW_PU/Source-源域/log&pt/(B1)N15_M01_F10
excel输出位置：/kaggle/working/k10/S00/weight_PU_M1_final_checkpoint_FS00toS00c_gateoracle_s2024/NEW_PU/Target-目标域
特征图片输出位置：/kaggle/working/k10/S00/weight_PU_M1_final_checkpoint_FS00toS00c_gateoracle_s2024/NEW_PU/Picture-特征图/2026年09月16日00时39分/(B1)N15_M01_F10
现在选取:(B1)N15_M01_F10 进行训练的源模型
现在进行：(B1)N15_M01_F10→(B2)N15_M07_F10 的迁移任务
log&pt输出位置：/kaggle/working/k10/S00/weight_PU_M1_final_checkpoint_FS00toS00c_gateoracle_s2024/NEW_PU/Target-目标域/log&pt/(B1)N15_M01_F10→(B2)N15_M07_F10
任务: (B1)N15_M01_F10→(B2)N15_M07_F10; 批次:····0/·1880;  总正确率: 56.17%
类型1 正确率：  41.00% -> 1   41.35%, 2    5.95%, 3   52.70%
类型2 正确率：  79.00% -> 1    0.00%, 2   79.40%, 3   20.60%
类型3 正确率：  48.00% -> 1    0.00%, 2   52.25%, 3   47.75%


样本变换：reverse
样本变换：mask
样本变换：shift
样本变换：none
未过滤	未用伪标签：56.17% -> 使用伪标签：57.70%
已过滤	未用伪标签：57.77% -> 使用伪标签：61.40%
排除样本：362|6000	剩余：958, 2638, 2042
增添样本：1086		细则：558, 0, 528	正确率估算：89.41%
类型1 正确率：  54.00% -> 1   53.97%, 2    6.54%, 3   39.49%
类型2 正确率：  81.00% -> 1    0.00%, 2   81.11%, 3   18.89%
类型3 正确率：  50.00% -> 1    0.00%, 2   50.45%, 3   49.55%

被排除样本 正确率：31.22%
类型1 正确率：  18.00% -> 1   18.22%, 2   14.22%, 3   67.56%
类型2 正确率：  53.00% -> 1    0.00%, 2   52.67%, 3   47.33%
类型3 正确率：  50.00% -> 1    0.00%, 2   50.00%, 3   50.00%


轮次:··1/·20 || c_Loss:0.501 || e_Loss:-1.382 || Aad_Loss:-17.507 || 耗时：33.08s
轮次:··2/·20 || c_Loss:0.325 || e_Loss:-1.354 || Aad_Loss:-21.969 || 耗时：12.31s
轮次:··3/·20 || c_Loss:0.332 || e_Loss:-1.433 || Aad_Loss:-18.854 || 耗时：12.34s
轮次:··4/·20 || c_Loss:0.355 || e_Loss:-1.530 || Aad_Loss:-19.321 || 耗时：12.39s
轮次:··5/·20 || c_Loss:0.358 || e_Loss:-1.519 || Aad_Loss:-19.986 || 耗时：12.39s
任务: (B1)N15_M01_F10→(B2)N15_M07_F10; mix批次:····0; 批次:··470/·1880;  总正确率: 81.73%
类型1 正确率：  99.00% -> 1   98.95%, 2    1.05%, 3    0.00%
类型2 正确率：  96.00% -> 1    0.00%, 2   96.25%, 3    3.75%
类型3 正确率：  50.00% -> 1    0.00%, 2   50.00%, 3   50.00%


样本变换：reverse
样本变换：mask
样本变换：shift
样本变换：none
未过滤	未用伪标签：81.73% -> 使用伪标签：82.93%
已过滤	未用伪标签：81.80% -> 使用伪标签：83.00%
排除样本：5|6000	剩余：1999, 2978, 1018
增添样本：1021		细则：0, 22, 999	正确率估算：100.00%
类型1 正确率： 100.00% -> 1   99.95%, 2    0.05%, 3    0.00%
类型2 正确率：  99.00% -> 1    0.00%, 2   99.10%, 3    0.90%
类型3 正确率：  50.00% -> 1    0.00%, 2   50.00%, 3   50.00%

被排除样本 正确率：0.00%
类型1 正确率：   0.00% -> 1    0.00%, 2  100.00%
类型2 没有样本或未被分类。


轮次:··6/·20 || c_Loss:0.439 || e_Loss:-1.551 || Aad_Loss:-26.893 || 耗时：32.83s
轮次:··7/·20 || c_Loss:0.448 || e_Loss:-1.555 || Aad_Loss:-26.166 || 耗时：12.42s
轮次:··8/·20 || c_Loss:0.461 || e_Loss:-1.528 || Aad_Loss:-26.406 || 耗时：12.41s
轮次:··9/·20 || c_Loss:0.466 || e_Loss:-1.621 || Aad_Loss:-24.940 || 耗时：12.43s
轮次:·10/·20 || c_Loss:0.467 || e_Loss:-1.578 || Aad_Loss:-27.350 || 耗时：12.44s
任务: (B1)N15_M01_F10→(B2)N15_M07_F10; mix批次:····0; 批次:··940/·1880;  总正确率: 82.48%
类型1 正确率： 100.00% -> 1  100.00%, 2    0.00%, 3    0.00%
类型2 正确率：  97.00% -> 1    0.00%, 2   97.45%, 3    2.55%
类型3 正确率：  50.00% -> 1    0.00%, 2   50.00%, 3   50.00%


样本变换：reverse
样本变换：mask
样本变换：shift
样本变换：none
未过滤	未用伪标签：82.48% -> 使用伪标签：83.32%
已过滤	未用伪标签：82.48% -> 使用伪标签：83.32%
排除样本：2000|6000	剩余：2999, 1001
增添样本：1001		细则：0, 1, 1000	正确率估算：100.00%
类型1 正确率： 100.00% -> 1  100.00%, 2    0.00%, 3    0.00%
类型2 正确率： 100.00% -> 1    0.00%, 2   99.95%, 3    0.05%
类型3 正确率：  50.00% -> 1    0.00%, 2   50.00%, 3   50.00%

被排除样本 正确率：nan%


轮次:·11/·20 || c_Loss:0.385 || e_Loss:-1.568 || Aad_Loss:-28.789 || 耗时：32.97s
轮次:·12/·20 || c_Loss:0.490 || e_Loss:-1.611 || Aad_Loss:-27.982 || 耗时：12.42s
轮次:·13/·20 || c_Loss:0.492 || e_Loss:-1.607 || Aad_Loss:-27.345 || 耗时：12.42s
轮次:·14/·20 || c_Loss:0.478 || e_Loss:-1.593 || Aad_Loss:-27.951 || 耗时：12.45s
轮次:·15/·20 || c_Loss:0.519 || e_Loss:-1.637 || Aad_Loss:-23.616 || 耗时：12.43s
任务: (B1)N15_M01_F10→(B2)N15_M07_F10; mix批次:····0; 批次:·1410/·1880;  总正确率: 82.58%
类型1 正确率： 100.00% -> 1  100.00%, 2    0.00%, 3    0.00%
类型2 正确率：  98.00% -> 1    0.00%, 2   97.75%, 3    2.25%
类型3 正确率：  50.00% -> 1    0.00%, 2   50.00%, 3   50.00%


样本变换：reverse
样本变换：mask
样本变换：shift
样本变换：none
未过滤	未用伪标签：82.58% -> 使用伪标签：83.32%
已过滤	未用伪标签：82.58% -> 使用伪标签：83.32%
排除样本：2000|6000	剩余：2999, 1001
增添样本：1001		细则：0, 1, 1000	正确率估算：100.00%
类型1 正确率： 100.00% -> 1  100.00%, 2    0.00%, 3    0.00%
类型2 正确率： 100.00% -> 1    0.00%, 2   99.95%, 3    0.05%
类型3 正确率：  50.00% -> 1    0.00%, 2   50.00%, 3   50.00%

被排除样本 正确率：nan%


轮次:·16/·20 || c_Loss:0.383 || e_Loss:-1.580 || Aad_Loss:-29.014 || 耗时：32.88s
轮次:·17/·20 || c_Loss:0.484 || e_Loss:-1.617 || Aad_Loss:-28.181 || 耗时：12.43s
轮次:·18/·20 || c_Loss:0.486 || e_Loss:-1.612 || Aad_Loss:-27.520 || 耗时：12.44s
轮次:·19/·20 || c_Loss:0.473 || e_Loss:-1.602 || Aad_Loss:-28.116 || 耗时：12.45s
轮次:·20/·20 || c_Loss:0.513 || e_Loss:-1.640 || Aad_Loss:-23.719 || 耗时：12.45s
任务: (B1)N15_M01_F10→(B2)N15_M07_F10; mix批次:····0; 批次:·1880/·1880;  总正确率: 82.88%
类型1 正确率： 100.00% -> 1  100.00%, 2    0.00%, 3    0.00%
类型2 正确率：  99.00% -> 1    0.00%, 2   98.65%, 3    1.35%
类型3 正确率：  50.00% -> 1    0.00%, 2   50.00%, 3   50.00%


测试集任务: (B1)N15_M01_F10→(B2)N15_M07_F10; 总正确率 = 82.88%
类型1 正确率： 100.00% -> 1  100.00%, 2    0.00%, 3    0.00%
类型2 正确率：  99.00% -> 1    0.00%, 2   98.65%, 3    1.35%
类型3 正确率：  50.00% -> 1    0.00%, 2   50.00%, 3   50.00%


