读取源域路径：/kaggle/working/shot_k10/S08/weight_PU_M1_shot_FS08toS08c_s2024/NEW_PU/Source-源域/log&pt/(B2)N15_M07_F10
excel输出位置：/kaggle/working/shot_k10/S08/weight_PU_M1_shot_FS08toS08c_s2024/NEW_PU/Target-目标域
特征图片输出位置：/kaggle/working/shot_k10/S08/weight_PU_M1_shot_FS08toS08c_s2024/NEW_PU/Picture-特征图/2026年09月21日20时57分/(B2)N15_M07_F10
现在选取:(B2)N15_M07_F10 进行训练的源模型
现在进行：(B2)N15_M07_F10→(B1)N15_M01_F10 的迁移任务
log&pt输出位置：/kaggle/working/shot_k10/S08/weight_PU_M1_shot_FS08toS08c_s2024/NEW_PU/Target-目标域/log&pt/(B2)N15_M07_F10→(B1)N15_M01_F10
任务: (B2)N15_M07_F10→(B1)N15_M01_F10; 批次:····0/·1880;  总正确率: 38.72%
类型1 正确率： 100.00% -> 1  100.00%, 2    0.00%, 3    0.00%
类型2 正确率：  16.00% -> 1    2.25%, 2   16.15%, 3   81.60%
类型3 正确率：   0.00% -> 1    0.00%, 2  100.00%, 3    0.00%


SHOT pseudo-labels: model 38.72% -> centroid 39.87%
轮次:··1/·20 || cls:1.223 || im:-0.808 || 耗时：22.09s
SHOT pseudo-labels: model 57.57% -> centroid 38.43%
轮次:··2/·20 || cls:1.104 || im:-0.798 || 耗时：16.24s
SHOT pseudo-labels: model 54.10% -> centroid 69.57%
轮次:··3/·20 || cls:0.587 || im:-0.656 || 耗时：16.19s
SHOT pseudo-labels: model 53.33% -> centroid 85.10%
轮次:··4/·20 || cls:0.745 || im:-0.700 || 耗时：16.05s
SHOT pseudo-labels: model 55.08% -> centroid 79.13%
轮次:··5/·20 || cls:0.663 || im:-0.617 || 耗时：16.07s
SHOT pseudo-labels: model 56.00% -> centroid 73.78%
轮次:··6/·20 || cls:0.711 || im:-0.691 || 耗时：16.06s
SHOT pseudo-labels: model 55.65% -> centroid 61.60%
轮次:··7/·20 || cls:0.695 || im:-0.597 || 耗时：16.13s
SHOT pseudo-labels: model 56.32% -> centroid 76.47%
轮次:··8/·20 || cls:0.623 || im:-0.609 || 耗时：16.17s
SHOT pseudo-labels: model 56.92% -> centroid 70.68%
轮次:··9/·20 || cls:0.679 || im:-0.683 || 耗时：16.19s
SHOT pseudo-labels: model 56.80% -> centroid 66.48%
轮次:·10/·20 || cls:0.590 || im:-0.651 || 耗时：16.10s
SHOT pseudo-labels: model 57.00% -> centroid 64.02%
轮次:·11/·20 || cls:0.600 || im:-0.548 || 耗时：16.04s
SHOT pseudo-labels: model 56.47% -> centroid 63.27%
轮次:·12/·20 || cls:0.789 || im:-0.673 || 耗时：16.05s
SHOT pseudo-labels: model 55.57% -> centroid 63.35%
轮次:·13/·20 || cls:0.595 || im:-0.615 || 耗时：16.10s
SHOT pseudo-labels: model 57.22% -> centroid 62.07%
轮次:·14/·20 || cls:0.768 || im:-0.613 || 耗时：16.12s
SHOT pseudo-labels: model 55.85% -> centroid 60.08%
轮次:·15/·20 || cls:0.736 || im:-0.737 || 耗时：16.14s
SHOT pseudo-labels: model 56.25% -> centroid 60.70%
轮次:·16/·20 || cls:0.647 || im:-0.600 || 耗时：16.12s
SHOT pseudo-labels: model 56.17% -> centroid 59.38%
轮次:·17/·20 || cls:0.751 || im:-0.703 || 耗时：16.17s
SHOT pseudo-labels: model 55.42% -> centroid 59.25%
轮次:·18/·20 || cls:0.810 || im:-0.636 || 耗时：16.14s
SHOT pseudo-labels: model 55.87% -> centroid 58.10%
轮次:·19/·20 || cls:0.822 || im:-0.572 || 耗时：16.13s
SHOT pseudo-labels: model 55.10% -> centroid 57.92%
轮次:·20/·20 || cls:0.662 || im:-0.619 || 耗时：16.11s
测试集任务: (B2)N15_M07_F10→(B1)N15_M01_F10; 总正确率 = 54.07%
类型1 正确率：  67.00% -> 1   66.55%, 2   33.45%, 3    0.00%
类型2 正确率：  44.00% -> 1    3.35%, 2   43.50%, 3   53.15%
类型3 正确率：  52.00% -> 1   13.95%, 2   33.90%, 3   52.15%


