读取源域路径：/kaggle/working/shot_k10/S08/weight_PU_M1_shot_FS08toS08c_s2024/NEW_PU/Source-源域/log&pt/(B2)N15_M07_F10
excel输出位置：/kaggle/working/shot_k10/S08/weight_PU_M1_shot_FS08toS08c_s2024/NEW_PU/Target-目标域
特征图片输出位置：/kaggle/working/shot_k10/S08/weight_PU_M1_shot_FS08toS08c_s2024/NEW_PU/Picture-特征图/2026年09月21日21时03分/(B2)N15_M07_F10
现在选取:(B2)N15_M07_F10 进行训练的源模型
现在进行：(B2)N15_M07_F10→(B3)N15_M07_F04 的迁移任务
log&pt输出位置：/kaggle/working/shot_k10/S08/weight_PU_M1_shot_FS08toS08c_s2024/NEW_PU/Target-目标域/log&pt/(B2)N15_M07_F10→(B3)N15_M07_F04
任务: (B2)N15_M07_F10→(B3)N15_M07_F04; 批次:····0/·1880;  总正确率: 38.50%
类型1 正确率： 100.00% -> 1  100.00%, 2    0.00%, 3    0.00%
类型2 正确率：  15.00% -> 1    1.30%, 2   15.15%, 3   83.55%
类型3 正确率：   0.00% -> 1    0.00%, 2   99.65%, 3    0.35%


SHOT pseudo-labels: model 38.50% -> centroid 39.92%
轮次:··1/·20 || cls:1.405 || im:-0.833 || 耗时：22.06s
SHOT pseudo-labels: model 56.22% -> centroid 41.53%
轮次:··2/·20 || cls:1.158 || im:-0.768 || 耗时：16.29s
SHOT pseudo-labels: model 53.53% -> centroid 39.15%
轮次:··3/·20 || cls:0.682 || im:-0.626 || 耗时：16.17s
SHOT pseudo-labels: model 49.37% -> centroid 36.88%
轮次:··4/·20 || cls:0.649 || im:-0.680 || 耗时：16.05s
SHOT pseudo-labels: model 46.62% -> centroid 37.13%
轮次:··5/·20 || cls:0.594 || im:-0.598 || 耗时：16.01s
SHOT pseudo-labels: model 44.92% -> centroid 36.52%
轮次:··6/·20 || cls:0.596 || im:-0.699 || 耗时：16.13s
SHOT pseudo-labels: model 45.88% -> centroid 36.40%
轮次:··7/·20 || cls:0.644 || im:-0.653 || 耗时：16.16s
SHOT pseudo-labels: model 45.20% -> centroid 36.50%
轮次:··8/·20 || cls:0.749 || im:-0.702 || 耗时：16.17s
SHOT pseudo-labels: model 45.47% -> centroid 36.65%
轮次:··9/·20 || cls:0.757 || im:-0.670 || 耗时：16.13s
SHOT pseudo-labels: model 43.82% -> centroid 36.23%
轮次:·10/·20 || cls:0.566 || im:-0.717 || 耗时：16.11s
SHOT pseudo-labels: model 45.70% -> centroid 36.78%
轮次:·11/·20 || cls:0.586 || im:-0.574 || 耗时：16.02s
SHOT pseudo-labels: model 46.43% -> centroid 36.48%
轮次:·12/·20 || cls:0.803 || im:-0.672 || 耗时：16.10s
SHOT pseudo-labels: model 46.42% -> centroid 36.55%
轮次:·13/·20 || cls:0.652 || im:-0.701 || 耗时：16.08s
SHOT pseudo-labels: model 47.10% -> centroid 36.87%
轮次:·14/·20 || cls:0.783 || im:-0.647 || 耗时：16.07s
SHOT pseudo-labels: model 46.15% -> centroid 36.77%
轮次:·15/·20 || cls:0.618 || im:-0.650 || 耗时：16.11s
SHOT pseudo-labels: model 45.27% -> centroid 36.88%
轮次:·16/·20 || cls:0.766 || im:-0.644 || 耗时：16.13s
SHOT pseudo-labels: model 45.45% -> centroid 36.85%
轮次:·17/·20 || cls:0.779 || im:-0.751 || 耗时：16.14s
SHOT pseudo-labels: model 47.55% -> centroid 36.93%
轮次:·18/·20 || cls:0.681 || im:-0.691 || 耗时：16.14s
SHOT pseudo-labels: model 48.27% -> centroid 37.08%
轮次:·19/·20 || cls:0.860 || im:-0.709 || 耗时：16.13s
SHOT pseudo-labels: model 46.52% -> centroid 37.08%
轮次:·20/·20 || cls:0.518 || im:-0.693 || 耗时：16.15s
测试集任务: (B2)N15_M07_F10→(B3)N15_M07_F04; 总正确率 = 49.85%
类型1 正确率：  98.00% -> 1   97.85%, 2    2.15%, 3    0.00%
类型2 正确率：  20.00% -> 1    3.55%, 2   19.50%, 3   76.95%
类型3 正确率：  32.00% -> 1    0.00%, 2   67.80%, 3   32.20%


