读取源域路径：/kaggle/working/m2/weight_PU_M1_final_checkpoint_FBtoA_gateeagle_s2024/NEW_PU/Source-源域/log&pt/(B1)N15_M01_F10
excel输出位置：/kaggle/working/m2/weight_PU_M1_final_checkpoint_FBtoA_gateeagle_s2024/NEW_PU/Target-目标域
特征图片输出位置：/kaggle/working/m2/weight_PU_M1_final_checkpoint_FBtoA_gateeagle_s2024/NEW_PU/Picture-特征图/2026年09月14日04时26分/(B1)N15_M01_F10
现在选取:(B1)N15_M01_F10 进行训练的源模型
现在进行：(B1)N15_M01_F10→(B3)N15_M07_F04 的迁移任务
log&pt输出位置：/kaggle/working/m2/weight_PU_M1_final_checkpoint_FBtoA_gateeagle_s2024/NEW_PU/Target-目标域/log&pt/(B1)N15_M01_F10→(B3)N15_M07_F04
任务: (B1)N15_M01_F10→(B3)N15_M07_F04; 批次:····0/·1880;  总正确率: 50.40%
类型1 正确率： 100.00% -> 1   99.80%, 2    0.00%, 3    0.20%
类型2 正确率：  39.00% -> 1   24.90%, 2   39.25%, 3   35.85%
类型3 正确率：  12.00% -> 1    0.75%, 2   87.10%, 3   12.15%


样本变换：reverse
样本变换：mask
样本变换：shift
样本变换：none
未过滤	未用伪标签：50.40% -> 使用伪标签：54.78%
已过滤	未用伪标签：50.33% -> 使用伪标签：54.96%
排除样本：19|6000	剩余：2669, 1969, 1343
增添样本：390		细则：0, 390	正确率估算：52.82%
类型1 正确率： 100.00% -> 1  100.00%, 2    0.00%, 3    0.00%
类型2 正确率：  32.00% -> 1   33.74%, 2   31.72%, 3   34.54%
类型3 正确率：  33.00% -> 1    0.00%, 2   67.07%, 3   32.93%

被排除样本 正确率：73.68%
类型1 正确率：  82.00% -> 1   82.35%, 2   17.65%
类型2 正确率：   0.00% -> 1  100.00%, 2    0.00%


轮次:··1/·20 || c_Loss:0.491 || e_Loss:-1.043 || Aad_Loss:-19.073 || 耗时：32.30s
轮次:··2/·20 || c_Loss:0.362 || e_Loss:-1.381 || Aad_Loss:-26.182 || 耗时：12.47s
轮次:··3/·20 || c_Loss:0.353 || e_Loss:-1.428 || Aad_Loss:-21.422 || 耗时：12.40s
轮次:··4/·20 || c_Loss:0.366 || e_Loss:-1.456 || Aad_Loss:-24.535 || 耗时：12.35s
轮次:··5/·20 || c_Loss:0.376 || e_Loss:-1.392 || Aad_Loss:-23.877 || 耗时：12.38s
任务: (B1)N15_M01_F10→(B3)N15_M07_F04; mix批次:····0; 批次:··470/·1880;  总正确率: 58.52%
类型1 正确率： 100.00% -> 1  100.00%, 2    0.00%, 3    0.00%
类型2 正确率：   3.00% -> 1   34.00%, 2    3.20%, 3   62.80%
类型3 正确率：  72.00% -> 1    3.10%, 2   24.55%, 3   72.35%


样本变换：reverse
样本变换：mask
样本变换：shift
样本变换：none
未过滤	未用伪标签：58.52% -> 使用伪标签：61.05%
已过滤	未用伪标签：58.74% -> 使用伪标签：61.51%
排除样本：45|6000	剩余：2680, 308, 2967
增添样本：1227		细则：1227, 0	正确率估算：100.00%
类型1 正确率： 100.00% -> 1  100.00%, 2    0.00%, 3    0.00%
类型2 正确率：   0.00% -> 1   34.00%, 2    0.40%, 3   65.60%
类型3 正确率：  85.00% -> 1    0.00%, 2   15.35%, 3   84.65%

被排除样本 正确率：28.89%
类型1 没有样本或未被分类。
类型2 没有样本或未被分类。
类型3 正确率：  29.00% -> 1    4.44%, 2   66.67%, 3   28.89%


轮次:··6/·20 || c_Loss:0.415 || e_Loss:-1.238 || Aad_Loss:-41.961 || 耗时：32.65s
轮次:··7/·20 || c_Loss:0.433 || e_Loss:-1.250 || Aad_Loss:-38.342 || 耗时：12.41s
轮次:··8/·20 || c_Loss:0.406 || e_Loss:-1.154 || Aad_Loss:-43.267 || 耗时：12.45s
轮次:··9/·20 || c_Loss:0.403 || e_Loss:-1.165 || Aad_Loss:-40.006 || 耗时：12.41s
轮次:·10/·20 || c_Loss:0.418 || e_Loss:-1.230 || Aad_Loss:-36.876 || 耗时：12.44s
任务: (B1)N15_M01_F10→(B3)N15_M07_F04; mix批次:····0; 批次:··940/·1880;  总正确率: 66.67%
类型1 正确率： 100.00% -> 1  100.00%, 2    0.00%, 3    0.00%
类型2 正确率：   0.00% -> 1   34.00%, 2    0.00%, 3   66.00%
类型3 正确率： 100.00% -> 1    0.00%, 2    0.00%, 3  100.00%


样本变换：reverse
样本变换：mask
样本变换：shift
样本变换：none
未过滤	未用伪标签：66.67% -> 使用伪标签：33.33%
已过滤	未用伪标签：66.67% -> 使用伪标签：33.33%
排除样本：6000|6000	剩余：
增添样本：0		细则：0类型1 正确率：   0.00% -> 1    0.00%, 2  100.00%, 3    0.00%
类型2 正确率： 100.00% -> 1    0.00%, 2  100.00%, 3    0.00%
类型3 正确率：   0.00% -> 1    0.00%, 2  100.00%, 3    0.00%

被排除样本 正确率：nan%


轮次:·11/·20 || c_Loss:0.859 || e_Loss:-1.037 || Aad_Loss:-11.750 || 耗时：32.00s
轮次:·12/·20 || c_Loss:0.412 || e_Loss:-0.827 || Aad_Loss:-24.405 || 耗时：12.34s
轮次:·13/·20 || c_Loss:0.349 || e_Loss:-0.816 || Aad_Loss:-23.788 || 耗时：12.36s
轮次:·14/·20 || c_Loss:0.349 || e_Loss:-0.798 || Aad_Loss:-21.920 || 耗时：12.33s
轮次:·15/·20 || c_Loss:0.351 || e_Loss:-0.785 || Aad_Loss:-23.020 || 耗时：12.35s
任务: (B1)N15_M01_F10→(B3)N15_M07_F04; mix批次:····0; 批次:·1410/·1880;  总正确率: 35.82%
类型1 正确率：   0.00% -> 1    0.00%, 2  100.00%, 3    0.00%
类型2 正确率：  71.00% -> 1   14.75%, 2   71.25%, 3   14.00%
类型3 正确率：  36.00% -> 1   30.90%, 2   32.90%, 3   36.20%


样本变换：reverse
样本变换：mask
样本变换：shift
样本变换：none
未过滤	未用伪标签：35.82% -> 使用伪标签：45.87%
已过滤	未用伪标签：35.93% -> 使用伪标签：46.33%
排除样本：60|6000	剩余：83, 4070, 1787
增添样本：1385		细则：0, 1385	正确率估算：49.89%
类型1 正确率：   0.00% -> 1    0.00%, 2  100.00%, 3    0.00%
类型2 正确率：  73.00% -> 1    4.27%, 2   72.71%, 3   23.02%
类型3 正确率：  67.00% -> 1    0.00%, 2   32.93%, 3   67.07%

被排除样本 正确率：25.00%
类型1 没有样本或未被分类。
类型2 正确率：  22.00% -> 1   24.14%, 2   22.41%, 3   53.45%
类型3 正确率： 100.00% -> 1    0.00%, 2    0.00%, 3  100.00%


轮次:·16/·20 || c_Loss:0.369 || e_Loss:-1.282 || Aad_Loss:-39.016 || 耗时：32.68s
轮次:·17/·20 || c_Loss:0.413 || e_Loss:-1.305 || Aad_Loss:-38.925 || 耗时：12.34s
轮次:·18/·20 || c_Loss:0.426 || e_Loss:-1.298 || Aad_Loss:-40.023 || 耗时：12.37s
轮次:·19/·20 || c_Loss:0.401 || e_Loss:-1.274 || Aad_Loss:-42.513 || 耗时：12.37s
轮次:·20/·20 || c_Loss:0.379 || e_Loss:-1.423 || Aad_Loss:-40.287 || 耗时：12.37s
任务: (B1)N15_M01_F10→(B3)N15_M07_F04; mix批次:····0; 批次:·1880/·1880;  总正确率: 44.87%
类型1 正确率：   0.00% -> 1    0.00%, 2  100.00%, 3    0.00%
类型2 正确率：  67.00% -> 1    0.05%, 2   66.90%, 3   33.05%
类型3 正确率：  68.00% -> 1    3.45%, 2   28.85%, 3   67.70%


测试集任务: (B1)N15_M01_F10→(B3)N15_M07_F04; 总正确率 = 44.87%
类型1 正确率：   0.00% -> 1    0.00%, 2  100.00%, 3    0.00%
类型2 正确率：  67.00% -> 1    0.05%, 2   66.90%, 3   33.05%
类型3 正确率：  68.00% -> 1    3.45%, 2   28.85%, 3   67.70%


