读取源域路径：/kaggle/working/m2/weight_PU_M1_final_checkpoint_FBtoA_gateeagle_s2024/NEW_PU/Source-源域/log&pt/(B1)N15_M01_F10
excel输出位置：/kaggle/working/m2/weight_PU_M1_final_checkpoint_FBtoA_gateeagle_s2024/NEW_PU/Target-目标域
特征图片输出位置：/kaggle/working/m2/weight_PU_M1_final_checkpoint_FBtoA_gateeagle_s2024/NEW_PU/Picture-特征图/2026年09月14日04时20分/(B1)N15_M01_F10
现在选取:(B1)N15_M01_F10 进行训练的源模型
现在进行：(B1)N15_M01_F10→(B2)N15_M07_F10 的迁移任务
log&pt输出位置：/kaggle/working/m2/weight_PU_M1_final_checkpoint_FBtoA_gateeagle_s2024/NEW_PU/Target-目标域/log&pt/(B1)N15_M01_F10→(B2)N15_M07_F10
任务: (B1)N15_M01_F10→(B2)N15_M07_F10; 批次:····0/·1880;  总正确率: 55.95%
类型1 正确率： 100.00% -> 1   99.80%, 2    0.00%, 3    0.20%
类型2 正确率：  35.00% -> 1   22.45%, 2   35.05%, 3   42.50%
类型3 正确率：  33.00% -> 1    0.00%, 2   67.00%, 3   33.00%


样本变换：reverse
样本变换：mask
样本变换：shift
样本变换：none
未过滤	未用伪标签：55.95% -> 使用伪标签：55.25%
已过滤	未用伪标签：56.46% -> 使用伪标签：55.80%
排除样本：59|6000	剩余：2367, 1997, 1577
增添样本：37		细则：0, 37	正确率估算：97.30%
类型1 正确率： 100.00% -> 1  100.00%, 2    0.00%, 3    0.00%
类型2 正确率：  34.00% -> 1   18.99%, 2   33.81%, 3   47.20%
类型3 正确率：  33.00% -> 1    0.00%, 2   67.00%, 3   33.00%

被排除样本 正确率：5.08%
类型1 正确率：  50.00% -> 1   50.00%, 2    0.00%, 3   50.00%
类型2 正确率：   4.00% -> 1   35.09%, 2    3.51%, 3   61.40%
类型3 没有样本或未被分类。


轮次:··1/·20 || c_Loss:0.508 || e_Loss:-0.848 || Aad_Loss:-15.077 || 耗时：32.84s
轮次:··2/·20 || c_Loss:0.399 || e_Loss:-1.359 || Aad_Loss:-25.396 || 耗时：12.55s
轮次:··3/·20 || c_Loss:0.475 || e_Loss:-1.340 || Aad_Loss:-22.983 || 耗时：12.39s
轮次:··4/·20 || c_Loss:0.735 || e_Loss:-1.236 || Aad_Loss:-13.191 || 耗时：12.30s
轮次:··5/·20 || c_Loss:0.420 || e_Loss:-1.253 || Aad_Loss:-24.115 || 耗时：12.22s
任务: (B1)N15_M01_F10→(B2)N15_M07_F10; mix批次:····0; 批次:··470/·1880;  总正确率: 57.07%
类型1 正确率： 100.00% -> 1  100.00%, 2    0.00%, 3    0.00%
类型2 正确率：   1.00% -> 1   16.45%, 2    1.05%, 3   82.50%
类型3 正确率：  70.00% -> 1   12.90%, 2   16.95%, 3   70.15%


样本变换：reverse
样本变换：mask
样本变换：shift
样本变换：none
未过滤	未用伪标签：57.07% -> 使用伪标签：55.17%
已过滤	未用伪标签：57.64% -> 使用伪标签：56.17%
排除样本：107|6000	剩余：2471, 651, 2771
增添样本：1060		细则：1060, 0	正确率估算：91.23%
类型1 正确率： 100.00% -> 1  100.00%, 2    0.00%, 3    0.00%
类型2 正确率：   0.00% -> 1   24.38%, 2    0.00%, 3   75.62%
类型3 正确率：  67.00% -> 1    0.00%, 2   33.20%, 3   66.80%

被排除样本 正确率：25.23%
类型1 正确率：   0.00% -> 1    0.00%, 2  100.00%
类型2 正确率：  69.00% -> 1   30.77%, 2   69.23%


轮次:··6/·20 || c_Loss:0.418 || e_Loss:-1.226 || Aad_Loss:-28.795 || 耗时：32.50s
轮次:··7/·20 || c_Loss:0.515 || e_Loss:-1.173 || Aad_Loss:-30.649 || 耗时：12.40s
轮次:··8/·20 || c_Loss:0.404 || e_Loss:-1.211 || Aad_Loss:-33.899 || 耗时：12.39s
轮次:··9/·20 || c_Loss:0.414 || e_Loss:-1.194 || Aad_Loss:-34.350 || 耗时：12.36s
轮次:·10/·20 || c_Loss:0.486 || e_Loss:-1.298 || Aad_Loss:-32.171 || 耗时：12.32s
任务: (B1)N15_M01_F10→(B2)N15_M07_F10; mix批次:····0; 批次:··940/·1880;  总正确率: 64.75%
类型1 正确率： 100.00% -> 1  100.00%, 2    0.00%, 3    0.00%
类型2 正确率：   0.00% -> 1   26.75%, 2    0.00%, 3   73.25%
类型3 正确率：  94.00% -> 1    0.00%, 2    5.75%, 3   94.25%


样本变换：reverse
样本变换：mask
样本变换：shift
样本变换：none
未过滤	未用伪标签：64.75% -> 使用伪标签：67.43%
已过滤	未用伪标签：65.17% -> 使用伪标签：67.87%
排除样本：39|6000	剩余：2570, 46, 3345
增添样本：4808		细则：1542, 3266, 0	正确率估算：95.78%
类型1 正确率： 100.00% -> 1  100.00%, 2    0.00%, 3    0.00%
类型2 正确率：   2.00% -> 1   29.07%, 2    2.35%, 3   68.59%
类型3 正确率： 100.00% -> 1    0.00%, 2    0.00%, 3  100.00%

被排除样本 正确率：0.00%
类型1 没有样本或未被分类。
类型2 正确率：   0.00% -> 1    5.13%, 2    0.00%, 3   94.87%
类型3 没有样本或未被分类。


轮次:·11/·20 || c_Loss:0.491 || e_Loss:-1.310 || Aad_Loss:-38.063 || 耗时：32.78s
轮次:·12/·20 || c_Loss:0.505 || e_Loss:-1.303 || Aad_Loss:-33.983 || 耗时：12.35s
轮次:·13/·20 || c_Loss:0.472 || e_Loss:-1.285 || Aad_Loss:-44.250 || 耗时：12.40s
轮次:·14/·20 || c_Loss:0.497 || e_Loss:-1.216 || Aad_Loss:-36.126 || 耗时：12.38s
轮次:·15/·20 || c_Loss:0.500 || e_Loss:-1.284 || Aad_Loss:-37.105 || 耗时：12.42s
任务: (B1)N15_M01_F10→(B2)N15_M07_F10; mix批次:····0; 批次:·1410/·1880;  总正确率: 66.67%
类型1 正确率： 100.00% -> 1  100.00%, 2    0.00%, 3    0.00%
类型2 正确率：   0.00% -> 1   34.00%, 2    0.00%, 3   66.00%
类型3 正确率： 100.00% -> 1    0.00%, 2    0.00%, 3  100.00%


样本变换：reverse
样本变换：mask
样本变换：shift
样本变换：none
未过滤	未用伪标签：66.67% -> 使用伪标签：33.33%
已过滤	未用伪标签：66.67% -> 使用伪标签：33.33%
排除样本：6000|6000	剩余：
增添样本：0		细则：0类型1 正确率：   0.00% -> 1    0.00%, 2  100.00%, 3    0.00%
类型2 正确率： 100.00% -> 1    0.00%, 2  100.00%, 3    0.00%
类型3 正确率：   0.00% -> 1    0.00%, 2  100.00%, 3    0.00%

被排除样本 正确率：nan%


轮次:·16/·20 || c_Loss:0.709 || e_Loss:-0.851 || Aad_Loss:-29.729 || 耗时：31.93s
轮次:·17/·20 || c_Loss:0.384 || e_Loss:-0.767 || Aad_Loss:-25.702 || 耗时：12.32s
轮次:·18/·20 || c_Loss:0.319 || e_Loss:-0.756 || Aad_Loss:-24.959 || 耗时：12.36s
轮次:·19/·20 || c_Loss:0.317 || e_Loss:-0.721 || Aad_Loss:-25.059 || 耗时：12.35s
轮次:·20/·20 || c_Loss:0.324 || e_Loss:-0.735 || Aad_Loss:-28.968 || 耗时：12.36s
任务: (B1)N15_M01_F10→(B2)N15_M07_F10; mix批次:····0; 批次:·1880/·1880;  总正确率: 38.23%
类型1 正确率：   0.00% -> 1    0.00%, 2  100.00%, 3    0.00%
类型2 正确率：  76.00% -> 1    9.95%, 2   76.10%, 3   13.95%
类型3 正确率：  39.00% -> 1   28.40%, 2   33.00%, 3   38.60%


测试集任务: (B1)N15_M01_F10→(B2)N15_M07_F10; 总正确率 = 38.23%
类型1 正确率：   0.00% -> 1    0.00%, 2  100.00%, 3    0.00%
类型2 正确率：  76.00% -> 1    9.95%, 2   76.10%, 3   13.95%
类型3 正确率：  39.00% -> 1   28.40%, 2   33.00%, 3   38.60%


