读取源域路径：/kaggle/working/m2/weight_PU_M1_final_checkpoint_FBtoA_gateeagle_s2024/NEW_PU/Source-源域/log&pt/(B3)N15_M07_F04
excel输出位置：/kaggle/working/m2/weight_PU_M1_final_checkpoint_FBtoA_gateeagle_s2024/NEW_PU/Target-目标域
特征图片输出位置：/kaggle/working/m2/weight_PU_M1_final_checkpoint_FBtoA_gateeagle_s2024/NEW_PU/Picture-特征图/2026年09月14日04时43分/(B3)N15_M07_F04
现在选取:(B3)N15_M07_F04 进行训练的源模型
现在进行：(B3)N15_M07_F04→(B1)N15_M01_F10 的迁移任务
log&pt输出位置：/kaggle/working/m2/weight_PU_M1_final_checkpoint_FBtoA_gateeagle_s2024/NEW_PU/Target-目标域/log&pt/(B3)N15_M07_F04→(B1)N15_M01_F10
任务: (B3)N15_M07_F04→(B1)N15_M01_F10; 批次:····0/·1880;  总正确率: 52.28%
类型1 正确率：  91.00% -> 1   91.20%, 2    0.00%, 3    8.80%
类型2 正确率：  33.00% -> 1   16.55%, 2   32.65%, 3   50.80%
类型3 正确率：  33.00% -> 1    0.00%, 2   67.00%, 3   33.00%


样本变换：reverse
样本变换：mask
样本变换：shift
样本变换：none
未过滤	未用伪标签：52.28% -> 使用伪标签：50.58%
已过滤	未用伪标签：52.54% -> 使用伪标签：51.66%
排除样本：125|6000	剩余：2105, 1995, 1775
增添样本：374		细则：374, 0	正确率估算：97.86%
类型1 正确率：  89.00% -> 1   89.26%, 2    0.00%, 3   10.74%
类型2 正确率：  34.00% -> 1   19.76%, 2   33.62%, 3   46.61%
类型3 正确率：  33.00% -> 1    0.00%, 2   67.00%, 3   33.00%

被排除样本 正确率：40.00%
类型1 正确率：  68.00% -> 1   68.49%, 2    0.00%, 3   31.51%
类型2 正确率：   0.00% -> 1   15.38%, 2    0.00%, 3   84.62%
类型3 没有样本或未被分类。


轮次:··1/·20 || c_Loss:0.548 || e_Loss:-0.722 || Aad_Loss:-8.723 || 耗时：32.20s
轮次:··2/·20 || c_Loss:0.523 || e_Loss:-0.589 || Aad_Loss:-10.186 || 耗时：12.42s
轮次:··3/·20 || c_Loss:0.559 || e_Loss:-1.146 || Aad_Loss:-11.495 || 耗时：12.37s
轮次:··4/·20 || c_Loss:0.458 || e_Loss:-1.303 || Aad_Loss:-14.795 || 耗时：12.35s
轮次:··5/·20 || c_Loss:0.579 || e_Loss:-1.321 || Aad_Loss:-10.926 || 耗时：12.33s
任务: (B3)N15_M07_F04→(B1)N15_M01_F10; mix批次:····0; 批次:··470/·1880;  总正确率: 47.40%
类型1 正确率：  94.00% -> 1   93.70%, 2    0.00%, 3    6.30%
类型2 正确率：   2.00% -> 1   25.75%, 2    1.95%, 3   72.30%
类型3 正确率：  47.00% -> 1   14.60%, 2   38.85%, 3   46.55%


样本变换：reverse
样本变换：mask
样本变换：shift
样本变换：none
未过滤	未用伪标签：47.40% -> 使用伪标签：43.70%
已过滤	未用伪标签：47.58% -> 使用伪标签：43.94%
排除样本：33|6000	剩余：2596, 1336, 2035
增添样本：143		细则：143, 0	正确率估算：90.91%
类型1 正确率：  99.00% -> 1   98.54%, 2    0.00%, 3    1.46%
类型2 正确率：   0.00% -> 1   32.16%, 2    0.10%, 3   67.74%
类型3 正确率：  33.00% -> 1    0.00%, 2   66.83%, 3   33.17%

被排除样本 正确率：15.15%
类型1 正确率：   0.00% -> 1    0.00%, 2    0.00%, 3  100.00%
类型2 正确率：   6.00% -> 1    0.00%, 2    6.25%, 3   93.75%
类型3 正确率： 100.00% -> 1    0.00%, 2    0.00%, 3  100.00%


轮次:··6/·20 || c_Loss:0.422 || e_Loss:-1.413 || Aad_Loss:-27.199 || 耗时：32.10s
轮次:··7/·20 || c_Loss:0.495 || e_Loss:-1.261 || Aad_Loss:-24.971 || 耗时：12.42s
轮次:··8/·20 || c_Loss:0.348 || e_Loss:-1.301 || Aad_Loss:-29.550 || 耗时：12.45s
轮次:··9/·20 || c_Loss:0.404 || e_Loss:-1.160 || Aad_Loss:-27.308 || 耗时：12.46s
轮次:·10/·20 || c_Loss:0.443 || e_Loss:-1.254 || Aad_Loss:-24.962 || 耗时：12.43s
任务: (B3)N15_M07_F04→(B1)N15_M01_F10; mix批次:····0; 批次:··940/·1880;  总正确率: 56.78%
类型1 正确率： 100.00% -> 1  100.00%, 2    0.00%, 3    0.00%
类型2 正确率：   0.00% -> 1   34.00%, 2    0.00%, 3   66.00%
类型3 正确率：  70.00% -> 1   11.25%, 2   18.40%, 3   70.35%


样本变换：reverse
样本变换：mask
样本变换：shift
样本变换：none
未过滤	未用伪标签：56.78% -> 使用伪标签：56.68%
已过滤	未用伪标签：56.87% -> 使用伪标签：56.90%
排除样本：23|6000	剩余：2680, 576, 2721
增添样本：745		细则：745, 0	正确率估算：100.00%
类型1 正确率： 100.00% -> 1  100.00%, 2    0.00%, 3    0.00%
类型2 正确率：   0.00% -> 1   34.00%, 2    0.00%, 3   66.00%
类型3 正确率：  71.00% -> 1    0.00%, 2   29.14%, 3   70.86%

被排除样本 正确率：34.78%
类型1 没有样本或未被分类。
类型2 正确率：  35.00% -> 1   65.22%, 2   34.78%


轮次:·11/·20 || c_Loss:0.392 || e_Loss:-1.272 || Aad_Loss:-39.770 || 耗时：32.42s
轮次:·12/·20 || c_Loss:0.364 || e_Loss:-1.227 || Aad_Loss:-33.940 || 耗时：12.33s
轮次:·13/·20 || c_Loss:0.440 || e_Loss:-1.272 || Aad_Loss:-33.270 || 耗时：12.34s
轮次:·14/·20 || c_Loss:0.394 || e_Loss:-1.254 || Aad_Loss:-33.128 || 耗时：12.39s
轮次:·15/·20 || c_Loss:0.368 || e_Loss:-1.213 || Aad_Loss:-36.720 || 耗时：12.35s
任务: (B3)N15_M07_F04→(B1)N15_M01_F10; mix批次:····0; 批次:·1410/·1880;  总正确率: 65.02%
类型1 正确率： 100.00% -> 1  100.00%, 2    0.00%, 3    0.00%
类型2 正确率：   0.00% -> 1   34.00%, 2    0.00%, 3   66.00%
类型3 正确率：  95.00% -> 1    0.00%, 2    4.95%, 3   95.05%


样本变换：reverse
样本变换：mask
样本变换：shift
样本变换：none
未过滤	未用伪标签：65.02% -> 使用伪标签：33.33%
已过滤	未用伪标签：65.02% -> 使用伪标签：33.33%
排除样本：6000|6000	剩余：
增添样本：0		细则：0类型1 正确率：   0.00% -> 1    0.00%, 2  100.00%, 3    0.00%
类型2 正确率： 100.00% -> 1    0.00%, 2  100.00%, 3    0.00%
类型3 正确率：   0.00% -> 1    0.00%, 2  100.00%, 3    0.00%

被排除样本 正确率：nan%


轮次:·16/·20 || c_Loss:0.777 || e_Loss:-0.771 || Aad_Loss:-22.876 || 耗时：31.96s
轮次:·17/·20 || c_Loss:0.375 || e_Loss:-0.769 || Aad_Loss:-30.052 || 耗时：12.37s
轮次:·18/·20 || c_Loss:0.310 || e_Loss:-0.792 || Aad_Loss:-25.742 || 耗时：12.35s
轮次:·19/·20 || c_Loss:0.306 || e_Loss:-0.766 || Aad_Loss:-27.785 || 耗时：12.36s
轮次:·20/·20 || c_Loss:0.318 || e_Loss:-0.745 || Aad_Loss:-29.681 || 耗时：12.37s
任务: (B3)N15_M07_F04→(B1)N15_M01_F10; mix批次:····0; 批次:·1880/·1880;  总正确率: 35.32%
类型1 正确率：   0.00% -> 1    0.00%, 2  100.00%, 3    0.00%
类型2 正确率：  72.00% -> 1    5.45%, 2   71.60%, 3   22.95%
类型3 正确率：  34.00% -> 1   32.65%, 2   33.00%, 3   34.35%


测试集任务: (B3)N15_M07_F04→(B1)N15_M01_F10; 总正确率 = 35.32%
类型1 正确率：   0.00% -> 1    0.00%, 2  100.00%, 3    0.00%
类型2 正确率：  72.00% -> 1    5.45%, 2   71.60%, 3   22.95%
类型3 正确率：  34.00% -> 1   32.65%, 2   33.00%, 3   34.35%


