读取源域路径：/kaggle/working/m2/weight_PU_M1_final_checkpoint_FBtoA_gateeagle_s2024/NEW_PU/Source-源域/log&pt/(B3)N15_M07_F04
excel输出位置：/kaggle/working/m2/weight_PU_M1_final_checkpoint_FBtoA_gateeagle_s2024/NEW_PU/Target-目标域
特征图片输出位置：/kaggle/working/m2/weight_PU_M1_final_checkpoint_FBtoA_gateeagle_s2024/NEW_PU/Picture-特征图/2026年09月14日04时49分/(B3)N15_M07_F04
现在选取:(B3)N15_M07_F04 进行训练的源模型
现在进行：(B3)N15_M07_F04→(B2)N15_M07_F10 的迁移任务
log&pt输出位置：/kaggle/working/m2/weight_PU_M1_final_checkpoint_FBtoA_gateeagle_s2024/NEW_PU/Target-目标域/log&pt/(B3)N15_M07_F04→(B2)N15_M07_F10
任务: (B3)N15_M07_F04→(B2)N15_M07_F10; 批次:····0/·1880;  总正确率: 53.68%
类型1 正确率：  95.00% -> 1   94.70%, 2    0.00%, 3    5.30%
类型2 正确率：  33.00% -> 1   17.50%, 2   33.35%, 3   49.15%
类型3 正确率：  33.00% -> 1    0.00%, 2   67.00%, 3   33.00%


样本变换：reverse
样本变换：mask
样本变换：shift
样本变换：none
未过滤	未用伪标签：53.68% -> 使用伪标签：51.75%
已过滤	未用伪标签：53.82% -> 使用伪标签：52.78%
排除样本：117|6000	剩余：2196, 1997, 1690
增添样本：229		细则：229, 0	正确率估算：95.63%
类型1 正确率：  92.00% -> 1   92.21%, 2    0.00%, 3    7.79%
类型2 正确率：  34.00% -> 1   20.99%, 2   33.80%, 3   45.22%
类型3 正确率：  33.00% -> 1    0.00%, 2   67.00%, 3   33.00%

被排除样本 正确率：47.01%
类型1 正确率：  84.00% -> 1   83.61%, 2    0.00%, 3   16.39%
类型2 正确率：   7.00% -> 1    7.14%, 2    7.14%, 3   85.71%
类型3 没有样本或未被分类。


轮次:··1/·20 || c_Loss:0.398 || e_Loss:-0.644 || Aad_Loss:-15.534 || 耗时：32.24s
轮次:··2/·20 || c_Loss:0.473 || e_Loss:-0.814 || Aad_Loss:-13.385 || 耗时：12.41s
轮次:··3/·20 || c_Loss:0.548 || e_Loss:-1.261 || Aad_Loss:-11.870 || 耗时：12.37s
轮次:··4/·20 || c_Loss:0.523 || e_Loss:-1.321 || Aad_Loss:-13.073 || 耗时：12.29s
轮次:··5/·20 || c_Loss:0.569 || e_Loss:-1.257 || Aad_Loss:-8.943 || 耗时：12.29s
任务: (B3)N15_M07_F04→(B2)N15_M07_F10; mix批次:····0; 批次:··470/·1880;  总正确率: 50.50%
类型1 正确率：  99.00% -> 1   98.85%, 2    0.00%, 3    1.15%
类型2 正确率：   2.00% -> 1   29.40%, 2    1.95%, 3   68.65%
类型3 正确率：  51.00% -> 1   15.75%, 2   33.55%, 3   50.70%


样本变换：reverse
样本变换：mask
样本变换：shift
样本变换：none
未过滤	未用伪标签：50.50% -> 使用伪标签：45.00%
已过滤	未用伪标签：50.58% -> 使用伪标签：45.29%
排除样本：39|6000	剩余：2672, 1268, 2021
增添样本：120		细则：120, 0	正确率估算：96.67%
类型1 正确率： 100.00% -> 1  100.00%, 2    0.00%, 3    0.00%
类型2 正确率：   0.00% -> 1   33.72%, 2    0.00%, 3   66.28%
类型3 正确率：  36.00% -> 1    0.00%, 2   64.43%, 3   35.57%

被排除样本 正确率：38.46%
类型1 正确率：   0.00% -> 1    0.00%, 2  100.00%
类型2 正确率：  47.00% -> 1   53.12%, 2   46.88%


轮次:··6/·20 || c_Loss:0.409 || e_Loss:-1.377 || Aad_Loss:-26.782 || 耗时：31.99s
轮次:··7/·20 || c_Loss:0.391 || e_Loss:-1.285 || Aad_Loss:-24.287 || 耗时：12.40s
轮次:··8/·20 || c_Loss:0.399 || e_Loss:-1.385 || Aad_Loss:-32.825 || 耗时：12.41s
轮次:··9/·20 || c_Loss:0.385 || e_Loss:-1.355 || Aad_Loss:-28.511 || 耗时：12.38s
轮次:·10/·20 || c_Loss:0.369 || e_Loss:-1.345 || Aad_Loss:-28.991 || 耗时：12.37s
任务: (B3)N15_M07_F04→(B2)N15_M07_F10; mix批次:····0; 批次:··940/·1880;  总正确率: 59.97%
类型1 正确率： 100.00% -> 1  100.00%, 2    0.00%, 3    0.00%
类型2 正确率：   0.00% -> 1   34.00%, 2    0.00%, 3   66.00%
类型3 正确率：  80.00% -> 1    6.45%, 2   13.65%, 3   79.90%


样本变换：reverse
样本变换：mask
样本变换：shift
样本变换：none
未过滤	未用伪标签：59.97% -> 使用伪标签：33.33%
已过滤	未用伪标签：59.97% -> 使用伪标签：33.33%
排除样本：6000|6000	剩余：
增添样本：0		细则：0类型1 正确率：   0.00% -> 1    0.00%, 2  100.00%, 3    0.00%
类型2 正确率： 100.00% -> 1    0.00%, 2  100.00%, 3    0.00%
类型3 正确率：   0.00% -> 1    0.00%, 2  100.00%, 3    0.00%

被排除样本 正确率：nan%


轮次:·11/·20 || c_Loss:1.144 || e_Loss:-1.011 || Aad_Loss:-3.647 || 耗时：31.92s
轮次:·12/·20 || c_Loss:0.522 || e_Loss:-0.875 || Aad_Loss:-24.192 || 耗时：12.36s
轮次:·13/·20 || c_Loss:0.338 || e_Loss:-0.794 || Aad_Loss:-24.549 || 耗时：12.39s
轮次:·14/·20 || c_Loss:0.324 || e_Loss:-0.745 || Aad_Loss:-24.676 || 耗时：12.37s
轮次:·15/·20 || c_Loss:0.329 || e_Loss:-0.755 || Aad_Loss:-28.665 || 耗时：12.39s
任务: (B3)N15_M07_F04→(B2)N15_M07_F10; mix批次:····0; 批次:·1410/·1880;  总正确率: 35.65%
类型1 正确率：   0.00% -> 1    0.00%, 2  100.00%, 3    0.00%
类型2 正确率：  74.00% -> 1    7.00%, 2   73.55%, 3   19.45%
类型3 正确率：  33.00% -> 1   33.60%, 2   33.00%, 3   33.40%


样本变换：reverse
样本变换：mask
样本变换：shift
样本变换：none
未过滤	未用伪标签：35.65% -> 使用伪标签：44.97%
已过滤	未用伪标签：35.61% -> 使用伪标签：45.34%
排除样本：50|6000	剩余：113, 4018, 1819
增添样本：1880		细则：0, 1880	正确率估算：48.10%
类型1 正确率：   0.00% -> 1    0.00%, 2  100.00%, 3    0.00%
类型2 正确率：  70.00% -> 1    5.79%, 2   69.64%, 3   24.56%
类型3 正确率：  67.00% -> 1    0.00%, 2   33.00%, 3   67.00%

被排除样本 正确率：40.00%
类型1 没有样本或未被分类。
类型2 正确率：  40.00% -> 1    4.00%, 2   40.00%, 3   56.00%
类型3 没有样本或未被分类。


轮次:·16/·20 || c_Loss:0.375 || e_Loss:-1.055 || Aad_Loss:-42.053 || 耗时：32.92s
轮次:·17/·20 || c_Loss:0.406 || e_Loss:-1.169 || Aad_Loss:-44.072 || 耗时：12.31s
轮次:·18/·20 || c_Loss:0.435 || e_Loss:-1.237 || Aad_Loss:-42.964 || 耗时：12.31s
轮次:·19/·20 || c_Loss:0.418 || e_Loss:-1.255 || Aad_Loss:-44.256 || 耗时：12.34s
轮次:·20/·20 || c_Loss:0.421 || e_Loss:-1.505 || Aad_Loss:-45.747 || 耗时：12.42s
任务: (B3)N15_M07_F04→(B2)N15_M07_F10; mix批次:····0; 批次:·1880/·1880;  总正确率: 44.70%
类型1 正确率：   0.00% -> 1    0.00%, 2  100.00%, 3    0.00%
类型2 正确率：  67.00% -> 1    0.00%, 2   67.10%, 3   32.90%
类型3 正确率：  67.00% -> 1    0.00%, 2   33.00%, 3   67.00%


测试集任务: (B3)N15_M07_F04→(B2)N15_M07_F10; 总正确率 = 44.70%
类型1 正确率：   0.00% -> 1    0.00%, 2  100.00%, 3    0.00%
类型2 正确率：  67.00% -> 1    0.00%, 2   67.10%, 3   32.90%
类型3 正确率：  67.00% -> 1    0.00%, 2   33.00%, 3   67.00%


