读取源域路径：/kaggle/working/m2/weight_PU_M1_final_checkpoint_FBtoA_gateeagle_s2024/NEW_PU/Source-源域/log&pt/(B2)N15_M07_F10
excel输出位置：/kaggle/working/m2/weight_PU_M1_final_checkpoint_FBtoA_gateeagle_s2024/NEW_PU/Target-目标域
特征图片输出位置：/kaggle/working/m2/weight_PU_M1_final_checkpoint_FBtoA_gateeagle_s2024/NEW_PU/Picture-特征图/2026年09月14日04时32分/(B2)N15_M07_F10
现在选取:(B2)N15_M07_F10 进行训练的源模型
现在进行：(B2)N15_M07_F10→(B1)N15_M01_F10 的迁移任务
log&pt输出位置：/kaggle/working/m2/weight_PU_M1_final_checkpoint_FBtoA_gateeagle_s2024/NEW_PU/Target-目标域/log&pt/(B2)N15_M07_F10→(B1)N15_M01_F10
任务: (B2)N15_M07_F10→(B1)N15_M01_F10; 批次:····0/·1880;  总正确率: 55.52%
类型1 正确率： 100.00% -> 1  100.00%, 2    0.00%, 3    0.00%
类型2 正确率：  34.00% -> 1   32.15%, 2   33.55%, 3   34.30%
类型3 正确率：  33.00% -> 1    0.00%, 2   67.00%, 3   33.00%


样本变换：reverse
样本变换：mask
样本变换：shift
样本变换：none
未过滤	未用伪标签：55.52% -> 使用伪标签：55.23%
已过滤	未用伪标签：55.74% -> 使用伪标签：55.49%
排除样本：28|6000	剩余：2596, 1994, 1382
增添样本：510		细则：0, 510	正确率估算：91.57%
类型1 正确率： 100.00% -> 1  100.00%, 2    0.00%, 3    0.00%
类型2 正确率：  33.00% -> 1   30.22%, 2   33.16%, 3   36.61%
类型3 正确率：  33.00% -> 1    0.00%, 2   67.00%, 3   33.00%

被排除样本 正确率：7.14%
类型1 没有样本或未被分类。
类型2 正确率：   7.00% -> 1    3.57%, 2    7.14%, 3   89.29%
类型3 没有样本或未被分类。


轮次:··1/·20 || c_Loss:0.599 || e_Loss:-1.036 || Aad_Loss:-16.888 || 耗时：32.35s
轮次:··2/·20 || c_Loss:0.358 || e_Loss:-1.369 || Aad_Loss:-26.316 || 耗时：12.44s
轮次:··3/·20 || c_Loss:0.445 || e_Loss:-1.470 || Aad_Loss:-25.230 || 耗时：12.39s
轮次:··4/·20 || c_Loss:0.405 || e_Loss:-1.421 || Aad_Loss:-26.138 || 耗时：12.36s
轮次:··5/·20 || c_Loss:0.344 || e_Loss:-1.517 || Aad_Loss:-25.367 || 耗时：12.33s
任务: (B2)N15_M07_F10→(B1)N15_M01_F10; mix批次:····0; 批次:··470/·1880;  总正确率: 55.35%
类型1 正确率： 100.00% -> 1  100.00%, 2    0.00%, 3    0.00%
类型2 正确率：   3.00% -> 1   34.10%, 2    2.55%, 3   63.35%
类型3 正确率：  64.00% -> 1   12.70%, 2   23.80%, 3   63.50%


样本变换：reverse
样本变换：mask
样本变换：shift
样本变换：none
未过滤	未用伪标签：55.35% -> 使用伪标签：51.37%
已过滤	未用伪标签：55.17% -> 使用伪标签：51.81%
排除样本：51|6000	剩余：2680, 872, 2397
增添样本：421		细则：421, 0	正确率估算：100.00%
类型1 正确率： 100.00% -> 1  100.00%, 2    0.00%, 3    0.00%
类型2 正确率：   0.00% -> 1   34.05%, 2    0.05%, 3   65.90%
类型3 正确率：  55.00% -> 1    0.00%, 2   44.62%, 3   55.38%

被排除样本 正确率：76.47%
类型1 没有样本或未被分类。
类型2 正确率：  33.00% -> 1   33.33%, 2   33.33%, 3   33.33%
类型3 正确率：  79.00% -> 1    2.08%, 2   18.75%, 3   79.17%


轮次:··6/·20 || c_Loss:0.392 || e_Loss:-1.324 || Aad_Loss:-33.969 || 耗时：32.22s
轮次:··7/·20 || c_Loss:0.435 || e_Loss:-1.203 || Aad_Loss:-31.386 || 耗时：12.34s
轮次:··8/·20 || c_Loss:0.401 || e_Loss:-1.268 || Aad_Loss:-30.030 || 耗时：12.37s
轮次:··9/·20 || c_Loss:0.358 || e_Loss:-1.376 || Aad_Loss:-32.366 || 耗时：12.37s
轮次:·10/·20 || c_Loss:0.370 || e_Loss:-1.267 || Aad_Loss:-38.304 || 耗时：12.36s
任务: (B2)N15_M07_F10→(B1)N15_M01_F10; mix批次:····0; 批次:··940/·1880;  总正确率: 62.92%
类型1 正确率： 100.00% -> 1  100.00%, 2    0.00%, 3    0.00%
类型2 正确率：   0.00% -> 1   34.00%, 2    0.00%, 3   66.00%
类型3 正确率：  89.00% -> 1    0.00%, 2   11.25%, 3   88.75%


样本变换：reverse
样本变换：mask
样本变换：shift
样本变换：none
未过滤	未用伪标签：62.92% -> 使用伪标签：33.33%
已过滤	未用伪标签：62.92% -> 使用伪标签：33.33%
排除样本：6000|6000	剩余：
增添样本：0		细则：0类型1 正确率：   0.00% -> 1    0.00%, 2  100.00%, 3    0.00%
类型2 正确率： 100.00% -> 1    0.00%, 2  100.00%, 3    0.00%
类型3 正确率：   0.00% -> 1    0.00%, 2  100.00%, 3    0.00%

被排除样本 正确率：nan%


轮次:·11/·20 || c_Loss:1.070 || e_Loss:-1.067 || Aad_Loss:-5.692 || 耗时：31.97s
轮次:·12/·20 || c_Loss:0.444 || e_Loss:-0.788 || Aad_Loss:-29.126 || 耗时：12.35s
轮次:·13/·20 || c_Loss:0.313 || e_Loss:-0.800 || Aad_Loss:-25.519 || 耗时：12.34s
轮次:·14/·20 || c_Loss:0.308 || e_Loss:-0.766 || Aad_Loss:-27.642 || 耗时：12.33s
轮次:·15/·20 || c_Loss:0.318 || e_Loss:-0.731 || Aad_Loss:-29.636 || 耗时：12.33s
任务: (B2)N15_M07_F10→(B1)N15_M01_F10; mix批次:····0; 批次:·1410/·1880;  总正确率: 35.72%
类型1 正确率：   0.00% -> 1    0.00%, 2  100.00%, 3    0.00%
类型2 正确率：  70.00% -> 1   14.55%, 2   69.60%, 3   15.85%
类型3 正确率：  38.00% -> 1   29.45%, 2   33.00%, 3   37.55%


样本变换：reverse
样本变换：mask
样本变换：shift
样本变换：none
未过滤	未用伪标签：35.72% -> 使用伪标签：45.02%
已过滤	未用伪标签：35.76% -> 使用伪标签：45.24%
排除样本：30|6000	剩余：58, 4021, 1891
增添样本：1977		细则：0, 1977	正确率估算：52.09%
类型1 正确率：   0.00% -> 1    0.00%, 2  100.00%, 3    0.00%
类型2 正确率：  69.00% -> 1    2.94%, 2   69.09%, 3   27.97%
类型3 正确率：  67.00% -> 1    0.00%, 2   33.00%, 3   67.00%

被排除样本 正确率：26.67%
类型1 没有样本或未被分类。
类型2 正确率：  27.00% -> 1   33.33%, 2   26.67%, 3   40.00%
类型3 没有样本或未被分类。


轮次:·16/·20 || c_Loss:0.365 || e_Loss:-1.112 || Aad_Loss:-46.591 || 耗时：32.97s
轮次:·17/·20 || c_Loss:0.377 || e_Loss:-1.127 || Aad_Loss:-44.719 || 耗时：12.32s
轮次:·18/·20 || c_Loss:0.412 || e_Loss:-1.038 || Aad_Loss:-46.340 || 耗时：12.35s
轮次:·19/·20 || c_Loss:0.416 || e_Loss:-1.052 || Aad_Loss:-44.563 || 耗时：12.34s
轮次:·20/·20 || c_Loss:0.409 || e_Loss:-1.083 || Aad_Loss:-46.740 || 耗时：12.43s
任务: (B2)N15_M07_F10→(B1)N15_M01_F10; mix批次:····0; 批次:·1880/·1880;  总正确率: 44.70%
类型1 正确率：   0.00% -> 1    0.00%, 2  100.00%, 3    0.00%
类型2 正确率：  67.00% -> 1    0.00%, 2   67.10%, 3   32.90%
类型3 正确率：  67.00% -> 1    0.00%, 2   33.00%, 3   67.00%


测试集任务: (B2)N15_M07_F10→(B1)N15_M01_F10; 总正确率 = 44.70%
类型1 正确率：   0.00% -> 1    0.00%, 2  100.00%, 3    0.00%
类型2 正确率：  67.00% -> 1    0.00%, 2   67.10%, 3   32.90%
类型3 正确率：  67.00% -> 1    0.00%, 2   33.00%, 3   67.00%


