读取源域路径：/kaggle/working/m2/weight_PU_M1_final_checkpoint_FBtoA_gateeagle_s2024/NEW_PU/Source-源域/log&pt/(B2)N15_M07_F10
excel输出位置：/kaggle/working/m2/weight_PU_M1_final_checkpoint_FBtoA_gateeagle_s2024/NEW_PU/Target-目标域
特征图片输出位置：/kaggle/working/m2/weight_PU_M1_final_checkpoint_FBtoA_gateeagle_s2024/NEW_PU/Picture-特征图/2026年09月14日04时38分/(B2)N15_M07_F10
现在选取:(B2)N15_M07_F10 进行训练的源模型
现在进行：(B2)N15_M07_F10→(B3)N15_M07_F04 的迁移任务
log&pt输出位置：/kaggle/working/m2/weight_PU_M1_final_checkpoint_FBtoA_gateeagle_s2024/NEW_PU/Target-目标域/log&pt/(B2)N15_M07_F10→(B3)N15_M07_F04
任务: (B2)N15_M07_F10→(B3)N15_M07_F04; 批次:····0/·1880;  总正确率: 50.57%
类型1 正确率： 100.00% -> 1  100.00%, 2    0.00%, 3    0.00%
类型2 正确率：  38.00% -> 1   26.15%, 2   38.50%, 3   35.35%
类型3 正确率：  13.00% -> 1    2.15%, 2   84.65%, 3   13.20%


样本变换：reverse
样本变换：mask
样本变换：shift
样本变换：none
未过滤	未用伪标签：50.57% -> 使用伪标签：54.50%
已过滤	未用伪标签：50.62% -> 使用伪标签：54.85%
排除样本：38|6000	剩余：2644, 1952, 1366
增添样本：346		细则：0, 346	正确率估算：60.12%
类型1 正确率： 100.00% -> 1  100.00%, 2    0.00%, 3    0.00%
类型2 正确率：  31.00% -> 1   32.82%, 2   31.14%, 3   36.03%
类型3 正确率：  33.00% -> 1    0.00%, 2   67.05%, 3   32.95%

被排除样本 正确率：42.11%
类型1 正确率：  42.00% -> 1   42.11%, 2   57.89%
类型2 没有样本或未被分类。


轮次:··1/·20 || c_Loss:0.376 || e_Loss:-1.157 || Aad_Loss:-23.321 || 耗时：32.34s
轮次:··2/·20 || c_Loss:0.363 || e_Loss:-1.357 || Aad_Loss:-24.674 || 耗时：12.37s
轮次:··3/·20 || c_Loss:0.384 || e_Loss:-1.337 || Aad_Loss:-25.722 || 耗时：12.36s
轮次:··4/·20 || c_Loss:0.342 || e_Loss:-1.410 || Aad_Loss:-32.184 || 耗时：12.29s
轮次:··5/·20 || c_Loss:0.408 || e_Loss:-1.368 || Aad_Loss:-26.042 || 耗时：12.29s
任务: (B2)N15_M07_F10→(B3)N15_M07_F04; mix批次:····0; 批次:··470/·1880;  总正确率: 57.40%
类型1 正确率： 100.00% -> 1  100.00%, 2    0.00%, 3    0.00%
类型2 正确率：   3.00% -> 1   34.10%, 2    3.00%, 3   62.90%
类型3 正确率：  69.00% -> 1    3.75%, 2   27.05%, 3   69.20%


样本变换：reverse
样本变换：mask
样本变换：shift
样本变换：none
未过滤	未用伪标签：57.40% -> 使用伪标签：60.98%
已过滤	未用伪标签：57.52% -> 使用伪标签：61.32%
排除样本：33|6000	剩余：2680, 311, 2976
增添样本：1236		细则：1236, 0	正确率估算：100.00%
类型1 正确率： 100.00% -> 1  100.00%, 2    0.00%, 3    0.00%
类型2 正确率：   0.00% -> 1   34.02%, 2    0.05%, 3   65.93%
类型3 正确率：  84.00% -> 1    0.00%, 2   15.75%, 3   84.25%

被排除样本 正确率：36.36%
类型1 没有样本或未被分类。
类型2 正确率： 100.00% -> 1    0.00%, 2  100.00%, 3    0.00%
类型3 正确率：  34.00% -> 1    3.12%, 2   62.50%, 3   34.38%


轮次:··6/·20 || c_Loss:0.433 || e_Loss:-1.251 || Aad_Loss:-39.094 || 耗时：32.62s
轮次:··7/·20 || c_Loss:0.441 || e_Loss:-1.245 || Aad_Loss:-39.079 || 耗时：12.31s
轮次:··8/·20 || c_Loss:0.471 || e_Loss:-1.254 || Aad_Loss:-37.492 || 耗时：12.34s
轮次:··9/·20 || c_Loss:0.477 || e_Loss:-1.245 || Aad_Loss:-37.210 || 耗时：12.34s
轮次:·10/·20 || c_Loss:0.439 || e_Loss:-1.277 || Aad_Loss:-42.978 || 耗时：12.33s
任务: (B2)N15_M07_F10→(B3)N15_M07_F04; mix批次:····0; 批次:··940/·1880;  总正确率: 66.67%
类型1 正确率： 100.00% -> 1  100.00%, 2    0.00%, 3    0.00%
类型2 正确率：   0.00% -> 1   34.00%, 2    0.00%, 3   66.00%
类型3 正确率： 100.00% -> 1    0.00%, 2    0.00%, 3  100.00%


样本变换：reverse
样本变换：mask
样本变换：shift
样本变换：none
未过滤	未用伪标签：66.67% -> 使用伪标签：33.33%
已过滤	未用伪标签：66.67% -> 使用伪标签：33.33%
排除样本：6000|6000	剩余：
增添样本：0		细则：0类型1 正确率：   0.00% -> 1    0.00%, 2  100.00%, 3    0.00%
类型2 正确率： 100.00% -> 1    0.00%, 2  100.00%, 3    0.00%
类型3 正确率：   0.00% -> 1    0.00%, 2  100.00%, 3    0.00%

被排除样本 正确率：nan%


轮次:·11/·20 || c_Loss:0.887 || e_Loss:-1.029 || Aad_Loss:-11.681 || 耗时：32.07s
轮次:·12/·20 || c_Loss:0.823 || e_Loss:-1.009 || Aad_Loss:-11.795 || 耗时：12.35s
轮次:·13/·20 || c_Loss:0.646 || e_Loss:-0.999 || Aad_Loss:-13.756 || 耗时：12.36s
轮次:·14/·20 || c_Loss:0.384 || e_Loss:-0.841 || Aad_Loss:-21.169 || 耗时：12.36s
轮次:·15/·20 || c_Loss:0.356 || e_Loss:-0.788 || Aad_Loss:-22.727 || 耗时：12.38s
任务: (B2)N15_M07_F10→(B3)N15_M07_F04; mix批次:····0; 批次:·1410/·1880;  总正确率: 36.15%
类型1 正确率：   0.00% -> 1    0.00%, 2  100.00%, 3    0.00%
类型2 正确率：  71.00% -> 1   17.45%, 2   70.85%, 3   11.70%
类型3 正确率：  38.00% -> 1   29.65%, 2   32.75%, 3   37.60%


样本变换：reverse
样本变换：mask
样本变换：shift
样本变换：none
未过滤	未用伪标签：36.15% -> 使用伪标签：45.55%
已过滤	未用伪标签：36.25% -> 使用伪标签：45.86%
排除样本：41|6000	剩余：113, 4045, 1801
增添样本：1371		细则：0, 1371	正确率估算：53.39%
类型1 正确率：   0.00% -> 1    0.00%, 2  100.00%, 3    0.00%
类型2 正确率：  71.00% -> 1    5.56%, 2   70.98%, 3   23.46%
类型3 正确率：  67.00% -> 1    0.20%, 2   32.68%, 3   67.12%

被排除样本 正确率：21.95%
类型1 没有样本或未被分类。
类型2 正确率：  23.00% -> 1   41.03%, 2   23.08%, 3   35.90%
类型3 正确率：   0.00% -> 1    0.00%, 2  100.00%, 3    0.00%


轮次:·16/·20 || c_Loss:0.397 || e_Loss:-1.419 || Aad_Loss:-38.734 || 耗时：32.73s
轮次:·17/·20 || c_Loss:0.397 || e_Loss:-1.263 || Aad_Loss:-42.218 || 耗时：12.33s
轮次:·18/·20 || c_Loss:0.409 || e_Loss:-1.290 || Aad_Loss:-36.606 || 耗时：12.35s
轮次:·19/·20 || c_Loss:0.388 || e_Loss:-1.405 || Aad_Loss:-39.894 || 耗时：12.35s
轮次:·20/·20 || c_Loss:0.393 || e_Loss:-1.455 || Aad_Loss:-43.512 || 耗时：12.36s
任务: (B2)N15_M07_F10→(B3)N15_M07_F04; mix批次:····0; 批次:·1880/·1880;  总正确率: 44.77%
类型1 正确率：   0.00% -> 1    0.00%, 2  100.00%, 3    0.00%
类型2 正确率：  67.00% -> 1    0.00%, 2   66.95%, 3   33.05%
类型3 正确率：  67.00% -> 1    1.85%, 2   30.80%, 3   67.35%


测试集任务: (B2)N15_M07_F10→(B3)N15_M07_F04; 总正确率 = 44.77%
类型1 正确率：   0.00% -> 1    0.00%, 2  100.00%, 3    0.00%
类型2 正确率：  67.00% -> 1    0.00%, 2   66.95%, 3   33.05%
类型3 正确率：  67.00% -> 1    1.85%, 2   30.80%, 3   67.35%


