读取源域路径：/kaggle/working/m2rep/rep1/weight_PU_M1_final_checkpoint_FBtoA_gatev2_s2024/NEW_PU/Source-源域/log&pt/(B2)N15_M07_F10
excel输出位置：/kaggle/working/m2rep/rep1/weight_PU_M1_final_checkpoint_FBtoA_gatev2_s2024/NEW_PU/Target-目标域
特征图片输出位置：/kaggle/working/m2rep/rep1/weight_PU_M1_final_checkpoint_FBtoA_gatev2_s2024/NEW_PU/Picture-特征图/2026年09月14日16时42分/(B2)N15_M07_F10
现在选取:(B2)N15_M07_F10 进行训练的源模型
现在进行：(B2)N15_M07_F10→(B1)N15_M01_F10 的迁移任务
log&pt输出位置：/kaggle/working/m2rep/rep1/weight_PU_M1_final_checkpoint_FBtoA_gatev2_s2024/NEW_PU/Target-目标域/log&pt/(B2)N15_M07_F10→(B1)N15_M01_F10
任务: (B2)N15_M07_F10→(B1)N15_M01_F10; 批次:····0/·1880;  总正确率: 55.52%
类型1 正确率： 100.00% -> 1  100.00%, 2    0.00%, 3    0.00%
类型2 正确率：  34.00% -> 1   32.15%, 2   33.55%, 3   34.30%
类型3 正确率：  33.00% -> 1    0.00%, 2   67.00%, 3   33.00%


样本变换：reverse
样本变换：mask
样本变换：shift
样本变换：none
未过滤	未用伪标签：55.52% -> 使用伪标签：55.23%
已过滤	未用伪标签：55.74% -> 使用伪标签：55.49%
排除样本：28|6000	剩余：2596, 1994, 1382
增添样本：3094		细则：0, 1875, 1219	正确率估算：95.82%
类型1 正确率： 100.00% -> 1  100.00%, 2    0.00%, 3    0.00%
类型2 正确率：  33.00% -> 1   30.22%, 2   33.16%, 3   36.61%
类型3 正确率：  33.00% -> 1    0.00%, 2   67.00%, 3   33.00%

被排除样本 正确率：7.14%
类型1 没有样本或未被分类。
类型2 正确率：   7.00% -> 1    3.57%, 2    7.14%, 3   89.29%
类型3 没有样本或未被分类。


轮次:··1/·20 || c_Loss:0.528 || e_Loss:-1.038 || Aad_Loss:-25.607 || 耗时：33.63s
轮次:··2/·20 || c_Loss:0.385 || e_Loss:-1.832 || Aad_Loss:-22.141 || 耗时：12.64s
轮次:··3/·20 || c_Loss:0.424 || e_Loss:-1.608 || Aad_Loss:-29.103 || 耗时：12.56s
轮次:··4/·20 || c_Loss:0.350 || e_Loss:-1.762 || Aad_Loss:-26.946 || 耗时：12.47s
轮次:··5/·20 || c_Loss:0.415 || e_Loss:-1.747 || Aad_Loss:-24.287 || 耗时：12.54s
任务: (B2)N15_M07_F10→(B1)N15_M01_F10; mix批次:····0; 批次:··470/·1880;  总正确率: 59.60%
类型1 正确率： 100.00% -> 1  100.00%, 2    0.00%, 3    0.00%
类型2 正确率：  33.00% -> 1   34.00%, 2   33.00%, 3   33.00%
类型3 正确率：  46.00% -> 1    7.20%, 2   47.00%, 3   45.80%


样本变换：reverse
样本变换：mask
样本变换：shift
样本变换：none
未过滤	未用伪标签：59.60% -> 使用伪标签：55.32%
已过滤	未用伪标签：59.60% -> 使用伪标签：55.32%
排除样本：2680|6000	剩余：1999, 1321
增添样本：3314		细则：0, 1954, 1360	正确率估算：98.83%
类型1 正确率： 100.00% -> 1  100.00%, 2    0.00%, 3    0.00%
类型2 正确率：  33.00% -> 1   34.00%, 2   32.95%, 3   33.05%
类型3 正确率：  33.00% -> 1    0.00%, 2   67.00%, 3   33.00%

被排除样本 正确率：nan%


轮次:··6/·20 || c_Loss:0.365 || e_Loss:-1.794 || Aad_Loss:-28.117 || 耗时：33.41s
轮次:··7/·20 || c_Loss:0.397 || e_Loss:-1.796 || Aad_Loss:-29.744 || 耗时：12.66s
轮次:··8/·20 || c_Loss:0.355 || e_Loss:-1.777 || Aad_Loss:-28.289 || 耗时：12.64s
轮次:··9/·20 || c_Loss:0.348 || e_Loss:-1.866 || Aad_Loss:-30.701 || 耗时：12.67s
轮次:·10/·20 || c_Loss:0.362 || e_Loss:-1.822 || Aad_Loss:-28.820 || 耗时：12.67s
任务: (B2)N15_M07_F10→(B1)N15_M01_F10; mix批次:····0; 批次:··940/·1880;  总正确率: 62.88%
类型1 正确率： 100.00% -> 1  100.00%, 2    0.00%, 3    0.00%
类型2 正确率：  33.00% -> 1   34.00%, 2   32.90%, 3   33.10%
类型3 正确率：  56.00% -> 1    8.35%, 2   35.90%, 3   55.75%


样本变换：reverse
样本变换：mask
样本变换：shift
样本变换：none
未过滤	未用伪标签：62.88% -> 使用伪标签：55.30%
已过滤	未用伪标签：62.88% -> 使用伪标签：55.31%
排除样本：1|6000	剩余：2680, 1996, 1323
增添样本：3315		细则：0, 1956, 1359	正确率估算：98.58%
类型1 正确率： 100.00% -> 1  100.00%, 2    0.00%, 3    0.00%
类型2 正确率：  33.00% -> 1   34.02%, 2   32.87%, 3   33.12%
类型3 正确率：  33.00% -> 1    0.00%, 2   66.95%, 3   33.05%

被排除样本 正确率：100.00%
类型1 正确率： 100.00% -> 1  100.00%


轮次:·11/·20 || c_Loss:0.370 || e_Loss:-1.880 || Aad_Loss:-25.660 || 耗时：33.74s
轮次:·12/·20 || c_Loss:0.366 || e_Loss:-1.770 || Aad_Loss:-30.189 || 耗时：12.57s
轮次:·13/·20 || c_Loss:0.377 || e_Loss:-1.866 || Aad_Loss:-28.714 || 耗时：12.59s
轮次:·14/·20 || c_Loss:0.379 || e_Loss:-1.774 || Aad_Loss:-25.839 || 耗时：12.63s
轮次:·15/·20 || c_Loss:0.364 || e_Loss:-1.856 || Aad_Loss:-29.211 || 耗时：12.64s
任务: (B2)N15_M07_F10→(B1)N15_M01_F10; mix批次:····0; 批次:·1410/·1880;  总正确率: 60.75%
类型1 正确率： 100.00% -> 1  100.00%, 2    0.00%, 3    0.00%
类型2 正确率：  33.00% -> 1   34.00%, 2   33.00%, 3   33.00%
类型3 正确率：  49.00% -> 1   11.50%, 2   39.25%, 3   49.25%


样本变换：reverse
样本变换：mask
样本变换：shift
样本变换：none
未过滤	未用伪标签：60.75% -> 使用伪标签：55.32%
已过滤	未用伪标签：60.74% -> 使用伪标签：55.33%
排除样本：1|6000	剩余：2680, 1998, 1321
增添样本：3314		细则：0, 1954, 1360	正确率估算：98.63%
类型1 正确率： 100.00% -> 1  100.00%, 2    0.00%, 3    0.00%
类型2 正确率：  33.00% -> 1   34.00%, 2   32.95%, 3   33.05%
类型3 正确率：  33.00% -> 1    0.00%, 2   66.98%, 3   33.02%

被排除样本 正确率：100.00%
类型1 正确率： 100.00% -> 1  100.00%


轮次:·16/·20 || c_Loss:0.360 || e_Loss:-1.812 || Aad_Loss:-28.554 || 耗时：33.74s
轮次:·17/·20 || c_Loss:0.395 || e_Loss:-1.835 || Aad_Loss:-30.174 || 耗时：12.64s
轮次:·18/·20 || c_Loss:0.349 || e_Loss:-1.793 || Aad_Loss:-28.642 || 耗时：12.66s
轮次:·19/·20 || c_Loss:0.343 || e_Loss:-1.886 || Aad_Loss:-31.079 || 耗时：12.67s
轮次:·20/·20 || c_Loss:0.360 || e_Loss:-1.835 || Aad_Loss:-29.113 || 耗时：12.63s
任务: (B2)N15_M07_F10→(B1)N15_M01_F10; mix批次:····0; 批次:·1880/·1880;  总正确率: 63.40%
类型1 正确率： 100.00% -> 1  100.00%, 2    0.00%, 3    0.00%
类型2 正确率：  33.00% -> 1   34.00%, 2   32.90%, 3   33.10%
类型3 正确率：  57.00% -> 1    8.15%, 2   34.55%, 3   57.30%


测试集任务: (B2)N15_M07_F10→(B1)N15_M01_F10; 总正确率 = 63.40%
类型1 正确率： 100.00% -> 1  100.00%, 2    0.00%, 3    0.00%
类型2 正确率：  33.00% -> 1   34.00%, 2   32.90%, 3   33.10%
类型3 正确率：  57.00% -> 1    8.15%, 2   34.55%, 3   57.30%


