读取源域路径：/kaggle/working/m2rep/rep1/weight_PU_M1_final_checkpoint_FBtoA_gatev2_s2024/NEW_PU/Source-源域/log&pt/(B2)N15_M07_F10
excel输出位置：/kaggle/working/m2rep/rep1/weight_PU_M1_final_checkpoint_FBtoA_gatev2_s2024/NEW_PU/Target-目标域
特征图片输出位置：/kaggle/working/m2rep/rep1/weight_PU_M1_final_checkpoint_FBtoA_gatev2_s2024/NEW_PU/Picture-特征图/2026年09月14日16时48分/(B2)N15_M07_F10
现在选取:(B2)N15_M07_F10 进行训练的源模型
现在进行：(B2)N15_M07_F10→(B3)N15_M07_F04 的迁移任务
log&pt输出位置：/kaggle/working/m2rep/rep1/weight_PU_M1_final_checkpoint_FBtoA_gatev2_s2024/NEW_PU/Target-目标域/log&pt/(B2)N15_M07_F10→(B3)N15_M07_F04
任务: (B2)N15_M07_F10→(B3)N15_M07_F04; 批次:····0/·1880;  总正确率: 50.57%
类型1 正确率： 100.00% -> 1  100.00%, 2    0.00%, 3    0.00%
类型2 正确率：  38.00% -> 1   26.15%, 2   38.50%, 3   35.35%
类型3 正确率：  13.00% -> 1    2.15%, 2   84.65%, 3   13.20%


样本变换：reverse
样本变换：mask
样本变换：shift
样本变换：none
未过滤	未用伪标签：50.57% -> 使用伪标签：54.50%
已过滤	未用伪标签：50.62% -> 使用伪标签：54.85%
排除样本：38|6000	剩余：2644, 1952, 1366
增添样本：1942		细则：0, 693, 1249	正确率估算：72.91%
类型1 正确率： 100.00% -> 1  100.00%, 2    0.00%, 3    0.00%
类型2 正确率：  31.00% -> 1   32.82%, 2   31.14%, 3   36.03%
类型3 正确率：  33.00% -> 1    0.00%, 2   67.05%, 3   32.95%

被排除样本 正确率：42.11%
类型1 正确率：  42.00% -> 1   42.11%, 2   57.89%
类型2 没有样本或未被分类。


轮次:··1/·20 || c_Loss:0.519 || e_Loss:-1.053 || Aad_Loss:-27.581 || 耗时：33.65s
轮次:··2/·20 || c_Loss:0.380 || e_Loss:-0.889 || Aad_Loss:-29.557 || 耗时：12.60s
轮次:··3/·20 || c_Loss:0.334 || e_Loss:-0.885 || Aad_Loss:-30.285 || 耗时：12.54s
轮次:··4/·20 || c_Loss:0.365 || e_Loss:-0.880 || Aad_Loss:-28.975 || 耗时：12.49s
轮次:··5/·20 || c_Loss:0.339 || e_Loss:-1.046 || Aad_Loss:-29.767 || 耗时：12.58s
任务: (B2)N15_M07_F10→(B3)N15_M07_F04; mix批次:····0; 批次:··470/·1880;  总正确率: 54.92%
类型1 正确率： 100.00% -> 1  100.00%, 2    0.00%, 3    0.00%
类型2 正确率：  32.00% -> 1   34.00%, 2   31.75%, 3   34.25%
类型3 正确率：  33.00% -> 1    0.00%, 2   67.00%, 3   33.00%


样本变换：reverse
样本变换：mask
样本变换：shift
样本变换：none
未过滤	未用伪标签：54.92% -> 使用伪标签：55.12%
已过滤	未用伪标签：54.93% -> 使用伪标签：55.13%
排除样本：1|6000	剩余：2680, 1987, 1332
增添样本：2008		细则：0, 693, 1315	正确率估算：99.75%
类型1 正确率： 100.00% -> 1  100.00%, 2    0.00%, 3    0.00%
类型2 正确率：  32.00% -> 1   34.02%, 2   32.37%, 3   33.62%
类型3 正确率：  33.00% -> 1    0.00%, 2   67.00%, 3   33.00%

被排除样本 正确率：0.00%
类型1 正确率：   0.00% -> 1    0.00%, 2  100.00%
类型2 没有样本或未被分类。


轮次:··6/·20 || c_Loss:0.338 || e_Loss:-0.951 || Aad_Loss:-30.285 || 耗时：33.37s
轮次:··7/·20 || c_Loss:0.340 || e_Loss:-0.931 || Aad_Loss:-30.624 || 耗时：12.54s
轮次:··8/·20 || c_Loss:0.344 || e_Loss:-0.917 || Aad_Loss:-31.169 || 耗时：12.56s
轮次:··9/·20 || c_Loss:0.348 || e_Loss:-0.936 || Aad_Loss:-30.844 || 耗时：12.68s
轮次:·10/·20 || c_Loss:0.345 || e_Loss:-0.930 || Aad_Loss:-30.950 || 耗时：12.57s
任务: (B2)N15_M07_F10→(B3)N15_M07_F04; mix批次:····0; 批次:··940/·1880;  总正确率: 55.15%
类型1 正确率： 100.00% -> 1  100.00%, 2    0.00%, 3    0.00%
类型2 正确率：  32.00% -> 1   34.00%, 2   32.45%, 3   33.55%
类型3 正确率：  33.00% -> 1    0.00%, 2   67.00%, 3   33.00%


样本变换：reverse
样本变换：mask
样本变换：shift
样本变换：none
未过滤	未用伪标签：55.15% -> 使用伪标签：55.18%
已过滤	未用伪标签：55.15% -> 使用伪标签：55.20%
排除样本：2|6000	剩余：2680, 1993, 1325
增添样本：2009		细则：0, 687, 1322	正确率估算：99.90%
类型1 正确率： 100.00% -> 1  100.00%, 2    0.00%, 3    0.00%
类型2 正确率：  33.00% -> 1   34.03%, 2   32.63%, 3   33.33%
类型3 正确率：  33.00% -> 1    0.00%, 2   67.05%, 3   32.95%

被排除样本 正确率：50.00%
类型1 正确率：  50.00% -> 1   50.00%, 2   50.00%
类型2 没有样本或未被分类。


轮次:·11/·20 || c_Loss:0.341 || e_Loss:-0.940 || Aad_Loss:-30.737 || 耗时：33.47s
轮次:·12/·20 || c_Loss:0.347 || e_Loss:-1.638 || Aad_Loss:-31.213 || 耗时：12.49s
轮次:·13/·20 || c_Loss:0.348 || e_Loss:-0.903 || Aad_Loss:-32.327 || 耗时：12.50s
轮次:·14/·20 || c_Loss:0.339 || e_Loss:-0.937 || Aad_Loss:-30.898 || 耗时：12.60s
轮次:·15/·20 || c_Loss:0.335 || e_Loss:-0.952 || Aad_Loss:-31.228 || 耗时：12.51s
任务: (B2)N15_M07_F10→(B3)N15_M07_F04; mix批次:····0; 批次:·1410/·1880;  总正确率: 55.23%
类型1 正确率： 100.00% -> 1  100.00%, 2    0.00%, 3    0.00%
类型2 正确率：  33.00% -> 1   34.00%, 2   32.75%, 3   33.25%
类型3 正确率：  33.00% -> 1    0.00%, 2   67.05%, 3   32.95%


样本变换：reverse
样本变换：mask
样本变换：shift
样本变换：none
未过滤	未用伪标签：55.23% -> 使用伪标签：55.25%
已过滤	未用伪标签：55.25% -> 使用伪标签：55.29%
排除样本：4|6000	剩余：2680, 1997, 1319
增添样本：2010		细则：0, 683, 1327	正确率估算：99.95%
类型1 正确率： 100.00% -> 1  100.00%, 2    0.00%, 3    0.00%
类型2 正确率：  33.00% -> 1   34.07%, 2   32.87%, 3   33.07%
类型3 正确率：  33.00% -> 1    0.00%, 2   67.05%, 3   32.95%

被排除样本 正确率：25.00%
类型1 正确率：  25.00% -> 1   25.00%, 2   75.00%
类型2 没有样本或未被分类。


轮次:·16/·20 || c_Loss:0.335 || e_Loss:-0.944 || Aad_Loss:-31.199 || 耗时：33.46s
轮次:·17/·20 || c_Loss:0.340 || e_Loss:-0.943 || Aad_Loss:-31.426 || 耗时：12.56s
轮次:·18/·20 || c_Loss:0.342 || e_Loss:-1.624 || Aad_Loss:-31.398 || 耗时：12.54s
轮次:·19/·20 || c_Loss:0.339 || e_Loss:-1.025 || Aad_Loss:-30.780 || 耗时：12.66s
轮次:·20/·20 || c_Loss:0.338 || e_Loss:-1.075 || Aad_Loss:-31.286 || 耗时：12.53s
任务: (B2)N15_M07_F10→(B3)N15_M07_F04; mix批次:····0; 批次:·1880/·1880;  总正确率: 55.23%
类型1 正确率： 100.00% -> 1  100.00%, 2    0.00%, 3    0.00%
类型2 正确率：  33.00% -> 1   34.00%, 2   32.75%, 3   33.25%
类型3 正确率：  33.00% -> 1    0.00%, 2   67.05%, 3   32.95%


测试集任务: (B2)N15_M07_F10→(B3)N15_M07_F04; 总正确率 = 55.23%
类型1 正确率： 100.00% -> 1  100.00%, 2    0.00%, 3    0.00%
类型2 正确率：  33.00% -> 1   34.00%, 2   32.75%, 3   33.25%
类型3 正确率：  33.00% -> 1    0.00%, 2   67.05%, 3   32.95%


