读取源域路径：/kaggle/working/m2rep/rep1/weight_PU_M1_final_checkpoint_FBtoA_gatev2_s2024/NEW_PU/Source-源域/log&pt/(B3)N15_M07_F04
excel输出位置：/kaggle/working/m2rep/rep1/weight_PU_M1_final_checkpoint_FBtoA_gatev2_s2024/NEW_PU/Target-目标域
特征图片输出位置：/kaggle/working/m2rep/rep1/weight_PU_M1_final_checkpoint_FBtoA_gatev2_s2024/NEW_PU/Picture-特征图/2026年09月14日17时00分/(B3)N15_M07_F04
现在选取:(B3)N15_M07_F04 进行训练的源模型
现在进行：(B3)N15_M07_F04→(B2)N15_M07_F10 的迁移任务
log&pt输出位置：/kaggle/working/m2rep/rep1/weight_PU_M1_final_checkpoint_FBtoA_gatev2_s2024/NEW_PU/Target-目标域/log&pt/(B3)N15_M07_F04→(B2)N15_M07_F10
任务: (B3)N15_M07_F04→(B2)N15_M07_F10; 批次:····0/·1880;  总正确率: 53.68%
类型1 正确率：  95.00% -> 1   94.70%, 2    0.00%, 3    5.30%
类型2 正确率：  33.00% -> 1   17.50%, 2   33.35%, 3   49.15%
类型3 正确率：  33.00% -> 1    0.00%, 2   67.00%, 3   33.00%


样本变换：reverse
样本变换：mask
样本变换：shift
样本变换：none
未过滤	未用伪标签：53.68% -> 使用伪标签：51.75%
已过滤	未用伪标签：53.82% -> 使用伪标签：52.78%
排除样本：117|6000	剩余：2196, 1997, 1690
增添样本：1452		细则：0, 946, 506	正确率估算：98.90%
类型1 正确率：  92.00% -> 1   92.21%, 2    0.00%, 3    7.79%
类型2 正确率：  34.00% -> 1   20.99%, 2   33.80%, 3   45.22%
类型3 正确率：  33.00% -> 1    0.00%, 2   67.00%, 3   33.00%

被排除样本 正确率：47.01%
类型1 正确率：  84.00% -> 1   83.61%, 2    0.00%, 3   16.39%
类型2 正确率：   7.00% -> 1    7.14%, 2    7.14%, 3   85.71%
类型3 没有样本或未被分类。


轮次:··1/·20 || c_Loss:0.545 || e_Loss:-0.978 || Aad_Loss:-23.101 || 耗时：33.61s
轮次:··2/·20 || c_Loss:0.524 || e_Loss:-1.482 || Aad_Loss:-27.588 || 耗时：12.78s
轮次:··3/·20 || c_Loss:0.414 || e_Loss:-1.563 || Aad_Loss:-28.151 || 耗时：12.66s
轮次:··4/·20 || c_Loss:0.437 || e_Loss:-1.663 || Aad_Loss:-24.250 || 耗时：12.58s
轮次:··5/·20 || c_Loss:0.433 || e_Loss:-1.668 || Aad_Loss:-23.797 || 耗时：12.54s
任务: (B3)N15_M07_F04→(B2)N15_M07_F10; mix批次:····0; 批次:··470/·1880;  总正确率: 55.78%
类型1 正确率：  97.00% -> 1   96.70%, 2    0.00%, 3    3.30%
类型2 正确率：  33.00% -> 1   20.00%, 2   33.00%, 3   47.00%
类型3 正确率：  38.00% -> 1    1.55%, 2   60.80%, 3   37.65%


样本变换：reverse
样本变换：mask
样本变换：shift
样本变换：none
未过滤	未用伪标签：55.78% -> 使用伪标签：55.33%
已过滤	未用伪标签：55.91% -> 使用伪标签：55.46%
排除样本：14|6000	剩余：2617, 2000, 1369
增添样本：2575		细则：0, 1351, 1224	正确率估算：100.00%
类型1 正确率： 100.00% -> 1  100.00%, 2    0.00%, 3    0.00%
类型2 正确率：  33.00% -> 1   31.07%, 2   33.23%, 3   35.70%
类型3 正确率：  33.00% -> 1    0.00%, 2   67.00%, 3   33.00%

被排除样本 正确率：0.00%
类型1 正确率：   0.00% -> 1    0.00%, 2  100.00%
类型2 没有样本或未被分类。


轮次:··6/·20 || c_Loss:0.412 || e_Loss:-1.621 || Aad_Loss:-26.784 || 耗时：33.89s
轮次:··7/·20 || c_Loss:0.375 || e_Loss:-1.690 || Aad_Loss:-27.922 || 耗时：12.64s
轮次:··8/·20 || c_Loss:0.367 || e_Loss:-1.890 || Aad_Loss:-27.282 || 耗时：12.63s
轮次:··9/·20 || c_Loss:0.371 || e_Loss:-1.823 || Aad_Loss:-26.563 || 耗时：12.68s
轮次:·10/·20 || c_Loss:0.353 || e_Loss:-1.825 || Aad_Loss:-28.348 || 耗时：12.55s
任务: (B3)N15_M07_F04→(B2)N15_M07_F10; mix批次:····0; 批次:··940/·1880;  总正确率: 58.15%
类型1 正确率： 100.00% -> 1  100.00%, 2    0.00%, 3    0.00%
类型2 正确率：  33.00% -> 1   34.00%, 2   33.00%, 3   33.00%
类型3 正确率：  41.00% -> 1    3.40%, 2   55.15%, 3   41.45%


样本变换：reverse
样本变换：mask
样本变换：shift
样本变换：none
未过滤	未用伪标签：58.15% -> 使用伪标签：55.33%
已过滤	未用伪标签：58.15% -> 使用伪标签：55.33%
排除样本：2680|6000	剩余：2000, 1320
增添样本：2734		细则：0, 1408, 1326	正确率估算：99.96%
类型1 正确率： 100.00% -> 1  100.00%, 2    0.00%, 3    0.00%
类型2 正确率：  33.00% -> 1   34.00%, 2   33.00%, 3   33.00%
类型3 正确率：  33.00% -> 1    0.00%, 2   67.00%, 3   33.00%

被排除样本 正确率：nan%


轮次:·11/·20 || c_Loss:0.363 || e_Loss:-1.790 || Aad_Loss:-26.785 || 耗时：33.93s
轮次:·12/·20 || c_Loss:0.363 || e_Loss:-1.884 || Aad_Loss:-30.409 || 耗时：12.66s
轮次:·13/·20 || c_Loss:0.363 || e_Loss:-1.667 || Aad_Loss:-27.133 || 耗时：12.69s
轮次:·14/·20 || c_Loss:0.350 || e_Loss:-1.835 || Aad_Loss:-28.790 || 耗时：12.70s
轮次:·15/·20 || c_Loss:0.341 || e_Loss:-1.923 || Aad_Loss:-28.856 || 耗时：12.66s
任务: (B3)N15_M07_F04→(B2)N15_M07_F10; mix批次:····0; 批次:·1410/·1880;  总正确率: 58.23%
类型1 正确率： 100.00% -> 1  100.00%, 2    0.00%, 3    0.00%
类型2 正确率：  33.00% -> 1   34.00%, 2   33.00%, 3   33.00%
类型3 正确率：  42.00% -> 1    3.35%, 2   54.95%, 3   41.70%


样本变换：reverse
样本变换：mask
样本变换：shift
样本变换：none
未过滤	未用伪标签：58.23% -> 使用伪标签：55.33%
已过滤	未用伪标签：58.23% -> 使用伪标签：55.33%
排除样本：2680|6000	剩余：2000, 1320
增添样本：2734		细则：0, 1408, 1326	正确率估算：99.96%
类型1 正确率： 100.00% -> 1  100.00%, 2    0.00%, 3    0.00%
类型2 正确率：  33.00% -> 1   34.00%, 2   33.00%, 3   33.00%
类型3 正确率：  33.00% -> 1    0.00%, 2   67.00%, 3   33.00%

被排除样本 正确率：nan%


轮次:·16/·20 || c_Loss:0.359 || e_Loss:-1.802 || Aad_Loss:-27.048 || 耗时：34.00s
轮次:·17/·20 || c_Loss:0.354 || e_Loss:-1.905 || Aad_Loss:-30.678 || 耗时：12.65s
轮次:·18/·20 || c_Loss:0.359 || e_Loss:-1.659 || Aad_Loss:-27.329 || 耗时：12.68s
轮次:·19/·20 || c_Loss:0.346 || e_Loss:-1.849 || Aad_Loss:-29.133 || 耗时：12.71s
轮次:·20/·20 || c_Loss:0.339 || e_Loss:-1.933 || Aad_Loss:-29.055 || 耗时：12.67s
任务: (B3)N15_M07_F04→(B2)N15_M07_F10; mix批次:····0; 批次:·1880/·1880;  总正确率: 58.43%
类型1 正确率： 100.00% -> 1  100.00%, 2    0.00%, 3    0.00%
类型2 正确率：  33.00% -> 1   34.00%, 2   33.00%, 3   33.00%
类型3 正确率：  42.00% -> 1    3.65%, 2   54.05%, 3   42.30%


测试集任务: (B3)N15_M07_F04→(B2)N15_M07_F10; 总正确率 = 58.43%
类型1 正确率： 100.00% -> 1  100.00%, 2    0.00%, 3    0.00%
类型2 正确率：  33.00% -> 1   34.00%, 2   33.00%, 3   33.00%
类型3 正确率：  42.00% -> 1    3.65%, 2   54.05%, 3   42.30%


