读取源域路径：/kaggle/working/k10/S05/weight_PU_M1_final_checkpoint_FS05toS05c_gatepcv_s2024/NEW_PU/Source-源域/log&pt/(B3)N15_M07_F04
excel输出位置：/kaggle/working/k10/S05/weight_PU_M1_final_checkpoint_FS05toS05c_gatepcv_s2024/NEW_PU/Target-目标域
特征图片输出位置：/kaggle/working/k10/S05/weight_PU_M1_final_checkpoint_FS05toS05c_gatepcv_s2024/NEW_PU/Picture-特征图/2026年09月17日01时38分/(B3)N15_M07_F04
现在选取:(B3)N15_M07_F04 进行训练的源模型
现在进行：(B3)N15_M07_F04→(B2)N15_M07_F10 的迁移任务
log&pt输出位置：/kaggle/working/k10/S05/weight_PU_M1_final_checkpoint_FS05toS05c_gatepcv_s2024/NEW_PU/Target-目标域/log&pt/(B3)N15_M07_F04→(B2)N15_M07_F10
任务: (B3)N15_M07_F04→(B2)N15_M07_F10; 批次:····0/·1880;  总正确率: 20.15%
类型1 正确率：  40.00% -> 1   39.80%, 2   21.15%, 3   39.05%
类型2 正确率：  19.00% -> 1    0.00%, 2   18.90%, 3   81.10%
类型3 正确率：   2.00% -> 1    0.00%, 2   98.25%, 3    1.75%


样本变换：reverse
样本变换：mask
样本变换：shift
样本变换：none
未过滤	未用伪标签：20.15% -> 使用伪标签：23.07%
已过滤	未用伪标签：20.13% -> 使用伪标签：23.78%
排除样本：179|6000	剩余：855, 2893, 2073
增添样本：4051		细则：2038, 0, 2013	正确率估算：93.43%
类型1 正确率：  45.00% -> 1   44.65%, 2   19.53%, 3   35.82%
类型2 正确率：  28.00% -> 1    0.00%, 2   27.56%, 3   72.44%
类型3 正确率：   0.00% -> 1    0.00%, 2   99.90%, 3    0.10%

被排除样本 正确率：20.67%
类型1 正确率：  31.00% -> 1   30.59%, 2   51.76%, 3   17.65%
类型2 正确率：   6.00% -> 1    0.00%, 2    5.68%, 3   94.32%
类型3 正确率： 100.00% -> 1    0.00%, 2    0.00%, 3  100.00%


轮次:··1/·20 || c_Loss:0.674 || e_Loss:-1.477 || Aad_Loss:-19.050 || 耗时：35.44s
轮次:··2/·20 || c_Loss:0.421 || e_Loss:-1.379 || Aad_Loss:-22.806 || 耗时：13.42s
轮次:··3/·20 || c_Loss:0.511 || e_Loss:-1.572 || Aad_Loss:-20.828 || 耗时：13.32s
轮次:··4/·20 || c_Loss:0.406 || e_Loss:-1.513 || Aad_Loss:-23.769 || 耗时：13.32s
轮次:··5/·20 || c_Loss:0.392 || e_Loss:-1.589 || Aad_Loss:-26.447 || 耗时：13.33s
任务: (B3)N15_M07_F04→(B2)N15_M07_F10; mix批次:····0; 批次:··470/·1880;  总正确率: 37.10%
类型1 正确率：  49.00% -> 1   49.20%, 2   16.60%, 3   34.20%
类型2 正确率：  62.00% -> 1    0.05%, 2   62.10%, 3   37.85%
类型3 正确率：   0.00% -> 1    0.00%, 2  100.00%, 3    0.00%


样本变换：reverse
样本变换：mask
样本变换：shift
样本变换：none
未过滤	未用伪标签：37.10% -> 使用伪标签：32.63%
已过滤	未用伪标签：36.61% -> 使用伪标签：33.10%
排除样本：84|6000	剩余：968, 3300, 1648
增添样本：4854		细则：2332, 0, 2522	正确率估算：99.54%
类型1 正确率：  49.00% -> 1   49.44%, 2   15.83%, 3   34.73%
类型2 正确率：  51.00% -> 1    0.00%, 2   50.56%, 3   49.44%
类型3 正确率：   0.00% -> 1    0.00%, 2  100.00%, 3    0.00%

被排除样本 正确率：71.43%
类型1 正确率：  43.00% -> 1   42.86%, 2   52.38%, 3    4.76%
类型2 正确率： 100.00% -> 1    0.00%, 2  100.00%, 3    0.00%
类型3 没有样本或未被分类。


轮次:··6/·20 || c_Loss:0.386 || e_Loss:-1.619 || Aad_Loss:-24.993 || 耗时：35.19s
轮次:··7/·20 || c_Loss:0.371 || e_Loss:-1.627 || Aad_Loss:-30.631 || 耗时：13.26s
轮次:··8/·20 || c_Loss:0.378 || e_Loss:-1.606 || Aad_Loss:-26.721 || 耗时：13.21s
轮次:··9/·20 || c_Loss:0.380 || e_Loss:-1.612 || Aad_Loss:-29.972 || 耗时：13.22s
轮次:·10/·20 || c_Loss:0.422 || e_Loss:-1.636 || Aad_Loss:-24.601 || 耗时：13.33s
任务: (B3)N15_M07_F04→(B2)N15_M07_F10; mix批次:····0; 批次:··940/·1880;  总正确率: 40.38%
类型1 正确率：  54.00% -> 1   54.05%, 2   11.90%, 3   34.05%
类型2 正确率：  67.00% -> 1    1.05%, 2   67.10%, 3   31.85%
类型3 正确率：   0.00% -> 1    0.00%, 2  100.00%, 3    0.00%


样本变换：reverse
样本变换：mask
样本变换：shift
样本变换：none
未过滤	未用伪标签：40.38% -> 使用伪标签：39.32%
已过滤	未用伪标签：40.13% -> 使用伪标签：39.68%
排除样本：55|6000	剩余：1042, 3556, 1347
增添样本：5291		细则：2514, 0, 2777	正确率估算：99.84%
类型1 正确率：  53.00% -> 1   53.11%, 2   12.18%, 3   34.71%
类型2 正确率：  66.00% -> 1    0.00%, 2   66.41%, 3   33.59%
类型3 正确率：   0.00% -> 1    0.00%, 2  100.00%, 3    0.00%

被排除样本 正确率：67.27%
类型1 正确率：  63.00% -> 1   63.16%, 2   34.21%, 3    2.63%
类型2 正确率：  76.00% -> 1    5.88%, 2   76.47%, 3   17.65%
类型3 没有样本或未被分类。


轮次:·11/·20 || c_Loss:0.423 || e_Loss:-1.742 || Aad_Loss:-27.573 || 耗时：35.04s
轮次:·12/·20 || c_Loss:0.420 || e_Loss:-1.806 || Aad_Loss:-27.433 || 耗时：13.24s
轮次:·13/·20 || c_Loss:0.378 || e_Loss:-1.699 || Aad_Loss:-29.038 || 耗时：13.24s
轮次:·14/·20 || c_Loss:0.374 || e_Loss:-1.729 || Aad_Loss:-35.139 || 耗时：13.25s
轮次:·15/·20 || c_Loss:0.392 || e_Loss:-1.658 || Aad_Loss:-32.026 || 耗时：13.34s
任务: (B3)N15_M07_F04→(B2)N15_M07_F10; mix批次:····0; 批次:·1410/·1880;  总正确率: 48.12%
类型1 正确率：  58.00% -> 1   57.60%, 2    8.40%, 3   34.00%
类型2 正确率：  87.00% -> 1    4.65%, 2   86.75%, 3    8.60%
类型3 正确率：   0.00% -> 1    0.00%, 2  100.00%, 3    0.00%


样本变换：reverse
样本变换：mask
样本变换：shift
样本变换：none
未过滤	未用伪标签：48.12% -> 使用伪标签：44.08%
已过滤	未用伪标签：47.63% -> 使用伪标签：44.72%
排除样本：86|6000	剩余：1106, 3714, 1094
增添样本：5565		细则：2608, 0, 2957	正确率估算：97.42%
类型1 正确率：  56.00% -> 1   56.34%, 2    8.91%, 3   34.74%
类型2 正确率：  79.00% -> 1    0.00%, 2   78.88%, 3   21.12%
类型3 正确率：   0.00% -> 1    0.00%, 2  100.00%, 3    0.00%

被排除样本 正确率：81.40%
类型1 正确率：  57.00% -> 1   56.76%, 2   43.24%
类型2 正确率： 100.00% -> 1    0.00%, 2  100.00%


轮次:·16/·20 || c_Loss:0.435 || e_Loss:-0.696 || Aad_Loss:-32.411 || 耗时：35.25s
轮次:·17/·20 || c_Loss:0.410 || e_Loss:-1.764 || Aad_Loss:-28.617 || 耗时：13.32s
轮次:·18/·20 || c_Loss:0.377 || e_Loss:-1.841 || Aad_Loss:-30.772 || 耗时：13.33s
轮次:·19/·20 || c_Loss:0.399 || e_Loss:-1.802 || Aad_Loss:-33.013 || 耗时：13.33s
轮次:·20/·20 || c_Loss:0.388 || e_Loss:-1.825 || Aad_Loss:-30.467 || 耗时：13.33s
任务: (B3)N15_M07_F04→(B2)N15_M07_F10; mix批次:····0; 批次:·1880/·1880;  总正确率: 49.12%
类型1 正确率：  62.00% -> 1   62.25%, 2    3.75%, 3   34.00%
类型2 正确率：  85.00% -> 1    0.25%, 2   85.10%, 3   14.65%
类型3 正确率：   0.00% -> 1    0.00%, 2  100.00%, 3    0.00%


测试集任务: (B3)N15_M07_F04→(B2)N15_M07_F10; 总正确率 = 49.12%
类型1 正确率：  62.00% -> 1   62.25%, 2    3.75%, 3   34.00%
类型2 正确率：  85.00% -> 1    0.25%, 2   85.10%, 3   14.65%
类型3 正确率：   0.00% -> 1    0.00%, 2  100.00%, 3    0.00%


