读取源域路径：/kaggle/working/k10/S05/weight_PU_M1_final_checkpoint_FS05toS05c_gatepcv_s2024/NEW_PU/Source-源域/log&pt/(B2)N15_M07_F10
excel输出位置：/kaggle/working/k10/S05/weight_PU_M1_final_checkpoint_FS05toS05c_gatepcv_s2024/NEW_PU/Target-目标域
特征图片输出位置：/kaggle/working/k10/S05/weight_PU_M1_final_checkpoint_FS05toS05c_gatepcv_s2024/NEW_PU/Picture-特征图/2026年09月17日01时26分/(B2)N15_M07_F10
现在选取:(B2)N15_M07_F10 进行训练的源模型
现在进行：(B2)N15_M07_F10→(B3)N15_M07_F04 的迁移任务
log&pt输出位置：/kaggle/working/k10/S05/weight_PU_M1_final_checkpoint_FS05toS05c_gatepcv_s2024/NEW_PU/Target-目标域/log&pt/(B2)N15_M07_F10→(B3)N15_M07_F04
任务: (B2)N15_M07_F10→(B3)N15_M07_F04; 批次:····0/·1880;  总正确率: 47.33%
类型1 正确率：  90.00% -> 1   90.40%, 2    3.00%, 3    6.60%
类型2 正确率：   5.00% -> 1    0.00%, 2    5.35%, 3   94.65%
类型3 正确率：  46.00% -> 1    0.00%, 2   53.75%, 3   46.25%


样本变换：reverse
样本变换：mask
样本变换：shift
样本变换：none
未过滤	未用伪标签：47.33% -> 使用伪标签：46.75%
已过滤	未用伪标签：46.84% -> 使用伪标签：47.31%
排除样本：71|6000	剩余：1800, 1146, 2983
增添样本：2492		细则：919, 1573, 0	正确率估算：92.49%
类型1 正确率：  93.00% -> 1   92.83%, 2    7.12%, 3    0.05%
类型2 正确率：   0.00% -> 1    0.05%, 2    0.35%, 3   99.60%
类型3 正确率：  50.00% -> 1    0.00%, 2   50.05%, 3   49.95%

被排除样本 正确率：88.73%
类型1 正确率：  87.00% -> 1   87.10%, 2    9.68%, 3    3.23%
类型2 正确率： 100.00% -> 1    0.00%, 2  100.00%, 3    0.00%
类型3 没有样本或未被分类。


轮次:··1/·20 || c_Loss:0.664 || e_Loss:-1.067 || Aad_Loss:-27.269 || 耗时：35.54s
轮次:··2/·20 || c_Loss:0.375 || e_Loss:-1.293 || Aad_Loss:-27.041 || 耗时：13.42s
轮次:··3/·20 || c_Loss:0.468 || e_Loss:-1.558 || Aad_Loss:-25.005 || 耗时：13.35s
轮次:··4/·20 || c_Loss:0.400 || e_Loss:-1.529 || Aad_Loss:-29.449 || 耗时：13.34s
轮次:··5/·20 || c_Loss:0.426 || e_Loss:-1.395 || Aad_Loss:-28.438 || 耗时：13.33s
任务: (B2)N15_M07_F10→(B3)N15_M07_F04; mix批次:····0; 批次:··470/·1880;  总正确率: 49.37%
类型1 正确率：  94.00% -> 1   94.05%, 2    5.95%, 3    0.00%
类型2 正确率：   4.00% -> 1    0.00%, 2    4.40%, 3   95.60%
类型3 正确率：  50.00% -> 1    0.00%, 2   50.35%, 3   49.65%


样本变换：reverse
样本变换：mask
样本变换：shift
样本变换：none
未过滤	未用伪标签：49.37% -> 使用伪标签：49.98%
已过滤	未用伪标签：49.37% -> 使用伪标签：49.99%
排除样本：1|6000	剩余：1998, 1002, 2999
增添样本：2470		细则：737, 1733, 0	正确率估算：97.41%
类型1 正确率： 100.00% -> 1   99.95%, 2    0.05%, 3    0.00%
类型2 正确率：   0.00% -> 1    0.00%, 2    0.05%, 3   99.95%
类型3 正确率：  50.00% -> 1    0.00%, 2   50.00%, 3   50.00%

被排除样本 正确率：0.00%
类型1 正确率：   0.00% -> 1    0.00%, 2  100.00%
类型2 没有样本或未被分类。


轮次:··6/·20 || c_Loss:0.390 || e_Loss:-1.703 || Aad_Loss:-29.051 || 耗时：35.36s
轮次:··7/·20 || c_Loss:0.340 || e_Loss:-1.467 || Aad_Loss:-31.078 || 耗时：13.37s
轮次:··8/·20 || c_Loss:0.396 || e_Loss:-1.501 || Aad_Loss:-33.185 || 耗时：13.35s
轮次:··9/·20 || c_Loss:0.363 || e_Loss:-0.757 || Aad_Loss:-31.213 || 耗时：13.33s
轮次:·10/·20 || c_Loss:0.409 || e_Loss:-1.535 || Aad_Loss:-33.318 || 耗时：13.33s
任务: (B2)N15_M07_F10→(B3)N15_M07_F04; mix批次:····0; 批次:··940/·1880;  总正确率: 51.60%
类型1 正确率： 100.00% -> 1  100.00%, 2    0.00%, 3    0.00%
类型2 正确率：   5.00% -> 1    0.00%, 2    5.15%, 3   94.85%
类型3 正确率：  50.00% -> 1    0.00%, 2   50.35%, 3   49.65%


样本变换：reverse
样本变换：mask
样本变换：shift
样本变换：none
未过滤	未用伪标签：51.60% -> 使用伪标签：50.02%
已过滤	未用伪标签：51.60% -> 使用伪标签：50.02%
排除样本：2000|6000	剩余：1001, 2999
增添样本：2469		细则：735, 1734, 0	正确率估算：100.00%
类型1 正确率： 100.00% -> 1  100.00%, 2    0.00%, 3    0.00%
类型2 正确率：   0.00% -> 1    0.00%, 2    0.05%, 3   99.95%
类型3 正确率：  50.00% -> 1    0.00%, 2   50.00%, 3   50.00%

被排除样本 正确率：nan%


轮次:·11/·20 || c_Loss:0.377 || e_Loss:-1.648 || Aad_Loss:-31.775 || 耗时：35.19s
轮次:·12/·20 || c_Loss:0.481 || e_Loss:-1.636 || Aad_Loss:-32.118 || 耗时：13.31s
轮次:·13/·20 || c_Loss:0.404 || e_Loss:-0.725 || Aad_Loss:-30.709 || 耗时：13.32s
轮次:·14/·20 || c_Loss:0.402 || e_Loss:-1.716 || Aad_Loss:-28.696 || 耗时：13.34s
轮次:·15/·20 || c_Loss:0.383 || e_Loss:-1.711 || Aad_Loss:-29.711 || 耗时：13.36s
任务: (B2)N15_M07_F10→(B3)N15_M07_F04; mix批次:····0; 批次:·1410/·1880;  总正确率: 50.65%
类型1 正确率： 100.00% -> 1  100.00%, 2    0.00%, 3    0.00%
类型2 正确率：   2.00% -> 1    0.00%, 2    2.00%, 3   98.00%
类型3 正确率：  50.00% -> 1    0.00%, 2   50.05%, 3   49.95%


样本变换：reverse
样本变换：mask
样本变换：shift
样本变换：none
未过滤	未用伪标签：50.65% -> 使用伪标签：50.00%
已过滤	未用伪标签：50.65% -> 使用伪标签：50.00%
排除样本：2000|6000	剩余：1000, 3000
增添样本：2472		细则：736, 1736, 0	正确率估算：100.00%
类型1 正确率： 100.00% -> 1  100.00%, 2    0.00%, 3    0.00%
类型2 正确率：   0.00% -> 1    0.00%, 2    0.00%, 3  100.00%
类型3 正确率：  50.00% -> 1    0.00%, 2   50.00%, 3   50.00%

被排除样本 正确率：nan%


轮次:·16/·20 || c_Loss:0.376 || e_Loss:-1.663 || Aad_Loss:-31.967 || 耗时：35.24s
轮次:·17/·20 || c_Loss:0.478 || e_Loss:-1.653 || Aad_Loss:-32.293 || 耗时：13.31s
轮次:·18/·20 || c_Loss:0.402 || e_Loss:-0.732 || Aad_Loss:-30.808 || 耗时：13.33s
轮次:·19/·20 || c_Loss:0.397 || e_Loss:-1.732 || Aad_Loss:-28.966 || 耗时：13.35s
轮次:·20/·20 || c_Loss:0.379 || e_Loss:-1.728 || Aad_Loss:-29.799 || 耗时：13.34s
任务: (B2)N15_M07_F10→(B3)N15_M07_F04; mix批次:····0; 批次:·1880/·1880;  总正确率: 50.60%
类型1 正确率： 100.00% -> 1  100.00%, 2    0.00%, 3    0.00%
类型2 正确率：   2.00% -> 1    0.00%, 2    1.85%, 3   98.15%
类型3 正确率：  50.00% -> 1    0.00%, 2   50.05%, 3   49.95%


测试集任务: (B2)N15_M07_F10→(B3)N15_M07_F04; 总正确率 = 50.60%
类型1 正确率： 100.00% -> 1  100.00%, 2    0.00%, 3    0.00%
类型2 正确率：   2.00% -> 1    0.00%, 2    1.85%, 3   98.15%
类型3 正确率：  50.00% -> 1    0.00%, 2   50.05%, 3   49.95%


