读取源域路径：/kaggle/working/k10/S05/weight_PU_M1_final_checkpoint_FS05toS05c_gatepcv_s2024/NEW_PU/Source-源域/log&pt/(B1)N15_M01_F10
excel输出位置：/kaggle/working/k10/S05/weight_PU_M1_final_checkpoint_FS05toS05c_gatepcv_s2024/NEW_PU/Target-目标域
特征图片输出位置：/kaggle/working/k10/S05/weight_PU_M1_final_checkpoint_FS05toS05c_gatepcv_s2024/NEW_PU/Picture-特征图/2026年09月17日01时13分/(B1)N15_M01_F10
现在选取:(B1)N15_M01_F10 进行训练的源模型
现在进行：(B1)N15_M01_F10→(B3)N15_M07_F04 的迁移任务
log&pt输出位置：/kaggle/working/k10/S05/weight_PU_M1_final_checkpoint_FS05toS05c_gatepcv_s2024/NEW_PU/Target-目标域/log&pt/(B1)N15_M01_F10→(B3)N15_M07_F04
任务: (B1)N15_M01_F10→(B3)N15_M07_F04; 批次:····0/·1880;  总正确率: 37.17%
类型1 正确率：  61.00% -> 1   60.75%, 2   10.55%, 3   28.70%
类型2 正确率：   0.00% -> 1    0.00%, 2    0.00%, 3  100.00%
类型3 正确率：  51.00% -> 1    0.00%, 2   49.25%, 3   50.75%


样本变换：reverse
样本变换：mask
样本变换：shift
样本变换：none
未过滤	未用伪标签：37.17% -> 使用伪标签：39.48%
已过滤	未用伪标签：37.34% -> 使用伪标签：40.52%
排除样本：153|6000	剩余：1364, 1281, 3202
增添样本：3231		细则：1574, 1657, 0	正确率估算：85.82%
类型1 正确率：  74.00% -> 1   73.53%, 2   15.85%, 3   10.62%
类型2 正确率：   0.00% -> 1    0.00%, 2    0.00%, 3  100.00%
类型3 正确率：  50.00% -> 1    0.00%, 2   49.55%, 3   50.45%

被排除样本 正确率：30.72%
类型1 正确率：  30.00% -> 1   29.66%, 2    3.45%, 3   66.90%
类型2 没有样本或未被分类。
类型3 正确率：  50.00% -> 1    0.00%, 2   50.00%, 3   50.00%


轮次:··1/·20 || c_Loss:0.594 || e_Loss:-1.295 || Aad_Loss:-24.622 || 耗时：35.72s
轮次:··2/·20 || c_Loss:0.542 || e_Loss:-1.199 || Aad_Loss:-23.233 || 耗时：13.36s
轮次:··3/·20 || c_Loss:0.540 || e_Loss:-1.268 || Aad_Loss:-21.102 || 耗时：13.23s
轮次:··4/·20 || c_Loss:0.433 || e_Loss:-1.232 || Aad_Loss:-25.455 || 耗时：13.34s
轮次:··5/·20 || c_Loss:0.493 || e_Loss:-0.793 || Aad_Loss:-28.085 || 耗时：13.21s
任务: (B1)N15_M01_F10→(B3)N15_M07_F04; mix批次:····0; 批次:··470/·1880;  总正确率: 44.77%
类型1 正确率：  82.00% -> 1   82.40%, 2   17.60%, 3    0.00%
类型2 正确率：   2.00% -> 1    0.00%, 2    2.10%, 3   97.90%
类型3 正确率：  50.00% -> 1    0.00%, 2   50.20%, 3   49.80%


样本变换：reverse
样本变换：mask
样本变换：shift
样本变换：none
未过滤	未用伪标签：44.77% -> 使用伪标签：43.48%
已过滤	未用伪标签：44.67% -> 使用伪标签：43.86%
排除样本：52|6000	剩余：1609, 1339, 3000
增添样本：2524		细则：1127, 1397, 0	正确率估算：99.43%
类型1 正确率：  83.00% -> 1   82.60%, 2   17.40%, 3    0.00%
类型2 正确率：   0.00% -> 1    0.00%, 2    0.00%, 3  100.00%
类型3 正确率：  50.00% -> 1    0.00%, 2   50.00%, 3   50.00%

被排除样本 正确率：55.77%
类型1 正确率：  56.00% -> 1   55.77%, 2   44.23%
类型2 没有样本或未被分类。


轮次:··6/·20 || c_Loss:0.423 || e_Loss:-1.464 || Aad_Loss:-27.005 || 耗时：35.56s
轮次:··7/·20 || c_Loss:0.384 || e_Loss:-1.631 || Aad_Loss:-27.201 || 耗时：13.27s
轮次:··8/·20 || c_Loss:0.382 || e_Loss:-1.475 || Aad_Loss:-26.101 || 耗时：13.25s
轮次:··9/·20 || c_Loss:0.480 || e_Loss:-1.535 || Aad_Loss:-30.001 || 耗时：13.34s
轮次:·10/·20 || c_Loss:0.411 || e_Loss:-1.490 || Aad_Loss:-27.755 || 耗时：13.24s
任务: (B1)N15_M01_F10→(B3)N15_M07_F04; mix批次:····0; 批次:··940/·1880;  总正确率: 43.23%
类型1 正确率：  76.00% -> 1   75.75%, 2   24.25%, 3    0.00%
类型2 正确率：   4.00% -> 1    0.00%, 2    4.10%, 3   95.90%
类型3 正确率：  50.00% -> 1    0.00%, 2   50.15%, 3   49.85%


样本变换：reverse
样本变换：mask
样本变换：shift
样本变换：none
未过滤	未用伪标签：43.23% -> 使用伪标签：41.92%
已过滤	未用伪标签：43.31% -> 使用伪标签：42.18%
排除样本：38|6000	剩余：1515, 1447, 3000
增添样本：2510		细则：1221, 1289, 0	正确率估算：99.24%
类型1 正确率：  77.00% -> 1   77.22%, 2   22.78%, 3    0.00%
类型2 正确率：   0.00% -> 1    0.00%, 2    0.00%, 3  100.00%
类型3 正确率：  50.00% -> 1    0.00%, 2   50.00%, 3   50.00%

被排除样本 正确率：31.58%
类型1 正确率：  32.00% -> 1   31.58%, 2   68.42%
类型2 没有样本或未被分类。


轮次:·11/·20 || c_Loss:0.498 || e_Loss:-0.675 || Aad_Loss:-30.605 || 耗时：35.67s
轮次:·12/·20 || c_Loss:0.440 || e_Loss:-0.662 || Aad_Loss:-30.074 || 耗时：13.34s
轮次:·13/·20 || c_Loss:0.396 || e_Loss:-1.565 || Aad_Loss:-29.974 || 耗时：13.34s
轮次:·14/·20 || c_Loss:0.450 || e_Loss:-1.470 || Aad_Loss:-27.718 || 耗时：13.34s
轮次:·15/·20 || c_Loss:0.446 || e_Loss:-0.757 || Aad_Loss:-28.279 || 耗时：13.35s
任务: (B1)N15_M01_F10→(B3)N15_M07_F04; mix批次:····0; 批次:·1410/·1880;  总正确率: 40.62%
类型1 正确率：  69.00% -> 1   69.30%, 2   30.70%, 3    0.00%
类型2 正确率：   3.00% -> 1    0.00%, 2    2.65%, 3   97.35%
类型3 正确率：  50.00% -> 1    0.00%, 2   50.10%, 3   49.90%


样本变换：reverse
样本变换：mask
样本变换：shift
样本变换：none
未过滤	未用伪标签：40.62% -> 使用伪标签：39.48%
已过滤	未用伪标签：40.57% -> 使用伪标签：39.55%
排除样本：10|6000	剩余：1369, 1621, 3000
增添样本：2482		细则：1367, 1115, 0	正确率估算：99.76%
类型1 正确率：  69.00% -> 1   68.79%, 2   31.21%, 3    0.00%
类型2 正确率：   0.00% -> 1    0.00%, 2    0.00%, 3  100.00%
类型3 正确率：  50.00% -> 1    0.00%, 2   50.00%, 3   50.00%

被排除样本 正确率：70.00%
类型1 正确率：  70.00% -> 1   70.00%, 2   30.00%
类型2 没有样本或未被分类。


轮次:·16/·20 || c_Loss:0.416 || e_Loss:-1.659 || Aad_Loss:-29.590 || 耗时：35.62s
轮次:·17/·20 || c_Loss:0.361 || e_Loss:-1.517 || Aad_Loss:-28.345 || 耗时：13.29s
轮次:·18/·20 || c_Loss:0.410 || e_Loss:-1.597 || Aad_Loss:-28.436 || 耗时：13.30s
轮次:·19/·20 || c_Loss:0.450 || e_Loss:-0.790 || Aad_Loss:-27.658 || 耗时：13.34s
轮次:·20/·20 || c_Loss:0.366 || e_Loss:-1.733 || Aad_Loss:-28.277 || 耗时：13.29s
任务: (B1)N15_M01_F10→(B3)N15_M07_F04; mix批次:····0; 批次:·1880/·1880;  总正确率: 40.07%
类型1 正确率：  67.00% -> 1   67.00%, 2   33.00%, 3    0.00%
类型2 正确率：   3.00% -> 1    0.35%, 2    3.30%, 3   96.35%
类型3 正确率：  50.00% -> 1    0.00%, 2   50.10%, 3   49.90%


测试集任务: (B1)N15_M01_F10→(B3)N15_M07_F04; 总正确率 = 40.07%
类型1 正确率：  67.00% -> 1   67.00%, 2   33.00%, 3    0.00%
类型2 正确率：   3.00% -> 1    0.35%, 2    3.30%, 3   96.35%
类型3 正确率：  50.00% -> 1    0.00%, 2   50.10%, 3   49.90%


