读取源域路径：/kaggle/working/k10/S05/weight_PU_M1_final_checkpoint_FS05toS05c_gatepcv_s2024/NEW_PU/Source-源域/log&pt/(B3)N15_M07_F04
excel输出位置：/kaggle/working/k10/S05/weight_PU_M1_final_checkpoint_FS05toS05c_gatepcv_s2024/NEW_PU/Target-目标域
特征图片输出位置：/kaggle/working/k10/S05/weight_PU_M1_final_checkpoint_FS05toS05c_gatepcv_s2024/NEW_PU/Picture-特征图/2026年09月17日01时32分/(B3)N15_M07_F04
现在选取:(B3)N15_M07_F04 进行训练的源模型
现在进行：(B3)N15_M07_F04→(B1)N15_M01_F10 的迁移任务
log&pt输出位置：/kaggle/working/k10/S05/weight_PU_M1_final_checkpoint_FS05toS05c_gatepcv_s2024/NEW_PU/Target-目标域/log&pt/(B3)N15_M07_F04→(B1)N15_M01_F10
任务: (B3)N15_M07_F04→(B1)N15_M01_F10; 批次:····0/·1880;  总正确率: 24.02%
类型1 正确率：  43.00% -> 1   43.20%, 2   12.00%, 3   44.80%
类型2 正确率：  27.00% -> 1    0.00%, 2   26.75%, 3   73.25%
类型3 正确率：   2.00% -> 1    0.00%, 2   97.90%, 3    2.10%


样本变换：reverse
样本变换：mask
样本变换：shift
样本变换：none
未过滤	未用伪标签：24.02% -> 使用伪标签：27.35%
已过滤	未用伪标签：24.12% -> 使用伪标签：27.91%
排除样本：121|6000	剩余：970, 2915, 1994
增添样本：3910		细则：1960, 0, 1950	正确率估算：91.61%
类型1 正确率：  51.00% -> 1   50.81%, 2   13.04%, 3   36.14%
类型2 正确率：  34.00% -> 1    0.00%, 2   33.94%, 3   66.06%
类型3 正确率：   0.00% -> 1    0.00%, 2   99.90%, 3    0.10%

被排除样本 正确率：19.01%
类型1 正确率：  23.00% -> 1   23.08%, 2   19.78%, 3   57.14%
类型2 正确率：   3.00% -> 1    0.00%, 2    3.45%, 3   96.55%
类型3 正确率： 100.00% -> 1    0.00%, 2    0.00%, 3  100.00%


轮次:··1/·20 || c_Loss:0.565 || e_Loss:-1.167 || Aad_Loss:-27.731 || 耗时：35.24s
轮次:··2/·20 || c_Loss:0.499 || e_Loss:-1.071 || Aad_Loss:-19.651 || 耗时：13.40s
轮次:··3/·20 || c_Loss:0.438 || e_Loss:-1.336 || Aad_Loss:-21.427 || 耗时：13.31s
轮次:··4/·20 || c_Loss:0.362 || e_Loss:-1.565 || Aad_Loss:-26.713 || 耗时：13.30s
轮次:··5/·20 || c_Loss:0.415 || e_Loss:-1.552 || Aad_Loss:-24.425 || 耗时：13.35s
任务: (B3)N15_M07_F04→(B1)N15_M01_F10; mix批次:····0; 批次:··470/·1880;  总正确率: 36.37%
类型1 正确率：  53.00% -> 1   53.40%, 2    6.15%, 3   40.45%
类型2 正确率：  56.00% -> 1    1.85%, 2   55.70%, 3   42.45%
类型3 正确率：   0.00% -> 1    0.00%, 2  100.00%, 3    0.00%


样本变换：reverse
样本变换：mask
样本变换：shift
样本变换：none
未过滤	未用伪标签：36.37% -> 使用伪标签：35.53%
已过滤	未用伪标签：36.28% -> 使用伪标签：36.06%
排除样本：87|6000	剩余：1110, 3110, 1693
增添样本：4117		细则：2019, 0, 2098	正确率估算：97.77%
类型1 正确率：  57.00% -> 1   56.92%, 2    4.51%, 3   38.56%
类型2 正确率：  52.00% -> 1    0.00%, 2   52.06%, 3   47.94%
类型3 正确率：   0.00% -> 1    0.00%, 2  100.00%, 3    0.00%

被排除样本 正确率：42.53%
类型1 正确率：  12.00% -> 1   12.00%, 2   44.00%, 3   44.00%
类型2 正确率：  84.00% -> 1    0.00%, 2   83.78%, 3   16.22%
类型3 没有样本或未被分类。


轮次:··6/·20 || c_Loss:0.398 || e_Loss:-1.683 || Aad_Loss:-24.864 || 耗时：35.42s
轮次:··7/·20 || c_Loss:0.406 || e_Loss:-1.464 || Aad_Loss:-24.957 || 耗时：13.38s
轮次:··8/·20 || c_Loss:0.366 || e_Loss:-1.454 || Aad_Loss:-27.590 || 耗时：13.37s
轮次:··9/·20 || c_Loss:0.393 || e_Loss:-1.513 || Aad_Loss:-28.549 || 耗时：13.39s
轮次:·10/·20 || c_Loss:0.352 || e_Loss:-1.543 || Aad_Loss:-26.207 || 耗时：13.31s
任务: (B3)N15_M07_F04→(B1)N15_M01_F10; mix批次:····0; 批次:··940/·1880;  总正确率: 43.42%
类型1 正确率：  66.00% -> 1   65.95%, 2    0.00%, 3   34.05%
类型2 正确率：  64.00% -> 1    2.30%, 2   64.30%, 3   33.40%
类型3 正确率：   0.00% -> 1    0.00%, 2  100.00%, 3    0.00%


样本变换：reverse
样本变换：mask
样本变换：shift
样本变换：none
未过滤	未用伪标签：43.42% -> 使用伪标签：43.73%
已过滤	未用伪标签：43.38% -> 使用伪标签：43.84%
排除样本：15|6000	剩余：1308, 3316, 1361
增添样本：4409		细则：2041, 0, 2368	正确率估算：99.82%
类型1 正确率：  66.00% -> 1   65.63%, 2    0.00%, 3   34.37%
类型2 正确率：  66.00% -> 1    0.00%, 2   66.06%, 3   33.94%
类型3 正确率：   0.00% -> 1    0.00%, 2  100.00%, 3    0.00%

被排除样本 正确率：60.00%
类型1 正确率： 100.00% -> 1  100.00%, 2    0.00%, 3    0.00%
类型2 正确率：  25.00% -> 1   37.50%, 2   25.00%, 3   37.50%
类型3 没有样本或未被分类。


轮次:·11/·20 || c_Loss:0.359 || e_Loss:-1.472 || Aad_Loss:-32.312 || 耗时：35.52s
轮次:·12/·20 || c_Loss:0.354 || e_Loss:-1.491 || Aad_Loss:-33.476 || 耗时：13.29s
轮次:·13/·20 || c_Loss:0.384 || e_Loss:-1.569 || Aad_Loss:-26.320 || 耗时：13.28s
轮次:·14/·20 || c_Loss:0.358 || e_Loss:-1.768 || Aad_Loss:-30.722 || 耗时：13.38s
轮次:·15/·20 || c_Loss:0.384 || e_Loss:-1.335 || Aad_Loss:-35.754 || 耗时：13.34s
任务: (B3)N15_M07_F04→(B1)N15_M01_F10; mix批次:····0; 批次:·1410/·1880;  总正确率: 45.17%
类型1 正确率：  66.00% -> 1   66.00%, 2    0.00%, 3   34.00%
类型2 正确率：  70.00% -> 1    0.10%, 2   69.50%, 3   30.40%
类型3 正确率：   0.00% -> 1    0.00%, 2  100.00%, 3    0.00%


样本变换：reverse
样本变换：mask
样本变换：shift
样本变换：none
未过滤	未用伪标签：45.17% -> 使用伪标签：44.53%
已过滤	未用伪标签：45.15% -> 使用伪标签：44.55%
排除样本：2|6000	剩余：1320, 3352, 1326
增添样本：4475		细则：2065, 0, 2410	正确率估算：99.60%
类型1 正确率：  66.00% -> 1   66.00%, 2    0.00%, 3   34.00%
类型2 正确率：  68.00% -> 1    0.00%, 2   67.67%, 3   32.33%
类型3 正确率：   0.00% -> 1    0.00%, 2  100.00%, 3    0.00%

被排除样本 正确率：100.00%
类型1 正确率： 100.00% -> 1  100.00%


轮次:·16/·20 || c_Loss:0.403 || e_Loss:-1.609 || Aad_Loss:-28.160 || 耗时：35.56s
轮次:·17/·20 || c_Loss:0.348 || e_Loss:-1.589 || Aad_Loss:-35.224 || 耗时：13.29s
轮次:·18/·20 || c_Loss:0.382 || e_Loss:-1.810 || Aad_Loss:-32.439 || 耗时：13.28s
轮次:·19/·20 || c_Loss:0.355 || e_Loss:-1.494 || Aad_Loss:-35.729 || 耗时：13.34s
轮次:·20/·20 || c_Loss:0.369 || e_Loss:-1.732 || Aad_Loss:-32.900 || 耗时：13.28s
任务: (B3)N15_M07_F04→(B1)N15_M01_F10; mix批次:····0; 批次:·1880/·1880;  总正确率: 45.67%
类型1 正确率：  66.00% -> 1   66.00%, 2    0.00%, 3   34.00%
类型2 正确率：  71.00% -> 1    0.25%, 2   71.00%, 3   28.75%
类型3 正确率：   0.00% -> 1    0.00%, 2  100.00%, 3    0.00%


测试集任务: (B3)N15_M07_F04→(B1)N15_M01_F10; 总正确率 = 45.67%
类型1 正确率：  66.00% -> 1   66.00%, 2    0.00%, 3   34.00%
类型2 正确率：  71.00% -> 1    0.25%, 2   71.00%, 3   28.75%
类型3 正确率：   0.00% -> 1    0.00%, 2  100.00%, 3    0.00%


