读取源域路径：/kaggle/working/k10/S05/weight_PU_M1_final_checkpoint_FS05toS05c_gatepcv_s2024/NEW_PU/Source-源域/log&pt/(B2)N15_M07_F10
excel输出位置：/kaggle/working/k10/S05/weight_PU_M1_final_checkpoint_FS05toS05c_gatepcv_s2024/NEW_PU/Target-目标域
特征图片输出位置：/kaggle/working/k10/S05/weight_PU_M1_final_checkpoint_FS05toS05c_gatepcv_s2024/NEW_PU/Picture-特征图/2026年09月17日01时20分/(B2)N15_M07_F10
现在选取:(B2)N15_M07_F10 进行训练的源模型
现在进行：(B2)N15_M07_F10→(B1)N15_M01_F10 的迁移任务
log&pt输出位置：/kaggle/working/k10/S05/weight_PU_M1_final_checkpoint_FS05toS05c_gatepcv_s2024/NEW_PU/Target-目标域/log&pt/(B2)N15_M07_F10→(B1)N15_M01_F10
任务: (B2)N15_M07_F10→(B1)N15_M01_F10; 批次:····0/·1880;  总正确率: 37.00%
类型1 正确率：  84.00% -> 1   84.05%, 2    5.00%, 3   10.95%
类型2 正确率：  26.00% -> 1    0.00%, 2   26.25%, 3   73.75%
类型3 正确率：   1.00% -> 1    0.00%, 2   99.30%, 3    0.70%


样本变换：reverse
样本变换：mask
样本变换：shift
样本变换：none
未过滤	未用伪标签：37.00% -> 使用伪标签：38.37%
已过滤	未用伪标签：36.58% -> 使用伪标签：39.33%
排除样本：147|6000	剩余：1819, 2550, 1484
增添样本：2867		细则：751, 0, 2116	正确率估算：89.03%
类型1 正确率：  94.00% -> 1   93.91%, 2    5.89%, 3    0.21%
类型2 正确率：  24.00% -> 1    0.00%, 2   24.21%, 3   75.79%
类型3 正确率：   1.00% -> 1    0.00%, 2   99.24%, 3    0.76%

被排除样本 正确率：53.74%
类型1 正确率：  52.00% -> 1   52.38%, 2   23.81%, 3   23.81%
类型2 正确率：  61.00% -> 1    0.00%, 2   61.19%, 3   38.81%
类型3 正确率：  29.00% -> 1    0.00%, 2   70.59%, 3   29.41%


轮次:··1/·20 || c_Loss:0.643 || e_Loss:-1.252 || Aad_Loss:-22.642 || 耗时：34.84s
轮次:··2/·20 || c_Loss:0.489 || e_Loss:-1.331 || Aad_Loss:-27.644 || 耗时：13.31s
轮次:··3/·20 || c_Loss:0.433 || e_Loss:-1.338 || Aad_Loss:-29.130 || 耗时：13.25s
轮次:··4/·20 || c_Loss:0.439 || e_Loss:-1.457 || Aad_Loss:-29.398 || 耗时：13.23s
轮次:··5/·20 || c_Loss:0.557 || e_Loss:-1.398 || Aad_Loss:-22.738 || 耗时：13.27s
任务: (B2)N15_M07_F10→(B1)N15_M01_F10; mix批次:····0; 批次:··470/·1880;  总正确率: 51.60%
类型1 正确率： 100.00% -> 1  100.00%, 2    0.00%, 3    0.00%
类型2 正确率：  55.00% -> 1    0.00%, 2   54.80%, 3   45.20%
类型3 正确率：   0.00% -> 1    0.00%, 2  100.00%, 3    0.00%


样本变换：reverse
样本变换：mask
样本变换：shift
样本变换：none
未过滤	未用伪标签：51.60% -> 使用伪标签：45.87%
已过滤	未用伪标签：51.60% -> 使用伪标签：46.01%
排除样本：19|6000	剩余：2000, 2752, 1229
增添样本：3275		细则：785, 0, 2490	正确率估算：99.81%
类型1 正确率： 100.00% -> 1  100.00%, 2    0.00%, 3    0.00%
类型2 正确率：  38.00% -> 1    0.00%, 2   37.96%, 3   62.04%
类型3 正确率：   0.00% -> 1    0.00%, 2  100.00%, 3    0.00%

被排除样本 正确率：52.63%
类型1 正确率：  53.00% -> 1   52.63%, 2   47.37%
类型2 没有样本或未被分类。


轮次:··6/·20 || c_Loss:0.356 || e_Loss:-1.510 || Aad_Loss:-39.344 || 耗时：34.80s
轮次:··7/·20 || c_Loss:0.344 || e_Loss:-1.465 || Aad_Loss:-38.006 || 耗时：13.25s
轮次:··8/·20 || c_Loss:0.392 || e_Loss:-1.564 || Aad_Loss:-28.481 || 耗时：13.23s
轮次:··9/·20 || c_Loss:0.355 || e_Loss:-1.651 || Aad_Loss:-30.916 || 耗时：13.23s
轮次:·10/·20 || c_Loss:0.350 || e_Loss:-1.490 || Aad_Loss:-35.300 || 耗时：13.24s
任务: (B2)N15_M07_F10→(B1)N15_M01_F10; mix批次:····0; 批次:··940/·1880;  总正确率: 52.65%
类型1 正确率： 100.00% -> 1  100.00%, 2    0.00%, 3    0.00%
类型2 正确率：  58.00% -> 1    6.75%, 2   57.95%, 3   35.30%
类型3 正确率：   0.00% -> 1    0.00%, 2  100.00%, 3    0.00%


样本变换：reverse
样本变换：mask
样本变换：shift
样本变换：none
未过滤	未用伪标签：52.65% -> 使用伪标签：47.45%
已过滤	未用伪标签：52.52% -> 使用伪标签：47.58%
排除样本：16|6000	剩余：2000, 2847, 1137
增添样本：3466		细则：880, 0, 2586	正确率估算：99.47%
类型1 正确率： 100.00% -> 1  100.00%, 2    0.00%, 3    0.00%
类型2 正确率：  43.00% -> 1    0.00%, 2   42.69%, 3   57.31%
类型3 正确率：   0.00% -> 1    0.00%, 2  100.00%, 3    0.00%

被排除样本 正确率：100.00%
类型1 正确率： 100.00% -> 1  100.00%


轮次:·11/·20 || c_Loss:0.352 || e_Loss:-1.582 || Aad_Loss:-36.476 || 耗时：34.79s
轮次:·12/·20 || c_Loss:0.380 || e_Loss:-1.563 || Aad_Loss:-34.804 || 耗时：13.31s
轮次:·13/·20 || c_Loss:0.377 || e_Loss:-1.368 || Aad_Loss:-36.378 || 耗时：13.31s
轮次:·14/·20 || c_Loss:0.387 || e_Loss:-1.597 || Aad_Loss:-34.149 || 耗时：13.29s
轮次:·15/·20 || c_Loss:0.402 || e_Loss:-1.572 || Aad_Loss:-32.854 || 耗时：13.30s
任务: (B2)N15_M07_F10→(B1)N15_M01_F10; mix批次:····0; 批次:·1410/·1880;  总正确率: 53.97%
类型1 正确率： 100.00% -> 1  100.00%, 2    0.00%, 3    0.00%
类型2 正确率：  62.00% -> 1    4.10%, 2   61.90%, 3   34.00%
类型3 正确率：   0.00% -> 1    0.00%, 2  100.00%, 3    0.00%


样本变换：reverse
样本变换：mask
样本变换：shift
样本变换：none
未过滤	未用伪标签：53.97% -> 使用伪标签：47.78%
已过滤	未用伪标签：53.77% -> 使用伪标签：47.99%
排除样本：26|6000	剩余：2000, 2867, 1107
增添样本：3506		细则：900, 0, 2606	正确率估算：98.79%
类型1 正确率： 100.00% -> 1  100.00%, 2    0.00%, 3    0.00%
类型2 正确率：  44.00% -> 1    0.00%, 2   43.92%, 3   56.08%
类型3 正确率：   0.00% -> 1    0.00%, 2  100.00%, 3    0.00%

被排除样本 正确率：100.00%
类型1 正确率： 100.00% -> 1  100.00%


轮次:·16/·20 || c_Loss:0.378 || e_Loss:-1.677 || Aad_Loss:-33.078 || 耗时：35.09s
轮次:·17/·20 || c_Loss:0.355 || e_Loss:-1.648 || Aad_Loss:-34.386 || 耗时：13.35s
轮次:·18/·20 || c_Loss:0.373 || e_Loss:-1.587 || Aad_Loss:-34.922 || 耗时：13.33s
轮次:·19/·20 || c_Loss:0.400 || e_Loss:-1.619 || Aad_Loss:-31.964 || 耗时：13.33s
轮次:·20/·20 || c_Loss:0.341 || e_Loss:-1.494 || Aad_Loss:-38.469 || 耗时：13.34s
任务: (B2)N15_M07_F10→(B1)N15_M01_F10; mix批次:····0; 批次:·1880/·1880;  总正确率: 52.85%
类型1 正确率： 100.00% -> 1  100.00%, 2    0.00%, 3    0.00%
类型2 正确率：  59.00% -> 1    5.35%, 2   58.55%, 3   36.10%
类型3 正确率：   0.00% -> 1    0.00%, 2  100.00%, 3    0.00%


测试集任务: (B2)N15_M07_F10→(B1)N15_M01_F10; 总正确率 = 52.85%
类型1 正确率： 100.00% -> 1  100.00%, 2    0.00%, 3    0.00%
类型2 正确率：  59.00% -> 1    5.35%, 2   58.55%, 3   36.10%
类型3 正确率：   0.00% -> 1    0.00%, 2  100.00%, 3    0.00%


