读取源域路径：/kaggle/working/k10/S05/weight_PU_M1_final_checkpoint_FS05toS05c_gatepcv_s2024/NEW_PU/Source-源域/log&pt/(B1)N15_M01_F10
excel输出位置：/kaggle/working/k10/S05/weight_PU_M1_final_checkpoint_FS05toS05c_gatepcv_s2024/NEW_PU/Target-目标域
特征图片输出位置：/kaggle/working/k10/S05/weight_PU_M1_final_checkpoint_FS05toS05c_gatepcv_s2024/NEW_PU/Picture-特征图/2026年09月17日01时07分/(B1)N15_M01_F10
现在选取:(B1)N15_M01_F10 进行训练的源模型
现在进行：(B1)N15_M01_F10→(B2)N15_M07_F10 的迁移任务
log&pt输出位置：/kaggle/working/k10/S05/weight_PU_M1_final_checkpoint_FS05toS05c_gatepcv_s2024/NEW_PU/Target-目标域/log&pt/(B1)N15_M01_F10→(B2)N15_M07_F10
任务: (B1)N15_M01_F10→(B2)N15_M07_F10; 批次:····0/·1880;  总正确率: 25.92%
类型1 正确率：  49.00% -> 1   48.95%, 2   17.75%, 3   33.30%
类型2 正确率：  24.00% -> 1    0.00%, 2   24.20%, 3   75.80%
类型3 正确率：   5.00% -> 1    0.00%, 2   95.40%, 3    4.60%


样本变换：reverse
样本变换：mask
样本变换：shift
样本变换：none
未过滤	未用伪标签：25.92% -> 使用伪标签：24.33%
已过滤	未用伪标签：25.44% -> 使用伪标签：25.41%
排除样本：254|6000	剩余：1004, 2642, 2100
增添样本：3191		细则：1638, 0, 1553	正确率估算：94.89%
类型1 正确率：  52.00% -> 1   52.16%, 2   13.92%, 3   33.92%
类型2 正确率：  23.00% -> 1    0.00%, 2   23.23%, 3   76.77%
类型3 正确率：   1.00% -> 1    0.00%, 2   98.68%, 3    1.32%

被排除样本 正确率：36.61%
类型1 正确率：  23.00% -> 1   22.67%, 2   60.00%, 3   17.33%
类型2 正确率：  34.00% -> 1    0.00%, 2   33.56%, 3   66.44%
类型3 正确率：  87.00% -> 1    0.00%, 2   13.33%, 3   86.67%


轮次:··1/·20 || c_Loss:0.773 || e_Loss:-1.198 || Aad_Loss:-16.648 || 耗时：37.10s
轮次:··2/·20 || c_Loss:0.641 || e_Loss:-1.373 || Aad_Loss:-14.112 || 耗时：13.42s
轮次:··3/·20 || c_Loss:0.446 || e_Loss:-1.504 || Aad_Loss:-19.959 || 耗时：13.23s
轮次:··4/·20 || c_Loss:0.487 || e_Loss:-1.558 || Aad_Loss:-18.409 || 耗时：13.21s
轮次:··5/·20 || c_Loss:0.408 || e_Loss:-1.553 || Aad_Loss:-23.072 || 耗时：13.27s
任务: (B1)N15_M01_F10→(B2)N15_M07_F10; mix批次:····0; 批次:··470/·1880;  总正确率: 33.62%
类型1 正确率：  61.00% -> 1   60.95%, 2    5.00%, 3   34.05%
类型2 正确率：  40.00% -> 1    0.15%, 2   39.60%, 3   60.25%
类型3 正确率：   0.00% -> 1    0.00%, 2   99.70%, 3    0.30%


样本变换：reverse
样本变换：mask
样本变换：shift
样本变换：none
未过滤	未用伪标签：33.62% -> 使用伪标签：29.55%
已过滤	未用伪标签：32.81% -> 使用伪标签：30.04%
排除样本：97|6000	剩余：1309, 2448, 2146
增添样本：2391		细则：1139, 0, 1252	正确率估算：93.88%
类型1 正确率：  66.00% -> 1   65.55%, 2    0.40%, 3   34.05%
类型2 正确率：  24.00% -> 1    0.00%, 2   23.85%, 3   76.15%
类型3 正确率：   0.00% -> 1    0.00%, 2   99.65%, 3    0.35%

被排除样本 正确率：82.47%
类型1 正确率：   0.00% -> 1    0.00%, 2  100.00%, 3    0.00%
类型2 正确率：  93.00% -> 1    0.00%, 2   92.86%, 3    7.14%
类型3 正确率：  20.00% -> 1    0.00%, 2   80.00%, 3   20.00%


轮次:··6/·20 || c_Loss:0.426 || e_Loss:-1.606 || Aad_Loss:-25.136 || 耗时：35.96s
轮次:··7/·20 || c_Loss:0.385 || e_Loss:-1.619 || Aad_Loss:-25.836 || 耗时：13.29s
轮次:··8/·20 || c_Loss:0.363 || e_Loss:-1.703 || Aad_Loss:-23.900 || 耗时：13.23s
轮次:··9/·20 || c_Loss:0.375 || e_Loss:-1.695 || Aad_Loss:-26.357 || 耗时：13.35s
轮次:·10/·20 || c_Loss:0.368 || e_Loss:-1.775 || Aad_Loss:-26.404 || 耗时：13.24s
任务: (B1)N15_M01_F10→(B2)N15_M07_F10; mix批次:····0; 批次:··940/·1880;  总正确率: 33.60%
类型1 正确率：  66.00% -> 1   66.00%, 2    0.00%, 3   34.00%
类型2 正确率：  35.00% -> 1    4.35%, 2   34.65%, 3   61.00%
类型3 正确率：   0.00% -> 1    0.00%, 2   99.85%, 3    0.15%


样本变换：reverse
样本变换：mask
样本变换：shift
样本变换：none
未过滤	未用伪标签：33.60% -> 使用伪标签：29.42%
已过滤	未用伪标签：33.01% -> 使用伪标签：29.74%
排除样本：66|6000	剩余：1320, 2432, 2182
增添样本：2285		细则：1112, 0, 1173	正确率估算：98.25%
类型1 正确率：  66.00% -> 1   66.00%, 2    0.00%, 3   34.00%
类型2 正确率：  23.00% -> 1    0.00%, 2   22.72%, 3   77.28%
类型3 正确率：   0.00% -> 1    0.00%, 2   99.75%, 3    0.25%

被排除样本 正确率：86.36%
类型1 正确率：  90.00% -> 1   90.48%, 2    9.52%
类型2 正确率：   0.00% -> 1  100.00%, 2    0.00%


轮次:·11/·20 || c_Loss:0.385 || e_Loss:-1.609 || Aad_Loss:-23.448 || 耗时：35.65s
轮次:·12/·20 || c_Loss:0.398 || e_Loss:-1.768 || Aad_Loss:-24.301 || 耗时：13.34s
轮次:·13/·20 || c_Loss:0.347 || e_Loss:-1.825 || Aad_Loss:-26.495 || 耗时：13.29s
轮次:·14/·20 || c_Loss:0.360 || e_Loss:-1.770 || Aad_Loss:-25.132 || 耗时：13.34s
轮次:·15/·20 || c_Loss:0.361 || e_Loss:-1.878 || Aad_Loss:-26.592 || 耗时：13.27s
任务: (B1)N15_M01_F10→(B2)N15_M07_F10; mix批次:····0; 批次:·1410/·1880;  总正确率: 36.10%
类型1 正确率：  66.00% -> 1   66.00%, 2    0.00%, 3   34.00%
类型2 正确率：  42.00% -> 1    3.75%, 2   42.15%, 3   54.10%
类型3 正确率：   0.00% -> 1    0.00%, 2   99.85%, 3    0.15%


样本变换：reverse
样本变换：mask
样本变换：shift
样本变换：none
未过滤	未用伪标签：36.10% -> 使用伪标签：30.72%
已过滤	未用伪标签：35.48% -> 使用伪标签：31.16%
排除样本：86|6000	剩余：1320, 2516, 2078
增添样本：2443		细则：1196, 0, 1247	正确率估算：98.65%
类型1 正确率：  66.00% -> 1   66.00%, 2    0.00%, 3   34.00%
类型2 正确率：  27.00% -> 1    0.00%, 2   27.18%, 3   72.82%
类型3 正确率：   0.00% -> 1    0.00%, 2   99.90%, 3    0.10%

被排除样本 正确率：79.07%
类型1 没有样本或未被分类。
类型2 正确率：  81.00% -> 1    1.20%, 2   80.72%, 3   18.07%
类型3 正确率：  33.00% -> 1    0.00%, 2   66.67%, 3   33.33%


轮次:·16/·20 || c_Loss:0.372 || e_Loss:-1.823 || Aad_Loss:-25.955 || 耗时：35.46s
轮次:·17/·20 || c_Loss:0.387 || e_Loss:-1.839 || Aad_Loss:-26.040 || 耗时：13.34s
轮次:·18/·20 || c_Loss:0.344 || e_Loss:-1.847 || Aad_Loss:-25.359 || 耗时：13.38s
轮次:·19/·20 || c_Loss:0.383 || e_Loss:-1.794 || Aad_Loss:-26.089 || 耗时：13.36s
轮次:·20/·20 || c_Loss:0.375 || e_Loss:-1.772 || Aad_Loss:-25.269 || 耗时：13.33s
任务: (B1)N15_M01_F10→(B2)N15_M07_F10; mix批次:····0; 批次:·1880/·1880;  总正确率: 34.10%
类型1 正确率：  66.00% -> 1   66.00%, 2    0.00%, 3   34.00%
类型2 正确率：  36.00% -> 1    1.70%, 2   36.00%, 3   62.30%
类型3 正确率：   0.00% -> 1    0.00%, 2   99.70%, 3    0.30%


测试集任务: (B1)N15_M01_F10→(B2)N15_M07_F10; 总正确率 = 34.10%
类型1 正确率：  66.00% -> 1   66.00%, 2    0.00%, 3   34.00%
类型2 正确率：  36.00% -> 1    1.70%, 2   36.00%, 3   62.30%
类型3 正确率：   0.00% -> 1    0.00%, 2   99.70%, 3    0.30%


