读取源域路径：/kaggle/working/m1/weight_PU_M1_as_released_FAtoA_s2024/NEW_PU/Source-源域/log&pt/(B2)N15_M07_F10
excel输出位置：/kaggle/working/m1/weight_PU_M1_as_released_FAtoA_s2024/NEW_PU/Target-目标域
特征图片输出位置：/kaggle/working/m1/weight_PU_M1_as_released_FAtoA_s2024/NEW_PU/Picture-特征图/2026年09月13日12时39分/(B2)N15_M07_F10
现在选取:(B2)N15_M07_F10 进行训练的源模型
现在进行：(B2)N15_M07_F10→(B3)N15_M07_F04 的迁移任务
log&pt输出位置：/kaggle/working/m1/weight_PU_M1_as_released_FAtoA_s2024/NEW_PU/Target-目标域/log&pt/(B2)N15_M07_F10→(B3)N15_M07_F04
任务: (B2)N15_M07_F10→(B3)N15_M07_F04; 批次:····0/·1880;  总正确率: 83.80%
类型1 正确率： 100.00% -> 1  100.00%, 2    0.00%, 3    0.00%
类型2 正确率：  98.00% -> 1    0.00%, 2   98.30%, 3    1.70%
类型3 正确率：  53.00% -> 1    0.00%, 2   46.90%, 3   53.10%


样本变换：reverse
样本变换：mask
样本变换：shift
样本变换：none
未过滤	未用伪标签：83.80% -> 使用伪标签：86.28%
已过滤	未用伪标签：83.94% -> 使用伪标签：86.78%
排除样本：34|6000	剩余：2000, 2574, 1392
增添样本：1756		细则：574, 0, 1182	正确率估算：87.24%
类型1 正确率： 100.00% -> 1  100.00%, 2    0.00%, 3    0.00%
类型2 正确率：  95.00% -> 1    0.00%, 2   95.05%, 3    4.95%
类型3 正确率：  65.00% -> 1    0.00%, 2   34.81%, 3   65.19%

被排除样本 正确率：58.82%
类型1 正确率： 100.00% -> 1  100.00%, 2    0.00%
类型2 正确率：   7.00% -> 1   93.33%, 2    6.67%


轮次:··1/·20 || c_Loss:0.588 || e_Loss:-1.050 || Aad_Loss:-29.288 || 耗时：29.89s
轮次:··2/·20 || c_Loss:0.418 || e_Loss:-1.034 || Aad_Loss:-30.103 || 耗时：12.35s
轮次:··3/·20 || c_Loss:0.396 || e_Loss:-0.909 || Aad_Loss:-29.472 || 耗时：12.30s
轮次:··4/·20 || c_Loss:0.388 || e_Loss:-0.866 || Aad_Loss:-28.710 || 耗时：12.25s
轮次:··5/·20 || c_Loss:0.390 || e_Loss:-0.938 || Aad_Loss:-28.456 || 耗时：12.32s
任务: (B2)N15_M07_F10→(B3)N15_M07_F04; mix批次:····0; 批次:··470/·1880;  总正确率: 86.62%
类型1 正确率： 100.00% -> 1  100.00%, 2    0.00%, 3    0.00%
类型2 正确率：  93.00% -> 1    0.00%, 2   92.90%, 3    7.10%
类型3 正确率：  67.00% -> 1    0.00%, 2   33.05%, 3   66.95%


样本变换：reverse
样本变换：mask
样本变换：shift
样本变换：none
未过滤	未用伪标签：86.62% -> 使用伪标签：85.78%
已过滤	未用伪标签：86.60% -> 使用伪标签：85.88%
排除样本：7|6000	剩余：2000, 2469, 1524
增添样本：1414		细则：469, 0, 945	正确率估算：98.44%
类型1 正确率： 100.00% -> 1  100.00%, 2    0.00%, 3    0.00%
类型2 正确率：  91.00% -> 1    0.00%, 2   90.72%, 3    9.28%
类型3 正确率：  67.00% -> 1    0.00%, 2   33.05%, 3   66.95%

被排除样本 正确率：100.00%
类型1 正确率： 100.00% -> 1  100.00%


轮次:··6/·20 || c_Loss:0.375 || e_Loss:-0.966 || Aad_Loss:-31.580 || 耗时：29.70s
轮次:··7/·20 || c_Loss:0.393 || e_Loss:-0.989 || Aad_Loss:-29.858 || 耗时：12.35s
轮次:··8/·20 || c_Loss:0.391 || e_Loss:-0.984 || Aad_Loss:-30.581 || 耗时：12.37s
轮次:··9/·20 || c_Loss:0.395 || e_Loss:-0.975 || Aad_Loss:-29.288 || 耗时：12.36s
轮次:·10/·20 || c_Loss:0.385 || e_Loss:-0.972 || Aad_Loss:-30.663 || 耗时：12.37s
任务: (B2)N15_M07_F10→(B3)N15_M07_F04; mix批次:····0; 批次:··940/·1880;  总正确率: 85.98%
类型1 正确率： 100.00% -> 1  100.00%, 2    0.00%, 3    0.00%
类型2 正确率：  91.00% -> 1    0.00%, 2   91.00%, 3    9.00%
类型3 正确率：  67.00% -> 1    0.00%, 2   33.05%, 3   66.95%


样本变换：reverse
样本变换：mask
样本变换：shift
样本变换：none
未过滤	未用伪标签：85.98% -> 使用伪标签：85.63%
已过滤	未用伪标签：85.99% -> 使用伪标签：85.72%
排除样本：6|6000	剩余：2000, 2460, 1534
增添样本：1386		细则：460, 0, 926	正确率估算：99.57%
类型1 正确率： 100.00% -> 1  100.00%, 2    0.00%, 3    0.00%
类型2 正确率：  90.00% -> 1    0.00%, 2   90.22%, 3    9.78%
类型3 正确率：  67.00% -> 1    0.00%, 2   33.05%, 3   66.95%

被排除样本 正确率：83.33%
类型1 正确率：  83.00% -> 1   83.33%, 2   16.67%
类型2 没有样本或未被分类。


轮次:·11/·20 || c_Loss:0.380 || e_Loss:-0.987 || Aad_Loss:-30.808 || 耗时：29.71s
轮次:·12/·20 || c_Loss:0.389 || e_Loss:-0.979 || Aad_Loss:-30.660 || 耗时：12.30s
轮次:·13/·20 || c_Loss:0.415 || e_Loss:-0.949 || Aad_Loss:-30.747 || 耗时：12.31s
轮次:·14/·20 || c_Loss:0.397 || e_Loss:-0.962 || Aad_Loss:-28.929 || 耗时：12.31s
轮次:·15/·20 || c_Loss:0.381 || e_Loss:-0.976 || Aad_Loss:-30.736 || 耗时：12.31s
任务: (B2)N15_M07_F10→(B3)N15_M07_F04; mix批次:····0; 批次:·1410/·1880;  总正确率: 85.90%
类型1 正确率： 100.00% -> 1  100.00%, 2    0.00%, 3    0.00%
类型2 正确率：  91.00% -> 1    0.00%, 2   90.75%, 3    9.25%
类型3 正确率：  67.00% -> 1    0.00%, 2   33.05%, 3   66.95%


样本变换：reverse
样本变换：mask
样本变换：shift
样本变换：none
未过滤	未用伪标签：85.90% -> 使用伪标签：85.58%
已过滤	未用伪标签：85.88% -> 使用伪标签：85.73%
排除样本：10|6000	剩余：2000, 2457, 1533
增添样本：1381		细则：457, 0, 924	正确率估算：99.71%
类型1 正确率： 100.00% -> 1  100.00%, 2    0.00%, 3    0.00%
类型2 正确率：  90.00% -> 1    0.00%, 2   90.25%, 3    9.75%
类型3 正确率：  67.00% -> 1    0.00%, 2   33.05%, 3   66.95%

被排除样本 正确率：100.00%
类型1 正确率： 100.00% -> 1  100.00%


轮次:·16/·20 || c_Loss:0.387 || e_Loss:-0.981 || Aad_Loss:-30.646 || 耗时：29.84s
轮次:·17/·20 || c_Loss:0.382 || e_Loss:-1.016 || Aad_Loss:-30.888 || 耗时：12.31s
轮次:·18/·20 || c_Loss:0.388 || e_Loss:-1.008 || Aad_Loss:-31.037 || 耗时：12.32s
轮次:·19/·20 || c_Loss:0.382 || e_Loss:-0.981 || Aad_Loss:-30.838 || 耗时：12.30s
轮次:·20/·20 || c_Loss:0.385 || e_Loss:-0.992 || Aad_Loss:-30.703 || 耗时：12.28s
任务: (B2)N15_M07_F10→(B3)N15_M07_F04; mix批次:····0; 批次:·1880/·1880;  总正确率: 85.78%
类型1 正确率： 100.00% -> 1  100.00%, 2    0.00%, 3    0.00%
类型2 正确率：  90.00% -> 1    0.00%, 2   90.40%, 3    9.60%
类型3 正确率：  67.00% -> 1    0.00%, 2   33.05%, 3   66.95%


测试集任务: (B2)N15_M07_F10→(B3)N15_M07_F04; 总正确率 = 86.62%
类型1 正确率： 100.00% -> 1  100.00%, 2    0.00%, 3    0.00%
类型2 正确率：  93.00% -> 1    0.00%, 2   92.90%, 3    7.10%
类型3 正确率：  67.00% -> 1    0.00%, 2   33.05%, 3   66.95%


