

现在开始拿源域训练集：(B1)N15_M01_F10 进行训练
源域读取路径：/kaggle/working/m1/sdalr_PU_as_released/DATA_foldA/PU_M1_L3/N15_M01_F10_label.txt
excel输出位置：/kaggle/working/m1/weight_src_PU_M1_FA_s2024/NEW_PU/Source-源域
log&pt输出位置：/kaggle/working/m1/weight_src_PU_M1_FA_s2024/NEW_PU/Source-源域/log&pt/(B1)N15_M01_F10
特征图片输出位置：/kaggle/working/m1/weight_src_PU_M1_FA_s2024/NEW_PU/Picture-特征图/2026年09月13日12时19分/(B1)N15_M01_F10
源域训练开始
轮次:··1/·10 || loss:0.023 || 耗时：9.65s
轮次:··2/·10 || loss:0.023 || 耗时：7.67s
轮次:··3/·10 || loss:0.035 || 耗时：7.74s
轮次:··4/·10 || loss:0.006 || 耗时：7.79s
轮次:··5/·10 || loss:0.005 || 耗时：7.85s
任务: (B1)N15_M01_F10; mix批次:····0; 批次:··330/··660; 总正确率 = 99.82%
类型1 正确率： 100.00% -> 1  100.00%, 2    0.00%, 3    0.00%
类型2 正确率：  99.00% -> 1    0.00%, 2   99.47%, 3    0.53%
类型3 正确率： 100.00% -> 1    0.00%, 2    0.00%, 3  100.00%


轮次:··6/·10 || loss:0.004 || 耗时：7.93s
轮次:··7/·10 || loss:0.012 || 耗时：7.94s
轮次:··8/·10 || loss:0.056 || 耗时：7.95s
轮次:··9/·10 || loss:0.005 || 耗时：7.95s
轮次:·10/·10 || loss:0.003 || 耗时：8.05s
任务: (B1)N15_M01_F10; mix批次:····0; 批次:··660/··660; 总正确率 = 100.00%
类型1 正确率： 100.00% -> 1  100.00%, 2    0.00%, 3    0.00%
类型2 正确率： 100.00% -> 1    0.00%, 2  100.00%, 3    0.00%
类型3 正确率： 100.00% -> 1    0.00%, 2    0.00%, 3  100.00%


测试集任务: (B1)N15_M01_F10; 总正确率 = 99.84%
类型1 正确率： 100.00% -> 1  100.00%, 2    0.00%, 3    0.00%
类型2 正确率： 100.00% -> 1    0.00%, 2   99.76%, 3    0.24%
类型3 正确率： 100.00% -> 1    0.00%, 2    0.24%, 3   99.76%


源域训练结束

训练好之后，测试目标域
目标域路径：/kaggle/working/m1/sdalr_PU_as_released/DATA_foldA/PU_M1_L3/N15_M07_F10_label.txt
测试目标数据集结果如下：
任务: (B1)N15_M01_F10→(B2)N15_M07_F10, 正确率 = 98.24%
类型1 正确率： 100.00% -> 1  100.00%, 2    0.00%, 3    0.00%
类型2 正确率：  99.00% -> 1    0.26%, 2   99.49%, 3    0.26%
类型3 正确率：  95.00% -> 1    0.00%, 2    4.77%, 3   95.23%

目标域路径：/kaggle/working/m1/sdalr_PU_as_released/DATA_foldA/PU_M1_L3/N15_M07_F04_label.txt
测试目标数据集结果如下：
任务: (B1)N15_M01_F10→(B3)N15_M07_F04, 正确率 = 76.11%
类型1 正确率： 100.00% -> 1  100.00%, 2    0.00%, 3    0.00%
类型2 正确率：  94.00% -> 1    0.00%, 2   93.55%, 3    6.45%
类型3 正确率：  35.00% -> 1   17.65%, 2   47.57%, 3   34.78%



现在开始拿源域训练集：(B2)N15_M07_F10 进行训练
源域读取路径：/kaggle/working/m1/sdalr_PU_as_released/DATA_foldA/PU_M1_L3/N15_M07_F10_label.txt
excel输出位置：/kaggle/working/m1/weight_src_PU_M1_FA_s2024/NEW_PU/Source-源域
log&pt输出位置：/kaggle/working/m1/weight_src_PU_M1_FA_s2024/NEW_PU/Source-源域/log&pt/(B2)N15_M07_F10
特征图片输出位置：/kaggle/working/m1/weight_src_PU_M1_FA_s2024/NEW_PU/Picture-特征图/2026年09月13日12时19分/(B2)N15_M07_F10
源域训练开始
轮次:··1/·10 || loss:0.059 || 耗时：8.30s
轮次:··2/·10 || loss:0.066 || 耗时：8.28s
轮次:··3/·10 || loss:0.170 || 耗时：8.27s
轮次:··4/·10 || loss:0.058 || 耗时：8.35s
轮次:··5/·10 || loss:0.007 || 耗时：8.46s
任务: (B2)N15_M07_F10; mix批次:····0; 批次:··330/··660; 总正确率 = 99.66%
类型1 正确率： 100.00% -> 1  100.00%, 2    0.00%, 3    0.00%
类型2 正确率：  99.00% -> 1    0.00%, 2   98.99%, 3    1.01%
类型3 正确率： 100.00% -> 1    0.00%, 2    0.00%, 3  100.00%


轮次:··6/·10 || loss:0.016 || 耗时：8.52s
轮次:··7/·10 || loss:0.001 || 耗时：8.47s
轮次:··8/·10 || loss:0.030 || 耗时：8.42s
轮次:··9/·10 || loss:0.003 || 耗时：8.41s
轮次:·10/·10 || loss:0.021 || 耗时：8.37s
任务: (B2)N15_M07_F10; mix批次:····0; 批次:··660/··660; 总正确率 = 100.00%
类型1 正确率： 100.00% -> 1  100.00%, 2    0.00%, 3    0.00%
类型2 正确率： 100.00% -> 1    0.00%, 2  100.00%, 3    0.00%
类型3 正确率： 100.00% -> 1    0.00%, 2    0.00%, 3  100.00%


测试集任务: (B2)N15_M07_F10; 总正确率 = 99.92%
类型1 正确率： 100.00% -> 1  100.00%, 2    0.00%, 3    0.00%
类型2 正确率： 100.00% -> 1    0.00%, 2  100.00%, 3    0.00%
类型3 正确率： 100.00% -> 1    0.00%, 2    0.25%, 3   99.75%


源域训练结束

训练好之后，测试目标域
目标域路径：/kaggle/working/m1/sdalr_PU_as_released/DATA_foldA/PU_M1_L3/N15_M01_F10_label.txt
测试目标数据集结果如下：
任务: (B2)N15_M07_F10→(B1)N15_M01_F10, 正确率 = 99.75%
类型1 正确率： 100.00% -> 1  100.00%, 2    0.00%, 3    0.00%
类型2 正确率：  99.00% -> 1    0.00%, 2   99.50%, 3    0.50%
类型3 正确率： 100.00% -> 1    0.00%, 2    0.25%, 3   99.75%

目标域路径：/kaggle/working/m1/sdalr_PU_as_released/DATA_foldA/PU_M1_L3/N15_M07_F04_label.txt
测试目标数据集结果如下：
任务: (B2)N15_M07_F10→(B3)N15_M07_F04, 正确率 = 84.43%
类型1 正确率： 100.00% -> 1  100.00%, 2    0.00%, 3    0.00%
类型2 正确率：  98.00% -> 1    0.00%, 2   98.44%, 3    1.56%
类型3 正确率：  55.00% -> 1    0.00%, 2   45.15%, 3   54.85%



现在开始拿源域训练集：(B3)N15_M07_F04 进行训练
源域读取路径：/kaggle/working/m1/sdalr_PU_as_released/DATA_foldA/PU_M1_L3/N15_M07_F04_label.txt
excel输出位置：/kaggle/working/m1/weight_src_PU_M1_FA_s2024/NEW_PU/Source-源域
log&pt输出位置：/kaggle/working/m1/weight_src_PU_M1_FA_s2024/NEW_PU/Source-源域/log&pt/(B3)N15_M07_F04
特征图片输出位置：/kaggle/working/m1/weight_src_PU_M1_FA_s2024/NEW_PU/Picture-特征图/2026年09月13日12时19分/(B3)N15_M07_F04
源域训练开始
轮次:··1/·10 || loss:0.074 || 耗时：8.42s
轮次:··2/·10 || loss:0.020 || 耗时：8.37s
轮次:··3/·10 || loss:0.003 || 耗时：8.43s
轮次:··4/·10 || loss:0.004 || 耗时：8.43s
轮次:··5/·10 || loss:0.002 || 耗时：8.44s
任务: (B3)N15_M07_F04; mix批次:····0; 批次:··330/··660; 总正确率 = 99.49%
类型1 正确率： 100.00% -> 1  100.00%, 2    0.00%, 3    0.00%
类型2 正确率：  98.00% -> 1    0.00%, 2   98.47%, 3    1.53%
类型3 正确率： 100.00% -> 1    0.00%, 2    0.00%, 3  100.00%


轮次:··6/·10 || loss:0.062 || 耗时：8.43s
轮次:··7/·10 || loss:0.011 || 耗时：8.40s
轮次:··8/·10 || loss:0.005 || 耗时：8.40s
轮次:··9/·10 || loss:0.004 || 耗时：8.37s
轮次:·10/·10 || loss:0.004 || 耗时：8.38s
任务: (B3)N15_M07_F04; mix批次:····0; 批次:··660/··660; 总正确率 = 99.66%
类型1 正确率： 100.00% -> 1  100.00%, 2    0.00%, 3    0.00%
类型2 正确率：  99.00% -> 1    0.00%, 2   98.98%, 3    1.02%
类型3 正确率： 100.00% -> 1    0.00%, 2    0.00%, 3  100.00%


测试集任务: (B3)N15_M07_F04; 总正确率 = 99.43%
类型1 正确率： 100.00% -> 1  100.00%, 2    0.00%, 3    0.00%
类型2 正确率：  99.00% -> 1    0.00%, 2   98.81%, 3    1.19%
类型3 正确率：  99.00% -> 1    0.00%, 2    0.53%, 3   99.47%


源域训练结束

训练好之后，测试目标域
目标域路径：/kaggle/working/m1/sdalr_PU_as_released/DATA_foldA/PU_M1_L3/N15_M01_F10_label.txt
测试目标数据集结果如下：
任务: (B3)N15_M07_F04→(B1)N15_M01_F10, 正确率 = 83.73%
类型1 正确率： 100.00% -> 1   99.73%, 2    0.00%, 3    0.27%
类型2 正确率：  73.00% -> 1    0.00%, 2   72.62%, 3   27.38%
类型3 正确率：  79.00% -> 1    0.72%, 2   20.43%, 3   78.85%

目标域路径：/kaggle/working/m1/sdalr_PU_as_released/DATA_foldA/PU_M1_L3/N15_M07_F10_label.txt
测试目标数据集结果如下：
任务: (B3)N15_M07_F04→(B2)N15_M07_F10, 正确率 = 84.04%
类型1 正确率：  99.00% -> 1   99.49%, 2    0.00%, 3    0.51%
类型2 正确率：  66.00% -> 1    0.24%, 2   65.88%, 3   33.89%
类型3 正确率：  87.00% -> 1    0.00%, 2   13.25%, 3   86.75%

