读取源域路径：/kaggle/working/hust/H5/weight_HUST_M1_final_checkpoint_FH5toH5c_s2024/NEW_PU/Source-源域/log&pt/(B3)N15_M07_F04
excel输出位置：/kaggle/working/hust/H5/weight_HUST_M1_final_checkpoint_FH5toH5c_s2024/NEW_PU/Target-目标域
特征图片输出位置：/kaggle/working/hust/H5/weight_HUST_M1_final_checkpoint_FH5toH5c_s2024/NEW_PU/Picture-特征图/2026年09月19日17时40分/(B3)N15_M07_F04
现在选取:(B3)N15_M07_F04 进行训练的源模型
现在进行：(B3)N15_M07_F04→(B1)N15_M01_F10 的迁移任务
log&pt输出位置：/kaggle/working/hust/H5/weight_HUST_M1_final_checkpoint_FH5toH5c_s2024/NEW_PU/Target-目标域/log&pt/(B3)N15_M07_F04→(B1)N15_M01_F10
任务: (B3)N15_M07_F04→(B1)N15_M01_F10; 批次:····0/·1880;  总正确率: 29.33%
类型1 正确率：  38.00% -> 1   37.95%, 2    0.00%, 3   62.05%
类型2 正确率：  50.00% -> 1    0.00%, 2   50.05%, 3   49.95%
类型3 正确率：   0.00% -> 1    0.00%, 2  100.00%, 3    0.00%


样本变换：reverse
样本变换：mask
样本变换：shift
样本变换：none
未过滤	未用伪标签：29.33% -> 使用伪标签：33.33%
已过滤	未用伪标签：29.32% -> 使用伪标签：33.34%
排除样本：1|6000	剩余：1000, 3000, 1999
增添样本：3001		细则：2000, 0, 1001	正确率估算：88.61%
类型1 正确率：  50.00% -> 1   50.00%, 2    0.00%, 3   50.00%
类型2 正确率：  50.00% -> 1    0.00%, 2   50.03%, 3   49.97%
类型3 正确率：   0.00% -> 1    0.00%, 2  100.00%, 3    0.00%

被排除样本 正确率：100.00%
类型1 正确率： 100.00% -> 1  100.00%


轮次:··1/·20 || c_Loss:0.539 || e_Loss:-1.075 || Aad_Loss:-29.543 || 耗时：35.01s
轮次:··2/·20 || c_Loss:0.422 || e_Loss:-1.016 || Aad_Loss:-32.099 || 耗时：13.02s
轮次:··3/·20 || c_Loss:0.380 || e_Loss:-0.924 || Aad_Loss:-33.167 || 耗时：12.95s
轮次:··4/·20 || c_Loss:0.380 || e_Loss:-1.027 || Aad_Loss:-31.474 || 耗时：12.87s
轮次:··5/·20 || c_Loss:0.377 || e_Loss:-1.020 || Aad_Loss:-32.073 || 耗时：12.88s
任务: (B3)N15_M07_F04→(B1)N15_M01_F10; mix批次:····0; 批次:··470/·1880;  总正确率: 33.33%
类型1 正确率：  50.00% -> 1   50.00%, 2    0.00%, 3   50.00%
类型2 正确率：  50.00% -> 1    0.00%, 2   50.00%, 3   50.00%
类型3 正确率：   0.00% -> 1    0.00%, 2  100.00%, 3    0.00%


样本变换：reverse
样本变换：mask
样本变换：shift
样本变换：none
未过滤	未用伪标签：33.33% -> 使用伪标签：33.33%
已过滤	未用伪标签：33.33% -> 使用伪标签：33.33%
排除样本：1000|6000	剩余：3000, 2000
增添样本：3000		细则：2000, 0, 1000	正确率估算：100.00%
类型1 正确率：  50.00% -> 1   50.00%, 2    0.00%, 3   50.00%
类型2 正确率：  50.00% -> 1    0.00%, 2   50.00%, 3   50.00%
类型3 正确率：   0.00% -> 1    0.00%, 2  100.00%, 3    0.00%

被排除样本 正确率：nan%


轮次:··6/·20 || c_Loss:0.372 || e_Loss:-1.026 || Aad_Loss:-31.264 || 耗时：34.75s
轮次:··7/·20 || c_Loss:0.373 || e_Loss:-0.988 || Aad_Loss:-30.940 || 耗时：12.96s
轮次:··8/·20 || c_Loss:0.372 || e_Loss:-1.013 || Aad_Loss:-31.006 || 耗时：12.96s
轮次:··9/·20 || c_Loss:0.372 || e_Loss:-1.001 || Aad_Loss:-32.031 || 耗时：12.93s
轮次:·10/·20 || c_Loss:0.372 || e_Loss:-0.970 || Aad_Loss:-34.198 || 耗时：12.93s
任务: (B3)N15_M07_F04→(B1)N15_M01_F10; mix批次:····0; 批次:··940/·1880;  总正确率: 33.33%
类型1 正确率：  50.00% -> 1   50.00%, 2    0.00%, 3   50.00%
类型2 正确率：  50.00% -> 1    0.00%, 2   50.00%, 3   50.00%
类型3 正确率：   0.00% -> 1    0.00%, 2  100.00%, 3    0.00%


样本变换：reverse
样本变换：mask
样本变换：shift
样本变换：none
未过滤	未用伪标签：33.33% -> 使用伪标签：33.33%
已过滤	未用伪标签：33.33% -> 使用伪标签：33.33%
排除样本：1000|6000	剩余：3000, 2000
增添样本：3000		细则：2000, 0, 1000	正确率估算：100.00%
类型1 正确率：  50.00% -> 1   50.00%, 2    0.00%, 3   50.00%
类型2 正确率：  50.00% -> 1    0.00%, 2   50.00%, 3   50.00%
类型3 正确率：   0.00% -> 1    0.00%, 2  100.00%, 3    0.00%

被排除样本 正确率：nan%


轮次:·11/·20 || c_Loss:0.370 || e_Loss:-1.026 || Aad_Loss:-31.543 || 耗时：34.79s
轮次:·12/·20 || c_Loss:0.371 || e_Loss:-0.988 || Aad_Loss:-31.120 || 耗时：12.89s
轮次:·13/·20 || c_Loss:0.370 || e_Loss:-1.013 || Aad_Loss:-31.170 || 耗时：12.94s
轮次:·14/·20 || c_Loss:0.370 || e_Loss:-1.001 || Aad_Loss:-32.198 || 耗时：12.96s
轮次:·15/·20 || c_Loss:0.371 || e_Loss:-0.970 || Aad_Loss:-34.372 || 耗时：12.97s
任务: (B3)N15_M07_F04→(B1)N15_M01_F10; mix批次:····0; 批次:·1410/·1880;  总正确率: 33.33%
类型1 正确率：  50.00% -> 1   50.00%, 2    0.00%, 3   50.00%
类型2 正确率：  50.00% -> 1    0.00%, 2   50.00%, 3   50.00%
类型3 正确率：   0.00% -> 1    0.00%, 2  100.00%, 3    0.00%


样本变换：reverse
样本变换：mask
样本变换：shift
样本变换：none
未过滤	未用伪标签：33.33% -> 使用伪标签：33.33%
已过滤	未用伪标签：33.33% -> 使用伪标签：33.33%
排除样本：1000|6000	剩余：3000, 2000
增添样本：3000		细则：2000, 0, 1000	正确率估算：100.00%
类型1 正确率：  50.00% -> 1   50.00%, 2    0.00%, 3   50.00%
类型2 正确率：  50.00% -> 1    0.00%, 2   50.00%, 3   50.00%
类型3 正确率：   0.00% -> 1    0.00%, 2  100.00%, 3    0.00%

被排除样本 正确率：nan%


轮次:·16/·20 || c_Loss:0.370 || e_Loss:-1.026 || Aad_Loss:-31.687 || 耗时：34.83s
轮次:·17/·20 || c_Loss:0.370 || e_Loss:-0.988 || Aad_Loss:-31.229 || 耗时：12.89s
轮次:·18/·20 || c_Loss:0.370 || e_Loss:-1.013 || Aad_Loss:-31.270 || 耗时：12.91s
轮次:·19/·20 || c_Loss:0.370 || e_Loss:-1.000 || Aad_Loss:-32.305 || 耗时：12.90s
轮次:·20/·20 || c_Loss:0.371 || e_Loss:-0.969 || Aad_Loss:-34.485 || 耗时：12.89s
任务: (B3)N15_M07_F04→(B1)N15_M01_F10; mix批次:····0; 批次:·1880/·1880;  总正确率: 33.33%
类型1 正确率：  50.00% -> 1   50.00%, 2    0.00%, 3   50.00%
类型2 正确率：  50.00% -> 1    0.00%, 2   50.00%, 3   50.00%
类型3 正确率：   0.00% -> 1    0.00%, 2  100.00%, 3    0.00%


测试集任务: (B3)N15_M07_F04→(B1)N15_M01_F10; 总正确率 = 33.33%
类型1 正确率：  50.00% -> 1   50.00%, 2    0.00%, 3   50.00%
类型2 正确率：  50.00% -> 1    0.00%, 2   50.00%, 3   50.00%
类型3 正确率：   0.00% -> 1    0.00%, 2  100.00%, 3    0.00%


