读取源域路径：/kaggle/working/hust/H5/weight_HUST_M1_final_checkpoint_FH5toH5c_s2024/NEW_PU/Source-源域/log&pt/(B3)N15_M07_F04
excel输出位置：/kaggle/working/hust/H5/weight_HUST_M1_final_checkpoint_FH5toH5c_s2024/NEW_PU/Target-目标域
特征图片输出位置：/kaggle/working/hust/H5/weight_HUST_M1_final_checkpoint_FH5toH5c_s2024/NEW_PU/Picture-特征图/2026年09月19日17时46分/(B3)N15_M07_F04
现在选取:(B3)N15_M07_F04 进行训练的源模型
现在进行：(B3)N15_M07_F04→(B2)N15_M07_F10 的迁移任务
log&pt输出位置：/kaggle/working/hust/H5/weight_HUST_M1_final_checkpoint_FH5toH5c_s2024/NEW_PU/Target-目标域/log&pt/(B3)N15_M07_F04→(B2)N15_M07_F10
任务: (B3)N15_M07_F04→(B2)N15_M07_F10; 批次:····0/·1880;  总正确率: 33.60%
类型1 正确率：  50.00% -> 1   50.00%, 2    0.00%, 3   50.00%
类型2 正确率：  51.00% -> 1    0.00%, 2   50.80%, 3   49.20%
类型3 正确率：   0.00% -> 1    0.00%, 2  100.00%, 3    0.00%


样本变换：reverse
样本变换：mask
样本变换：shift
样本变换：none
未过滤	未用伪标签：33.60% -> 使用伪标签：33.47%
已过滤	未用伪标签：33.57% -> 使用伪标签：33.52%
排除样本：10|6000	剩余：1000, 3008, 1982
增添样本：3034		细则：2008, 0, 1026	正确率估算：99.85%
类型1 正确率：  50.00% -> 1   50.00%, 2    0.00%, 3   50.00%
类型2 正确率：  51.00% -> 1    0.00%, 2   50.65%, 3   49.35%
类型3 正确率：   0.00% -> 1    0.00%, 2  100.00%, 3    0.00%

被排除样本 正确率：50.00%
类型1 正确率：  50.00% -> 1   50.00%, 2   50.00%
类型2 没有样本或未被分类。


轮次:··1/·20 || c_Loss:0.640 || e_Loss:-1.068 || Aad_Loss:-28.953 || 耗时：34.86s
轮次:··2/·20 || c_Loss:0.418 || e_Loss:-1.011 || Aad_Loss:-31.802 || 耗时：12.98s
轮次:··3/·20 || c_Loss:0.385 || e_Loss:-1.030 || Aad_Loss:-30.757 || 耗时：12.89s
轮次:··4/·20 || c_Loss:0.372 || e_Loss:-1.093 || Aad_Loss:-31.095 || 耗时：12.88s
轮次:··5/·20 || c_Loss:0.369 || e_Loss:-1.013 || Aad_Loss:-32.001 || 耗时：12.77s
任务: (B3)N15_M07_F04→(B2)N15_M07_F10; mix批次:····0; 批次:··470/·1880;  总正确率: 33.33%
类型1 正确率：  50.00% -> 1   50.00%, 2    0.00%, 3   50.00%
类型2 正确率：  50.00% -> 1    0.00%, 2   50.00%, 3   50.00%
类型3 正确率：   0.00% -> 1    0.00%, 2  100.00%, 3    0.00%


样本变换：reverse
样本变换：mask
样本变换：shift
样本变换：none
未过滤	未用伪标签：33.33% -> 使用伪标签：33.33%
已过滤	未用伪标签：33.33% -> 使用伪标签：33.33%
排除样本：1000|6000	剩余：3000, 2000
增添样本：3000		细则：2000, 0, 1000	正确率估算：100.00%
类型1 正确率：  50.00% -> 1   50.00%, 2    0.00%, 3   50.00%
类型2 正确率：  50.00% -> 1    0.00%, 2   50.00%, 3   50.00%
类型3 正确率：   0.00% -> 1    0.00%, 2  100.00%, 3    0.00%

被排除样本 正确率：nan%


轮次:··6/·20 || c_Loss:0.369 || e_Loss:-1.026 || Aad_Loss:-31.288 || 耗时：34.66s
轮次:··7/·20 || c_Loss:0.370 || e_Loss:-0.982 || Aad_Loss:-30.881 || 耗时：12.94s
轮次:··8/·20 || c_Loss:0.370 || e_Loss:-1.011 || Aad_Loss:-30.985 || 耗时：12.96s
轮次:··9/·20 || c_Loss:0.371 || e_Loss:-0.998 || Aad_Loss:-31.938 || 耗时：12.94s
轮次:·10/·20 || c_Loss:0.373 || e_Loss:-0.969 || Aad_Loss:-34.178 || 耗时：12.90s
任务: (B3)N15_M07_F04→(B2)N15_M07_F10; mix批次:····0; 批次:··940/·1880;  总正确率: 33.33%
类型1 正确率：  50.00% -> 1   50.00%, 2    0.00%, 3   50.00%
类型2 正确率：  50.00% -> 1    0.00%, 2   50.00%, 3   50.00%
类型3 正确率：   0.00% -> 1    0.00%, 2  100.00%, 3    0.00%


样本变换：reverse
样本变换：mask
样本变换：shift
样本变换：none
未过滤	未用伪标签：33.33% -> 使用伪标签：33.33%
已过滤	未用伪标签：33.33% -> 使用伪标签：33.33%
排除样本：1000|6000	剩余：3000, 2000
增添样本：3000		细则：2000, 0, 1000	正确率估算：100.00%
类型1 正确率：  50.00% -> 1   50.00%, 2    0.00%, 3   50.00%
类型2 正确率：  50.00% -> 1    0.00%, 2   50.00%, 3   50.00%
类型3 正确率：   0.00% -> 1    0.00%, 2  100.00%, 3    0.00%

被排除样本 正确率：nan%


轮次:·11/·20 || c_Loss:0.371 || e_Loss:-1.027 || Aad_Loss:-31.567 || 耗时：34.67s
轮次:·12/·20 || c_Loss:0.370 || e_Loss:-0.985 || Aad_Loss:-31.069 || 耗时：12.92s
轮次:·13/·20 || c_Loss:0.370 || e_Loss:-1.012 || Aad_Loss:-31.146 || 耗时：12.95s
轮次:·14/·20 || c_Loss:0.370 || e_Loss:-0.999 || Aad_Loss:-32.116 || 耗时：12.95s
轮次:·15/·20 || c_Loss:0.372 || e_Loss:-0.969 || Aad_Loss:-34.354 || 耗时：12.94s
任务: (B3)N15_M07_F04→(B2)N15_M07_F10; mix批次:····0; 批次:·1410/·1880;  总正确率: 33.33%
类型1 正确率：  50.00% -> 1   50.00%, 2    0.00%, 3   50.00%
类型2 正确率：  50.00% -> 1    0.00%, 2   50.00%, 3   50.00%
类型3 正确率：   0.00% -> 1    0.00%, 2  100.00%, 3    0.00%


样本变换：reverse
样本变换：mask
样本变换：shift
样本变换：none
未过滤	未用伪标签：33.33% -> 使用伪标签：33.33%
已过滤	未用伪标签：33.33% -> 使用伪标签：33.33%
排除样本：1000|6000	剩余：3000, 2000
增添样本：3000		细则：2000, 0, 1000	正确率估算：100.00%
类型1 正确率：  50.00% -> 1   50.00%, 2    0.00%, 3   50.00%
类型2 正确率：  50.00% -> 1    0.00%, 2   50.00%, 3   50.00%
类型3 正确率：   0.00% -> 1    0.00%, 2  100.00%, 3    0.00%

被排除样本 正确率：nan%


轮次:·16/·20 || c_Loss:0.371 || e_Loss:-1.028 || Aad_Loss:-31.711 || 耗时：34.82s
轮次:·17/·20 || c_Loss:0.369 || e_Loss:-0.986 || Aad_Loss:-31.187 || 耗时：12.88s
轮次:·18/·20 || c_Loss:0.370 || e_Loss:-1.012 || Aad_Loss:-31.248 || 耗时：12.90s
轮次:·19/·20 || c_Loss:0.370 || e_Loss:-0.999 || Aad_Loss:-32.230 || 耗时：12.92s
轮次:·20/·20 || c_Loss:0.371 || e_Loss:-0.969 || Aad_Loss:-34.468 || 耗时：12.91s
任务: (B3)N15_M07_F04→(B2)N15_M07_F10; mix批次:····0; 批次:·1880/·1880;  总正确率: 33.33%
类型1 正确率：  50.00% -> 1   50.00%, 2    0.00%, 3   50.00%
类型2 正确率：  50.00% -> 1    0.00%, 2   50.00%, 3   50.00%
类型3 正确率：   0.00% -> 1    0.00%, 2  100.00%, 3    0.00%


测试集任务: (B3)N15_M07_F04→(B2)N15_M07_F10; 总正确率 = 33.33%
类型1 正确率：  50.00% -> 1   50.00%, 2    0.00%, 3   50.00%
类型2 正确率：  50.00% -> 1    0.00%, 2   50.00%, 3   50.00%
类型3 正确率：   0.00% -> 1    0.00%, 2  100.00%, 3    0.00%


