读取源域路径：/kaggle/working/hust/H5/weight_HUST_M1_final_checkpoint_FH5toH5c_s2024/NEW_PU/Source-源域/log&pt/(B2)N15_M07_F10
excel输出位置：/kaggle/working/hust/H5/weight_HUST_M1_final_checkpoint_FH5toH5c_s2024/NEW_PU/Target-目标域
特征图片输出位置：/kaggle/working/hust/H5/weight_HUST_M1_final_checkpoint_FH5toH5c_s2024/NEW_PU/Picture-特征图/2026年09月19日17时34分/(B2)N15_M07_F10
现在选取:(B2)N15_M07_F10 进行训练的源模型
现在进行：(B2)N15_M07_F10→(B3)N15_M07_F04 的迁移任务
log&pt输出位置：/kaggle/working/hust/H5/weight_HUST_M1_final_checkpoint_FH5toH5c_s2024/NEW_PU/Target-目标域/log&pt/(B2)N15_M07_F10→(B3)N15_M07_F04
任务: (B2)N15_M07_F10→(B3)N15_M07_F04; 批次:····0/·1880;  总正确率: 47.55%
类型1 正确率：  50.00% -> 1   50.00%, 2    0.00%, 3   50.00%
类型2 正确率：  52.00% -> 1    0.00%, 2   51.85%, 3   48.15%
类型3 正确率：  41.00% -> 1    0.00%, 2   59.20%, 3   40.80%


样本变换：reverse
样本变换：mask
样本变换：shift
样本变换：none
未过滤	未用伪标签：47.55% -> 使用伪标签：49.53%
已过滤	未用伪标签：47.58% -> 使用伪标签：49.84%
排除样本：37|6000	剩余：1001, 2003, 2959
增添样本：2914		细则：1958, 956, 0	正确率估算：99.90%
类型1 正确率：  50.00% -> 1   50.08%, 2    0.00%, 3   49.92%
类型2 正确率：  50.00% -> 1    0.00%, 2   50.25%, 3   49.75%
类型3 正确率：  49.00% -> 1    0.00%, 2   50.81%, 3   49.19%

被排除样本 正确率：43.24%
类型1 正确率：   0.00% -> 1    0.00%, 2    0.00%, 3  100.00%
类型2 正确率： 100.00% -> 1    0.00%, 2  100.00%, 3    0.00%
类型3 正确率：   0.00% -> 1    0.00%, 2  100.00%, 3    0.00%


轮次:··1/·20 || c_Loss:0.492 || e_Loss:-1.020 || Aad_Loss:-30.561 || 耗时：34.67s
轮次:··2/·20 || c_Loss:0.419 || e_Loss:-0.961 || Aad_Loss:-28.215 || 耗时：12.90s
轮次:··3/·20 || c_Loss:0.357 || e_Loss:-0.933 || Aad_Loss:-29.811 || 耗时：12.87s
轮次:··4/·20 || c_Loss:0.351 || e_Loss:-0.918 || Aad_Loss:-30.902 || 耗时：12.86s
轮次:··5/·20 || c_Loss:0.354 || e_Loss:-0.891 || Aad_Loss:-31.834 || 耗时：12.92s
任务: (B2)N15_M07_F10→(B3)N15_M07_F04; mix批次:····0; 批次:··470/·1880;  总正确率: 49.88%
类型1 正确率：  50.00% -> 1   50.00%, 2    0.00%, 3   50.00%
类型2 正确率：  50.00% -> 1    0.00%, 2   49.65%, 3   50.35%
类型3 正确率：  50.00% -> 1    0.00%, 2   50.00%, 3   50.00%


样本变换：reverse
样本变换：mask
样本变换：shift
样本变换：none
未过滤	未用伪标签：49.88% -> 使用伪标签：49.85%
已过滤	未用伪标签：49.87% -> 使用伪标签：49.86%
排除样本：1|6000	剩余：1000, 1991, 3008
增添样本：3025		细则：2008, 1017, 0	正确率估算：100.00%
类型1 正确率：  50.00% -> 1   50.00%, 2    0.00%, 3   50.00%
类型2 正确率：  50.00% -> 1    0.00%, 2   49.57%, 3   50.43%
类型3 正确率：  50.00% -> 1    0.00%, 2   50.00%, 3   50.00%

被排除样本 正确率：100.00%
类型1 正确率： 100.00% -> 1  100.00%


轮次:··6/·20 || c_Loss:0.368 || e_Loss:-0.839 || Aad_Loss:-35.508 || 耗时：34.83s
轮次:··7/·20 || c_Loss:0.375 || e_Loss:-0.964 || Aad_Loss:-32.833 || 耗时：12.83s
轮次:··8/·20 || c_Loss:0.400 || e_Loss:-0.973 || Aad_Loss:-31.420 || 耗时：12.83s
轮次:··9/·20 || c_Loss:0.374 || e_Loss:-1.016 || Aad_Loss:-31.890 || 耗时：12.95s
轮次:·10/·20 || c_Loss:0.373 || e_Loss:-1.005 || Aad_Loss:-32.500 || 耗时：12.90s
任务: (B2)N15_M07_F10→(B3)N15_M07_F04; mix批次:····0; 批次:··940/·1880;  总正确率: 49.88%
类型1 正确率：  50.00% -> 1   50.00%, 2    0.00%, 3   50.00%
类型2 正确率：  50.00% -> 1    0.00%, 2   49.65%, 3   50.35%
类型3 正确率：  50.00% -> 1    0.00%, 2   50.00%, 3   50.00%


样本变换：reverse
样本变换：mask
样本变换：shift
样本变换：none
未过滤	未用伪标签：49.88% -> 使用伪标签：49.88%
已过滤	未用伪标签：49.89% -> 使用伪标签：49.89%
排除样本：1|6000	剩余：1000, 1993, 3006
增添样本：3019		细则：2006, 1013, 0	正确率估算：100.00%
类型1 正确率：  50.00% -> 1   50.00%, 2    0.00%, 3   50.00%
类型2 正确率：  50.00% -> 1    0.00%, 2   49.67%, 3   50.33%
类型3 正确率：  50.00% -> 1    0.00%, 2   50.00%, 3   50.00%

被排除样本 正确率：0.00%
类型1 正确率：   0.00% -> 1    0.00%, 2  100.00%
类型2 没有样本或未被分类。


轮次:·11/·20 || c_Loss:0.375 || e_Loss:-0.983 || Aad_Loss:-32.499 || 耗时：34.95s
轮次:·12/·20 || c_Loss:0.374 || e_Loss:-1.011 || Aad_Loss:-31.644 || 耗时：12.83s
轮次:·13/·20 || c_Loss:0.372 || e_Loss:-1.012 || Aad_Loss:-31.362 || 耗时：12.80s
轮次:·14/·20 || c_Loss:0.369 || e_Loss:-0.993 || Aad_Loss:-31.417 || 耗时：12.89s
轮次:·15/·20 || c_Loss:0.378 || e_Loss:-0.964 || Aad_Loss:-32.589 || 耗时：12.80s
任务: (B2)N15_M07_F10→(B3)N15_M07_F04; mix批次:····0; 批次:·1410/·1880;  总正确率: 49.87%
类型1 正确率：  50.00% -> 1   50.00%, 2    0.00%, 3   50.00%
类型2 正确率：  50.00% -> 1    0.00%, 2   49.60%, 3   50.40%
类型3 正确率：  50.00% -> 1    0.00%, 2   50.00%, 3   50.00%


样本变换：reverse
样本变换：mask
样本变换：shift
样本变换：none
未过滤	未用伪标签：49.87% -> 使用伪标签：49.87%
已过滤	未用伪标签：49.87% -> 使用伪标签：49.88%
排除样本：2|6000	剩余：1000, 1992, 3006
增添样本：3020		细则：2006, 1014, 0	正确率估算：100.00%
类型1 正确率：  50.00% -> 1   50.00%, 2    0.00%, 3   50.00%
类型2 正确率：  50.00% -> 1    0.00%, 2   49.65%, 3   50.35%
类型3 正确率：  50.00% -> 1    0.00%, 2   50.00%, 3   50.00%

被排除样本 正确率：50.00%
类型1 正确率：  50.00% -> 1   50.00%, 2   50.00%
类型2 没有样本或未被分类。


轮次:·16/·20 || c_Loss:0.373 || e_Loss:-0.949 || Aad_Loss:-34.992 || 耗时：34.93s
轮次:·17/·20 || c_Loss:0.376 || e_Loss:-0.986 || Aad_Loss:-33.832 || 耗时：12.88s
轮次:·18/·20 || c_Loss:0.374 || e_Loss:-1.853 || Aad_Loss:-30.769 || 耗时：12.88s
轮次:·19/·20 || c_Loss:0.373 || e_Loss:-0.908 || Aad_Loss:-34.721 || 耗时：12.96s
轮次:·20/·20 || c_Loss:0.384 || e_Loss:-0.995 || Aad_Loss:-31.707 || 耗时：12.83s
任务: (B2)N15_M07_F10→(B3)N15_M07_F04; mix批次:····0; 批次:·1880/·1880;  总正确率: 49.90%
类型1 正确率：  50.00% -> 1   50.00%, 2    0.00%, 3   50.00%
类型2 正确率：  50.00% -> 1    0.00%, 2   49.70%, 3   50.30%
类型3 正确率：  50.00% -> 1    0.00%, 2   50.00%, 3   50.00%


测试集任务: (B2)N15_M07_F10→(B3)N15_M07_F04; 总正确率 = 49.90%
类型1 正确率：  50.00% -> 1   50.00%, 2    0.00%, 3   50.00%
类型2 正确率：  50.00% -> 1    0.00%, 2   49.70%, 3   50.30%
类型3 正确率：  50.00% -> 1    0.00%, 2   50.00%, 3   50.00%


