读取源域路径：/kaggle/working/hust/H5/weight_HUST_M1_final_checkpoint_FH5toH5c_s2024/NEW_PU/Source-源域/log&pt/(B2)N15_M07_F10
excel输出位置：/kaggle/working/hust/H5/weight_HUST_M1_final_checkpoint_FH5toH5c_s2024/NEW_PU/Target-目标域
特征图片输出位置：/kaggle/working/hust/H5/weight_HUST_M1_final_checkpoint_FH5toH5c_s2024/NEW_PU/Picture-特征图/2026年09月19日17时28分/(B2)N15_M07_F10
现在选取:(B2)N15_M07_F10 进行训练的源模型
现在进行：(B2)N15_M07_F10→(B1)N15_M01_F10 的迁移任务
log&pt输出位置：/kaggle/working/hust/H5/weight_HUST_M1_final_checkpoint_FH5toH5c_s2024/NEW_PU/Target-目标域/log&pt/(B2)N15_M07_F10→(B1)N15_M01_F10
任务: (B2)N15_M07_F10→(B1)N15_M01_F10; 批次:····0/·1880;  总正确率: 48.52%
类型1 正确率：  50.00% -> 1   50.00%, 2    0.00%, 3   50.00%
类型2 正确率：  50.00% -> 1    0.00%, 2   50.25%, 3   49.75%
类型3 正确率：  45.00% -> 1    0.00%, 2   54.70%, 3   45.30%


样本变换：reverse
样本变换：mask
样本变换：shift
样本变换：none
未过滤	未用伪标签：48.52% -> 使用伪标签：49.77%
已过滤	未用伪标签：48.52% -> 使用伪标签：49.91%
排除样本：17|6000	剩余：1000, 1994, 2989
增添样本：2984		细则：1989, 995, 0	正确率估算：100.00%
类型1 正确率：  50.00% -> 1   50.00%, 2    0.00%, 3   50.00%
类型2 正确率：  50.00% -> 1    0.00%, 2   49.92%, 3   50.08%
类型3 正确率：  50.00% -> 1    0.00%, 2   50.20%, 3   49.80%

被排除样本 正确率：47.06%
类型1 正确率：  89.00% -> 1   88.89%, 2   11.11%
类型2 正确率：   0.00% -> 1  100.00%, 2    0.00%


轮次:··1/·20 || c_Loss:0.525 || e_Loss:-1.061 || Aad_Loss:-30.639 || 耗时：35.04s
轮次:··2/·20 || c_Loss:0.390 || e_Loss:-0.917 || Aad_Loss:-34.341 || 耗时：13.00s
轮次:··3/·20 || c_Loss:0.371 || e_Loss:-1.746 || Aad_Loss:-29.194 || 耗时：12.92s
轮次:··4/·20 || c_Loss:0.365 || e_Loss:-0.959 || Aad_Loss:-31.840 || 耗时：12.86s
轮次:··5/·20 || c_Loss:0.375 || e_Loss:-1.564 || Aad_Loss:-31.190 || 耗时：12.88s
任务: (B2)N15_M07_F10→(B1)N15_M01_F10; mix批次:····0; 批次:··470/·1880;  总正确率: 49.93%
类型1 正确率：  50.00% -> 1   50.00%, 2    0.00%, 3   50.00%
类型2 正确率：  50.00% -> 1    0.00%, 2   49.80%, 3   50.20%
类型3 正确率：  50.00% -> 1    0.00%, 2   50.00%, 3   50.00%


样本变换：reverse
样本变换：mask
样本变换：shift
样本变换：none
未过滤	未用伪标签：49.93% -> 使用伪标签：49.93%
已过滤	未用伪标签：49.92% -> 使用伪标签：49.94%
排除样本：1|6000	剩余：1000, 1996, 3003
增添样本：3010		细则：2003, 1007, 0	正确率估算：100.00%
类型1 正确率：  50.00% -> 1   50.00%, 2    0.00%, 3   50.00%
类型2 正确率：  50.00% -> 1    0.00%, 2   49.82%, 3   50.18%
类型3 正确率：  50.00% -> 1    0.00%, 2   50.00%, 3   50.00%

被排除样本 正确率：100.00%
类型1 正确率： 100.00% -> 1  100.00%


轮次:··6/·20 || c_Loss:0.363 || e_Loss:-1.002 || Aad_Loss:-30.452 || 耗时：34.86s
轮次:··7/·20 || c_Loss:0.372 || e_Loss:-0.991 || Aad_Loss:-32.882 || 耗时：12.84s
轮次:··8/·20 || c_Loss:0.371 || e_Loss:-0.909 || Aad_Loss:-34.388 || 耗时：12.86s
轮次:··9/·20 || c_Loss:0.370 || e_Loss:-0.919 || Aad_Loss:-35.473 || 耗时：12.94s
轮次:·10/·20 || c_Loss:0.375 || e_Loss:-0.970 || Aad_Loss:-32.752 || 耗时：12.80s
任务: (B2)N15_M07_F10→(B1)N15_M01_F10; mix批次:····0; 批次:··940/·1880;  总正确率: 49.95%
类型1 正确率：  50.00% -> 1   50.00%, 2    0.00%, 3   50.00%
类型2 正确率：  50.00% -> 1    0.00%, 2   49.85%, 3   50.15%
类型3 正确率：  50.00% -> 1    0.00%, 2   50.00%, 3   50.00%


样本变换：reverse
样本变换：mask
样本变换：shift
样本变换：none
未过滤	未用伪标签：49.95% -> 使用伪标签：49.95%
已过滤	未用伪标签：49.95% -> 使用伪标签：49.95%
排除样本：1000|6000	剩余：1997, 3003
增添样本：3009		细则：2003, 1006, 0	正确率估算：100.00%
类型1 正确率：  50.00% -> 1   50.00%, 2    0.00%, 3   50.00%
类型2 正确率：  50.00% -> 1    0.00%, 2   49.85%, 3   50.15%
类型3 正确率：  50.00% -> 1    0.00%, 2   50.00%, 3   50.00%

被排除样本 正确率：nan%


轮次:·11/·20 || c_Loss:0.374 || e_Loss:-0.915 || Aad_Loss:-34.935 || 耗时：34.74s
轮次:·12/·20 || c_Loss:0.374 || e_Loss:-0.939 || Aad_Loss:-34.511 || 耗时：12.81s
轮次:·13/·20 || c_Loss:0.374 || e_Loss:-0.993 || Aad_Loss:-32.709 || 耗时：12.79s
轮次:·14/·20 || c_Loss:0.374 || e_Loss:-0.976 || Aad_Loss:-33.388 || 耗时：12.91s
轮次:·15/·20 || c_Loss:0.372 || e_Loss:-0.944 || Aad_Loss:-35.052 || 耗时：12.81s
任务: (B2)N15_M07_F10→(B1)N15_M01_F10; mix批次:····0; 批次:·1410/·1880;  总正确率: 49.95%
类型1 正确率：  50.00% -> 1   50.00%, 2    0.00%, 3   50.00%
类型2 正确率：  50.00% -> 1    0.00%, 2   49.85%, 3   50.15%
类型3 正确率：  50.00% -> 1    0.00%, 2   50.00%, 3   50.00%


样本变换：reverse
样本变换：mask
样本变换：shift
样本变换：none
未过滤	未用伪标签：49.95% -> 使用伪标签：49.95%
已过滤	未用伪标签：49.95% -> 使用伪标签：49.95%
排除样本：1000|6000	剩余：1997, 3003
增添样本：3009		细则：2003, 1006, 0	正确率估算：100.00%
类型1 正确率：  50.00% -> 1   50.00%, 2    0.00%, 3   50.00%
类型2 正确率：  50.00% -> 1    0.00%, 2   49.85%, 3   50.15%
类型3 正确率：  50.00% -> 1    0.00%, 2   50.00%, 3   50.00%

被排除样本 正确率：nan%


轮次:·16/·20 || c_Loss:0.374 || e_Loss:-0.915 || Aad_Loss:-35.179 || 耗时：35.00s
轮次:·17/·20 || c_Loss:0.373 || e_Loss:-0.941 || Aad_Loss:-34.750 || 耗时：12.80s
轮次:·18/·20 || c_Loss:0.373 || e_Loss:-0.993 || Aad_Loss:-32.881 || 耗时：12.82s
轮次:·19/·20 || c_Loss:0.374 || e_Loss:-0.977 || Aad_Loss:-33.583 || 耗时：12.95s
轮次:·20/·20 || c_Loss:0.372 || e_Loss:-0.944 || Aad_Loss:-35.212 || 耗时：12.84s
任务: (B2)N15_M07_F10→(B1)N15_M01_F10; mix批次:····0; 批次:·1880/·1880;  总正确率: 49.95%
类型1 正确率：  50.00% -> 1   50.00%, 2    0.00%, 3   50.00%
类型2 正确率：  50.00% -> 1    0.00%, 2   49.85%, 3   50.15%
类型3 正确率：  50.00% -> 1    0.00%, 2   50.00%, 3   50.00%


测试集任务: (B2)N15_M07_F10→(B1)N15_M01_F10; 总正确率 = 49.95%
类型1 正确率：  50.00% -> 1   50.00%, 2    0.00%, 3   50.00%
类型2 正确率：  50.00% -> 1    0.00%, 2   49.85%, 3   50.15%
类型3 正确率：  50.00% -> 1    0.00%, 2   50.00%, 3   50.00%


