读取源域路径：/kaggle/working/hust/H5/weight_HUST_M1_final_checkpoint_FH5toH5c_s2024/NEW_PU/Source-源域/log&pt/(B1)N15_M01_F10
excel输出位置：/kaggle/working/hust/H5/weight_HUST_M1_final_checkpoint_FH5toH5c_s2024/NEW_PU/Target-目标域
特征图片输出位置：/kaggle/working/hust/H5/weight_HUST_M1_final_checkpoint_FH5toH5c_s2024/NEW_PU/Picture-特征图/2026年09月19日17时15分/(B1)N15_M01_F10
现在选取:(B1)N15_M01_F10 进行训练的源模型
现在进行：(B1)N15_M01_F10→(B2)N15_M07_F10 的迁移任务
log&pt输出位置：/kaggle/working/hust/H5/weight_HUST_M1_final_checkpoint_FH5toH5c_s2024/NEW_PU/Target-目标域/log&pt/(B1)N15_M01_F10→(B2)N15_M07_F10
任务: (B1)N15_M01_F10→(B2)N15_M07_F10; 批次:····0/·1880;  总正确率: 33.38%
类型1 正确率：  50.00% -> 1   50.00%, 2    0.00%, 3   50.00%
类型2 正确率：   0.00% -> 1    0.00%, 2    0.15%, 3   99.85%
类型3 正确率：  50.00% -> 1    0.00%, 2   50.00%, 3   50.00%


样本变换：reverse
样本变换：mask
样本变换：shift
样本变换：none
未过滤	未用伪标签：33.38% -> 使用伪标签：33.33%
已过滤	未用伪标签：33.38% -> 使用伪标签：33.34%
排除样本：2|6000	剩余：1000, 1000, 3998
增添样本：5996		细则：2998, 2998, 0	正确率估算：100.00%
类型1 正确率：  50.00% -> 1   50.00%, 2    0.00%, 3   50.00%
类型2 正确率：   0.00% -> 1    0.00%, 2    0.00%, 3  100.00%
类型3 正确率：  50.00% -> 1    0.00%, 2   50.00%, 3   50.00%

被排除样本 正确率：50.00%
类型1 正确率：  50.00% -> 1   50.00%, 2   50.00%
类型2 没有样本或未被分类。


轮次:··1/·20 || c_Loss:0.512 || e_Loss:-1.061 || Aad_Loss:-31.687 || 耗时：35.94s
轮次:··2/·20 || c_Loss:0.417 || e_Loss:-1.340 || Aad_Loss:-29.011 || 耗时：13.28s
轮次:··3/·20 || c_Loss:0.382 || e_Loss:-0.924 || Aad_Loss:-35.340 || 耗时：12.97s
轮次:··4/·20 || c_Loss:0.374 || e_Loss:-0.952 || Aad_Loss:-34.892 || 耗时：12.82s
轮次:··5/·20 || c_Loss:0.367 || e_Loss:-0.876 || Aad_Loss:-38.578 || 耗时：12.75s
任务: (B1)N15_M01_F10→(B2)N15_M07_F10; mix批次:····0; 批次:··470/·1880;  总正确率: 33.33%
类型1 正确率：  50.00% -> 1   50.00%, 2    0.00%, 3   50.00%
类型2 正确率：   0.00% -> 1    0.00%, 2    0.00%, 3  100.00%
类型3 正确率：  50.00% -> 1    0.00%, 2   50.00%, 3   50.00%


样本变换：reverse
样本变换：mask
样本变换：shift
样本变换：none
未过滤	未用伪标签：33.33% -> 使用伪标签：33.33%
已过滤	未用伪标签：33.33% -> 使用伪标签：33.33%
排除样本：1000|6000	剩余：1000, 4000
增添样本：6000		细则：3000, 3000, 0	正确率估算：100.00%
类型1 正确率：  50.00% -> 1   50.00%, 2    0.00%, 3   50.00%
类型2 正确率：   0.00% -> 1    0.00%, 2    0.00%, 3  100.00%
类型3 正确率：  50.00% -> 1    0.00%, 2   50.00%, 3   50.00%

被排除样本 正确率：nan%


轮次:··6/·20 || c_Loss:0.382 || e_Loss:-1.011 || Aad_Loss:-32.941 || 耗时：34.81s
轮次:··7/·20 || c_Loss:0.392 || e_Loss:-1.029 || Aad_Loss:-29.862 || 耗时：12.99s
轮次:··8/·20 || c_Loss:0.375 || e_Loss:-0.921 || Aad_Loss:-36.038 || 耗时：12.98s
轮次:··9/·20 || c_Loss:0.375 || e_Loss:-0.958 || Aad_Loss:-35.538 || 耗时：12.94s
轮次:·10/·20 || c_Loss:0.369 || e_Loss:-0.879 || Aad_Loss:-39.127 || 耗时：12.91s
任务: (B1)N15_M01_F10→(B2)N15_M07_F10; mix批次:····0; 批次:··940/·1880;  总正确率: 33.33%
类型1 正确率：  50.00% -> 1   50.00%, 2    0.00%, 3   50.00%
类型2 正确率：   0.00% -> 1    0.00%, 2    0.00%, 3  100.00%
类型3 正确率：  50.00% -> 1    0.00%, 2   50.00%, 3   50.00%


样本变换：reverse
样本变换：mask
样本变换：shift
样本变换：none
未过滤	未用伪标签：33.33% -> 使用伪标签：33.33%
已过滤	未用伪标签：33.33% -> 使用伪标签：33.33%
排除样本：1000|6000	剩余：1000, 4000
增添样本：6000		细则：3000, 3000, 0	正确率估算：100.00%
类型1 正确率：  50.00% -> 1   50.00%, 2    0.00%, 3   50.00%
类型2 正确率：   0.00% -> 1    0.00%, 2    0.00%, 3  100.00%
类型3 正确率：  50.00% -> 1    0.00%, 2   50.00%, 3   50.00%

被排除样本 正确率：nan%


轮次:·11/·20 || c_Loss:0.382 || e_Loss:-1.013 || Aad_Loss:-33.182 || 耗时：34.79s
轮次:·12/·20 || c_Loss:0.392 || e_Loss:-1.032 || Aad_Loss:-29.889 || 耗时：12.89s
轮次:·13/·20 || c_Loss:0.374 || e_Loss:-0.923 || Aad_Loss:-36.344 || 耗时：12.89s
轮次:·14/·20 || c_Loss:0.375 || e_Loss:-0.960 || Aad_Loss:-35.801 || 耗时：12.94s
轮次:·15/·20 || c_Loss:0.368 || e_Loss:-0.879 || Aad_Loss:-39.383 || 耗时：12.96s
任务: (B1)N15_M01_F10→(B2)N15_M07_F10; mix批次:····0; 批次:·1410/·1880;  总正确率: 33.33%
类型1 正确率：  50.00% -> 1   50.00%, 2    0.00%, 3   50.00%
类型2 正确率：   0.00% -> 1    0.00%, 2    0.00%, 3  100.00%
类型3 正确率：  50.00% -> 1    0.00%, 2   50.00%, 3   50.00%


样本变换：reverse
样本变换：mask
样本变换：shift
样本变换：none
未过滤	未用伪标签：33.33% -> 使用伪标签：33.33%
已过滤	未用伪标签：33.33% -> 使用伪标签：33.33%
排除样本：1000|6000	剩余：1000, 4000
增添样本：6000		细则：3000, 3000, 0	正确率估算：100.00%
类型1 正确率：  50.00% -> 1   50.00%, 2    0.00%, 3   50.00%
类型2 正确率：   0.00% -> 1    0.00%, 2    0.00%, 3  100.00%
类型3 正确率：  50.00% -> 1    0.00%, 2   50.00%, 3   50.00%

被排除样本 正确率：nan%


轮次:·16/·20 || c_Loss:0.382 || e_Loss:-1.014 || Aad_Loss:-33.302 || 耗时：34.85s
轮次:·17/·20 || c_Loss:0.392 || e_Loss:-1.034 || Aad_Loss:-29.882 || 耗时：12.90s
轮次:·18/·20 || c_Loss:0.374 || e_Loss:-0.924 || Aad_Loss:-36.526 || 耗时：12.89s
轮次:·19/·20 || c_Loss:0.375 || e_Loss:-0.961 || Aad_Loss:-35.953 || 耗时：12.90s
轮次:·20/·20 || c_Loss:0.367 || e_Loss:-0.879 || Aad_Loss:-39.541 || 耗时：12.88s
任务: (B1)N15_M01_F10→(B2)N15_M07_F10; mix批次:····0; 批次:·1880/·1880;  总正确率: 33.33%
类型1 正确率：  50.00% -> 1   50.00%, 2    0.00%, 3   50.00%
类型2 正确率：   0.00% -> 1    0.00%, 2    0.00%, 3  100.00%
类型3 正确率：  50.00% -> 1    0.00%, 2   50.00%, 3   50.00%


测试集任务: (B1)N15_M01_F10→(B2)N15_M07_F10; 总正确率 = 33.33%
类型1 正确率：  50.00% -> 1   50.00%, 2    0.00%, 3   50.00%
类型2 正确率：   0.00% -> 1    0.00%, 2    0.00%, 3  100.00%
类型3 正确率：  50.00% -> 1    0.00%, 2   50.00%, 3   50.00%


