读取源域路径：/kaggle/working/hust/H5/weight_HUST_M1_final_checkpoint_FH5toH5c_s2024/NEW_PU/Source-源域/log&pt/(B1)N15_M01_F10
excel输出位置：/kaggle/working/hust/H5/weight_HUST_M1_final_checkpoint_FH5toH5c_s2024/NEW_PU/Target-目标域
特征图片输出位置：/kaggle/working/hust/H5/weight_HUST_M1_final_checkpoint_FH5toH5c_s2024/NEW_PU/Picture-特征图/2026年09月19日17时21分/(B1)N15_M01_F10
现在选取:(B1)N15_M01_F10 进行训练的源模型
现在进行：(B1)N15_M01_F10→(B3)N15_M07_F04 的迁移任务
log&pt输出位置：/kaggle/working/hust/H5/weight_HUST_M1_final_checkpoint_FH5toH5c_s2024/NEW_PU/Target-目标域/log&pt/(B1)N15_M01_F10→(B3)N15_M07_F04
任务: (B1)N15_M01_F10→(B3)N15_M07_F04; 批次:····0/·1880;  总正确率: 32.97%
类型1 正确率：  48.00% -> 1   48.05%, 2    0.00%, 3   51.95%
类型2 正确率：   0.00% -> 1    0.00%, 2    0.30%, 3   99.70%
类型3 正确率：  51.00% -> 1    0.00%, 2   49.45%, 3   50.55%


样本变换：reverse
样本变换：mask
样本变换：shift
样本变换：none
未过滤	未用伪标签：32.97% -> 使用伪标签：33.40%
已过滤	未用伪标签：32.97% -> 使用伪标签：33.43%
排除样本：6|6000	剩余：1000, 1004, 3990
增添样本：5976		细则：2990, 2986, 0	正确率估算：96.91%
类型1 正确率：  50.00% -> 1   50.00%, 2    0.00%, 3   50.00%
类型2 正确率：   0.00% -> 1    0.00%, 2    0.20%, 3   99.80%
类型3 正确率：  50.00% -> 1    0.00%, 2   50.00%, 3   50.00%

被排除样本 正确率：33.33%
类型1 正确率：  33.00% -> 1   33.33%, 2   66.67%
类型2 没有样本或未被分类。


轮次:··1/·20 || c_Loss:0.489 || e_Loss:-0.985 || Aad_Loss:-33.888 || 耗时：34.86s
轮次:··2/·20 || c_Loss:0.399 || e_Loss:-1.020 || Aad_Loss:-31.883 || 耗时：12.95s
轮次:··3/·20 || c_Loss:0.368 || e_Loss:-0.926 || Aad_Loss:-36.000 || 耗时：12.80s
轮次:··4/·20 || c_Loss:0.373 || e_Loss:-0.973 || Aad_Loss:-34.492 || 耗时：12.85s
轮次:··5/·20 || c_Loss:0.379 || e_Loss:-1.003 || Aad_Loss:-32.964 || 耗时：12.74s
任务: (B1)N15_M01_F10→(B3)N15_M07_F04; mix批次:····0; 批次:··470/·1880;  总正确率: 33.33%
类型1 正确率：  50.00% -> 1   50.00%, 2    0.00%, 3   50.00%
类型2 正确率：   0.00% -> 1    0.00%, 2    0.00%, 3  100.00%
类型3 正确率：  50.00% -> 1    0.00%, 2   50.00%, 3   50.00%


样本变换：reverse
样本变换：mask
样本变换：shift
样本变换：none
未过滤	未用伪标签：33.33% -> 使用伪标签：33.33%
已过滤	未用伪标签：33.33% -> 使用伪标签：33.33%
排除样本：1000|6000	剩余：1000, 4000
增添样本：6000		细则：3000, 3000, 0	正确率估算：100.00%
类型1 正确率：  50.00% -> 1   50.00%, 2    0.00%, 3   50.00%
类型2 正确率：   0.00% -> 1    0.00%, 2    0.00%, 3  100.00%
类型3 正确率：  50.00% -> 1    0.00%, 2   50.00%, 3   50.00%

被排除样本 正确率：nan%


轮次:··6/·20 || c_Loss:0.381 || e_Loss:-1.011 || Aad_Loss:-32.899 || 耗时：34.72s
轮次:··7/·20 || c_Loss:0.391 || e_Loss:-1.029 || Aad_Loss:-29.928 || 耗时：12.92s
轮次:··8/·20 || c_Loss:0.375 || e_Loss:-0.924 || Aad_Loss:-36.052 || 耗时：12.96s
轮次:··9/·20 || c_Loss:0.376 || e_Loss:-0.958 || Aad_Loss:-35.520 || 耗时：12.92s
轮次:·10/·20 || c_Loss:0.369 || e_Loss:-0.878 || Aad_Loss:-39.067 || 耗时：12.92s
任务: (B1)N15_M01_F10→(B3)N15_M07_F04; mix批次:····0; 批次:··940/·1880;  总正确率: 33.33%
类型1 正确率：  50.00% -> 1   50.00%, 2    0.00%, 3   50.00%
类型2 正确率：   0.00% -> 1    0.00%, 2    0.00%, 3  100.00%
类型3 正确率：  50.00% -> 1    0.00%, 2   50.00%, 3   50.00%


样本变换：reverse
样本变换：mask
样本变换：shift
样本变换：none
未过滤	未用伪标签：33.33% -> 使用伪标签：33.33%
已过滤	未用伪标签：33.33% -> 使用伪标签：33.33%
排除样本：1000|6000	剩余：1000, 4000
增添样本：6000		细则：3000, 3000, 0	正确率估算：100.00%
类型1 正确率：  50.00% -> 1   50.00%, 2    0.00%, 3   50.00%
类型2 正确率：   0.00% -> 1    0.00%, 2    0.00%, 3  100.00%
类型3 正确率：  50.00% -> 1    0.00%, 2   50.00%, 3   50.00%

被排除样本 正确率：nan%


轮次:·11/·20 || c_Loss:0.382 || e_Loss:-1.013 || Aad_Loss:-33.149 || 耗时：34.73s
轮次:·12/·20 || c_Loss:0.392 || e_Loss:-1.031 || Aad_Loss:-29.929 || 耗时：12.90s
轮次:·13/·20 || c_Loss:0.374 || e_Loss:-0.925 || Aad_Loss:-36.354 || 耗时：12.94s
轮次:·14/·20 || c_Loss:0.375 || e_Loss:-0.959 || Aad_Loss:-35.787 || 耗时：12.98s
轮次:·15/·20 || c_Loss:0.368 || e_Loss:-0.878 || Aad_Loss:-39.338 || 耗时：12.95s
任务: (B1)N15_M01_F10→(B3)N15_M07_F04; mix批次:····0; 批次:·1410/·1880;  总正确率: 33.33%
类型1 正确率：  50.00% -> 1   50.00%, 2    0.00%, 3   50.00%
类型2 正确率：   0.00% -> 1    0.00%, 2    0.00%, 3  100.00%
类型3 正确率：  50.00% -> 1    0.00%, 2   50.00%, 3   50.00%


样本变换：reverse
样本变换：mask
样本变换：shift
样本变换：none
未过滤	未用伪标签：33.33% -> 使用伪标签：33.33%
已过滤	未用伪标签：33.33% -> 使用伪标签：33.33%
排除样本：1000|6000	剩余：1000, 4000
增添样本：6000		细则：3000, 3000, 0	正确率估算：100.00%
类型1 正确率：  50.00% -> 1   50.00%, 2    0.00%, 3   50.00%
类型2 正确率：   0.00% -> 1    0.00%, 2    0.00%, 3  100.00%
类型3 正确率：  50.00% -> 1    0.00%, 2   50.00%, 3   50.00%

被排除样本 正确率：nan%


轮次:·16/·20 || c_Loss:0.382 || e_Loss:-1.014 || Aad_Loss:-33.273 || 耗时：34.81s
轮次:·17/·20 || c_Loss:0.392 || e_Loss:-1.032 || Aad_Loss:-29.910 || 耗时：12.86s
轮次:·18/·20 || c_Loss:0.374 || e_Loss:-0.926 || Aad_Loss:-36.533 || 耗时：12.89s
轮次:·19/·20 || c_Loss:0.375 || e_Loss:-0.960 || Aad_Loss:-35.941 || 耗时：12.90s
轮次:·20/·20 || c_Loss:0.367 || e_Loss:-0.878 || Aad_Loss:-39.504 || 耗时：12.89s
任务: (B1)N15_M01_F10→(B3)N15_M07_F04; mix批次:····0; 批次:·1880/·1880;  总正确率: 33.33%
类型1 正确率：  50.00% -> 1   50.00%, 2    0.00%, 3   50.00%
类型2 正确率：   0.00% -> 1    0.00%, 2    0.00%, 3  100.00%
类型3 正确率：  50.00% -> 1    0.00%, 2   50.00%, 3   50.00%


测试集任务: (B1)N15_M01_F10→(B3)N15_M07_F04; 总正确率 = 33.33%
类型1 正确率：  50.00% -> 1   50.00%, 2    0.00%, 3   50.00%
类型2 正确率：   0.00% -> 1    0.00%, 2    0.00%, 3  100.00%
类型3 正确率：  50.00% -> 1    0.00%, 2   50.00%, 3   50.00%


