读取源域路径：/kaggle/working/m1/weight_PU_M1_final_checkpoint_FAtoB_s2024/NEW_PU/Source-源域/log&pt/(B2)N15_M07_F10
excel输出位置：/kaggle/working/m1/weight_PU_M1_final_checkpoint_FAtoB_s2024/NEW_PU/Target-目标域
特征图片输出位置：/kaggle/working/m1/weight_PU_M1_final_checkpoint_FAtoB_s2024/NEW_PU/Picture-特征图/2026年09月13日14时18分/(B2)N15_M07_F10
现在选取:(B2)N15_M07_F10 进行训练的源模型
现在进行：(B2)N15_M07_F10→(B3)N15_M07_F04 的迁移任务
log&pt输出位置：/kaggle/working/m1/weight_PU_M1_final_checkpoint_FAtoB_s2024/NEW_PU/Target-目标域/log&pt/(B2)N15_M07_F10→(B3)N15_M07_F04
任务: (B2)N15_M07_F10→(B3)N15_M07_F04; 批次:····0/·1880;  总正确率: 67.82%
类型1 正确率：  79.00% -> 1   78.75%, 2   21.25%, 3    0.00%
类型2 正确率：  76.00% -> 1    0.05%, 2   75.55%, 3   24.40%
类型3 正确率：  49.00% -> 1    7.10%, 2   43.75%, 3   49.15%


样本变换：reverse
样本变换：mask
样本变换：shift
样本变换：none
未过滤	未用伪标签：67.82% -> 使用伪标签：71.18%
已过滤	未用伪标签：68.72% -> 使用伪标签：73.94%
排除样本：224|6000	剩余：2174, 2082, 1520
增添样本：746		细则：0, 92, 654	正确率估算：84.85%
类型1 正确率： 100.00% -> 1   99.90%, 2    0.10%, 3    0.00%
类型2 正确率：  71.00% -> 1    0.00%, 2   71.03%, 3   28.97%
类型3 正确率：  50.00% -> 1    8.98%, 2   40.60%, 3   50.43%

被排除样本 正确率：44.64%
类型1 正确率：   0.00% -> 1    0.00%, 2  100.00%, 3    0.00%
类型2 正确率：  48.00% -> 1    0.49%, 2   47.80%, 3   51.71%
类型3 正确率：  12.00% -> 1   23.53%, 2   64.71%, 3   11.76%


轮次:··1/·20 || c_Loss:0.556 || e_Loss:-1.415 || Aad_Loss:-25.805 || 耗时：29.58s
轮次:··2/·20 || c_Loss:0.395 || e_Loss:-1.482 || Aad_Loss:-26.082 || 耗时：12.42s
轮次:··3/·20 || c_Loss:0.355 || e_Loss:-1.502 || Aad_Loss:-27.431 || 耗时：12.39s
轮次:··4/·20 || c_Loss:0.436 || e_Loss:-1.675 || Aad_Loss:-23.289 || 耗时：12.34s
轮次:··5/·20 || c_Loss:0.418 || e_Loss:-1.425 || Aad_Loss:-28.356 || 耗时：12.31s
任务: (B2)N15_M07_F10→(B3)N15_M07_F04; mix批次:····0; 批次:··470/·1880;  总正确率: 73.53%
类型1 正确率： 100.00% -> 1  100.00%, 2    0.00%, 3    0.00%
类型2 正确率：  71.00% -> 1    0.00%, 2   70.65%, 3   29.35%
类型3 正确率：  50.00% -> 1    8.20%, 2   41.85%, 3   49.95%


样本变换：reverse
样本变换：mask
样本变换：shift
样本变换：none
未过滤	未用伪标签：73.53% -> 使用伪标签：72.47%
已过滤	未用伪标签：73.61% -> 使用伪标签：73.00%
排除样本：44|6000	剩余：2204, 2138, 1614
增添样本：656		细则：0, 66, 590	正确率估算：97.41%
类型1 正确率： 100.00% -> 1  100.00%, 2    0.00%, 3    0.00%
类型2 正确率：  69.00% -> 1    0.00%, 2   68.71%, 3   31.29%
类型3 正确率：  50.00% -> 1   10.23%, 2   39.62%, 3   50.15%

被排除样本 正确率：63.64%
类型1 正确率：  74.00% -> 1   73.68%, 2   26.32%
类型2 正确率：   0.00% -> 1  100.00%, 2    0.00%


轮次:··6/·20 || c_Loss:0.469 || e_Loss:-0.824 || Aad_Loss:-26.729 || 耗时：29.43s
轮次:··7/·20 || c_Loss:0.457 || e_Loss:-0.884 || Aad_Loss:-27.274 || 耗时：12.39s
轮次:··8/·20 || c_Loss:0.420 || e_Loss:-0.875 || Aad_Loss:-32.514 || 耗时：12.45s
轮次:··9/·20 || c_Loss:0.393 || e_Loss:-0.892 || Aad_Loss:-30.665 || 耗时：12.41s
轮次:·10/·20 || c_Loss:0.401 || e_Loss:-1.638 || Aad_Loss:-25.136 || 耗时：12.40s
任务: (B2)N15_M07_F10→(B3)N15_M07_F04; mix批次:····0; 批次:··940/·1880;  总正确率: 72.62%
类型1 正确率： 100.00% -> 1  100.00%, 2    0.00%, 3    0.00%
类型2 正确率：  68.00% -> 1    0.00%, 2   67.90%, 3   32.10%
类型3 正确率：  50.00% -> 1    9.35%, 2   40.70%, 3   49.95%


样本变换：reverse
样本变换：mask
样本变换：shift
样本变换：none
未过滤	未用伪标签：72.62% -> 使用伪标签：70.68%
已过滤	未用伪标签：72.56% -> 使用伪标签：71.13%
排除样本：38|6000	剩余：2216, 2021, 1725
增添样本：686		细则：0, 195, 491	正确率估算：97.38%
类型1 正确率： 100.00% -> 1  100.00%, 2    0.00%, 3    0.00%
类型2 正确率：  63.00% -> 1    0.00%, 2   63.12%, 3   36.88%
类型3 正确率：  50.00% -> 1   10.82%, 2   39.08%, 3   50.10%

被排除样本 正确率：81.58%
类型1 正确率：  91.00% -> 1   91.18%, 2    8.82%
类型2 正确率：   0.00% -> 1  100.00%, 2    0.00%


轮次:·11/·20 || c_Loss:0.381 || e_Loss:-0.909 || Aad_Loss:-29.088 || 耗时：29.49s
轮次:·12/·20 || c_Loss:0.380 || e_Loss:-1.825 || Aad_Loss:-29.666 || 耗时：12.31s
轮次:·13/·20 || c_Loss:0.373 || e_Loss:-0.928 || Aad_Loss:-30.041 || 耗时：12.33s
轮次:·14/·20 || c_Loss:0.424 || e_Loss:-0.886 || Aad_Loss:-29.477 || 耗时：12.33s
轮次:·15/·20 || c_Loss:0.393 || e_Loss:-0.954 || Aad_Loss:-31.100 || 耗时：12.35s
任务: (B2)N15_M07_F10→(B3)N15_M07_F04; mix批次:····0; 批次:·1410/·1880;  总正确率: 70.10%
类型1 正确率： 100.00% -> 1  100.00%, 2    0.00%, 3    0.00%
类型2 正确率：  60.00% -> 1    0.00%, 2   60.30%, 3   39.70%
类型3 正确率：  50.00% -> 1   10.25%, 2   39.75%, 3   50.00%


样本变换：reverse
样本变换：mask
样本变换：shift
样本变换：none
未过滤	未用伪标签：70.10% -> 使用伪标签：69.37%
已过滤	未用伪标签：70.11% -> 使用伪标签：69.53%
排除样本：14|6000	剩余：2227, 1930, 1829
增添样本：695		细则：0, 297, 398	正确率估算：99.42%
类型1 正确率： 100.00% -> 1  100.00%, 2    0.00%, 3    0.00%
类型2 正确率：  58.00% -> 1    0.00%, 2   58.36%, 3   41.64%
类型3 正确率：  50.00% -> 1   11.38%, 2   38.50%, 3   50.13%

被排除样本 正确率：64.29%
类型1 正确率： 100.00% -> 1  100.00%, 2    0.00%
类型2 正确率：   0.00% -> 1  100.00%, 2    0.00%


轮次:·16/·20 || c_Loss:0.415 || e_Loss:-0.926 || Aad_Loss:-27.649 || 耗时：29.56s
轮次:·17/·20 || c_Loss:0.379 || e_Loss:-1.557 || Aad_Loss:-29.942 || 耗时：12.34s
轮次:·18/·20 || c_Loss:0.383 || e_Loss:-1.662 || Aad_Loss:-28.497 || 耗时：12.37s
轮次:·19/·20 || c_Loss:0.390 || e_Loss:-0.965 || Aad_Loss:-29.517 || 耗时：12.38s
轮次:·20/·20 || c_Loss:0.426 || e_Loss:-0.972 || Aad_Loss:-30.697 || 耗时：12.35s
任务: (B2)N15_M07_F10→(B3)N15_M07_F04; mix批次:····0; 批次:·1880/·1880;  总正确率: 69.48%
类型1 正确率： 100.00% -> 1  100.00%, 2    0.00%, 3    0.00%
类型2 正确率：  58.00% -> 1    0.00%, 2   58.40%, 3   41.60%
类型3 正确率：  50.00% -> 1   10.85%, 2   39.10%, 3   50.05%


测试集任务: (B2)N15_M07_F10→(B3)N15_M07_F04; 总正确率 = 69.48%
类型1 正确率： 100.00% -> 1  100.00%, 2    0.00%, 3    0.00%
类型2 正确率：  58.00% -> 1    0.00%, 2   58.40%, 3   41.60%
类型3 正确率：  50.00% -> 1   10.85%, 2   39.10%, 3   50.05%


