读取源域路径：/kaggle/working/m1/weight_PU_M1_final_checkpoint_FAtoB_s2024/NEW_PU/Source-源域/log&pt/(B2)N15_M07_F10
excel输出位置：/kaggle/working/m1/weight_PU_M1_final_checkpoint_FAtoB_s2024/NEW_PU/Target-目标域
特征图片输出位置：/kaggle/working/m1/weight_PU_M1_final_checkpoint_FAtoB_s2024/NEW_PU/Picture-特征图/2026年09月13日14时12分/(B2)N15_M07_F10
现在选取:(B2)N15_M07_F10 进行训练的源模型
现在进行：(B2)N15_M07_F10→(B1)N15_M01_F10 的迁移任务
log&pt输出位置：/kaggle/working/m1/weight_PU_M1_final_checkpoint_FAtoB_s2024/NEW_PU/Target-目标域/log&pt/(B2)N15_M07_F10→(B1)N15_M01_F10
任务: (B2)N15_M07_F10→(B1)N15_M01_F10; 批次:····0/·1880;  总正确率: 57.53%
类型1 正确率：  71.00% -> 1   70.95%, 2   29.05%, 3    0.00%
类型2 正确率：  52.00% -> 1    0.00%, 2   51.65%, 3   48.35%
类型3 正确率：  50.00% -> 1    0.00%, 2   50.00%, 3   50.00%


样本变换：reverse
样本变换：mask
样本变换：shift
样本变换：none
未过滤	未用伪标签：57.53% -> 使用伪标签：64.97%
已过滤	未用伪标签：57.42% -> 使用伪标签：66.60%
排除样本：147|6000	剩余：1986, 1922, 1945
增添样本：105		细则：0, 64, 41	正确率估算：98.10%
类型1 正确率：  99.00% -> 1   99.50%, 2    0.50%, 3    0.00%
类型2 正确率：  49.00% -> 1    0.00%, 2   49.11%, 3   50.89%
类型3 正确率：  50.00% -> 1    0.00%, 2   50.00%, 3   50.00%

被排除样本 正确率：61.90%
类型1 正确率：   0.00% -> 1    0.00%, 2  100.00%, 3    0.00%
类型2 正确率：  64.00% -> 1    0.00%, 2   63.64%, 3   36.36%
类型3 没有样本或未被分类。


轮次:··1/·20 || c_Loss:0.703 || e_Loss:-1.482 || Aad_Loss:-26.221 || 耗时：29.26s
轮次:··2/·20 || c_Loss:0.431 || e_Loss:-1.681 || Aad_Loss:-26.276 || 耗时：12.42s
轮次:··3/·20 || c_Loss:0.366 || e_Loss:-1.312 || Aad_Loss:-27.334 || 耗时：12.38s
轮次:··4/·20 || c_Loss:0.438 || e_Loss:-1.709 || Aad_Loss:-24.549 || 耗时：12.34s
轮次:··5/·20 || c_Loss:0.370 || e_Loss:-1.505 || Aad_Loss:-27.318 || 耗时：12.30s
任务: (B2)N15_M07_F10→(B1)N15_M01_F10; mix批次:····0; 批次:··470/·1880;  总正确率: 66.53%
类型1 正确率： 100.00% -> 1  100.00%, 2    0.00%, 3    0.00%
类型2 正确率：  50.00% -> 1    0.00%, 2   49.60%, 3   50.40%
类型3 正确率：  50.00% -> 1    0.00%, 2   50.00%, 3   50.00%


样本变换：reverse
样本变换：mask
样本变换：shift
样本变换：none
未过滤	未用伪标签：66.53% -> 使用伪标签：65.52%
已过滤	未用伪标签：66.53% -> 使用伪标签：66.12%
排除样本：55|6000	剩余：2000, 1931, 2014
增添样本：97		细则：14, 83, 0	正确率估算：100.00%
类型1 正确率： 100.00% -> 1  100.00%, 2    0.00%, 3    0.00%
类型2 正确率：  48.00% -> 1    0.00%, 2   47.87%, 3   52.13%
类型3 正确率：  50.00% -> 1    0.00%, 2   50.00%, 3   50.00%

被排除样本 正确率：67.27%
类型1 正确率：  67.00% -> 1   67.27%, 2   32.73%
类型2 没有样本或未被分类。


轮次:··6/·20 || c_Loss:0.385 || e_Loss:-1.588 || Aad_Loss:-31.254 || 耗时：29.25s
轮次:··7/·20 || c_Loss:0.357 || e_Loss:-1.696 || Aad_Loss:-29.012 || 耗时：12.34s
轮次:··8/·20 || c_Loss:0.390 || e_Loss:-1.710 || Aad_Loss:-28.685 || 耗时：12.36s
轮次:··9/·20 || c_Loss:0.367 || e_Loss:-1.766 || Aad_Loss:-27.897 || 耗时：12.31s
轮次:·10/·20 || c_Loss:0.432 || e_Loss:-0.830 || Aad_Loss:-31.758 || 耗时：12.30s
任务: (B2)N15_M07_F10→(B1)N15_M01_F10; mix批次:····0; 批次:··940/·1880;  总正确率: 65.95%
类型1 正确率： 100.00% -> 1  100.00%, 2    0.00%, 3    0.00%
类型2 正确率：  48.00% -> 1    0.00%, 2   47.85%, 3   52.15%
类型3 正确率：  50.00% -> 1    0.00%, 2   50.00%, 3   50.00%


样本变换：reverse
样本变换：mask
样本变换：shift
样本变换：none
未过滤	未用伪标签：65.95% -> 使用伪标签：65.75%
已过滤	未用伪标签：66.16% -> 使用伪标签：66.28%
排除样本：48|6000	剩余：2000, 1945, 2007
增添样本：69		细则：7, 62, 0	正确率估算：98.55%
类型1 正确率： 100.00% -> 1  100.00%, 2    0.00%, 3    0.00%
类型2 正确率：  48.00% -> 1    0.00%, 2   48.41%, 3   51.59%
类型3 正确率：  50.00% -> 1    0.00%, 2   50.00%, 3   50.00%

被排除样本 正确率：39.58%
类型1 正确率：  40.00% -> 1   39.58%, 2   60.42%
类型2 没有样本或未被分类。


轮次:·11/·20 || c_Loss:0.389 || e_Loss:-0.894 || Aad_Loss:-27.124 || 耗时：29.13s
轮次:·12/·20 || c_Loss:0.410 || e_Loss:-0.882 || Aad_Loss:-27.415 || 耗时：12.34s
轮次:·13/·20 || c_Loss:0.365 || e_Loss:-0.941 || Aad_Loss:-28.561 || 耗时：12.39s
轮次:·14/·20 || c_Loss:0.480 || e_Loss:-0.803 || Aad_Loss:-33.521 || 耗时：12.39s
轮次:·15/·20 || c_Loss:0.406 || e_Loss:-1.723 || Aad_Loss:-27.561 || 耗时：12.40s
任务: (B2)N15_M07_F10→(B1)N15_M01_F10; mix批次:····0; 批次:·1410/·1880;  总正确率: 66.15%
类型1 正确率： 100.00% -> 1  100.00%, 2    0.00%, 3    0.00%
类型2 正确率：  48.00% -> 1    0.00%, 2   48.45%, 3   51.55%
类型3 正确率：  50.00% -> 1    0.00%, 2   50.00%, 3   50.00%


样本变换：reverse
样本变换：mask
样本变换：shift
样本变换：none
未过滤	未用伪标签：66.15% -> 使用伪标签：65.63%
已过滤	未用伪标签：66.23% -> 使用伪标签：66.13%
排除样本：45|6000	剩余：2000, 1938, 2017
增添样本：96		细则：17, 79, 0	正确率估算：100.00%
类型1 正确率： 100.00% -> 1  100.00%, 2    0.00%, 3    0.00%
类型2 正确率：  48.00% -> 1    0.00%, 2   47.98%, 3   52.02%
类型3 正确率：  50.00% -> 1    0.00%, 2   50.00%, 3   50.00%

被排除样本 正确率：55.56%
类型1 正确率：  56.00% -> 1   55.56%, 2   44.44%
类型2 没有样本或未被分类。


轮次:·16/·20 || c_Loss:0.374 || e_Loss:-0.915 || Aad_Loss:-28.557 || 耗时：29.39s
轮次:·17/·20 || c_Loss:0.366 || e_Loss:-0.923 || Aad_Loss:-31.161 || 耗时：12.31s
轮次:·18/·20 || c_Loss:0.378 || e_Loss:-0.951 || Aad_Loss:-29.410 || 耗时：12.34s
轮次:·19/·20 || c_Loss:0.388 || e_Loss:-1.706 || Aad_Loss:-29.413 || 耗时：12.32s
轮次:·20/·20 || c_Loss:0.395 || e_Loss:-0.928 || Aad_Loss:-28.826 || 耗时：12.33s
任务: (B2)N15_M07_F10→(B1)N15_M01_F10; mix批次:····0; 批次:·1880/·1880;  总正确率: 66.60%
类型1 正确率： 100.00% -> 1  100.00%, 2    0.00%, 3    0.00%
类型2 正确率：  50.00% -> 1    0.00%, 2   49.90%, 3   50.10%
类型3 正确率：  50.00% -> 1    0.00%, 2   50.10%, 3   49.90%


测试集任务: (B2)N15_M07_F10→(B1)N15_M01_F10; 总正确率 = 66.60%
类型1 正确率： 100.00% -> 1  100.00%, 2    0.00%, 3    0.00%
类型2 正确率：  50.00% -> 1    0.00%, 2   49.90%, 3   50.10%
类型3 正确率：  50.00% -> 1    0.00%, 2   50.10%, 3   49.90%


