读取源域路径：/kaggle/working/m1/weight_PU_M1_final_checkpoint_FAtoB_s2024/NEW_PU/Source-源域/log&pt/(B1)N15_M01_F10
excel输出位置：/kaggle/working/m1/weight_PU_M1_final_checkpoint_FAtoB_s2024/NEW_PU/Target-目标域
特征图片输出位置：/kaggle/working/m1/weight_PU_M1_final_checkpoint_FAtoB_s2024/NEW_PU/Picture-特征图/2026年09月13日14时07分/(B1)N15_M01_F10
现在选取:(B1)N15_M01_F10 进行训练的源模型
现在进行：(B1)N15_M01_F10→(B3)N15_M07_F04 的迁移任务
log&pt输出位置：/kaggle/working/m1/weight_PU_M1_final_checkpoint_FAtoB_s2024/NEW_PU/Target-目标域/log&pt/(B1)N15_M01_F10→(B3)N15_M07_F04
任务: (B1)N15_M01_F10→(B3)N15_M07_F04; 批次:····0/·1880;  总正确率: 68.47%
类型1 正确率：  68.00% -> 1   67.60%, 2   31.30%, 3    1.10%
类型2 正确率：  82.00% -> 1    0.00%, 2   81.75%, 3   18.25%
类型3 正确率：  56.00% -> 1    2.60%, 2   41.35%, 3   56.05%


样本变换：reverse
样本变换：mask
样本变换：shift
样本变换：none
未过滤	未用伪标签：68.47% -> 使用伪标签：75.45%
已过滤	未用伪标签：68.43% -> 使用伪标签：78.05%
排除样本：200|6000	剩余：2053, 2327, 1420
增添样本：1181		细则：274, 0, 907	正确率估算：86.62%
类型1 正确率： 100.00% -> 1   99.75%, 2    0.25%, 3    0.00%
类型2 正确率：  79.00% -> 1    0.00%, 2   78.75%, 3   21.25%
类型3 正确率：  54.00% -> 1    3.55%, 2   42.37%, 3   54.09%

被排除样本 正确率：69.50%
类型1 正确率：   0.00% -> 1    0.00%, 2  100.00%, 3    0.00%
类型2 正确率：  85.00% -> 1    0.00%, 2   84.62%, 3   15.38%
类型3 正确率：  68.00% -> 1   20.71%, 2   11.43%, 3   67.86%


轮次:··1/·20 || c_Loss:0.512 || e_Loss:-1.812 || Aad_Loss:-26.717 || 耗时：29.73s
轮次:··2/·20 || c_Loss:0.386 || e_Loss:-0.870 || Aad_Loss:-30.102 || 耗时：12.42s
轮次:··3/·20 || c_Loss:0.392 || e_Loss:-1.705 || Aad_Loss:-23.494 || 耗时：12.34s
轮次:··4/·20 || c_Loss:0.338 || e_Loss:-1.719 || Aad_Loss:-28.398 || 耗时：12.31s
轮次:··5/·20 || c_Loss:0.376 || e_Loss:-1.695 || Aad_Loss:-27.208 || 耗时：12.28s
任务: (B1)N15_M01_F10→(B3)N15_M07_F04; mix批次:····0; 批次:··470/·1880;  总正确率: 76.63%
类型1 正确率： 100.00% -> 1  100.00%, 2    0.00%, 3    0.00%
类型2 正确率：  79.00% -> 1    0.00%, 2   79.45%, 3   20.55%
类型3 正确率：  50.00% -> 1    5.60%, 2   43.95%, 3   50.45%


样本变换：reverse
样本变换：mask
样本变换：shift
样本变换：none
未过滤	未用伪标签：76.63% -> 使用伪标签：76.70%
已过滤	未用伪标签：76.93% -> 使用伪标签：77.15%
排除样本：35|6000	剩余：2144, 2443, 1378
增添样本：1364		细则：299, 0, 1065	正确率估算：99.34%
类型1 正确率： 100.00% -> 1  100.00%, 2    0.00%, 3    0.00%
类型2 正确率：  81.00% -> 1    0.00%, 2   80.88%, 3   19.12%
类型3 正确率：  50.00% -> 1    7.26%, 2   42.36%, 3   50.38%

被排除样本 正确率：25.71%
类型1 没有样本或未被分类。
类型2 正确率：  28.00% -> 1    0.00%, 2   27.78%, 3   72.22%
类型3 正确率：  24.00% -> 1   11.76%, 2   64.71%, 3   23.53%


轮次:··6/·20 || c_Loss:0.380 || e_Loss:-0.900 || Aad_Loss:-30.702 || 耗时：29.80s
轮次:··7/·20 || c_Loss:0.401 || e_Loss:-1.743 || Aad_Loss:-27.885 || 耗时：12.30s
轮次:··8/·20 || c_Loss:0.364 || e_Loss:-0.991 || Aad_Loss:-29.752 || 耗时：12.31s
轮次:··9/·20 || c_Loss:0.753 || e_Loss:-1.780 || Aad_Loss:-23.877 || 耗时：12.29s
轮次:·10/·20 || c_Loss:0.389 || e_Loss:-0.941 || Aad_Loss:-28.032 || 耗时：12.28s
任务: (B1)N15_M01_F10→(B3)N15_M07_F04; mix批次:····0; 批次:··940/·1880;  总正确率: 76.95%
类型1 正确率： 100.00% -> 1  100.00%, 2    0.00%, 3    0.00%
类型2 正确率：  81.00% -> 1    0.00%, 2   80.90%, 3   19.10%
类型3 正确率：  50.00% -> 1    7.60%, 2   42.45%, 3   49.95%


样本变换：reverse
样本变换：mask
样本变换：shift
样本变换：none
未过滤	未用伪标签：76.95% -> 使用伪标签：76.93%
已过滤	未用伪标签：77.12% -> 使用伪标签：77.19%
排除样本：20|6000	剩余：2178, 2433, 1369
增添样本：1319		细则：255, 0, 1064	正确率估算：99.24%
类型1 正确率： 100.00% -> 1  100.00%, 2    0.00%, 3    0.00%
类型2 正确率：  81.00% -> 1    0.00%, 2   81.38%, 3   18.62%
类型3 正确率：  50.00% -> 1    8.93%, 2   40.94%, 3   50.13%

被排除样本 正确率：25.00%
类型1 正确率：  38.00% -> 1   38.46%, 2   61.54%
类型2 正确率：   0.00% -> 1  100.00%, 2    0.00%


轮次:·11/·20 || c_Loss:0.391 || e_Loss:-1.254 || Aad_Loss:-29.495 || 耗时：29.79s
轮次:·12/·20 || c_Loss:0.384 || e_Loss:-0.948 || Aad_Loss:-29.665 || 耗时：12.32s
轮次:·13/·20 || c_Loss:0.400 || e_Loss:-0.928 || Aad_Loss:-30.840 || 耗时：12.34s
轮次:·14/·20 || c_Loss:0.406 || e_Loss:-0.914 || Aad_Loss:-27.951 || 耗时：12.35s
轮次:·15/·20 || c_Loss:0.393 || e_Loss:-0.967 || Aad_Loss:-29.674 || 耗时：12.35s
任务: (B1)N15_M01_F10→(B3)N15_M07_F04; mix批次:····0; 批次:·1410/·1880;  总正确率: 76.98%
类型1 正确率： 100.00% -> 1  100.00%, 2    0.00%, 3    0.00%
类型2 正确率：  81.00% -> 1    0.00%, 2   81.00%, 3   19.00%
类型3 正确率：  50.00% -> 1    8.05%, 2   42.00%, 3   49.95%


样本变换：reverse
样本变换：mask
样本变换：shift
样本变换：none
未过滤	未用伪标签：76.98% -> 使用伪标签：76.95%
已过滤	未用伪标签：77.16% -> 使用伪标签：77.18%
排除样本：18|6000	剩余：2184, 2424, 1374
增添样本：1290		细则：240, 0, 1050	正确率估算：99.38%
类型1 正确率： 100.00% -> 1  100.00%, 2    0.00%, 3    0.00%
类型2 正确率：  81.00% -> 1    0.00%, 2   81.18%, 3   18.82%
类型3 正确率：  50.00% -> 1    9.25%, 2   40.52%, 3   50.23%

被排除样本 正确率：16.67%
类型1 正确率：  43.00% -> 1   42.86%, 2   57.14%
类型2 正确率：   0.00% -> 1  100.00%, 2    0.00%


轮次:·16/·20 || c_Loss:0.390 || e_Loss:-0.970 || Aad_Loss:-29.679 || 耗时：29.83s
轮次:·17/·20 || c_Loss:0.388 || e_Loss:-0.956 || Aad_Loss:-29.355 || 耗时：12.37s
轮次:·18/·20 || c_Loss:0.416 || e_Loss:-0.955 || Aad_Loss:-28.603 || 耗时：12.37s
轮次:·19/·20 || c_Loss:0.391 || e_Loss:-0.924 || Aad_Loss:-29.374 || 耗时：12.42s
轮次:·20/·20 || c_Loss:0.395 || e_Loss:-0.956 || Aad_Loss:-30.274 || 耗时：12.40s
任务: (B1)N15_M01_F10→(B3)N15_M07_F04; mix批次:····0; 批次:·1880/·1880;  总正确率: 77.08%
类型1 正确率： 100.00% -> 1  100.00%, 2    0.00%, 3    0.00%
类型2 正确率：  81.00% -> 1    0.00%, 2   81.30%, 3   18.70%
类型3 正确率：  50.00% -> 1    8.70%, 2   41.35%, 3   49.95%


测试集任务: (B1)N15_M01_F10→(B3)N15_M07_F04; 总正确率 = 77.08%
类型1 正确率： 100.00% -> 1  100.00%, 2    0.00%, 3    0.00%
类型2 正确率：  81.00% -> 1    0.00%, 2   81.30%, 3   18.70%
类型3 正确率：  50.00% -> 1    8.70%, 2   41.35%, 3   49.95%


