读取源域路径：/kaggle/working/k10/S09/weight_PU_M1_final_checkpoint_FS09toS09_s2024/NEW_PU/Source-源域/log&pt/(B2)N15_M07_F10
excel输出位置：/kaggle/working/k10/S09/weight_PU_M1_final_checkpoint_FS09toS09_s2024/NEW_PU/Target-目标域
特征图片输出位置：/kaggle/working/k10/S09/weight_PU_M1_final_checkpoint_FS09toS09_s2024/NEW_PU/Picture-特征图/2026年09月19日11时01分/(B2)N15_M07_F10
现在选取:(B2)N15_M07_F10 进行训练的源模型
现在进行：(B2)N15_M07_F10→(B1)N15_M01_F10 的迁移任务
log&pt输出位置：/kaggle/working/k10/S09/weight_PU_M1_final_checkpoint_FS09toS09_s2024/NEW_PU/Target-目标域/log&pt/(B2)N15_M07_F10→(B1)N15_M01_F10
任务: (B2)N15_M07_F10→(B1)N15_M01_F10; 批次:····0/·1880;  总正确率: 99.73%
类型1 正确率： 100.00% -> 1  100.00%, 2    0.00%, 3    0.00%
类型2 正确率：  99.00% -> 1    0.00%, 2   99.35%, 3    0.65%
类型3 正确率： 100.00% -> 1    0.00%, 2    0.15%, 3   99.85%


样本变换：reverse
样本变换：mask
样本变换：shift
样本变换：none
未过滤	未用伪标签：99.73% -> 使用伪标签：99.93%
已过滤	未用伪标签：99.78% -> 使用伪标签：99.98%
排除样本：3|6000	剩余：2000, 1998, 1999
增添样本：3		细则：0, 2, 1	正确率估算：100.00%
类型1 正确率： 100.00% -> 1  100.00%, 2    0.00%, 3    0.00%
类型2 正确率： 100.00% -> 1    0.00%, 2  100.00%, 3    0.00%
类型3 正确率： 100.00% -> 1    0.00%, 2    0.05%, 3   99.95%

被排除样本 正确率：0.00%
类型1 正确率：   0.00% -> 1    0.00%, 2  100.00%
类型2 没有样本或未被分类。


轮次:··1/·20 || c_Loss:0.583 || e_Loss:-1.057 || Aad_Loss:-22.512 || 耗时：33.68s
轮次:··2/·20 || c_Loss:0.462 || e_Loss:-0.953 || Aad_Loss:-24.290 || 耗时：13.32s
轮次:··3/·20 || c_Loss:0.415 || e_Loss:-0.887 || Aad_Loss:-21.887 || 耗时：13.21s
轮次:··4/·20 || c_Loss:0.414 || e_Loss:-0.969 || Aad_Loss:-22.281 || 耗时：13.12s
轮次:··5/·20 || c_Loss:0.441 || e_Loss:-0.875 || Aad_Loss:-25.736 || 耗时：13.06s
任务: (B2)N15_M07_F10→(B1)N15_M01_F10; mix批次:····0; 批次:··470/·1880;  总正确率: 99.97%
类型1 正确率： 100.00% -> 1  100.00%, 2    0.00%, 3    0.00%
类型2 正确率： 100.00% -> 1    0.00%, 2   99.95%, 3    0.05%
类型3 正确率： 100.00% -> 1    0.00%, 2    0.05%, 3   99.95%


样本变换：reverse
样本变换：mask
样本变换：shift
样本变换：none
未过滤	未用伪标签：99.97% -> 使用伪标签：99.98%
已过滤	未用伪标签：99.97% -> 使用伪标签：99.98%
排除样本：2000|6000	剩余：1999, 2001
增添样本：3		细则：1, 2, 0	正确率估算：100.00%
类型1 正确率： 100.00% -> 1  100.00%, 2    0.00%, 3    0.00%
类型2 正确率： 100.00% -> 1    0.00%, 2   99.95%, 3    0.05%
类型3 正确率： 100.00% -> 1    0.00%, 2    0.00%, 3  100.00%

被排除样本 正确率：nan%


轮次:··6/·20 || c_Loss:0.395 || e_Loss:-0.990 || Aad_Loss:-24.161 || 耗时：33.81s
轮次:··7/·20 || c_Loss:0.404 || e_Loss:-0.934 || Aad_Loss:-25.313 || 耗时：13.18s
轮次:··8/·20 || c_Loss:0.398 || e_Loss:-0.873 || Aad_Loss:-23.593 || 耗时：13.23s
轮次:··9/·20 || c_Loss:0.409 || e_Loss:-0.963 || Aad_Loss:-22.975 || 耗时：13.29s
轮次:·10/·20 || c_Loss:0.422 || e_Loss:-0.878 || Aad_Loss:-26.270 || 耗时：13.30s
任务: (B2)N15_M07_F10→(B1)N15_M01_F10; mix批次:····0; 批次:··940/·1880;  总正确率: 99.98%
类型1 正确率： 100.00% -> 1  100.00%, 2    0.00%, 3    0.00%
类型2 正确率： 100.00% -> 1    0.00%, 2  100.00%, 3    0.00%
类型3 正确率： 100.00% -> 1    0.00%, 2    0.05%, 3   99.95%


样本变换：reverse
样本变换：mask
样本变换：shift
样本变换：none
未过滤	未用伪标签：99.98% -> 使用伪标签：99.98%
已过滤	未用伪标签：99.98% -> 使用伪标签：99.98%
排除样本：2000|6000	剩余：1999, 2001
增添样本：3		细则：1, 2, 0	正确率估算：100.00%
类型1 正确率： 100.00% -> 1  100.00%, 2    0.00%, 3    0.00%
类型2 正确率： 100.00% -> 1    0.00%, 2   99.95%, 3    0.05%
类型3 正确率： 100.00% -> 1    0.00%, 2    0.00%, 3  100.00%

被排除样本 正确率：nan%


轮次:·11/·20 || c_Loss:0.391 || e_Loss:-0.992 || Aad_Loss:-24.463 || 耗时：34.09s
轮次:·12/·20 || c_Loss:0.398 || e_Loss:-0.938 || Aad_Loss:-25.640 || 耗时：13.20s
轮次:·13/·20 || c_Loss:0.395 || e_Loss:-0.876 || Aad_Loss:-24.322 || 耗时：13.26s
轮次:·14/·20 || c_Loss:0.407 || e_Loss:-0.964 || Aad_Loss:-23.326 || 耗时：13.22s
轮次:·15/·20 || c_Loss:0.412 || e_Loss:-0.880 || Aad_Loss:-26.539 || 耗时：13.22s
任务: (B2)N15_M07_F10→(B1)N15_M01_F10; mix批次:····0; 批次:·1410/·1880;  总正确率: 99.98%
类型1 正确率： 100.00% -> 1  100.00%, 2    0.00%, 3    0.00%
类型2 正确率： 100.00% -> 1    0.00%, 2  100.00%, 3    0.00%
类型3 正确率： 100.00% -> 1    0.00%, 2    0.05%, 3   99.95%


样本变换：reverse
样本变换：mask
样本变换：shift
样本变换：none
未过滤	未用伪标签：99.98% -> 使用伪标签：99.98%
已过滤	未用伪标签：99.98% -> 使用伪标签：100.00%
排除样本：1|6000	剩余：2000, 1999, 2000
增添样本：1		细则：0, 1, 0	正确率估算：100.00%
类型1 正确率： 100.00% -> 1  100.00%, 2    0.00%, 3    0.00%
类型2 正确率： 100.00% -> 1    0.00%, 2  100.00%, 3    0.00%
类型3 正确率： 100.00% -> 1    0.00%, 2    0.00%, 3  100.00%

被排除样本 正确率：100.00%
类型1 正确率： 100.00% -> 1  100.00%


轮次:·16/·20 || c_Loss:0.389 || e_Loss:-0.997 || Aad_Loss:-23.171 || 耗时：33.61s
轮次:·17/·20 || c_Loss:0.390 || e_Loss:-1.014 || Aad_Loss:-23.031 || 耗时：13.09s
轮次:·18/·20 || c_Loss:0.395 || e_Loss:-0.916 || Aad_Loss:-24.808 || 耗时：13.12s
轮次:·19/·20 || c_Loss:0.397 || e_Loss:-1.000 || Aad_Loss:-23.235 || 耗时：13.10s
轮次:·20/·20 || c_Loss:0.388 || e_Loss:-1.006 || Aad_Loss:-23.213 || 耗时：13.08s
任务: (B2)N15_M07_F10→(B1)N15_M01_F10; mix批次:····0; 批次:·1880/·1880;  总正确率: 99.98%
类型1 正确率： 100.00% -> 1  100.00%, 2    0.00%, 3    0.00%
类型2 正确率： 100.00% -> 1    0.00%, 2   99.95%, 3    0.05%
类型3 正确率： 100.00% -> 1    0.00%, 2    0.00%, 3  100.00%


测试集任务: (B2)N15_M07_F10→(B1)N15_M01_F10; 总正确率 = 99.98%
类型1 正确率： 100.00% -> 1  100.00%, 2    0.00%, 3    0.00%
类型2 正确率： 100.00% -> 1    0.00%, 2   99.95%, 3    0.05%
类型3 正确率： 100.00% -> 1    0.00%, 2    0.00%, 3  100.00%


