读取源域路径：/kaggle/working/k10/S09/weight_PU_M1_final_checkpoint_FS09toS09_s2024/NEW_PU/Source-源域/log&pt/(B3)N15_M07_F04
excel输出位置：/kaggle/working/k10/S09/weight_PU_M1_final_checkpoint_FS09toS09_s2024/NEW_PU/Target-目标域
特征图片输出位置：/kaggle/working/k10/S09/weight_PU_M1_final_checkpoint_FS09toS09_s2024/NEW_PU/Picture-特征图/2026年09月19日11时13分/(B3)N15_M07_F04
现在选取:(B3)N15_M07_F04 进行训练的源模型
现在进行：(B3)N15_M07_F04→(B1)N15_M01_F10 的迁移任务
log&pt输出位置：/kaggle/working/k10/S09/weight_PU_M1_final_checkpoint_FS09toS09_s2024/NEW_PU/Target-目标域/log&pt/(B3)N15_M07_F04→(B1)N15_M01_F10
任务: (B3)N15_M07_F04→(B1)N15_M01_F10; 批次:····0/·1880;  总正确率: 78.18%
类型1 正确率： 100.00% -> 1  100.00%, 2    0.00%, 3    0.00%
类型2 正确率： 100.00% -> 1    0.00%, 2   99.85%, 3    0.15%
类型3 正确率：  35.00% -> 1    0.00%, 2   65.30%, 3   34.70%


样本变换：reverse
样本变换：mask
样本变换：shift
样本变换：none
未过滤	未用伪标签：78.18% -> 使用伪标签：83.35%
已过滤	未用伪标签：79.09% -> 使用伪标签：84.32%
排除样本：69|6000	剩余：2000, 2930, 1001
增添样本：2859		细则：930, 0, 1929	正确率估算：78.46%
类型1 正确率： 100.00% -> 1  100.00%, 2    0.00%, 3    0.00%
类型2 正确率： 100.00% -> 1    0.00%, 2  100.00%, 3    0.00%
类型3 正确率：  52.00% -> 1    0.00%, 2   48.16%, 3   51.84%

被排除样本 正确率：0.00%
类型1 没有样本或未被分类。
类型2 正确率：   0.00% -> 1  100.00%, 2    0.00%


轮次:··1/·20 || c_Loss:0.487 || e_Loss:-1.001 || Aad_Loss:-29.740 || 耗时：34.87s
轮次:··2/·20 || c_Loss:0.406 || e_Loss:-1.628 || Aad_Loss:-26.565 || 耗时：13.30s
轮次:··3/·20 || c_Loss:0.367 || e_Loss:-0.939 || Aad_Loss:-30.465 || 耗时：13.17s
轮次:··4/·20 || c_Loss:0.411 || e_Loss:-0.853 || Aad_Loss:-28.072 || 耗时：13.10s
轮次:··5/·20 || c_Loss:0.375 || e_Loss:-0.903 || Aad_Loss:-29.384 || 耗时：13.11s
任务: (B3)N15_M07_F04→(B1)N15_M01_F10; mix批次:····0; 批次:··470/·1880;  总正确率: 84.22%
类型1 正确率： 100.00% -> 1  100.00%, 2    0.00%, 3    0.00%
类型2 正确率： 100.00% -> 1    0.00%, 2  100.00%, 3    0.00%
类型3 正确率：  53.00% -> 1    0.00%, 2   47.35%, 3   52.65%


样本变换：reverse
样本变换：mask
样本变换：shift
样本变换：none
未过滤	未用伪标签：84.22% -> 使用伪标签：86.12%
已过滤	未用伪标签：84.77% -> 使用伪标签：86.68%
排除样本：39|6000	剩余：2000, 2792, 1169
增添样本：2415		细则：792, 0, 1623	正确率估算：95.92%
类型1 正确率： 100.00% -> 1  100.00%, 2    0.00%, 3    0.00%
类型2 正确率： 100.00% -> 1    0.00%, 2   99.95%, 3    0.05%
类型3 正确率：  60.00% -> 1    0.00%, 2   40.44%, 3   59.56%

被排除样本 正确率：0.00%
类型1 没有样本或未被分类。
类型2 正确率：   0.00% -> 1  100.00%, 2    0.00%


轮次:··6/·20 || c_Loss:0.415 || e_Loss:-0.935 || Aad_Loss:-29.010 || 耗时：34.62s
轮次:··7/·20 || c_Loss:0.381 || e_Loss:-0.895 || Aad_Loss:-28.010 || 耗时：13.10s
轮次:··8/·20 || c_Loss:0.391 || e_Loss:-1.700 || Aad_Loss:-27.642 || 耗时：13.18s
轮次:··9/·20 || c_Loss:0.407 || e_Loss:-0.950 || Aad_Loss:-31.700 || 耗时：13.16s
轮次:·10/·20 || c_Loss:0.377 || e_Loss:-0.945 || Aad_Loss:-29.820 || 耗时：13.28s
任务: (B3)N15_M07_F04→(B1)N15_M01_F10; mix批次:····0; 批次:··940/·1880;  总正确率: 87.07%
类型1 正确率： 100.00% -> 1  100.00%, 2    0.00%, 3    0.00%
类型2 正确率： 100.00% -> 1    0.00%, 2   99.95%, 3    0.05%
类型3 正确率：  61.00% -> 1    0.00%, 2   38.75%, 3   61.25%


样本变换：reverse
样本变换：mask
样本变换：shift
样本变换：none
未过滤	未用伪标签：87.07% -> 使用伪标签：88.18%
已过滤	未用伪标签：87.28% -> 使用伪标签：88.42%
排除样本：16|6000	剩余：2000, 2690, 1294
增添样本：2086		细则：690, 0, 1396	正确率估算：97.43%
类型1 正确率： 100.00% -> 1  100.00%, 2    0.00%, 3    0.00%
类型2 正确率： 100.00% -> 1    0.00%, 2   99.95%, 3    0.05%
类型3 正确率：  65.00% -> 1    0.00%, 2   34.86%, 3   65.14%

被排除样本 正确率：6.25%
类型1 正确率： 100.00% -> 1  100.00%, 2    0.00%
类型2 正确率：   0.00% -> 1  100.00%, 2    0.00%


轮次:·11/·20 || c_Loss:0.373 || e_Loss:-0.965 || Aad_Loss:-29.195 || 耗时：34.60s
轮次:·12/·20 || c_Loss:0.374 || e_Loss:-1.795 || Aad_Loss:-29.669 || 耗时：13.09s
轮次:·13/·20 || c_Loss:0.372 || e_Loss:-0.999 || Aad_Loss:-30.446 || 耗时：13.05s
轮次:·14/·20 || c_Loss:0.374 || e_Loss:-0.992 || Aad_Loss:-30.738 || 耗时：13.04s
轮次:·15/·20 || c_Loss:0.378 || e_Loss:-0.969 || Aad_Loss:-31.872 || 耗时：13.08s
任务: (B3)N15_M07_F04→(B1)N15_M01_F10; mix批次:····0; 批次:·1410/·1880;  总正确率: 88.92%
类型1 正确率： 100.00% -> 1  100.00%, 2    0.00%, 3    0.00%
类型2 正确率： 100.00% -> 1    0.00%, 2   99.95%, 3    0.05%
类型3 正确率：  67.00% -> 1    0.00%, 2   33.20%, 3   66.80%


样本变换：reverse
样本变换：mask
样本变换：shift
样本变换：none
未过滤	未用伪标签：88.92% -> 使用伪标签：88.97%
已过滤	未用伪标签：88.92% -> 使用伪标签：88.97%
排除样本：2000|6000	剩余：2660, 1340
增添样本：1980		细则：660, 0, 1320	正确率估算：99.95%
类型1 正确率： 100.00% -> 1  100.00%, 2    0.00%, 3    0.00%
类型2 正确率： 100.00% -> 1    0.00%, 2   99.95%, 3    0.05%
类型3 正确率：  67.00% -> 1    0.00%, 2   33.05%, 3   66.95%

被排除样本 正确率：nan%


轮次:·16/·20 || c_Loss:0.384 || e_Loss:-0.983 || Aad_Loss:-31.105 || 耗时：34.44s
轮次:·17/·20 || c_Loss:0.385 || e_Loss:-1.010 || Aad_Loss:-30.195 || 耗时：13.07s
轮次:·18/·20 || c_Loss:0.385 || e_Loss:-1.013 || Aad_Loss:-31.272 || 耗时：13.10s
轮次:·19/·20 || c_Loss:0.388 || e_Loss:-0.994 || Aad_Loss:-30.478 || 耗时：13.15s
轮次:·20/·20 || c_Loss:0.384 || e_Loss:-1.001 || Aad_Loss:-30.720 || 耗时：13.22s
任务: (B3)N15_M07_F04→(B1)N15_M01_F10; mix批次:····0; 批次:·1880/·1880;  总正确率: 89.00%
类型1 正确率： 100.00% -> 1  100.00%, 2    0.00%, 3    0.00%
类型2 正确率： 100.00% -> 1    0.00%, 2  100.00%, 3    0.00%
类型3 正确率：  67.00% -> 1    0.00%, 2   33.00%, 3   67.00%


测试集任务: (B3)N15_M07_F04→(B1)N15_M01_F10; 总正确率 = 89.00%
类型1 正确率： 100.00% -> 1  100.00%, 2    0.00%, 3    0.00%
类型2 正确率： 100.00% -> 1    0.00%, 2  100.00%, 3    0.00%
类型3 正确率：  67.00% -> 1    0.00%, 2   33.00%, 3   67.00%


