读取源域路径：/kaggle/working/k10/S09/weight_PU_M1_final_checkpoint_FS09toS09_s2024/NEW_PU/Source-源域/log&pt/(B1)N15_M01_F10
excel输出位置：/kaggle/working/k10/S09/weight_PU_M1_final_checkpoint_FS09toS09_s2024/NEW_PU/Target-目标域
特征图片输出位置：/kaggle/working/k10/S09/weight_PU_M1_final_checkpoint_FS09toS09_s2024/NEW_PU/Picture-特征图/2026年09月19日10时49分/(B1)N15_M01_F10
现在选取:(B1)N15_M01_F10 进行训练的源模型
现在进行：(B1)N15_M01_F10→(B2)N15_M07_F10 的迁移任务
log&pt输出位置：/kaggle/working/k10/S09/weight_PU_M1_final_checkpoint_FS09toS09_s2024/NEW_PU/Target-目标域/log&pt/(B1)N15_M01_F10→(B2)N15_M07_F10
任务: (B1)N15_M01_F10→(B2)N15_M07_F10; 批次:····0/·1880;  总正确率: 98.17%
类型1 正确率： 100.00% -> 1  100.00%, 2    0.00%, 3    0.00%
类型2 正确率： 100.00% -> 1    0.00%, 2   99.95%, 3    0.05%
类型3 正确率：  95.00% -> 1    0.00%, 2    5.45%, 3   94.55%


样本变换：reverse
样本变换：mask
样本变换：shift
样本变换：none
未过滤	未用伪标签：98.17% -> 使用伪标签：98.35%
已过滤	未用伪标签：98.46% -> 使用伪标签：98.79%
排除样本：27|6000	剩余：2000, 2069, 1904
增添样本：234		细则：69, 0, 165	正确率估算：99.15%
类型1 正确率： 100.00% -> 1  100.00%, 2    0.00%, 3    0.00%
类型2 正确率： 100.00% -> 1    0.00%, 2   99.95%, 3    0.05%
类型3 正确率：  96.00% -> 1    0.00%, 2    3.60%, 3   96.40%

被排除样本 正确率：33.33%
类型1 正确率： 100.00% -> 1  100.00%, 2    0.00%
类型2 正确率：  31.00% -> 1   69.23%, 2   30.77%


轮次:··1/·20 || c_Loss:0.561 || e_Loss:-1.037 || Aad_Loss:-26.892 || 耗时：34.07s
轮次:··2/·20 || c_Loss:0.435 || e_Loss:-0.935 || Aad_Loss:-29.311 || 耗时：13.25s
轮次:··3/·20 || c_Loss:0.418 || e_Loss:-0.921 || Aad_Loss:-28.634 || 耗时：13.21s
轮次:··4/·20 || c_Loss:0.394 || e_Loss:-0.969 || Aad_Loss:-28.563 || 耗时：13.05s
轮次:··5/·20 || c_Loss:0.398 || e_Loss:-0.918 || Aad_Loss:-31.447 || 耗时：12.99s
任务: (B1)N15_M01_F10→(B2)N15_M07_F10; mix批次:····0; 批次:··470/·1880;  总正确率: 99.32%
类型1 正确率： 100.00% -> 1  100.00%, 2    0.00%, 3    0.00%
类型2 正确率： 100.00% -> 1    0.00%, 2   99.95%, 3    0.05%
类型3 正确率：  98.00% -> 1    0.00%, 2    2.00%, 3   98.00%


样本变换：reverse
样本变换：mask
样本变换：shift
样本变换：none
未过滤	未用伪标签：99.32% -> 使用伪标签：99.52%
已过滤	未用伪标签：99.45% -> 使用伪标签：99.68%
排除样本：10|6000	剩余：2000, 2012, 1978
增添样本：46		细则：12, 0, 34	正确率估算：100.00%
类型1 正确率： 100.00% -> 1  100.00%, 2    0.00%, 3    0.00%
类型2 正确率： 100.00% -> 1    0.00%, 2   99.85%, 3    0.15%
类型3 正确率：  99.00% -> 1    0.00%, 2    0.80%, 3   99.20%

被排除样本 正确率：20.00%
类型1 正确率： 100.00% -> 1  100.00%, 2    0.00%
类型2 正确率：  11.00% -> 1   88.89%, 2   11.11%


轮次:··6/·20 || c_Loss:0.479 || e_Loss:-0.868 || Aad_Loss:-29.590 || 耗时：33.82s
轮次:··7/·20 || c_Loss:0.488 || e_Loss:-1.388 || Aad_Loss:-27.760 || 耗时：13.16s
轮次:··8/·20 || c_Loss:0.386 || e_Loss:-1.620 || Aad_Loss:-29.958 || 耗时：13.25s
轮次:··9/·20 || c_Loss:0.387 || e_Loss:-0.947 || Aad_Loss:-32.265 || 耗时：13.22s
轮次:·10/·20 || c_Loss:0.389 || e_Loss:-0.983 || Aad_Loss:-30.315 || 耗时：13.17s
任务: (B1)N15_M01_F10→(B2)N15_M07_F10; mix批次:····0; 批次:··940/·1880;  总正确率: 99.87%
类型1 正确率： 100.00% -> 1  100.00%, 2    0.00%, 3    0.00%
类型2 正确率： 100.00% -> 1    0.00%, 2  100.00%, 3    0.00%
类型3 正确率： 100.00% -> 1    0.00%, 2    0.40%, 3   99.60%


样本变换：reverse
样本变换：mask
样本变换：shift
样本变换：none
未过滤	未用伪标签：99.87% -> 使用伪标签：99.85%
已过滤	未用伪标签：99.90% -> 使用伪标签：99.90%
排除样本：3|6000	剩余：2000, 2001, 1996
增添样本：6		细则：1, 0, 5	正确率估算：100.00%
类型1 正确率： 100.00% -> 1  100.00%, 2    0.00%, 3    0.00%
类型2 正确率： 100.00% -> 1    0.00%, 2   99.90%, 3    0.10%
类型3 正确率： 100.00% -> 1    0.00%, 2    0.20%, 3   99.80%

被排除样本 正确率：33.33%
类型1 正确率： 100.00% -> 1  100.00%, 2    0.00%
类型2 正确率：   0.00% -> 1  100.00%, 2    0.00%


轮次:·11/·20 || c_Loss:0.391 || e_Loss:-0.977 || Aad_Loss:-25.274 || 耗时：33.88s
轮次:·12/·20 || c_Loss:0.392 || e_Loss:-0.957 || Aad_Loss:-26.079 || 耗时：13.14s
轮次:·13/·20 || c_Loss:0.391 || e_Loss:-0.985 || Aad_Loss:-24.696 || 耗时：13.19s
轮次:·14/·20 || c_Loss:0.416 || e_Loss:-0.929 || Aad_Loss:-26.717 || 耗时：13.22s
轮次:·15/·20 || c_Loss:0.384 || e_Loss:-0.936 || Aad_Loss:-27.566 || 耗时：13.23s
任务: (B1)N15_M01_F10→(B2)N15_M07_F10; mix批次:····0; 批次:·1410/·1880;  总正确率: 99.90%
类型1 正确率： 100.00% -> 1  100.00%, 2    0.00%, 3    0.00%
类型2 正确率： 100.00% -> 1    0.00%, 2   99.95%, 3    0.05%
类型3 正确率： 100.00% -> 1    0.00%, 2    0.25%, 3   99.75%


样本变换：reverse
样本变换：mask
样本变换：shift
样本变换：none
未过滤	未用伪标签：99.90% -> 使用伪标签：99.87%
已过滤	未用伪标签：99.93% -> 使用伪标签：99.92%
排除样本：3|6000	剩余：2000, 2000, 1997
增添样本：3		细则：0, 0, 3	正确率估算：100.00%
类型1 正确率： 100.00% -> 1  100.00%, 2    0.00%, 3    0.00%
类型2 正确率： 100.00% -> 1    0.00%, 2   99.90%, 3    0.10%
类型3 正确率： 100.00% -> 1    0.00%, 2    0.15%, 3   99.85%

被排除样本 正确率：33.33%
类型1 正确率： 100.00% -> 1  100.00%, 2    0.00%
类型2 正确率：   0.00% -> 1  100.00%, 2    0.00%


轮次:·16/·20 || c_Loss:0.393 || e_Loss:-0.992 || Aad_Loss:-24.643 || 耗时：33.64s
轮次:·17/·20 || c_Loss:0.409 || e_Loss:-0.949 || Aad_Loss:-25.875 || 耗时：13.10s
轮次:·18/·20 || c_Loss:0.400 || e_Loss:-0.889 || Aad_Loss:-24.684 || 耗时：13.09s
轮次:·19/·20 || c_Loss:0.429 || e_Loss:-0.971 || Aad_Loss:-22.831 || 耗时：13.10s
轮次:·20/·20 || c_Loss:0.405 || e_Loss:-0.901 || Aad_Loss:-27.091 || 耗时：13.13s
任务: (B1)N15_M01_F10→(B2)N15_M07_F10; mix批次:····0; 批次:·1880/·1880;  总正确率: 99.93%
类型1 正确率： 100.00% -> 1  100.00%, 2    0.00%, 3    0.00%
类型2 正确率： 100.00% -> 1    0.00%, 2  100.00%, 3    0.00%
类型3 正确率： 100.00% -> 1    0.00%, 2    0.20%, 3   99.80%


测试集任务: (B1)N15_M01_F10→(B2)N15_M07_F10; 总正确率 = 99.93%
类型1 正确率： 100.00% -> 1  100.00%, 2    0.00%, 3    0.00%
类型2 正确率： 100.00% -> 1    0.00%, 2  100.00%, 3    0.00%
类型3 正确率： 100.00% -> 1    0.00%, 2    0.20%, 3   99.80%


