读取源域路径：/kaggle/working/k10/S09/weight_PU_M1_final_checkpoint_FS09toS09_s2024/NEW_PU/Source-源域/log&pt/(B2)N15_M07_F10
excel输出位置：/kaggle/working/k10/S09/weight_PU_M1_final_checkpoint_FS09toS09_s2024/NEW_PU/Target-目标域
特征图片输出位置：/kaggle/working/k10/S09/weight_PU_M1_final_checkpoint_FS09toS09_s2024/NEW_PU/Picture-特征图/2026年09月19日11时07分/(B2)N15_M07_F10
现在选取:(B2)N15_M07_F10 进行训练的源模型
现在进行：(B2)N15_M07_F10→(B3)N15_M07_F04 的迁移任务
log&pt输出位置：/kaggle/working/k10/S09/weight_PU_M1_final_checkpoint_FS09toS09_s2024/NEW_PU/Target-目标域/log&pt/(B2)N15_M07_F10→(B3)N15_M07_F04
任务: (B2)N15_M07_F10→(B3)N15_M07_F04; 批次:····0/·1880;  总正确率: 87.08%
类型1 正确率： 100.00% -> 1  100.00%, 2    0.00%, 3    0.00%
类型2 正确率：  92.00% -> 1    0.00%, 2   92.05%, 3    7.95%
类型3 正确率：  69.00% -> 1    0.00%, 2   30.80%, 3   69.20%


样本变换：reverse
样本变换：mask
样本变换：shift
样本变换：none
未过滤	未用伪标签：87.08% -> 使用伪标签：85.53%
已过滤	未用伪标签：87.25% -> 使用伪标签：85.79%
排除样本：18|6000	剩余：2000, 2506, 1476
增添样本：1536		细则：506, 0, 1030	正确率估算：92.06%
类型1 正确率： 100.00% -> 1  100.00%, 2    0.00%, 3    0.00%
类型2 正确率：  92.00% -> 1    0.00%, 2   91.57%, 3    8.43%
类型3 正确率：  66.00% -> 1    0.00%, 2   34.27%, 3   65.73%

被排除样本 正确率：33.33%
类型1 正确率：  75.00% -> 1   75.00%, 2   25.00%
类型2 正确率：   0.00% -> 1  100.00%, 2    0.00%


轮次:··1/·20 || c_Loss:0.570 || e_Loss:-1.044 || Aad_Loss:-28.391 || 耗时：34.57s
轮次:··2/·20 || c_Loss:0.413 || e_Loss:-0.965 || Aad_Loss:-28.961 || 耗时：13.29s
轮次:··3/·20 || c_Loss:0.393 || e_Loss:-0.956 || Aad_Loss:-30.071 || 耗时：13.24s
轮次:··4/·20 || c_Loss:0.403 || e_Loss:-0.913 || Aad_Loss:-29.122 || 耗时：13.10s
轮次:··5/·20 || c_Loss:0.367 || e_Loss:-1.013 || Aad_Loss:-30.362 || 耗时：13.08s
任务: (B2)N15_M07_F10→(B3)N15_M07_F04; mix批次:····0; 批次:··470/·1880;  总正确率: 85.75%
类型1 正确率： 100.00% -> 1  100.00%, 2    0.00%, 3    0.00%
类型2 正确率：  90.00% -> 1    0.00%, 2   90.45%, 3    9.55%
类型3 正确率：  67.00% -> 1    0.00%, 2   33.20%, 3   66.80%


样本变换：reverse
样本变换：mask
样本变换：shift
样本变换：none
未过滤	未用伪标签：85.75% -> 使用伪标签：85.28%
已过滤	未用伪标签：85.74% -> 使用伪标签：85.35%
排除样本：5|6000	剩余：2000, 2439, 1556
增添样本：1322		细则：439, 0, 883	正确率估算：98.41%
类型1 正确率： 100.00% -> 1  100.00%, 2    0.00%, 3    0.00%
类型2 正确率：  89.00% -> 1    0.00%, 2   89.12%, 3   10.88%
类型3 正确率：  67.00% -> 1    0.00%, 2   33.05%, 3   66.95%

被排除样本 正确率：100.00%
类型1 正确率： 100.00% -> 1  100.00%


轮次:··6/·20 || c_Loss:0.385 || e_Loss:-1.006 || Aad_Loss:-30.299 || 耗时：34.34s
轮次:··7/·20 || c_Loss:0.395 || e_Loss:-0.984 || Aad_Loss:-29.918 || 耗时：13.14s
轮次:··8/·20 || c_Loss:0.378 || e_Loss:-0.985 || Aad_Loss:-30.052 || 耗时：13.17s
轮次:··9/·20 || c_Loss:0.409 || e_Loss:-0.961 || Aad_Loss:-30.778 || 耗时：13.20s
轮次:·10/·20 || c_Loss:0.406 || e_Loss:-0.961 || Aad_Loss:-30.450 || 耗时：13.19s
任务: (B2)N15_M07_F10→(B3)N15_M07_F04; mix批次:····0; 批次:··940/·1880;  总正确率: 85.38%
类型1 正确率： 100.00% -> 1  100.00%, 2    0.00%, 3    0.00%
类型2 正确率：  89.00% -> 1    0.00%, 2   89.20%, 3   10.80%
类型3 正确率：  67.00% -> 1    0.00%, 2   33.05%, 3   66.95%


样本变换：reverse
样本变换：mask
样本变换：shift
样本变换：none
未过滤	未用伪标签：85.38% -> 使用伪标签：85.17%
已过滤	未用伪标签：85.37% -> 使用伪标签：85.25%
排除样本：6|6000	剩余：2000, 2432, 1562
增添样本：1302		细则：432, 0, 870	正确率估算：99.69%
类型1 正确率： 100.00% -> 1  100.00%, 2    0.00%, 3    0.00%
类型2 正确率：  89.00% -> 1    0.00%, 2   88.82%, 3   11.18%
类型3 正确率：  67.00% -> 1    0.00%, 2   33.05%, 3   66.95%

被排除样本 正确率：100.00%
类型1 正确率： 100.00% -> 1  100.00%


轮次:·11/·20 || c_Loss:0.380 || e_Loss:-1.004 || Aad_Loss:-30.770 || 耗时：34.41s
轮次:·12/·20 || c_Loss:0.389 || e_Loss:-0.963 || Aad_Loss:-30.330 || 耗时：13.07s
轮次:·13/·20 || c_Loss:0.398 || e_Loss:-0.976 || Aad_Loss:-30.614 || 耗时：13.06s
轮次:·14/·20 || c_Loss:0.377 || e_Loss:-0.945 || Aad_Loss:-32.406 || 耗时：13.07s
轮次:·15/·20 || c_Loss:0.389 || e_Loss:-0.959 || Aad_Loss:-30.757 || 耗时：13.12s
任务: (B2)N15_M07_F10→(B3)N15_M07_F04; mix批次:····0; 批次:·1410/·1880;  总正确率: 85.28%
类型1 正确率： 100.00% -> 1  100.00%, 2    0.00%, 3    0.00%
类型2 正确率：  89.00% -> 1    0.00%, 2   88.90%, 3   11.10%
类型3 正确率：  67.00% -> 1    0.00%, 2   33.05%, 3   66.95%


样本变换：reverse
样本变换：mask
样本变换：shift
样本变换：none
未过滤	未用伪标签：85.28% -> 使用伪标签：85.13%
已过滤	未用伪标签：85.28% -> 使用伪标签：85.23%
排除样本：7|6000	剩余：2000, 2430, 1563
增添样本：1297		细则：430, 0, 867	正确率估算：99.69%
类型1 正确率： 100.00% -> 1  100.00%, 2    0.00%, 3    0.00%
类型2 正确率：  89.00% -> 1    0.00%, 2   88.76%, 3   11.24%
类型3 正确率：  67.00% -> 1    0.00%, 2   33.05%, 3   66.95%

被排除样本 正确率：85.71%
类型1 正确率：  86.00% -> 1   85.71%, 2   14.29%
类型2 没有样本或未被分类。


轮次:·16/·20 || c_Loss:0.369 || e_Loss:-0.986 || Aad_Loss:-31.765 || 耗时：34.39s
轮次:·17/·20 || c_Loss:0.378 || e_Loss:-1.006 || Aad_Loss:-30.809 || 耗时：13.17s
轮次:·18/·20 || c_Loss:0.380 || e_Loss:-0.995 || Aad_Loss:-31.126 || 耗时：13.22s
轮次:·19/·20 || c_Loss:0.384 || e_Loss:-0.996 || Aad_Loss:-30.693 || 耗时：13.24s
轮次:·20/·20 || c_Loss:0.379 || e_Loss:-1.006 || Aad_Loss:-30.753 || 耗时：13.22s
任务: (B2)N15_M07_F10→(B3)N15_M07_F04; mix批次:····0; 批次:·1880/·1880;  总正确率: 85.27%
类型1 正确率： 100.00% -> 1  100.00%, 2    0.00%, 3    0.00%
类型2 正确率：  89.00% -> 1    0.00%, 2   88.85%, 3   11.15%
类型3 正确率：  67.00% -> 1    0.00%, 2   33.05%, 3   66.95%


测试集任务: (B2)N15_M07_F10→(B3)N15_M07_F04; 总正确率 = 85.27%
类型1 正确率： 100.00% -> 1  100.00%, 2    0.00%, 3    0.00%
类型2 正确率：  89.00% -> 1    0.00%, 2   88.85%, 3   11.15%
类型3 正确率：  67.00% -> 1    0.00%, 2   33.05%, 3   66.95%


