读取源域路径：/kaggle/working/k10/S09/weight_PU_M1_final_checkpoint_FS09toS09_s2024/NEW_PU/Source-源域/log&pt/(B1)N15_M01_F10
excel输出位置：/kaggle/working/k10/S09/weight_PU_M1_final_checkpoint_FS09toS09_s2024/NEW_PU/Target-目标域
特征图片输出位置：/kaggle/working/k10/S09/weight_PU_M1_final_checkpoint_FS09toS09_s2024/NEW_PU/Picture-特征图/2026年09月19日10时55分/(B1)N15_M01_F10
现在选取:(B1)N15_M01_F10 进行训练的源模型
现在进行：(B1)N15_M01_F10→(B3)N15_M07_F04 的迁移任务
log&pt输出位置：/kaggle/working/k10/S09/weight_PU_M1_final_checkpoint_FS09toS09_s2024/NEW_PU/Target-目标域/log&pt/(B1)N15_M01_F10→(B3)N15_M07_F04
任务: (B1)N15_M01_F10→(B3)N15_M07_F04; 批次:····0/·1880;  总正确率: 86.07%
类型1 正确率： 100.00% -> 1  100.00%, 2    0.00%, 3    0.00%
类型2 正确率：  93.00% -> 1    0.00%, 2   92.55%, 3    7.45%
类型3 正确率：  66.00% -> 1    0.00%, 2   34.35%, 3   65.65%


样本变换：reverse
样本变换：mask
样本变换：shift
样本变换：none
未过滤	未用伪标签：86.07% -> 使用伪标签：84.52%
已过滤	未用伪标签：86.36% -> 使用伪标签：84.98%
排除样本：33|6000	剩余：2000, 2555, 1412
增添样本：1698		细则：555, 0, 1143	正确率估算：88.75%
类型1 正确率： 100.00% -> 1  100.00%, 2    0.00%, 3    0.00%
类型2 正确率：  92.00% -> 1    0.00%, 2   91.70%, 3    8.30%
类型3 正确率：  63.00% -> 1    0.00%, 2   36.96%, 3   63.04%

被排除样本 正确率：33.33%
类型1 正确率： 100.00% -> 1  100.00%, 2    0.00%
类型2 正确率：   0.00% -> 1  100.00%, 2    0.00%


轮次:··1/·20 || c_Loss:0.544 || e_Loss:-1.017 || Aad_Loss:-28.418 || 耗时：34.52s
轮次:··2/·20 || c_Loss:0.408 || e_Loss:-1.006 || Aad_Loss:-29.008 || 耗时：13.19s
轮次:··3/·20 || c_Loss:0.370 || e_Loss:-0.984 || Aad_Loss:-29.776 || 耗时：13.08s
轮次:··4/·20 || c_Loss:0.382 || e_Loss:-0.956 || Aad_Loss:-28.447 || 耗时：13.00s
轮次:··5/·20 || c_Loss:0.351 || e_Loss:-0.986 || Aad_Loss:-30.930 || 耗时：13.03s
任务: (B1)N15_M01_F10→(B3)N15_M07_F04; mix批次:····0; 批次:··470/·1880;  总正确率: 85.65%
类型1 正确率： 100.00% -> 1  100.00%, 2    0.00%, 3    0.00%
类型2 正确率：  91.00% -> 1    0.00%, 2   90.95%, 3    9.05%
类型3 正确率：  66.00% -> 1    0.00%, 2   34.00%, 3   66.00%


样本变换：reverse
样本变换：mask
样本变换：shift
样本变换：none
未过滤	未用伪标签：85.65% -> 使用伪标签：85.27%
已过滤	未用伪标签：85.66% -> 使用伪标签：85.30%
排除样本：2|6000	剩余：2000, 2447, 1551
增添样本：1343		细则：447, 0, 896	正确率估算：97.62%
类型1 正确率： 100.00% -> 1  100.00%, 2    0.00%, 3    0.00%
类型2 正确率：  89.00% -> 1    0.00%, 2   89.14%, 3   10.86%
类型3 正确率：  67.00% -> 1    0.00%, 2   33.27%, 3   66.73%

被排除样本 正确率：50.00%
类型1 正确率： 100.00% -> 1  100.00%, 2    0.00%
类型2 正确率：   0.00% -> 1  100.00%, 2    0.00%


轮次:··6/·20 || c_Loss:0.406 || e_Loss:-0.970 || Aad_Loss:-29.029 || 耗时：33.98s
轮次:··7/·20 || c_Loss:0.380 || e_Loss:-1.000 || Aad_Loss:-30.561 || 耗时：13.08s
轮次:··8/·20 || c_Loss:0.381 || e_Loss:-0.990 || Aad_Loss:-31.943 || 耗时：13.12s
轮次:··9/·20 || c_Loss:0.398 || e_Loss:-0.977 || Aad_Loss:-30.238 || 耗时：13.15s
轮次:·10/·20 || c_Loss:0.393 || e_Loss:-0.994 || Aad_Loss:-30.008 || 耗时：13.09s
任务: (B1)N15_M01_F10→(B3)N15_M07_F04; mix批次:····0; 批次:··940/·1880;  总正确率: 85.48%
类型1 正确率： 100.00% -> 1  100.00%, 2    0.00%, 3    0.00%
类型2 正确率：  90.00% -> 1    0.00%, 2   89.65%, 3   10.35%
类型3 正确率：  67.00% -> 1    0.00%, 2   33.20%, 3   66.80%


样本变换：reverse
样本变换：mask
样本变换：shift
样本变换：none
未过滤	未用伪标签：85.48% -> 使用伪标签：85.18%
已过滤	未用伪标签：85.50% -> 使用伪标签：85.28%
排除样本：7|6000	剩余：2000, 2434, 1559
增添样本：1309		细则：434, 0, 875	正确率估算：99.39%
类型1 正确率： 100.00% -> 1  100.00%, 2    0.00%, 3    0.00%
类型2 正确率：  89.00% -> 1    0.00%, 2   88.92%, 3   11.08%
类型3 正确率：  67.00% -> 1    0.00%, 2   33.07%, 3   66.93%

被排除样本 正确率：71.43%
类型1 正确率：  83.00% -> 1   83.33%, 2   16.67%
类型2 正确率：   0.00% -> 1  100.00%, 2    0.00%


轮次:·11/·20 || c_Loss:0.389 || e_Loss:-0.977 || Aad_Loss:-30.312 || 耗时：34.04s
轮次:·12/·20 || c_Loss:0.393 || e_Loss:-0.935 || Aad_Loss:-32.494 || 耗时：13.06s
轮次:·13/·20 || c_Loss:0.396 || e_Loss:-0.890 || Aad_Loss:-31.214 || 耗时：13.02s
轮次:·14/·20 || c_Loss:0.385 || e_Loss:-0.965 || Aad_Loss:-32.121 || 耗时：13.03s
轮次:·15/·20 || c_Loss:0.376 || e_Loss:-1.010 || Aad_Loss:-30.778 || 耗时：13.02s
任务: (B1)N15_M01_F10→(B3)N15_M07_F04; mix批次:····0; 批次:·1410/·1880;  总正确率: 85.23%
类型1 正确率： 100.00% -> 1  100.00%, 2    0.00%, 3    0.00%
类型2 正确率：  89.00% -> 1    0.00%, 2   88.75%, 3   11.25%
类型3 正确率：  67.00% -> 1    0.00%, 2   33.05%, 3   66.95%


样本变换：reverse
样本变换：mask
样本变换：shift
样本变换：none
未过滤	未用伪标签：85.23% -> 使用伪标签：85.05%
已过滤	未用伪标签：85.23% -> 使用伪标签：85.15%
排除样本：7|6000	剩余：2000, 2425, 1568
增添样本：1282		细则：425, 0, 857	正确率估算：99.92%
类型1 正确率： 100.00% -> 1  100.00%, 2    0.00%, 3    0.00%
类型2 正确率：  89.00% -> 1    0.00%, 2   88.51%, 3   11.49%
类型3 正确率：  67.00% -> 1    0.00%, 2   33.05%, 3   66.95%

被排除样本 正确率：85.71%
类型1 正确率：  86.00% -> 1   85.71%, 2   14.29%
类型2 没有样本或未被分类。


轮次:·16/·20 || c_Loss:0.382 || e_Loss:-0.999 || Aad_Loss:-30.732 || 耗时：34.20s
轮次:·17/·20 || c_Loss:0.374 || e_Loss:-0.959 || Aad_Loss:-32.869 || 耗时：13.06s
轮次:·18/·20 || c_Loss:0.378 || e_Loss:-1.008 || Aad_Loss:-30.873 || 耗时：13.08s
轮次:·19/·20 || c_Loss:0.378 || e_Loss:-1.007 || Aad_Loss:-31.230 || 耗时：13.14s
轮次:·20/·20 || c_Loss:0.377 || e_Loss:-0.955 || Aad_Loss:-31.224 || 耗时：13.08s
任务: (B1)N15_M01_F10→(B3)N15_M07_F04; mix批次:····0; 批次:·1880/·1880;  总正确率: 85.23%
类型1 正确率： 100.00% -> 1  100.00%, 2    0.00%, 3    0.00%
类型2 正确率：  89.00% -> 1    0.00%, 2   88.75%, 3   11.25%
类型3 正确率：  67.00% -> 1    0.00%, 2   33.05%, 3   66.95%


测试集任务: (B1)N15_M01_F10→(B3)N15_M07_F04; 总正确率 = 85.23%
类型1 正确率： 100.00% -> 1  100.00%, 2    0.00%, 3    0.00%
类型2 正确率：  89.00% -> 1    0.00%, 2   88.75%, 3   11.25%
类型3 正确率：  67.00% -> 1    0.00%, 2   33.05%, 3   66.95%


