读取源域路径：/kaggle/working/k10/S09/weight_PU_M1_final_checkpoint_FS09toS09_s2024/NEW_PU/Source-源域/log&pt/(B3)N15_M07_F04
excel输出位置：/kaggle/working/k10/S09/weight_PU_M1_final_checkpoint_FS09toS09_s2024/NEW_PU/Target-目标域
特征图片输出位置：/kaggle/working/k10/S09/weight_PU_M1_final_checkpoint_FS09toS09_s2024/NEW_PU/Picture-特征图/2026年09月19日11时19分/(B3)N15_M07_F04
现在选取:(B3)N15_M07_F04 进行训练的源模型
现在进行：(B3)N15_M07_F04→(B2)N15_M07_F10 的迁移任务
log&pt输出位置：/kaggle/working/k10/S09/weight_PU_M1_final_checkpoint_FS09toS09_s2024/NEW_PU/Target-目标域/log&pt/(B3)N15_M07_F04→(B2)N15_M07_F10
任务: (B3)N15_M07_F04→(B2)N15_M07_F10; 批次:····0/·1880;  总正确率: 77.33%
类型1 正确率： 100.00% -> 1  100.00%, 2    0.00%, 3    0.00%
类型2 正确率： 100.00% -> 1    0.00%, 2   99.85%, 3    0.15%
类型3 正确率：  32.00% -> 1    0.00%, 2   67.85%, 3   32.15%


样本变换：reverse
样本变换：mask
样本变换：shift
样本变换：none
未过滤	未用伪标签：77.33% -> 使用伪标签：80.58%
已过滤	未用伪标签：77.94% -> 使用伪标签：81.25%
排除样本：49|6000	剩余：2000, 3116, 835
增添样本：3397		细则：1116, 0, 2281	正确率估算：87.24%
类型1 正确率： 100.00% -> 1  100.00%, 2    0.00%, 3    0.00%
类型2 正确率： 100.00% -> 1    0.00%, 2  100.00%, 3    0.00%
类型3 正确率：  43.00% -> 1    0.00%, 2   57.20%, 3   42.80%

被排除样本 正确率：4.08%
类型1 没有样本或未被分类。
类型2 正确率：   4.00% -> 1   95.92%, 2    4.08%


轮次:··1/·20 || c_Loss:0.480 || e_Loss:-0.984 || Aad_Loss:-28.397 || 耗时：34.53s
轮次:··2/·20 || c_Loss:0.411 || e_Loss:-0.835 || Aad_Loss:-31.879 || 耗时：13.23s
轮次:··3/·20 || c_Loss:0.397 || e_Loss:-0.927 || Aad_Loss:-29.819 || 耗时：13.11s
轮次:··4/·20 || c_Loss:0.454 || e_Loss:-1.362 || Aad_Loss:-36.456 || 耗时：13.01s
轮次:··5/·20 || c_Loss:0.402 || e_Loss:-1.261 || Aad_Loss:-37.368 || 耗时：13.04s
任务: (B3)N15_M07_F04→(B2)N15_M07_F10; mix批次:····0; 批次:··470/·1880;  总正确率: 80.38%
类型1 正确率： 100.00% -> 1  100.00%, 2    0.00%, 3    0.00%
类型2 正确率： 100.00% -> 1    0.00%, 2  100.00%, 3    0.00%
类型3 正确率：  41.00% -> 1    0.00%, 2   58.85%, 3   41.15%


样本变换：reverse
样本变换：mask
样本变换：shift
样本变换：none
未过滤	未用伪标签：80.38% -> 使用伪标签：79.07%
已过滤	未用伪标签：80.36% -> 使用伪标签：79.44%
排除样本：28|6000	剩余：2000, 3228, 744
增添样本：3712		细则：1228, 0, 2484	正确率估算：100.00%
类型1 正确率： 100.00% -> 1  100.00%, 2    0.00%, 3    0.00%
类型2 正确率： 100.00% -> 1    0.00%, 2  100.00%, 3    0.00%
类型3 正确率：  38.00% -> 1    0.00%, 2   62.27%, 3   37.73%

被排除样本 正确率：85.71%
类型1 没有样本或未被分类。
类型2 正确率：  86.00% -> 1   14.29%, 2   85.71%


轮次:··6/·20 || c_Loss:0.366 || e_Loss:-0.882 || Aad_Loss:-35.867 || 耗时：34.36s
轮次:··7/·20 || c_Loss:0.393 || e_Loss:-0.846 || Aad_Loss:-37.874 || 耗时：13.11s
轮次:··8/·20 || c_Loss:0.382 || e_Loss:-1.699 || Aad_Loss:-32.970 || 耗时：13.19s
轮次:··9/·20 || c_Loss:0.371 || e_Loss:-0.889 || Aad_Loss:-34.958 || 耗时：13.15s
轮次:·10/·20 || c_Loss:0.363 || e_Loss:-1.581 || Aad_Loss:-35.176 || 耗时：13.17s
任务: (B3)N15_M07_F04→(B2)N15_M07_F10; mix批次:····0; 批次:··940/·1880;  总正确率: 78.50%
类型1 正确率： 100.00% -> 1  100.00%, 2    0.00%, 3    0.00%
类型2 正确率： 100.00% -> 1    0.00%, 2  100.00%, 3    0.00%
类型3 正确率：  36.00% -> 1    0.00%, 2   64.50%, 3   35.50%


样本变换：reverse
样本变换：mask
样本变换：shift
样本变换：none
未过滤	未用伪标签：78.50% -> 使用伪标签：77.78%
已过滤	未用伪标签：78.48% -> 使用伪标签：77.86%
排除样本：6|6000	剩余：2000, 3327, 667
增添样本：3987		细则：1327, 0, 2660	正确率估算：100.00%
类型1 正确率： 100.00% -> 1  100.00%, 2    0.00%, 3    0.00%
类型2 正确率： 100.00% -> 1    0.00%, 2  100.00%, 3    0.00%
类型3 正确率：  33.00% -> 1    0.00%, 2   66.55%, 3   33.45%

被排除样本 正确率：100.00%
类型1 正确率： 100.00% -> 1  100.00%


轮次:·11/·20 || c_Loss:0.378 || e_Loss:-0.899 || Aad_Loss:-36.861 || 耗时：34.64s
轮次:·12/·20 || c_Loss:0.377 || e_Loss:-0.965 || Aad_Loss:-32.197 || 耗时：13.08s
轮次:·13/·20 || c_Loss:0.374 || e_Loss:-0.947 || Aad_Loss:-35.366 || 耗时：13.11s
轮次:·14/·20 || c_Loss:0.375 || e_Loss:-0.876 || Aad_Loss:-37.717 || 耗时：13.11s
轮次:·15/·20 || c_Loss:0.371 || e_Loss:-0.940 || Aad_Loss:-34.995 || 耗时：13.18s
任务: (B3)N15_M07_F04→(B2)N15_M07_F10; mix批次:····0; 批次:·1410/·1880;  总正确率: 77.77%
类型1 正确率： 100.00% -> 1  100.00%, 2    0.00%, 3    0.00%
类型2 正确率： 100.00% -> 1    0.00%, 2  100.00%, 3    0.00%
类型3 正确率：  33.00% -> 1    0.00%, 2   66.70%, 3   33.30%


样本变换：reverse
样本变换：mask
样本变换：shift
样本变换：none
未过滤	未用伪标签：77.77% -> 使用伪标签：77.67%
已过滤	未用伪标签：77.78% -> 使用伪标签：77.68%
排除样本：1|6000	剩余：2000, 3339, 660
增添样本：4018		细则：1339, 0, 2679	正确率估算：100.00%
类型1 正确率： 100.00% -> 1  100.00%, 2    0.00%, 3    0.00%
类型2 正确率： 100.00% -> 1    0.00%, 2  100.00%, 3    0.00%
类型3 正确率：  33.00% -> 1    0.00%, 2   66.98%, 3   33.02%

被排除样本 正确率：0.00%
类型1 没有样本或未被分类。
类型2 正确率：   0.00% -> 1  100.00%, 2    0.00%


轮次:·16/·20 || c_Loss:0.379 || e_Loss:-0.947 || Aad_Loss:-32.706 || 耗时：34.50s
轮次:·17/·20 || c_Loss:0.385 || e_Loss:-0.851 || Aad_Loss:-38.338 || 耗时：13.13s
轮次:·18/·20 || c_Loss:0.378 || e_Loss:-0.942 || Aad_Loss:-34.643 || 耗时：13.18s
轮次:·19/·20 || c_Loss:0.378 || e_Loss:-0.944 || Aad_Loss:-33.827 || 耗时：13.20s
轮次:·20/·20 || c_Loss:0.377 || e_Loss:-0.920 || Aad_Loss:-37.238 || 耗时：13.21s
任务: (B3)N15_M07_F04→(B2)N15_M07_F10; mix批次:····0; 批次:·1880/·1880;  总正确率: 77.68%
类型1 正确率： 100.00% -> 1  100.00%, 2    0.00%, 3    0.00%
类型2 正确率： 100.00% -> 1    0.00%, 2  100.00%, 3    0.00%
类型3 正确率：  33.00% -> 1    0.00%, 2   66.95%, 3   33.05%


测试集任务: (B3)N15_M07_F04→(B2)N15_M07_F10; 总正确率 = 77.68%
类型1 正确率： 100.00% -> 1  100.00%, 2    0.00%, 3    0.00%
类型2 正确率： 100.00% -> 1    0.00%, 2  100.00%, 3    0.00%
类型3 正确率：  33.00% -> 1    0.00%, 2   66.95%, 3   33.05%


