

现在开始拿源域训练集：(B1)N15_M01_F10 进行训练
源域读取路径：/kaggle/working/k10/S09/sdalr_PU_final_checkpoint/DATA_foldS09/PU_M1_L3/N15_M01_F10_label.txt
excel输出位置：/kaggle/working/k10/S09/weight_src_PU_M1_FS09_s2024/NEW_PU/Source-源域
log&pt输出位置：/kaggle/working/k10/S09/weight_src_PU_M1_FS09_s2024/NEW_PU/Source-源域/log&pt/(B1)N15_M01_F10
特征图片输出位置：/kaggle/working/k10/S09/weight_src_PU_M1_FS09_s2024/NEW_PU/Picture-特征图/2026年09月19日10时44分/(B1)N15_M01_F10
源域训练开始
轮次:··1/·10 || loss:0.005 || 耗时：9.15s
轮次:··2/·10 || loss:0.008 || 耗时：8.86s
轮次:··3/·10 || loss:0.006 || 耗时：9.05s
轮次:··4/·10 || loss:0.003 || 耗时：9.25s
轮次:··5/·10 || loss:0.015 || 耗时：9.27s
任务: (B1)N15_M01_F10; mix批次:····0; 批次:··330/··660; 总正确率 = 100.00%
类型1 正确率： 100.00% -> 1  100.00%, 2    0.00%, 3    0.00%
类型2 正确率： 100.00% -> 1    0.00%, 2  100.00%, 3    0.00%
类型3 正确率： 100.00% -> 1    0.00%, 2    0.00%, 3  100.00%


轮次:··6/·10 || loss:0.006 || 耗时：9.03s
轮次:··7/·10 || loss:0.063 || 耗时：8.89s
轮次:··8/·10 || loss:0.012 || 耗时：8.81s
轮次:··9/·10 || loss:0.009 || 耗时：8.77s
轮次:·10/·10 || loss:0.003 || 耗时：8.78s
任务: (B1)N15_M01_F10; mix批次:····0; 批次:··660/··660; 总正确率 = 100.00%
类型1 正确率： 100.00% -> 1  100.00%, 2    0.00%, 3    0.00%
类型2 正确率： 100.00% -> 1    0.00%, 2  100.00%, 3    0.00%
类型3 正确率： 100.00% -> 1    0.00%, 2    0.00%, 3  100.00%


测试集任务: (B1)N15_M01_F10; 总正确率 = 100.00%
类型1 正确率： 100.00% -> 1  100.00%, 2    0.00%, 3    0.00%
类型2 正确率： 100.00% -> 1    0.00%, 2  100.00%, 3    0.00%
类型3 正确率： 100.00% -> 1    0.00%, 2    0.00%, 3  100.00%


源域训练结束

训练好之后，测试目标域
目标域路径：/kaggle/working/k10/S09/sdalr_PU_final_checkpoint/DATA_foldS09/PU_M1_L3/N15_M07_F10_label.txt
测试目标数据集结果如下：
任务: (B1)N15_M01_F10→(B2)N15_M07_F10, 正确率 = 98.38%
类型1 正确率： 100.00% -> 1  100.00%, 2    0.00%, 3    0.00%
类型2 正确率： 100.00% -> 1    0.00%, 2  100.00%, 3    0.00%
类型3 正确率：  95.00% -> 1    0.00%, 2    4.85%, 3   95.15%

目标域路径：/kaggle/working/k10/S09/sdalr_PU_final_checkpoint/DATA_foldS09/PU_M1_L3/N15_M07_F04_label.txt
测试目标数据集结果如下：
任务: (B1)N15_M01_F10→(B3)N15_M07_F04, 正确率 = 85.85%
类型1 正确率： 100.00% -> 1  100.00%, 2    0.00%, 3    0.00%
类型2 正确率：  94.00% -> 1    0.00%, 2   93.60%, 3    6.40%
类型3 正确率：  64.00% -> 1    0.00%, 2   36.03%, 3   63.97%



现在开始拿源域训练集：(B2)N15_M07_F10 进行训练
源域读取路径：/kaggle/working/k10/S09/sdalr_PU_final_checkpoint/DATA_foldS09/PU_M1_L3/N15_M07_F10_label.txt
excel输出位置：/kaggle/working/k10/S09/weight_src_PU_M1_FS09_s2024/NEW_PU/Source-源域
log&pt输出位置：/kaggle/working/k10/S09/weight_src_PU_M1_FS09_s2024/NEW_PU/Source-源域/log&pt/(B2)N15_M07_F10
特征图片输出位置：/kaggle/working/k10/S09/weight_src_PU_M1_FS09_s2024/NEW_PU/Picture-特征图/2026年09月19日10时44分/(B2)N15_M07_F10
源域训练开始
轮次:··1/·10 || loss:0.018 || 耗时：8.88s
轮次:··2/·10 || loss:0.026 || 耗时：8.89s
轮次:··3/·10 || loss:0.006 || 耗时：9.01s
轮次:··4/·10 || loss:0.014 || 耗时：9.03s
轮次:··5/·10 || loss:0.007 || 耗时：8.97s
任务: (B2)N15_M07_F10; mix批次:····0; 批次:··330/··660; 总正确率 = 100.00%
类型1 正确率： 100.00% -> 1  100.00%, 2    0.00%, 3    0.00%
类型2 正确率： 100.00% -> 1    0.00%, 2  100.00%, 3    0.00%
类型3 正确率： 100.00% -> 1    0.00%, 2    0.00%, 3  100.00%


轮次:··6/·10 || loss:0.005 || 耗时：8.89s
轮次:··7/·10 || loss:0.002 || 耗时：8.84s
轮次:··8/·10 || loss:0.001 || 耗时：8.81s
轮次:··9/·10 || loss:0.003 || 耗时：8.82s
轮次:·10/·10 || loss:0.000 || 耗时：8.84s
任务: (B2)N15_M07_F10; mix批次:····0; 批次:··660/··660; 总正确率 = 100.00%
类型1 正确率： 100.00% -> 1  100.00%, 2    0.00%, 3    0.00%
类型2 正确率： 100.00% -> 1    0.00%, 2  100.00%, 3    0.00%
类型3 正确率： 100.00% -> 1    0.00%, 2    0.00%, 3  100.00%


测试集任务: (B2)N15_M07_F10; 总正确率 = 99.75%
类型1 正确率： 100.00% -> 1  100.00%, 2    0.00%, 3    0.00%
类型2 正确率： 100.00% -> 1    0.00%, 2   99.50%, 3    0.50%
类型3 正确率： 100.00% -> 1    0.00%, 2    0.24%, 3   99.76%


源域训练结束

训练好之后，测试目标域
目标域路径：/kaggle/working/k10/S09/sdalr_PU_final_checkpoint/DATA_foldS09/PU_M1_L3/N15_M01_F10_label.txt
测试目标数据集结果如下：
任务: (B2)N15_M07_F10→(B1)N15_M01_F10, 正确率 = 99.92%
类型1 正确率： 100.00% -> 1  100.00%, 2    0.00%, 3    0.00%
类型2 正确率： 100.00% -> 1    0.00%, 2  100.00%, 3    0.00%
类型3 正确率： 100.00% -> 1    0.00%, 2    0.25%, 3   99.75%

目标域路径：/kaggle/working/k10/S09/sdalr_PU_final_checkpoint/DATA_foldS09/PU_M1_L3/N15_M07_F04_label.txt
测试目标数据集结果如下：
任务: (B2)N15_M07_F10→(B3)N15_M07_F04, 正确率 = 86.69%
类型1 正确率： 100.00% -> 1  100.00%, 2    0.00%, 3    0.00%
类型2 正确率：  94.00% -> 1    0.00%, 2   93.85%, 3    6.15%
类型3 正确率：  66.00% -> 1    0.00%, 2   33.78%, 3   66.22%



现在开始拿源域训练集：(B3)N15_M07_F04 进行训练
源域读取路径：/kaggle/working/k10/S09/sdalr_PU_final_checkpoint/DATA_foldS09/PU_M1_L3/N15_M07_F04_label.txt
excel输出位置：/kaggle/working/k10/S09/weight_src_PU_M1_FS09_s2024/NEW_PU/Source-源域
log&pt输出位置：/kaggle/working/k10/S09/weight_src_PU_M1_FS09_s2024/NEW_PU/Source-源域/log&pt/(B3)N15_M07_F04
特征图片输出位置：/kaggle/working/k10/S09/weight_src_PU_M1_FS09_s2024/NEW_PU/Picture-特征图/2026年09月19日10时44分/(B3)N15_M07_F04
源域训练开始
轮次:··1/·10 || loss:0.014 || 耗时：8.89s
轮次:··2/·10 || loss:0.002 || 耗时：8.89s
轮次:··3/·10 || loss:0.016 || 耗时：8.91s
轮次:··4/·10 || loss:0.001 || 耗时：8.91s
轮次:··5/·10 || loss:0.004 || 耗时：8.89s
任务: (B3)N15_M07_F04; mix批次:····0; 批次:··330/··660; 总正确率 = 99.65%
类型1 正确率： 100.00% -> 1  100.00%, 2    0.00%, 3    0.00%
类型2 正确率： 100.00% -> 1    0.00%, 2  100.00%, 3    0.00%
类型3 正确率：  99.00% -> 1    0.00%, 2    1.04%, 3   98.96%


轮次:··6/·10 || loss:0.003 || 耗时：8.85s
轮次:··7/·10 || loss:0.001 || 耗时：8.85s
轮次:··8/·10 || loss:0.004 || 耗时：8.84s
轮次:··9/·10 || loss:0.009 || 耗时：8.82s
轮次:·10/·10 || loss:0.001 || 耗时：8.83s
任务: (B3)N15_M07_F04; mix批次:····0; 批次:··660/··660; 总正确率 = 99.65%
类型1 正确率： 100.00% -> 1  100.00%, 2    0.00%, 3    0.00%
类型2 正确率： 100.00% -> 1    0.00%, 2  100.00%, 3    0.00%
类型3 正确率：  99.00% -> 1    0.00%, 2    1.04%, 3   98.96%


测试集任务: (B3)N15_M07_F04; 总正确率 = 99.57%
类型1 正确率： 100.00% -> 1  100.00%, 2    0.00%, 3    0.00%
类型2 正确率：  99.00% -> 1    0.00%, 2   99.19%, 3    0.81%
类型3 正确率： 100.00% -> 1    0.00%, 2    0.46%, 3   99.54%


源域训练结束

训练好之后，测试目标域
目标域路径：/kaggle/working/k10/S09/sdalr_PU_final_checkpoint/DATA_foldS09/PU_M1_L3/N15_M01_F10_label.txt
测试目标数据集结果如下：
任务: (B3)N15_M07_F04→(B1)N15_M01_F10, 正确率 = 77.08%
类型1 正确率： 100.00% -> 1  100.00%, 2    0.00%, 3    0.00%
类型2 正确率： 100.00% -> 1    0.00%, 2   99.74%, 3    0.26%
类型3 正确率：  32.00% -> 1    0.00%, 2   68.48%, 3   31.52%

目标域路径：/kaggle/working/k10/S09/sdalr_PU_final_checkpoint/DATA_foldS09/PU_M1_L3/N15_M07_F10_label.txt
测试目标数据集结果如下：
任务: (B3)N15_M07_F04→(B2)N15_M07_F10, 正确率 = 77.56%
类型1 正确率： 100.00% -> 1  100.00%, 2    0.00%, 3    0.00%
类型2 正确率： 100.00% -> 1    0.00%, 2  100.00%, 3    0.00%
类型3 正确率：  33.00% -> 1    0.00%, 2   67.31%, 3   32.69%

