读取源域路径：/kaggle/working/m2rep/reps1/weight_PU_M1_final_checkpoint_FBtoA_gatev2_s1/NEW_PU/Source-源域/log&pt/(B3)N15_M07_F04
excel输出位置：/kaggle/working/m2rep/reps1/weight_PU_M1_final_checkpoint_FBtoA_gatev2_s1/NEW_PU/Target-目标域
特征图片输出位置：/kaggle/working/m2rep/reps1/weight_PU_M1_final_checkpoint_FBtoA_gatev2_s1/NEW_PU/Picture-特征图/2026年09月15日18时27分/(B3)N15_M07_F04
现在选取:(B3)N15_M07_F04 进行训练的源模型
现在进行：(B3)N15_M07_F04→(B2)N15_M07_F10 的迁移任务
log&pt输出位置：/kaggle/working/m2rep/reps1/weight_PU_M1_final_checkpoint_FBtoA_gatev2_s1/NEW_PU/Target-目标域/log&pt/(B3)N15_M07_F04→(B2)N15_M07_F10
任务: (B3)N15_M07_F04→(B2)N15_M07_F10; 批次:····0/·1880;  总正确率: 55.42%
类型1 正确率： 100.00% -> 1   99.95%, 2    0.00%, 3    0.05%
类型2 正确率：  33.00% -> 1    8.65%, 2   33.30%, 3   58.05%
类型3 正确率：  33.00% -> 1    0.00%, 2   67.00%, 3   33.00%


样本变换：reverse
样本变换：mask
样本变换：shift
样本变换：none
未过滤	未用伪标签：55.42% -> 使用伪标签：55.33%
已过滤	未用伪标签：55.88% -> 使用伪标签：55.85%
排除样本：55|6000	剩余：2213, 2000, 1732
增添样本：1479		细则：0, 972, 507	正确率估算：99.93%
类型1 正确率： 100.00% -> 1  100.00%, 2    0.00%, 3    0.00%
类型2 正确率：  34.00% -> 1   10.95%, 2   33.93%, 3   55.12%
类型3 正确率：  33.00% -> 1    0.00%, 2   67.00%, 3   33.00%

被排除样本 正确率：5.45%
类型1 没有样本或未被分类。
类型2 正确率：   5.00% -> 1   10.91%, 2    5.45%, 3   83.64%
类型3 没有样本或未被分类。


轮次:··1/·20 || c_Loss:0.547 || e_Loss:-1.240 || Aad_Loss:-22.420 || 耗时：34.73s
轮次:··2/·20 || c_Loss:0.374 || e_Loss:-1.731 || Aad_Loss:-23.179 || 耗时：13.32s
轮次:··3/·20 || c_Loss:0.396 || e_Loss:-1.637 || Aad_Loss:-24.773 || 耗时：13.31s
轮次:··4/·20 || c_Loss:0.386 || e_Loss:-1.715 || Aad_Loss:-26.580 || 耗时：13.31s
轮次:··5/·20 || c_Loss:0.370 || e_Loss:-1.731 || Aad_Loss:-27.003 || 耗时：13.31s
任务: (B3)N15_M07_F04→(B2)N15_M07_F10; mix批次:····0; 批次:··470/·1880;  总正确率: 57.58%
类型1 正确率： 100.00% -> 1  100.00%, 2    0.00%, 3    0.00%
类型2 正确率：  33.00% -> 1    3.80%, 2   33.00%, 3   63.20%
类型3 正确率：  40.00% -> 1    1.90%, 2   58.35%, 3   39.75%


样本变换：reverse
样本变换：mask
样本变换：shift
样本变换：none
未过滤	未用伪标签：57.58% -> 使用伪标签：55.33%
已过滤	未用伪标签：57.91% -> 使用伪标签：55.65%
排除样本：34|6000	剩余：2156, 2000, 1810
增添样本：1289		细则：0, 915, 374	正确率估算：100.00%
类型1 正确率： 100.00% -> 1  100.00%, 2    0.00%, 3    0.00%
类型2 正确率：  34.00% -> 1    7.93%, 2   33.57%, 3   58.49%
类型3 正确率：  33.00% -> 1    0.00%, 2   67.00%, 3   33.00%

被排除样本 正确率：0.00%
类型1 正确率：   0.00% -> 1    0.00%, 2  100.00%
类型2 没有样本或未被分类。


轮次:··6/·20 || c_Loss:0.437 || e_Loss:-1.614 || Aad_Loss:-25.572 || 耗时：34.52s
轮次:··7/·20 || c_Loss:0.388 || e_Loss:-1.696 || Aad_Loss:-24.014 || 耗时：13.20s
轮次:··8/·20 || c_Loss:0.394 || e_Loss:-1.658 || Aad_Loss:-25.621 || 耗时：13.26s
轮次:··9/·20 || c_Loss:0.358 || e_Loss:-1.628 || Aad_Loss:-26.799 || 耗时：13.27s
轮次:·10/·20 || c_Loss:0.376 || e_Loss:-1.664 || Aad_Loss:-25.208 || 耗时：13.28s
任务: (B3)N15_M07_F04→(B2)N15_M07_F10; mix批次:····0; 批次:··940/·1880;  总正确率: 60.67%
类型1 正确率： 100.00% -> 1  100.00%, 2    0.00%, 3    0.00%
类型2 正确率：  33.00% -> 1    0.35%, 2   33.00%, 3   66.65%
类型3 正确率：  49.00% -> 1    2.60%, 2   48.40%, 3   49.00%


样本变换：reverse
样本变换：mask
样本变换：shift
样本变换：none
未过滤	未用伪标签：60.67% -> 使用伪标签：55.33%
已过滤	未用伪标签：60.79% -> 使用伪标签：55.44%
排除样本：12|6000	剩余：2026, 2000, 1962
增添样本：886		细则：0, 788, 98	正确率估算：99.89%
类型1 正确率： 100.00% -> 1  100.00%, 2    0.00%, 3    0.00%
类型2 正确率：  33.00% -> 1    1.31%, 2   33.20%, 3   65.49%
类型3 正确率：  33.00% -> 1    0.00%, 2   67.00%, 3   33.00%

被排除样本 正确率：0.00%
类型1 正确率：   0.00% -> 1    0.00%, 2  100.00%
类型2 没有样本或未被分类。


轮次:·11/·20 || c_Loss:0.359 || e_Loss:-1.744 || Aad_Loss:-24.836 || 耗时：34.35s
轮次:·12/·20 || c_Loss:0.335 || e_Loss:-1.630 || Aad_Loss:-27.464 || 耗时：13.21s
轮次:·13/·20 || c_Loss:0.401 || e_Loss:-1.859 || Aad_Loss:-27.332 || 耗时：13.28s
轮次:·14/·20 || c_Loss:0.371 || e_Loss:-1.864 || Aad_Loss:-25.544 || 耗时：13.28s
轮次:·15/·20 || c_Loss:0.338 || e_Loss:-1.642 || Aad_Loss:-26.517 || 耗时：13.27s
任务: (B3)N15_M07_F04→(B2)N15_M07_F10; mix批次:····0; 批次:·1410/·1880;  总正确率: 58.82%
类型1 正确率： 100.00% -> 1  100.00%, 2    0.00%, 3    0.00%
类型2 正确率：  33.00% -> 1    0.00%, 2   33.00%, 3   67.00%
类型3 正确率：  43.00% -> 1    5.35%, 2   51.20%, 3   43.45%


样本变换：reverse
样本变换：mask
样本变换：shift
样本变换：none
未过滤	未用伪标签：58.82% -> 使用伪标签：55.33%
已过滤	未用伪标签：58.84% -> 使用伪标签：55.35%
排除样本：2|6000	剩余：2001, 2000, 1997
增添样本：801		细则：0, 763, 38	正确率估算：100.00%
类型1 正确率： 100.00% -> 1  100.00%, 2    0.00%, 3    0.00%
类型2 正确率：  33.00% -> 1    0.05%, 2   33.03%, 3   66.92%
类型3 正确率：  33.00% -> 1    0.00%, 2   67.00%, 3   33.00%

被排除样本 正确率：0.00%
类型1 正确率：   0.00% -> 1    0.00%, 2  100.00%
类型2 没有样本或未被分类。


轮次:·16/·20 || c_Loss:0.340 || e_Loss:-1.726 || Aad_Loss:-28.160 || 耗时：34.02s
轮次:·17/·20 || c_Loss:0.342 || e_Loss:-1.717 || Aad_Loss:-27.598 || 耗时：13.20s
轮次:·18/·20 || c_Loss:0.345 || e_Loss:-1.791 || Aad_Loss:-26.963 || 耗时：13.19s
轮次:·19/·20 || c_Loss:0.367 || e_Loss:-1.604 || Aad_Loss:-27.816 || 耗时：13.19s
轮次:·20/·20 || c_Loss:0.355 || e_Loss:-1.828 || Aad_Loss:-27.762 || 耗时：13.19s
任务: (B3)N15_M07_F04→(B2)N15_M07_F10; mix批次:····0; 批次:·1880/·1880;  总正确率: 59.32%
类型1 正确率： 100.00% -> 1  100.00%, 2    0.00%, 3    0.00%
类型2 正确率：  33.00% -> 1    0.00%, 2   33.00%, 3   67.00%
类型3 正确率：  45.00% -> 1    5.20%, 2   49.85%, 3   44.95%


测试集任务: (B3)N15_M07_F04→(B2)N15_M07_F10; 总正确率 = 59.32%
类型1 正确率： 100.00% -> 1  100.00%, 2    0.00%, 3    0.00%
类型2 正确率：  33.00% -> 1    0.00%, 2   33.00%, 3   67.00%
类型3 正确率：  45.00% -> 1    5.20%, 2   49.85%, 3   44.95%


