读取源域路径：/kaggle/working/m2rep/reps1/weight_PU_M1_final_checkpoint_FBtoA_gatev2_s1/NEW_PU/Source-源域/log&pt/(B2)N15_M07_F10
excel输出位置：/kaggle/working/m2rep/reps1/weight_PU_M1_final_checkpoint_FBtoA_gatev2_s1/NEW_PU/Target-目标域
特征图片输出位置：/kaggle/working/m2rep/reps1/weight_PU_M1_final_checkpoint_FBtoA_gatev2_s1/NEW_PU/Picture-特征图/2026年09月15日18时15分/(B2)N15_M07_F10
现在选取:(B2)N15_M07_F10 进行训练的源模型
现在进行：(B2)N15_M07_F10→(B3)N15_M07_F04 的迁移任务
log&pt输出位置：/kaggle/working/m2rep/reps1/weight_PU_M1_final_checkpoint_FBtoA_gatev2_s1/NEW_PU/Target-目标域/log&pt/(B2)N15_M07_F10→(B3)N15_M07_F04
任务: (B2)N15_M07_F10→(B3)N15_M07_F04; 批次:····0/·1880;  总正确率: 51.57%
类型1 正确率： 100.00% -> 1  100.00%, 2    0.00%, 3    0.00%
类型2 正确率：  35.00% -> 1   26.80%, 2   35.05%, 3   38.15%
类型3 正确率：  20.00% -> 1    0.75%, 2   79.60%, 3   19.65%


样本变换：reverse
样本变换：mask
样本变换：shift
样本变换：none
未过滤	未用伪标签：51.57% -> 使用伪标签：54.30%
已过滤	未用伪标签：51.58% -> 使用伪标签：54.58%
排除样本：31|6000	剩余：2626, 1938, 1405
增添样本：1881		细则：0, 689, 1192	正确率估算：83.15%
类型1 正确率： 100.00% -> 1  100.00%, 2    0.00%, 3    0.00%
类型2 正确率：  30.00% -> 1   31.79%, 2   30.37%, 3   37.84%
类型3 正确率：  33.00% -> 1    0.00%, 2   67.00%, 3   33.00%

被排除样本 正确率：48.39%
类型1 没有样本或未被分类。
类型2 正确率：  48.00% -> 1   16.13%, 2   48.39%, 3   35.48%
类型3 没有样本或未被分类。


轮次:··1/·20 || c_Loss:0.496 || e_Loss:-1.053 || Aad_Loss:-28.414 || 耗时：34.89s
轮次:··2/·20 || c_Loss:0.379 || e_Loss:-1.329 || Aad_Loss:-30.011 || 耗时：13.21s
轮次:··3/·20 || c_Loss:0.358 || e_Loss:-0.946 || Aad_Loss:-29.188 || 耗时：13.19s
轮次:··4/·20 || c_Loss:0.365 || e_Loss:-1.451 || Aad_Loss:-28.895 || 耗时：13.21s
轮次:··5/·20 || c_Loss:0.361 || e_Loss:-0.908 || Aad_Loss:-29.517 || 耗时：13.33s
任务: (B2)N15_M07_F10→(B3)N15_M07_F04; mix批次:····0; 批次:··470/·1880;  总正确率: 55.00%
类型1 正确率： 100.00% -> 1  100.00%, 2    0.00%, 3    0.00%
类型2 正确率：  32.00% -> 1   34.00%, 2   32.00%, 3   34.00%
类型3 正确率：  33.00% -> 1    0.00%, 2   67.00%, 3   33.00%


样本变换：reverse
样本变换：mask
样本变换：shift
样本变换：none
未过滤	未用伪标签：55.00% -> 使用伪标签：55.15%
已过滤	未用伪标签：55.03% -> 使用伪标签：55.18%
排除样本：3|6000	剩余：2680, 1989, 1328
增添样本：2010		细则：0, 691, 1319	正确率估算：99.90%
类型1 正确率： 100.00% -> 1  100.00%, 2    0.00%, 3    0.00%
类型2 正确率：  32.00% -> 1   34.05%, 2   32.50%, 3   33.45%
类型3 正确率：  33.00% -> 1    0.00%, 2   67.00%, 3   33.00%

被排除样本 正确率：0.00%
类型1 正确率：   0.00% -> 1    0.00%, 2  100.00%
类型2 没有样本或未被分类。


轮次:··6/·20 || c_Loss:0.348 || e_Loss:-1.186 || Aad_Loss:-30.163 || 耗时：34.74s
轮次:··7/·20 || c_Loss:0.342 || e_Loss:-0.964 || Aad_Loss:-30.459 || 耗时：13.04s
轮次:··8/·20 || c_Loss:0.360 || e_Loss:-0.881 || Aad_Loss:-31.566 || 耗时：13.01s
轮次:··9/·20 || c_Loss:0.340 || e_Loss:-0.961 || Aad_Loss:-30.900 || 耗时：13.20s
轮次:·10/·20 || c_Loss:0.342 || e_Loss:-0.937 || Aad_Loss:-31.110 || 耗时：13.20s
任务: (B2)N15_M07_F10→(B3)N15_M07_F04; mix批次:····0; 批次:··940/·1880;  总正确率: 55.12%
类型1 正确率： 100.00% -> 1  100.00%, 2    0.00%, 3    0.00%
类型2 正确率：  32.00% -> 1   34.00%, 2   32.35%, 3   33.65%
类型3 正确率：  33.00% -> 1    0.00%, 2   67.00%, 3   33.00%


样本变换：reverse
样本变换：mask
样本变换：shift
样本变换：none
未过滤	未用伪标签：55.12% -> 使用伪标签：55.15%
已过滤	未用伪标签：55.13% -> 使用伪标签：55.16%
排除样本：1|6000	剩余：2680, 1989, 1330
增添样本：2009		细则：0, 691, 1318	正确率估算：100.00%
类型1 正确率： 100.00% -> 1  100.00%, 2    0.00%, 3    0.00%
类型2 正确率：  32.00% -> 1   34.02%, 2   32.47%, 3   33.52%
类型3 正确率：  33.00% -> 1    0.00%, 2   67.00%, 3   33.00%

被排除样本 正确率：0.00%
类型1 正确率：   0.00% -> 1    0.00%, 2  100.00%
类型2 没有样本或未被分类。


轮次:·11/·20 || c_Loss:0.341 || e_Loss:-0.915 || Aad_Loss:-31.395 || 耗时：35.01s
轮次:·12/·20 || c_Loss:0.355 || e_Loss:-0.873 || Aad_Loss:-31.455 || 耗时：13.22s
轮次:·13/·20 || c_Loss:0.344 || e_Loss:-1.187 || Aad_Loss:-30.238 || 耗时：13.21s
轮次:·14/·20 || c_Loss:0.336 || e_Loss:-1.138 || Aad_Loss:-31.075 || 耗时：13.28s
轮次:·15/·20 || c_Loss:0.341 || e_Loss:-1.693 || Aad_Loss:-31.139 || 耗时：13.08s
任务: (B2)N15_M07_F10→(B3)N15_M07_F04; mix批次:····0; 批次:·1410/·1880;  总正确率: 55.12%
类型1 正确率： 100.00% -> 1  100.00%, 2    0.00%, 3    0.00%
类型2 正确率：  32.00% -> 1   34.00%, 2   32.35%, 3   33.65%
类型3 正确率：  33.00% -> 1    0.00%, 2   67.00%, 3   33.00%


样本变换：reverse
样本变换：mask
样本变换：shift
样本变换：none
未过滤	未用伪标签：55.12% -> 使用伪标签：55.13%
已过滤	未用伪标签：55.12% -> 使用伪标签：55.15%
排除样本：2|6000	剩余：2680, 1988, 1330
增添样本：2010		细则：0, 692, 1318	正确率估算：99.95%
类型1 正确率： 100.00% -> 1  100.00%, 2    0.00%, 3    0.00%
类型2 正确率：  32.00% -> 1   34.03%, 2   32.43%, 3   33.53%
类型3 正确率：  33.00% -> 1    0.00%, 2   67.00%, 3   33.00%

被排除样本 正确率：50.00%
类型1 正确率：  50.00% -> 1   50.00%, 2   50.00%
类型2 没有样本或未被分类。


轮次:·16/·20 || c_Loss:0.341 || e_Loss:-1.203 || Aad_Loss:-30.863 || 耗时：35.30s
轮次:·17/·20 || c_Loss:0.334 || e_Loss:-0.972 || Aad_Loss:-31.723 || 耗时：13.21s
轮次:·18/·20 || c_Loss:0.353 || e_Loss:-0.879 || Aad_Loss:-32.119 || 耗时：13.21s
轮次:·19/·20 || c_Loss:0.339 || e_Loss:-0.956 || Aad_Loss:-31.266 || 耗时：13.33s
轮次:·20/·20 || c_Loss:0.343 || e_Loss:-0.934 || Aad_Loss:-31.377 || 耗时：13.15s
任务: (B2)N15_M07_F10→(B3)N15_M07_F04; mix批次:····0; 批次:·1880/·1880;  总正确率: 55.15%
类型1 正确率： 100.00% -> 1  100.00%, 2    0.00%, 3    0.00%
类型2 正确率：  32.00% -> 1   34.00%, 2   32.45%, 3   33.55%
类型3 正确率：  33.00% -> 1    0.00%, 2   67.00%, 3   33.00%


测试集任务: (B2)N15_M07_F10→(B3)N15_M07_F04; 总正确率 = 55.15%
类型1 正确率： 100.00% -> 1  100.00%, 2    0.00%, 3    0.00%
类型2 正确率：  32.00% -> 1   34.00%, 2   32.45%, 3   33.55%
类型3 正确率：  33.00% -> 1    0.00%, 2   67.00%, 3   33.00%


