读取源域路径：/kaggle/working/m2rep/reps1/weight_PU_M1_final_checkpoint_FBtoA_gatev2_s1/NEW_PU/Source-源域/log&pt/(B1)N15_M01_F10
excel输出位置：/kaggle/working/m2rep/reps1/weight_PU_M1_final_checkpoint_FBtoA_gatev2_s1/NEW_PU/Target-目标域
特征图片输出位置：/kaggle/working/m2rep/reps1/weight_PU_M1_final_checkpoint_FBtoA_gatev2_s1/NEW_PU/Picture-特征图/2026年09月15日17时57分/(B1)N15_M01_F10
现在选取:(B1)N15_M01_F10 进行训练的源模型
现在进行：(B1)N15_M01_F10→(B2)N15_M07_F10 的迁移任务
log&pt输出位置：/kaggle/working/m2rep/reps1/weight_PU_M1_final_checkpoint_FBtoA_gatev2_s1/NEW_PU/Target-目标域/log&pt/(B1)N15_M01_F10→(B2)N15_M07_F10
任务: (B1)N15_M01_F10→(B2)N15_M07_F10; 批次:····0/·1880;  总正确率: 55.62%
类型1 正确率： 100.00% -> 1   99.95%, 2    0.00%, 3    0.05%
类型2 正确率：  34.00% -> 1   14.00%, 2   33.90%, 3   52.10%
类型3 正确率：  33.00% -> 1    0.00%, 2   67.00%, 3   33.00%


样本变换：reverse
样本变换：mask
样本变换：shift
样本变换：none
未过滤	未用伪标签：55.62% -> 使用伪标签：55.33%
已过滤	未用伪标签：56.12% -> 使用伪标签：55.84%
排除样本：54|6000	剩余：2353, 2000, 1593
增添样本：1871		细则：0, 1103, 768	正确率估算：99.47%
类型1 正确率： 100.00% -> 1  100.00%, 2    0.00%, 3    0.00%
类型2 正确率：  34.00% -> 1   18.14%, 2   33.92%, 3   47.94%
类型3 正确率：  33.00% -> 1    0.00%, 2   67.00%, 3   33.00%

被排除样本 正确率：0.00%
类型1 没有样本或未被分类。
类型2 正确率：   0.00% -> 1   11.11%, 2    0.00%, 3   88.89%
类型3 没有样本或未被分类。


轮次:··1/·20 || c_Loss:0.572 || e_Loss:-1.139 || Aad_Loss:-27.554 || 耗时：35.51s
轮次:··2/·20 || c_Loss:0.462 || e_Loss:-1.646 || Aad_Loss:-23.849 || 耗时：13.46s
轮次:··3/·20 || c_Loss:0.410 || e_Loss:-1.623 || Aad_Loss:-24.826 || 耗时：13.34s
轮次:··4/·20 || c_Loss:0.390 || e_Loss:-1.613 || Aad_Loss:-25.599 || 耗时：13.12s
轮次:··5/·20 || c_Loss:0.410 || e_Loss:-1.682 || Aad_Loss:-26.916 || 耗时：13.02s
任务: (B1)N15_M01_F10→(B2)N15_M07_F10; mix批次:····0; 批次:··470/·1880;  总正确率: 56.28%
类型1 正确率： 100.00% -> 1  100.00%, 2    0.00%, 3    0.00%
类型2 正确率：  33.00% -> 1   13.30%, 2   33.00%, 3   53.70%
类型3 正确率：  36.00% -> 1    3.25%, 2   60.90%, 3   35.85%


样本变换：reverse
样本变换：mask
样本变换：shift
样本变换：none
未过滤	未用伪标签：56.28% -> 使用伪标签：55.35%
已过滤	未用伪标签：56.60% -> 使用伪标签：55.67%
排除样本：34|6000	剩余：2480, 2001, 1485
增添样本：2215		细则：0, 1223, 992	正确率估算：100.00%
类型1 正确率： 100.00% -> 1  100.00%, 2    0.00%, 3    0.00%
类型2 正确率：  34.00% -> 1   24.42%, 2   33.62%, 3   41.96%
类型3 正确率：  33.00% -> 1    0.00%, 2   67.00%, 3   33.00%

被排除样本 正确率：0.00%
类型1 正确率：   0.00% -> 1    0.00%, 2  100.00%
类型2 没有样本或未被分类。


轮次:··6/·20 || c_Loss:0.446 || e_Loss:-1.627 || Aad_Loss:-24.052 || 耗时：34.99s
轮次:··7/·20 || c_Loss:0.416 || e_Loss:-1.704 || Aad_Loss:-24.943 || 耗时：13.25s
轮次:··8/·20 || c_Loss:0.365 || e_Loss:-1.846 || Aad_Loss:-26.963 || 耗时：13.25s
轮次:··9/·20 || c_Loss:0.392 || e_Loss:-1.551 || Aad_Loss:-29.013 || 耗时：13.33s
轮次:·10/·20 || c_Loss:0.400 || e_Loss:-1.868 || Aad_Loss:-27.026 || 耗时：13.26s
任务: (B1)N15_M01_F10→(B2)N15_M07_F10; mix批次:····0; 批次:··940/·1880;  总正确率: 57.82%
类型1 正确率： 100.00% -> 1  100.00%, 2    0.00%, 3    0.00%
类型2 正确率：  33.00% -> 1   27.60%, 2   33.00%, 3   39.40%
类型3 正确率：  40.00% -> 1    5.85%, 2   53.70%, 3   40.45%


样本变换：reverse
样本变换：mask
样本变换：shift
样本变换：none
未过滤	未用伪标签：57.82% -> 使用伪标签：55.33%
已过滤	未用伪标签：57.89% -> 使用伪标签：55.41%
排除样本：8|6000	剩余：2656, 2000, 1336
增添样本：2680		细则：0, 1388, 1292	正确率估算：99.96%
类型1 正确率： 100.00% -> 1  100.00%, 2    0.00%, 3    0.00%
类型2 正确率：  33.00% -> 1   32.93%, 2   33.13%, 3   33.94%
类型3 正确率：  33.00% -> 1    0.00%, 2   67.00%, 3   33.00%

被排除样本 正确率：0.00%
类型1 正确率：   0.00% -> 1    0.00%, 2  100.00%
类型2 没有样本或未被分类。


轮次:·11/·20 || c_Loss:0.388 || e_Loss:-1.778 || Aad_Loss:-29.476 || 耗时：35.43s
轮次:·12/·20 || c_Loss:0.358 || e_Loss:-1.846 || Aad_Loss:-29.364 || 耗时：13.23s
轮次:·13/·20 || c_Loss:0.365 || e_Loss:-1.884 || Aad_Loss:-28.015 || 耗时：13.21s
轮次:·14/·20 || c_Loss:0.382 || e_Loss:-1.759 || Aad_Loss:-28.082 || 耗时：13.30s
轮次:·15/·20 || c_Loss:0.372 || e_Loss:-1.600 || Aad_Loss:-28.404 || 耗时：13.24s
任务: (B1)N15_M01_F10→(B2)N15_M07_F10; mix批次:····0; 批次:·1410/·1880;  总正确率: 57.50%
类型1 正确率： 100.00% -> 1  100.00%, 2    0.00%, 3    0.00%
类型2 正确率：  33.00% -> 1   34.00%, 2   33.00%, 3   33.00%
类型3 正确率：  40.00% -> 1    6.55%, 2   53.95%, 3   39.50%


样本变换：reverse
样本变换：mask
样本变换：shift
样本变换：none
未过滤	未用伪标签：57.50% -> 使用伪标签：55.33%
已过滤	未用伪标签：57.50% -> 使用伪标签：55.33%
排除样本：2680|6000	剩余：2000, 1320
增添样本：2734		细则：0, 1408, 1326	正确率估算：99.96%
类型1 正确率： 100.00% -> 1  100.00%, 2    0.00%, 3    0.00%
类型2 正确率：  33.00% -> 1   34.00%, 2   33.00%, 3   33.00%
类型3 正确率：  33.00% -> 1    0.00%, 2   67.00%, 3   33.00%

被排除样本 正确率：nan%


轮次:·16/·20 || c_Loss:0.358 || e_Loss:-1.843 || Aad_Loss:-24.962 || 耗时：35.11s
轮次:·17/·20 || c_Loss:0.342 || e_Loss:-1.690 || Aad_Loss:-27.949 || 耗时：13.07s
轮次:·18/·20 || c_Loss:0.393 || e_Loss:-1.700 || Aad_Loss:-27.041 || 耗时：13.06s
轮次:·19/·20 || c_Loss:0.356 || e_Loss:-1.825 || Aad_Loss:-26.745 || 耗时：13.17s
轮次:·20/·20 || c_Loss:0.353 || e_Loss:-1.717 || Aad_Loss:-29.602 || 耗时：13.20s
任务: (B1)N15_M01_F10→(B2)N15_M07_F10; mix批次:····0; 批次:·1880/·1880;  总正确率: 57.90%
类型1 正确率： 100.00% -> 1  100.00%, 2    0.00%, 3    0.00%
类型2 正确率：  33.00% -> 1   34.00%, 2   33.00%, 3   33.00%
类型3 正确率：  41.00% -> 1    7.30%, 2   52.00%, 3   40.70%


测试集任务: (B1)N15_M01_F10→(B2)N15_M07_F10; 总正确率 = 57.90%
类型1 正确率： 100.00% -> 1  100.00%, 2    0.00%, 3    0.00%
类型2 正确率：  33.00% -> 1   34.00%, 2   33.00%, 3   33.00%
类型3 正确率：  41.00% -> 1    7.30%, 2   52.00%, 3   40.70%


