读取源域路径：/kaggle/working/m2rep/reps1/weight_PU_M1_final_checkpoint_FBtoA_gatev2_s1/NEW_PU/Source-源域/log&pt/(B2)N15_M07_F10
excel输出位置：/kaggle/working/m2rep/reps1/weight_PU_M1_final_checkpoint_FBtoA_gatev2_s1/NEW_PU/Target-目标域
特征图片输出位置：/kaggle/working/m2rep/reps1/weight_PU_M1_final_checkpoint_FBtoA_gatev2_s1/NEW_PU/Picture-特征图/2026年09月15日18时09分/(B2)N15_M07_F10
现在选取:(B2)N15_M07_F10 进行训练的源模型
现在进行：(B2)N15_M07_F10→(B1)N15_M01_F10 的迁移任务
log&pt输出位置：/kaggle/working/m2rep/reps1/weight_PU_M1_final_checkpoint_FBtoA_gatev2_s1/NEW_PU/Target-目标域/log&pt/(B2)N15_M07_F10→(B1)N15_M01_F10
任务: (B2)N15_M07_F10→(B1)N15_M01_F10; 批次:····0/·1880;  总正确率: 55.52%
类型1 正确率： 100.00% -> 1  100.00%, 2    0.00%, 3    0.00%
类型2 正确率：  34.00% -> 1   28.60%, 2   33.55%, 3   37.85%
类型3 正确率：  33.00% -> 1    0.00%, 2   67.00%, 3   33.00%


样本变换：reverse
样本变换：mask
样本变换：shift
样本变换：none
未过滤	未用伪标签：55.52% -> 使用伪标签：55.25%
已过滤	未用伪标签：55.74% -> 使用伪标签：55.47%
排除样本：24|6000	剩余：2585, 1995, 1396
增添样本：3057		细则：0, 1863, 1194	正确率估算：97.86%
类型1 正确率： 100.00% -> 1  100.00%, 2    0.00%, 3    0.00%
类型2 正确率：  33.00% -> 1   29.61%, 2   33.15%, 3   37.25%
类型3 正确率：  33.00% -> 1    0.00%, 2   67.00%, 3   33.00%

被排除样本 正确率：0.00%
类型1 没有样本或未被分类。
类型2 正确率：   0.00% -> 1   12.50%, 2    0.00%, 3   87.50%
类型3 没有样本或未被分类。


轮次:··1/·20 || c_Loss:0.542 || e_Loss:-1.069 || Aad_Loss:-25.214 || 耗时：35.08s
轮次:··2/·20 || c_Loss:0.420 || e_Loss:-1.706 || Aad_Loss:-25.287 || 耗时：13.23s
轮次:··3/·20 || c_Loss:0.427 || e_Loss:-1.848 || Aad_Loss:-23.885 || 耗时：13.11s
轮次:··4/·20 || c_Loss:0.380 || e_Loss:-1.841 || Aad_Loss:-23.929 || 耗时：13.22s
轮次:··5/·20 || c_Loss:0.372 || e_Loss:-1.771 || Aad_Loss:-27.568 || 耗时：13.33s
任务: (B2)N15_M07_F10→(B1)N15_M01_F10; mix批次:····0; 批次:··470/·1880;  总正确率: 60.97%
类型1 正确率： 100.00% -> 1  100.00%, 2    0.00%, 3    0.00%
类型2 正确率：  33.00% -> 1   34.00%, 2   32.90%, 3   33.10%
类型3 正确率：  50.00% -> 1   12.55%, 2   37.45%, 3   50.00%


样本变换：reverse
样本变换：mask
样本变换：shift
样本变换：none
未过滤	未用伪标签：60.97% -> 使用伪标签：55.30%
已过滤	未用伪标签：60.97% -> 使用伪标签：55.32%
排除样本：2|6000	剩余：2680, 1998, 1320
增添样本：3315		细则：0, 1955, 1360	正确率估算：98.29%
类型1 正确率： 100.00% -> 1  100.00%, 2    0.00%, 3    0.00%
类型2 正确率：  33.00% -> 1   34.03%, 2   32.93%, 3   33.03%
类型3 正确率：  33.00% -> 1    0.00%, 2   67.00%, 3   33.00%

被排除样本 正确率：50.00%
类型1 正确率：  50.00% -> 1   50.00%, 2   50.00%
类型2 没有样本或未被分类。


轮次:··6/·20 || c_Loss:0.380 || e_Loss:-1.801 || Aad_Loss:-26.845 || 耗时：34.94s
轮次:··7/·20 || c_Loss:0.361 || e_Loss:-1.705 || Aad_Loss:-29.002 || 耗时：13.15s
轮次:··8/·20 || c_Loss:0.381 || e_Loss:-1.851 || Aad_Loss:-27.176 || 耗时：13.27s
轮次:··9/·20 || c_Loss:0.361 || e_Loss:-1.854 || Aad_Loss:-28.082 || 耗时：13.33s
轮次:·10/·20 || c_Loss:0.366 || e_Loss:-1.847 || Aad_Loss:-27.880 || 耗时：13.29s
任务: (B2)N15_M07_F10→(B1)N15_M01_F10; mix批次:····0; 批次:··940/·1880;  总正确率: 60.28%
类型1 正确率： 100.00% -> 1  100.00%, 2    0.00%, 3    0.00%
类型2 正确率：  33.00% -> 1   34.00%, 2   32.95%, 3   33.05%
类型3 正确率：  48.00% -> 1   11.45%, 2   40.65%, 3   47.90%


样本变换：reverse
样本变换：mask
样本变换：shift
样本变换：none
未过滤	未用伪标签：60.28% -> 使用伪标签：55.32%
已过滤	未用伪标签：60.29% -> 使用伪标签：55.34%
排除样本：2|6000	剩余：2680, 1998, 1320
增添样本：3314		细则：0, 1954, 1360	正确率估算：98.68%
类型1 正确率： 100.00% -> 1  100.00%, 2    0.00%, 3    0.00%
类型2 正确率：  33.00% -> 1   34.02%, 2   32.97%, 3   33.02%
类型3 正确率：  33.00% -> 1    0.00%, 2   66.98%, 3   33.02%

被排除样本 正确率：50.00%
类型1 正确率：   0.00% -> 1    0.00%, 2  100.00%
类型2 正确率： 100.00% -> 1    0.00%, 2  100.00%


轮次:·11/·20 || c_Loss:0.344 || e_Loss:-1.837 || Aad_Loss:-30.804 || 耗时：35.04s
轮次:·12/·20 || c_Loss:0.372 || e_Loss:-1.897 || Aad_Loss:-26.208 || 耗时：13.29s
轮次:·13/·20 || c_Loss:0.343 || e_Loss:-1.794 || Aad_Loss:-30.966 || 耗时：13.29s
轮次:·14/·20 || c_Loss:0.367 || e_Loss:-1.901 || Aad_Loss:-25.846 || 耗时：13.32s
轮次:·15/·20 || c_Loss:0.366 || e_Loss:-1.860 || Aad_Loss:-29.131 || 耗时：13.29s
任务: (B2)N15_M07_F10→(B1)N15_M01_F10; mix批次:····0; 批次:·1410/·1880;  总正确率: 60.35%
类型1 正确率： 100.00% -> 1  100.00%, 2    0.00%, 3    0.00%
类型2 正确率：  33.00% -> 1   34.00%, 2   32.95%, 3   33.05%
类型3 正确率：  48.00% -> 1   15.00%, 2   36.90%, 3   48.10%


样本变换：reverse
样本变换：mask
样本变换：shift
样本变换：none
未过滤	未用伪标签：60.35% -> 使用伪标签：55.30%
已过滤	未用伪标签：60.34% -> 使用伪标签：55.32%
排除样本：2|6000	剩余：2680, 1997, 1321
增添样本：3315		细则：0, 1955, 1360	正确率估算：98.53%
类型1 正确率： 100.00% -> 1  100.00%, 2    0.00%, 3    0.00%
类型2 正确率：  33.00% -> 1   34.02%, 2   32.92%, 3   33.07%
类型3 正确率：  33.00% -> 1    0.00%, 2   66.98%, 3   33.02%

被排除样本 正确率：100.00%
类型1 正确率： 100.00% -> 1  100.00%, 2    0.00%
类型2 正确率： 100.00% -> 1    0.00%, 2  100.00%


轮次:·16/·20 || c_Loss:0.375 || e_Loss:-1.841 || Aad_Loss:-27.458 || 耗时：35.07s
轮次:·17/·20 || c_Loss:0.358 || e_Loss:-1.717 || Aad_Loss:-29.667 || 耗时：13.29s
轮次:·18/·20 || c_Loss:0.375 || e_Loss:-1.868 || Aad_Loss:-27.555 || 耗时：13.29s
轮次:·19/·20 || c_Loss:0.358 || e_Loss:-1.863 || Aad_Loss:-28.480 || 耗时：13.30s
轮次:·20/·20 || c_Loss:0.362 || e_Loss:-1.866 || Aad_Loss:-28.236 || 耗时：13.28s
任务: (B2)N15_M07_F10→(B1)N15_M01_F10; mix批次:····0; 批次:·1880/·1880;  总正确率: 60.42%
类型1 正确率： 100.00% -> 1  100.00%, 2    0.00%, 3    0.00%
类型2 正确率：  33.00% -> 1   34.00%, 2   33.00%, 3   33.00%
类型3 正确率：  48.00% -> 1   10.05%, 2   41.70%, 3   48.25%


测试集任务: (B2)N15_M07_F10→(B1)N15_M01_F10; 总正确率 = 60.42%
类型1 正确率： 100.00% -> 1  100.00%, 2    0.00%, 3    0.00%
类型2 正确率：  33.00% -> 1   34.00%, 2   33.00%, 3   33.00%
类型3 正确率：  48.00% -> 1   10.05%, 2   41.70%, 3   48.25%


