读取源域路径：/kaggle/working/m2rep/reps1/weight_PU_M1_final_checkpoint_FBtoA_gatev2_s1/NEW_PU/Source-源域/log&pt/(B1)N15_M01_F10
excel输出位置：/kaggle/working/m2rep/reps1/weight_PU_M1_final_checkpoint_FBtoA_gatev2_s1/NEW_PU/Target-目标域
特征图片输出位置：/kaggle/working/m2rep/reps1/weight_PU_M1_final_checkpoint_FBtoA_gatev2_s1/NEW_PU/Picture-特征图/2026年09月15日18时03分/(B1)N15_M01_F10
现在选取:(B1)N15_M01_F10 进行训练的源模型
现在进行：(B1)N15_M01_F10→(B3)N15_M07_F04 的迁移任务
log&pt输出位置：/kaggle/working/m2rep/reps1/weight_PU_M1_final_checkpoint_FBtoA_gatev2_s1/NEW_PU/Target-目标域/log&pt/(B1)N15_M01_F10→(B3)N15_M07_F04
任务: (B1)N15_M01_F10→(B3)N15_M07_F04; 批次:····0/·1880;  总正确率: 51.20%
类型1 正确率： 100.00% -> 1   99.95%, 2    0.00%, 3    0.05%
类型2 正确率：  37.00% -> 1   14.10%, 2   37.40%, 3   48.50%
类型3 正确率：  16.00% -> 1    0.00%, 2   83.75%, 3   16.25%


样本变换：reverse
样本变换：mask
样本变换：shift
样本变换：none
未过滤	未用伪标签：51.20% -> 使用伪标签：54.90%
已过滤	未用伪标签：51.37% -> 使用伪标签：55.19%
排除样本：31|6000	剩余：2599, 2010, 1360
增添样本：1801		细则：0, 592, 1209	正确率估算：80.57%
类型1 正确率： 100.00% -> 1  100.00%, 2    0.00%, 3    0.00%
类型2 正确率：  33.00% -> 1   30.39%, 2   33.13%, 3   36.48%
类型3 正确率：  32.00% -> 1    0.00%, 2   67.92%, 3   32.08%

被排除样本 正确率：19.35%
类型1 正确率：  21.00% -> 1   20.69%, 2   79.31%
类型2 正确率：   0.00% -> 1  100.00%, 2    0.00%


轮次:··1/·20 || c_Loss:0.488 || e_Loss:-1.635 || Aad_Loss:-28.515 || 耗时：34.49s
轮次:··2/·20 || c_Loss:0.406 || e_Loss:-0.961 || Aad_Loss:-28.357 || 耗时：13.31s
轮次:··3/·20 || c_Loss:0.387 || e_Loss:-0.842 || Aad_Loss:-31.519 || 耗时：13.25s
轮次:··4/·20 || c_Loss:0.361 || e_Loss:-0.870 || Aad_Loss:-30.785 || 耗时：13.24s
轮次:··5/·20 || c_Loss:0.368 || e_Loss:-0.813 || Aad_Loss:-31.851 || 耗时：13.16s
任务: (B1)N15_M01_F10→(B3)N15_M07_F04; mix批次:····0; 批次:··470/·1880;  总正确率: 55.15%
类型1 正确率： 100.00% -> 1  100.00%, 2    0.00%, 3    0.00%
类型2 正确率：  32.00% -> 1   33.00%, 2   32.50%, 3   34.50%
类型3 正确率：  33.00% -> 1    0.00%, 2   67.05%, 3   32.95%


样本变换：reverse
样本变换：mask
样本变换：shift
样本变换：none
未过滤	未用伪标签：55.15% -> 使用伪标签：55.23%
已过滤	未用伪标签：55.17% -> 使用伪标签：55.25%
排除样本：2|6000	剩余：2680, 1996, 1322
增添样本：2008		细则：0, 684, 1324	正确率估算：99.90%
类型1 正确率： 100.00% -> 1  100.00%, 2    0.00%, 3    0.00%
类型2 正确率：  33.00% -> 1   34.03%, 2   32.78%, 3   33.18%
类型3 正确率：  33.00% -> 1    0.00%, 2   67.05%, 3   32.95%

被排除样本 正确率：0.00%
类型1 正确率：   0.00% -> 1    0.00%, 2  100.00%
类型2 没有样本或未被分类。


轮次:··6/·20 || c_Loss:0.347 || e_Loss:-1.112 || Aad_Loss:-29.746 || 耗时：35.12s
轮次:··7/·20 || c_Loss:0.343 || e_Loss:-1.102 || Aad_Loss:-30.679 || 耗时：13.23s
轮次:··8/·20 || c_Loss:0.350 || e_Loss:-0.948 || Aad_Loss:-30.838 || 耗时：13.23s
轮次:··9/·20 || c_Loss:0.343 || e_Loss:-0.933 || Aad_Loss:-30.477 || 耗时：13.34s
轮次:·10/·20 || c_Loss:0.343 || e_Loss:-1.188 || Aad_Loss:-29.765 || 耗时：13.21s
任务: (B1)N15_M01_F10→(B3)N15_M07_F04; mix批次:····0; 批次:··940/·1880;  总正确率: 55.25%
类型1 正确率： 100.00% -> 1  100.00%, 2    0.00%, 3    0.00%
类型2 正确率：  33.00% -> 1   34.00%, 2   32.80%, 3   33.20%
类型3 正确率：  33.00% -> 1    0.00%, 2   67.05%, 3   32.95%


样本变换：reverse
样本变换：mask
样本变换：shift
样本变换：none
未过滤	未用伪标签：55.25% -> 使用伪标签：55.27%
已过滤	未用伪标签：55.27% -> 使用伪标签：55.29%
排除样本：2|6000	剩余：2680, 1998, 1320
增添样本：2008		细则：0, 682, 1326	正确率估算：100.00%
类型1 正确率： 100.00% -> 1  100.00%, 2    0.00%, 3    0.00%
类型2 正确率：  33.00% -> 1   34.03%, 2   32.88%, 3   33.08%
类型3 正确率：  33.00% -> 1    0.00%, 2   67.05%, 3   32.95%

被排除样本 正确率：0.00%
类型1 正确率：   0.00% -> 1    0.00%, 2  100.00%
类型2 没有样本或未被分类。


轮次:·11/·20 || c_Loss:0.348 || e_Loss:-1.461 || Aad_Loss:-31.209 || 耗时：35.07s
轮次:·12/·20 || c_Loss:0.354 || e_Loss:-0.948 || Aad_Loss:-30.825 || 耗时：13.18s
轮次:·13/·20 || c_Loss:0.339 || e_Loss:-0.925 || Aad_Loss:-31.477 || 耗时：13.21s
轮次:·14/·20 || c_Loss:0.355 || e_Loss:-1.381 || Aad_Loss:-30.396 || 耗时：13.33s
轮次:·15/·20 || c_Loss:0.344 || e_Loss:-1.015 || Aad_Loss:-30.741 || 耗时：13.19s
任务: (B1)N15_M01_F10→(B3)N15_M07_F04; mix批次:····0; 批次:·1410/·1880;  总正确率: 55.27%
类型1 正确率： 100.00% -> 1  100.00%, 2    0.00%, 3    0.00%
类型2 正确率：  33.00% -> 1   34.00%, 2   32.85%, 3   33.15%
类型3 正确率：  33.00% -> 1    0.00%, 2   67.05%, 3   32.95%


样本变换：reverse
样本变换：mask
样本变换：shift
样本变换：none
未过滤	未用伪标签：55.27% -> 使用伪标签：55.27%
已过滤	未用伪标签：55.28% -> 使用伪标签：55.28%
排除样本：1|6000	剩余：2680, 1998, 1321
增添样本：2007		细则：0, 682, 1325	正确率估算：100.00%
类型1 正确率： 100.00% -> 1  100.00%, 2    0.00%, 3    0.00%
类型2 正确率：  33.00% -> 1   34.02%, 2   32.87%, 3   33.12%
类型3 正确率：  33.00% -> 1    0.00%, 2   67.05%, 3   32.95%

被排除样本 正确率：0.00%
类型1 正确率：   0.00% -> 1    0.00%, 2  100.00%
类型2 没有样本或未被分类。


轮次:·16/·20 || c_Loss:0.343 || e_Loss:-0.908 || Aad_Loss:-31.446 || 耗时：34.65s
轮次:·17/·20 || c_Loss:0.359 || e_Loss:-0.987 || Aad_Loss:-32.368 || 耗时：13.21s
轮次:·18/·20 || c_Loss:0.339 || e_Loss:-1.179 || Aad_Loss:-30.136 || 耗时：13.21s
轮次:·19/·20 || c_Loss:0.337 || e_Loss:-0.945 || Aad_Loss:-30.817 || 耗时：13.31s
轮次:·20/·20 || c_Loss:0.349 || e_Loss:-0.879 || Aad_Loss:-32.695 || 耗时：13.08s
任务: (B1)N15_M01_F10→(B3)N15_M07_F04; mix批次:····0; 批次:·1880/·1880;  总正确率: 55.20%
类型1 正确率： 100.00% -> 1  100.00%, 2    0.00%, 3    0.00%
类型2 正确率：  33.00% -> 1   34.00%, 2   32.60%, 3   33.40%
类型3 正确率：  33.00% -> 1    0.00%, 2   67.00%, 3   33.00%


测试集任务: (B1)N15_M01_F10→(B3)N15_M07_F04; 总正确率 = 55.20%
类型1 正确率： 100.00% -> 1  100.00%, 2    0.00%, 3    0.00%
类型2 正确率：  33.00% -> 1   34.00%, 2   32.60%, 3   33.40%
类型3 正确率：  33.00% -> 1    0.00%, 2   67.00%, 3   33.00%


