读取源域路径：/kaggle/working/m2rep/reps1/weight_PU_M1_final_checkpoint_FBtoA_gatev2_s1/NEW_PU/Source-源域/log&pt/(B3)N15_M07_F04
excel输出位置：/kaggle/working/m2rep/reps1/weight_PU_M1_final_checkpoint_FBtoA_gatev2_s1/NEW_PU/Target-目标域
特征图片输出位置：/kaggle/working/m2rep/reps1/weight_PU_M1_final_checkpoint_FBtoA_gatev2_s1/NEW_PU/Picture-特征图/2026年09月15日18时21分/(B3)N15_M07_F04
现在选取:(B3)N15_M07_F04 进行训练的源模型
现在进行：(B3)N15_M07_F04→(B1)N15_M01_F10 的迁移任务
log&pt输出位置：/kaggle/working/m2rep/reps1/weight_PU_M1_final_checkpoint_FBtoA_gatev2_s1/NEW_PU/Target-目标域/log&pt/(B3)N15_M07_F04→(B1)N15_M01_F10
任务: (B3)N15_M07_F04→(B1)N15_M01_F10; 批次:····0/·1880;  总正确率: 55.17%
类型1 正确率： 100.00% -> 1   99.50%, 2    0.00%, 3    0.50%
类型2 正确率：  33.00% -> 1    6.85%, 2   33.00%, 3   60.15%
类型3 正确率：  33.00% -> 1    0.00%, 2   67.00%, 3   33.00%


样本变换：reverse
样本变换：mask
样本变换：shift
样本变换：none
未过滤	未用伪标签：55.17% -> 使用伪标签：55.22%
已过滤	未用伪标签：55.63% -> 使用伪标签：55.73%
排除样本：55|6000	剩余：2174, 1996, 1775
增添样本：1853		细则：0, 1451, 402	正确率估算：100.00%
类型1 正确率： 100.00% -> 1  100.00%, 2    0.00%, 3    0.00%
类型2 正确率：  34.00% -> 1    9.09%, 2   33.68%, 3   57.24%
类型3 正确率：  33.00% -> 1    0.00%, 2   67.00%, 3   33.00%

被排除样本 正确率：5.45%
类型1 正确率：   0.00% -> 1    0.00%, 2    0.00%, 3  100.00%
类型2 正确率：   6.00% -> 1   11.54%, 2    5.77%, 3   82.69%
类型3 没有样本或未被分类。


轮次:··1/·20 || c_Loss:0.555 || e_Loss:-1.239 || Aad_Loss:-20.789 || 耗时：34.39s
轮次:··2/·20 || c_Loss:0.348 || e_Loss:-1.708 || Aad_Loss:-24.114 || 耗时：13.25s
轮次:··3/·20 || c_Loss:0.401 || e_Loss:-1.719 || Aad_Loss:-21.816 || 耗时：13.26s
轮次:··4/·20 || c_Loss:0.372 || e_Loss:-1.760 || Aad_Loss:-24.230 || 耗时：13.06s
轮次:··5/·20 || c_Loss:0.409 || e_Loss:-1.770 || Aad_Loss:-25.773 || 耗时：13.04s
任务: (B3)N15_M07_F04→(B1)N15_M01_F10; mix批次:····0; 批次:··470/·1880;  总正确率: 59.57%
类型1 正确率： 100.00% -> 1  100.00%, 2    0.00%, 3    0.00%
类型2 正确率：  33.00% -> 1    0.90%, 2   32.85%, 3   66.25%
类型3 正确率：  46.00% -> 1    6.40%, 2   47.75%, 3   45.85%


样本变换：reverse
样本变换：mask
样本变换：shift
样本变换：none
未过滤	未用伪标签：59.57% -> 使用伪标签：55.33%
已过滤	未用伪标签：59.76% -> 使用伪标签：55.51%
排除样本：19|6000	剩余：2046, 2000, 1935
增添样本：1430		细则：0, 1319, 111	正确率估算：97.97%
类型1 正确率： 100.00% -> 1  100.00%, 2    0.00%, 3    0.00%
类型2 正确率：  33.00% -> 1    2.32%, 2   33.32%, 3   64.36%
类型3 正确率：  33.00% -> 1    0.00%, 2   67.00%, 3   33.00%

被排除样本 正确率：0.00%
类型1 正确率：   0.00% -> 1    0.00%, 2  100.00%
类型2 没有样本或未被分类。


轮次:··6/·20 || c_Loss:0.340 || e_Loss:-1.711 || Aad_Loss:-24.380 || 耗时：34.31s
轮次:··7/·20 || c_Loss:0.417 || e_Loss:-1.782 || Aad_Loss:-25.791 || 耗时：13.32s
轮次:··8/·20 || c_Loss:0.412 || e_Loss:-1.791 || Aad_Loss:-23.945 || 耗时：13.31s
轮次:··9/·20 || c_Loss:0.337 || e_Loss:-1.630 || Aad_Loss:-25.796 || 耗时：13.31s
轮次:·10/·20 || c_Loss:0.449 || e_Loss:-1.803 || Aad_Loss:-21.753 || 耗时：13.31s
任务: (B3)N15_M07_F04→(B1)N15_M01_F10; mix批次:····0; 批次:··940/·1880;  总正确率: 61.53%
类型1 正确率： 100.00% -> 1  100.00%, 2    0.00%, 3    0.00%
类型2 正确率：  33.00% -> 1    0.05%, 2   32.80%, 3   67.15%
类型3 正确率：  52.00% -> 1    5.70%, 2   42.50%, 3   51.80%


样本变换：reverse
样本变换：mask
样本变换：shift
样本变换：none
未过滤	未用伪标签：61.53% -> 使用伪标签：55.35%
已过滤	未用伪标签：61.58% -> 使用伪标签：55.43%
排除样本：9|6000	剩余：2002, 1995, 1994
增添样本：1284		细则：0, 1276, 8	正确率估算：96.19%
类型1 正确率： 100.00% -> 1  100.00%, 2    0.00%, 3    0.00%
类型2 正确率：  33.00% -> 1    0.10%, 2   33.07%, 3   66.83%
类型3 正确率：  33.00% -> 1    0.00%, 2   66.87%, 3   33.13%

被排除样本 正确率：33.33%
类型1 正确率：  14.00% -> 1   14.29%, 2   85.71%
类型2 正确率： 100.00% -> 1    0.00%, 2  100.00%


轮次:·11/·20 || c_Loss:0.347 || e_Loss:-1.799 || Aad_Loss:-26.997 || 耗时：34.16s
轮次:·12/·20 || c_Loss:0.363 || e_Loss:-1.901 || Aad_Loss:-25.908 || 耗时：13.15s
轮次:·13/·20 || c_Loss:0.381 || e_Loss:-1.843 || Aad_Loss:-25.481 || 耗时：13.23s
轮次:·14/·20 || c_Loss:0.416 || e_Loss:-1.823 || Aad_Loss:-22.598 || 耗时：13.23s
轮次:·15/·20 || c_Loss:0.387 || e_Loss:-1.823 || Aad_Loss:-23.393 || 耗时：13.24s
任务: (B3)N15_M07_F04→(B1)N15_M01_F10; mix批次:····0; 批次:·1410/·1880;  总正确率: 63.18%
类型1 正确率： 100.00% -> 1  100.00%, 2    0.00%, 3    0.00%
类型2 正确率：  33.00% -> 1    0.00%, 2   32.85%, 3   67.15%
类型3 正确率：  57.00% -> 1    5.35%, 2   37.95%, 3   56.70%


样本变换：reverse
样本变换：mask
样本变换：shift
样本变换：none
未过滤	未用伪标签：63.18% -> 使用伪标签：55.37%
已过滤	未用伪标签：63.15% -> 使用伪标签：55.41%
排除样本：5|6000	剩余：2001, 1992, 2002
增添样本：1277		细则：1, 1276, 0	正确率估算：96.01%
类型1 正确率： 100.00% -> 1  100.00%, 2    0.00%, 3    0.00%
类型2 正确率：  33.00% -> 1    0.05%, 2   32.97%, 3   66.98%
类型3 正确率：  33.00% -> 1    0.00%, 2   66.78%, 3   33.22%

被排除样本 正确率：100.00%
类型1 正确率： 100.00% -> 1  100.00%, 2    0.00%
类型2 正确率： 100.00% -> 1    0.00%, 2  100.00%


轮次:·16/·20 || c_Loss:0.343 || e_Loss:-1.851 || Aad_Loss:-26.775 || 耗时：34.51s
轮次:·17/·20 || c_Loss:0.364 || e_Loss:-1.817 || Aad_Loss:-21.618 || 耗时：13.21s
轮次:·18/·20 || c_Loss:0.353 || e_Loss:-1.664 || Aad_Loss:-26.535 || 耗时：13.22s
轮次:·19/·20 || c_Loss:0.344 || e_Loss:-1.739 || Aad_Loss:-27.224 || 耗时：13.22s
轮次:·20/·20 || c_Loss:0.353 || e_Loss:-1.808 || Aad_Loss:-24.868 || 耗时：13.17s
任务: (B3)N15_M07_F04→(B1)N15_M01_F10; mix批次:····0; 批次:·1880/·1880;  总正确率: 63.32%
类型1 正确率： 100.00% -> 1  100.00%, 2    0.00%, 3    0.00%
类型2 正确率：  33.00% -> 1    0.00%, 2   32.90%, 3   67.10%
类型3 正确率：  57.00% -> 1    5.35%, 2   37.60%, 3   57.05%


测试集任务: (B3)N15_M07_F04→(B1)N15_M01_F10; 总正确率 = 63.32%
类型1 正确率： 100.00% -> 1  100.00%, 2    0.00%, 3    0.00%
类型2 正确率：  33.00% -> 1    0.00%, 2   32.90%, 3   67.10%
类型3 正确率：  57.00% -> 1    5.35%, 2   37.60%, 3   57.05%


