读取源域路径：/kaggle/working/shot/weight_PU_M1_shot_FAtoA_s2024/NEW_PU/Source-源域/log&pt/(B1)N15_M01_F10
excel输出位置：/kaggle/working/shot/weight_PU_M1_shot_FAtoA_s2024/NEW_PU/Target-目标域
特征图片输出位置：/kaggle/working/shot/weight_PU_M1_shot_FAtoA_s2024/NEW_PU/Picture-特征图/2026年09月15日19时19分/(B1)N15_M01_F10
现在选取:(B1)N15_M01_F10 进行训练的源模型
现在进行：(B1)N15_M01_F10→(B2)N15_M07_F10 的迁移任务
log&pt输出位置：/kaggle/working/shot/weight_PU_M1_shot_FAtoA_s2024/NEW_PU/Target-目标域/log&pt/(B1)N15_M01_F10→(B2)N15_M07_F10
任务: (B1)N15_M01_F10→(B2)N15_M07_F10; 批次:····0/·1880;  总正确率: 98.68%
类型1 正确率： 100.00% -> 1  100.00%, 2    0.00%, 3    0.00%
类型2 正确率：  99.00% -> 1    0.20%, 2   99.40%, 3    0.40%
类型3 正确率：  97.00% -> 1    0.00%, 2    3.35%, 3   96.65%


SHOT pseudo-labels: model 98.68% -> centroid 99.08%
轮次:··1/·20 || cls:1.473 || im:-0.993 || 耗时：21.56s
SHOT pseudo-labels: model 97.65% -> centroid 98.68%
轮次:··2/·20 || cls:1.479 || im:-0.887 || 耗时：15.92s
SHOT pseudo-labels: model 87.10% -> centroid 84.63%
轮次:··3/·20 || cls:1.247 || im:-0.754 || 耗时：15.66s
SHOT pseudo-labels: model 86.77% -> centroid 84.43%
轮次:··4/·20 || cls:0.724 || im:-0.651 || 耗时：15.53s
SHOT pseudo-labels: model 87.83% -> centroid 84.32%
轮次:··5/·20 || cls:0.703 || im:-0.724 || 耗时：15.52s
SHOT pseudo-labels: model 89.63% -> centroid 84.32%
轮次:··6/·20 || cls:0.650 || im:-0.768 || 耗时：15.54s
SHOT pseudo-labels: model 89.75% -> centroid 84.50%
轮次:··7/·20 || cls:0.749 || im:-0.699 || 耗时：15.62s
SHOT pseudo-labels: model 91.37% -> centroid 83.82%
轮次:··8/·20 || cls:0.739 || im:-0.691 || 耗时：15.60s
SHOT pseudo-labels: model 90.45% -> centroid 84.47%
轮次:··9/·20 || cls:0.667 || im:-0.658 || 耗时：15.60s
SHOT pseudo-labels: model 91.25% -> centroid 84.50%
轮次:·10/·20 || cls:0.521 || im:-0.631 || 耗时：15.55s
SHOT pseudo-labels: model 92.78% -> centroid 83.88%
轮次:·11/·20 || cls:0.675 || im:-0.610 || 耗时：15.59s
SHOT pseudo-labels: model 92.08% -> centroid 84.55%
轮次:·12/·20 || cls:0.929 || im:-0.724 || 耗时：15.56s
SHOT pseudo-labels: model 92.58% -> centroid 84.27%
轮次:·13/·20 || cls:0.628 || im:-0.691 || 耗时：15.57s
SHOT pseudo-labels: model 92.48% -> centroid 84.60%
轮次:·14/·20 || cls:0.729 || im:-0.672 || 耗时：15.59s
SHOT pseudo-labels: model 93.27% -> centroid 84.25%
轮次:·15/·20 || cls:0.621 || im:-0.680 || 耗时：15.54s
SHOT pseudo-labels: model 92.57% -> centroid 85.02%
轮次:·16/·20 || cls:0.659 || im:-0.695 || 耗时：15.59s
SHOT pseudo-labels: model 93.20% -> centroid 84.62%
轮次:·17/·20 || cls:0.753 || im:-0.640 || 耗时：15.56s
SHOT pseudo-labels: model 93.05% -> centroid 84.77%
轮次:·18/·20 || cls:0.832 || im:-0.743 || 耗时：15.59s
SHOT pseudo-labels: model 93.33% -> centroid 84.75%
轮次:·19/·20 || cls:0.754 || im:-0.635 || 耗时：15.60s
SHOT pseudo-labels: model 93.55% -> centroid 84.92%
轮次:·20/·20 || cls:0.721 || im:-0.717 || 耗时：15.57s
测试集任务: (B1)N15_M01_F10→(B2)N15_M07_F10; 总正确率 = 93.52%
类型1 正确率： 100.00% -> 1  100.00%, 2    0.00%, 3    0.00%
类型2 正确率：  93.00% -> 1    0.45%, 2   93.45%, 3    6.10%
类型3 正确率：  87.00% -> 1    0.80%, 2   12.10%, 3   87.10%


