读取源域路径：/kaggle/working/shot/weight_PU_M1_shot_FAtoA_s2024/NEW_PU/Source-源域/log&pt/(B3)N15_M07_F04
excel输出位置：/kaggle/working/shot/weight_PU_M1_shot_FAtoA_s2024/NEW_PU/Target-目标域
特征图片输出位置：/kaggle/working/shot/weight_PU_M1_shot_FAtoA_s2024/NEW_PU/Picture-特征图/2026年09月15日19时41分/(B3)N15_M07_F04
现在选取:(B3)N15_M07_F04 进行训练的源模型
现在进行：(B3)N15_M07_F04→(B1)N15_M01_F10 的迁移任务
log&pt输出位置：/kaggle/working/shot/weight_PU_M1_shot_FAtoA_s2024/NEW_PU/Target-目标域/log&pt/(B3)N15_M07_F04→(B1)N15_M01_F10
任务: (B3)N15_M07_F04→(B1)N15_M01_F10; 批次:····0/·1880;  总正确率: 85.05%
类型1 正确率： 100.00% -> 1   99.90%, 2    0.10%, 3    0.00%
类型2 正确率：  98.00% -> 1    0.05%, 2   97.80%, 3    2.15%
类型3 正确率：  57.00% -> 1    0.05%, 2   42.50%, 3   57.45%


SHOT pseudo-labels: model 85.05% -> centroid 87.98%
轮次:··1/·20 || cls:1.177 || im:-0.798 || 耗时：21.54s
SHOT pseudo-labels: model 65.97% -> centroid 62.33%
轮次:··2/·20 || cls:0.801 || im:-0.754 || 耗时：15.87s
SHOT pseudo-labels: model 54.53% -> centroid 43.03%
轮次:··3/·20 || cls:0.886 || im:-0.631 || 耗时：15.63s
SHOT pseudo-labels: model 59.40% -> centroid 50.65%
轮次:··4/·20 || cls:0.684 || im:-0.645 || 耗时：15.56s
SHOT pseudo-labels: model 60.50% -> centroid 48.85%
轮次:··5/·20 || cls:0.663 || im:-0.668 || 耗时：15.58s
SHOT pseudo-labels: model 60.57% -> centroid 48.45%
轮次:··6/·20 || cls:0.771 || im:-0.692 || 耗时：15.62s
SHOT pseudo-labels: model 59.23% -> centroid 47.68%
轮次:··7/·20 || cls:0.723 || im:-0.601 || 耗时：15.69s
SHOT pseudo-labels: model 59.85% -> centroid 48.52%
轮次:··8/·20 || cls:0.695 || im:-0.658 || 耗时：15.65s
SHOT pseudo-labels: model 58.65% -> centroid 47.57%
轮次:··9/·20 || cls:0.605 || im:-0.633 || 耗时：15.61s
SHOT pseudo-labels: model 57.98% -> centroid 47.87%
轮次:·10/·20 || cls:0.619 || im:-0.647 || 耗时：15.57s
SHOT pseudo-labels: model 57.63% -> centroid 48.13%
轮次:·11/·20 || cls:0.715 || im:-0.645 || 耗时：15.58s
SHOT pseudo-labels: model 57.85% -> centroid 47.92%
轮次:·12/·20 || cls:0.753 || im:-0.712 || 耗时：15.58s
SHOT pseudo-labels: model 57.12% -> centroid 47.85%
轮次:·13/·20 || cls:0.682 || im:-0.618 || 耗时：15.60s
SHOT pseudo-labels: model 58.13% -> centroid 47.73%
轮次:·14/·20 || cls:0.779 || im:-0.648 || 耗时：15.59s
SHOT pseudo-labels: model 58.53% -> centroid 48.35%
轮次:·15/·20 || cls:0.730 || im:-0.663 || 耗时：15.61s
SHOT pseudo-labels: model 58.53% -> centroid 48.00%
轮次:·16/·20 || cls:0.643 || im:-0.618 || 耗时：15.65s
SHOT pseudo-labels: model 59.02% -> centroid 48.10%
轮次:·17/·20 || cls:0.783 || im:-0.665 || 耗时：15.60s
SHOT pseudo-labels: model 58.95% -> centroid 47.98%
轮次:·18/·20 || cls:0.756 || im:-0.704 || 耗时：15.60s
SHOT pseudo-labels: model 59.13% -> centroid 48.05%
轮次:·19/·20 || cls:0.811 || im:-0.694 || 耗时：15.59s
SHOT pseudo-labels: model 59.10% -> centroid 47.93%
轮次:·20/·20 || cls:0.607 || im:-0.623 || 耗时：15.59s
测试集任务: (B3)N15_M07_F04→(B1)N15_M01_F10; 总正确率 = 59.60%
类型1 正确率： 100.00% -> 1   99.85%, 2    0.05%, 3    0.10%
类型2 正确率：  38.00% -> 1    1.05%, 2   37.70%, 3   61.25%
类型3 正确率：  41.00% -> 1    0.20%, 2   58.55%, 3   41.25%


