读取源域路径：/kaggle/working/k10/S09/weight_PU_M1_final_checkpoint_FS09toS09c_s2024/NEW_PU/Source-源域/log&pt/(B3)N15_M07_F04
excel输出位置：/kaggle/working/k10/S09/weight_PU_M1_final_checkpoint_FS09toS09c_s2024/NEW_PU/Target-目标域
特征图片输出位置：/kaggle/working/k10/S09/weight_PU_M1_final_checkpoint_FS09toS09c_s2024/NEW_PU/Picture-特征图/2026年09月19日11时56分/(B3)N15_M07_F04
现在选取:(B3)N15_M07_F04 进行训练的源模型
现在进行：(B3)N15_M07_F04→(B2)N15_M07_F10 的迁移任务
log&pt输出位置：/kaggle/working/k10/S09/weight_PU_M1_final_checkpoint_FS09toS09c_s2024/NEW_PU/Target-目标域/log&pt/(B3)N15_M07_F04→(B2)N15_M07_F10
任务: (B3)N15_M07_F04→(B2)N15_M07_F10; 批次:····0/·1880;  总正确率: 64.23%
类型1 正确率：  97.00% -> 1   97.30%, 2    2.70%, 3    0.00%
类型2 正确率：  95.00% -> 1    0.10%, 2   95.40%, 3    4.50%
类型3 正确率：   0.00% -> 1    0.00%, 2  100.00%, 3    0.00%


样本变换：reverse
样本变换：mask
样本变换：shift
样本变换：none
未过滤	未用伪标签：64.23% -> 使用伪标签：54.92%
已过滤	未用伪标签：63.65% -> 使用伪标签：55.89%
排除样本：104|6000	剩余：1995, 3309, 592
增添样本：4031		细则：1314, 0, 2717	正确率估算：72.04%
类型1 正确率： 100.00% -> 1   99.70%, 2    0.30%, 3    0.00%
类型2 正确率：  69.00% -> 1    0.16%, 2   68.65%, 3   31.19%
类型3 正确率：   0.00% -> 1    0.00%, 2  100.00%, 3    0.00%

被排除样本 正确率：97.12%
类型1 正确率：   0.00% -> 1    0.00%, 2  100.00%
类型2 正确率：  99.00% -> 1    0.98%, 2   99.02%


轮次:··1/·20 || c_Loss:0.574 || e_Loss:-1.462 || Aad_Loss:-37.676 || 耗时：34.51s
轮次:··2/·20 || c_Loss:0.430 || e_Loss:-1.246 || Aad_Loss:-33.490 || 耗时：13.28s
轮次:··3/·20 || c_Loss:0.378 || e_Loss:-1.431 || Aad_Loss:-37.307 || 耗时：13.13s
轮次:··4/·20 || c_Loss:0.390 || e_Loss:-0.722 || Aad_Loss:-38.201 || 耗时：13.02s
轮次:··5/·20 || c_Loss:0.403 || e_Loss:-0.731 || Aad_Loss:-35.297 || 耗时：13.11s
任务: (B3)N15_M07_F04→(B2)N15_M07_F10; mix批次:····0; 批次:··470/·1880;  总正确率: 55.92%
类型1 正确率： 100.00% -> 1  100.00%, 2    0.00%, 3    0.00%
类型2 正确率：  68.00% -> 1    0.05%, 2   67.75%, 3   32.20%
类型3 正确率：   0.00% -> 1    0.00%, 2  100.00%, 3    0.00%


样本变换：reverse
样本变换：mask
样本变换：shift
样本变换：none
未过滤	未用伪标签：55.92% -> 使用伪标签：55.82%
已过滤	未用伪标签：55.99% -> 使用伪标签：56.11%
排除样本：31|6000	剩余：2001, 3349, 619
增添样本：4078		细则：1348, 0, 2730	正确率估算：98.73%
类型1 正确率： 100.00% -> 1  100.00%, 2    0.00%, 3    0.00%
类型2 正确率：  69.00% -> 1    0.05%, 2   68.51%, 3   31.44%
类型3 正确率：   0.00% -> 1    0.00%, 2  100.00%, 3    0.00%

被排除样本 正确率：41.94%
类型1 正确率：  42.00% -> 1   41.94%, 2   58.06%
类型2 没有样本或未被分类。


轮次:··6/·20 || c_Loss:0.415 || e_Loss:-1.443 || Aad_Loss:-38.818 || 耗时：34.68s
轮次:··7/·20 || c_Loss:0.395 || e_Loss:-0.818 || Aad_Loss:-32.404 || 耗时：13.24s
轮次:··8/·20 || c_Loss:0.391 || e_Loss:-0.825 || Aad_Loss:-35.938 || 耗时：13.22s
轮次:··9/·20 || c_Loss:0.390 || e_Loss:-0.756 || Aad_Loss:-42.104 || 耗时：13.22s
轮次:·10/·20 || c_Loss:0.431 || e_Loss:-0.746 || Aad_Loss:-35.975 || 耗时：13.18s
任务: (B3)N15_M07_F04→(B2)N15_M07_F10; mix批次:····0; 批次:··940/·1880;  总正确率: 56.32%
类型1 正确率： 100.00% -> 1  100.00%, 2    0.00%, 3    0.00%
类型2 正确率：  69.00% -> 1    0.05%, 2   68.95%, 3   31.00%
类型3 正确率：   0.00% -> 1    0.00%, 2  100.00%, 3    0.00%


样本变换：reverse
样本变换：mask
样本变换：shift
样本变换：none
未过滤	未用伪标签：56.32% -> 使用伪标签：57.58%
已过滤	未用伪标签：56.41% -> 使用伪标签：57.72%
排除样本：14|6000	剩余：2000, 3455, 531
增添样本：4379		细则：1455, 0, 2924	正确率估算：100.00%
类型1 正确率： 100.00% -> 1  100.00%, 2    0.00%, 3    0.00%
类型2 正确率：  73.00% -> 1    0.00%, 2   73.26%, 3   26.74%
类型3 正确率：   0.00% -> 1    0.00%, 2  100.00%, 3    0.00%

被排除样本 正确率：14.29%
类型1 没有样本或未被分类。
类型2 正确率：  14.00% -> 1    7.14%, 2   14.29%, 3   78.57%
类型3 没有样本或未被分类。


轮次:·11/·20 || c_Loss:0.376 || e_Loss:-0.829 || Aad_Loss:-36.803 || 耗时：34.67s
轮次:·12/·20 || c_Loss:0.402 || e_Loss:-0.804 || Aad_Loss:-36.514 || 耗时：13.13s
轮次:·13/·20 || c_Loss:0.389 || e_Loss:-0.834 || Aad_Loss:-38.559 || 耗时：13.12s
轮次:·14/·20 || c_Loss:0.378 || e_Loss:-1.563 || Aad_Loss:-38.991 || 耗时：13.12s
轮次:·15/·20 || c_Loss:0.374 || e_Loss:-0.864 || Aad_Loss:-36.319 || 耗时：13.16s
任务: (B3)N15_M07_F04→(B2)N15_M07_F10; mix批次:····0; 批次:·1410/·1880;  总正确率: 57.80%
类型1 正确率： 100.00% -> 1  100.00%, 2    0.00%, 3    0.00%
类型2 正确率：  73.00% -> 1    0.05%, 2   73.40%, 3   26.55%
类型3 正确率：   0.00% -> 1    0.00%, 2  100.00%, 3    0.00%


样本变换：reverse
样本变换：mask
样本变换：shift
样本变换：none
未过滤	未用伪标签：57.80% -> 使用伪标签：58.13%
已过滤	未用伪标签：57.82% -> 使用伪标签：58.19%
排除样本：6|6000	剩余：2000, 3488, 506
增添样本：4470		细则：1488, 0, 2982	正确率估算：100.00%
类型1 正确率： 100.00% -> 1  100.00%, 2    0.00%, 3    0.00%
类型2 正确率：  75.00% -> 1    0.00%, 2   74.62%, 3   25.38%
类型3 正确率：   0.00% -> 1    0.00%, 2  100.00%, 3    0.00%

被排除样本 正确率：33.33%
类型1 没有样本或未被分类。
类型2 正确率：  33.00% -> 1   16.67%, 2   33.33%, 3   50.00%
类型3 没有样本或未被分类。


轮次:·16/·20 || c_Loss:0.395 || e_Loss:-0.792 || Aad_Loss:-42.369 || 耗时：34.67s
轮次:·17/·20 || c_Loss:0.374 || e_Loss:-0.869 || Aad_Loss:-37.528 || 耗时：13.17s
轮次:·18/·20 || c_Loss:0.384 || e_Loss:-1.886 || Aad_Loss:-34.682 || 耗时：13.15s
轮次:·19/·20 || c_Loss:0.375 || e_Loss:-0.845 || Aad_Loss:-39.870 || 耗时：13.17s
轮次:·20/·20 || c_Loss:0.384 || e_Loss:-0.859 || Aad_Loss:-38.562 || 耗时：13.17s
任务: (B3)N15_M07_F04→(B2)N15_M07_F10; mix批次:····0; 批次:·1880/·1880;  总正确率: 57.83%
类型1 正确率： 100.00% -> 1  100.00%, 2    0.00%, 3    0.00%
类型2 正确率：  74.00% -> 1    0.05%, 2   73.50%, 3   26.45%
类型3 正确率：   0.00% -> 1    0.00%, 2  100.00%, 3    0.00%


测试集任务: (B3)N15_M07_F04→(B2)N15_M07_F10; 总正确率 = 57.83%
类型1 正确率： 100.00% -> 1  100.00%, 2    0.00%, 3    0.00%
类型2 正确率：  74.00% -> 1    0.05%, 2   73.50%, 3   26.45%
类型3 正确率：   0.00% -> 1    0.00%, 2  100.00%, 3    0.00%


