读取源域路径：/kaggle/working/k10/S09/weight_PU_M1_final_checkpoint_FS09toS09c_s2024/NEW_PU/Source-源域/log&pt/(B1)N15_M01_F10
excel输出位置：/kaggle/working/k10/S09/weight_PU_M1_final_checkpoint_FS09toS09c_s2024/NEW_PU/Target-目标域
特征图片输出位置：/kaggle/working/k10/S09/weight_PU_M1_final_checkpoint_FS09toS09c_s2024/NEW_PU/Picture-特征图/2026年09月19日11时32分/(B1)N15_M01_F10
现在选取:(B1)N15_M01_F10 进行训练的源模型
现在进行：(B1)N15_M01_F10→(B3)N15_M07_F04 的迁移任务
log&pt输出位置：/kaggle/working/k10/S09/weight_PU_M1_final_checkpoint_FS09toS09c_s2024/NEW_PU/Target-目标域/log&pt/(B1)N15_M01_F10→(B3)N15_M07_F04
任务: (B1)N15_M01_F10→(B3)N15_M07_F04; 批次:····0/·1880;  总正确率: 63.45%
类型1 正确率： 100.00% -> 1  100.00%, 2    0.00%, 3    0.00%
类型2 正确率：  54.00% -> 1    0.00%, 2   53.55%, 3   46.45%
类型3 正确率：  37.00% -> 1    3.10%, 2   60.10%, 3   36.80%


样本变换：reverse
样本变换：mask
样本变换：shift
样本变换：none
未过滤	未用伪标签：63.45% -> 使用伪标签：62.15%
已过滤	未用伪标签：63.40% -> 使用伪标签：62.44%
排除样本：28|6000	剩余：2011, 1712, 2249
增添样本：775		细则：238, 537, 0	正确率估算：97.94%
类型1 正确率： 100.00% -> 1   99.95%, 2    0.05%, 3    0.00%
类型2 正确率：  37.00% -> 1    0.00%, 2   36.92%, 3   63.08%
类型3 正确率：  50.00% -> 1    0.65%, 2   49.17%, 3   50.18%

被排除样本 正确率：75.00%
类型1 正确率： 100.00% -> 1  100.00%, 2    0.00%, 3    0.00%
类型2 正确率： 100.00% -> 1    0.00%, 2  100.00%, 3    0.00%
类型3 正确率：   0.00% -> 1  100.00%, 2    0.00%, 3    0.00%


轮次:··1/·20 || c_Loss:0.652 || e_Loss:-1.020 || Aad_Loss:-28.751 || 耗时：34.07s
轮次:··2/·20 || c_Loss:0.431 || e_Loss:-1.018 || Aad_Loss:-30.169 || 耗时：13.23s
轮次:··3/·20 || c_Loss:0.385 || e_Loss:-0.980 || Aad_Loss:-30.040 || 耗时：13.15s
轮次:··4/·20 || c_Loss:0.412 || e_Loss:-0.988 || Aad_Loss:-30.141 || 耗时：13.07s
轮次:··5/·20 || c_Loss:0.372 || e_Loss:-0.967 || Aad_Loss:-30.552 || 耗时：13.06s
任务: (B1)N15_M01_F10→(B3)N15_M07_F04; mix批次:····0; 批次:··470/·1880;  总正确率: 61.55%
类型1 正确率： 100.00% -> 1  100.00%, 2    0.00%, 3    0.00%
类型2 正确率：  35.00% -> 1    0.00%, 2   34.65%, 3   65.35%
类型3 正确率：  50.00% -> 1    0.35%, 2   49.65%, 3   50.00%


样本变换：reverse
样本变换：mask
样本变换：shift
样本变换：none
未过滤	未用伪标签：61.55% -> 使用伪标签：61.33%
已过滤	未用伪标签：61.55% -> 使用伪标签：61.33%
排除样本：2007|6000	剩余：1673, 2320
增添样本：960		细则：313, 647, 0	正确率估算：100.00%
类型1 正确率： 100.00% -> 1  100.00%, 2    0.00%, 3    0.00%
类型2 正确率：  34.00% -> 1    0.00%, 2   34.00%, 3   66.00%
类型3 正确率：  50.00% -> 1    0.35%, 2   49.65%, 3   50.00%

被排除样本 正确率：nan%


轮次:··6/·20 || c_Loss:0.378 || e_Loss:-1.018 || Aad_Loss:-30.832 || 耗时：34.23s
轮次:··7/·20 || c_Loss:0.383 || e_Loss:-1.006 || Aad_Loss:-30.821 || 耗时：13.27s
轮次:··8/·20 || c_Loss:0.381 || e_Loss:-1.011 || Aad_Loss:-30.634 || 耗时：13.29s
轮次:··9/·20 || c_Loss:0.382 || e_Loss:-0.975 || Aad_Loss:-32.115 || 耗时：13.22s
轮次:·10/·20 || c_Loss:0.377 || e_Loss:-1.013 || Aad_Loss:-31.479 || 耗时：13.25s
任务: (B1)N15_M01_F10→(B3)N15_M07_F04; mix批次:····0; 批次:··940/·1880;  总正确率: 61.33%
类型1 正确率： 100.00% -> 1  100.00%, 2    0.00%, 3    0.00%
类型2 正确率：  34.00% -> 1    0.00%, 2   34.00%, 3   66.00%
类型3 正确率：  50.00% -> 1    0.30%, 2   49.70%, 3   50.00%


样本变换：reverse
样本变换：mask
样本变换：shift
样本变换：none
未过滤	未用伪标签：61.33% -> 使用伪标签：61.33%
已过滤	未用伪标签：61.33% -> 使用伪标签：61.33%
排除样本：2006|6000	剩余：1674, 2320
增添样本：960		细则：314, 646, 0	正确率估算：99.90%
类型1 正确率： 100.00% -> 1  100.00%, 2    0.00%, 3    0.00%
类型2 正确率：  34.00% -> 1    0.00%, 2   34.00%, 3   66.00%
类型3 正确率：  50.00% -> 1    0.30%, 2   49.70%, 3   50.00%

被排除样本 正确率：nan%


轮次:·11/·20 || c_Loss:0.377 || e_Loss:-1.021 || Aad_Loss:-31.222 || 耗时：34.30s
轮次:·12/·20 || c_Loss:0.380 || e_Loss:-1.008 || Aad_Loss:-31.142 || 耗时：13.13s
轮次:·13/·20 || c_Loss:0.381 || e_Loss:-1.011 || Aad_Loss:-30.834 || 耗时：13.18s
轮次:·14/·20 || c_Loss:0.379 || e_Loss:-0.975 || Aad_Loss:-32.380 || 耗时：13.14s
轮次:·15/·20 || c_Loss:0.376 || e_Loss:-1.013 || Aad_Loss:-31.657 || 耗时：13.18s
任务: (B1)N15_M01_F10→(B3)N15_M07_F04; mix批次:····0; 批次:·1410/·1880;  总正确率: 61.33%
类型1 正确率： 100.00% -> 1  100.00%, 2    0.00%, 3    0.00%
类型2 正确率：  34.00% -> 1    0.00%, 2   34.00%, 3   66.00%
类型3 正确率：  50.00% -> 1    0.30%, 2   49.70%, 3   50.00%


样本变换：reverse
样本变换：mask
样本变换：shift
样本变换：none
未过滤	未用伪标签：61.33% -> 使用伪标签：61.33%
已过滤	未用伪标签：61.33% -> 使用伪标签：61.33%
排除样本：2006|6000	剩余：1674, 2320
增添样本：960		细则：314, 646, 0	正确率估算：99.90%
类型1 正确率： 100.00% -> 1  100.00%, 2    0.00%, 3    0.00%
类型2 正确率：  34.00% -> 1    0.00%, 2   34.00%, 3   66.00%
类型3 正确率：  50.00% -> 1    0.30%, 2   49.70%, 3   50.00%

被排除样本 正确率：nan%


轮次:·16/·20 || c_Loss:0.376 || e_Loss:-1.022 || Aad_Loss:-31.421 || 耗时：34.31s
轮次:·17/·20 || c_Loss:0.379 || e_Loss:-1.009 || Aad_Loss:-31.331 || 耗时：13.16s
轮次:·18/·20 || c_Loss:0.381 || e_Loss:-1.011 || Aad_Loss:-30.967 || 耗时：13.22s
轮次:·19/·20 || c_Loss:0.379 || e_Loss:-0.975 || Aad_Loss:-32.554 || 耗时：13.20s
轮次:·20/·20 || c_Loss:0.375 || e_Loss:-1.014 || Aad_Loss:-31.785 || 耗时：13.22s
任务: (B1)N15_M01_F10→(B3)N15_M07_F04; mix批次:····0; 批次:·1880/·1880;  总正确率: 61.33%
类型1 正确率： 100.00% -> 1  100.00%, 2    0.00%, 3    0.00%
类型2 正确率：  34.00% -> 1    0.00%, 2   34.00%, 3   66.00%
类型3 正确率：  50.00% -> 1    0.30%, 2   49.70%, 3   50.00%


测试集任务: (B1)N15_M01_F10→(B3)N15_M07_F04; 总正确率 = 61.33%
类型1 正确率： 100.00% -> 1  100.00%, 2    0.00%, 3    0.00%
类型2 正确率：  34.00% -> 1    0.00%, 2   34.00%, 3   66.00%
类型3 正确率：  50.00% -> 1    0.30%, 2   49.70%, 3   50.00%


