读取源域路径：/kaggle/working/k10/S09/weight_PU_M1_final_checkpoint_FS09toS09c_s2024/NEW_PU/Source-源域/log&pt/(B2)N15_M07_F10
excel输出位置：/kaggle/working/k10/S09/weight_PU_M1_final_checkpoint_FS09toS09c_s2024/NEW_PU/Target-目标域
特征图片输出位置：/kaggle/working/k10/S09/weight_PU_M1_final_checkpoint_FS09toS09c_s2024/NEW_PU/Picture-特征图/2026年09月19日11时44分/(B2)N15_M07_F10
现在选取:(B2)N15_M07_F10 进行训练的源模型
现在进行：(B2)N15_M07_F10→(B3)N15_M07_F04 的迁移任务
log&pt输出位置：/kaggle/working/k10/S09/weight_PU_M1_final_checkpoint_FS09toS09c_s2024/NEW_PU/Target-目标域/log&pt/(B2)N15_M07_F10→(B3)N15_M07_F04
任务: (B2)N15_M07_F10→(B3)N15_M07_F04; 批次:····0/·1880;  总正确率: 65.13%
类型1 正确率： 100.00% -> 1  100.00%, 2    0.00%, 3    0.00%
类型2 正确率：  47.00% -> 1    0.05%, 2   47.20%, 3   52.75%
类型3 正确率：  48.00% -> 1    6.30%, 2   45.50%, 3   48.20%


样本变换：reverse
样本变换：mask
样本变换：shift
样本变换：none
未过滤	未用伪标签：65.13% -> 使用伪标签：61.37%
已过滤	未用伪标签：65.45% -> 使用伪标签：61.73%
排除样本：35|6000	剩余：2025, 1626, 2314
增添样本：977		细则：289, 688, 0	正确率估算：96.83%
类型1 正确率： 100.00% -> 1  100.00%, 2    0.00%, 3    0.00%
类型2 正确率：  34.00% -> 1    0.00%, 2   34.20%, 3   65.80%
类型3 正确率：  51.00% -> 1    1.32%, 2   47.89%, 3   50.79%

被排除样本 正确率：11.43%
类型1 正确率： 100.00% -> 1  100.00%, 2    0.00%, 3    0.00%
类型2 正确率： 100.00% -> 1    0.00%, 2  100.00%, 3    0.00%
类型3 正确率：   0.00% -> 1   93.55%, 2    6.45%, 3    0.00%


轮次:··1/·20 || c_Loss:0.604 || e_Loss:-1.026 || Aad_Loss:-28.808 || 耗时：34.33s
轮次:··2/·20 || c_Loss:0.467 || e_Loss:-0.981 || Aad_Loss:-30.457 || 耗时：13.34s
轮次:··3/·20 || c_Loss:0.405 || e_Loss:-1.804 || Aad_Loss:-30.046 || 耗时：13.33s
轮次:··4/·20 || c_Loss:0.375 || e_Loss:-1.209 || Aad_Loss:-30.180 || 耗时：13.19s
轮次:··5/·20 || c_Loss:0.357 || e_Loss:-0.956 || Aad_Loss:-31.834 || 耗时：13.12s
任务: (B2)N15_M07_F10→(B3)N15_M07_F04; mix批次:····0; 批次:··470/·1880;  总正确率: 61.33%
类型1 正确率： 100.00% -> 1  100.00%, 2    0.00%, 3    0.00%
类型2 正确率：  34.00% -> 1    0.00%, 2   34.00%, 3   66.00%
类型3 正确率：  50.00% -> 1    1.55%, 2   48.45%, 3   50.00%


样本变换：reverse
样本变换：mask
样本变换：shift
样本变换：none
未过滤	未用伪标签：61.33% -> 使用伪标签：61.33%
已过滤	未用伪标签：61.37% -> 使用伪标签：61.37%
排除样本：4|6000	剩余：2021, 1655, 2320
增添样本：964		细则：299, 665, 0	正确率估算：99.27%
类型1 正确率： 100.00% -> 1  100.00%, 2    0.00%, 3    0.00%
类型2 正确率：  34.00% -> 1    0.00%, 2   34.00%, 3   66.00%
类型3 正确率：  50.00% -> 1    1.05%, 2   48.85%, 3   50.10%

被排除样本 正确率：0.00%
类型1 没有样本或未被分类。
类型2 正确率：   0.00% -> 1  100.00%, 2    0.00%


轮次:··6/·20 || c_Loss:0.366 || e_Loss:-0.981 || Aad_Loss:-31.898 || 耗时：34.15s
轮次:··7/·20 || c_Loss:0.372 || e_Loss:-1.002 || Aad_Loss:-31.874 || 耗时：13.25s
轮次:··8/·20 || c_Loss:0.369 || e_Loss:-0.991 || Aad_Loss:-31.871 || 耗时：13.27s
轮次:··9/·20 || c_Loss:0.372 || e_Loss:-0.957 || Aad_Loss:-32.189 || 耗时：13.29s
轮次:·10/·20 || c_Loss:0.368 || e_Loss:-1.017 || Aad_Loss:-31.416 || 耗时：13.26s
任务: (B2)N15_M07_F10→(B3)N15_M07_F04; mix批次:····0; 批次:··940/·1880;  总正确率: 61.33%
类型1 正确率： 100.00% -> 1  100.00%, 2    0.00%, 3    0.00%
类型2 正确率：  34.00% -> 1    0.00%, 2   34.00%, 3   66.00%
类型3 正确率：  50.00% -> 1    0.60%, 2   49.40%, 3   50.00%


样本变换：reverse
样本变换：mask
样本变换：shift
样本变换：none
未过滤	未用伪标签：61.33% -> 使用伪标签：61.33%
已过滤	未用伪标签：61.37% -> 使用伪标签：61.37%
排除样本：4|6000	剩余：2010, 1666, 2320
增添样本：964		细则：310, 654, 0	正确率估算：99.90%
类型1 正确率： 100.00% -> 1  100.00%, 2    0.00%, 3    0.00%
类型2 正确率：  34.00% -> 1    0.00%, 2   34.00%, 3   66.00%
类型3 正确率：  50.00% -> 1    0.50%, 2   49.40%, 3   50.10%

被排除样本 正确率：0.00%
类型1 没有样本或未被分类。
类型2 没有样本或未被分类。
类型3 正确率：   0.00% -> 1   75.00%, 2   25.00%, 3    0.00%


轮次:·11/·20 || c_Loss:0.369 || e_Loss:-0.985 || Aad_Loss:-32.253 || 耗时：34.22s
轮次:·12/·20 || c_Loss:0.371 || e_Loss:-1.002 || Aad_Loss:-32.123 || 耗时：13.08s
轮次:·13/·20 || c_Loss:0.369 || e_Loss:-0.993 || Aad_Loss:-32.094 || 耗时：13.15s
轮次:·14/·20 || c_Loss:0.372 || e_Loss:-0.963 || Aad_Loss:-32.525 || 耗时：13.18s
轮次:·15/·20 || c_Loss:0.370 || e_Loss:-1.013 || Aad_Loss:-31.616 || 耗时：13.17s
任务: (B2)N15_M07_F10→(B3)N15_M07_F04; mix批次:····0; 批次:·1410/·1880;  总正确率: 61.33%
类型1 正确率： 100.00% -> 1  100.00%, 2    0.00%, 3    0.00%
类型2 正确率：  34.00% -> 1    0.00%, 2   34.00%, 3   66.00%
类型3 正确率：  50.00% -> 1    0.35%, 2   49.65%, 3   50.00%


样本变换：reverse
样本变换：mask
样本变换：shift
样本变换：none
未过滤	未用伪标签：61.33% -> 使用伪标签：61.33%
已过滤	未用伪标签：61.33% -> 使用伪标签：61.33%
排除样本：2007|6000	剩余：1673, 2320
增添样本：960		细则：313, 647, 0	正确率估算：99.90%
类型1 正确率： 100.00% -> 1  100.00%, 2    0.00%, 3    0.00%
类型2 正确率：  34.00% -> 1    0.00%, 2   34.00%, 3   66.00%
类型3 正确率：  50.00% -> 1    0.35%, 2   49.65%, 3   50.00%

被排除样本 正确率：nan%


轮次:·16/·20 || c_Loss:0.373 || e_Loss:-1.021 || Aad_Loss:-31.534 || 耗时：34.36s
轮次:·17/·20 || c_Loss:0.377 || e_Loss:-1.007 || Aad_Loss:-31.322 || 耗时：13.20s
轮次:·18/·20 || c_Loss:0.376 || e_Loss:-1.013 || Aad_Loss:-31.054 || 耗时：13.19s
轮次:·19/·20 || c_Loss:0.374 || e_Loss:-0.972 || Aad_Loss:-32.351 || 耗时：13.19s
轮次:·20/·20 || c_Loss:0.373 || e_Loss:-1.018 || Aad_Loss:-31.863 || 耗时：13.24s
任务: (B2)N15_M07_F10→(B3)N15_M07_F04; mix批次:····0; 批次:·1880/·1880;  总正确率: 61.33%
类型1 正确率： 100.00% -> 1  100.00%, 2    0.00%, 3    0.00%
类型2 正确率：  34.00% -> 1    0.00%, 2   34.00%, 3   66.00%
类型3 正确率：  50.00% -> 1    0.30%, 2   49.70%, 3   50.00%


测试集任务: (B2)N15_M07_F10→(B3)N15_M07_F04; 总正确率 = 61.33%
类型1 正确率： 100.00% -> 1  100.00%, 2    0.00%, 3    0.00%
类型2 正确率：  34.00% -> 1    0.00%, 2   34.00%, 3   66.00%
类型3 正确率：  50.00% -> 1    0.30%, 2   49.70%, 3   50.00%


