读取源域路径：/kaggle/working/k10/S09/weight_PU_M1_final_checkpoint_FS09toS09c_s2024/NEW_PU/Source-源域/log&pt/(B2)N15_M07_F10
excel输出位置：/kaggle/working/k10/S09/weight_PU_M1_final_checkpoint_FS09toS09c_s2024/NEW_PU/Target-目标域
特征图片输出位置：/kaggle/working/k10/S09/weight_PU_M1_final_checkpoint_FS09toS09c_s2024/NEW_PU/Picture-特征图/2026年09月19日11时38分/(B2)N15_M07_F10
现在选取:(B2)N15_M07_F10 进行训练的源模型
现在进行：(B2)N15_M07_F10→(B1)N15_M01_F10 的迁移任务
log&pt输出位置：/kaggle/working/k10/S09/weight_PU_M1_final_checkpoint_FS09toS09c_s2024/NEW_PU/Target-目标域/log&pt/(B2)N15_M07_F10→(B1)N15_M01_F10
任务: (B2)N15_M07_F10→(B1)N15_M01_F10; 批次:····0/·1880;  总正确率: 60.43%
类型1 正确率： 100.00% -> 1  100.00%, 2    0.00%, 3    0.00%
类型2 正确率：  66.00% -> 1    0.10%, 2   65.95%, 3   33.95%
类型3 正确率：  15.00% -> 1    0.00%, 2   84.65%, 3   15.35%


样本变换：reverse
样本变换：mask
样本变换：shift
样本变换：none
未过滤	未用伪标签：60.43% -> 使用伪标签：60.58%
已过滤	未用伪标签：60.57% -> 使用伪标签：60.81%
排除样本：22|6000	剩余：1996, 1712, 2270
增添样本：832		细则：274, 558, 0	正确率估算：99.76%
类型1 正确率： 100.00% -> 1  100.00%, 2    0.00%, 3    0.00%
类型2 正确率：  34.00% -> 1    0.00%, 2   34.22%, 3   65.78%
类型3 正确率：  48.00% -> 1    0.00%, 2   51.84%, 3   48.16%

被排除样本 正确率：22.73%
类型1 正确率： 100.00% -> 1  100.00%, 2    0.00%, 3    0.00%
类型2 正确率： 100.00% -> 1    0.00%, 2  100.00%, 3    0.00%
类型3 正确率：   0.00% -> 1    0.00%, 2  100.00%, 3    0.00%


轮次:··1/·20 || c_Loss:0.576 || e_Loss:-0.998 || Aad_Loss:-29.498 || 耗时：34.25s
轮次:··2/·20 || c_Loss:0.508 || e_Loss:-0.998 || Aad_Loss:-29.001 || 耗时：13.29s
轮次:··3/·20 || c_Loss:0.448 || e_Loss:-0.973 || Aad_Loss:-29.632 || 耗时：13.17s
轮次:··4/·20 || c_Loss:0.414 || e_Loss:-0.945 || Aad_Loss:-29.622 || 耗时：13.09s
轮次:··5/·20 || c_Loss:0.382 || e_Loss:-0.991 || Aad_Loss:-31.044 || 耗时：13.09s
任务: (B2)N15_M07_F10→(B1)N15_M01_F10; mix批次:····0; 批次:··470/·1880;  总正确率: 61.32%
类型1 正确率： 100.00% -> 1  100.00%, 2    0.00%, 3    0.00%
类型2 正确率：  34.00% -> 1    0.00%, 2   34.00%, 3   66.00%
类型3 正确率：  50.00% -> 1    0.00%, 2   50.05%, 3   49.95%


样本变换：reverse
样本变换：mask
样本变换：shift
样本变换：none
未过滤	未用伪标签：61.32% -> 使用伪标签：61.33%
已过滤	未用伪标签：61.32% -> 使用伪标签：61.33%
排除样本：2000|6000	剩余：1680, 2320
增添样本：960		细则：320, 640, 0	正确率估算：100.00%
类型1 正确率： 100.00% -> 1  100.00%, 2    0.00%, 3    0.00%
类型2 正确率：  34.00% -> 1    0.00%, 2   34.00%, 3   66.00%
类型3 正确率：  50.00% -> 1    0.00%, 2   50.00%, 3   50.00%

被排除样本 正确率：nan%


轮次:··6/·20 || c_Loss:0.380 || e_Loss:-1.022 || Aad_Loss:-30.963 || 耗时：34.40s
轮次:··7/·20 || c_Loss:0.382 || e_Loss:-1.018 || Aad_Loss:-31.009 || 耗时：13.24s
轮次:··8/·20 || c_Loss:0.377 || e_Loss:-1.023 || Aad_Loss:-31.095 || 耗时：13.29s
轮次:··9/·20 || c_Loss:0.376 || e_Loss:-0.976 || Aad_Loss:-32.387 || 耗时：13.27s
轮次:·10/·20 || c_Loss:0.373 || e_Loss:-1.017 || Aad_Loss:-31.559 || 耗时：13.29s
任务: (B2)N15_M07_F10→(B1)N15_M01_F10; mix批次:····0; 批次:··940/·1880;  总正确率: 61.33%
类型1 正确率： 100.00% -> 1  100.00%, 2    0.00%, 3    0.00%
类型2 正确率：  34.00% -> 1    0.00%, 2   34.00%, 3   66.00%
类型3 正确率：  50.00% -> 1    0.00%, 2   50.00%, 3   50.00%


样本变换：reverse
样本变换：mask
样本变换：shift
样本变换：none
未过滤	未用伪标签：61.33% -> 使用伪标签：61.33%
已过滤	未用伪标签：61.33% -> 使用伪标签：61.33%
排除样本：2000|6000	剩余：1680, 2320
增添样本：960		细则：320, 640, 0	正确率估算：100.00%
类型1 正确率： 100.00% -> 1  100.00%, 2    0.00%, 3    0.00%
类型2 正确率：  34.00% -> 1    0.00%, 2   34.00%, 3   66.00%
类型3 正确率：  50.00% -> 1    0.00%, 2   50.00%, 3   50.00%

被排除样本 正确率：nan%


轮次:·11/·20 || c_Loss:0.372 || e_Loss:-1.017 || Aad_Loss:-31.289 || 耗时：34.22s
轮次:·12/·20 || c_Loss:0.376 || e_Loss:-1.014 || Aad_Loss:-31.289 || 耗时：13.13s
轮次:·13/·20 || c_Loss:0.374 || e_Loss:-1.021 || Aad_Loss:-31.333 || 耗时：13.10s
轮次:·14/·20 || c_Loss:0.374 || e_Loss:-0.975 || Aad_Loss:-32.610 || 耗时：13.10s
轮次:·15/·20 || c_Loss:0.372 || e_Loss:-1.017 || Aad_Loss:-31.735 || 耗时：13.11s
任务: (B2)N15_M07_F10→(B1)N15_M01_F10; mix批次:····0; 批次:·1410/·1880;  总正确率: 61.33%
类型1 正确率： 100.00% -> 1  100.00%, 2    0.00%, 3    0.00%
类型2 正确率：  34.00% -> 1    0.00%, 2   34.00%, 3   66.00%
类型3 正确率：  50.00% -> 1    0.00%, 2   50.00%, 3   50.00%


样本变换：reverse
样本变换：mask
样本变换：shift
样本变换：none
未过滤	未用伪标签：61.33% -> 使用伪标签：61.33%
已过滤	未用伪标签：61.33% -> 使用伪标签：61.33%
排除样本：2000|6000	剩余：1680, 2320
增添样本：960		细则：320, 640, 0	正确率估算：100.00%
类型1 正确率： 100.00% -> 1  100.00%, 2    0.00%, 3    0.00%
类型2 正确率：  34.00% -> 1    0.00%, 2   34.00%, 3   66.00%
类型3 正确率：  50.00% -> 1    0.00%, 2   50.00%, 3   50.00%

被排除样本 正确率：nan%


轮次:·16/·20 || c_Loss:0.372 || e_Loss:-1.017 || Aad_Loss:-31.462 || 耗时：34.41s
轮次:·17/·20 || c_Loss:0.375 || e_Loss:-1.014 || Aad_Loss:-31.443 || 耗时：13.19s
轮次:·18/·20 || c_Loss:0.373 || e_Loss:-1.020 || Aad_Loss:-31.468 || 耗时：13.27s
轮次:·19/·20 || c_Loss:0.374 || e_Loss:-0.975 || Aad_Loss:-32.747 || 耗时：13.28s
轮次:·20/·20 || c_Loss:0.372 || e_Loss:-1.017 || Aad_Loss:-31.843 || 耗时：13.26s
任务: (B2)N15_M07_F10→(B1)N15_M01_F10; mix批次:····0; 批次:·1880/·1880;  总正确率: 61.33%
类型1 正确率： 100.00% -> 1  100.00%, 2    0.00%, 3    0.00%
类型2 正确率：  34.00% -> 1    0.00%, 2   34.00%, 3   66.00%
类型3 正确率：  50.00% -> 1    0.00%, 2   50.00%, 3   50.00%


测试集任务: (B2)N15_M07_F10→(B1)N15_M01_F10; 总正确率 = 61.33%
类型1 正确率： 100.00% -> 1  100.00%, 2    0.00%, 3    0.00%
类型2 正确率：  34.00% -> 1    0.00%, 2   34.00%, 3   66.00%
类型3 正确率：  50.00% -> 1    0.00%, 2   50.00%, 3   50.00%


