读取源域路径：/kaggle/working/k10/S09/weight_PU_M1_final_checkpoint_FS09toS09c_s2024/NEW_PU/Source-源域/log&pt/(B3)N15_M07_F04
excel输出位置：/kaggle/working/k10/S09/weight_PU_M1_final_checkpoint_FS09toS09c_s2024/NEW_PU/Target-目标域
特征图片输出位置：/kaggle/working/k10/S09/weight_PU_M1_final_checkpoint_FS09toS09c_s2024/NEW_PU/Picture-特征图/2026年09月19日11时50分/(B3)N15_M07_F04
现在选取:(B3)N15_M07_F04 进行训练的源模型
现在进行：(B3)N15_M07_F04→(B1)N15_M01_F10 的迁移任务
log&pt输出位置：/kaggle/working/k10/S09/weight_PU_M1_final_checkpoint_FS09toS09c_s2024/NEW_PU/Target-目标域/log&pt/(B3)N15_M07_F04→(B1)N15_M01_F10
任务: (B3)N15_M07_F04→(B1)N15_M01_F10; 批次:····0/·1880;  总正确率: 62.67%
类型1 正确率：  99.00% -> 1   98.95%, 2    1.05%, 3    0.00%
类型2 正确率：  89.00% -> 1    0.00%, 2   89.05%, 3   10.95%
类型3 正确率：   0.00% -> 1    0.00%, 2  100.00%, 3    0.00%


样本变换：reverse
样本变换：mask
样本变换：shift
样本变换：none
未过滤	未用伪标签：62.67% -> 使用伪标签：54.52%
已过滤	未用伪标签：62.14% -> 使用伪标签：55.29%
排除样本：84|6000	剩余：1998, 3275, 643
增添样本：3909		细则：1277, 0, 2632	正确率估算：77.55%
类型1 正确率： 100.00% -> 1   99.90%, 2    0.10%, 3    0.00%
类型2 正确率：  66.00% -> 1    0.00%, 2   66.44%, 3   33.56%
类型3 正确率：   0.00% -> 1    0.00%, 2  100.00%, 3    0.00%

被排除样本 正确率：100.00%
类型1 正确率： 100.00% -> 1  100.00%


轮次:··1/·20 || c_Loss:0.452 || e_Loss:-0.873 || Aad_Loss:-30.180 || 耗时：34.77s
轮次:··2/·20 || c_Loss:0.389 || e_Loss:-1.480 || Aad_Loss:-34.677 || 耗时：13.29s
轮次:··3/·20 || c_Loss:0.403 || e_Loss:-0.839 || Aad_Loss:-32.583 || 耗时：13.25s
轮次:··4/·20 || c_Loss:0.384 || e_Loss:-1.653 || Aad_Loss:-33.345 || 耗时：13.15s
轮次:··5/·20 || c_Loss:0.376 || e_Loss:-0.756 || Aad_Loss:-39.098 || 耗时：13.11s
任务: (B3)N15_M07_F04→(B1)N15_M01_F10; mix批次:····0; 批次:··470/·1880;  总正确率: 55.97%
类型1 正确率： 100.00% -> 1  100.00%, 2    0.00%, 3    0.00%
类型2 正确率：  68.00% -> 1    0.00%, 2   67.90%, 3   32.10%
类型3 正确率：   0.00% -> 1    0.00%, 2  100.00%, 3    0.00%


样本变换：reverse
样本变换：mask
样本变换：shift
样本变换：none
未过滤	未用伪标签：55.97% -> 使用伪标签：57.35%
已过滤	未用伪标签：56.02% -> 使用伪标签：57.43%
排除样本：8|6000	剩余：2000, 3441, 551
增添样本：4331		细则：1441, 0, 2890	正确率估算：100.00%
类型1 正确率： 100.00% -> 1  100.00%, 2    0.00%, 3    0.00%
类型2 正确率：  72.00% -> 1    0.00%, 2   72.34%, 3   27.66%
类型3 正确率：   0.00% -> 1    0.00%, 2  100.00%, 3    0.00%

被排除样本 正确率：12.50%
类型1 正确率：  12.00% -> 1   12.50%, 2   87.50%
类型2 没有样本或未被分类。


轮次:··6/·20 || c_Loss:0.368 || e_Loss:-0.862 || Aad_Loss:-37.088 || 耗时：34.75s
轮次:··7/·20 || c_Loss:0.377 || e_Loss:-0.925 || Aad_Loss:-33.864 || 耗时：13.20s
轮次:··8/·20 || c_Loss:0.383 || e_Loss:-1.096 || Aad_Loss:-37.278 || 耗时：13.21s
轮次:··9/·20 || c_Loss:0.405 || e_Loss:-0.744 || Aad_Loss:-42.888 || 耗时：13.24s
轮次:·10/·20 || c_Loss:0.382 || e_Loss:-0.911 || Aad_Loss:-36.805 || 耗时：13.26s
任务: (B3)N15_M07_F04→(B1)N15_M01_F10; mix批次:····0; 批次:··940/·1880;  总正确率: 57.23%
类型1 正确率： 100.00% -> 1  100.00%, 2    0.00%, 3    0.00%
类型2 正确率：  72.00% -> 1    0.00%, 2   71.70%, 3   28.30%
类型3 正确率：   0.00% -> 1    0.00%, 2  100.00%, 3    0.00%


样本变换：reverse
样本变换：mask
样本变换：shift
样本变换：none
未过滤	未用伪标签：57.23% -> 使用伪标签：57.60%
已过滤	未用伪标签：57.30% -> 使用伪标签：57.67%
排除样本：7|6000	剩余：2000, 3456, 537
增添样本：4375		细则：1456, 0, 2919	正确率估算：100.00%
类型1 正确率： 100.00% -> 1  100.00%, 2    0.00%, 3    0.00%
类型2 正确率：  73.00% -> 1    0.00%, 2   73.06%, 3   26.94%
类型3 正确率：   0.00% -> 1    0.00%, 2  100.00%, 3    0.00%

被排除样本 正确率：0.00%
类型1 正确率：   0.00% -> 1    0.00%, 2  100.00%
类型2 没有样本或未被分类。


轮次:·11/·20 || c_Loss:0.382 || e_Loss:-0.867 || Aad_Loss:-38.885 || 耗时：34.66s
轮次:·12/·20 || c_Loss:0.391 || e_Loss:-0.910 || Aad_Loss:-33.284 || 耗时：13.09s
轮次:·13/·20 || c_Loss:0.390 || e_Loss:-0.893 || Aad_Loss:-35.653 || 耗时：13.08s
轮次:·14/·20 || c_Loss:0.389 || e_Loss:-0.910 || Aad_Loss:-36.764 || 耗时：13.06s
轮次:·15/·20 || c_Loss:0.396 || e_Loss:-0.884 || Aad_Loss:-31.700 || 耗时：13.08s
任务: (B3)N15_M07_F04→(B1)N15_M01_F10; mix批次:····0; 批次:·1410/·1880;  总正确率: 57.43%
类型1 正确率： 100.00% -> 1  100.00%, 2    0.00%, 3    0.00%
类型2 正确率：  72.00% -> 1    0.00%, 2   72.30%, 3   27.70%
类型3 正确率：   0.00% -> 1    0.00%, 2  100.00%, 3    0.00%


样本变换：reverse
样本变换：mask
样本变换：shift
样本变换：none
未过滤	未用伪标签：57.43% -> 使用伪标签：57.72%
已过滤	未用伪标签：57.46% -> 使用伪标签：57.75%
排除样本：3|6000	剩余：2000, 3463, 534
增添样本：4392		细则：1463, 0, 2929	正确率估算：100.00%
类型1 正确率： 100.00% -> 1  100.00%, 2    0.00%, 3    0.00%
类型2 正确率：  73.00% -> 1    0.00%, 2   73.26%, 3   26.74%
类型3 正确率：   0.00% -> 1    0.00%, 2  100.00%, 3    0.00%

被排除样本 正确率：0.00%
类型1 正确率：   0.00% -> 1    0.00%, 2  100.00%
类型2 没有样本或未被分类。


轮次:·16/·20 || c_Loss:0.383 || e_Loss:-0.908 || Aad_Loss:-37.077 || 耗时：34.48s
轮次:·17/·20 || c_Loss:0.390 || e_Loss:-0.837 || Aad_Loss:-37.823 || 耗时：13.08s
轮次:·18/·20 || c_Loss:0.384 || e_Loss:-0.881 || Aad_Loss:-38.883 || 耗时：13.09s
轮次:·19/·20 || c_Loss:0.381 || e_Loss:-0.932 || Aad_Loss:-35.998 || 耗时：13.11s
轮次:·20/·20 || c_Loss:0.408 || e_Loss:-0.921 || Aad_Loss:-35.553 || 耗时：13.09s
任务: (B3)N15_M07_F04→(B1)N15_M01_F10; mix批次:····0; 批次:·1880/·1880;  总正确率: 57.35%
类型1 正确率： 100.00% -> 1  100.00%, 2    0.00%, 3    0.00%
类型2 正确率：  72.00% -> 1    0.00%, 2   72.05%, 3   27.95%
类型3 正确率：   0.00% -> 1    0.00%, 2  100.00%, 3    0.00%


测试集任务: (B3)N15_M07_F04→(B1)N15_M01_F10; 总正确率 = 57.35%
类型1 正确率： 100.00% -> 1  100.00%, 2    0.00%, 3    0.00%
类型2 正确率：  72.00% -> 1    0.00%, 2   72.05%, 3   27.95%
类型3 正确率：   0.00% -> 1    0.00%, 2  100.00%, 3    0.00%


