读取源域路径：/kaggle/working/k10/S09/weight_PU_M1_final_checkpoint_FS09toS09c_s2024/NEW_PU/Source-源域/log&pt/(B1)N15_M01_F10
excel输出位置：/kaggle/working/k10/S09/weight_PU_M1_final_checkpoint_FS09toS09c_s2024/NEW_PU/Target-目标域
特征图片输出位置：/kaggle/working/k10/S09/weight_PU_M1_final_checkpoint_FS09toS09c_s2024/NEW_PU/Picture-特征图/2026年09月19日11时25分/(B1)N15_M01_F10
现在选取:(B1)N15_M01_F10 进行训练的源模型
现在进行：(B1)N15_M01_F10→(B2)N15_M07_F10 的迁移任务
log&pt输出位置：/kaggle/working/k10/S09/weight_PU_M1_final_checkpoint_FS09toS09c_s2024/NEW_PU/Target-目标域/log&pt/(B1)N15_M01_F10→(B2)N15_M07_F10
任务: (B1)N15_M01_F10→(B2)N15_M07_F10; 批次:····0/·1880;  总正确率: 64.48%
类型1 正确率： 100.00% -> 1   99.85%, 2    0.15%, 3    0.00%
类型2 正确率：  90.00% -> 1    0.05%, 2   90.50%, 3    9.45%
类型3 正确率：   3.00% -> 1    0.00%, 2   96.90%, 3    3.10%


样本变换：reverse
样本变换：mask
样本变换：shift
样本变换：none
未过滤	未用伪标签：64.48% -> 使用伪标签：62.53%
已过滤	未用伪标签：64.31% -> 使用伪标签：62.98%
排除样本：43|6000	剩余：1995, 1817, 2145
增添样本：478		细则：150, 328, 0	正确率估算：100.00%
类型1 正确率： 100.00% -> 1   99.85%, 2    0.15%, 3    0.00%
类型2 正确率：  40.00% -> 1    0.00%, 2   40.12%, 3   59.88%
类型3 正确率：  49.00% -> 1    0.00%, 2   51.43%, 3   48.57%

被排除样本 正确率：88.37%
类型1 正确率： 100.00% -> 1  100.00%, 2    0.00%, 3    0.00%
类型2 正确率： 100.00% -> 1    0.00%, 2  100.00%, 3    0.00%
类型3 正确率：   0.00% -> 1    0.00%, 2  100.00%, 3    0.00%


轮次:··1/·20 || c_Loss:0.565 || e_Loss:-1.017 || Aad_Loss:-27.685 || 耗时：34.59s
轮次:··2/·20 || c_Loss:0.455 || e_Loss:-0.984 || Aad_Loss:-28.842 || 耗时：13.34s
轮次:··3/·20 || c_Loss:0.405 || e_Loss:-0.886 || Aad_Loss:-30.065 || 耗时：13.24s
轮次:··4/·20 || c_Loss:0.399 || e_Loss:-1.681 || Aad_Loss:-27.584 || 耗时：13.00s
轮次:··5/·20 || c_Loss:0.384 || e_Loss:-0.957 || Aad_Loss:-28.804 || 耗时：12.85s
任务: (B1)N15_M01_F10→(B2)N15_M07_F10; mix批次:····0; 批次:··470/·1880;  总正确率: 62.15%
类型1 正确率： 100.00% -> 1  100.00%, 2    0.00%, 3    0.00%
类型2 正确率：  36.00% -> 1    0.00%, 2   36.45%, 3   63.55%
类型3 正确率：  50.00% -> 1    0.00%, 2   50.00%, 3   50.00%


样本变换：reverse
样本变换：mask
样本变换：shift
样本变换：none
未过滤	未用伪标签：62.15% -> 使用伪标签：61.38%
已过滤	未用伪标签：62.15% -> 使用伪标签：61.38%
排除样本：2000|6000	剩余：1683, 2317
增添样本：951		细则：317, 634, 0	正确率估算：100.00%
类型1 正确率： 100.00% -> 1  100.00%, 2    0.00%, 3    0.00%
类型2 正确率：  34.00% -> 1    0.00%, 2   34.15%, 3   65.85%
类型3 正确率：  50.00% -> 1    0.00%, 2   50.00%, 3   50.00%

被排除样本 正确率：nan%


轮次:··6/·20 || c_Loss:0.375 || e_Loss:-1.002 || Aad_Loss:-31.204 || 耗时：34.21s
轮次:··7/·20 || c_Loss:0.376 || e_Loss:-1.016 || Aad_Loss:-31.109 || 耗时：13.28s
轮次:··8/·20 || c_Loss:0.376 || e_Loss:-0.986 || Aad_Loss:-31.408 || 耗时：13.25s
轮次:··9/·20 || c_Loss:0.374 || e_Loss:-1.022 || Aad_Loss:-31.608 || 耗时：13.07s
轮次:·10/·20 || c_Loss:0.379 || e_Loss:-0.976 || Aad_Loss:-31.796 || 耗时：13.06s
任务: (B1)N15_M01_F10→(B2)N15_M07_F10; mix批次:····0; 批次:··940/·1880;  总正确率: 61.33%
类型1 正确率： 100.00% -> 1  100.00%, 2    0.00%, 3    0.00%
类型2 正确率：  34.00% -> 1    0.00%, 2   34.00%, 3   66.00%
类型3 正确率：  50.00% -> 1    0.00%, 2   50.00%, 3   50.00%


样本变换：reverse
样本变换：mask
样本变换：shift
样本变换：none
未过滤	未用伪标签：61.33% -> 使用伪标签：61.33%
已过滤	未用伪标签：61.33% -> 使用伪标签：61.33%
排除样本：2000|6000	剩余：1680, 2320
增添样本：960		细则：320, 640, 0	正确率估算：100.00%
类型1 正确率： 100.00% -> 1  100.00%, 2    0.00%, 3    0.00%
类型2 正确率：  34.00% -> 1    0.00%, 2   34.00%, 3   66.00%
类型3 正确率：  50.00% -> 1    0.00%, 2   50.00%, 3   50.00%

被排除样本 正确率：nan%


轮次:·11/·20 || c_Loss:0.372 || e_Loss:-1.020 || Aad_Loss:-31.106 || 耗时：33.98s
轮次:·12/·20 || c_Loss:0.375 || e_Loss:-1.024 || Aad_Loss:-31.530 || 耗时：13.23s
轮次:·13/·20 || c_Loss:0.375 || e_Loss:-1.020 || Aad_Loss:-31.330 || 耗时：13.29s
轮次:·14/·20 || c_Loss:0.374 || e_Loss:-0.972 || Aad_Loss:-32.645 || 耗时：13.27s
轮次:·15/·20 || c_Loss:0.372 || e_Loss:-1.019 || Aad_Loss:-31.717 || 耗时：13.18s
任务: (B1)N15_M01_F10→(B2)N15_M07_F10; mix批次:····0; 批次:·1410/·1880;  总正确率: 61.33%
类型1 正确率： 100.00% -> 1  100.00%, 2    0.00%, 3    0.00%
类型2 正确率：  34.00% -> 1    0.00%, 2   34.00%, 3   66.00%
类型3 正确率：  50.00% -> 1    0.00%, 2   50.00%, 3   50.00%


样本变换：reverse
样本变换：mask
样本变换：shift
样本变换：none
未过滤	未用伪标签：61.33% -> 使用伪标签：61.33%
已过滤	未用伪标签：61.33% -> 使用伪标签：61.33%
排除样本：2000|6000	剩余：1680, 2320
增添样本：960		细则：320, 640, 0	正确率估算：100.00%
类型1 正确率： 100.00% -> 1  100.00%, 2    0.00%, 3    0.00%
类型2 正确率：  34.00% -> 1    0.00%, 2   34.00%, 3   66.00%
类型3 正确率：  50.00% -> 1    0.00%, 2   50.00%, 3   50.00%

被排除样本 正确率：nan%


轮次:·16/·20 || c_Loss:0.372 || e_Loss:-1.020 || Aad_Loss:-31.317 || 耗时：34.22s
轮次:·17/·20 || c_Loss:0.374 || e_Loss:-1.023 || Aad_Loss:-31.671 || 耗时：13.12s
轮次:·18/·20 || c_Loss:0.374 || e_Loss:-1.019 || Aad_Loss:-31.485 || 耗时：13.12s
轮次:·19/·20 || c_Loss:0.374 || e_Loss:-0.973 || Aad_Loss:-32.777 || 耗时：13.15s
轮次:·20/·20 || c_Loss:0.372 || e_Loss:-1.020 || Aad_Loss:-31.846 || 耗时：13.20s
任务: (B1)N15_M01_F10→(B2)N15_M07_F10; mix批次:····0; 批次:·1880/·1880;  总正确率: 61.33%
类型1 正确率： 100.00% -> 1  100.00%, 2    0.00%, 3    0.00%
类型2 正确率：  34.00% -> 1    0.00%, 2   34.00%, 3   66.00%
类型3 正确率：  50.00% -> 1    0.00%, 2   50.00%, 3   50.00%


测试集任务: (B1)N15_M01_F10→(B2)N15_M07_F10; 总正确率 = 61.33%
类型1 正确率： 100.00% -> 1  100.00%, 2    0.00%, 3    0.00%
类型2 正确率：  34.00% -> 1    0.00%, 2   34.00%, 3   66.00%
类型3 正确率：  50.00% -> 1    0.00%, 2   50.00%, 3   50.00%


