读取源域路径：/kaggle/working/m1/weight_PU_M1_as_released_FBtoB_s2024/NEW_PU/Source-源域/log&pt/(B2)N15_M07_F10
excel输出位置：/kaggle/working/m1/weight_PU_M1_as_released_FBtoB_s2024/NEW_PU/Target-目标域
特征图片输出位置：/kaggle/working/m1/weight_PU_M1_as_released_FBtoB_s2024/NEW_PU/Picture-特征图/2026年09月13日14时54分/(B2)N15_M07_F10
现在选取:(B2)N15_M07_F10 进行训练的源模型
现在进行：(B2)N15_M07_F10→(B1)N15_M01_F10 的迁移任务
log&pt输出位置：/kaggle/working/m1/weight_PU_M1_as_released_FBtoB_s2024/NEW_PU/Target-目标域/log&pt/(B2)N15_M07_F10→(B1)N15_M01_F10
任务: (B2)N15_M07_F10→(B1)N15_M01_F10; 批次:····0/·1880;  总正确率: 99.95%
类型1 正确率： 100.00% -> 1  100.00%, 2    0.00%, 3    0.00%
类型2 正确率： 100.00% -> 1    0.00%, 2   99.85%, 3    0.15%
类型3 正确率： 100.00% -> 1    0.00%, 2    0.00%, 3  100.00%


样本变换：reverse
样本变换：mask
样本变换：shift
样本变换：none
未过滤	未用伪标签：99.95% -> 使用伪标签：99.90%
已过滤	未用伪标签：99.95% -> 使用伪标签：99.93%
排除样本：2|6000	剩余：2000, 1995, 2003
增添样本：11		细则：3, 8, 0	正确率估算：100.00%
类型1 正确率： 100.00% -> 1  100.00%, 2    0.00%, 3    0.00%
类型2 正确率： 100.00% -> 1    0.00%, 2   99.80%, 3    0.20%
类型3 正确率： 100.00% -> 1    0.00%, 2    0.00%, 3  100.00%

被排除样本 正确率：100.00%
类型1 正确率： 100.00% -> 1  100.00%, 2    0.00%
类型2 正确率： 100.00% -> 1    0.00%, 2  100.00%


轮次:··1/·20 || c_Loss:0.543 || e_Loss:-1.059 || Aad_Loss:-26.244 || 耗时：30.28s
轮次:··2/·20 || c_Loss:0.411 || e_Loss:-1.018 || Aad_Loss:-27.311 || 耗时：13.06s
轮次:··3/·20 || c_Loss:0.390 || e_Loss:-1.010 || Aad_Loss:-27.407 || 耗时：13.00s
轮次:··4/·20 || c_Loss:0.390 || e_Loss:-0.986 || Aad_Loss:-27.883 || 耗时：12.97s
轮次:··5/·20 || c_Loss:0.379 || e_Loss:-1.012 || Aad_Loss:-27.807 || 耗时：12.93s
任务: (B2)N15_M07_F10→(B1)N15_M01_F10; mix批次:····0; 批次:··470/·1880;  总正确率: 99.98%
类型1 正确率： 100.00% -> 1  100.00%, 2    0.00%, 3    0.00%
类型2 正确率： 100.00% -> 1    0.00%, 2   99.95%, 3    0.05%
类型3 正确率： 100.00% -> 1    0.00%, 2    0.00%, 3  100.00%


样本变换：reverse
样本变换：mask
样本变换：shift
样本变换：none
未过滤	未用伪标签：99.98% -> 使用伪标签：100.00%
已过滤	未用伪标签：99.98% -> 使用伪标签：100.00%
排除样本：2000|6000	剩余：2000, 2000
增添样本：0		细则：0, 0, 0类型1 正确率： 100.00% -> 1  100.00%, 2    0.00%, 3    0.00%
类型2 正确率： 100.00% -> 1    0.00%, 2  100.00%, 3    0.00%
类型3 正确率： 100.00% -> 1    0.00%, 2    0.00%, 3  100.00%

被排除样本 正确率：nan%


轮次:··6/·20 || c_Loss:0.382 || e_Loss:-1.002 || Aad_Loss:-23.326 || 耗时：30.10s
轮次:··7/·20 || c_Loss:0.381 || e_Loss:-0.968 || Aad_Loss:-23.637 || 耗时：12.95s
轮次:··8/·20 || c_Loss:0.393 || e_Loss:-0.984 || Aad_Loss:-22.592 || 耗时：13.00s
轮次:··9/·20 || c_Loss:0.383 || e_Loss:-0.991 || Aad_Loss:-22.852 || 耗时：13.02s
轮次:·10/·20 || c_Loss:0.392 || e_Loss:-0.950 || Aad_Loss:-23.094 || 耗时：13.00s
任务: (B2)N15_M07_F10→(B1)N15_M01_F10; mix批次:····0; 批次:··940/·1880;  总正确率: 99.97%
类型1 正确率： 100.00% -> 1  100.00%, 2    0.00%, 3    0.00%
类型2 正确率： 100.00% -> 1    0.00%, 2   99.90%, 3    0.10%
类型3 正确率： 100.00% -> 1    0.00%, 2    0.00%, 3  100.00%


样本变换：reverse
样本变换：mask
样本变换：shift
样本变换：none
未过滤	未用伪标签：99.97% -> 使用伪标签：99.98%
已过滤	未用伪标签：99.98% -> 使用伪标签：100.00%
排除样本：1|6000	剩余：2000, 1999, 2000
增添样本：1		细则：0, 1, 0	正确率估算：100.00%
类型1 正确率： 100.00% -> 1  100.00%, 2    0.00%, 3    0.00%
类型2 正确率： 100.00% -> 1    0.00%, 2  100.00%, 3    0.00%
类型3 正确率： 100.00% -> 1    0.00%, 2    0.00%, 3  100.00%

被排除样本 正确率：0.00%
类型1 正确率：   0.00% -> 1    0.00%, 2  100.00%
类型2 没有样本或未被分类。


轮次:·11/·20 || c_Loss:0.380 || e_Loss:-1.002 || Aad_Loss:-23.747 || 耗时：30.24s
轮次:·12/·20 || c_Loss:0.379 || e_Loss:-1.015 || Aad_Loss:-23.500 || 耗时：12.95s
轮次:·13/·20 || c_Loss:0.403 || e_Loss:-0.920 || Aad_Loss:-25.156 || 耗时：12.95s
轮次:·14/·20 || c_Loss:0.380 || e_Loss:-1.022 || Aad_Loss:-23.524 || 耗时：12.96s
轮次:·15/·20 || c_Loss:0.378 || e_Loss:-1.019 || Aad_Loss:-23.596 || 耗时：12.96s
任务: (B2)N15_M07_F10→(B1)N15_M01_F10; mix批次:····0; 批次:·1410/·1880;  总正确率: 100.00%
类型1 正确率： 100.00% -> 1  100.00%, 2    0.00%, 3    0.00%
类型2 正确率： 100.00% -> 1    0.00%, 2  100.00%, 3    0.00%
类型3 正确率： 100.00% -> 1    0.00%, 2    0.00%, 3  100.00%


样本变换：reverse
样本变换：mask
样本变换：shift
样本变换：none
未过滤	未用伪标签：100.00% -> 使用伪标签：100.00%
已过滤	未用伪标签：100.00% -> 使用伪标签：100.00%
排除样本：2000|6000	剩余：2000, 2000
增添样本：0		细则：0, 0, 0类型1 正确率： 100.00% -> 1  100.00%, 2    0.00%, 3    0.00%
类型2 正确率： 100.00% -> 1    0.00%, 2  100.00%, 3    0.00%
类型3 正确率： 100.00% -> 1    0.00%, 2    0.00%, 3  100.00%

被排除样本 正确率：nan%


轮次:·16/·20 || c_Loss:0.380 || e_Loss:-1.004 || Aad_Loss:-23.729 || 耗时：30.18s
轮次:·17/·20 || c_Loss:0.379 || e_Loss:-0.971 || Aad_Loss:-23.986 || 耗时：12.96s
轮次:·18/·20 || c_Loss:0.390 || e_Loss:-0.987 || Aad_Loss:-23.036 || 耗时：12.95s
轮次:·19/·20 || c_Loss:0.382 || e_Loss:-0.991 || Aad_Loss:-23.231 || 耗时：12.97s
轮次:·20/·20 || c_Loss:0.390 || e_Loss:-0.953 || Aad_Loss:-23.520 || 耗时：12.99s
任务: (B2)N15_M07_F10→(B1)N15_M01_F10; mix批次:····0; 批次:·1880/·1880;  总正确率: 99.98%
类型1 正确率： 100.00% -> 1  100.00%, 2    0.00%, 3    0.00%
类型2 正确率： 100.00% -> 1    0.00%, 2   99.95%, 3    0.05%
类型3 正确率： 100.00% -> 1    0.00%, 2    0.00%, 3  100.00%


测试集任务: (B2)N15_M07_F10→(B1)N15_M01_F10; 总正确率 = 100.00%
类型1 正确率： 100.00% -> 1  100.00%, 2    0.00%, 3    0.00%
类型2 正确率： 100.00% -> 1    0.00%, 2  100.00%, 3    0.00%
类型3 正确率： 100.00% -> 1    0.00%, 2    0.00%, 3  100.00%


