读取源域路径：/kaggle/working/m1/weight_PU_M1_as_released_FBtoB_s2024/NEW_PU/Source-源域/log&pt/(B3)N15_M07_F04
excel输出位置：/kaggle/working/m1/weight_PU_M1_as_released_FBtoB_s2024/NEW_PU/Target-目标域
特征图片输出位置：/kaggle/working/m1/weight_PU_M1_as_released_FBtoB_s2024/NEW_PU/Picture-特征图/2026年09月13日15时11分/(B3)N15_M07_F04
现在选取:(B3)N15_M07_F04 进行训练的源模型
现在进行：(B3)N15_M07_F04→(B2)N15_M07_F10 的迁移任务
log&pt输出位置：/kaggle/working/m1/weight_PU_M1_as_released_FBtoB_s2024/NEW_PU/Target-目标域/log&pt/(B3)N15_M07_F04→(B2)N15_M07_F10
任务: (B3)N15_M07_F04→(B2)N15_M07_F10; 批次:····0/·1880;  总正确率: 98.98%
类型1 正确率： 100.00% -> 1   99.70%, 2    0.00%, 3    0.30%
类型2 正确率： 100.00% -> 1    0.00%, 2   99.90%, 3    0.10%
类型3 正确率：  97.00% -> 1    0.00%, 2    2.65%, 3   97.35%


样本变换：reverse
样本变换：mask
样本变换：shift
样本变换：none
未过滤	未用伪标签：98.98% -> 使用伪标签：99.35%
已过滤	未用伪标签：99.05% -> 使用伪标签：99.42%
排除样本：4|6000	剩余：1998, 2030, 1968
增添样本：94		细则：32, 0, 62	正确率估算：98.94%
类型1 正确率： 100.00% -> 1   99.95%, 2    0.00%, 3    0.05%
类型2 正确率： 100.00% -> 1    0.00%, 2   99.90%, 3    0.10%
类型3 正确率：  98.00% -> 1    0.00%, 2    1.60%, 3   98.40%

被排除样本 正确率：0.00%
类型1 正确率：   0.00% -> 1    0.00%, 2    0.00%, 3  100.00%
类型2 没有样本或未被分类。
类型3 正确率：   0.00% -> 1    0.00%, 2  100.00%, 3    0.00%


轮次:··1/·20 || c_Loss:0.573 || e_Loss:-1.011 || Aad_Loss:-29.191 || 耗时：30.38s
轮次:··2/·20 || c_Loss:0.423 || e_Loss:-1.038 || Aad_Loss:-30.562 || 耗时：13.04s
轮次:··3/·20 || c_Loss:0.396 || e_Loss:-0.921 || Aad_Loss:-31.534 || 耗时：12.91s
轮次:··4/·20 || c_Loss:0.429 || e_Loss:-0.970 || Aad_Loss:-30.467 || 耗时：12.86s
轮次:··5/·20 || c_Loss:0.410 || e_Loss:-0.904 || Aad_Loss:-30.036 || 耗时：12.80s
任务: (B3)N15_M07_F04→(B2)N15_M07_F10; mix批次:····0; 批次:··470/·1880;  总正确率: 100.00%
类型1 正确率： 100.00% -> 1  100.00%, 2    0.00%, 3    0.00%
类型2 正确率： 100.00% -> 1    0.00%, 2  100.00%, 3    0.00%
类型3 正确率： 100.00% -> 1    0.00%, 2    0.00%, 3  100.00%


样本变换：reverse
样本变换：mask
样本变换：shift
样本变换：none
未过滤	未用伪标签：100.00% -> 使用伪标签：99.98%
已过滤	未用伪标签：100.00% -> 使用伪标签：100.00%
排除样本：1|6000	剩余：2000, 2000, 1999
增添样本：1		细则：0, 0, 1	正确率估算：100.00%
类型1 正确率： 100.00% -> 1  100.00%, 2    0.00%, 3    0.00%
类型2 正确率： 100.00% -> 1    0.00%, 2  100.00%, 3    0.00%
类型3 正确率： 100.00% -> 1    0.00%, 2    0.00%, 3  100.00%

被排除样本 正确率：100.00%
类型1 正确率： 100.00% -> 1  100.00%


轮次:··6/·20 || c_Loss:0.382 || e_Loss:-0.984 || Aad_Loss:-23.306 || 耗时：30.13s
轮次:··7/·20 || c_Loss:0.378 || e_Loss:-1.024 || Aad_Loss:-23.419 || 耗时：12.96s
轮次:··8/·20 || c_Loss:0.396 || e_Loss:-0.922 || Aad_Loss:-24.875 || 耗时：13.00s
轮次:··9/·20 || c_Loss:0.378 || e_Loss:-1.021 || Aad_Loss:-23.504 || 耗时：13.00s
轮次:·10/·20 || c_Loss:0.377 || e_Loss:-1.023 || Aad_Loss:-23.621 || 耗时：13.01s
任务: (B3)N15_M07_F04→(B2)N15_M07_F10; mix批次:····0; 批次:··940/·1880;  总正确率: 100.00%
类型1 正确率： 100.00% -> 1  100.00%, 2    0.00%, 3    0.00%
类型2 正确率： 100.00% -> 1    0.00%, 2  100.00%, 3    0.00%
类型3 正确率： 100.00% -> 1    0.00%, 2    0.00%, 3  100.00%


样本变换：reverse
样本变换：mask
样本变换：shift
样本变换：none
未过滤	未用伪标签：100.00% -> 使用伪标签：100.00%
已过滤	未用伪标签：100.00% -> 使用伪标签：100.00%
排除样本：2000|6000	剩余：2000, 2000
增添样本：0		细则：0, 0, 0类型1 正确率： 100.00% -> 1  100.00%, 2    0.00%, 3    0.00%
类型2 正确率： 100.00% -> 1    0.00%, 2  100.00%, 3    0.00%
类型3 正确率： 100.00% -> 1    0.00%, 2    0.00%, 3  100.00%

被排除样本 正确率：nan%


轮次:·11/·20 || c_Loss:0.377 || e_Loss:-1.007 || Aad_Loss:-23.556 || 耗时：30.22s
轮次:·12/·20 || c_Loss:0.376 || e_Loss:-0.987 || Aad_Loss:-23.990 || 耗时：12.94s
轮次:·13/·20 || c_Loss:0.387 || e_Loss:-0.991 || Aad_Loss:-23.132 || 耗时：12.96s
轮次:·14/·20 || c_Loss:0.379 || e_Loss:-0.998 || Aad_Loss:-23.322 || 耗时：12.99s
轮次:·15/·20 || c_Loss:0.386 || e_Loss:-0.954 || Aad_Loss:-23.545 || 耗时：12.96s
任务: (B3)N15_M07_F04→(B2)N15_M07_F10; mix批次:····0; 批次:·1410/·1880;  总正确率: 100.00%
类型1 正确率： 100.00% -> 1  100.00%, 2    0.00%, 3    0.00%
类型2 正确率： 100.00% -> 1    0.00%, 2  100.00%, 3    0.00%
类型3 正确率： 100.00% -> 1    0.00%, 2    0.00%, 3  100.00%


样本变换：reverse
样本变换：mask
样本变换：shift
样本变换：none
未过滤	未用伪标签：100.00% -> 使用伪标签：100.00%
已过滤	未用伪标签：100.00% -> 使用伪标签：100.00%
排除样本：2000|6000	剩余：2000, 2000
增添样本：0		细则：0, 0, 0类型1 正确率： 100.00% -> 1  100.00%, 2    0.00%, 3    0.00%
类型2 正确率： 100.00% -> 1    0.00%, 2  100.00%, 3    0.00%
类型3 正确率： 100.00% -> 1    0.00%, 2    0.00%, 3  100.00%

被排除样本 正确率：nan%


轮次:·16/·20 || c_Loss:0.377 || e_Loss:-1.008 || Aad_Loss:-23.683 || 耗时：30.11s
轮次:·17/·20 || c_Loss:0.376 || e_Loss:-0.988 || Aad_Loss:-24.098 || 耗时：12.95s
轮次:·18/·20 || c_Loss:0.386 || e_Loss:-0.992 || Aad_Loss:-23.286 || 耗时：12.95s
轮次:·19/·20 || c_Loss:0.379 || e_Loss:-0.999 || Aad_Loss:-23.465 || 耗时：12.97s
轮次:·20/·20 || c_Loss:0.386 || e_Loss:-0.955 || Aad_Loss:-23.697 || 耗时：12.96s
任务: (B3)N15_M07_F04→(B2)N15_M07_F10; mix批次:····0; 批次:·1880/·1880;  总正确率: 100.00%
类型1 正确率： 100.00% -> 1  100.00%, 2    0.00%, 3    0.00%
类型2 正确率： 100.00% -> 1    0.00%, 2  100.00%, 3    0.00%
类型3 正确率： 100.00% -> 1    0.00%, 2    0.00%, 3  100.00%


测试集任务: (B3)N15_M07_F04→(B2)N15_M07_F10; 总正确率 = 100.00%
类型1 正确率： 100.00% -> 1  100.00%, 2    0.00%, 3    0.00%
类型2 正确率： 100.00% -> 1    0.00%, 2  100.00%, 3    0.00%
类型3 正确率： 100.00% -> 1    0.00%, 2    0.00%, 3  100.00%


