

现在开始拿源域训练集：(B1)N15_M01_F10 进行训练
源域读取路径：/kaggle/working/m1/sdalr_PU_as_released/DATA_foldB/PU_M1_L3/N15_M01_F10_label.txt
excel输出位置：/kaggle/working/m1/weight_src_PU_M1_FB_s2024/NEW_PU/Source-源域
log&pt输出位置：/kaggle/working/m1/weight_src_PU_M1_FB_s2024/NEW_PU/Source-源域/log&pt/(B1)N15_M01_F10
特征图片输出位置：/kaggle/working/m1/weight_src_PU_M1_FB_s2024/NEW_PU/Picture-特征图/2026年09月13日14时38分/(B1)N15_M01_F10
源域训练开始
轮次:··1/·10 || loss:0.015 || 耗时：9.62s
轮次:··2/·10 || loss:0.019 || 耗时：7.63s
轮次:··3/·10 || loss:0.012 || 耗时：7.69s
轮次:··4/·10 || loss:0.006 || 耗时：7.80s
轮次:··5/·10 || loss:0.002 || 耗时：7.91s
任务: (B1)N15_M01_F10; mix批次:····0; 批次:··330/··660; 总正确率 = 99.82%
类型1 正确率： 100.00% -> 1  100.00%, 2    0.00%, 3    0.00%
类型2 正确率：  99.00% -> 1    0.00%, 2   99.47%, 3    0.53%
类型3 正确率： 100.00% -> 1    0.00%, 2    0.00%, 3  100.00%


轮次:··6/·10 || loss:0.001 || 耗时：7.93s
轮次:··7/·10 || loss:0.008 || 耗时：8.06s
轮次:··8/·10 || loss:0.027 || 耗时：8.20s
轮次:··9/·10 || loss:0.018 || 耗时：8.31s
轮次:·10/·10 || loss:0.000 || 耗时：8.44s
任务: (B1)N15_M01_F10; mix批次:····0; 批次:··660/··660; 总正确率 = 99.82%
类型1 正确率： 100.00% -> 1  100.00%, 2    0.00%, 3    0.00%
类型2 正确率：  99.00% -> 1    0.00%, 2   99.47%, 3    0.53%
类型3 正确率： 100.00% -> 1    0.00%, 2    0.00%, 3  100.00%


测试集任务: (B1)N15_M01_F10; 总正确率 = 100.00%
类型1 正确率： 100.00% -> 1  100.00%, 2    0.00%, 3    0.00%
类型2 正确率： 100.00% -> 1    0.00%, 2  100.00%, 3    0.00%
类型3 正确率： 100.00% -> 1    0.00%, 2    0.00%, 3  100.00%


源域训练结束

训练好之后，测试目标域
目标域路径：/kaggle/working/m1/sdalr_PU_as_released/DATA_foldB/PU_M1_L3/N15_M07_F10_label.txt
测试目标数据集结果如下：
任务: (B1)N15_M01_F10→(B2)N15_M07_F10, 正确率 = 100.00%
类型1 正确率： 100.00% -> 1  100.00%, 2    0.00%, 3    0.00%
类型2 正确率： 100.00% -> 1    0.00%, 2  100.00%, 3    0.00%
类型3 正确率： 100.00% -> 1    0.00%, 2    0.00%, 3  100.00%

目标域路径：/kaggle/working/m1/sdalr_PU_as_released/DATA_foldB/PU_M1_L3/N15_M07_F04_label.txt
测试目标数据集结果如下：
任务: (B1)N15_M01_F10→(B3)N15_M07_F04, 正确率 = 98.92%
类型1 正确率： 100.00% -> 1  100.00%, 2    0.00%, 3    0.00%
类型2 正确率：  98.00% -> 1    0.00%, 2   97.52%, 3    2.48%
类型3 正确率：  99.00% -> 1    0.51%, 2    0.26%, 3   99.23%



现在开始拿源域训练集：(B2)N15_M07_F10 进行训练
源域读取路径：/kaggle/working/m1/sdalr_PU_as_released/DATA_foldB/PU_M1_L3/N15_M07_F10_label.txt
excel输出位置：/kaggle/working/m1/weight_src_PU_M1_FB_s2024/NEW_PU/Source-源域
log&pt输出位置：/kaggle/working/m1/weight_src_PU_M1_FB_s2024/NEW_PU/Source-源域/log&pt/(B2)N15_M07_F10
特征图片输出位置：/kaggle/working/m1/weight_src_PU_M1_FB_s2024/NEW_PU/Picture-特征图/2026年09月13日14时38分/(B2)N15_M07_F10
源域训练开始
轮次:··1/·10 || loss:0.001 || 耗时：8.69s
轮次:··2/·10 || loss:0.001 || 耗时：8.78s
轮次:··3/·10 || loss:0.028 || 耗时：8.96s
轮次:··4/·10 || loss:0.001 || 耗时：9.17s
轮次:··5/·10 || loss:0.001 || 耗时：9.22s
任务: (B2)N15_M07_F10; mix批次:····0; 批次:··330/··660; 总正确率 = 100.00%
类型1 正确率： 100.00% -> 1  100.00%, 2    0.00%, 3    0.00%
类型2 正确率： 100.00% -> 1    0.00%, 2  100.00%, 3    0.00%
类型3 正确率： 100.00% -> 1    0.00%, 2    0.00%, 3  100.00%


轮次:··6/·10 || loss:0.002 || 耗时：8.99s
轮次:··7/·10 || loss:0.001 || 耗时：8.82s
轮次:··8/·10 || loss:0.020 || 耗时：8.77s
轮次:··9/·10 || loss:0.004 || 耗时：8.74s
轮次:·10/·10 || loss:0.001 || 耗时：8.74s
任务: (B2)N15_M07_F10; mix批次:····0; 批次:··660/··660; 总正确率 = 99.83%
类型1 正确率： 100.00% -> 1  100.00%, 2    0.00%, 3    0.00%
类型2 正确率：  99.00% -> 1    0.00%, 2   99.49%, 3    0.51%
类型3 正确率： 100.00% -> 1    0.00%, 2    0.00%, 3  100.00%


测试集任务: (B2)N15_M07_F10; 总正确率 = 100.00%
类型1 正确率： 100.00% -> 1  100.00%, 2    0.00%, 3    0.00%
类型2 正确率： 100.00% -> 1    0.00%, 2  100.00%, 3    0.00%
类型3 正确率： 100.00% -> 1    0.00%, 2    0.00%, 3  100.00%


源域训练结束

训练好之后，测试目标域
目标域路径：/kaggle/working/m1/sdalr_PU_as_released/DATA_foldB/PU_M1_L3/N15_M01_F10_label.txt
测试目标数据集结果如下：
任务: (B2)N15_M07_F10→(B1)N15_M01_F10, 正确率 = 100.00%
类型1 正确率： 100.00% -> 1  100.00%, 2    0.00%, 3    0.00%
类型2 正确率： 100.00% -> 1    0.00%, 2  100.00%, 3    0.00%
类型3 正确率： 100.00% -> 1    0.00%, 2    0.00%, 3  100.00%

目标域路径：/kaggle/working/m1/sdalr_PU_as_released/DATA_foldB/PU_M1_L3/N15_M07_F04_label.txt
测试目标数据集结果如下：
任务: (B2)N15_M07_F10→(B3)N15_M07_F04, 正确率 = 96.88%
类型1 正确率： 100.00% -> 1  100.00%, 2    0.00%, 3    0.00%
类型2 正确率：  92.00% -> 1    0.00%, 2   91.67%, 3    8.33%
类型3 正确率：  99.00% -> 1    1.02%, 2    0.00%, 3   98.98%



现在开始拿源域训练集：(B3)N15_M07_F04 进行训练
源域读取路径：/kaggle/working/m1/sdalr_PU_as_released/DATA_foldB/PU_M1_L3/N15_M07_F04_label.txt
excel输出位置：/kaggle/working/m1/weight_src_PU_M1_FB_s2024/NEW_PU/Source-源域
log&pt输出位置：/kaggle/working/m1/weight_src_PU_M1_FB_s2024/NEW_PU/Source-源域/log&pt/(B3)N15_M07_F04
特征图片输出位置：/kaggle/working/m1/weight_src_PU_M1_FB_s2024/NEW_PU/Picture-特征图/2026年09月13日14时38分/(B3)N15_M07_F04
源域训练开始
轮次:··1/·10 || loss:0.024 || 耗时：8.74s
轮次:··2/·10 || loss:0.004 || 耗时：8.82s
轮次:··3/·10 || loss:0.087 || 耗时：8.88s
轮次:··4/·10 || loss:0.014 || 耗时：8.90s
轮次:··5/·10 || loss:0.004 || 耗时：8.92s
任务: (B3)N15_M07_F04; mix批次:····0; 批次:··330/··660; 总正确率 = 100.00%
类型1 正确率： 100.00% -> 1  100.00%, 2    0.00%, 3    0.00%
类型2 正确率： 100.00% -> 1    0.00%, 2  100.00%, 3    0.00%
类型3 正确率： 100.00% -> 1    0.00%, 2    0.00%, 3  100.00%


轮次:··6/·10 || loss:0.084 || 耗时：8.87s
轮次:··7/·10 || loss:0.026 || 耗时：8.85s
轮次:··8/·10 || loss:0.000 || 耗时：8.81s
轮次:··9/·10 || loss:0.005 || 耗时：8.81s
轮次:·10/·10 || loss:0.001 || 耗时：8.79s
任务: (B3)N15_M07_F04; mix批次:····0; 批次:··660/··660; 总正确率 = 100.00%
类型1 正确率： 100.00% -> 1  100.00%, 2    0.00%, 3    0.00%
类型2 正确率： 100.00% -> 1    0.00%, 2  100.00%, 3    0.00%
类型3 正确率： 100.00% -> 1    0.00%, 2    0.00%, 3  100.00%


测试集任务: (B3)N15_M07_F04; 总正确率 = 99.68%
类型1 正确率： 100.00% -> 1  100.00%, 2    0.00%, 3    0.00%
类型2 正确率：  99.00% -> 1    0.00%, 2   99.05%, 3    0.95%
类型3 正确率： 100.00% -> 1    0.00%, 2    0.00%, 3  100.00%


源域训练结束

训练好之后，测试目标域
目标域路径：/kaggle/working/m1/sdalr_PU_as_released/DATA_foldB/PU_M1_L3/N15_M01_F10_label.txt
测试目标数据集结果如下：
任务: (B3)N15_M07_F04→(B1)N15_M01_F10, 正确率 = 99.67%
类型1 正确率： 100.00% -> 1   99.73%, 2    0.00%, 3    0.27%
类型2 正确率： 100.00% -> 1    0.00%, 2  100.00%, 3    0.00%
类型3 正确率：  99.00% -> 1    0.00%, 2    0.72%, 3   99.28%

目标域路径：/kaggle/working/m1/sdalr_PU_as_released/DATA_foldB/PU_M1_L3/N15_M07_F10_label.txt
测试目标数据集结果如下：
任务: (B3)N15_M07_F04→(B2)N15_M07_F10, 正确率 = 99.14%
类型1 正确率： 100.00% -> 1   99.75%, 2    0.00%, 3    0.25%
类型2 正确率： 100.00% -> 1    0.00%, 2  100.00%, 3    0.00%
类型3 正确率：  98.00% -> 1    0.00%, 2    2.34%, 3   97.66%

