读取源域路径：/kaggle/working/shot_k10/S04/weight_PU_M1_shot_FS04toS04c_s2024/NEW_PU/Source-源域/log&pt/(B2)N15_M07_F10
excel输出位置：/kaggle/working/shot_k10/S04/weight_PU_M1_shot_FS04toS04c_s2024/NEW_PU/Target-目标域
特征图片输出位置：/kaggle/working/shot_k10/S04/weight_PU_M1_shot_FS04toS04c_s2024/NEW_PU/Picture-特征图/2026年09月22日01时40分/(B2)N15_M07_F10
现在选取:(B2)N15_M07_F10 进行训练的源模型
现在进行：(B2)N15_M07_F10→(B3)N15_M07_F04 的迁移任务
log&pt输出位置：/kaggle/working/shot_k10/S04/weight_PU_M1_shot_FS04toS04c_s2024/NEW_PU/Target-目标域/log&pt/(B2)N15_M07_F10→(B3)N15_M07_F04
任务: (B2)N15_M07_F10→(B3)N15_M07_F04; 批次:····0/·1880;  总正确率: 81.50%
类型1 正确率：  99.00% -> 1   98.65%, 2    1.35%, 3    0.00%
类型2 正确率：  53.00% -> 1    0.00%, 2   52.75%, 3   47.25%
类型3 正确率：  93.00% -> 1    0.00%, 2    6.90%, 3   93.10%


SHOT pseudo-labels: model 81.50% -> centroid 79.63%
轮次:··1/·20 || cls:1.567 || im:-0.802 || 耗时：22.30s
SHOT pseudo-labels: model 73.87% -> centroid 73.33%
轮次:··2/·20 || cls:1.556 || im:-0.786 || 耗时：16.60s
SHOT pseudo-labels: model 69.17% -> centroid 72.17%
轮次:··3/·20 || cls:1.131 || im:-0.734 || 耗时：16.02s
SHOT pseudo-labels: model 66.73% -> centroid 71.30%
轮次:··4/·20 || cls:0.775 || im:-0.679 || 耗时：15.89s
SHOT pseudo-labels: model 57.87% -> centroid 64.47%
轮次:··5/·20 || cls:0.727 || im:-0.586 || 耗时：16.02s
SHOT pseudo-labels: model 57.35% -> centroid 65.42%
轮次:··6/·20 || cls:0.722 || im:-0.678 || 耗时：16.24s
SHOT pseudo-labels: model 56.00% -> centroid 65.15%
轮次:··7/·20 || cls:0.787 || im:-0.613 || 耗时：16.28s
SHOT pseudo-labels: model 58.15% -> centroid 68.37%
轮次:··8/·20 || cls:0.780 || im:-0.572 || 耗时：16.10s
SHOT pseudo-labels: model 61.57% -> centroid 68.00%
轮次:··9/·20 || cls:0.665 || im:-0.676 || 耗时：16.05s
SHOT pseudo-labels: model 59.70% -> centroid 70.08%
轮次:·10/·20 || cls:0.559 || im:-0.545 || 耗时：16.15s
SHOT pseudo-labels: model 60.73% -> centroid 70.93%
轮次:·11/·20 || cls:0.820 || im:-0.606 || 耗时：16.20s
SHOT pseudo-labels: model 61.83% -> centroid 73.10%
轮次:·12/·20 || cls:0.757 || im:-0.624 || 耗时：16.16s
SHOT pseudo-labels: model 64.08% -> centroid 74.52%
轮次:·13/·20 || cls:0.667 || im:-0.667 || 耗时：16.09s
SHOT pseudo-labels: model 63.15% -> centroid 72.65%
轮次:·14/·20 || cls:0.678 || im:-0.632 || 耗时：16.09s
SHOT pseudo-labels: model 65.53% -> centroid 74.40%
轮次:·15/·20 || cls:0.593 || im:-0.614 || 耗时：16.04s
SHOT pseudo-labels: model 64.90% -> centroid 74.52%
轮次:·16/·20 || cls:0.771 || im:-0.641 || 耗时：16.02s
SHOT pseudo-labels: model 65.88% -> centroid 74.50%
轮次:·17/·20 || cls:0.663 || im:-0.667 || 耗时：16.08s
SHOT pseudo-labels: model 66.28% -> centroid 73.97%
轮次:·18/·20 || cls:0.749 || im:-0.614 || 耗时：16.07s
SHOT pseudo-labels: model 66.42% -> centroid 73.98%
轮次:·19/·20 || cls:0.813 || im:-0.674 || 耗时：16.06s
SHOT pseudo-labels: model 66.23% -> centroid 73.40%
轮次:·20/·20 || cls:0.419 || im:-0.610 || 耗时：16.11s
测试集任务: (B2)N15_M07_F10→(B3)N15_M07_F04; 总正确率 = 67.72%
类型1 正确率：  90.00% -> 1   89.55%, 2    8.00%, 3    2.45%
类型2 正确率：  51.00% -> 1   21.85%, 2   51.10%, 3   27.05%
类型3 正确率：  62.00% -> 1    0.00%, 2   37.50%, 3   62.50%


