读取源域路径：/kaggle/working/shot_k10/S04/weight_PU_M1_shot_FS04toS04c_s2024/NEW_PU/Source-源域/log&pt/(B3)N15_M07_F04
excel输出位置：/kaggle/working/shot_k10/S04/weight_PU_M1_shot_FS04toS04c_s2024/NEW_PU/Target-目标域
特征图片输出位置：/kaggle/working/shot_k10/S04/weight_PU_M1_shot_FS04toS04c_s2024/NEW_PU/Picture-特征图/2026年09月22日01时45分/(B3)N15_M07_F04
现在选取:(B3)N15_M07_F04 进行训练的源模型
现在进行：(B3)N15_M07_F04→(B1)N15_M01_F10 的迁移任务
log&pt输出位置：/kaggle/working/shot_k10/S04/weight_PU_M1_shot_FS04toS04c_s2024/NEW_PU/Target-目标域/log&pt/(B3)N15_M07_F04→(B1)N15_M01_F10
任务: (B3)N15_M07_F04→(B1)N15_M01_F10; 批次:····0/·1880;  总正确率: 61.33%
类型1 正确率：  98.00% -> 1   98.35%, 2    0.55%, 3    1.10%
类型2 正确率：   4.00% -> 1    0.00%, 2    3.90%, 3   96.10%
类型3 正确率：  82.00% -> 1    0.60%, 2   17.65%, 3   81.75%


SHOT pseudo-labels: model 61.33% -> centroid 60.32%
轮次:··1/·20 || cls:1.294 || im:-0.853 || 耗时：22.21s
SHOT pseudo-labels: model 57.23% -> centroid 63.77%
轮次:··2/·20 || cls:1.669 || im:-0.866 || 耗时：16.58s
SHOT pseudo-labels: model 57.60% -> centroid 58.62%
轮次:··3/·20 || cls:1.031 || im:-0.729 || 耗时：15.98s
SHOT pseudo-labels: model 54.95% -> centroid 66.35%
轮次:··4/·20 || cls:0.822 || im:-0.684 || 耗时：15.89s
SHOT pseudo-labels: model 51.87% -> centroid 49.63%
轮次:··5/·20 || cls:0.762 || im:-0.675 || 耗时：16.07s
SHOT pseudo-labels: model 46.82% -> centroid 33.33%
轮次:··6/·20 || cls:0.800 || im:-0.675 || 耗时：16.24s
SHOT pseudo-labels: model 50.72% -> centroid 45.30%
轮次:··7/·20 || cls:0.920 || im:-0.606 || 耗时：16.23s
SHOT pseudo-labels: model 46.28% -> centroid 37.57%
轮次:··8/·20 || cls:0.687 || im:-0.613 || 耗时：16.15s
SHOT pseudo-labels: model 49.62% -> centroid 47.57%
轮次:··9/·20 || cls:0.760 || im:-0.662 || 耗时：16.03s
SHOT pseudo-labels: model 46.42% -> centroid 34.23%
轮次:·10/·20 || cls:0.711 || im:-0.641 || 耗时：16.04s
SHOT pseudo-labels: model 50.97% -> centroid 44.03%
轮次:·11/·20 || cls:0.869 || im:-0.574 || 耗时：16.05s
SHOT pseudo-labels: model 45.27% -> centroid 38.23%
轮次:·12/·20 || cls:0.568 || im:-0.540 || 耗时：16.06s
SHOT pseudo-labels: model 50.60% -> centroid 50.22%
轮次:·13/·20 || cls:0.662 || im:-0.566 || 耗时：16.07s
SHOT pseudo-labels: model 52.37% -> centroid 50.42%
轮次:·14/·20 || cls:0.633 || im:-0.468 || 耗时：16.05s
SHOT pseudo-labels: model 52.90% -> centroid 53.23%
轮次:·15/·20 || cls:0.695 || im:-0.647 || 耗时：16.09s
SHOT pseudo-labels: model 52.13% -> centroid 50.67%
轮次:·16/·20 || cls:0.751 || im:-0.665 || 耗时：16.12s
SHOT pseudo-labels: model 51.30% -> centroid 48.90%
轮次:·17/·20 || cls:0.693 || im:-0.689 || 耗时：16.15s
SHOT pseudo-labels: model 50.82% -> centroid 50.63%
轮次:·18/·20 || cls:0.601 || im:-0.585 || 耗时：16.11s
SHOT pseudo-labels: model 52.15% -> centroid 51.00%
轮次:·19/·20 || cls:0.779 || im:-0.630 || 耗时：16.06s
SHOT pseudo-labels: model 54.33% -> centroid 52.58%
轮次:·20/·20 || cls:0.583 || im:-0.570 || 耗时：16.04s
测试集任务: (B3)N15_M07_F04→(B1)N15_M01_F10; 总正确率 = 53.82%
类型1 正确率：  70.00% -> 1   69.70%, 2    5.65%, 3   24.65%
类型2 正确率：  55.00% -> 1    0.20%, 2   55.45%, 3   44.35%
类型3 正确率：  36.00% -> 1   39.50%, 2   24.20%, 3   36.30%


