读取源域路径：/kaggle/working/shot_k10/S04/weight_PU_M1_shot_FS04toS04c_s2024/NEW_PU/Source-源域/log&pt/(B1)N15_M01_F10
excel输出位置：/kaggle/working/shot_k10/S04/weight_PU_M1_shot_FS04toS04c_s2024/NEW_PU/Target-目标域
特征图片输出位置：/kaggle/working/shot_k10/S04/weight_PU_M1_shot_FS04toS04c_s2024/NEW_PU/Picture-特征图/2026年09月22日01时23分/(B1)N15_M01_F10
现在选取:(B1)N15_M01_F10 进行训练的源模型
现在进行：(B1)N15_M01_F10→(B2)N15_M07_F10 的迁移任务
log&pt输出位置：/kaggle/working/shot_k10/S04/weight_PU_M1_shot_FS04toS04c_s2024/NEW_PU/Target-目标域/log&pt/(B1)N15_M01_F10→(B2)N15_M07_F10
任务: (B1)N15_M01_F10→(B2)N15_M07_F10; 批次:····0/·1880;  总正确率: 90.00%
类型1 正确率：  97.00% -> 1   97.10%, 2    2.85%, 3    0.05%
类型2 正确率：  82.00% -> 1    0.00%, 2   82.00%, 3   18.00%
类型3 正确率：  91.00% -> 1    0.00%, 2    9.10%, 3   90.90%


SHOT pseudo-labels: model 90.00% -> centroid 86.23%
轮次:··1/·20 || cls:1.178 || im:-0.767 || 耗时：22.69s
SHOT pseudo-labels: model 82.22% -> centroid 76.98%
轮次:··2/·20 || cls:1.513 || im:-0.786 || 耗时：16.91s
SHOT pseudo-labels: model 77.75% -> centroid 63.85%
轮次:··3/·20 || cls:0.813 || im:-0.629 || 耗时：16.13s
SHOT pseudo-labels: model 76.20% -> centroid 70.95%
轮次:··4/·20 || cls:0.716 || im:-0.670 || 耗时：15.74s
SHOT pseudo-labels: model 74.72% -> centroid 74.12%
轮次:··5/·20 || cls:0.678 || im:-0.624 || 耗时：15.86s
SHOT pseudo-labels: model 73.85% -> centroid 64.03%
轮次:··6/·20 || cls:0.701 || im:-0.660 || 耗时：16.45s
SHOT pseudo-labels: model 73.55% -> centroid 71.83%
轮次:··7/·20 || cls:0.632 || im:-0.553 || 耗时：16.34s
SHOT pseudo-labels: model 75.98% -> centroid 59.98%
轮次:··8/·20 || cls:0.853 || im:-0.660 || 耗时：15.97s
SHOT pseudo-labels: model 78.23% -> centroid 75.05%
轮次:··9/·20 || cls:0.543 || im:-0.564 || 耗时：15.94s
SHOT pseudo-labels: model 80.42% -> centroid 75.35%
轮次:·10/·20 || cls:0.657 || im:-0.702 || 耗时：16.10s
SHOT pseudo-labels: model 82.07% -> centroid 75.75%
轮次:·11/·20 || cls:0.662 || im:-0.528 || 耗时：16.27s
SHOT pseudo-labels: model 83.73% -> centroid 77.32%
轮次:·12/·20 || cls:0.686 || im:-0.664 || 耗时：16.14s
SHOT pseudo-labels: model 83.63% -> centroid 77.30%
轮次:·13/·20 || cls:0.646 || im:-0.703 || 耗时：16.01s
SHOT pseudo-labels: model 84.23% -> centroid 76.42%
轮次:·14/·20 || cls:0.764 || im:-0.599 || 耗时：16.02s
SHOT pseudo-labels: model 83.87% -> centroid 77.02%
轮次:·15/·20 || cls:0.723 || im:-0.713 || 耗时：16.11s
SHOT pseudo-labels: model 85.28% -> centroid 77.67%
轮次:·16/·20 || cls:0.766 || im:-0.731 || 耗时：16.14s
SHOT pseudo-labels: model 85.10% -> centroid 76.93%
轮次:·17/·20 || cls:0.916 || im:-0.721 || 耗时：16.15s
SHOT pseudo-labels: model 84.62% -> centroid 76.50%
轮次:·18/·20 || cls:0.845 || im:-0.750 || 耗时：16.07s
SHOT pseudo-labels: model 85.65% -> centroid 76.67%
轮次:·19/·20 || cls:0.840 || im:-0.615 || 耗时：16.00s
SHOT pseudo-labels: model 85.18% -> centroid 76.72%
轮次:·20/·20 || cls:0.667 || im:-0.748 || 耗时：16.07s
测试集任务: (B1)N15_M01_F10→(B2)N15_M07_F10; 总正确率 = 85.18%
类型1 正确率：  99.00% -> 1   99.20%, 2    0.05%, 3    0.75%
类型2 正确率：  76.00% -> 1    0.00%, 2   76.05%, 3   23.95%
类型3 正确率：  80.00% -> 1    0.00%, 2   19.70%, 3   80.30%


