读取源域路径：/kaggle/working/shot_k10/S04/weight_PU_M1_shot_FS04toS04c_s2024/NEW_PU/Source-源域/log&pt/(B1)N15_M01_F10
excel输出位置：/kaggle/working/shot_k10/S04/weight_PU_M1_shot_FS04toS04c_s2024/NEW_PU/Target-目标域
特征图片输出位置：/kaggle/working/shot_k10/S04/weight_PU_M1_shot_FS04toS04c_s2024/NEW_PU/Picture-特征图/2026年09月22日01时28分/(B1)N15_M01_F10
现在选取:(B1)N15_M01_F10 进行训练的源模型
现在进行：(B1)N15_M01_F10→(B3)N15_M07_F04 的迁移任务
log&pt输出位置：/kaggle/working/shot_k10/S04/weight_PU_M1_shot_FS04toS04c_s2024/NEW_PU/Target-目标域/log&pt/(B1)N15_M01_F10→(B3)N15_M07_F04
任务: (B1)N15_M01_F10→(B3)N15_M07_F04; 批次:····0/·1880;  总正确率: 78.67%
类型1 正确率：  97.00% -> 1   96.60%, 2    3.40%, 3    0.00%
类型2 正确率：  88.00% -> 1    0.00%, 2   87.50%, 3   12.50%
类型3 正确率：  52.00% -> 1    0.00%, 2   48.10%, 3   51.90%


SHOT pseudo-labels: model 78.67% -> centroid 79.50%
轮次:··1/·20 || cls:1.081 || im:-0.779 || 耗时：22.21s
SHOT pseudo-labels: model 68.63% -> centroid 74.35%
轮次:··2/·20 || cls:1.302 || im:-0.755 || 耗时：16.48s
SHOT pseudo-labels: model 60.52% -> centroid 66.67%
轮次:··3/·20 || cls:0.852 || im:-0.609 || 耗时：15.99s
SHOT pseudo-labels: model 57.03% -> centroid 57.72%
轮次:··4/·20 || cls:0.734 || im:-0.668 || 耗时：15.91s
SHOT pseudo-labels: model 54.15% -> centroid 48.08%
轮次:··5/·20 || cls:0.736 || im:-0.586 || 耗时：16.01s
SHOT pseudo-labels: model 53.48% -> centroid 49.03%
轮次:··6/·20 || cls:0.824 || im:-0.707 || 耗时：16.20s
SHOT pseudo-labels: model 53.28% -> centroid 51.12%
轮次:··7/·20 || cls:0.552 || im:-0.544 || 耗时：16.16s
SHOT pseudo-labels: model 53.83% -> centroid 52.73%
轮次:··8/·20 || cls:0.747 || im:-0.682 || 耗时：16.04s
SHOT pseudo-labels: model 53.27% -> centroid 51.47%
轮次:··9/·20 || cls:0.551 || im:-0.646 || 耗时：16.02s
SHOT pseudo-labels: model 52.97% -> centroid 49.53%
轮次:·10/·20 || cls:0.727 || im:-0.655 || 耗时：16.07s
SHOT pseudo-labels: model 54.13% -> centroid 65.77%
轮次:·11/·20 || cls:0.694 || im:-0.549 || 耗时：16.18s
SHOT pseudo-labels: model 54.37% -> centroid 62.35%
轮次:·12/·20 || cls:0.706 || im:-0.656 || 耗时：16.18s
SHOT pseudo-labels: model 54.70% -> centroid 58.25%
轮次:·13/·20 || cls:0.658 || im:-0.620 || 耗时：16.14s
SHOT pseudo-labels: model 54.25% -> centroid 66.15%
轮次:·14/·20 || cls:0.670 || im:-0.529 || 耗时：16.09s
SHOT pseudo-labels: model 54.27% -> centroid 66.75%
轮次:·15/·20 || cls:0.760 || im:-0.670 || 耗时：16.10s
SHOT pseudo-labels: model 54.58% -> centroid 66.82%
轮次:·16/·20 || cls:0.895 || im:-0.612 || 耗时：16.11s
SHOT pseudo-labels: model 54.72% -> centroid 67.05%
轮次:·17/·20 || cls:0.794 || im:-0.693 || 耗时：16.14s
SHOT pseudo-labels: model 54.25% -> centroid 58.70%
轮次:·18/·20 || cls:0.829 || im:-0.663 || 耗时：16.16s
SHOT pseudo-labels: model 53.53% -> centroid 62.27%
轮次:·19/·20 || cls:0.739 || im:-0.643 || 耗时：16.15s
SHOT pseudo-labels: model 52.67% -> centroid 51.38%
轮次:·20/·20 || cls:0.659 || im:-0.630 || 耗时：16.13s
测试集任务: (B1)N15_M01_F10→(B3)N15_M07_F04; 总正确率 = 53.55%
类型1 正确率：  68.00% -> 1   68.20%, 2    0.95%, 3   30.85%
类型2 正确率：  70.00% -> 1    0.35%, 2   70.15%, 3   29.50%
类型3 正确率：  22.00% -> 1   48.20%, 2   29.50%, 3   22.30%


