读取源域路径：/kaggle/working/m0diag/weight_PU_as_released_s2/NEW_PU/Source-源域/log&pt/(B2)N15_M07_F10
excel输出位置：/kaggle/working/m0diag/weight_PU_as_released_s2/NEW_PU/Target-目标域
特征图片输出位置：/kaggle/working/m0diag/weight_PU_as_released_s2/NEW_PU/Picture-特征图/2026年09月13日19时47分/(B2)N15_M07_F10
现在选取:(B2)N15_M07_F10 进行训练的源模型
现在进行：(B2)N15_M07_F10→(B3)N15_M07_F04 的迁移任务
log&pt输出位置：/kaggle/working/m0diag/weight_PU_as_released_s2/NEW_PU/Target-目标域/log&pt/(B2)N15_M07_F10→(B3)N15_M07_F04
任务: (B2)N15_M07_F10→(B3)N15_M07_F04; 批次:····0/·5000;  总正确率: 84.79%
类型1 正确率： 100.00% -> 1  100.00%, 2    0.00%, 3    0.00%, 4    0.00%, 5    0.00%, 6    0.00%, 7    0.00%, 8    0.00%
类型2 正确率：  93.00% -> 1    0.00%, 2   92.90%, 3    7.10%, 4    0.00%, 5    0.00%, 6    0.00%, 7    0.00%, 8    0.00%
类型3 正确率：  88.00% -> 1    0.00%, 2    0.00%, 3   88.20%, 4    0.00%, 5    0.00%, 6   11.75%, 7    0.00%, 8    0.05%
类型4 正确率：  83.00% -> 1    0.00%, 2    0.00%, 3   17.20%, 4   82.80%, 5    0.00%, 6    0.00%, 7    0.00%, 8    0.00%
类型5 正确率：  82.00% -> 1   16.80%, 2    0.30%, 3    0.55%, 4    0.00%, 5   82.30%, 6    0.05%, 7    0.00%, 8    0.00%
类型6 正确率：  74.00% -> 1    0.00%, 2    0.00%, 3   26.30%, 4    0.00%, 5    0.00%, 6   73.70%, 7    0.00%, 8    0.00%
类型7 正确率：  89.00% -> 1    0.00%, 2    0.20%, 3    4.65%, 4    6.35%, 5    0.00%, 6    0.00%, 7   88.80%, 8    0.00%
类型8 正确率：  70.00% -> 1    0.00%, 2    0.00%, 3    6.90%, 4    0.20%, 5    0.00%, 6    0.05%, 7   23.20%, 8   69.65%


样本变换：reverse
样本变换：mask
样本变换：shift
样本变换：none
未过滤	未用伪标签：84.79% -> 使用伪标签：93.53%
已过滤	未用伪标签：85.14% -> 使用伪标签：94.88%
排除样本：228|16000	剩余：2347, 2008, 1621, 2052, 1630, 2313, 1928, 1873
增添样本：3004		细则：0, 339, 726, 295, 717, 34, 419, 474	正确率估算：90.81%
类型1 正确率： 100.00% -> 1  100.00%, 2    0.00%, 3    0.00%, 4    0.00%, 5    0.00%, 6    0.00%, 7    0.00%, 8    0.00%
类型2 正确率： 100.00% -> 1    0.00%, 2  100.00%, 3    0.00%, 4    0.00%, 5    0.00%, 6    0.00%, 7    0.00%, 8    0.00%
类型3 正确率：  83.00% -> 1    0.00%, 2    0.00%, 3   83.07%, 4    0.00%, 5    0.00%, 6   16.93%, 7    0.00%, 8    0.00%
类型4 正确率： 100.00% -> 1    0.00%, 2    0.00%, 3    0.00%, 4  100.00%, 5    0.00%, 6    0.00%, 7    0.00%, 8    0.00%
类型5 正确率：  82.00% -> 1   17.52%, 2    0.20%, 3    0.00%, 4    0.00%, 5   82.28%, 6    0.00%, 7    0.00%, 8    0.00%
类型6 正确率： 100.00% -> 1    0.00%, 2    0.00%, 3    0.10%, 4    0.00%, 5    0.00%, 6   99.90%, 7    0.00%, 8    0.00%
类型7 正确率：  97.00% -> 1    0.00%, 2    0.20%, 3    0.05%, 4    2.68%, 5    0.00%, 6    0.00%, 7   97.07%, 8    0.00%
类型8 正确率：  96.00% -> 1    0.00%, 2    0.00%, 3    3.68%, 4    0.00%, 5    0.00%, 6    0.10%, 7    0.36%, 8   95.85%

被排除样本 正确率：60.53%
类型1 没有样本或未被分类。
类型2 没有样本或未被分类。
类型3 正确率：  79.00% -> 1    0.00%, 2    0.00%, 3   79.14%, 4    0.00%, 5    0.00%, 6   20.86%, 7    0.00%, 8    0.00%
类型4 正确率：   0.00% -> 1    0.00%, 2    0.00%, 3  100.00%, 4    0.00%, 5    0.00%, 6    0.00%, 7    0.00%, 8    0.00%
类型5 正确率：  47.00% -> 1   42.11%, 2   10.53%, 3    0.00%, 4    0.00%, 5   47.37%, 6    0.00%, 7    0.00%, 8    0.00%
类型6 正确率：   0.00% -> 1    0.00%, 2    0.00%, 3  100.00%, 4    0.00%, 5    0.00%, 6    0.00%, 7    0.00%, 8    0.00%
类型7 正确率：  14.00% -> 1    0.00%, 2    0.00%, 3   38.10%, 4   47.62%, 5    0.00%, 6    0.00%, 7   14.29%, 8    0.00%
类型8 正确率：  35.00% -> 1    0.00%, 2    0.00%, 3   43.48%, 4    0.00%, 5    0.00%, 6    0.00%, 7   21.74%, 8   34.78%


轮次:··1/·20 || c_Loss:0.748 || e_Loss:-1.698 || Aad_Loss:-10.607 || 耗时：84.61s
轮次:··2/·20 || c_Loss:0.731 || e_Loss:-2.886 || Aad_Loss:-11.034 || 耗时：35.47s
轮次:··3/·20 || c_Loss:0.649 || e_Loss:-2.738 || Aad_Loss:-10.708 || 耗时：35.46s
轮次:··4/·20 || c_Loss:0.647 || e_Loss:-3.138 || Aad_Loss:-11.043 || 耗时：35.48s
轮次:··5/·20 || c_Loss:0.704 || e_Loss:-2.783 || Aad_Loss:-10.561 || 耗时：35.45s
任务: (B2)N15_M07_F10→(B3)N15_M07_F04; mix批次:····0; 批次:·1250/·5000;  总正确率: 96.06%
类型1 正确率： 100.00% -> 1  100.00%, 2    0.00%, 3    0.00%, 4    0.00%, 5    0.00%, 6    0.00%, 7    0.00%, 8    0.00%
类型2 正确率： 100.00% -> 1    0.00%, 2  100.00%, 3    0.00%, 4    0.00%, 5    0.00%, 6    0.00%, 7    0.00%, 8    0.00%
类型3 正确率：  88.00% -> 1    0.00%, 2    0.00%, 3   87.65%, 4    0.00%, 5    0.00%, 6   12.20%, 7    0.00%, 8    0.15%
类型4 正确率： 100.00% -> 1    0.00%, 2    0.00%, 3    0.00%, 4  100.00%, 5    0.00%, 6    0.00%, 7    0.00%, 8    0.00%
类型5 正确率：  84.00% -> 1   15.95%, 2    0.00%, 3    0.00%, 4    0.00%, 5   84.05%, 6    0.00%, 7    0.00%, 8    0.00%
类型6 正确率： 100.00% -> 1    0.00%, 2    0.00%, 3    0.00%, 4    0.00%, 5    0.00%, 6  100.00%, 7    0.00%, 8    0.00%
类型7 正确率：  98.00% -> 1    0.00%, 2    0.05%, 3    0.00%, 4    1.65%, 5    0.00%, 6    0.00%, 7   98.30%, 8    0.00%
类型8 正确率：  98.00% -> 1    0.00%, 2    0.00%, 3    1.45%, 4    0.10%, 5    0.00%, 6    0.00%, 7    0.00%, 8   98.45%


样本变换：reverse
样本变换：mask
样本变换：shift
样本变换：none
未过滤	未用伪标签：96.06% -> 使用伪标签：96.21%
已过滤	未用伪标签：96.27% -> 使用伪标签：96.72%
排除样本：85|16000	剩余：2342, 2001, 1803, 2036, 1646, 2139, 1950, 1998
增添样本：2821		细则：0, 341, 539, 306, 696, 203, 392, 344	正确率估算：98.51%
类型1 正确率： 100.00% -> 1  100.00%, 2    0.00%, 3    0.00%, 4    0.00%, 5    0.00%, 6    0.00%, 7    0.00%, 8    0.00%
类型2 正确率： 100.00% -> 1    0.00%, 2  100.00%, 3    0.00%, 4    0.00%, 5    0.00%, 6    0.00%, 7    0.00%, 8    0.00%
类型3 正确率：  93.00% -> 1    0.00%, 2    0.00%, 3   92.84%, 4    0.00%, 5    0.00%, 6    7.16%, 7    0.00%, 8    0.00%
类型4 正确率： 100.00% -> 1    0.00%, 2    0.00%, 3    0.00%, 4   99.95%, 5    0.00%, 6    0.00%, 7    0.05%, 8    0.00%
类型5 正确率：  83.00% -> 1   17.20%, 2    0.00%, 3    0.00%, 4    0.00%, 5   82.80%, 6    0.00%, 7    0.00%, 8    0.00%
类型6 正确率： 100.00% -> 1    0.00%, 2    0.00%, 3    0.00%, 4    0.00%, 5    0.00%, 6  100.00%, 7    0.00%, 8    0.00%
类型7 正确率：  98.00% -> 1    0.00%, 2    0.05%, 3    0.00%, 4    1.91%, 5    0.00%, 6    0.00%, 7   98.04%, 8    0.00%
类型8 正确率： 100.00% -> 1    0.00%, 2    0.00%, 3    0.05%, 4    0.00%, 5    0.00%, 6    0.00%, 7    0.00%, 8   99.95%

被排除样本 正确率：56.47%
类型1 没有样本或未被分类。
类型2 正确率：  54.00% -> 1    0.00%, 2   54.24%, 3    0.00%, 4    0.00%, 5   45.76%, 6    0.00%, 7    0.00%
类型3 正确率： 100.00% -> 1    0.00%, 2    0.00%, 3  100.00%, 4    0.00%, 5    0.00%, 6    0.00%, 7    0.00%
类型4 正确率：  58.00% -> 1   41.67%, 2    0.00%, 3    0.00%, 4   58.33%, 5    0.00%, 6    0.00%, 7    0.00%
类型5 没有样本或未被分类。
类型6 正确率：  67.00% -> 1    0.00%, 2    0.00%, 3   33.33%, 4    0.00%, 5    0.00%, 6   66.67%, 7    0.00%
类型7 正确率：   0.00% -> 1    0.00%, 2  100.00%, 3    0.00%, 4    0.00%, 5    0.00%, 6    0.00%, 7    0.00%


轮次:··6/·20 || c_Loss:0.661 || e_Loss:-2.867 || Aad_Loss:-11.528 || 耗时：83.92s
轮次:··7/·20 || c_Loss:0.644 || e_Loss:-1.728 || Aad_Loss:-11.019 || 耗时：35.37s
轮次:··8/·20 || c_Loss:0.663 || e_Loss:-1.685 || Aad_Loss:-11.188 || 耗时：35.36s
轮次:··9/·20 || c_Loss:0.644 || e_Loss:-1.781 || Aad_Loss:-11.565 || 耗时：35.38s
轮次:·10/·20 || c_Loss:0.612 || e_Loss:-1.774 || Aad_Loss:-12.162 || 耗时：35.36s
任务: (B2)N15_M07_F10→(B3)N15_M07_F04; mix批次:····0; 批次:·2500/·5000;  总正确率: 97.82%
类型1 正确率： 100.00% -> 1  100.00%, 2    0.00%, 3    0.00%, 4    0.00%, 5    0.00%, 6    0.00%, 7    0.00%, 8    0.00%
类型2 正确率： 100.00% -> 1    0.00%, 2  100.00%, 3    0.00%, 4    0.00%, 5    0.00%, 6    0.00%, 7    0.00%, 8    0.00%
类型3 正确率： 100.00% -> 1    0.00%, 2    0.00%, 3   99.80%, 4    0.00%, 5    0.00%, 6    0.20%, 7    0.00%, 8    0.00%
类型4 正确率： 100.00% -> 1    0.00%, 2    0.00%, 3    0.00%, 4  100.00%, 5    0.00%, 6    0.00%, 7    0.00%, 8    0.00%
类型5 正确率：  84.00% -> 1   16.05%, 2    0.00%, 3    0.00%, 4    0.00%, 5   83.95%, 6    0.00%, 7    0.00%, 8    0.00%
类型6 正确率： 100.00% -> 1    0.00%, 2    0.00%, 3    0.00%, 4    0.00%, 5    0.00%, 6  100.00%, 7    0.00%, 8    0.00%
类型7 正确率：  99.00% -> 1    0.00%, 2    0.05%, 3    0.00%, 4    1.15%, 5    0.00%, 6    0.00%, 7   98.80%, 8    0.00%
类型8 正确率： 100.00% -> 1    0.00%, 2    0.00%, 3    0.00%, 4    0.00%, 5    0.00%, 6    0.00%, 7    0.00%, 8  100.00%


样本变换：reverse
样本变换：mask
样本变换：shift
样本变换：none
未过滤	未用伪标签：97.82% -> 使用伪标签：97.26%
已过滤	未用伪标签：97.84% -> 使用伪标签：97.48%
排除样本：35|16000	剩余：2346, 2001, 1957, 2025, 1647, 2026, 1963, 2000
增添样本：2803		细则：0, 345, 389, 321, 699, 320, 383, 346	正确率估算：99.82%
类型1 正确率： 100.00% -> 1  100.00%, 2    0.00%, 3    0.00%, 4    0.00%, 5    0.00%, 6    0.00%, 7    0.00%, 8    0.00%
类型2 正确率： 100.00% -> 1    0.00%, 2  100.00%, 3    0.00%, 4    0.00%, 5    0.00%, 6    0.00%, 7    0.00%, 8    0.00%
类型3 正确率：  99.00% -> 1    0.00%, 2    0.00%, 3   98.64%, 4    0.05%, 5    0.00%, 6    1.31%, 7    0.00%, 8    0.00%
类型4 正确率： 100.00% -> 1    0.00%, 2    0.00%, 3    0.00%, 4   99.90%, 5    0.00%, 6    0.00%, 7    0.10%, 8    0.00%
类型5 正确率：  83.00% -> 1   17.36%, 2    0.00%, 3    0.00%, 4    0.00%, 5   82.64%, 6    0.00%, 7    0.00%, 8    0.00%
类型6 正确率： 100.00% -> 1    0.00%, 2    0.00%, 3    0.00%, 4    0.00%, 5    0.00%, 6  100.00%, 7    0.00%, 8    0.00%
类型7 正确率：  99.00% -> 1    0.00%, 2    0.05%, 3    0.00%, 4    1.36%, 5    0.00%, 6    0.00%, 7   98.59%, 8    0.00%
类型8 正确率： 100.00% -> 1    0.00%, 2    0.00%, 3    0.00%, 4    0.00%, 5    0.00%, 6    0.00%, 7    0.00%, 8  100.00%

被排除样本 正确率：88.57%
类型1 没有样本或未被分类。
类型2 正确率：  94.00% -> 1    0.00%, 2   93.75%, 3    0.00%, 4    0.00%, 5    6.25%, 6    0.00%
类型3 正确率： 100.00% -> 1    0.00%, 2    0.00%, 3  100.00%, 4    0.00%, 5    0.00%, 6    0.00%
类型4 正确率：  71.00% -> 1   28.57%, 2    0.00%, 3    0.00%, 4   71.43%, 5    0.00%, 6    0.00%
类型5 没有样本或未被分类。
类型6 正确率：  91.00% -> 1    0.00%, 2    0.00%, 3    9.09%, 4    0.00%, 5    0.00%, 6   90.91%


轮次:·11/·20 || c_Loss:0.648 || e_Loss:-1.788 || Aad_Loss:-12.364 || 耗时：83.76s
轮次:·12/·20 || c_Loss:0.654 || e_Loss:-1.822 || Aad_Loss:-11.341 || 耗时：35.45s
轮次:·13/·20 || c_Loss:0.636 || e_Loss:-2.858 || Aad_Loss:-11.519 || 耗时：35.40s
轮次:·14/·20 || c_Loss:0.625 || e_Loss:-1.877 || Aad_Loss:-11.402 || 耗时：35.46s
轮次:·15/·20 || c_Loss:0.638 || e_Loss:-1.719 || Aad_Loss:-12.570 || 耗时：35.47s
任务: (B2)N15_M07_F10→(B3)N15_M07_F04; mix批次:····0; 批次:·3750/·5000;  总正确率: 97.76%
类型1 正确率： 100.00% -> 1  100.00%, 2    0.00%, 3    0.00%, 4    0.00%, 5    0.00%, 6    0.00%, 7    0.00%, 8    0.00%
类型2 正确率： 100.00% -> 1    0.00%, 2  100.00%, 3    0.00%, 4    0.00%, 5    0.00%, 6    0.00%, 7    0.00%, 8    0.00%
类型3 正确率： 100.00% -> 1    0.00%, 2    0.00%, 3   99.95%, 4    0.00%, 5    0.00%, 6    0.05%, 7    0.00%, 8    0.00%
类型4 正确率： 100.00% -> 1    0.00%, 2    0.00%, 3    0.00%, 4   99.95%, 5    0.00%, 6    0.00%, 7    0.05%, 8    0.00%
类型5 正确率：  83.00% -> 1   17.20%, 2    0.00%, 3    0.00%, 4    0.00%, 5   82.80%, 6    0.00%, 7    0.00%, 8    0.00%
类型6 正确率： 100.00% -> 1    0.00%, 2    0.00%, 3    0.00%, 4    0.00%, 5    0.00%, 6  100.00%, 7    0.00%, 8    0.00%
类型7 正确率：  99.00% -> 1    0.00%, 2    0.05%, 3    0.00%, 4    0.55%, 5    0.00%, 6    0.00%, 7   99.40%, 8    0.00%
类型8 正确率： 100.00% -> 1    0.00%, 2    0.00%, 3    0.00%, 4    0.00%, 5    0.00%, 6    0.00%, 7    0.00%, 8  100.00%


样本变换：reverse
样本变换：mask
样本变换：shift
样本变换：none
未过滤	未用伪标签：97.76% -> 使用伪标签：97.38%
已过滤	未用伪标签：97.80% -> 使用伪标签：97.57%
排除样本：31|16000	剩余：2350, 2001, 1972, 2023, 1639, 2012, 1972, 2000
增添样本：2831		细则：0, 349, 378, 327, 711, 338, 378, 350	正确率估算：99.82%
类型1 正确率： 100.00% -> 1  100.00%, 2    0.00%, 3    0.00%, 4    0.00%, 5    0.00%, 6    0.00%, 7    0.00%, 8    0.00%
类型2 正确率： 100.00% -> 1    0.00%, 2  100.00%, 3    0.00%, 4    0.00%, 5    0.00%, 6    0.00%, 7    0.00%, 8    0.00%
类型3 正确率：  99.00% -> 1    0.00%, 2    0.00%, 3   99.40%, 4    0.00%, 5    0.00%, 6    0.60%, 7    0.00%, 8    0.00%
类型4 正确率： 100.00% -> 1    0.00%, 2    0.00%, 3    0.00%, 4   99.95%, 5    0.00%, 6    0.00%, 7    0.05%, 8    0.00%
类型5 正确率：  82.00% -> 1   17.60%, 2    0.00%, 3    0.00%, 4    0.00%, 5   82.40%, 6    0.00%, 7    0.00%, 8    0.00%
类型6 正确率： 100.00% -> 1    0.00%, 2    0.00%, 3    0.00%, 4    0.00%, 5    0.00%, 6  100.00%, 7    0.00%, 8    0.00%
类型7 正确率：  99.00% -> 1    0.00%, 2    0.05%, 3    0.00%, 4    1.20%, 5    0.00%, 6    0.00%, 7   98.75%, 8    0.00%
类型8 正确率： 100.00% -> 1    0.00%, 2    0.00%, 3    0.00%, 4    0.00%, 5    0.00%, 6    0.00%, 7    0.00%, 8  100.00%

被排除样本 正确率：80.65%
类型1 没有样本或未被分类。
类型2 正确率： 100.00% -> 1    0.00%, 2  100.00%, 3    0.00%, 4    0.00%
类型3 正确率：  45.00% -> 1   54.55%, 2    0.00%, 3   45.45%, 4    0.00%
类型4 正确率： 100.00% -> 1    0.00%, 2    0.00%, 3    0.00%, 4  100.00%


轮次:·16/·20 || c_Loss:0.637 || e_Loss:-1.820 || Aad_Loss:-11.875 || 耗时：83.49s
轮次:·17/·20 || c_Loss:0.632 || e_Loss:-1.836 || Aad_Loss:-11.671 || 耗时：35.39s
轮次:·18/·20 || c_Loss:0.647 || e_Loss:-1.838 || Aad_Loss:-11.473 || 耗时：35.36s
轮次:·19/·20 || c_Loss:0.629 || e_Loss:-1.807 || Aad_Loss:-11.735 || 耗时：35.40s
轮次:·20/·20 || c_Loss:0.635 || e_Loss:-1.819 || Aad_Loss:-12.368 || 耗时：35.37s
任务: (B2)N15_M07_F10→(B3)N15_M07_F04; mix批次:····0; 批次:·5000/·5000;  总正确率: 97.82%
类型1 正确率： 100.00% -> 1  100.00%, 2    0.00%, 3    0.00%, 4    0.00%, 5    0.00%, 6    0.00%, 7    0.00%, 8    0.00%
类型2 正确率： 100.00% -> 1    0.00%, 2  100.00%, 3    0.00%, 4    0.00%, 5    0.00%, 6    0.00%, 7    0.00%, 8    0.00%
类型3 正确率： 100.00% -> 1    0.00%, 2    0.00%, 3   99.95%, 4    0.00%, 5    0.00%, 6    0.05%, 7    0.00%, 8    0.00%
类型4 正确率： 100.00% -> 1    0.00%, 2    0.00%, 3    0.00%, 4  100.00%, 5    0.00%, 6    0.00%, 7    0.00%, 8    0.00%
类型5 正确率：  83.00% -> 1   16.60%, 2    0.00%, 3    0.00%, 4    0.00%, 5   83.40%, 6    0.00%, 7    0.00%, 8    0.00%
类型6 正确率： 100.00% -> 1    0.00%, 2    0.00%, 3    0.00%, 4    0.00%, 5    0.00%, 6  100.00%, 7    0.00%, 8    0.00%
类型7 正确率：  99.00% -> 1    0.00%, 2    0.05%, 3    0.00%, 4    0.75%, 5    0.00%, 6    0.00%, 7   99.20%, 8    0.00%
类型8 正确率： 100.00% -> 1    0.00%, 2    0.00%, 3    0.00%, 4    0.00%, 5    0.00%, 6    0.00%, 7    0.00%, 8  100.00%


测试集任务: (B2)N15_M07_F10→(B3)N15_M07_F04; 总正确率 = 97.82%
类型1 正确率： 100.00% -> 1  100.00%, 2    0.00%, 3    0.00%, 4    0.00%, 5    0.00%, 6    0.00%, 7    0.00%, 8    0.00%
类型2 正确率： 100.00% -> 1    0.00%, 2  100.00%, 3    0.00%, 4    0.00%, 5    0.00%, 6    0.00%, 7    0.00%, 8    0.00%
类型3 正确率： 100.00% -> 1    0.00%, 2    0.00%, 3   99.80%, 4    0.00%, 5    0.00%, 6    0.20%, 7    0.00%, 8    0.00%
类型4 正确率： 100.00% -> 1    0.00%, 2    0.00%, 3    0.00%, 4  100.00%, 5    0.00%, 6    0.00%, 7    0.00%, 8    0.00%
类型5 正确率：  84.00% -> 1   16.05%, 2    0.00%, 3    0.00%, 4    0.00%, 5   83.95%, 6    0.00%, 7    0.00%, 8    0.00%
类型6 正确率： 100.00% -> 1    0.00%, 2    0.00%, 3    0.00%, 4    0.00%, 5    0.00%, 6  100.00%, 7    0.00%, 8    0.00%
类型7 正确率：  99.00% -> 1    0.00%, 2    0.05%, 3    0.00%, 4    1.15%, 5    0.00%, 6    0.00%, 7   98.80%, 8    0.00%
类型8 正确率： 100.00% -> 1    0.00%, 2    0.00%, 3    0.00%, 4    0.00%, 5    0.00%, 6    0.00%, 7    0.00%, 8  100.00%


