读取源域路径：/kaggle/working/m0diag/weight_PU_as_released_s2/NEW_PU/Source-源域/log&pt/(B1)N15_M01_F10
excel输出位置：/kaggle/working/m0diag/weight_PU_as_released_s2/NEW_PU/Target-目标域
特征图片输出位置：/kaggle/working/m0diag/weight_PU_as_released_s2/NEW_PU/Picture-特征图/2026年09月13日20时02分/(B1)N15_M01_F10
现在选取:(B1)N15_M01_F10 进行训练的源模型
现在进行：(B1)N15_M01_F10→(B3)N15_M07_F04 的迁移任务
log&pt输出位置：/kaggle/working/m0diag/weight_PU_as_released_s2/NEW_PU/Target-目标域/log&pt/(B1)N15_M01_F10→(B3)N15_M07_F04
任务: (B1)N15_M01_F10→(B3)N15_M07_F04; 批次:····0/·5000;  总正确率: 82.72%
类型1 正确率： 100.00% -> 1  100.00%, 2    0.00%, 3    0.00%, 4    0.00%, 5    0.00%, 6    0.00%, 7    0.00%, 8    0.00%
类型2 正确率：  94.00% -> 1    0.00%, 2   93.75%, 3    2.35%, 4    0.00%, 5    0.00%, 6    2.75%, 7    1.15%, 8    0.00%
类型3 正确率：  45.00% -> 1    0.00%, 2    0.00%, 3   44.85%, 4    0.00%, 5    0.00%, 6   55.10%, 7    0.00%, 8    0.05%
类型4 正确率：  71.00% -> 1    0.00%, 2    0.00%, 3   29.00%, 4   71.00%, 5    0.00%, 6    0.00%, 7    0.00%, 8    0.00%
类型5 正确率：  82.00% -> 1   17.20%, 2    0.35%, 3    0.10%, 4    0.00%, 5   82.35%, 6    0.00%, 7    0.00%, 8    0.00%
类型6 正确率：  88.00% -> 1    0.00%, 2    0.00%, 3   12.10%, 4    0.00%, 5    0.00%, 6   87.90%, 7    0.00%, 8    0.00%
类型7 正确率：  96.00% -> 1    0.00%, 2    0.05%, 3    2.10%, 4    1.35%, 5    0.00%, 6    0.00%, 7   96.50%, 8    0.00%
类型8 正确率：  85.00% -> 1    0.00%, 2    0.00%, 3    2.05%, 4    0.30%, 5    0.00%, 6    0.00%, 7   12.25%, 8   85.40%


样本变换：reverse
样本变换：mask
样本变换：shift
样本变换：none
未过滤	未用伪标签：82.72% -> 使用伪标签：86.68%
已过滤	未用伪标签：82.86% -> 使用伪标签：87.91%
排除样本：224|16000	剩余：2322, 2001, 450, 2047, 1654, 3438, 1901, 1963
增添样本：11728		细则：1116, 1437, 2988, 1391, 1784, 0, 1537, 1475	正确率估算：91.77%
类型1 正确率： 100.00% -> 1  100.00%, 2    0.00%, 3    0.00%, 4    0.00%, 5    0.00%, 6    0.00%, 7    0.00%, 8    0.00%
类型2 正确率： 100.00% -> 1    0.00%, 2  100.00%, 3    0.00%, 4    0.00%, 5    0.00%, 6    0.00%, 7    0.00%, 8    0.00%
类型3 正确率：  21.00% -> 1    0.00%, 2    0.00%, 3   21.20%, 4    0.00%, 5    0.00%, 6   78.80%, 7    0.00%, 8    0.00%
类型4 正确率： 100.00% -> 1    0.00%, 2    0.00%, 3    0.30%, 4   99.70%, 5    0.00%, 6    0.00%, 7    0.00%, 8    0.00%
类型5 正确率：  84.00% -> 1   16.30%, 2    0.00%, 3    0.00%, 4    0.00%, 5   83.70%, 6    0.00%, 7    0.00%, 8    0.00%
类型6 正确率：  99.00% -> 1    0.00%, 2    0.00%, 3    1.26%, 4    0.00%, 5    0.00%, 6   98.74%, 7    0.00%, 8    0.00%
类型7 正确率：  97.00% -> 1    0.00%, 2    0.05%, 3    0.31%, 4    2.85%, 5    0.00%, 6    0.00%, 7   96.79%, 8    0.00%
类型8 正确率：  99.00% -> 1    0.00%, 2    0.00%, 3    0.86%, 4    0.00%, 5    0.00%, 6    0.10%, 7    0.00%, 8   99.04%

被排除样本 正确率：72.77%
类型1 没有样本或未被分类。
类型2 正确率：  88.00% -> 1    0.00%, 2   87.88%, 3    0.00%, 4    0.00%, 5   12.12%, 6    0.00%, 7    0.00%
类型3 正确率：   0.00% -> 1    0.00%, 2  100.00%, 3    0.00%, 4    0.00%, 5    0.00%, 6    0.00%, 7    0.00%
类型4 正确率：  42.00% -> 1   58.33%, 2    0.00%, 3    0.00%, 4   41.67%, 5    0.00%, 6    0.00%, 7    0.00%
类型5 正确率：   0.00% -> 1    0.00%, 2  100.00%, 3    0.00%, 4    0.00%, 5    0.00%, 6    0.00%, 7    0.00%
类型6 正确率：  81.00% -> 1    0.00%, 2   16.67%, 3    2.78%, 4    0.00%, 5    0.00%, 6   80.56%, 7    0.00%
类型7 正确率：  44.00% -> 1    0.00%, 2   33.33%, 3   11.11%, 4    0.00%, 5    0.00%, 6   11.11%, 7   44.44%


轮次:··1/·20 || c_Loss:0.801 || e_Loss:-1.757 || Aad_Loss:-11.371 || 耗时：87.40s
轮次:··2/·20 || c_Loss:0.698 || e_Loss:-1.668 || Aad_Loss:-12.675 || 耗时：35.41s
轮次:··3/·20 || c_Loss:0.656 || e_Loss:-1.685 || Aad_Loss:-12.103 || 耗时：35.49s
轮次:··4/·20 || c_Loss:0.621 || e_Loss:-1.642 || Aad_Loss:-13.390 || 耗时：35.42s
轮次:··5/·20 || c_Loss:0.629 || e_Loss:-1.624 || Aad_Loss:-12.195 || 耗时：35.40s
任务: (B1)N15_M01_F10→(B3)N15_M07_F04; mix批次:····0; 批次:·1250/·5000;  总正确率: 87.12%
类型1 正确率： 100.00% -> 1  100.00%, 2    0.00%, 3    0.00%, 4    0.00%, 5    0.00%, 6    0.00%, 7    0.00%, 8    0.00%
类型2 正确率： 100.00% -> 1    0.00%, 2  100.00%, 3    0.00%, 4    0.00%, 5    0.00%, 6    0.00%, 7    0.00%, 8    0.00%
类型3 正确率：  15.00% -> 1    0.00%, 2    0.00%, 3   15.30%, 4    0.20%, 5    0.00%, 6   83.50%, 7    0.05%, 8    0.95%
类型4 正确率： 100.00% -> 1    0.00%, 2    0.00%, 3    0.00%, 4  100.00%, 5    0.00%, 6    0.00%, 7    0.00%, 8    0.00%
类型5 正确率：  84.00% -> 1   16.30%, 2    0.00%, 3    0.00%, 4    0.00%, 5   83.70%, 6    0.00%, 7    0.00%, 8    0.00%
类型6 正确率： 100.00% -> 1    0.00%, 2    0.00%, 3    0.05%, 4    0.20%, 5    0.00%, 6   99.75%, 7    0.00%, 8    0.00%
类型7 正确率：  98.00% -> 1    0.00%, 2    0.05%, 3    0.00%, 4    1.75%, 5    0.00%, 6    0.00%, 7   98.20%, 8    0.00%
类型8 正确率： 100.00% -> 1    0.00%, 2    0.00%, 3    0.00%, 4    0.00%, 5    0.00%, 6    0.00%, 7    0.00%, 8  100.00%


样本变换：reverse
样本变换：mask
样本变换：shift
样本变换：none
未过滤	未用伪标签：87.12% -> 使用伪标签：88.77%
已过滤	未用伪标签：87.55% -> 使用伪标签：89.58%
排除样本：145|16000	剩余：2340, 2001, 1027, 2061, 1648, 2854, 1924, 2000
增添样本：6977		细则：514, 853, 1827, 793, 1206, 0, 930, 854	正确率估算：87.52%
类型1 正确率： 100.00% -> 1  100.00%, 2    0.00%, 3    0.00%, 4    0.00%, 5    0.00%, 6    0.00%, 7    0.00%, 8    0.00%
类型2 正确率： 100.00% -> 1    0.00%, 2  100.00%, 3    0.00%, 4    0.00%, 5    0.00%, 6    0.00%, 7    0.00%, 8    0.00%
类型3 正确率：  44.00% -> 1    0.00%, 2    0.00%, 3   44.15%, 4    0.00%, 5    0.00%, 6   55.85%, 7    0.00%, 8    0.00%
类型4 正确率： 100.00% -> 1    0.00%, 2    0.00%, 3    0.00%, 4  100.00%, 5    0.00%, 6    0.00%, 7    0.00%, 8    0.00%
类型5 正确率：  83.00% -> 1   17.10%, 2    0.00%, 3    0.00%, 4    0.00%, 5   82.90%, 6    0.00%, 7    0.00%, 8    0.00%
类型6 正确率：  91.00% -> 1    0.00%, 2    0.00%, 3    9.37%, 4    0.00%, 5    0.00%, 6   90.63%, 7    0.00%, 8    0.00%
类型7 正确率：  97.00% -> 1    0.00%, 2    0.05%, 3    0.00%, 4    3.07%, 5    0.00%, 6    0.00%, 7   96.88%, 8    0.00%
类型8 正确率： 100.00% -> 1    0.00%, 2    0.00%, 3    0.00%, 4    0.00%, 5    0.00%, 6    0.00%, 7    0.00%, 8  100.00%

被排除样本 正确率：40.00%
类型1 没有样本或未被分类。
类型2 正确率：   8.00% -> 1    0.00%, 2    7.53%, 3    1.08%, 4    0.00%, 5   91.40%, 6    0.00%
类型3 没有样本或未被分类。
类型4 正确率：  92.00% -> 1    8.33%, 2    0.00%, 3    0.00%, 4   91.67%, 5    0.00%, 6    0.00%
类型5 正确率： 100.00% -> 1    0.00%, 2    0.00%, 3    0.00%, 4    0.00%, 5  100.00%, 6    0.00%
类型6 正确率： 100.00% -> 1    0.00%, 2    0.00%, 3    0.00%, 4    0.00%, 5    0.00%, 6  100.00%


轮次:··6/·20 || c_Loss:0.640 || e_Loss:-2.870 || Aad_Loss:-11.417 || 耗时：85.42s
轮次:··7/·20 || c_Loss:0.701 || e_Loss:-1.555 || Aad_Loss:-11.044 || 耗时：35.44s
轮次:··8/·20 || c_Loss:0.645 || e_Loss:-3.128 || Aad_Loss:-11.561 || 耗时：35.42s
轮次:··9/·20 || c_Loss:0.644 || e_Loss:-2.951 || Aad_Loss:-11.761 || 耗时：35.51s
轮次:·10/·20 || c_Loss:0.669 || e_Loss:-1.672 || Aad_Loss:-11.415 || 耗时：35.41s
任务: (B1)N15_M01_F10→(B3)N15_M07_F04; mix批次:····0; 批次:·2500/·5000;  总正确率: 89.58%
类型1 正确率： 100.00% -> 1  100.00%, 2    0.00%, 3    0.00%, 4    0.00%, 5    0.00%, 6    0.00%, 7    0.00%, 8    0.00%
类型2 正确率： 100.00% -> 1    0.00%, 2  100.00%, 3    0.00%, 4    0.00%, 5    0.00%, 6    0.00%, 7    0.00%, 8    0.00%
类型3 正确率：  38.00% -> 1    0.00%, 2    0.00%, 3   37.50%, 4    0.10%, 5    0.00%, 6   62.40%, 7    0.00%, 8    0.00%
类型4 正确率： 100.00% -> 1    0.00%, 2    0.00%, 3    0.00%, 4  100.00%, 5    0.00%, 6    0.00%, 7    0.00%, 8    0.00%
类型5 正确率：  82.00% -> 1   18.00%, 2    0.00%, 3    0.00%, 4    0.00%, 5   82.00%, 6    0.00%, 7    0.00%, 8    0.00%
类型6 正确率：  99.00% -> 1    0.00%, 2    0.00%, 3    1.25%, 4    0.20%, 5    0.00%, 6   98.55%, 7    0.00%, 8    0.00%
类型7 正确率：  99.00% -> 1    0.00%, 2    0.05%, 3    0.00%, 4    1.35%, 5    0.00%, 6    0.00%, 7   98.60%, 8    0.00%
类型8 正确率： 100.00% -> 1    0.00%, 2    0.00%, 3    0.00%, 4    0.00%, 5    0.00%, 6    0.00%, 7    0.00%, 8  100.00%


样本变换：reverse
样本变换：mask
样本变换：shift
样本变换：none
未过滤	未用伪标签：89.58% -> 使用伪标签：87.84%
已过滤	未用伪标签：89.82% -> 使用伪标签：88.67%
排除样本：150|16000	剩余：2341, 2001, 1190, 2055, 1645, 2689, 1929, 2000
增添样本：5662		细则：348, 688, 1499, 634, 1044, 0, 760, 689	正确率估算：90.55%
类型1 正确率： 100.00% -> 1  100.00%, 2    0.00%, 3    0.00%, 4    0.00%, 5    0.00%, 6    0.00%, 7    0.00%, 8    0.00%
类型2 正确率： 100.00% -> 1    0.00%, 2  100.00%, 3    0.00%, 4    0.00%, 5    0.00%, 6    0.00%, 7    0.00%, 8    0.00%
类型3 正确率：  45.00% -> 1    0.00%, 2    0.00%, 3   44.55%, 4    0.05%, 5    0.00%, 6   55.39%, 7    0.00%, 8    0.00%
类型4 正确率： 100.00% -> 1    0.00%, 2    0.00%, 3    0.00%, 4  100.00%, 5    0.00%, 6    0.00%, 7    0.00%, 8    0.00%
类型5 正确率：  83.00% -> 1   17.17%, 2    0.00%, 3    0.00%, 4    0.00%, 5   82.83%, 6    0.00%, 7    0.00%, 8    0.00%
类型6 正确率：  83.00% -> 1    0.00%, 2    0.00%, 3   16.96%, 4    0.00%, 5    0.00%, 6   83.04%, 7    0.00%, 8    0.00%
类型7 正确率：  97.00% -> 1    0.00%, 2    0.05%, 3    0.00%, 4    2.72%, 5    0.00%, 6    0.00%, 7   97.23%, 8    0.00%
类型8 正确率： 100.00% -> 1    0.00%, 2    0.00%, 3    0.00%, 4    0.00%, 5    0.00%, 6    0.00%, 7    0.00%, 8  100.00%

被排除样本 正确率：64.67%
类型1 没有样本或未被分类。
类型2 正确率：  42.00% -> 1    0.00%, 2   41.67%, 3    0.00%, 4    0.00%, 5   58.33%, 6    0.00%
类型3 没有样本或未被分类。
类型4 正确率：  29.00% -> 1   71.43%, 2    0.00%, 3    0.00%, 4   28.57%, 5    0.00%, 6    0.00%
类型5 正确率： 100.00% -> 1    0.00%, 2    0.00%, 3    0.00%, 4    0.00%, 5  100.00%, 6    0.00%
类型6 正确率：  94.00% -> 1    0.00%, 2    0.00%, 3    6.25%, 4    0.00%, 5    0.00%, 6   93.75%


轮次:·11/·20 || c_Loss:0.701 || e_Loss:-1.546 || Aad_Loss:-11.523 || 耗时：85.17s
轮次:·12/·20 || c_Loss:0.674 || e_Loss:-1.648 || Aad_Loss:-12.022 || 耗时：35.41s
轮次:·13/·20 || c_Loss:0.709 || e_Loss:-1.569 || Aad_Loss:-11.192 || 耗时：35.47s
轮次:·14/·20 || c_Loss:0.718 || e_Loss:-1.539 || Aad_Loss:-11.691 || 耗时：35.48s
轮次:·15/·20 || c_Loss:0.736 || e_Loss:-1.564 || Aad_Loss:-11.853 || 耗时：35.46s
任务: (B1)N15_M01_F10→(B3)N15_M07_F04; mix批次:····0; 批次:·3750/·5000;  总正确率: 90.14%
类型1 正确率： 100.00% -> 1  100.00%, 2    0.00%, 3    0.00%, 4    0.00%, 5    0.00%, 6    0.00%, 7    0.00%, 8    0.00%
类型2 正确率： 100.00% -> 1    0.00%, 2  100.00%, 3    0.00%, 4    0.00%, 5    0.00%, 6    0.00%, 7    0.00%, 8    0.00%
类型3 正确率：  52.00% -> 1    0.00%, 2    0.00%, 3   51.65%, 4    0.00%, 5    0.00%, 6   48.35%, 7    0.00%, 8    0.00%
类型4 正确率： 100.00% -> 1    0.00%, 2    0.00%, 3    0.00%, 4  100.00%, 5    0.00%, 6    0.00%, 7    0.00%, 8    0.00%
类型5 正确率：  84.00% -> 1   16.35%, 2    0.00%, 3    0.00%, 4    0.00%, 5   83.65%, 6    0.00%, 7    0.00%, 8    0.00%
类型6 正确率：  89.00% -> 1    0.00%, 2    0.00%, 3   11.25%, 4    0.05%, 5    0.00%, 6   88.70%, 7    0.00%, 8    0.00%
类型7 正确率：  97.00% -> 1    0.00%, 2    0.05%, 3    0.00%, 4    2.85%, 5    0.00%, 6    0.00%, 7   97.10%, 8    0.00%
类型8 正确率： 100.00% -> 1    0.00%, 2    0.00%, 3    0.00%, 4    0.00%, 5    0.00%, 6    0.00%, 7    0.00%, 8  100.00%


样本变换：reverse
样本变换：mask
样本变换：shift
样本变换：none
未过滤	未用伪标签：90.14% -> 使用伪标签：86.96%
已过滤	未用伪标签：90.26% -> 使用伪标签：87.77%
排除样本：148|16000	剩余：2343, 2001, 1253, 2053, 1645, 2626, 1931, 2000
增添样本：5156		细则：283, 625, 1373, 573, 981, 0, 695, 626	正确率估算：94.40%
类型1 正确率： 100.00% -> 1  100.00%, 2    0.00%, 3    0.00%, 4    0.00%, 5    0.00%, 6    0.00%, 7    0.00%, 8    0.00%
类型2 正确率： 100.00% -> 1    0.00%, 2  100.00%, 3    0.00%, 4    0.00%, 5    0.00%, 6    0.00%, 7    0.00%, 8    0.00%
类型3 正确率：  42.00% -> 1    0.00%, 2    0.00%, 3   42.50%, 4    0.00%, 5    0.00%, 6   57.50%, 7    0.00%, 8    0.00%
类型4 正确率： 100.00% -> 1    0.00%, 2    0.00%, 3    0.00%, 4  100.00%, 5    0.00%, 6    0.00%, 7    0.00%, 8    0.00%
类型5 正确率：  83.00% -> 1   17.25%, 2    0.00%, 3    0.00%, 4    0.00%, 5   82.75%, 6    0.00%, 7    0.00%, 8    0.00%
类型6 正确率：  78.00% -> 1    0.00%, 2    0.00%, 3   22.31%, 4    0.00%, 5    0.00%, 6   77.69%, 7    0.00%, 8    0.00%
类型7 正确率：  97.00% -> 1    0.00%, 2    0.05%, 3    0.00%, 4    2.67%, 5    0.00%, 6    0.00%, 7   97.28%, 8    0.00%
类型8 正确率： 100.00% -> 1    0.00%, 2    0.00%, 3    0.00%, 4    0.00%, 5    0.00%, 6    0.00%, 7    0.00%, 8  100.00%

被排除样本 正确率：77.03%
类型1 没有样本或未被分类。
类型2 正确率：  78.00% -> 1    0.00%, 2   77.50%, 3    0.00%, 4    0.00%, 5   22.50%, 6    0.00%
类型3 没有样本或未被分类。
类型4 正确率：  83.00% -> 1   16.67%, 2    0.00%, 3    0.00%, 4   83.33%, 5    0.00%, 6    0.00%
类型5 正确率：  93.00% -> 1    0.00%, 2    7.32%, 3    0.00%, 4    0.00%, 5   92.68%, 6    0.00%
类型6 正确率：  27.00% -> 1    0.00%, 2    0.00%, 3   73.33%, 4    0.00%, 5    0.00%, 6   26.67%


轮次:·16/·20 || c_Loss:0.678 || e_Loss:-3.048 || Aad_Loss:-11.361 || 耗时：85.12s
轮次:·17/·20 || c_Loss:0.781 || e_Loss:-1.388 || Aad_Loss:-11.740 || 耗时：35.44s
轮次:·18/·20 || c_Loss:0.683 || e_Loss:-1.588 || Aad_Loss:-11.973 || 耗时：35.44s
轮次:·19/·20 || c_Loss:0.728 || e_Loss:-1.456 || Aad_Loss:-12.875 || 耗时：35.45s
轮次:·20/·20 || c_Loss:0.720 || e_Loss:-2.799 || Aad_Loss:-11.366 || 耗时：35.48s
任务: (B1)N15_M01_F10→(B3)N15_M07_F04; mix批次:····0; 批次:·5000/·5000;  总正确率: 89.49%
类型1 正确率： 100.00% -> 1  100.00%, 2    0.00%, 3    0.00%, 4    0.00%, 5    0.00%, 6    0.00%, 7    0.00%, 8    0.00%
类型2 正确率： 100.00% -> 1    0.00%, 2  100.00%, 3    0.00%, 4    0.00%, 5    0.00%, 6    0.00%, 7    0.00%, 8    0.00%
类型3 正确率：  53.00% -> 1    0.00%, 2    0.00%, 3   52.90%, 4    0.00%, 5    0.00%, 6   47.10%, 7    0.00%, 8    0.00%
类型4 正确率： 100.00% -> 1    0.00%, 2    0.00%, 3    0.00%, 4  100.00%, 5    0.00%, 6    0.00%, 7    0.00%, 8    0.00%
类型5 正确率：  82.00% -> 1   18.00%, 2    0.00%, 3    0.00%, 4    0.00%, 5   82.00%, 6    0.00%, 7    0.00%, 8    0.00%
类型6 正确率：  82.00% -> 1    0.00%, 2    0.00%, 3   18.35%, 4    0.05%, 5    0.00%, 6   81.60%, 7    0.00%, 8    0.00%
类型7 正确率：  99.00% -> 1    0.00%, 2    0.05%, 3    0.00%, 4    0.55%, 5    0.00%, 6    0.00%, 7   99.40%, 8    0.00%
类型8 正确率： 100.00% -> 1    0.00%, 2    0.00%, 3    0.00%, 4    0.00%, 5    0.00%, 6    0.00%, 7    0.00%, 8  100.00%


测试集任务: (B1)N15_M01_F10→(B3)N15_M07_F04; 总正确率 = 90.14%
类型1 正确率： 100.00% -> 1  100.00%, 2    0.00%, 3    0.00%, 4    0.00%, 5    0.00%, 6    0.00%, 7    0.00%, 8    0.00%
类型2 正确率： 100.00% -> 1    0.00%, 2  100.00%, 3    0.00%, 4    0.00%, 5    0.00%, 6    0.00%, 7    0.00%, 8    0.00%
类型3 正确率：  52.00% -> 1    0.00%, 2    0.00%, 3   51.65%, 4    0.00%, 5    0.00%, 6   48.35%, 7    0.00%, 8    0.00%
类型4 正确率： 100.00% -> 1    0.00%, 2    0.00%, 3    0.00%, 4  100.00%, 5    0.00%, 6    0.00%, 7    0.00%, 8    0.00%
类型5 正确率：  84.00% -> 1   16.35%, 2    0.00%, 3    0.00%, 4    0.00%, 5   83.65%, 6    0.00%, 7    0.00%, 8    0.00%
类型6 正确率：  89.00% -> 1    0.00%, 2    0.00%, 3   11.25%, 4    0.05%, 5    0.00%, 6   88.70%, 7    0.00%, 8    0.00%
类型7 正确率：  97.00% -> 1    0.00%, 2    0.05%, 3    0.00%, 4    2.85%, 5    0.00%, 6    0.00%, 7   97.10%, 8    0.00%
类型8 正确率： 100.00% -> 1    0.00%, 2    0.00%, 3    0.00%, 4    0.00%, 5    0.00%, 6    0.00%, 7    0.00%, 8  100.00%


