

现在开始拿源域训练集：(B1)N15_M01_F10 进行训练
源域读取路径：/kaggle/working/m0diag/sdalr_PU_as_released/DATA/PU_1d_8c_2048/N15_M01_F10_label.txt
excel输出位置：/kaggle/working/m0diag/weight_src_PU_s2/NEW_PU/Source-源域
log&pt输出位置：/kaggle/working/m0diag/weight_src_PU_s2/NEW_PU/Source-源域/log&pt/(B1)N15_M01_F10
特征图片输出位置：/kaggle/working/m0diag/weight_src_PU_s2/NEW_PU/Picture-特征图/2026年09月13日19时34分/(B1)N15_M01_F10
源域训练开始
轮次:··1/·10 || loss:0.036 || 耗时：24.41s
轮次:··2/·10 || loss:0.034 || 耗时：24.76s
轮次:··3/·10 || loss:0.006 || 耗时：24.07s
轮次:··4/·10 || loss:0.005 || 耗时：23.77s
轮次:··5/·10 || loss:0.002 || 耗时：24.11s
任务: (B1)N15_M01_F10; mix批次:····0; 批次:··875/·1750; 总正确率 = 100.00%
类型1 正确率： 100.00% -> 1  100.00%, 2    0.00%, 3    0.00%, 4    0.00%, 5    0.00%, 6    0.00%, 7    0.00%, 8    0.00%
类型2 正确率： 100.00% -> 1    0.00%, 2  100.00%, 3    0.00%, 4    0.00%, 5    0.00%, 6    0.00%, 7    0.00%, 8    0.00%
类型3 正确率： 100.00% -> 1    0.00%, 2    0.00%, 3  100.00%, 4    0.00%, 5    0.00%, 6    0.00%, 7    0.00%, 8    0.00%
类型4 正确率： 100.00% -> 1    0.00%, 2    0.00%, 3    0.00%, 4  100.00%, 5    0.00%, 6    0.00%, 7    0.00%, 8    0.00%
类型5 正确率： 100.00% -> 1    0.00%, 2    0.00%, 3    0.00%, 4    0.00%, 5  100.00%, 6    0.00%, 7    0.00%, 8    0.00%
类型6 正确率： 100.00% -> 1    0.00%, 2    0.00%, 3    0.00%, 4    0.00%, 5    0.00%, 6  100.00%, 7    0.00%, 8    0.00%
类型7 正确率： 100.00% -> 1    0.00%, 2    0.00%, 3    0.00%, 4    0.00%, 5    0.00%, 6    0.00%, 7  100.00%, 8    0.00%
类型8 正确率： 100.00% -> 1    0.00%, 2    0.00%, 3    0.00%, 4    0.00%, 5    0.00%, 6    0.00%, 7    0.00%, 8  100.00%


轮次:··6/·10 || loss:0.013 || 耗时：24.21s
轮次:··7/·10 || loss:0.004 || 耗时：24.07s
轮次:··8/·10 || loss:0.002 || 耗时：23.98s
轮次:··9/·10 || loss:0.003 || 耗时：24.02s
轮次:·10/·10 || loss:0.010 || 耗时：24.04s
任务: (B1)N15_M01_F10; mix批次:····0; 批次:·1750/·1750; 总正确率 = 100.00%
类型1 正确率： 100.00% -> 1  100.00%, 2    0.00%, 3    0.00%, 4    0.00%, 5    0.00%, 6    0.00%, 7    0.00%, 8    0.00%
类型2 正确率： 100.00% -> 1    0.00%, 2  100.00%, 3    0.00%, 4    0.00%, 5    0.00%, 6    0.00%, 7    0.00%, 8    0.00%
类型3 正确率： 100.00% -> 1    0.00%, 2    0.00%, 3  100.00%, 4    0.00%, 5    0.00%, 6    0.00%, 7    0.00%, 8    0.00%
类型4 正确率： 100.00% -> 1    0.00%, 2    0.00%, 3    0.00%, 4  100.00%, 5    0.00%, 6    0.00%, 7    0.00%, 8    0.00%
类型5 正确率： 100.00% -> 1    0.00%, 2    0.00%, 3    0.00%, 4    0.00%, 5  100.00%, 6    0.00%, 7    0.00%, 8    0.00%
类型6 正确率： 100.00% -> 1    0.00%, 2    0.00%, 3    0.00%, 4    0.00%, 5    0.00%, 6  100.00%, 7    0.00%, 8    0.00%
类型7 正确率： 100.00% -> 1    0.00%, 2    0.00%, 3    0.00%, 4    0.00%, 5    0.00%, 6    0.00%, 7  100.00%, 8    0.00%
类型8 正确率： 100.00% -> 1    0.00%, 2    0.00%, 3    0.00%, 4    0.00%, 5    0.00%, 6    0.00%, 7    0.00%, 8  100.00%


测试集任务: (B1)N15_M01_F10; 总正确率 = 99.97%
类型1 正确率： 100.00% -> 1  100.00%, 2    0.00%, 3    0.00%, 4    0.00%, 5    0.00%, 6    0.00%, 7    0.00%, 8    0.00%
类型2 正确率： 100.00% -> 1    0.00%, 2  100.00%, 3    0.00%, 4    0.00%, 5    0.00%, 6    0.00%, 7    0.00%, 8    0.00%
类型3 正确率： 100.00% -> 1    0.00%, 2    0.00%, 3  100.00%, 4    0.00%, 5    0.00%, 6    0.00%, 7    0.00%, 8    0.00%
类型4 正确率： 100.00% -> 1    0.00%, 2    0.00%, 3    0.00%, 4  100.00%, 5    0.00%, 6    0.00%, 7    0.00%, 8    0.00%
类型5 正确率： 100.00% -> 1    0.00%, 2    0.00%, 3    0.00%, 4    0.00%, 5  100.00%, 6    0.00%, 7    0.00%, 8    0.00%
类型6 正确率： 100.00% -> 1    0.00%, 2    0.00%, 3    0.00%, 4    0.00%, 5    0.00%, 6  100.00%, 7    0.00%, 8    0.00%
类型7 正确率： 100.00% -> 1    0.00%, 2    0.00%, 3    0.00%, 4    0.00%, 5    0.00%, 6    0.00%, 7  100.00%, 8    0.00%
类型8 正确率： 100.00% -> 1    0.00%, 2    0.00%, 3    0.00%, 4    0.00%, 5    0.00%, 6    0.00%, 7    0.24%, 8   99.76%


源域训练结束

训练好之后，测试目标域
目标域路径：/kaggle/working/m0diag/sdalr_PU_as_released/DATA/PU_1d_8c_2048/N15_M07_F10_label.txt
测试目标数据集结果如下：
任务: (B1)N15_M01_F10→(B2)N15_M07_F10, 正确率 = 99.88%
类型1 正确率： 100.00% -> 1  100.00%, 2    0.00%, 3    0.00%, 4    0.00%, 5    0.00%, 6    0.00%, 7    0.00%, 8    0.00%
类型2 正确率： 100.00% -> 1    0.00%, 2  100.00%, 3    0.00%, 4    0.00%, 5    0.00%, 6    0.00%, 7    0.00%, 8    0.00%
类型3 正确率：  99.00% -> 1    0.00%, 2    0.00%, 3   99.48%, 4    0.00%, 5    0.00%, 6    0.52%, 7    0.00%, 8    0.00%
类型4 正确率： 100.00% -> 1    0.00%, 2    0.00%, 3    0.00%, 4   99.76%, 5    0.00%, 6    0.00%, 7    0.24%, 8    0.00%
类型5 正确率： 100.00% -> 1    0.00%, 2    0.00%, 3    0.00%, 4    0.00%, 5  100.00%, 6    0.00%, 7    0.00%, 8    0.00%
类型6 正确率： 100.00% -> 1    0.00%, 2    0.00%, 3    0.23%, 4    0.00%, 5    0.00%, 6   99.77%, 7    0.00%, 8    0.00%
类型7 正确率： 100.00% -> 1    0.00%, 2    0.00%, 3    0.00%, 4    0.00%, 5    0.00%, 6    0.00%, 7  100.00%, 8    0.00%
类型8 正确率： 100.00% -> 1    0.00%, 2    0.00%, 3    0.00%, 4    0.00%, 5    0.00%, 6    0.00%, 7    0.00%, 8  100.00%

目标域路径：/kaggle/working/m0diag/sdalr_PU_as_released/DATA/PU_1d_8c_2048/N15_M07_F04_label.txt
测试目标数据集结果如下：
任务: (B1)N15_M01_F10→(B3)N15_M07_F04, 正确率 = 82.18%
类型1 正确率： 100.00% -> 1  100.00%, 2    0.00%, 3    0.00%, 4    0.00%, 5    0.00%, 6    0.00%, 7    0.00%, 8    0.00%
类型2 正确率：  91.00% -> 1    0.00%, 2   91.32%, 3    3.23%, 4    0.00%, 5    0.00%, 6    3.47%, 7    1.99%, 8    0.00%
类型3 正确率：  48.00% -> 1    0.00%, 2    0.00%, 3   47.88%, 4    0.00%, 5    0.00%, 6   52.12%, 7    0.00%, 8    0.00%
类型4 正确率：  69.00% -> 1    0.00%, 2    0.00%, 3   30.85%, 4   69.15%, 5    0.00%, 6    0.00%, 7    0.00%, 8    0.00%
类型5 正确率：  83.00% -> 1   16.58%, 2    0.00%, 3    0.00%, 4    0.00%, 5   83.42%, 6    0.00%, 7    0.00%, 8    0.00%
类型6 正确率：  88.00% -> 1    0.00%, 2    0.00%, 3   11.78%, 4    0.00%, 5    0.00%, 6   88.22%, 7    0.00%, 8    0.00%
类型7 正确率：  96.00% -> 1    0.00%, 2    0.00%, 3    3.55%, 4    0.71%, 5    0.00%, 6    0.00%, 7   95.73%, 8    0.00%
类型8 正确率：  82.00% -> 1    0.00%, 2    0.00%, 3    2.35%, 4    0.00%, 5    0.00%, 6    0.00%, 7   15.93%, 8   81.72%



现在开始拿源域训练集：(B2)N15_M07_F10 进行训练
源域读取路径：/kaggle/working/m0diag/sdalr_PU_as_released/DATA/PU_1d_8c_2048/N15_M07_F10_label.txt
excel输出位置：/kaggle/working/m0diag/weight_src_PU_s2/NEW_PU/Source-源域
log&pt输出位置：/kaggle/working/m0diag/weight_src_PU_s2/NEW_PU/Source-源域/log&pt/(B2)N15_M07_F10
特征图片输出位置：/kaggle/working/m0diag/weight_src_PU_s2/NEW_PU/Picture-特征图/2026年09月13日19时34分/(B2)N15_M07_F10
源域训练开始
轮次:··1/·10 || loss:0.192 || 耗时：24.20s
轮次:··2/·10 || loss:0.004 || 耗时：24.43s
轮次:··3/·10 || loss:0.007 || 耗时：23.95s
轮次:··4/·10 || loss:0.007 || 耗时：24.00s
轮次:··5/·10 || loss:0.005 || 耗时：24.14s
任务: (B2)N15_M07_F10; mix批次:····0; 批次:··875/·1750; 总正确率 = 99.94%
类型1 正确率： 100.00% -> 1  100.00%, 2    0.00%, 3    0.00%, 4    0.00%, 5    0.00%, 6    0.00%, 7    0.00%, 8    0.00%
类型2 正确率： 100.00% -> 1    0.00%, 2  100.00%, 3    0.00%, 4    0.00%, 5    0.00%, 6    0.00%, 7    0.00%, 8    0.00%
类型3 正确率： 100.00% -> 1    0.00%, 2    0.00%, 3  100.00%, 4    0.00%, 5    0.00%, 6    0.00%, 7    0.00%, 8    0.00%
类型4 正确率： 100.00% -> 1    0.00%, 2    0.00%, 3    0.00%, 4   99.55%, 5    0.00%, 6    0.00%, 7    0.45%, 8    0.00%
类型5 正确率： 100.00% -> 1    0.00%, 2    0.00%, 3    0.00%, 4    0.00%, 5  100.00%, 6    0.00%, 7    0.00%, 8    0.00%
类型6 正确率： 100.00% -> 1    0.00%, 2    0.00%, 3    0.00%, 4    0.00%, 5    0.00%, 6  100.00%, 7    0.00%, 8    0.00%
类型7 正确率： 100.00% -> 1    0.00%, 2    0.00%, 3    0.00%, 4    0.00%, 5    0.00%, 6    0.00%, 7  100.00%, 8    0.00%
类型8 正确率： 100.00% -> 1    0.00%, 2    0.00%, 3    0.00%, 4    0.00%, 5    0.00%, 6    0.00%, 7    0.00%, 8  100.00%


轮次:··6/·10 || loss:0.002 || 耗时：24.12s
轮次:··7/·10 || loss:0.002 || 耗时：24.03s
轮次:··8/·10 || loss:0.004 || 耗时：23.99s
轮次:··9/·10 || loss:0.001 || 耗时：24.01s
轮次:·10/·10 || loss:0.002 || 耗时：24.04s
任务: (B2)N15_M07_F10; mix批次:····0; 批次:·1750/·1750; 总正确率 = 99.94%
类型1 正确率： 100.00% -> 1  100.00%, 2    0.00%, 3    0.00%, 4    0.00%, 5    0.00%, 6    0.00%, 7    0.00%, 8    0.00%
类型2 正确率： 100.00% -> 1    0.00%, 2  100.00%, 3    0.00%, 4    0.00%, 5    0.00%, 6    0.00%, 7    0.00%, 8    0.00%
类型3 正确率： 100.00% -> 1    0.00%, 2    0.00%, 3  100.00%, 4    0.00%, 5    0.00%, 6    0.00%, 7    0.00%, 8    0.00%
类型4 正确率： 100.00% -> 1    0.00%, 2    0.00%, 3    0.00%, 4   99.55%, 5    0.00%, 6    0.00%, 7    0.45%, 8    0.00%
类型5 正确率： 100.00% -> 1    0.00%, 2    0.00%, 3    0.00%, 4    0.00%, 5  100.00%, 6    0.00%, 7    0.00%, 8    0.00%
类型6 正确率： 100.00% -> 1    0.00%, 2    0.00%, 3    0.00%, 4    0.00%, 5    0.00%, 6  100.00%, 7    0.00%, 8    0.00%
类型7 正确率： 100.00% -> 1    0.00%, 2    0.00%, 3    0.00%, 4    0.00%, 5    0.00%, 6    0.00%, 7  100.00%, 8    0.00%
类型8 正确率： 100.00% -> 1    0.00%, 2    0.00%, 3    0.00%, 4    0.00%, 5    0.00%, 6    0.00%, 7    0.00%, 8  100.00%


测试集任务: (B2)N15_M07_F10; 总正确率 = 100.00%
类型1 正确率： 100.00% -> 1  100.00%, 2    0.00%, 3    0.00%, 4    0.00%, 5    0.00%, 6    0.00%, 7    0.00%, 8    0.00%
类型2 正确率： 100.00% -> 1    0.00%, 2  100.00%, 3    0.00%, 4    0.00%, 5    0.00%, 6    0.00%, 7    0.00%, 8    0.00%
类型3 正确率： 100.00% -> 1    0.00%, 2    0.00%, 3  100.00%, 4    0.00%, 5    0.00%, 6    0.00%, 7    0.00%, 8    0.00%
类型4 正确率： 100.00% -> 1    0.00%, 2    0.00%, 3    0.00%, 4  100.00%, 5    0.00%, 6    0.00%, 7    0.00%, 8    0.00%
类型5 正确率： 100.00% -> 1    0.00%, 2    0.00%, 3    0.00%, 4    0.00%, 5  100.00%, 6    0.00%, 7    0.00%, 8    0.00%
类型6 正确率： 100.00% -> 1    0.00%, 2    0.00%, 3    0.00%, 4    0.00%, 5    0.00%, 6  100.00%, 7    0.00%, 8    0.00%
类型7 正确率： 100.00% -> 1    0.00%, 2    0.00%, 3    0.00%, 4    0.00%, 5    0.00%, 6    0.00%, 7  100.00%, 8    0.00%
类型8 正确率： 100.00% -> 1    0.00%, 2    0.00%, 3    0.00%, 4    0.00%, 5    0.00%, 6    0.00%, 7    0.00%, 8  100.00%


源域训练结束

训练好之后，测试目标域
目标域路径：/kaggle/working/m0diag/sdalr_PU_as_released/DATA/PU_1d_8c_2048/N15_M01_F10_label.txt
测试目标数据集结果如下：
任务: (B2)N15_M07_F10→(B1)N15_M01_F10, 正确率 = 99.91%
类型1 正确率： 100.00% -> 1  100.00%, 2    0.00%, 3    0.00%, 4    0.00%, 5    0.00%, 6    0.00%, 7    0.00%, 8    0.00%
类型2 正确率： 100.00% -> 1    0.00%, 2  100.00%, 3    0.00%, 4    0.00%, 5    0.00%, 6    0.00%, 7    0.00%, 8    0.00%
类型3 正确率： 100.00% -> 1    0.00%, 2    0.00%, 3  100.00%, 4    0.00%, 5    0.00%, 6    0.00%, 7    0.00%, 8    0.00%
类型4 正确率： 100.00% -> 1    0.00%, 2    0.00%, 3    0.00%, 4  100.00%, 5    0.00%, 6    0.00%, 7    0.00%, 8    0.00%
类型5 正确率： 100.00% -> 1    0.00%, 2    0.00%, 3    0.00%, 4    0.00%, 5  100.00%, 6    0.00%, 7    0.00%, 8    0.00%
类型6 正确率： 100.00% -> 1    0.00%, 2    0.00%, 3    0.26%, 4    0.00%, 5    0.00%, 6   99.74%, 7    0.00%, 8    0.00%
类型7 正确率： 100.00% -> 1    0.00%, 2    0.00%, 3    0.00%, 4    0.48%, 5    0.00%, 6    0.00%, 7   99.52%, 8    0.00%
类型8 正确率： 100.00% -> 1    0.00%, 2    0.00%, 3    0.00%, 4    0.00%, 5    0.00%, 6    0.00%, 7    0.00%, 8  100.00%

目标域路径：/kaggle/working/m0diag/sdalr_PU_as_released/DATA/PU_1d_8c_2048/N15_M07_F04_label.txt
测试目标数据集结果如下：
任务: (B2)N15_M07_F10→(B3)N15_M07_F04, 正确率 = 85.31%
类型1 正确率： 100.00% -> 1  100.00%, 2    0.00%, 3    0.00%, 4    0.00%, 5    0.00%, 6    0.00%, 7    0.00%, 8    0.00%
类型2 正确率：  94.00% -> 1    0.00%, 2   93.77%, 3    6.23%, 4    0.00%, 5    0.00%, 6    0.00%, 7    0.00%, 8    0.00%
类型3 正确率：  92.00% -> 1    0.00%, 2    0.00%, 3   92.07%, 4    0.00%, 5    0.00%, 6    7.93%, 7    0.00%, 8    0.00%
类型4 正确率：  82.00% -> 1    0.00%, 2    0.00%, 3   17.53%, 4   82.47%, 5    0.00%, 6    0.00%, 7    0.00%, 8    0.00%
类型5 正确率：  82.00% -> 1   16.79%, 2    0.49%, 3    0.25%, 4    0.00%, 5   82.47%, 6    0.00%, 7    0.00%, 8    0.00%
类型6 正确率：  73.00% -> 1    0.00%, 2    0.00%, 3   27.41%, 4    0.00%, 5    0.00%, 6   72.59%, 7    0.00%, 8    0.00%
类型7 正确率：  89.00% -> 1    0.00%, 2    0.26%, 3    4.87%, 4    6.15%, 5    0.00%, 6    0.00%, 7   88.72%, 8    0.00%
类型8 正确率：  70.00% -> 1    0.00%, 2    0.00%, 3    8.21%, 4    0.00%, 5    0.00%, 6    0.00%, 7   21.39%, 8   70.40%



现在开始拿源域训练集：(B3)N15_M07_F04 进行训练
源域读取路径：/kaggle/working/m0diag/sdalr_PU_as_released/DATA/PU_1d_8c_2048/N15_M07_F04_label.txt
excel输出位置：/kaggle/working/m0diag/weight_src_PU_s2/NEW_PU/Source-源域
log&pt输出位置：/kaggle/working/m0diag/weight_src_PU_s2/NEW_PU/Source-源域/log&pt/(B3)N15_M07_F04
特征图片输出位置：/kaggle/working/m0diag/weight_src_PU_s2/NEW_PU/Picture-特征图/2026年09月13日19时34分/(B3)N15_M07_F04
源域训练开始
轮次:··1/·10 || loss:0.016 || 耗时：24.24s
轮次:··2/·10 || loss:0.021 || 耗时：24.41s
轮次:··3/·10 || loss:0.004 || 耗时：23.98s
轮次:··4/·10 || loss:0.004 || 耗时：24.01s
轮次:··5/·10 || loss:0.006 || 耗时：24.19s
任务: (B3)N15_M07_F04; mix批次:····0; 批次:··875/·1750; 总正确率 = 100.00%
类型1 正确率： 100.00% -> 1  100.00%, 2    0.00%, 3    0.00%, 4    0.00%, 5    0.00%, 6    0.00%, 7    0.00%, 8    0.00%
类型2 正确率： 100.00% -> 1    0.00%, 2  100.00%, 3    0.00%, 4    0.00%, 5    0.00%, 6    0.00%, 7    0.00%, 8    0.00%
类型3 正确率： 100.00% -> 1    0.00%, 2    0.00%, 3  100.00%, 4    0.00%, 5    0.00%, 6    0.00%, 7    0.00%, 8    0.00%
类型4 正确率： 100.00% -> 1    0.00%, 2    0.00%, 3    0.00%, 4  100.00%, 5    0.00%, 6    0.00%, 7    0.00%, 8    0.00%
类型5 正确率： 100.00% -> 1    0.00%, 2    0.00%, 3    0.00%, 4    0.00%, 5  100.00%, 6    0.00%, 7    0.00%, 8    0.00%
类型6 正确率： 100.00% -> 1    0.00%, 2    0.00%, 3    0.00%, 4    0.00%, 5    0.00%, 6  100.00%, 7    0.00%, 8    0.00%
类型7 正确率： 100.00% -> 1    0.00%, 2    0.00%, 3    0.00%, 4    0.00%, 5    0.00%, 6    0.00%, 7  100.00%, 8    0.00%
类型8 正确率： 100.00% -> 1    0.00%, 2    0.00%, 3    0.00%, 4    0.00%, 5    0.00%, 6    0.00%, 7    0.00%, 8  100.00%


轮次:··6/·10 || loss:0.002 || 耗时：24.09s
轮次:··7/·10 || loss:0.010 || 耗时：24.00s
轮次:··8/·10 || loss:0.003 || 耗时：24.00s
轮次:··9/·10 || loss:0.001 || 耗时：24.03s
轮次:·10/·10 || loss:0.004 || 耗时：24.03s
任务: (B3)N15_M07_F04; mix批次:····0; 批次:·1750/·1750; 总正确率 = 100.00%
类型1 正确率： 100.00% -> 1  100.00%, 2    0.00%, 3    0.00%, 4    0.00%, 5    0.00%, 6    0.00%, 7    0.00%, 8    0.00%
类型2 正确率： 100.00% -> 1    0.00%, 2  100.00%, 3    0.00%, 4    0.00%, 5    0.00%, 6    0.00%, 7    0.00%, 8    0.00%
类型3 正确率： 100.00% -> 1    0.00%, 2    0.00%, 3  100.00%, 4    0.00%, 5    0.00%, 6    0.00%, 7    0.00%, 8    0.00%
类型4 正确率： 100.00% -> 1    0.00%, 2    0.00%, 3    0.00%, 4  100.00%, 5    0.00%, 6    0.00%, 7    0.00%, 8    0.00%
类型5 正确率： 100.00% -> 1    0.00%, 2    0.00%, 3    0.00%, 4    0.00%, 5  100.00%, 6    0.00%, 7    0.00%, 8    0.00%
类型6 正确率： 100.00% -> 1    0.00%, 2    0.00%, 3    0.00%, 4    0.00%, 5    0.00%, 6  100.00%, 7    0.00%, 8    0.00%
类型7 正确率： 100.00% -> 1    0.00%, 2    0.00%, 3    0.00%, 4    0.00%, 5    0.00%, 6    0.00%, 7  100.00%, 8    0.00%
类型8 正确率： 100.00% -> 1    0.00%, 2    0.00%, 3    0.00%, 4    0.00%, 5    0.00%, 6    0.00%, 7    0.00%, 8  100.00%


测试集任务: (B3)N15_M07_F04; 总正确率 = 99.91%
类型1 正确率： 100.00% -> 1  100.00%, 2    0.00%, 3    0.00%, 4    0.00%, 5    0.00%, 6    0.00%, 7    0.00%, 8    0.00%
类型2 正确率： 100.00% -> 1    0.00%, 2  100.00%, 3    0.00%, 4    0.00%, 5    0.00%, 6    0.00%, 7    0.00%, 8    0.00%
类型3 正确率： 100.00% -> 1    0.00%, 2    0.00%, 3  100.00%, 4    0.00%, 5    0.00%, 6    0.00%, 7    0.00%, 8    0.00%
类型4 正确率： 100.00% -> 1    0.00%, 2    0.00%, 3    0.00%, 4   99.74%, 5    0.00%, 6    0.00%, 7    0.26%, 8    0.00%
类型5 正确率： 100.00% -> 1    0.00%, 2    0.00%, 3    0.00%, 4    0.00%, 5  100.00%, 6    0.00%, 7    0.00%, 8    0.00%
类型6 正确率： 100.00% -> 1    0.00%, 2    0.00%, 3    0.00%, 4    0.00%, 5    0.00%, 6  100.00%, 7    0.00%, 8    0.00%
类型7 正确率： 100.00% -> 1    0.00%, 2    0.23%, 3    0.00%, 4    0.23%, 5    0.00%, 6    0.00%, 7   99.54%, 8    0.00%
类型8 正确率： 100.00% -> 1    0.00%, 2    0.00%, 3    0.00%, 4    0.00%, 5    0.00%, 6    0.00%, 7    0.00%, 8  100.00%


源域训练结束

训练好之后，测试目标域
目标域路径：/kaggle/working/m0diag/sdalr_PU_as_released/DATA/PU_1d_8c_2048/N15_M01_F10_label.txt
测试目标数据集结果如下：
任务: (B3)N15_M07_F04→(B1)N15_M01_F10, 正确率 = 76.89%
类型1 正确率： 100.00% -> 1  100.00%, 2    0.00%, 3    0.00%, 4    0.00%, 5    0.00%, 6    0.00%, 7    0.00%, 8    0.00%
类型2 正确率： 100.00% -> 1    0.00%, 2  100.00%, 3    0.00%, 4    0.00%, 5    0.00%, 6    0.00%, 7    0.00%, 8    0.00%
类型3 正确率：   6.00% -> 1    0.00%, 2    0.00%, 3    6.42%, 4   85.19%, 5    0.00%, 6    0.74%, 7    1.23%, 8    6.42%
类型4 正确率： 100.00% -> 1    0.00%, 2    0.00%, 3    0.00%, 4   99.74%, 5    0.00%, 6    0.00%, 7    0.26%, 8    0.00%
类型5 正确率： 100.00% -> 1    0.00%, 2    0.00%, 3    0.00%, 4    0.00%, 5  100.00%, 6    0.00%, 7    0.00%, 8    0.00%
类型6 正确率：  51.00% -> 1    0.00%, 2    0.00%, 3   10.28%, 4    7.77%, 5    0.00%, 6   50.63%, 7    1.00%, 8   30.33%
类型7 正确率：  58.00% -> 1    0.00%, 2    0.00%, 3    0.00%, 4    0.73%, 5    0.00%, 6    0.00%, 7   58.29%, 8   40.98%
类型8 正确率： 100.00% -> 1    0.00%, 2    0.00%, 3    0.00%, 4    0.00%, 5    0.00%, 6    0.00%, 7    0.00%, 8  100.00%

目标域路径：/kaggle/working/m0diag/sdalr_PU_as_released/DATA/PU_1d_8c_2048/N15_M07_F10_label.txt
测试目标数据集结果如下：
任务: (B3)N15_M07_F04→(B2)N15_M07_F10, 正确率 = 74.19%
类型1 正确率： 100.00% -> 1   99.51%, 2    0.00%, 3    0.00%, 4    0.00%, 5    0.49%, 6    0.00%, 7    0.00%, 8    0.00%
类型2 正确率： 100.00% -> 1    0.00%, 2   99.74%, 3    0.00%, 4    0.00%, 5    0.00%, 6    0.00%, 7    0.00%, 8    0.26%
类型3 正确率：  10.00% -> 1    0.00%, 2    0.00%, 3   10.12%, 4   71.36%, 5    0.00%, 6    0.00%, 7    1.23%, 8   17.28%
类型4 正确率：  98.00% -> 1    0.00%, 2    0.00%, 3    0.00%, 4   97.71%, 5    0.00%, 6    0.00%, 7    2.29%, 8    0.00%
类型5 正确率： 100.00% -> 1    0.00%, 2    0.00%, 3    0.00%, 4    0.00%, 5  100.00%, 6    0.00%, 7    0.00%, 8    0.00%
类型6 正确率：  35.00% -> 1    0.00%, 2    0.00%, 3    4.58%, 4    6.87%, 5    0.00%, 6   34.86%, 7    0.76%, 8   52.93%
类型7 正确率：  52.00% -> 1    0.00%, 2    0.00%, 3    0.00%, 4    0.00%, 5    0.00%, 6    0.00%, 7   51.55%, 8   48.45%
类型8 正确率： 100.00% -> 1    0.00%, 2    0.00%, 3    0.00%, 4    0.00%, 5    0.00%, 6    0.00%, 7    0.00%, 8  100.00%

