读取源域路径：/kaggle/working/m0/weight_JNU_as_released_s2024/NEW_JNU/Source-源域/log&pt/(B3)1000
excel输出位置：/kaggle/working/m0/weight_JNU_as_released_s2024/NEW_JNU/Target-目标域
特征图片输出位置：/kaggle/working/m0/weight_JNU_as_released_s2024/NEW_JNU/Picture-特征图/2026年09月13日07时14分/(B3)1000
现在选取:(B3)1000 进行训练的源模型
现在进行：(B3)1000→(B1)600 的迁移任务
log&pt输出位置：/kaggle/working/m0/weight_JNU_as_released_s2024/NEW_JNU/Target-目标域/log&pt/(B3)1000→(B1)600
任务: (B3)1000→(B1)600; 批次:····0/·2500;  总正确率: 74.42%
类型1 正确率：  95.00% -> 1   95.30%, 2    0.00%, 3    0.00%, 4    4.70%
类型2 正确率：  54.00% -> 1   41.70%, 2   54.10%, 3    0.00%, 4    4.20%
类型3 正确率：  70.00% -> 1    0.00%, 2    0.00%, 3   70.35%, 4   29.65%
类型4 正确率：  78.00% -> 1   20.30%, 2    1.05%, 3    0.70%, 4   77.95%


样本变换：reverse
样本变换：mask
样本变换：shift
样本变换：none
未过滤	未用伪标签：74.42% -> 使用伪标签：85.41%
已过滤	未用伪标签：75.17% -> 使用伪标签：88.21%
投票前-排除样本：6|8000	通过率:99.92%	剩余：2497, 2081, 1730, 1686
投票后-排除样本：254|8000	通过率:96.83%	剩余：2477, 2065, 1553, 1651
增添样本：2162		细则：0, 412, 924, 826	正确率估算：66.14%
类型1 正确率： 100.00% -> 1   99.95%, 2    0.00%, 3    0.00%, 4    0.05%
类型2 正确率：  99.00% -> 1    1.12%, 2   98.78%, 3    0.05%, 4    0.05%
类型3 正确率：  83.00% -> 1    0.00%, 2    0.00%, 3   83.33%, 4   16.67%
类型4 正确率：  70.00% -> 1   23.76%, 2    6.04%, 3    0.36%, 4   69.83%

被排除样本 正确率：51.57%
类型1 没有样本或未被分类。
类型2 正确率：   4.00% -> 1   74.07%, 2    3.70%, 3    0.00%, 4   22.22%
类型3 正确率：  48.00% -> 1    0.00%, 2    0.00%, 3   47.95%, 4   52.05%
类型4 正确率：  74.00% -> 1   24.69%, 2    1.23%, 3    0.00%, 4   74.07%


轮次:··1/·20 || c_Loss:0.588 || e_Loss:-1.898 || Aad_Loss:-17.980 || 耗时：41.36s
轮次:··2/·20 || c_Loss:0.463 || e_Loss:-1.780 || Aad_Loss:-20.772 || 耗时：17.17s
轮次:··3/·20 || c_Loss:0.474 || e_Loss:-1.699 || Aad_Loss:-19.468 || 耗时：17.05s
轮次:··4/·20 || c_Loss:0.448 || e_Loss:-1.882 || Aad_Loss:-20.887 || 耗时：17.04s
轮次:··5/·20 || c_Loss:0.472 || e_Loss:-1.331 || Aad_Loss:-20.013 || 耗时：17.12s
任务: (B3)1000→(B1)600; mix批次:····0; 批次:··625/·2500;  总正确率: 89.64%
类型1 正确率： 100.00% -> 1  100.00%, 2    0.00%, 3    0.00%, 4    0.00%
类型2 正确率： 100.00% -> 1    0.00%, 2  100.00%, 3    0.00%, 4    0.00%
类型3 正确率：  84.00% -> 1    0.00%, 2    0.00%, 3   83.80%, 4   16.20%
类型4 正确率：  75.00% -> 1   20.75%, 2    4.40%, 3    0.10%, 4   74.75%


样本变换：reverse
样本变换：mask
样本变换：shift
样本变换：none
未过滤	未用伪标签：89.64% -> 使用伪标签：90.26%
已过滤	未用伪标签：90.28% -> 使用伪标签：91.29%
投票前-排除样本：1|8000	通过率:99.99%	剩余：2421, 2111, 1846, 1621
投票后-排除样本：90|8000	通过率:98.88%	剩余：2412, 2109, 1802, 1587
增添样本：1738		细则：0, 303, 610, 825	正确率估算：96.78%
类型1 正确率： 100.00% -> 1  100.00%, 2    0.00%, 3    0.00%, 4    0.00%
类型2 正确率： 100.00% -> 1    0.00%, 2  100.00%, 3    0.00%, 4    0.00%
类型3 正确率：  92.00% -> 1    0.00%, 2    0.00%, 3   91.81%, 4    8.19%
类型4 正确率：  73.00% -> 1   21.06%, 2    5.57%, 3    0.41%, 4   72.96%

被排除样本 正确率：33.33%
类型1 没有样本或未被分类。
类型2 没有样本或未被分类。
类型3 正确率：   4.00% -> 1    0.00%, 2    0.00%, 3    4.35%, 4   95.65%
类型4 正确率：  64.00% -> 1   25.00%, 2   11.36%, 3    0.00%, 4   63.64%


轮次:··6/·20 || c_Loss:0.497 || e_Loss:-2.351 || Aad_Loss:-20.880 || 耗时：40.85s
轮次:··7/·20 || c_Loss:0.456 || e_Loss:-2.214 || Aad_Loss:-21.497 || 耗时：17.05s
轮次:··8/·20 || c_Loss:0.491 || e_Loss:-1.067 || Aad_Loss:-20.999 || 耗时：17.04s
轮次:··9/·20 || c_Loss:0.470 || e_Loss:-1.104 || Aad_Loss:-21.983 || 耗时：17.00s
轮次:·10/·20 || c_Loss:0.509 || e_Loss:-1.066 || Aad_Loss:-19.995 || 耗时：16.98s
任务: (B3)1000→(B1)600; mix批次:····0; 批次:·1250/·2500;  总正确率: 91.69%
类型1 正确率： 100.00% -> 1  100.00%, 2    0.00%, 3    0.00%, 4    0.00%
类型2 正确率： 100.00% -> 1    0.00%, 2  100.00%, 3    0.00%, 4    0.00%
类型3 正确率：  92.00% -> 1    0.00%, 2    0.00%, 3   91.95%, 4    8.05%
类型4 正确率：  75.00% -> 1   21.40%, 2    3.60%, 3    0.20%, 4   74.80%


样本变换：reverse
样本变换：mask
样本变换：shift
样本变换：none
未过滤	未用伪标签：91.69% -> 使用伪标签：91.54%
已过滤	未用伪标签：92.20% -> 使用伪标签：92.37%
投票前-排除样本：0|8000	通过率:100.00%	剩余：2413, 2098, 1902, 1587
投票后-排除样本：72|8000	通过率:99.10%	剩余：2403, 2091, 1878, 1556
增添样本：1684		细则：0, 312, 525, 847	正确率估算：98.16%
类型1 正确率： 100.00% -> 1  100.00%, 2    0.00%, 3    0.00%, 4    0.00%
类型2 正确率： 100.00% -> 1    0.00%, 2  100.00%, 3    0.00%, 4    0.00%
类型3 正确率：  95.00% -> 1    0.00%, 2    0.00%, 3   94.78%, 4    5.22%
类型4 正确率：  74.00% -> 1   20.61%, 2    4.65%, 3    0.41%, 4   74.32%

被排除样本 正确率：34.72%
类型1 没有样本或未被分类。
类型2 没有样本或未被分类。
类型3 正确率：  26.00% -> 1    0.00%, 2    0.00%, 3   25.93%, 4   74.07%
类型4 正确率：  40.00% -> 1   46.67%, 2   11.11%, 3    2.22%, 4   40.00%


轮次:·11/·20 || c_Loss:0.481 || e_Loss:-1.796 || Aad_Loss:-20.876 || 耗时：40.78s
轮次:·12/·20 || c_Loss:0.470 || e_Loss:-1.097 || Aad_Loss:-23.148 || 耗时：16.98s
轮次:·13/·20 || c_Loss:0.495 || e_Loss:-1.122 || Aad_Loss:-21.479 || 耗时：17.02s
轮次:·14/·20 || c_Loss:0.462 || e_Loss:-1.122 || Aad_Loss:-22.775 || 耗时：17.06s
轮次:·15/·20 || c_Loss:0.479 || e_Loss:-1.105 || Aad_Loss:-21.732 || 耗时：17.04s
任务: (B3)1000→(B1)600; mix批次:····0; 批次:·1875/·2500;  总正确率: 92.66%
类型1 正确率： 100.00% -> 1  100.00%, 2    0.00%, 3    0.00%, 4    0.00%
类型2 正确率： 100.00% -> 1    0.00%, 2  100.00%, 3    0.00%, 4    0.00%
类型3 正确率：  95.00% -> 1    0.00%, 2    0.00%, 3   95.35%, 4    4.65%
类型4 正确率：  75.00% -> 1   20.35%, 2    4.10%, 3    0.25%, 4   75.30%


样本变换：reverse
样本变换：mask
样本变换：shift
样本变换：none
未过滤	未用伪标签：92.66% -> 使用伪标签：91.79%
已过滤	未用伪标签：93.00% -> 使用伪标签：92.62%
投票前-排除样本：0|8000	通过率:100.00%	剩余：2411, 2103, 1927, 1559
投票后-排除样本：72|8000	通过率:99.10%	剩余：2405, 2094, 1902, 1527
增添样本：1692		细则：0, 311, 503, 878	正确率估算：98.94%
类型1 正确率： 100.00% -> 1  100.00%, 2    0.00%, 3    0.00%, 4    0.00%
类型2 正确率： 100.00% -> 1    0.00%, 2  100.00%, 3    0.00%, 4    0.00%
类型3 正确率：  96.00% -> 1    0.00%, 2    0.00%, 3   96.04%, 4    3.96%
类型4 正确率：  74.00% -> 1   20.71%, 2    4.81%, 3    0.41%, 4   74.08%

被排除样本 正确率：55.56%
类型1 没有样本或未被分类。
类型2 没有样本或未被分类。
类型3 正确率：  64.00% -> 1    0.00%, 2    0.00%, 3   64.29%, 4   35.71%
类型4 正确率：  50.00% -> 1   31.82%, 2   13.64%, 3    4.55%, 4   50.00%


轮次:·16/·20 || c_Loss:0.503 || e_Loss:-2.433 || Aad_Loss:-20.911 || 耗时：40.62s
轮次:·17/·20 || c_Loss:0.467 || e_Loss:-1.102 || Aad_Loss:-21.488 || 耗时：17.06s
轮次:·18/·20 || c_Loss:0.499 || e_Loss:-1.098 || Aad_Loss:-21.963 || 耗时：17.10s
轮次:·19/·20 || c_Loss:0.447 || e_Loss:-2.212 || Aad_Loss:-22.612 || 耗时：17.02s
轮次:·20/·20 || c_Loss:0.458 || e_Loss:-1.154 || Aad_Loss:-22.695 || 耗时：16.99s
任务: (B3)1000→(B1)600; mix批次:····0; 批次:·2500/·2500;  总正确率: 93.19%
类型1 正确率： 100.00% -> 1  100.00%, 2    0.00%, 3    0.00%, 4    0.00%
类型2 正确率： 100.00% -> 1    0.00%, 2  100.00%, 3    0.00%, 4    0.00%
类型3 正确率：  96.00% -> 1    0.00%, 2    0.00%, 3   96.10%, 4    3.90%
类型4 正确率：  77.00% -> 1   18.95%, 2    4.15%, 3    0.25%, 4   76.65%


测试集任务: (B3)1000→(B1)600; 总正确率 = 93.19%
类型1 正确率： 100.00% -> 1  100.00%, 2    0.00%, 3    0.00%, 4    0.00%
类型2 正确率： 100.00% -> 1    0.00%, 2  100.00%, 3    0.00%, 4    0.00%
类型3 正确率：  96.00% -> 1    0.00%, 2    0.00%, 3   96.10%, 4    3.90%
类型4 正确率：  77.00% -> 1   18.95%, 2    4.15%, 3    0.25%, 4   76.65%


