读取源域路径：/kaggle/working/m0/weight_JNU_as_released_s2024/NEW_JNU/Source-源域/log&pt/(B2)800
excel输出位置：/kaggle/working/m0/weight_JNU_as_released_s2024/NEW_JNU/Target-目标域
特征图片输出位置：/kaggle/working/m0/weight_JNU_as_released_s2024/NEW_JNU/Picture-特征图/2026年09月13日06时59分/(B2)800
现在选取:(B2)800 进行训练的源模型
现在进行：(B2)800→(B1)600 的迁移任务
log&pt输出位置：/kaggle/working/m0/weight_JNU_as_released_s2024/NEW_JNU/Target-目标域/log&pt/(B2)800→(B1)600
任务: (B2)800→(B1)600; 批次:····0/·2500;  总正确率: 91.35%
类型1 正确率： 100.00% -> 1   99.85%, 2    0.00%, 3    0.00%, 4    0.15%
类型2 正确率：  86.00% -> 1   10.10%, 2   85.90%, 3    0.00%, 4    4.00%
类型3 正确率：  94.00% -> 1    0.05%, 2    0.00%, 3   93.50%, 4    6.45%
类型4 正确率：  86.00% -> 1   11.15%, 2    2.70%, 3    0.00%, 4   86.15%


样本变换：reverse
样本变换：mask
样本变换：shift
样本变换：none
未过滤	未用伪标签：91.35% -> 使用伪标签：89.80%
已过滤	未用伪标签：91.61% -> 使用伪标签：92.29%
投票前-排除样本：0|8000	通过率:100.00%	剩余：2331, 2122, 1874, 1673
投票后-排除样本：216|8000	通过率:97.30%	剩余：2319, 2125, 1745, 1595
增添样本：1492		细则：0, 194, 574, 724	正确率估算：90.68%
类型1 正确率： 100.00% -> 1  100.00%, 2    0.00%, 3    0.00%, 4    0.00%
类型2 正确率： 100.00% -> 1    0.15%, 2   99.60%, 3    0.00%, 4    0.25%
类型3 正确率：  93.00% -> 1    0.00%, 2    0.00%, 3   92.87%, 4    7.13%
类型4 正确率：  76.00% -> 1   16.51%, 2    7.42%, 3    0.00%, 4   76.07%

被排除样本 正确率：81.94%
类型1 没有样本或未被分类。
类型2 正确率：  33.00% -> 1   55.56%, 2   33.33%, 3    0.00%, 4   11.11%
类型3 正确率：  85.00% -> 1    0.83%, 2    0.00%, 3   85.12%, 4   14.05%
类型4 正确率：  83.00% -> 1   11.63%, 2    5.81%, 3    0.00%, 4   82.56%


轮次:··1/·20 || c_Loss:0.593 || e_Loss:-1.113 || Aad_Loss:-19.760 || 耗时：41.22s
轮次:··2/·20 || c_Loss:0.490 || e_Loss:-2.104 || Aad_Loss:-18.804 || 耗时：17.09s
轮次:··3/·20 || c_Loss:0.474 || e_Loss:-2.250 || Aad_Loss:-19.233 || 耗时：16.98s
轮次:··4/·20 || c_Loss:0.446 || e_Loss:-2.238 || Aad_Loss:-20.749 || 耗时：16.98s
轮次:··5/·20 || c_Loss:0.500 || e_Loss:-2.118 || Aad_Loss:-19.152 || 耗时：17.02s
任务: (B2)800→(B1)600; mix批次:····0; 批次:··625/·2500;  总正确率: 93.22%
类型1 正确率： 100.00% -> 1  100.00%, 2    0.00%, 3    0.00%, 4    0.00%
类型2 正确率： 100.00% -> 1    0.00%, 2  100.00%, 3    0.00%, 4    0.00%
类型3 正确率：  92.00% -> 1    0.35%, 2    0.00%, 3   91.85%, 4    7.80%
类型4 正确率：  81.00% -> 1   15.10%, 2    3.85%, 3    0.00%, 4   81.05%


样本变换：reverse
样本变换：mask
样本变换：shift
样本变换：none
未过滤	未用伪标签：93.23% -> 使用伪标签：93.17%
已过滤	未用伪标签：93.68% -> 使用伪标签：94.16%
投票前-排除样本：0|8000	通过率:100.00%	剩余：2304, 2111, 1919, 1666
投票后-排除样本：84|8000	通过率:98.95%	剩余：2291, 2107, 1903, 1615
增添样本：1248		细则：0, 184, 388, 676	正确率估算：97.76%
类型1 正确率： 100.00% -> 1  100.00%, 2    0.00%, 3    0.00%, 4    0.00%
类型2 正确率： 100.00% -> 1    0.00%, 2  100.00%, 3    0.00%, 4    0.00%
类型3 正确率：  97.00% -> 1    0.00%, 2    0.00%, 3   96.75%, 4    3.25%
类型4 正确率：  80.00% -> 1   14.93%, 2    5.49%, 3    0.00%, 4   79.58%

被排除样本 正确率：50.00%
类型1 没有样本或未被分类。
类型2 没有样本或未被分类。
类型3 正确率：  15.00% -> 1    0.00%, 2    0.00%, 3   15.15%, 4   84.85%
类型4 正确率：  73.00% -> 1   21.57%, 2    5.88%, 3    0.00%, 4   72.55%


轮次:··6/·20 || c_Loss:0.480 || e_Loss:-1.095 || Aad_Loss:-22.337 || 耗时：40.56s
轮次:··7/·20 || c_Loss:0.486 || e_Loss:-1.127 || Aad_Loss:-19.450 || 耗时：17.05s
轮次:··8/·20 || c_Loss:0.484 || e_Loss:-2.160 || Aad_Loss:-21.406 || 耗时：17.10s
轮次:··9/·20 || c_Loss:0.461 || e_Loss:-2.455 || Aad_Loss:-22.763 || 耗时：17.12s
轮次:·10/·20 || c_Loss:0.484 || e_Loss:-1.069 || Aad_Loss:-21.226 || 耗时：17.06s
任务: (B2)800→(B1)600; mix批次:····0; 批次:·1250/·2500;  总正确率: 94.57%
类型1 正确率： 100.00% -> 1  100.00%, 2    0.00%, 3    0.00%, 4    0.00%
类型2 正确率： 100.00% -> 1    0.00%, 2  100.00%, 3    0.00%, 4    0.00%
类型3 正确率：  95.00% -> 1    0.00%, 2    0.00%, 3   95.45%, 4    4.55%
类型4 正确率：  83.00% -> 1   14.10%, 2    3.05%, 3    0.00%, 4   82.85%


样本变换：reverse
样本变换：mask
样本变换：shift
样本变换：none
未过滤	未用伪标签：94.58% -> 使用伪标签：93.99%
已过滤	未用伪标签：95.03% -> 使用伪标签：94.78%
投票前-排除样本：0|8000	通过率:100.00%	剩余：2303, 2085, 1945, 1667
投票后-排除样本：67|8000	通过率:99.16%	剩余：2289, 2078, 1928, 1638
增添样本：1223		细则：0, 211, 361, 651	正确率估算：98.69%
类型1 正确率： 100.00% -> 1   99.95%, 2    0.05%, 3    0.00%, 4    0.00%
类型2 正确率： 100.00% -> 1    0.00%, 2  100.00%, 3    0.00%, 4    0.00%
类型3 正确率：  98.00% -> 1    0.00%, 2    0.00%, 3   97.67%, 4    2.33%
类型4 正确率：  81.00% -> 1   14.80%, 2    3.93%, 3    0.00%, 4   81.27%

被排除样本 正确率：40.30%
类型1 没有样本或未被分类。
类型2 没有样本或未被分类。
类型3 正确率：  23.00% -> 1    0.00%, 2    0.00%, 3   23.08%, 4   76.92%
类型4 正确率：  51.00% -> 1   31.71%, 2   17.07%, 3    0.00%, 4   51.22%


轮次:·11/·20 || c_Loss:0.490 || e_Loss:-1.098 || Aad_Loss:-21.265 || 耗时：40.51s
轮次:·12/·20 || c_Loss:0.452 || e_Loss:-2.315 || Aad_Loss:-21.249 || 耗时：17.04s
轮次:·13/·20 || c_Loss:0.457 || e_Loss:-1.136 || Aad_Loss:-21.825 || 耗时：17.07s
轮次:·14/·20 || c_Loss:0.454 || e_Loss:-1.067 || Aad_Loss:-25.438 || 耗时：17.04s
轮次:·15/·20 || c_Loss:0.446 || e_Loss:-2.189 || Aad_Loss:-22.192 || 耗时：16.99s
任务: (B2)800→(B1)600; mix批次:····0; 批次:·1875/·2500;  总正确率: 95.24%
类型1 正确率： 100.00% -> 1  100.00%, 2    0.00%, 3    0.00%, 4    0.00%
类型2 正确率： 100.00% -> 1    0.00%, 2  100.00%, 3    0.00%, 4    0.00%
类型3 正确率：  97.00% -> 1    0.00%, 2    0.00%, 3   97.40%, 4    2.60%
类型4 正确率：  84.00% -> 1   14.25%, 2    2.20%, 3    0.00%, 4   83.55%


样本变换：reverse
样本变换：mask
样本变换：shift
样本变换：none
未过滤	未用伪标签：95.24% -> 使用伪标签：94.41%
已过滤	未用伪标签：95.48% -> 使用伪标签：95.08%
投票前-排除样本：0|8000	通过率:100.00%	剩余：2305, 2064, 1961, 1670
投票后-排除样本：56|8000	通过率:99.30%	剩余：2301, 2053, 1943, 1647
增添样本：1260		细则：0, 248, 358, 654	正确率估算：98.89%
类型1 正确率： 100.00% -> 1   99.95%, 2    0.05%, 3    0.00%, 4    0.00%
类型2 正确率： 100.00% -> 1    0.00%, 2  100.00%, 3    0.00%, 4    0.00%
类型3 正确率：  98.00% -> 1    0.00%, 2    0.00%, 3   98.18%, 4    1.82%
类型4 正确率：  82.00% -> 1   15.37%, 2    2.65%, 3    0.00%, 4   81.98%

被排除样本 正确率：60.71%
类型1 没有样本或未被分类。
类型2 没有样本或未被分类。
类型3 正确率：  57.00% -> 1    0.00%, 2    0.00%, 3   57.14%, 4   42.86%
类型4 正确率：  63.00% -> 1   17.14%, 2   20.00%, 3    0.00%, 4   62.86%


轮次:·16/·20 || c_Loss:0.456 || e_Loss:-1.206 || Aad_Loss:-21.862 || 耗时：40.62s
轮次:·17/·20 || c_Loss:0.468 || e_Loss:-2.263 || Aad_Loss:-22.888 || 耗时：17.10s
轮次:·18/·20 || c_Loss:0.479 || e_Loss:-1.142 || Aad_Loss:-22.009 || 耗时：17.12s
轮次:·19/·20 || c_Loss:0.470 || e_Loss:-2.162 || Aad_Loss:-21.998 || 耗时：17.07s
轮次:·20/·20 || c_Loss:0.473 || e_Loss:-1.172 || Aad_Loss:-21.796 || 耗时：17.04s
任务: (B2)800→(B1)600; mix批次:····0; 批次:·2500/·2500;  总正确率: 95.26%
类型1 正确率： 100.00% -> 1  100.00%, 2    0.00%, 3    0.00%, 4    0.00%
类型2 正确率： 100.00% -> 1    0.00%, 2  100.00%, 3    0.00%, 4    0.00%
类型3 正确率：  98.00% -> 1    0.00%, 2    0.00%, 3   97.65%, 4    2.35%
类型4 正确率：  83.00% -> 1   15.35%, 2    1.25%, 3    0.00%, 4   83.40%


测试集任务: (B2)800→(B1)600; 总正确率 = 95.26%
类型1 正确率： 100.00% -> 1  100.00%, 2    0.00%, 3    0.00%, 4    0.00%
类型2 正确率： 100.00% -> 1    0.00%, 2  100.00%, 3    0.00%, 4    0.00%
类型3 正确率：  98.00% -> 1    0.00%, 2    0.00%, 3   97.65%, 4    2.35%
类型4 正确率：  83.00% -> 1   15.35%, 2    1.25%, 3    0.00%, 4   83.40%


