读取源域路径：/kaggle/working/m0/weight_JNU_as_released_s2024/NEW_JNU/Source-源域/log&pt/(B2)800
excel输出位置：/kaggle/working/m0/weight_JNU_as_released_s2024/NEW_JNU/Target-目标域
特征图片输出位置：/kaggle/working/m0/weight_JNU_as_released_s2024/NEW_JNU/Picture-特征图/2026年09月13日07时07分/(B2)800
现在选取:(B2)800 进行训练的源模型
现在进行：(B2)800→(B3)1000 的迁移任务
log&pt输出位置：/kaggle/working/m0/weight_JNU_as_released_s2024/NEW_JNU/Target-目标域/log&pt/(B2)800→(B3)1000
任务: (B2)800→(B3)1000; 批次:····0/·2500;  总正确率: 99.07%
类型1 正确率： 100.00% -> 1  100.00%, 2    0.00%, 3    0.00%, 4    0.00%
类型2 正确率： 100.00% -> 1    0.00%, 2  100.00%, 3    0.00%, 4    0.00%
类型3 正确率：  97.00% -> 1    0.00%, 2    0.00%, 3   96.70%, 4    3.30%
类型4 正确率： 100.00% -> 1    0.00%, 2    0.00%, 3    0.40%, 4   99.60%


样本变换：reverse
样本变换：mask
样本变换：shift
样本变换：none
未过滤	未用伪标签：99.08% -> 使用伪标签：99.58%
已过滤	未用伪标签：99.22% -> 使用伪标签：99.86%
投票前-排除样本：0|8000	通过率:100.00%	剩余：2003, 2000, 2007, 1990
投票后-排除样本：23|8000	通过率:99.71%	剩余：2003, 2000, 1992, 1982
增添样本：35		细则：0, 3, 11, 21	正确率估算：97.14%
类型1 正确率： 100.00% -> 1  100.00%, 2    0.00%, 3    0.00%, 4    0.00%
类型2 正确率： 100.00% -> 1    0.00%, 2  100.00%, 3    0.00%, 4    0.00%
类型3 正确率： 100.00% -> 1    0.00%, 2    0.00%, 3   99.85%, 4    0.15%
类型4 正确率： 100.00% -> 1    0.15%, 2    0.00%, 3    0.25%, 4   99.60%

被排除样本 正确率：47.83%
类型1 正确率：  10.00% -> 1   10.00%, 2   90.00%
类型2 正确率：  77.00% -> 1   23.08%, 2   76.92%


轮次:··1/·20 || c_Loss:0.612 || e_Loss:-1.274 || Aad_Loss:-22.709 || 耗时：40.32s
轮次:··2/·20 || c_Loss:0.460 || e_Loss:-1.263 || Aad_Loss:-22.329 || 耗时：17.12s
轮次:··3/·20 || c_Loss:0.445 || e_Loss:-1.154 || Aad_Loss:-24.096 || 耗时：16.95s
轮次:··4/·20 || c_Loss:0.445 || e_Loss:-1.244 || Aad_Loss:-22.536 || 耗时：16.93s
轮次:··5/·20 || c_Loss:0.434 || e_Loss:-1.279 || Aad_Loss:-22.976 || 耗时：17.03s
任务: (B2)800→(B3)1000; mix批次:····0; 批次:··625/·2500;  总正确率: 99.98%
类型1 正确率： 100.00% -> 1  100.00%, 2    0.00%, 3    0.00%, 4    0.00%
类型2 正确率： 100.00% -> 1    0.00%, 2  100.00%, 3    0.00%, 4    0.00%
类型3 正确率： 100.00% -> 1    0.00%, 2    0.00%, 3   99.95%, 4    0.05%
类型4 正确率： 100.00% -> 1    0.00%, 2    0.00%, 3    0.05%, 4   99.95%


样本变换：reverse
样本变换：mask
样本变换：shift
样本变换：none
未过滤	未用伪标签：99.98% -> 使用伪标签：99.98%
已过滤	未用伪标签：99.99% -> 使用伪标签：100.00%
投票前-排除样本：0|8000	通过率:100.00%	剩余：2000, 2000, 2001, 1999
投票后-排除样本：2|8000	通过率:99.98%	剩余：2000, 2000, 2000, 1998
增添样本：2		细则：0, 0, 0, 2	正确率估算：100.00%
类型1 正确率： 100.00% -> 1  100.00%, 2    0.00%, 3    0.00%, 4    0.00%
类型2 正确率： 100.00% -> 1    0.00%, 2  100.00%, 3    0.00%, 4    0.00%
类型3 正确率： 100.00% -> 1    0.00%, 2    0.00%, 3  100.00%, 4    0.00%
类型4 正确率： 100.00% -> 1    0.00%, 2    0.00%, 3    0.00%, 4  100.00%

被排除样本 正确率：50.00%
类型1 没有样本或未被分类。
类型2 正确率：  50.00% -> 1   50.00%, 2   50.00%


轮次:··6/·20 || c_Loss:0.444 || e_Loss:-1.248 || Aad_Loss:-23.451 || 耗时：40.24s
轮次:··7/·20 || c_Loss:0.448 || e_Loss:-1.294 || Aad_Loss:-22.824 || 耗时：17.04s
轮次:··8/·20 || c_Loss:0.456 || e_Loss:-1.266 || Aad_Loss:-23.716 || 耗时：16.96s
轮次:··9/·20 || c_Loss:0.437 || e_Loss:-1.242 || Aad_Loss:-24.232 || 耗时：16.87s
轮次:·10/·20 || c_Loss:0.460 || e_Loss:-1.189 || Aad_Loss:-25.544 || 耗时：16.92s
任务: (B2)800→(B3)1000; mix批次:····0; 批次:·1250/·2500;  总正确率: 100.00%
类型1 正确率： 100.00% -> 1  100.00%, 2    0.00%, 3    0.00%, 4    0.00%
类型2 正确率： 100.00% -> 1    0.00%, 2  100.00%, 3    0.00%, 4    0.00%
类型3 正确率： 100.00% -> 1    0.00%, 2    0.00%, 3  100.00%, 4    0.00%
类型4 正确率： 100.00% -> 1    0.00%, 2    0.00%, 3    0.00%, 4  100.00%


样本变换：reverse
样本变换：mask
样本变换：shift
样本变换：none
未过滤	未用伪标签：100.00% -> 使用伪标签：100.00%
已过滤	未用伪标签：100.00% -> 使用伪标签：100.00%
投票前-排除样本：0|8000	通过率:100.00%	剩余：2000, 2000, 2000, 2000
投票后-排除样本：0|8000	通过率:100.00%	剩余：2000, 2000, 2000, 2000
增添样本：0		细则：0, 0, 0, 0类型1 正确率： 100.00% -> 1  100.00%, 2    0.00%, 3    0.00%, 4    0.00%
类型2 正确率： 100.00% -> 1    0.00%, 2  100.00%, 3    0.00%, 4    0.00%
类型3 正确率： 100.00% -> 1    0.00%, 2    0.00%, 3  100.00%, 4    0.00%
类型4 正确率： 100.00% -> 1    0.00%, 2    0.00%, 3    0.00%, 4  100.00%

被排除样本 正确率：nan%


轮次:·11/·20 || c_Loss:0.451 || e_Loss:-1.273 || Aad_Loss:-23.108 || 耗时：40.04s
轮次:·12/·20 || c_Loss:0.449 || e_Loss:-1.249 || Aad_Loss:-23.286 || 耗时：17.08s
轮次:·13/·20 || c_Loss:0.461 || e_Loss:-1.239 || Aad_Loss:-23.612 || 耗时：17.06s
轮次:·14/·20 || c_Loss:0.449 || e_Loss:-1.268 || Aad_Loss:-23.611 || 耗时：17.08s
轮次:·15/·20 || c_Loss:0.447 || e_Loss:-1.262 || Aad_Loss:-23.352 || 耗时：17.07s
任务: (B2)800→(B3)1000; mix批次:····0; 批次:·1875/·2500;  总正确率: 100.00%
类型1 正确率： 100.00% -> 1  100.00%, 2    0.00%, 3    0.00%, 4    0.00%
类型2 正确率： 100.00% -> 1    0.00%, 2  100.00%, 3    0.00%, 4    0.00%
类型3 正确率： 100.00% -> 1    0.00%, 2    0.00%, 3  100.00%, 4    0.00%
类型4 正确率： 100.00% -> 1    0.00%, 2    0.00%, 3    0.00%, 4  100.00%


样本变换：reverse
样本变换：mask
样本变换：shift
样本变换：none
未过滤	未用伪标签：100.00% -> 使用伪标签：100.00%
已过滤	未用伪标签：100.00% -> 使用伪标签：100.00%
投票前-排除样本：0|8000	通过率:100.00%	剩余：2000, 2000, 2000, 2000
投票后-排除样本：0|8000	通过率:100.00%	剩余：2000, 2000, 2000, 2000
增添样本：0		细则：0, 0, 0, 0类型1 正确率： 100.00% -> 1  100.00%, 2    0.00%, 3    0.00%, 4    0.00%
类型2 正确率： 100.00% -> 1    0.00%, 2  100.00%, 3    0.00%, 4    0.00%
类型3 正确率： 100.00% -> 1    0.00%, 2    0.00%, 3  100.00%, 4    0.00%
类型4 正确率： 100.00% -> 1    0.00%, 2    0.00%, 3    0.00%, 4  100.00%

被排除样本 正确率：nan%


轮次:·16/·20 || c_Loss:0.451 || e_Loss:-1.276 || Aad_Loss:-23.288 || 耗时：39.88s
轮次:·17/·20 || c_Loss:0.448 || e_Loss:-1.250 || Aad_Loss:-23.426 || 耗时：17.07s
轮次:·18/·20 || c_Loss:0.460 || e_Loss:-1.241 || Aad_Loss:-23.746 || 耗时：17.08s
轮次:·19/·20 || c_Loss:0.449 || e_Loss:-1.269 || Aad_Loss:-23.726 || 耗时：17.10s
轮次:·20/·20 || c_Loss:0.446 || e_Loss:-1.263 || Aad_Loss:-23.470 || 耗时：17.09s
任务: (B2)800→(B3)1000; mix批次:····0; 批次:·2500/·2500;  总正确率: 100.00%
类型1 正确率： 100.00% -> 1  100.00%, 2    0.00%, 3    0.00%, 4    0.00%
类型2 正确率： 100.00% -> 1    0.00%, 2  100.00%, 3    0.00%, 4    0.00%
类型3 正确率： 100.00% -> 1    0.00%, 2    0.00%, 3  100.00%, 4    0.00%
类型4 正确率： 100.00% -> 1    0.00%, 2    0.00%, 3    0.00%, 4  100.00%


测试集任务: (B2)800→(B3)1000; 总正确率 = 100.00%
类型1 正确率： 100.00% -> 1  100.00%, 2    0.00%, 3    0.00%, 4    0.00%
类型2 正确率： 100.00% -> 1    0.00%, 2  100.00%, 3    0.00%, 4    0.00%
类型3 正确率： 100.00% -> 1    0.00%, 2    0.00%, 3  100.00%, 4    0.00%
类型4 正确率： 100.00% -> 1    0.00%, 2    0.00%, 3    0.00%, 4  100.00%


