读取源域路径：/kaggle/working/m0/weight_JNU_as_released_s2024/NEW_JNU/Source-源域/log&pt/(B3)1000
excel输出位置：/kaggle/working/m0/weight_JNU_as_released_s2024/NEW_JNU/Target-目标域
特征图片输出位置：/kaggle/working/m0/weight_JNU_as_released_s2024/NEW_JNU/Picture-特征图/2026年09月13日07时22分/(B3)1000
现在选取:(B3)1000 进行训练的源模型
现在进行：(B3)1000→(B2)800 的迁移任务
log&pt输出位置：/kaggle/working/m0/weight_JNU_as_released_s2024/NEW_JNU/Target-目标域/log&pt/(B3)1000→(B2)800
任务: (B3)1000→(B2)800; 批次:····0/·2500;  总正确率: 91.35%
类型1 正确率： 100.00% -> 1  100.00%, 2    0.00%, 3    0.00%, 4    0.00%
类型2 正确率： 100.00% -> 1    0.00%, 2  100.00%, 3    0.00%, 4    0.00%
类型3 正确率： 100.00% -> 1    0.00%, 2    0.00%, 3   99.95%, 4    0.05%
类型4 正确率：  65.00% -> 1    0.00%, 2    0.00%, 3   34.55%, 4   65.45%


样本变换：reverse
样本变换：mask
样本变换：shift
样本变换：none
未过滤	未用伪标签：91.35% -> 使用伪标签：99.34%
已过滤	未用伪标签：91.36% -> 使用伪标签：99.64%
投票前-排除样本：0|8000	通过率:100.00%	剩余：2003, 2000, 1983, 2014
投票后-排除样本：24|8000	通过率:99.70%	剩余：2003, 2000, 1955, 2018
增添样本：96		细则：15, 18, 63, 0	正确率估算：97.92%
类型1 正确率： 100.00% -> 1  100.00%, 2    0.00%, 3    0.00%, 4    0.00%
类型2 正确率： 100.00% -> 1    0.00%, 2  100.00%, 3    0.00%, 4    0.00%
类型3 正确率：  99.00% -> 1    0.00%, 2    0.00%, 3   98.74%, 4    1.26%
类型4 正确率： 100.00% -> 1    0.15%, 2    0.00%, 3    0.05%, 4   99.80%

被排除样本 正确率：87.50%
类型1 正确率： 100.00% -> 1  100.00%, 2    0.00%
类型2 正确率：   0.00% -> 1  100.00%, 2    0.00%


轮次:··1/·20 || c_Loss:0.552 || e_Loss:-1.324 || Aad_Loss:-22.584 || 耗时：40.22s
轮次:··2/·20 || c_Loss:0.452 || e_Loss:-1.259 || Aad_Loss:-22.237 || 耗时：17.18s
轮次:··3/·20 || c_Loss:0.443 || e_Loss:-1.248 || Aad_Loss:-22.845 || 耗时：16.94s
轮次:··4/·20 || c_Loss:0.430 || e_Loss:-1.238 || Aad_Loss:-22.760 || 耗时：16.87s
轮次:··5/·20 || c_Loss:0.434 || e_Loss:-1.238 || Aad_Loss:-22.553 || 耗时：16.95s
任务: (B3)1000→(B2)800; mix批次:····0; 批次:··625/·2500;  总正确率: 99.68%
类型1 正确率： 100.00% -> 1  100.00%, 2    0.00%, 3    0.00%, 4    0.00%
类型2 正确率： 100.00% -> 1    0.00%, 2  100.00%, 3    0.00%, 4    0.00%
类型3 正确率：  99.00% -> 1    0.00%, 2    0.00%, 3   98.70%, 4    1.30%
类型4 正确率： 100.00% -> 1    0.00%, 2    0.00%, 3    0.00%, 4  100.00%


样本变换：reverse
样本变换：mask
样本变换：shift
样本变换：none
未过滤	未用伪标签：99.67% -> 使用伪标签：99.65%
已过滤	未用伪标签：99.71% -> 使用伪标签：99.74%
投票前-排除样本：0|8000	通过率:100.00%	剩余：2000, 2000, 1981, 2019
投票后-排除样本：7|8000	通过率:99.91%	剩余：2000, 2000, 1972, 2021
增添样本：91		细则：21, 21, 49, 0	正确率估算：97.80%
类型1 正确率： 100.00% -> 1  100.00%, 2    0.00%, 3    0.00%, 4    0.00%
类型2 正确率： 100.00% -> 1    0.00%, 2  100.00%, 3    0.00%, 4    0.00%
类型3 正确率：  99.00% -> 1    0.00%, 2    0.00%, 3   98.95%, 4    1.05%
类型4 正确率： 100.00% -> 1    0.00%, 2    0.00%, 3    0.00%, 4  100.00%

被排除样本 正确率：57.14%
类型1 正确率：  57.00% -> 1   57.14%, 2   42.86%
类型2 没有样本或未被分类。


轮次:··6/·20 || c_Loss:0.437 || e_Loss:-1.222 || Aad_Loss:-22.715 || 耗时：40.06s
轮次:··7/·20 || c_Loss:0.441 || e_Loss:-1.234 || Aad_Loss:-23.349 || 耗时：17.06s
轮次:··8/·20 || c_Loss:0.437 || e_Loss:-1.284 || Aad_Loss:-23.077 || 耗时：17.01s
轮次:··9/·20 || c_Loss:0.443 || e_Loss:-1.246 || Aad_Loss:-24.115 || 耗时：16.99s
轮次:·10/·20 || c_Loss:0.439 || e_Loss:-1.245 || Aad_Loss:-24.006 || 耗时：17.01s
任务: (B3)1000→(B2)800; mix批次:····0; 批次:·1250/·2500;  总正确率: 99.74%
类型1 正确率： 100.00% -> 1  100.00%, 2    0.00%, 3    0.00%, 4    0.00%
类型2 正确率： 100.00% -> 1    0.00%, 2  100.00%, 3    0.00%, 4    0.00%
类型3 正确率：  99.00% -> 1    0.00%, 2    0.00%, 3   98.95%, 4    1.05%
类型4 正确率： 100.00% -> 1    0.00%, 2    0.00%, 3    0.00%, 4  100.00%


样本变换：reverse
样本变换：mask
样本变换：shift
样本变换：none
未过滤	未用伪标签：99.74% -> 使用伪标签：99.69%
已过滤	未用伪标签：99.79% -> 使用伪标签：99.80%
投票前-排除样本：0|8000	通过率:100.00%	剩余：2000, 2000, 1983, 2017
投票后-排除样本：9|8000	通过率:99.89%	剩余：2000, 2000, 1975, 2016
增添样本：73		细则：16, 16, 41, 0	正确率估算：98.63%
类型1 正确率： 100.00% -> 1  100.00%, 2    0.00%, 3    0.00%, 4    0.00%
类型2 正确率： 100.00% -> 1    0.00%, 2  100.00%, 3    0.00%, 4    0.00%
类型3 正确率：  99.00% -> 1    0.00%, 2    0.00%, 3   99.20%, 4    0.80%
类型4 正确率： 100.00% -> 1    0.00%, 2    0.00%, 3    0.00%, 4  100.00%

被排除样本 正确率：55.56%
类型1 正确率：  56.00% -> 1   55.56%, 2   44.44%
类型2 没有样本或未被分类。


轮次:·11/·20 || c_Loss:0.439 || e_Loss:-1.238 || Aad_Loss:-24.525 || 耗时：40.07s
轮次:·12/·20 || c_Loss:0.433 || e_Loss:-1.215 || Aad_Loss:-25.007 || 耗时：16.92s
轮次:·13/·20 || c_Loss:0.441 || e_Loss:-1.285 || Aad_Loss:-23.529 || 耗时：16.95s
轮次:·14/·20 || c_Loss:0.438 || e_Loss:-1.270 || Aad_Loss:-23.118 || 耗时：16.96s
轮次:·15/·20 || c_Loss:0.436 || e_Loss:-2.168 || Aad_Loss:-22.973 || 耗时：16.99s
任务: (B3)1000→(B2)800; mix批次:····0; 批次:·1875/·2500;  总正确率: 99.84%
类型1 正确率： 100.00% -> 1  100.00%, 2    0.00%, 3    0.00%, 4    0.00%
类型2 正确率： 100.00% -> 1    0.00%, 2  100.00%, 3    0.00%, 4    0.00%
类型3 正确率：  99.00% -> 1    0.00%, 2    0.00%, 3   99.35%, 4    0.65%
类型4 正确率： 100.00% -> 1    0.00%, 2    0.00%, 3    0.00%, 4  100.00%


样本变换：reverse
样本变换：mask
样本变换：shift
样本变换：none
未过滤	未用伪标签：99.84% -> 使用伪标签：99.74%
已过滤	未用伪标签：99.86% -> 使用伪标签：99.82%
投票前-排除样本：0|8000	通过率:100.00%	剩余：2000, 2000, 1985, 2015
投票后-排除样本：7|8000	通过率:99.91%	剩余：2000, 2000, 1979, 2014
增添样本：63		细则：14, 14, 35, 0	正确率估算：98.41%
类型1 正确率： 100.00% -> 1  100.00%, 2    0.00%, 3    0.00%, 4    0.00%
类型2 正确率： 100.00% -> 1    0.00%, 2  100.00%, 3    0.00%, 4    0.00%
类型3 正确率：  99.00% -> 1    0.00%, 2    0.00%, 3   99.30%, 4    0.70%
类型4 正确率： 100.00% -> 1    0.00%, 2    0.00%, 3    0.00%, 4  100.00%

被排除样本 正确率：71.43%
类型1 正确率：  71.00% -> 1   71.43%, 2   28.57%
类型2 没有样本或未被分类。


轮次:·16/·20 || c_Loss:0.438 || e_Loss:-1.272 || Aad_Loss:-23.143 || 耗时：40.00s
轮次:·17/·20 || c_Loss:0.436 || e_Loss:-1.275 || Aad_Loss:-23.449 || 耗时：17.12s
轮次:·18/·20 || c_Loss:0.437 || e_Loss:-1.284 || Aad_Loss:-23.570 || 耗时：17.15s
轮次:·19/·20 || c_Loss:0.446 || e_Loss:-1.269 || Aad_Loss:-23.982 || 耗时：17.06s
轮次:·20/·20 || c_Loss:0.440 || e_Loss:-1.266 || Aad_Loss:-23.592 || 耗时：16.98s
任务: (B3)1000→(B2)800; mix批次:····0; 批次:·2500/·2500;  总正确率: 99.89%
类型1 正确率： 100.00% -> 1  100.00%, 2    0.00%, 3    0.00%, 4    0.00%
类型2 正确率： 100.00% -> 1    0.00%, 2  100.00%, 3    0.00%, 4    0.00%
类型3 正确率： 100.00% -> 1    0.00%, 2    0.00%, 3   99.55%, 4    0.45%
类型4 正确率： 100.00% -> 1    0.00%, 2    0.00%, 3    0.00%, 4  100.00%


测试集任务: (B3)1000→(B2)800; 总正确率 = 99.89%
类型1 正确率： 100.00% -> 1  100.00%, 2    0.00%, 3    0.00%, 4    0.00%
类型2 正确率： 100.00% -> 1    0.00%, 2  100.00%, 3    0.00%, 4    0.00%
类型3 正确率： 100.00% -> 1    0.00%, 2    0.00%, 3   99.55%, 4    0.45%
类型4 正确率： 100.00% -> 1    0.00%, 2    0.00%, 3    0.00%, 4  100.00%


