读取源域路径：/kaggle/working/m0/weight_JNU_as_released_s2024/NEW_JNU/Source-源域/log&pt/(B1)600
excel输出位置：/kaggle/working/m0/weight_JNU_as_released_s2024/NEW_JNU/Target-目标域
特征图片输出位置：/kaggle/working/m0/weight_JNU_as_released_s2024/NEW_JNU/Picture-特征图/2026年09月13日06时45分/(B1)600
现在选取:(B1)600 进行训练的源模型
现在进行：(B1)600→(B2)800 的迁移任务
log&pt输出位置：/kaggle/working/m0/weight_JNU_as_released_s2024/NEW_JNU/Target-目标域/log&pt/(B1)600→(B2)800
任务: (B1)600→(B2)800; 批次:····0/·2500;  总正确率: 99.88%
类型1 正确率： 100.00% -> 1   99.90%, 2    0.00%, 3    0.00%, 4    0.10%
类型2 正确率： 100.00% -> 1    0.00%, 2  100.00%, 3    0.00%, 4    0.00%
类型3 正确率： 100.00% -> 1    0.00%, 2    0.00%, 3   99.60%, 4    0.40%
类型4 正确率： 100.00% -> 1    0.00%, 2    0.00%, 3    0.00%, 4  100.00%


样本变换：reverse
样本变换：mask
样本变换：shift
样本变换：none
未过滤	未用伪标签：99.88% -> 使用伪标签：99.45%
已过滤	未用伪标签：99.87% -> 使用伪标签：99.70%
投票前-排除样本：0|8000	通过率:100.00%	剩余：2000, 2000, 1974, 2026
投票后-排除样本：20|8000	通过率:99.75%	剩余：2000, 2000, 1956, 2024
增添样本：116		细则：24, 24, 68, 0	正确率估算：99.14%
类型1 正确率： 100.00% -> 1  100.00%, 2    0.00%, 3    0.00%, 4    0.00%
类型2 正确率： 100.00% -> 1    0.00%, 2  100.00%, 3    0.00%, 4    0.00%
类型3 正确率：  99.00% -> 1    0.00%, 2    0.00%, 3   98.79%, 4    1.21%
类型4 正确率： 100.00% -> 1    0.00%, 2    0.00%, 3    0.00%, 4  100.00%

被排除样本 正确率：100.00%
类型1 正确率： 100.00% -> 1  100.00%


轮次:··1/·20 || c_Loss:0.589 || e_Loss:-1.305 || Aad_Loss:-21.356 || 耗时：40.65s
轮次:··2/·20 || c_Loss:0.499 || e_Loss:-1.247 || Aad_Loss:-22.950 || 耗时：17.05s
轮次:··3/·20 || c_Loss:0.478 || e_Loss:-1.261 || Aad_Loss:-22.995 || 耗时：17.00s
轮次:··4/·20 || c_Loss:0.460 || e_Loss:-1.218 || Aad_Loss:-24.717 || 耗时：16.98s
轮次:··5/·20 || c_Loss:0.440 || e_Loss:-1.253 || Aad_Loss:-22.912 || 耗时：17.00s
任务: (B1)600→(B2)800; mix批次:····0; 批次:··625/·2500;  总正确率: 99.74%
类型1 正确率： 100.00% -> 1  100.00%, 2    0.00%, 3    0.00%, 4    0.00%
类型2 正确率： 100.00% -> 1    0.00%, 2  100.00%, 3    0.00%, 4    0.00%
类型3 正确率：  99.00% -> 1    0.00%, 2    0.00%, 3   98.95%, 4    1.05%
类型4 正确率： 100.00% -> 1    0.00%, 2    0.00%, 3    0.00%, 4  100.00%


样本变换：reverse
样本变换：mask
样本变换：shift
样本变换：none
未过滤	未用伪标签：99.74% -> 使用伪标签：99.74%
已过滤	未用伪标签：99.80% -> 使用伪标签：99.87%
投票前-排除样本：0|8000	通过率:100.00%	剩余：2000, 2000, 1989, 2011
投票后-排除样本：11|8000	通过率:99.86%	剩余：2000, 2000, 1979, 2010
增添样本：51		细则：10, 10, 31, 0	正确率估算：100.00%
类型1 正确率： 100.00% -> 1  100.00%, 2    0.00%, 3    0.00%, 4    0.00%
类型2 正确率： 100.00% -> 1    0.00%, 2  100.00%, 3    0.00%, 4    0.00%
类型3 正确率：  99.00% -> 1    0.00%, 2    0.00%, 3   99.50%, 4    0.50%
类型4 正确率： 100.00% -> 1    0.00%, 2    0.00%, 3    0.00%, 4  100.00%

被排除样本 正确率：54.55%
类型1 正确率：  55.00% -> 1   54.55%, 2   45.45%
类型2 没有样本或未被分类。


轮次:··6/·20 || c_Loss:0.441 || e_Loss:-1.230 || Aad_Loss:-23.192 || 耗时：39.81s
轮次:··7/·20 || c_Loss:0.448 || e_Loss:-1.256 || Aad_Loss:-23.573 || 耗时：17.15s
轮次:··8/·20 || c_Loss:0.448 || e_Loss:-1.267 || Aad_Loss:-22.910 || 耗时：17.11s
轮次:··9/·20 || c_Loss:0.440 || e_Loss:-1.259 || Aad_Loss:-23.400 || 耗时：17.04s
轮次:·10/·20 || c_Loss:0.446 || e_Loss:-1.238 || Aad_Loss:-24.986 || 耗时：16.98s
任务: (B1)600→(B2)800; mix批次:····0; 批次:·1250/·2500;  总正确率: 99.81%
类型1 正确率： 100.00% -> 1  100.00%, 2    0.00%, 3    0.00%, 4    0.00%
类型2 正确率： 100.00% -> 1    0.00%, 2  100.00%, 3    0.00%, 4    0.00%
类型3 正确率：  99.00% -> 1    0.00%, 2    0.00%, 3   99.25%, 4    0.75%
类型4 正确率： 100.00% -> 1    0.00%, 2    0.00%, 3    0.00%, 4  100.00%


样本变换：reverse
样本变换：mask
样本变换：shift
样本变换：none
未过滤	未用伪标签：99.81% -> 使用伪标签：99.75%
已过滤	未用伪标签：99.84% -> 使用伪标签：99.86%
投票前-排除样本：0|8000	通过率:100.00%	剩余：2000, 2000, 1989, 2011
投票后-排除样本：9|8000	通过率:99.89%	剩余：2000, 2000, 1980, 2011
增添样本：53		细则：11, 11, 31, 0	正确率估算：98.11%
类型1 正确率： 100.00% -> 1  100.00%, 2    0.00%, 3    0.00%, 4    0.00%
类型2 正确率： 100.00% -> 1    0.00%, 2  100.00%, 3    0.00%, 4    0.00%
类型3 正确率：  99.00% -> 1    0.00%, 2    0.00%, 3   99.45%, 4    0.55%
类型4 正确率： 100.00% -> 1    0.00%, 2    0.00%, 3    0.00%, 4  100.00%

被排除样本 正确率：77.78%
类型1 正确率：  78.00% -> 1   77.78%, 2   22.22%
类型2 没有样本或未被分类。


轮次:·11/·20 || c_Loss:0.445 || e_Loss:-2.088 || Aad_Loss:-23.328 || 耗时：39.85s
轮次:·12/·20 || c_Loss:0.446 || e_Loss:-1.256 || Aad_Loss:-24.019 || 耗时：17.11s
轮次:·13/·20 || c_Loss:0.459 || e_Loss:-1.248 || Aad_Loss:-23.164 || 耗时：17.07s
轮次:·14/·20 || c_Loss:0.448 || e_Loss:-1.258 || Aad_Loss:-24.731 || 耗时：16.97s
轮次:·15/·20 || c_Loss:0.443 || e_Loss:-1.288 || Aad_Loss:-23.304 || 耗时：16.97s
任务: (B1)600→(B2)800; mix批次:····0; 批次:·1875/·2500;  总正确率: 99.85%
类型1 正确率： 100.00% -> 1  100.00%, 2    0.00%, 3    0.00%, 4    0.00%
类型2 正确率： 100.00% -> 1    0.00%, 2  100.00%, 3    0.00%, 4    0.00%
类型3 正确率：  99.00% -> 1    0.00%, 2    0.00%, 3   99.40%, 4    0.60%
类型4 正确率： 100.00% -> 1    0.00%, 2    0.00%, 3    0.00%, 4  100.00%


样本变换：reverse
样本变换：mask
样本变换：shift
样本变换：none
未过滤	未用伪标签：99.85% -> 使用伪标签：99.78%
已过滤	未用伪标签：99.89% -> 使用伪标签：99.90%
投票前-排除样本：0|8000	通过率:100.00%	剩余：2000, 2000, 1990, 2010
投票后-排除样本：10|8000	通过率:99.88%	剩余：2000, 2000, 1982, 2008
增添样本：42		细则：8, 8, 26, 0	正确率估算：100.00%
类型1 正确率： 100.00% -> 1  100.00%, 2    0.00%, 3    0.00%, 4    0.00%
类型2 正确率： 100.00% -> 1    0.00%, 2  100.00%, 3    0.00%, 4    0.00%
类型3 正确率： 100.00% -> 1    0.00%, 2    0.00%, 3   99.60%, 4    0.40%
类型4 正确率： 100.00% -> 1    0.00%, 2    0.00%, 3    0.00%, 4  100.00%

被排除样本 正确率：70.00%
类型1 正确率：  70.00% -> 1   70.00%, 2   30.00%
类型2 没有样本或未被分类。


轮次:·16/·20 || c_Loss:0.443 || e_Loss:-1.243 || Aad_Loss:-23.219 || 耗时：40.01s
轮次:·17/·20 || c_Loss:0.437 || e_Loss:-1.225 || Aad_Loss:-23.975 || 耗时：17.06s
轮次:·18/·20 || c_Loss:0.434 || e_Loss:-1.246 || Aad_Loss:-23.653 || 耗时：16.97s
轮次:·19/·20 || c_Loss:0.441 || e_Loss:-2.070 || Aad_Loss:-23.270 || 耗时：16.98s
轮次:·20/·20 || c_Loss:0.442 || e_Loss:-1.270 || Aad_Loss:-23.310 || 耗时：16.97s
任务: (B1)600→(B2)800; mix批次:····0; 批次:·2500/·2500;  总正确率: 99.86%
类型1 正确率： 100.00% -> 1  100.00%, 2    0.00%, 3    0.00%, 4    0.00%
类型2 正确率： 100.00% -> 1    0.00%, 2  100.00%, 3    0.00%, 4    0.00%
类型3 正确率：  99.00% -> 1    0.00%, 2    0.00%, 3   99.45%, 4    0.55%
类型4 正确率： 100.00% -> 1    0.00%, 2    0.00%, 3    0.00%, 4  100.00%


测试集任务: (B1)600→(B2)800; 总正确率 = 99.86%
类型1 正确率： 100.00% -> 1  100.00%, 2    0.00%, 3    0.00%, 4    0.00%
类型2 正确率： 100.00% -> 1    0.00%, 2  100.00%, 3    0.00%, 4    0.00%
类型3 正确率：  99.00% -> 1    0.00%, 2    0.00%, 3   99.45%, 4    0.55%
类型4 正确率： 100.00% -> 1    0.00%, 2    0.00%, 3    0.00%, 4  100.00%


