

现在开始拿源域训练集：(B1)600 进行训练
源域读取路径：/kaggle/working/m0/sdalr_JNU_as_released/DATA/JNU_1d_2048_2000/600_label.txt
excel输出位置：/kaggle/working/m0/weight_src_JNU_s2024/NEW_JNU/Source-源域
log&pt输出位置：/kaggle/working/m0/weight_src_JNU_s2024/NEW_JNU/Source-源域/log&pt/(B1)600
特征图片输出位置：/kaggle/working/m0/weight_src_JNU_s2024/NEW_JNU/Picture-特征图/2026年09月13日06时38分/(B1)600
源域训练开始
轮次:··1/·10 || loss:0.068 || 耗时：11.55s
轮次:··2/·10 || loss:0.004 || 耗时：10.63s
轮次:··3/·10 || loss:0.011 || 耗时：10.76s
轮次:··4/·10 || loss:0.002 || 耗时：11.03s
轮次:··5/·10 || loss:0.017 || 耗时：11.23s
任务: (B1)600; mix批次:····0; 批次:··440/··880; 总正确率 = 99.87%
类型1 正确率： 100.00% -> 1  100.00%, 2    0.00%, 3    0.00%, 4    0.00%
类型2 正确率： 100.00% -> 1    0.00%, 2  100.00%, 3    0.00%, 4    0.00%
类型3 正确率：  99.00% -> 1    0.00%, 2    0.00%, 3   99.48%, 4    0.52%
类型4 正确率： 100.00% -> 1    0.00%, 2    0.00%, 3    0.00%, 4  100.00%


轮次:··6/·10 || loss:0.002 || 耗时：11.48s
轮次:··7/·10 || loss:0.001 || 耗时：11.75s
轮次:··8/·10 || loss:0.002 || 耗时：11.98s
轮次:··9/·10 || loss:0.001 || 耗时：11.96s
轮次:·10/·10 || loss:0.004 || 耗时：11.74s
任务: (B1)600; mix批次:····0; 批次:··880/··880; 总正确率 = 99.87%
类型1 正确率： 100.00% -> 1  100.00%, 2    0.00%, 3    0.00%, 4    0.00%
类型2 正确率： 100.00% -> 1    0.00%, 2  100.00%, 3    0.00%, 4    0.00%
类型3 正确率：  99.00% -> 1    0.00%, 2    0.00%, 3   99.48%, 4    0.52%
类型4 正确率： 100.00% -> 1    0.00%, 2    0.00%, 3    0.00%, 4  100.00%


测试集任务: (B1)600; 总正确率 = 100.00%
类型1 正确率： 100.00% -> 1  100.00%, 2    0.00%, 3    0.00%, 4    0.00%
类型2 正确率： 100.00% -> 1    0.00%, 2  100.00%, 3    0.00%, 4    0.00%
类型3 正确率： 100.00% -> 1    0.00%, 2    0.00%, 3  100.00%, 4    0.00%
类型4 正确率： 100.00% -> 1    0.00%, 2    0.00%, 3    0.00%, 4  100.00%


源域训练结束

训练好之后，测试目标域
目标域路径：/kaggle/working/m0/sdalr_JNU_as_released/DATA/JNU_1d_2048_2000/800_label.txt
测试目标数据集结果如下：
任务: (B1)600→(B2)800, 正确率 = 99.93%
类型1 正确率： 100.00% -> 1  100.00%, 2    0.00%, 3    0.00%, 4    0.00%
类型2 正确率： 100.00% -> 1    0.00%, 2  100.00%, 3    0.00%, 4    0.00%
类型3 正确率： 100.00% -> 1    0.00%, 2    0.00%, 3   99.73%, 4    0.27%
类型4 正确率： 100.00% -> 1    0.00%, 2    0.00%, 3    0.00%, 4  100.00%

目标域路径：/kaggle/working/m0/sdalr_JNU_as_released/DATA/JNU_1d_2048_2000/1000_label.txt
测试目标数据集结果如下：
任务: (B1)600→(B3)1000, 正确率 = 96.42%
类型1 正确率：  98.00% -> 1   98.38%, 2    1.62%, 3    0.00%, 4    0.00%
类型2 正确率： 100.00% -> 1    0.00%, 2  100.00%, 3    0.00%, 4    0.00%
类型3 正确率：  93.00% -> 1    0.00%, 2    0.00%, 3   92.74%, 4    7.26%
类型4 正确率：  95.00% -> 1    1.24%, 2    0.50%, 3    3.71%, 4   94.55%



现在开始拿源域训练集：(B2)800 进行训练
源域读取路径：/kaggle/working/m0/sdalr_JNU_as_released/DATA/JNU_1d_2048_2000/800_label.txt
excel输出位置：/kaggle/working/m0/weight_src_JNU_s2024/NEW_JNU/Source-源域
log&pt输出位置：/kaggle/working/m0/weight_src_JNU_s2024/NEW_JNU/Source-源域/log&pt/(B2)800
特征图片输出位置：/kaggle/working/m0/weight_src_JNU_s2024/NEW_JNU/Picture-特征图/2026年09月13日06时38分/(B2)800
源域训练开始
轮次:··1/·10 || loss:0.016 || 耗时：11.59s
轮次:··2/·10 || loss:0.008 || 耗时：11.57s
轮次:··3/·10 || loss:0.037 || 耗时：11.65s
轮次:··4/·10 || loss:0.008 || 耗时：11.75s
轮次:··5/·10 || loss:0.002 || 耗时：11.79s
任务: (B2)800; mix批次:····0; 批次:··440/··880; 总正确率 = 99.89%
类型1 正确率： 100.00% -> 1  100.00%, 2    0.00%, 3    0.00%, 4    0.00%
类型2 正确率： 100.00% -> 1    0.00%, 2  100.00%, 3    0.00%, 4    0.00%
类型3 正确率： 100.00% -> 1    0.00%, 2    0.00%, 3   99.54%, 4    0.46%
类型4 正确率： 100.00% -> 1    0.00%, 2    0.00%, 3    0.00%, 4  100.00%


轮次:··6/·10 || loss:0.005 || 耗时：11.77s
轮次:··7/·10 || loss:0.004 || 耗时：11.71s
轮次:··8/·10 || loss:0.001 || 耗时：11.69s
轮次:··9/·10 || loss:0.002 || 耗时：11.64s
轮次:·10/·10 || loss:0.004 || 耗时：11.66s
任务: (B2)800; mix批次:····0; 批次:··880/··880; 总正确率 = 99.89%
类型1 正确率： 100.00% -> 1  100.00%, 2    0.00%, 3    0.00%, 4    0.00%
类型2 正确率： 100.00% -> 1    0.00%, 2  100.00%, 3    0.00%, 4    0.00%
类型3 正确率： 100.00% -> 1    0.00%, 2    0.00%, 3   99.54%, 4    0.46%
类型4 正确率： 100.00% -> 1    0.00%, 2    0.00%, 3    0.00%, 4  100.00%


测试集任务: (B2)800; 总正确率 = 100.00%
类型1 正确率： 100.00% -> 1  100.00%, 2    0.00%, 3    0.00%, 4    0.00%
类型2 正确率： 100.00% -> 1    0.00%, 2  100.00%, 3    0.00%, 4    0.00%
类型3 正确率： 100.00% -> 1    0.00%, 2    0.00%, 3  100.00%, 4    0.00%
类型4 正确率： 100.00% -> 1    0.00%, 2    0.00%, 3    0.00%, 4  100.00%


源域训练结束

训练好之后，测试目标域
目标域路径：/kaggle/working/m0/sdalr_JNU_as_released/DATA/JNU_1d_2048_2000/600_label.txt
测试目标数据集结果如下：
任务: (B2)800→(B1)600, 正确率 = 92.65%
类型1 正确率： 100.00% -> 1  100.00%, 2    0.00%, 3    0.00%, 4    0.00%
类型2 正确率：  89.00% -> 1    6.97%, 2   89.28%, 3    0.00%, 4    3.75%
类型3 正确率：  96.00% -> 1    0.00%, 2    0.00%, 3   95.63%, 4    4.37%
类型4 正确率：  86.00% -> 1   11.46%, 2    2.86%, 3    0.00%, 4   85.68%

目标域路径：/kaggle/working/m0/sdalr_JNU_as_released/DATA/JNU_1d_2048_2000/1000_label.txt
测试目标数据集结果如下：
任务: (B2)800→(B3)1000, 正确率 = 99.02%
类型1 正确率： 100.00% -> 1  100.00%, 2    0.00%, 3    0.00%, 4    0.00%
类型2 正确率： 100.00% -> 1    0.00%, 2  100.00%, 3    0.00%, 4    0.00%
类型3 正确率：  96.00% -> 1    0.00%, 2    0.00%, 3   96.08%, 4    3.92%
类型4 正确率： 100.00% -> 1    0.00%, 2    0.00%, 3    0.00%, 4  100.00%



现在开始拿源域训练集：(B3)1000 进行训练
源域读取路径：/kaggle/working/m0/sdalr_JNU_as_released/DATA/JNU_1d_2048_2000/1000_label.txt
excel输出位置：/kaggle/working/m0/weight_src_JNU_s2024/NEW_JNU/Source-源域
log&pt输出位置：/kaggle/working/m0/weight_src_JNU_s2024/NEW_JNU/Source-源域/log&pt/(B3)1000
特征图片输出位置：/kaggle/working/m0/weight_src_JNU_s2024/NEW_JNU/Picture-特征图/2026年09月13日06时38分/(B3)1000
源域训练开始
轮次:··1/·10 || loss:0.005 || 耗时：11.68s
轮次:··2/·10 || loss:0.002 || 耗时：11.69s
轮次:··3/·10 || loss:0.001 || 耗时：11.75s
轮次:··4/·10 || loss:0.002 || 耗时：11.71s
轮次:··5/·10 || loss:0.000 || 耗时：11.69s
任务: (B3)1000; mix批次:····0; 批次:··440/··880; 总正确率 = 100.00%
类型1 正确率： 100.00% -> 1  100.00%, 2    0.00%, 3    0.00%, 4    0.00%
类型2 正确率： 100.00% -> 1    0.00%, 2  100.00%, 3    0.00%, 4    0.00%
类型3 正确率： 100.00% -> 1    0.00%, 2    0.00%, 3  100.00%, 4    0.00%
类型4 正确率： 100.00% -> 1    0.00%, 2    0.00%, 3    0.00%, 4  100.00%


轮次:··6/·10 || loss:0.005 || 耗时：11.61s
轮次:··7/·10 || loss:0.000 || 耗时：11.59s
轮次:··8/·10 || loss:0.003 || 耗时：11.60s
轮次:··9/·10 || loss:0.005 || 耗时：11.67s
轮次:·10/·10 || loss:0.001 || 耗时：11.73s
任务: (B3)1000; mix批次:····0; 批次:··880/··880; 总正确率 = 100.00%
类型1 正确率： 100.00% -> 1  100.00%, 2    0.00%, 3    0.00%, 4    0.00%
类型2 正确率： 100.00% -> 1    0.00%, 2  100.00%, 3    0.00%, 4    0.00%
类型3 正确率： 100.00% -> 1    0.00%, 2    0.00%, 3  100.00%, 4    0.00%
类型4 正确率： 100.00% -> 1    0.00%, 2    0.00%, 3    0.00%, 4  100.00%


测试集任务: (B3)1000; 总正确率 = 100.00%
类型1 正确率： 100.00% -> 1  100.00%, 2    0.00%, 3    0.00%, 4    0.00%
类型2 正确率： 100.00% -> 1    0.00%, 2  100.00%, 3    0.00%, 4    0.00%
类型3 正确率： 100.00% -> 1    0.00%, 2    0.00%, 3  100.00%, 4    0.00%
类型4 正确率： 100.00% -> 1    0.00%, 2    0.00%, 3    0.00%, 4  100.00%


源域训练结束

训练好之后，测试目标域
目标域路径：/kaggle/working/m0/sdalr_JNU_as_released/DATA/JNU_1d_2048_2000/600_label.txt
测试目标数据集结果如下：
任务: (B3)1000→(B1)600, 正确率 = 73.41%
类型1 正确率：  94.00% -> 1   94.40%, 2    0.00%, 3    0.00%, 4    5.60%
类型2 正确率：  53.00% -> 1   43.78%, 2   52.99%, 3    0.00%, 4    3.23%
类型3 正确率：  70.00% -> 1    0.00%, 2    0.00%, 3   70.22%, 4   29.78%
类型4 正确率：  76.00% -> 1   22.70%, 2    0.51%, 3    0.77%, 4   76.02%

目标域路径：/kaggle/working/m0/sdalr_JNU_as_released/DATA/JNU_1d_2048_2000/800_label.txt
测试目标数据集结果如下：
任务: (B3)1000→(B2)800, 正确率 = 91.86%
类型1 正确率： 100.00% -> 1  100.00%, 2    0.00%, 3    0.00%, 4    0.00%
类型2 正确率： 100.00% -> 1    0.00%, 2  100.00%, 3    0.00%, 4    0.00%
类型3 正确率： 100.00% -> 1    0.00%, 2    0.00%, 3  100.00%, 4    0.00%
类型4 正确率：  67.00% -> 1    0.00%, 2    0.00%, 3   32.56%, 4   67.44%

