读取源域路径：/kaggle/working/shot_k10/S02/weight_PU_M1_shot_FS02toS02_s2024/NEW_PU/Source-源域/log&pt/(B2)N15_M07_F10
excel输出位置：/kaggle/working/shot_k10/S02/weight_PU_M1_shot_FS02toS02_s2024/NEW_PU/Target-目标域
特征图片输出位置：/kaggle/working/shot_k10/S02/weight_PU_M1_shot_FS02toS02_s2024/NEW_PU/Picture-特征图/2026年09月21日22时52分/(B2)N15_M07_F10
现在选取:(B2)N15_M07_F10 进行训练的源模型
现在进行：(B2)N15_M07_F10→(B3)N15_M07_F04 的迁移任务
log&pt输出位置：/kaggle/working/shot_k10/S02/weight_PU_M1_shot_FS02toS02_s2024/NEW_PU/Target-目标域/log&pt/(B2)N15_M07_F10→(B3)N15_M07_F04
任务: (B2)N15_M07_F10→(B3)N15_M07_F04; 批次:····0/·1880;  总正确率: 93.02%
类型1 正确率： 100.00% -> 1  100.00%, 2    0.00%, 3    0.00%
类型2 正确率：  96.00% -> 1    0.00%, 2   96.35%, 3    3.65%
类型3 正确率：  83.00% -> 1    0.60%, 2   16.70%, 3   82.70%


SHOT pseudo-labels: model 93.02% -> centroid 89.28%
轮次:··1/·20 || cls:1.739 || im:-0.905 || 耗时：21.73s
SHOT pseudo-labels: model 87.38% -> centroid 86.25%
轮次:··2/·20 || cls:1.449 || im:-0.911 || 耗时：16.18s
SHOT pseudo-labels: model 83.18% -> centroid 78.47%
轮次:··3/·20 || cls:0.887 || im:-0.822 || 耗时：15.81s
SHOT pseudo-labels: model 76.80% -> centroid 65.03%
轮次:··4/·20 || cls:0.846 || im:-0.750 || 耗时：15.70s
SHOT pseudo-labels: model 74.47% -> centroid 62.60%
轮次:··5/·20 || cls:0.808 || im:-0.772 || 耗时：15.70s
SHOT pseudo-labels: model 73.07% -> centroid 61.15%
轮次:··6/·20 || cls:0.573 || im:-0.642 || 耗时：15.87s
SHOT pseudo-labels: model 75.33% -> centroid 62.60%
轮次:··7/·20 || cls:0.809 || im:-0.780 || 耗时：15.93s
SHOT pseudo-labels: model 73.50% -> centroid 60.87%
轮次:··8/·20 || cls:0.867 || im:-0.721 || 耗时：15.91s
SHOT pseudo-labels: model 75.35% -> centroid 62.15%
轮次:··9/·20 || cls:0.741 || im:-0.719 || 耗时：15.83s
SHOT pseudo-labels: model 75.77% -> centroid 62.72%
轮次:·10/·20 || cls:0.663 || im:-0.644 || 耗时：15.76s
SHOT pseudo-labels: model 74.65% -> centroid 60.98%
轮次:·11/·20 || cls:0.826 || im:-0.694 || 耗时：15.81s
SHOT pseudo-labels: model 75.75% -> centroid 61.87%
轮次:·12/·20 || cls:0.748 || im:-0.697 || 耗时：15.83s
SHOT pseudo-labels: model 74.23% -> centroid 60.95%
轮次:·13/·20 || cls:0.679 || im:-0.681 || 耗时：15.92s
SHOT pseudo-labels: model 76.45% -> centroid 62.22%
轮次:·14/·20 || cls:0.935 || im:-0.699 || 耗时：15.85s
SHOT pseudo-labels: model 74.97% -> centroid 61.00%
轮次:·15/·20 || cls:0.666 || im:-0.661 || 耗时：15.80s
SHOT pseudo-labels: model 76.72% -> centroid 62.55%
轮次:·16/·20 || cls:0.831 || im:-0.740 || 耗时：15.77s
SHOT pseudo-labels: model 78.08% -> centroid 62.98%
轮次:·17/·20 || cls:0.676 || im:-0.680 || 耗时：15.83s
SHOT pseudo-labels: model 78.03% -> centroid 63.18%
轮次:·18/·20 || cls:0.620 || im:-0.675 || 耗时：15.83s
SHOT pseudo-labels: model 78.23% -> centroid 63.43%
轮次:·19/·20 || cls:0.859 || im:-0.710 || 耗时：15.84s
SHOT pseudo-labels: model 78.15% -> centroid 63.27%
轮次:·20/·20 || cls:0.568 || im:-0.661 || 耗时：15.85s
测试集任务: (B2)N15_M07_F10→(B3)N15_M07_F04; 总正确率 = 78.03%
类型1 正确率： 100.00% -> 1   99.95%, 2    0.00%, 3    0.05%
类型2 正确率：  65.00% -> 1    0.00%, 2   65.25%, 3   34.75%
类型3 正确率：  69.00% -> 1    1.75%, 2   29.35%, 3   68.90%


