读取源域路径：/kaggle/working/shot_k10/S02/weight_PU_M1_shot_FS02toS02_s2024/NEW_PU/Source-源域/log&pt/(B1)N15_M01_F10
excel输出位置：/kaggle/working/shot_k10/S02/weight_PU_M1_shot_FS02toS02_s2024/NEW_PU/Target-目标域
特征图片输出位置：/kaggle/working/shot_k10/S02/weight_PU_M1_shot_FS02toS02_s2024/NEW_PU/Picture-特征图/2026年09月21日22时35分/(B1)N15_M01_F10
现在选取:(B1)N15_M01_F10 进行训练的源模型
现在进行：(B1)N15_M01_F10→(B2)N15_M07_F10 的迁移任务
log&pt输出位置：/kaggle/working/shot_k10/S02/weight_PU_M1_shot_FS02toS02_s2024/NEW_PU/Target-目标域/log&pt/(B1)N15_M01_F10→(B2)N15_M07_F10
任务: (B1)N15_M01_F10→(B2)N15_M07_F10; 批次:····0/·1880;  总正确率: 99.53%
类型1 正确率： 100.00% -> 1  100.00%, 2    0.00%, 3    0.00%
类型2 正确率： 100.00% -> 1    0.00%, 2  100.00%, 3    0.00%
类型3 正确率：  99.00% -> 1    0.00%, 2    1.40%, 3   98.60%


SHOT pseudo-labels: model 99.53% -> centroid 99.25%
轮次:··1/·20 || cls:1.468 || im:-1.024 || 耗时：21.86s
SHOT pseudo-labels: model 99.57% -> centroid 99.33%
轮次:··2/·20 || cls:1.667 || im:-0.921 || 耗时：16.11s
SHOT pseudo-labels: model 95.38% -> centroid 94.80%
轮次:··3/·20 || cls:0.974 || im:-0.746 || 耗时：15.87s
SHOT pseudo-labels: model 87.52% -> centroid 73.42%
轮次:··4/·20 || cls:0.781 || im:-0.692 || 耗时：15.78s
SHOT pseudo-labels: model 85.05% -> centroid 71.22%
轮次:··5/·20 || cls:0.789 || im:-0.723 || 耗时：15.81s
SHOT pseudo-labels: model 83.15% -> centroid 70.17%
轮次:··6/·20 || cls:0.685 || im:-0.701 || 耗时：15.87s
SHOT pseudo-labels: model 86.65% -> centroid 73.00%
轮次:··7/·20 || cls:0.679 || im:-0.650 || 耗时：15.91s
SHOT pseudo-labels: model 85.53% -> centroid 70.95%
轮次:··8/·20 || cls:0.630 || im:-0.564 || 耗时：15.87s
SHOT pseudo-labels: model 88.45% -> centroid 72.88%
轮次:··9/·20 || cls:0.621 || im:-0.691 || 耗时：15.79s
SHOT pseudo-labels: model 89.18% -> centroid 73.87%
轮次:·10/·20 || cls:0.598 || im:-0.755 || 耗时：15.77s
SHOT pseudo-labels: model 89.33% -> centroid 73.85%
轮次:·11/·20 || cls:0.587 || im:-0.667 || 耗时：15.80s
SHOT pseudo-labels: model 92.08% -> centroid 77.80%
轮次:·12/·20 || cls:0.996 || im:-0.806 || 耗时：15.85s
SHOT pseudo-labels: model 91.85% -> centroid 77.38%
轮次:·13/·20 || cls:0.574 || im:-0.615 || 耗时：15.87s
SHOT pseudo-labels: model 92.88% -> centroid 77.58%
轮次:·14/·20 || cls:0.669 || im:-0.604 || 耗时：15.90s
SHOT pseudo-labels: model 92.28% -> centroid 77.48%
轮次:·15/·20 || cls:0.812 || im:-0.798 || 耗时：15.91s
SHOT pseudo-labels: model 93.63% -> centroid 79.40%
轮次:·16/·20 || cls:0.709 || im:-0.769 || 耗时：15.90s
SHOT pseudo-labels: model 94.67% -> centroid 80.68%
轮次:·17/·20 || cls:0.918 || im:-0.735 || 耗时：15.90s
SHOT pseudo-labels: model 94.85% -> centroid 80.58%
轮次:·18/·20 || cls:0.784 || im:-0.713 || 耗时：15.91s
SHOT pseudo-labels: model 93.67% -> centroid 79.80%
轮次:·19/·20 || cls:0.812 || im:-0.704 || 耗时：15.92s
SHOT pseudo-labels: model 93.70% -> centroid 79.50%
轮次:·20/·20 || cls:0.583 || im:-0.695 || 耗时：15.87s
测试集任务: (B1)N15_M01_F10→(B2)N15_M07_F10; 总正确率 = 94.30%
类型1 正确率： 100.00% -> 1  100.00%, 2    0.00%, 3    0.00%
类型2 正确率：  93.00% -> 1    0.00%, 2   92.70%, 3    7.30%
类型3 正确率：  90.00% -> 1    0.00%, 2    9.80%, 3   90.20%


