读取源域路径：/kaggle/working/shot/weight_PU_M1_shot_FBtoA_s2024/NEW_PU/Source-源域/log&pt/(B2)N15_M07_F10
excel输出位置：/kaggle/working/shot/weight_PU_M1_shot_FBtoA_s2024/NEW_PU/Target-目标域
特征图片输出位置：/kaggle/working/shot/weight_PU_M1_shot_FBtoA_s2024/NEW_PU/Picture-特征图/2026年09月15日21时19分/(B2)N15_M07_F10
现在选取:(B2)N15_M07_F10 进行训练的源模型
现在进行：(B2)N15_M07_F10→(B1)N15_M01_F10 的迁移任务
log&pt输出位置：/kaggle/working/shot/weight_PU_M1_shot_FBtoA_s2024/NEW_PU/Target-目标域/log&pt/(B2)N15_M07_F10→(B1)N15_M01_F10
任务: (B2)N15_M07_F10→(B1)N15_M01_F10; 批次:····0/·1880;  总正确率: 55.52%
类型1 正确率： 100.00% -> 1  100.00%, 2    0.00%, 3    0.00%
类型2 正确率：  34.00% -> 1   32.15%, 2   33.55%, 3   34.30%
类型3 正确率：  33.00% -> 1    0.00%, 2   67.00%, 3   33.00%


SHOT pseudo-labels: model 55.52% -> centroid 55.25%
轮次:··1/·20 || cls:1.501 || im:-0.899 || 耗时：22.60s
SHOT pseudo-labels: model 64.22% -> centroid 55.27%
轮次:··2/·20 || cls:1.370 || im:-0.952 || 耗时：16.67s
SHOT pseudo-labels: model 65.92% -> centroid 54.63%
轮次:··3/·20 || cls:0.921 || im:-0.754 || 耗时：16.46s
SHOT pseudo-labels: model 66.65% -> centroid 53.83%
轮次:··4/·20 || cls:0.785 || im:-0.668 || 耗时：16.33s
SHOT pseudo-labels: model 65.53% -> centroid 52.60%
轮次:··5/·20 || cls:0.723 || im:-0.667 || 耗时：16.36s
SHOT pseudo-labels: model 65.13% -> centroid 51.85%
轮次:··6/·20 || cls:0.607 || im:-0.650 || 耗时：16.56s
SHOT pseudo-labels: model 65.92% -> centroid 51.27%
轮次:··7/·20 || cls:0.680 || im:-0.641 || 耗时：16.61s
SHOT pseudo-labels: model 65.90% -> centroid 51.92%
轮次:··8/·20 || cls:0.648 || im:-0.606 || 耗时：16.53s
SHOT pseudo-labels: model 66.63% -> centroid 50.92%
轮次:··9/·20 || cls:0.774 || im:-0.693 || 耗时：16.48s
SHOT pseudo-labels: model 66.12% -> centroid 51.02%
轮次:·10/·20 || cls:0.495 || im:-0.634 || 耗时：16.46s
SHOT pseudo-labels: model 65.60% -> centroid 51.57%
轮次:·11/·20 || cls:0.600 || im:-0.608 || 耗时：16.42s
SHOT pseudo-labels: model 65.73% -> centroid 50.93%
轮次:·12/·20 || cls:0.818 || im:-0.623 || 耗时：16.43s
SHOT pseudo-labels: model 65.88% -> centroid 51.13%
轮次:·13/·20 || cls:0.690 || im:-0.748 || 耗时：16.43s
SHOT pseudo-labels: model 66.20% -> centroid 50.55%
轮次:·14/·20 || cls:0.733 || im:-0.647 || 耗时：16.41s
SHOT pseudo-labels: model 66.22% -> centroid 51.58%
轮次:·15/·20 || cls:0.752 || im:-0.643 || 耗时：16.42s
SHOT pseudo-labels: model 65.68% -> centroid 50.63%
轮次:·16/·20 || cls:0.753 || im:-0.645 || 耗时：16.40s
SHOT pseudo-labels: model 64.67% -> centroid 50.55%
轮次:·17/·20 || cls:0.688 || im:-0.627 || 耗时：16.37s
SHOT pseudo-labels: model 65.22% -> centroid 50.53%
轮次:·18/·20 || cls:0.799 || im:-0.693 || 耗时：16.41s
SHOT pseudo-labels: model 65.25% -> centroid 50.43%
轮次:·19/·20 || cls:0.767 || im:-0.619 || 耗时：16.41s
SHOT pseudo-labels: model 65.33% -> centroid 50.33%
轮次:·20/·20 || cls:0.574 || im:-0.635 || 耗时：16.41s
测试集任务: (B2)N15_M07_F10→(B1)N15_M01_F10; 总正确率 = 65.52%
类型1 正确率： 100.00% -> 1   99.95%, 2    0.00%, 3    0.05%
类型2 正确率：  47.00% -> 1   20.05%, 2   46.80%, 3   33.15%
类型3 正确率：  50.00% -> 1    0.00%, 2   50.20%, 3   49.80%


