读取源域路径：/kaggle/working/shot/weight_PU_M1_shot_FBtoA_s2024/NEW_PU/Source-源域/log&pt/(B1)N15_M01_F10
excel输出位置：/kaggle/working/shot/weight_PU_M1_shot_FBtoA_s2024/NEW_PU/Target-目标域
特征图片输出位置：/kaggle/working/shot/weight_PU_M1_shot_FBtoA_s2024/NEW_PU/Picture-特征图/2026年09月15日21时08分/(B1)N15_M01_F10
现在选取:(B1)N15_M01_F10 进行训练的源模型
现在进行：(B1)N15_M01_F10→(B2)N15_M07_F10 的迁移任务
log&pt输出位置：/kaggle/working/shot/weight_PU_M1_shot_FBtoA_s2024/NEW_PU/Target-目标域/log&pt/(B1)N15_M01_F10→(B2)N15_M07_F10
任务: (B1)N15_M01_F10→(B2)N15_M07_F10; 批次:····0/·1880;  总正确率: 55.95%
类型1 正确率： 100.00% -> 1   99.80%, 2    0.00%, 3    0.20%
类型2 正确率：  35.00% -> 1   22.45%, 2   35.05%, 3   42.50%
类型3 正确率：  33.00% -> 1    0.00%, 2   67.00%, 3   33.00%


SHOT pseudo-labels: model 55.95% -> centroid 55.30%
轮次:··1/·20 || cls:1.502 || im:-0.917 || 耗时：22.93s
SHOT pseudo-labels: model 64.67% -> centroid 55.30%
轮次:··2/·20 || cls:1.480 || im:-0.936 || 耗时：17.24s
SHOT pseudo-labels: model 65.17% -> centroid 55.17%
轮次:··3/·20 || cls:0.902 || im:-0.768 || 耗时：16.70s
SHOT pseudo-labels: model 64.48% -> centroid 54.15%
轮次:··4/·20 || cls:0.811 || im:-0.698 || 耗时：16.17s
SHOT pseudo-labels: model 64.30% -> centroid 51.10%
轮次:··5/·20 || cls:0.677 || im:-0.649 || 耗时：16.08s
SHOT pseudo-labels: model 63.47% -> centroid 47.53%
轮次:··6/·20 || cls:0.846 || im:-0.763 || 耗时：16.30s
SHOT pseudo-labels: model 64.63% -> centroid 54.00%
轮次:··7/·20 || cls:0.747 || im:-0.704 || 耗时：16.58s
SHOT pseudo-labels: model 64.85% -> centroid 45.83%
轮次:··8/·20 || cls:0.752 || im:-0.653 || 耗时：16.64s
SHOT pseudo-labels: model 65.80% -> centroid 53.42%
轮次:··9/·20 || cls:0.699 || im:-0.628 || 耗时：16.46s
SHOT pseudo-labels: model 66.58% -> centroid 53.70%
轮次:·10/·20 || cls:0.485 || im:-0.676 || 耗时：16.35s
SHOT pseudo-labels: model 66.30% -> centroid 54.35%
轮次:·11/·20 || cls:0.509 || im:-0.526 || 耗时：16.37s
SHOT pseudo-labels: model 66.93% -> centroid 54.32%
轮次:·12/·20 || cls:0.872 || im:-0.675 || 耗时：16.44s
SHOT pseudo-labels: model 67.13% -> centroid 54.58%
轮次:·13/·20 || cls:0.756 || im:-0.738 || 耗时：16.51s
SHOT pseudo-labels: model 67.17% -> centroid 54.25%
轮次:·14/·20 || cls:0.652 || im:-0.623 || 耗时：16.54s
SHOT pseudo-labels: model 67.40% -> centroid 54.63%
轮次:·15/·20 || cls:0.649 || im:-0.649 || 耗时：16.52s
SHOT pseudo-labels: model 67.05% -> centroid 54.32%
轮次:·16/·20 || cls:0.764 || im:-0.715 || 耗时：16.52s
SHOT pseudo-labels: model 67.47% -> centroid 54.32%
轮次:·17/·20 || cls:0.780 || im:-0.650 || 耗时：16.49s
SHOT pseudo-labels: model 68.00% -> centroid 54.27%
轮次:·18/·20 || cls:0.787 || im:-0.639 || 耗时：16.43s
SHOT pseudo-labels: model 68.28% -> centroid 54.32%
轮次:·19/·20 || cls:0.814 || im:-0.607 || 耗时：16.40s
SHOT pseudo-labels: model 68.12% -> centroid 54.23%
轮次:·20/·20 || cls:0.616 || im:-0.686 || 耗时：16.43s
测试集任务: (B1)N15_M01_F10→(B2)N15_M07_F10; 总正确率 = 68.57%
类型1 正确率： 100.00% -> 1   99.90%, 2    0.00%, 3    0.10%
类型2 正确率：  53.00% -> 1   13.75%, 2   53.15%, 3   33.10%
类型3 正确率：  53.00% -> 1    0.15%, 2   47.20%, 3   52.65%


