读取源域路径：/kaggle/working/shot/weight_PU_M1_shot_FBtoA_s2024/NEW_PU/Source-源域/log&pt/(B3)N15_M07_F04
excel输出位置：/kaggle/working/shot/weight_PU_M1_shot_FBtoA_s2024/NEW_PU/Target-目标域
特征图片输出位置：/kaggle/working/shot/weight_PU_M1_shot_FBtoA_s2024/NEW_PU/Picture-特征图/2026年09月15日21时31分/(B3)N15_M07_F04
现在选取:(B3)N15_M07_F04 进行训练的源模型
现在进行：(B3)N15_M07_F04→(B1)N15_M01_F10 的迁移任务
log&pt输出位置：/kaggle/working/shot/weight_PU_M1_shot_FBtoA_s2024/NEW_PU/Target-目标域/log&pt/(B3)N15_M07_F04→(B1)N15_M01_F10
任务: (B3)N15_M07_F04→(B1)N15_M01_F10; 批次:····0/·1880;  总正确率: 52.28%
类型1 正确率：  91.00% -> 1   91.20%, 2    0.00%, 3    8.80%
类型2 正确率：  33.00% -> 1   16.55%, 2   32.65%, 3   50.80%
类型3 正确率：  33.00% -> 1    0.00%, 2   67.00%, 3   33.00%


SHOT pseudo-labels: model 52.28% -> centroid 51.67%
轮次:··1/·20 || cls:1.299 || im:-0.885 || 耗时：22.57s
SHOT pseudo-labels: model 57.47% -> centroid 54.82%
轮次:··2/·20 || cls:1.168 || im:-0.879 || 耗时：16.68s
SHOT pseudo-labels: model 62.00% -> centroid 50.95%
轮次:··3/·20 || cls:0.850 || im:-0.696 || 耗时：16.54s
SHOT pseudo-labels: model 64.48% -> centroid 40.30%
轮次:··4/·20 || cls:0.725 || im:-0.625 || 耗时：16.35s
SHOT pseudo-labels: model 65.50% -> centroid 41.45%
轮次:··5/·20 || cls:0.810 || im:-0.641 || 耗时：16.36s
SHOT pseudo-labels: model 64.80% -> centroid 41.07%
轮次:··6/·20 || cls:0.846 || im:-0.644 || 耗时：16.48s
SHOT pseudo-labels: model 65.87% -> centroid 44.22%
轮次:··7/·20 || cls:0.696 || im:-0.675 || 耗时：16.49s
SHOT pseudo-labels: model 65.25% -> centroid 41.18%
轮次:··8/·20 || cls:0.678 || im:-0.567 || 耗时：16.55s
SHOT pseudo-labels: model 66.82% -> centroid 43.07%
轮次:··9/·20 || cls:0.669 || im:-0.680 || 耗时：16.52s
SHOT pseudo-labels: model 66.18% -> centroid 46.48%
轮次:·10/·20 || cls:0.610 || im:-0.634 || 耗时：16.48s
SHOT pseudo-labels: model 66.20% -> centroid 48.30%
轮次:·11/·20 || cls:0.605 || im:-0.536 || 耗时：16.45s
SHOT pseudo-labels: model 65.82% -> centroid 52.00%
轮次:·12/·20 || cls:0.847 || im:-0.658 || 耗时：16.45s
SHOT pseudo-labels: model 65.97% -> centroid 52.77%
轮次:·13/·20 || cls:0.642 || im:-0.694 || 耗时：16.45s
SHOT pseudo-labels: model 65.38% -> centroid 53.30%
轮次:·14/·20 || cls:0.724 || im:-0.647 || 耗时：16.45s
SHOT pseudo-labels: model 65.12% -> centroid 52.40%
轮次:·15/·20 || cls:0.800 || im:-0.679 || 耗时：16.43s
SHOT pseudo-labels: model 65.07% -> centroid 53.35%
轮次:·16/·20 || cls:0.779 || im:-0.674 || 耗时：16.43s
SHOT pseudo-labels: model 63.70% -> centroid 53.40%
轮次:·17/·20 || cls:0.762 || im:-0.673 || 耗时：16.42s
SHOT pseudo-labels: model 63.88% -> centroid 53.42%
轮次:·18/·20 || cls:0.821 || im:-0.660 || 耗时：16.43s
SHOT pseudo-labels: model 64.20% -> centroid 53.32%
轮次:·19/·20 || cls:0.847 || im:-0.653 || 耗时：16.43s
SHOT pseudo-labels: model 64.60% -> centroid 53.03%
轮次:·20/·20 || cls:0.533 || im:-0.639 || 耗时：16.44s
测试集任务: (B3)N15_M07_F04→(B1)N15_M01_F10; 总正确率 = 64.42%
类型1 正确率： 100.00% -> 1   99.95%, 2    0.00%, 3    0.05%
类型2 正确率：  43.00% -> 1   11.05%, 2   43.45%, 3   45.50%
类型3 正确率：  50.00% -> 1    0.00%, 2   50.15%, 3   49.85%


