读取源域路径：/kaggle/working/shot/weight_PU_M1_shot_FBtoA_s2024/NEW_PU/Source-源域/log&pt/(B2)N15_M07_F10
excel输出位置：/kaggle/working/shot/weight_PU_M1_shot_FBtoA_s2024/NEW_PU/Target-目标域
特征图片输出位置：/kaggle/working/shot/weight_PU_M1_shot_FBtoA_s2024/NEW_PU/Picture-特征图/2026年09月15日21时25分/(B2)N15_M07_F10
现在选取:(B2)N15_M07_F10 进行训练的源模型
现在进行：(B2)N15_M07_F10→(B3)N15_M07_F04 的迁移任务
log&pt输出位置：/kaggle/working/shot/weight_PU_M1_shot_FBtoA_s2024/NEW_PU/Target-目标域/log&pt/(B2)N15_M07_F10→(B3)N15_M07_F04
任务: (B2)N15_M07_F10→(B3)N15_M07_F04; 批次:····0/·1880;  总正确率: 50.57%
类型1 正确率： 100.00% -> 1  100.00%, 2    0.00%, 3    0.00%
类型2 正确率：  38.00% -> 1   26.15%, 2   38.50%, 3   35.35%
类型3 正确率：  13.00% -> 1    2.15%, 2   84.65%, 3   13.20%


SHOT pseudo-labels: model 50.57% -> centroid 54.72%
轮次:··1/·20 || cls:1.455 || im:-0.907 || 耗时：22.52s
SHOT pseudo-labels: model 49.52% -> centroid 55.20%
轮次:··2/·20 || cls:1.544 || im:-0.855 || 耗时：16.64s
SHOT pseudo-labels: model 49.75% -> centroid 54.48%
轮次:··3/·20 || cls:1.014 || im:-0.754 || 耗时：16.62s
SHOT pseudo-labels: model 54.25% -> centroid 53.60%
轮次:··4/·20 || cls:0.714 || im:-0.758 || 耗时：16.36s
SHOT pseudo-labels: model 56.03% -> centroid 51.28%
轮次:··5/·20 || cls:0.642 || im:-0.761 || 耗时：16.33s
SHOT pseudo-labels: model 55.95% -> centroid 50.65%
轮次:··6/·20 || cls:0.674 || im:-0.654 || 耗时：16.40s
SHOT pseudo-labels: model 55.73% -> centroid 49.83%
轮次:··7/·20 || cls:0.656 || im:-0.698 || 耗时：16.48s
SHOT pseudo-labels: model 55.55% -> centroid 50.52%
轮次:··8/·20 || cls:0.719 || im:-0.646 || 耗时：16.56s
SHOT pseudo-labels: model 56.48% -> centroid 49.80%
轮次:··9/·20 || cls:0.718 || im:-0.707 || 耗时：16.52s
SHOT pseudo-labels: model 56.38% -> centroid 49.75%
轮次:·10/·20 || cls:0.639 || im:-0.664 || 耗时：16.55s
SHOT pseudo-labels: model 55.78% -> centroid 50.05%
轮次:·11/·20 || cls:0.522 || im:-0.662 || 耗时：16.53s
SHOT pseudo-labels: model 55.58% -> centroid 49.73%
轮次:·12/·20 || cls:0.742 || im:-0.692 || 耗时：16.49s
SHOT pseudo-labels: model 55.37% -> centroid 49.80%
轮次:·13/·20 || cls:0.670 || im:-0.667 || 耗时：16.48s
SHOT pseudo-labels: model 56.47% -> centroid 49.48%
轮次:·14/·20 || cls:0.738 || im:-0.643 || 耗时：16.45s
SHOT pseudo-labels: model 54.97% -> centroid 49.90%
轮次:·15/·20 || cls:0.785 || im:-0.689 || 耗时：16.45s
SHOT pseudo-labels: model 55.05% -> centroid 49.73%
轮次:·16/·20 || cls:0.697 || im:-0.679 || 耗时：16.40s
SHOT pseudo-labels: model 55.15% -> centroid 49.50%
轮次:·17/·20 || cls:0.779 || im:-0.706 || 耗时：16.43s
SHOT pseudo-labels: model 54.82% -> centroid 49.53%
轮次:·18/·20 || cls:0.775 || im:-0.720 || 耗时：16.41s
SHOT pseudo-labels: model 54.30% -> centroid 49.52%
轮次:·19/·20 || cls:0.757 || im:-0.692 || 耗时：16.42s
SHOT pseudo-labels: model 53.85% -> centroid 49.52%
轮次:·20/·20 || cls:0.558 || im:-0.630 || 耗时：16.41s
测试集任务: (B2)N15_M07_F10→(B3)N15_M07_F04; 总正确率 = 53.50%
类型1 正确率： 100.00% -> 1   99.85%, 2    0.00%, 3    0.15%
类型2 正确率：  27.00% -> 1   12.75%, 2   26.90%, 3   60.35%
类型3 正确率：  34.00% -> 1    0.00%, 2   66.25%, 3   33.75%


