读取源域路径：/kaggle/working/shot/weight_PU_M1_shot_FBtoA_s2024/NEW_PU/Source-源域/log&pt/(B1)N15_M01_F10
excel输出位置：/kaggle/working/shot/weight_PU_M1_shot_FBtoA_s2024/NEW_PU/Target-目标域
特征图片输出位置：/kaggle/working/shot/weight_PU_M1_shot_FBtoA_s2024/NEW_PU/Picture-特征图/2026年09月15日21时14分/(B1)N15_M01_F10
现在选取:(B1)N15_M01_F10 进行训练的源模型
现在进行：(B1)N15_M01_F10→(B3)N15_M07_F04 的迁移任务
log&pt输出位置：/kaggle/working/shot/weight_PU_M1_shot_FBtoA_s2024/NEW_PU/Target-目标域/log&pt/(B1)N15_M01_F10→(B3)N15_M07_F04
任务: (B1)N15_M01_F10→(B3)N15_M07_F04; 批次:····0/·1880;  总正确率: 50.40%
类型1 正确率： 100.00% -> 1   99.80%, 2    0.00%, 3    0.20%
类型2 正确率：  39.00% -> 1   24.90%, 2   39.25%, 3   35.85%
类型3 正确率：  12.00% -> 1    0.75%, 2   87.10%, 3   12.15%


SHOT pseudo-labels: model 50.40% -> centroid 55.02%
轮次:··1/·20 || cls:1.412 || im:-0.885 || 耗时：22.53s
SHOT pseudo-labels: model 45.93% -> centroid 55.27%
轮次:··2/·20 || cls:1.609 || im:-0.901 || 耗时：16.65s
SHOT pseudo-labels: model 47.92% -> centroid 55.20%
轮次:··3/·20 || cls:1.144 || im:-0.761 || 耗时：16.54s
SHOT pseudo-labels: model 54.05% -> centroid 55.13%
轮次:··4/·20 || cls:0.873 || im:-0.780 || 耗时：16.36s
SHOT pseudo-labels: model 59.12% -> centroid 54.90%
轮次:··5/·20 || cls:0.754 || im:-0.791 || 耗时：16.31s
SHOT pseudo-labels: model 59.93% -> centroid 54.67%
轮次:··6/·20 || cls:0.789 || im:-0.723 || 耗时：16.40s
SHOT pseudo-labels: model 60.87% -> centroid 53.42%
轮次:··7/·20 || cls:0.687 || im:-0.778 || 耗时：16.45s
SHOT pseudo-labels: model 62.00% -> centroid 54.93%
轮次:··8/·20 || cls:0.757 || im:-0.661 || 耗时：16.46s
SHOT pseudo-labels: model 62.80% -> centroid 54.88%
轮次:··9/·20 || cls:0.740 || im:-0.663 || 耗时：16.52s
SHOT pseudo-labels: model 62.77% -> centroid 54.48%
轮次:·10/·20 || cls:0.565 || im:-0.661 || 耗时：16.56s
SHOT pseudo-labels: model 62.50% -> centroid 54.80%
轮次:·11/·20 || cls:0.583 || im:-0.687 || 耗时：16.53s
SHOT pseudo-labels: model 62.22% -> centroid 55.07%
轮次:·12/·20 || cls:0.685 || im:-0.638 || 耗时：16.46s
SHOT pseudo-labels: model 62.00% -> centroid 54.85%
轮次:·13/·20 || cls:0.634 || im:-0.660 || 耗时：16.48s
SHOT pseudo-labels: model 62.97% -> centroid 52.60%
轮次:·14/·20 || cls:0.648 || im:-0.616 || 耗时：16.43s
SHOT pseudo-labels: model 61.50% -> centroid 54.75%
轮次:·15/·20 || cls:0.795 || im:-0.668 || 耗时：16.42s
SHOT pseudo-labels: model 62.13% -> centroid 54.75%
轮次:·16/·20 || cls:0.629 || im:-0.625 || 耗时：16.46s
SHOT pseudo-labels: model 62.90% -> centroid 54.85%
轮次:·17/·20 || cls:0.790 || im:-0.705 || 耗时：16.42s
SHOT pseudo-labels: model 62.60% -> centroid 54.47%
轮次:·18/·20 || cls:0.774 || im:-0.671 || 耗时：16.43s
SHOT pseudo-labels: model 62.43% -> centroid 54.83%
轮次:·19/·20 || cls:0.810 || im:-0.643 || 耗时：16.44s
SHOT pseudo-labels: model 63.40% -> centroid 66.97%
轮次:·20/·20 || cls:0.624 || im:-0.674 || 耗时：16.46s
测试集任务: (B1)N15_M01_F10→(B3)N15_M07_F04; 总正确率 = 62.10%
类型1 正确率：  99.00% -> 1   99.20%, 2    0.00%, 3    0.80%
类型2 正确率：  45.00% -> 1   10.40%, 2   45.20%, 3   44.40%
类型3 正确率：  42.00% -> 1    0.00%, 2   58.10%, 3   41.90%


