读取源域路径：/kaggle/working/m2/weight_PU_M1_final_checkpoint_FAtoB_gateoracle_s2024/NEW_PU/Source-源域/log&pt/(B2)N15_M07_F10
excel输出位置：/kaggle/working/m2/weight_PU_M1_final_checkpoint_FAtoB_gateoracle_s2024/NEW_PU/Target-目标域
特征图片输出位置：/kaggle/working/m2/weight_PU_M1_final_checkpoint_FAtoB_gateoracle_s2024/NEW_PU/Picture-特征图/2026年09月14日01时25分/(B2)N15_M07_F10
现在选取:(B2)N15_M07_F10 进行训练的源模型
现在进行：(B2)N15_M07_F10→(B1)N15_M01_F10 的迁移任务
log&pt输出位置：/kaggle/working/m2/weight_PU_M1_final_checkpoint_FAtoB_gateoracle_s2024/NEW_PU/Target-目标域/log&pt/(B2)N15_M07_F10→(B1)N15_M01_F10
任务: (B2)N15_M07_F10→(B1)N15_M01_F10; 批次:····0/·1880;  总正确率: 57.65%
类型1 正确率：  80.00% -> 1   80.30%, 2   19.65%, 3    0.05%
类型2 正确率：  43.00% -> 1    0.00%, 2   42.60%, 3   57.40%
类型3 正确率：  50.00% -> 1    0.00%, 2   49.95%, 3   50.05%


样本变换：reverse
样本变换：mask
样本变换：shift
样本变换：none
未过滤	未用伪标签：57.65% -> 使用伪标签：57.85%
已过滤	未用伪标签：57.05% -> 使用伪标签：59.11%
排除样本：128|6000	剩余：1989, 1488, 2395
增添样本：2496		细则：0, 1507, 989	正确率估算：99.73%
类型1 正确率： 100.00% -> 1   99.70%, 2    0.30%, 3    0.00%
类型2 正确率：  26.00% -> 1    0.00%, 2   25.68%, 3   74.32%
类型3 正确率：  50.00% -> 1    0.00%, 2   50.00%, 3   50.00%

被排除样本 正确率：85.16%
类型1 正确率：  20.00% -> 1   20.00%, 2   80.00%, 3    0.00%
类型2 正确率：  88.00% -> 1    0.00%, 2   87.80%, 3   12.20%
类型3 没有样本或未被分类。


轮次:··1/·20 || c_Loss:0.489 || e_Loss:-1.438 || Aad_Loss:-19.933 || 耗时：34.43s
轮次:··2/·20 || c_Loss:0.339 || e_Loss:-1.595 || Aad_Loss:-23.863 || 耗时：13.30s
轮次:··3/·20 || c_Loss:0.332 || e_Loss:-1.693 || Aad_Loss:-24.487 || 耗时：13.13s
轮次:··4/·20 || c_Loss:0.340 || e_Loss:-1.598 || Aad_Loss:-25.804 || 耗时：13.02s
轮次:··5/·20 || c_Loss:0.326 || e_Loss:-1.721 || Aad_Loss:-26.263 || 耗时：13.01s
任务: (B2)N15_M07_F10→(B1)N15_M01_F10; mix批次:····0; 批次:··470/·1880;  总正确率: 77.18%
类型1 正确率： 100.00% -> 1  100.00%, 2    0.00%, 3    0.00%
类型2 正确率：  80.00% -> 1    0.70%, 2   80.25%, 3   19.05%
类型3 正确率：  51.00% -> 1   28.95%, 2   19.75%, 3   51.30%


样本变换：reverse
样本变换：mask
样本变换：shift
样本变换：none
未过滤	未用伪标签：77.18% -> 使用伪标签：82.52%
已过滤	未用伪标签：78.54% -> 使用伪标签：84.14%
排除样本：116|6000	剩余：2646, 2200, 1038
增添样本：1049		细则：0, 49, 1000	正确率估算：98.95%
类型1 正确率： 100.00% -> 1  100.00%, 2    0.00%, 3    0.00%
类型2 正确率：  98.00% -> 1    0.00%, 2   98.09%, 3    1.91%
类型3 正确率：  53.00% -> 1   34.09%, 2   13.14%, 3   52.77%

被排除样本 正确率：8.62%
类型1 没有样本或未被分类。
类型2 正确率：  82.00% -> 1    0.00%, 2   81.82%, 3   18.18%
类型3 正确率：   1.00% -> 1   40.95%, 2   58.10%, 3    0.95%


轮次:··6/·20 || c_Loss:0.353 || e_Loss:-1.905 || Aad_Loss:-27.140 || 耗时：34.07s
轮次:··7/·20 || c_Loss:0.348 || e_Loss:-1.892 || Aad_Loss:-25.062 || 耗时：13.10s
轮次:··8/·20 || c_Loss:0.351 || e_Loss:-1.986 || Aad_Loss:-26.448 || 耗时：13.09s
轮次:··9/·20 || c_Loss:0.356 || e_Loss:-1.919 || Aad_Loss:-24.381 || 耗时：13.17s
轮次:·10/·20 || c_Loss:0.361 || e_Loss:-1.983 || Aad_Loss:-26.464 || 耗时：13.19s
任务: (B2)N15_M07_F10→(B1)N15_M01_F10; mix批次:····0; 批次:··940/·1880;  总正确率: 86.73%
类型1 正确率： 100.00% -> 1  100.00%, 2    0.00%, 3    0.00%
类型2 正确率： 100.00% -> 1    0.00%, 2   99.85%, 3    0.15%
类型3 正确率：  60.00% -> 1   15.90%, 2   23.75%, 3   60.35%


样本变换：reverse
样本变换：mask
样本变换：shift
样本变换：none
未过滤	未用伪标签：86.73% -> 使用伪标签：83.20%
已过滤	未用伪标签：87.13% -> 使用伪标签：83.63%
排除样本：31|6000	剩余：2091, 2874, 1004
增添样本：1008		细则：0, 8, 1000	正确率估算：100.00%
类型1 正确率： 100.00% -> 1  100.00%, 2    0.00%, 3    0.00%
类型2 正确率： 100.00% -> 1    0.00%, 2   99.80%, 3    0.20%
类型3 正确率：  51.00% -> 1    4.61%, 2   44.70%, 3   50.68%

被排除样本 正确率：9.68%
类型1 没有样本或未被分类。
类型2 正确率：  75.00% -> 1    0.00%, 2   75.00%, 3   25.00%
类型3 正确率：   0.00% -> 1   96.30%, 2    3.70%, 3    0.00%


轮次:·11/·20 || c_Loss:0.353 || e_Loss:-2.023 || Aad_Loss:-25.184 || 耗时：34.10s
轮次:·12/·20 || c_Loss:0.349 || e_Loss:-2.039 || Aad_Loss:-27.467 || 耗时：12.98s
轮次:·13/·20 || c_Loss:0.353 || e_Loss:-1.879 || Aad_Loss:-26.808 || 耗时：13.01s
轮次:·14/·20 || c_Loss:0.360 || e_Loss:-2.035 || Aad_Loss:-25.437 || 耗时：13.04s
轮次:·15/·20 || c_Loss:0.350 || e_Loss:-2.006 || Aad_Loss:-26.236 || 耗时：13.07s
任务: (B2)N15_M07_F10→(B1)N15_M01_F10; mix批次:····0; 批次:·1410/·1880;  总正确率: 87.80%
类型1 正确率： 100.00% -> 1  100.00%, 2    0.00%, 3    0.00%
类型2 正确率： 100.00% -> 1    0.00%, 2   99.95%, 3    0.05%
类型3 正确率：  63.00% -> 1   17.30%, 2   19.25%, 3   63.45%


样本变换：reverse
样本变换：mask
样本变换：shift
样本变换：none
未过滤	未用伪标签：87.80% -> 使用伪标签：83.28%
已过滤	未用伪标签：88.11% -> 使用伪标签：83.59%
排除样本：22|6000	剩余：2066, 2910, 1002
增添样本：1003		细则：0, 3, 1000	正确率估算：100.00%
类型1 正确率： 100.00% -> 1  100.00%, 2    0.00%, 3    0.00%
类型2 正确率： 100.00% -> 1    0.00%, 2   99.90%, 3    0.10%
类型3 正确率：  51.00% -> 1    3.34%, 2   46.13%, 3   50.53%

被排除样本 正确率：4.55%
类型1 没有样本或未被分类。
类型2 正确率： 100.00% -> 1    0.00%, 2  100.00%, 3    0.00%
类型3 正确率：   0.00% -> 1  100.00%, 2    0.00%, 3    0.00%


轮次:·16/·20 || c_Loss:0.364 || e_Loss:-2.008 || Aad_Loss:-27.396 || 耗时：34.33s
轮次:·17/·20 || c_Loss:0.359 || e_Loss:-2.031 || Aad_Loss:-24.770 || 耗时：13.08s
轮次:·18/·20 || c_Loss:0.360 || e_Loss:-2.065 || Aad_Loss:-24.413 || 耗时：13.14s
轮次:·19/·20 || c_Loss:0.354 || e_Loss:-2.041 || Aad_Loss:-25.825 || 耗时：13.12s
轮次:·20/·20 || c_Loss:0.356 || e_Loss:-2.021 || Aad_Loss:-26.834 || 耗时：13.14s
任务: (B2)N15_M07_F10→(B1)N15_M01_F10; mix批次:····0; 批次:·1880/·1880;  总正确率: 86.65%
类型1 正确率： 100.00% -> 1  100.00%, 2    0.00%, 3    0.00%
类型2 正确率： 100.00% -> 1    0.00%, 2   99.95%, 3    0.05%
类型3 正确率：  60.00% -> 1   12.50%, 2   27.50%, 3   60.00%


测试集任务: (B2)N15_M07_F10→(B1)N15_M01_F10; 总正确率 = 86.65%
类型1 正确率： 100.00% -> 1  100.00%, 2    0.00%, 3    0.00%
类型2 正确率： 100.00% -> 1    0.00%, 2   99.95%, 3    0.05%
类型3 正确率：  60.00% -> 1   12.50%, 2   27.50%, 3   60.00%


