读取源域路径：/kaggle/working/m2/weight_PU_M1_final_checkpoint_FAtoB_gateoracle_s2024/NEW_PU/Source-源域/log&pt/(B3)N15_M07_F04
excel输出位置：/kaggle/working/m2/weight_PU_M1_final_checkpoint_FAtoB_gateoracle_s2024/NEW_PU/Target-目标域
特征图片输出位置：/kaggle/working/m2/weight_PU_M1_final_checkpoint_FAtoB_gateoracle_s2024/NEW_PU/Picture-特征图/2026年09月14日01时43分/(B3)N15_M07_F04
现在选取:(B3)N15_M07_F04 进行训练的源模型
现在进行：(B3)N15_M07_F04→(B2)N15_M07_F10 的迁移任务
log&pt输出位置：/kaggle/working/m2/weight_PU_M1_final_checkpoint_FAtoB_gateoracle_s2024/NEW_PU/Target-目标域/log&pt/(B3)N15_M07_F04→(B2)N15_M07_F10
任务: (B3)N15_M07_F04→(B2)N15_M07_F10; 批次:····0/·1880;  总正确率: 44.37%
类型1 正确率：  40.00% -> 1   40.05%, 2   59.85%, 3    0.10%
类型2 正确率：  42.00% -> 1    0.00%, 2   41.80%, 3   58.20%
类型3 正确率：  51.00% -> 1    0.00%, 2   48.75%, 3   51.25%


样本变换：reverse
样本变换：mask
样本变换：shift
样本变换：none
未过滤	未用伪标签：44.37% -> 使用伪标签：38.60%
已过滤	未用伪标签：43.74% -> 使用伪标签：39.56%
排除样本：145|6000	剩余：661, 2942, 2252
增添样本：726		细则：353, 373, 0	正确率估算：99.17%
类型1 正确率：  33.00% -> 1   33.18%, 2   66.82%, 3    0.00%
类型2 正确率：  34.00% -> 1    0.00%, 2   34.11%, 3   65.89%
类型3 正确率：  51.00% -> 1    0.00%, 2   48.89%, 3   51.11%

被排除样本 正确率：69.66%
类型1 正确率： 100.00% -> 1  100.00%, 2    0.00%, 3    0.00%
类型2 正确率：  69.00% -> 1    0.00%, 2   68.60%, 3   31.40%
类型3 正确率：  62.00% -> 1    0.00%, 2   37.50%, 3   62.50%


轮次:··1/·20 || c_Loss:0.536 || e_Loss:-1.461 || Aad_Loss:-6.931 || 耗时：34.03s
轮次:··2/·20 || c_Loss:0.333 || e_Loss:-1.642 || Aad_Loss:-13.768 || 耗时：13.17s
轮次:··3/·20 || c_Loss:0.336 || e_Loss:-1.682 || Aad_Loss:-13.311 || 耗时：13.06s
轮次:··4/·20 || c_Loss:0.353 || e_Loss:-1.650 || Aad_Loss:-12.395 || 耗时：12.97s
轮次:··5/·20 || c_Loss:0.372 || e_Loss:-1.659 || Aad_Loss:-10.627 || 耗时：12.97s
任务: (B3)N15_M07_F04→(B2)N15_M07_F10; mix批次:····0; 批次:··470/·1880;  总正确率: 78.12%
类型1 正确率：  61.00% -> 1   60.55%, 2   11.20%, 3   28.25%
类型2 正确率：  96.00% -> 1    0.00%, 2   96.10%, 3    3.90%
类型3 正确率：  78.00% -> 1    9.05%, 2   13.25%, 3   77.70%


样本变换：reverse
样本变换：mask
样本变换：shift
样本变换：none
未过滤	未用伪标签：78.12% -> 使用伪标签：63.28%
已过滤	未用伪标签：78.29% -> 使用伪标签：64.75%
排除样本：136|6000	剩余：919, 2705, 2240
增添样本：2203		细则：1242, 0, 961	正确率估算：99.07%
类型1 正确率：  39.00% -> 1   38.65%, 2    0.10%, 3   61.24%
类型2 正确率： 100.00% -> 1    0.00%, 2  100.00%, 3    0.00%
类型3 正确率：  55.00% -> 1    8.46%, 2   36.94%, 3   54.60%

被排除样本 正确率：70.59%
类型1 正确率：  79.00% -> 1   79.49%, 2   20.51%, 3    0.00%
类型2 没有样本或未被分类。
类型3 正确率：  67.00% -> 1   31.96%, 2    1.03%, 3   67.01%


轮次:··6/·20 || c_Loss:0.343 || e_Loss:-1.770 || Aad_Loss:-20.770 || 耗时：34.23s
轮次:··7/·20 || c_Loss:0.360 || e_Loss:-1.868 || Aad_Loss:-20.583 || 耗时：13.10s
轮次:··8/·20 || c_Loss:0.377 || e_Loss:-1.915 || Aad_Loss:-18.344 || 耗时：13.18s
轮次:··9/·20 || c_Loss:0.359 || e_Loss:-1.879 || Aad_Loss:-19.492 || 耗时：13.19s
轮次:·10/·20 || c_Loss:0.349 || e_Loss:-1.898 || Aad_Loss:-19.811 || 耗时：13.21s
任务: (B3)N15_M07_F04→(B2)N15_M07_F10; mix批次:····0; 批次:··940/·1880;  总正确率: 89.33%
类型1 正确率：  82.00% -> 1   82.05%, 2    1.30%, 3   16.65%
类型2 正确率： 100.00% -> 1    0.00%, 2  100.00%, 3    0.00%
类型3 正确率：  86.00% -> 1    1.20%, 2   12.85%, 3   85.95%


样本变换：reverse
样本变换：mask
样本变换：shift
样本变换：none
未过滤	未用伪标签：89.33% -> 使用伪标签：90.18%
已过滤	未用伪标签：89.49% -> 使用伪标签：91.99%
排除样本：118|6000	剩余：1974, 2445, 1463
增添样本：589		细则：31, 0, 558	正确率估算：99.32%
类型1 正确率：  99.00% -> 1   98.90%, 2    0.05%, 3    1.05%
类型2 正确率： 100.00% -> 1    0.00%, 2  100.00%, 3    0.00%
类型3 正确率：  76.00% -> 1    0.26%, 2   23.48%, 3   76.26%

被排除样本 正确率：81.36%
类型1 正确率：   0.00% -> 1    0.00%, 2    0.00%, 3  100.00%
类型2 没有样本或未被分类。
类型3 正确率：  88.00% -> 1    8.26%, 2    3.67%, 3   88.07%


轮次:·11/·20 || c_Loss:0.328 || e_Loss:-1.429 || Aad_Loss:-28.401 || 耗时：33.90s
轮次:·12/·20 || c_Loss:0.339 || e_Loss:-1.580 || Aad_Loss:-28.098 || 耗时：13.14s
轮次:·13/·20 || c_Loss:0.330 || e_Loss:-1.711 || Aad_Loss:-28.916 || 耗时：13.11s
轮次:·14/·20 || c_Loss:0.382 || e_Loss:-1.793 || Aad_Loss:-27.554 || 耗时：13.11s
轮次:·15/·20 || c_Loss:0.364 || e_Loss:-1.822 || Aad_Loss:-26.669 || 耗时：13.18s
任务: (B3)N15_M07_F04→(B2)N15_M07_F10; mix批次:····0; 批次:·1410/·1880;  总正确率: 99.62%
类型1 正确率： 100.00% -> 1  100.00%, 2    0.00%, 3    0.00%
类型2 正确率： 100.00% -> 1    0.00%, 2  100.00%, 3    0.00%
类型3 正确率：  99.00% -> 1    0.40%, 2    0.75%, 3   98.85%


样本变换：reverse
样本变换：mask
样本变换：shift
样本变换：none
未过滤	未用伪标签：99.62% -> 使用伪标签：99.97%
已过滤	未用伪标签：99.63% -> 使用伪标签：99.98%
排除样本：1|6000	剩余：2001, 2000, 1998
增添样本：2		细则：0, 0, 2	正确率估算：100.00%
类型1 正确率： 100.00% -> 1  100.00%, 2    0.00%, 3    0.00%
类型2 正确率： 100.00% -> 1    0.00%, 2  100.00%, 3    0.00%
类型3 正确率： 100.00% -> 1    0.05%, 2    0.00%, 3   99.95%

被排除样本 正确率：0.00%
类型1 没有样本或未被分类。
类型2 正确率：   0.00% -> 1  100.00%, 2    0.00%


轮次:·16/·20 || c_Loss:0.358 || e_Loss:-0.928 || Aad_Loss:-23.966 || 耗时：33.65s
轮次:·17/·20 || c_Loss:0.365 || e_Loss:-0.966 || Aad_Loss:-23.849 || 耗时：13.11s
轮次:·18/·20 || c_Loss:0.375 || e_Loss:-0.959 || Aad_Loss:-23.276 || 耗时：13.13s
轮次:·19/·20 || c_Loss:0.384 || e_Loss:-1.000 || Aad_Loss:-23.690 || 耗时：13.10s
轮次:·20/·20 || c_Loss:0.376 || e_Loss:-0.991 || Aad_Loss:-24.034 || 耗时：13.15s
任务: (B3)N15_M07_F04→(B2)N15_M07_F10; mix批次:····0; 批次:·1880/·1880;  总正确率: 99.98%
类型1 正确率： 100.00% -> 1  100.00%, 2    0.00%, 3    0.00%
类型2 正确率： 100.00% -> 1    0.00%, 2  100.00%, 3    0.00%
类型3 正确率： 100.00% -> 1    0.00%, 2    0.05%, 3   99.95%


测试集任务: (B3)N15_M07_F04→(B2)N15_M07_F10; 总正确率 = 99.98%
类型1 正确率： 100.00% -> 1  100.00%, 2    0.00%, 3    0.00%
类型2 正确率： 100.00% -> 1    0.00%, 2  100.00%, 3    0.00%
类型3 正确率： 100.00% -> 1    0.00%, 2    0.05%, 3   99.95%


