读取源域路径：/kaggle/working/m2/weight_PU_M1_final_checkpoint_FAtoB_gateoracle_s2024/NEW_PU/Source-源域/log&pt/(B3)N15_M07_F04
excel输出位置：/kaggle/working/m2/weight_PU_M1_final_checkpoint_FAtoB_gateoracle_s2024/NEW_PU/Target-目标域
特征图片输出位置：/kaggle/working/m2/weight_PU_M1_final_checkpoint_FAtoB_gateoracle_s2024/NEW_PU/Picture-特征图/2026年09月14日01时37分/(B3)N15_M07_F04
现在选取:(B3)N15_M07_F04 进行训练的源模型
现在进行：(B3)N15_M07_F04→(B1)N15_M01_F10 的迁移任务
log&pt输出位置：/kaggle/working/m2/weight_PU_M1_final_checkpoint_FAtoB_gateoracle_s2024/NEW_PU/Target-目标域/log&pt/(B3)N15_M07_F04→(B1)N15_M01_F10
任务: (B3)N15_M07_F04→(B1)N15_M01_F10; 批次:····0/·1880;  总正确率: 45.63%
类型1 正确率：  42.00% -> 1   42.20%, 2   57.80%, 3    0.00%
类型2 正确率：  45.00% -> 1    0.00%, 2   45.05%, 3   54.95%
类型3 正确率：  50.00% -> 1    0.00%, 2   50.35%, 3   49.65%


样本变换：reverse
样本变换：mask
样本变换：shift
样本变换：none
未过滤	未用伪标签：45.63% -> 使用伪标签：39.00%
已过滤	未用伪标签：44.86% -> 使用伪标签：40.16%
排除样本：173|6000	剩余：698, 2931, 2198
增添样本：651		细则：303, 348, 0	正确率估算：98.16%
类型1 正确率：  35.00% -> 1   35.09%, 2   64.91%, 3    0.00%
类型2 正确率：  35.00% -> 1    0.22%, 2   35.01%, 3   64.78%
类型3 正确率：  50.00% -> 1    0.00%, 2   50.03%, 3   49.97%

被排除样本 正确率：71.68%
类型1 正确率：  95.00% -> 1   95.45%, 2    4.55%, 3    0.00%
类型2 正确率：  70.00% -> 1    0.00%, 2   69.86%, 3   30.14%
类型3 正确率：  20.00% -> 1    0.00%, 2   80.00%, 3   20.00%


轮次:··1/·20 || c_Loss:0.605 || e_Loss:-1.302 || Aad_Loss:-6.463 || 耗时：34.00s
轮次:··2/·20 || c_Loss:0.363 || e_Loss:-1.558 || Aad_Loss:-10.886 || 耗时：13.32s
轮次:··3/·20 || c_Loss:0.384 || e_Loss:-1.615 || Aad_Loss:-14.377 || 耗时：13.17s
轮次:··4/·20 || c_Loss:0.330 || e_Loss:-1.646 || Aad_Loss:-14.573 || 耗时：13.05s
轮次:··5/·20 || c_Loss:0.335 || e_Loss:-1.703 || Aad_Loss:-9.405 || 耗时：13.02s
任务: (B3)N15_M07_F04→(B1)N15_M01_F10; mix批次:····0; 批次:··470/·1880;  总正确率: 73.82%
类型1 正确率：  69.00% -> 1   69.45%, 2    1.25%, 3   29.30%
类型2 正确率：  98.00% -> 1    0.00%, 2   97.60%, 3    2.40%
类型3 正确率：  54.00% -> 1    1.90%, 2   43.70%, 3   54.40%


样本变换：reverse
样本变换：mask
样本变换：shift
样本变换：none
未过滤	未用伪标签：73.82% -> 使用伪标签：75.57%
已过滤	未用伪标签：74.52% -> 使用伪标签：76.36%
排除样本：62|6000	剩余：1536, 2990, 1412
增添样本：1463		细则：466, 0, 997	正确率估算：97.20%
类型1 正确率：  79.00% -> 1   78.86%, 2    0.10%, 3   21.04%
类型2 正确率： 100.00% -> 1    0.00%, 2   99.95%, 3    0.05%
类型3 正确率：  50.00% -> 1    0.15%, 2   49.60%, 3   50.25%

被排除样本 正确率：6.45%
类型1 正确率：   0.00% -> 1    0.00%, 2   10.71%, 3   89.29%
类型2 没有样本或未被分类。
类型3 正确率：  67.00% -> 1   16.67%, 2   16.67%, 3   66.67%


轮次:··6/·20 || c_Loss:0.334 || e_Loss:-1.721 || Aad_Loss:-25.125 || 耗时：34.44s
轮次:··7/·20 || c_Loss:0.354 || e_Loss:-1.724 || Aad_Loss:-19.970 || 耗时：13.19s
轮次:··8/·20 || c_Loss:0.362 || e_Loss:-1.800 || Aad_Loss:-22.766 || 耗时：13.23s
轮次:··9/·20 || c_Loss:0.330 || e_Loss:-1.889 || Aad_Loss:-25.224 || 耗时：13.22s
轮次:·10/·20 || c_Loss:0.339 || e_Loss:-1.927 || Aad_Loss:-24.748 || 耗时：13.22s
任务: (B3)N15_M07_F04→(B1)N15_M01_F10; mix批次:····0; 批次:··940/·1880;  总正确率: 86.58%
类型1 正确率：  99.00% -> 1   99.20%, 2    0.00%, 3    0.80%
类型2 正确率： 100.00% -> 1    0.00%, 2   99.95%, 3    0.05%
类型3 正确率：  61.00% -> 1    1.40%, 2   38.00%, 3   60.60%


样本变换：reverse
样本变换：mask
样本变换：shift
样本变换：none
未过滤	未用伪标签：86.58% -> 使用伪标签：83.40%
已过滤	未用伪标签：86.57% -> 使用伪标签：83.47%
排除样本：5|6000	剩余：2000, 2991, 1004
增添样本：996		细则：0, 0, 996	正确率估算：100.00%
类型1 正确率： 100.00% -> 1  100.00%, 2    0.00%, 3    0.00%
类型2 正确率： 100.00% -> 1    0.00%, 2  100.00%, 3    0.00%
类型3 正确率：  50.00% -> 1    0.00%, 2   49.67%, 3   50.33%

被排除样本 正确率：100.00%
类型1 正确率： 100.00% -> 1  100.00%


轮次:·11/·20 || c_Loss:0.357 || e_Loss:-1.984 || Aad_Loss:-23.835 || 耗时：34.07s
轮次:·12/·20 || c_Loss:0.362 || e_Loss:-1.873 || Aad_Loss:-24.878 || 耗时：12.99s
轮次:·13/·20 || c_Loss:0.362 || e_Loss:-2.044 || Aad_Loss:-24.194 || 耗时：13.00s
轮次:·14/·20 || c_Loss:0.360 || e_Loss:-2.022 || Aad_Loss:-27.600 || 耗时：12.96s
轮次:·15/·20 || c_Loss:0.349 || e_Loss:-1.975 || Aad_Loss:-27.894 || 耗时：13.02s
任务: (B3)N15_M07_F04→(B1)N15_M01_F10; mix批次:····0; 批次:·1410/·1880;  总正确率: 88.60%
类型1 正确率： 100.00% -> 1  100.00%, 2    0.00%, 3    0.00%
类型2 正确率： 100.00% -> 1    0.00%, 2   99.95%, 3    0.05%
类型3 正确率：  66.00% -> 1   13.40%, 2   20.75%, 3   65.85%


样本变换：reverse
样本变换：mask
样本变换：shift
样本变换：none
未过滤	未用伪标签：88.60% -> 使用伪标签：83.42%
已过滤	未用伪标签：89.04% -> 使用伪标签：83.91%
排除样本：35|6000	剩余：2037, 2923, 1005
增添样本：995		细则：0, 0, 995	正确率估算：100.00%
类型1 正确率： 100.00% -> 1  100.00%, 2    0.00%, 3    0.00%
类型2 正确率： 100.00% -> 1    0.00%, 2  100.00%, 3    0.00%
类型3 正确率：  51.00% -> 1    1.88%, 2   46.97%, 3   51.15%

被排除样本 正确率：14.29%
类型1 没有样本或未被分类。
类型2 没有样本或未被分类。
类型3 正确率：  14.00% -> 1   82.86%, 2    2.86%, 3   14.29%


轮次:·16/·20 || c_Loss:0.373 || e_Loss:-1.964 || Aad_Loss:-29.211 || 耗时：34.05s
轮次:·17/·20 || c_Loss:0.350 || e_Loss:-2.019 || Aad_Loss:-27.326 || 耗时：13.04s
轮次:·18/·20 || c_Loss:0.370 || e_Loss:-1.969 || Aad_Loss:-25.946 || 耗时：13.07s
轮次:·19/·20 || c_Loss:0.355 || e_Loss:-2.002 || Aad_Loss:-27.832 || 耗时：13.07s
轮次:·20/·20 || c_Loss:0.363 || e_Loss:-1.841 || Aad_Loss:-25.289 || 耗时：13.11s
任务: (B3)N15_M07_F04→(B1)N15_M01_F10; mix批次:····0; 批次:·1880/·1880;  总正确率: 87.90%
类型1 正确率： 100.00% -> 1  100.00%, 2    0.00%, 3    0.00%
类型2 正确率： 100.00% -> 1    0.00%, 2   99.95%, 3    0.05%
类型3 正确率：  64.00% -> 1   11.30%, 2   24.95%, 3   63.75%


测试集任务: (B3)N15_M07_F04→(B1)N15_M01_F10; 总正确率 = 87.90%
类型1 正确率： 100.00% -> 1  100.00%, 2    0.00%, 3    0.00%
类型2 正确率： 100.00% -> 1    0.00%, 2   99.95%, 3    0.05%
类型3 正确率：  64.00% -> 1   11.30%, 2   24.95%, 3   63.75%


