读取源域路径：/kaggle/working/m2/weight_PU_M1_final_checkpoint_FAtoB_gateoracle_s2024/NEW_PU/Source-源域/log&pt/(B1)N15_M01_F10
excel输出位置：/kaggle/working/m2/weight_PU_M1_final_checkpoint_FAtoB_gateoracle_s2024/NEW_PU/Target-目标域
特征图片输出位置：/kaggle/working/m2/weight_PU_M1_final_checkpoint_FAtoB_gateoracle_s2024/NEW_PU/Picture-特征图/2026年09月14日01时19分/(B1)N15_M01_F10
现在选取:(B1)N15_M01_F10 进行训练的源模型
现在进行：(B1)N15_M01_F10→(B3)N15_M07_F04 的迁移任务
log&pt输出位置：/kaggle/working/m2/weight_PU_M1_final_checkpoint_FAtoB_gateoracle_s2024/NEW_PU/Target-目标域/log&pt/(B1)N15_M01_F10→(B3)N15_M07_F04
任务: (B1)N15_M01_F10→(B3)N15_M07_F04; 批次:····0/·1880;  总正确率: 69.28%
类型1 正确率：  73.00% -> 1   73.20%, 2   26.65%, 3    0.15%
类型2 正确率：  82.00% -> 1    0.00%, 2   81.50%, 3   18.50%
类型3 正确率：  53.00% -> 1    4.00%, 2   42.85%, 3   53.15%


样本变换：reverse
样本变换：mask
样本变换：shift
样本变换：none
未过滤	未用伪标签：69.28% -> 使用伪标签：75.07%
已过滤	未用伪标签：69.28% -> 使用伪标签：77.22%
排除样本：167|6000	剩余：2095, 2298, 1440
增添样本：1493		细则：0, 492, 1001	正确率估算：96.64%
类型1 正确率： 100.00% -> 1  100.00%, 2    0.00%, 3    0.00%
类型2 正确率：  77.00% -> 1    0.00%, 2   77.32%, 3   22.68%
类型3 正确率：  53.00% -> 1    5.09%, 2   41.96%, 3   52.94%

被排除样本 正确率：69.46%
类型1 正确率：   0.00% -> 1    0.00%, 2  100.00%, 3    0.00%
类型2 正确率：  78.00% -> 1    0.00%, 2   78.43%, 3   21.57%
类型3 正确率：  66.00% -> 1   22.61%, 2   11.30%, 3   66.09%


轮次:··1/·20 || c_Loss:0.562 || e_Loss:-1.330 || Aad_Loss:-20.088 || 耗时：34.40s
轮次:··2/·20 || c_Loss:0.391 || e_Loss:-1.583 || Aad_Loss:-20.846 || 耗时：13.22s
轮次:··3/·20 || c_Loss:0.334 || e_Loss:-1.713 || Aad_Loss:-25.553 || 耗时：12.98s
轮次:··4/·20 || c_Loss:0.339 || e_Loss:-1.669 || Aad_Loss:-21.032 || 耗时：12.89s
轮次:··5/·20 || c_Loss:0.363 || e_Loss:-1.694 || Aad_Loss:-21.444 || 耗时：13.04s
任务: (B1)N15_M01_F10→(B3)N15_M07_F04; mix批次:····0; 批次:··470/·1880;  总正确率: 81.02%
类型1 正确率： 100.00% -> 1  100.00%, 2    0.00%, 3    0.00%
类型2 正确率：  93.00% -> 1    0.00%, 2   93.05%, 3    6.95%
类型3 正确率：  50.00% -> 1   19.90%, 2   30.10%, 3   50.00%


样本变换：reverse
样本变换：mask
样本变换：shift
样本变换：none
未过滤	未用伪标签：81.02% -> 使用伪标签：82.52%
已过滤	未用伪标签：81.62% -> 使用伪标签：83.24%
排除样本：52|6000	剩余：2248, 2664, 1036
增添样本：1049		细则：0, 48, 1001	正确率估算：99.43%
类型1 正确率： 100.00% -> 1  100.00%, 2    0.00%, 3    0.00%
类型2 正确率：  98.00% -> 1    0.00%, 2   98.14%, 3    1.86%
类型3 正确率：  51.00% -> 1   12.66%, 2   36.35%, 3   51.00%

被排除样本 正确率：11.54%
类型1 没有样本或未被分类。
类型2 正确率：  55.00% -> 1    0.00%, 2   54.55%, 3   45.45%
类型3 正确率：   0.00% -> 1   97.56%, 2    2.44%, 3    0.00%


轮次:··6/·20 || c_Loss:0.370 || e_Loss:-1.786 || Aad_Loss:-24.111 || 耗时：34.07s
轮次:··7/·20 || c_Loss:0.336 || e_Loss:-1.900 || Aad_Loss:-25.679 || 耗时：13.10s
轮次:··8/·20 || c_Loss:0.356 || e_Loss:-1.898 || Aad_Loss:-26.976 || 耗时：13.15s
轮次:··9/·20 || c_Loss:0.345 || e_Loss:-1.928 || Aad_Loss:-24.389 || 耗时：13.14s
轮次:·10/·20 || c_Loss:0.342 || e_Loss:-1.984 || Aad_Loss:-24.961 || 耗时：13.11s
任务: (B1)N15_M01_F10→(B3)N15_M07_F04; mix批次:····0; 批次:··940/·1880;  总正确率: 84.13%
类型1 正确率： 100.00% -> 1  100.00%, 2    0.00%, 3    0.00%
类型2 正确率： 100.00% -> 1    0.00%, 2   99.50%, 3    0.50%
类型3 正确率：  53.00% -> 1   17.80%, 2   29.30%, 3   52.90%


样本变换：reverse
样本变换：mask
样本变换：shift
样本变换：none
未过滤	未用伪标签：84.13% -> 使用伪标签：83.12%
已过滤	未用伪标签：84.89% -> 使用伪标签：83.98%
排除样本：62|6000	剩余：2246, 2685, 1007
增添样本：1013		细则：0, 12, 1001	正确率估算：100.00%
类型1 正确率： 100.00% -> 1  100.00%, 2    0.00%, 3    0.00%
类型2 正确率： 100.00% -> 1    0.00%, 2   99.60%, 3    0.40%
类型3 正确率：  51.00% -> 1   12.67%, 2   35.89%, 3   51.44%

被排除样本 正确率：11.29%
类型1 没有样本或未被分类。
类型2 正确率：  75.00% -> 1    0.00%, 2   75.00%, 3   25.00%
类型3 正确率：   7.00% -> 1   87.93%, 2    5.17%, 3    6.90%


轮次:·11/·20 || c_Loss:0.378 || e_Loss:-1.400 || Aad_Loss:-30.709 || 耗时：34.13s
轮次:·12/·20 || c_Loss:0.351 || e_Loss:-1.977 || Aad_Loss:-25.720 || 耗时：13.07s
轮次:·13/·20 || c_Loss:0.355 || e_Loss:-1.932 || Aad_Loss:-25.299 || 耗时：13.08s
轮次:·14/·20 || c_Loss:0.344 || e_Loss:-2.002 || Aad_Loss:-26.244 || 耗时：13.12s
轮次:·15/·20 || c_Loss:0.372 || e_Loss:-1.982 || Aad_Loss:-24.445 || 耗时：13.11s
任务: (B1)N15_M01_F10→(B3)N15_M07_F04; mix批次:····0; 批次:·1410/·1880;  总正确率: 85.05%
类型1 正确率： 100.00% -> 1  100.00%, 2    0.00%, 3    0.00%
类型2 正确率：  99.00% -> 1    0.00%, 2   99.25%, 3    0.75%
类型3 正确率：  56.00% -> 1   17.80%, 2   26.30%, 3   55.90%


样本变换：reverse
样本变换：mask
样本变换：shift
样本变换：none
未过滤	未用伪标签：85.05% -> 使用伪标签：83.13%
已过滤	未用伪标签：85.84% -> 使用伪标签：83.97%
排除样本：60|6000	剩余：2249, 2684, 1007
增添样本：1012		细则：0, 11, 1001	正确率估算：100.00%
类型1 正确率： 100.00% -> 1  100.00%, 2    0.00%, 3    0.00%
类型2 正确率： 100.00% -> 1    0.00%, 2   99.60%, 3    0.40%
类型3 正确率：  51.00% -> 1   12.82%, 2   35.77%, 3   51.42%

被排除样本 正确率：6.67%
类型1 没有样本或未被分类。
类型2 正确率：   0.00% -> 1    0.00%, 2    0.00%, 3  100.00%
类型3 正确率：   7.00% -> 1   89.47%, 2    3.51%, 3    7.02%


轮次:·16/·20 || c_Loss:0.363 || e_Loss:-1.965 || Aad_Loss:-24.484 || 耗时：34.13s
轮次:·17/·20 || c_Loss:0.346 || e_Loss:-2.017 || Aad_Loss:-27.309 || 耗时：13.06s
轮次:·18/·20 || c_Loss:0.360 || e_Loss:-1.998 || Aad_Loss:-25.387 || 耗时：13.06s
轮次:·19/·20 || c_Loss:0.358 || e_Loss:-2.038 || Aad_Loss:-25.069 || 耗时：13.03s
轮次:·20/·20 || c_Loss:0.352 || e_Loss:-1.972 || Aad_Loss:-25.922 || 耗时：13.02s
任务: (B1)N15_M01_F10→(B3)N15_M07_F04; mix批次:····0; 批次:·1880/·1880;  总正确率: 84.20%
类型1 正确率： 100.00% -> 1  100.00%, 2    0.00%, 3    0.00%
类型2 正确率： 100.00% -> 1    0.00%, 2   99.65%, 3    0.35%
类型3 正确率：  53.00% -> 1   19.05%, 2   28.00%, 3   52.95%


测试集任务: (B1)N15_M01_F10→(B3)N15_M07_F04; 总正确率 = 84.20%
类型1 正确率： 100.00% -> 1  100.00%, 2    0.00%, 3    0.00%
类型2 正确率： 100.00% -> 1    0.00%, 2   99.65%, 3    0.35%
类型3 正确率：  53.00% -> 1   19.05%, 2   28.00%, 3   52.95%


