读取源域路径：/kaggle/working/m2/weight_PU_M1_final_checkpoint_FAtoB_gateoracle_s2024/NEW_PU/Source-源域/log&pt/(B1)N15_M01_F10
excel输出位置：/kaggle/working/m2/weight_PU_M1_final_checkpoint_FAtoB_gateoracle_s2024/NEW_PU/Target-目标域
特征图片输出位置：/kaggle/working/m2/weight_PU_M1_final_checkpoint_FAtoB_gateoracle_s2024/NEW_PU/Picture-特征图/2026年09月14日01时13分/(B1)N15_M01_F10
现在选取:(B1)N15_M01_F10 进行训练的源模型
现在进行：(B1)N15_M01_F10→(B2)N15_M07_F10 的迁移任务
log&pt输出位置：/kaggle/working/m2/weight_PU_M1_final_checkpoint_FAtoB_gateoracle_s2024/NEW_PU/Target-目标域/log&pt/(B1)N15_M01_F10→(B2)N15_M07_F10
任务: (B1)N15_M01_F10→(B2)N15_M07_F10; 批次:····0/·1880;  总正确率: 65.12%
类型1 正确率：  59.00% -> 1   59.00%, 2   40.90%, 3    0.10%
类型2 正确率：  87.00% -> 1    0.00%, 2   86.65%, 3   13.35%
类型3 正确率：  50.00% -> 1    0.00%, 2   50.30%, 3   49.70%


样本变换：reverse
样本变换：mask
样本变换：shift
样本变换：none
未过滤	未用伪标签：65.12% -> 使用伪标签：75.98%
已过滤	未用伪标签：65.72% -> 使用伪标签：77.13%
排除样本：89|6000	剩余：1847, 2827, 1237
增添样本：982		细则：0, 135, 847	正确率估算：99.08%
类型1 正确率：  94.00% -> 1   94.14%, 2    5.86%, 3    0.00%
类型2 正确率：  88.00% -> 1    0.00%, 2   87.84%, 3   12.16%
类型3 正确率：  50.00% -> 1    0.00%, 2   50.00%, 3   50.00%

被排除样本 正确率：24.72%
类型1 正确率：   0.00% -> 1    0.00%, 2  100.00%, 3    0.00%
类型2 正确率：  43.00% -> 1    0.00%, 2   43.14%, 3   56.86%
类型3 没有样本或未被分类。


轮次:··1/·20 || c_Loss:0.528 || e_Loss:-1.272 || Aad_Loss:-23.666 || 耗时：35.14s
轮次:··2/·20 || c_Loss:0.329 || e_Loss:-1.681 || Aad_Loss:-25.280 || 耗时：13.31s
轮次:··3/·20 || c_Loss:0.332 || e_Loss:-1.812 || Aad_Loss:-26.453 || 耗时：12.88s
轮次:··4/·20 || c_Loss:0.333 || e_Loss:-1.699 || Aad_Loss:-21.950 || 耗时：12.68s
轮次:··5/·20 || c_Loss:0.329 || e_Loss:-1.842 || Aad_Loss:-24.136 || 耗时：12.73s
任务: (B1)N15_M01_F10→(B2)N15_M07_F10; mix批次:····0; 批次:··470/·1880;  总正确率: 83.32%
类型1 正确率： 100.00% -> 1  100.00%, 2    0.00%, 3    0.00%
类型2 正确率：  99.00% -> 1    0.00%, 2   99.45%, 3    0.55%
类型3 正确率：  50.00% -> 1   12.20%, 2   37.30%, 3   50.50%


样本变换：reverse
样本变换：mask
样本变换：shift
样本变换：none
未过滤	未用伪标签：83.32% -> 使用伪标签：83.33%
已过滤	未用伪标签：83.61% -> 使用伪标签：83.63%
排除样本：21|6000	剩余：2046, 2933, 1000
增添样本：1000		细则：0, 0, 1000	正确率估算：100.00%
类型1 正确率： 100.00% -> 1  100.00%, 2    0.00%, 3    0.00%
类型2 正确率： 100.00% -> 1    0.00%, 2  100.00%, 3    0.00%
类型3 正确率：  51.00% -> 1    2.32%, 2   47.15%, 3   50.53%

被排除样本 正确率：0.00%
类型1 没有样本或未被分类。
类型2 正确率：   0.00% -> 1  100.00%, 2    0.00%


轮次:··6/·20 || c_Loss:0.339 || e_Loss:-1.726 || Aad_Loss:-28.496 || 耗时：34.36s
轮次:··7/·20 || c_Loss:0.343 || e_Loss:-1.958 || Aad_Loss:-28.687 || 耗时：13.25s
轮次:··8/·20 || c_Loss:0.336 || e_Loss:-2.018 || Aad_Loss:-28.583 || 耗时：13.13s
轮次:··9/·20 || c_Loss:0.350 || e_Loss:-2.014 || Aad_Loss:-26.405 || 耗时：13.01s
轮次:·10/·20 || c_Loss:0.344 || e_Loss:-2.034 || Aad_Loss:-27.225 || 耗时：12.98s
任务: (B1)N15_M01_F10→(B2)N15_M07_F10; mix批次:····0; 批次:··940/·1880;  总正确率: 84.95%
类型1 正确率： 100.00% -> 1  100.00%, 2    0.00%, 3    0.00%
类型2 正确率： 100.00% -> 1    0.00%, 2  100.00%, 3    0.00%
类型3 正确率：  55.00% -> 1   16.25%, 2   28.90%, 3   54.85%


样本变换：reverse
样本变换：mask
样本变换：shift
样本变换：none
未过滤	未用伪标签：84.95% -> 使用伪标签：83.33%
已过滤	未用伪标签：85.55% -> 使用伪标签：83.92%
排除样本：42|6000	剩余：2086, 2872, 1000
增添样本：1000		细则：0, 0, 1000	正确率估算：100.00%
类型1 正确率： 100.00% -> 1  100.00%, 2    0.00%, 3    0.00%
类型2 正确率： 100.00% -> 1    0.00%, 2  100.00%, 3    0.00%
类型3 正确率：  51.00% -> 1    4.39%, 2   44.54%, 3   51.07%

被排除样本 正确率：0.00%
类型1 没有样本或未被分类。
类型2 没有样本或未被分类。
类型3 正确率：   0.00% -> 1   95.24%, 2    4.76%, 3    0.00%


轮次:·11/·20 || c_Loss:0.350 || e_Loss:-1.768 || Aad_Loss:-28.903 || 耗时：33.99s
轮次:·12/·20 || c_Loss:0.343 || e_Loss:-1.951 || Aad_Loss:-29.012 || 耗时：13.08s
轮次:·13/·20 || c_Loss:0.341 || e_Loss:-2.047 || Aad_Loss:-28.883 || 耗时：13.17s
轮次:·14/·20 || c_Loss:0.355 || e_Loss:-2.020 || Aad_Loss:-26.607 || 耗时：13.19s
轮次:·15/·20 || c_Loss:0.347 || e_Loss:-2.045 || Aad_Loss:-27.442 || 耗时：13.14s
任务: (B1)N15_M01_F10→(B2)N15_M07_F10; mix批次:····0; 批次:·1410/·1880;  总正确率: 85.72%
类型1 正确率： 100.00% -> 1  100.00%, 2    0.00%, 3    0.00%
类型2 正确率： 100.00% -> 1    0.00%, 2  100.00%, 3    0.00%
类型3 正确率：  57.00% -> 1   16.65%, 2   26.20%, 3   57.15%


样本变换：reverse
样本变换：mask
样本变换：shift
样本变换：none
未过滤	未用伪标签：85.72% -> 使用伪标签：83.33%
已过滤	未用伪标签：86.26% -> 使用伪标签：83.86%
排除样本：38|6000	剩余：2091, 2871, 1000
增添样本：1000		细则：0, 0, 1000	正确率估算：100.00%
类型1 正确率： 100.00% -> 1  100.00%, 2    0.00%, 3    0.00%
类型2 正确率： 100.00% -> 1    0.00%, 2  100.00%, 3    0.00%
类型3 正确率：  51.00% -> 1    4.64%, 2   44.39%, 3   50.97%

被排除样本 正确率：0.00%
类型1 没有样本或未被分类。
类型2 正确率：   0.00% -> 1  100.00%, 2    0.00%


轮次:·16/·20 || c_Loss:0.353 || e_Loss:-1.780 || Aad_Loss:-29.082 || 耗时：34.21s
轮次:·17/·20 || c_Loss:0.344 || e_Loss:-1.954 || Aad_Loss:-29.162 || 耗时：13.04s
轮次:·18/·20 || c_Loss:0.342 || e_Loss:-2.055 || Aad_Loss:-29.048 || 耗时：13.04s
轮次:·19/·20 || c_Loss:0.357 || e_Loss:-2.023 || Aad_Loss:-26.720 || 耗时：13.03s
轮次:·20/·20 || c_Loss:0.349 || e_Loss:-2.050 || Aad_Loss:-27.574 || 耗时：13.03s
任务: (B1)N15_M01_F10→(B2)N15_M07_F10; mix批次:····0; 批次:·1880/·1880;  总正确率: 86.27%
类型1 正确率： 100.00% -> 1  100.00%, 2    0.00%, 3    0.00%
类型2 正确率： 100.00% -> 1    0.00%, 2  100.00%, 3    0.00%
类型3 正确率：  59.00% -> 1   16.95%, 2   24.25%, 3   58.80%


测试集任务: (B1)N15_M01_F10→(B2)N15_M07_F10; 总正确率 = 86.27%
类型1 正确率： 100.00% -> 1  100.00%, 2    0.00%, 3    0.00%
类型2 正确率： 100.00% -> 1    0.00%, 2  100.00%, 3    0.00%
类型3 正确率：  59.00% -> 1   16.95%, 2   24.25%, 3   58.80%


