读取源域路径：/kaggle/working/m2/weight_PU_M1_final_checkpoint_FAtoB_gateoracle_s2024/NEW_PU/Source-源域/log&pt/(B2)N15_M07_F10
excel输出位置：/kaggle/working/m2/weight_PU_M1_final_checkpoint_FAtoB_gateoracle_s2024/NEW_PU/Target-目标域
特征图片输出位置：/kaggle/working/m2/weight_PU_M1_final_checkpoint_FAtoB_gateoracle_s2024/NEW_PU/Picture-特征图/2026年09月14日01时31分/(B2)N15_M07_F10
现在选取:(B2)N15_M07_F10 进行训练的源模型
现在进行：(B2)N15_M07_F10→(B3)N15_M07_F04 的迁移任务
log&pt输出位置：/kaggle/working/m2/weight_PU_M1_final_checkpoint_FAtoB_gateoracle_s2024/NEW_PU/Target-目标域/log&pt/(B2)N15_M07_F10→(B3)N15_M07_F04
任务: (B2)N15_M07_F10→(B3)N15_M07_F04; 批次:····0/·1880;  总正确率: 67.97%
类型1 正确率：  86.00% -> 1   86.25%, 2   13.75%, 3    0.00%
类型2 正确率：  63.00% -> 1    0.00%, 2   62.55%, 3   37.45%
类型3 正确率：  55.00% -> 1    2.65%, 2   42.25%, 3   55.10%


样本变换：reverse
样本变换：mask
样本变换：shift
样本变换：none
未过滤	未用伪标签：67.97% -> 使用伪标签：57.53%
已过滤	未用伪标签：67.50% -> 使用伪标签：59.45%
排除样本：193|6000	剩余：2122, 1276, 2409
增添样本：2536		细则：0, 1540, 996	正确率估算：98.07%
类型1 正确率： 100.00% -> 1  100.00%, 2    0.00%, 3    0.00%
类型2 正确率：  24.00% -> 1    0.00%, 2   24.45%, 3   75.55%
类型3 正确率：  51.00% -> 1    6.47%, 2   42.14%, 3   51.39%

被排除样本 正确率：81.87%
类型1 正确率：   0.00% -> 1    0.00%, 2  100.00%, 3    0.00%
类型2 正确率：  82.00% -> 1    0.00%, 2   82.22%, 3   17.78%
类型3 正确率：  87.00% -> 1    1.85%, 2   11.11%, 3   87.04%


轮次:··1/·20 || c_Loss:0.434 || e_Loss:-1.434 || Aad_Loss:-22.824 || 耗时：34.40s
轮次:··2/·20 || c_Loss:0.344 || e_Loss:-1.517 || Aad_Loss:-26.564 || 耗时：13.17s
轮次:··3/·20 || c_Loss:0.318 || e_Loss:-1.667 || Aad_Loss:-24.528 || 耗时：13.10s
轮次:··4/·20 || c_Loss:0.359 || e_Loss:-1.724 || Aad_Loss:-18.366 || 耗时：13.05s
轮次:··5/·20 || c_Loss:0.343 || e_Loss:-1.610 || Aad_Loss:-25.875 || 耗时：13.04s
任务: (B2)N15_M07_F10→(B3)N15_M07_F04; mix批次:····0; 批次:··470/·1880;  总正确率: 79.17%
类型1 正确率： 100.00% -> 1  100.00%, 2    0.00%, 3    0.00%
类型2 正确率：  81.00% -> 1    0.00%, 2   80.85%, 3   19.15%
类型3 正确率：  57.00% -> 1   28.60%, 2   14.75%, 3   56.65%


样本变换：reverse
样本变换：mask
样本变换：shift
样本变换：none
未过滤	未用伪标签：79.17% -> 使用伪标签：70.68%
已过滤	未用伪标签：79.84% -> 使用伪标签：72.41%
排除样本：143|6000	剩余：2644, 1515, 1698
增添样本：1759		细则：0, 759, 1000	正确率估算：98.58%
类型1 正确率： 100.00% -> 1  100.00%, 2    0.00%, 3    0.00%
类型2 正确率：  64.00% -> 1    0.00%, 2   64.00%, 3   36.00%
类型3 正确率：  52.00% -> 1   33.58%, 2   14.29%, 3   52.14%

被排除样本 正确率：51.75%
类型1 没有样本或未被分类。
类型2 正确率：  95.00% -> 1    0.00%, 2   95.08%, 3    4.92%
类型3 正确率：  20.00% -> 1   26.83%, 2   53.66%, 3   19.51%


轮次:··6/·20 || c_Loss:0.335 || e_Loss:-1.629 || Aad_Loss:-22.713 || 耗时：34.47s
轮次:··7/·20 || c_Loss:0.357 || e_Loss:-1.804 || Aad_Loss:-20.423 || 耗时：13.01s
轮次:··8/·20 || c_Loss:0.350 || e_Loss:-1.796 || Aad_Loss:-24.603 || 耗时：13.04s
轮次:··9/·20 || c_Loss:0.323 || e_Loss:-1.805 || Aad_Loss:-26.700 || 耗时：13.06s
轮次:·10/·20 || c_Loss:0.331 || e_Loss:-1.760 || Aad_Loss:-25.097 || 耗时：13.11s
任务: (B2)N15_M07_F10→(B3)N15_M07_F04; mix批次:····0; 批次:··940/·1880;  总正确率: 84.25%
类型1 正确率： 100.00% -> 1  100.00%, 2    0.00%, 3    0.00%
类型2 正确率：  89.00% -> 1    0.00%, 2   88.60%, 3   11.40%
类型3 正确率：  64.00% -> 1   12.75%, 2   23.10%, 3   64.15%


样本变换：reverse
样本变换：mask
样本变换：shift
样本变换：none
未过滤	未用伪标签：84.25% -> 使用伪标签：78.27%
已过滤	未用伪标签：84.64% -> 使用伪标签：79.18%
排除样本：69|6000	剩余：2196, 2456, 1279
增添样本：1304		细则：0, 304, 1000	正确率估算：100.00%
类型1 正确率： 100.00% -> 1  100.00%, 2    0.00%, 3    0.00%
类型2 正确率：  86.00% -> 1    0.00%, 2   85.87%, 3   14.13%
类型3 正确率：  51.00% -> 1   10.02%, 2   38.85%, 3   51.12%

被排除样本 正确率：50.72%
类型1 没有样本或未被分类。
类型2 正确率：  92.00% -> 1    0.00%, 2   92.00%, 3    8.00%
类型3 正确率：  27.00% -> 1   65.91%, 2    6.82%, 3   27.27%


轮次:·11/·20 || c_Loss:0.339 || e_Loss:-1.929 || Aad_Loss:-24.017 || 耗时：34.38s
轮次:·12/·20 || c_Loss:0.430 || e_Loss:-1.701 || Aad_Loss:-20.206 || 耗时：13.06s
轮次:·13/·20 || c_Loss:0.347 || e_Loss:-1.882 || Aad_Loss:-26.541 || 耗时：13.04s
轮次:·14/·20 || c_Loss:0.345 || e_Loss:-1.930 || Aad_Loss:-24.781 || 耗时：13.08s
轮次:·15/·20 || c_Loss:0.339 || e_Loss:-1.919 || Aad_Loss:-25.273 || 耗时：13.03s
任务: (B2)N15_M07_F10→(B3)N15_M07_F04; mix批次:····0; 批次:·1410/·1880;  总正确率: 86.53%
类型1 正确率： 100.00% -> 1  100.00%, 2    0.00%, 3    0.00%
类型2 正确率：  97.00% -> 1    0.00%, 2   96.85%, 3    3.15%
类型3 正确率：  63.00% -> 1   15.20%, 2   22.05%, 3   62.75%


样本变换：reverse
样本变换：mask
样本变换：shift
样本变换：none
未过滤	未用伪标签：86.53% -> 使用伪标签：81.55%
已过滤	未用伪标签：86.92% -> 使用伪标签：82.29%
排除样本：54|6000	剩余：2141, 2719, 1086
增添样本：1107		细则：0, 106, 1001	正确率估算：100.00%
类型1 正确率： 100.00% -> 1  100.00%, 2    0.00%, 3    0.00%
类型2 正确率：  96.00% -> 1    0.00%, 2   95.61%, 3    4.39%
类型3 正确率：  51.00% -> 1    7.18%, 2   41.98%, 3   50.84%

被排除样本 正确率：44.44%
类型1 没有样本或未被分类。
类型2 正确率：  95.00% -> 1    0.00%, 2   94.74%, 3    5.26%
类型3 正确率：  17.00% -> 1   82.86%, 2    0.00%, 3   17.14%


轮次:·16/·20 || c_Loss:0.351 || e_Loss:-1.894 || Aad_Loss:-25.491 || 耗时：34.21s
轮次:·17/·20 || c_Loss:0.357 || e_Loss:-1.910 || Aad_Loss:-26.267 || 耗时：13.05s
轮次:·18/·20 || c_Loss:0.364 || e_Loss:-1.684 || Aad_Loss:-27.296 || 耗时：12.92s
轮次:·19/·20 || c_Loss:0.358 || e_Loss:-1.990 || Aad_Loss:-25.593 || 耗时：13.07s
轮次:·20/·20 || c_Loss:0.358 || e_Loss:-1.988 || Aad_Loss:-23.913 || 耗时：13.11s
任务: (B2)N15_M07_F10→(B3)N15_M07_F04; mix批次:····0; 批次:·1880/·1880;  总正确率: 86.22%
类型1 正确率： 100.00% -> 1  100.00%, 2    0.00%, 3    0.00%
类型2 正确率：  98.00% -> 1    0.00%, 2   98.30%, 3    1.70%
类型3 正确率：  60.00% -> 1   16.95%, 2   22.70%, 3   60.35%


测试集任务: (B2)N15_M07_F10→(B3)N15_M07_F04; 总正确率 = 86.22%
类型1 正确率： 100.00% -> 1  100.00%, 2    0.00%, 3    0.00%
类型2 正确率：  98.00% -> 1    0.00%, 2   98.30%, 3    1.70%
类型3 正确率：  60.00% -> 1   16.95%, 2   22.70%, 3   60.35%


