

现在开始拿源域训练集：(B1)N15_M01_F10 进行训练
源域读取路径：/kaggle/working/m0diag/sdalr_PU_as_released/DATA/PU_1d_8c_2048/N15_M01_F10_label.txt
excel输出位置：/kaggle/working/m0diag/weight_src_PU_s1/NEW_PU/Source-源域
log&pt输出位置：/kaggle/working/m0diag/weight_src_PU_s1/NEW_PU/Source-源域/log&pt/(B1)N15_M01_F10
特征图片输出位置：/kaggle/working/m0diag/weight_src_PU_s1/NEW_PU/Picture-特征图/2026年09月13日18时18分/(B1)N15_M01_F10
源域训练开始
轮次:··1/·10 || loss:0.098 || 耗时：24.31s
轮次:··2/·10 || loss:0.032 || 耗时：24.73s
轮次:··3/·10 || loss:0.004 || 耗时：24.05s
轮次:··4/·10 || loss:0.005 || 耗时：23.72s
轮次:··5/·10 || loss:0.007 || 耗时：24.05s
任务: (B1)N15_M01_F10; mix批次:····0; 批次:··875/·1750; 总正确率 = 100.00%
类型1 正确率： 100.00% -> 1  100.00%, 2    0.00%, 3    0.00%, 4    0.00%, 5    0.00%, 6    0.00%, 7    0.00%, 8    0.00%
类型2 正确率： 100.00% -> 1    0.00%, 2  100.00%, 3    0.00%, 4    0.00%, 5    0.00%, 6    0.00%, 7    0.00%, 8    0.00%
类型3 正确率： 100.00% -> 1    0.00%, 2    0.00%, 3  100.00%, 4    0.00%, 5    0.00%, 6    0.00%, 7    0.00%, 8    0.00%
类型4 正确率： 100.00% -> 1    0.00%, 2    0.00%, 3    0.00%, 4  100.00%, 5    0.00%, 6    0.00%, 7    0.00%, 8    0.00%
类型5 正确率： 100.00% -> 1    0.00%, 2    0.00%, 3    0.00%, 4    0.00%, 5  100.00%, 6    0.00%, 7    0.00%, 8    0.00%
类型6 正确率： 100.00% -> 1    0.00%, 2    0.00%, 3    0.00%, 4    0.00%, 5    0.00%, 6  100.00%, 7    0.00%, 8    0.00%
类型7 正确率： 100.00% -> 1    0.00%, 2    0.00%, 3    0.00%, 4    0.00%, 5    0.00%, 6    0.00%, 7  100.00%, 8    0.00%
类型8 正确率： 100.00% -> 1    0.00%, 2    0.00%, 3    0.00%, 4    0.00%, 5    0.00%, 6    0.00%, 7    0.00%, 8  100.00%


轮次:··6/·10 || loss:0.012 || 耗时：24.20s
轮次:··7/·10 || loss:0.007 || 耗时：24.01s
轮次:··8/·10 || loss:0.002 || 耗时：23.94s
轮次:··9/·10 || loss:0.004 || 耗时：24.01s
轮次:·10/·10 || loss:0.004 || 耗时：24.03s
任务: (B1)N15_M01_F10; mix批次:····0; 批次:·1750/·1750; 总正确率 = 100.00%
类型1 正确率： 100.00% -> 1  100.00%, 2    0.00%, 3    0.00%, 4    0.00%, 5    0.00%, 6    0.00%, 7    0.00%, 8    0.00%
类型2 正确率： 100.00% -> 1    0.00%, 2  100.00%, 3    0.00%, 4    0.00%, 5    0.00%, 6    0.00%, 7    0.00%, 8    0.00%
类型3 正确率： 100.00% -> 1    0.00%, 2    0.00%, 3  100.00%, 4    0.00%, 5    0.00%, 6    0.00%, 7    0.00%, 8    0.00%
类型4 正确率： 100.00% -> 1    0.00%, 2    0.00%, 3    0.00%, 4  100.00%, 5    0.00%, 6    0.00%, 7    0.00%, 8    0.00%
类型5 正确率： 100.00% -> 1    0.00%, 2    0.00%, 3    0.00%, 4    0.00%, 5  100.00%, 6    0.00%, 7    0.00%, 8    0.00%
类型6 正确率： 100.00% -> 1    0.00%, 2    0.00%, 3    0.00%, 4    0.00%, 5    0.00%, 6  100.00%, 7    0.00%, 8    0.00%
类型7 正确率： 100.00% -> 1    0.00%, 2    0.00%, 3    0.00%, 4    0.00%, 5    0.00%, 6    0.00%, 7  100.00%, 8    0.00%
类型8 正确率： 100.00% -> 1    0.00%, 2    0.00%, 3    0.00%, 4    0.00%, 5    0.00%, 6    0.00%, 7    0.00%, 8  100.00%


测试集任务: (B1)N15_M01_F10; 总正确率 = 99.97%
类型1 正确率： 100.00% -> 1  100.00%, 2    0.00%, 3    0.00%, 4    0.00%, 5    0.00%, 6    0.00%, 7    0.00%, 8    0.00%
类型2 正确率： 100.00% -> 1    0.00%, 2  100.00%, 3    0.00%, 4    0.00%, 5    0.00%, 6    0.00%, 7    0.00%, 8    0.00%
类型3 正确率： 100.00% -> 1    0.00%, 2    0.00%, 3  100.00%, 4    0.00%, 5    0.00%, 6    0.00%, 7    0.00%, 8    0.00%
类型4 正确率： 100.00% -> 1    0.00%, 2    0.00%, 3    0.00%, 4  100.00%, 5    0.00%, 6    0.00%, 7    0.00%, 8    0.00%
类型5 正确率： 100.00% -> 1    0.00%, 2    0.00%, 3    0.00%, 4    0.00%, 5  100.00%, 6    0.00%, 7    0.00%, 8    0.00%
类型6 正确率： 100.00% -> 1    0.00%, 2    0.00%, 3    0.00%, 4    0.00%, 5    0.00%, 6  100.00%, 7    0.00%, 8    0.00%
类型7 正确率： 100.00% -> 1    0.00%, 2    0.00%, 3    0.00%, 4    0.24%, 5    0.00%, 6    0.00%, 7   99.76%, 8    0.00%
类型8 正确率： 100.00% -> 1    0.00%, 2    0.00%, 3    0.00%, 4    0.00%, 5    0.00%, 6    0.00%, 7    0.00%, 8  100.00%


源域训练结束

训练好之后，测试目标域
目标域路径：/kaggle/working/m0diag/sdalr_PU_as_released/DATA/PU_1d_8c_2048/N15_M07_F10_label.txt
测试目标数据集结果如下：
任务: (B1)N15_M01_F10→(B2)N15_M07_F10, 正确率 = 99.91%
类型1 正确率： 100.00% -> 1  100.00%, 2    0.00%, 3    0.00%, 4    0.00%, 5    0.00%, 6    0.00%, 7    0.00%, 8    0.00%
类型2 正确率： 100.00% -> 1    0.00%, 2  100.00%, 3    0.00%, 4    0.00%, 5    0.00%, 6    0.00%, 7    0.00%, 8    0.00%
类型3 正确率： 100.00% -> 1    0.00%, 2    0.00%, 3  100.00%, 4    0.00%, 5    0.00%, 6    0.00%, 7    0.00%, 8    0.00%
类型4 正确率： 100.00% -> 1    0.00%, 2    0.00%, 3    0.00%, 4   99.75%, 5    0.00%, 6    0.00%, 7    0.25%, 8    0.00%
类型5 正确率： 100.00% -> 1    0.00%, 2    0.00%, 3    0.00%, 4    0.00%, 5  100.00%, 6    0.00%, 7    0.00%, 8    0.00%
类型6 正确率： 100.00% -> 1    0.00%, 2    0.00%, 3    0.48%, 4    0.00%, 5    0.00%, 6   99.52%, 7    0.00%, 8    0.00%
类型7 正确率： 100.00% -> 1    0.00%, 2    0.00%, 3    0.00%, 4    0.00%, 5    0.00%, 6    0.00%, 7  100.00%, 8    0.00%
类型8 正确率： 100.00% -> 1    0.00%, 2    0.00%, 3    0.00%, 4    0.00%, 5    0.00%, 6    0.00%, 7    0.00%, 8  100.00%

目标域路径：/kaggle/working/m0diag/sdalr_PU_as_released/DATA/PU_1d_8c_2048/N15_M07_F04_label.txt
测试目标数据集结果如下：
任务: (B1)N15_M01_F10→(B3)N15_M07_F04, 正确率 = 87.04%
类型1 正确率： 100.00% -> 1  100.00%, 2    0.00%, 3    0.00%, 4    0.00%, 5    0.00%, 6    0.00%, 7    0.00%, 8    0.00%
类型2 正确率：  99.00% -> 1    0.00%, 2   99.22%, 3    0.52%, 4    0.00%, 5    0.00%, 6    0.26%, 7    0.00%, 8    0.00%
类型3 正确率：  68.00% -> 1    0.00%, 2    0.00%, 3   68.05%, 4    0.00%, 5    0.00%, 6   29.51%, 7    0.00%, 8    2.44%
类型4 正确率：  83.00% -> 1    0.00%, 2    0.00%, 3   16.71%, 4   83.29%, 5    0.00%, 6    0.00%, 7    0.00%, 8    0.00%
类型5 正确率：  79.00% -> 1   20.66%, 2    0.00%, 3    0.00%, 4    0.00%, 5   79.34%, 6    0.00%, 7    0.00%, 8    0.00%
类型6 正确率：  85.00% -> 1    0.00%, 2    0.00%, 3   14.55%, 4    0.00%, 5    0.00%, 6   85.45%, 7    0.00%, 8    0.00%
类型7 正确率：  92.00% -> 1    0.00%, 2    0.00%, 3    4.61%, 4    3.64%, 5    0.00%, 6    0.00%, 7   91.75%, 8    0.00%
类型8 正确率：  89.00% -> 1    0.00%, 2    0.00%, 3    4.04%, 4    0.27%, 5    0.00%, 6    0.00%, 7    6.47%, 8   89.22%



现在开始拿源域训练集：(B2)N15_M07_F10 进行训练
源域读取路径：/kaggle/working/m0diag/sdalr_PU_as_released/DATA/PU_1d_8c_2048/N15_M07_F10_label.txt
excel输出位置：/kaggle/working/m0diag/weight_src_PU_s1/NEW_PU/Source-源域
log&pt输出位置：/kaggle/working/m0diag/weight_src_PU_s1/NEW_PU/Source-源域/log&pt/(B2)N15_M07_F10
特征图片输出位置：/kaggle/working/m0diag/weight_src_PU_s1/NEW_PU/Picture-特征图/2026年09月13日18时18分/(B2)N15_M07_F10
源域训练开始
轮次:··1/·10 || loss:0.057 || 耗时：24.24s
轮次:··2/·10 || loss:0.025 || 耗时：24.40s
轮次:··3/·10 || loss:0.019 || 耗时：23.95s
轮次:··4/·10 || loss:0.011 || 耗时：23.96s
轮次:··5/·10 || loss:0.005 || 耗时：24.13s
任务: (B2)N15_M07_F10; mix批次:····0; 批次:··875/·1750; 总正确率 = 99.81%
类型1 正确率： 100.00% -> 1  100.00%, 2    0.00%, 3    0.00%, 4    0.00%, 5    0.00%, 6    0.00%, 7    0.00%, 8    0.00%
类型2 正确率： 100.00% -> 1    0.00%, 2  100.00%, 3    0.00%, 4    0.00%, 5    0.00%, 6    0.00%, 7    0.00%, 8    0.00%
类型3 正确率： 100.00% -> 1    0.00%, 2    0.00%, 3  100.00%, 4    0.00%, 5    0.00%, 6    0.00%, 7    0.00%, 8    0.00%
类型4 正确率：  99.00% -> 1    0.00%, 2    0.00%, 3    0.00%, 4   99.48%, 5    0.00%, 6    0.00%, 7    0.52%, 8    0.00%
类型5 正确率： 100.00% -> 1    0.00%, 2    0.00%, 3    0.00%, 4    0.00%, 5  100.00%, 6    0.00%, 7    0.00%, 8    0.00%
类型6 正确率：  99.00% -> 1    0.00%, 2    0.00%, 3    0.55%, 4    0.00%, 5    0.00%, 6   99.45%, 7    0.00%, 8    0.00%
类型7 正确率： 100.00% -> 1    0.00%, 2    0.00%, 3    0.00%, 4    0.00%, 5    0.00%, 6    0.00%, 7  100.00%, 8    0.00%
类型8 正确率： 100.00% -> 1    0.00%, 2    0.00%, 3    0.00%, 4    0.00%, 5    0.00%, 6    0.00%, 7    0.48%, 8   99.52%


轮次:··6/·10 || loss:0.013 || 耗时：24.10s
轮次:··7/·10 || loss:0.011 || 耗时：23.99s
轮次:··8/·10 || loss:0.004 || 耗时：23.98s
轮次:··9/·10 || loss:0.009 || 耗时：24.03s
轮次:·10/·10 || loss:0.002 || 耗时：24.10s
任务: (B2)N15_M07_F10; mix批次:····0; 批次:·1750/·1750; 总正确率 = 99.87%
类型1 正确率： 100.00% -> 1  100.00%, 2    0.00%, 3    0.00%, 4    0.00%, 5    0.00%, 6    0.00%, 7    0.00%, 8    0.00%
类型2 正确率： 100.00% -> 1    0.00%, 2  100.00%, 3    0.00%, 4    0.00%, 5    0.00%, 6    0.00%, 7    0.00%, 8    0.00%
类型3 正确率： 100.00% -> 1    0.00%, 2    0.00%, 3  100.00%, 4    0.00%, 5    0.00%, 6    0.00%, 7    0.00%, 8    0.00%
类型4 正确率：  99.00% -> 1    0.00%, 2    0.00%, 3    0.00%, 4   99.48%, 5    0.00%, 6    0.00%, 7    0.52%, 8    0.00%
类型5 正确率： 100.00% -> 1    0.00%, 2    0.00%, 3    0.00%, 4    0.00%, 5  100.00%, 6    0.00%, 7    0.00%, 8    0.00%
类型6 正确率： 100.00% -> 1    0.00%, 2    0.00%, 3    0.00%, 4    0.00%, 5    0.00%, 6  100.00%, 7    0.00%, 8    0.00%
类型7 正确率： 100.00% -> 1    0.00%, 2    0.00%, 3    0.00%, 4    0.00%, 5    0.00%, 6    0.00%, 7  100.00%, 8    0.00%
类型8 正确率： 100.00% -> 1    0.00%, 2    0.00%, 3    0.00%, 4    0.00%, 5    0.00%, 6    0.00%, 7    0.48%, 8   99.52%


测试集任务: (B2)N15_M07_F10; 总正确率 = 99.94%
类型1 正确率： 100.00% -> 1  100.00%, 2    0.00%, 3    0.00%, 4    0.00%, 5    0.00%, 6    0.00%, 7    0.00%, 8    0.00%
类型2 正确率： 100.00% -> 1    0.00%, 2  100.00%, 3    0.00%, 4    0.00%, 5    0.00%, 6    0.00%, 7    0.00%, 8    0.00%
类型3 正确率： 100.00% -> 1    0.00%, 2    0.00%, 3   99.76%, 4    0.00%, 5    0.00%, 6    0.24%, 7    0.00%, 8    0.00%
类型4 正确率： 100.00% -> 1    0.00%, 2    0.00%, 3    0.00%, 4  100.00%, 5    0.00%, 6    0.00%, 7    0.00%, 8    0.00%
类型5 正确率： 100.00% -> 1    0.00%, 2    0.00%, 3    0.00%, 4    0.00%, 5  100.00%, 6    0.00%, 7    0.00%, 8    0.00%
类型6 正确率： 100.00% -> 1    0.00%, 2    0.00%, 3    0.00%, 4    0.00%, 5    0.00%, 6  100.00%, 7    0.00%, 8    0.00%
类型7 正确率： 100.00% -> 1    0.00%, 2    0.00%, 3    0.00%, 4    0.00%, 5    0.00%, 6    0.00%, 7  100.00%, 8    0.00%
类型8 正确率： 100.00% -> 1    0.00%, 2    0.00%, 3    0.24%, 4    0.00%, 5    0.00%, 6    0.00%, 7    0.00%, 8   99.76%


源域训练结束

训练好之后，测试目标域
目标域路径：/kaggle/working/m0diag/sdalr_PU_as_released/DATA/PU_1d_8c_2048/N15_M01_F10_label.txt
测试目标数据集结果如下：
任务: (B2)N15_M07_F10→(B1)N15_M01_F10, 正确率 = 99.94%
类型1 正确率： 100.00% -> 1  100.00%, 2    0.00%, 3    0.00%, 4    0.00%, 5    0.00%, 6    0.00%, 7    0.00%, 8    0.00%
类型2 正确率： 100.00% -> 1    0.00%, 2  100.00%, 3    0.00%, 4    0.00%, 5    0.00%, 6    0.00%, 7    0.00%, 8    0.00%
类型3 正确率： 100.00% -> 1    0.00%, 2    0.00%, 3  100.00%, 4    0.00%, 5    0.00%, 6    0.00%, 7    0.00%, 8    0.00%
类型4 正确率： 100.00% -> 1    0.00%, 2    0.00%, 3    0.00%, 4  100.00%, 5    0.00%, 6    0.00%, 7    0.00%, 8    0.00%
类型5 正确率： 100.00% -> 1    0.00%, 2    0.00%, 3    0.00%, 4    0.00%, 5  100.00%, 6    0.00%, 7    0.00%, 8    0.00%
类型6 正确率： 100.00% -> 1    0.00%, 2    0.00%, 3    0.00%, 4    0.00%, 5    0.00%, 6  100.00%, 7    0.00%, 8    0.00%
类型7 正确率： 100.00% -> 1    0.00%, 2    0.00%, 3    0.00%, 4    0.00%, 5    0.00%, 6    0.00%, 7  100.00%, 8    0.00%
类型8 正确率：  99.00% -> 1    0.00%, 2    0.00%, 3    0.00%, 4    0.00%, 5    0.00%, 6    0.26%, 7    0.26%, 8   99.48%

目标域路径：/kaggle/working/m0diag/sdalr_PU_as_released/DATA/PU_1d_8c_2048/N15_M07_F04_label.txt
测试目标数据集结果如下：
任务: (B2)N15_M07_F10→(B3)N15_M07_F04, 正确率 = 83.10%
类型1 正确率： 100.00% -> 1  100.00%, 2    0.00%, 3    0.00%, 4    0.00%, 5    0.00%, 6    0.00%, 7    0.00%, 8    0.00%
类型2 正确率： 100.00% -> 1    0.00%, 2  100.00%, 3    0.00%, 4    0.00%, 5    0.00%, 6    0.00%, 7    0.00%, 8    0.00%
类型3 正确率：  46.00% -> 1    0.00%, 2    0.00%, 3   45.52%, 4    0.00%, 5    0.00%, 6   53.48%, 7    0.00%, 8    1.00%
类型4 正确率：  74.00% -> 1    0.00%, 2    0.00%, 3   26.23%, 4   73.77%, 5    0.00%, 6    0.00%, 7    0.00%, 8    0.00%
类型5 正确率：  80.00% -> 1   20.26%, 2    0.00%, 3    0.00%, 4    0.00%, 5   79.74%, 6    0.00%, 7    0.00%, 8    0.00%
类型6 正确率：  94.00% -> 1    0.00%, 2    0.00%, 3    5.53%, 4    0.00%, 5    0.00%, 6   94.47%, 7    0.00%, 8    0.00%
类型7 正确率：  95.00% -> 1    0.00%, 2    0.00%, 3    2.18%, 4    2.43%, 5    0.00%, 6    0.00%, 7   95.39%, 8    0.00%
类型8 正确率：  76.00% -> 1    0.00%, 2    0.00%, 3    2.98%, 4    0.00%, 5    0.00%, 6    0.00%, 7   21.09%, 8   75.93%



现在开始拿源域训练集：(B3)N15_M07_F04 进行训练
源域读取路径：/kaggle/working/m0diag/sdalr_PU_as_released/DATA/PU_1d_8c_2048/N15_M07_F04_label.txt
excel输出位置：/kaggle/working/m0diag/weight_src_PU_s1/NEW_PU/Source-源域
log&pt输出位置：/kaggle/working/m0diag/weight_src_PU_s1/NEW_PU/Source-源域/log&pt/(B3)N15_M07_F04
特征图片输出位置：/kaggle/working/m0diag/weight_src_PU_s1/NEW_PU/Picture-特征图/2026年09月13日18时18分/(B3)N15_M07_F04
源域训练开始
轮次:··1/·10 || loss:0.030 || 耗时：24.21s
轮次:··2/·10 || loss:0.014 || 耗时：24.39s
轮次:··3/·10 || loss:0.005 || 耗时：23.96s
轮次:··4/·10 || loss:0.003 || 耗时：24.03s
轮次:··5/·10 || loss:0.003 || 耗时：24.10s
任务: (B3)N15_M07_F04; mix批次:····0; 批次:··875/·1750; 总正确率 = 99.75%
类型1 正确率： 100.00% -> 1  100.00%, 2    0.00%, 3    0.00%, 4    0.00%, 5    0.00%, 6    0.00%, 7    0.00%, 8    0.00%
类型2 正确率： 100.00% -> 1    0.00%, 2  100.00%, 3    0.00%, 4    0.00%, 5    0.00%, 6    0.00%, 7    0.00%, 8    0.00%
类型3 正确率： 100.00% -> 1    0.00%, 2    0.00%, 3  100.00%, 4    0.00%, 5    0.00%, 6    0.00%, 7    0.00%, 8    0.00%
类型4 正确率： 100.00% -> 1    0.00%, 2    0.00%, 3    0.00%, 4   99.50%, 5    0.00%, 6    0.00%, 7    0.50%, 8    0.00%
类型5 正确率： 100.00% -> 1    0.00%, 2    0.00%, 3    0.00%, 4    0.00%, 5  100.00%, 6    0.00%, 7    0.00%, 8    0.00%
类型6 正确率： 100.00% -> 1    0.00%, 2    0.00%, 3    0.00%, 4    0.00%, 5    0.00%, 6  100.00%, 7    0.00%, 8    0.00%
类型7 正确率：  99.00% -> 1    0.00%, 2    0.00%, 3    0.00%, 4    1.49%, 5    0.00%, 6    0.00%, 7   98.51%, 8    0.00%
类型8 正确率： 100.00% -> 1    0.00%, 2    0.00%, 3    0.00%, 4    0.00%, 5    0.00%, 6    0.00%, 7    0.00%, 8  100.00%


轮次:··6/·10 || loss:0.004 || 耗时：24.11s
轮次:··7/·10 || loss:0.004 || 耗时：24.06s
轮次:··8/·10 || loss:0.001 || 耗时：24.01s
轮次:··9/·10 || loss:0.002 || 耗时：24.00s
轮次:·10/·10 || loss:0.001 || 耗时：24.01s
任务: (B3)N15_M07_F04; mix批次:····0; 批次:·1750/·1750; 总正确率 = 99.94%
类型1 正确率： 100.00% -> 1  100.00%, 2    0.00%, 3    0.00%, 4    0.00%, 5    0.00%, 6    0.00%, 7    0.00%, 8    0.00%
类型2 正确率： 100.00% -> 1    0.00%, 2  100.00%, 3    0.00%, 4    0.00%, 5    0.00%, 6    0.00%, 7    0.00%, 8    0.00%
类型3 正确率： 100.00% -> 1    0.00%, 2    0.00%, 3  100.00%, 4    0.00%, 5    0.00%, 6    0.00%, 7    0.00%, 8    0.00%
类型4 正确率： 100.00% -> 1    0.00%, 2    0.00%, 3    0.00%, 4   99.50%, 5    0.00%, 6    0.00%, 7    0.50%, 8    0.00%
类型5 正确率： 100.00% -> 1    0.00%, 2    0.00%, 3    0.00%, 4    0.00%, 5  100.00%, 6    0.00%, 7    0.00%, 8    0.00%
类型6 正确率： 100.00% -> 1    0.00%, 2    0.00%, 3    0.00%, 4    0.00%, 5    0.00%, 6  100.00%, 7    0.00%, 8    0.00%
类型7 正确率： 100.00% -> 1    0.00%, 2    0.00%, 3    0.00%, 4    0.00%, 5    0.00%, 6    0.00%, 7  100.00%, 8    0.00%
类型8 正确率： 100.00% -> 1    0.00%, 2    0.00%, 3    0.00%, 4    0.00%, 5    0.00%, 6    0.00%, 7    0.00%, 8  100.00%


测试集任务: (B3)N15_M07_F04; 总正确率 = 99.91%
类型1 正确率： 100.00% -> 1  100.00%, 2    0.00%, 3    0.00%, 4    0.00%, 5    0.00%, 6    0.00%, 7    0.00%, 8    0.00%
类型2 正确率： 100.00% -> 1    0.00%, 2  100.00%, 3    0.00%, 4    0.00%, 5    0.00%, 6    0.00%, 7    0.00%, 8    0.00%
类型3 正确率： 100.00% -> 1    0.00%, 2    0.00%, 3   99.74%, 4    0.00%, 5    0.00%, 6    0.26%, 7    0.00%, 8    0.00%
类型4 正确率： 100.00% -> 1    0.00%, 2    0.00%, 3    0.00%, 4   99.55%, 5    0.00%, 6    0.00%, 7    0.45%, 8    0.00%
类型5 正确率： 100.00% -> 1    0.00%, 2    0.00%, 3    0.00%, 4    0.00%, 5  100.00%, 6    0.00%, 7    0.00%, 8    0.00%
类型6 正确率： 100.00% -> 1    0.00%, 2    0.00%, 3    0.00%, 4    0.00%, 5    0.00%, 6  100.00%, 7    0.00%, 8    0.00%
类型7 正确率： 100.00% -> 1    0.00%, 2    0.00%, 3    0.00%, 4    0.00%, 5    0.00%, 6    0.00%, 7  100.00%, 8    0.00%
类型8 正确率： 100.00% -> 1    0.00%, 2    0.00%, 3    0.00%, 4    0.00%, 5    0.00%, 6    0.00%, 7    0.00%, 8  100.00%


源域训练结束

训练好之后，测试目标域
目标域路径：/kaggle/working/m0diag/sdalr_PU_as_released/DATA/PU_1d_8c_2048/N15_M01_F10_label.txt
测试目标数据集结果如下：
任务: (B3)N15_M07_F04→(B1)N15_M01_F10, 正确率 = 74.82%
类型1 正确率： 100.00% -> 1  100.00%, 2    0.00%, 3    0.00%, 4    0.00%, 5    0.00%, 6    0.00%, 7    0.00%, 8    0.00%
类型2 正确率： 100.00% -> 1    0.00%, 2  100.00%, 3    0.00%, 4    0.00%, 5    0.00%, 6    0.00%, 7    0.00%, 8    0.00%
类型3 正确率：   7.00% -> 1    0.00%, 2    0.00%, 3    6.95%, 4   79.14%, 5    0.00%, 6    0.80%, 7    4.55%, 8    8.56%
类型4 正确率：  99.00% -> 1    0.00%, 2    0.00%, 3    0.00%, 4   99.23%, 5    0.00%, 6    0.00%, 7    0.77%, 8    0.00%
类型5 正确率： 100.00% -> 1    0.00%, 2    0.00%, 3    0.00%, 4    0.00%, 5  100.00%, 6    0.00%, 7    0.00%, 8    0.00%
类型6 正确率：  37.00% -> 1    0.00%, 2    0.00%, 3   16.50%, 4   11.68%, 5    0.00%, 6   37.31%, 7    1.02%, 8   33.50%
类型7 正确率：  55.00% -> 1    0.00%, 2    0.25%, 3    0.00%, 4    0.74%, 5    0.00%, 6    0.00%, 7   55.06%, 8   43.95%
类型8 正确率： 100.00% -> 1    0.00%, 2    0.00%, 3    0.00%, 4    0.00%, 5    0.00%, 6    0.00%, 7    0.00%, 8  100.00%

目标域路径：/kaggle/working/m0diag/sdalr_PU_as_released/DATA/PU_1d_8c_2048/N15_M07_F10_label.txt
测试目标数据集结果如下：
任务: (B3)N15_M07_F04→(B2)N15_M07_F10, 正确率 = 72.01%
类型1 正确率： 100.00% -> 1   99.51%, 2    0.00%, 3    0.00%, 4    0.00%, 5    0.49%, 6    0.00%, 7    0.00%, 8    0.00%
类型2 正确率： 100.00% -> 1    0.00%, 2  100.00%, 3    0.00%, 4    0.00%, 5    0.00%, 6    0.00%, 7    0.00%, 8    0.00%
类型3 正确率：  14.00% -> 1    0.00%, 2    0.00%, 3   14.21%, 4   67.08%, 5    0.00%, 6    0.00%, 7    1.00%, 8   17.71%
类型4 正确率：  94.00% -> 1    0.00%, 2    0.00%, 3    0.00%, 4   93.60%, 5    0.00%, 6    0.00%, 7    6.13%, 8    0.27%
类型5 正确率： 100.00% -> 1    0.00%, 2    0.00%, 3    0.00%, 4    0.00%, 5  100.00%, 6    0.00%, 7    0.00%, 8    0.00%
类型6 正确率：  23.00% -> 1    0.00%, 2    0.00%, 3   14.07%, 4    5.03%, 5    0.00%, 6   23.37%, 7    0.75%, 8   56.78%
类型7 正确率：  45.00% -> 1    0.00%, 2    0.00%, 3    0.00%, 4    0.00%, 5    0.00%, 6    0.00%, 7   45.37%, 8   54.63%
类型8 正确率： 100.00% -> 1    0.00%, 2    0.00%, 3    0.00%, 4    0.00%, 5    0.00%, 6    0.00%, 7    0.00%, 8  100.00%

