读取源域路径：/kaggle/working/k10/S06/weight_PU_M1_final_checkpoint_FS06toS06c_gatepcv_s2024/NEW_PU/Source-源域/log&pt/(B3)N15_M07_F04
excel输出位置：/kaggle/working/k10/S06/weight_PU_M1_final_checkpoint_FS06toS06c_gatepcv_s2024/NEW_PU/Target-目标域
特征图片输出位置：/kaggle/working/k10/S06/weight_PU_M1_final_checkpoint_FS06toS06c_gatepcv_s2024/NEW_PU/Picture-特征图/2026年09月19日04时53分/(B3)N15_M07_F04
现在选取:(B3)N15_M07_F04 进行训练的源模型
现在进行：(B3)N15_M07_F04→(B1)N15_M01_F10 的迁移任务
log&pt输出位置：/kaggle/working/k10/S06/weight_PU_M1_final_checkpoint_FS06toS06c_gatepcv_s2024/NEW_PU/Target-目标域/log&pt/(B3)N15_M07_F04→(B1)N15_M01_F10
任务: (B3)N15_M07_F04→(B1)N15_M01_F10; 批次:····0/·1880;  总正确率: 53.65%
类型1 正确率：  84.00% -> 1   84.00%, 2    0.25%, 3   15.75%
类型2 正确率：  43.00% -> 1    0.00%, 2   43.15%, 3   56.85%
类型3 正确率：  34.00% -> 1    0.00%, 2   66.20%, 3   33.80%


样本变换：reverse
样本变换：mask
样本变换：shift
样本变换：none
未过滤	未用伪标签：53.65% -> 使用伪标签：59.62%
已过滤	未用伪标签：53.73% -> 使用伪标签：60.82%
排除样本：119|6000	剩余：1972, 1645, 2264
增添样本：1851		细则：262, 1589, 0	正确率估算：58.77%
类型1 正确率：  99.00% -> 1   99.05%, 2    0.00%, 3    0.95%
类型2 正确率：  33.00% -> 1    0.00%, 2   33.19%, 3   66.81%
类型3 正确率：  49.00% -> 1    0.00%, 2   51.01%, 3   48.99%

被排除样本 正确率：49.58%
类型1 正确率：   0.00% -> 1    0.00%, 2    0.00%, 3  100.00%
类型2 正确率：  61.00% -> 1    0.00%, 2   61.46%, 3   38.54%
类型3 正确率：   0.00% -> 1    0.00%, 2  100.00%, 3    0.00%


轮次:··1/·20 || c_Loss:0.577 || e_Loss:-1.683 || Aad_Loss:-21.903 || 耗时：36.11s
轮次:··2/·20 || c_Loss:0.383 || e_Loss:-1.786 || Aad_Loss:-23.206 || 耗时：13.80s
轮次:··3/·20 || c_Loss:0.425 || e_Loss:-1.674 || Aad_Loss:-22.420 || 耗时：13.89s
轮次:··4/·20 || c_Loss:0.409 || e_Loss:-1.668 || Aad_Loss:-25.563 || 耗时：13.93s
轮次:··5/·20 || c_Loss:0.390 || e_Loss:-1.690 || Aad_Loss:-23.876 || 耗时：13.93s
任务: (B3)N15_M07_F04→(B1)N15_M01_F10; mix批次:····0; 批次:··470/·1880;  总正确率: 65.98%
类型1 正确率： 100.00% -> 1  100.00%, 2    0.00%, 3    0.00%
类型2 正确率：  33.00% -> 1    0.00%, 2   32.90%, 3   67.10%
类型3 正确率：  65.00% -> 1    5.65%, 2   29.30%, 3   65.05%


样本变换：reverse
样本变换：mask
样本变换：shift
样本变换：none
未过滤	未用伪标签：65.98% -> 使用伪标签：61.17%
已过滤	未用伪标签：65.94% -> 使用伪标签：61.27%
排除样本：10|6000	剩余：2000, 1634, 2356
增添样本：2052		细则：354, 1698, 0	正确率估算：99.80%
类型1 正确率： 100.00% -> 1  100.00%, 2    0.00%, 3    0.00%
类型2 正确率：  33.00% -> 1    0.00%, 2   32.83%, 3   67.17%
类型3 正确率：  51.00% -> 1    0.00%, 2   49.10%, 3   50.90%

被排除样本 正确率：90.00%
类型1 正确率：  50.00% -> 1   50.00%, 2   50.00%
类型2 正确率： 100.00% -> 1    0.00%, 2  100.00%


轮次:··6/·20 || c_Loss:0.343 || e_Loss:-1.865 || Aad_Loss:-27.792 || 耗时：36.75s
轮次:··7/·20 || c_Loss:0.371 || e_Loss:-1.773 || Aad_Loss:-23.632 || 耗时：13.72s
轮次:··8/·20 || c_Loss:0.358 || e_Loss:-1.873 || Aad_Loss:-24.498 || 耗时：13.78s
轮次:··9/·20 || c_Loss:0.340 || e_Loss:-1.896 || Aad_Loss:-29.307 || 耗时：13.78s
轮次:·10/·20 || c_Loss:0.341 || e_Loss:-1.852 || Aad_Loss:-25.226 || 耗时：13.81s
任务: (B3)N15_M07_F04→(B1)N15_M01_F10; mix批次:····0; 批次:··940/·1880;  总正确率: 68.13%
类型1 正确率： 100.00% -> 1  100.00%, 2    0.00%, 3    0.00%
类型2 正确率：  33.00% -> 1    0.00%, 2   32.80%, 3   67.20%
类型3 正确率：  72.00% -> 1    3.30%, 2   25.10%, 3   71.60%


样本变换：reverse
样本变换：mask
样本变换：shift
样本变换：none
未过滤	未用伪标签：68.13% -> 使用伪标签：62.28%
已过滤	未用伪标签：68.04% -> 使用伪标签：62.46%
排除样本：17|6000	剩余：2000, 1560, 2423
增添样本：2183		细则：420, 1763, 0	正确率估算：99.72%
类型1 正确率： 100.00% -> 1  100.00%, 2    0.00%, 3    0.00%
类型2 正确率：  33.00% -> 1    0.00%, 2   32.85%, 3   67.15%
类型3 正确率：  54.00% -> 1    0.00%, 2   45.54%, 3   54.46%

被排除样本 正确率：100.00%
类型1 正确率： 100.00% -> 1  100.00%


轮次:·11/·20 || c_Loss:0.346 || e_Loss:-1.870 || Aad_Loss:-28.251 || 耗时：36.70s
轮次:·12/·20 || c_Loss:0.347 || e_Loss:-1.775 || Aad_Loss:-28.233 || 耗时：13.79s
轮次:·13/·20 || c_Loss:0.354 || e_Loss:-1.888 || Aad_Loss:-24.238 || 耗时：13.82s
轮次:·14/·20 || c_Loss:0.347 || e_Loss:-1.899 || Aad_Loss:-26.383 || 耗时：13.86s
轮次:·15/·20 || c_Loss:0.334 || e_Loss:-1.801 || Aad_Loss:-30.048 || 耗时：13.85s
任务: (B3)N15_M07_F04→(B1)N15_M01_F10; mix批次:····0; 批次:·1410/·1880;  总正确率: 68.60%
类型1 正确率： 100.00% -> 1  100.00%, 2    0.00%, 3    0.00%
类型2 正确率：  33.00% -> 1    0.00%, 2   32.95%, 3   67.05%
类型3 正确率：  73.00% -> 1    3.00%, 2   24.15%, 3   72.85%


样本变换：reverse
样本变换：mask
样本变换：shift
样本变换：none
未过滤	未用伪标签：68.60% -> 使用伪标签：63.88%
已过滤	未用伪标签：68.48% -> 使用伪标签：64.13%
排除样本：23|6000	剩余：2000, 1460, 2517
增添样本：2375		细则：516, 1859, 0	正确率估算：99.91%
类型1 正确率： 100.00% -> 1  100.00%, 2    0.00%, 3    0.00%
类型2 正确率：  33.00% -> 1    0.00%, 2   32.88%, 3   67.12%
类型3 正确率：  59.00% -> 1    0.00%, 2   40.58%, 3   59.42%

被排除样本 正确率：100.00%
类型1 正确率： 100.00% -> 1  100.00%, 2    0.00%
类型2 正确率： 100.00% -> 1    0.00%, 2  100.00%


轮次:·16/·20 || c_Loss:0.349 || e_Loss:-1.790 || Aad_Loss:-25.891 || 耗时：36.92s
轮次:·17/·20 || c_Loss:0.349 || e_Loss:-1.596 || Aad_Loss:-29.081 || 耗时：13.78s
轮次:·18/·20 || c_Loss:0.333 || e_Loss:-1.831 || Aad_Loss:-30.165 || 耗时：13.78s
轮次:·19/·20 || c_Loss:0.342 || e_Loss:-1.845 || Aad_Loss:-27.949 || 耗时：13.77s
轮次:·20/·20 || c_Loss:0.336 || e_Loss:-1.715 || Aad_Loss:-32.070 || 耗时：13.78s
任务: (B3)N15_M07_F04→(B1)N15_M01_F10; mix批次:····0; 批次:·1880/·1880;  总正确率: 70.40%
类型1 正确率： 100.00% -> 1  100.00%, 2    0.00%, 3    0.00%
类型2 正确率：  33.00% -> 1    0.00%, 2   32.95%, 3   67.05%
类型3 正确率：  78.00% -> 1    2.05%, 2   19.70%, 3   78.25%


测试集任务: (B3)N15_M07_F04→(B1)N15_M01_F10; 总正确率 = 70.40%
类型1 正确率： 100.00% -> 1  100.00%, 2    0.00%, 3    0.00%
类型2 正确率：  33.00% -> 1    0.00%, 2   32.95%, 3   67.05%
类型3 正确率：  78.00% -> 1    2.05%, 2   19.70%, 3   78.25%


