读取源域路径：/kaggle/working/k10/S06/weight_PU_M1_final_checkpoint_FS06toS06c_gatepcv_s2024/NEW_PU/Source-源域/log&pt/(B1)N15_M01_F10
excel输出位置：/kaggle/working/k10/S06/weight_PU_M1_final_checkpoint_FS06toS06c_gatepcv_s2024/NEW_PU/Target-目标域
特征图片输出位置：/kaggle/working/k10/S06/weight_PU_M1_final_checkpoint_FS06toS06c_gatepcv_s2024/NEW_PU/Picture-特征图/2026年09月19日04时27分/(B1)N15_M01_F10
现在选取:(B1)N15_M01_F10 进行训练的源模型
现在进行：(B1)N15_M01_F10→(B2)N15_M07_F10 的迁移任务
log&pt输出位置：/kaggle/working/k10/S06/weight_PU_M1_final_checkpoint_FS06toS06c_gatepcv_s2024/NEW_PU/Target-目标域/log&pt/(B1)N15_M01_F10→(B2)N15_M07_F10
任务: (B1)N15_M01_F10→(B2)N15_M07_F10; 批次:····0/·1880;  总正确率: 73.50%
类型1 正确率：  96.00% -> 1   96.30%, 2    0.05%, 3    3.65%
类型2 正确率：  74.00% -> 1    0.00%, 2   74.10%, 3   25.90%
类型3 正确率：  50.00% -> 1    0.00%, 2   49.90%, 3   50.10%


样本变换：reverse
样本变换：mask
样本变换：shift
样本变换：none
未过滤	未用伪标签：73.50% -> 使用伪标签：73.17%
已过滤	未用伪标签：74.29% -> 使用伪标签：74.66%
排除样本：120|6000	剩余：1911, 2480, 1489
增添样本：1930		细则：569, 0, 1361	正确率估算：98.58%
类型1 正确率：  98.00% -> 1   97.60%, 2    0.00%, 3    2.40%
类型2 正确率：  77.00% -> 1    0.00%, 2   76.96%, 3   23.04%
类型3 正确率：  50.00% -> 1    0.00%, 2   50.03%, 3   49.97%

被排除样本 正确率：35.00%
类型1 正确率：  57.00% -> 1   57.14%, 2    0.00%, 3   42.86%
类型2 正确率：  22.00% -> 1    0.00%, 2   22.08%, 3   77.92%
类型3 正确率： 100.00% -> 1    0.00%, 2    0.00%, 3  100.00%


轮次:··1/·20 || c_Loss:0.563 || e_Loss:-1.528 || Aad_Loss:-28.029 || 耗时：36.51s
轮次:··2/·20 || c_Loss:0.334 || e_Loss:-1.692 || Aad_Loss:-27.751 || 耗时：13.45s
轮次:··3/·20 || c_Loss:0.354 || e_Loss:-1.604 || Aad_Loss:-26.300 || 耗时：13.56s
轮次:··4/·20 || c_Loss:0.466 || e_Loss:-1.664 || Aad_Loss:-21.733 || 耗时：13.60s
轮次:··5/·20 || c_Loss:0.385 || e_Loss:-1.721 || Aad_Loss:-27.065 || 耗时：13.76s
任务: (B1)N15_M01_F10→(B2)N15_M07_F10; mix批次:····0; 批次:··470/·1880;  总正确率: 77.58%
类型1 正确率： 100.00% -> 1  100.00%, 2    0.00%, 3    0.00%
类型2 正确率：  83.00% -> 1    0.00%, 2   82.75%, 3   17.25%
类型3 正确率：  50.00% -> 1    0.00%, 2   50.00%, 3   50.00%


样本变换：reverse
样本变换：mask
样本变换：shift
样本变换：none
未过滤	未用伪标签：77.58% -> 使用伪标签：77.35%
已过滤	未用伪标签：77.73% -> 使用伪标签：77.60%
排除样本：19|6000	剩余：2000, 2641, 1340
增添样本：2226		细则：641, 0, 1585	正确率估算：99.94%
类型1 正确率： 100.00% -> 1  100.00%, 2    0.00%, 3    0.00%
类型2 正确率：  83.00% -> 1    0.00%, 2   82.84%, 3   17.16%
类型3 正确率：  50.00% -> 1    0.00%, 2   50.00%, 3   50.00%

被排除样本 正确率：31.58%
类型1 正确率：  32.00% -> 1   31.58%, 2   68.42%
类型2 没有样本或未被分类。


轮次:··6/·20 || c_Loss:0.334 || e_Loss:-1.917 || Aad_Loss:-29.326 || 耗时：36.87s
轮次:··7/·20 || c_Loss:0.337 || e_Loss:-1.750 || Aad_Loss:-29.718 || 耗时：13.67s
轮次:··8/·20 || c_Loss:0.330 || e_Loss:-1.768 || Aad_Loss:-30.134 || 耗时：13.64s
轮次:··9/·20 || c_Loss:0.344 || e_Loss:-1.784 || Aad_Loss:-30.766 || 耗时：13.66s
轮次:·10/·20 || c_Loss:0.340 || e_Loss:-1.848 || Aad_Loss:-29.918 || 耗时：13.77s
任务: (B1)N15_M01_F10→(B2)N15_M07_F10; mix批次:····0; 批次:··940/·1880;  总正确率: 79.53%
类型1 正确率： 100.00% -> 1  100.00%, 2    0.00%, 3    0.00%
类型2 正确率：  89.00% -> 1    0.00%, 2   88.60%, 3   11.40%
类型3 正确率：  50.00% -> 1    0.00%, 2   50.00%, 3   50.00%


样本变换：reverse
样本变换：mask
样本变换：shift
样本变换：none
未过滤	未用伪标签：79.53% -> 使用伪标签：78.85%
已过滤	未用伪标签：79.53% -> 使用伪标签：79.06%
排除样本：16|6000	剩余：2000, 2731, 1253
增添样本：2419		细则：731, 0, 1688	正确率估算：100.00%
类型1 正确率： 100.00% -> 1  100.00%, 2    0.00%, 3    0.00%
类型2 正确率：  87.00% -> 1    0.00%, 2   87.25%, 3   12.75%
类型3 正确率：  50.00% -> 1    0.00%, 2   50.00%, 3   50.00%

被排除样本 正确率：81.25%
类型1 正确率：  81.00% -> 1   81.25%, 2   18.75%
类型2 没有样本或未被分类。


轮次:·11/·20 || c_Loss:0.332 || e_Loss:-0.865 || Aad_Loss:-33.228 || 耗时：36.72s
轮次:·12/·20 || c_Loss:0.347 || e_Loss:-1.888 || Aad_Loss:-29.810 || 耗时：13.69s
轮次:·13/·20 || c_Loss:0.348 || e_Loss:-1.691 || Aad_Loss:-29.258 || 耗时：13.73s
轮次:·14/·20 || c_Loss:0.359 || e_Loss:-1.856 || Aad_Loss:-28.609 || 耗时：13.74s
轮次:·15/·20 || c_Loss:0.335 || e_Loss:-1.798 || Aad_Loss:-31.953 || 耗时：13.84s
任务: (B1)N15_M01_F10→(B2)N15_M07_F10; mix批次:····0; 批次:·1410/·1880;  总正确率: 80.32%
类型1 正确率： 100.00% -> 1  100.00%, 2    0.00%, 3    0.00%
类型2 正确率：  91.00% -> 1    0.00%, 2   90.95%, 3    9.05%
类型3 正确率：  50.00% -> 1    0.00%, 2   50.00%, 3   50.00%


样本变换：reverse
样本变换：mask
样本变换：shift
样本变换：none
未过滤	未用伪标签：80.32% -> 使用伪标签：79.58%
已过滤	未用伪标签：80.31% -> 使用伪标签：79.81%
排除样本：17|6000	剩余：2000, 2775, 1208
增添样本：2508		细则：775, 0, 1733	正确率估算：99.72%
类型1 正确率： 100.00% -> 1  100.00%, 2    0.00%, 3    0.00%
类型2 正确率：  90.00% -> 1    0.00%, 2   89.51%, 3   10.49%
类型3 正确率：  50.00% -> 1    0.00%, 2   50.00%, 3   50.00%

被排除样本 正确率：82.35%
类型1 正确率：  82.00% -> 1   82.35%, 2   17.65%
类型2 没有样本或未被分类。


轮次:·16/·20 || c_Loss:0.344 || e_Loss:-1.954 || Aad_Loss:-29.925 || 耗时：37.02s
轮次:·17/·20 || c_Loss:0.341 || e_Loss:-1.904 || Aad_Loss:-31.383 || 耗时：13.71s
轮次:·18/·20 || c_Loss:0.341 || e_Loss:-1.973 || Aad_Loss:-29.426 || 耗时：13.75s
轮次:·19/·20 || c_Loss:0.337 || e_Loss:-1.796 || Aad_Loss:-30.803 || 耗时：13.78s
轮次:·20/·20 || c_Loss:0.368 || e_Loss:-1.660 || Aad_Loss:-28.747 || 耗时：13.92s
任务: (B1)N15_M01_F10→(B2)N15_M07_F10; mix批次:····0; 批次:·1880/·1880;  总正确率: 81.45%
类型1 正确率： 100.00% -> 1  100.00%, 2    0.00%, 3    0.00%
类型2 正确率：  94.00% -> 1    0.00%, 2   94.35%, 3    5.65%
类型3 正确率：  50.00% -> 1    0.00%, 2   50.00%, 3   50.00%


测试集任务: (B1)N15_M01_F10→(B2)N15_M07_F10; 总正确率 = 81.45%
类型1 正确率： 100.00% -> 1  100.00%, 2    0.00%, 3    0.00%
类型2 正确率：  94.00% -> 1    0.00%, 2   94.35%, 3    5.65%
类型3 正确率：  50.00% -> 1    0.00%, 2   50.00%, 3   50.00%


