读取源域路径：/kaggle/working/k10/S06/weight_PU_M1_final_checkpoint_FS06toS06c_gatepcv_s2024/NEW_PU/Source-源域/log&pt/(B2)N15_M07_F10
excel输出位置：/kaggle/working/k10/S06/weight_PU_M1_final_checkpoint_FS06toS06c_gatepcv_s2024/NEW_PU/Target-目标域
特征图片输出位置：/kaggle/working/k10/S06/weight_PU_M1_final_checkpoint_FS06toS06c_gatepcv_s2024/NEW_PU/Picture-特征图/2026年09月19日04时46分/(B2)N15_M07_F10
现在选取:(B2)N15_M07_F10 进行训练的源模型
现在进行：(B2)N15_M07_F10→(B3)N15_M07_F04 的迁移任务
log&pt输出位置：/kaggle/working/k10/S06/weight_PU_M1_final_checkpoint_FS06toS06c_gatepcv_s2024/NEW_PU/Target-目标域/log&pt/(B2)N15_M07_F10→(B3)N15_M07_F04
任务: (B2)N15_M07_F10→(B3)N15_M07_F04; 批次:····0/·1880;  总正确率: 75.77%
类型1 正确率： 100.00% -> 1   99.85%, 2    0.05%, 3    0.10%
类型2 正确率：  77.00% -> 1    0.00%, 2   76.60%, 3   23.40%
类型3 正确率：  51.00% -> 1    0.00%, 2   49.15%, 3   50.85%


样本变换：reverse
样本变换：mask
样本变换：shift
样本变换：none
未过滤	未用伪标签：75.77% -> 使用伪标签：75.42%
已过滤	未用伪标签：76.19% -> 使用伪标签：76.46%
排除样本：82|6000	剩余：1997, 2518, 1403
增添样本：1698		细则：521, 0, 1177	正确率估算：99.76%
类型1 正确率： 100.00% -> 1  100.00%, 2    0.00%, 3    0.00%
类型2 正确率：  79.00% -> 1    0.00%, 2   79.19%, 3   20.81%
类型3 正确率：  50.00% -> 1    0.00%, 2   49.75%, 3   50.25%

被排除样本 正确率：45.12%
类型1 正确率：  67.00% -> 1   66.67%, 2   33.33%, 3    0.00%
类型2 正确率：  40.00% -> 1    0.00%, 2   39.73%, 3   60.27%
类型3 正确率： 100.00% -> 1    0.00%, 2    0.00%, 3  100.00%


轮次:··1/·20 || c_Loss:0.569 || e_Loss:-1.613 || Aad_Loss:-29.327 || 耗时：36.45s
轮次:··2/·20 || c_Loss:0.400 || e_Loss:-1.798 || Aad_Loss:-27.778 || 耗时：13.68s
轮次:··3/·20 || c_Loss:0.359 || e_Loss:-0.897 || Aad_Loss:-29.216 || 耗时：13.73s
轮次:··4/·20 || c_Loss:0.353 || e_Loss:-1.360 || Aad_Loss:-27.789 || 耗时：13.76s
轮次:··5/·20 || c_Loss:0.377 || e_Loss:-1.717 || Aad_Loss:-30.444 || 耗时：13.90s
任务: (B2)N15_M07_F10→(B3)N15_M07_F04; mix批次:····0; 批次:··470/·1880;  总正确率: 76.70%
类型1 正确率： 100.00% -> 1  100.00%, 2    0.00%, 3    0.00%
类型2 正确率：  80.00% -> 1    0.00%, 2   80.10%, 3   19.90%
类型3 正确率：  50.00% -> 1    0.00%, 2   50.00%, 3   50.00%


样本变换：reverse
样本变换：mask
样本变换：shift
样本变换：none
未过滤	未用伪标签：76.70% -> 使用伪标签：74.58%
已过滤	未用伪标签：76.58% -> 使用伪标签：74.96%
排除样本：30|6000	剩余：2000, 2475, 1495
增添样本：1527		细则：475, 0, 1052	正确率估算：96.33%
类型1 正确率： 100.00% -> 1  100.00%, 2    0.00%, 3    0.00%
类型2 正确率：  75.00% -> 1    0.00%, 2   74.87%, 3   25.13%
类型3 正确率：  50.00% -> 1    0.00%, 2   50.00%, 3   50.00%

被排除样本 正确率：100.00%
类型1 正确率： 100.00% -> 1  100.00%


轮次:··6/·20 || c_Loss:0.376 || e_Loss:-1.311 || Aad_Loss:-27.555 || 耗时：37.01s
轮次:··7/·20 || c_Loss:0.345 || e_Loss:-0.923 || Aad_Loss:-30.641 || 耗时：13.81s
轮次:··8/·20 || c_Loss:0.359 || e_Loss:-1.609 || Aad_Loss:-31.184 || 耗时：13.83s
轮次:··9/·20 || c_Loss:0.341 || e_Loss:-0.911 || Aad_Loss:-32.048 || 耗时：13.83s
轮次:·10/·20 || c_Loss:0.369 || e_Loss:-0.849 || Aad_Loss:-30.025 || 耗时：13.90s
任务: (B2)N15_M07_F10→(B3)N15_M07_F04; mix批次:····0; 批次:··940/·1880;  总正确率: 74.78%
类型1 正确率： 100.00% -> 1  100.00%, 2    0.00%, 3    0.00%
类型2 正确率：  74.00% -> 1    0.00%, 2   74.35%, 3   25.65%
类型3 正确率：  50.00% -> 1    0.00%, 2   50.00%, 3   50.00%


样本变换：reverse
样本变换：mask
样本变换：shift
样本变换：none
未过滤	未用伪标签：74.78% -> 使用伪标签：73.12%
已过滤	未用伪标签：74.72% -> 使用伪标签：73.30%
排除样本：15|6000	剩余：2000, 2387, 1598
增添样本：1265		细则：387, 0, 878	正确率估算：97.79%
类型1 正确率： 100.00% -> 1  100.00%, 2    0.00%, 3    0.00%
类型2 正确率：  70.00% -> 1    0.00%, 2   69.87%, 3   30.13%
类型3 正确率：  50.00% -> 1    0.00%, 2   50.00%, 3   50.00%

被排除样本 正确率：100.00%
类型1 正确率： 100.00% -> 1  100.00%


轮次:·11/·20 || c_Loss:0.342 || e_Loss:-1.786 || Aad_Loss:-30.314 || 耗时：36.85s
轮次:·12/·20 || c_Loss:0.334 || e_Loss:-0.920 || Aad_Loss:-31.227 || 耗时：13.76s
轮次:·13/·20 || c_Loss:0.361 || e_Loss:-0.829 || Aad_Loss:-30.698 || 耗时：13.79s
轮次:·14/·20 || c_Loss:0.364 || e_Loss:-1.693 || Aad_Loss:-29.888 || 耗时：13.79s
轮次:·15/·20 || c_Loss:0.356 || e_Loss:-0.872 || Aad_Loss:-30.370 || 耗时：13.78s
任务: (B2)N15_M07_F10→(B3)N15_M07_F04; mix批次:····0; 批次:·1410/·1880;  总正确率: 73.62%
类型1 正确率： 100.00% -> 1  100.00%, 2    0.00%, 3    0.00%
类型2 正确率：  71.00% -> 1    0.00%, 2   70.85%, 3   29.15%
类型3 正确率：  50.00% -> 1    0.00%, 2   50.00%, 3   50.00%


样本变换：reverse
样本变换：mask
样本变换：shift
样本变换：none
未过滤	未用伪标签：73.62% -> 使用伪标签：72.70%
已过滤	未用伪标签：73.59% -> 使用伪标签：72.77%
排除样本：6|6000	剩余：2000, 2362, 1632
增添样本：1185		细则：362, 0, 823	正确率估算：98.48%
类型1 正确率： 100.00% -> 1  100.00%, 2    0.00%, 3    0.00%
类型2 正确率：  68.00% -> 1    0.00%, 2   68.30%, 3   31.70%
类型3 正确率：  50.00% -> 1    0.00%, 2   50.00%, 3   50.00%

被排除样本 正确率：100.00%
类型1 正确率： 100.00% -> 1  100.00%


轮次:·16/·20 || c_Loss:0.362 || e_Loss:-1.468 || Aad_Loss:-31.313 || 耗时：36.64s
轮次:·17/·20 || c_Loss:0.394 || e_Loss:-1.483 || Aad_Loss:-30.017 || 耗时：13.77s
轮次:·18/·20 || c_Loss:0.355 || e_Loss:-1.544 || Aad_Loss:-29.766 || 耗时：13.78s
轮次:·19/·20 || c_Loss:0.400 || e_Loss:-0.779 || Aad_Loss:-32.250 || 耗时：13.82s
轮次:·20/·20 || c_Loss:0.339 || e_Loss:-1.273 || Aad_Loss:-31.356 || 耗时：13.79s
任务: (B2)N15_M07_F10→(B3)N15_M07_F04; mix批次:····0; 批次:·1880/·1880;  总正确率: 73.27%
类型1 正确率： 100.00% -> 1  100.00%, 2    0.00%, 3    0.00%
类型2 正确率：  70.00% -> 1    0.00%, 2   69.80%, 3   30.20%
类型3 正确率：  50.00% -> 1    0.00%, 2   50.00%, 3   50.00%


测试集任务: (B2)N15_M07_F10→(B3)N15_M07_F04; 总正确率 = 73.27%
类型1 正确率： 100.00% -> 1  100.00%, 2    0.00%, 3    0.00%
类型2 正确率：  70.00% -> 1    0.00%, 2   69.80%, 3   30.20%
类型3 正确率：  50.00% -> 1    0.00%, 2   50.00%, 3   50.00%


