读取源域路径：/kaggle/working/k10/S06/weight_PU_M1_final_checkpoint_FS06toS06c_gatepcv_s2024/NEW_PU/Source-源域/log&pt/(B3)N15_M07_F04
excel输出位置：/kaggle/working/k10/S06/weight_PU_M1_final_checkpoint_FS06toS06c_gatepcv_s2024/NEW_PU/Target-目标域
特征图片输出位置：/kaggle/working/k10/S06/weight_PU_M1_final_checkpoint_FS06toS06c_gatepcv_s2024/NEW_PU/Picture-特征图/2026年09月19日04时59分/(B3)N15_M07_F04
现在选取:(B3)N15_M07_F04 进行训练的源模型
现在进行：(B3)N15_M07_F04→(B2)N15_M07_F10 的迁移任务
log&pt输出位置：/kaggle/working/k10/S06/weight_PU_M1_final_checkpoint_FS06toS06c_gatepcv_s2024/NEW_PU/Target-目标域/log&pt/(B3)N15_M07_F04→(B2)N15_M07_F10
任务: (B3)N15_M07_F04→(B2)N15_M07_F10; 批次:····0/·1880;  总正确率: 49.37%
类型1 正确率：  82.00% -> 1   81.65%, 2    0.00%, 3   18.35%
类型2 正确率：  46.00% -> 1    0.00%, 2   45.95%, 3   54.05%
类型3 正确率：  20.00% -> 1    0.00%, 2   79.50%, 3   20.50%


样本变换：reverse
样本变换：mask
样本变换：shift
样本变换：none
未过滤	未用伪标签：49.37% -> 使用伪标签：52.20%
已过滤	未用伪标签：50.28% -> 使用伪标签：56.34%
排除样本：441|6000	剩余：1976, 2333, 1250
增添样本：1470		细则：0, 639, 831	正确率估算：82.31%
类型1 正确率：  99.00% -> 1   99.25%, 2    0.00%, 3    0.75%
类型2 正确率：  48.00% -> 1    0.00%, 2   47.71%, 3   52.29%
类型3 正确率：  18.00% -> 1    0.00%, 2   81.97%, 3   18.03%

被排除样本 正确率：37.87%
类型1 正确率：   0.00% -> 1    0.00%, 2    0.00%, 3  100.00%
类型2 正确率：  49.00% -> 1    0.00%, 2   49.08%, 3   50.92%
类型3 正确率：  21.00% -> 1    0.00%, 2   79.25%, 3   20.75%


轮次:··1/·20 || c_Loss:0.499 || e_Loss:-1.625 || Aad_Loss:-19.708 || 耗时：36.16s
轮次:··2/·20 || c_Loss:0.560 || e_Loss:-1.350 || Aad_Loss:-15.517 || 耗时：13.71s
轮次:··3/·20 || c_Loss:0.583 || e_Loss:-1.433 || Aad_Loss:-13.938 || 耗时：13.74s
轮次:··4/·20 || c_Loss:0.454 || e_Loss:-1.598 || Aad_Loss:-20.870 || 耗时：13.79s
轮次:··5/·20 || c_Loss:0.486 || e_Loss:-1.551 || Aad_Loss:-19.500 || 耗时：13.83s
任务: (B3)N15_M07_F04→(B2)N15_M07_F10; mix批次:····0; 批次:··470/·1880;  总正确率: 61.28%
类型1 正确率： 100.00% -> 1  100.00%, 2    0.00%, 3    0.00%
类型2 正确率：  50.00% -> 1    0.00%, 2   49.75%, 3   50.25%
类型3 正确率：  34.00% -> 1    3.15%, 2   62.75%, 3   34.10%


样本变换：reverse
样本变换：mask
样本变换：shift
样本变换：none
未过滤	未用伪标签：61.28% -> 使用伪标签：57.93%
已过滤	未用伪标签：61.37% -> 使用伪标签：59.11%
排除样本：119|6000	剩余：2000, 1641, 2240
增添样本：1694		细则：181, 1513, 0	正确率估算：99.41%
类型1 正确率： 100.00% -> 1  100.00%, 2    0.00%, 3    0.00%
类型2 正确率：  30.00% -> 1    0.00%, 2   30.37%, 3   69.63%
类型3 正确率：  46.00% -> 1    0.00%, 2   54.26%, 3   45.74%

被排除样本 正确率：57.14%
类型1 正确率：  98.00% -> 1   98.15%, 2    1.85%
类型2 正确率：  23.00% -> 1   76.92%, 2   23.08%


轮次:··6/·20 || c_Loss:0.382 || e_Loss:-1.590 || Aad_Loss:-24.880 || 耗时：36.54s
轮次:··7/·20 || c_Loss:0.401 || e_Loss:-1.776 || Aad_Loss:-23.325 || 耗时：13.91s
轮次:··8/·20 || c_Loss:0.385 || e_Loss:-1.765 || Aad_Loss:-24.063 || 耗时：13.95s
轮次:··9/·20 || c_Loss:0.349 || e_Loss:-1.772 || Aad_Loss:-28.259 || 耗时：13.92s
轮次:·10/·20 || c_Loss:0.350 || e_Loss:-1.720 || Aad_Loss:-24.207 || 耗时：13.91s
任务: (B3)N15_M07_F04→(B2)N15_M07_F10; mix批次:····0; 批次:··940/·1880;  总正确率: 66.75%
类型1 正确率： 100.00% -> 1  100.00%, 2    0.00%, 3    0.00%
类型2 正确率：  33.00% -> 1    0.00%, 2   33.10%, 3   66.90%
类型3 正确率：  67.00% -> 1    1.55%, 2   31.30%, 3   67.15%


样本变换：reverse
样本变换：mask
样本变换：shift
样本变换：none
未过滤	未用伪标签：66.75% -> 使用伪标签：61.42%
已过滤	未用伪标签：66.70% -> 使用伪标签：61.63%
排除样本：21|6000	剩余：2000, 1617, 2362
增添样本：2056		细则：362, 1694, 0	正确率估算：100.00%
类型1 正确率： 100.00% -> 1  100.00%, 2    0.00%, 3    0.00%
类型2 正确率：  33.00% -> 1    0.00%, 2   33.05%, 3   66.95%
类型3 正确率：  52.00% -> 1    0.00%, 2   48.28%, 3   51.72%

被排除样本 正确率：80.95%
类型1 正确率：  67.00% -> 1   66.67%, 2   33.33%
类型2 正确率：  83.00% -> 1   16.67%, 2   83.33%


轮次:·11/·20 || c_Loss:0.347 || e_Loss:-1.713 || Aad_Loss:-29.641 || 耗时：36.71s
轮次:·12/·20 || c_Loss:0.348 || e_Loss:-1.815 || Aad_Loss:-23.760 || 耗时：13.77s
轮次:·13/·20 || c_Loss:0.361 || e_Loss:-1.825 || Aad_Loss:-27.737 || 耗时：13.79s
轮次:·14/·20 || c_Loss:0.352 || e_Loss:-1.866 || Aad_Loss:-28.100 || 耗时：13.79s
轮次:·15/·20 || c_Loss:0.337 || e_Loss:-1.540 || Aad_Loss:-34.030 || 耗时：13.83s
任务: (B3)N15_M07_F04→(B2)N15_M07_F10; mix批次:····0; 批次:·1410/·1880;  总正确率: 66.67%
类型1 正确率： 100.00% -> 1  100.00%, 2    0.00%, 3    0.00%
类型2 正确率：  33.00% -> 1    0.00%, 2   33.00%, 3   67.00%
类型3 正确率：  67.00% -> 1    4.00%, 2   29.00%, 3   67.00%


样本变换：reverse
样本变换：mask
样本变换：shift
样本变换：none
未过滤	未用伪标签：66.67% -> 使用伪标签：61.73%
已过滤	未用伪标签：66.61% -> 使用伪标签：61.84%
排除样本：10|6000	剩余：2000, 1606, 2384
增添样本：2106		细则：384, 1722, 0	正确率估算：99.90%
类型1 正确率： 100.00% -> 1  100.00%, 2    0.00%, 3    0.00%
类型2 正确率：  33.00% -> 1    0.00%, 2   33.00%, 3   67.00%
类型3 正确率：  52.00% -> 1    0.00%, 2   47.54%, 3   52.46%

被排除样本 正确率：100.00%
类型1 正确率： 100.00% -> 1  100.00%


轮次:·16/·20 || c_Loss:0.341 || e_Loss:-1.912 || Aad_Loss:-29.651 || 耗时：36.49s
轮次:·17/·20 || c_Loss:0.353 || e_Loss:-1.808 || Aad_Loss:-21.493 || 耗时：13.70s
轮次:·18/·20 || c_Loss:0.347 || e_Loss:-1.746 || Aad_Loss:-28.598 || 耗时：13.73s
轮次:·19/·20 || c_Loss:0.363 || e_Loss:-1.781 || Aad_Loss:-25.928 || 耗时：13.76s
轮次:·20/·20 || c_Loss:0.349 || e_Loss:-1.769 || Aad_Loss:-28.606 || 耗时：13.75s
任务: (B3)N15_M07_F04→(B2)N15_M07_F10; mix批次:····0; 批次:·1880/·1880;  总正确率: 68.07%
类型1 正确率： 100.00% -> 1  100.00%, 2    0.00%, 3    0.00%
类型2 正确率：  33.00% -> 1    0.00%, 2   32.95%, 3   67.05%
类型3 正确率：  71.00% -> 1    4.45%, 2   24.30%, 3   71.25%


测试集任务: (B3)N15_M07_F04→(B2)N15_M07_F10; 总正确率 = 68.07%
类型1 正确率： 100.00% -> 1  100.00%, 2    0.00%, 3    0.00%
类型2 正确率：  33.00% -> 1    0.00%, 2   32.95%, 3   67.05%
类型3 正确率：  71.00% -> 1    4.45%, 2   24.30%, 3   71.25%


