读取源域路径：/kaggle/working/k10/S06/weight_PU_M1_final_checkpoint_FS06toS06c_gatepcv_s2024/NEW_PU/Source-源域/log&pt/(B1)N15_M01_F10
excel输出位置：/kaggle/working/k10/S06/weight_PU_M1_final_checkpoint_FS06toS06c_gatepcv_s2024/NEW_PU/Target-目标域
特征图片输出位置：/kaggle/working/k10/S06/weight_PU_M1_final_checkpoint_FS06toS06c_gatepcv_s2024/NEW_PU/Picture-特征图/2026年09月19日04时33分/(B1)N15_M01_F10
现在选取:(B1)N15_M01_F10 进行训练的源模型
现在进行：(B1)N15_M01_F10→(B3)N15_M07_F04 的迁移任务
log&pt输出位置：/kaggle/working/k10/S06/weight_PU_M1_final_checkpoint_FS06toS06c_gatepcv_s2024/NEW_PU/Target-目标域/log&pt/(B1)N15_M01_F10→(B3)N15_M07_F04
任务: (B1)N15_M01_F10→(B3)N15_M07_F04; 批次:····0/·1880;  总正确率: 73.43%
类型1 正确率： 100.00% -> 1   99.50%, 2    0.05%, 3    0.45%
类型2 正确率：  71.00% -> 1    0.00%, 2   70.75%, 3   29.25%
类型3 正确率：  50.00% -> 1    0.00%, 2   49.95%, 3   50.05%


样本变换：reverse
样本变换：mask
样本变换：shift
样本变换：none
未过滤	未用伪标签：73.43% -> 使用伪标签：73.10%
已过滤	未用伪标签：73.74% -> 使用伪标签：73.79%
排除样本：56|6000	剩余：1998, 2388, 1558
增添样本：1303		细则：390, 0, 913	正确率估算：99.16%
类型1 正确率： 100.00% -> 1  100.00%, 2    0.00%, 3    0.00%
类型2 正确率：  71.00% -> 1    0.00%, 2   71.33%, 3   28.67%
类型3 正确率：  50.00% -> 1    0.00%, 2   50.00%, 3   50.00%

被排除样本 正确率：41.07%
类型1 正确率：  50.00% -> 1   50.00%, 2    0.00%, 3   50.00%
类型2 正确率：  41.00% -> 1    0.00%, 2   40.74%, 3   59.26%
类型3 没有样本或未被分类。


轮次:··1/·20 || c_Loss:0.560 || e_Loss:-1.627 || Aad_Loss:-28.411 || 耗时：36.02s
轮次:··2/·20 || c_Loss:0.367 || e_Loss:-1.036 || Aad_Loss:-30.777 || 耗时：13.56s
轮次:··3/·20 || c_Loss:0.387 || e_Loss:-0.847 || Aad_Loss:-29.729 || 耗时：13.63s
轮次:··4/·20 || c_Loss:0.368 || e_Loss:-0.844 || Aad_Loss:-29.956 || 耗时：13.68s
轮次:··5/·20 || c_Loss:0.368 || e_Loss:-1.744 || Aad_Loss:-28.664 || 耗时：13.73s
任务: (B1)N15_M01_F10→(B3)N15_M07_F04; mix批次:····0; 批次:··470/·1880;  总正确率: 73.18%
类型1 正确率： 100.00% -> 1  100.00%, 2    0.00%, 3    0.00%
类型2 正确率：  70.00% -> 1    0.00%, 2   69.55%, 3   30.45%
类型3 正确率：  50.00% -> 1    0.00%, 2   50.00%, 3   50.00%


样本变换：reverse
样本变换：mask
样本变换：shift
样本变换：none
未过滤	未用伪标签：73.18% -> 使用伪标签：72.57%
已过滤	未用伪标签：73.15% -> 使用伪标签：72.65%
排除样本：7|6000	剩余：2000, 2354, 1639
增添样本：1164		细则：354, 0, 810	正确率估算：98.71%
类型1 正确率： 100.00% -> 1  100.00%, 2    0.00%, 3    0.00%
类型2 正确率：  68.00% -> 1    0.00%, 2   67.94%, 3   32.06%
类型3 正确率：  50.00% -> 1    0.00%, 2   50.00%, 3   50.00%

被排除样本 正确率：100.00%
类型1 正确率： 100.00% -> 1  100.00%


轮次:··6/·20 || c_Loss:0.359 || e_Loss:-1.325 || Aad_Loss:-29.869 || 耗时：36.84s
轮次:··7/·20 || c_Loss:0.353 || e_Loss:-0.867 || Aad_Loss:-30.684 || 耗时：13.87s
轮次:··8/·20 || c_Loss:0.355 || e_Loss:-1.601 || Aad_Loss:-29.704 || 耗时：13.87s
轮次:··9/·20 || c_Loss:0.336 || e_Loss:-0.809 || Aad_Loss:-33.224 || 耗时：13.91s
轮次:·10/·20 || c_Loss:0.350 || e_Loss:-1.822 || Aad_Loss:-31.378 || 耗时：13.93s
任务: (B1)N15_M01_F10→(B3)N15_M07_F04; mix批次:····0; 批次:··940/·1880;  总正确率: 72.72%
类型1 正确率： 100.00% -> 1  100.00%, 2    0.00%, 3    0.00%
类型2 正确率：  68.00% -> 1    0.00%, 2   68.15%, 3   31.85%
类型3 正确率：  50.00% -> 1    0.00%, 2   50.00%, 3   50.00%


样本变换：reverse
样本变换：mask
样本变换：shift
样本变换：none
未过滤	未用伪标签：72.72% -> 使用伪标签：72.35%
已过滤	未用伪标签：72.71% -> 使用伪标签：72.37%
排除样本：2|6000	剩余：2000, 2341, 1657
增添样本：1123		细则：341, 0, 782	正确率估算：99.29%
类型1 正确率： 100.00% -> 1  100.00%, 2    0.00%, 3    0.00%
类型2 正确率：  67.00% -> 1    0.00%, 2   67.12%, 3   32.88%
类型3 正确率：  50.00% -> 1    0.00%, 2   50.00%, 3   50.00%

被排除样本 正确率：100.00%
类型1 正确率： 100.00% -> 1  100.00%


轮次:·11/·20 || c_Loss:0.391 || e_Loss:-1.441 || Aad_Loss:-30.215 || 耗时：36.77s
轮次:·12/·20 || c_Loss:0.376 || e_Loss:-0.816 || Aad_Loss:-30.819 || 耗时：13.70s
轮次:·13/·20 || c_Loss:0.379 || e_Loss:-0.797 || Aad_Loss:-31.010 || 耗时：13.70s
轮次:·14/·20 || c_Loss:0.355 || e_Loss:-0.841 || Aad_Loss:-31.228 || 耗时：13.69s
轮次:·15/·20 || c_Loss:0.379 || e_Loss:-1.545 || Aad_Loss:-30.425 || 耗时：13.70s
任务: (B1)N15_M01_F10→(B3)N15_M07_F04; mix批次:····0; 批次:·1410/·1880;  总正确率: 72.92%
类型1 正确率： 100.00% -> 1  100.00%, 2    0.00%, 3    0.00%
类型2 正确率：  69.00% -> 1    0.00%, 2   68.75%, 3   31.25%
类型3 正确率：  50.00% -> 1    0.00%, 2   50.00%, 3   50.00%


样本变换：reverse
样本变换：mask
样本变换：shift
样本变换：none
未过滤	未用伪标签：72.92% -> 使用伪标签：72.37%
已过滤	未用伪标签：72.91% -> 使用伪标签：72.38%
排除样本：1|6000	剩余：2000, 2342, 1657
增添样本：1125		细则：342, 0, 783	正确率估算：98.93%
类型1 正确率： 100.00% -> 1  100.00%, 2    0.00%, 3    0.00%
类型2 正确率：  67.00% -> 1    0.00%, 2   67.13%, 3   32.87%
类型3 正确率：  50.00% -> 1    0.00%, 2   50.00%, 3   50.00%

被排除样本 正确率：100.00%
类型1 正确率： 100.00% -> 1  100.00%


轮次:·16/·20 || c_Loss:0.446 || e_Loss:-0.716 || Aad_Loss:-31.289 || 耗时：36.49s
轮次:·17/·20 || c_Loss:0.344 || e_Loss:-1.555 || Aad_Loss:-32.718 || 耗时：13.74s
轮次:·18/·20 || c_Loss:0.357 || e_Loss:-1.785 || Aad_Loss:-31.247 || 耗时：13.84s
轮次:·19/·20 || c_Loss:0.352 || e_Loss:-0.846 || Aad_Loss:-31.391 || 耗时：13.87s
轮次:·20/·20 || c_Loss:0.404 || e_Loss:-0.791 || Aad_Loss:-31.835 || 耗时：13.86s
任务: (B1)N15_M01_F10→(B3)N15_M07_F04; mix批次:····0; 批次:·1880/·1880;  总正确率: 72.82%
类型1 正确率： 100.00% -> 1  100.00%, 2    0.00%, 3    0.00%
类型2 正确率：  68.00% -> 1    0.00%, 2   68.45%, 3   31.55%
类型3 正确率：  50.00% -> 1    0.00%, 2   50.00%, 3   50.00%


测试集任务: (B1)N15_M01_F10→(B3)N15_M07_F04; 总正确率 = 72.82%
类型1 正确率： 100.00% -> 1  100.00%, 2    0.00%, 3    0.00%
类型2 正确率：  68.00% -> 1    0.00%, 2   68.45%, 3   31.55%
类型3 正确率：  50.00% -> 1    0.00%, 2   50.00%, 3   50.00%


