读取源域路径：/kaggle/working/k10/S06/weight_PU_M1_final_checkpoint_FS06toS06c_gatepcv_s2024/NEW_PU/Source-源域/log&pt/(B2)N15_M07_F10
excel输出位置：/kaggle/working/k10/S06/weight_PU_M1_final_checkpoint_FS06toS06c_gatepcv_s2024/NEW_PU/Target-目标域
特征图片输出位置：/kaggle/working/k10/S06/weight_PU_M1_final_checkpoint_FS06toS06c_gatepcv_s2024/NEW_PU/Picture-特征图/2026年09月19日04时40分/(B2)N15_M07_F10
现在选取:(B2)N15_M07_F10 进行训练的源模型
现在进行：(B2)N15_M07_F10→(B1)N15_M01_F10 的迁移任务
log&pt输出位置：/kaggle/working/k10/S06/weight_PU_M1_final_checkpoint_FS06toS06c_gatepcv_s2024/NEW_PU/Target-目标域/log&pt/(B2)N15_M07_F10→(B1)N15_M01_F10
任务: (B2)N15_M07_F10→(B1)N15_M01_F10; 批次:····0/·1880;  总正确率: 75.43%
类型1 正确率： 100.00% -> 1   99.55%, 2    0.05%, 3    0.40%
类型2 正确率：  77.00% -> 1    0.00%, 2   76.55%, 3   23.45%
类型3 正确率：  50.00% -> 1    0.00%, 2   49.80%, 3   50.20%


样本变换：reverse
样本变换：mask
样本变换：shift
样本变换：none
未过滤	未用伪标签：75.43% -> 使用伪标签：74.20%
已过滤	未用伪标签：75.42% -> 使用伪标签：74.95%
排除样本：60|6000	剩余：1996, 2455, 1489
增添样本：1716		细则：459, 0, 1257	正确率估算：98.61%
类型1 正确率： 100.00% -> 1   99.95%, 2    0.00%, 3    0.05%
类型2 正确率：  75.00% -> 1    0.00%, 2   74.90%, 3   25.10%
类型3 正确率：  50.00% -> 1    0.00%, 2   49.97%, 3   50.03%

被排除样本 正确率：76.67%
类型1 正确率：  67.00% -> 1   66.67%, 2   33.33%, 3    0.00%
类型2 正确率：  77.00% -> 1    0.00%, 2   76.79%, 3   23.21%
类型3 正确率： 100.00% -> 1    0.00%, 2    0.00%, 3  100.00%


轮次:··1/·20 || c_Loss:0.559 || e_Loss:-1.590 || Aad_Loss:-25.972 || 耗时：36.38s
轮次:··2/·20 || c_Loss:0.383 || e_Loss:-1.173 || Aad_Loss:-28.967 || 耗时：13.74s
轮次:··3/·20 || c_Loss:0.379 || e_Loss:-1.633 || Aad_Loss:-27.659 || 耗时：13.75s
轮次:··4/·20 || c_Loss:0.332 || e_Loss:-1.596 || Aad_Loss:-29.907 || 耗时：13.80s
轮次:··5/·20 || c_Loss:0.348 || e_Loss:-1.674 || Aad_Loss:-29.129 || 耗时：13.86s
任务: (B2)N15_M07_F10→(B1)N15_M01_F10; mix批次:····0; 批次:··470/·1880;  总正确率: 75.98%
类型1 正确率： 100.00% -> 1  100.00%, 2    0.00%, 3    0.00%
类型2 正确率：  78.00% -> 1    0.00%, 2   77.95%, 3   22.05%
类型3 正确率：  50.00% -> 1    0.00%, 2   50.00%, 3   50.00%


样本变换：reverse
样本变换：mask
样本变换：shift
样本变换：none
未过滤	未用伪标签：75.98% -> 使用伪标签：73.25%
已过滤	未用伪标签：75.92% -> 使用伪标签：73.45%
排除样本：16|6000	剩余：2000, 2395, 1589
增添样本：1548		细则：395, 0, 1153	正确率估算：96.06%
类型1 正确率： 100.00% -> 1  100.00%, 2    0.00%, 3    0.00%
类型2 正确率：  70.00% -> 1    0.00%, 2   70.31%, 3   29.69%
类型3 正确率：  50.00% -> 1    0.00%, 2   50.00%, 3   50.00%

被排除样本 正确率：100.00%
类型1 正确率： 100.00% -> 1  100.00%


轮次:··6/·20 || c_Loss:0.355 || e_Loss:-1.750 || Aad_Loss:-28.331 || 耗时：36.84s
轮次:··7/·20 || c_Loss:0.347 || e_Loss:-1.789 || Aad_Loss:-29.119 || 耗时：13.88s
轮次:··8/·20 || c_Loss:0.326 || e_Loss:-1.636 || Aad_Loss:-30.260 || 耗时：13.85s
轮次:··9/·20 || c_Loss:0.379 || e_Loss:-1.850 || Aad_Loss:-29.455 || 耗时：13.89s
轮次:·10/·20 || c_Loss:0.404 || e_Loss:-1.797 || Aad_Loss:-28.681 || 耗时：13.92s
任务: (B2)N15_M07_F10→(B1)N15_M01_F10; mix批次:····0; 批次:··940/·1880;  总正确率: 75.17%
类型1 正确率： 100.00% -> 1  100.00%, 2    0.00%, 3    0.00%
类型2 正确率：  76.00% -> 1    0.00%, 2   75.50%, 3   24.50%
类型3 正确率：  50.00% -> 1    0.00%, 2   50.00%, 3   50.00%


样本变换：reverse
样本变换：mask
样本变换：shift
样本变换：none
未过滤	未用伪标签：75.17% -> 使用伪标签：72.68%
已过滤	未用伪标签：75.15% -> 使用伪标签：72.74%
排除样本：5|6000	剩余：2000, 2361, 1634
增添样本：1467		细则：361, 0, 1106	正确率估算：97.07%
类型1 正确率： 100.00% -> 1  100.00%, 2    0.00%, 3    0.00%
类型2 正确率：  68.00% -> 1    0.00%, 2   68.22%, 3   31.78%
类型3 正确率：  50.00% -> 1    0.00%, 2   50.00%, 3   50.00%

被排除样本 正确率：100.00%
类型1 正确率： 100.00% -> 1  100.00%


轮次:·11/·20 || c_Loss:0.335 || e_Loss:-1.511 || Aad_Loss:-30.264 || 耗时：36.91s
轮次:·12/·20 || c_Loss:0.390 || e_Loss:-1.733 || Aad_Loss:-29.829 || 耗时：13.79s
轮次:·13/·20 || c_Loss:0.321 || e_Loss:-1.548 || Aad_Loss:-31.384 || 耗时：13.78s
轮次:·14/·20 || c_Loss:0.348 || e_Loss:-1.844 || Aad_Loss:-30.759 || 耗时：13.78s
轮次:·15/·20 || c_Loss:0.352 || e_Loss:-1.668 || Aad_Loss:-28.878 || 耗时：13.76s
任务: (B2)N15_M07_F10→(B1)N15_M01_F10; mix批次:····0; 批次:·1410/·1880;  总正确率: 73.98%
类型1 正确率： 100.00% -> 1  100.00%, 2    0.00%, 3    0.00%
类型2 正确率：  72.00% -> 1    0.00%, 2   71.95%, 3   28.05%
类型3 正确率：  50.00% -> 1    0.00%, 2   50.00%, 3   50.00%


样本变换：reverse
样本变换：mask
样本变换：shift
样本变换：none
未过滤	未用伪标签：73.98% -> 使用伪标签：72.45%
已过滤	未用伪标签：73.97% -> 使用伪标签：72.49%
排除样本：3|6000	剩余：2000, 2347, 1650
增添样本：1434		细则：347, 0, 1087	正确率估算：98.12%
类型1 正确率： 100.00% -> 1  100.00%, 2    0.00%, 3    0.00%
类型2 正确率：  67.00% -> 1    0.00%, 2   67.45%, 3   32.55%
类型3 正确率：  50.00% -> 1    0.00%, 2   50.00%, 3   50.00%

被排除样本 正确率：100.00%
类型1 正确率： 100.00% -> 1  100.00%


轮次:·16/·20 || c_Loss:0.342 || e_Loss:-1.631 || Aad_Loss:-31.025 || 耗时：36.93s
轮次:·17/·20 || c_Loss:0.372 || e_Loss:-0.800 || Aad_Loss:-31.270 || 耗时：13.74s
轮次:·18/·20 || c_Loss:0.402 || e_Loss:-1.788 || Aad_Loss:-29.519 || 耗时：13.79s
轮次:·19/·20 || c_Loss:0.437 || e_Loss:-1.778 || Aad_Loss:-30.223 || 耗时：13.83s
轮次:·20/·20 || c_Loss:0.333 || e_Loss:-1.690 || Aad_Loss:-31.692 || 耗时：13.86s
任务: (B2)N15_M07_F10→(B1)N15_M01_F10; mix批次:····0; 批次:·1880/·1880;  总正确率: 73.87%
类型1 正确率： 100.00% -> 1  100.00%, 2    0.00%, 3    0.00%
类型2 正确率：  72.00% -> 1    0.05%, 2   71.60%, 3   28.35%
类型3 正确率：  50.00% -> 1    0.00%, 2   50.00%, 3   50.00%


测试集任务: (B2)N15_M07_F10→(B1)N15_M01_F10; 总正确率 = 73.87%
类型1 正确率： 100.00% -> 1  100.00%, 2    0.00%, 3    0.00%
类型2 正确率：  72.00% -> 1    0.05%, 2   71.60%, 3   28.35%
类型3 正确率：  50.00% -> 1    0.00%, 2   50.00%, 3   50.00%


