读取源域路径：/kaggle/working/shot_k10/S04/weight_PU_M1_shot_FS04toS04_s2024/NEW_PU/Source-源域/log&pt/(B3)N15_M07_F04
excel输出位置：/kaggle/working/shot_k10/S04/weight_PU_M1_shot_FS04toS04_s2024/NEW_PU/Target-目标域
特征图片输出位置：/kaggle/working/shot_k10/S04/weight_PU_M1_shot_FS04toS04_s2024/NEW_PU/Picture-特征图/2026年09月22日01时17分/(B3)N15_M07_F04
现在选取:(B3)N15_M07_F04 进行训练的源模型
现在进行：(B3)N15_M07_F04→(B2)N15_M07_F10 的迁移任务
log&pt输出位置：/kaggle/working/shot_k10/S04/weight_PU_M1_shot_FS04toS04_s2024/NEW_PU/Target-目标域/log&pt/(B3)N15_M07_F04→(B2)N15_M07_F10
任务: (B3)N15_M07_F04→(B2)N15_M07_F10; 批次:····0/·1880;  总正确率: 66.17%
类型1 正确率：  99.00% -> 1   99.00%, 2    0.00%, 3    1.00%
类型2 正确率：  42.00% -> 1    0.00%, 2   41.80%, 3   58.20%
类型3 正确率：  58.00% -> 1    0.00%, 2   42.30%, 3   57.70%


SHOT pseudo-labels: model 66.17% -> centroid 68.55%
轮次:··1/·20 || cls:1.334 || im:-0.877 || 耗时：22.13s
SHOT pseudo-labels: model 67.35% -> centroid 69.42%
轮次:··2/·20 || cls:1.231 || im:-0.855 || 耗时：16.38s
SHOT pseudo-labels: model 66.25% -> centroid 70.02%
轮次:··3/·20 || cls:0.868 || im:-0.687 || 耗时：16.00s
SHOT pseudo-labels: model 67.88% -> centroid 71.98%
轮次:··4/·20 || cls:0.868 || im:-0.675 || 耗时：15.94s
SHOT pseudo-labels: model 67.82% -> centroid 71.05%
轮次:··5/·20 || cls:0.684 || im:-0.746 || 耗时：16.07s
SHOT pseudo-labels: model 68.70% -> centroid 70.27%
轮次:··6/·20 || cls:0.882 || im:-0.672 || 耗时：16.20s
SHOT pseudo-labels: model 69.60% -> centroid 71.83%
轮次:··7/·20 || cls:0.796 || im:-0.689 || 耗时：16.13s
SHOT pseudo-labels: model 69.50% -> centroid 70.93%
轮次:··8/·20 || cls:0.799 || im:-0.676 || 耗时：16.06s
SHOT pseudo-labels: model 70.63% -> centroid 70.77%
轮次:··9/·20 || cls:0.532 || im:-0.591 || 耗时：16.01s
SHOT pseudo-labels: model 70.85% -> centroid 69.37%
轮次:·10/·20 || cls:0.593 || im:-0.712 || 耗时：16.06s
SHOT pseudo-labels: model 71.58% -> centroid 68.63%
轮次:·11/·20 || cls:0.756 || im:-0.633 || 耗时：16.13s
SHOT pseudo-labels: model 71.42% -> centroid 67.85%
轮次:·12/·20 || cls:0.854 || im:-0.665 || 耗时：16.14s
SHOT pseudo-labels: model 71.70% -> centroid 67.27%
轮次:·13/·20 || cls:0.709 || im:-0.560 || 耗时：16.15s
SHOT pseudo-labels: model 71.18% -> centroid 66.17%
轮次:·14/·20 || cls:0.676 || im:-0.649 || 耗时：16.10s
SHOT pseudo-labels: model 71.27% -> centroid 65.93%
轮次:·15/·20 || cls:0.791 || im:-0.722 || 耗时：16.11s
SHOT pseudo-labels: model 71.40% -> centroid 65.88%
轮次:·16/·20 || cls:0.760 || im:-0.644 || 耗时：16.10s
SHOT pseudo-labels: model 71.78% -> centroid 66.17%
轮次:·17/·20 || cls:0.901 || im:-0.757 || 耗时：16.07s
SHOT pseudo-labels: model 72.05% -> centroid 65.80%
轮次:·18/·20 || cls:0.786 || im:-0.643 || 耗时：16.06s
SHOT pseudo-labels: model 72.65% -> centroid 65.83%
轮次:·19/·20 || cls:0.850 || im:-0.610 || 耗时：16.04s
SHOT pseudo-labels: model 72.35% -> centroid 65.45%
轮次:·20/·20 || cls:0.648 || im:-0.620 || 耗时：16.05s
测试集任务: (B3)N15_M07_F04→(B2)N15_M07_F10; 总正确率 = 72.25%
类型1 正确率：  99.00% -> 1   99.35%, 2    0.15%, 3    0.50%
类型2 正确率：  57.00% -> 1    0.25%, 2   57.45%, 3   42.30%
类型3 正确率：  60.00% -> 1    1.15%, 2   38.90%, 3   59.95%


