读取源域路径：/kaggle/working/shot_k10/S04/weight_PU_M1_shot_FS04toS04_s2024/NEW_PU/Source-源域/log&pt/(B1)N15_M01_F10
excel输出位置：/kaggle/working/shot_k10/S04/weight_PU_M1_shot_FS04toS04_s2024/NEW_PU/Target-目标域
特征图片输出位置：/kaggle/working/shot_k10/S04/weight_PU_M1_shot_FS04toS04_s2024/NEW_PU/Picture-特征图/2026年09月22日00时49分/(B1)N15_M01_F10
现在选取:(B1)N15_M01_F10 进行训练的源模型
现在进行：(B1)N15_M01_F10→(B2)N15_M07_F10 的迁移任务
log&pt输出位置：/kaggle/working/shot_k10/S04/weight_PU_M1_shot_FS04toS04_s2024/NEW_PU/Target-目标域/log&pt/(B1)N15_M01_F10→(B2)N15_M07_F10
任务: (B1)N15_M01_F10→(B2)N15_M07_F10; 批次:····0/·1880;  总正确率: 94.32%
类型1 正确率： 100.00% -> 1   99.95%, 2    0.05%, 3    0.00%
类型2 正确率： 100.00% -> 1    0.00%, 2   99.90%, 3    0.10%
类型3 正确率：  83.00% -> 1    0.00%, 2   16.90%, 3   83.10%


SHOT pseudo-labels: model 94.32% -> centroid 97.65%
轮次:··1/·20 || cls:1.231 || im:-0.907 || 耗时：22.30s
SHOT pseudo-labels: model 93.78% -> centroid 95.30%
轮次:··2/·20 || cls:1.134 || im:-0.845 || 耗时：16.59s
SHOT pseudo-labels: model 92.13% -> centroid 82.47%
轮次:··3/·20 || cls:1.150 || im:-0.709 || 耗时：16.00s
SHOT pseudo-labels: model 89.92% -> centroid 75.80%
轮次:··4/·20 || cls:0.728 || im:-0.703 || 耗时：15.91s
SHOT pseudo-labels: model 90.63% -> centroid 74.30%
轮次:··5/·20 || cls:0.813 || im:-0.722 || 耗时：16.05s
SHOT pseudo-labels: model 90.75% -> centroid 72.80%
轮次:··6/·20 || cls:0.789 || im:-0.711 || 耗时：16.27s
SHOT pseudo-labels: model 93.70% -> centroid 78.18%
轮次:··7/·20 || cls:0.699 || im:-0.676 || 耗时：16.18s
SHOT pseudo-labels: model 94.65% -> centroid 81.82%
轮次:··8/·20 || cls:0.801 || im:-0.658 || 耗时：16.02s
SHOT pseudo-labels: model 94.70% -> centroid 84.28%
轮次:··9/·20 || cls:0.680 || im:-0.719 || 耗时：16.05s
SHOT pseudo-labels: model 94.65% -> centroid 83.83%
轮次:·10/·20 || cls:0.714 || im:-0.745 || 耗时：16.16s
SHOT pseudo-labels: model 94.35% -> centroid 91.72%
轮次:·11/·20 || cls:0.717 || im:-0.677 || 耗时：16.21s
SHOT pseudo-labels: model 95.62% -> centroid 93.43%
轮次:·12/·20 || cls:0.966 || im:-0.746 || 耗时：16.13s
SHOT pseudo-labels: model 95.18% -> centroid 96.70%
轮次:·13/·20 || cls:0.703 || im:-0.732 || 耗时：16.01s
SHOT pseudo-labels: model 96.10% -> centroid 96.82%
轮次:·14/·20 || cls:0.652 || im:-0.625 || 耗时：16.05s
SHOT pseudo-labels: model 96.08% -> centroid 97.45%
轮次:·15/·20 || cls:0.686 || im:-0.727 || 耗时：16.05s
SHOT pseudo-labels: model 96.48% -> centroid 96.95%
轮次:·16/·20 || cls:0.694 || im:-0.773 || 耗时：16.09s
SHOT pseudo-labels: model 97.15% -> centroid 94.03%
轮次:·17/·20 || cls:0.870 || im:-0.694 || 耗时：16.10s
SHOT pseudo-labels: model 97.27% -> centroid 94.10%
轮次:·18/·20 || cls:0.822 || im:-0.710 || 耗时：16.12s
SHOT pseudo-labels: model 96.57% -> centroid 95.87%
轮次:·19/·20 || cls:0.873 || im:-0.686 || 耗时：16.13s
SHOT pseudo-labels: model 96.63% -> centroid 94.68%
轮次:·20/·20 || cls:0.574 || im:-0.749 || 耗时：16.14s
测试集任务: (B1)N15_M01_F10→(B2)N15_M07_F10; 总正确率 = 97.05%
类型1 正确率： 100.00% -> 1   99.95%, 2    0.05%, 3    0.00%
类型2 正确率：  95.00% -> 1    0.30%, 2   95.20%, 3    4.50%
类型3 正确率：  96.00% -> 1    0.05%, 2    3.95%, 3   96.00%


