读取源域路径：/kaggle/working/shot_k10/S04/weight_PU_M1_shot_FS04toS04_s2024/NEW_PU/Source-源域/log&pt/(B3)N15_M07_F04
excel输出位置：/kaggle/working/shot_k10/S04/weight_PU_M1_shot_FS04toS04_s2024/NEW_PU/Target-目标域
特征图片输出位置：/kaggle/working/shot_k10/S04/weight_PU_M1_shot_FS04toS04_s2024/NEW_PU/Picture-特征图/2026年09月22日01时11分/(B3)N15_M07_F04
现在选取:(B3)N15_M07_F04 进行训练的源模型
现在进行：(B3)N15_M07_F04→(B1)N15_M01_F10 的迁移任务
log&pt输出位置：/kaggle/working/shot_k10/S04/weight_PU_M1_shot_FS04toS04_s2024/NEW_PU/Target-目标域/log&pt/(B3)N15_M07_F04→(B1)N15_M01_F10
任务: (B3)N15_M07_F04→(B1)N15_M01_F10; 批次:····0/·1880;  总正确率: 63.37%
类型1 正确率： 100.00% -> 1   99.65%, 2    0.00%, 3    0.35%
类型2 正确率：  36.00% -> 1    0.00%, 2   36.45%, 3   63.55%
类型3 正确率：  54.00% -> 1    0.00%, 2   46.00%, 3   54.00%


SHOT pseudo-labels: model 63.37% -> centroid 65.25%
轮次:··1/·20 || cls:1.347 || im:-0.824 || 耗时：22.15s
SHOT pseudo-labels: model 68.13% -> centroid 68.70%
轮次:··2/·20 || cls:1.076 || im:-0.812 || 耗时：16.45s
SHOT pseudo-labels: model 65.70% -> centroid 71.07%
轮次:··3/·20 || cls:0.764 || im:-0.676 || 耗时：16.01s
SHOT pseudo-labels: model 66.48% -> centroid 65.22%
轮次:··4/·20 || cls:0.866 || im:-0.669 || 耗时：15.92s
SHOT pseudo-labels: model 67.62% -> centroid 67.22%
轮次:··5/·20 || cls:0.581 || im:-0.574 || 耗时：16.01s
SHOT pseudo-labels: model 69.47% -> centroid 66.67%
轮次:··6/·20 || cls:0.831 || im:-0.665 || 耗时：16.13s
SHOT pseudo-labels: model 69.13% -> centroid 70.12%
轮次:··7/·20 || cls:0.787 || im:-0.660 || 耗时：16.14s
SHOT pseudo-labels: model 70.65% -> centroid 71.45%
轮次:··8/·20 || cls:0.794 || im:-0.678 || 耗时：16.09s
SHOT pseudo-labels: model 71.10% -> centroid 70.97%
轮次:··9/·20 || cls:0.606 || im:-0.691 || 耗时：16.06s
SHOT pseudo-labels: model 72.03% -> centroid 70.12%
轮次:·10/·20 || cls:0.671 || im:-0.735 || 耗时：16.05s
SHOT pseudo-labels: model 72.37% -> centroid 71.12%
轮次:·11/·20 || cls:0.619 || im:-0.588 || 耗时：16.06s
SHOT pseudo-labels: model 72.08% -> centroid 70.30%
轮次:·12/·20 || cls:0.868 || im:-0.705 || 耗时：16.01s
SHOT pseudo-labels: model 71.20% -> centroid 69.68%
轮次:·13/·20 || cls:0.767 || im:-0.695 || 耗时：16.04s
SHOT pseudo-labels: model 71.93% -> centroid 70.28%
轮次:·14/·20 || cls:0.782 || im:-0.681 || 耗时：16.05s
SHOT pseudo-labels: model 71.68% -> centroid 69.17%
轮次:·15/·20 || cls:0.644 || im:-0.681 || 耗时：16.08s
SHOT pseudo-labels: model 71.38% -> centroid 69.10%
轮次:·16/·20 || cls:0.614 || im:-0.595 || 耗时：16.11s
SHOT pseudo-labels: model 71.38% -> centroid 69.38%
轮次:·17/·20 || cls:1.096 || im:-0.776 || 耗时：16.14s
SHOT pseudo-labels: model 71.43% -> centroid 69.55%
轮次:·18/·20 || cls:0.661 || im:-0.620 || 耗时：16.11s
SHOT pseudo-labels: model 72.08% -> centroid 69.92%
轮次:·19/·20 || cls:0.824 || im:-0.632 || 耗时：16.10s
SHOT pseudo-labels: model 71.80% -> centroid 70.23%
轮次:·20/·20 || cls:0.540 || im:-0.620 || 耗时：16.10s
测试集任务: (B3)N15_M07_F04→(B1)N15_M01_F10; 总正确率 = 70.40%
类型1 正确率：  99.00% -> 1   98.65%, 2    0.30%, 3    1.05%
类型2 正确率：  56.00% -> 1    0.30%, 2   56.50%, 3   43.20%
类型3 正确率：  56.00% -> 1    0.30%, 2   43.65%, 3   56.05%


