读取源域路径：/kaggle/working/shot_k10/S04/weight_PU_M1_shot_FS04toS04_s2024/NEW_PU/Source-源域/log&pt/(B2)N15_M07_F10
excel输出位置：/kaggle/working/shot_k10/S04/weight_PU_M1_shot_FS04toS04_s2024/NEW_PU/Target-目标域
特征图片输出位置：/kaggle/working/shot_k10/S04/weight_PU_M1_shot_FS04toS04_s2024/NEW_PU/Picture-特征图/2026年09月22日01时00分/(B2)N15_M07_F10
现在选取:(B2)N15_M07_F10 进行训练的源模型
现在进行：(B2)N15_M07_F10→(B1)N15_M01_F10 的迁移任务
log&pt输出位置：/kaggle/working/shot_k10/S04/weight_PU_M1_shot_FS04toS04_s2024/NEW_PU/Target-目标域/log&pt/(B2)N15_M07_F10→(B1)N15_M01_F10
任务: (B2)N15_M07_F10→(B1)N15_M01_F10; 批次:····0/·1880;  总正确率: 92.03%
类型1 正确率： 100.00% -> 1  100.00%, 2    0.00%, 3    0.00%
类型2 正确率：  77.00% -> 1    0.70%, 2   77.30%, 3   22.00%
类型3 正确率：  99.00% -> 1    0.10%, 2    1.10%, 3   98.80%


SHOT pseudo-labels: model 92.03% -> centroid 92.10%
轮次:··1/·20 || cls:0.968 || im:-0.867 || 耗时：22.27s
SHOT pseudo-labels: model 88.32% -> centroid 90.22%
轮次:··2/·20 || cls:1.224 || im:-0.762 || 耗时：16.45s
SHOT pseudo-labels: model 74.45% -> centroid 65.97%
轮次:··3/·20 || cls:0.801 || im:-0.596 || 耗时：15.94s
SHOT pseudo-labels: model 72.75% -> centroid 63.95%
轮次:··4/·20 || cls:0.751 || im:-0.559 || 耗时：15.90s
SHOT pseudo-labels: model 78.10% -> centroid 73.47%
轮次:··5/·20 || cls:0.688 || im:-0.698 || 耗时：15.99s
SHOT pseudo-labels: model 82.05% -> centroid 75.30%
轮次:··6/·20 || cls:0.523 || im:-0.648 || 耗时：16.17s
SHOT pseudo-labels: model 86.48% -> centroid 90.27%
轮次:··7/·20 || cls:0.742 || im:-0.604 || 耗时：16.10s
SHOT pseudo-labels: model 85.18% -> centroid 75.57%
轮次:··8/·20 || cls:0.740 || im:-0.616 || 耗时：16.06s
SHOT pseudo-labels: model 86.82% -> centroid 78.40%
轮次:··9/·20 || cls:0.809 || im:-0.724 || 耗时：16.01s
SHOT pseudo-labels: model 87.55% -> centroid 86.32%
轮次:·10/·20 || cls:0.595 || im:-0.692 || 耗时：16.04s
SHOT pseudo-labels: model 86.98% -> centroid 72.52%
轮次:·11/·20 || cls:0.635 || im:-0.629 || 耗时：16.07s
SHOT pseudo-labels: model 88.57% -> centroid 84.35%
轮次:·12/·20 || cls:0.840 || im:-0.724 || 耗时：16.05s
SHOT pseudo-labels: model 89.05% -> centroid 87.22%
轮次:·13/·20 || cls:0.689 || im:-0.660 || 耗时：16.04s
SHOT pseudo-labels: model 89.08% -> centroid 90.23%
轮次:·14/·20 || cls:0.669 || im:-0.624 || 耗时：16.04s
SHOT pseudo-labels: model 89.82% -> centroid 84.22%
轮次:·15/·20 || cls:0.724 || im:-0.693 || 耗时：16.04s
SHOT pseudo-labels: model 90.00% -> centroid 86.67%
轮次:·16/·20 || cls:0.688 || im:-0.726 || 耗时：16.08s
SHOT pseudo-labels: model 89.52% -> centroid 80.53%
轮次:·17/·20 || cls:0.784 || im:-0.696 || 耗时：16.10s
SHOT pseudo-labels: model 90.50% -> centroid 89.57%
轮次:·18/·20 || cls:0.825 || im:-0.717 || 耗时：16.09s
SHOT pseudo-labels: model 90.20% -> centroid 89.20%
轮次:·19/·20 || cls:0.803 || im:-0.598 || 耗时：16.11s
SHOT pseudo-labels: model 90.33% -> centroid 91.42%
轮次:·20/·20 || cls:0.522 || im:-0.688 || 耗时：16.10s
测试集任务: (B2)N15_M07_F10→(B1)N15_M01_F10; 总正确率 = 90.98%
类型1 正确率： 100.00% -> 1   99.75%, 2    0.10%, 3    0.15%
类型2 正确率：  88.00% -> 1    0.65%, 2   87.65%, 3   11.70%
类型3 正确率：  86.00% -> 1    0.20%, 2   14.25%, 3   85.55%


