读取源域路径：/kaggle/working/shot_k10/S04/weight_PU_M1_shot_FS04toS04_s2024/NEW_PU/Source-源域/log&pt/(B2)N15_M07_F10
excel输出位置：/kaggle/working/shot_k10/S04/weight_PU_M1_shot_FS04toS04_s2024/NEW_PU/Target-目标域
特征图片输出位置：/kaggle/working/shot_k10/S04/weight_PU_M1_shot_FS04toS04_s2024/NEW_PU/Picture-特征图/2026年09月22日01时06分/(B2)N15_M07_F10
现在选取:(B2)N15_M07_F10 进行训练的源模型
现在进行：(B2)N15_M07_F10→(B3)N15_M07_F04 的迁移任务
log&pt输出位置：/kaggle/working/shot_k10/S04/weight_PU_M1_shot_FS04toS04_s2024/NEW_PU/Target-目标域/log&pt/(B2)N15_M07_F10→(B3)N15_M07_F04
任务: (B2)N15_M07_F10→(B3)N15_M07_F04; 批次:····0/·1880;  总正确率: 80.52%
类型1 正确率： 100.00% -> 1  100.00%, 2    0.00%, 3    0.00%
类型2 正确率：  91.00% -> 1    0.00%, 2   90.95%, 3    9.05%
类型3 正确率：  51.00% -> 1    1.75%, 2   47.65%, 3   50.60%


SHOT pseudo-labels: model 80.52% -> centroid 81.55%
轮次:··1/·20 || cls:1.400 || im:-0.885 || 耗时：22.20s
SHOT pseudo-labels: model 73.47% -> centroid 76.60%
轮次:··2/·20 || cls:0.979 || im:-0.739 || 耗时：16.51s
SHOT pseudo-labels: model 66.78% -> centroid 70.07%
轮次:··3/·20 || cls:0.552 || im:-0.541 || 耗时：15.98s
SHOT pseudo-labels: model 69.43% -> centroid 79.50%
轮次:··4/·20 || cls:0.866 || im:-0.680 || 耗时：15.90s
SHOT pseudo-labels: model 71.17% -> centroid 69.13%
轮次:··5/·20 || cls:0.549 || im:-0.621 || 耗时：16.01s
SHOT pseudo-labels: model 69.22% -> centroid 65.82%
轮次:··6/·20 || cls:0.435 || im:-0.579 || 耗时：16.18s
SHOT pseudo-labels: model 73.72% -> centroid 78.85%
轮次:··7/·20 || cls:0.561 || im:-0.556 || 耗时：16.19s
SHOT pseudo-labels: model 70.23% -> centroid 66.30%
轮次:··8/·20 || cls:0.839 || im:-0.651 || 耗时：16.02s
SHOT pseudo-labels: model 73.30% -> centroid 72.47%
轮次:··9/·20 || cls:0.618 || im:-0.685 || 耗时：16.00s
SHOT pseudo-labels: model 73.20% -> centroid 76.10%
轮次:·10/·20 || cls:0.750 || im:-0.716 || 耗时：16.05s
SHOT pseudo-labels: model 73.88% -> centroid 76.78%
轮次:·11/·20 || cls:0.595 || im:-0.533 || 耗时：16.11s
SHOT pseudo-labels: model 75.38% -> centroid 77.87%
轮次:·12/·20 || cls:0.675 || im:-0.558 || 耗时：16.13s
SHOT pseudo-labels: model 75.75% -> centroid 77.27%
轮次:·13/·20 || cls:0.667 || im:-0.625 || 耗时：16.10s
SHOT pseudo-labels: model 77.22% -> centroid 75.88%
轮次:·14/·20 || cls:0.755 || im:-0.607 || 耗时：16.10s
SHOT pseudo-labels: model 77.48% -> centroid 75.80%
轮次:·15/·20 || cls:0.801 || im:-0.649 || 耗时：16.09s
SHOT pseudo-labels: model 78.03% -> centroid 76.22%
轮次:·16/·20 || cls:0.667 || im:-0.679 || 耗时：16.07s
SHOT pseudo-labels: model 77.55% -> centroid 75.78%
轮次:·17/·20 || cls:0.665 || im:-0.639 || 耗时：16.05s
SHOT pseudo-labels: model 77.85% -> centroid 75.60%
轮次:·18/·20 || cls:0.895 || im:-0.744 || 耗时：16.04s
SHOT pseudo-labels: model 77.75% -> centroid 75.77%
轮次:·19/·20 || cls:0.898 || im:-0.631 || 耗时：16.06s
SHOT pseudo-labels: model 78.20% -> centroid 75.22%
轮次:·20/·20 || cls:0.601 || im:-0.625 || 耗时：16.07s
测试集任务: (B2)N15_M07_F10→(B3)N15_M07_F04; 总正确率 = 78.08%
类型1 正确率：  99.00% -> 1   98.95%, 2    0.05%, 3    1.00%
类型2 正确率：  70.00% -> 1    0.35%, 2   70.05%, 3   29.60%
类型3 正确率：  65.00% -> 1    0.65%, 2   34.10%, 3   65.25%


