

现在开始拿源域训练集：(B1)N15_M01_F10 进行训练
源域读取路径：/kaggle/working/shot_k10/S04/sdalr_PU_shot/DATA_foldS04/PU_M1_L3/N15_M01_F10_label.txt
excel输出位置：/kaggle/working/shot_k10/S04/weight_src_PU_M1_FS04_s2024/NEW_PU/Source-源域
log&pt输出位置：/kaggle/working/shot_k10/S04/weight_src_PU_M1_FS04_s2024/NEW_PU/Source-源域/log&pt/(B1)N15_M01_F10
特征图片输出位置：/kaggle/working/shot_k10/S04/weight_src_PU_M1_FS04_s2024/NEW_PU/Picture-特征图/2026年09月22日00时44分/(B1)N15_M01_F10
源域训练开始
轮次:··1/·10 || loss:0.133 || 耗时：9.18s
轮次:··2/·10 || loss:0.108 || 耗时：8.89s
轮次:··3/·10 || loss:0.097 || 耗时：9.22s
轮次:··4/·10 || loss:0.053 || 耗时：9.39s
轮次:··5/·10 || loss:0.039 || 耗时：9.15s
任务: (B1)N15_M01_F10; mix批次:····0; 批次:··330/··660; 总正确率 = 96.63%
类型1 正确率： 100.00% -> 1  100.00%, 2    0.00%, 3    0.00%
类型2 正确率：  95.00% -> 1    0.00%, 2   94.68%, 3    5.32%
类型3 正确率：  95.00% -> 1    0.00%, 2    4.78%, 3   95.22%


轮次:··6/·10 || loss:0.009 || 耗时：8.83s
轮次:··7/·10 || loss:0.029 || 耗时：8.71s
轮次:··8/·10 || loss:0.011 || 耗时：8.69s
轮次:··9/·10 || loss:0.001 || 耗时：8.72s
轮次:·10/·10 || loss:0.032 || 耗时：8.84s
任务: (B1)N15_M01_F10; mix批次:····0; 批次:··660/··660; 总正确率 = 94.86%
类型1 正确率： 100.00% -> 1  100.00%, 2    0.00%, 3    0.00%
类型2 正确率：  85.00% -> 1    0.00%, 2   84.57%, 3   15.43%
类型3 正确率： 100.00% -> 1    0.00%, 2    0.00%, 3  100.00%


测试集任务: (B1)N15_M01_F10; 总正确率 = 96.71%
类型1 正确率： 100.00% -> 1  100.00%, 2    0.00%, 3    0.00%
类型2 正确率：  98.00% -> 1    0.00%, 2   98.08%, 3    1.92%
类型3 正确率：  92.00% -> 1    0.00%, 2    7.95%, 3   92.05%


源域训练结束

训练好之后，测试目标域
目标域路径：/kaggle/working/shot_k10/S04/sdalr_PU_shot/DATA_foldS04/PU_M1_L3/N15_M07_F10_label.txt
测试目标数据集结果如下：
任务: (B1)N15_M01_F10→(B2)N15_M07_F10, 正确率 = 93.93%
类型1 正确率： 100.00% -> 1   99.75%, 2    0.25%, 3    0.00%
类型2 正确率： 100.00% -> 1    0.00%, 2  100.00%, 3    0.00%
类型3 正确率：  82.00% -> 1    0.00%, 2   17.96%, 3   82.04%

目标域路径：/kaggle/working/shot_k10/S04/sdalr_PU_shot/DATA_foldS04/PU_M1_L3/N15_M07_F04_label.txt
测试目标数据集结果如下：
任务: (B1)N15_M01_F10→(B3)N15_M07_F04, 正确率 = 71.72%
类型1 正确率： 100.00% -> 1  100.00%, 2    0.00%, 3    0.00%
类型2 正确率： 100.00% -> 1    0.00%, 2   99.51%, 3    0.49%
类型3 正确率：  16.00% -> 1    0.26%, 2   84.07%, 3   15.67%



现在开始拿源域训练集：(B2)N15_M07_F10 进行训练
源域读取路径：/kaggle/working/shot_k10/S04/sdalr_PU_shot/DATA_foldS04/PU_M1_L3/N15_M07_F10_label.txt
excel输出位置：/kaggle/working/shot_k10/S04/weight_src_PU_M1_FS04_s2024/NEW_PU/Source-源域
log&pt输出位置：/kaggle/working/shot_k10/S04/weight_src_PU_M1_FS04_s2024/NEW_PU/Source-源域/log&pt/(B2)N15_M07_F10
特征图片输出位置：/kaggle/working/shot_k10/S04/weight_src_PU_M1_FS04_s2024/NEW_PU/Picture-特征图/2026年09月22日00时44分/(B2)N15_M07_F10
源域训练开始
轮次:··1/·10 || loss:0.070 || 耗时：9.17s
轮次:··2/·10 || loss:0.150 || 耗时：9.07s
轮次:··3/·10 || loss:0.027 || 耗时：8.93s
轮次:··4/·10 || loss:0.007 || 耗时：8.83s
轮次:··5/·10 || loss:0.028 || 耗时：8.81s
任务: (B2)N15_M07_F10; mix批次:····0; 批次:··330/··660; 总正确率 = 98.05%
类型1 正确率： 100.00% -> 1  100.00%, 2    0.00%, 3    0.00%
类型2 正确率：  95.00% -> 1    0.00%, 2   94.62%, 3    5.38%
类型3 正确率： 100.00% -> 1    0.00%, 2    0.49%, 3   99.51%


轮次:··6/·10 || loss:0.002 || 耗时：8.81s
轮次:··7/·10 || loss:0.010 || 耗时：8.82s
轮次:··8/·10 || loss:0.006 || 耗时：8.88s
轮次:··9/·10 || loss:0.017 || 耗时：8.91s
轮次:·10/·10 || loss:0.001 || 耗时：8.94s
任务: (B2)N15_M07_F10; mix批次:····0; 批次:··660/··660; 总正确率 = 99.12%
类型1 正确率： 100.00% -> 1  100.00%, 2    0.00%, 3    0.00%
类型2 正确率：  98.00% -> 1    0.00%, 2   97.85%, 3    2.15%
类型3 正确率： 100.00% -> 1    0.00%, 2    0.49%, 3   99.51%


测试集任务: (B2)N15_M07_F10; 总正确率 = 99.51%
类型1 正确率： 100.00% -> 1  100.00%, 2    0.00%, 3    0.00%
类型2 正确率：  99.00% -> 1    0.00%, 2   99.26%, 3    0.74%
类型3 正确率：  99.00% -> 1    0.00%, 2    0.72%, 3   99.28%


源域训练结束

训练好之后，测试目标域
目标域路径：/kaggle/working/shot_k10/S04/sdalr_PU_shot/DATA_foldS04/PU_M1_L3/N15_M01_F10_label.txt
测试目标数据集结果如下：
任务: (B2)N15_M07_F10→(B1)N15_M01_F10, 正确率 = 92.14%
类型1 正确率： 100.00% -> 1  100.00%, 2    0.00%, 3    0.00%
类型2 正确率：  77.00% -> 1    0.74%, 2   76.67%, 3   22.58%
类型3 正确率： 100.00% -> 1    0.00%, 2    0.25%, 3   99.75%

目标域路径：/kaggle/working/shot_k10/S04/sdalr_PU_shot/DATA_foldS04/PU_M1_L3/N15_M07_F04_label.txt
测试目标数据集结果如下：
任务: (B2)N15_M07_F10→(B3)N15_M07_F04, 正确率 = 80.21%
类型1 正确率： 100.00% -> 1  100.00%, 2    0.00%, 3    0.00%
类型2 正确率：  90.00% -> 1    0.00%, 2   89.83%, 3   10.17%
类型3 正确率：  51.00% -> 1    2.39%, 2   46.81%, 3   50.80%



现在开始拿源域训练集：(B3)N15_M07_F04 进行训练
源域读取路径：/kaggle/working/shot_k10/S04/sdalr_PU_shot/DATA_foldS04/PU_M1_L3/N15_M07_F04_label.txt
excel输出位置：/kaggle/working/shot_k10/S04/weight_src_PU_M1_FS04_s2024/NEW_PU/Source-源域
log&pt输出位置：/kaggle/working/shot_k10/S04/weight_src_PU_M1_FS04_s2024/NEW_PU/Source-源域/log&pt/(B3)N15_M07_F04
特征图片输出位置：/kaggle/working/shot_k10/S04/weight_src_PU_M1_FS04_s2024/NEW_PU/Picture-特征图/2026年09月22日00时44分/(B3)N15_M07_F04
源域训练开始
轮次:··1/·10 || loss:0.171 || 耗时：8.86s
轮次:··2/·10 || loss:0.011 || 耗时：8.87s
轮次:··3/·10 || loss:0.008 || 耗时：8.89s
轮次:··4/·10 || loss:0.006 || 耗时：8.90s
轮次:··5/·10 || loss:0.005 || 耗时：8.92s
任务: (B3)N15_M07_F04; mix批次:····0; 批次:··330/··660; 总正确率 = 98.45%
类型1 正确率： 100.00% -> 1  100.00%, 2    0.00%, 3    0.00%
类型2 正确率： 100.00% -> 1    0.00%, 2  100.00%, 3    0.00%
类型3 正确率：  95.00% -> 1    0.00%, 2    4.66%, 3   95.34%


轮次:··6/·10 || loss:0.007 || 耗时：8.92s
轮次:··7/·10 || loss:0.004 || 耗时：8.91s
轮次:··8/·10 || loss:0.012 || 耗时：8.89s
轮次:··9/·10 || loss:0.007 || 耗时：8.88s
轮次:·10/·10 || loss:0.001 || 耗时：8.87s
任务: (B3)N15_M07_F04; mix批次:····0; 批次:··660/··660; 总正确率 = 99.14%
类型1 正确率： 100.00% -> 1  100.00%, 2    0.00%, 3    0.00%
类型2 正确率： 100.00% -> 1    0.00%, 2  100.00%, 3    0.00%
类型3 正确率：  97.00% -> 1    0.00%, 2    2.59%, 3   97.41%


测试集任务: (B3)N15_M07_F04; 总正确率 = 99.43%
类型1 正确率： 100.00% -> 1  100.00%, 2    0.00%, 3    0.00%
类型2 正确率：  99.00% -> 1    0.00%, 2   99.46%, 3    0.54%
类型3 正确率：  99.00% -> 1    0.00%, 2    1.16%, 3   98.84%


源域训练结束

训练好之后，测试目标域
目标域路径：/kaggle/working/shot_k10/S04/sdalr_PU_shot/DATA_foldS04/PU_M1_L3/N15_M01_F10_label.txt
测试目标数据集结果如下：
任务: (B3)N15_M07_F04→(B1)N15_M01_F10, 正确率 = 62.60%
类型1 正确率： 100.00% -> 1  100.00%, 2    0.00%, 3    0.00%
类型2 正确率：  36.00% -> 1    0.00%, 2   36.15%, 3   63.85%
类型3 正确率：  52.00% -> 1    0.00%, 2   48.34%, 3   51.66%

目标域路径：/kaggle/working/shot_k10/S04/sdalr_PU_shot/DATA_foldS04/PU_M1_L3/N15_M07_F10_label.txt
测试目标数据集结果如下：
任务: (B3)N15_M07_F04→(B2)N15_M07_F10, 正确率 = 67.99%
类型1 正确率： 100.00% -> 1   99.75%, 2    0.00%, 3    0.25%
类型2 正确率：  44.00% -> 1    0.00%, 2   43.70%, 3   56.30%
类型3 正确率：  61.00% -> 1    0.00%, 2   39.47%, 3   60.53%

