读取源域路径：/kaggle/working/m2/weight_PU_M1_final_checkpoint_FBtoA_gatec30_s2024/NEW_PU/Source-源域/log&pt/(B3)N15_M07_F04
excel输出位置：/kaggle/working/m2/weight_PU_M1_final_checkpoint_FBtoA_gatec30_s2024/NEW_PU/Target-目标域
特征图片输出位置：/kaggle/working/m2/weight_PU_M1_final_checkpoint_FBtoA_gatec30_s2024/NEW_PU/Picture-特征图/2026年09月14日03时05分/(B3)N15_M07_F04
现在选取:(B3)N15_M07_F04 进行训练的源模型
现在进行：(B3)N15_M07_F04→(B2)N15_M07_F10 的迁移任务
log&pt输出位置：/kaggle/working/m2/weight_PU_M1_final_checkpoint_FBtoA_gatec30_s2024/NEW_PU/Target-目标域/log&pt/(B3)N15_M07_F04→(B2)N15_M07_F10
任务: (B3)N15_M07_F04→(B2)N15_M07_F10; 批次:····0/·1880;  总正确率: 53.68%
类型1 正确率：  95.00% -> 1   94.70%, 2    0.00%, 3    5.30%
类型2 正确率：  33.00% -> 1   17.50%, 2   33.35%, 3   49.15%
类型3 正确率：  33.00% -> 1    0.00%, 2   67.00%, 3   33.00%


样本变换：reverse
样本变换：mask
样本变换：shift
样本变换：none
未过滤	未用伪标签：53.68% -> 使用伪标签：51.75%
已过滤	未用伪标签：53.82% -> 使用伪标签：52.78%
排除样本：117|6000	剩余：2196, 1997, 1690
增添样本：1150		细则：0, 790, 360	正确率估算：98.61%
类型1 正确率：  92.00% -> 1   92.21%, 2    0.00%, 3    7.79%
类型2 正确率：  34.00% -> 1   20.99%, 2   33.80%, 3   45.22%
类型3 正确率：  33.00% -> 1    0.00%, 2   67.00%, 3   33.00%

被排除样本 正确率：47.01%
类型1 正确率：  84.00% -> 1   83.61%, 2    0.00%, 3   16.39%
类型2 正确率：   7.00% -> 1    7.14%, 2    7.14%, 3   85.71%
类型3 没有样本或未被分类。


轮次:··1/·20 || c_Loss:0.517 || e_Loss:-1.145 || Aad_Loss:-23.579 || 耗时：32.73s
轮次:··2/·20 || c_Loss:0.554 || e_Loss:-1.387 || Aad_Loss:-22.898 || 耗时：12.43s
轮次:··3/·20 || c_Loss:0.392 || e_Loss:-1.451 || Aad_Loss:-22.171 || 耗时：12.38s
轮次:··4/·20 || c_Loss:0.390 || e_Loss:-1.412 || Aad_Loss:-23.131 || 耗时：12.34s
轮次:··5/·20 || c_Loss:0.394 || e_Loss:-1.593 || Aad_Loss:-24.568 || 耗时：12.30s
任务: (B3)N15_M07_F04→(B2)N15_M07_F10; mix批次:····0; 批次:··470/·1880;  总正确率: 55.35%
类型1 正确率：  98.00% -> 1   98.25%, 2    0.00%, 3    1.75%
类型2 正确率：  33.00% -> 1   22.80%, 2   33.00%, 3   44.20%
类型3 正确率：  35.00% -> 1    0.45%, 2   64.75%, 3   34.80%


样本变换：reverse
样本变换：mask
样本变换：shift
样本变换：none
未过滤	未用伪标签：55.35% -> 使用伪标签：55.33%
已过滤	未用伪标签：55.52% -> 使用伪标签：55.50%
排除样本：18|6000	剩余：2637, 2000, 1345
增添样本：2304		细则：0, 1204, 1100	正确率估算：100.00%
类型1 正确率： 100.00% -> 1  100.00%, 2    0.00%, 3    0.00%
类型2 正确率：  33.00% -> 1   32.14%, 2   33.30%, 3   34.56%
类型3 正确率：  33.00% -> 1    0.00%, 2   67.00%, 3   33.00%

被排除样本 正确率：0.00%
类型1 正确率：   0.00% -> 1    0.00%, 2  100.00%
类型2 没有样本或未被分类。


轮次:··6/·20 || c_Loss:0.361 || e_Loss:-1.536 || Aad_Loss:-24.926 || 耗时：33.20s
轮次:··7/·20 || c_Loss:0.363 || e_Loss:-1.598 || Aad_Loss:-21.978 || 耗时：12.39s
轮次:··8/·20 || c_Loss:0.445 || e_Loss:-1.752 || Aad_Loss:-26.770 || 耗时：12.42s
轮次:··9/·20 || c_Loss:0.407 || e_Loss:-1.443 || Aad_Loss:-23.621 || 耗时：12.43s
轮次:·10/·20 || c_Loss:0.376 || e_Loss:-1.526 || Aad_Loss:-25.633 || 耗时：12.37s
任务: (B3)N15_M07_F04→(B2)N15_M07_F10; mix批次:····0; 批次:··940/·1880;  总正确率: 57.02%
类型1 正确率： 100.00% -> 1  100.00%, 2    0.00%, 3    0.00%
类型2 正确率：  33.00% -> 1   34.00%, 2   33.00%, 3   33.00%
类型3 正确率：  38.00% -> 1    6.15%, 2   55.80%, 3   38.05%


样本变换：reverse
样本变换：mask
样本变换：shift
样本变换：none
未过滤	未用伪标签：57.02% -> 使用伪标签：55.33%
已过滤	未用伪标签：57.02% -> 使用伪标签：55.33%
排除样本：2680|6000	剩余：2000, 1320
增添样本：2400		细则：0, 1241, 1159	正确率估算：100.00%
类型1 正确率： 100.00% -> 1  100.00%, 2    0.00%, 3    0.00%
类型2 正确率：  33.00% -> 1   34.00%, 2   33.00%, 3   33.00%
类型3 正确率：  33.00% -> 1    0.00%, 2   67.00%, 3   33.00%

被排除样本 正确率：nan%


轮次:·11/·20 || c_Loss:0.333 || e_Loss:-1.690 || Aad_Loss:-27.061 || 耗时：33.26s
轮次:·12/·20 || c_Loss:0.331 || e_Loss:-1.616 || Aad_Loss:-27.126 || 耗时：12.32s
轮次:·13/·20 || c_Loss:0.344 || e_Loss:-1.893 || Aad_Loss:-28.896 || 耗时：12.35s
轮次:·14/·20 || c_Loss:0.341 || e_Loss:-1.674 || Aad_Loss:-27.244 || 耗时：12.43s
轮次:·15/·20 || c_Loss:0.345 || e_Loss:-1.523 || Aad_Loss:-25.782 || 耗时：12.35s
任务: (B3)N15_M07_F04→(B2)N15_M07_F10; mix批次:····0; 批次:·1410/·1880;  总正确率: 58.07%
类型1 正确率： 100.00% -> 1  100.00%, 2    0.00%, 3    0.00%
类型2 正确率：  33.00% -> 1   34.00%, 2   33.00%, 3   33.00%
类型3 正确率：  41.00% -> 1    3.50%, 2   55.30%, 3   41.20%


样本变换：reverse
样本变换：mask
样本变换：shift
样本变换：none
未过滤	未用伪标签：58.07% -> 使用伪标签：55.33%
已过滤	未用伪标签：58.07% -> 使用伪标签：55.33%
排除样本：2680|6000	剩余：2000, 1320
增添样本：2400		细则：0, 1241, 1159	正确率估算：99.92%
类型1 正确率： 100.00% -> 1  100.00%, 2    0.00%, 3    0.00%
类型2 正确率：  33.00% -> 1   34.00%, 2   33.00%, 3   33.00%
类型3 正确率：  33.00% -> 1    0.00%, 2   67.00%, 3   33.00%

被排除样本 正确率：nan%


轮次:·16/·20 || c_Loss:0.330 || e_Loss:-1.698 || Aad_Loss:-27.426 || 耗时：33.37s
轮次:·17/·20 || c_Loss:0.329 || e_Loss:-1.629 || Aad_Loss:-27.457 || 耗时：12.32s
轮次:·18/·20 || c_Loss:0.342 || e_Loss:-1.906 || Aad_Loss:-29.224 || 耗时：12.34s
轮次:·19/·20 || c_Loss:0.337 || e_Loss:-1.682 || Aad_Loss:-27.439 || 耗时：12.41s
轮次:·20/·20 || c_Loss:0.344 || e_Loss:-1.526 || Aad_Loss:-25.948 || 耗时：12.34s
任务: (B3)N15_M07_F04→(B2)N15_M07_F10; mix批次:····0; 批次:·1880/·1880;  总正确率: 58.12%
类型1 正确率： 100.00% -> 1  100.00%, 2    0.00%, 3    0.00%
类型2 正确率：  33.00% -> 1   34.00%, 2   33.00%, 3   33.00%
类型3 正确率：  41.00% -> 1    4.20%, 2   54.45%, 3   41.35%


测试集任务: (B3)N15_M07_F04→(B2)N15_M07_F10; 总正确率 = 58.12%
类型1 正确率： 100.00% -> 1  100.00%, 2    0.00%, 3    0.00%
类型2 正确率：  33.00% -> 1   34.00%, 2   33.00%, 3   33.00%
类型3 正确率：  41.00% -> 1    4.20%, 2   54.45%, 3   41.35%


