读取源域路径：/kaggle/working/m2/weight_PU_M1_final_checkpoint_FBtoA_gatec30_s2024/NEW_PU/Source-源域/log&pt/(B3)N15_M07_F04
excel输出位置：/kaggle/working/m2/weight_PU_M1_final_checkpoint_FBtoA_gatec30_s2024/NEW_PU/Target-目标域
特征图片输出位置：/kaggle/working/m2/weight_PU_M1_final_checkpoint_FBtoA_gatec30_s2024/NEW_PU/Picture-特征图/2026年09月14日02时59分/(B3)N15_M07_F04
现在选取:(B3)N15_M07_F04 进行训练的源模型
现在进行：(B3)N15_M07_F04→(B1)N15_M01_F10 的迁移任务
log&pt输出位置：/kaggle/working/m2/weight_PU_M1_final_checkpoint_FBtoA_gatec30_s2024/NEW_PU/Target-目标域/log&pt/(B3)N15_M07_F04→(B1)N15_M01_F10
任务: (B3)N15_M07_F04→(B1)N15_M01_F10; 批次:····0/·1880;  总正确率: 52.28%
类型1 正确率：  91.00% -> 1   91.20%, 2    0.00%, 3    8.80%
类型2 正确率：  33.00% -> 1   16.55%, 2   32.65%, 3   50.80%
类型3 正确率：  33.00% -> 1    0.00%, 2   67.00%, 3   33.00%


样本变换：reverse
样本变换：mask
样本变换：shift
样本变换：none
未过滤	未用伪标签：52.28% -> 使用伪标签：50.58%
已过滤	未用伪标签：52.54% -> 使用伪标签：51.66%
排除样本：125|6000	剩余：2105, 1995, 1775
增添样本：1800		细则：0, 1532, 268	正确率估算：99.21%
类型1 正确率：  89.00% -> 1   89.26%, 2    0.00%, 3   10.74%
类型2 正确率：  34.00% -> 1   19.76%, 2   33.62%, 3   46.61%
类型3 正确率：  33.00% -> 1    0.00%, 2   67.00%, 3   33.00%

被排除样本 正确率：40.00%
类型1 正确率：  68.00% -> 1   68.49%, 2    0.00%, 3   31.51%
类型2 正确率：   0.00% -> 1   15.38%, 2    0.00%, 3   84.62%
类型3 没有样本或未被分类。


轮次:··1/·20 || c_Loss:0.583 || e_Loss:-0.880 || Aad_Loss:-20.032 || 耗时：32.56s
轮次:··2/·20 || c_Loss:0.438 || e_Loss:-1.125 || Aad_Loss:-16.908 || 耗时：12.44s
轮次:··3/·20 || c_Loss:0.509 || e_Loss:-1.511 || Aad_Loss:-18.065 || 耗时：12.38s
轮次:··4/·20 || c_Loss:0.419 || e_Loss:-1.512 || Aad_Loss:-19.016 || 耗时：12.33s
轮次:··5/·20 || c_Loss:0.470 || e_Loss:-1.529 || Aad_Loss:-18.777 || 耗时：12.32s
任务: (B3)N15_M07_F04→(B1)N15_M01_F10; mix批次:····0; 批次:··470/·1880;  总正确率: 54.40%
类型1 正确率：  93.00% -> 1   92.80%, 2    0.00%, 3    7.20%
类型2 正确率：  33.00% -> 1   19.85%, 2   32.75%, 3   47.40%
类型3 正确率：  38.00% -> 1    7.05%, 2   55.30%, 3   37.65%


样本变换：reverse
样本变换：mask
样本变换：shift
样本变换：none
未过滤	未用伪标签：54.40% -> 使用伪标签：55.18%
已过滤	未用伪标签：54.64% -> 使用伪标签：55.42%
排除样本：26|6000	剩余：2563, 2000, 1411
增添样本：3031		细则：0, 1971, 1060	正确率估算：99.42%
类型1 正确率： 100.00% -> 1   99.60%, 2    0.00%, 3    0.40%
类型2 正确率：  33.00% -> 1   28.96%, 2   33.42%, 3   37.62%
类型3 正确率：  33.00% -> 1    0.00%, 2   67.00%, 3   33.00%

被排除样本 正确率：0.00%
类型1 正确率：   0.00% -> 1    0.00%, 2    0.00%, 3  100.00%
类型2 正确率：   0.00% -> 1    0.00%, 2    0.00%, 3  100.00%
类型3 没有样本或未被分类。


轮次:··6/·20 || c_Loss:0.386 || e_Loss:-1.577 || Aad_Loss:-24.842 || 耗时：32.86s
轮次:··7/·20 || c_Loss:0.533 || e_Loss:-1.511 || Aad_Loss:-26.491 || 耗时：12.32s
轮次:··8/·20 || c_Loss:0.386 || e_Loss:-1.710 || Aad_Loss:-26.675 || 耗时：12.32s
轮次:··9/·20 || c_Loss:0.404 || e_Loss:-1.583 || Aad_Loss:-20.826 || 耗时：12.33s
轮次:·10/·20 || c_Loss:0.518 || e_Loss:-1.551 || Aad_Loss:-22.922 || 耗时：12.45s
任务: (B3)N15_M07_F04→(B1)N15_M01_F10; mix批次:····0; 批次:··940/·1880;  总正确率: 62.47%
类型1 正确率： 100.00% -> 1  100.00%, 2    0.00%, 3    0.00%
类型2 正确率：  32.00% -> 1   31.60%, 2   32.45%, 3   35.95%
类型3 正确率：  55.00% -> 1    6.05%, 2   39.00%, 3   54.95%


样本变换：reverse
样本变换：mask
样本变换：shift
样本变换：none
未过滤	未用伪标签：62.47% -> 使用伪标签：55.33%
已过滤	未用伪标签：62.49% -> 使用伪标签：55.35%
排除样本：2|6000	剩余：2678, 2000, 1320
增添样本：3336		细则：0, 2080, 1256	正确率估算：98.46%
类型1 正确率： 100.00% -> 1  100.00%, 2    0.00%, 3    0.00%
类型2 正确率：  33.00% -> 1   33.93%, 2   33.03%, 3   33.03%
类型3 正确率：  33.00% -> 1    0.00%, 2   67.00%, 3   33.00%

被排除样本 正确率：0.00%
类型1 正确率：   0.00% -> 1    0.00%, 2  100.00%
类型2 没有样本或未被分类。


轮次:·11/·20 || c_Loss:0.375 || e_Loss:-1.733 || Aad_Loss:-26.962 || 耗时：32.98s
轮次:·12/·20 || c_Loss:0.369 || e_Loss:-1.613 || Aad_Loss:-28.742 || 耗时：12.30s
轮次:·13/·20 || c_Loss:0.368 || e_Loss:-1.634 || Aad_Loss:-27.776 || 耗时：12.30s
轮次:·14/·20 || c_Loss:0.349 || e_Loss:-1.712 || Aad_Loss:-30.483 || 耗时：12.29s
轮次:·15/·20 || c_Loss:0.381 || e_Loss:-1.545 || Aad_Loss:-26.640 || 耗时：12.43s
任务: (B3)N15_M07_F04→(B1)N15_M01_F10; mix批次:····0; 批次:·1410/·1880;  总正确率: 61.10%
类型1 正确率： 100.00% -> 1  100.00%, 2    0.00%, 3    0.00%
类型2 正确率：  33.00% -> 1   34.00%, 2   32.85%, 3   33.15%
类型3 正确率：  50.00% -> 1   10.60%, 2   38.95%, 3   50.45%


样本变换：reverse
样本变换：mask
样本变换：shift
样本变换：none
未过滤	未用伪标签：61.10% -> 使用伪标签：55.33%
已过滤	未用伪标签：61.10% -> 使用伪标签：55.33%
排除样本：2680|6000	剩余：2000, 1320
增添样本：3340		细则：0, 2082, 1258	正确率估算：98.52%
类型1 正确率： 100.00% -> 1  100.00%, 2    0.00%, 3    0.00%
类型2 正确率：  33.00% -> 1   34.00%, 2   33.00%, 3   33.00%
类型3 正确率：  33.00% -> 1    0.00%, 2   67.00%, 3   33.00%

被排除样本 正确率：nan%


轮次:·16/·20 || c_Loss:0.393 || e_Loss:-1.650 || Aad_Loss:-27.721 || 耗时：32.91s
轮次:·17/·20 || c_Loss:0.415 || e_Loss:-1.609 || Aad_Loss:-24.612 || 耗时：12.33s
轮次:·18/·20 || c_Loss:0.380 || e_Loss:-1.528 || Aad_Loss:-28.988 || 耗时：12.33s
轮次:·19/·20 || c_Loss:0.391 || e_Loss:-1.745 || Aad_Loss:-25.459 || 耗时：12.33s
轮次:·20/·20 || c_Loss:0.373 || e_Loss:-1.637 || Aad_Loss:-28.404 || 耗时：12.43s
任务: (B3)N15_M07_F04→(B1)N15_M01_F10; mix批次:····0; 批次:·1880/·1880;  总正确率: 62.62%
类型1 正确率： 100.00% -> 1  100.00%, 2    0.00%, 3    0.00%
类型2 正确率：  33.00% -> 1   34.00%, 2   32.60%, 3   33.40%
类型3 正确率：  55.00% -> 1    9.25%, 2   35.50%, 3   55.25%


测试集任务: (B3)N15_M07_F04→(B1)N15_M01_F10; 总正确率 = 62.62%
类型1 正确率： 100.00% -> 1  100.00%, 2    0.00%, 3    0.00%
类型2 正确率：  33.00% -> 1   34.00%, 2   32.60%, 3   33.40%
类型3 正确率：  55.00% -> 1    9.25%, 2   35.50%, 3   55.25%


