读取源域路径：/kaggle/working/m2/weight_PU_M1_final_checkpoint_FBtoA_gatec30_s2024/NEW_PU/Source-源域/log&pt/(B1)N15_M01_F10
excel输出位置：/kaggle/working/m2/weight_PU_M1_final_checkpoint_FBtoA_gatec30_s2024/NEW_PU/Target-目标域
特征图片输出位置：/kaggle/working/m2/weight_PU_M1_final_checkpoint_FBtoA_gatec30_s2024/NEW_PU/Picture-特征图/2026年09月14日02时36分/(B1)N15_M01_F10
现在选取:(B1)N15_M01_F10 进行训练的源模型
现在进行：(B1)N15_M01_F10→(B2)N15_M07_F10 的迁移任务
log&pt输出位置：/kaggle/working/m2/weight_PU_M1_final_checkpoint_FBtoA_gatec30_s2024/NEW_PU/Target-目标域/log&pt/(B1)N15_M01_F10→(B2)N15_M07_F10
任务: (B1)N15_M01_F10→(B2)N15_M07_F10; 批次:····0/·1880;  总正确率: 55.95%
类型1 正确率： 100.00% -> 1   99.80%, 2    0.00%, 3    0.20%
类型2 正确率：  35.00% -> 1   22.45%, 2   35.05%, 3   42.50%
类型3 正确率：  33.00% -> 1    0.00%, 2   67.00%, 3   33.00%


样本变换：reverse
样本变换：mask
样本变换：shift
样本变换：none
未过滤	未用伪标签：55.95% -> 使用伪标签：55.25%
已过滤	未用伪标签：56.46% -> 使用伪标签：55.80%
排除样本：59|6000	剩余：2367, 1997, 1577
增添样本：1635		细则：0, 972, 663	正确率估算：95.78%
类型1 正确率： 100.00% -> 1  100.00%, 2    0.00%, 3    0.00%
类型2 正确率：  34.00% -> 1   18.99%, 2   33.81%, 3   47.20%
类型3 正确率：  33.00% -> 1    0.00%, 2   67.00%, 3   33.00%

被排除样本 正确率：5.08%
类型1 正确率：  50.00% -> 1   50.00%, 2    0.00%, 3   50.00%
类型2 正确率：   4.00% -> 1   35.09%, 2    3.51%, 3   61.40%
类型3 没有样本或未被分类。


轮次:··1/·20 || c_Loss:0.573 || e_Loss:-1.091 || Aad_Loss:-22.085 || 耗时：33.47s
轮次:··2/·20 || c_Loss:0.394 || e_Loss:-1.603 || Aad_Loss:-24.229 || 耗时：12.60s
轮次:··3/·20 || c_Loss:0.393 || e_Loss:-1.548 || Aad_Loss:-24.198 || 耗时：12.41s
轮次:··4/·20 || c_Loss:0.400 || e_Loss:-1.648 || Aad_Loss:-22.875 || 耗时：12.27s
轮次:··5/·20 || c_Loss:0.379 || e_Loss:-1.533 || Aad_Loss:-26.967 || 耗时：12.29s
任务: (B1)N15_M01_F10→(B2)N15_M07_F10; mix批次:····0; 批次:··470/·1880;  总正确率: 58.27%
类型1 正确率： 100.00% -> 1  100.00%, 2    0.00%, 3    0.00%
类型2 正确率：  33.00% -> 1   12.35%, 2   33.05%, 3   54.60%
类型3 正确率：  42.00% -> 1    1.75%, 2   56.50%, 3   41.75%


样本变换：reverse
样本变换：mask
样本变换：shift
样本变换：none
未过滤	未用伪标签：58.27% -> 使用伪标签：55.33%
已过滤	未用伪标签：58.70% -> 使用伪标签：55.76%
排除样本：46|6000	剩余：2427, 2000, 1527
增添样本：1772		细则：0, 1017, 755	正确率估算：99.83%
类型1 正确率： 100.00% -> 1  100.00%, 2    0.00%, 3    0.00%
类型2 正确率：  34.00% -> 1   21.85%, 2   33.78%, 3   44.37%
类型3 正确率：  33.00% -> 1    0.00%, 2   67.00%, 3   33.00%

被排除样本 正确率：2.17%
类型1 正确率：   2.00% -> 1    2.17%, 2   97.83%
类型2 没有样本或未被分类。


轮次:··6/·20 || c_Loss:0.383 || e_Loss:-1.593 || Aad_Loss:-25.305 || 耗时：32.83s
轮次:··7/·20 || c_Loss:0.377 || e_Loss:-1.403 || Aad_Loss:-24.911 || 耗时：12.41s
轮次:··8/·20 || c_Loss:0.366 || e_Loss:-1.693 || Aad_Loss:-24.412 || 耗时：12.38s
轮次:··9/·20 || c_Loss:0.402 || e_Loss:-1.751 || Aad_Loss:-27.375 || 耗时：12.35s
轮次:·10/·20 || c_Loss:0.392 || e_Loss:-1.478 || Aad_Loss:-26.027 || 耗时：12.40s
任务: (B1)N15_M01_F10→(B2)N15_M07_F10; mix批次:····0; 批次:··940/·1880;  总正确率: 59.43%
类型1 正确率： 100.00% -> 1  100.00%, 2    0.00%, 3    0.00%
类型2 正确率：  33.00% -> 1   16.60%, 2   33.00%, 3   50.40%
类型3 正确率：  45.00% -> 1    2.55%, 2   52.15%, 3   45.30%


样本变换：reverse
样本变换：mask
样本变换：shift
样本变换：none
未过滤	未用伪标签：59.43% -> 使用伪标签：55.33%
已过滤	未用伪标签：59.66% -> 使用伪标签：55.55%
排除样本：23|6000	剩余：2527, 2000, 1450
增添样本：2018		细则：0, 1107, 911	正确率估算：99.85%
类型1 正确率： 100.00% -> 1  100.00%, 2    0.00%, 3    0.00%
类型2 正确率：  33.00% -> 1   26.66%, 2   33.38%, 3   39.96%
类型3 正确率：  33.00% -> 1    0.00%, 2   67.00%, 3   33.00%

被排除样本 正确率：0.00%
类型1 正确率：   0.00% -> 1    0.00%, 2  100.00%
类型2 没有样本或未被分类。


轮次:·11/·20 || c_Loss:0.393 || e_Loss:-1.837 || Aad_Loss:-25.519 || 耗时：33.07s
轮次:·12/·20 || c_Loss:0.415 || e_Loss:-1.543 || Aad_Loss:-27.364 || 耗时：12.39s
轮次:·13/·20 || c_Loss:0.369 || e_Loss:-1.665 || Aad_Loss:-26.119 || 耗时：12.38s
轮次:·14/·20 || c_Loss:0.368 || e_Loss:-1.713 || Aad_Loss:-26.809 || 耗时：12.40s
轮次:·15/·20 || c_Loss:0.357 || e_Loss:-1.603 || Aad_Loss:-26.423 || 耗时：12.32s
任务: (B1)N15_M01_F10→(B2)N15_M07_F10; mix批次:····0; 批次:·1410/·1880;  总正确率: 58.77%
类型1 正确率： 100.00% -> 1  100.00%, 2    0.00%, 3    0.00%
类型2 正确率：  33.00% -> 1   30.15%, 2   33.00%, 3   36.85%
类型3 正确率：  43.00% -> 1    3.65%, 2   53.05%, 3   43.30%


样本变换：reverse
样本变换：mask
样本变换：shift
样本变换：none
未过滤	未用伪标签：58.77% -> 使用伪标签：55.33%
已过滤	未用伪标签：58.81% -> 使用伪标签：55.37%
排除样本：4|6000	剩余：2668, 2000, 1328
增添样本：2371		细则：0, 1230, 1141	正确率估算：100.00%
类型1 正确率： 100.00% -> 1  100.00%, 2    0.00%, 3    0.00%
类型2 正确率：  33.00% -> 1   33.47%, 2   33.07%, 3   33.47%
类型3 正确率：  33.00% -> 1    0.00%, 2   67.00%, 3   33.00%

被排除样本 正确率：0.00%
类型1 正确率：   0.00% -> 1    0.00%, 2  100.00%
类型2 没有样本或未被分类。


轮次:·16/·20 || c_Loss:0.350 || e_Loss:-1.551 || Aad_Loss:-28.629 || 耗时：33.24s
轮次:·17/·20 || c_Loss:0.337 || e_Loss:-1.812 || Aad_Loss:-27.284 || 耗时：12.40s
轮次:·18/·20 || c_Loss:0.355 || e_Loss:-1.576 || Aad_Loss:-26.889 || 耗时：12.43s
轮次:·19/·20 || c_Loss:0.350 || e_Loss:-1.535 || Aad_Loss:-28.348 || 耗时：12.44s
轮次:·20/·20 || c_Loss:0.358 || e_Loss:-1.611 || Aad_Loss:-27.467 || 耗时：12.41s
任务: (B1)N15_M01_F10→(B2)N15_M07_F10; mix批次:····0; 批次:·1880/·1880;  总正确率: 58.38%
类型1 正确率： 100.00% -> 1  100.00%, 2    0.00%, 3    0.00%
类型2 正确率：  33.00% -> 1   34.00%, 2   33.00%, 3   33.00%
类型3 正确率：  42.00% -> 1    4.85%, 2   53.00%, 3   42.15%


测试集任务: (B1)N15_M01_F10→(B2)N15_M07_F10; 总正确率 = 58.38%
类型1 正确率： 100.00% -> 1  100.00%, 2    0.00%, 3    0.00%
类型2 正确率：  33.00% -> 1   34.00%, 2   33.00%, 3   33.00%
类型3 正确率：  42.00% -> 1    4.85%, 2   53.00%, 3   42.15%


