读取源域路径：/kaggle/working/m2/weight_PU_M1_final_checkpoint_FBtoA_gatec30_s2024/NEW_PU/Source-源域/log&pt/(B1)N15_M01_F10
excel输出位置：/kaggle/working/m2/weight_PU_M1_final_checkpoint_FBtoA_gatec30_s2024/NEW_PU/Target-目标域
特征图片输出位置：/kaggle/working/m2/weight_PU_M1_final_checkpoint_FBtoA_gatec30_s2024/NEW_PU/Picture-特征图/2026年09月14日02时42分/(B1)N15_M01_F10
现在选取:(B1)N15_M01_F10 进行训练的源模型
现在进行：(B1)N15_M01_F10→(B3)N15_M07_F04 的迁移任务
log&pt输出位置：/kaggle/working/m2/weight_PU_M1_final_checkpoint_FBtoA_gatec30_s2024/NEW_PU/Target-目标域/log&pt/(B1)N15_M01_F10→(B3)N15_M07_F04
任务: (B1)N15_M01_F10→(B3)N15_M07_F04; 批次:····0/·1880;  总正确率: 50.40%
类型1 正确率： 100.00% -> 1   99.80%, 2    0.00%, 3    0.20%
类型2 正确率：  39.00% -> 1   24.90%, 2   39.25%, 3   35.85%
类型3 正确率：  12.00% -> 1    0.75%, 2   87.10%, 3   12.15%


样本变换：reverse
样本变换：mask
样本变换：shift
样本变换：none
未过滤	未用伪标签：50.40% -> 使用伪标签：54.78%
已过滤	未用伪标签：50.33% -> 使用伪标签：54.96%
排除样本：19|6000	剩余：2669, 1969, 1343
增添样本：1996		细则：0, 701, 1295	正确率估算：69.39%
类型1 正确率： 100.00% -> 1  100.00%, 2    0.00%, 3    0.00%
类型2 正确率：  32.00% -> 1   33.74%, 2   31.72%, 3   34.54%
类型3 正确率：  33.00% -> 1    0.00%, 2   67.07%, 3   32.93%

被排除样本 正确率：73.68%
类型1 正确率：  82.00% -> 1   82.35%, 2   17.65%
类型2 正确率：   0.00% -> 1  100.00%, 2    0.00%


轮次:··1/·20 || c_Loss:0.506 || e_Loss:-1.050 || Aad_Loss:-29.126 || 耗时：33.05s
轮次:··2/·20 || c_Loss:0.360 || e_Loss:-1.160 || Aad_Loss:-29.512 || 耗时：12.48s
轮次:··3/·20 || c_Loss:0.361 || e_Loss:-0.880 || Aad_Loss:-30.634 || 耗时：12.43s
轮次:··4/·20 || c_Loss:0.372 || e_Loss:-1.839 || Aad_Loss:-28.750 || 耗时：12.35s
轮次:··5/·20 || c_Loss:0.343 || e_Loss:-1.145 || Aad_Loss:-30.256 || 耗时：12.32s
任务: (B1)N15_M01_F10→(B3)N15_M07_F04; mix批次:····0; 批次:··470/·1880;  总正确率: 55.18%
类型1 正确率： 100.00% -> 1  100.00%, 2    0.00%, 3    0.00%
类型2 正确率：  33.00% -> 1   34.00%, 2   32.60%, 3   33.40%
类型3 正确率：  33.00% -> 1    0.00%, 2   67.05%, 3   32.95%


样本变换：reverse
样本变换：mask
样本变换：shift
样本变换：none
未过滤	未用伪标签：55.18% -> 使用伪标签：55.20%
已过滤	未用伪标签：55.22% -> 使用伪标签：55.24%
排除样本：4|6000	剩余：2680, 1994, 1322
增添样本：2010		细则：0, 686, 1324	正确率估算：100.00%
类型1 正确率： 100.00% -> 1  100.00%, 2    0.00%, 3    0.00%
类型2 正确率：  33.00% -> 1   34.07%, 2   32.72%, 3   33.22%
类型3 正确率：  33.00% -> 1    0.00%, 2   67.05%, 3   32.95%

被排除样本 正确率：0.00%
类型1 正确率：   0.00% -> 1    0.00%, 2  100.00%
类型2 没有样本或未被分类。


轮次:··6/·20 || c_Loss:0.335 || e_Loss:-1.016 || Aad_Loss:-30.497 || 耗时：33.01s
轮次:··7/·20 || c_Loss:0.341 || e_Loss:-0.938 || Aad_Loss:-30.908 || 耗时：12.28s
轮次:··8/·20 || c_Loss:0.339 || e_Loss:-0.930 || Aad_Loss:-31.095 || 耗时：12.30s
轮次:··9/·20 || c_Loss:0.347 || e_Loss:-0.932 || Aad_Loss:-31.109 || 耗时：12.41s
轮次:·10/·20 || c_Loss:0.342 || e_Loss:-0.937 || Aad_Loss:-31.016 || 耗时：12.32s
任务: (B1)N15_M01_F10→(B3)N15_M07_F04; mix批次:····0; 批次:··940/·1880;  总正确率: 55.17%
类型1 正确率： 100.00% -> 1  100.00%, 2    0.00%, 3    0.00%
类型2 正确率：  32.00% -> 1   34.00%, 2   32.50%, 3   33.50%
类型3 正确率：  33.00% -> 1    0.00%, 2   67.00%, 3   33.00%


样本变换：reverse
样本变换：mask
样本变换：shift
样本变换：none
未过滤	未用伪标签：55.17% -> 使用伪标签：55.18%
已过滤	未用伪标签：55.20% -> 使用伪标签：55.23%
排除样本：5|6000	剩余：2680, 1993, 1322
增添样本：2011		细则：0, 687, 1324	正确率估算：99.90%
类型1 正确率： 100.00% -> 1  100.00%, 2    0.00%, 3    0.00%
类型2 正确率：  33.00% -> 1   34.09%, 2   32.68%, 3   33.23%
类型3 正确率：  33.00% -> 1    0.00%, 2   67.05%, 3   32.95%

被排除样本 正确率：20.00%
类型1 正确率：  20.00% -> 1   20.00%, 2   80.00%
类型2 没有样本或未被分类。


轮次:·11/·20 || c_Loss:0.341 || e_Loss:-0.950 || Aad_Loss:-30.813 || 耗时：33.01s
轮次:·12/·20 || c_Loss:0.342 || e_Loss:-1.614 || Aad_Loss:-31.244 || 耗时：12.31s
轮次:·13/·20 || c_Loss:0.347 || e_Loss:-0.894 || Aad_Loss:-32.164 || 耗时：12.29s
轮次:·14/·20 || c_Loss:0.334 || e_Loss:-0.930 || Aad_Loss:-31.013 || 耗时：12.41s
轮次:·15/·20 || c_Loss:0.334 || e_Loss:-0.951 || Aad_Loss:-31.436 || 耗时：12.32s
任务: (B1)N15_M01_F10→(B3)N15_M07_F04; mix批次:····0; 批次:·1410/·1880;  总正确率: 55.27%
类型1 正确率： 100.00% -> 1  100.00%, 2    0.00%, 3    0.00%
类型2 正确率：  33.00% -> 1   34.00%, 2   32.85%, 3   33.15%
类型3 正确率：  33.00% -> 1    0.00%, 2   67.05%, 3   32.95%


样本变换：reverse
样本变换：mask
样本变换：shift
样本变换：none
未过滤	未用伪标签：55.27% -> 使用伪标签：55.25%
已过滤	未用伪标签：55.30% -> 使用伪标签：55.30%
排除样本：5|6000	剩余：2680, 1997, 1318
增添样本：2011		细则：0, 683, 1328	正确率估算：100.00%
类型1 正确率： 100.00% -> 1  100.00%, 2    0.00%, 3    0.00%
类型2 正确率：  33.00% -> 1   34.09%, 2   32.88%, 3   33.03%
类型3 正确率：  33.00% -> 1    0.00%, 2   67.05%, 3   32.95%

被排除样本 正确率：20.00%
类型1 正确率：  20.00% -> 1   20.00%, 2   80.00%
类型2 没有样本或未被分类。


轮次:·16/·20 || c_Loss:0.339 || e_Loss:-0.909 || Aad_Loss:-31.780 || 耗时：33.21s
轮次:·17/·20 || c_Loss:0.342 || e_Loss:-0.909 || Aad_Loss:-31.310 || 耗时：12.38s
轮次:·18/·20 || c_Loss:0.339 || e_Loss:-0.935 || Aad_Loss:-31.118 || 耗时：12.39s
轮次:·19/·20 || c_Loss:0.336 || e_Loss:-0.953 || Aad_Loss:-31.277 || 耗时：12.41s
轮次:·20/·20 || c_Loss:0.341 || e_Loss:-1.669 || Aad_Loss:-30.487 || 耗时：12.38s
任务: (B1)N15_M01_F10→(B3)N15_M07_F04; mix批次:····0; 批次:·1880/·1880;  总正确率: 55.23%
类型1 正确率： 100.00% -> 1  100.00%, 2    0.00%, 3    0.00%
类型2 正确率：  33.00% -> 1   34.00%, 2   32.75%, 3   33.25%
类型3 正确率：  33.00% -> 1    0.00%, 2   67.05%, 3   32.95%


测试集任务: (B1)N15_M01_F10→(B3)N15_M07_F04; 总正确率 = 55.23%
类型1 正确率： 100.00% -> 1  100.00%, 2    0.00%, 3    0.00%
类型2 正确率：  33.00% -> 1   34.00%, 2   32.75%, 3   33.25%
类型3 正确率：  33.00% -> 1    0.00%, 2   67.05%, 3   32.95%


