读取源域路径：/kaggle/working/m2/weight_PU_M1_final_checkpoint_FBtoA_gatec30_s2024/NEW_PU/Source-源域/log&pt/(B2)N15_M07_F10
excel输出位置：/kaggle/working/m2/weight_PU_M1_final_checkpoint_FBtoA_gatec30_s2024/NEW_PU/Target-目标域
特征图片输出位置：/kaggle/working/m2/weight_PU_M1_final_checkpoint_FBtoA_gatec30_s2024/NEW_PU/Picture-特征图/2026年09月14日02时47分/(B2)N15_M07_F10
现在选取:(B2)N15_M07_F10 进行训练的源模型
现在进行：(B2)N15_M07_F10→(B1)N15_M01_F10 的迁移任务
log&pt输出位置：/kaggle/working/m2/weight_PU_M1_final_checkpoint_FBtoA_gatec30_s2024/NEW_PU/Target-目标域/log&pt/(B2)N15_M07_F10→(B1)N15_M01_F10
任务: (B2)N15_M07_F10→(B1)N15_M01_F10; 批次:····0/·1880;  总正确率: 55.52%
类型1 正确率： 100.00% -> 1  100.00%, 2    0.00%, 3    0.00%
类型2 正确率：  34.00% -> 1   32.15%, 2   33.55%, 3   34.30%
类型3 正确率：  33.00% -> 1    0.00%, 2   67.00%, 3   33.00%


样本变换：reverse
样本变换：mask
样本变换：shift
样本变换：none
未过滤	未用伪标签：55.52% -> 使用伪标签：55.23%
已过滤	未用伪标签：55.74% -> 使用伪标签：55.49%
排除样本：28|6000	剩余：2596, 1994, 1382
增添样本：3127		细则：0, 2006, 1121	正确率估算：95.23%
类型1 正确率： 100.00% -> 1  100.00%, 2    0.00%, 3    0.00%
类型2 正确率：  33.00% -> 1   30.22%, 2   33.16%, 3   36.61%
类型3 正确率：  33.00% -> 1    0.00%, 2   67.00%, 3   33.00%

被排除样本 正确率：7.14%
类型1 没有样本或未被分类。
类型2 正确率：   7.00% -> 1    3.57%, 2    7.14%, 3   89.29%
类型3 没有样本或未被分类。


轮次:··1/·20 || c_Loss:0.450 || e_Loss:-1.022 || Aad_Loss:-26.114 || 耗时：32.90s
轮次:··2/·20 || c_Loss:0.429 || e_Loss:-1.457 || Aad_Loss:-22.756 || 耗时：12.46s
轮次:··3/·20 || c_Loss:0.385 || e_Loss:-1.716 || Aad_Loss:-25.151 || 耗时：12.42s
轮次:··4/·20 || c_Loss:0.369 || e_Loss:-1.593 || Aad_Loss:-26.816 || 耗时：12.39s
轮次:··5/·20 || c_Loss:0.466 || e_Loss:-1.725 || Aad_Loss:-23.783 || 耗时：12.40s
任务: (B2)N15_M07_F10→(B1)N15_M01_F10; mix批次:····0; 批次:··470/·1880;  总正确率: 59.83%
类型1 正确率： 100.00% -> 1  100.00%, 2    0.00%, 3    0.00%
类型2 正确率：  33.00% -> 1   34.00%, 2   32.65%, 3   33.35%
类型3 正确率：  47.00% -> 1   12.65%, 2   40.50%, 3   46.85%


样本变换：reverse
样本变换：mask
样本变换：shift
样本变换：none
未过滤	未用伪标签：59.83% -> 使用伪标签：55.18%
已过滤	未用伪标签：59.82% -> 使用伪标签：55.22%
排除样本：4|6000	剩余：2680, 1990, 1326
增添样本：3344		细则：0, 2088, 1256	正确率估算：98.34%
类型1 正确率： 100.00% -> 1  100.00%, 2    0.00%, 3    0.00%
类型2 正确率：  33.00% -> 1   34.05%, 2   32.60%, 3   33.35%
类型3 正确率：  33.00% -> 1    0.00%, 2   66.98%, 3   33.02%

被排除样本 正确率：75.00%
类型1 正确率：  67.00% -> 1   66.67%, 2   33.33%
类型2 正确率： 100.00% -> 1    0.00%, 2  100.00%


轮次:··6/·20 || c_Loss:0.379 || e_Loss:-1.524 || Aad_Loss:-30.926 || 耗时：32.84s
轮次:··7/·20 || c_Loss:0.361 || e_Loss:-1.414 || Aad_Loss:-28.901 || 耗时：12.31s
轮次:··8/·20 || c_Loss:0.346 || e_Loss:-1.653 || Aad_Loss:-33.795 || 耗时：12.30s
轮次:··9/·20 || c_Loss:0.424 || e_Loss:-1.674 || Aad_Loss:-21.409 || 耗时：12.34s
轮次:·10/·20 || c_Loss:0.344 || e_Loss:-1.572 || Aad_Loss:-33.110 || 耗时：12.43s
任务: (B2)N15_M07_F10→(B1)N15_M01_F10; mix批次:····0; 批次:··940/·1880;  总正确率: 59.35%
类型1 正确率： 100.00% -> 1  100.00%, 2    0.00%, 3    0.00%
类型2 正确率：  33.00% -> 1   34.00%, 2   32.80%, 3   33.20%
类型3 正确率：  45.00% -> 1    6.80%, 2   47.95%, 3   45.25%


样本变换：reverse
样本变换：mask
样本变换：shift
样本变换：none
未过滤	未用伪标签：59.35% -> 使用伪标签：55.25%
已过滤	未用伪标签：59.34% -> 使用伪标签：55.26%
排除样本：1|6000	剩余：2680, 1994, 1325
增添样本：3343		细则：0, 2086, 1257	正确率估算：98.97%
类型1 正确率： 100.00% -> 1  100.00%, 2    0.00%, 3    0.00%
类型2 正确率：  33.00% -> 1   34.00%, 2   32.75%, 3   33.25%
类型3 正确率：  33.00% -> 1    0.00%, 2   66.98%, 3   33.02%

被排除样本 正确率：100.00%
类型1 正确率： 100.00% -> 1  100.00%


轮次:·11/·20 || c_Loss:0.427 || e_Loss:-1.684 || Aad_Loss:-22.572 || 耗时：32.94s
轮次:·12/·20 || c_Loss:0.364 || e_Loss:-1.706 || Aad_Loss:-27.633 || 耗时：12.28s
轮次:·13/·20 || c_Loss:0.418 || e_Loss:-1.712 || Aad_Loss:-22.637 || 耗时：12.30s
轮次:·14/·20 || c_Loss:0.375 || e_Loss:-1.546 || Aad_Loss:-27.192 || 耗时：12.29s
轮次:·15/·20 || c_Loss:0.371 || e_Loss:-1.634 || Aad_Loss:-28.280 || 耗时：12.39s
任务: (B2)N15_M07_F10→(B1)N15_M01_F10; mix批次:····0; 批次:·1410/·1880;  总正确率: 59.65%
类型1 正确率： 100.00% -> 1  100.00%, 2    0.00%, 3    0.00%
类型2 正确率：  33.00% -> 1   34.00%, 2   32.75%, 3   33.25%
类型3 正确率：  46.00% -> 1   11.15%, 2   42.65%, 3   46.20%


样本变换：reverse
样本变换：mask
样本变换：shift
样本变换：none
未过滤	未用伪标签：59.65% -> 使用伪标签：55.20%
已过滤	未用伪标签：59.63% -> 使用伪标签：55.25%
排除样本：5|6000	剩余：2680, 1989, 1326
增添样本：3344		细则：0, 2088, 1256	正确率估算：98.85%
类型1 正确率： 100.00% -> 1  100.00%, 2    0.00%, 3    0.00%
类型2 正确率：  33.00% -> 1   34.07%, 2   32.62%, 3   33.32%
类型3 正确率：  33.00% -> 1    0.00%, 2   66.93%, 3   33.07%

被排除样本 正确率：80.00%
类型1 正确率：  75.00% -> 1   75.00%, 2   25.00%
类型2 正确率： 100.00% -> 1    0.00%, 2  100.00%


轮次:·16/·20 || c_Loss:0.377 || e_Loss:-1.518 || Aad_Loss:-30.991 || 耗时：33.09s
轮次:·17/·20 || c_Loss:0.358 || e_Loss:-1.418 || Aad_Loss:-29.372 || 耗时：12.30s
轮次:·18/·20 || c_Loss:0.344 || e_Loss:-1.673 || Aad_Loss:-34.273 || 耗时：12.32s
轮次:·19/·20 || c_Loss:0.437 || e_Loss:-1.683 || Aad_Loss:-21.537 || 耗时：12.31s
轮次:·20/·20 || c_Loss:0.340 || e_Loss:-1.576 || Aad_Loss:-33.461 || 耗时：12.43s
任务: (B2)N15_M07_F10→(B1)N15_M01_F10; mix批次:····0; 批次:·1880/·1880;  总正确率: 60.07%
类型1 正确率： 100.00% -> 1  100.00%, 2    0.00%, 3    0.00%
类型2 正确率：  33.00% -> 1   34.00%, 2   32.85%, 3   33.15%
类型3 正确率：  47.00% -> 1    5.60%, 2   47.05%, 3   47.35%


测试集任务: (B2)N15_M07_F10→(B1)N15_M01_F10; 总正确率 = 60.07%
类型1 正确率： 100.00% -> 1  100.00%, 2    0.00%, 3    0.00%
类型2 正确率：  33.00% -> 1   34.00%, 2   32.85%, 3   33.15%
类型3 正确率：  47.00% -> 1    5.60%, 2   47.05%, 3   47.35%


