读取源域路径：/kaggle/working/m2rep/rep2/weight_PU_M1_final_checkpoint_FAtoB_s2024/NEW_PU/Source-源域/log&pt/(B3)N15_M07_F04
excel输出位置：/kaggle/working/m2rep/rep2/weight_PU_M1_final_checkpoint_FAtoB_s2024/NEW_PU/Target-目标域
特征图片输出位置：/kaggle/working/m2rep/rep2/weight_PU_M1_final_checkpoint_FAtoB_s2024/NEW_PU/Picture-特征图/2026年09月14日18时12分/(B3)N15_M07_F04
现在选取:(B3)N15_M07_F04 进行训练的源模型
现在进行：(B3)N15_M07_F04→(B1)N15_M01_F10 的迁移任务
log&pt输出位置：/kaggle/working/m2rep/rep2/weight_PU_M1_final_checkpoint_FAtoB_s2024/NEW_PU/Target-目标域/log&pt/(B3)N15_M07_F04→(B1)N15_M01_F10
任务: (B3)N15_M07_F04→(B1)N15_M01_F10; 批次:····0/·1880;  总正确率: 45.63%
类型1 正确率：  42.00% -> 1   42.20%, 2   57.80%, 3    0.00%
类型2 正确率：  45.00% -> 1    0.00%, 2   45.05%, 3   54.95%
类型3 正确率：  50.00% -> 1    0.00%, 2   50.35%, 3   49.65%


样本变换：reverse
样本变换：mask
样本变换：shift
样本变换：none
未过滤	未用伪标签：45.63% -> 使用伪标签：39.00%
已过滤	未用伪标签：44.86% -> 使用伪标签：40.16%
排除样本：173|6000	剩余：698, 2931, 2198
增添样本：2966		细则：2233, 0, 733	正确率估算：94.97%
类型1 正确率：  35.00% -> 1   35.09%, 2   64.91%, 3    0.00%
类型2 正确率：  35.00% -> 1    0.22%, 2   35.01%, 3   64.78%
类型3 正确率：  50.00% -> 1    0.00%, 2   50.03%, 3   49.97%

被排除样本 正确率：71.68%
类型1 正确率：  95.00% -> 1   95.45%, 2    4.55%, 3    0.00%
类型2 正确率：  70.00% -> 1    0.00%, 2   69.86%, 3   30.14%
类型3 正确率：  20.00% -> 1    0.00%, 2   80.00%, 3   20.00%


轮次:··1/·20 || c_Loss:0.486 || e_Loss:-0.945 || Aad_Loss:-29.569 || 耗时：32.56s
轮次:··2/·20 || c_Loss:0.465 || e_Loss:-1.520 || Aad_Loss:-23.736 || 耗时：12.29s
轮次:··3/·20 || c_Loss:0.425 || e_Loss:-1.670 || Aad_Loss:-25.893 || 耗时：12.33s
轮次:··4/·20 || c_Loss:0.613 || e_Loss:-1.519 || Aad_Loss:-18.245 || 耗时：12.32s
轮次:··5/·20 || c_Loss:0.405 || e_Loss:-1.425 || Aad_Loss:-30.002 || 耗时：12.34s
任务: (B3)N15_M07_F04→(B1)N15_M01_F10; mix批次:····0; 批次:··470/·1880;  总正确率: 40.67%
类型1 正确率：  33.00% -> 1   33.00%, 2   67.00%, 3    0.00%
类型2 正确率：  39.00% -> 1    0.00%, 2   39.20%, 3   60.80%
类型3 正确率：  50.00% -> 1    0.05%, 2   50.15%, 3   49.80%


样本变换：reverse
样本变换：mask
样本变换：shift
样本变换：none
未过滤	未用伪标签：40.67% -> 使用伪标签：36.62%
已过滤	未用伪标签：40.05% -> 使用伪标签：37.06%
排除样本：72|6000	剩余：661, 2879, 2388
增添样本：2709		细则：2218, 0, 491	正确率估算：96.01%
类型1 正确率：  33.00% -> 1   33.00%, 2   67.00%, 3    0.00%
类型2 正确率：  28.00% -> 1    0.00%, 2   27.94%, 3   72.06%
类型3 正确率：  50.00% -> 1    0.05%, 2   50.03%, 3   49.92%

被排除样本 正确率：91.67%
类型1 正确率：  93.00% -> 1   92.96%, 2    7.04%
类型2 正确率：   0.00% -> 1  100.00%, 2    0.00%


轮次:··6/·20 || c_Loss:0.423 || e_Loss:-0.758 || Aad_Loss:-26.864 || 耗时：32.67s
轮次:··7/·20 || c_Loss:0.386 || e_Loss:-0.846 || Aad_Loss:-28.487 || 耗时：12.41s
轮次:··8/·20 || c_Loss:0.383 || e_Loss:-1.705 || Aad_Loss:-30.732 || 耗时：12.45s
轮次:··9/·20 || c_Loss:0.382 || e_Loss:-1.789 || Aad_Loss:-29.570 || 耗时：12.45s
轮次:·10/·20 || c_Loss:0.396 || e_Loss:-1.831 || Aad_Loss:-29.091 || 耗时：12.45s
任务: (B3)N15_M07_F04→(B1)N15_M01_F10; mix批次:····0; 批次:··940/·1880;  总正确率: 37.65%
类型1 正确率：  33.00% -> 1   33.00%, 2   67.00%, 3    0.00%
类型2 正确率：  30.00% -> 1    0.00%, 2   30.05%, 3   69.95%
类型3 正确率：  50.00% -> 1    0.05%, 2   50.05%, 3   49.90%


样本变换：reverse
样本变换：mask
样本变换：shift
样本变换：none
未过滤	未用伪标签：37.65% -> 使用伪标签：36.05%
已过滤	未用伪标签：37.20% -> 使用伪标签：36.46%
排除样本：68|6000	剩余：661, 2844, 2427
增添样本：2600		细则：2183, 0, 417	正确率估算：98.24%
类型1 正确率：  33.00% -> 1   33.00%, 2   67.00%, 3    0.00%
类型2 正确率：  26.00% -> 1    0.00%, 2   26.11%, 3   73.89%
类型3 正确率：  50.00% -> 1    0.05%, 2   50.00%, 3   49.95%

被排除样本 正确率：76.47%
类型1 正确率：  79.00% -> 1   78.79%, 2   21.21%
类型2 正确率：   0.00% -> 1  100.00%, 2    0.00%


轮次:·11/·20 || c_Loss:0.400 || e_Loss:-0.873 || Aad_Loss:-28.637 || 耗时：32.73s
轮次:·12/·20 || c_Loss:0.379 || e_Loss:-1.872 || Aad_Loss:-31.727 || 耗时：12.42s
轮次:·13/·20 || c_Loss:0.376 || e_Loss:-1.571 || Aad_Loss:-32.153 || 耗时：12.43s
轮次:·14/·20 || c_Loss:0.374 || e_Loss:-1.841 || Aad_Loss:-29.645 || 耗时：12.43s
轮次:·15/·20 || c_Loss:0.423 || e_Loss:-0.765 || Aad_Loss:-32.375 || 耗时：12.40s
任务: (B3)N15_M07_F04→(B1)N15_M01_F10; mix批次:····0; 批次:·1410/·1880;  总正确率: 36.43%
类型1 正确率：  33.00% -> 1   33.00%, 2   67.00%, 3    0.00%
类型2 正确率：  26.00% -> 1    0.00%, 2   26.35%, 3   73.65%
类型3 正确率：  50.00% -> 1    0.05%, 2   50.00%, 3   49.95%


样本变换：reverse
样本变换：mask
样本变换：shift
样本变换：none
未过滤	未用伪标签：36.43% -> 使用伪标签：34.22%
已过滤	未用伪标签：35.55% -> 使用伪标签：34.72%
排除样本：87|6000	剩余：661, 2732, 2520
增添样本：2283		细则：2071, 0, 212	正确率估算：99.20%
类型1 正确率：  33.00% -> 1   33.00%, 2   67.00%, 3    0.00%
类型2 正确率：  21.00% -> 1    0.00%, 2   20.54%, 3   79.46%
类型3 正确率：  50.00% -> 1    0.05%, 2   49.95%, 3   50.00%

被排除样本 正确率：96.55%
类型1 正确率：  97.00% -> 1   96.55%, 2    3.45%
类型2 没有样本或未被分类。


轮次:·16/·20 || c_Loss:0.372 || e_Loss:-1.868 || Aad_Loss:-30.344 || 耗时：32.55s
轮次:·17/·20 || c_Loss:0.395 || e_Loss:-0.861 || Aad_Loss:-30.117 || 耗时：12.38s
轮次:·18/·20 || c_Loss:0.388 || e_Loss:-1.774 || Aad_Loss:-28.878 || 耗时：12.38s
轮次:·19/·20 || c_Loss:0.387 || e_Loss:-1.877 || Aad_Loss:-31.078 || 耗时：12.38s
轮次:·20/·20 || c_Loss:0.383 || e_Loss:-0.764 || Aad_Loss:-36.882 || 耗时：12.39s
任务: (B3)N15_M07_F04→(B1)N15_M01_F10; mix批次:····0; 批次:·1880/·1880;  总正确率: 34.07%
类型1 正确率：  33.00% -> 1   33.00%, 2   67.00%, 3    0.00%
类型2 正确率：  19.00% -> 1    0.00%, 2   19.20%, 3   80.80%
类型3 正确率：  50.00% -> 1    0.05%, 2   49.95%, 3   50.00%


测试集任务: (B3)N15_M07_F04→(B1)N15_M01_F10; 总正确率 = 34.07%
类型1 正确率：  33.00% -> 1   33.00%, 2   67.00%, 3    0.00%
类型2 正确率：  19.00% -> 1    0.00%, 2   19.20%, 3   80.80%
类型3 正确率：  50.00% -> 1    0.05%, 2   49.95%, 3   50.00%


