读取源域路径：/kaggle/working/m2/weight_PU_M1_final_checkpoint_FAtoB_gatev2_s2024/NEW_PU/Source-源域/log&pt/(B3)N15_M07_F04
excel输出位置：/kaggle/working/m2/weight_PU_M1_final_checkpoint_FAtoB_gatev2_s2024/NEW_PU/Target-目标域
特征图片输出位置：/kaggle/working/m2/weight_PU_M1_final_checkpoint_FAtoB_gatev2_s2024/NEW_PU/Picture-特征图/2026年09月13日23时47分/(B3)N15_M07_F04
现在选取:(B3)N15_M07_F04 进行训练的源模型
现在进行：(B3)N15_M07_F04→(B1)N15_M01_F10 的迁移任务
log&pt输出位置：/kaggle/working/m2/weight_PU_M1_final_checkpoint_FAtoB_gatev2_s2024/NEW_PU/Target-目标域/log&pt/(B3)N15_M07_F04→(B1)N15_M01_F10
任务: (B3)N15_M07_F04→(B1)N15_M01_F10; 批次:····0/·1880;  总正确率: 45.63%
类型1 正确率：  42.00% -> 1   42.20%, 2   57.80%, 3    0.00%
类型2 正确率：  45.00% -> 1    0.00%, 2   45.05%, 3   54.95%
类型3 正确率：  50.00% -> 1    0.00%, 2   50.35%, 3   49.65%


样本变换：reverse
样本变换：mask
样本变换：shift
样本变换：none
未过滤	未用伪标签：45.63% -> 使用伪标签：39.00%
已过滤	未用伪标签：44.86% -> 使用伪标签：40.16%
排除样本：173|6000	剩余：698, 2931, 2198
增添样本：3305		细则：2237, 0, 1068	正确率估算：95.01%
类型1 正确率：  35.00% -> 1   35.09%, 2   64.91%, 3    0.00%
类型2 正确率：  35.00% -> 1    0.22%, 2   35.01%, 3   64.78%
类型3 正确率：  50.00% -> 1    0.00%, 2   50.03%, 3   49.97%

被排除样本 正确率：71.68%
类型1 正确率：  95.00% -> 1   95.45%, 2    4.55%, 3    0.00%
类型2 正确率：  70.00% -> 1    0.00%, 2   69.86%, 3   30.14%
类型3 正确率：  20.00% -> 1    0.00%, 2   80.00%, 3   20.00%


轮次:··1/·20 || c_Loss:0.427 || e_Loss:-1.819 || Aad_Loss:-26.388 || 耗时：34.58s
轮次:··2/·20 || c_Loss:0.437 || e_Loss:-1.487 || Aad_Loss:-26.233 || 耗时：13.23s
轮次:··3/·20 || c_Loss:0.446 || e_Loss:-1.486 || Aad_Loss:-27.379 || 耗时：13.07s
轮次:··4/·20 || c_Loss:0.351 || e_Loss:-1.744 || Aad_Loss:-28.905 || 耗时：13.01s
轮次:··5/·20 || c_Loss:0.421 || e_Loss:-1.619 || Aad_Loss:-27.396 || 耗时：13.04s
任务: (B3)N15_M07_F04→(B1)N15_M01_F10; mix批次:····0; 批次:··470/·1880;  总正确率: 40.42%
类型1 正确率：  33.00% -> 1   33.00%, 2   67.00%, 3    0.00%
类型2 正确率：  38.00% -> 1    1.00%, 2   38.25%, 3   60.75%
类型3 正确率：  50.00% -> 1    0.05%, 2   49.95%, 3   50.00%


样本变换：reverse
样本变换：mask
样本变换：shift
样本变换：none
未过滤	未用伪标签：40.42% -> 使用伪标签：40.13%
已过滤	未用伪标签：40.24% -> 使用伪标签：40.46%
排除样本：48|6000	剩余：660, 3087, 2205
增添样本：3348		细则：2427, 0, 921	正确率估算：98.92%
类型1 正确率：  33.00% -> 1   33.00%, 2   67.00%, 3    0.00%
类型2 正确率：  38.00% -> 1    0.00%, 2   38.30%, 3   61.70%
类型3 正确率：  50.00% -> 1    0.00%, 2   49.97%, 3   50.03%

被排除样本 正确率：62.50%
类型1 没有样本或未被分类。
类型2 正确率：  64.00% -> 1    2.13%, 2   63.83%, 3   34.04%
类型3 正确率：   0.00% -> 1  100.00%, 2    0.00%, 3    0.00%


轮次:··6/·20 || c_Loss:0.470 || e_Loss:-0.755 || Aad_Loss:-28.029 || 耗时：34.39s
轮次:··7/·20 || c_Loss:0.376 || e_Loss:-0.728 || Aad_Loss:-34.468 || 耗时：13.11s
轮次:··8/·20 || c_Loss:0.348 || e_Loss:-0.848 || Aad_Loss:-33.536 || 耗时：13.17s
轮次:··9/·20 || c_Loss:0.363 || e_Loss:-0.817 || Aad_Loss:-32.326 || 耗时：13.17s
轮次:·10/·20 || c_Loss:0.380 || e_Loss:-1.575 || Aad_Loss:-29.008 || 耗时：13.19s
任务: (B3)N15_M07_F04→(B1)N15_M01_F10; mix批次:····0; 批次:··940/·1880;  总正确率: 39.67%
类型1 正确率：  33.00% -> 1   33.00%, 2   67.00%, 3    0.00%
类型2 正确率：  36.00% -> 1    0.00%, 2   36.00%, 3   64.00%
类型3 正确率：  50.00% -> 1    0.00%, 2   50.00%, 3   50.00%


样本变换：reverse
样本变换：mask
样本变换：shift
样本变换：none
未过滤	未用伪标签：39.67% -> 使用伪标签：39.08%
已过滤	未用伪标签：39.55% -> 使用伪标签：39.16%
排除样本：12|6000	剩余：660, 3025, 2303
增添样本：3087		细则：2365, 0, 722	正确率估算：99.86%
类型1 正确率：  33.00% -> 1   33.00%, 2   67.00%, 3    0.00%
类型2 正确率：  34.00% -> 1    0.00%, 2   34.46%, 3   65.54%
类型3 正确率：  50.00% -> 1    0.00%, 2   50.00%, 3   50.00%

被排除样本 正确率：100.00%
类型1 正确率： 100.00% -> 1  100.00%


轮次:·11/·20 || c_Loss:0.369 || e_Loss:-1.559 || Aad_Loss:-35.591 || 耗时：34.22s
轮次:·12/·20 || c_Loss:0.367 || e_Loss:-1.396 || Aad_Loss:-34.661 || 耗时：12.95s
轮次:·13/·20 || c_Loss:0.384 || e_Loss:-0.844 || Aad_Loss:-35.400 || 耗时：13.01s
轮次:·14/·20 || c_Loss:0.402 || e_Loss:-0.924 || Aad_Loss:-32.168 || 耗时：12.98s
轮次:·15/·20 || c_Loss:0.372 || e_Loss:-0.893 || Aad_Loss:-36.350 || 耗时：13.03s
任务: (B3)N15_M07_F04→(B1)N15_M01_F10; mix批次:····0; 批次:·1410/·1880;  总正确率: 38.68%
类型1 正确率：  33.00% -> 1   33.00%, 2   67.00%, 3    0.00%
类型2 正确率：  33.00% -> 1    0.00%, 2   33.05%, 3   66.95%
类型3 正确率：  50.00% -> 1    0.00%, 2   50.00%, 3   50.00%


样本变换：reverse
样本变换：mask
样本变换：shift
样本变换：none
未过滤	未用伪标签：38.68% -> 使用伪标签：38.67%
已过滤	未用伪标签：38.67% -> 使用伪标签：38.67%
排除样本：1|6000	剩余：660, 3000, 2339
增添样本：3001		细则：2340, 0, 661	正确率估算：100.00%
类型1 正确率：  33.00% -> 1   33.00%, 2   67.00%, 3    0.00%
类型2 正确率：  33.00% -> 1    0.00%, 2   33.02%, 3   66.98%
类型3 正确率：  50.00% -> 1    0.00%, 2   50.00%, 3   50.00%

被排除样本 正确率：100.00%
类型1 正确率： 100.00% -> 1  100.00%


轮次:·16/·20 || c_Loss:0.377 || e_Loss:-0.968 || Aad_Loss:-33.158 || 耗时：34.21s
轮次:·17/·20 || c_Loss:0.384 || e_Loss:-0.870 || Aad_Loss:-37.391 || 耗时：13.03s
轮次:·18/·20 || c_Loss:0.391 || e_Loss:-0.866 || Aad_Loss:-36.585 || 耗时：13.05s
轮次:·19/·20 || c_Loss:0.386 || e_Loss:-0.970 || Aad_Loss:-33.346 || 耗时：13.11s
轮次:·20/·20 || c_Loss:0.383 || e_Loss:-0.931 || Aad_Loss:-35.201 || 耗时：13.12s
任务: (B3)N15_M07_F04→(B1)N15_M01_F10; mix批次:····0; 批次:·1880/·1880;  总正确率: 38.68%
类型1 正确率：  33.00% -> 1   33.00%, 2   67.00%, 3    0.00%
类型2 正确率：  33.00% -> 1    0.00%, 2   33.05%, 3   66.95%
类型3 正确率：  50.00% -> 1    0.00%, 2   50.00%, 3   50.00%


测试集任务: (B3)N15_M07_F04→(B1)N15_M01_F10; 总正确率 = 38.68%
类型1 正确率：  33.00% -> 1   33.00%, 2   67.00%, 3    0.00%
类型2 正确率：  33.00% -> 1    0.00%, 2   33.05%, 3   66.95%
类型3 正确率：  50.00% -> 1    0.00%, 2   50.00%, 3   50.00%


