读取源域路径：/kaggle/working/m2/weight_PU_M1_final_checkpoint_FAtoB_gatev2_s2024/NEW_PU/Source-源域/log&pt/(B2)N15_M07_F10
excel输出位置：/kaggle/working/m2/weight_PU_M1_final_checkpoint_FAtoB_gatev2_s2024/NEW_PU/Target-目标域
特征图片输出位置：/kaggle/working/m2/weight_PU_M1_final_checkpoint_FAtoB_gatev2_s2024/NEW_PU/Picture-特征图/2026年09月13日23时35分/(B2)N15_M07_F10
现在选取:(B2)N15_M07_F10 进行训练的源模型
现在进行：(B2)N15_M07_F10→(B1)N15_M01_F10 的迁移任务
log&pt输出位置：/kaggle/working/m2/weight_PU_M1_final_checkpoint_FAtoB_gatev2_s2024/NEW_PU/Target-目标域/log&pt/(B2)N15_M07_F10→(B1)N15_M01_F10
任务: (B2)N15_M07_F10→(B1)N15_M01_F10; 批次:····0/·1880;  总正确率: 57.65%
类型1 正确率：  80.00% -> 1   80.30%, 2   19.65%, 3    0.05%
类型2 正确率：  43.00% -> 1    0.00%, 2   42.60%, 3   57.40%
类型3 正确率：  50.00% -> 1    0.00%, 2   49.95%, 3   50.05%


样本变换：reverse
样本变换：mask
样本变换：shift
样本变换：none
未过滤	未用伪标签：57.65% -> 使用伪标签：57.85%
已过滤	未用伪标签：57.05% -> 使用伪标签：59.11%
排除样本：128|6000	剩余：1989, 1488, 2395
增添样本：606		细则：0, 501, 105	正确率估算：96.70%
类型1 正确率： 100.00% -> 1   99.70%, 2    0.30%, 3    0.00%
类型2 正确率：  26.00% -> 1    0.00%, 2   25.68%, 3   74.32%
类型3 正确率：  50.00% -> 1    0.00%, 2   50.00%, 3   50.00%

被排除样本 正确率：85.16%
类型1 正确率：  20.00% -> 1   20.00%, 2   80.00%, 3    0.00%
类型2 正确率：  88.00% -> 1    0.00%, 2   87.80%, 3   12.20%
类型3 没有样本或未被分类。


轮次:··1/·20 || c_Loss:0.570 || e_Loss:-1.632 || Aad_Loss:-23.629 || 耗时：34.00s
轮次:··2/·20 || c_Loss:0.446 || e_Loss:-1.682 || Aad_Loss:-21.440 || 耗时：13.24s
轮次:··3/·20 || c_Loss:0.415 || e_Loss:-1.734 || Aad_Loss:-25.957 || 耗时：13.07s
轮次:··4/·20 || c_Loss:0.396 || e_Loss:-1.765 || Aad_Loss:-22.643 || 耗时：12.97s
轮次:··5/·20 || c_Loss:0.364 || e_Loss:-1.781 || Aad_Loss:-28.229 || 耗时：12.96s
任务: (B2)N15_M07_F10→(B1)N15_M01_F10; mix批次:····0; 批次:··470/·1880;  总正确率: 63.00%
类型1 正确率： 100.00% -> 1  100.00%, 2    0.00%, 3    0.00%
类型2 正确率：  39.00% -> 1    3.50%, 2   39.00%, 3   57.50%
类型3 正确率：  50.00% -> 1    0.00%, 2   50.00%, 3   50.00%


样本变换：reverse
样本变换：mask
样本变换：shift
样本变换：none
未过滤	未用伪标签：63.00% -> 使用伪标签：64.73%
已过滤	未用伪标签：63.40% -> 使用伪标签：65.45%
排除样本：66|6000	剩余：2000, 1884, 2050
增添样本：185		细则：0, 116, 69	正确率估算：94.59%
类型1 正确率： 100.00% -> 1  100.00%, 2    0.00%, 3    0.00%
类型2 正确率：  46.00% -> 1    0.00%, 2   45.71%, 3   54.29%
类型3 正确率：  50.00% -> 1    0.00%, 2   50.00%, 3   50.00%

被排除样本 正确率：27.27%
类型1 没有样本或未被分类。
类型2 正确率：  27.00% -> 1    9.09%, 2   27.27%, 3   63.64%
类型3 没有样本或未被分类。


轮次:··6/·20 || c_Loss:0.356 || e_Loss:-1.889 || Aad_Loss:-28.100 || 耗时：33.90s
轮次:··7/·20 || c_Loss:0.386 || e_Loss:-1.837 || Aad_Loss:-28.074 || 耗时：13.21s
轮次:··8/·20 || c_Loss:0.348 || e_Loss:-1.751 || Aad_Loss:-27.901 || 耗时：13.20s
轮次:··9/·20 || c_Loss:0.344 || e_Loss:-1.744 || Aad_Loss:-29.008 || 耗时：13.20s
轮次:·10/·20 || c_Loss:0.383 || e_Loss:-1.647 || Aad_Loss:-27.089 || 耗时：13.15s
任务: (B2)N15_M07_F10→(B1)N15_M01_F10; mix批次:····0; 批次:··940/·1880;  总正确率: 68.02%
类型1 正确率： 100.00% -> 1  100.00%, 2    0.00%, 3    0.00%
类型2 正确率：  54.00% -> 1    0.20%, 2   54.05%, 3   45.75%
类型3 正确率：  50.00% -> 1    0.00%, 2   50.00%, 3   50.00%


样本变换：reverse
样本变换：mask
样本变换：shift
样本变换：none
未过滤	未用伪标签：68.02% -> 使用伪标签：68.32%
已过滤	未用伪标签：68.30% -> 使用伪标签：68.79%
排除样本：41|6000	剩余：2000, 2099, 1860
增添样本：343		细则：99, 0, 244	正确率估算：100.00%
类型1 正确率： 100.00% -> 1  100.00%, 2    0.00%, 3    0.00%
类型2 正确率：  56.00% -> 1    0.00%, 2   56.10%, 3   43.90%
类型3 正确率：  50.00% -> 1    0.00%, 2   50.00%, 3   50.00%

被排除样本 正确率：26.83%
类型1 正确率：  27.00% -> 1   26.83%, 2   73.17%
类型2 没有样本或未被分类。


轮次:·11/·20 || c_Loss:0.351 || e_Loss:-0.955 || Aad_Loss:-30.360 || 耗时：33.73s
轮次:·12/·20 || c_Loss:0.367 || e_Loss:-1.650 || Aad_Loss:-28.341 || 耗时：12.96s
轮次:·13/·20 || c_Loss:0.372 || e_Loss:-0.863 || Aad_Loss:-29.084 || 耗时：12.96s
轮次:·14/·20 || c_Loss:0.364 || e_Loss:-0.935 || Aad_Loss:-30.594 || 耗时：12.98s
轮次:·15/·20 || c_Loss:0.366 || e_Loss:-0.934 || Aad_Loss:-28.735 || 耗时：12.98s
任务: (B2)N15_M07_F10→(B1)N15_M01_F10; mix批次:····0; 批次:·1410/·1880;  总正确率: 68.57%
类型1 正确率： 100.00% -> 1  100.00%, 2    0.00%, 3    0.00%
类型2 正确率：  56.00% -> 1    0.00%, 2   55.70%, 3   44.30%
类型3 正确率：  50.00% -> 1    0.00%, 2   50.00%, 3   50.00%


样本变换：reverse
样本变换：mask
样本变换：shift
样本变换：none
未过滤	未用伪标签：68.57% -> 使用伪标签：68.65%
已过滤	未用伪标签：68.71% -> 使用伪标签：68.99%
排除样本：30|6000	剩余：2000, 2119, 1851
增添样本：387		细则：119, 0, 268	正确率估算：100.00%
类型1 正确率： 100.00% -> 1  100.00%, 2    0.00%, 3    0.00%
类型2 正确率：  57.00% -> 1    0.00%, 2   56.80%, 3   43.20%
类型3 正确率：  50.00% -> 1    0.00%, 2   50.00%, 3   50.00%

被排除样本 正确率：40.00%
类型1 正确率：  40.00% -> 1   40.00%, 2   60.00%
类型2 没有样本或未被分类。


轮次:·16/·20 || c_Loss:0.382 || e_Loss:-0.930 || Aad_Loss:-28.427 || 耗时：33.85s
轮次:·17/·20 || c_Loss:0.368 || e_Loss:-0.975 || Aad_Loss:-29.974 || 耗时：13.09s
轮次:·18/·20 || c_Loss:0.391 || e_Loss:-0.871 || Aad_Loss:-28.865 || 耗时：13.24s
轮次:·19/·20 || c_Loss:0.374 || e_Loss:-0.899 || Aad_Loss:-32.503 || 耗时：13.18s
轮次:·20/·20 || c_Loss:0.370 || e_Loss:-0.926 || Aad_Loss:-31.941 || 耗时：13.10s
任务: (B2)N15_M07_F10→(B1)N15_M01_F10; mix批次:····0; 批次:·1880/·1880;  总正确率: 68.88%
类型1 正确率： 100.00% -> 1  100.00%, 2    0.00%, 3    0.00%
类型2 正确率：  57.00% -> 1    0.00%, 2   56.65%, 3   43.35%
类型3 正确率：  50.00% -> 1    0.00%, 2   50.00%, 3   50.00%


测试集任务: (B2)N15_M07_F10→(B1)N15_M01_F10; 总正确率 = 68.88%
类型1 正确率： 100.00% -> 1  100.00%, 2    0.00%, 3    0.00%
类型2 正确率：  57.00% -> 1    0.00%, 2   56.65%, 3   43.35%
类型3 正确率：  50.00% -> 1    0.00%, 2   50.00%, 3   50.00%


