读取源域路径：/kaggle/working/m2/weight_PU_M1_final_checkpoint_FAtoB_gatev2_s2024/NEW_PU/Source-源域/log&pt/(B2)N15_M07_F10
excel输出位置：/kaggle/working/m2/weight_PU_M1_final_checkpoint_FAtoB_gatev2_s2024/NEW_PU/Target-目标域
特征图片输出位置：/kaggle/working/m2/weight_PU_M1_final_checkpoint_FAtoB_gatev2_s2024/NEW_PU/Picture-特征图/2026年09月13日23时41分/(B2)N15_M07_F10
现在选取:(B2)N15_M07_F10 进行训练的源模型
现在进行：(B2)N15_M07_F10→(B3)N15_M07_F04 的迁移任务
log&pt输出位置：/kaggle/working/m2/weight_PU_M1_final_checkpoint_FAtoB_gatev2_s2024/NEW_PU/Target-目标域/log&pt/(B2)N15_M07_F10→(B3)N15_M07_F04
任务: (B2)N15_M07_F10→(B3)N15_M07_F04; 批次:····0/·1880;  总正确率: 67.97%
类型1 正确率：  86.00% -> 1   86.25%, 2   13.75%, 3    0.00%
类型2 正确率：  63.00% -> 1    0.00%, 2   62.55%, 3   37.45%
类型3 正确率：  55.00% -> 1    2.65%, 2   42.25%, 3   55.10%


样本变换：reverse
样本变换：mask
样本变换：shift
样本变换：none
未过滤	未用伪标签：67.97% -> 使用伪标签：57.53%
已过滤	未用伪标签：67.50% -> 使用伪标签：59.45%
排除样本：193|6000	剩余：2122, 1276, 2409
增添样本：1420		细则：287, 1133, 0	正确率估算：95.56%
类型1 正确率： 100.00% -> 1  100.00%, 2    0.00%, 3    0.00%
类型2 正确率：  24.00% -> 1    0.00%, 2   24.45%, 3   75.55%
类型3 正确率：  51.00% -> 1    6.47%, 2   42.14%, 3   51.39%

被排除样本 正确率：81.87%
类型1 正确率：   0.00% -> 1    0.00%, 2  100.00%, 3    0.00%
类型2 正确率：  82.00% -> 1    0.00%, 2   82.22%, 3   17.78%
类型3 正确率：  87.00% -> 1    1.85%, 2   11.11%, 3   87.04%


轮次:··1/·20 || c_Loss:0.601 || e_Loss:-1.661 || Aad_Loss:-24.873 || 耗时：34.39s
轮次:··2/·20 || c_Loss:0.398 || e_Loss:-1.786 || Aad_Loss:-23.895 || 耗时：13.32s
轮次:··3/·20 || c_Loss:0.381 || e_Loss:-0.848 || Aad_Loss:-27.186 || 耗时：13.18s
轮次:··4/·20 || c_Loss:0.349 || e_Loss:-1.524 || Aad_Loss:-26.040 || 耗时：13.08s
轮次:··5/·20 || c_Loss:0.375 || e_Loss:-1.487 || Aad_Loss:-25.698 || 耗时：13.05s
任务: (B2)N15_M07_F10→(B3)N15_M07_F04; mix批次:····0; 批次:··470/·1880;  总正确率: 59.07%
类型1 正确率： 100.00% -> 1  100.00%, 2    0.00%, 3    0.00%
类型2 正确率：  27.00% -> 1    0.00%, 2   27.20%, 3   72.80%
类型3 正确率：  50.00% -> 1    6.40%, 2   43.60%, 3   50.00%


样本变换：reverse
样本变换：mask
样本变换：shift
样本变换：none
未过滤	未用伪标签：59.07% -> 使用伪标签：56.42%
已过滤	未用伪标签：59.07% -> 使用伪标签：56.67%
排除样本：27|6000	剩余：2161, 1214, 2598
增添样本：1821		细则：437, 1384, 0	正确率估算：99.70%
类型1 正确率： 100.00% -> 1  100.00%, 2    0.00%, 3    0.00%
类型2 正确率：  19.00% -> 1    0.00%, 2   19.42%, 3   80.58%
类型3 正确率：  50.00% -> 1    8.09%, 2   41.66%, 3   50.25%

被排除样本 正确率：59.26%
类型1 正确率：  94.00% -> 1   94.12%, 2    5.88%
类型2 正确率：   0.00% -> 1  100.00%, 2    0.00%


轮次:··6/·20 || c_Loss:0.383 || e_Loss:-1.720 || Aad_Loss:-27.780 || 耗时：34.52s
轮次:··7/·20 || c_Loss:0.407 || e_Loss:-0.943 || Aad_Loss:-29.641 || 耗时：13.12s
轮次:··8/·20 || c_Loss:0.399 || e_Loss:-0.983 || Aad_Loss:-29.386 || 耗时：13.14s
轮次:··9/·20 || c_Loss:0.379 || e_Loss:-0.959 || Aad_Loss:-28.929 || 耗时：13.19s
轮次:·10/·20 || c_Loss:0.381 || e_Loss:-0.969 || Aad_Loss:-29.447 || 耗时：13.18s
任务: (B2)N15_M07_F10→(B3)N15_M07_F04; mix批次:····0; 批次:··940/·1880;  总正确率: 56.85%
类型1 正确率： 100.00% -> 1  100.00%, 2    0.00%, 3    0.00%
类型2 正确率：  21.00% -> 1    0.00%, 2   20.55%, 3   79.45%
类型3 正确率：  50.00% -> 1    7.65%, 2   42.35%, 3   50.00%


样本变换：reverse
样本变换：mask
样本变换：shift
样本变换：none
未过滤	未用伪标签：56.85% -> 使用伪标签：56.87%
已过滤	未用伪标签：56.91% -> 使用伪标签：56.99%
排除样本：13|6000	剩余：2173, 1235, 2579
增添样本：1750		细则：406, 1344, 0	正确率估算：99.15%
类型1 正确率： 100.00% -> 1  100.00%, 2    0.00%, 3    0.00%
类型2 正确率：  21.00% -> 1    0.00%, 2   20.69%, 3   79.31%
类型3 正确率：  50.00% -> 1    8.67%, 2   41.23%, 3   50.10%

被排除样本 正确率：30.77%
类型1 正确率：  44.00% -> 1   44.44%, 2   55.56%
类型2 正确率：   0.00% -> 1  100.00%, 2    0.00%


轮次:·11/·20 || c_Loss:0.370 || e_Loss:-1.660 || Aad_Loss:-29.362 || 耗时：34.43s
轮次:·12/·20 || c_Loss:0.418 || e_Loss:-0.910 || Aad_Loss:-26.810 || 耗时：12.98s
轮次:·13/·20 || c_Loss:0.381 || e_Loss:-1.749 || Aad_Loss:-28.463 || 耗时：12.99s
轮次:·14/·20 || c_Loss:0.386 || e_Loss:-0.922 || Aad_Loss:-31.545 || 耗时：12.99s
轮次:·15/·20 || c_Loss:0.417 || e_Loss:-0.960 || Aad_Loss:-28.425 || 耗时：13.05s
任务: (B2)N15_M07_F10→(B3)N15_M07_F04; mix批次:····0; 批次:·1410/·1880;  总正确率: 57.43%
类型1 正确率： 100.00% -> 1  100.00%, 2    0.00%, 3    0.00%
类型2 正确率：  22.00% -> 1    0.00%, 2   22.30%, 3   77.70%
类型3 正确率：  50.00% -> 1    7.55%, 2   42.45%, 3   50.00%


样本变换：reverse
样本变换：mask
样本变换：shift
样本变换：none
未过滤	未用伪标签：57.43% -> 使用伪标签：57.37%
已过滤	未用伪标签：57.54% -> 使用伪标签：57.52%
排除样本：16|6000	剩余：2169, 1267, 2548
增添样本：1660		细则：379, 1281, 0	正确率估算：99.57%
类型1 正确率： 100.00% -> 1  100.00%, 2    0.00%, 3    0.00%
类型2 正确率：  22.00% -> 1    0.00%, 2   22.21%, 3   77.79%
类型3 正确率：  50.00% -> 1    8.48%, 2   41.37%, 3   50.15%

被排除样本 正确率：18.75%
类型1 正确率：  30.00% -> 1   30.00%, 2   70.00%
类型2 正确率：   0.00% -> 1  100.00%, 2    0.00%


轮次:·16/·20 || c_Loss:0.394 || e_Loss:-0.962 || Aad_Loss:-29.296 || 耗时：34.44s
轮次:·17/·20 || c_Loss:0.404 || e_Loss:-0.998 || Aad_Loss:-29.980 || 耗时：13.05s
轮次:·18/·20 || c_Loss:0.371 || e_Loss:-0.983 || Aad_Loss:-29.795 || 耗时：13.03s
轮次:·19/·20 || c_Loss:0.388 || e_Loss:-0.950 || Aad_Loss:-29.677 || 耗时：13.07s
轮次:·20/·20 || c_Loss:0.379 || e_Loss:-0.957 || Aad_Loss:-29.220 || 耗时：13.16s
任务: (B2)N15_M07_F10→(B3)N15_M07_F04; mix批次:····0; 批次:·1880/·1880;  总正确率: 57.72%
类型1 正确率： 100.00% -> 1  100.00%, 2    0.00%, 3    0.00%
类型2 正确率：  23.00% -> 1    0.00%, 2   23.15%, 3   76.85%
类型3 正确率：  50.00% -> 1    8.20%, 2   41.80%, 3   50.00%


测试集任务: (B2)N15_M07_F10→(B3)N15_M07_F04; 总正确率 = 57.72%
类型1 正确率： 100.00% -> 1  100.00%, 2    0.00%, 3    0.00%
类型2 正确率：  23.00% -> 1    0.00%, 2   23.15%, 3   76.85%
类型3 正确率：  50.00% -> 1    8.20%, 2   41.80%, 3   50.00%


