读取源域路径：/kaggle/working/k10/S00/weight_PU_M1_final_checkpoint_FS00toS00c_s2024/NEW_PU/Source-源域/log&pt/(B3)N15_M07_F04
excel输出位置：/kaggle/working/k10/S00/weight_PU_M1_final_checkpoint_FS00toS00c_s2024/NEW_PU/Target-目标域
特征图片输出位置：/kaggle/working/k10/S00/weight_PU_M1_final_checkpoint_FS00toS00c_s2024/NEW_PU/Picture-特征图/2026年09月15日23时58分/(B3)N15_M07_F04
现在选取:(B3)N15_M07_F04 进行训练的源模型
现在进行：(B3)N15_M07_F04→(B2)N15_M07_F10 的迁移任务
log&pt输出位置：/kaggle/working/k10/S00/weight_PU_M1_final_checkpoint_FS00toS00c_s2024/NEW_PU/Target-目标域/log&pt/(B3)N15_M07_F04→(B2)N15_M07_F10
任务: (B3)N15_M07_F04→(B2)N15_M07_F10; 批次:····0/·1880;  总正确率: 48.95%
类型1 正确率：  72.00% -> 1   72.20%, 2    0.00%, 3   27.80%
类型2 正确率：  57.00% -> 1    0.00%, 2   57.40%, 3   42.60%
类型3 正确率：  17.00% -> 1    0.00%, 2   82.75%, 3   17.25%


样本变换：reverse
样本变换：mask
样本变换：shift
样本变换：none
未过滤	未用伪标签：48.95% -> 使用伪标签：57.23%
已过滤	未用伪标签：49.16% -> 使用伪标签：59.38%
排除样本：217|6000	剩余：1997, 2631, 1155
增添样本：2110		细则：634, 0, 1476	正确率估算：85.63%
类型1 正确率： 100.00% -> 1   99.95%, 2    0.00%, 3    0.05%
类型2 正确率：  57.00% -> 1    0.00%, 2   57.47%, 3   42.53%
类型3 正确率：  18.00% -> 1    0.00%, 2   81.59%, 3   18.41%

被排除样本 正确率：43.32%
类型1 正确率：   0.00% -> 1    0.00%, 2    0.00%, 3  100.00%
类型2 正确率：  51.00% -> 1    0.00%, 2   51.43%, 3   48.57%
类型3 正确率：  36.00% -> 1    0.00%, 2   63.64%, 3   36.36%


轮次:··1/·20 || c_Loss:0.509 || e_Loss:-1.365 || Aad_Loss:-25.632 || 耗时：33.13s
轮次:··2/·20 || c_Loss:0.431 || e_Loss:-0.790 || Aad_Loss:-29.764 || 耗时：12.46s
轮次:··3/·20 || c_Loss:0.385 || e_Loss:-1.596 || Aad_Loss:-30.315 || 耗时：12.49s
轮次:··4/·20 || c_Loss:0.390 || e_Loss:-1.533 || Aad_Loss:-23.809 || 耗时：12.49s
轮次:··5/·20 || c_Loss:0.393 || e_Loss:-1.601 || Aad_Loss:-25.183 || 耗时：12.50s
任务: (B3)N15_M07_F04→(B2)N15_M07_F10; mix批次:····0; 批次:··470/·1880;  总正确率: 60.38%
类型1 正确率： 100.00% -> 1  100.00%, 2    0.00%, 3    0.00%
类型2 正确率：  59.00% -> 1    0.00%, 2   58.70%, 3   41.30%
类型3 正确率：  22.00% -> 1    0.00%, 2   77.55%, 3   22.45%


样本变换：reverse
样本变换：mask
样本变换：shift
样本变换：none
未过滤	未用伪标签：60.38% -> 使用伪标签：59.92%
已过滤	未用伪标签：60.69% -> 使用伪标签：61.22%
排除样本：128|6000	剩余：2000, 2546, 1326
增添样本：1766		细则：546, 0, 1220	正确率估算：95.02%
类型1 正确率： 100.00% -> 1  100.00%, 2    0.00%, 3    0.00%
类型2 正确率：  57.00% -> 1    0.00%, 2   56.93%, 3   43.07%
类型3 正确率：  25.00% -> 1    0.00%, 2   74.62%, 3   25.38%

被排除样本 正确率：46.09%
类型1 正确率：  68.00% -> 1   67.80%, 2   32.20%
类型2 正确率：  28.00% -> 1   72.46%, 2   27.54%


轮次:··6/·20 || c_Loss:0.399 || e_Loss:-1.615 || Aad_Loss:-27.595 || 耗时：33.35s
轮次:··7/·20 || c_Loss:0.377 || e_Loss:-1.611 || Aad_Loss:-27.513 || 耗时：12.45s
轮次:··8/·20 || c_Loss:0.441 || e_Loss:-1.304 || Aad_Loss:-31.903 || 耗时：12.46s
轮次:··9/·20 || c_Loss:0.437 || e_Loss:-1.655 || Aad_Loss:-25.817 || 耗时：12.45s
轮次:·10/·20 || c_Loss:0.398 || e_Loss:-1.650 || Aad_Loss:-23.565 || 耗时：12.56s
任务: (B3)N15_M07_F04→(B2)N15_M07_F10; mix批次:····0; 批次:··940/·1880;  总正确率: 63.30%
类型1 正确率： 100.00% -> 1  100.00%, 2    0.00%, 3    0.00%
类型2 正确率：  57.00% -> 1    0.00%, 2   57.30%, 3   42.70%
类型3 正确率：  33.00% -> 1    0.00%, 2   67.40%, 3   32.60%


样本变换：reverse
样本变换：mask
样本变换：shift
样本变换：none
未过滤	未用伪标签：63.30% -> 使用伪标签：62.90%
已过滤	未用伪标签：63.61% -> 使用伪标签：64.00%
排除样本：103|6000	剩余：2000, 2442, 1455
增添样本：1429		细则：442, 0, 987	正确率估算：98.39%
类型1 正确率： 100.00% -> 1  100.00%, 2    0.00%, 3    0.00%
类型2 正确率：  58.00% -> 1    0.00%, 2   58.18%, 3   41.82%
类型3 正确率：  33.00% -> 1    0.00%, 2   67.16%, 3   32.84%

被排除样本 正确率：45.63%
类型1 正确率：  45.00% -> 1   44.90%, 2   55.10%
类型2 正确率：  46.00% -> 1   53.70%, 2   46.30%


轮次:·11/·20 || c_Loss:0.371 || e_Loss:-0.850 || Aad_Loss:-25.689 || 耗时：33.26s
轮次:·12/·20 || c_Loss:0.359 || e_Loss:-1.705 || Aad_Loss:-28.028 || 耗时：12.42s
轮次:·13/·20 || c_Loss:0.409 || e_Loss:-0.783 || Aad_Loss:-31.042 || 耗时：12.43s
轮次:·14/·20 || c_Loss:0.357 || e_Loss:-0.893 || Aad_Loss:-29.844 || 耗时：12.44s
轮次:·15/·20 || c_Loss:0.379 || e_Loss:-1.611 || Aad_Loss:-32.203 || 耗时：12.44s
任务: (B3)N15_M07_F04→(B2)N15_M07_F10; mix批次:····0; 批次:·1410/·1880;  总正确率: 64.77%
类型1 正确率： 100.00% -> 1  100.00%, 2    0.00%, 3    0.00%
类型2 正确率：  60.00% -> 1    0.00%, 2   60.15%, 3   39.85%
类型3 正确率：  34.00% -> 1    0.00%, 2   65.85%, 3   34.15%


样本变换：reverse
样本变换：mask
样本变换：shift
样本变换：none
未过滤	未用伪标签：64.77% -> 使用伪标签：64.62%
已过滤	未用伪标签：65.25% -> 使用伪标签：65.71%
排除样本：100|6000	剩余：2000, 2420, 1480
增添样本：1360		细则：420, 0, 940	正确率估算：97.57%
类型1 正确率： 100.00% -> 1  100.00%, 2    0.00%, 3    0.00%
类型2 正确率：  60.00% -> 1    0.00%, 2   60.10%, 3   39.90%
类型3 正确率：  36.00% -> 1    0.00%, 2   64.03%, 3   35.97%

被排除样本 正确率：36.00%
类型1 正确率：  54.00% -> 1   54.29%, 2   45.71%
类型2 正确率：  26.00% -> 1   73.85%, 2   26.15%


轮次:·16/·20 || c_Loss:0.440 || e_Loss:-1.669 || Aad_Loss:-26.600 || 耗时：33.17s
轮次:·17/·20 || c_Loss:0.442 || e_Loss:-1.180 || Aad_Loss:-34.528 || 耗时：12.53s
轮次:·18/·20 || c_Loss:0.383 || e_Loss:-1.730 || Aad_Loss:-31.548 || 耗时：12.53s
轮次:·19/·20 || c_Loss:0.362 || e_Loss:-1.714 || Aad_Loss:-27.735 || 耗时：12.55s
轮次:·20/·20 || c_Loss:0.433 || e_Loss:-0.873 || Aad_Loss:-27.907 || 耗时：12.52s
任务: (B3)N15_M07_F04→(B2)N15_M07_F10; mix批次:····0; 批次:·1880/·1880;  总正确率: 67.60%
类型1 正确率： 100.00% -> 1  100.00%, 2    0.00%, 3    0.00%
类型2 正确率：  61.00% -> 1    0.00%, 2   61.15%, 3   38.85%
类型3 正确率：  42.00% -> 1    0.00%, 2   58.35%, 3   41.65%


测试集任务: (B3)N15_M07_F04→(B2)N15_M07_F10; 总正确率 = 67.60%
类型1 正确率： 100.00% -> 1  100.00%, 2    0.00%, 3    0.00%
类型2 正确率：  61.00% -> 1    0.00%, 2   61.15%, 3   38.85%
类型3 正确率：  42.00% -> 1    0.00%, 2   58.35%, 3   41.65%


