读取源域路径：/kaggle/working/k10/S00/weight_PU_M1_final_checkpoint_FS00toS00c_s2024/NEW_PU/Source-源域/log&pt/(B1)N15_M01_F10
excel输出位置：/kaggle/working/k10/S00/weight_PU_M1_final_checkpoint_FS00toS00c_s2024/NEW_PU/Target-目标域
特征图片输出位置：/kaggle/working/k10/S00/weight_PU_M1_final_checkpoint_FS00toS00c_s2024/NEW_PU/Picture-特征图/2026年09月15日23时34分/(B1)N15_M01_F10
现在选取:(B1)N15_M01_F10 进行训练的源模型
现在进行：(B1)N15_M01_F10→(B3)N15_M07_F04 的迁移任务
log&pt输出位置：/kaggle/working/k10/S00/weight_PU_M1_final_checkpoint_FS00toS00c_s2024/NEW_PU/Target-目标域/log&pt/(B1)N15_M01_F10→(B3)N15_M07_F04
任务: (B1)N15_M01_F10→(B3)N15_M07_F04; 批次:····0/·1880;  总正确率: 64.05%
类型1 正确率：  65.00% -> 1   64.75%, 2    5.35%, 3   29.90%
类型2 正确率：  78.00% -> 1    0.00%, 2   78.45%, 3   21.55%
类型3 正确率：  49.00% -> 1    0.00%, 2   51.05%, 3   48.95%


样本变换：reverse
样本变换：mask
样本变换：shift
样本变换：none
未过滤	未用伪标签：64.05% -> 使用伪标签：70.58%
已过滤	未用伪标签：64.40% -> 使用伪标签：72.84%
排除样本：186|6000	剩余：1755, 2627, 1432
增添样本：2067		细则：872, 0, 1195	正确率估算：84.42%
类型1 正确率：  92.00% -> 1   91.50%, 2    7.04%, 3    1.46%
类型2 正确率：  78.00% -> 1    0.00%, 2   78.20%, 3   21.80%
类型3 正确率：  50.00% -> 1    0.00%, 2   50.30%, 3   49.70%

被排除样本 正确率：53.23%
类型1 正确率：  45.00% -> 1   45.12%, 2   14.63%, 3   40.24%
类型2 正确率：  62.00% -> 1    0.00%, 2   61.96%, 3   38.04%
类型3 正确率：  42.00% -> 1    0.00%, 2   58.33%, 3   41.67%


轮次:··1/·20 || c_Loss:0.506 || e_Loss:-0.913 || Aad_Loss:-25.577 || 耗时：33.46s
轮次:··2/·20 || c_Loss:0.420 || e_Loss:-1.714 || Aad_Loss:-26.714 || 耗时：12.42s
轮次:··3/·20 || c_Loss:0.409 || e_Loss:-1.234 || Aad_Loss:-26.818 || 耗时：12.42s
轮次:··4/·20 || c_Loss:0.398 || e_Loss:-1.457 || Aad_Loss:-27.355 || 耗时：12.57s
轮次:··5/·20 || c_Loss:0.380 || e_Loss:-1.768 || Aad_Loss:-26.898 || 耗时：12.44s
任务: (B1)N15_M01_F10→(B3)N15_M07_F04; mix批次:····0; 批次:··470/·1880;  总正确率: 73.00%
类型1 正确率：  96.00% -> 1   95.60%, 2    4.40%, 3    0.00%
类型2 正确率：  73.00% -> 1    0.00%, 2   73.40%, 3   26.60%
类型3 正确率：  50.00% -> 1    0.00%, 2   50.00%, 3   50.00%


样本变换：reverse
样本变换：mask
样本变换：shift
样本变换：none
未过滤	未用伪标签：73.00% -> 使用伪标签：72.57%
已过滤	未用伪标签：72.99% -> 使用伪标签：72.81%
排除样本：20|6000	剩余：1985, 2379, 1616
增添样本：1157		细则：394, 0, 763	正确率估算：96.20%
类型1 正确率：  99.00% -> 1   99.50%, 2    0.50%, 3    0.00%
类型2 正确率：  69.00% -> 1    0.00%, 2   68.97%, 3   31.03%
类型3 正确率：  50.00% -> 1    0.00%, 2   50.00%, 3   50.00%

被排除样本 正确率：75.00%
类型1 正确率：   0.00% -> 1    0.00%, 2  100.00%
类型2 正确率： 100.00% -> 1    0.00%, 2  100.00%


轮次:··6/·20 || c_Loss:0.362 || e_Loss:-0.955 || Aad_Loss:-31.054 || 耗时：33.18s
轮次:··7/·20 || c_Loss:0.405 || e_Loss:-1.488 || Aad_Loss:-28.712 || 耗时：12.54s
轮次:··8/·20 || c_Loss:0.365 || e_Loss:-0.955 || Aad_Loss:-31.490 || 耗时：12.57s
轮次:··9/·20 || c_Loss:0.363 || e_Loss:-0.970 || Aad_Loss:-31.174 || 耗时：12.55s
轮次:·10/·20 || c_Loss:0.374 || e_Loss:-1.796 || Aad_Loss:-30.084 || 耗时：12.54s
任务: (B1)N15_M01_F10→(B3)N15_M07_F04; mix批次:····0; 批次:··940/·1880;  总正确率: 72.45%
类型1 正确率： 100.00% -> 1  100.00%, 2    0.00%, 3    0.00%
类型2 正确率：  67.00% -> 1    0.00%, 2   67.35%, 3   32.65%
类型3 正确率：  50.00% -> 1    0.00%, 2   50.00%, 3   50.00%


样本变换：reverse
样本变换：mask
样本变换：shift
样本变换：none
未过滤	未用伪标签：72.45% -> 使用伪标签：72.35%
已过滤	未用伪标签：72.44% -> 使用伪标签：72.37%
排除样本：2|6000	剩余：2000, 2341, 1657
增添样本：1025		细则：341, 0, 684	正确率估算：99.90%
类型1 正确率： 100.00% -> 1  100.00%, 2    0.00%, 3    0.00%
类型2 正确率：  67.00% -> 1    0.00%, 2   67.12%, 3   32.88%
类型3 正确率：  50.00% -> 1    0.00%, 2   50.00%, 3   50.00%

被排除样本 正确率：100.00%
类型1 正确率： 100.00% -> 1  100.00%


轮次:·11/·20 || c_Loss:0.376 || e_Loss:-0.968 || Aad_Loss:-30.318 || 耗时：33.26s
轮次:·12/·20 || c_Loss:0.375 || e_Loss:-1.014 || Aad_Loss:-30.720 || 耗时：12.52s
轮次:·13/·20 || c_Loss:0.379 || e_Loss:-1.011 || Aad_Loss:-30.878 || 耗时：12.53s
轮次:·14/·20 || c_Loss:0.380 || e_Loss:-0.987 || Aad_Loss:-31.711 || 耗时：12.52s
轮次:·15/·20 || c_Loss:0.381 || e_Loss:-1.013 || Aad_Loss:-30.884 || 耗时：12.53s
任务: (B1)N15_M01_F10→(B3)N15_M07_F04; mix批次:····0; 批次:·1410/·1880;  总正确率: 72.35%
类型1 正确率： 100.00% -> 1  100.00%, 2    0.00%, 3    0.00%
类型2 正确率：  67.00% -> 1    0.00%, 2   67.05%, 3   32.95%
类型3 正确率：  50.00% -> 1    0.00%, 2   50.00%, 3   50.00%


样本变换：reverse
样本变换：mask
样本变换：shift
样本变换：none
未过滤	未用伪标签：72.35% -> 使用伪标签：72.35%
已过滤	未用伪标签：72.36% -> 使用伪标签：72.36%
排除样本：1|6000	剩余：2000, 2341, 1658
增添样本：1024		细则：341, 0, 683	正确率估算：100.00%
类型1 正确率： 100.00% -> 1  100.00%, 2    0.00%, 3    0.00%
类型2 正确率：  67.00% -> 1    0.00%, 2   67.08%, 3   32.92%
类型3 正确率：  50.00% -> 1    0.00%, 2   50.00%, 3   50.00%

被排除样本 正确率：0.00%
类型1 正确率：   0.00% -> 1    0.00%, 2  100.00%
类型2 没有样本或未被分类。


轮次:·16/·20 || c_Loss:0.381 || e_Loss:-1.002 || Aad_Loss:-31.026 || 耗时：33.52s
轮次:·17/·20 || c_Loss:0.381 || e_Loss:-1.015 || Aad_Loss:-31.180 || 耗时：12.55s
轮次:·18/·20 || c_Loss:0.387 || e_Loss:-0.960 || Aad_Loss:-31.826 || 耗时：12.56s
轮次:·19/·20 || c_Loss:0.381 || e_Loss:-0.996 || Aad_Loss:-31.431 || 耗时：12.57s
轮次:·20/·20 || c_Loss:0.376 || e_Loss:-0.954 || Aad_Loss:-32.986 || 耗时：12.57s
任务: (B1)N15_M01_F10→(B3)N15_M07_F04; mix批次:····0; 批次:·1880/·1880;  总正确率: 72.35%
类型1 正确率： 100.00% -> 1  100.00%, 2    0.00%, 3    0.00%
类型2 正确率：  67.00% -> 1    0.00%, 2   67.05%, 3   32.95%
类型3 正确率：  50.00% -> 1    0.00%, 2   50.00%, 3   50.00%


测试集任务: (B1)N15_M01_F10→(B3)N15_M07_F04; 总正确率 = 72.35%
类型1 正确率： 100.00% -> 1  100.00%, 2    0.00%, 3    0.00%
类型2 正确率：  67.00% -> 1    0.00%, 2   67.05%, 3   32.95%
类型3 正确率：  50.00% -> 1    0.00%, 2   50.00%, 3   50.00%


