读取源域路径：/kaggle/working/k10/S00/weight_PU_M1_final_checkpoint_FS00toS00c_s2024/NEW_PU/Source-源域/log&pt/(B3)N15_M07_F04
excel输出位置：/kaggle/working/k10/S00/weight_PU_M1_final_checkpoint_FS00toS00c_s2024/NEW_PU/Target-目标域
特征图片输出位置：/kaggle/working/k10/S00/weight_PU_M1_final_checkpoint_FS00toS00c_s2024/NEW_PU/Picture-特征图/2026年09月15日23时52分/(B3)N15_M07_F04
现在选取:(B3)N15_M07_F04 进行训练的源模型
现在进行：(B3)N15_M07_F04→(B1)N15_M01_F10 的迁移任务
log&pt输出位置：/kaggle/working/k10/S00/weight_PU_M1_final_checkpoint_FS00toS00c_s2024/NEW_PU/Target-目标域/log&pt/(B3)N15_M07_F04→(B1)N15_M01_F10
任务: (B3)N15_M07_F04→(B1)N15_M01_F10; 批次:····0/·1880;  总正确率: 52.15%
类型1 正确率：  68.00% -> 1   67.65%, 2    0.45%, 3   31.90%
类型2 正确率：  56.00% -> 1    0.00%, 2   55.85%, 3   44.15%
类型3 正确率：  33.00% -> 1    0.00%, 2   67.05%, 3   32.95%


样本变换：reverse
样本变换：mask
样本变换：shift
样本变换：none
未过滤	未用伪标签：52.15% -> 使用伪标签：62.78%
已过滤	未用伪标签：52.57% -> 使用伪标签：64.87%
排除样本：193|6000	剩余：1987, 2216, 1604
增添样本：841		细则：229, 0, 612	正确率估算：83.47%
类型1 正确率： 100.00% -> 1   99.85%, 2    0.15%, 3    0.00%
类型2 正确率：  55.00% -> 1    0.00%, 2   54.66%, 3   45.34%
类型3 正确率：  39.00% -> 1    0.00%, 2   61.22%, 3   38.78%

被排除样本 正确率：39.38%
类型1 正确率：  40.00% -> 1   40.00%, 2   60.00%, 3    0.00%
类型2 正确率：  54.00% -> 1    0.00%, 2   54.46%, 3   45.54%
类型3 正确率：  15.00% -> 1    0.00%, 2   84.51%, 3   15.49%


轮次:··1/·20 || c_Loss:0.498 || e_Loss:-1.377 || Aad_Loss:-25.569 || 耗时：33.19s
轮次:··2/·20 || c_Loss:0.400 || e_Loss:-1.651 || Aad_Loss:-26.135 || 耗时：12.59s
轮次:··3/·20 || c_Loss:0.360 || e_Loss:-1.529 || Aad_Loss:-26.559 || 耗时：12.61s
轮次:··4/·20 || c_Loss:0.352 || e_Loss:-1.689 || Aad_Loss:-24.903 || 耗时：12.56s
轮次:··5/·20 || c_Loss:0.376 || e_Loss:-1.649 || Aad_Loss:-26.464 || 耗时：12.59s
任务: (B3)N15_M07_F04→(B1)N15_M01_F10; mix批次:····0; 批次:··470/·1880;  总正确率: 66.95%
类型1 正确率： 100.00% -> 1  100.00%, 2    0.00%, 3    0.00%
类型2 正确率：  57.00% -> 1    0.00%, 2   57.50%, 3   42.50%
类型3 正确率：  43.00% -> 1    0.00%, 2   56.65%, 3   43.35%


样本变换：reverse
样本变换：mask
样本变换：shift
样本变换：none
未过滤	未用伪标签：66.95% -> 使用伪标签：66.87%
已过滤	未用伪标签：67.49% -> 使用伪标签：67.97%
排除样本：97|6000	剩余：2000, 2244, 1659
增添样本：829		细则：244, 0, 585	正确率估算：98.91%
类型1 正确率： 100.00% -> 1  100.00%, 2    0.00%, 3    0.00%
类型2 正确率：  59.00% -> 1    0.00%, 2   59.06%, 3   40.94%
类型3 正确率：  44.00% -> 1    0.00%, 2   55.94%, 3   44.06%

被排除样本 正确率：34.02%
类型1 正确率：  31.00% -> 1   31.37%, 2   68.63%
类型2 正确率：  37.00% -> 1   63.04%, 2   36.96%


轮次:··6/·20 || c_Loss:0.395 || e_Loss:-1.682 || Aad_Loss:-27.288 || 耗时：33.33s
轮次:··7/·20 || c_Loss:0.349 || e_Loss:-1.366 || Aad_Loss:-30.146 || 耗时：12.58s
轮次:··8/·20 || c_Loss:0.369 || e_Loss:-1.695 || Aad_Loss:-29.866 || 耗时：12.57s
轮次:··9/·20 || c_Loss:0.345 || e_Loss:-1.396 || Aad_Loss:-28.860 || 耗时：12.59s
轮次:·10/·20 || c_Loss:0.360 || e_Loss:-0.869 || Aad_Loss:-31.866 || 耗时：12.57s
任务: (B3)N15_M07_F04→(B1)N15_M01_F10; mix批次:····0; 批次:··940/·1880;  总正确率: 69.72%
类型1 正确率： 100.00% -> 1  100.00%, 2    0.00%, 3    0.00%
类型2 正确率：  60.00% -> 1    0.00%, 2   60.45%, 3   39.55%
类型3 正确率：  49.00% -> 1    0.00%, 2   51.30%, 3   48.70%


样本变换：reverse
样本变换：mask
样本变换：shift
样本变换：none
未过滤	未用伪标签：69.72% -> 使用伪标签：69.87%
已过滤	未用伪标签：69.89% -> 使用伪标签：70.47%
排除样本：51|6000	剩余：2000, 2280, 1669
增添样本：891		细则：280, 0, 611	正确率估算：99.89%
类型1 正确率： 100.00% -> 1  100.00%, 2    0.00%, 3    0.00%
类型2 正确率：  63.00% -> 1    0.00%, 2   63.25%, 3   36.75%
类型3 正确率：  48.00% -> 1    0.00%, 2   52.23%, 3   47.77%

被排除样本 正确率：49.02%
类型1 正确率：   7.00% -> 1    7.41%, 2   92.59%
类型2 正确率：  96.00% -> 1    4.17%, 2   95.83%


轮次:·11/·20 || c_Loss:0.419 || e_Loss:-0.906 || Aad_Loss:-29.057 || 耗时：33.29s
轮次:·12/·20 || c_Loss:0.402 || e_Loss:-1.358 || Aad_Loss:-28.379 || 耗时：12.56s
轮次:·13/·20 || c_Loss:0.389 || e_Loss:-1.835 || Aad_Loss:-27.670 || 耗时：12.56s
轮次:·14/·20 || c_Loss:0.416 || e_Loss:-1.628 || Aad_Loss:-31.178 || 耗时：12.56s
轮次:·15/·20 || c_Loss:0.377 || e_Loss:-0.941 || Aad_Loss:-31.498 || 耗时：12.55s
任务: (B3)N15_M07_F04→(B1)N15_M01_F10; mix批次:····0; 批次:·1410/·1880;  总正确率: 70.45%
类型1 正确率： 100.00% -> 1  100.00%, 2    0.00%, 3    0.00%
类型2 正确率：  62.00% -> 1    0.00%, 2   61.65%, 3   38.35%
类型3 正确率：  50.00% -> 1    0.00%, 2   50.30%, 3   49.70%


样本变换：reverse
样本变换：mask
样本变换：shift
样本变换：none
未过滤	未用伪标签：70.45% -> 使用伪标签：70.95%
已过滤	未用伪标签：70.62% -> 使用伪标签：71.19%
排除样本：20|6000	剩余：2000, 2280, 1700
增添样本：860		细则：280, 0, 580	正确率估算：100.00%
类型1 正确率： 100.00% -> 1  100.00%, 2    0.00%, 3    0.00%
类型2 正确率：  64.00% -> 1    0.00%, 2   64.04%, 3   35.96%
类型3 正确率：  49.00% -> 1    0.00%, 2   50.58%, 3   49.42%

被排除样本 正确率：20.00%
类型1 正确率：  12.00% -> 1   11.76%, 2   88.24%
类型2 正确率：  67.00% -> 1   33.33%, 2   66.67%


轮次:·16/·20 || c_Loss:0.378 || e_Loss:-0.956 || Aad_Loss:-29.319 || 耗时：33.07s
轮次:·17/·20 || c_Loss:0.415 || e_Loss:-0.924 || Aad_Loss:-27.820 || 耗时：12.47s
轮次:·18/·20 || c_Loss:0.392 || e_Loss:-0.955 || Aad_Loss:-28.184 || 耗时：12.44s
轮次:·19/·20 || c_Loss:0.408 || e_Loss:-1.589 || Aad_Loss:-29.297 || 耗时：12.43s
轮次:·20/·20 || c_Loss:0.427 || e_Loss:-0.934 || Aad_Loss:-28.811 || 耗时：12.44s
任务: (B3)N15_M07_F04→(B1)N15_M01_F10; mix批次:····0; 批次:·1880/·1880;  总正确率: 71.13%
类型1 正确率： 100.00% -> 1  100.00%, 2    0.00%, 3    0.00%
类型2 正确率：  64.00% -> 1    0.00%, 2   63.80%, 3   36.20%
类型3 正确率：  50.00% -> 1    0.00%, 2   50.40%, 3   49.60%


测试集任务: (B3)N15_M07_F04→(B1)N15_M01_F10; 总正确率 = 71.13%
类型1 正确率： 100.00% -> 1  100.00%, 2    0.00%, 3    0.00%
类型2 正确率：  64.00% -> 1    0.00%, 2   63.80%, 3   36.20%
类型3 正确率：  50.00% -> 1    0.00%, 2   50.40%, 3   49.60%


