读取源域路径：/kaggle/working/k10/S00/weight_PU_M1_final_checkpoint_FS00toS00c_s2024/NEW_PU/Source-源域/log&pt/(B1)N15_M01_F10
excel输出位置：/kaggle/working/k10/S00/weight_PU_M1_final_checkpoint_FS00toS00c_s2024/NEW_PU/Target-目标域
特征图片输出位置：/kaggle/working/k10/S00/weight_PU_M1_final_checkpoint_FS00toS00c_s2024/NEW_PU/Picture-特征图/2026年09月15日23时28分/(B1)N15_M01_F10
现在选取:(B1)N15_M01_F10 进行训练的源模型
现在进行：(B1)N15_M01_F10→(B2)N15_M07_F10 的迁移任务
log&pt输出位置：/kaggle/working/k10/S00/weight_PU_M1_final_checkpoint_FS00toS00c_s2024/NEW_PU/Target-目标域/log&pt/(B1)N15_M01_F10→(B2)N15_M07_F10
任务: (B1)N15_M01_F10→(B2)N15_M07_F10; 批次:····0/·1880;  总正确率: 56.17%
类型1 正确率：  41.00% -> 1   41.35%, 2    5.95%, 3   52.70%
类型2 正确率：  79.00% -> 1    0.00%, 2   79.40%, 3   20.60%
类型3 正确率：  48.00% -> 1    0.00%, 2   52.25%, 3   47.75%


样本变换：reverse
样本变换：mask
样本变换：shift
样本变换：none
未过滤	未用伪标签：56.17% -> 使用伪标签：57.70%
已过滤	未用伪标签：57.77% -> 使用伪标签：61.40%
排除样本：362|6000	剩余：958, 2638, 2042
增添样本：2276		细则：1680, 0, 596	正确率估算：86.55%
类型1 正确率：  54.00% -> 1   53.97%, 2    6.54%, 3   39.49%
类型2 正确率：  81.00% -> 1    0.00%, 2   81.11%, 3   18.89%
类型3 正确率：  50.00% -> 1    0.00%, 2   50.45%, 3   49.55%

被排除样本 正确率：31.22%
类型1 正确率：  18.00% -> 1   18.22%, 2   14.22%, 3   67.56%
类型2 正确率：  53.00% -> 1    0.00%, 2   52.67%, 3   47.33%
类型3 正确率：  50.00% -> 1    0.00%, 2   50.00%, 3   50.00%


轮次:··1/·20 || c_Loss:0.585 || e_Loss:-1.646 || Aad_Loss:-19.486 || 耗时：33.69s
轮次:··2/·20 || c_Loss:0.453 || e_Loss:-1.555 || Aad_Loss:-24.426 || 耗时：12.38s
轮次:··3/·20 || c_Loss:0.437 || e_Loss:-1.694 || Aad_Loss:-23.359 || 耗时：12.37s
轮次:··4/·20 || c_Loss:0.384 || e_Loss:-1.620 || Aad_Loss:-26.787 || 耗时：12.39s
轮次:··5/·20 || c_Loss:0.375 || e_Loss:-1.598 || Aad_Loss:-26.669 || 耗时：12.53s
任务: (B1)N15_M01_F10→(B2)N15_M07_F10; mix批次:····0; 批次:··470/·1880;  总正确率: 62.60%
类型1 正确率：  57.00% -> 1   57.25%, 2    4.35%, 3   38.40%
类型2 正确率：  81.00% -> 1    0.00%, 2   80.55%, 3   19.45%
类型3 正确率：  50.00% -> 1    0.00%, 2   50.00%, 3   50.00%


样本变换：reverse
样本变换：mask
样本变换：shift
样本变换：none
未过滤	未用伪标签：62.60% -> 使用伪标签：61.83%
已过滤	未用伪标签：62.90% -> 使用伪标签：63.00%
排除样本：111|6000	剩余：1151, 2604, 2134
增添样本：1923		细则：1453, 0, 470	正确率估算：97.72%
类型1 正确率：  59.00% -> 1   59.30%, 2    2.32%, 3   38.38%
类型2 正确率：  80.00% -> 1    0.00%, 2   80.03%, 3   19.97%
类型3 正确率：  50.00% -> 1    0.00%, 2   50.00%, 3   50.00%

被排除样本 正确率：46.85%
类型1 正确率：  25.00% -> 1   25.42%, 2   47.46%, 3   27.12%
类型2 正确率：  71.00% -> 1    0.00%, 2   71.15%, 3   28.85%
类型3 没有样本或未被分类。


轮次:··6/·20 || c_Loss:0.455 || e_Loss:-1.704 || Aad_Loss:-23.778 || 耗时：33.50s
轮次:··7/·20 || c_Loss:0.437 || e_Loss:-1.508 || Aad_Loss:-25.866 || 耗时：12.42s
轮次:··8/·20 || c_Loss:0.392 || e_Loss:-1.833 || Aad_Loss:-29.179 || 耗时：12.41s
轮次:··9/·20 || c_Loss:0.402 || e_Loss:-1.752 || Aad_Loss:-27.060 || 耗时：12.40s
轮次:·10/·20 || c_Loss:0.406 || e_Loss:-0.819 || Aad_Loss:-28.642 || 耗时：12.57s
任务: (B1)N15_M01_F10→(B2)N15_M07_F10; mix批次:····0; 批次:··940/·1880;  总正确率: 64.13%
类型1 正确率：  65.00% -> 1   65.45%, 2    0.20%, 3   34.35%
类型2 正确率：  77.00% -> 1    0.00%, 2   76.95%, 3   23.05%
类型3 正确率：  50.00% -> 1    0.00%, 2   50.00%, 3   50.00%


样本变换：reverse
样本变换：mask
样本变换：shift
样本变换：none
未过滤	未用伪标签：64.13% -> 使用伪标签：64.72%
已过滤	未用伪标签：64.46% -> 使用伪标签：65.19%
排除样本：44|6000	剩余：1334, 2549, 2073
增添样本：1691		细则：1215, 0, 476	正确率估算：98.99%
类型1 正确率：  67.00% -> 1   66.87%, 2    0.00%, 3   33.13%
类型2 正确率：  79.00% -> 1    0.00%, 2   78.99%, 3   21.01%
类型3 正确率：  50.00% -> 1    0.00%, 2   50.00%, 3   50.00%

被排除样本 正确率：20.45%
类型1 正确率：   0.00% -> 1    0.00%, 2   20.00%, 3   80.00%
类型2 正确率：  23.00% -> 1    0.00%, 2   23.08%, 3   76.92%
类型3 没有样本或未被分类。


轮次:·11/·20 || c_Loss:0.389 || e_Loss:-0.896 || Aad_Loss:-29.215 || 耗时：33.55s
轮次:·12/·20 || c_Loss:0.396 || e_Loss:-0.907 || Aad_Loss:-29.299 || 耗时：12.44s
轮次:·13/·20 || c_Loss:0.389 || e_Loss:-0.927 || Aad_Loss:-30.076 || 耗时：12.45s
轮次:·14/·20 || c_Loss:0.389 || e_Loss:-0.946 || Aad_Loss:-29.877 || 耗时：12.47s
轮次:·15/·20 || c_Loss:0.389 || e_Loss:-0.940 || Aad_Loss:-29.522 || 耗时：12.57s
任务: (B1)N15_M01_F10→(B2)N15_M07_F10; mix批次:····0; 批次:·1410/·1880;  总正确率: 64.73%
类型1 正确率：  67.00% -> 1   67.00%, 2    0.00%, 3   33.00%
类型2 正确率：  77.00% -> 1    0.00%, 2   77.20%, 3   22.80%
类型3 正确率：  50.00% -> 1    0.00%, 2   50.00%, 3   50.00%


样本变换：reverse
样本变换：mask
样本变换：shift
样本变换：none
未过滤	未用伪标签：64.73% -> 使用伪标签：64.95%
已过滤	未用伪标签：65.06% -> 使用伪标签：65.40%
排除样本：41|6000	剩余：1340, 2557, 2062
增添样本：1712		细则：1217, 0, 495	正确率估算：100.00%
类型1 正确率：  67.00% -> 1   67.00%, 2    0.00%, 3   33.00%
类型2 正确率：  79.00% -> 1    0.00%, 2   79.48%, 3   20.52%
类型3 正确率：  50.00% -> 1    0.00%, 2   50.00%, 3   50.00%

被排除样本 正确率：17.07%
类型1 正确率：  17.00% -> 1   17.07%, 2   82.93%
类型2 没有样本或未被分类。


轮次:·16/·20 || c_Loss:0.377 || e_Loss:-1.428 || Aad_Loss:-30.940 || 耗时：33.55s
轮次:·17/·20 || c_Loss:0.398 || e_Loss:-0.898 || Aad_Loss:-31.226 || 耗时：12.52s
轮次:·18/·20 || c_Loss:0.377 || e_Loss:-0.953 || Aad_Loss:-30.962 || 耗时：12.51s
轮次:·19/·20 || c_Loss:0.397 || e_Loss:-1.762 || Aad_Loss:-29.333 || 耗时：12.55s
轮次:·20/·20 || c_Loss:0.376 || e_Loss:-0.949 || Aad_Loss:-30.933 || 耗时：12.54s
任务: (B1)N15_M01_F10→(B2)N15_M07_F10; mix批次:····0; 批次:·1880/·1880;  总正确率: 65.55%
类型1 正确率：  67.00% -> 1   67.00%, 2    0.00%, 3   33.00%
类型2 正确率：  80.00% -> 1    0.00%, 2   79.65%, 3   20.35%
类型3 正确率：  50.00% -> 1    0.00%, 2   50.00%, 3   50.00%


测试集任务: (B1)N15_M01_F10→(B2)N15_M07_F10; 总正确率 = 65.55%
类型1 正确率：  67.00% -> 1   67.00%, 2    0.00%, 3   33.00%
类型2 正确率：  80.00% -> 1    0.00%, 2   79.65%, 3   20.35%
类型3 正确率：  50.00% -> 1    0.00%, 2   50.00%, 3   50.00%


