读取源域路径：/kaggle/working/k10/S00/weight_PU_M1_final_checkpoint_FS00toS00c_s2024/NEW_PU/Source-源域/log&pt/(B2)N15_M07_F10
excel输出位置：/kaggle/working/k10/S00/weight_PU_M1_final_checkpoint_FS00toS00c_s2024/NEW_PU/Target-目标域
特征图片输出位置：/kaggle/working/k10/S00/weight_PU_M1_final_checkpoint_FS00toS00c_s2024/NEW_PU/Picture-特征图/2026年09月15日23时40分/(B2)N15_M07_F10
现在选取:(B2)N15_M07_F10 进行训练的源模型
现在进行：(B2)N15_M07_F10→(B1)N15_M01_F10 的迁移任务
log&pt输出位置：/kaggle/working/k10/S00/weight_PU_M1_final_checkpoint_FS00toS00c_s2024/NEW_PU/Target-目标域/log&pt/(B2)N15_M07_F10→(B1)N15_M01_F10
任务: (B2)N15_M07_F10→(B1)N15_M01_F10; 批次:····0/·1880;  总正确率: 53.40%
类型1 正确率：  38.00% -> 1   38.35%, 2    0.55%, 3   61.10%
类型2 正确率：  66.00% -> 1    0.00%, 2   66.40%, 3   33.60%
类型3 正确率：  55.00% -> 1    0.05%, 2   44.50%, 3   55.45%


样本变换：reverse
样本变换：mask
样本变换：shift
样本变换：none
未过滤	未用伪标签：53.40% -> 使用伪标签：51.78%
已过滤	未用伪标签：53.60% -> 使用伪标签：52.35%
排除样本：65|6000	剩余：752, 2355, 2828
增添样本：2549		细则：2076, 473, 0	正确率估算：97.22%
类型1 正确率：  38.00% -> 1   38.27%, 2    0.81%, 3   60.92%
类型2 正确率：  68.00% -> 1    0.00%, 2   68.32%, 3   31.68%
类型3 正确率：  50.00% -> 1    0.00%, 2   49.60%, 3   50.40%

被排除样本 正确率：35.38%
类型1 正确率：  49.00% -> 1   48.57%, 2    0.00%, 3   51.43%
类型2 正确率：   0.00% -> 1    0.00%, 2    0.00%, 3  100.00%
类型3 正确率： 100.00% -> 1    0.00%, 2    0.00%, 3  100.00%


轮次:··1/·20 || c_Loss:0.549 || e_Loss:-1.304 || Aad_Loss:-27.920 || 耗时：33.22s
轮次:··2/·20 || c_Loss:0.436 || e_Loss:-1.714 || Aad_Loss:-27.764 || 耗时：12.54s
轮次:··3/·20 || c_Loss:0.397 || e_Loss:-0.813 || Aad_Loss:-32.580 || 耗时：12.56s
轮次:··4/·20 || c_Loss:0.364 || e_Loss:-0.854 || Aad_Loss:-31.826 || 耗时：12.56s
轮次:··5/·20 || c_Loss:0.369 || e_Loss:-1.446 || Aad_Loss:-30.338 || 耗时：12.55s
任务: (B2)N15_M07_F10→(B1)N15_M01_F10; mix批次:····0; 批次:··470/·1880;  总正确率: 50.85%
类型1 正确率：  35.00% -> 1   35.05%, 2    0.90%, 3   64.05%
类型2 正确率：  68.00% -> 1    0.00%, 2   67.50%, 3   32.50%
类型3 正确率：  50.00% -> 1    0.00%, 2   50.00%, 3   50.00%


样本变换：reverse
样本变换：mask
样本变换：shift
样本变换：none
未过滤	未用伪标签：50.85% -> 使用伪标签：50.23%
已过滤	未用伪标签：50.86% -> 使用伪标签：50.29%
排除样本：7|6000	剩余：663, 2371, 2959
增添样本：2884		细则：2296, 588, 0	正确率估算：99.84%
类型1 正确率：  33.00% -> 1   33.15%, 2    1.00%, 3   65.85%
类型2 正确率：  68.00% -> 1    0.00%, 2   67.79%, 3   32.21%
类型3 正确率：  50.00% -> 1    0.00%, 2   50.00%, 3   50.00%

被排除样本 正确率：42.86%
类型1 正确率：  43.00% -> 1   42.86%, 2   57.14%
类型2 没有样本或未被分类。


轮次:··6/·20 || c_Loss:0.390 || e_Loss:-0.842 || Aad_Loss:-34.999 || 耗时：33.36s
轮次:··7/·20 || c_Loss:0.377 || e_Loss:-0.940 || Aad_Loss:-32.741 || 耗时：12.47s
轮次:··8/·20 || c_Loss:0.384 || e_Loss:-0.935 || Aad_Loss:-33.011 || 耗时：12.48s
轮次:··9/·20 || c_Loss:0.428 || e_Loss:-0.966 || Aad_Loss:-28.493 || 耗时：12.52s
轮次:·10/·20 || c_Loss:0.385 || e_Loss:-0.917 || Aad_Loss:-34.555 || 耗时：12.52s
任务: (B2)N15_M07_F10→(B1)N15_M01_F10; mix批次:····0; 批次:··940/·1880;  总正确率: 50.02%
类型1 正确率：  33.00% -> 1   33.00%, 2    0.75%, 3   66.25%
类型2 正确率：  67.00% -> 1    0.00%, 2   67.05%, 3   32.95%
类型3 正确率：  50.00% -> 1    0.00%, 2   50.00%, 3   50.00%


样本变换：reverse
样本变换：mask
样本变换：shift
样本变换：none
未过滤	未用伪标签：50.02% -> 使用伪标签：49.98%
已过滤	未用伪标签：50.03% -> 使用伪标签：50.02%
排除样本：4|6000	剩余：660, 2352, 2984
增添样本：2956		细则：2324, 632, 0	正确率估算：100.00%
类型1 正确率：  33.00% -> 1   33.05%, 2    0.65%, 3   66.30%
类型2 正确率：  67.00% -> 1    0.00%, 2   66.98%, 3   33.02%
类型3 正确率：  50.00% -> 1    0.00%, 2   50.00%, 3   50.00%

被排除样本 正确率：25.00%
类型1 正确率：   0.00% -> 1    0.00%, 2   66.67%, 3   33.33%
类型2 正确率： 100.00% -> 1    0.00%, 2  100.00%, 3    0.00%
类型3 没有样本或未被分类。


轮次:·11/·20 || c_Loss:0.381 || e_Loss:-0.963 || Aad_Loss:-33.461 || 耗时：33.58s
轮次:·12/·20 || c_Loss:0.402 || e_Loss:-0.966 || Aad_Loss:-32.396 || 耗时：12.59s
轮次:·13/·20 || c_Loss:0.392 || e_Loss:-0.839 || Aad_Loss:-36.507 || 耗时：12.59s
轮次:·14/·20 || c_Loss:0.387 || e_Loss:-0.970 || Aad_Loss:-32.166 || 耗时：12.59s
轮次:·15/·20 || c_Loss:0.386 || e_Loss:-0.954 || Aad_Loss:-33.373 || 耗时：12.58s
任务: (B2)N15_M07_F10→(B1)N15_M01_F10; mix批次:····0; 批次:·1410/·1880;  总正确率: 50.00%
类型1 正确率：  33.00% -> 1   33.00%, 2    0.65%, 3   66.35%
类型2 正确率：  67.00% -> 1    0.00%, 2   67.00%, 3   33.00%
类型3 正确率：  50.00% -> 1    0.00%, 2   50.00%, 3   50.00%


样本变换：reverse
样本变换：mask
样本变换：shift
样本变换：none
未过滤	未用伪标签：50.00% -> 使用伪标签：49.98%
已过滤	未用伪标签：50.01% -> 使用伪标签：50.01%
排除样本：3|6000	剩余：660, 2351, 2986
增添样本：2961		细则：2326, 635, 0	正确率估算：100.00%
类型1 正确率：  33.00% -> 1   33.03%, 2    0.60%, 3   66.37%
类型2 正确率：  67.00% -> 1    0.00%, 2   66.98%, 3   33.02%
类型3 正确率：  50.00% -> 1    0.00%, 2   50.00%, 3   50.00%

被排除样本 正确率：33.33%
类型1 正确率：   0.00% -> 1    0.00%, 2   50.00%, 3   50.00%
类型2 正确率： 100.00% -> 1    0.00%, 2  100.00%, 3    0.00%
类型3 没有样本或未被分类。


轮次:·16/·20 || c_Loss:0.395 || e_Loss:-0.904 || Aad_Loss:-35.074 || 耗时：33.65s
轮次:·17/·20 || c_Loss:0.400 || e_Loss:-0.948 || Aad_Loss:-32.233 || 耗时：12.60s
轮次:·18/·20 || c_Loss:0.387 || e_Loss:-0.919 || Aad_Loss:-34.682 || 耗时：12.58s
轮次:·19/·20 || c_Loss:0.397 || e_Loss:-0.918 || Aad_Loss:-33.600 || 耗时：12.61s
轮次:·20/·20 || c_Loss:0.392 || e_Loss:-0.890 || Aad_Loss:-36.077 || 耗时：12.63s
任务: (B2)N15_M07_F10→(B1)N15_M01_F10; mix批次:····0; 批次:·1880/·1880;  总正确率: 50.08%
类型1 正确率：  33.00% -> 1   33.00%, 2    0.70%, 3   66.30%
类型2 正确率：  67.00% -> 1    0.00%, 2   67.25%, 3   32.75%
类型3 正确率：  50.00% -> 1    0.00%, 2   50.00%, 3   50.00%


测试集任务: (B2)N15_M07_F10→(B1)N15_M01_F10; 总正确率 = 50.08%
类型1 正确率：  33.00% -> 1   33.00%, 2    0.70%, 3   66.30%
类型2 正确率：  67.00% -> 1    0.00%, 2   67.25%, 3   32.75%
类型3 正确率：  50.00% -> 1    0.00%, 2   50.00%, 3   50.00%


