读取源域路径：/kaggle/working/m2rep/reps0/weight_PU_M1_final_checkpoint_FBtoA_s0/NEW_PU/Source-源域/log&pt/(B1)N15_M01_F10
excel输出位置：/kaggle/working/m2rep/reps0/weight_PU_M1_final_checkpoint_FBtoA_s0/NEW_PU/Target-目标域
特征图片输出位置：/kaggle/working/m2rep/reps0/weight_PU_M1_final_checkpoint_FBtoA_s0/NEW_PU/Picture-特征图/2026年09月15日08时07分/(B1)N15_M01_F10
现在选取:(B1)N15_M01_F10 进行训练的源模型
现在进行：(B1)N15_M01_F10→(B2)N15_M07_F10 的迁移任务
log&pt输出位置：/kaggle/working/m2rep/reps0/weight_PU_M1_final_checkpoint_FBtoA_s0/NEW_PU/Target-目标域/log&pt/(B1)N15_M01_F10→(B2)N15_M07_F10
任务: (B1)N15_M01_F10→(B2)N15_M07_F10; 批次:····0/·1880;  总正确率: 53.22%
类型1 正确率：  93.00% -> 1   93.35%, 2    0.00%, 3    6.65%
类型2 正确率：  33.00% -> 1   29.40%, 2   33.30%, 3   37.30%
类型3 正确率：  33.00% -> 1    0.00%, 2   67.00%, 3   33.00%


样本变换：reverse
样本变换：mask
样本变换：shift
样本变换：none
未过滤	未用伪标签：53.22% -> 使用伪标签：53.40%
已过滤	未用伪标签：53.79% -> 使用伪标签：54.23%
排除样本：92|6000	剩余：2189, 1998, 1721
增添样本：659		细则：0, 191, 468	正确率估算：87.56%
类型1 正确率：  96.00% -> 1   96.18%, 2    0.00%, 3    3.82%
类型2 正确率：  34.00% -> 1   15.56%, 2   33.80%, 3   50.64%
类型3 正确率：  33.00% -> 1    0.00%, 2   67.00%, 3   33.00%

被排除样本 正确率：16.30%
类型1 正确率：  31.00% -> 1   30.77%, 2    0.00%, 3   69.23%
类型2 正确率：   6.00% -> 1   24.53%, 2    5.66%, 3   69.81%
类型3 没有样本或未被分类。


轮次:··1/·20 || c_Loss:0.536 || e_Loss:-1.318 || Aad_Loss:-26.527 || 耗时：34.41s
轮次:··2/·20 || c_Loss:0.483 || e_Loss:-1.584 || Aad_Loss:-26.852 || 耗时：13.22s
轮次:··3/·20 || c_Loss:0.393 || e_Loss:-0.883 || Aad_Loss:-28.562 || 耗时：13.09s
轮次:··4/·20 || c_Loss:0.452 || e_Loss:-1.311 || Aad_Loss:-24.664 || 耗时：12.89s
轮次:··5/·20 || c_Loss:0.383 || e_Loss:-0.892 || Aad_Loss:-30.358 || 耗时：12.84s
任务: (B1)N15_M01_F10→(B2)N15_M07_F10; mix批次:····0; 批次:··470/·1880;  总正确率: 55.33%
类型1 正确率： 100.00% -> 1  100.00%, 2    0.00%, 3    0.00%
类型2 正确率：  33.00% -> 1   11.35%, 2   33.00%, 3   55.65%
类型3 正确率：  33.00% -> 1    0.00%, 2   67.00%, 3   33.00%


样本变换：reverse
样本变换：mask
样本变换：shift
样本变换：none
未过滤	未用伪标签：55.33% -> 使用伪标签：55.33%
已过滤	未用伪标签：55.70% -> 使用伪标签：55.70%
排除样本：39|6000	剩余：2408, 2000, 1553
增添样本：1263		细则：0, 408, 855	正确率估算：100.00%
类型1 正确率： 100.00% -> 1  100.00%, 2    0.00%, 3    0.00%
类型2 正确率：  34.00% -> 1   20.81%, 2   33.66%, 3   45.54%
类型3 正确率：  33.00% -> 1    0.00%, 2   67.00%, 3   33.00%

被排除样本 正确率：0.00%
类型1 正确率：   0.00% -> 1    0.00%, 2  100.00%
类型2 没有样本或未被分类。


轮次:··6/·20 || c_Loss:0.401 || e_Loss:-0.912 || Aad_Loss:-30.137 || 耗时：34.17s
轮次:··7/·20 || c_Loss:0.409 || e_Loss:-1.656 || Aad_Loss:-28.934 || 耗时：13.00s
轮次:··8/·20 || c_Loss:0.381 || e_Loss:-1.727 || Aad_Loss:-28.632 || 耗时：13.01s
轮次:··9/·20 || c_Loss:0.365 || e_Loss:-0.950 || Aad_Loss:-31.096 || 耗时：13.03s
轮次:·10/·20 || c_Loss:0.381 || e_Loss:-0.949 || Aad_Loss:-29.916 || 耗时：12.98s
任务: (B1)N15_M01_F10→(B2)N15_M07_F10; mix批次:····0; 批次:··940/·1880;  总正确率: 55.32%
类型1 正确率： 100.00% -> 1  100.00%, 2    0.00%, 3    0.00%
类型2 正确率：  33.00% -> 1   19.20%, 2   32.95%, 3   47.85%
类型3 正确率：  33.00% -> 1    0.00%, 2   67.00%, 3   33.00%


样本变换：reverse
样本变换：mask
样本变换：shift
样本变换：none
未过滤	未用伪标签：55.32% -> 使用伪标签：55.33%
已过滤	未用伪标签：55.52% -> 使用伪标签：55.54%
排除样本：22|6000	剩余：2491, 2000, 1487
增添样本：1495		细则：0, 491, 1004	正确率估算：100.00%
类型1 正确率： 100.00% -> 1  100.00%, 2    0.00%, 3    0.00%
类型2 正确率：  33.00% -> 1   24.82%, 2   33.37%, 3   41.81%
类型3 正确率：  33.00% -> 1    0.00%, 2   67.00%, 3   33.00%

被排除样本 正确率：0.00%
类型1 正确率：   0.00% -> 1    0.00%, 2  100.00%
类型2 没有样本或未被分类。


轮次:·11/·20 || c_Loss:0.400 || e_Loss:-0.890 || Aad_Loss:-31.199 || 耗时：34.20s
轮次:·12/·20 || c_Loss:0.396 || e_Loss:-0.936 || Aad_Loss:-28.923 || 耗时：12.91s
轮次:·13/·20 || c_Loss:0.416 || e_Loss:-1.761 || Aad_Loss:-28.594 || 耗时：12.88s
轮次:·14/·20 || c_Loss:0.393 || e_Loss:-0.914 || Aad_Loss:-30.542 || 耗时：12.88s
轮次:·15/·20 || c_Loss:0.388 || e_Loss:-1.976 || Aad_Loss:-29.709 || 耗时：13.01s
任务: (B1)N15_M01_F10→(B2)N15_M07_F10; mix批次:····0; 批次:·1410/·1880;  总正确率: 55.33%
类型1 正确率： 100.00% -> 1  100.00%, 2    0.00%, 3    0.00%
类型2 正确率：  33.00% -> 1   24.80%, 2   33.00%, 3   42.20%
类型3 正确率：  33.00% -> 1    0.00%, 2   67.00%, 3   33.00%


样本变换：reverse
样本变换：mask
样本变换：shift
样本变换：none
未过滤	未用伪标签：55.33% -> 使用伪标签：55.33%
已过滤	未用伪标签：55.50% -> 使用伪标签：55.50%
排除样本：18|6000	剩余：2598, 2000, 1384
增添样本：1812		细则：0, 598, 1214	正确率估算：100.00%
类型1 正确率： 100.00% -> 1  100.00%, 2    0.00%, 3    0.00%
类型2 正确率：  33.00% -> 1   30.17%, 2   33.30%, 3   36.53%
类型3 正确率：  33.00% -> 1    0.00%, 2   67.00%, 3   33.00%

被排除样本 正确率：0.00%
类型1 正确率：   0.00% -> 1    0.00%, 2  100.00%
类型2 没有样本或未被分类。


轮次:·16/·20 || c_Loss:0.414 || e_Loss:-0.895 || Aad_Loss:-29.169 || 耗时：34.30s
轮次:·17/·20 || c_Loss:0.417 || e_Loss:-0.934 || Aad_Loss:-28.762 || 耗时：12.88s
轮次:·18/·20 || c_Loss:0.390 || e_Loss:-0.949 || Aad_Loss:-30.885 || 耗时：12.89s
轮次:·19/·20 || c_Loss:0.413 || e_Loss:-0.977 || Aad_Loss:-29.761 || 耗时：12.92s
轮次:·20/·20 || c_Loss:0.404 || e_Loss:-0.949 || Aad_Loss:-29.489 || 耗时：13.05s
任务: (B1)N15_M01_F10→(B2)N15_M07_F10; mix批次:····0; 批次:·1880/·1880;  总正确率: 55.33%
类型1 正确率： 100.00% -> 1  100.00%, 2    0.00%, 3    0.00%
类型2 正确率：  33.00% -> 1   33.40%, 2   33.00%, 3   33.60%
类型3 正确率：  33.00% -> 1    0.00%, 2   67.00%, 3   33.00%


测试集任务: (B1)N15_M01_F10→(B2)N15_M07_F10; 总正确率 = 55.33%
类型1 正确率： 100.00% -> 1  100.00%, 2    0.00%, 3    0.00%
类型2 正确率：  33.00% -> 1   33.40%, 2   33.00%, 3   33.60%
类型3 正确率：  33.00% -> 1    0.00%, 2   67.00%, 3   33.00%


