读取源域路径：/kaggle/working/m2rep/reps0/weight_PU_M1_final_checkpoint_FBtoA_s0/NEW_PU/Source-源域/log&pt/(B2)N15_M07_F10
excel输出位置：/kaggle/working/m2rep/reps0/weight_PU_M1_final_checkpoint_FBtoA_s0/NEW_PU/Target-目标域
特征图片输出位置：/kaggle/working/m2rep/reps0/weight_PU_M1_final_checkpoint_FBtoA_s0/NEW_PU/Picture-特征图/2026年09月15日08时19分/(B2)N15_M07_F10
现在选取:(B2)N15_M07_F10 进行训练的源模型
现在进行：(B2)N15_M07_F10→(B1)N15_M01_F10 的迁移任务
log&pt输出位置：/kaggle/working/m2rep/reps0/weight_PU_M1_final_checkpoint_FBtoA_s0/NEW_PU/Target-目标域/log&pt/(B2)N15_M07_F10→(B1)N15_M01_F10
任务: (B2)N15_M07_F10→(B1)N15_M01_F10; 批次:····0/·1880;  总正确率: 52.88%
类型1 正确率：  92.00% -> 1   92.10%, 2    0.00%, 3    7.90%
类型2 正确率：  34.00% -> 1   31.75%, 2   33.55%, 3   34.70%
类型3 正确率：  33.00% -> 1    0.00%, 2   67.00%, 3   33.00%


样本变换：reverse
样本变换：mask
样本变换：shift
样本变换：none
未过滤	未用伪标签：52.88% -> 使用伪标签：48.90%
已过滤	未用伪标签：52.53% -> 使用伪标签：49.73%
排除样本：100|6000	剩余：2188, 1995, 1717
增添样本：664		细则：0, 193, 471	正确率估算：88.70%
类型1 正确率：  84.00% -> 1   83.89%, 2    0.00%, 3   16.11%
类型2 正确率：  33.00% -> 1   28.88%, 2   33.25%, 3   37.87%
类型3 正确率：  33.00% -> 1    0.00%, 2   67.00%, 3   33.00%

被排除样本 正确率：74.00%
类型1 正确率：  99.00% -> 1   98.57%, 2    0.00%, 3    1.43%
类型2 正确率：  17.00% -> 1   20.00%, 2   16.67%, 3   63.33%
类型3 没有样本或未被分类。


轮次:··1/·20 || c_Loss:0.517 || e_Loss:-1.655 || Aad_Loss:-26.591 || 耗时：33.95s
轮次:··2/·20 || c_Loss:0.386 || e_Loss:-0.866 || Aad_Loss:-28.569 || 耗时：13.07s
轮次:··3/·20 || c_Loss:0.456 || e_Loss:-1.387 || Aad_Loss:-30.015 || 耗时：13.02s
轮次:··4/·20 || c_Loss:0.374 || e_Loss:-0.870 || Aad_Loss:-28.271 || 耗时：12.87s
轮次:··5/·20 || c_Loss:0.426 || e_Loss:-0.783 || Aad_Loss:-26.196 || 耗时：12.88s
任务: (B2)N15_M07_F10→(B1)N15_M01_F10; mix批次:····0; 批次:··470/·1880;  总正确率: 48.30%
类型1 正确率：  79.00% -> 1   78.90%, 2    0.00%, 3   21.10%
类型2 正确率：  33.00% -> 1   33.95%, 2   33.00%, 3   33.05%
类型3 正确率：  33.00% -> 1    0.00%, 2   67.00%, 3   33.00%


样本变换：reverse
样本变换：mask
样本变换：shift
样本变换：none
未过滤	未用伪标签：48.30% -> 使用伪标签：48.07%
已过滤	未用伪标签：48.28% -> 使用伪标签：48.43%
排除样本：45|6000	剩余：2244, 2000, 1711
增添样本：777		细则：0, 244, 533	正确率估算：99.36%
类型1 正确率：  80.00% -> 1   80.00%, 2    0.00%, 3   20.00%
类型2 正确率：  33.00% -> 1   34.00%, 2   33.00%, 3   33.00%
类型3 正确率：  33.00% -> 1    0.00%, 2   67.00%, 3   33.00%

被排除样本 正确率：51.11%
类型1 正确率：  51.00% -> 1   51.11%, 2   48.89%
类型2 没有样本或未被分类。


轮次:··6/·20 || c_Loss:0.377 || e_Loss:-0.927 || Aad_Loss:-28.769 || 耗时：33.95s
轮次:··7/·20 || c_Loss:0.428 || e_Loss:-1.615 || Aad_Loss:-27.618 || 耗时：13.10s
轮次:··8/·20 || c_Loss:0.381 || e_Loss:-0.919 || Aad_Loss:-28.612 || 耗时：13.05s
轮次:··9/·20 || c_Loss:0.434 || e_Loss:-1.502 || Aad_Loss:-29.597 || 耗时：13.06s
轮次:·10/·20 || c_Loss:0.445 || e_Loss:-0.889 || Aad_Loss:-31.181 || 耗时：13.05s
任务: (B2)N15_M07_F10→(B1)N15_M01_F10; mix批次:····0; 批次:··940/·1880;  总正确率: 46.52%
类型1 正确率：  74.00% -> 1   73.55%, 2    0.00%, 3   26.45%
类型2 正确率：  33.00% -> 1   34.00%, 2   33.00%, 3   33.00%
类型3 正确率：  33.00% -> 1    0.00%, 2   67.00%, 3   33.00%


样本变换：reverse
样本变换：mask
样本变换：shift
样本变换：none
未过滤	未用伪标签：46.52% -> 使用伪标签：44.83%
已过滤	未用伪标签：46.45% -> 使用伪标签：44.89%
排除样本：8|6000	剩余：2050, 2000, 1942
增添样本：158		细则：0, 50, 108	正确率估算：97.47%
类型1 正确率：  69.00% -> 1   68.78%, 2    0.00%, 3   31.22%
类型2 正确率：  33.00% -> 1   34.00%, 2   33.00%, 3   33.00%
类型3 正确率：  33.00% -> 1    0.00%, 2   67.00%, 3   33.00%

被排除样本 正确率：100.00%
类型1 正确率： 100.00% -> 1  100.00%


轮次:·11/·20 || c_Loss:0.399 || e_Loss:-0.916 || Aad_Loss:-30.972 || 耗时：33.56s
轮次:·12/·20 || c_Loss:0.381 || e_Loss:-0.953 || Aad_Loss:-29.677 || 耗时：12.94s
轮次:·13/·20 || c_Loss:0.395 || e_Loss:-0.939 || Aad_Loss:-29.800 || 耗时：12.94s
轮次:·14/·20 || c_Loss:0.398 || e_Loss:-0.944 || Aad_Loss:-28.293 || 耗时：12.96s
轮次:·15/·20 || c_Loss:0.388 || e_Loss:-0.971 || Aad_Loss:-30.894 || 耗时：12.91s
任务: (B2)N15_M07_F10→(B1)N15_M01_F10; mix批次:····0; 批次:·1410/·1880;  总正确率: 44.38%
类型1 正确率：  67.00% -> 1   67.20%, 2    0.00%, 3   32.80%
类型2 正确率：  33.00% -> 1   34.00%, 2   32.95%, 3   33.05%
类型3 正确率：  33.00% -> 1    0.00%, 2   67.00%, 3   33.00%


样本变换：reverse
样本变换：mask
样本变换：shift
样本变换：none
未过滤	未用伪标签：44.38% -> 使用伪标签：44.35%
已过滤	未用伪标签：44.37% -> 使用伪标签：44.36%
排除样本：1|6000	剩余：2021, 2000, 1978
增添样本：64		细则：0, 21, 43	正确率估算：100.00%
类型1 正确率：  67.00% -> 1   67.08%, 2    0.00%, 3   32.92%
类型2 正确率：  33.00% -> 1   34.00%, 2   33.00%, 3   33.00%
类型3 正确率：  33.00% -> 1    0.00%, 2   67.00%, 3   33.00%

被排除样本 正确率：100.00%
类型1 正确率： 100.00% -> 1  100.00%


轮次:·16/·20 || c_Loss:0.386 || e_Loss:-0.998 || Aad_Loss:-30.460 || 耗时：33.52s
轮次:·17/·20 || c_Loss:0.392 || e_Loss:-0.988 || Aad_Loss:-30.446 || 耗时：12.99s
轮次:·18/·20 || c_Loss:0.401 || e_Loss:-0.982 || Aad_Loss:-30.835 || 耗时：13.01s
轮次:·19/·20 || c_Loss:0.385 || e_Loss:-1.004 || Aad_Loss:-30.102 || 耗时：13.02s
轮次:·20/·20 || c_Loss:0.392 || e_Loss:-1.021 || Aad_Loss:-31.190 || 耗时：13.05s
任务: (B2)N15_M07_F10→(B1)N15_M01_F10; mix批次:····0; 批次:·1880/·1880;  总正确率: 44.32%
类型1 正确率：  67.00% -> 1   67.00%, 2    0.00%, 3   33.00%
类型2 正确率：  33.00% -> 1   34.00%, 2   32.95%, 3   33.05%
类型3 正确率：  33.00% -> 1    0.00%, 2   67.00%, 3   33.00%


测试集任务: (B2)N15_M07_F10→(B1)N15_M01_F10; 总正确率 = 44.32%
类型1 正确率：  67.00% -> 1   67.00%, 2    0.00%, 3   33.00%
类型2 正确率：  33.00% -> 1   34.00%, 2   32.95%, 3   33.05%
类型3 正确率：  33.00% -> 1    0.00%, 2   67.00%, 3   33.00%


