读取源域路径：/kaggle/working/m2rep/reps0/weight_PU_M1_final_checkpoint_FBtoA_s0/NEW_PU/Source-源域/log&pt/(B1)N15_M01_F10
excel输出位置：/kaggle/working/m2rep/reps0/weight_PU_M1_final_checkpoint_FBtoA_s0/NEW_PU/Target-目标域
特征图片输出位置：/kaggle/working/m2rep/reps0/weight_PU_M1_final_checkpoint_FBtoA_s0/NEW_PU/Picture-特征图/2026年09月15日08时13分/(B1)N15_M01_F10
现在选取:(B1)N15_M01_F10 进行训练的源模型
现在进行：(B1)N15_M01_F10→(B3)N15_M07_F04 的迁移任务
log&pt输出位置：/kaggle/working/m2rep/reps0/weight_PU_M1_final_checkpoint_FBtoA_s0/NEW_PU/Target-目标域/log&pt/(B1)N15_M01_F10→(B3)N15_M07_F04
任务: (B1)N15_M01_F10→(B3)N15_M07_F04; 批次:····0/·1880;  总正确率: 47.55%
类型1 正确率：  97.00% -> 1   97.00%, 2    0.00%, 3    3.00%
类型2 正确率：  33.00% -> 1   28.60%, 2   33.40%, 3   38.00%
类型3 正确率：  12.00% -> 1   12.90%, 2   74.85%, 3   12.25%


样本变换：reverse
样本变换：mask
样本变换：shift
样本变换：none
未过滤	未用伪标签：47.55% -> 使用伪标签：54.83%
已过滤	未用伪标签：47.92% -> 使用伪标签：55.42%
排除样本：63|6000	剩余：2459, 1970, 1508
增添样本：1440		细则：0, 489, 951	正确率估算：64.86%
类型1 正确率： 100.00% -> 1  100.00%, 2    0.00%, 3    0.00%
类型2 正确率：  33.00% -> 1   23.70%, 2   32.52%, 3   43.78%
类型3 正确率：  33.00% -> 1    0.00%, 2   67.00%, 3   33.00%

被排除样本 正确率：12.70%
类型1 没有样本或未被分类。
类型2 正确率：  13.00% -> 1   22.22%, 2   12.70%, 3   65.08%
类型3 没有样本或未被分类。


轮次:··1/·20 || c_Loss:0.532 || e_Loss:-1.619 || Aad_Loss:-25.608 || 耗时：34.33s
轮次:··2/·20 || c_Loss:0.400 || e_Loss:-0.887 || Aad_Loss:-27.911 || 耗时：13.08s
轮次:··3/·20 || c_Loss:0.423 || e_Loss:-1.620 || Aad_Loss:-27.911 || 耗时：13.03s
轮次:··4/·20 || c_Loss:0.386 || e_Loss:-1.628 || Aad_Loss:-28.905 || 耗时：12.92s
轮次:··5/·20 || c_Loss:0.397 || e_Loss:-1.866 || Aad_Loss:-28.458 || 耗时：12.89s
任务: (B1)N15_M01_F10→(B3)N15_M07_F04; mix批次:····0; 批次:··470/·1880;  总正确率: 55.17%
类型1 正确率： 100.00% -> 1  100.00%, 2    0.00%, 3    0.00%
类型2 正确率：  32.00% -> 1   19.90%, 2   32.50%, 3   47.60%
类型3 正确率：  33.00% -> 1    0.00%, 2   67.00%, 3   33.00%


样本变换：reverse
样本变换：mask
样本变换：shift
样本变换：none
未过滤	未用伪标签：55.17% -> 使用伪标签：55.33%
已过滤	未用伪标签：55.38% -> 使用伪标签：55.55%
排除样本：23|6000	剩余：2605, 2002, 1370
增添样本：1838		细则：0, 603, 1235	正确率估算：99.78%
类型1 正确率： 100.00% -> 1  100.00%, 2    0.00%, 3    0.00%
类型2 正确率：  33.00% -> 1   30.60%, 2   33.43%, 3   35.96%
类型3 正确率：  33.00% -> 1    0.00%, 2   67.05%, 3   32.95%

被排除样本 正确率：0.00%
类型1 正确率：   0.00% -> 1    0.00%, 2  100.00%
类型2 没有样本或未被分类。


轮次:··6/·20 || c_Loss:0.363 || e_Loss:-0.968 || Aad_Loss:-31.285 || 耗时：34.56s
轮次:··7/·20 || c_Loss:0.364 || e_Loss:-0.967 || Aad_Loss:-30.853 || 耗时：13.04s
轮次:··8/·20 || c_Loss:0.365 || e_Loss:-0.937 || Aad_Loss:-30.621 || 耗时：13.00s
轮次:··9/·20 || c_Loss:0.386 || e_Loss:-0.911 || Aad_Loss:-31.202 || 耗时：12.98s
轮次:·10/·20 || c_Loss:0.391 || e_Loss:-0.938 || Aad_Loss:-30.756 || 耗时：13.06s
任务: (B1)N15_M01_F10→(B3)N15_M07_F04; mix批次:····0; 批次:··940/·1880;  总正确率: 55.22%
类型1 正确率： 100.00% -> 1  100.00%, 2    0.00%, 3    0.00%
类型2 正确率：  33.00% -> 1   34.00%, 2   32.65%, 3   33.35%
类型3 正确率：  33.00% -> 1    0.00%, 2   67.00%, 3   33.00%


样本变换：reverse
样本变换：mask
样本变换：shift
样本变换：none
未过滤	未用伪标签：55.22% -> 使用伪标签：55.23%
已过滤	未用伪标签：55.26% -> 使用伪标签：55.28%
排除样本：5|6000	剩余：2680, 1996, 1319
增添样本：2045		细则：0, 684, 1361	正确率估算：99.95%
类型1 正确率： 100.00% -> 1  100.00%, 2    0.00%, 3    0.00%
类型2 正确率：  33.00% -> 1   34.09%, 2   32.83%, 3   33.08%
类型3 正确率：  33.00% -> 1    0.00%, 2   67.05%, 3   32.95%

被排除样本 正确率：0.00%
类型1 正确率：   0.00% -> 1    0.00%, 2  100.00%
类型2 没有样本或未被分类。


轮次:·11/·20 || c_Loss:0.374 || e_Loss:-0.984 || Aad_Loss:-30.840 || 耗时：34.56s
轮次:·12/·20 || c_Loss:0.392 || e_Loss:-1.004 || Aad_Loss:-30.236 || 耗时：12.87s
轮次:·13/·20 || c_Loss:0.379 || e_Loss:-1.779 || Aad_Loss:-30.517 || 耗时：12.86s
轮次:·14/·20 || c_Loss:0.377 || e_Loss:-1.024 || Aad_Loss:-31.167 || 耗时：13.03s
轮次:·15/·20 || c_Loss:0.375 || e_Loss:-1.005 || Aad_Loss:-31.806 || 耗时：12.91s
任务: (B1)N15_M01_F10→(B3)N15_M07_F04; mix批次:····0; 批次:·1410/·1880;  总正确率: 55.23%
类型1 正确率： 100.00% -> 1  100.00%, 2    0.00%, 3    0.00%
类型2 正确率：  33.00% -> 1   34.00%, 2   32.70%, 3   33.30%
类型3 正确率：  33.00% -> 1    0.00%, 2   67.00%, 3   33.00%


样本变换：reverse
样本变换：mask
样本变换：shift
样本变换：none
未过滤	未用伪标签：55.23% -> 使用伪标签：55.23%
已过滤	未用伪标签：55.24% -> 使用伪标签：55.25%
排除样本：2|6000	剩余：2680, 1995, 1323
增添样本：2042		细则：0, 685, 1357	正确率估算：100.00%
类型1 正确率： 100.00% -> 1  100.00%, 2    0.00%, 3    0.00%
类型2 正确率：  33.00% -> 1   34.02%, 2   32.77%, 3   33.22%
类型3 正确率：  33.00% -> 1    0.00%, 2   67.03%, 3   32.97%

被排除样本 正确率：50.00%
类型1 正确率：   0.00% -> 1    0.00%, 2  100.00%
类型2 正确率： 100.00% -> 1    0.00%, 2  100.00%


轮次:·16/·20 || c_Loss:0.377 || e_Loss:-1.011 || Aad_Loss:-31.067 || 耗时：34.41s
轮次:·17/·20 || c_Loss:0.385 || e_Loss:-1.007 || Aad_Loss:-30.950 || 耗时：12.88s
轮次:·18/·20 || c_Loss:0.377 || e_Loss:-1.003 || Aad_Loss:-32.009 || 耗时：12.88s
轮次:·19/·20 || c_Loss:0.378 || e_Loss:-0.990 || Aad_Loss:-31.624 || 耗时：13.03s
轮次:·20/·20 || c_Loss:0.378 || e_Loss:-1.013 || Aad_Loss:-32.084 || 耗时：12.90s
任务: (B1)N15_M01_F10→(B3)N15_M07_F04; mix批次:····0; 批次:·1880/·1880;  总正确率: 55.28%
类型1 正确率： 100.00% -> 1  100.00%, 2    0.00%, 3    0.00%
类型2 正确率：  33.00% -> 1   34.00%, 2   32.85%, 3   33.15%
类型3 正确率：  33.00% -> 1    0.00%, 2   67.00%, 3   33.00%


测试集任务: (B1)N15_M01_F10→(B3)N15_M07_F04; 总正确率 = 55.28%
类型1 正确率： 100.00% -> 1  100.00%, 2    0.00%, 3    0.00%
类型2 正确率：  33.00% -> 1   34.00%, 2   32.85%, 3   33.15%
类型3 正确率：  33.00% -> 1    0.00%, 2   67.00%, 3   33.00%


