读取源域路径：/kaggle/working/m2rep/reps0/weight_PU_M1_final_checkpoint_FBtoA_s0/NEW_PU/Source-源域/log&pt/(B2)N15_M07_F10
excel输出位置：/kaggle/working/m2rep/reps0/weight_PU_M1_final_checkpoint_FBtoA_s0/NEW_PU/Target-目标域
特征图片输出位置：/kaggle/working/m2rep/reps0/weight_PU_M1_final_checkpoint_FBtoA_s0/NEW_PU/Picture-特征图/2026年09月15日08时25分/(B2)N15_M07_F10
现在选取:(B2)N15_M07_F10 进行训练的源模型
现在进行：(B2)N15_M07_F10→(B3)N15_M07_F04 的迁移任务
log&pt输出位置：/kaggle/working/m2rep/reps0/weight_PU_M1_final_checkpoint_FBtoA_s0/NEW_PU/Target-目标域/log&pt/(B2)N15_M07_F10→(B3)N15_M07_F04
任务: (B2)N15_M07_F10→(B3)N15_M07_F04; 批次:····0/·1880;  总正确率: 49.25%
类型1 正确率：  98.00% -> 1   98.40%, 2    0.00%, 3    1.60%
类型2 正确率：  39.00% -> 1   25.75%, 2   38.60%, 3   35.65%
类型3 正确率：  11.00% -> 1    0.70%, 2   88.55%, 3   10.75%


样本变换：reverse
样本变换：mask
样本变换：shift
样本变换：none
未过滤	未用伪标签：49.25% -> 使用伪标签：55.07%
已过滤	未用伪标签：49.56% -> 使用伪标签：55.57%
排除样本：54|6000	剩余：2540, 1988, 1418
增添样本：1674		细则：0, 552, 1122	正确率估算：67.86%
类型1 正确率： 100.00% -> 1  100.00%, 2    0.00%, 3    0.00%
类型2 正确率：  33.00% -> 1   27.75%, 2   33.20%, 3   39.05%
类型3 正确率：  33.00% -> 1    0.00%, 2   67.10%, 3   32.90%

被排除样本 正确率：14.81%
类型1 没有样本或未被分类。
类型2 正确率：  15.00% -> 1   18.52%, 2   14.81%, 3   66.67%
类型3 没有样本或未被分类。


轮次:··1/·20 || c_Loss:0.491 || e_Loss:-1.020 || Aad_Loss:-27.129 || 耗时：34.45s
轮次:··2/·20 || c_Loss:0.443 || e_Loss:-1.508 || Aad_Loss:-25.560 || 耗时：13.15s
轮次:··3/·20 || c_Loss:0.359 || e_Loss:-1.746 || Aad_Loss:-29.160 || 耗时：13.09s
轮次:··4/·20 || c_Loss:0.366 || e_Loss:-1.861 || Aad_Loss:-29.186 || 耗时：12.94s
轮次:··5/·20 || c_Loss:0.368 || e_Loss:-1.689 || Aad_Loss:-31.123 || 耗时：12.95s
任务: (B2)N15_M07_F10→(B3)N15_M07_F04; mix批次:····0; 批次:··470/·1880;  总正确率: 55.20%
类型1 正确率： 100.00% -> 1  100.00%, 2    0.00%, 3    0.00%
类型2 正确率：  33.00% -> 1   32.70%, 2   32.60%, 3   34.70%
类型3 正确率：  33.00% -> 1    0.00%, 2   67.00%, 3   33.00%


样本变换：reverse
样本变换：mask
样本变换：shift
样本变换：none
未过滤	未用伪标签：55.20% -> 使用伪标签：55.25%
已过滤	未用伪标签：55.23% -> 使用伪标签：55.28%
排除样本：3|6000	剩余：2680, 1997, 1320
增添样本：2043		细则：0, 683, 1360	正确率估算：100.00%
类型1 正确率： 100.00% -> 1  100.00%, 2    0.00%, 3    0.00%
类型2 正确率：  33.00% -> 1   34.05%, 2   32.85%, 3   33.10%
类型3 正确率：  33.00% -> 1    0.00%, 2   67.05%, 3   32.95%

被排除样本 正确率：0.00%
类型1 正确率：   0.00% -> 1    0.00%, 2  100.00%
类型2 没有样本或未被分类。


轮次:··6/·20 || c_Loss:0.378 || e_Loss:-0.978 || Aad_Loss:-30.460 || 耗时：34.49s
轮次:··7/·20 || c_Loss:0.384 || e_Loss:-1.012 || Aad_Loss:-30.572 || 耗时：12.96s
轮次:··8/·20 || c_Loss:0.382 || e_Loss:-1.802 || Aad_Loss:-30.115 || 耗时：12.95s
轮次:··9/·20 || c_Loss:0.380 || e_Loss:-1.027 || Aad_Loss:-30.992 || 耗时：13.07s
轮次:·10/·20 || c_Loss:0.380 || e_Loss:-1.001 || Aad_Loss:-31.429 || 耗时：12.96s
任务: (B2)N15_M07_F10→(B3)N15_M07_F04; mix批次:····0; 批次:··940/·1880;  总正确率: 55.23%
类型1 正确率： 100.00% -> 1  100.00%, 2    0.00%, 3    0.00%
类型2 正确率：  33.00% -> 1   34.00%, 2   32.70%, 3   33.30%
类型3 正确率：  33.00% -> 1    0.00%, 2   67.00%, 3   33.00%


样本变换：reverse
样本变换：mask
样本变换：shift
样本变换：none
未过滤	未用伪标签：55.23% -> 使用伪标签：55.25%
已过滤	未用伪标签：55.23% -> 使用伪标签：55.26%
排除样本：1|6000	剩余：2680, 1996, 1323
增添样本：2041		细则：0, 684, 1357	正确率估算：100.00%
类型1 正确率： 100.00% -> 1  100.00%, 2    0.00%, 3    0.00%
类型2 正确率：  33.00% -> 1   34.00%, 2   32.80%, 3   33.20%
类型3 正确率：  33.00% -> 1    0.00%, 2   67.03%, 3   32.97%

被排除样本 正确率：100.00%
类型1 正确率： 100.00% -> 1  100.00%


轮次:·11/·20 || c_Loss:0.380 || e_Loss:-0.997 || Aad_Loss:-31.952 || 耗时：34.58s
轮次:·12/·20 || c_Loss:0.381 || e_Loss:-1.009 || Aad_Loss:-30.723 || 耗时：12.93s
轮次:·13/·20 || c_Loss:0.376 || e_Loss:-1.009 || Aad_Loss:-31.844 || 耗时：12.93s
轮次:·14/·20 || c_Loss:0.380 || e_Loss:-0.988 || Aad_Loss:-32.011 || 耗时：13.03s
轮次:·15/·20 || c_Loss:0.380 || e_Loss:-1.024 || Aad_Loss:-31.443 || 耗时：12.90s
任务: (B2)N15_M07_F10→(B3)N15_M07_F04; mix批次:····0; 批次:·1410/·1880;  总正确率: 55.27%
类型1 正确率： 100.00% -> 1  100.00%, 2    0.00%, 3    0.00%
类型2 正确率：  33.00% -> 1   34.00%, 2   32.85%, 3   33.15%
类型3 正确率：  33.00% -> 1    0.00%, 2   67.05%, 3   32.95%


样本变换：reverse
样本变换：mask
样本变换：shift
样本变换：none
未过滤	未用伪标签：55.27% -> 使用伪标签：55.28%
已过滤	未用伪标签：55.29% -> 使用伪标签：55.30%
排除样本：2|6000	剩余：2680, 1999, 1319
增添样本：2042		细则：0, 681, 1361	正确率估算：100.00%
类型1 正确率： 100.00% -> 1  100.00%, 2    0.00%, 3    0.00%
类型2 正确率：  33.00% -> 1   34.03%, 2   32.93%, 3   33.03%
类型3 正确率：  33.00% -> 1    0.00%, 2   67.05%, 3   32.95%

被排除样本 正确率：0.00%
类型1 正确率：   0.00% -> 1    0.00%, 2  100.00%
类型2 没有样本或未被分类。


轮次:·16/·20 || c_Loss:0.377 || e_Loss:-1.003 || Aad_Loss:-31.920 || 耗时：34.50s
轮次:·17/·20 || c_Loss:0.378 || e_Loss:-1.020 || Aad_Loss:-31.135 || 耗时：13.02s
轮次:·18/·20 || c_Loss:0.384 || e_Loss:-1.006 || Aad_Loss:-31.630 || 耗时：13.05s
轮次:·19/·20 || c_Loss:0.377 || e_Loss:-1.015 || Aad_Loss:-31.148 || 耗时：13.02s
轮次:·20/·20 || c_Loss:0.375 || e_Loss:-0.967 || Aad_Loss:-32.151 || 耗时：13.00s
任务: (B2)N15_M07_F10→(B3)N15_M07_F04; mix批次:····0; 批次:·1880/·1880;  总正确率: 55.27%
类型1 正确率： 100.00% -> 1  100.00%, 2    0.00%, 3    0.00%
类型2 正确率：  33.00% -> 1   34.00%, 2   32.85%, 3   33.15%
类型3 正确率：  33.00% -> 1    0.00%, 2   67.05%, 3   32.95%


测试集任务: (B2)N15_M07_F10→(B3)N15_M07_F04; 总正确率 = 55.27%
类型1 正确率： 100.00% -> 1  100.00%, 2    0.00%, 3    0.00%
类型2 正确率：  33.00% -> 1   34.00%, 2   32.85%, 3   33.15%
类型3 正确率：  33.00% -> 1    0.00%, 2   67.05%, 3   32.95%


