读取源域路径：/kaggle/working/m2rep/reps0/weight_PU_M1_final_checkpoint_FBtoA_s0/NEW_PU/Source-源域/log&pt/(B3)N15_M07_F04
excel输出位置：/kaggle/working/m2rep/reps0/weight_PU_M1_final_checkpoint_FBtoA_s0/NEW_PU/Target-目标域
特征图片输出位置：/kaggle/working/m2rep/reps0/weight_PU_M1_final_checkpoint_FBtoA_s0/NEW_PU/Picture-特征图/2026年09月15日08时37分/(B3)N15_M07_F04
现在选取:(B3)N15_M07_F04 进行训练的源模型
现在进行：(B3)N15_M07_F04→(B2)N15_M07_F10 的迁移任务
log&pt输出位置：/kaggle/working/m2rep/reps0/weight_PU_M1_final_checkpoint_FBtoA_s0/NEW_PU/Target-目标域/log&pt/(B3)N15_M07_F04→(B2)N15_M07_F10
任务: (B3)N15_M07_F04→(B2)N15_M07_F10; 批次:····0/·1880;  总正确率: 54.65%
类型1 正确率：  98.00% -> 1   98.50%, 2    0.00%, 3    1.50%
类型2 正确率：  32.00% -> 1   10.55%, 2   32.45%, 3   57.00%
类型3 正确率：  33.00% -> 1    0.00%, 2   67.00%, 3   33.00%


样本变换：reverse
样本变换：mask
样本变换：shift
样本变换：none
未过滤	未用伪标签：54.65% -> 使用伪标签：54.25%
已过滤	未用伪标签：55.09% -> 使用伪标签：55.06%
排除样本：88|6000	剩余：2182, 1987, 1743
增添样本：634		细则：0, 195, 439	正确率估算：99.05%
类型1 正确率：  99.00% -> 1   98.63%, 2    0.00%, 3    1.37%
类型2 正确率：  33.00% -> 1   12.08%, 2   33.40%, 3   54.52%
类型3 正确率：  33.00% -> 1    0.00%, 2   67.00%, 3   33.00%

被排除样本 正确率：25.00%
类型1 正确率：  72.00% -> 1   72.00%, 2    0.00%, 3   28.00%
类型2 正确率：   6.00% -> 1   15.87%, 2    6.35%, 3   77.78%
类型3 没有样本或未被分类。


轮次:··1/·20 || c_Loss:0.509 || e_Loss:-1.013 || Aad_Loss:-28.473 || 耗时：33.81s
轮次:··2/·20 || c_Loss:0.409 || e_Loss:-1.610 || Aad_Loss:-29.430 || 耗时：13.07s
轮次:··3/·20 || c_Loss:0.397 || e_Loss:-1.586 || Aad_Loss:-28.419 || 耗时：13.00s
轮次:··4/·20 || c_Loss:0.351 || e_Loss:-0.879 || Aad_Loss:-29.119 || 耗时：12.98s
轮次:··5/·20 || c_Loss:0.365 || e_Loss:-1.444 || Aad_Loss:-30.079 || 耗时：12.99s
任务: (B3)N15_M07_F04→(B2)N15_M07_F10; mix批次:····0; 批次:··470/·1880;  总正确率: 55.32%
类型1 正确率： 100.00% -> 1  100.00%, 2    0.00%, 3    0.00%
类型2 正确率：  33.00% -> 1    7.20%, 2   32.95%, 3   59.85%
类型3 正确率：  33.00% -> 1    0.00%, 2   67.00%, 3   33.00%


样本变换：reverse
样本变换：mask
样本变换：shift
样本变换：none
未过滤	未用伪标签：55.32% -> 使用伪标签：55.33%
已过滤	未用伪标签：55.60% -> 使用伪标签：55.62%
排除样本：31|6000	剩余：2161, 2000, 1808
增添样本：514		细则：0, 161, 353	正确率估算：100.00%
类型1 正确率： 100.00% -> 1  100.00%, 2    0.00%, 3    0.00%
类型2 正确率：  34.00% -> 1    8.18%, 2   33.52%, 3   58.30%
类型3 正确率：  33.00% -> 1    0.00%, 2   67.00%, 3   33.00%

被排除样本 正确率：0.00%
类型1 没有样本或未被分类。
类型2 正确率：   0.00% -> 1   19.35%, 2    0.00%, 3   80.65%
类型3 没有样本或未被分类。


轮次:··6/·20 || c_Loss:0.477 || e_Loss:-0.790 || Aad_Loss:-30.277 || 耗时：33.59s
轮次:··7/·20 || c_Loss:0.392 || e_Loss:-0.940 || Aad_Loss:-30.338 || 耗时：12.98s
轮次:··8/·20 || c_Loss:0.416 || e_Loss:-1.591 || Aad_Loss:-27.938 || 耗时：13.09s
轮次:··9/·20 || c_Loss:0.385 || e_Loss:-0.920 || Aad_Loss:-30.853 || 耗时：13.08s
轮次:·10/·20 || c_Loss:0.364 || e_Loss:-1.636 || Aad_Loss:-30.179 || 耗时：13.01s
任务: (B3)N15_M07_F04→(B2)N15_M07_F10; mix批次:····0; 批次:··940/·1880;  总正确率: 55.33%
类型1 正确率： 100.00% -> 1  100.00%, 2    0.00%, 3    0.00%
类型2 正确率：  33.00% -> 1    3.20%, 2   33.00%, 3   63.80%
类型3 正确率：  33.00% -> 1    0.00%, 2   67.00%, 3   33.00%


样本变换：reverse
样本变换：mask
样本变换：shift
样本变换：none
未过滤	未用伪标签：55.33% -> 使用伪标签：55.33%
已过滤	未用伪标签：55.51% -> 使用伪标签：55.51%
排除样本：19|6000	剩余：2048, 2000, 1933
增添样本：163		细则：0, 48, 115	正确率估算：100.00%
类型1 正确率： 100.00% -> 1  100.00%, 2    0.00%, 3    0.00%
类型2 正确率：  33.00% -> 1    2.42%, 2   33.32%, 3   64.26%
类型3 正确率：  33.00% -> 1    0.00%, 2   67.00%, 3   33.00%

被排除样本 正确率：0.00%
类型1 没有样本或未被分类。
类型2 正确率：   0.00% -> 1   68.42%, 2    0.00%, 3   31.58%
类型3 没有样本或未被分类。


轮次:·11/·20 || c_Loss:0.367 || e_Loss:-0.976 || Aad_Loss:-30.391 || 耗时：33.46s
轮次:·12/·20 || c_Loss:0.393 || e_Loss:-1.766 || Aad_Loss:-29.712 || 耗时：12.93s
轮次:·13/·20 || c_Loss:0.387 || e_Loss:-0.959 || Aad_Loss:-29.569 || 耗时：12.95s
轮次:·14/·20 || c_Loss:0.365 || e_Loss:-0.995 || Aad_Loss:-30.748 || 耗时：12.93s
轮次:·15/·20 || c_Loss:0.387 || e_Loss:-0.939 || Aad_Loss:-31.567 || 耗时：12.91s
任务: (B3)N15_M07_F04→(B2)N15_M07_F10; mix批次:····0; 批次:·1410/·1880;  总正确率: 55.33%
类型1 正确率： 100.00% -> 1  100.00%, 2    0.00%, 3    0.00%
类型2 正确率：  33.00% -> 1    0.10%, 2   33.00%, 3   66.90%
类型3 正确率：  33.00% -> 1    0.00%, 2   67.00%, 3   33.00%


样本变换：reverse
样本变换：mask
样本变换：shift
样本变换：none
未过滤	未用伪标签：55.33% -> 使用伪标签：55.33%
已过滤	未用伪标签：55.35% -> 使用伪标签：55.35%
排除样本：2|6000	剩余：2001, 2000, 1997
增添样本：5		细则：0, 1, 4	正确率估算：100.00%
类型1 正确率： 100.00% -> 1  100.00%, 2    0.00%, 3    0.00%
类型2 正确率：  33.00% -> 1    0.05%, 2   33.03%, 3   66.92%
类型3 正确率：  33.00% -> 1    0.00%, 2   67.00%, 3   33.00%

被排除样本 正确率：0.00%
类型1 没有样本或未被分类。
类型2 正确率：   0.00% -> 1   50.00%, 2    0.00%, 3   50.00%
类型3 没有样本或未被分类。


轮次:·16/·20 || c_Loss:0.376 || e_Loss:-0.952 || Aad_Loss:-27.197 || 耗时：33.31s
轮次:·17/·20 || c_Loss:0.372 || e_Loss:-1.008 || Aad_Loss:-25.846 || 耗时：13.00s
轮次:·18/·20 || c_Loss:0.394 || e_Loss:-0.941 || Aad_Loss:-26.327 || 耗时：13.00s
轮次:·19/·20 || c_Loss:0.379 || e_Loss:-0.990 || Aad_Loss:-26.416 || 耗时：12.99s
轮次:·20/·20 || c_Loss:0.391 || e_Loss:-0.944 || Aad_Loss:-27.050 || 耗时：13.02s
任务: (B3)N15_M07_F04→(B2)N15_M07_F10; mix批次:····0; 批次:·1880/·1880;  总正确率: 55.33%
类型1 正确率： 100.00% -> 1  100.00%, 2    0.00%, 3    0.00%
类型2 正确率：  33.00% -> 1    0.00%, 2   33.00%, 3   67.00%
类型3 正确率：  33.00% -> 1    0.00%, 2   67.00%, 3   33.00%


测试集任务: (B3)N15_M07_F04→(B2)N15_M07_F10; 总正确率 = 55.33%
类型1 正确率： 100.00% -> 1  100.00%, 2    0.00%, 3    0.00%
类型2 正确率：  33.00% -> 1    0.00%, 2   33.00%, 3   67.00%
类型3 正确率：  33.00% -> 1    0.00%, 2   67.00%, 3   33.00%


