读取源域路径：/kaggle/working/m2rep/reps0/weight_PU_M1_final_checkpoint_FBtoA_s0/NEW_PU/Source-源域/log&pt/(B3)N15_M07_F04
excel输出位置：/kaggle/working/m2rep/reps0/weight_PU_M1_final_checkpoint_FBtoA_s0/NEW_PU/Target-目标域
特征图片输出位置：/kaggle/working/m2rep/reps0/weight_PU_M1_final_checkpoint_FBtoA_s0/NEW_PU/Picture-特征图/2026年09月15日08时31分/(B3)N15_M07_F04
现在选取:(B3)N15_M07_F04 进行训练的源模型
现在进行：(B3)N15_M07_F04→(B1)N15_M01_F10 的迁移任务
log&pt输出位置：/kaggle/working/m2rep/reps0/weight_PU_M1_final_checkpoint_FBtoA_s0/NEW_PU/Target-目标域/log&pt/(B3)N15_M07_F04→(B1)N15_M01_F10
任务: (B3)N15_M07_F04→(B1)N15_M01_F10; 批次:····0/·1880;  总正确率: 53.88%
类型1 正确率：  96.00% -> 1   96.45%, 2    0.00%, 3    3.55%
类型2 正确率：  32.00% -> 1    9.15%, 2   32.20%, 3   58.65%
类型3 正确率：  33.00% -> 1    0.00%, 2   67.00%, 3   33.00%


样本变换：reverse
样本变换：mask
样本变换：shift
样本变换：none
未过滤	未用伪标签：53.88% -> 使用伪标签：53.15%
已过滤	未用伪标签：54.33% -> 使用伪标签：53.99%
排除样本：93|6000	剩余：2058, 1983, 1866
增添样本：267		细则：0, 75, 192	正确率估算：97.75%
类型1 正确率：  96.00% -> 1   95.78%, 2    0.00%, 3    4.22%
类型2 正确率：  33.00% -> 1    8.88%, 2   33.18%, 3   57.95%
类型3 正确率：  33.00% -> 1    0.00%, 2   67.00%, 3   33.00%

被排除样本 正确率：25.81%
类型1 正确率：  68.00% -> 1   67.74%, 2    0.00%, 3   32.26%
类型2 正确率：   5.00% -> 1   37.10%, 2    4.84%, 3   58.06%
类型3 没有样本或未被分类。


轮次:··1/·20 || c_Loss:0.549 || e_Loss:-1.557 || Aad_Loss:-27.386 || 耗时：33.87s
轮次:··2/·20 || c_Loss:0.402 || e_Loss:-1.363 || Aad_Loss:-24.957 || 耗时：13.20s
轮次:··3/·20 || c_Loss:0.368 || e_Loss:-1.738 || Aad_Loss:-28.751 || 耗时：13.09s
轮次:··4/·20 || c_Loss:0.392 || e_Loss:-0.884 || Aad_Loss:-28.128 || 耗时：12.97s
轮次:··5/·20 || c_Loss:0.389 || e_Loss:-1.724 || Aad_Loss:-26.892 || 耗时：12.96s
任务: (B3)N15_M07_F04→(B1)N15_M01_F10; mix批次:····0; 批次:··470/·1880;  总正确率: 55.30%
类型1 正确率： 100.00% -> 1  100.00%, 2    0.00%, 3    0.00%
类型2 正确率：  33.00% -> 1    1.40%, 2   32.90%, 3   65.70%
类型3 正确率：  33.00% -> 1    0.00%, 2   67.00%, 3   33.00%


样本变换：reverse
样本变换：mask
样本变换：shift
样本变换：none
未过滤	未用伪标签：55.30% -> 使用伪标签：55.33%
已过滤	未用伪标签：55.55% -> 使用伪标签：55.58%
排除样本：27|6000	剩余：2093, 2000, 1880
增添样本：306		细则：0, 93, 213	正确率估算：100.00%
类型1 正确率： 100.00% -> 1  100.00%, 2    0.00%, 3    0.00%
类型2 正确率：  33.00% -> 1    4.71%, 2   33.45%, 3   61.83%
类型3 正确率：  33.00% -> 1    0.00%, 2   67.00%, 3   33.00%

被排除样本 正确率：0.00%
类型1 正确率：   0.00% -> 1    0.00%, 2  100.00%
类型2 没有样本或未被分类。


轮次:··6/·20 || c_Loss:0.353 || e_Loss:-0.965 || Aad_Loss:-29.655 || 耗时：33.64s
轮次:··7/·20 || c_Loss:0.386 || e_Loss:-0.921 || Aad_Loss:-30.258 || 耗时：13.03s
轮次:··8/·20 || c_Loss:0.376 || e_Loss:-1.826 || Aad_Loss:-29.228 || 耗时：13.06s
轮次:··9/·20 || c_Loss:0.415 || e_Loss:-0.942 || Aad_Loss:-28.329 || 耗时：13.01s
轮次:·10/·20 || c_Loss:0.402 || e_Loss:-0.898 || Aad_Loss:-28.719 || 耗时：13.00s
任务: (B3)N15_M07_F04→(B1)N15_M01_F10; mix批次:····0; 批次:··940/·1880;  总正确率: 55.25%
类型1 正确率： 100.00% -> 1  100.00%, 2    0.00%, 3    0.00%
类型2 正确率：  33.00% -> 1    1.30%, 2   32.75%, 3   65.95%
类型3 正确率：  33.00% -> 1    0.00%, 2   67.00%, 3   33.00%


样本变换：reverse
样本变换：mask
样本变换：shift
样本变换：none
未过滤	未用伪标签：55.25% -> 使用伪标签：55.33%
已过滤	未用伪标签：55.29% -> 使用伪标签：55.37%
排除样本：4|6000	剩余：2012, 2000, 1984
增添样本：40		细则：0, 12, 28	正确率估算：100.00%
类型1 正确率： 100.00% -> 1  100.00%, 2    0.00%, 3    0.00%
类型2 正确率：  33.00% -> 1    0.60%, 2   33.07%, 3   66.33%
类型3 正确率：  33.00% -> 1    0.00%, 2   67.00%, 3   33.00%

被排除样本 正确率：0.00%
类型1 没有样本或未被分类。
类型2 正确率：   0.00% -> 1  100.00%, 2    0.00%


轮次:·11/·20 || c_Loss:0.367 || e_Loss:-0.976 || Aad_Loss:-29.951 || 耗时：33.41s
轮次:·12/·20 || c_Loss:0.379 || e_Loss:-0.979 || Aad_Loss:-30.615 || 耗时：12.94s
轮次:·13/·20 || c_Loss:0.374 || e_Loss:-0.974 || Aad_Loss:-30.487 || 耗时：13.01s
轮次:·14/·20 || c_Loss:0.377 || e_Loss:-0.991 || Aad_Loss:-30.515 || 耗时：13.01s
轮次:·15/·20 || c_Loss:0.426 || e_Loss:-0.906 || Aad_Loss:-32.018 || 耗时：12.99s
任务: (B3)N15_M07_F04→(B1)N15_M01_F10; mix批次:····0; 批次:·1410/·1880;  总正确率: 55.28%
类型1 正确率： 100.00% -> 1  100.00%, 2    0.00%, 3    0.00%
类型2 正确率：  33.00% -> 1    0.10%, 2   32.85%, 3   67.05%
类型3 正确率：  33.00% -> 1    0.00%, 2   67.00%, 3   33.00%


样本变换：reverse
样本变换：mask
样本变换：shift
样本变换：none
未过滤	未用伪标签：55.28% -> 使用伪标签：55.33%
已过滤	未用伪标签：55.29% -> 使用伪标签：55.34%
排除样本：1|6000	剩余：2001, 2000, 1998
增添样本：4		细则：0, 1, 3	正确率估算：100.00%
类型1 正确率： 100.00% -> 1  100.00%, 2    0.00%, 3    0.00%
类型2 正确率：  33.00% -> 1    0.05%, 2   33.02%, 3   66.93%
类型3 正确率：  33.00% -> 1    0.00%, 2   67.00%, 3   33.00%

被排除样本 正确率：0.00%
类型1 没有样本或未被分类。
类型2 正确率：   0.00% -> 1  100.00%, 2    0.00%


轮次:·16/·20 || c_Loss:0.414 || e_Loss:-0.893 || Aad_Loss:-26.467 || 耗时：33.50s
轮次:·17/·20 || c_Loss:0.381 || e_Loss:-0.925 || Aad_Loss:-26.705 || 耗时：12.97s
轮次:·18/·20 || c_Loss:0.378 || e_Loss:-1.000 || Aad_Loss:-24.622 || 耗时：13.01s
轮次:·19/·20 || c_Loss:0.400 || e_Loss:-0.833 || Aad_Loss:-27.314 || 耗时：13.03s
轮次:·20/·20 || c_Loss:0.401 || e_Loss:-0.895 || Aad_Loss:-25.815 || 耗时：13.05s
任务: (B3)N15_M07_F04→(B1)N15_M01_F10; mix批次:····0; 批次:·1880/·1880;  总正确率: 55.25%
类型1 正确率： 100.00% -> 1  100.00%, 2    0.00%, 3    0.00%
类型2 正确率：  33.00% -> 1    0.00%, 2   32.75%, 3   67.25%
类型3 正确率：  33.00% -> 1    0.00%, 2   67.00%, 3   33.00%


测试集任务: (B3)N15_M07_F04→(B1)N15_M01_F10; 总正确率 = 55.25%
类型1 正确率： 100.00% -> 1  100.00%, 2    0.00%, 3    0.00%
类型2 正确率：  33.00% -> 1    0.00%, 2   32.75%, 3   67.25%
类型3 正确率：  33.00% -> 1    0.00%, 2   67.00%, 3   33.00%


