

现在开始拿源域训练集：(B1)N15_M01_F10 进行训练
源域读取路径：/kaggle/working/m2rep/reps0/sdalr_PU_final_checkpoint/DATA_foldB/PU_M1_L3/N15_M01_F10_label.txt
excel输出位置：/kaggle/working/m2rep/reps0/weight_src_PU_M1_FB_s0/NEW_PU/Source-源域
log&pt输出位置：/kaggle/working/m2rep/reps0/weight_src_PU_M1_FB_s0/NEW_PU/Source-源域/log&pt/(B1)N15_M01_F10
特征图片输出位置：/kaggle/working/m2rep/reps0/weight_src_PU_M1_FB_s0/NEW_PU/Picture-特征图/2026年09月15日08时02分/(B1)N15_M01_F10
源域训练开始
轮次:··1/·10 || loss:0.010 || 耗时：8.99s
轮次:··2/·10 || loss:0.012 || 耗时：7.68s
轮次:··3/·10 || loss:0.005 || 耗时：7.78s
轮次:··4/·10 || loss:0.001 || 耗时：7.85s
轮次:··5/·10 || loss:0.013 || 耗时：7.93s
任务: (B1)N15_M01_F10; mix批次:····0; 批次:··330/··660; 总正确率 = 99.84%
类型1 正确率： 100.00% -> 1  100.00%, 2    0.00%, 3    0.00%
类型2 正确率： 100.00% -> 1    0.00%, 2  100.00%, 3    0.00%
类型3 正确率： 100.00% -> 1    0.00%, 2    0.49%, 3   99.51%


轮次:··6/·10 || loss:0.001 || 耗时：7.94s
轮次:··7/·10 || loss:0.001 || 耗时：8.01s
轮次:··8/·10 || loss:0.001 || 耗时：8.11s
轮次:··9/·10 || loss:0.001 || 耗时：8.23s
轮次:·10/·10 || loss:0.001 || 耗时：8.33s
任务: (B1)N15_M01_F10; mix批次:····0; 批次:··660/··660; 总正确率 = 100.00%
类型1 正确率： 100.00% -> 1  100.00%, 2    0.00%, 3    0.00%
类型2 正确率： 100.00% -> 1    0.00%, 2  100.00%, 3    0.00%
类型3 正确率： 100.00% -> 1    0.00%, 2    0.00%, 3  100.00%


测试集任务: (B1)N15_M01_F10; 总正确率 = 100.00%
类型1 正确率： 100.00% -> 1  100.00%, 2    0.00%, 3    0.00%
类型2 正确率： 100.00% -> 1    0.00%, 2  100.00%, 3    0.00%
类型3 正确率： 100.00% -> 1    0.00%, 2    0.00%, 3  100.00%


源域训练结束

训练好之后，测试目标域
目标域路径：/kaggle/working/m2rep/reps0/sdalr_PU_final_checkpoint/DATA_foldB/PU_M1_L3/N15_M07_F10_label.txt
测试目标数据集结果如下：
任务: (B1)N15_M01_F10→(B2)N15_M07_F10, 正确率 = 100.00%
类型1 正确率： 100.00% -> 1  100.00%, 2    0.00%, 3    0.00%
类型2 正确率： 100.00% -> 1    0.00%, 2  100.00%, 3    0.00%
类型3 正确率： 100.00% -> 1    0.00%, 2    0.00%, 3  100.00%

目标域路径：/kaggle/working/m2rep/reps0/sdalr_PU_final_checkpoint/DATA_foldB/PU_M1_L3/N15_M07_F04_label.txt
测试目标数据集结果如下：
任务: (B1)N15_M01_F10→(B3)N15_M07_F04, 正确率 = 97.06%
类型1 正确率： 100.00% -> 1  100.00%, 2    0.00%, 3    0.00%
类型2 正确率：  92.00% -> 1    0.00%, 2   91.87%, 3    8.13%
类型3 正确率：  99.00% -> 1    0.68%, 2    0.00%, 3   99.32%



现在开始拿源域训练集：(B2)N15_M07_F10 进行训练
源域读取路径：/kaggle/working/m2rep/reps0/sdalr_PU_final_checkpoint/DATA_foldB/PU_M1_L3/N15_M07_F10_label.txt
excel输出位置：/kaggle/working/m2rep/reps0/weight_src_PU_M1_FB_s0/NEW_PU/Source-源域
log&pt输出位置：/kaggle/working/m2rep/reps0/weight_src_PU_M1_FB_s0/NEW_PU/Source-源域/log&pt/(B2)N15_M07_F10
特征图片输出位置：/kaggle/working/m2rep/reps0/weight_src_PU_M1_FB_s0/NEW_PU/Picture-特征图/2026年09月15日08时02分/(B2)N15_M07_F10
源域训练开始
轮次:··1/·10 || loss:0.004 || 耗时：8.55s
轮次:··2/·10 || loss:0.014 || 耗时：8.58s
轮次:··3/·10 || loss:0.001 || 耗时：8.68s
轮次:··4/·10 || loss:0.002 || 耗时：8.80s
轮次:··5/·10 || loss:0.004 || 耗时：8.89s
任务: (B2)N15_M07_F10; mix批次:····0; 批次:··330/··660; 总正确率 = 100.00%
类型1 正确率： 100.00% -> 1  100.00%, 2    0.00%, 3    0.00%
类型2 正确率： 100.00% -> 1    0.00%, 2  100.00%, 3    0.00%
类型3 正确率： 100.00% -> 1    0.00%, 2    0.00%, 3  100.00%


轮次:··6/·10 || loss:0.001 || 耗时：8.98s
轮次:··7/·10 || loss:0.000 || 耗时：9.04s
轮次:··8/·10 || loss:0.008 || 耗时：8.94s
轮次:··9/·10 || loss:0.001 || 耗时：8.83s
轮次:·10/·10 || loss:0.001 || 耗时：8.77s
任务: (B2)N15_M07_F10; mix批次:····0; 批次:··660/··660; 总正确率 = 100.00%
类型1 正确率： 100.00% -> 1  100.00%, 2    0.00%, 3    0.00%
类型2 正确率： 100.00% -> 1    0.00%, 2  100.00%, 3    0.00%
类型3 正确率： 100.00% -> 1    0.00%, 2    0.00%, 3  100.00%


测试集任务: (B2)N15_M07_F10; 总正确率 = 99.92%
类型1 正确率： 100.00% -> 1  100.00%, 2    0.00%, 3    0.00%
类型2 正确率： 100.00% -> 1    0.00%, 2  100.00%, 3    0.00%
类型3 正确率： 100.00% -> 1    0.00%, 2    0.25%, 3   99.75%


源域训练结束

训练好之后，测试目标域
目标域路径：/kaggle/working/m2rep/reps0/sdalr_PU_final_checkpoint/DATA_foldB/PU_M1_L3/N15_M01_F10_label.txt
测试目标数据集结果如下：
任务: (B2)N15_M07_F10→(B1)N15_M01_F10, 正确率 = 100.00%
类型1 正确率： 100.00% -> 1  100.00%, 2    0.00%, 3    0.00%
类型2 正确率： 100.00% -> 1    0.00%, 2  100.00%, 3    0.00%
类型3 正确率： 100.00% -> 1    0.00%, 2    0.00%, 3  100.00%

目标域路径：/kaggle/working/m2rep/reps0/sdalr_PU_final_checkpoint/DATA_foldB/PU_M1_L3/N15_M07_F04_label.txt
测试目标数据集结果如下：
任务: (B2)N15_M07_F10→(B3)N15_M07_F04, 正确率 = 98.22%
类型1 正确率： 100.00% -> 1  100.00%, 2    0.00%, 3    0.00%
类型2 正确率：  96.00% -> 1    0.00%, 2   96.16%, 3    3.84%
类型3 正确率：  98.00% -> 1    1.26%, 2    0.25%, 3   98.49%



现在开始拿源域训练集：(B3)N15_M07_F04 进行训练
源域读取路径：/kaggle/working/m2rep/reps0/sdalr_PU_final_checkpoint/DATA_foldB/PU_M1_L3/N15_M07_F04_label.txt
excel输出位置：/kaggle/working/m2rep/reps0/weight_src_PU_M1_FB_s0/NEW_PU/Source-源域
log&pt输出位置：/kaggle/working/m2rep/reps0/weight_src_PU_M1_FB_s0/NEW_PU/Source-源域/log&pt/(B3)N15_M07_F04
特征图片输出位置：/kaggle/working/m2rep/reps0/weight_src_PU_M1_FB_s0/NEW_PU/Picture-特征图/2026年09月15日08时02分/(B3)N15_M07_F04
源域训练开始
轮次:··1/·10 || loss:0.015 || 耗时：8.71s
轮次:··2/·10 || loss:0.011 || 耗时：8.77s
轮次:··3/·10 || loss:0.003 || 耗时：8.84s
轮次:··4/·10 || loss:0.035 || 耗时：8.89s
轮次:··5/·10 || loss:0.000 || 耗时：8.87s
任务: (B3)N15_M07_F04; mix批次:····0; 批次:··330/··660; 总正确率 = 100.00%
类型1 正确率： 100.00% -> 1  100.00%, 2    0.00%, 3    0.00%
类型2 正确率： 100.00% -> 1    0.00%, 2  100.00%, 3    0.00%
类型3 正确率： 100.00% -> 1    0.00%, 2    0.00%, 3  100.00%


轮次:··6/·10 || loss:0.001 || 耗时：8.86s
轮次:··7/·10 || loss:0.015 || 耗时：8.82s
轮次:··8/·10 || loss:0.000 || 耗时：8.79s
轮次:··9/·10 || loss:0.014 || 耗时：8.78s
轮次:·10/·10 || loss:0.006 || 耗时：8.83s
任务: (B3)N15_M07_F04; mix批次:····0; 批次:··660/··660; 总正确率 = 100.00%
类型1 正确率： 100.00% -> 1  100.00%, 2    0.00%, 3    0.00%
类型2 正确率： 100.00% -> 1    0.00%, 2  100.00%, 3    0.00%
类型3 正确率： 100.00% -> 1    0.00%, 2    0.00%, 3  100.00%


测试集任务: (B3)N15_M07_F04; 总正确率 = 99.75%
类型1 正确率： 100.00% -> 1  100.00%, 2    0.00%, 3    0.00%
类型2 正确率：  99.00% -> 1    0.00%, 2   99.26%, 3    0.74%
类型3 正确率： 100.00% -> 1    0.00%, 2    0.00%, 3  100.00%


源域训练结束

训练好之后，测试目标域
目标域路径：/kaggle/working/m2rep/reps0/sdalr_PU_final_checkpoint/DATA_foldB/PU_M1_L3/N15_M01_F10_label.txt
测试目标数据集结果如下：
任务: (B3)N15_M07_F04→(B1)N15_M01_F10, 正确率 = 99.74%
类型1 正确率：  99.00% -> 1   99.48%, 2    0.00%, 3    0.52%
类型2 正确率： 100.00% -> 1    0.00%, 2  100.00%, 3    0.00%
类型3 正确率： 100.00% -> 1    0.00%, 2    0.26%, 3   99.74%

目标域路径：/kaggle/working/m2rep/reps0/sdalr_PU_final_checkpoint/DATA_foldB/PU_M1_L3/N15_M07_F10_label.txt
测试目标数据集结果如下：
任务: (B3)N15_M07_F04→(B2)N15_M07_F10, 正确率 = 99.28%
类型1 正确率： 100.00% -> 1  100.00%, 2    0.00%, 3    0.00%
类型2 正确率： 100.00% -> 1    0.00%, 2  100.00%, 3    0.00%
类型3 正确率：  98.00% -> 1    0.00%, 2    2.16%, 3   97.84%

