读取源域路径：/kaggle/working/m0diag/weight_PU_as_released_thr0.6_s0/NEW_PU/Source-源域/log&pt/(B2)N15_M07_F10
excel输出位置：/kaggle/working/m0diag/weight_PU_as_released_thr0.6_s0/NEW_PU/Target-目标域
特征图片输出位置：/kaggle/working/m0diag/weight_PU_as_released_thr0.6_s0/NEW_PU/Picture-特征图/2026年09月13日17时47分/(B2)N15_M07_F10
现在选取:(B2)N15_M07_F10 进行训练的源模型
现在进行：(B2)N15_M07_F10→(B3)N15_M07_F04 的迁移任务
log&pt输出位置：/kaggle/working/m0diag/weight_PU_as_released_thr0.6_s0/NEW_PU/Target-目标域/log&pt/(B2)N15_M07_F10→(B3)N15_M07_F04
任务: (B2)N15_M07_F10→(B3)N15_M07_F04; 批次:····0/·5000;  总正确率: 86.74%
类型1 正确率： 100.00% -> 1  100.00%, 2    0.00%, 3    0.00%, 4    0.00%, 5    0.00%, 6    0.00%, 7    0.00%, 8    0.00%
类型2 正确率：  99.00% -> 1    0.00%, 2   99.20%, 3    0.70%, 4    0.00%, 5    0.00%, 6    0.00%, 7    0.10%, 8    0.00%
类型3 正确率：  76.00% -> 1    0.00%, 2    0.00%, 3   75.80%, 4    0.00%, 5    0.00%, 6   14.55%, 7    0.00%, 8    9.65%
类型4 正确率：  74.00% -> 1    0.00%, 2    0.00%, 3   25.60%, 4   74.40%, 5    0.00%, 6    0.00%, 7    0.00%, 8    0.00%
类型5 正确率：  81.00% -> 1   19.10%, 2    0.15%, 3    0.00%, 4    0.00%, 5   80.75%, 6    0.00%, 7    0.00%, 8    0.00%
类型6 正确率：  87.00% -> 1    0.00%, 2    0.00%, 3   13.30%, 4    0.00%, 5    0.00%, 6   86.70%, 7    0.00%, 8    0.00%
类型7 正确率：  92.00% -> 1    0.00%, 2    0.05%, 3    4.40%, 4    3.90%, 5    0.00%, 6    0.00%, 7   91.65%, 8    0.00%
类型8 正确率：  85.00% -> 1    0.00%, 2    0.00%, 3    5.00%, 4    0.35%, 5    0.00%, 6    0.00%, 7    9.20%, 8   85.45%


样本变换：reverse
样本变换：mask
样本变换：shift
样本变换：none
未过滤	未用伪标签：86.74% -> 使用伪标签：93.69%
已过滤	未用伪标签：87.11% -> 使用伪标签：94.72%
排除样本：173|16000	剩余：2372, 2001, 1612, 2066, 1617, 2335, 1912, 1912
增添样本：3149		细则：0, 371, 760, 306, 755, 37, 460, 460	正确率估算：90.95%
类型1 正确率： 100.00% -> 1  100.00%, 2    0.00%, 3    0.00%, 4    0.00%, 5    0.00%, 6    0.00%, 7    0.00%, 8    0.00%
类型2 正确率： 100.00% -> 1    0.00%, 2  100.00%, 3    0.00%, 4    0.00%, 5    0.00%, 6    0.00%, 7    0.00%, 8    0.00%
类型3 正确率：  82.00% -> 1    0.00%, 2    0.00%, 3   82.23%, 4    0.05%, 5    0.00%, 6   17.72%, 7    0.00%, 8    0.00%
类型4 正确率： 100.00% -> 1    0.00%, 2    0.00%, 3    0.00%, 4  100.00%, 5    0.00%, 6    0.00%, 7    0.00%, 8    0.00%
类型5 正确率：  81.00% -> 1   18.70%, 2    0.00%, 3    0.00%, 4    0.00%, 5   81.30%, 6    0.00%, 7    0.00%, 8    0.00%
类型6 正确率： 100.00% -> 1    0.00%, 2    0.00%, 3    0.00%, 4    0.00%, 5    0.00%, 6  100.00%, 7    0.00%, 8    0.00%
类型7 正确率：  97.00% -> 1    0.00%, 2    0.05%, 3    0.00%, 4    3.29%, 5    0.00%, 6    0.00%, 7   96.66%, 8    0.00%
类型8 正确率：  97.00% -> 1    0.00%, 2    0.00%, 3    3.14%, 4    0.00%, 5    0.00%, 6    0.05%, 7    0.00%, 8   96.81%

被排除样本 正确率：53.18%
类型1 没有样本或未被分类。
类型2 正确率：  60.00% -> 1    0.00%, 2   60.00%, 3    0.00%, 4    0.00%, 5   26.09%, 6    0.00%, 7   13.91%
类型3 没有样本或未被分类。
类型4 正确率：  18.00% -> 1   81.82%, 2    0.00%, 3    0.00%, 4   18.18%, 5    0.00%, 6    0.00%, 7    0.00%
类型5 没有样本或未被分类。
类型6 正确率：  18.00% -> 1    0.00%, 2   40.91%, 3   40.91%, 4    0.00%, 5    0.00%, 6   18.18%, 7    0.00%
类型7 正确率：  68.00% -> 1    0.00%, 2   32.00%, 3    0.00%, 4    0.00%, 5    0.00%, 6    0.00%, 7   68.00%


轮次:··1/·20 || c_Loss:0.783 || e_Loss:-1.792 || Aad_Loss:-10.944 || 耗时：85.05s
轮次:··2/·20 || c_Loss:0.692 || e_Loss:-1.728 || Aad_Loss:-11.452 || 耗时：35.37s
轮次:··3/·20 || c_Loss:0.661 || e_Loss:-1.659 || Aad_Loss:-10.995 || 耗时：35.35s
轮次:··4/·20 || c_Loss:0.687 || e_Loss:-3.154 || Aad_Loss:-11.286 || 耗时：35.37s
轮次:··5/·20 || c_Loss:0.645 || e_Loss:-3.014 || Aad_Loss:-10.738 || 耗时：35.37s
任务: (B2)N15_M07_F10→(B3)N15_M07_F04; mix批次:····0; 批次:·1250/·5000;  总正确率: 96.48%
类型1 正确率： 100.00% -> 1  100.00%, 2    0.00%, 3    0.00%, 4    0.00%, 5    0.00%, 6    0.00%, 7    0.00%, 8    0.00%
类型2 正确率： 100.00% -> 1    0.00%, 2  100.00%, 3    0.00%, 4    0.00%, 5    0.00%, 6    0.00%, 7    0.00%, 8    0.00%
类型3 正确率：  90.00% -> 1    0.00%, 2    0.00%, 3   90.40%, 4    0.00%, 5    0.00%, 6    9.55%, 7    0.00%, 8    0.05%
类型4 正确率： 100.00% -> 1    0.00%, 2    0.00%, 3    0.00%, 4  100.00%, 5    0.00%, 6    0.00%, 7    0.00%, 8    0.00%
类型5 正确率：  83.00% -> 1   17.35%, 2    0.00%, 3    0.00%, 4    0.00%, 5   82.65%, 6    0.00%, 7    0.00%, 8    0.00%
类型6 正确率： 100.00% -> 1    0.00%, 2    0.00%, 3    0.00%, 4    0.00%, 5    0.00%, 6  100.00%, 7    0.00%, 8    0.00%
类型7 正确率：  99.00% -> 1    0.00%, 2    0.05%, 3    0.00%, 4    1.00%, 5    0.00%, 6    0.00%, 7   98.95%, 8    0.00%
类型8 正确率： 100.00% -> 1    0.00%, 2    0.00%, 3    0.15%, 4    0.00%, 5    0.00%, 6    0.00%, 7    0.00%, 8   99.85%


样本变换：reverse
样本变换：mask
样本变换：shift
样本变换：none
未过滤	未用伪标签：96.48% -> 使用伪标签：96.51%
已过滤	未用伪标签：96.68% -> 使用伪标签：96.97%
排除样本：76|16000	剩余：2370, 2001, 1890, 2047, 1615, 2063, 1939, 1999
增添样本：3036		细则：0, 369, 480, 323, 755, 307, 431, 371	正确率估算：98.81%
类型1 正确率： 100.00% -> 1  100.00%, 2    0.00%, 3    0.00%, 4    0.00%, 5    0.00%, 6    0.00%, 7    0.00%, 8    0.00%
类型2 正确率： 100.00% -> 1    0.00%, 2  100.00%, 3    0.00%, 4    0.00%, 5    0.00%, 6    0.00%, 7    0.00%, 8    0.00%
类型3 正确率：  97.00% -> 1    0.00%, 2    0.00%, 3   96.72%, 4    0.05%, 5    0.00%, 6    3.23%, 7    0.00%, 8    0.00%
类型4 正确率： 100.00% -> 1    0.00%, 2    0.00%, 3    0.00%, 4  100.00%, 5    0.00%, 6    0.00%, 7    0.00%, 8    0.00%
类型5 正确率：  81.00% -> 1   18.64%, 2    0.00%, 3    0.00%, 4    0.00%, 5   81.36%, 6    0.00%, 7    0.00%, 8    0.00%
类型6 正确率： 100.00% -> 1    0.00%, 2    0.00%, 3    0.00%, 4    0.00%, 5    0.00%, 6  100.00%, 7    0.00%, 8    0.00%
类型7 正确率：  98.00% -> 1    0.00%, 2    0.05%, 3    0.00%, 4    2.32%, 5    0.00%, 6    0.00%, 7   97.63%, 8    0.00%
类型8 正确率： 100.00% -> 1    0.00%, 2    0.00%, 3    0.05%, 4    0.00%, 5    0.00%, 6    0.00%, 7    0.00%, 8   99.95%

被排除样本 正确率：53.95%
类型1 没有样本或未被分类。
类型2 正确率：  32.00% -> 1    0.00%, 2   31.91%, 3    0.00%, 4   68.09%, 5    0.00%
类型3 正确率：  80.00% -> 1   20.00%, 2    0.00%, 3   80.00%, 4    0.00%, 5    0.00%
类型4 没有样本或未被分类。
类型5 正确率： 100.00% -> 1    0.00%, 2    0.00%, 3    0.00%, 4    0.00%, 5  100.00%


轮次:··6/·20 || c_Loss:0.611 || e_Loss:-1.823 || Aad_Loss:-11.150 || 耗时：84.25s
轮次:··7/·20 || c_Loss:0.625 || e_Loss:-1.812 || Aad_Loss:-11.349 || 耗时：35.40s
轮次:··8/·20 || c_Loss:0.648 || e_Loss:-1.778 || Aad_Loss:-11.433 || 耗时：35.40s
轮次:··9/·20 || c_Loss:0.623 || e_Loss:-1.771 || Aad_Loss:-11.367 || 耗时：35.41s
轮次:·10/·20 || c_Loss:0.647 || e_Loss:-1.773 || Aad_Loss:-11.627 || 耗时：35.40s
任务: (B2)N15_M07_F10→(B3)N15_M07_F04; mix批次:····0; 批次:·2500/·5000;  总正确率: 97.36%
类型1 正确率： 100.00% -> 1  100.00%, 2    0.00%, 3    0.00%, 4    0.00%, 5    0.00%, 6    0.00%, 7    0.00%, 8    0.00%
类型2 正确率： 100.00% -> 1    0.00%, 2  100.00%, 3    0.00%, 4    0.00%, 5    0.00%, 6    0.00%, 7    0.00%, 8    0.00%
类型3 正确率：  98.00% -> 1    0.00%, 2    0.00%, 3   98.00%, 4    0.00%, 5    0.00%, 6    2.00%, 7    0.00%, 8    0.00%
类型4 正确率： 100.00% -> 1    0.00%, 2    0.00%, 3    0.00%, 4  100.00%, 5    0.00%, 6    0.00%, 7    0.00%, 8    0.00%
类型5 正确率：  82.00% -> 1   17.85%, 2    0.00%, 3    0.00%, 4    0.00%, 5   82.15%, 6    0.00%, 7    0.00%, 8    0.00%
类型6 正确率： 100.00% -> 1    0.00%, 2    0.00%, 3    0.00%, 4    0.00%, 5    0.00%, 6  100.00%, 7    0.00%, 8    0.00%
类型7 正确率：  99.00% -> 1    0.00%, 2    0.05%, 3    0.00%, 4    1.20%, 5    0.00%, 6    0.00%, 7   98.75%, 8    0.00%
类型8 正确率： 100.00% -> 1    0.00%, 2    0.00%, 3    0.00%, 4    0.00%, 5    0.00%, 6    0.00%, 7    0.00%, 8  100.00%


样本变换：reverse
样本变换：mask
样本变换：shift
样本变换：none
未过滤	未用伪标签：97.36% -> 使用伪标签：97.06%
已过滤	未用伪标签：97.44% -> 使用伪标签：97.31%
排除样本：41|16000	剩余：2373, 2001, 1977, 2045, 1612, 2011, 1940, 2000
增添样本：3025		细则：0, 372, 396, 328, 761, 362, 433, 373	正确率估算：99.60%
类型1 正确率： 100.00% -> 1  100.00%, 2    0.00%, 3    0.00%, 4    0.00%, 5    0.00%, 6    0.00%, 7    0.00%, 8    0.00%
类型2 正确率： 100.00% -> 1    0.00%, 2  100.00%, 3    0.00%, 4    0.00%, 5    0.00%, 6    0.00%, 7    0.00%, 8    0.00%
类型3 正确率：  99.00% -> 1    0.00%, 2    0.00%, 3   99.40%, 4    0.05%, 5    0.00%, 6    0.55%, 7    0.00%, 8    0.00%
类型4 正确率： 100.00% -> 1    0.00%, 2    0.00%, 3    0.00%, 4  100.00%, 5    0.00%, 6    0.00%, 7    0.00%, 8    0.00%
类型5 正确率：  81.00% -> 1   18.79%, 2    0.00%, 3    0.00%, 4    0.00%, 5   81.21%, 6    0.00%, 7    0.00%, 8    0.00%
类型6 正确率： 100.00% -> 1    0.00%, 2    0.00%, 3    0.00%, 4    0.00%, 5    0.00%, 6  100.00%, 7    0.00%, 8    0.00%
类型7 正确率：  98.00% -> 1    0.00%, 2    0.05%, 3    0.00%, 4    2.22%, 5    0.00%, 6    0.00%, 7   97.73%, 8    0.00%
类型8 正确率： 100.00% -> 1    0.00%, 2    0.00%, 3    0.00%, 4    0.00%, 5    0.00%, 6    0.00%, 7    0.00%, 8  100.00%

被排除样本 正确率：68.29%
类型1 没有样本或未被分类。
类型2 正确率：  27.00% -> 1    0.00%, 2   27.27%, 3    0.00%, 4   72.73%, 5    0.00%
类型3 正确率：  67.00% -> 1   33.33%, 2    0.00%, 3   66.67%, 4    0.00%, 5    0.00%
类型4 没有样本或未被分类。
类型5 正确率： 100.00% -> 1    0.00%, 2    0.00%, 3    0.00%, 4    0.00%, 5  100.00%


轮次:·11/·20 || c_Loss:0.633 || e_Loss:-1.855 || Aad_Loss:-11.463 || 耗时：83.83s
轮次:·12/·20 || c_Loss:0.646 || e_Loss:-1.786 || Aad_Loss:-11.986 || 耗时：35.40s
轮次:·13/·20 || c_Loss:0.616 || e_Loss:-1.828 || Aad_Loss:-11.403 || 耗时：35.37s
轮次:·14/·20 || c_Loss:0.623 || e_Loss:-1.869 || Aad_Loss:-11.200 || 耗时：35.40s
轮次:·15/·20 || c_Loss:0.618 || e_Loss:-1.873 || Aad_Loss:-11.309 || 耗时：35.37s
任务: (B2)N15_M07_F10→(B3)N15_M07_F04; mix批次:····0; 批次:·3750/·5000;  总正确率: 97.44%
类型1 正确率： 100.00% -> 1  100.00%, 2    0.00%, 3    0.00%, 4    0.00%, 5    0.00%, 6    0.00%, 7    0.00%, 8    0.00%
类型2 正确率： 100.00% -> 1    0.00%, 2  100.00%, 3    0.00%, 4    0.00%, 5    0.00%, 6    0.00%, 7    0.00%, 8    0.00%
类型3 正确率： 100.00% -> 1    0.00%, 2    0.00%, 3   99.90%, 4    0.00%, 5    0.00%, 6    0.10%, 7    0.00%, 8    0.00%
类型4 正确率： 100.00% -> 1    0.00%, 2    0.00%, 3    0.00%, 4  100.00%, 5    0.00%, 6    0.00%, 7    0.00%, 8    0.00%
类型5 正确率：  81.00% -> 1   18.75%, 2    0.00%, 3    0.00%, 4    0.00%, 5   81.25%, 6    0.00%, 7    0.00%, 8    0.00%
类型6 正确率： 100.00% -> 1    0.00%, 2    0.00%, 3    0.00%, 4    0.00%, 5    0.00%, 6  100.00%, 7    0.00%, 8    0.00%
类型7 正确率：  98.00% -> 1    0.00%, 2    0.05%, 3    0.00%, 4    1.55%, 5    0.00%, 6    0.00%, 7   98.40%, 8    0.00%
类型8 正确率： 100.00% -> 1    0.00%, 2    0.00%, 3    0.00%, 4    0.00%, 5    0.00%, 6    0.00%, 7    0.00%, 8  100.00%


样本变换：reverse
样本变换：mask
样本变换：shift
样本变换：none
未过滤	未用伪标签：97.44% -> 使用伪标签：97.09%
已过滤	未用伪标签：97.52% -> 使用伪标签：97.33%
排除样本：40|16000	剩余：2380, 2001, 1988, 2041, 1605, 2004, 1941, 2000
增添样本：3080		细则：0, 379, 392, 339, 775, 376, 439, 380	正确率估算：99.77%
类型1 正确率： 100.00% -> 1  100.00%, 2    0.00%, 3    0.00%, 4    0.00%, 5    0.00%, 6    0.00%, 7    0.00%, 8    0.00%
类型2 正确率： 100.00% -> 1    0.00%, 2  100.00%, 3    0.00%, 4    0.00%, 5    0.00%, 6    0.00%, 7    0.00%, 8    0.00%
类型3 正确率： 100.00% -> 1    0.00%, 2    0.00%, 3   99.75%, 4    0.05%, 5    0.00%, 6    0.20%, 7    0.00%, 8    0.00%
类型4 正确率： 100.00% -> 1    0.00%, 2    0.00%, 3    0.00%, 4  100.00%, 5    0.00%, 6    0.00%, 7    0.00%, 8    0.00%
类型5 正确率：  81.00% -> 1   19.14%, 2    0.00%, 3    0.00%, 4    0.00%, 5   80.86%, 6    0.00%, 7    0.00%, 8    0.00%
类型6 正确率： 100.00% -> 1    0.00%, 2    0.00%, 3    0.00%, 4    0.00%, 5    0.00%, 6  100.00%, 7    0.00%, 8    0.00%
类型7 正确率：  98.00% -> 1    0.00%, 2    0.05%, 3    0.00%, 4    2.02%, 5    0.00%, 6    0.00%, 7   97.93%, 8    0.00%
类型8 正确率： 100.00% -> 1    0.00%, 2    0.00%, 3    0.00%, 4    0.00%, 5    0.00%, 6    0.00%, 7    0.00%, 8  100.00%

被排除样本 正确率：67.50%
类型1 没有样本或未被分类。
类型2 正确率：  86.00% -> 1    0.00%, 2   85.71%, 3    0.00%, 4    0.00%, 5   14.29%, 6    0.00%
类型3 没有样本或未被分类。
类型4 正确率：  40.00% -> 1   60.00%, 2    0.00%, 3    0.00%, 4   40.00%, 5    0.00%, 6    0.00%
类型5 没有样本或未被分类。
类型6 正确率：  83.00% -> 1    0.00%, 2    0.00%, 3   16.67%, 4    0.00%, 5    0.00%, 6   83.33%


轮次:·16/·20 || c_Loss:0.627 || e_Loss:-1.833 || Aad_Loss:-11.982 || 耗时：83.76s
轮次:·17/·20 || c_Loss:0.637 || e_Loss:-2.758 || Aad_Loss:-11.412 || 耗时：35.34s
轮次:·18/·20 || c_Loss:0.614 || e_Loss:-2.926 || Aad_Loss:-11.276 || 耗时：35.38s
轮次:·19/·20 || c_Loss:0.612 || e_Loss:-1.826 || Aad_Loss:-11.886 || 耗时：35.35s
轮次:·20/·20 || c_Loss:0.618 || e_Loss:-1.834 || Aad_Loss:-11.923 || 耗时：35.37s
任务: (B2)N15_M07_F10→(B3)N15_M07_F04; mix批次:····0; 批次:·5000/·5000;  总正确率: 97.62%
类型1 正确率： 100.00% -> 1  100.00%, 2    0.00%, 3    0.00%, 4    0.00%, 5    0.00%, 6    0.00%, 7    0.00%, 8    0.00%
类型2 正确率： 100.00% -> 1    0.00%, 2  100.00%, 3    0.00%, 4    0.00%, 5    0.00%, 6    0.00%, 7    0.00%, 8    0.00%
类型3 正确率： 100.00% -> 1    0.00%, 2    0.00%, 3  100.00%, 4    0.00%, 5    0.00%, 6    0.00%, 7    0.00%, 8    0.00%
类型4 正确率： 100.00% -> 1    0.00%, 2    0.00%, 3    0.00%, 4  100.00%, 5    0.00%, 6    0.00%, 7    0.00%, 8    0.00%
类型5 正确率：  82.00% -> 1   18.30%, 2    0.00%, 3    0.00%, 4    0.00%, 5   81.70%, 6    0.00%, 7    0.00%, 8    0.00%
类型6 正确率： 100.00% -> 1    0.00%, 2    0.00%, 3    0.00%, 4    0.00%, 5    0.00%, 6  100.00%, 7    0.00%, 8    0.00%
类型7 正确率：  99.00% -> 1    0.00%, 2    0.05%, 3    0.00%, 4    0.70%, 5    0.00%, 6    0.00%, 7   99.25%, 8    0.00%
类型8 正确率： 100.00% -> 1    0.00%, 2    0.00%, 3    0.00%, 4    0.00%, 5    0.00%, 6    0.00%, 7    0.00%, 8  100.00%


测试集任务: (B2)N15_M07_F10→(B3)N15_M07_F04; 总正确率 = 97.62%
类型1 正确率： 100.00% -> 1  100.00%, 2    0.00%, 3    0.00%, 4    0.00%, 5    0.00%, 6    0.00%, 7    0.00%, 8    0.00%
类型2 正确率： 100.00% -> 1    0.00%, 2  100.00%, 3    0.00%, 4    0.00%, 5    0.00%, 6    0.00%, 7    0.00%, 8    0.00%
类型3 正确率： 100.00% -> 1    0.00%, 2    0.00%, 3  100.00%, 4    0.00%, 5    0.00%, 6    0.00%, 7    0.00%, 8    0.00%
类型4 正确率： 100.00% -> 1    0.00%, 2    0.00%, 3    0.00%, 4  100.00%, 5    0.00%, 6    0.00%, 7    0.00%, 8    0.00%
类型5 正确率：  82.00% -> 1   18.30%, 2    0.00%, 3    0.00%, 4    0.00%, 5   81.70%, 6    0.00%, 7    0.00%, 8    0.00%
类型6 正确率： 100.00% -> 1    0.00%, 2    0.00%, 3    0.00%, 4    0.00%, 5    0.00%, 6  100.00%, 7    0.00%, 8    0.00%
类型7 正确率：  99.00% -> 1    0.00%, 2    0.05%, 3    0.00%, 4    0.70%, 5    0.00%, 6    0.00%, 7   99.25%, 8    0.00%
类型8 正确率： 100.00% -> 1    0.00%, 2    0.00%, 3    0.00%, 4    0.00%, 5    0.00%, 6    0.00%, 7    0.00%, 8  100.00%


