读取源域路径：/kaggle/working/m0diag/weight_PU_as_released_thr0.6_s0/NEW_PU/Source-源域/log&pt/(B1)N15_M01_F10
excel输出位置：/kaggle/working/m0diag/weight_PU_as_released_thr0.6_s0/NEW_PU/Target-目标域
特征图片输出位置：/kaggle/working/m0diag/weight_PU_as_released_thr0.6_s0/NEW_PU/Picture-特征图/2026年09月13日18时02分/(B1)N15_M01_F10
现在选取:(B1)N15_M01_F10 进行训练的源模型
现在进行：(B1)N15_M01_F10→(B3)N15_M07_F04 的迁移任务
log&pt输出位置：/kaggle/working/m0diag/weight_PU_as_released_thr0.6_s0/NEW_PU/Target-目标域/log&pt/(B1)N15_M01_F10→(B3)N15_M07_F04
任务: (B1)N15_M01_F10→(B3)N15_M07_F04; 批次:····0/·5000;  总正确率: 80.24%
类型1 正确率： 100.00% -> 1  100.00%, 2    0.00%, 3    0.00%, 4    0.00%, 5    0.00%, 6    0.00%, 7    0.00%, 8    0.00%
类型2 正确率：  95.00% -> 1    0.00%, 2   94.90%, 3    0.05%, 4    0.00%, 5    0.00%, 6    4.15%, 7    0.90%, 8    0.00%
类型3 正确率：   9.00% -> 1    0.00%, 2    0.00%, 3    9.40%, 4    0.00%, 5    0.00%, 6   90.55%, 7    0.00%, 8    0.05%
类型4 正确率：  70.00% -> 1    0.00%, 2    0.00%, 3   29.65%, 4   69.75%, 5    0.00%, 6    0.00%, 7    0.60%, 8    0.00%
类型5 正确率：  83.00% -> 1   16.90%, 2    0.30%, 3    0.00%, 4    0.00%, 5   82.75%, 6    0.05%, 7    0.00%, 8    0.00%
类型6 正确率：  98.00% -> 1    0.00%, 2    0.00%, 3    2.20%, 4    0.00%, 5    0.00%, 6   97.80%, 7    0.00%, 8    0.00%
类型7 正确率：  99.00% -> 1    0.00%, 2    0.05%, 3    0.65%, 4    0.65%, 5    0.00%, 6    0.05%, 7   98.60%, 8    0.00%
类型8 正确率：  89.00% -> 1    0.00%, 2    0.00%, 3    0.55%, 4    0.00%, 5    0.00%, 6    0.00%, 7   10.70%, 8   88.75%


样本变换：reverse
样本变换：mask
样本变换：shift
样本变换：none
未过滤	未用伪标签：80.24% -> 使用伪标签：82.26%
已过滤	未用伪标签：80.65% -> 使用伪标签：83.10%
排除样本：161|16000	剩余：2323, 2002, 334, 1640, 1650, 4002, 1901, 1987
增添样本：16177		细则：1679, 2000, 3668, 2362, 2352, 0, 2101, 2015	正确率估算：94.09%
类型1 正确率： 100.00% -> 1  100.00%, 2    0.00%, 3    0.00%, 4    0.00%, 5    0.00%, 6    0.00%, 7    0.00%, 8    0.00%
类型2 正确率： 100.00% -> 1    0.00%, 2  100.00%, 3    0.00%, 4    0.00%, 5    0.00%, 6    0.00%, 7    0.00%, 8    0.00%
类型3 正确率：   0.00% -> 1    0.00%, 2    0.00%, 3    0.15%, 4    0.00%, 5    0.00%, 6   99.85%, 7    0.00%, 8    0.00%
类型4 正确率：  85.00% -> 1    0.00%, 2    0.00%, 3   15.44%, 4   84.56%, 5    0.00%, 6    0.00%, 7    0.00%, 8    0.00%
类型5 正确率：  84.00% -> 1   16.37%, 2    0.00%, 3    0.00%, 4    0.00%, 5   83.63%, 6    0.00%, 7    0.00%, 8    0.00%
类型6 正确率： 100.00% -> 1    0.00%, 2    0.00%, 3    0.00%, 4    0.00%, 5    0.00%, 6  100.00%, 7    0.00%, 8    0.00%
类型7 正确率：  97.00% -> 1    0.00%, 2    0.10%, 3    1.74%, 4    0.97%, 5    0.00%, 6    0.05%, 7   97.14%, 8    0.00%
类型8 正确率： 100.00% -> 1    0.00%, 2    0.00%, 3    0.05%, 4    0.00%, 5    0.00%, 6    0.20%, 7    0.00%, 8   99.75%

被排除样本 正确率：40.37%
类型1 没有样本或未被分类。
类型2 没有样本或未被分类。
类型3 正确率：  11.00% -> 1    0.00%, 2   85.54%, 3   10.84%, 4    0.00%, 5    3.61%, 6    0.00%
类型4 正确率：  37.00% -> 1   62.96%, 2    0.00%, 3    0.00%, 4   37.04%, 5    0.00%, 6    0.00%
类型5 正确率：  98.00% -> 1    0.00%, 2    0.00%, 3    2.33%, 4    0.00%, 5   97.67%, 6    0.00%
类型6 正确率：  50.00% -> 1    0.00%, 2   25.00%, 3    0.00%, 4    0.00%, 5   25.00%, 6   50.00%


轮次:··1/·20 || c_Loss:0.866 || e_Loss:-1.814 || Aad_Loss:-11.600 || 耗时：88.87s
轮次:··2/·20 || c_Loss:0.709 || e_Loss:-1.781 || Aad_Loss:-12.318 || 耗时：35.47s
轮次:··3/·20 || c_Loss:0.646 || e_Loss:-1.732 || Aad_Loss:-11.876 || 耗时：35.49s
轮次:··4/·20 || c_Loss:0.618 || e_Loss:-1.678 || Aad_Loss:-13.674 || 耗时：35.46s
轮次:··5/·20 || c_Loss:0.654 || e_Loss:-1.680 || Aad_Loss:-11.513 || 耗时：35.49s
任务: (B1)N15_M01_F10→(B3)N15_M07_F04; mix批次:····0; 批次:·1250/·5000;  总正确率: 84.48%
类型1 正确率： 100.00% -> 1  100.00%, 2    0.00%, 3    0.00%, 4    0.00%, 5    0.00%, 6    0.00%, 7    0.00%, 8    0.00%
类型2 正确率： 100.00% -> 1    0.00%, 2  100.00%, 3    0.00%, 4    0.00%, 5    0.00%, 6    0.00%, 7    0.00%, 8    0.00%
类型3 正确率：   0.00% -> 1    0.00%, 2    0.00%, 3    0.00%, 4    0.00%, 5    0.00%, 6  100.00%, 7    0.00%, 8    0.00%
类型4 正确率：  93.00% -> 1    0.00%, 2    0.00%, 3    6.50%, 4   93.40%, 5    0.00%, 6    0.00%, 7    0.10%, 8    0.00%
类型5 正确率：  83.00% -> 1   16.85%, 2    0.00%, 3    0.00%, 4    0.00%, 5   83.15%, 6    0.00%, 7    0.00%, 8    0.00%
类型6 正确率： 100.00% -> 1    0.00%, 2    0.00%, 3    0.00%, 4    0.00%, 5    0.00%, 6  100.00%, 7    0.00%, 8    0.00%
类型7 正确率：  99.00% -> 1    0.00%, 2    0.05%, 3    0.10%, 4    0.55%, 5    0.00%, 6    0.05%, 7   99.25%, 8    0.00%
类型8 正确率： 100.00% -> 1    0.00%, 2    0.00%, 3    0.00%, 4    0.00%, 5    0.00%, 6    0.00%, 7    0.00%, 8  100.00%


样本变换：reverse
样本变换：mask
样本变换：shift
样本变换：none
未过滤	未用伪标签：84.47% -> 使用伪标签：81.74%
已过滤	未用伪标签：84.42% -> 使用伪标签：82.25%
排除样本：98|16000	剩余：2365, 2001, 456, 1522, 1630, 3999, 1929, 2000
增添样本：16090		细则：1634, 1998, 3543, 2477, 2369, 0, 2070, 1999	正确率估算：96.96%
类型1 正确率： 100.00% -> 1  100.00%, 2    0.00%, 3    0.00%, 4    0.00%, 5    0.00%, 6    0.00%, 7    0.00%, 8    0.00%
类型2 正确率： 100.00% -> 1    0.00%, 2  100.00%, 3    0.00%, 4    0.00%, 5    0.00%, 6    0.00%, 7    0.00%, 8    0.00%
类型3 正确率：   0.00% -> 1    0.00%, 2    0.00%, 3    0.05%, 4    0.00%, 5    0.00%, 6   99.95%, 7    0.00%, 8    0.00%
类型4 正确率：  79.00% -> 1    0.00%, 2    0.00%, 3   21.21%, 4   78.79%, 5    0.00%, 6    0.00%, 7    0.00%, 8    0.00%
类型5 正确率：  82.00% -> 1   18.30%, 2    0.00%, 3    0.00%, 4    0.00%, 5   81.70%, 6    0.00%, 7    0.00%, 8    0.00%
类型6 正确率： 100.00% -> 1    0.00%, 2    0.00%, 3    0.00%, 4    0.00%, 5    0.00%, 6  100.00%, 7    0.00%, 8    0.00%
类型7 正确率：  97.00% -> 1    0.00%, 2    0.05%, 3    2.32%, 4    0.15%, 5    0.00%, 6    0.00%, 7   97.47%, 8    0.00%
类型8 正确率： 100.00% -> 1    0.00%, 2    0.00%, 3    0.00%, 4    0.00%, 5    0.00%, 6    0.00%, 7    0.00%, 8  100.00%

被排除样本 正确率：92.86%
类型1 没有样本或未被分类。
类型2 没有样本或未被分类。
类型3 正确率：  97.00% -> 1    0.00%, 2    1.39%, 3   97.22%, 4    0.00%, 5    1.39%
类型4 正确率：  80.00% -> 1   20.00%, 2    0.00%, 3    0.00%, 4   80.00%, 5    0.00%
类型5 正确率：  81.00% -> 1    0.00%, 2    0.00%, 3   19.05%, 4    0.00%, 5   80.95%


轮次:··6/·20 || c_Loss:0.649 || e_Loss:-1.697 || Aad_Loss:-13.511 || 耗时：88.27s
轮次:··7/·20 || c_Loss:0.667 || e_Loss:-1.714 || Aad_Loss:-11.848 || 耗时：35.40s
轮次:··8/·20 || c_Loss:0.668 || e_Loss:-1.685 || Aad_Loss:-12.302 || 耗时：35.49s
轮次:··9/·20 || c_Loss:0.714 || e_Loss:-1.570 || Aad_Loss:-13.377 || 耗时：35.41s
轮次:·10/·20 || c_Loss:0.683 || e_Loss:-1.661 || Aad_Loss:-13.424 || 耗时：35.49s
任务: (B1)N15_M01_F10→(B3)N15_M07_F04; mix批次:····0; 批次:·2500/·5000;  总正确率: 84.75%
类型1 正确率： 100.00% -> 1  100.00%, 2    0.00%, 3    0.00%, 4    0.00%, 5    0.00%, 6    0.00%, 7    0.00%, 8    0.00%
类型2 正确率： 100.00% -> 1    0.00%, 2  100.00%, 3    0.00%, 4    0.00%, 5    0.00%, 6    0.00%, 7    0.00%, 8    0.00%
类型3 正确率：   0.00% -> 1    0.00%, 2    0.00%, 3    0.00%, 4    0.00%, 5    0.00%, 6  100.00%, 7    0.00%, 8    0.00%
类型4 正确率：  97.00% -> 1    0.00%, 2    0.00%, 3    2.65%, 4   97.25%, 5    0.00%, 6    0.00%, 7    0.10%, 8    0.00%
类型5 正确率：  81.00% -> 1   18.65%, 2    0.00%, 3    0.00%, 4    0.00%, 5   81.35%, 6    0.00%, 7    0.00%, 8    0.00%
类型6 正确率： 100.00% -> 1    0.00%, 2    0.00%, 3    0.00%, 4    0.00%, 5    0.00%, 6  100.00%, 7    0.00%, 8    0.00%
类型7 正确率：  99.00% -> 1    0.00%, 2    0.05%, 3    0.00%, 4    0.50%, 5    0.00%, 6    0.05%, 7   99.40%, 8    0.00%
类型8 正确率： 100.00% -> 1    0.00%, 2    0.00%, 3    0.00%, 4    0.00%, 5    0.00%, 6    0.00%, 7    0.00%, 8  100.00%


样本变换：reverse
样本变换：mask
样本变换：shift
样本变换：none
未过滤	未用伪标签：84.75% -> 使用伪标签：82.03%
已过滤	未用伪标签：84.67% -> 使用伪标签：82.60%
排除样本：112|16000	剩余：2371, 2001, 394, 1567, 1621, 3999, 1935, 2000
增添样本：16104		细则：1628, 1998, 3605, 2432, 2378, 0, 2064, 1999	正确率估算：96.85%
类型1 正确率： 100.00% -> 1  100.00%, 2    0.00%, 3    0.00%, 4    0.00%, 5    0.00%, 6    0.00%, 7    0.00%, 8    0.00%
类型2 正确率： 100.00% -> 1    0.00%, 2  100.00%, 3    0.00%, 4    0.00%, 5    0.00%, 6    0.00%, 7    0.00%, 8    0.00%
类型3 正确率：   0.00% -> 1    0.00%, 2    0.00%, 3    0.05%, 4    0.00%, 5    0.00%, 6   99.95%, 7    0.00%, 8    0.00%
类型4 正确率：  82.00% -> 1    0.00%, 2    0.00%, 3   18.09%, 4   81.91%, 5    0.00%, 6    0.00%, 7    0.00%, 8    0.00%
类型5 正确率：  81.00% -> 1   18.62%, 2    0.00%, 3    0.00%, 4    0.00%, 5   81.38%, 6    0.00%, 7    0.00%, 8    0.00%
类型6 正确率： 100.00% -> 1    0.00%, 2    0.00%, 3    0.00%, 4    0.00%, 5    0.00%, 6  100.00%, 7    0.00%, 8    0.00%
类型7 正确率：  98.00% -> 1    0.00%, 2    0.05%, 3    2.37%, 4    0.00%, 5    0.00%, 6    0.00%, 7   97.58%, 8    0.00%
类型8 正确率： 100.00% -> 1    0.00%, 2    0.00%, 3    0.00%, 4    0.00%, 5    0.00%, 6    0.00%, 7    0.00%, 8  100.00%

被排除样本 正确率：95.54%
类型1 没有样本或未被分类。
类型2 没有样本或未被分类。
类型3 正确率：  99.00% -> 1    0.00%, 2    1.15%, 3   98.85%, 4    0.00%, 5    0.00%
类型4 正确率：  50.00% -> 1   50.00%, 2    0.00%, 3    0.00%, 4   50.00%, 5    0.00%
类型5 正确率： 100.00% -> 1    0.00%, 2    0.00%, 3    0.00%, 4    0.00%, 5  100.00%


轮次:·11/·20 || c_Loss:0.658 || e_Loss:-1.749 || Aad_Loss:-11.867 || 耗时：89.48s
轮次:·12/·20 || c_Loss:0.619 || e_Loss:-1.729 || Aad_Loss:-13.485 || 耗时：35.36s
轮次:·13/·20 || c_Loss:0.677 || e_Loss:-1.651 || Aad_Loss:-12.263 || 耗时：35.47s
轮次:·14/·20 || c_Loss:0.636 || e_Loss:-1.652 || Aad_Loss:-13.395 || 耗时：35.37s
轮次:·15/·20 || c_Loss:0.676 || e_Loss:-1.678 || Aad_Loss:-11.871 || 耗时：35.47s
任务: (B1)N15_M01_F10→(B3)N15_M07_F04; mix批次:····0; 批次:·3750/·5000;  总正确率: 84.49%
类型1 正确率： 100.00% -> 1  100.00%, 2    0.00%, 3    0.00%, 4    0.00%, 5    0.00%, 6    0.00%, 7    0.00%, 8    0.00%
类型2 正确率： 100.00% -> 1    0.00%, 2  100.00%, 3    0.00%, 4    0.00%, 5    0.00%, 6    0.00%, 7    0.00%, 8    0.00%
类型3 正确率：   0.00% -> 1    0.00%, 2    0.00%, 3    0.00%, 4    0.00%, 5    0.00%, 6  100.00%, 7    0.00%, 8    0.00%
类型4 正确率：  95.00% -> 1    0.00%, 2    0.00%, 3    4.65%, 4   94.65%, 5    0.00%, 6    0.05%, 7    0.65%, 8    0.00%
类型5 正确率：  82.00% -> 1   18.45%, 2    0.00%, 3    0.00%, 4    0.00%, 5   81.55%, 6    0.00%, 7    0.00%, 8    0.00%
类型6 正确率： 100.00% -> 1    0.00%, 2    0.00%, 3    0.00%, 4    0.00%, 5    0.00%, 6  100.00%, 7    0.00%, 8    0.00%
类型7 正确率： 100.00% -> 1    0.00%, 2    0.05%, 3    0.00%, 4    0.15%, 5    0.00%, 6    0.05%, 7   99.75%, 8    0.00%
类型8 正确率： 100.00% -> 1    0.00%, 2    0.00%, 3    0.00%, 4    0.00%, 5    0.00%, 6    0.00%, 7    0.00%, 8  100.00%


样本变换：reverse
样本变换：mask
样本变换：shift
样本变换：none
未过滤	未用伪标签：84.49% -> 使用伪标签：81.17%
已过滤	未用伪标签：84.40% -> 使用伪标签：81.87%
排除样本：138|16000	剩余：2370, 2001, 506, 1427, 1622, 3999, 1937, 2000
增添样本：16130		细则：1629, 1998, 3493, 2572, 2377, 0, 2062, 1999	正确率估算：96.25%
类型1 正确率： 100.00% -> 1  100.00%, 2    0.00%, 3    0.00%, 4    0.00%, 5    0.00%, 6    0.00%, 7    0.00%, 8    0.00%
类型2 正确率： 100.00% -> 1    0.00%, 2  100.00%, 3    0.00%, 4    0.00%, 5    0.00%, 6    0.00%, 7    0.00%, 8    0.00%
类型3 正确率：   0.00% -> 1    0.00%, 2    0.00%, 3    0.05%, 4    0.00%, 5    0.00%, 6   99.95%, 7    0.00%, 8    0.00%
类型4 正确率：  75.00% -> 1    0.00%, 2    0.00%, 3   24.58%, 4   75.42%, 5    0.00%, 6    0.00%, 7    0.00%, 8    0.00%
类型5 正确率：  81.00% -> 1   18.57%, 2    0.00%, 3    0.00%, 4    0.00%, 5   81.43%, 6    0.00%, 7    0.00%, 8    0.00%
类型6 正确率： 100.00% -> 1    0.00%, 2    0.00%, 3    0.00%, 4    0.00%, 5    0.00%, 6  100.00%, 7    0.00%, 8    0.00%
类型7 正确率：  98.00% -> 1    0.00%, 2    0.05%, 3    2.02%, 4    0.00%, 5    0.00%, 6    0.00%, 7   97.93%, 8    0.00%
类型8 正确率： 100.00% -> 1    0.00%, 2    0.00%, 3    0.00%, 4    0.00%, 5    0.00%, 6    0.00%, 7    0.00%, 8  100.00%

被排除样本 正确率：94.93%
类型1 没有样本或未被分类。
类型2 没有样本或未被分类。
类型3 正确率：  99.00% -> 1    0.00%, 2    0.93%, 3   99.07%, 4    0.00%, 5    0.00%, 6    0.00%
类型4 正确率：  38.00% -> 1   62.50%, 2    0.00%, 3    0.00%, 4   37.50%, 5    0.00%, 6    0.00%
类型5 没有样本或未被分类。
类型6 正确率：  95.00% -> 1    0.00%, 2    0.00%, 3    0.00%, 4    0.00%, 5    4.55%, 6   95.45%


轮次:·16/·20 || c_Loss:0.626 || e_Loss:-2.657 || Aad_Loss:-14.118 || 耗时：88.30s
轮次:·17/·20 || c_Loss:0.624 || e_Loss:-1.734 || Aad_Loss:-12.448 || 耗时：35.42s
轮次:·18/·20 || c_Loss:0.675 || e_Loss:-3.160 || Aad_Loss:-11.764 || 耗时：35.50s
轮次:·19/·20 || c_Loss:0.630 || e_Loss:-1.640 || Aad_Loss:-13.384 || 耗时：35.42s
轮次:·20/·20 || c_Loss:0.696 || e_Loss:-2.586 || Aad_Loss:-11.107 || 耗时：35.50s
任务: (B1)N15_M01_F10→(B3)N15_M07_F04; mix批次:····0; 批次:·5000/·5000;  总正确率: 84.06%
类型1 正确率： 100.00% -> 1  100.00%, 2    0.00%, 3    0.00%, 4    0.00%, 5    0.00%, 6    0.00%, 7    0.00%, 8    0.00%
类型2 正确率： 100.00% -> 1    0.00%, 2  100.00%, 3    0.00%, 4    0.00%, 5    0.00%, 6    0.00%, 7    0.00%, 8    0.00%
类型3 正确率：   0.00% -> 1    0.00%, 2    0.00%, 3    0.00%, 4    0.00%, 5    0.00%, 6  100.00%, 7    0.00%, 8    0.00%
类型4 正确率：  91.00% -> 1    0.00%, 2    0.00%, 3    7.90%, 4   91.35%, 5    0.00%, 6    0.25%, 7    0.50%, 8    0.00%
类型5 正确率：  81.00% -> 1   18.65%, 2    0.00%, 3    0.00%, 4    0.00%, 5   81.35%, 6    0.00%, 7    0.00%, 8    0.00%
类型6 正确率： 100.00% -> 1    0.00%, 2    0.00%, 3    0.00%, 4    0.00%, 5    0.00%, 6  100.00%, 7    0.00%, 8    0.00%
类型7 正确率： 100.00% -> 1    0.00%, 2    0.05%, 3    0.10%, 4    0.05%, 5    0.00%, 6    0.05%, 7   99.75%, 8    0.00%
类型8 正确率： 100.00% -> 1    0.00%, 2    0.00%, 3    0.00%, 4    0.00%, 5    0.00%, 6    0.00%, 7    0.00%, 8  100.00%


测试集任务: (B1)N15_M01_F10→(B3)N15_M07_F04; 总正确率 = 84.75%
类型1 正确率： 100.00% -> 1  100.00%, 2    0.00%, 3    0.00%, 4    0.00%, 5    0.00%, 6    0.00%, 7    0.00%, 8    0.00%
类型2 正确率： 100.00% -> 1    0.00%, 2  100.00%, 3    0.00%, 4    0.00%, 5    0.00%, 6    0.00%, 7    0.00%, 8    0.00%
类型3 正确率：   0.00% -> 1    0.00%, 2    0.00%, 3    0.00%, 4    0.00%, 5    0.00%, 6  100.00%, 7    0.00%, 8    0.00%
类型4 正确率：  97.00% -> 1    0.00%, 2    0.00%, 3    2.65%, 4   97.25%, 5    0.00%, 6    0.00%, 7    0.10%, 8    0.00%
类型5 正确率：  81.00% -> 1   18.65%, 2    0.00%, 3    0.00%, 4    0.00%, 5   81.35%, 6    0.00%, 7    0.00%, 8    0.00%
类型6 正确率： 100.00% -> 1    0.00%, 2    0.00%, 3    0.00%, 4    0.00%, 5    0.00%, 6  100.00%, 7    0.00%, 8    0.00%
类型7 正确率：  99.00% -> 1    0.00%, 2    0.05%, 3    0.00%, 4    0.50%, 5    0.00%, 6    0.05%, 7   99.40%, 8    0.00%
类型8 正确率： 100.00% -> 1    0.00%, 2    0.00%, 3    0.00%, 4    0.00%, 5    0.00%, 6    0.00%, 7    0.00%, 8  100.00%


