读取源域路径：/kaggle/working/k10/S05/weight_PU_M1_final_checkpoint_FS05toS05_s2024/NEW_PU/Source-源域/log&pt/(B2)N15_M07_F10
excel输出位置：/kaggle/working/k10/S05/weight_PU_M1_final_checkpoint_FS05toS05_s2024/NEW_PU/Target-目标域
特征图片输出位置：/kaggle/working/k10/S05/weight_PU_M1_final_checkpoint_FS05toS05_s2024/NEW_PU/Picture-特征图/2026年09月17日00时11分/(B2)N15_M07_F10
现在选取:(B2)N15_M07_F10 进行训练的源模型
现在进行：(B2)N15_M07_F10→(B3)N15_M07_F04 的迁移任务
log&pt输出位置：/kaggle/working/k10/S05/weight_PU_M1_final_checkpoint_FS05toS05_s2024/NEW_PU/Target-目标域/log&pt/(B2)N15_M07_F10→(B3)N15_M07_F04
任务: (B2)N15_M07_F10→(B3)N15_M07_F04; 批次:····0/·1880;  总正确率: 97.50%
类型1 正确率： 100.00% -> 1   99.95%, 2    0.00%, 3    0.05%
类型2 正确率：  98.00% -> 1    0.00%, 2   97.65%, 3    2.35%
类型3 正确率：  95.00% -> 1    1.40%, 2    3.70%, 3   94.90%


样本变换：reverse
样本变换：mask
样本变换：shift
样本变换：none
未过滤	未用伪标签：97.50% -> 使用伪标签：96.92%
已过滤	未用伪标签：98.31% -> 使用伪标签：98.31%
排除样本：85|6000	剩余：2022, 1967, 1926
增添样本：151		细则：0, 55, 96	正确率估算：100.00%
类型1 正确率： 100.00% -> 1  100.00%, 2    0.00%, 3    0.00%
类型2 正确率：  98.00% -> 1    0.00%, 2   98.17%, 3    1.83%
类型3 正确率：  97.00% -> 1    1.18%, 2    2.10%, 3   96.72%

被排除样本 正确率：41.18%
类型1 正确率： 100.00% -> 1  100.00%, 2    0.00%, 3    0.00%
类型2 正确率：  68.00% -> 1    0.00%, 2   68.42%, 3   31.58%
类型3 正确率：  17.00% -> 1   21.74%, 2   60.87%, 3   17.39%


轮次:··1/·20 || c_Loss:0.575 || e_Loss:-1.740 || Aad_Loss:-25.503 || 耗时：34.61s
轮次:··2/·20 || c_Loss:0.426 || e_Loss:-1.625 || Aad_Loss:-29.397 || 耗时：13.39s
轮次:··3/·20 || c_Loss:0.393 || e_Loss:-0.855 || Aad_Loss:-29.411 || 耗时：13.23s
轮次:··4/·20 || c_Loss:0.363 || e_Loss:-0.901 || Aad_Loss:-29.068 || 耗时：13.23s
轮次:··5/·20 || c_Loss:0.376 || e_Loss:-1.792 || Aad_Loss:-29.223 || 耗时：13.22s
任务: (B2)N15_M07_F10→(B3)N15_M07_F04; mix批次:····0; 批次:··470/·1880;  总正确率: 97.80%
类型1 正确率： 100.00% -> 1  100.00%, 2    0.00%, 3    0.00%
类型2 正确率：  99.00% -> 1    0.00%, 2   98.65%, 3    1.35%
类型3 正确率：  95.00% -> 1    1.70%, 2    3.55%, 3   94.75%


样本变换：reverse
样本变换：mask
样本变换：shift
样本变换：none
未过滤	未用伪标签：97.80% -> 使用伪标签：97.58%
已过滤	未用伪标签：98.07% -> 使用伪标签：98.11%
排除样本：32|6000	剩余：2031, 2051, 1886
增添样本：185		细则：20, 0, 165	正确率估算：100.00%
类型1 正确率： 100.00% -> 1  100.00%, 2    0.00%, 3    0.00%
类型2 正确率： 100.00% -> 1    0.00%, 2   99.55%, 3    0.45%
类型3 正确率：  95.00% -> 1    1.56%, 2    3.69%, 3   94.75%

被排除样本 正确率：46.88%
类型1 没有样本或未被分类。
类型2 正确率：  15.00% -> 1    0.00%, 2   15.38%, 3   84.62%
类型3 正确率：  68.00% -> 1   10.53%, 2   21.05%, 3   68.42%


轮次:··6/·20 || c_Loss:0.385 || e_Loss:-0.938 || Aad_Loss:-28.427 || 耗时：34.37s
轮次:··7/·20 || c_Loss:0.396 || e_Loss:-0.880 || Aad_Loss:-29.064 || 耗时：13.33s
轮次:··8/·20 || c_Loss:0.372 || e_Loss:-0.948 || Aad_Loss:-29.476 || 耗时：13.34s
轮次:··9/·20 || c_Loss:0.377 || e_Loss:-1.764 || Aad_Loss:-29.286 || 耗时：13.32s
轮次:·10/·20 || c_Loss:0.388 || e_Loss:-0.888 || Aad_Loss:-31.167 || 耗时：13.29s
任务: (B2)N15_M07_F10→(B3)N15_M07_F04; mix批次:····0; 批次:··940/·1880;  总正确率: 98.03%
类型1 正确率： 100.00% -> 1  100.00%, 2    0.00%, 3    0.00%
类型2 正确率：  99.00% -> 1    0.00%, 2   99.25%, 3    0.75%
类型3 正确率：  95.00% -> 1    1.60%, 2    3.55%, 3   94.85%


样本变换：reverse
样本变换：mask
样本变换：shift
样本变换：none
未过滤	未用伪标签：98.03% -> 使用伪标签：97.77%
已过滤	未用伪标签：98.22% -> 使用伪标签：98.26%
排除样本：30|6000	剩余：2032, 2055, 1883
增添样本：195		细则：23, 0, 172	正确率估算：99.49%
类型1 正确率： 100.00% -> 1  100.00%, 2    0.00%, 3    0.00%
类型2 正确率： 100.00% -> 1    0.00%, 2   99.75%, 3    0.25%
类型3 正确率：  95.00% -> 1    1.62%, 2    3.39%, 3   94.99%

被排除样本 正确率：60.00%
类型1 没有样本或未被分类。
类型2 正确率：  43.00% -> 1    0.00%, 2   42.86%, 3   57.14%
类型3 正确率：  65.00% -> 1    4.35%, 2   30.43%, 3   65.22%


轮次:·11/·20 || c_Loss:0.401 || e_Loss:-1.663 || Aad_Loss:-28.781 || 耗时：34.41s
轮次:·12/·20 || c_Loss:0.371 || e_Loss:-1.667 || Aad_Loss:-31.542 || 耗时：13.33s
轮次:·13/·20 || c_Loss:0.425 || e_Loss:-0.831 || Aad_Loss:-29.539 || 耗时：13.32s
轮次:·14/·20 || c_Loss:0.377 || e_Loss:-0.948 || Aad_Loss:-30.125 || 耗时：13.32s
轮次:·15/·20 || c_Loss:0.405 || e_Loss:-0.847 || Aad_Loss:-31.538 || 耗时：13.38s
任务: (B2)N15_M07_F10→(B3)N15_M07_F04; mix批次:····0; 批次:·1410/·1880;  总正确率: 98.02%
类型1 正确率： 100.00% -> 1  100.00%, 2    0.00%, 3    0.00%
类型2 正确率： 100.00% -> 1    0.00%, 2   99.75%, 3    0.25%
类型3 正确率：  94.00% -> 1    1.65%, 2    4.05%, 3   94.30%


样本变换：reverse
样本变换：mask
样本变换：shift
样本变换：none
未过滤	未用伪标签：98.02% -> 使用伪标签：97.73%
已过滤	未用伪标签：98.11% -> 使用伪标签：98.13%
排除样本：24|6000	剩余：2035, 2075, 1866
增添样本：249		细则：40, 0, 209	正确率估算：99.60%
类型1 正确率： 100.00% -> 1  100.00%, 2    0.00%, 3    0.00%
类型2 正确率： 100.00% -> 1    0.00%, 2  100.00%, 3    0.00%
类型3 正确率：  94.00% -> 1    1.77%, 2    3.89%, 3   94.34%

被排除样本 正确率：75.00%
类型1 正确率：   0.00% -> 1    0.00%, 2  100.00%
类型2 正确率：  82.00% -> 1   18.18%, 2   81.82%


轮次:·16/·20 || c_Loss:0.382 || e_Loss:-0.954 || Aad_Loss:-30.067 || 耗时：34.46s
轮次:·17/·20 || c_Loss:0.376 || e_Loss:-1.800 || Aad_Loss:-30.143 || 耗时：13.29s
轮次:·18/·20 || c_Loss:0.389 || e_Loss:-0.970 || Aad_Loss:-29.699 || 耗时：13.34s
轮次:·19/·20 || c_Loss:0.382 || e_Loss:-0.938 || Aad_Loss:-31.088 || 耗时：13.32s
轮次:·20/·20 || c_Loss:0.373 || e_Loss:-0.990 || Aad_Loss:-31.157 || 耗时：13.31s
任务: (B2)N15_M07_F10→(B3)N15_M07_F04; mix批次:····0; 批次:·1880/·1880;  总正确率: 98.02%
类型1 正确率： 100.00% -> 1  100.00%, 2    0.00%, 3    0.00%
类型2 正确率： 100.00% -> 1    0.00%, 2  100.00%, 3    0.00%
类型3 正确率：  94.00% -> 1    1.90%, 2    4.05%, 3   94.05%


测试集任务: (B2)N15_M07_F10→(B3)N15_M07_F04; 总正确率 = 98.02%
类型1 正确率： 100.00% -> 1  100.00%, 2    0.00%, 3    0.00%
类型2 正确率： 100.00% -> 1    0.00%, 2  100.00%, 3    0.00%
类型3 正确率：  94.00% -> 1    1.90%, 2    4.05%, 3   94.05%


