读取源域路径：/kaggle/working/k10/S05/weight_PU_M1_final_checkpoint_FS05toS05_s2024/NEW_PU/Source-源域/log&pt/(B1)N15_M01_F10
excel输出位置：/kaggle/working/k10/S05/weight_PU_M1_final_checkpoint_FS05toS05_s2024/NEW_PU/Target-目标域
特征图片输出位置：/kaggle/working/k10/S05/weight_PU_M1_final_checkpoint_FS05toS05_s2024/NEW_PU/Picture-特征图/2026年09月16日23时59分/(B1)N15_M01_F10
现在选取:(B1)N15_M01_F10 进行训练的源模型
现在进行：(B1)N15_M01_F10→(B3)N15_M07_F04 的迁移任务
log&pt输出位置：/kaggle/working/k10/S05/weight_PU_M1_final_checkpoint_FS05toS05_s2024/NEW_PU/Target-目标域/log&pt/(B1)N15_M01_F10→(B3)N15_M07_F04
任务: (B1)N15_M01_F10→(B3)N15_M07_F04; 批次:····0/·1880;  总正确率: 95.13%
类型1 正确率：  96.00% -> 1   96.45%, 2    0.00%, 3    3.55%
类型2 正确率：  93.00% -> 1    0.00%, 2   92.55%, 3    7.45%
类型3 正确率：  96.00% -> 1    0.55%, 2    3.05%, 3   96.40%


样本变换：reverse
样本变换：mask
样本变换：shift
样本变换：none
未过滤	未用伪标签：95.13% -> 使用伪标签：95.82%
已过滤	未用伪标签：96.12% -> 使用伪标签：97.52%
排除样本：105|6000	剩余：2004, 1911, 1980
增添样本：117		细则：0, 93, 24	正确率估算：95.73%
类型1 正确率： 100.00% -> 1   99.90%, 2    0.00%, 3    0.10%
类型2 正确率：  96.00% -> 1    0.00%, 2   95.82%, 3    4.18%
类型3 正确率：  97.00% -> 1    0.51%, 2    2.70%, 3   96.79%

被排除样本 正确率：40.00%
类型1 正确率：   0.00% -> 1    0.00%, 2    0.00%, 3  100.00%
类型2 正确率：  36.00% -> 1    0.00%, 2   36.07%, 3   63.93%
类型3 正确率：  50.00% -> 1   15.00%, 2   35.00%, 3   50.00%


轮次:··1/·20 || c_Loss:0.566 || e_Loss:-1.030 || Aad_Loss:-26.935 || 耗时：34.42s
轮次:··2/·20 || c_Loss:0.414 || e_Loss:-1.773 || Aad_Loss:-26.486 || 耗时：13.48s
轮次:··3/·20 || c_Loss:0.353 || e_Loss:-1.911 || Aad_Loss:-28.360 || 耗时：13.31s
轮次:··4/·20 || c_Loss:0.354 || e_Loss:-1.749 || Aad_Loss:-28.940 || 耗时：13.30s
轮次:··5/·20 || c_Loss:0.371 || e_Loss:-1.544 || Aad_Loss:-29.916 || 耗时：13.28s
任务: (B1)N15_M01_F10→(B3)N15_M07_F04; mix批次:····0; 批次:··470/·1880;  总正确率: 97.63%
类型1 正确率： 100.00% -> 1  100.00%, 2    0.00%, 3    0.00%
类型2 正确率：  99.00% -> 1    0.00%, 2   98.70%, 3    1.30%
类型3 正确率：  94.00% -> 1    0.90%, 2    4.90%, 3   94.20%


样本变换：reverse
样本变换：mask
样本变换：shift
样本变换：none
未过滤	未用伪标签：97.63% -> 使用伪标签：97.18%
已过滤	未用伪标签：97.90% -> 使用伪标签：97.97%
排除样本：48|6000	剩余：2018, 2082, 1852
增添样本：294		细则：64, 0, 230	正确率估算：100.00%
类型1 正确率： 100.00% -> 1  100.00%, 2    0.00%, 3    0.00%
类型2 正确率： 100.00% -> 1    0.00%, 2   99.65%, 3    0.35%
类型3 正确率：  94.00% -> 1    0.92%, 2    4.90%, 3   94.18%

被排除样本 正确率：64.58%
类型1 没有样本或未被分类。
类型2 正确率：   0.00% -> 1    0.00%, 2    0.00%, 3  100.00%
类型3 正确率：  76.00% -> 1    4.88%, 2   19.51%, 3   75.61%


轮次:··6/·20 || c_Loss:0.352 || e_Loss:-0.941 || Aad_Loss:-29.737 || 耗时：34.50s
轮次:··7/·20 || c_Loss:0.393 || e_Loss:-1.896 || Aad_Loss:-28.963 || 耗时：13.27s
轮次:··8/·20 || c_Loss:0.360 || e_Loss:-0.959 || Aad_Loss:-29.995 || 耗时：13.26s
轮次:··9/·20 || c_Loss:0.382 || e_Loss:-1.805 || Aad_Loss:-29.260 || 耗时：13.26s
轮次:·10/·20 || c_Loss:0.348 || e_Loss:-0.959 || Aad_Loss:-30.586 || 耗时：13.25s
任务: (B1)N15_M01_F10→(B3)N15_M07_F04; mix批次:····0; 批次:··940/·1880;  总正确率: 97.53%
类型1 正确率： 100.00% -> 1  100.00%, 2    0.00%, 3    0.00%
类型2 正确率： 100.00% -> 1    0.00%, 2   99.85%, 3    0.15%
类型3 正确率：  93.00% -> 1    0.35%, 2    6.90%, 3   92.75%


样本变换：reverse
样本变换：mask
样本变换：shift
样本变换：none
未过滤	未用伪标签：97.53% -> 使用伪标签：97.28%
已过滤	未用伪标签：97.70% -> 使用伪标签：97.84%
排除样本：34|6000	剩余：2005, 2122, 1839
增添样本：400		细则：117, 0, 283	正确率估算：99.25%
类型1 正确率： 100.00% -> 1  100.00%, 2    0.00%, 3    0.00%
类型2 正确率： 100.00% -> 1    0.00%, 2  100.00%, 3    0.00%
类型3 正确率：  93.00% -> 1    0.25%, 2    6.30%, 3   93.45%

被排除样本 正确率：67.65%
类型1 没有样本或未被分类。
类型2 正确率：  50.00% -> 1    0.00%, 2   50.00%, 3   50.00%
类型3 正确率：  69.00% -> 1    9.38%, 2   21.88%, 3   68.75%


轮次:·11/·20 || c_Loss:0.384 || e_Loss:-1.754 || Aad_Loss:-29.841 || 耗时：34.44s
轮次:·12/·20 || c_Loss:0.395 || e_Loss:-1.810 || Aad_Loss:-30.197 || 耗时：13.34s
轮次:·13/·20 || c_Loss:0.369 || e_Loss:-1.813 || Aad_Loss:-30.287 || 耗时：13.34s
轮次:·14/·20 || c_Loss:0.380 || e_Loss:-0.953 || Aad_Loss:-30.624 || 耗时：13.41s
轮次:·15/·20 || c_Loss:0.365 || e_Loss:-0.985 || Aad_Loss:-30.585 || 耗时：13.36s
任务: (B1)N15_M01_F10→(B3)N15_M07_F04; mix批次:····0; 批次:·1410/·1880;  总正确率: 97.63%
类型1 正确率： 100.00% -> 1  100.00%, 2    0.00%, 3    0.00%
类型2 正确率： 100.00% -> 1    0.00%, 2   99.95%, 3    0.05%
类型3 正确率：  93.00% -> 1    0.30%, 2    6.75%, 3   92.95%


样本变换：reverse
样本变换：mask
样本变换：shift
样本变换：none
未过滤	未用伪标签：97.63% -> 使用伪标签：97.45%
已过滤	未用伪标签：97.87% -> 使用伪标签：97.92%
排除样本：29|6000	剩余：2004, 2118, 1849
增添样本：383		细则：114, 0, 269	正确率估算：100.00%
类型1 正确率： 100.00% -> 1  100.00%, 2    0.00%, 3    0.00%
类型2 正确率： 100.00% -> 1    0.00%, 2  100.00%, 3    0.00%
类型3 正确率：  94.00% -> 1    0.20%, 2    6.08%, 3   93.72%

被排除样本 正确率：48.28%
类型1 没有样本或未被分类。
类型2 正确率： 100.00% -> 1    0.00%, 2  100.00%, 3    0.00%
类型3 正确率：  44.00% -> 1    7.41%, 2   48.15%, 3   44.44%


轮次:·16/·20 || c_Loss:0.385 || e_Loss:-1.910 || Aad_Loss:-29.364 || 耗时：34.53s
轮次:·17/·20 || c_Loss:0.372 || e_Loss:-0.963 || Aad_Loss:-30.683 || 耗时：13.32s
轮次:·18/·20 || c_Loss:0.387 || e_Loss:-1.815 || Aad_Loss:-29.594 || 耗时：13.31s
轮次:·19/·20 || c_Loss:0.373 || e_Loss:-0.951 || Aad_Loss:-31.413 || 耗时：13.31s
轮次:·20/·20 || c_Loss:0.375 || e_Loss:-0.958 || Aad_Loss:-30.580 || 耗时：13.31s
任务: (B1)N15_M01_F10→(B3)N15_M07_F04; mix批次:····0; 批次:·1880/·1880;  总正确率: 97.47%
类型1 正确率： 100.00% -> 1  100.00%, 2    0.00%, 3    0.00%
类型2 正确率： 100.00% -> 1    0.00%, 2  100.00%, 3    0.00%
类型3 正确率：  92.00% -> 1    0.20%, 2    7.40%, 3   92.40%


测试集任务: (B1)N15_M01_F10→(B3)N15_M07_F04; 总正确率 = 97.47%
类型1 正确率： 100.00% -> 1  100.00%, 2    0.00%, 3    0.00%
类型2 正确率： 100.00% -> 1    0.00%, 2  100.00%, 3    0.00%
类型3 正确率：  92.00% -> 1    0.20%, 2    7.40%, 3   92.40%


