读取源域路径：/kaggle/working/k10/S05/weight_PU_M1_final_checkpoint_FS05toS05_s2024/NEW_PU/Source-源域/log&pt/(B3)N15_M07_F04
excel输出位置：/kaggle/working/k10/S05/weight_PU_M1_final_checkpoint_FS05toS05_s2024/NEW_PU/Target-目标域
特征图片输出位置：/kaggle/working/k10/S05/weight_PU_M1_final_checkpoint_FS05toS05_s2024/NEW_PU/Picture-特征图/2026年09月17日00时24分/(B3)N15_M07_F04
现在选取:(B3)N15_M07_F04 进行训练的源模型
现在进行：(B3)N15_M07_F04→(B2)N15_M07_F10 的迁移任务
log&pt输出位置：/kaggle/working/k10/S05/weight_PU_M1_final_checkpoint_FS05toS05_s2024/NEW_PU/Target-目标域/log&pt/(B3)N15_M07_F04→(B2)N15_M07_F10
任务: (B3)N15_M07_F04→(B2)N15_M07_F10; 批次:····0/·1880;  总正确率: 98.20%
类型1 正确率： 100.00% -> 1   99.80%, 2    0.00%, 3    0.20%
类型2 正确率：  95.00% -> 1    0.05%, 2   94.95%, 3    5.00%
类型3 正确率： 100.00% -> 1    0.00%, 2    0.15%, 3   99.85%


样本变换：reverse
样本变换：mask
样本变换：shift
样本变换：none
未过滤	未用伪标签：98.20% -> 使用伪标签：99.13%
已过滤	未用伪标签：98.47% -> 使用伪标签：99.68%
排除样本：33|6000	剩余：1998, 1987, 1982
增添样本：27		细则：0, 11, 16	正确率估算：100.00%
类型1 正确率： 100.00% -> 1   99.85%, 2    0.00%, 3    0.15%
类型2 正确率： 100.00% -> 1    0.05%, 2   99.70%, 3    0.25%
类型3 正确率：  99.00% -> 1    0.00%, 2    0.50%, 3   99.50%

被排除样本 正确率：48.48%
类型1 正确率：   6.00% -> 1    5.88%, 2   94.12%
类型2 正确率：  94.00% -> 1    6.25%, 2   93.75%


轮次:··1/·20 || c_Loss:0.561 || e_Loss:-1.237 || Aad_Loss:-26.919 || 耗时：34.32s
轮次:··2/·20 || c_Loss:0.458 || e_Loss:-0.930 || Aad_Loss:-27.313 || 耗时：13.39s
轮次:··3/·20 || c_Loss:0.392 || e_Loss:-0.916 || Aad_Loss:-29.960 || 耗时：13.24s
轮次:··4/·20 || c_Loss:0.406 || e_Loss:-1.498 || Aad_Loss:-28.217 || 耗时：13.24s
轮次:··5/·20 || c_Loss:0.420 || e_Loss:-0.778 || Aad_Loss:-30.001 || 耗时：13.25s
任务: (B3)N15_M07_F04→(B2)N15_M07_F10; mix批次:····0; 批次:··470/·1880;  总正确率: 99.70%
类型1 正确率： 100.00% -> 1  100.00%, 2    0.00%, 3    0.00%
类型2 正确率： 100.00% -> 1    0.00%, 2   99.90%, 3    0.10%
类型3 正确率：  99.00% -> 1    0.00%, 2    0.80%, 3   99.20%


样本变换：reverse
样本变换：mask
样本变换：shift
样本变换：none
未过滤	未用伪标签：99.70% -> 使用伪标签：99.65%
已过滤	未用伪标签：99.77% -> 使用伪标签：99.85%
排除样本：12|6000	剩余：2000, 2004, 1984
增添样本：24		细则：4, 0, 20	正确率估算：100.00%
类型1 正确率： 100.00% -> 1  100.00%, 2    0.00%, 3    0.00%
类型2 正确率： 100.00% -> 1    0.00%, 2   99.95%, 3    0.05%
类型3 正确率： 100.00% -> 1    0.00%, 2    0.40%, 3   99.60%

被排除样本 正确率：66.67%
类型1 正确率：  67.00% -> 1   66.67%, 2   33.33%
类型2 正确率：  67.00% -> 1   33.33%, 2   66.67%


轮次:··6/·20 || c_Loss:0.373 || e_Loss:-0.986 || Aad_Loss:-30.498 || 耗时：34.31s
轮次:··7/·20 || c_Loss:0.396 || e_Loss:-0.948 || Aad_Loss:-31.164 || 耗时：13.28s
轮次:··8/·20 || c_Loss:0.392 || e_Loss:-0.924 || Aad_Loss:-30.625 || 耗时：13.25s
轮次:··9/·20 || c_Loss:0.378 || e_Loss:-0.980 || Aad_Loss:-29.989 || 耗时：13.24s
轮次:·10/·20 || c_Loss:0.416 || e_Loss:-0.935 || Aad_Loss:-30.107 || 耗时：13.21s
任务: (B3)N15_M07_F04→(B2)N15_M07_F10; mix批次:····0; 批次:··940/·1880;  总正确率: 99.60%
类型1 正确率： 100.00% -> 1  100.00%, 2    0.00%, 3    0.00%
类型2 正确率： 100.00% -> 1    0.00%, 2  100.00%, 3    0.00%
类型3 正确率：  99.00% -> 1    0.00%, 2    1.20%, 3   98.80%


样本变换：reverse
样本变换：mask
样本变换：shift
样本变换：none
未过滤	未用伪标签：99.60% -> 使用伪标签：99.52%
已过滤	未用伪标签：99.67% -> 使用伪标签：99.75%
排除样本：14|6000	剩余：2000, 2013, 1973
增添样本：53		细则：13, 0, 40	正确率估算：100.00%
类型1 正确率： 100.00% -> 1  100.00%, 2    0.00%, 3    0.00%
类型2 正确率： 100.00% -> 1    0.00%, 2   99.95%, 3    0.05%
类型3 正确率：  99.00% -> 1    0.00%, 2    0.70%, 3   99.30%

被排除样本 正确率：71.43%
类型1 没有样本或未被分类。
类型2 正确率：  71.00% -> 1   28.57%, 2   71.43%


轮次:·11/·20 || c_Loss:0.387 || e_Loss:-1.751 || Aad_Loss:-30.429 || 耗时：34.31s
轮次:·12/·20 || c_Loss:0.380 || e_Loss:-0.981 || Aad_Loss:-30.731 || 耗时：13.29s
轮次:·13/·20 || c_Loss:0.375 || e_Loss:-0.980 || Aad_Loss:-30.691 || 耗时：13.30s
轮次:·14/·20 || c_Loss:0.379 || e_Loss:-0.985 || Aad_Loss:-30.681 || 耗时：13.33s
轮次:·15/·20 || c_Loss:0.373 || e_Loss:-1.642 || Aad_Loss:-30.583 || 耗时：13.34s
任务: (B3)N15_M07_F04→(B2)N15_M07_F10; mix批次:····0; 批次:·1410/·1880;  总正确率: 99.78%
类型1 正确率： 100.00% -> 1  100.00%, 2    0.00%, 3    0.00%
类型2 正确率： 100.00% -> 1    0.00%, 2   99.95%, 3    0.05%
类型3 正确率：  99.00% -> 1    0.00%, 2    0.60%, 3   99.40%


样本变换：reverse
样本变换：mask
样本变换：shift
样本变换：none
未过滤	未用伪标签：99.78% -> 使用伪标签：99.72%
已过滤	未用伪标签：99.83% -> 使用伪标签：99.85%
排除样本：8|6000	剩余：2000, 2007, 1985
增添样本：29		细则：7, 0, 22	正确率估算：100.00%
类型1 正确率： 100.00% -> 1  100.00%, 2    0.00%, 3    0.00%
类型2 正确率： 100.00% -> 1    0.00%, 2   99.95%, 3    0.05%
类型3 正确率： 100.00% -> 1    0.00%, 2    0.40%, 3   99.60%

被排除样本 正确率：62.50%
类型1 没有样本或未被分类。
类型2 正确率：  62.00% -> 1   37.50%, 2   62.50%


轮次:·16/·20 || c_Loss:0.377 || e_Loss:-0.982 || Aad_Loss:-30.030 || 耗时：34.24s
轮次:·17/·20 || c_Loss:0.382 || e_Loss:-0.987 || Aad_Loss:-30.536 || 耗时：13.24s
轮次:·18/·20 || c_Loss:0.382 || e_Loss:-0.989 || Aad_Loss:-31.278 || 耗时：13.23s
轮次:·19/·20 || c_Loss:0.386 || e_Loss:-1.001 || Aad_Loss:-30.586 || 耗时：13.24s
轮次:·20/·20 || c_Loss:0.382 || e_Loss:-1.626 || Aad_Loss:-30.696 || 耗时：13.26s
任务: (B3)N15_M07_F04→(B2)N15_M07_F10; mix批次:····0; 批次:·1880/·1880;  总正确率: 99.83%
类型1 正确率： 100.00% -> 1  100.00%, 2    0.00%, 3    0.00%
类型2 正确率： 100.00% -> 1    0.00%, 2   99.95%, 3    0.05%
类型3 正确率： 100.00% -> 1    0.00%, 2    0.45%, 3   99.55%


测试集任务: (B3)N15_M07_F04→(B2)N15_M07_F10; 总正确率 = 99.83%
类型1 正确率： 100.00% -> 1  100.00%, 2    0.00%, 3    0.00%
类型2 正确率： 100.00% -> 1    0.00%, 2   99.95%, 3    0.05%
类型3 正确率： 100.00% -> 1    0.00%, 2    0.45%, 3   99.55%


