读取源域路径：/kaggle/working/k10/S05/weight_PU_M1_final_checkpoint_FS05toS05_s2024/NEW_PU/Source-源域/log&pt/(B3)N15_M07_F04
excel输出位置：/kaggle/working/k10/S05/weight_PU_M1_final_checkpoint_FS05toS05_s2024/NEW_PU/Target-目标域
特征图片输出位置：/kaggle/working/k10/S05/weight_PU_M1_final_checkpoint_FS05toS05_s2024/NEW_PU/Picture-特征图/2026年09月17日00时17分/(B3)N15_M07_F04
现在选取:(B3)N15_M07_F04 进行训练的源模型
现在进行：(B3)N15_M07_F04→(B1)N15_M01_F10 的迁移任务
log&pt输出位置：/kaggle/working/k10/S05/weight_PU_M1_final_checkpoint_FS05toS05_s2024/NEW_PU/Target-目标域/log&pt/(B3)N15_M07_F04→(B1)N15_M01_F10
任务: (B3)N15_M07_F04→(B1)N15_M01_F10; 批次:····0/·1880;  总正确率: 91.20%
类型1 正确率：  99.00% -> 1   99.45%, 2    0.00%, 3    0.55%
类型2 正确率：  74.00% -> 1    0.00%, 2   74.30%, 3   25.70%
类型3 正确率： 100.00% -> 1    0.00%, 2    0.15%, 3   99.85%


样本变换：reverse
样本变换：mask
样本变换：shift
样本变换：none
未过滤	未用伪标签：91.20% -> 使用伪标签：93.82%
已过滤	未用伪标签：92.54% -> 使用伪标签：95.49%
排除样本：105|6000	剩余：1991, 1677, 2227
增添样本：786		细则：236, 550, 0	正确率估算：92.75%
类型1 正确率： 100.00% -> 1   99.70%, 2    0.00%, 3    0.30%
类型2 正确率：  87.00% -> 1    0.05%, 2   87.04%, 3   12.91%
类型3 正确率：  99.00% -> 1    0.00%, 2    0.60%, 3   99.40%

被排除样本 正确率：16.19%
类型1 正确率：  25.00% -> 1   25.00%, 2    0.00%, 3   75.00%
类型2 正确率：   2.00% -> 1    0.00%, 2    2.30%, 3   97.70%
类型3 正确率： 100.00% -> 1    0.00%, 2    0.00%, 3  100.00%


轮次:··1/·20 || c_Loss:0.538 || e_Loss:-1.817 || Aad_Loss:-24.736 || 耗时：34.71s
轮次:··2/·20 || c_Loss:0.412 || e_Loss:-1.721 || Aad_Loss:-27.551 || 耗时：13.38s
轮次:··3/·20 || c_Loss:0.433 || e_Loss:-0.833 || Aad_Loss:-26.163 || 耗时：13.22s
轮次:··4/·20 || c_Loss:0.388 || e_Loss:-1.725 || Aad_Loss:-27.784 || 耗时：13.21s
轮次:··5/·20 || c_Loss:0.366 || e_Loss:-0.874 || Aad_Loss:-30.710 || 耗时：13.22s
任务: (B3)N15_M07_F04→(B1)N15_M01_F10; mix批次:····0; 批次:··470/·1880;  总正确率: 93.37%
类型1 正确率： 100.00% -> 1  100.00%, 2    0.00%, 3    0.00%
类型2 正确率：  80.00% -> 1    0.10%, 2   80.35%, 3   19.55%
类型3 正确率： 100.00% -> 1    0.00%, 2    0.25%, 3   99.75%


样本变换：reverse
样本变换：mask
样本变换：shift
样本变换：none
未过滤	未用伪标签：93.37% -> 使用伪标签：93.05%
已过滤	未用伪标签：93.90% -> 使用伪标签：94.13%
排除样本：69|6000	剩余：2002, 1596, 2333
增添样本：1068		细则：331, 737, 0	正确率估算：99.44%
类型1 正确率： 100.00% -> 1  100.00%, 2    0.00%, 3    0.00%
类型2 正确率：  82.00% -> 1    0.10%, 2   82.26%, 3   17.63%
类型3 正确率： 100.00% -> 1    0.00%, 2    0.25%, 3   99.75%

被排除样本 正确率：47.83%
类型1 正确率：  48.00% -> 1   48.48%, 2   51.52%
类型2 正确率：  33.00% -> 1   66.67%, 2   33.33%


轮次:··6/·20 || c_Loss:0.387 || e_Loss:-1.841 || Aad_Loss:-28.112 || 耗时：34.84s
轮次:··7/·20 || c_Loss:0.381 || e_Loss:-0.905 || Aad_Loss:-30.464 || 耗时：13.32s
轮次:··8/·20 || c_Loss:0.369 || e_Loss:-1.961 || Aad_Loss:-28.503 || 耗时：13.33s
轮次:··9/·20 || c_Loss:0.394 || e_Loss:-1.733 || Aad_Loss:-30.178 || 耗时：13.27s
轮次:·10/·20 || c_Loss:0.386 || e_Loss:-1.888 || Aad_Loss:-29.055 || 耗时：13.28s
任务: (B3)N15_M07_F04→(B1)N15_M01_F10; mix批次:····0; 批次:··940/·1880;  总正确率: 93.60%
类型1 正确率： 100.00% -> 1  100.00%, 2    0.00%, 3    0.00%
类型2 正确率：  81.00% -> 1    0.15%, 2   81.15%, 3   18.70%
类型3 正确率： 100.00% -> 1    0.00%, 2    0.35%, 3   99.65%


样本变换：reverse
样本变换：mask
样本变换：shift
样本变换：none
未过滤	未用伪标签：93.60% -> 使用伪标签：92.93%
已过滤	未用伪标签：94.03% -> 使用伪标签：94.00%
排除样本：68|6000	剩余：2002, 1594, 2336
增添样本：1076		细则：334, 742, 0	正确率估算：99.07%
类型1 正确率： 100.00% -> 1  100.00%, 2    0.00%, 3    0.00%
类型2 正确率：  82.00% -> 1    0.10%, 2   81.97%, 3   17.92%
类型3 正确率： 100.00% -> 1    0.00%, 2    0.35%, 3   99.65%

被排除样本 正确率：55.88%
类型1 正确率：  55.00% -> 1   54.69%, 2   45.31%
类型2 正确率：  75.00% -> 1   25.00%, 2   75.00%


轮次:·11/·20 || c_Loss:0.371 || e_Loss:-0.936 || Aad_Loss:-30.042 || 耗时：34.94s
轮次:·12/·20 || c_Loss:0.438 || e_Loss:-0.884 || Aad_Loss:-26.706 || 耗时：13.28s
轮次:·13/·20 || c_Loss:0.385 || e_Loss:-0.930 || Aad_Loss:-29.591 || 耗时：13.30s
轮次:·14/·20 || c_Loss:0.380 || e_Loss:-0.923 || Aad_Loss:-29.453 || 耗时：13.31s
轮次:·15/·20 || c_Loss:0.401 || e_Loss:-1.842 || Aad_Loss:-28.762 || 耗时：13.31s
任务: (B3)N15_M07_F04→(B1)N15_M01_F10; mix批次:····0; 批次:·1410/·1880;  总正确率: 93.60%
类型1 正确率： 100.00% -> 1  100.00%, 2    0.00%, 3    0.00%
类型2 正确率：  81.00% -> 1    0.10%, 2   81.20%, 3   18.70%
类型3 正确率： 100.00% -> 1    0.00%, 2    0.40%, 3   99.60%


样本变换：reverse
样本变换：mask
样本变换：shift
样本变换：none
未过滤	未用伪标签：93.60% -> 使用伪标签：93.35%
已过滤	未用伪标签：94.44% -> 使用伪标签：94.58%
排除样本：78|6000	剩余：2002, 1625, 2295
增添样本：963		细则：293, 670, 0	正确率估算：99.17%
类型1 正确率： 100.00% -> 1  100.00%, 2    0.00%, 3    0.00%
类型2 正确率：  84.00% -> 1    0.10%, 2   83.78%, 3   16.11%
类型3 正确率： 100.00% -> 1    0.00%, 2    0.40%, 3   99.60%

被排除样本 正确率：29.49%
类型1 正确率：  23.00% -> 1   22.86%, 2   77.14%
类型2 正确率：  88.00% -> 1   12.50%, 2   87.50%


轮次:·16/·20 || c_Loss:0.397 || e_Loss:-0.898 || Aad_Loss:-29.040 || 耗时：34.79s
轮次:·17/·20 || c_Loss:0.400 || e_Loss:-1.351 || Aad_Loss:-32.689 || 耗时：13.34s
轮次:·18/·20 || c_Loss:0.392 || e_Loss:-0.871 || Aad_Loss:-30.250 || 耗时：13.36s
轮次:·19/·20 || c_Loss:0.382 || e_Loss:-0.871 || Aad_Loss:-31.148 || 耗时：13.34s
轮次:·20/·20 || c_Loss:0.375 || e_Loss:-0.919 || Aad_Loss:-29.648 || 耗时：13.34s
任务: (B3)N15_M07_F04→(B1)N15_M01_F10; mix批次:····0; 批次:·1880/·1880;  总正确率: 94.42%
类型1 正确率： 100.00% -> 1  100.00%, 2    0.00%, 3    0.00%
类型2 正确率：  84.00% -> 1    0.15%, 2   83.85%, 3   16.00%
类型3 正确率：  99.00% -> 1    0.00%, 2    0.60%, 3   99.40%


测试集任务: (B3)N15_M07_F04→(B1)N15_M01_F10; 总正确率 = 94.42%
类型1 正确率： 100.00% -> 1  100.00%, 2    0.00%, 3    0.00%
类型2 正确率：  84.00% -> 1    0.15%, 2   83.85%, 3   16.00%
类型3 正确率：  99.00% -> 1    0.00%, 2    0.60%, 3   99.40%


