读取源域路径：/kaggle/working/k10/S05/weight_PU_M1_final_checkpoint_FS05toS05_s2024/NEW_PU/Source-源域/log&pt/(B2)N15_M07_F10
excel输出位置：/kaggle/working/k10/S05/weight_PU_M1_final_checkpoint_FS05toS05_s2024/NEW_PU/Target-目标域
特征图片输出位置：/kaggle/working/k10/S05/weight_PU_M1_final_checkpoint_FS05toS05_s2024/NEW_PU/Picture-特征图/2026年09月17日00时05分/(B2)N15_M07_F10
现在选取:(B2)N15_M07_F10 进行训练的源模型
现在进行：(B2)N15_M07_F10→(B1)N15_M01_F10 的迁移任务
log&pt输出位置：/kaggle/working/k10/S05/weight_PU_M1_final_checkpoint_FS05toS05_s2024/NEW_PU/Target-目标域/log&pt/(B2)N15_M07_F10→(B1)N15_M01_F10
任务: (B2)N15_M07_F10→(B1)N15_M01_F10; 批次:····0/·1880;  总正确率: 96.17%
类型1 正确率： 100.00% -> 1  100.00%, 2    0.00%, 3    0.00%
类型2 正确率：  89.00% -> 1    0.50%, 2   88.90%, 3   10.60%
类型3 正确率： 100.00% -> 1    0.00%, 2    0.40%, 3   99.60%


样本变换：reverse
样本变换：mask
样本变换：shift
样本变换：none
未过滤	未用伪标签：96.17% -> 使用伪标签：96.62%
已过滤	未用伪标签：96.99% -> 使用伪标签：97.91%
排除样本：79|6000	剩余：2002, 1837, 2082
增添样本：325		细则：80, 245, 0	正确率估算：97.23%
类型1 正确率： 100.00% -> 1  100.00%, 2    0.00%, 3    0.00%
类型2 正确率：  94.00% -> 1    0.10%, 2   94.22%, 3    5.68%
类型3 正确率：  99.00% -> 1    0.00%, 2    0.60%, 3   99.40%

被排除样本 正确率：34.18%
类型1 没有样本或未被分类。
类型2 正确率：  19.00% -> 1    1.59%, 2   19.05%, 3   79.37%
类型3 正确率：  94.00% -> 1    0.00%, 2    6.25%, 3   93.75%


轮次:··1/·20 || c_Loss:0.577 || e_Loss:-1.622 || Aad_Loss:-25.146 || 耗时：34.56s
轮次:··2/·20 || c_Loss:0.424 || e_Loss:-1.838 || Aad_Loss:-27.980 || 耗时：13.43s
轮次:··3/·20 || c_Loss:0.406 || e_Loss:-1.713 || Aad_Loss:-25.285 || 耗时：13.34s
轮次:··4/·20 || c_Loss:0.359 || e_Loss:-0.917 || Aad_Loss:-29.696 || 耗时：13.32s
轮次:··5/·20 || c_Loss:0.381 || e_Loss:-0.867 || Aad_Loss:-30.112 || 耗时：13.31s
任务: (B2)N15_M07_F10→(B1)N15_M01_F10; mix批次:····0; 批次:··470/·1880;  总正确率: 97.53%
类型1 正确率： 100.00% -> 1  100.00%, 2    0.00%, 3    0.00%
类型2 正确率：  93.00% -> 1    0.05%, 2   93.30%, 3    6.65%
类型3 正确率：  99.00% -> 1    0.00%, 2    0.70%, 3   99.30%


样本变换：reverse
样本变换：mask
样本变换：shift
样本变换：none
未过滤	未用伪标签：97.53% -> 使用伪标签：97.35%
已过滤	未用伪标签：98.05% -> 使用伪标签：98.37%
排除样本：62|6000	剩余：2002, 1890, 2046
增添样本：200		细则：44, 156, 0	正确率估算：98.50%
类型1 正确率： 100.00% -> 1  100.00%, 2    0.00%, 3    0.00%
类型2 正确率：  96.00% -> 1    0.10%, 2   96.00%, 3    3.90%
类型3 正确率：  99.00% -> 1    0.00%, 2    0.96%, 3   99.04%

被排除样本 正确率：48.39%
类型1 正确率：  39.00% -> 1   39.22%, 2   60.78%
类型2 正确率：  91.00% -> 1    9.09%, 2   90.91%


轮次:··6/·20 || c_Loss:0.394 || e_Loss:-1.732 || Aad_Loss:-26.967 || 耗时：34.41s
轮次:··7/·20 || c_Loss:0.412 || e_Loss:-1.669 || Aad_Loss:-28.945 || 耗时：13.36s
轮次:··8/·20 || c_Loss:0.355 || e_Loss:-1.872 || Aad_Loss:-29.729 || 耗时：13.35s
轮次:··9/·20 || c_Loss:0.385 || e_Loss:-1.769 || Aad_Loss:-27.910 || 耗时：13.34s
轮次:·10/·20 || c_Loss:0.376 || e_Loss:-1.780 || Aad_Loss:-28.803 || 耗时：13.35s
任务: (B2)N15_M07_F10→(B1)N15_M01_F10; mix批次:····0; 批次:··940/·1880;  总正确率: 97.95%
类型1 正确率： 100.00% -> 1  100.00%, 2    0.00%, 3    0.00%
类型2 正确率：  95.00% -> 1    0.05%, 2   94.80%, 3    5.15%
类型3 正确率：  99.00% -> 1    0.00%, 2    0.95%, 3   99.05%


样本变换：reverse
样本变换：mask
样本变换：shift
样本变换：none
未过滤	未用伪标签：97.95% -> 使用伪标签：97.82%
已过滤	未用伪标签：98.49% -> 使用伪标签：98.62%
排除样本：49|6000	剩余：2001, 1917, 2033
增添样本：148		细则：32, 116, 0	正确率估算：99.32%
类型1 正确率： 100.00% -> 1  100.00%, 2    0.00%, 3    0.00%
类型2 正确率：  97.00% -> 1    0.05%, 2   96.84%, 3    3.11%
类型3 正确率：  99.00% -> 1    0.00%, 2    1.00%, 3   99.00%

被排除样本 正确率：32.65%
类型1 正确率：  20.00% -> 1   19.51%, 2   80.49%
类型2 正确率： 100.00% -> 1    0.00%, 2  100.00%


轮次:·11/·20 || c_Loss:0.374 || e_Loss:-1.889 || Aad_Loss:-29.200 || 耗时：34.62s
轮次:·12/·20 || c_Loss:0.380 || e_Loss:-1.772 || Aad_Loss:-28.351 || 耗时：13.23s
轮次:·13/·20 || c_Loss:0.357 || e_Loss:-1.845 || Aad_Loss:-30.741 || 耗时：13.23s
轮次:·14/·20 || c_Loss:0.376 || e_Loss:-0.924 || Aad_Loss:-30.435 || 耗时：13.23s
轮次:·15/·20 || c_Loss:0.379 || e_Loss:-0.934 || Aad_Loss:-29.970 || 耗时：13.21s
任务: (B2)N15_M07_F10→(B1)N15_M01_F10; mix批次:····0; 批次:·1410/·1880;  总正确率: 98.22%
类型1 正确率： 100.00% -> 1  100.00%, 2    0.00%, 3    0.00%
类型2 正确率：  96.00% -> 1    0.05%, 2   95.65%, 3    4.30%
类型3 正确率：  99.00% -> 1    0.00%, 2    1.00%, 3   99.00%


样本变换：reverse
样本变换：mask
样本变换：shift
样本变换：none
未过滤	未用伪标签：98.22% -> 使用伪标签：98.13%
已过滤	未用伪标签：98.77% -> 使用伪标签：98.92%
排除样本：48|6000	剩余：2001, 1940, 2011
增添样本：81		细则：10, 71, 0	正确率估算：100.00%
类型1 正确率： 100.00% -> 1  100.00%, 2    0.00%, 3    0.00%
类型2 正确率：  98.00% -> 1    0.05%, 2   97.76%, 3    2.19%
类型3 正确率：  99.00% -> 1    0.00%, 2    1.01%, 3   98.99%

被排除样本 正确率：29.17%
类型1 正确率：  11.00% -> 1   11.11%, 2   88.89%
类型2 正确率：  83.00% -> 1   16.67%, 2   83.33%


轮次:·16/·20 || c_Loss:0.371 || e_Loss:-0.921 || Aad_Loss:-29.709 || 耗时：34.28s
轮次:·17/·20 || c_Loss:0.379 || e_Loss:-0.876 || Aad_Loss:-29.912 || 耗时：13.38s
轮次:·18/·20 || c_Loss:0.438 || e_Loss:-0.810 || Aad_Loss:-29.900 || 耗时：13.37s
轮次:·19/·20 || c_Loss:0.376 || e_Loss:-1.859 || Aad_Loss:-29.936 || 耗时：13.44s
轮次:·20/·20 || c_Loss:0.367 || e_Loss:-1.446 || Aad_Loss:-31.209 || 耗时：13.40s
任务: (B2)N15_M07_F10→(B1)N15_M01_F10; mix批次:····0; 批次:·1880/·1880;  总正确率: 98.58%
类型1 正确率： 100.00% -> 1  100.00%, 2    0.00%, 3    0.00%
类型2 正确率：  97.00% -> 1    0.05%, 2   96.85%, 3    3.10%
类型3 正确率：  99.00% -> 1    0.00%, 2    1.10%, 3   98.90%


测试集任务: (B2)N15_M07_F10→(B1)N15_M01_F10; 总正确率 = 98.58%
类型1 正确率： 100.00% -> 1  100.00%, 2    0.00%, 3    0.00%
类型2 正确率：  97.00% -> 1    0.05%, 2   96.85%, 3    3.10%
类型3 正确率：  99.00% -> 1    0.00%, 2    1.10%, 3   98.90%


