读取源域路径：/kaggle/working/k10/S05/weight_PU_M1_final_checkpoint_FS05toS05_s2024/NEW_PU/Source-源域/log&pt/(B1)N15_M01_F10
excel输出位置：/kaggle/working/k10/S05/weight_PU_M1_final_checkpoint_FS05toS05_s2024/NEW_PU/Target-目标域
特征图片输出位置：/kaggle/working/k10/S05/weight_PU_M1_final_checkpoint_FS05toS05_s2024/NEW_PU/Picture-特征图/2026年09月16日23时53分/(B1)N15_M01_F10
现在选取:(B1)N15_M01_F10 进行训练的源模型
现在进行：(B1)N15_M01_F10→(B2)N15_M07_F10 的迁移任务
log&pt输出位置：/kaggle/working/k10/S05/weight_PU_M1_final_checkpoint_FS05toS05_s2024/NEW_PU/Target-目标域/log&pt/(B1)N15_M01_F10→(B2)N15_M07_F10
任务: (B1)N15_M01_F10→(B2)N15_M07_F10; 批次:····0/·1880;  总正确率: 99.22%
类型1 正确率： 100.00% -> 1   99.95%, 2    0.00%, 3    0.05%
类型2 正确率： 100.00% -> 1    0.00%, 2   99.80%, 3    0.20%
类型3 正确率：  98.00% -> 1    0.00%, 2    2.10%, 3   97.90%


样本变换：reverse
样本变换：mask
样本变换：shift
样本变换：none
未过滤	未用伪标签：99.22% -> 使用伪标签：99.18%
已过滤	未用伪标签：99.46% -> 使用伪标签：99.65%
排除样本：28|6000	剩余：2000, 2012, 1960
增添样本：64		细则：12, 0, 52	正确率估算：100.00%
类型1 正确率： 100.00% -> 1  100.00%, 2    0.00%, 3    0.00%
类型2 正确率： 100.00% -> 1    0.00%, 2   99.85%, 3    0.15%
类型3 正确率：  99.00% -> 1    0.00%, 2    0.91%, 3   99.09%

被排除样本 正确率：46.43%
类型1 正确率：  67.00% -> 1   66.67%, 2   33.33%
类型2 正确率：  44.00% -> 1   56.00%, 2   44.00%


轮次:··1/·20 || c_Loss:0.587 || e_Loss:-1.055 || Aad_Loss:-27.243 || 耗时：34.63s
轮次:··2/·20 || c_Loss:0.418 || e_Loss:-0.995 || Aad_Loss:-28.803 || 耗时：13.43s
轮次:··3/·20 || c_Loss:0.410 || e_Loss:-0.846 || Aad_Loss:-30.666 || 耗时：13.30s
轮次:··4/·20 || c_Loss:0.384 || e_Loss:-0.982 || Aad_Loss:-30.077 || 耗时：13.30s
轮次:··5/·20 || c_Loss:0.378 || e_Loss:-0.966 || Aad_Loss:-29.969 || 耗时：13.30s
任务: (B1)N15_M01_F10→(B2)N15_M07_F10; mix批次:····0; 批次:··470/·1880;  总正确率: 99.53%
类型1 正确率： 100.00% -> 1  100.00%, 2    0.00%, 3    0.00%
类型2 正确率： 100.00% -> 1    0.00%, 2   99.95%, 3    0.05%
类型3 正确率：  99.00% -> 1    0.00%, 2    1.35%, 3   98.65%


样本变换：reverse
样本变换：mask
样本变换：shift
样本变换：none
未过滤	未用伪标签：99.53% -> 使用伪标签：99.70%
已过滤	未用伪标签：99.62% -> 使用伪标签：99.87%
排除样本：10|6000	剩余：2000, 2004, 1986
增添样本：22		细则：4, 0, 18	正确率估算：100.00%
类型1 正确率： 100.00% -> 1  100.00%, 2    0.00%, 3    0.00%
类型2 正确率： 100.00% -> 1    0.00%, 2   99.95%, 3    0.05%
类型3 正确率： 100.00% -> 1    0.00%, 2    0.35%, 3   99.65%

被排除样本 正确率：50.00%
类型1 正确率： 100.00% -> 1  100.00%, 2    0.00%
类型2 正确率：  38.00% -> 1   62.50%, 2   37.50%


轮次:··6/·20 || c_Loss:0.390 || e_Loss:-0.939 || Aad_Loss:-30.198 || 耗时：34.34s
轮次:··7/·20 || c_Loss:0.384 || e_Loss:-1.001 || Aad_Loss:-30.414 || 耗时：13.28s
轮次:··8/·20 || c_Loss:0.385 || e_Loss:-0.948 || Aad_Loss:-30.843 || 耗时：13.22s
轮次:··9/·20 || c_Loss:0.379 || e_Loss:-0.990 || Aad_Loss:-30.802 || 耗时：13.22s
轮次:·10/·20 || c_Loss:0.388 || e_Loss:-0.976 || Aad_Loss:-30.683 || 耗时：13.23s
任务: (B1)N15_M01_F10→(B2)N15_M07_F10; mix批次:····0; 批次:··940/·1880;  总正确率: 99.80%
类型1 正确率： 100.00% -> 1  100.00%, 2    0.00%, 3    0.00%
类型2 正确率： 100.00% -> 1    0.00%, 2   99.85%, 3    0.15%
类型3 正确率： 100.00% -> 1    0.00%, 2    0.45%, 3   99.55%


样本变换：reverse
样本变换：mask
样本变换：shift
样本变换：none
未过滤	未用伪标签：99.80% -> 使用伪标签：99.78%
已过滤	未用伪标签：99.92% -> 使用伪标签：99.93%
排除样本：9|6000	剩余：2000, 1999, 1992
增添样本：9		细则：0, 1, 8	正确率估算：100.00%
类型1 正确率： 100.00% -> 1  100.00%, 2    0.00%, 3    0.00%
类型2 正确率： 100.00% -> 1    0.00%, 2   99.95%, 3    0.05%
类型3 正确率： 100.00% -> 1    0.00%, 2    0.15%, 3   99.85%

被排除样本 正确率：22.22%
类型1 正确率：  33.00% -> 1   33.33%, 2   66.67%
类型2 正确率：  17.00% -> 1   83.33%, 2   16.67%


轮次:·11/·20 || c_Loss:0.381 || e_Loss:-1.009 || Aad_Loss:-27.455 || 耗时：34.24s
轮次:·12/·20 || c_Loss:0.383 || e_Loss:-0.954 || Aad_Loss:-26.822 || 耗时：13.34s
轮次:·13/·20 || c_Loss:0.379 || e_Loss:-1.008 || Aad_Loss:-27.211 || 耗时：13.36s
轮次:·14/·20 || c_Loss:0.379 || e_Loss:-0.974 || Aad_Loss:-27.558 || 耗时：13.35s
轮次:·15/·20 || c_Loss:0.378 || e_Loss:-0.981 || Aad_Loss:-28.203 || 耗时：13.35s
任务: (B1)N15_M01_F10→(B2)N15_M07_F10; mix批次:····0; 批次:·1410/·1880;  总正确率: 99.82%
类型1 正确率： 100.00% -> 1  100.00%, 2    0.00%, 3    0.00%
类型2 正确率： 100.00% -> 1    0.00%, 2   99.85%, 3    0.15%
类型3 正确率： 100.00% -> 1    0.00%, 2    0.40%, 3   99.60%


样本变换：reverse
样本变换：mask
样本变换：shift
样本变换：none
未过滤	未用伪标签：99.82% -> 使用伪标签：99.78%
已过滤	未用伪标签：99.92% -> 使用伪标签：99.93%
排除样本：9|6000	剩余：2000, 2001, 1990
增添样本：12		细则：1, 0, 11	正确率估算：100.00%
类型1 正确率： 100.00% -> 1  100.00%, 2    0.00%, 3    0.00%
类型2 正确率： 100.00% -> 1    0.00%, 2   99.95%, 3    0.05%
类型3 正确率： 100.00% -> 1    0.00%, 2    0.15%, 3   99.85%

被排除样本 正确率：33.33%
类型1 正确率：   0.00% -> 1    0.00%, 2  100.00%
类型2 正确率：  38.00% -> 1   62.50%, 2   37.50%


轮次:·16/·20 || c_Loss:0.380 || e_Loss:-1.021 || Aad_Loss:-28.907 || 耗时：34.40s
轮次:·17/·20 || c_Loss:0.382 || e_Loss:-1.007 || Aad_Loss:-28.953 || 耗时：13.36s
轮次:·18/·20 || c_Loss:0.378 || e_Loss:-0.970 || Aad_Loss:-29.295 || 耗时：13.33s
轮次:·19/·20 || c_Loss:0.380 || e_Loss:-0.993 || Aad_Loss:-29.542 || 耗时：13.34s
轮次:·20/·20 || c_Loss:0.378 || e_Loss:-0.953 || Aad_Loss:-30.589 || 耗时：13.34s
任务: (B1)N15_M01_F10→(B2)N15_M07_F10; mix批次:····0; 批次:·1880/·1880;  总正确率: 99.85%
类型1 正确率： 100.00% -> 1  100.00%, 2    0.00%, 3    0.00%
类型2 正确率： 100.00% -> 1    0.00%, 2   99.95%, 3    0.05%
类型3 正确率： 100.00% -> 1    0.00%, 2    0.40%, 3   99.60%


测试集任务: (B1)N15_M01_F10→(B2)N15_M07_F10; 总正确率 = 99.85%
类型1 正确率： 100.00% -> 1  100.00%, 2    0.00%, 3    0.00%
类型2 正确率： 100.00% -> 1    0.00%, 2   99.95%, 3    0.05%
类型3 正确率： 100.00% -> 1    0.00%, 2    0.40%, 3   99.60%


