读取源域路径：/kaggle/working/m2/weight_PU_M1_final_checkpoint_FBtoA_gatev2_s2024/NEW_PU/Source-源域/log&pt/(B1)N15_M01_F10
excel输出位置：/kaggle/working/m2/weight_PU_M1_final_checkpoint_FBtoA_gatev2_s2024/NEW_PU/Target-目标域
特征图片输出位置：/kaggle/working/m2/weight_PU_M1_final_checkpoint_FBtoA_gatev2_s2024/NEW_PU/Picture-特征图/2026年09月14日03时11分/(B1)N15_M01_F10
现在选取:(B1)N15_M01_F10 进行训练的源模型
现在进行：(B1)N15_M01_F10→(B2)N15_M07_F10 的迁移任务
log&pt输出位置：/kaggle/working/m2/weight_PU_M1_final_checkpoint_FBtoA_gatev2_s2024/NEW_PU/Target-目标域/log&pt/(B1)N15_M01_F10→(B2)N15_M07_F10
任务: (B1)N15_M01_F10→(B2)N15_M07_F10; 批次:····0/·1880;  总正确率: 55.95%
类型1 正确率： 100.00% -> 1   99.80%, 2    0.00%, 3    0.20%
类型2 正确率：  35.00% -> 1   22.45%, 2   35.05%, 3   42.50%
类型3 正确率：  33.00% -> 1    0.00%, 2   67.00%, 3   33.00%


样本变换：reverse
样本变换：mask
样本变换：shift
样本变换：none
未过滤	未用伪标签：55.95% -> 使用伪标签：55.25%
已过滤	未用伪标签：56.46% -> 使用伪标签：55.80%
排除样本：59|6000	剩余：2367, 1997, 1577
增添样本：1920		细则：0, 1121, 799	正确率估算：96.09%
类型1 正确率： 100.00% -> 1  100.00%, 2    0.00%, 3    0.00%
类型2 正确率：  34.00% -> 1   18.99%, 2   33.81%, 3   47.20%
类型3 正确率：  33.00% -> 1    0.00%, 2   67.00%, 3   33.00%

被排除样本 正确率：5.08%
类型1 正确率：  50.00% -> 1   50.00%, 2    0.00%, 3   50.00%
类型2 正确率：   4.00% -> 1   35.09%, 2    3.51%, 3   61.40%
类型3 没有样本或未被分类。


轮次:··1/·20 || c_Loss:0.565 || e_Loss:-1.333 || Aad_Loss:-24.564 || 耗时：33.81s
轮次:··2/·20 || c_Loss:0.390 || e_Loss:-1.648 || Aad_Loss:-24.388 || 耗时：12.59s
轮次:··3/·20 || c_Loss:0.397 || e_Loss:-1.644 || Aad_Loss:-24.685 || 耗时：12.42s
轮次:··4/·20 || c_Loss:0.390 || e_Loss:-1.527 || Aad_Loss:-26.869 || 耗时：12.31s
轮次:··5/·20 || c_Loss:0.435 || e_Loss:-1.634 || Aad_Loss:-26.347 || 耗时：12.32s
任务: (B1)N15_M01_F10→(B2)N15_M07_F10; mix批次:····0; 批次:··470/·1880;  总正确率: 58.58%
类型1 正确率： 100.00% -> 1  100.00%, 2    0.00%, 3    0.00%
类型2 正确率：  33.00% -> 1   21.10%, 2   32.80%, 3   46.10%
类型3 正确率：  43.00% -> 1    2.35%, 2   54.70%, 3   42.95%


样本变换：reverse
样本变换：mask
样本变换：shift
样本变换：none
未过滤	未用伪标签：58.58% -> 使用伪标签：55.33%
已过滤	未用伪标签：58.83% -> 使用伪标签：55.56%
排除样本：25|6000	剩余：2581, 2000, 1394
增添样本：2486		细则：0, 1318, 1168	正确率估算：99.63%
类型1 正确率： 100.00% -> 1  100.00%, 2    0.00%, 3    0.00%
类型2 正确率：  33.00% -> 1   29.42%, 2   33.42%, 3   37.16%
类型3 正确率：  33.00% -> 1    0.00%, 2   67.00%, 3   33.00%

被排除样本 正确率：0.00%
类型1 正确率：   0.00% -> 1    0.00%, 2  100.00%
类型2 没有样本或未被分类。


轮次:··6/·20 || c_Loss:0.365 || e_Loss:-1.621 || Aad_Loss:-25.807 || 耗时：33.19s
轮次:··7/·20 || c_Loss:0.401 || e_Loss:-1.374 || Aad_Loss:-28.675 || 耗时：12.40s
轮次:··8/·20 || c_Loss:0.373 || e_Loss:-1.825 || Aad_Loss:-26.691 || 耗时：12.38s
轮次:··9/·20 || c_Loss:0.429 || e_Loss:-1.622 || Aad_Loss:-26.746 || 耗时：12.41s
轮次:·10/·20 || c_Loss:0.382 || e_Loss:-1.831 || Aad_Loss:-25.447 || 耗时：12.32s
任务: (B1)N15_M01_F10→(B2)N15_M07_F10; mix批次:····0; 批次:··940/·1880;  总正确率: 58.13%
类型1 正确率： 100.00% -> 1  100.00%, 2    0.00%, 3    0.00%
类型2 正确率：  33.00% -> 1   34.00%, 2   33.00%, 3   33.00%
类型3 正确率：  41.00% -> 1    9.50%, 2   49.10%, 3   41.40%


样本变换：reverse
样本变换：mask
样本变换：shift
样本变换：none
未过滤	未用伪标签：58.13% -> 使用伪标签：55.33%
已过滤	未用伪标签：58.13% -> 使用伪标签：55.33%
排除样本：2680|6000	剩余：2000, 1320
增添样本：2734		细则：0, 1408, 1326	正确率估算：99.92%
类型1 正确率： 100.00% -> 1  100.00%, 2    0.00%, 3    0.00%
类型2 正确率：  33.00% -> 1   34.00%, 2   33.00%, 3   33.00%
类型3 正确率：  33.00% -> 1    0.00%, 2   67.00%, 3   33.00%

被排除样本 正确率：nan%


轮次:·11/·20 || c_Loss:0.368 || e_Loss:-1.818 || Aad_Loss:-26.746 || 耗时：33.28s
轮次:·12/·20 || c_Loss:0.362 || e_Loss:-1.816 || Aad_Loss:-30.376 || 耗时：12.37s
轮次:·13/·20 || c_Loss:0.376 || e_Loss:-1.653 || Aad_Loss:-27.226 || 耗时：12.42s
轮次:·14/·20 || c_Loss:0.353 || e_Loss:-1.738 || Aad_Loss:-28.911 || 耗时：12.45s
轮次:·15/·20 || c_Loss:0.344 || e_Loss:-1.922 || Aad_Loss:-29.038 || 耗时：12.40s
任务: (B1)N15_M01_F10→(B2)N15_M07_F10; mix批次:····0; 批次:·1410/·1880;  总正确率: 58.35%
类型1 正确率： 100.00% -> 1  100.00%, 2    0.00%, 3    0.00%
类型2 正确率：  33.00% -> 1   34.00%, 2   33.00%, 3   33.00%
类型3 正确率：  42.00% -> 1    3.50%, 2   54.45%, 3   42.05%


样本变换：reverse
样本变换：mask
样本变换：shift
样本变换：none
未过滤	未用伪标签：58.35% -> 使用伪标签：55.33%
已过滤	未用伪标签：58.35% -> 使用伪标签：55.33%
排除样本：2680|6000	剩余：2000, 1320
增添样本：2734		细则：0, 1408, 1326	正确率估算：99.96%
类型1 正确率： 100.00% -> 1  100.00%, 2    0.00%, 3    0.00%
类型2 正确率：  33.00% -> 1   34.00%, 2   33.00%, 3   33.00%
类型3 正确率：  33.00% -> 1    0.00%, 2   67.00%, 3   33.00%

被排除样本 正确率：nan%


轮次:·16/·20 || c_Loss:0.366 || e_Loss:-1.832 || Aad_Loss:-27.004 || 耗时：33.30s
轮次:·17/·20 || c_Loss:0.355 || e_Loss:-1.849 || Aad_Loss:-30.655 || 耗时：12.39s
轮次:·18/·20 || c_Loss:0.372 || e_Loss:-1.649 || Aad_Loss:-27.416 || 耗时：12.40s
轮次:·19/·20 || c_Loss:0.348 || e_Loss:-1.750 || Aad_Loss:-29.250 || 耗时：12.45s
轮次:·20/·20 || c_Loss:0.341 || e_Loss:-1.936 || Aad_Loss:-29.229 || 耗时：12.40s
任务: (B1)N15_M01_F10→(B2)N15_M07_F10; mix批次:····0; 批次:·1880/·1880;  总正确率: 58.53%
类型1 正确率： 100.00% -> 1  100.00%, 2    0.00%, 3    0.00%
类型2 正确率：  33.00% -> 1   34.00%, 2   33.00%, 3   33.00%
类型3 正确率：  43.00% -> 1    3.50%, 2   53.90%, 3   42.60%


测试集任务: (B1)N15_M01_F10→(B2)N15_M07_F10; 总正确率 = 58.53%
类型1 正确率： 100.00% -> 1  100.00%, 2    0.00%, 3    0.00%
类型2 正确率：  33.00% -> 1   34.00%, 2   33.00%, 3   33.00%
类型3 正确率：  43.00% -> 1    3.50%, 2   53.90%, 3   42.60%


