读取源域路径：/kaggle/working/m2/weight_PU_M1_final_checkpoint_FBtoA_gatev2_s2024/NEW_PU/Source-源域/log&pt/(B3)N15_M07_F04
excel输出位置：/kaggle/working/m2/weight_PU_M1_final_checkpoint_FBtoA_gatev2_s2024/NEW_PU/Target-目标域
特征图片输出位置：/kaggle/working/m2/weight_PU_M1_final_checkpoint_FBtoA_gatev2_s2024/NEW_PU/Picture-特征图/2026年09月14日03时34分/(B3)N15_M07_F04
现在选取:(B3)N15_M07_F04 进行训练的源模型
现在进行：(B3)N15_M07_F04→(B1)N15_M01_F10 的迁移任务
log&pt输出位置：/kaggle/working/m2/weight_PU_M1_final_checkpoint_FBtoA_gatev2_s2024/NEW_PU/Target-目标域/log&pt/(B3)N15_M07_F04→(B1)N15_M01_F10
任务: (B3)N15_M07_F04→(B1)N15_M01_F10; 批次:····0/·1880;  总正确率: 52.28%
类型1 正确率：  91.00% -> 1   91.20%, 2    0.00%, 3    8.80%
类型2 正确率：  33.00% -> 1   16.55%, 2   32.65%, 3   50.80%
类型3 正确率：  33.00% -> 1    0.00%, 2   67.00%, 3   33.00%


样本变换：reverse
样本变换：mask
样本变换：shift
样本变换：none
未过滤	未用伪标签：52.28% -> 使用伪标签：50.58%
已过滤	未用伪标签：52.54% -> 使用伪标签：51.66%
排除样本：125|6000	剩余：2105, 1995, 1775
增添样本：1717		细则：0, 1383, 334	正确率估算：98.67%
类型1 正确率：  89.00% -> 1   89.26%, 2    0.00%, 3   10.74%
类型2 正确率：  34.00% -> 1   19.76%, 2   33.62%, 3   46.61%
类型3 正确率：  33.00% -> 1    0.00%, 2   67.00%, 3   33.00%

被排除样本 正确率：40.00%
类型1 正确率：  68.00% -> 1   68.49%, 2    0.00%, 3   31.51%
类型2 正确率：   0.00% -> 1   15.38%, 2    0.00%, 3   84.62%
类型3 没有样本或未被分类。


轮次:··1/·20 || c_Loss:0.659 || e_Loss:-0.935 || Aad_Loss:-20.380 || 耗时：32.61s
轮次:··2/·20 || c_Loss:0.447 || e_Loss:-1.116 || Aad_Loss:-18.432 || 耗时：12.40s
轮次:··3/·20 || c_Loss:0.444 || e_Loss:-1.638 || Aad_Loss:-20.913 || 耗时：12.34s
轮次:··4/·20 || c_Loss:0.455 || e_Loss:-1.574 || Aad_Loss:-21.951 || 耗时：12.28s
轮次:··5/·20 || c_Loss:0.606 || e_Loss:-1.553 || Aad_Loss:-19.577 || 耗时：12.28s
任务: (B3)N15_M07_F04→(B1)N15_M01_F10; mix批次:····0; 批次:··470/·1880;  总正确率: 59.93%
类型1 正确率：  98.00% -> 1   98.15%, 2    0.00%, 3    1.85%
类型2 正确率：  33.00% -> 1   20.80%, 2   32.75%, 3   46.45%
类型3 正确率：  49.00% -> 1    2.90%, 2   48.20%, 3   48.90%


样本变换：reverse
样本变换：mask
样本变换：shift
样本变换：none
未过滤	未用伪标签：59.93% -> 使用伪标签：55.30%
已过滤	未用伪标签：60.07% -> 使用伪标签：55.43%
排除样本：14|6000	剩余：2609, 2000, 1377
增添样本：3114		细则：0, 1882, 1232	正确率估算：98.72%
类型1 正确率： 100.00% -> 1   99.95%, 2    0.00%, 3    0.05%
类型2 正确率：  33.00% -> 1   30.75%, 2   33.22%, 3   36.03%
类型3 正确率：  33.00% -> 1    0.00%, 2   67.00%, 3   33.00%

被排除样本 正确率：0.00%
类型1 正确率：   0.00% -> 1    0.00%, 2    0.00%, 3  100.00%
类型2 正确率：   0.00% -> 1    0.00%, 2    0.00%, 3  100.00%
类型3 没有样本或未被分类。


轮次:··6/·20 || c_Loss:0.469 || e_Loss:-1.844 || Aad_Loss:-22.649 || 耗时：32.94s
轮次:··7/·20 || c_Loss:0.408 || e_Loss:-1.716 || Aad_Loss:-26.534 || 耗时：12.37s
轮次:··8/·20 || c_Loss:0.424 || e_Loss:-1.816 || Aad_Loss:-28.790 || 耗时：12.38s
轮次:··9/·20 || c_Loss:0.369 || e_Loss:-1.712 || Aad_Loss:-26.252 || 耗时：12.36s
轮次:·10/·20 || c_Loss:0.361 || e_Loss:-1.740 || Aad_Loss:-26.255 || 耗时：12.44s
任务: (B3)N15_M07_F04→(B1)N15_M01_F10; mix批次:····0; 批次:··940/·1880;  总正确率: 59.88%
类型1 正确率： 100.00% -> 1  100.00%, 2    0.00%, 3    0.00%
类型2 正确率：  33.00% -> 1   34.00%, 2   32.95%, 3   33.05%
类型3 正确率：  47.00% -> 1   10.95%, 2   42.35%, 3   46.70%


样本变换：reverse
样本变换：mask
样本变换：shift
样本变换：none
未过滤	未用伪标签：59.88% -> 使用伪标签：55.33%
已过滤	未用伪标签：59.88% -> 使用伪标签：55.33%
排除样本：2680|6000	剩余：2000, 1320
增添样本：3313		细则：0, 1953, 1360	正确率估算：98.78%
类型1 正确率： 100.00% -> 1  100.00%, 2    0.00%, 3    0.00%
类型2 正确率：  33.00% -> 1   34.00%, 2   33.00%, 3   33.00%
类型3 正确率：  33.00% -> 1    0.00%, 2   67.00%, 3   33.00%

被排除样本 正确率：nan%


轮次:·11/·20 || c_Loss:0.373 || e_Loss:-1.774 || Aad_Loss:-26.151 || 耗时：32.95s
轮次:·12/·20 || c_Loss:0.375 || e_Loss:-1.792 || Aad_Loss:-24.666 || 耗时：12.38s
轮次:·13/·20 || c_Loss:0.398 || e_Loss:-1.839 || Aad_Loss:-24.907 || 耗时：12.36s
轮次:·14/·20 || c_Loss:0.349 || e_Loss:-1.828 || Aad_Loss:-28.299 || 耗时：12.38s
轮次:·15/·20 || c_Loss:0.351 || e_Loss:-1.923 || Aad_Loss:-28.545 || 耗时：12.36s
任务: (B3)N15_M07_F04→(B1)N15_M01_F10; mix批次:····0; 批次:·1410/·1880;  总正确率: 62.23%
类型1 正确率： 100.00% -> 1  100.00%, 2    0.00%, 3    0.00%
类型2 正确率：  33.00% -> 1   34.00%, 2   32.95%, 3   33.05%
类型3 正确率：  54.00% -> 1   10.95%, 2   35.30%, 3   53.75%


样本变换：reverse
样本变换：mask
样本变换：shift
样本变换：none
未过滤	未用伪标签：62.23% -> 使用伪标签：55.33%
已过滤	未用伪标签：62.23% -> 使用伪标签：55.33%
排除样本：2680|6000	剩余：2000, 1320
增添样本：3313		细则：0, 1953, 1360	正确率估算：98.49%
类型1 正确率： 100.00% -> 1  100.00%, 2    0.00%, 3    0.00%
类型2 正确率：  33.00% -> 1   34.00%, 2   33.00%, 3   33.00%
类型3 正确率：  33.00% -> 1    0.00%, 2   67.00%, 3   33.00%

被排除样本 正确率：nan%


轮次:·16/·20 || c_Loss:0.365 || e_Loss:-1.799 || Aad_Loss:-26.490 || 耗时：33.00s
轮次:·17/·20 || c_Loss:0.370 || e_Loss:-1.802 || Aad_Loss:-25.087 || 耗时：12.41s
轮次:·18/·20 || c_Loss:0.394 || e_Loss:-1.850 || Aad_Loss:-25.045 || 耗时：12.40s
轮次:·19/·20 || c_Loss:0.347 || e_Loss:-1.836 || Aad_Loss:-28.617 || 耗时：12.45s
轮次:·20/·20 || c_Loss:0.349 || e_Loss:-1.930 || Aad_Loss:-28.783 || 耗时：12.39s
任务: (B3)N15_M07_F04→(B1)N15_M01_F10; mix批次:····0; 批次:·1880/·1880;  总正确率: 62.15%
类型1 正确率： 100.00% -> 1  100.00%, 2    0.00%, 3    0.00%
类型2 正确率：  33.00% -> 1   34.00%, 2   33.00%, 3   33.00%
类型3 正确率：  53.00% -> 1   10.30%, 2   36.25%, 3   53.45%


测试集任务: (B3)N15_M07_F04→(B1)N15_M01_F10; 总正确率 = 62.15%
类型1 正确率： 100.00% -> 1  100.00%, 2    0.00%, 3    0.00%
类型2 正确率：  33.00% -> 1   34.00%, 2   33.00%, 3   33.00%
类型3 正确率：  53.00% -> 1   10.30%, 2   36.25%, 3   53.45%


