读取源域路径：/kaggle/working/k10/S04/weight_PU_M1_final_checkpoint_FS04toS04c_s2024/NEW_PU/Source-源域/log&pt/(B2)N15_M07_F10
excel输出位置：/kaggle/working/k10/S04/weight_PU_M1_final_checkpoint_FS04toS04c_s2024/NEW_PU/Target-目标域
特征图片输出位置：/kaggle/working/k10/S04/weight_PU_M1_final_checkpoint_FS04toS04c_s2024/NEW_PU/Picture-特征图/2026年09月16日22时15分/(B2)N15_M07_F10
现在选取:(B2)N15_M07_F10 进行训练的源模型
现在进行：(B2)N15_M07_F10→(B3)N15_M07_F04 的迁移任务
log&pt输出位置：/kaggle/working/k10/S04/weight_PU_M1_final_checkpoint_FS04toS04c_s2024/NEW_PU/Target-目标域/log&pt/(B2)N15_M07_F10→(B3)N15_M07_F04
任务: (B2)N15_M07_F10→(B3)N15_M07_F04; 批次:····0/·1880;  总正确率: 81.50%
类型1 正确率：  99.00% -> 1   98.65%, 2    1.35%, 3    0.00%
类型2 正确率：  53.00% -> 1    0.00%, 2   52.75%, 3   47.25%
类型3 正确率：  93.00% -> 1    0.00%, 2    6.90%, 3   93.10%


样本变换：reverse
样本变换：mask
样本变换：shift
样本变换：none
未过滤	未用伪标签：81.50% -> 使用伪标签：77.15%
已过滤	未用伪标签：81.79% -> 使用伪标签：80.07%
排除样本：219|6000	剩余：2000, 1686, 2095
增添样本：504		细则：95, 409, 0	正确率估算：77.58%
类型1 正确率： 100.00% -> 1  100.00%, 2    0.00%, 3    0.00%
类型2 正确率：  64.00% -> 1    0.00%, 2   63.78%, 3   36.22%
类型3 正确率：  76.00% -> 1    0.00%, 2   24.42%, 3   75.58%

被排除样本 正确率：73.97%
类型1 正确率：  11.00% -> 1   11.29%, 2   88.71%
类型2 正确率：  99.00% -> 1    1.27%, 2   98.73%


轮次:··1/·20 || c_Loss:0.606 || e_Loss:-1.385 || Aad_Loss:-24.346 || 耗时：34.59s
轮次:··2/·20 || c_Loss:0.415 || e_Loss:-1.266 || Aad_Loss:-27.214 || 耗时：13.42s
轮次:··3/·20 || c_Loss:0.382 || e_Loss:-1.408 || Aad_Loss:-25.488 || 耗时：13.31s
轮次:··4/·20 || c_Loss:0.403 || e_Loss:-1.011 || Aad_Loss:-27.216 || 耗时：13.30s
轮次:··5/·20 || c_Loss:0.393 || e_Loss:-1.650 || Aad_Loss:-25.020 || 耗时：13.30s
任务: (B2)N15_M07_F10→(B3)N15_M07_F04; mix批次:····0; 批次:··470/·1880;  总正确率: 79.58%
类型1 正确率： 100.00% -> 1  100.00%, 2    0.00%, 3    0.00%
类型2 正确率：  65.00% -> 1    0.00%, 2   65.10%, 3   34.90%
类型3 正确率：  74.00% -> 1    0.00%, 2   26.35%, 3   73.65%


样本变换：reverse
样本变换：mask
样本变换：shift
样本变换：none
未过滤	未用伪标签：79.58% -> 使用伪标签：73.88%
已过滤	未用伪标签：79.33% -> 使用伪标签：75.12%
排除样本：99|6000	剩余：2000, 2143, 1758
增添样本：528		细则：143, 0, 385	正确率估算：100.00%
类型1 正确率： 100.00% -> 1  100.00%, 2    0.00%, 3    0.00%
类型2 正确率：  67.00% -> 1    0.00%, 2   66.92%, 3   33.08%
类型3 正确率：  58.00% -> 1    0.00%, 2   42.39%, 3   57.61%

被排除样本 正确率：94.95%
类型1 正确率：   0.00% -> 1    0.00%, 2  100.00%
类型2 正确率： 100.00% -> 1    0.00%, 2  100.00%


轮次:··6/·20 || c_Loss:0.384 || e_Loss:-1.705 || Aad_Loss:-27.494 || 耗时：34.57s
轮次:··7/·20 || c_Loss:0.362 || e_Loss:-1.457 || Aad_Loss:-28.605 || 耗时：13.34s
轮次:··8/·20 || c_Loss:0.365 || e_Loss:-0.907 || Aad_Loss:-29.369 || 耗时：13.33s
轮次:··9/·20 || c_Loss:0.381 || e_Loss:-1.742 || Aad_Loss:-28.980 || 耗时：13.35s
轮次:·10/·20 || c_Loss:0.427 || e_Loss:-1.721 || Aad_Loss:-27.825 || 耗时：13.35s
任务: (B2)N15_M07_F10→(B3)N15_M07_F04; mix批次:····0; 批次:··940/·1880;  总正确率: 72.50%
类型1 正确率： 100.00% -> 1  100.00%, 2    0.00%, 3    0.00%
类型2 正确率：  66.00% -> 1    0.00%, 2   66.05%, 3   33.95%
类型3 正确率：  51.00% -> 1    0.00%, 2   48.55%, 3   51.45%


样本变换：reverse
样本变换：mask
样本变换：shift
样本变换：none
未过滤	未用伪标签：72.50% -> 使用伪标签：72.33%
已过滤	未用伪标签：72.51% -> 使用伪标签：72.35%
排除样本：1|6000	剩余：2000, 2340, 1659
增添样本：1021		细则：340, 0, 681	正确率估算：100.00%
类型1 正确率： 100.00% -> 1  100.00%, 2    0.00%, 3    0.00%
类型2 正确率：  67.00% -> 1    0.00%, 2   67.03%, 3   32.97%
类型3 正确率：  50.00% -> 1    0.00%, 2   50.00%, 3   50.00%

被排除样本 正确率：0.00%
类型1 正确率：   0.00% -> 1    0.00%, 2  100.00%
类型2 没有样本或未被分类。


轮次:·11/·20 || c_Loss:0.363 || e_Loss:-0.972 || Aad_Loss:-30.040 || 耗时：34.78s
轮次:·12/·20 || c_Loss:0.372 || e_Loss:-0.975 || Aad_Loss:-32.230 || 耗时：13.30s
轮次:·13/·20 || c_Loss:0.376 || e_Loss:-0.994 || Aad_Loss:-29.775 || 耗时：13.32s
轮次:·14/·20 || c_Loss:0.374 || e_Loss:-1.019 || Aad_Loss:-30.846 || 耗时：13.32s
轮次:·15/·20 || c_Loss:0.379 || e_Loss:-1.011 || Aad_Loss:-31.292 || 耗时：13.29s
任务: (B2)N15_M07_F10→(B3)N15_M07_F04; mix批次:····0; 批次:·1410/·1880;  总正确率: 72.32%
类型1 正确率： 100.00% -> 1  100.00%, 2    0.00%, 3    0.00%
类型2 正确率：  67.00% -> 1    0.00%, 2   66.95%, 3   33.05%
类型3 正确率：  50.00% -> 1    0.00%, 2   50.00%, 3   50.00%


样本变换：reverse
样本变换：mask
样本变换：shift
样本变换：none
未过滤	未用伪标签：72.32% -> 使用伪标签：72.35%
已过滤	未用伪标签：72.32% -> 使用伪标签：72.35%
排除样本：2000|6000	剩余：2341, 1659
增添样本：1023		细则：341, 0, 682	正确率估算：100.00%
类型1 正确率： 100.00% -> 1  100.00%, 2    0.00%, 3    0.00%
类型2 正确率：  67.00% -> 1    0.00%, 2   67.05%, 3   32.95%
类型3 正确率：  50.00% -> 1    0.00%, 2   50.00%, 3   50.00%

被排除样本 正确率：nan%


轮次:·16/·20 || c_Loss:0.380 || e_Loss:-0.985 || Aad_Loss:-30.621 || 耗时：34.89s
轮次:·17/·20 || c_Loss:0.384 || e_Loss:-0.970 || Aad_Loss:-32.250 || 耗时：13.31s
轮次:·18/·20 || c_Loss:0.380 || e_Loss:-0.970 || Aad_Loss:-32.681 || 耗时：13.32s
轮次:·19/·20 || c_Loss:0.380 || e_Loss:-1.006 || Aad_Loss:-31.733 || 耗时：13.31s
轮次:·20/·20 || c_Loss:0.381 || e_Loss:-0.959 || Aad_Loss:-32.021 || 耗时：13.31s
任务: (B2)N15_M07_F10→(B3)N15_M07_F04; mix批次:····0; 批次:·1880/·1880;  总正确率: 72.32%
类型1 正确率： 100.00% -> 1  100.00%, 2    0.00%, 3    0.00%
类型2 正确率：  67.00% -> 1    0.00%, 2   66.95%, 3   33.05%
类型3 正确率：  50.00% -> 1    0.00%, 2   50.00%, 3   50.00%


测试集任务: (B2)N15_M07_F10→(B3)N15_M07_F04; 总正确率 = 72.32%
类型1 正确率： 100.00% -> 1  100.00%, 2    0.00%, 3    0.00%
类型2 正确率：  67.00% -> 1    0.00%, 2   66.95%, 3   33.05%
类型3 正确率：  50.00% -> 1    0.00%, 2   50.00%, 3   50.00%


