读取源域路径：/kaggle/working/k10/S04/weight_PU_M1_final_checkpoint_FS04toS04c_s2024/NEW_PU/Source-源域/log&pt/(B1)N15_M01_F10
excel输出位置：/kaggle/working/k10/S04/weight_PU_M1_final_checkpoint_FS04toS04c_s2024/NEW_PU/Target-目标域
特征图片输出位置：/kaggle/working/k10/S04/weight_PU_M1_final_checkpoint_FS04toS04c_s2024/NEW_PU/Picture-特征图/2026年09月16日21时56分/(B1)N15_M01_F10
现在选取:(B1)N15_M01_F10 进行训练的源模型
现在进行：(B1)N15_M01_F10→(B2)N15_M07_F10 的迁移任务
log&pt输出位置：/kaggle/working/k10/S04/weight_PU_M1_final_checkpoint_FS04toS04c_s2024/NEW_PU/Target-目标域/log&pt/(B1)N15_M01_F10→(B2)N15_M07_F10
任务: (B1)N15_M01_F10→(B2)N15_M07_F10; 批次:····0/·1880;  总正确率: 90.00%
类型1 正确率：  97.00% -> 1   97.10%, 2    2.85%, 3    0.05%
类型2 正确率：  82.00% -> 1    0.00%, 2   82.00%, 3   18.00%
类型3 正确率：  91.00% -> 1    0.00%, 2    9.10%, 3   90.90%


样本变换：reverse
样本变换：mask
样本变换：shift
样本变换：none
未过滤	未用伪标签：90.00% -> 使用伪标签：82.20%
已过滤	未用伪标签：90.19% -> 使用伪标签：87.34%
排除样本：353|6000	剩余：1995, 2612, 1040
增添样本：2189		细则：617, 0, 1572	正确率估算：99.16%
类型1 正确率： 100.00% -> 1   99.90%, 2    0.05%, 3    0.05%
类型2 正确率：  99.00% -> 1    0.00%, 2   98.52%, 3    1.48%
类型3 正确率：  60.00% -> 1    0.00%, 2   40.38%, 3   59.62%

被排除样本 正确率：86.97%
类型1 正确率：   0.00% -> 1    0.00%, 2  100.00%, 3    0.00%
类型2 正确率：   2.00% -> 1    0.00%, 2    2.27%, 3   97.73%
类型3 正确率： 100.00% -> 1    0.00%, 2    0.00%, 3  100.00%


轮次:··1/·20 || c_Loss:0.496 || e_Loss:-1.038 || Aad_Loss:-30.373 || 耗时：36.78s
轮次:··2/·20 || c_Loss:0.416 || e_Loss:-1.657 || Aad_Loss:-26.306 || 耗时：13.52s
轮次:··3/·20 || c_Loss:0.424 || e_Loss:-1.774 || Aad_Loss:-29.785 || 耗时：13.24s
轮次:··4/·20 || c_Loss:0.402 || e_Loss:-1.718 || Aad_Loss:-29.853 || 耗时：13.14s
轮次:··5/·20 || c_Loss:0.502 || e_Loss:-1.681 || Aad_Loss:-30.347 || 耗时：13.35s
任务: (B1)N15_M01_F10→(B2)N15_M07_F10; mix批次:····0; 批次:··470/·1880;  总正确率: 82.90%
类型1 正确率： 100.00% -> 1  100.00%, 2    0.00%, 3    0.00%
类型2 正确率：  98.00% -> 1    0.00%, 2   98.50%, 3    1.50%
类型3 正确率：  50.00% -> 1    0.00%, 2   49.80%, 3   50.20%


样本变换：reverse
样本变换：mask
样本变换：shift
样本变换：none
未过滤	未用伪标签：82.90% -> 使用伪标签：83.32%
已过滤	未用伪标签：82.90% -> 使用伪标签：83.32%
排除样本：2000|6000	剩余：2999, 1001
增添样本：2997		细则：999, 0, 1998	正确率估算：100.00%
类型1 正确率： 100.00% -> 1  100.00%, 2    0.00%, 3    0.00%
类型2 正确率： 100.00% -> 1    0.00%, 2   99.95%, 3    0.05%
类型3 正确率：  50.00% -> 1    0.00%, 2   50.00%, 3   50.00%

被排除样本 正确率：nan%


轮次:··6/·20 || c_Loss:0.376 || e_Loss:-1.002 || Aad_Loss:-31.994 || 耗时：35.64s
轮次:··7/·20 || c_Loss:0.389 || e_Loss:-0.952 || Aad_Loss:-31.662 || 耗时：13.35s
轮次:··8/·20 || c_Loss:0.373 || e_Loss:-0.919 || Aad_Loss:-34.986 || 耗时：13.34s
轮次:··9/·20 || c_Loss:0.375 || e_Loss:-0.983 || Aad_Loss:-32.996 || 耗时：13.34s
轮次:·10/·20 || c_Loss:0.386 || e_Loss:-0.965 || Aad_Loss:-33.341 || 耗时：13.34s
任务: (B1)N15_M01_F10→(B2)N15_M07_F10; mix批次:····0; 批次:··940/·1880;  总正确率: 83.30%
类型1 正确率： 100.00% -> 1  100.00%, 2    0.00%, 3    0.00%
类型2 正确率： 100.00% -> 1    0.00%, 2   99.90%, 3    0.10%
类型3 正确率：  50.00% -> 1    0.00%, 2   50.00%, 3   50.00%


样本变换：reverse
样本变换：mask
样本变换：shift
样本变换：none
未过滤	未用伪标签：83.30% -> 使用伪标签：83.32%
已过滤	未用伪标签：83.30% -> 使用伪标签：83.32%
排除样本：2000|6000	剩余：2999, 1001
增添样本：2997		细则：999, 0, 1998	正确率估算：100.00%
类型1 正确率： 100.00% -> 1  100.00%, 2    0.00%, 3    0.00%
类型2 正确率： 100.00% -> 1    0.00%, 2   99.95%, 3    0.05%
类型3 正确率：  50.00% -> 1    0.00%, 2   50.00%, 3   50.00%

被排除样本 正确率：nan%


轮次:·11/·20 || c_Loss:0.375 || e_Loss:-1.014 || Aad_Loss:-32.338 || 耗时：35.39s
轮次:·12/·20 || c_Loss:0.382 || e_Loss:-0.953 || Aad_Loss:-31.876 || 耗时：13.35s
轮次:·13/·20 || c_Loss:0.371 || e_Loss:-0.919 || Aad_Loss:-35.323 || 耗时：13.33s
轮次:·14/·20 || c_Loss:0.373 || e_Loss:-0.984 || Aad_Loss:-33.244 || 耗时：13.34s
轮次:·15/·20 || c_Loss:0.383 || e_Loss:-0.964 || Aad_Loss:-33.593 || 耗时：13.36s
任务: (B1)N15_M01_F10→(B2)N15_M07_F10; mix批次:····0; 批次:·1410/·1880;  总正确率: 83.30%
类型1 正确率： 100.00% -> 1  100.00%, 2    0.00%, 3    0.00%
类型2 正确率： 100.00% -> 1    0.00%, 2   99.90%, 3    0.10%
类型3 正确率：  50.00% -> 1    0.00%, 2   50.00%, 3   50.00%


样本变换：reverse
样本变换：mask
样本变换：shift
样本变换：none
未过滤	未用伪标签：83.30% -> 使用伪标签：83.32%
已过滤	未用伪标签：83.30% -> 使用伪标签：83.32%
排除样本：2000|6000	剩余：2999, 1001
增添样本：2997		细则：999, 0, 1998	正确率估算：100.00%
类型1 正确率： 100.00% -> 1  100.00%, 2    0.00%, 3    0.00%
类型2 正确率： 100.00% -> 1    0.00%, 2   99.95%, 3    0.05%
类型3 正确率：  50.00% -> 1    0.00%, 2   50.00%, 3   50.00%

被排除样本 正确率：nan%


轮次:·16/·20 || c_Loss:0.374 || e_Loss:-1.014 || Aad_Loss:-32.497 || 耗时：35.28s
轮次:·17/·20 || c_Loss:0.380 || e_Loss:-0.954 || Aad_Loss:-32.004 || 耗时：13.34s
轮次:·18/·20 || c_Loss:0.370 || e_Loss:-0.920 || Aad_Loss:-35.502 || 耗时：13.35s
轮次:·19/·20 || c_Loss:0.372 || e_Loss:-0.984 || Aad_Loss:-33.385 || 耗时：13.36s
轮次:·20/·20 || c_Loss:0.382 || e_Loss:-0.965 || Aad_Loss:-33.743 || 耗时：13.34s
任务: (B1)N15_M01_F10→(B2)N15_M07_F10; mix批次:····0; 批次:·1880/·1880;  总正确率: 83.30%
类型1 正确率： 100.00% -> 1  100.00%, 2    0.00%, 3    0.00%
类型2 正确率： 100.00% -> 1    0.00%, 2   99.90%, 3    0.10%
类型3 正确率：  50.00% -> 1    0.00%, 2   50.00%, 3   50.00%


测试集任务: (B1)N15_M01_F10→(B2)N15_M07_F10; 总正确率 = 83.30%
类型1 正确率： 100.00% -> 1  100.00%, 2    0.00%, 3    0.00%
类型2 正确率： 100.00% -> 1    0.00%, 2   99.90%, 3    0.10%
类型3 正确率：  50.00% -> 1    0.00%, 2   50.00%, 3   50.00%


