读取源域路径：/kaggle/working/k10/S04/weight_PU_M1_final_checkpoint_FS04toS04c_s2024/NEW_PU/Source-源域/log&pt/(B3)N15_M07_F04
excel输出位置：/kaggle/working/k10/S04/weight_PU_M1_final_checkpoint_FS04toS04c_s2024/NEW_PU/Target-目标域
特征图片输出位置：/kaggle/working/k10/S04/weight_PU_M1_final_checkpoint_FS04toS04c_s2024/NEW_PU/Picture-特征图/2026年09月16日22时27分/(B3)N15_M07_F04
现在选取:(B3)N15_M07_F04 进行训练的源模型
现在进行：(B3)N15_M07_F04→(B2)N15_M07_F10 的迁移任务
log&pt输出位置：/kaggle/working/k10/S04/weight_PU_M1_final_checkpoint_FS04toS04c_s2024/NEW_PU/Target-目标域/log&pt/(B3)N15_M07_F04→(B2)N15_M07_F10
任务: (B3)N15_M07_F04→(B2)N15_M07_F10; 批次:····0/·1880;  总正确率: 63.63%
类型1 正确率：  98.00% -> 1   98.10%, 2    0.00%, 3    1.90%
类型2 正确率：   3.00% -> 1    0.00%, 2    3.40%, 3   96.60%
类型3 正确率：  89.00% -> 1    0.10%, 2   10.50%, 3   89.40%


样本变换：reverse
样本变换：mask
样本变换：shift
样本变换：none
未过滤	未用伪标签：63.63% -> 使用伪标签：61.37%
已过滤	未用伪标签：64.47% -> 使用伪标签：62.44%
排除样本：103|6000	剩余：1970, 1690, 2237
增添样本：814		细则：267, 547, 0	正确率估算：39.93%
类型1 正确率：  99.00% -> 1   98.99%, 2    0.00%, 3    1.01%
类型2 正确率：  37.00% -> 1    0.00%, 2   36.91%, 3   63.09%
类型3 正确率：  51.00% -> 1    0.10%, 2   49.35%, 3   50.55%

被排除样本 正确率：15.53%
类型1 正确率：  33.00% -> 1   33.33%, 2    0.00%, 3   66.67%
类型2 正确率：   0.00% -> 1    0.00%, 2    0.00%, 3  100.00%
类型3 正确率： 100.00% -> 1    0.00%, 2    0.00%, 3  100.00%


轮次:··1/·20 || c_Loss:0.558 || e_Loss:-1.354 || Aad_Loss:-26.869 || 耗时：34.86s
轮次:··2/·20 || c_Loss:0.477 || e_Loss:-1.488 || Aad_Loss:-25.331 || 耗时：13.37s
轮次:··3/·20 || c_Loss:0.350 || e_Loss:-0.935 || Aad_Loss:-30.105 || 耗时：13.27s
轮次:··4/·20 || c_Loss:0.354 || e_Loss:-0.906 || Aad_Loss:-29.440 || 耗时：13.26s
轮次:··5/·20 || c_Loss:0.389 || e_Loss:-1.547 || Aad_Loss:-30.945 || 耗时：13.28s
任务: (B3)N15_M07_F04→(B2)N15_M07_F10; mix批次:····0; 批次:··470/·1880;  总正确率: 62.67%
类型1 正确率： 100.00% -> 1  100.00%, 2    0.00%, 3    0.00%
类型2 正确率：  38.00% -> 1    0.00%, 2   38.00%, 3   62.00%
类型3 正确率：  50.00% -> 1    0.00%, 2   50.00%, 3   50.00%


样本变换：reverse
样本变换：mask
样本变换：shift
样本变换：none
未过滤	未用伪标签：62.67% -> 使用伪标签：63.47%
已过滤	未用伪标签：62.83% -> 使用伪标签：63.64%
排除样本：16|6000	剩余：2000, 1808, 2176
增添样本：544		细则：176, 368, 0	正确率估算：99.26%
类型1 正确率： 100.00% -> 1  100.00%, 2    0.00%, 3    0.00%
类型2 正确率：  41.00% -> 1    0.00%, 2   40.73%, 3   59.27%
类型3 正确率：  50.00% -> 1    0.00%, 2   50.00%, 3   50.00%

被排除样本 正确率：0.00%
类型1 正确率：   0.00% -> 1    0.00%, 2  100.00%
类型2 没有样本或未被分类。


轮次:··6/·20 || c_Loss:0.361 || e_Loss:-0.970 || Aad_Loss:-29.999 || 耗时：34.58s
轮次:··7/·20 || c_Loss:0.395 || e_Loss:-0.903 || Aad_Loss:-31.264 || 耗时：13.28s
轮次:··8/·20 || c_Loss:0.381 || e_Loss:-1.850 || Aad_Loss:-29.621 || 耗时：13.27s
轮次:··9/·20 || c_Loss:0.375 || e_Loss:-0.986 || Aad_Loss:-30.477 || 耗时：13.24s
轮次:·10/·20 || c_Loss:0.388 || e_Loss:-0.939 || Aad_Loss:-29.564 || 耗时：13.26s
任务: (B3)N15_M07_F04→(B2)N15_M07_F10; mix批次:····0; 批次:··940/·1880;  总正确率: 63.38%
类型1 正确率： 100.00% -> 1  100.00%, 2    0.00%, 3    0.00%
类型2 正确率：  40.00% -> 1    0.00%, 2   40.15%, 3   59.85%
类型3 正确率：  50.00% -> 1    0.00%, 2   50.00%, 3   50.00%


样本变换：reverse
样本变换：mask
样本变换：shift
样本变换：none
未过滤	未用伪标签：63.38% -> 使用伪标签：63.30%
已过滤	未用伪标签：63.38% -> 使用伪标签：63.38%
排除样本：8|6000	剩余：2000, 1798, 2194
增添样本：590		细则：194, 396, 0	正确率估算：100.00%
类型1 正确率： 100.00% -> 1  100.00%, 2    0.00%, 3    0.00%
类型2 正确率：  40.00% -> 1    0.00%, 2   40.06%, 3   59.94%
类型3 正确率：  50.00% -> 1    0.00%, 2   50.00%, 3   50.00%

被排除样本 正确率：62.50%
类型1 正确率：  62.00% -> 1   62.50%, 2   37.50%
类型2 没有样本或未被分类。


轮次:·11/·20 || c_Loss:0.397 || e_Loss:-0.901 || Aad_Loss:-33.559 || 耗时：34.45s
轮次:·12/·20 || c_Loss:0.385 || e_Loss:-0.946 || Aad_Loss:-31.859 || 耗时：13.34s
轮次:·13/·20 || c_Loss:0.377 || e_Loss:-1.000 || Aad_Loss:-30.703 || 耗时：13.37s
轮次:·14/·20 || c_Loss:0.394 || e_Loss:-0.964 || Aad_Loss:-29.409 || 耗时：13.35s
轮次:·15/·20 || c_Loss:0.387 || e_Loss:-0.997 || Aad_Loss:-30.288 || 耗时：13.34s
任务: (B3)N15_M07_F04→(B2)N15_M07_F10; mix批次:····0; 批次:·1410/·1880;  总正确率: 63.08%
类型1 正确率： 100.00% -> 1  100.00%, 2    0.00%, 3    0.00%
类型2 正确率：  39.00% -> 1    0.00%, 2   39.25%, 3   60.75%
类型3 正确率：  50.00% -> 1    0.00%, 2   50.00%, 3   50.00%


样本变换：reverse
样本变换：mask
样本变换：shift
样本变换：none
未过滤	未用伪标签：63.08% -> 使用伪标签：62.95%
已过滤	未用伪标签：63.11% -> 使用伪标签：63.06%
排除样本：10|6000	剩余：2000, 1777, 2213
增添样本：649		细则：213, 436, 0	正确率估算：100.00%
类型1 正确率： 100.00% -> 1  100.00%, 2    0.00%, 3    0.00%
类型2 正确率：  39.00% -> 1    0.00%, 2   39.05%, 3   60.95%
类型3 正确率：  50.00% -> 1    0.00%, 2   50.00%, 3   50.00%

被排除样本 正确率：50.00%
类型1 正确率：  50.00% -> 1   50.00%, 2   50.00%
类型2 没有样本或未被分类。


轮次:·16/·20 || c_Loss:0.380 || e_Loss:-0.950 || Aad_Loss:-32.099 || 耗时：34.58s
轮次:·17/·20 || c_Loss:0.389 || e_Loss:-0.968 || Aad_Loss:-30.827 || 耗时：13.34s
轮次:·18/·20 || c_Loss:0.385 || e_Loss:-0.969 || Aad_Loss:-30.978 || 耗时：13.38s
轮次:·19/·20 || c_Loss:0.381 || e_Loss:-0.973 || Aad_Loss:-31.643 || 耗时：13.35s
轮次:·20/·20 || c_Loss:0.390 || e_Loss:-0.986 || Aad_Loss:-30.219 || 耗时：13.34s
任务: (B3)N15_M07_F04→(B2)N15_M07_F10; mix批次:····0; 批次:·1880/·1880;  总正确率: 62.93%
类型1 正确率： 100.00% -> 1  100.00%, 2    0.00%, 3    0.00%
类型2 正确率：  39.00% -> 1    0.00%, 2   38.80%, 3   61.20%
类型3 正确率：  50.00% -> 1    0.00%, 2   50.00%, 3   50.00%


测试集任务: (B3)N15_M07_F04→(B2)N15_M07_F10; 总正确率 = 62.93%
类型1 正确率： 100.00% -> 1  100.00%, 2    0.00%, 3    0.00%
类型2 正确率：  39.00% -> 1    0.00%, 2   38.80%, 3   61.20%
类型3 正确率：  50.00% -> 1    0.00%, 2   50.00%, 3   50.00%


