读取源域路径：/kaggle/working/k10/S04/weight_PU_M1_final_checkpoint_FS04toS04c_s2024/NEW_PU/Source-源域/log&pt/(B3)N15_M07_F04
excel输出位置：/kaggle/working/k10/S04/weight_PU_M1_final_checkpoint_FS04toS04c_s2024/NEW_PU/Target-目标域
特征图片输出位置：/kaggle/working/k10/S04/weight_PU_M1_final_checkpoint_FS04toS04c_s2024/NEW_PU/Picture-特征图/2026年09月16日22时21分/(B3)N15_M07_F04
现在选取:(B3)N15_M07_F04 进行训练的源模型
现在进行：(B3)N15_M07_F04→(B1)N15_M01_F10 的迁移任务
log&pt输出位置：/kaggle/working/k10/S04/weight_PU_M1_final_checkpoint_FS04toS04c_s2024/NEW_PU/Target-目标域/log&pt/(B3)N15_M07_F04→(B1)N15_M01_F10
任务: (B3)N15_M07_F04→(B1)N15_M01_F10; 批次:····0/·1880;  总正确率: 61.33%
类型1 正确率：  98.00% -> 1   98.35%, 2    0.55%, 3    1.10%
类型2 正确率：   4.00% -> 1    0.00%, 2    3.90%, 3   96.10%
类型3 正确率：  82.00% -> 1    0.60%, 2   17.65%, 3   81.75%


样本变换：reverse
样本变换：mask
样本变换：shift
样本变换：none
未过滤	未用伪标签：61.33% -> 使用伪标签：60.17%
已过滤	未用伪标签：62.16% -> 使用伪标签：61.11%
排除样本：93|6000	剩余：1976, 1651, 2280
增添样本：933		细则：304, 629, 0	正确率估算：48.02%
类型1 正确率：  99.00% -> 1   98.85%, 2    0.00%, 3    1.15%
类型2 正确率：  34.00% -> 1    0.00%, 2   33.99%, 3   66.01%
类型3 正确率：  50.00% -> 1    0.30%, 2   50.13%, 3   49.57%

被排除样本 正确率：8.60%
类型1 正确率：  14.00% -> 1   14.29%, 2    0.00%, 3   85.71%
类型2 正确率：   0.00% -> 1    0.00%, 2    0.00%, 3  100.00%
类型3 正确率：  54.00% -> 1   30.77%, 2   15.38%, 3   53.85%


轮次:··1/·20 || c_Loss:0.482 || e_Loss:-1.008 || Aad_Loss:-29.378 || 耗时：34.66s
轮次:··2/·20 || c_Loss:0.394 || e_Loss:-1.553 || Aad_Loss:-27.596 || 耗时：13.36s
轮次:··3/·20 || c_Loss:0.401 || e_Loss:-1.517 || Aad_Loss:-27.811 || 耗时：13.28s
轮次:··4/·20 || c_Loss:0.356 || e_Loss:-0.929 || Aad_Loss:-29.175 || 耗时：13.27s
轮次:··5/·20 || c_Loss:0.333 || e_Loss:-0.908 || Aad_Loss:-30.780 || 耗时：13.26s
任务: (B3)N15_M07_F04→(B1)N15_M01_F10; mix批次:····0; 批次:··470/·1880;  总正确率: 61.97%
类型1 正确率： 100.00% -> 1  100.00%, 2    0.00%, 3    0.00%
类型2 正确率：  36.00% -> 1    0.00%, 2   35.90%, 3   64.10%
类型3 正确率：  50.00% -> 1    0.00%, 2   50.00%, 3   50.00%


样本变换：reverse
样本变换：mask
样本变换：shift
样本变换：none
未过滤	未用伪标签：61.97% -> 使用伪标签：62.53%
已过滤	未用伪标签：62.07% -> 使用伪标签：62.64%
排除样本：10|6000	剩余：2000, 1752, 2238
增添样本：724		细则：238, 486, 0	正确率估算：98.90%
类型1 正确率： 100.00% -> 1  100.00%, 2    0.00%, 3    0.00%
类型2 正确率：  38.00% -> 1    0.00%, 2   37.79%, 3   62.21%
类型3 正确率：  50.00% -> 1    0.00%, 2   50.00%, 3   50.00%

被排除样本 正确率：0.00%
类型1 正确率：   0.00% -> 1    0.00%, 2  100.00%
类型2 没有样本或未被分类。


轮次:··6/·20 || c_Loss:0.400 || e_Loss:-1.634 || Aad_Loss:-30.964 || 耗时：34.66s
轮次:··7/·20 || c_Loss:0.381 || e_Loss:-0.978 || Aad_Loss:-30.300 || 耗时：13.27s
轮次:··8/·20 || c_Loss:0.378 || e_Loss:-0.982 || Aad_Loss:-30.341 || 耗时：13.26s
轮次:··9/·20 || c_Loss:0.393 || e_Loss:-0.934 || Aad_Loss:-30.499 || 耗时：13.22s
轮次:·10/·20 || c_Loss:0.387 || e_Loss:-0.993 || Aad_Loss:-30.194 || 耗时：13.22s
任务: (B3)N15_M07_F04→(B1)N15_M01_F10; mix批次:····0; 批次:··940/·1880;  总正确率: 62.32%
类型1 正确率： 100.00% -> 1  100.00%, 2    0.00%, 3    0.00%
类型2 正确率：  37.00% -> 1    0.00%, 2   36.95%, 3   63.05%
类型3 正确率：  50.00% -> 1    0.00%, 2   50.00%, 3   50.00%


样本变换：reverse
样本变换：mask
样本变换：shift
样本变换：none
未过滤	未用伪标签：62.32% -> 使用伪标签：62.30%
已过滤	未用伪标签：62.34% -> 使用伪标签：62.35%
排除样本：5|6000	剩余：2000, 1738, 2257
增添样本：776		细则：257, 519, 0	正确率估算：100.00%
类型1 正确率： 100.00% -> 1  100.00%, 2    0.00%, 3    0.00%
类型2 正确率：  37.00% -> 1    0.00%, 2   36.99%, 3   63.01%
类型3 正确率：  50.00% -> 1    0.00%, 2   50.00%, 3   50.00%

被排除样本 正确率：40.00%
类型1 正确率：  40.00% -> 1   40.00%, 2   60.00%
类型2 没有样本或未被分类。


轮次:·11/·20 || c_Loss:0.386 || e_Loss:-0.983 || Aad_Loss:-30.121 || 耗时：34.68s
轮次:·12/·20 || c_Loss:0.390 || e_Loss:-0.980 || Aad_Loss:-29.799 || 耗时：13.32s
轮次:·13/·20 || c_Loss:0.386 || e_Loss:-0.961 || Aad_Loss:-30.786 || 耗时：13.32s
轮次:·14/·20 || c_Loss:0.386 || e_Loss:-1.008 || Aad_Loss:-30.439 || 耗时：13.33s
轮次:·15/·20 || c_Loss:0.380 || e_Loss:-0.996 || Aad_Loss:-31.261 || 耗时：13.36s
任务: (B3)N15_M07_F04→(B1)N15_M01_F10; mix批次:····0; 批次:·1410/·1880;  总正确率: 61.88%
类型1 正确率： 100.00% -> 1  100.00%, 2    0.00%, 3    0.00%
类型2 正确率：  36.00% -> 1    0.00%, 2   35.65%, 3   64.35%
类型3 正确率：  50.00% -> 1    0.00%, 2   50.00%, 3   50.00%


样本变换：reverse
样本变换：mask
样本变换：shift
样本变换：none
未过滤	未用伪标签：61.88% -> 使用伪标签：61.88%
已过滤	未用伪标签：61.89% -> 使用伪标签：61.92%
排除样本：4|6000	剩余：2000, 1713, 2283
增添样本：853		细则：283, 570, 0	正确率估算：99.77%
类型1 正确率： 100.00% -> 1  100.00%, 2    0.00%, 3    0.00%
类型2 正确率：  36.00% -> 1    0.00%, 2   35.72%, 3   64.28%
类型3 正确率：  50.00% -> 1    0.00%, 2   50.00%, 3   50.00%

被排除样本 正确率：50.00%
类型1 正确率：  50.00% -> 1   50.00%, 2   50.00%
类型2 没有样本或未被分类。


轮次:·16/·20 || c_Loss:0.381 || e_Loss:-0.993 || Aad_Loss:-31.071 || 耗时：34.79s
轮次:·17/·20 || c_Loss:0.402 || e_Loss:-0.952 || Aad_Loss:-30.171 || 耗时：13.22s
轮次:·18/·20 || c_Loss:0.382 || e_Loss:-0.983 || Aad_Loss:-31.251 || 耗时：13.21s
轮次:·19/·20 || c_Loss:0.382 || e_Loss:-0.969 || Aad_Loss:-32.523 || 耗时：13.23s
轮次:·20/·20 || c_Loss:0.378 || e_Loss:-0.966 || Aad_Loss:-32.465 || 耗时：13.22s
任务: (B3)N15_M07_F04→(B1)N15_M01_F10; mix批次:····0; 批次:·1880/·1880;  总正确率: 61.52%
类型1 正确率： 100.00% -> 1  100.00%, 2    0.00%, 3    0.00%
类型2 正确率：  35.00% -> 1    0.00%, 2   34.55%, 3   65.45%
类型3 正确率：  50.00% -> 1    0.00%, 2   50.00%, 3   50.00%


测试集任务: (B3)N15_M07_F04→(B1)N15_M01_F10; 总正确率 = 61.52%
类型1 正确率： 100.00% -> 1  100.00%, 2    0.00%, 3    0.00%
类型2 正确率：  35.00% -> 1    0.00%, 2   34.55%, 3   65.45%
类型3 正确率：  50.00% -> 1    0.00%, 2   50.00%, 3   50.00%


