读取源域路径：/kaggle/working/k10/S04/weight_PU_M1_final_checkpoint_FS04toS04c_s2024/NEW_PU/Source-源域/log&pt/(B2)N15_M07_F10
excel输出位置：/kaggle/working/k10/S04/weight_PU_M1_final_checkpoint_FS04toS04c_s2024/NEW_PU/Target-目标域
特征图片输出位置：/kaggle/working/k10/S04/weight_PU_M1_final_checkpoint_FS04toS04c_s2024/NEW_PU/Picture-特征图/2026年09月16日22时09分/(B2)N15_M07_F10
现在选取:(B2)N15_M07_F10 进行训练的源模型
现在进行：(B2)N15_M07_F10→(B1)N15_M01_F10 的迁移任务
log&pt输出位置：/kaggle/working/k10/S04/weight_PU_M1_final_checkpoint_FS04toS04c_s2024/NEW_PU/Target-目标域/log&pt/(B2)N15_M07_F10→(B1)N15_M01_F10
任务: (B2)N15_M07_F10→(B1)N15_M01_F10; 批次:····0/·1880;  总正确率: 80.42%
类型1 正确率： 100.00% -> 1   99.85%, 2    0.15%, 3    0.00%
类型2 正确率：  44.00% -> 1    0.00%, 2   44.45%, 3   55.55%
类型3 正确率：  97.00% -> 1    0.00%, 2    3.05%, 3   96.95%


样本变换：reverse
样本变换：mask
样本变换：shift
样本变换：none
未过滤	未用伪标签：80.42% -> 使用伪标签：80.28%
已过滤	未用伪标签：81.40% -> 使用伪标签：82.27%
排除样本：145|6000	剩余：2000, 1063, 2792
增添样本：2521		细则：792, 1729, 0	正确率估算：94.02%
类型1 正确率： 100.00% -> 1  100.00%, 2    0.00%, 3    0.00%
类型2 正确率：  51.00% -> 1    0.00%, 2   50.65%, 3   49.35%
类型3 正确率：  95.00% -> 1    0.00%, 2    4.84%, 3   95.16%

被排除样本 正确率：40.69%
类型1 正确率：   7.00% -> 1    6.90%, 2   93.10%
类型2 正确率：  91.00% -> 1    8.62%, 2   91.38%


轮次:··1/·20 || c_Loss:0.553 || e_Loss:-1.012 || Aad_Loss:-27.333 || 耗时：35.30s
轮次:··2/·20 || c_Loss:0.407 || e_Loss:-0.881 || Aad_Loss:-26.503 || 耗时：13.45s
轮次:··3/·20 || c_Loss:0.397 || e_Loss:-0.868 || Aad_Loss:-28.129 || 耗时：13.35s
轮次:··4/·20 || c_Loss:0.365 || e_Loss:-1.656 || Aad_Loss:-27.789 || 耗时：13.31s
轮次:··5/·20 || c_Loss:0.395 || e_Loss:-1.650 || Aad_Loss:-25.040 || 耗时：13.33s
任务: (B2)N15_M07_F10→(B1)N15_M01_F10; mix批次:····0; 批次:··470/·1880;  总正确率: 84.42%
类型1 正确率： 100.00% -> 1  100.00%, 2    0.00%, 3    0.00%
类型2 正确率：  56.00% -> 1    0.00%, 2   55.75%, 3   44.25%
类型3 正确率：  98.00% -> 1    0.00%, 2    2.50%, 3   97.50%


样本变换：reverse
样本变换：mask
样本变换：shift
样本变换：none
未过滤	未用伪标签：84.42% -> 使用伪标签：83.75%
已过滤	未用伪标签：84.90% -> 使用伪标签：84.85%
排除样本：78|6000	剩余：2000, 1093, 2829
增添样本：2565		细则：829, 1736, 0	正确率估算：99.79%
类型1 正确率： 100.00% -> 1  100.00%, 2    0.00%, 3    0.00%
类型2 正确率：  55.00% -> 1    0.00%, 2   55.03%, 3   44.97%
类型3 正确率：  99.00% -> 1    0.00%, 2    1.06%, 3   98.94%

被排除样本 正确率：47.44%
类型1 正确率：  50.00% -> 1   50.00%, 2   50.00%
类型2 正确率：  42.00% -> 1   57.69%, 2   42.31%


轮次:··6/·20 || c_Loss:0.369 || e_Loss:-0.922 || Aad_Loss:-27.964 || 耗时：35.29s
轮次:··7/·20 || c_Loss:0.409 || e_Loss:-1.600 || Aad_Loss:-29.043 || 耗时：13.32s
轮次:··8/·20 || c_Loss:0.425 || e_Loss:-1.418 || Aad_Loss:-33.806 || 耗时：13.32s
轮次:··9/·20 || c_Loss:0.353 || e_Loss:-0.943 || Aad_Loss:-29.964 || 耗时：13.31s
轮次:·10/·20 || c_Loss:0.369 || e_Loss:-1.568 || Aad_Loss:-29.768 || 耗时：13.34s
任务: (B2)N15_M07_F10→(B1)N15_M01_F10; mix批次:····0; 批次:··940/·1880;  总正确率: 85.22%
类型1 正确率： 100.00% -> 1  100.00%, 2    0.00%, 3    0.00%
类型2 正确率：  56.00% -> 1    0.00%, 2   55.95%, 3   44.05%
类型3 正确率： 100.00% -> 1    0.00%, 2    0.30%, 3   99.70%


样本变换：reverse
样本变换：mask
样本变换：shift
样本变换：none
未过滤	未用伪标签：85.22% -> 使用伪标签：85.33%
已过滤	未用伪标签：85.73% -> 使用伪标签：86.05%
排除样本：50|6000	剩余：2000, 1133, 2817
增添样本：2501		细则：817, 1684, 0	正确率估算：99.44%
类型1 正确率： 100.00% -> 1  100.00%, 2    0.00%, 3    0.00%
类型2 正确率：  58.00% -> 1    0.00%, 2   57.75%, 3   42.25%
类型3 正确率： 100.00% -> 1    0.00%, 2    0.20%, 3   99.80%

被排除样本 正确率：24.00%
类型1 正确率：  16.00% -> 1   15.56%, 2   84.44%
类型2 正确率： 100.00% -> 1    0.00%, 2  100.00%


轮次:·11/·20 || c_Loss:0.377 || e_Loss:-0.913 || Aad_Loss:-26.754 || 耗时：35.31s
轮次:·12/·20 || c_Loss:0.384 || e_Loss:-0.905 || Aad_Loss:-30.849 || 耗时：13.24s
轮次:·13/·20 || c_Loss:0.374 || e_Loss:-0.870 || Aad_Loss:-30.295 || 耗时：13.26s
轮次:·14/·20 || c_Loss:0.383 || e_Loss:-1.635 || Aad_Loss:-30.188 || 耗时：13.25s
轮次:·15/·20 || c_Loss:0.376 || e_Loss:-1.687 || Aad_Loss:-29.930 || 耗时：13.36s
任务: (B2)N15_M07_F10→(B1)N15_M01_F10; mix批次:····0; 批次:·1410/·1880;  总正确率: 86.70%
类型1 正确率： 100.00% -> 1  100.00%, 2    0.00%, 3    0.00%
类型2 正确率：  60.00% -> 1    0.00%, 2   60.10%, 3   39.90%
类型3 正确率： 100.00% -> 1    0.00%, 2    0.00%, 3  100.00%


样本变换：reverse
样本变换：mask
样本变换：shift
样本变换：none
未过滤	未用伪标签：86.70% -> 使用伪标签：87.15%
已过滤	未用伪标签：87.15% -> 使用伪标签：87.69%
排除样本：37|6000	剩余：2000, 1233, 2730
增添样本：2227		细则：730, 1497, 0	正确率估算：99.13%
类型1 正确率： 100.00% -> 1  100.00%, 2    0.00%, 3    0.00%
类型2 正确率：  63.00% -> 1    0.00%, 2   62.68%, 3   37.32%
类型3 正确率： 100.00% -> 1    0.00%, 2    0.00%, 3  100.00%

被排除样本 正确率：13.51%
类型1 正确率：   3.00% -> 1    3.03%, 2   96.97%
类型2 正确率： 100.00% -> 1    0.00%, 2  100.00%


轮次:·16/·20 || c_Loss:0.377 || e_Loss:-0.932 || Aad_Loss:-27.797 || 耗时：35.61s
轮次:·17/·20 || c_Loss:0.376 || e_Loss:-0.940 || Aad_Loss:-28.642 || 耗时：13.28s
轮次:·18/·20 || c_Loss:0.380 || e_Loss:-0.952 || Aad_Loss:-30.599 || 耗时：13.27s
轮次:·19/·20 || c_Loss:0.369 || e_Loss:-0.962 || Aad_Loss:-31.118 || 耗时：13.28s
轮次:·20/·20 || c_Loss:0.382 || e_Loss:-0.917 || Aad_Loss:-32.533 || 耗时：13.35s
任务: (B2)N15_M07_F10→(B1)N15_M01_F10; mix批次:····0; 批次:·1880/·1880;  总正确率: 88.78%
类型1 正确率： 100.00% -> 1  100.00%, 2    0.00%, 3    0.00%
类型2 正确率：  66.00% -> 1    0.00%, 2   66.40%, 3   33.60%
类型3 正确率： 100.00% -> 1    0.00%, 2    0.05%, 3   99.95%


测试集任务: (B2)N15_M07_F10→(B1)N15_M01_F10; 总正确率 = 88.78%
类型1 正确率： 100.00% -> 1  100.00%, 2    0.00%, 3    0.00%
类型2 正确率：  66.00% -> 1    0.00%, 2   66.40%, 3   33.60%
类型3 正确率： 100.00% -> 1    0.00%, 2    0.05%, 3   99.95%


