读取源域路径：/kaggle/working/k10/S04/weight_PU_M1_final_checkpoint_FS04toS04c_s2024/NEW_PU/Source-源域/log&pt/(B1)N15_M01_F10
excel输出位置：/kaggle/working/k10/S04/weight_PU_M1_final_checkpoint_FS04toS04c_s2024/NEW_PU/Target-目标域
特征图片输出位置：/kaggle/working/k10/S04/weight_PU_M1_final_checkpoint_FS04toS04c_s2024/NEW_PU/Picture-特征图/2026年09月16日22时02分/(B1)N15_M01_F10
现在选取:(B1)N15_M01_F10 进行训练的源模型
现在进行：(B1)N15_M01_F10→(B3)N15_M07_F04 的迁移任务
log&pt输出位置：/kaggle/working/k10/S04/weight_PU_M1_final_checkpoint_FS04toS04c_s2024/NEW_PU/Target-目标域/log&pt/(B1)N15_M01_F10→(B3)N15_M07_F04
任务: (B1)N15_M01_F10→(B3)N15_M07_F04; 批次:····0/·1880;  总正确率: 78.67%
类型1 正确率：  97.00% -> 1   96.60%, 2    3.40%, 3    0.00%
类型2 正确率：  88.00% -> 1    0.00%, 2   87.50%, 3   12.50%
类型3 正确率：  52.00% -> 1    0.00%, 2   48.10%, 3   51.90%


样本变换：reverse
样本变换：mask
样本变换：shift
样本变换：none
未过滤	未用伪标签：78.67% -> 使用伪标签：79.68%
已过滤	未用伪标签：78.95% -> 使用伪标签：80.33%
排除样本：48|6000	剩余：1998, 2786, 1168
增添样本：2406		细则：788, 0, 1618	正确率估算：95.91%
类型1 正确率： 100.00% -> 1   99.90%, 2    0.05%, 3    0.05%
类型2 正确率：  91.00% -> 1    0.00%, 2   91.39%, 3    8.61%
类型3 正确率：  50.00% -> 1    0.00%, 2   50.05%, 3   49.95%

被排除样本 正确率：43.75%
类型1 正确率：  44.00% -> 1   43.75%, 2   56.25%
类型2 没有样本或未被分类。


轮次:··1/·20 || c_Loss:0.492 || e_Loss:-0.942 || Aad_Loss:-31.136 || 耗时：35.25s
轮次:··2/·20 || c_Loss:0.398 || e_Loss:-1.642 || Aad_Loss:-28.350 || 耗时：13.40s
轮次:··3/·20 || c_Loss:0.404 || e_Loss:-0.916 || Aad_Loss:-27.579 || 耗时：13.25s
轮次:··4/·20 || c_Loss:0.441 || e_Loss:-0.930 || Aad_Loss:-27.378 || 耗时：13.25s
轮次:··5/·20 || c_Loss:0.370 || e_Loss:-1.703 || Aad_Loss:-29.093 || 耗时：13.35s
任务: (B1)N15_M01_F10→(B3)N15_M07_F04; mix批次:····0; 批次:··470/·1880;  总正确率: 80.07%
类型1 正确率： 100.00% -> 1  100.00%, 2    0.00%, 3    0.00%
类型2 正确率：  90.00% -> 1    0.00%, 2   90.25%, 3    9.75%
类型3 正确率：  50.00% -> 1    0.00%, 2   50.05%, 3   49.95%


样本变换：reverse
样本变换：mask
样本变换：shift
样本变换：none
未过滤	未用伪标签：80.07% -> 使用伪标签：79.40%
已过滤	未用伪标签：80.01% -> 使用伪标签：79.77%
排除样本：28|6000	剩余：2000, 2766, 1206
增添样本：2326		细则：766, 0, 1560	正确率估算：99.44%
类型1 正确率： 100.00% -> 1  100.00%, 2    0.00%, 3    0.00%
类型2 正确率：  90.00% -> 1    0.00%, 2   89.50%, 3   10.50%
类型3 正确率：  50.00% -> 1    0.00%, 2   50.05%, 3   49.95%

被排除样本 正确率：92.86%
类型1 正确率：  93.00% -> 1   92.86%, 2    7.14%
类型2 没有样本或未被分类。


轮次:··6/·20 || c_Loss:0.375 || e_Loss:-0.911 || Aad_Loss:-33.285 || 耗时：35.25s
轮次:··7/·20 || c_Loss:0.368 || e_Loss:-0.980 || Aad_Loss:-31.155 || 耗时：13.33s
轮次:··8/·20 || c_Loss:0.379 || e_Loss:-0.969 || Aad_Loss:-30.306 || 耗时：13.30s
轮次:··9/·20 || c_Loss:0.399 || e_Loss:-0.951 || Aad_Loss:-29.516 || 耗时：13.30s
轮次:·10/·20 || c_Loss:0.374 || e_Loss:-0.987 || Aad_Loss:-30.702 || 耗时：13.36s
任务: (B1)N15_M01_F10→(B3)N15_M07_F04; mix批次:····0; 批次:··940/·1880;  总正确率: 78.23%
类型1 正确率： 100.00% -> 1  100.00%, 2    0.00%, 3    0.00%
类型2 正确率：  85.00% -> 1    0.00%, 2   84.75%, 3   15.25%
类型3 正确率：  50.00% -> 1    0.00%, 2   50.05%, 3   49.95%


样本变换：reverse
样本变换：mask
样本变换：shift
样本变换：none
未过滤	未用伪标签：78.23% -> 使用伪标签：78.23%
已过滤	未用伪标签：78.35% -> 使用伪标签：78.53%
排除样本：23|6000	剩余：2000, 2695, 1282
增添样本：2108		细则：695, 0, 1413	正确率估算：99.70%
类型1 正确率： 100.00% -> 1  100.00%, 2    0.00%, 3    0.00%
类型2 正确率：  86.00% -> 1    0.00%, 2   85.69%, 3   14.31%
类型3 正确率：  50.00% -> 1    0.00%, 2   50.03%, 3   49.97%

被排除样本 正确率：47.83%
类型1 正确率：  50.00% -> 1   50.00%, 2   50.00%
类型2 正确率：   0.00% -> 1  100.00%, 2    0.00%


轮次:·11/·20 || c_Loss:0.421 || e_Loss:-0.937 || Aad_Loss:-31.733 || 耗时：35.26s
轮次:·12/·20 || c_Loss:0.384 || e_Loss:-0.959 || Aad_Loss:-29.764 || 耗时：13.31s
轮次:·13/·20 || c_Loss:0.385 || e_Loss:-0.922 || Aad_Loss:-30.852 || 耗时：13.33s
轮次:·14/·20 || c_Loss:0.395 || e_Loss:-0.984 || Aad_Loss:-29.941 || 耗时：13.32s
轮次:·15/·20 || c_Loss:0.419 || e_Loss:-1.629 || Aad_Loss:-33.674 || 耗时：13.34s
任务: (B1)N15_M01_F10→(B3)N15_M07_F04; mix批次:····0; 批次:·1410/·1880;  总正确率: 76.87%
类型1 正确率： 100.00% -> 1  100.00%, 2    0.00%, 3    0.00%
类型2 正确率：  81.00% -> 1    0.00%, 2   80.60%, 3   19.40%
类型3 正确率：  50.00% -> 1    0.00%, 2   50.00%, 3   50.00%


样本变换：reverse
样本变换：mask
样本变换：shift
样本变换：none
未过滤	未用伪标签：76.87% -> 使用伪标签：76.63%
已过滤	未用伪标签：76.91% -> 使用伪标签：76.88%
排除样本：19|6000	剩余：2000, 2598, 1383
增添样本：1813		细则：598, 0, 1215	正确率估算：99.72%
类型1 正确率： 100.00% -> 1  100.00%, 2    0.00%, 3    0.00%
类型2 正确率：  81.00% -> 1    0.00%, 2   80.67%, 3   19.33%
类型3 正确率：  50.00% -> 1    0.00%, 2   50.00%, 3   50.00%

被排除样本 正确率：63.16%
类型1 正确率：  63.00% -> 1   63.16%, 2   36.84%
类型2 没有样本或未被分类。


轮次:·16/·20 || c_Loss:0.370 || e_Loss:-0.892 || Aad_Loss:-34.296 || 耗时：35.07s
轮次:·17/·20 || c_Loss:0.416 || e_Loss:-0.911 || Aad_Loss:-28.609 || 耗时：13.23s
轮次:·18/·20 || c_Loss:0.386 || e_Loss:-0.953 || Aad_Loss:-30.830 || 耗时：13.25s
轮次:·19/·20 || c_Loss:0.382 || e_Loss:-0.945 || Aad_Loss:-32.417 || 耗时：13.21s
轮次:·20/·20 || c_Loss:0.371 || e_Loss:-0.963 || Aad_Loss:-31.223 || 耗时：13.34s
任务: (B1)N15_M01_F10→(B3)N15_M07_F04; mix批次:····0; 批次:·1880/·1880;  总正确率: 75.33%
类型1 正确率： 100.00% -> 1  100.00%, 2    0.00%, 3    0.00%
类型2 正确率：  76.00% -> 1    0.00%, 2   76.00%, 3   24.00%
类型3 正确率：  50.00% -> 1    0.00%, 2   50.00%, 3   50.00%


测试集任务: (B1)N15_M01_F10→(B3)N15_M07_F04; 总正确率 = 75.33%
类型1 正确率： 100.00% -> 1  100.00%, 2    0.00%, 3    0.00%
类型2 正确率：  76.00% -> 1    0.00%, 2   76.00%, 3   24.00%
类型3 正确率：  50.00% -> 1    0.00%, 2   50.00%, 3   50.00%


