读取源域路径：/kaggle/working/m2rep/reps0/weight_PU_M1_final_checkpoint_FBtoA_gatev2_s0/NEW_PU/Source-源域/log&pt/(B3)N15_M07_F04
excel输出位置：/kaggle/working/m2rep/reps0/weight_PU_M1_final_checkpoint_FBtoA_gatev2_s0/NEW_PU/Target-目标域
特征图片输出位置：/kaggle/working/m2rep/reps0/weight_PU_M1_final_checkpoint_FBtoA_gatev2_s0/NEW_PU/Picture-特征图/2026年09月15日09时13分/(B3)N15_M07_F04
现在选取:(B3)N15_M07_F04 进行训练的源模型
现在进行：(B3)N15_M07_F04→(B2)N15_M07_F10 的迁移任务
log&pt输出位置：/kaggle/working/m2rep/reps0/weight_PU_M1_final_checkpoint_FBtoA_gatev2_s0/NEW_PU/Target-目标域/log&pt/(B3)N15_M07_F04→(B2)N15_M07_F10
任务: (B3)N15_M07_F04→(B2)N15_M07_F10; 批次:····0/·1880;  总正确率: 54.65%
类型1 正确率：  98.00% -> 1   98.50%, 2    0.00%, 3    1.50%
类型2 正确率：  32.00% -> 1   10.55%, 2   32.45%, 3   57.00%
类型3 正确率：  33.00% -> 1    0.00%, 2   67.00%, 3   33.00%


样本变换：reverse
样本变换：mask
样本变换：shift
样本变换：none
未过滤	未用伪标签：54.65% -> 使用伪标签：54.25%
已过滤	未用伪标签：55.09% -> 使用伪标签：55.06%
排除样本：88|6000	剩余：2182, 1987, 1743
增添样本：1415		细则：0, 952, 463	正确率估算：99.43%
类型1 正确率：  99.00% -> 1   98.63%, 2    0.00%, 3    1.37%
类型2 正确率：  33.00% -> 1   12.08%, 2   33.40%, 3   54.52%
类型3 正确率：  33.00% -> 1    0.00%, 2   67.00%, 3   33.00%

被排除样本 正确率：25.00%
类型1 正确率：  72.00% -> 1   72.00%, 2    0.00%, 3   28.00%
类型2 正确率：   6.00% -> 1   15.87%, 2    6.35%, 3   77.78%
类型3 没有样本或未被分类。


轮次:··1/·20 || c_Loss:0.603 || e_Loss:-1.125 || Aad_Loss:-23.946 || 耗时：34.16s
轮次:··2/·20 || c_Loss:0.496 || e_Loss:-1.650 || Aad_Loss:-24.662 || 耗时：13.22s
轮次:··3/·20 || c_Loss:0.437 || e_Loss:-1.611 || Aad_Loss:-25.316 || 耗时：13.22s
轮次:··4/·20 || c_Loss:0.414 || e_Loss:-1.552 || Aad_Loss:-24.888 || 耗时：13.01s
轮次:··5/·20 || c_Loss:0.456 || e_Loss:-1.639 || Aad_Loss:-25.864 || 耗时：13.00s
任务: (B3)N15_M07_F04→(B2)N15_M07_F10; mix批次:····0; 批次:··470/·1880;  总正确率: 57.95%
类型1 正确率： 100.00% -> 1  100.00%, 2    0.00%, 3    0.00%
类型2 正确率：  33.00% -> 1    2.40%, 2   33.05%, 3   64.55%
类型3 正确率：  41.00% -> 1    2.25%, 2   56.95%, 3   40.80%


样本变换：reverse
样本变换：mask
样本变换：shift
样本变换：none
未过滤	未用伪标签：57.95% -> 使用伪标签：55.33%
已过滤	未用伪标签：58.19% -> 使用伪标签：55.56%
排除样本：25|6000	剩余：2141, 2000, 1834
增添样本：1234		细则：0, 900, 334	正确率估算：100.00%
类型1 正确率： 100.00% -> 1  100.00%, 2    0.00%, 3    0.00%
类型2 正确率：  33.00% -> 1    7.14%, 2   33.42%, 3   59.44%
类型3 正确率：  33.00% -> 1    0.00%, 2   67.00%, 3   33.00%

被排除样本 正确率：0.00%
类型1 正确率：   0.00% -> 1    0.00%, 2  100.00%
类型2 没有样本或未被分类。


轮次:··6/·20 || c_Loss:0.373 || e_Loss:-1.702 || Aad_Loss:-23.660 || 耗时：34.10s
轮次:··7/·20 || c_Loss:0.400 || e_Loss:-1.631 || Aad_Loss:-28.284 || 耗时：12.98s
轮次:··8/·20 || c_Loss:0.383 || e_Loss:-1.767 || Aad_Loss:-27.965 || 耗时：12.99s
轮次:··9/·20 || c_Loss:0.378 || e_Loss:-1.736 || Aad_Loss:-26.788 || 耗时：13.04s
轮次:·10/·20 || c_Loss:0.422 || e_Loss:-1.658 || Aad_Loss:-24.700 || 耗时：13.02s
任务: (B3)N15_M07_F04→(B2)N15_M07_F10; mix批次:····0; 批次:··940/·1880;  总正确率: 60.32%
类型1 正确率： 100.00% -> 1  100.00%, 2    0.00%, 3    0.00%
类型2 正确率：  33.00% -> 1    0.60%, 2   33.00%, 3   66.40%
类型3 正确率：  48.00% -> 1    2.10%, 2   49.95%, 3   47.95%


样本变换：reverse
样本变换：mask
样本变换：shift
样本变换：none
未过滤	未用伪标签：60.32% -> 使用伪标签：55.33%
已过滤	未用伪标签：60.46% -> 使用伪标签：55.46%
排除样本：14|6000	剩余：2036, 2000, 1950
增添样本：915		细则：0, 797, 118	正确率估算：100.00%
类型1 正确率： 100.00% -> 1  100.00%, 2    0.00%, 3    0.00%
类型2 正确率：  33.00% -> 1    1.81%, 2   33.23%, 3   64.95%
类型3 正确率：  33.00% -> 1    0.00%, 2   67.00%, 3   33.00%

被排除样本 正确率：0.00%
类型1 正确率：   0.00% -> 1    0.00%, 2  100.00%
类型2 没有样本或未被分类。


轮次:·11/·20 || c_Loss:0.382 || e_Loss:-1.575 || Aad_Loss:-26.684 || 耗时：34.07s
轮次:·12/·20 || c_Loss:0.372 || e_Loss:-1.672 || Aad_Loss:-32.236 || 耗时：12.94s
轮次:·13/·20 || c_Loss:0.372 || e_Loss:-1.676 || Aad_Loss:-27.097 || 耗时：12.95s
轮次:·14/·20 || c_Loss:0.337 || e_Loss:-1.504 || Aad_Loss:-29.081 || 耗时：12.93s
轮次:·15/·20 || c_Loss:0.346 || e_Loss:-1.602 || Aad_Loss:-27.306 || 耗时：12.93s
任务: (B3)N15_M07_F04→(B2)N15_M07_F10; mix批次:····0; 批次:·1410/·1880;  总正确率: 59.62%
类型1 正确率： 100.00% -> 1  100.00%, 2    0.00%, 3    0.00%
类型2 正确率：  33.00% -> 1    0.00%, 2   33.00%, 3   67.00%
类型3 正确率：  46.00% -> 1    2.95%, 2   51.20%, 3   45.85%


样本变换：reverse
样本变换：mask
样本变换：shift
样本变换：none
未过滤	未用伪标签：59.62% -> 使用伪标签：55.33%
已过滤	未用伪标签：59.64% -> 使用伪标签：55.35%
排除样本：2|6000	剩余：2002, 2000, 1996
增添样本：804		细则：0, 764, 40	正确率估算：100.00%
类型1 正确率： 100.00% -> 1  100.00%, 2    0.00%, 3    0.00%
类型2 正确率：  33.00% -> 1    0.10%, 2   33.03%, 3   66.87%
类型3 正确率：  33.00% -> 1    0.00%, 2   67.00%, 3   33.00%

被排除样本 正确率：0.00%
类型1 正确率：   0.00% -> 1    0.00%, 2  100.00%
类型2 没有样本或未被分类。


轮次:·16/·20 || c_Loss:0.342 || e_Loss:-1.753 || Aad_Loss:-28.072 || 耗时：34.01s
轮次:·17/·20 || c_Loss:0.349 || e_Loss:-1.765 || Aad_Loss:-25.829 || 耗时：12.98s
轮次:·18/·20 || c_Loss:0.360 || e_Loss:-1.815 || Aad_Loss:-25.973 || 耗时：13.02s
轮次:·19/·20 || c_Loss:0.354 || e_Loss:-1.761 || Aad_Loss:-23.233 || 耗时：13.01s
轮次:·20/·20 || c_Loss:0.337 || e_Loss:-1.677 || Aad_Loss:-26.644 || 耗时：13.07s
任务: (B3)N15_M07_F04→(B2)N15_M07_F10; mix批次:····0; 批次:·1880/·1880;  总正确率: 58.62%
类型1 正确率： 100.00% -> 1  100.00%, 2    0.00%, 3    0.00%
类型2 正确率：  33.00% -> 1    0.00%, 2   33.00%, 3   67.00%
类型3 正确率：  43.00% -> 1    4.10%, 2   53.05%, 3   42.85%


测试集任务: (B3)N15_M07_F04→(B2)N15_M07_F10; 总正确率 = 58.62%
类型1 正确率： 100.00% -> 1  100.00%, 2    0.00%, 3    0.00%
类型2 正确率：  33.00% -> 1    0.00%, 2   33.00%, 3   67.00%
类型3 正确率：  43.00% -> 1    4.10%, 2   53.05%, 3   42.85%


