读取源域路径：/kaggle/working/m2rep/reps0/weight_PU_M1_final_checkpoint_FBtoA_gatev2_s0/NEW_PU/Source-源域/log&pt/(B3)N15_M07_F04
excel输出位置：/kaggle/working/m2rep/reps0/weight_PU_M1_final_checkpoint_FBtoA_gatev2_s0/NEW_PU/Target-目标域
特征图片输出位置：/kaggle/working/m2rep/reps0/weight_PU_M1_final_checkpoint_FBtoA_gatev2_s0/NEW_PU/Picture-特征图/2026年09月15日09时07分/(B3)N15_M07_F04
现在选取:(B3)N15_M07_F04 进行训练的源模型
现在进行：(B3)N15_M07_F04→(B1)N15_M01_F10 的迁移任务
log&pt输出位置：/kaggle/working/m2rep/reps0/weight_PU_M1_final_checkpoint_FBtoA_gatev2_s0/NEW_PU/Target-目标域/log&pt/(B3)N15_M07_F04→(B1)N15_M01_F10
任务: (B3)N15_M07_F04→(B1)N15_M01_F10; 批次:····0/·1880;  总正确率: 53.88%
类型1 正确率：  96.00% -> 1   96.45%, 2    0.00%, 3    3.55%
类型2 正确率：  32.00% -> 1    9.15%, 2   32.20%, 3   58.65%
类型3 正确率：  33.00% -> 1    0.00%, 2   67.00%, 3   33.00%


样本变换：reverse
样本变换：mask
样本变换：shift
样本变换：none
未过滤	未用伪标签：53.88% -> 使用伪标签：53.15%
已过滤	未用伪标签：54.33% -> 使用伪标签：53.99%
排除样本：93|6000	剩余：2058, 1983, 1866
增添样本：1550		细则：0, 1348, 202	正确率估算：98.79%
类型1 正确率：  96.00% -> 1   95.78%, 2    0.00%, 3    4.22%
类型2 正确率：  33.00% -> 1    8.88%, 2   33.18%, 3   57.95%
类型3 正确率：  33.00% -> 1    0.00%, 2   67.00%, 3   33.00%

被排除样本 正确率：25.81%
类型1 正确率：  68.00% -> 1   67.74%, 2    0.00%, 3   32.26%
类型2 正确率：   5.00% -> 1   37.10%, 2    4.84%, 3   58.06%
类型3 没有样本或未被分类。


轮次:··1/·20 || c_Loss:0.595 || e_Loss:-1.102 || Aad_Loss:-21.565 || 耗时：34.03s
轮次:··2/·20 || c_Loss:0.472 || e_Loss:-1.660 || Aad_Loss:-22.225 || 耗时：13.15s
轮次:··3/·20 || c_Loss:0.453 || e_Loss:-1.765 || Aad_Loss:-21.323 || 耗时：13.11s
轮次:··4/·20 || c_Loss:0.485 || e_Loss:-1.617 || Aad_Loss:-23.976 || 耗时：12.99s
轮次:··5/·20 || c_Loss:0.420 || e_Loss:-1.589 || Aad_Loss:-22.831 || 耗时：13.01s
任务: (B3)N15_M07_F04→(B1)N15_M01_F10; mix批次:····0; 批次:··470/·1880;  总正确率: 62.20%
类型1 正确率： 100.00% -> 1  100.00%, 2    0.00%, 3    0.00%
类型2 正确率：  33.00% -> 1    0.80%, 2   32.70%, 3   66.50%
类型3 正确率：  54.00% -> 1    2.55%, 2   43.55%, 3   53.90%


样本变换：reverse
样本变换：mask
样本变换：shift
样本变换：none
未过滤	未用伪标签：62.20% -> 使用伪标签：55.33%
已过滤	未用伪标签：62.49% -> 使用伪标签：55.59%
排除样本：28|6000	剩余：2076, 2000, 1896
增添样本：1529		细则：0, 1349, 180	正确率估算：97.02%
类型1 正确率： 100.00% -> 1  100.00%, 2    0.00%, 3    0.00%
类型2 正确率：  33.00% -> 1    3.85%, 2   33.47%, 3   62.68%
类型3 正确率：  33.00% -> 1    0.00%, 2   67.00%, 3   33.00%

被排除样本 正确率：0.00%
类型1 正确率：   0.00% -> 1    0.00%, 2  100.00%
类型2 没有样本或未被分类。


轮次:··6/·20 || c_Loss:0.414 || e_Loss:-1.652 || Aad_Loss:-23.871 || 耗时：33.87s
轮次:··7/·20 || c_Loss:0.441 || e_Loss:-1.648 || Aad_Loss:-24.274 || 耗时：13.13s
轮次:··8/·20 || c_Loss:0.389 || e_Loss:-1.796 || Aad_Loss:-20.139 || 耗时：13.14s
轮次:··9/·20 || c_Loss:0.410 || e_Loss:-1.776 || Aad_Loss:-21.041 || 耗时：13.13s
轮次:·10/·20 || c_Loss:0.347 || e_Loss:-1.810 || Aad_Loss:-25.652 || 耗时：13.11s
任务: (B3)N15_M07_F04→(B1)N15_M01_F10; mix批次:····0; 批次:··940/·1880;  总正确率: 60.20%
类型1 正确率： 100.00% -> 1  100.00%, 2    0.00%, 3    0.00%
类型2 正确率：  33.00% -> 1    0.10%, 2   32.85%, 3   67.05%
类型3 正确率：  48.00% -> 1    9.70%, 2   42.55%, 3   47.75%


样本变换：reverse
样本变换：mask
样本变换：shift
样本变换：none
未过滤	未用伪标签：60.20% -> 使用伪标签：55.33%
已过滤	未用伪标签：60.25% -> 使用伪标签：55.40%
排除样本：7|6000	剩余：2004, 1999, 1990
增添样本：1291		细则：0, 1277, 14	正确率估算：96.63%
类型1 正确率： 100.00% -> 1  100.00%, 2    0.00%, 3    0.00%
类型2 正确率：  33.00% -> 1    0.20%, 2   33.10%, 3   66.70%
类型3 正确率：  33.00% -> 1    0.00%, 2   66.98%, 3   33.02%

被排除样本 正确率：14.29%
类型1 正确率：   0.00% -> 1    0.00%, 2  100.00%
类型2 正确率： 100.00% -> 1    0.00%, 2  100.00%


轮次:·11/·20 || c_Loss:0.350 || e_Loss:-1.802 || Aad_Loss:-25.205 || 耗时：33.76s
轮次:·12/·20 || c_Loss:0.371 || e_Loss:-1.866 || Aad_Loss:-24.919 || 耗时：13.02s
轮次:·13/·20 || c_Loss:0.388 || e_Loss:-1.717 || Aad_Loss:-24.420 || 耗时：12.99s
轮次:·14/·20 || c_Loss:0.347 || e_Loss:-1.839 || Aad_Loss:-24.621 || 耗时：13.01s
轮次:·15/·20 || c_Loss:0.398 || e_Loss:-1.786 || Aad_Loss:-26.046 || 耗时：12.98s
任务: (B3)N15_M07_F04→(B1)N15_M01_F10; mix批次:····0; 批次:·1410/·1880;  总正确率: 63.43%
类型1 正确率： 100.00% -> 1  100.00%, 2    0.00%, 3    0.00%
类型2 正确率：  33.00% -> 1    0.00%, 2   32.75%, 3   67.25%
类型3 正确率：  58.00% -> 1    5.65%, 2   36.80%, 3   57.55%


样本变换：reverse
样本变换：mask
样本变换：shift
样本变换：none
未过滤	未用伪标签：63.43% -> 使用伪标签：55.40%
已过滤	未用伪标签：63.39% -> 使用伪标签：55.46%
排除样本：7|6000	剩余：2001, 1989, 2003
增添样本：1278		细则：2, 1276, 0	正确率估算：95.75%
类型1 正确率： 100.00% -> 1  100.00%, 2    0.00%, 3    0.00%
类型2 正确率：  33.00% -> 1    0.05%, 2   33.00%, 3   66.95%
类型3 正确率：  33.00% -> 1    0.00%, 2   66.68%, 3   33.32%

被排除样本 正确率：100.00%
类型1 正确率： 100.00% -> 1  100.00%


轮次:·16/·20 || c_Loss:0.376 || e_Loss:-1.846 || Aad_Loss:-24.427 || 耗时：33.67s
轮次:·17/·20 || c_Loss:0.352 || e_Loss:-1.797 || Aad_Loss:-26.029 || 耗时：12.92s
轮次:·18/·20 || c_Loss:0.362 || e_Loss:-1.804 || Aad_Loss:-27.411 || 耗时：12.95s
轮次:·19/·20 || c_Loss:0.382 || e_Loss:-1.723 || Aad_Loss:-28.330 || 耗时：12.92s
轮次:·20/·20 || c_Loss:0.344 || e_Loss:-1.857 || Aad_Loss:-25.006 || 耗时：12.96s
任务: (B3)N15_M07_F04→(B1)N15_M01_F10; mix批次:····0; 批次:·1880/·1880;  总正确率: 60.67%
类型1 正确率： 100.00% -> 1  100.00%, 2    0.00%, 3    0.00%
类型2 正确率：  33.00% -> 1    0.00%, 2   32.95%, 3   67.05%
类型3 正确率：  49.00% -> 1    7.55%, 2   43.40%, 3   49.05%


测试集任务: (B3)N15_M07_F04→(B1)N15_M01_F10; 总正确率 = 60.67%
类型1 正确率： 100.00% -> 1  100.00%, 2    0.00%, 3    0.00%
类型2 正确率：  33.00% -> 1    0.00%, 2   32.95%, 3   67.05%
类型3 正确率：  49.00% -> 1    7.55%, 2   43.40%, 3   49.05%


