读取源域路径：/kaggle/working/m2rep/reps0/weight_PU_M1_final_checkpoint_FBtoA_gatev2_s0/NEW_PU/Source-源域/log&pt/(B1)N15_M01_F10
excel输出位置：/kaggle/working/m2rep/reps0/weight_PU_M1_final_checkpoint_FBtoA_gatev2_s0/NEW_PU/Target-目标域
特征图片输出位置：/kaggle/working/m2rep/reps0/weight_PU_M1_final_checkpoint_FBtoA_gatev2_s0/NEW_PU/Picture-特征图/2026年09月15日08时49分/(B1)N15_M01_F10
现在选取:(B1)N15_M01_F10 进行训练的源模型
现在进行：(B1)N15_M01_F10→(B3)N15_M07_F04 的迁移任务
log&pt输出位置：/kaggle/working/m2rep/reps0/weight_PU_M1_final_checkpoint_FBtoA_gatev2_s0/NEW_PU/Target-目标域/log&pt/(B1)N15_M01_F10→(B3)N15_M07_F04
任务: (B1)N15_M01_F10→(B3)N15_M07_F04; 批次:····0/·1880;  总正确率: 47.55%
类型1 正确率：  97.00% -> 1   97.00%, 2    0.00%, 3    3.00%
类型2 正确率：  33.00% -> 1   28.60%, 2   33.40%, 3   38.00%
类型3 正确率：  12.00% -> 1   12.90%, 2   74.85%, 3   12.25%


样本变换：reverse
样本变换：mask
样本变换：shift
样本变换：none
未过滤	未用伪标签：47.55% -> 使用伪标签：54.83%
已过滤	未用伪标签：47.92% -> 使用伪标签：55.42%
排除样本：63|6000	剩余：2459, 1970, 1508
增添样本：1431		细则：0, 498, 933	正确率估算：66.32%
类型1 正确率： 100.00% -> 1  100.00%, 2    0.00%, 3    0.00%
类型2 正确率：  33.00% -> 1   23.70%, 2   32.52%, 3   43.78%
类型3 正确率：  33.00% -> 1    0.00%, 2   67.00%, 3   33.00%

被排除样本 正确率：12.70%
类型1 没有样本或未被分类。
类型2 正确率：  13.00% -> 1   22.22%, 2   12.70%, 3   65.08%
类型3 没有样本或未被分类。


轮次:··1/·20 || c_Loss:0.495 || e_Loss:-1.752 || Aad_Loss:-28.127 || 耗时：34.36s
轮次:··2/·20 || c_Loss:0.384 || e_Loss:-1.883 || Aad_Loss:-27.702 || 耗时：13.05s
轮次:··3/·20 || c_Loss:0.377 || e_Loss:-1.642 || Aad_Loss:-27.696 || 耗时：12.98s
轮次:··4/·20 || c_Loss:0.352 || e_Loss:-1.736 || Aad_Loss:-28.843 || 耗时：12.84s
轮次:··5/·20 || c_Loss:0.354 || e_Loss:-1.047 || Aad_Loss:-29.143 || 耗时：12.86s
任务: (B1)N15_M01_F10→(B3)N15_M07_F04; mix批次:····0; 批次:··470/·1880;  总正确率: 54.97%
类型1 正确率： 100.00% -> 1  100.00%, 2    0.00%, 3    0.00%
类型2 正确率：  32.00% -> 1   29.55%, 2   31.90%, 3   38.55%
类型3 正确率：  33.00% -> 1    0.00%, 2   67.00%, 3   33.00%


样本变换：reverse
样本变换：mask
样本变换：shift
样本变换：none
未过滤	未用伪标签：54.97% -> 使用伪标签：55.12%
已过滤	未用伪标签：55.02% -> 使用伪标签：55.19%
排除样本：8|6000	剩余：2668, 1988, 1336
增添样本：1982		细则：0, 681, 1301	正确率估算：99.80%
类型1 正确率： 100.00% -> 1  100.00%, 2    0.00%, 3    0.00%
类型2 正确率：  33.00% -> 1   33.52%, 2   32.51%, 3   33.97%
类型3 正确率：  33.00% -> 1    0.00%, 2   67.03%, 3   32.97%

被排除样本 正确率：12.50%
类型1 正确率：   0.00% -> 1    0.00%, 2  100.00%
类型2 正确率： 100.00% -> 1    0.00%, 2  100.00%


轮次:··6/·20 || c_Loss:0.336 || e_Loss:-1.444 || Aad_Loss:-30.085 || 耗时：34.66s
轮次:··7/·20 || c_Loss:0.352 || e_Loss:-0.904 || Aad_Loss:-30.701 || 耗时：13.08s
轮次:··8/·20 || c_Loss:0.343 || e_Loss:-1.013 || Aad_Loss:-30.587 || 耗时：13.08s
轮次:··9/·20 || c_Loss:0.347 || e_Loss:-0.922 || Aad_Loss:-30.996 || 耗时：13.05s
轮次:·10/·20 || c_Loss:0.343 || e_Loss:-1.211 || Aad_Loss:-30.317 || 耗时：13.05s
任务: (B1)N15_M01_F10→(B3)N15_M07_F04; mix批次:····0; 批次:··940/·1880;  总正确率: 55.12%
类型1 正确率： 100.00% -> 1  100.00%, 2    0.00%, 3    0.00%
类型2 正确率：  32.00% -> 1   34.00%, 2   32.35%, 3   33.65%
类型3 正确率：  33.00% -> 1    0.00%, 2   67.00%, 3   33.00%


样本变换：reverse
样本变换：mask
样本变换：shift
样本变换：none
未过滤	未用伪标签：55.12% -> 使用伪标签：55.13%
已过滤	未用伪标签：55.15% -> 使用伪标签：55.18%
排除样本：5|6000	剩余：2680, 1989, 1326
增添样本：2011		细则：0, 691, 1320	正确率估算：99.95%
类型1 正确率： 100.00% -> 1  100.00%, 2    0.00%, 3    0.00%
类型2 正确率：  33.00% -> 1   34.07%, 2   32.52%, 3   33.42%
类型3 正确率：  33.00% -> 1    0.00%, 2   67.03%, 3   32.97%

被排除样本 正确率：20.00%
类型1 正确率：   0.00% -> 1    0.00%, 2  100.00%
类型2 正确率： 100.00% -> 1    0.00%, 2  100.00%


轮次:·11/·20 || c_Loss:0.337 || e_Loss:-1.336 || Aad_Loss:-30.442 || 耗时：34.33s
轮次:·12/·20 || c_Loss:0.342 || e_Loss:-0.934 || Aad_Loss:-31.045 || 耗时：12.91s
轮次:·13/·20 || c_Loss:0.362 || e_Loss:-0.894 || Aad_Loss:-31.839 || 耗时：13.03s
轮次:·14/·20 || c_Loss:0.344 || e_Loss:-0.931 || Aad_Loss:-31.219 || 耗时：13.12s
轮次:·15/·20 || c_Loss:0.351 || e_Loss:-0.914 || Aad_Loss:-32.475 || 耗时：12.91s
任务: (B1)N15_M01_F10→(B3)N15_M07_F04; mix批次:····0; 批次:·1410/·1880;  总正确率: 55.25%
类型1 正确率： 100.00% -> 1  100.00%, 2    0.00%, 3    0.00%
类型2 正确率：  33.00% -> 1   34.00%, 2   32.75%, 3   33.25%
类型3 正确率：  33.00% -> 1    0.00%, 2   67.00%, 3   33.00%


样本变换：reverse
样本变换：mask
样本变换：shift
样本变换：none
未过滤	未用伪标签：55.25% -> 使用伪标签：55.25%
已过滤	未用伪标签：55.28% -> 使用伪标签：55.28%
排除样本：3|6000	剩余：2680, 1997, 1320
增添样本：2009		细则：0, 683, 1326	正确率估算：100.00%
类型1 正确率： 100.00% -> 1  100.00%, 2    0.00%, 3    0.00%
类型2 正确率：  33.00% -> 1   34.05%, 2   32.85%, 3   33.10%
类型3 正确率：  33.00% -> 1    0.00%, 2   67.05%, 3   32.95%

被排除样本 正确率：0.00%
类型1 正确率：   0.00% -> 1    0.00%, 2  100.00%
类型2 没有样本或未被分类。


轮次:·16/·20 || c_Loss:0.346 || e_Loss:-0.920 || Aad_Loss:-31.179 || 耗时：34.29s
轮次:·17/·20 || c_Loss:0.347 || e_Loss:-0.964 || Aad_Loss:-31.204 || 耗时：12.92s
轮次:·18/·20 || c_Loss:0.344 || e_Loss:-0.904 || Aad_Loss:-30.832 || 耗时：12.97s
轮次:·19/·20 || c_Loss:0.337 || e_Loss:-0.961 || Aad_Loss:-31.299 || 耗时：13.16s
轮次:·20/·20 || c_Loss:0.336 || e_Loss:-0.908 || Aad_Loss:-31.986 || 耗时：12.97s
任务: (B1)N15_M01_F10→(B3)N15_M07_F04; mix批次:····0; 批次:·1880/·1880;  总正确率: 55.20%
类型1 正确率： 100.00% -> 1  100.00%, 2    0.00%, 3    0.00%
类型2 正确率：  33.00% -> 1   34.00%, 2   32.60%, 3   33.40%
类型3 正确率：  33.00% -> 1    0.00%, 2   67.00%, 3   33.00%


测试集任务: (B1)N15_M01_F10→(B3)N15_M07_F04; 总正确率 = 55.20%
类型1 正确率： 100.00% -> 1  100.00%, 2    0.00%, 3    0.00%
类型2 正确率：  33.00% -> 1   34.00%, 2   32.60%, 3   33.40%
类型3 正确率：  33.00% -> 1    0.00%, 2   67.00%, 3   33.00%


