读取源域路径：/kaggle/working/m2rep/reps0/weight_PU_M1_final_checkpoint_FBtoA_gatev2_s0/NEW_PU/Source-源域/log&pt/(B2)N15_M07_F10
excel输出位置：/kaggle/working/m2rep/reps0/weight_PU_M1_final_checkpoint_FBtoA_gatev2_s0/NEW_PU/Target-目标域
特征图片输出位置：/kaggle/working/m2rep/reps0/weight_PU_M1_final_checkpoint_FBtoA_gatev2_s0/NEW_PU/Picture-特征图/2026年09月15日09时01分/(B2)N15_M07_F10
现在选取:(B2)N15_M07_F10 进行训练的源模型
现在进行：(B2)N15_M07_F10→(B3)N15_M07_F04 的迁移任务
log&pt输出位置：/kaggle/working/m2rep/reps0/weight_PU_M1_final_checkpoint_FBtoA_gatev2_s0/NEW_PU/Target-目标域/log&pt/(B2)N15_M07_F10→(B3)N15_M07_F04
任务: (B2)N15_M07_F10→(B3)N15_M07_F04; 批次:····0/·1880;  总正确率: 49.25%
类型1 正确率：  98.00% -> 1   98.40%, 2    0.00%, 3    1.60%
类型2 正确率：  39.00% -> 1   25.75%, 2   38.60%, 3   35.65%
类型3 正确率：  11.00% -> 1    0.70%, 2   88.55%, 3   10.75%


样本变换：reverse
样本变换：mask
样本变换：shift
样本变换：none
未过滤	未用伪标签：49.25% -> 使用伪标签：55.07%
已过滤	未用伪标签：49.56% -> 使用伪标签：55.57%
排除样本：54|6000	剩余：2540, 1988, 1418
增添样本：1660		细则：0, 559, 1101	正确率估算：68.98%
类型1 正确率： 100.00% -> 1  100.00%, 2    0.00%, 3    0.00%
类型2 正确率：  33.00% -> 1   27.75%, 2   33.20%, 3   39.05%
类型3 正确率：  33.00% -> 1    0.00%, 2   67.10%, 3   32.90%

被排除样本 正确率：14.81%
类型1 没有样本或未被分类。
类型2 正确率：  15.00% -> 1   18.52%, 2   14.81%, 3   66.67%
类型3 没有样本或未被分类。


轮次:··1/·20 || c_Loss:0.520 || e_Loss:-0.976 || Aad_Loss:-28.053 || 耗时：34.45s
轮次:··2/·20 || c_Loss:0.389 || e_Loss:-1.511 || Aad_Loss:-27.812 || 耗时：13.13s
轮次:··3/·20 || c_Loss:0.349 || e_Loss:-1.499 || Aad_Loss:-29.060 || 耗时：13.06s
轮次:··4/·20 || c_Loss:0.388 || e_Loss:-1.615 || Aad_Loss:-26.340 || 耗时：12.99s
轮次:··5/·20 || c_Loss:0.354 || e_Loss:-1.579 || Aad_Loss:-30.754 || 耗时：13.01s
任务: (B2)N15_M07_F10→(B3)N15_M07_F04; mix批次:····0; 批次:··470/·1880;  总正确率: 55.17%
类型1 正确率： 100.00% -> 1  100.00%, 2    0.00%, 3    0.00%
类型2 正确率：  32.00% -> 1   32.95%, 2   32.50%, 3   34.55%
类型3 正确率：  33.00% -> 1    0.00%, 2   67.00%, 3   33.00%


样本变换：reverse
样本变换：mask
样本变换：shift
样本变换：none
未过滤	未用伪标签：55.17% -> 使用伪标签：55.25%
已过滤	未用伪标签：55.16% -> 使用伪标签：55.26%
排除样本：1|6000	剩余：2680, 1996, 1323
增添样本：2008		细则：0, 684, 1324	正确率估算：99.95%
类型1 正确率： 100.00% -> 1  100.00%, 2    0.00%, 3    0.00%
类型2 正确率：  33.00% -> 1   34.00%, 2   32.80%, 3   33.20%
类型3 正确率：  33.00% -> 1    0.00%, 2   67.03%, 3   32.97%

被排除样本 正确率：100.00%
类型1 正确率： 100.00% -> 1  100.00%


轮次:··6/·20 || c_Loss:0.346 || e_Loss:-1.573 || Aad_Loss:-29.989 || 耗时：34.21s
轮次:··7/·20 || c_Loss:0.345 || e_Loss:-0.948 || Aad_Loss:-30.547 || 耗时：12.92s
轮次:··8/·20 || c_Loss:0.344 || e_Loss:-0.943 || Aad_Loss:-31.001 || 耗时：12.96s
轮次:··9/·20 || c_Loss:0.348 || e_Loss:-1.386 || Aad_Loss:-29.954 || 耗时：13.07s
轮次:·10/·20 || c_Loss:0.343 || e_Loss:-1.030 || Aad_Loss:-30.666 || 耗时：12.96s
任务: (B2)N15_M07_F10→(B3)N15_M07_F04; mix批次:····0; 批次:··940/·1880;  总正确率: 55.25%
类型1 正确率： 100.00% -> 1  100.00%, 2    0.00%, 3    0.00%
类型2 正确率：  33.00% -> 1   34.00%, 2   32.75%, 3   33.25%
类型3 正确率：  33.00% -> 1    0.00%, 2   67.00%, 3   33.00%


样本变换：reverse
样本变换：mask
样本变换：shift
样本变换：none
未过滤	未用伪标签：55.25% -> 使用伪标签：55.25%
已过滤	未用伪标签：55.25% -> 使用伪标签：55.27%
排除样本：2|6000	剩余：2680, 1996, 1322
增添样本：2008		细则：0, 684, 1324	正确率估算：100.00%
类型1 正确率： 100.00% -> 1  100.00%, 2    0.00%, 3    0.00%
类型2 正确率：  33.00% -> 1   34.02%, 2   32.82%, 3   33.17%
类型3 正确率：  33.00% -> 1    0.00%, 2   67.03%, 3   32.97%

被排除样本 正确率：50.00%
类型1 正确率：   0.00% -> 1    0.00%, 2  100.00%
类型2 正确率： 100.00% -> 1    0.00%, 2  100.00%


轮次:·11/·20 || c_Loss:0.343 || e_Loss:-1.541 || Aad_Loss:-30.511 || 耗时：34.40s
轮次:·12/·20 || c_Loss:0.340 || e_Loss:-0.948 || Aad_Loss:-30.944 || 耗时：12.92s
轮次:·13/·20 || c_Loss:0.341 || e_Loss:-0.942 || Aad_Loss:-31.331 || 耗时：12.96s
轮次:·14/·20 || c_Loss:0.346 || e_Loss:-1.365 || Aad_Loss:-30.177 || 耗时：13.10s
轮次:·15/·20 || c_Loss:0.341 || e_Loss:-1.028 || Aad_Loss:-30.885 || 耗时：13.00s
任务: (B2)N15_M07_F10→(B3)N15_M07_F04; mix批次:····0; 批次:·1410/·1880;  总正确率: 55.25%
类型1 正确率： 100.00% -> 1  100.00%, 2    0.00%, 3    0.00%
类型2 正确率：  33.00% -> 1   34.00%, 2   32.75%, 3   33.25%
类型3 正确率：  33.00% -> 1    0.00%, 2   67.00%, 3   33.00%


样本变换：reverse
样本变换：mask
样本变换：shift
样本变换：none
未过滤	未用伪标签：55.25% -> 使用伪标签：55.25%
已过滤	未用伪标签：55.25% -> 使用伪标签：55.27%
排除样本：2|6000	剩余：2680, 1996, 1322
增添样本：2008		细则：0, 684, 1324	正确率估算：100.00%
类型1 正确率： 100.00% -> 1  100.00%, 2    0.00%, 3    0.00%
类型2 正确率：  33.00% -> 1   34.02%, 2   32.82%, 3   33.17%
类型3 正确率：  33.00% -> 1    0.00%, 2   67.03%, 3   32.97%

被排除样本 正确率：50.00%
类型1 正确率：   0.00% -> 1    0.00%, 2  100.00%
类型2 正确率： 100.00% -> 1    0.00%, 2  100.00%


轮次:·16/·20 || c_Loss:0.342 || e_Loss:-1.536 || Aad_Loss:-30.720 || 耗时：34.44s
轮次:·17/·20 || c_Loss:0.337 || e_Loss:-0.948 || Aad_Loss:-31.146 || 耗时：12.93s
轮次:·18/·20 || c_Loss:0.340 || e_Loss:-0.941 || Aad_Loss:-31.495 || 耗时：12.91s
轮次:·19/·20 || c_Loss:0.345 || e_Loss:-1.359 || Aad_Loss:-30.303 || 耗时：13.06s
轮次:·20/·20 || c_Loss:0.341 || e_Loss:-1.029 || Aad_Loss:-31.014 || 耗时：12.93s
任务: (B2)N15_M07_F10→(B3)N15_M07_F04; mix批次:····0; 批次:·1880/·1880;  总正确率: 55.27%
类型1 正确率： 100.00% -> 1  100.00%, 2    0.00%, 3    0.00%
类型2 正确率：  33.00% -> 1   34.00%, 2   32.80%, 3   33.20%
类型3 正确率：  33.00% -> 1    0.00%, 2   67.00%, 3   33.00%


测试集任务: (B2)N15_M07_F10→(B3)N15_M07_F04; 总正确率 = 55.27%
类型1 正确率： 100.00% -> 1  100.00%, 2    0.00%, 3    0.00%
类型2 正确率：  33.00% -> 1   34.00%, 2   32.80%, 3   33.20%
类型3 正确率：  33.00% -> 1    0.00%, 2   67.00%, 3   33.00%


