读取源域路径：/kaggle/working/m2rep/reps0/weight_PU_M1_final_checkpoint_FBtoA_gatev2_s0/NEW_PU/Source-源域/log&pt/(B1)N15_M01_F10
excel输出位置：/kaggle/working/m2rep/reps0/weight_PU_M1_final_checkpoint_FBtoA_gatev2_s0/NEW_PU/Target-目标域
特征图片输出位置：/kaggle/working/m2rep/reps0/weight_PU_M1_final_checkpoint_FBtoA_gatev2_s0/NEW_PU/Picture-特征图/2026年09月15日08时43分/(B1)N15_M01_F10
现在选取:(B1)N15_M01_F10 进行训练的源模型
现在进行：(B1)N15_M01_F10→(B2)N15_M07_F10 的迁移任务
log&pt输出位置：/kaggle/working/m2rep/reps0/weight_PU_M1_final_checkpoint_FBtoA_gatev2_s0/NEW_PU/Target-目标域/log&pt/(B1)N15_M01_F10→(B2)N15_M07_F10
任务: (B1)N15_M01_F10→(B2)N15_M07_F10; 批次:····0/·1880;  总正确率: 53.22%
类型1 正确率：  93.00% -> 1   93.35%, 2    0.00%, 3    6.65%
类型2 正确率：  33.00% -> 1   29.40%, 2   33.30%, 3   37.30%
类型3 正确率：  33.00% -> 1    0.00%, 2   67.00%, 3   33.00%


样本变换：reverse
样本变换：mask
样本变换：shift
样本变换：none
未过滤	未用伪标签：53.22% -> 使用伪标签：53.40%
已过滤	未用伪标签：53.79% -> 使用伪标签：54.23%
排除样本：92|6000	剩余：2189, 1998, 1721
增添样本：1430		细则：0, 945, 485	正确率估算：93.71%
类型1 正确率：  96.00% -> 1   96.18%, 2    0.00%, 3    3.82%
类型2 正确率：  34.00% -> 1   15.56%, 2   33.80%, 3   50.64%
类型3 正确率：  33.00% -> 1    0.00%, 2   67.00%, 3   33.00%

被排除样本 正确率：16.30%
类型1 正确率：  31.00% -> 1   30.77%, 2    0.00%, 3   69.23%
类型2 正确率：   6.00% -> 1   24.53%, 2    5.66%, 3   69.81%
类型3 没有样本或未被分类。


轮次:··1/·20 || c_Loss:0.530 || e_Loss:-1.138 || Aad_Loss:-24.572 || 耗时：34.74s
轮次:··2/·20 || c_Loss:0.482 || e_Loss:-1.623 || Aad_Loss:-20.607 || 耗时：13.24s
轮次:··3/·20 || c_Loss:0.385 || e_Loss:-1.410 || Aad_Loss:-21.335 || 耗时：12.97s
轮次:··4/·20 || c_Loss:0.561 || e_Loss:-1.579 || Aad_Loss:-23.180 || 耗时：12.80s
轮次:··5/·20 || c_Loss:0.367 || e_Loss:-1.777 || Aad_Loss:-27.677 || 耗时：12.78s
任务: (B1)N15_M01_F10→(B2)N15_M07_F10; mix批次:····0; 批次:··470/·1880;  总正确率: 57.33%
类型1 正确率： 100.00% -> 1  100.00%, 2    0.00%, 3    0.00%
类型2 正确率：  33.00% -> 1    7.20%, 2   33.00%, 3   59.80%
类型3 正确率：  39.00% -> 1    3.90%, 2   57.10%, 3   39.00%


样本变换：reverse
样本变换：mask
样本变换：shift
样本变换：none
未过滤	未用伪标签：57.33% -> 使用伪标签：55.33%
已过滤	未用伪标签：57.69% -> 使用伪标签：55.68%
排除样本：37|6000	剩余：2310, 2000, 1653
增添样本：1737		细则：0, 1064, 673	正确率估算：100.00%
类型1 正确率： 100.00% -> 1  100.00%, 2    0.00%, 3    0.00%
类型2 正确率：  34.00% -> 1   15.79%, 2   33.62%, 3   50.59%
类型3 正确率：  33.00% -> 1    0.00%, 2   67.00%, 3   33.00%

被排除样本 正确率：0.00%
类型1 正确率：   0.00% -> 1    0.00%, 2  100.00%
类型2 没有样本或未被分类。


轮次:··6/·20 || c_Loss:0.392 || e_Loss:-1.704 || Aad_Loss:-26.027 || 耗时：34.46s
轮次:··7/·20 || c_Loss:0.375 || e_Loss:-1.752 || Aad_Loss:-26.026 || 耗时：13.19s
轮次:··8/·20 || c_Loss:0.401 || e_Loss:-1.740 || Aad_Loss:-23.364 || 耗时：13.09s
轮次:··9/·20 || c_Loss:0.345 || e_Loss:-1.586 || Aad_Loss:-26.510 || 耗时：13.03s
轮次:·10/·20 || c_Loss:0.354 || e_Loss:-1.916 || Aad_Loss:-29.318 || 耗时：13.03s
任务: (B1)N15_M01_F10→(B2)N15_M07_F10; mix批次:····0; 批次:··940/·1880;  总正确率: 58.87%
类型1 正确率： 100.00% -> 1  100.00%, 2    0.00%, 3    0.00%
类型2 正确率：  33.00% -> 1    5.50%, 2   33.00%, 3   61.50%
类型3 正确率：  44.00% -> 1    2.40%, 2   54.00%, 3   43.60%


样本变换：reverse
样本变换：mask
样本变换：shift
样本变换：none
未过滤	未用伪标签：58.87% -> 使用伪标签：55.33%
已过滤	未用伪标签：59.21% -> 使用伪标签：55.66%
排除样本：35|6000	剩余：2190, 2000, 1775
增添样本：1387		细则：0, 948, 439	正确率估算：100.00%
类型1 正确率： 100.00% -> 1  100.00%, 2    0.00%, 3    0.00%
类型2 正确率：  34.00% -> 1    9.67%, 2   33.59%, 3   56.74%
类型3 正确率：  33.00% -> 1    0.00%, 2   67.00%, 3   33.00%

被排除样本 正确率：0.00%
类型1 正确率：   0.00% -> 1    0.00%, 2  100.00%
类型2 没有样本或未被分类。


轮次:·11/·20 || c_Loss:0.397 || e_Loss:-1.690 || Aad_Loss:-25.793 || 耗时：34.09s
轮次:·12/·20 || c_Loss:0.357 || e_Loss:-1.526 || Aad_Loss:-26.384 || 耗时：12.98s
轮次:·13/·20 || c_Loss:0.379 || e_Loss:-1.707 || Aad_Loss:-29.671 || 耗时：12.99s
轮次:·14/·20 || c_Loss:0.405 || e_Loss:-1.796 || Aad_Loss:-27.524 || 耗时：13.05s
轮次:·15/·20 || c_Loss:0.356 || e_Loss:-1.765 || Aad_Loss:-26.101 || 耗时：13.01s
任务: (B1)N15_M01_F10→(B2)N15_M07_F10; mix批次:····0; 批次:·1410/·1880;  总正确率: 59.12%
类型1 正确率： 100.00% -> 1  100.00%, 2    0.00%, 3    0.00%
类型2 正确率：  33.00% -> 1    1.80%, 2   33.00%, 3   65.20%
类型3 正确率：  44.00% -> 1    2.85%, 2   52.80%, 3   44.35%


样本变换：reverse
样本变换：mask
样本变换：shift
样本变换：none
未过滤	未用伪标签：59.12% -> 使用伪标签：55.33%
已过滤	未用伪标签：59.30% -> 使用伪标签：55.51%
排除样本：19|6000	剩余：2072, 2000, 1909
增添样本：1027		细则：0, 833, 194	正确率估算：100.00%
类型1 正确率： 100.00% -> 1  100.00%, 2    0.00%, 3    0.00%
类型2 正确率：  33.00% -> 1    3.63%, 2   33.32%, 3   63.05%
类型3 正确率：  33.00% -> 1    0.00%, 2   67.00%, 3   33.00%

被排除样本 正确率：0.00%
类型1 没有样本或未被分类。
类型2 正确率：   0.00% -> 1    5.26%, 2    0.00%, 3   94.74%
类型3 没有样本或未被分类。


轮次:·16/·20 || c_Loss:0.353 || e_Loss:-1.818 || Aad_Loss:-26.006 || 耗时：33.76s
轮次:·17/·20 || c_Loss:0.357 || e_Loss:-1.732 || Aad_Loss:-27.108 || 耗时：13.03s
轮次:·18/·20 || c_Loss:0.339 || e_Loss:-1.669 || Aad_Loss:-28.009 || 耗时：13.01s
轮次:·19/·20 || c_Loss:0.341 || e_Loss:-1.500 || Aad_Loss:-27.269 || 耗时：13.08s
轮次:·20/·20 || c_Loss:0.348 || e_Loss:-1.768 || Aad_Loss:-28.945 || 耗时：13.11s
任务: (B1)N15_M01_F10→(B2)N15_M07_F10; mix批次:····0; 批次:·1880/·1880;  总正确率: 58.70%
类型1 正确率： 100.00% -> 1  100.00%, 2    0.00%, 3    0.00%
类型2 正确率：  33.00% -> 1    0.05%, 2   33.00%, 3   66.95%
类型3 正确率：  43.00% -> 1    4.90%, 2   52.00%, 3   43.10%


测试集任务: (B1)N15_M01_F10→(B2)N15_M07_F10; 总正确率 = 58.70%
类型1 正确率： 100.00% -> 1  100.00%, 2    0.00%, 3    0.00%
类型2 正确率：  33.00% -> 1    0.05%, 2   33.00%, 3   66.95%
类型3 正确率：  43.00% -> 1    4.90%, 2   52.00%, 3   43.10%


