读取源域路径：/kaggle/working/m2rep/reps0/weight_PU_M1_final_checkpoint_FBtoA_gatev2_s0/NEW_PU/Source-源域/log&pt/(B2)N15_M07_F10
excel输出位置：/kaggle/working/m2rep/reps0/weight_PU_M1_final_checkpoint_FBtoA_gatev2_s0/NEW_PU/Target-目标域
特征图片输出位置：/kaggle/working/m2rep/reps0/weight_PU_M1_final_checkpoint_FBtoA_gatev2_s0/NEW_PU/Picture-特征图/2026年09月15日08时55分/(B2)N15_M07_F10
现在选取:(B2)N15_M07_F10 进行训练的源模型
现在进行：(B2)N15_M07_F10→(B1)N15_M01_F10 的迁移任务
log&pt输出位置：/kaggle/working/m2rep/reps0/weight_PU_M1_final_checkpoint_FBtoA_gatev2_s0/NEW_PU/Target-目标域/log&pt/(B2)N15_M07_F10→(B1)N15_M01_F10
任务: (B2)N15_M07_F10→(B1)N15_M01_F10; 批次:····0/·1880;  总正确率: 52.88%
类型1 正确率：  92.00% -> 1   92.10%, 2    0.00%, 3    7.90%
类型2 正确率：  34.00% -> 1   31.75%, 2   33.55%, 3   34.70%
类型3 正确率：  33.00% -> 1    0.00%, 2   67.00%, 3   33.00%


样本变换：reverse
样本变换：mask
样本变换：shift
样本变换：none
未过滤	未用伪标签：52.88% -> 使用伪标签：48.90%
已过滤	未用伪标签：52.53% -> 使用伪标签：49.73%
排除样本：100|6000	剩余：2188, 1995, 1717
增添样本：1939		细则：0, 1466, 473	正确率估算：93.89%
类型1 正确率：  84.00% -> 1   83.89%, 2    0.00%, 3   16.11%
类型2 正确率：  33.00% -> 1   28.88%, 2   33.25%, 3   37.87%
类型3 正确率：  33.00% -> 1    0.00%, 2   67.00%, 3   33.00%

被排除样本 正确率：74.00%
类型1 正确率：  99.00% -> 1   98.57%, 2    0.00%, 3    1.43%
类型2 正确率：  17.00% -> 1   20.00%, 2   16.67%, 3   63.33%
类型3 没有样本或未被分类。


轮次:··1/·20 || c_Loss:0.548 || e_Loss:-1.000 || Aad_Loss:-22.954 || 耗时：34.15s
轮次:··2/·20 || c_Loss:0.555 || e_Loss:-1.664 || Aad_Loss:-17.578 || 耗时：13.10s
轮次:··3/·20 || c_Loss:0.441 || e_Loss:-1.644 || Aad_Loss:-22.085 || 耗时：13.22s
轮次:··4/·20 || c_Loss:0.380 || e_Loss:-1.757 || Aad_Loss:-23.490 || 耗时：12.98s
轮次:··5/·20 || c_Loss:0.405 || e_Loss:-1.605 || Aad_Loss:-23.376 || 耗时：12.93s
任务: (B2)N15_M07_F10→(B1)N15_M01_F10; mix批次:····0; 批次:··470/·1880;  总正确率: 56.63%
类型1 正确率：  74.00% -> 1   74.25%, 2    0.00%, 3   25.75%
类型2 正确率：  33.00% -> 1   34.00%, 2   32.80%, 3   33.20%
类型3 正确率：  63.00% -> 1    8.05%, 2   29.10%, 3   62.85%


样本变换：reverse
样本变换：mask
样本变换：shift
样本变换：none
未过滤	未用伪标签：56.63% -> 使用伪标签：47.07%
已过滤	未用伪标签：56.82% -> 使用伪标签：47.26%
排除样本：25|6000	剩余：2184, 2000, 1791
增添样本：1850		细则：0, 1457, 393	正确率估算：96.07%
类型1 正确率：  76.00% -> 1   76.15%, 2    0.00%, 3   23.85%
类型2 正确率：  33.00% -> 1   34.00%, 2   33.00%, 3   33.00%
类型3 正确率：  33.00% -> 1    0.00%, 2   67.00%, 3   33.00%

被排除样本 正确率：12.00%
类型1 正确率：  12.00% -> 1   12.00%, 2   88.00%
类型2 没有样本或未被分类。


轮次:··6/·20 || c_Loss:0.431 || e_Loss:-1.712 || Aad_Loss:-20.539 || 耗时：33.94s
轮次:··7/·20 || c_Loss:0.464 || e_Loss:-1.803 || Aad_Loss:-22.055 || 耗时：12.97s
轮次:··8/·20 || c_Loss:0.369 || e_Loss:-1.618 || Aad_Loss:-26.002 || 耗时：13.00s
轮次:··9/·20 || c_Loss:0.438 || e_Loss:-1.682 || Aad_Loss:-21.007 || 耗时：12.97s
轮次:·10/·20 || c_Loss:0.434 || e_Loss:-1.822 || Aad_Loss:-23.009 || 耗时：13.01s
任务: (B2)N15_M07_F10→(B1)N15_M01_F10; mix批次:····0; 批次:··940/·1880;  总正确率: 47.85%
类型1 正确率：  68.00% -> 1   68.20%, 2    0.00%, 3   31.80%
类型2 正确率：  33.00% -> 1   34.00%, 2   33.00%, 3   33.00%
类型3 正确率：  42.00% -> 1   12.80%, 2   44.85%, 3   42.35%


样本变换：reverse
样本变换：mask
样本变换：shift
样本变换：none
未过滤	未用伪标签：47.85% -> 使用伪标签：44.67%
已过滤	未用伪标签：47.84% -> 使用伪标签：44.67%
排除样本：1|6000	剩余：2040, 2000, 1959
增添样本：1394		细则：0, 1313, 81	正确率估算：97.15%
类型1 正确率：  68.00% -> 1   68.03%, 2    0.00%, 3   31.97%
类型2 正确率：  33.00% -> 1   34.00%, 2   33.00%, 3   33.00%
类型3 正确率：  33.00% -> 1    0.00%, 2   67.00%, 3   33.00%

被排除样本 正确率：100.00%
类型1 正确率： 100.00% -> 1  100.00%


轮次:·11/·20 || c_Loss:0.390 || e_Loss:-1.821 || Aad_Loss:-24.962 || 耗时：33.89s
轮次:·12/·20 || c_Loss:0.422 || e_Loss:-1.748 || Aad_Loss:-26.589 || 耗时：12.98s
轮次:·13/·20 || c_Loss:0.374 || e_Loss:-1.819 || Aad_Loss:-23.095 || 耗时：12.97s
轮次:·14/·20 || c_Loss:0.383 || e_Loss:-1.749 || Aad_Loss:-23.830 || 耗时：12.96s
轮次:·15/·20 || c_Loss:0.352 || e_Loss:-1.907 || Aad_Loss:-26.678 || 耗时：12.93s
任务: (B2)N15_M07_F10→(B1)N15_M01_F10; mix批次:····0; 批次:·1410/·1880;  总正确率: 50.45%
类型1 正确率：  67.00% -> 1   67.05%, 2    0.00%, 3   32.95%
类型2 正确率：  33.00% -> 1   34.00%, 2   33.00%, 3   33.00%
类型3 正确率：  51.00% -> 1   13.35%, 2   35.35%, 3   51.30%


样本变换：reverse
样本变换：mask
样本变换：shift
样本变换：none
未过滤	未用伪标签：50.45% -> 使用伪标签：44.37%
已过滤	未用伪标签：50.45% -> 使用伪标签：44.37%
排除样本：2021|6000	剩余：1999, 1980
增添样本：1335		细则：0, 1294, 41	正确率估算：95.57%
类型1 正确率：  67.00% -> 1   67.05%, 2    0.00%, 3   32.95%
类型2 正确率：  33.00% -> 1   34.00%, 2   33.00%, 3   33.00%
类型3 正确率：  33.00% -> 1    0.00%, 2   66.95%, 3   33.05%

被排除样本 正确率：nan%


轮次:·16/·20 || c_Loss:0.349 || e_Loss:-1.836 || Aad_Loss:-25.825 || 耗时：33.99s
轮次:·17/·20 || c_Loss:0.432 || e_Loss:-1.874 || Aad_Loss:-22.734 || 耗时：13.03s
轮次:·18/·20 || c_Loss:0.368 || e_Loss:-1.812 || Aad_Loss:-25.418 || 耗时：13.08s
轮次:·19/·20 || c_Loss:0.363 || e_Loss:-1.825 || Aad_Loss:-25.405 || 耗时：13.10s
轮次:·20/·20 || c_Loss:0.347 || e_Loss:-1.801 || Aad_Loss:-26.017 || 耗时：13.10s
任务: (B2)N15_M07_F10→(B1)N15_M01_F10; mix批次:····0; 批次:·1880/·1880;  总正确率: 49.05%
类型1 正确率：  67.00% -> 1   67.00%, 2    0.00%, 3   33.00%
类型2 正确率：  33.00% -> 1   34.00%, 2   33.00%, 3   33.00%
类型3 正确率：  47.00% -> 1   10.65%, 2   42.20%, 3   47.15%


测试集任务: (B2)N15_M07_F10→(B1)N15_M01_F10; 总正确率 = 49.05%
类型1 正确率：  67.00% -> 1   67.00%, 2    0.00%, 3   33.00%
类型2 正确率：  33.00% -> 1   34.00%, 2   33.00%, 3   33.00%
类型3 正确率：  47.00% -> 1   10.65%, 2   42.20%, 3   47.15%


