读取源域路径：/kaggle/working/shot_k10/S09/weight_PU_M1_shot_FS09toS09_s2024/NEW_PU/Source-源域/log&pt/(B3)N15_M07_F04
excel输出位置：/kaggle/working/shot_k10/S09/weight_PU_M1_shot_FS09toS09_s2024/NEW_PU/Target-目标域
特征图片输出位置：/kaggle/working/shot_k10/S09/weight_PU_M1_shot_FS09toS09_s2024/NEW_PU/Picture-特征图/2026年09月21日21时48分/(B3)N15_M07_F04
现在选取:(B3)N15_M07_F04 进行训练的源模型
现在进行：(B3)N15_M07_F04→(B1)N15_M01_F10 的迁移任务
log&pt输出位置：/kaggle/working/shot_k10/S09/weight_PU_M1_shot_FS09toS09_s2024/NEW_PU/Target-目标域/log&pt/(B3)N15_M07_F04→(B1)N15_M01_F10
任务: (B3)N15_M07_F04→(B1)N15_M01_F10; 批次:····0/·1880;  总正确率: 78.18%
类型1 正确率： 100.00% -> 1  100.00%, 2    0.00%, 3    0.00%
类型2 正确率： 100.00% -> 1    0.00%, 2   99.85%, 3    0.15%
类型3 正确率：  35.00% -> 1    0.00%, 2   65.30%, 3   34.70%


SHOT pseudo-labels: model 78.18% -> centroid 83.08%
轮次:··1/·20 || cls:0.852 || im:-0.734 || 耗时：22.04s
SHOT pseudo-labels: model 76.20% -> centroid 61.88%
轮次:··2/·20 || cls:1.108 || im:-0.732 || 耗时：16.33s
SHOT pseudo-labels: model 73.00% -> centroid 63.03%
轮次:··3/·20 || cls:0.853 || im:-0.758 || 耗时：16.21s
SHOT pseudo-labels: model 74.63% -> centroid 53.95%
轮次:··4/·20 || cls:0.680 || im:-0.694 || 耗时：16.01s
SHOT pseudo-labels: model 74.63% -> centroid 52.73%
轮次:··5/·20 || cls:0.654 || im:-0.737 || 耗时：16.00s
SHOT pseudo-labels: model 75.35% -> centroid 52.25%
轮次:··6/·20 || cls:0.654 || im:-0.703 || 耗时：16.11s
SHOT pseudo-labels: model 75.50% -> centroid 51.83%
轮次:··7/·20 || cls:0.687 || im:-0.722 || 耗时：16.13s
SHOT pseudo-labels: model 76.43% -> centroid 52.22%
轮次:··8/·20 || cls:0.681 || im:-0.695 || 耗时：16.19s
SHOT pseudo-labels: model 76.42% -> centroid 52.08%
轮次:··9/·20 || cls:0.608 || im:-0.704 || 耗时：16.14s
SHOT pseudo-labels: model 75.37% -> centroid 51.85%
轮次:·10/·20 || cls:0.528 || im:-0.639 || 耗时：16.07s
SHOT pseudo-labels: model 75.35% -> centroid 52.17%
轮次:·11/·20 || cls:0.708 || im:-0.710 || 耗时：16.04s
SHOT pseudo-labels: model 75.42% -> centroid 52.20%
轮次:·12/·20 || cls:0.768 || im:-0.724 || 耗时：16.05s
SHOT pseudo-labels: model 76.15% -> centroid 52.42%
轮次:·13/·20 || cls:0.663 || im:-0.730 || 耗时：16.09s
SHOT pseudo-labels: model 75.02% -> centroid 51.87%
轮次:·14/·20 || cls:0.737 || im:-0.689 || 耗时：16.05s
SHOT pseudo-labels: model 74.68% -> centroid 52.05%
轮次:·15/·20 || cls:0.720 || im:-0.674 || 耗时：16.08s
SHOT pseudo-labels: model 73.52% -> centroid 51.90%
轮次:·16/·20 || cls:0.688 || im:-0.673 || 耗时：16.05s
SHOT pseudo-labels: model 74.17% -> centroid 51.95%
轮次:·17/·20 || cls:0.721 || im:-0.644 || 耗时：16.10s
SHOT pseudo-labels: model 73.48% -> centroid 51.88%
轮次:·18/·20 || cls:0.715 || im:-0.669 || 耗时：16.11s
SHOT pseudo-labels: model 74.03% -> centroid 52.07%
轮次:·19/·20 || cls:0.830 || im:-0.736 || 耗时：16.10s
SHOT pseudo-labels: model 73.57% -> centroid 51.82%
轮次:·20/·20 || cls:0.573 || im:-0.713 || 耗时：16.12s
测试集任务: (B3)N15_M07_F04→(B1)N15_M01_F10; 总正确率 = 73.25%
类型1 正确率： 100.00% -> 1  100.00%, 2    0.00%, 3    0.00%
类型2 正确率：  63.00% -> 1    0.00%, 2   63.25%, 3   36.75%
类型3 正确率：  56.00% -> 1    0.00%, 2   43.50%, 3   56.50%


