读取源域路径：/kaggle/working/k10/S05/weight_PU_M1_final_checkpoint_FS05toS05c_s2024/NEW_PU/Source-源域/log&pt/(B1)N15_M01_F10
excel输出位置：/kaggle/working/k10/S05/weight_PU_M1_final_checkpoint_FS05toS05c_s2024/NEW_PU/Target-目标域
特征图片输出位置：/kaggle/working/k10/S05/weight_PU_M1_final_checkpoint_FS05toS05c_s2024/NEW_PU/Picture-特征图/2026年09月17日00时30分/(B1)N15_M01_F10
现在选取:(B1)N15_M01_F10 进行训练的源模型
现在进行：(B1)N15_M01_F10→(B2)N15_M07_F10 的迁移任务
log&pt输出位置：/kaggle/working/k10/S05/weight_PU_M1_final_checkpoint_FS05toS05c_s2024/NEW_PU/Target-目标域/log&pt/(B1)N15_M01_F10→(B2)N15_M07_F10
任务: (B1)N15_M01_F10→(B2)N15_M07_F10; 批次:····0/·1880;  总正确率: 25.92%
类型1 正确率：  49.00% -> 1   48.95%, 2   17.75%, 3   33.30%
类型2 正确率：  24.00% -> 1    0.00%, 2   24.20%, 3   75.80%
类型3 正确率：   5.00% -> 1    0.00%, 2   95.40%, 3    4.60%


样本变换：reverse
样本变换：mask
样本变换：shift
样本变换：none
未过滤	未用伪标签：25.92% -> 使用伪标签：24.33%
已过滤	未用伪标签：25.44% -> 使用伪标签：25.41%
排除样本：254|6000	剩余：1004, 2642, 2100
增添样本：2180		细则：1638, 0, 542	正确率估算：93.92%
类型1 正确率：  52.00% -> 1   52.16%, 2   13.92%, 3   33.92%
类型2 正确率：  23.00% -> 1    0.00%, 2   23.23%, 3   76.77%
类型3 正确率：   1.00% -> 1    0.00%, 2   98.68%, 3    1.32%

被排除样本 正确率：36.61%
类型1 正确率：  23.00% -> 1   22.67%, 2   60.00%, 3   17.33%
类型2 正确率：  34.00% -> 1    0.00%, 2   33.56%, 3   66.44%
类型3 正确率：  87.00% -> 1    0.00%, 2   13.33%, 3   86.67%


轮次:··1/·20 || c_Loss:0.624 || e_Loss:-0.883 || Aad_Loss:-20.631 || 耗时：36.79s
轮次:··2/·20 || c_Loss:0.416 || e_Loss:-1.384 || Aad_Loss:-24.257 || 耗时：13.59s
轮次:··3/·20 || c_Loss:0.494 || e_Loss:-1.455 || Aad_Loss:-21.167 || 耗时：13.28s
轮次:··4/·20 || c_Loss:0.402 || e_Loss:-1.526 || Aad_Loss:-24.148 || 耗时：13.15s
轮次:··5/·20 || c_Loss:0.387 || e_Loss:-1.727 || Aad_Loss:-25.356 || 耗时：13.30s
任务: (B1)N15_M01_F10→(B2)N15_M07_F10; mix批次:····0; 批次:··470/·1880;  总正确率: 28.37%
类型1 正确率：  60.00% -> 1   60.20%, 2    5.80%, 3   34.00%
类型2 正确率：  24.00% -> 1    0.00%, 2   24.30%, 3   75.70%
类型3 正确率：   1.00% -> 1    0.00%, 2   99.40%, 3    0.60%


样本变换：reverse
样本变换：mask
样本变换：shift
样本变换：none
未过滤	未用伪标签：28.37% -> 使用伪标签：28.78%
已过滤	未用伪标签：27.90% -> 使用伪标签：29.18%
排除样本：82|6000	剩余：1312, 2397, 2209
增添样本：1273		细则：1085, 0, 188	正确率估算：92.38%
类型1 正确率：  66.00% -> 1   65.70%, 2    0.25%, 3   34.05%
类型2 正确率：  21.00% -> 1    0.00%, 2   21.08%, 3   78.92%
类型3 正确率：   0.00% -> 1    0.00%, 2   99.55%, 3    0.45%

被排除样本 正确率：62.20%
类型1 正确率：   0.00% -> 1    0.00%, 2  100.00%, 3    0.00%
类型2 正确率：  65.00% -> 1    0.00%, 2   64.86%, 3   35.14%
类型3 正确率：  60.00% -> 1    0.00%, 2   40.00%, 3   60.00%


轮次:··6/·20 || c_Loss:0.395 || e_Loss:-1.379 || Aad_Loss:-27.200 || 耗时：35.49s
轮次:··7/·20 || c_Loss:0.373 || e_Loss:-0.897 || Aad_Loss:-28.589 || 耗时：13.32s
轮次:··8/·20 || c_Loss:0.387 || e_Loss:-0.845 || Aad_Loss:-29.629 || 耗时：13.30s
轮次:··9/·20 || c_Loss:0.376 || e_Loss:-1.700 || Aad_Loss:-28.607 || 耗时：13.30s
轮次:·10/·20 || c_Loss:0.365 || e_Loss:-0.926 || Aad_Loss:-29.695 || 耗时：13.31s
任务: (B1)N15_M01_F10→(B2)N15_M07_F10; mix批次:····0; 批次:··940/·1880;  总正确率: 29.33%
类型1 正确率：  66.00% -> 1   66.00%, 2    0.00%, 3   34.00%
类型2 正确率：  22.00% -> 1    0.00%, 2   21.65%, 3   78.35%
类型3 正确率：   0.00% -> 1    0.00%, 2   99.65%, 3    0.35%


样本变换：reverse
样本变换：mask
样本变换：shift
样本变换：none
未过滤	未用伪标签：29.33% -> 使用伪标签：28.57%
已过滤	未用伪标签：29.06% -> 使用伪标签：28.90%
排除样本：70|6000	剩余：1320, 2385, 2225
增添样本：1225		细则：1065, 0, 160	正确率估算：100.00%
类型1 正确率：  66.00% -> 1   66.00%, 2    0.00%, 3   34.00%
类型2 正确率：  20.00% -> 1    0.00%, 2   20.23%, 3   79.77%
类型3 正确率：   0.00% -> 1    0.00%, 2   99.85%, 3    0.15%

被排除样本 正确率：52.86%
类型1 正确率：  52.00% -> 1   52.24%, 2   47.76%
类型2 正确率：  67.00% -> 1   33.33%, 2   66.67%


轮次:·11/·20 || c_Loss:0.382 || e_Loss:-1.831 || Aad_Loss:-28.193 || 耗时：35.00s
轮次:·12/·20 || c_Loss:0.366 || e_Loss:-1.776 || Aad_Loss:-31.063 || 耗时：13.34s
轮次:·13/·20 || c_Loss:0.408 || e_Loss:-1.725 || Aad_Loss:-27.683 || 耗时：13.34s
轮次:·14/·20 || c_Loss:0.374 || e_Loss:-1.831 || Aad_Loss:-29.484 || 耗时：13.35s
轮次:·15/·20 || c_Loss:0.381 || e_Loss:-0.918 || Aad_Loss:-29.117 || 耗时：13.37s
任务: (B1)N15_M01_F10→(B2)N15_M07_F10; mix批次:····0; 批次:·1410/·1880;  总正确率: 29.12%
类型1 正确率：  66.00% -> 1   66.00%, 2    0.00%, 3   34.00%
类型2 正确率：  21.00% -> 1    0.00%, 2   21.15%, 3   78.85%
类型3 正确率：   0.00% -> 1    0.00%, 2   99.80%, 3    0.20%


样本变换：reverse
样本变换：mask
样本变换：shift
样本变换：none
未过滤	未用伪标签：29.12% -> 使用伪标签：28.65%
已过滤	未用伪标签：28.96% -> 使用伪标签：29.01%
排除样本：75|6000	剩余：1320, 2395, 2210
增添样本：1260		细则：1075, 0, 185	正确率估算：100.00%
类型1 正确率：  66.00% -> 1   66.00%, 2    0.00%, 3   34.00%
类型2 正确率：  21.00% -> 1    0.00%, 2   20.62%, 3   79.38%
类型3 正确率：   0.00% -> 1    0.00%, 2   99.90%, 3    0.10%

被排除样本 正确率：41.33%
类型1 正确率：  41.00% -> 1   41.33%, 2   58.67%
类型2 没有样本或未被分类。


轮次:·16/·20 || c_Loss:0.386 || e_Loss:-0.904 || Aad_Loss:-29.841 || 耗时：35.02s
轮次:·17/·20 || c_Loss:0.378 || e_Loss:-1.878 || Aad_Loss:-30.619 || 耗时：13.30s
轮次:·18/·20 || c_Loss:0.370 || e_Loss:-1.791 || Aad_Loss:-29.612 || 耗时：13.29s
轮次:·19/·20 || c_Loss:0.369 || e_Loss:-0.913 || Aad_Loss:-30.715 || 耗时：13.27s
轮次:·20/·20 || c_Loss:0.383 || e_Loss:-1.810 || Aad_Loss:-29.198 || 耗时：13.29s
任务: (B1)N15_M01_F10→(B2)N15_M07_F10; mix批次:····0; 批次:·1880/·1880;  总正确率: 29.20%
类型1 正确率：  66.00% -> 1   66.00%, 2    0.00%, 3   34.00%
类型2 正确率：  22.00% -> 1    0.00%, 2   21.50%, 3   78.50%
类型3 正确率：   0.00% -> 1    0.00%, 2   99.90%, 3    0.10%


测试集任务: (B1)N15_M01_F10→(B2)N15_M07_F10; 总正确率 = 29.20%
类型1 正确率：  66.00% -> 1   66.00%, 2    0.00%, 3   34.00%
类型2 正确率：  22.00% -> 1    0.00%, 2   21.50%, 3   78.50%
类型3 正确率：   0.00% -> 1    0.00%, 2   99.90%, 3    0.10%


