读取源域路径：/kaggle/working/k10/S05/weight_PU_M1_final_checkpoint_FS05toS05c_s2024/NEW_PU/Source-源域/log&pt/(B3)N15_M07_F04
excel输出位置：/kaggle/working/k10/S05/weight_PU_M1_final_checkpoint_FS05toS05c_s2024/NEW_PU/Target-目标域
特征图片输出位置：/kaggle/working/k10/S05/weight_PU_M1_final_checkpoint_FS05toS05c_s2024/NEW_PU/Picture-特征图/2026年09月17日01时01分/(B3)N15_M07_F04
现在选取:(B3)N15_M07_F04 进行训练的源模型
现在进行：(B3)N15_M07_F04→(B2)N15_M07_F10 的迁移任务
log&pt输出位置：/kaggle/working/k10/S05/weight_PU_M1_final_checkpoint_FS05toS05c_s2024/NEW_PU/Target-目标域/log&pt/(B3)N15_M07_F04→(B2)N15_M07_F10
任务: (B3)N15_M07_F04→(B2)N15_M07_F10; 批次:····0/·1880;  总正确率: 20.15%
类型1 正确率：  40.00% -> 1   39.80%, 2   21.15%, 3   39.05%
类型2 正确率：  19.00% -> 1    0.00%, 2   18.90%, 3   81.10%
类型3 正确率：   2.00% -> 1    0.00%, 2   98.25%, 3    1.75%


样本变换：reverse
样本变换：mask
样本变换：shift
样本变换：none
未过滤	未用伪标签：20.15% -> 使用伪标签：23.07%
已过滤	未用伪标签：20.13% -> 使用伪标签：23.78%
排除样本：179|6000	剩余：855, 2893, 2073
增添样本：2858		细则：2038, 0, 820	正确率估算：93.49%
类型1 正确率：  45.00% -> 1   44.65%, 2   19.53%, 3   35.82%
类型2 正确率：  28.00% -> 1    0.00%, 2   27.56%, 3   72.44%
类型3 正确率：   0.00% -> 1    0.00%, 2   99.90%, 3    0.10%

被排除样本 正确率：20.67%
类型1 正确率：  31.00% -> 1   30.59%, 2   51.76%, 3   17.65%
类型2 正确率：   6.00% -> 1    0.00%, 2    5.68%, 3   94.32%
类型3 正确率： 100.00% -> 1    0.00%, 2    0.00%, 3  100.00%


轮次:··1/·20 || c_Loss:0.587 || e_Loss:-1.703 || Aad_Loss:-25.125 || 耗时：35.36s
轮次:··2/·20 || c_Loss:0.443 || e_Loss:-1.675 || Aad_Loss:-26.219 || 耗时：13.48s
轮次:··3/·20 || c_Loss:0.383 || e_Loss:-1.577 || Aad_Loss:-26.534 || 耗时：13.37s
轮次:··4/·20 || c_Loss:0.443 || e_Loss:-1.364 || Aad_Loss:-27.334 || 耗时：13.35s
轮次:··5/·20 || c_Loss:0.429 || e_Loss:-1.726 || Aad_Loss:-27.664 || 耗时：13.35s
任务: (B3)N15_M07_F04→(B2)N15_M07_F10; mix批次:····0; 批次:··470/·1880;  总正确率: 24.37%
类型1 正确率：  42.00% -> 1   42.50%, 2   23.50%, 3   34.00%
类型2 正确率：  31.00% -> 1    0.00%, 2   30.60%, 3   69.40%
类型3 正确率：   0.00% -> 1    0.00%, 2  100.00%, 3    0.00%


样本变换：reverse
样本变换：mask
样本变换：shift
样本变换：none
未过滤	未用伪标签：24.37% -> 使用伪标签：24.73%
已过滤	未用伪标签：24.30% -> 使用伪标签：24.90%
排除样本：40|6000	剩余：847, 3084, 2029
增添样本：3292		细则：2237, 0, 1055	正确率估算：99.37%
类型1 正确率：  43.00% -> 1   42.91%, 2   22.64%, 3   34.45%
类型2 正确率：  32.00% -> 1    0.00%, 2   32.07%, 3   67.93%
类型3 正确率：   0.00% -> 1    0.00%, 2  100.00%, 3    0.00%

被排除样本 正确率：35.00%
类型1 正确率：  54.00% -> 1   53.85%, 2   46.15%, 3    0.00%
类型2 正确率：   0.00% -> 1    0.00%, 2    0.00%, 3  100.00%
类型3 没有样本或未被分类。


轮次:··6/·20 || c_Loss:0.413 || e_Loss:-0.846 || Aad_Loss:-28.888 || 耗时：35.38s
轮次:··7/·20 || c_Loss:0.437 || e_Loss:-0.841 || Aad_Loss:-30.040 || 耗时：13.30s
轮次:··8/·20 || c_Loss:0.416 || e_Loss:-0.803 || Aad_Loss:-32.346 || 耗时：13.28s
轮次:··9/·20 || c_Loss:0.407 || e_Loss:-0.905 || Aad_Loss:-29.759 || 耗时：13.29s
轮次:·10/·20 || c_Loss:0.435 || e_Loss:-1.693 || Aad_Loss:-26.885 || 耗时：13.34s
任务: (B3)N15_M07_F04→(B2)N15_M07_F10; mix批次:····0; 批次:··940/·1880;  总正确率: 23.63%
类型1 正确率：  38.00% -> 1   38.20%, 2   27.80%, 3   34.00%
类型2 正确率：  33.00% -> 1    0.00%, 2   32.70%, 3   67.30%
类型3 正确率：   0.00% -> 1    0.00%, 2  100.00%, 3    0.00%


样本变换：reverse
样本变换：mask
样本变换：shift
样本变换：none
未过滤	未用伪标签：23.63% -> 使用伪标签：23.30%
已过滤	未用伪标签：23.46% -> 使用伪标签：23.41%
排除样本：29|6000	剩余：743, 3209, 2019
增添样本：3656		细则：2466, 0, 1190	正确率估算：99.79%
类型1 正确率：  38.00% -> 1   37.58%, 2   28.02%, 3   34.40%
类型2 正确率：  33.00% -> 1    0.00%, 2   32.85%, 3   67.15%
类型3 正确率：   0.00% -> 1    0.00%, 2  100.00%, 3    0.00%

被排除样本 正确率：58.62%
类型1 正确率：  65.00% -> 1   65.22%, 2   34.78%, 3    0.00%
类型2 正确率：  33.00% -> 1    0.00%, 2   33.33%, 3   66.67%
类型3 没有样本或未被分类。


轮次:·11/·20 || c_Loss:0.397 || e_Loss:-0.900 || Aad_Loss:-31.646 || 耗时：35.36s
轮次:·12/·20 || c_Loss:0.416 || e_Loss:-0.882 || Aad_Loss:-31.900 || 耗时：13.34s
轮次:·13/·20 || c_Loss:0.385 || e_Loss:-0.935 || Aad_Loss:-30.176 || 耗时：13.33s
轮次:·14/·20 || c_Loss:0.374 || e_Loss:-0.945 || Aad_Loss:-31.969 || 耗时：13.35s
轮次:·15/·20 || c_Loss:0.395 || e_Loss:-0.889 || Aad_Loss:-32.715 || 耗时：13.37s
任务: (B3)N15_M07_F04→(B2)N15_M07_F10; mix批次:····0; 批次:·1410/·1880;  总正确率: 22.37%
类型1 正确率：  34.00% -> 1   33.85%, 2   32.15%, 3   34.00%
类型2 正确率：  33.00% -> 1    0.00%, 2   33.25%, 3   66.75%
类型3 正确率：   0.00% -> 1    0.00%, 2  100.00%, 3    0.00%


样本变换：reverse
样本变换：mask
样本变换：shift
样本变换：none
未过滤	未用伪标签：22.37% -> 使用伪标签：22.22%
已过滤	未用伪标签：22.35% -> 使用伪标签：22.26%
排除样本：13|6000	剩余：666, 3318, 2003
增添样本：3967		细则：2652, 0, 1315	正确率估算：99.95%
类型1 正确率：  33.00% -> 1   33.35%, 2   32.60%, 3   34.05%
类型2 正确率：  34.00% -> 1    0.00%, 2   33.52%, 3   66.48%
类型3 正确率：   0.00% -> 1    0.00%, 2  100.00%, 3    0.00%

被排除样本 正确率：30.77%
类型1 正确率： 100.00% -> 1  100.00%, 2    0.00%, 3    0.00%
类型2 正确率：  10.00% -> 1    0.00%, 2   10.00%, 3   90.00%
类型3 没有样本或未被分类。


轮次:·16/·20 || c_Loss:0.391 || e_Loss:-0.895 || Aad_Loss:-32.917 || 耗时：35.45s
轮次:·17/·20 || c_Loss:0.396 || e_Loss:-0.846 || Aad_Loss:-37.123 || 耗时：13.30s
轮次:·18/·20 || c_Loss:0.406 || e_Loss:-0.870 || Aad_Loss:-35.083 || 耗时：13.30s
轮次:·19/·20 || c_Loss:0.388 || e_Loss:-1.928 || Aad_Loss:-34.227 || 耗时：13.32s
轮次:·20/·20 || c_Loss:0.392 || e_Loss:-1.953 || Aad_Loss:-32.511 || 耗时：13.34s
任务: (B3)N15_M07_F04→(B2)N15_M07_F10; mix批次:····0; 批次:·1880/·1880;  总正确率: 22.22%
类型1 正确率：  33.00% -> 1   33.05%, 2   32.95%, 3   34.00%
类型2 正确率：  34.00% -> 1    0.00%, 2   33.60%, 3   66.40%
类型3 正确率：   0.00% -> 1    0.00%, 2  100.00%, 3    0.00%


测试集任务: (B3)N15_M07_F04→(B2)N15_M07_F10; 总正确率 = 22.22%
类型1 正确率：  33.00% -> 1   33.05%, 2   32.95%, 3   34.00%
类型2 正确率：  34.00% -> 1    0.00%, 2   33.60%, 3   66.40%
类型3 正确率：   0.00% -> 1    0.00%, 2  100.00%, 3    0.00%


