读取源域路径：/kaggle/working/k10/S05/weight_PU_M1_final_checkpoint_FS05toS05c_s2024/NEW_PU/Source-源域/log&pt/(B2)N15_M07_F10
excel输出位置：/kaggle/working/k10/S05/weight_PU_M1_final_checkpoint_FS05toS05c_s2024/NEW_PU/Target-目标域
特征图片输出位置：/kaggle/working/k10/S05/weight_PU_M1_final_checkpoint_FS05toS05c_s2024/NEW_PU/Picture-特征图/2026年09月17日00时48分/(B2)N15_M07_F10
现在选取:(B2)N15_M07_F10 进行训练的源模型
现在进行：(B2)N15_M07_F10→(B3)N15_M07_F04 的迁移任务
log&pt输出位置：/kaggle/working/k10/S05/weight_PU_M1_final_checkpoint_FS05toS05c_s2024/NEW_PU/Target-目标域/log&pt/(B2)N15_M07_F10→(B3)N15_M07_F04
任务: (B2)N15_M07_F10→(B3)N15_M07_F04; 批次:····0/·1880;  总正确率: 47.33%
类型1 正确率：  90.00% -> 1   90.40%, 2    3.00%, 3    6.60%
类型2 正确率：   5.00% -> 1    0.00%, 2    5.35%, 3   94.65%
类型3 正确率：  46.00% -> 1    0.00%, 2   53.75%, 3   46.25%


样本变换：reverse
样本变换：mask
样本变换：shift
样本变换：none
未过滤	未用伪标签：47.33% -> 使用伪标签：46.75%
已过滤	未用伪标签：46.84% -> 使用伪标签：47.31%
排除样本：71|6000	剩余：1800, 1146, 2983
增添样本：3020		细则：1183, 1837, 0	正确率估算：93.39%
类型1 正确率：  93.00% -> 1   92.83%, 2    7.12%, 3    0.05%
类型2 正确率：   0.00% -> 1    0.05%, 2    0.35%, 3   99.60%
类型3 正确率：  50.00% -> 1    0.00%, 2   50.05%, 3   49.95%

被排除样本 正确率：88.73%
类型1 正确率：  87.00% -> 1   87.10%, 2    9.68%, 3    3.23%
类型2 正确率： 100.00% -> 1    0.00%, 2  100.00%, 3    0.00%
类型3 没有样本或未被分类。


轮次:··1/·20 || c_Loss:0.627 || e_Loss:-1.028 || Aad_Loss:-27.734 || 耗时：35.61s
轮次:··2/·20 || c_Loss:0.416 || e_Loss:-0.915 || Aad_Loss:-31.542 || 耗时：13.32s
轮次:··3/·20 || c_Loss:0.383 || e_Loss:-0.843 || Aad_Loss:-30.793 || 耗时：13.21s
轮次:··4/·20 || c_Loss:0.402 || e_Loss:-0.890 || Aad_Loss:-31.030 || 耗时：13.36s
轮次:··5/·20 || c_Loss:0.415 || e_Loss:-0.979 || Aad_Loss:-28.925 || 耗时：13.22s
任务: (B2)N15_M07_F10→(B3)N15_M07_F04; mix批次:····0; 批次:··470/·1880;  总正确率: 49.22%
类型1 正确率：  98.00% -> 1   97.55%, 2    2.45%, 3    0.00%
类型2 正确率：   0.00% -> 1    0.00%, 2    0.15%, 3   99.85%
类型3 正确率：  50.00% -> 1    0.00%, 2   50.05%, 3   49.95%


样本变换：reverse
样本变换：mask
样本变换：shift
样本变换：none
未过滤	未用伪标签：49.22% -> 使用伪标签：50.02%
已过滤	未用伪标签：49.22% -> 使用伪标签：50.02%
排除样本：2000|6000	剩余：1001, 2999
增添样本：2997		细则：999, 1998, 0	正确率估算：99.00%
类型1 正确率： 100.00% -> 1  100.00%, 2    0.00%, 3    0.00%
类型2 正确率：   0.00% -> 1    0.00%, 2    0.05%, 3   99.95%
类型3 正确率：  50.00% -> 1    0.00%, 2   50.00%, 3   50.00%

被排除样本 正确率：nan%


轮次:··6/·20 || c_Loss:0.370 || e_Loss:-0.983 || Aad_Loss:-31.349 || 耗时：35.47s
轮次:··7/·20 || c_Loss:0.377 || e_Loss:-0.979 || Aad_Loss:-31.028 || 耗时：13.38s
轮次:··8/·20 || c_Loss:0.375 || e_Loss:-0.907 || Aad_Loss:-35.074 || 耗时：13.37s
轮次:··9/·20 || c_Loss:0.376 || e_Loss:-0.983 || Aad_Loss:-32.814 || 耗时：13.35s
轮次:·10/·20 || c_Loss:0.385 || e_Loss:-0.964 || Aad_Loss:-33.240 || 耗时：13.33s
任务: (B2)N15_M07_F10→(B3)N15_M07_F04; mix批次:····0; 批次:··940/·1880;  总正确率: 50.03%
类型1 正确率： 100.00% -> 1  100.00%, 2    0.00%, 3    0.00%
类型2 正确率：   0.00% -> 1    0.00%, 2    0.10%, 3   99.90%
类型3 正确率：  50.00% -> 1    0.00%, 2   50.00%, 3   50.00%


样本变换：reverse
样本变换：mask
样本变换：shift
样本变换：none
未过滤	未用伪标签：50.03% -> 使用伪标签：50.00%
已过滤	未用伪标签：50.03% -> 使用伪标签：50.00%
排除样本：2000|6000	剩余：1000, 3000
增添样本：3000		细则：1000, 2000, 0	正确率估算：100.00%
类型1 正确率： 100.00% -> 1  100.00%, 2    0.00%, 3    0.00%
类型2 正确率：   0.00% -> 1    0.00%, 2    0.00%, 3  100.00%
类型3 正确率：  50.00% -> 1    0.00%, 2   50.00%, 3   50.00%

被排除样本 正确率：nan%


轮次:·11/·20 || c_Loss:0.376 || e_Loss:-1.009 || Aad_Loss:-31.491 || 耗时：35.36s
轮次:·12/·20 || c_Loss:0.376 || e_Loss:-0.979 || Aad_Loss:-31.596 || 耗时：13.35s
轮次:·13/·20 || c_Loss:0.369 || e_Loss:-0.909 || Aad_Loss:-35.498 || 耗时：13.43s
轮次:·14/·20 || c_Loss:0.377 || e_Loss:-0.985 || Aad_Loss:-33.079 || 耗时：13.38s
轮次:·15/·20 || c_Loss:0.382 || e_Loss:-0.978 || Aad_Loss:-32.951 || 耗时：13.37s
任务: (B2)N15_M07_F10→(B3)N15_M07_F04; mix批次:····0; 批次:·1410/·1880;  总正确率: 50.02%
类型1 正确率： 100.00% -> 1  100.00%, 2    0.00%, 3    0.00%
类型2 正确率：   0.00% -> 1    0.00%, 2    0.05%, 3   99.95%
类型3 正确率：  50.00% -> 1    0.00%, 2   50.00%, 3   50.00%


样本变换：reverse
样本变换：mask
样本变换：shift
样本变换：none
未过滤	未用伪标签：50.02% -> 使用伪标签：50.00%
已过滤	未用伪标签：50.02% -> 使用伪标签：50.00%
排除样本：2000|6000	剩余：1000, 3000
增添样本：3000		细则：1000, 2000, 0	正确率估算：100.00%
类型1 正确率： 100.00% -> 1  100.00%, 2    0.00%, 3    0.00%
类型2 正确率：   0.00% -> 1    0.00%, 2    0.00%, 3  100.00%
类型3 正确率：  50.00% -> 1    0.00%, 2   50.00%, 3   50.00%

被排除样本 正确率：nan%


轮次:·16/·20 || c_Loss:0.375 || e_Loss:-1.010 || Aad_Loss:-31.691 || 耗时：35.30s
轮次:·17/·20 || c_Loss:0.375 || e_Loss:-0.980 || Aad_Loss:-31.821 || 耗时：13.33s
轮次:·18/·20 || c_Loss:0.368 || e_Loss:-0.912 || Aad_Loss:-35.694 || 耗时：13.34s
轮次:·19/·20 || c_Loss:0.376 || e_Loss:-0.986 || Aad_Loss:-33.228 || 耗时：13.36s
轮次:·20/·20 || c_Loss:0.381 || e_Loss:-0.979 || Aad_Loss:-33.089 || 耗时：13.35s
任务: (B2)N15_M07_F10→(B3)N15_M07_F04; mix批次:····0; 批次:·1880/·1880;  总正确率: 50.02%
类型1 正确率： 100.00% -> 1  100.00%, 2    0.00%, 3    0.00%
类型2 正确率：   0.00% -> 1    0.00%, 2    0.05%, 3   99.95%
类型3 正确率：  50.00% -> 1    0.00%, 2   50.00%, 3   50.00%


测试集任务: (B2)N15_M07_F10→(B3)N15_M07_F04; 总正确率 = 50.02%
类型1 正确率： 100.00% -> 1  100.00%, 2    0.00%, 3    0.00%
类型2 正确率：   0.00% -> 1    0.00%, 2    0.05%, 3   99.95%
类型3 正确率：  50.00% -> 1    0.00%, 2   50.00%, 3   50.00%


