读取源域路径：/kaggle/working/k10/S05/weight_PU_M1_final_checkpoint_FS05toS05c_s2024/NEW_PU/Source-源域/log&pt/(B3)N15_M07_F04
excel输出位置：/kaggle/working/k10/S05/weight_PU_M1_final_checkpoint_FS05toS05c_s2024/NEW_PU/Target-目标域
特征图片输出位置：/kaggle/working/k10/S05/weight_PU_M1_final_checkpoint_FS05toS05c_s2024/NEW_PU/Picture-特征图/2026年09月17日00时55分/(B3)N15_M07_F04
现在选取:(B3)N15_M07_F04 进行训练的源模型
现在进行：(B3)N15_M07_F04→(B1)N15_M01_F10 的迁移任务
log&pt输出位置：/kaggle/working/k10/S05/weight_PU_M1_final_checkpoint_FS05toS05c_s2024/NEW_PU/Target-目标域/log&pt/(B3)N15_M07_F04→(B1)N15_M01_F10
任务: (B3)N15_M07_F04→(B1)N15_M01_F10; 批次:····0/·1880;  总正确率: 24.02%
类型1 正确率：  43.00% -> 1   43.20%, 2   12.00%, 3   44.80%
类型2 正确率：  27.00% -> 1    0.00%, 2   26.75%, 3   73.25%
类型3 正确率：   2.00% -> 1    0.00%, 2   97.90%, 3    2.10%


样本变换：reverse
样本变换：mask
样本变换：shift
样本变换：none
未过滤	未用伪标签：24.02% -> 使用伪标签：27.35%
已过滤	未用伪标签：24.12% -> 使用伪标签：27.91%
排除样本：121|6000	剩余：970, 2915, 1994
增添样本：2866		细则：1945, 0, 921	正确率估算：91.43%
类型1 正确率：  51.00% -> 1   50.81%, 2   13.04%, 3   36.14%
类型2 正确率：  34.00% -> 1    0.00%, 2   33.94%, 3   66.06%
类型3 正确率：   0.00% -> 1    0.00%, 2   99.90%, 3    0.10%

被排除样本 正确率：19.01%
类型1 正确率：  23.00% -> 1   23.08%, 2   19.78%, 3   57.14%
类型2 正确率：   3.00% -> 1    0.00%, 2    3.45%, 3   96.55%
类型3 正确率： 100.00% -> 1    0.00%, 2    0.00%, 3  100.00%


轮次:··1/·20 || c_Loss:0.599 || e_Loss:-1.749 || Aad_Loss:-23.772 || 耗时：35.26s
轮次:··2/·20 || c_Loss:0.397 || e_Loss:-1.373 || Aad_Loss:-30.254 || 耗时：13.39s
轮次:··3/·20 || c_Loss:0.386 || e_Loss:-1.348 || Aad_Loss:-30.181 || 耗时：13.25s
轮次:··4/·20 || c_Loss:0.436 || e_Loss:-0.849 || Aad_Loss:-29.528 || 耗时：13.25s
轮次:··5/·20 || c_Loss:0.403 || e_Loss:-1.737 || Aad_Loss:-27.608 || 耗时：13.34s
任务: (B3)N15_M07_F04→(B1)N15_M01_F10; mix批次:····0; 批次:··470/·1880;  总正确率: 29.45%
类型1 正确率：  54.00% -> 1   53.80%, 2   11.95%, 3   34.25%
类型2 正确率：  35.00% -> 1    0.00%, 2   34.55%, 3   65.45%
类型3 正确率：   0.00% -> 1    0.00%, 2  100.00%, 3    0.00%


样本变换：reverse
样本变换：mask
样本变换：shift
样本变换：none
未过滤	未用伪标签：29.45% -> 使用伪标签：30.58%
已过滤	未用伪标签：29.57% -> 使用伪标签：30.77%
排除样本：37|6000	剩余：1150, 2818, 1995
增添样本：2491		细则：1668, 0, 823	正确率估算：95.49%
类型1 正确率：  59.00% -> 1   58.52%, 2    6.77%, 3   34.71%
类型2 正确率：  34.00% -> 1    0.00%, 2   34.28%, 3   65.72%
类型3 正确率：   0.00% -> 1    0.00%, 2  100.00%, 3    0.00%

被排除样本 正确率：10.81%
类型1 正确率：   6.00% -> 1    5.71%, 2   77.14%, 3   17.14%
类型2 正确率： 100.00% -> 1    0.00%, 2  100.00%, 3    0.00%
类型3 没有样本或未被分类。


轮次:··6/·20 || c_Loss:0.366 || e_Loss:-0.929 || Aad_Loss:-30.391 || 耗时：35.32s
轮次:··7/·20 || c_Loss:0.392 || e_Loss:-0.917 || Aad_Loss:-30.751 || 耗时：13.30s
轮次:··8/·20 || c_Loss:0.387 || e_Loss:-0.904 || Aad_Loss:-30.869 || 耗时：13.29s
轮次:··9/·20 || c_Loss:0.411 || e_Loss:-0.866 || Aad_Loss:-27.528 || 耗时：13.29s
轮次:·10/·20 || c_Loss:0.393 || e_Loss:-0.912 || Aad_Loss:-30.839 || 耗时：13.36s
任务: (B3)N15_M07_F04→(B1)N15_M01_F10; mix批次:····0; 批次:··940/·1880;  总正确率: 33.33%
类型1 正确率：  66.00% -> 1   65.70%, 2    0.30%, 3   34.00%
类型2 正确率：  34.00% -> 1    0.00%, 2   34.30%, 3   65.70%
类型3 正确率：   0.00% -> 1    0.00%, 2  100.00%, 3    0.00%


样本变换：reverse
样本变换：mask
样本变换：shift
样本变换：none
未过滤	未用伪标签：33.33% -> 使用伪标签：33.40%
已过滤	未用伪标签：33.33% -> 使用伪标签：33.40%
排除样本：1320|6000	剩余：2684, 1996
增添样本：2052		细则：1364, 0, 688	正确率估算：99.75%
类型1 正确率：  66.00% -> 1   66.00%, 2    0.00%, 3   34.00%
类型2 正确率：  34.00% -> 1    0.00%, 2   34.20%, 3   65.80%
类型3 正确率：   0.00% -> 1    0.00%, 2  100.00%, 3    0.00%

被排除样本 正确率：nan%


轮次:·11/·20 || c_Loss:0.386 || e_Loss:-0.962 || Aad_Loss:-31.018 || 耗时：35.30s
轮次:·12/·20 || c_Loss:0.390 || e_Loss:-0.971 || Aad_Loss:-30.094 || 耗时：13.24s
轮次:·13/·20 || c_Loss:0.385 || e_Loss:-0.979 || Aad_Loss:-30.203 || 耗时：13.23s
轮次:·14/·20 || c_Loss:0.382 || e_Loss:-1.004 || Aad_Loss:-30.478 || 耗时：13.35s
轮次:·15/·20 || c_Loss:0.391 || e_Loss:-0.983 || Aad_Loss:-30.708 || 耗时：13.23s
任务: (B3)N15_M07_F04→(B1)N15_M01_F10; mix批次:····0; 批次:·1410/·1880;  总正确率: 33.40%
类型1 正确率：  66.00% -> 1   66.00%, 2    0.00%, 3   34.00%
类型2 正确率：  34.00% -> 1    0.00%, 2   34.20%, 3   65.80%
类型3 正确率：   0.00% -> 1    0.00%, 2  100.00%, 3    0.00%


样本变换：reverse
样本变换：mask
样本变换：shift
样本变换：none
未过滤	未用伪标签：33.40% -> 使用伪标签：33.38%
已过滤	未用伪标签：33.40% -> 使用伪标签：33.38%
排除样本：1320|6000	剩余：2683, 1997
增添样本：2049		细则：1363, 0, 686	正确率估算：99.90%
类型1 正确率：  66.00% -> 1   66.00%, 2    0.00%, 3   34.00%
类型2 正确率：  34.00% -> 1    0.00%, 2   34.15%, 3   65.85%
类型3 正确率：   0.00% -> 1    0.00%, 2  100.00%, 3    0.00%

被排除样本 正确率：nan%


轮次:·16/·20 || c_Loss:0.395 || e_Loss:-1.003 || Aad_Loss:-30.778 || 耗时：35.41s
轮次:·17/·20 || c_Loss:0.393 || e_Loss:-0.995 || Aad_Loss:-31.963 || 耗时：13.23s
轮次:·18/·20 || c_Loss:0.387 || e_Loss:-1.016 || Aad_Loss:-30.904 || 耗时：13.22s
轮次:·19/·20 || c_Loss:0.388 || e_Loss:-1.006 || Aad_Loss:-31.707 || 耗时：13.34s
轮次:·20/·20 || c_Loss:0.394 || e_Loss:-0.959 || Aad_Loss:-33.334 || 耗时：13.21s
任务: (B3)N15_M07_F04→(B1)N15_M01_F10; mix批次:····0; 批次:·1880/·1880;  总正确率: 33.40%
类型1 正确率：  66.00% -> 1   66.00%, 2    0.00%, 3   34.00%
类型2 正确率：  34.00% -> 1    0.00%, 2   34.20%, 3   65.80%
类型3 正确率：   0.00% -> 1    0.00%, 2  100.00%, 3    0.00%


测试集任务: (B3)N15_M07_F04→(B1)N15_M01_F10; 总正确率 = 33.40%
类型1 正确率：  66.00% -> 1   66.00%, 2    0.00%, 3   34.00%
类型2 正确率：  34.00% -> 1    0.00%, 2   34.20%, 3   65.80%
类型3 正确率：   0.00% -> 1    0.00%, 2  100.00%, 3    0.00%


