读取源域路径：/kaggle/working/k10/S05/weight_PU_M1_final_checkpoint_FS05toS05c_s2024/NEW_PU/Source-源域/log&pt/(B1)N15_M01_F10
excel输出位置：/kaggle/working/k10/S05/weight_PU_M1_final_checkpoint_FS05toS05c_s2024/NEW_PU/Target-目标域
特征图片输出位置：/kaggle/working/k10/S05/weight_PU_M1_final_checkpoint_FS05toS05c_s2024/NEW_PU/Picture-特征图/2026年09月17日00时36分/(B1)N15_M01_F10
现在选取:(B1)N15_M01_F10 进行训练的源模型
现在进行：(B1)N15_M01_F10→(B3)N15_M07_F04 的迁移任务
log&pt输出位置：/kaggle/working/k10/S05/weight_PU_M1_final_checkpoint_FS05toS05c_s2024/NEW_PU/Target-目标域/log&pt/(B1)N15_M01_F10→(B3)N15_M07_F04
任务: (B1)N15_M01_F10→(B3)N15_M07_F04; 批次:····0/·1880;  总正确率: 37.17%
类型1 正确率：  61.00% -> 1   60.75%, 2   10.55%, 3   28.70%
类型2 正确率：   0.00% -> 1    0.00%, 2    0.00%, 3  100.00%
类型3 正确率：  51.00% -> 1    0.00%, 2   49.25%, 3   50.75%


样本变换：reverse
样本变换：mask
样本变换：shift
样本变换：none
未过滤	未用伪标签：37.17% -> 使用伪标签：39.48%
已过滤	未用伪标签：37.34% -> 使用伪标签：40.52%
排除样本：153|6000	剩余：1364, 1281, 3202
增添样本：3759		细则：1838, 1921, 0	正确率估算：85.82%
类型1 正确率：  74.00% -> 1   73.53%, 2   15.85%, 3   10.62%
类型2 正确率：   0.00% -> 1    0.00%, 2    0.00%, 3  100.00%
类型3 正确率：  50.00% -> 1    0.00%, 2   49.55%, 3   50.45%

被排除样本 正确率：30.72%
类型1 正确率：  30.00% -> 1   29.66%, 2    3.45%, 3   66.90%
类型2 没有样本或未被分类。
类型3 正确率：  50.00% -> 1    0.00%, 2   50.00%, 3   50.00%


轮次:··1/·20 || c_Loss:0.558 || e_Loss:-1.501 || Aad_Loss:-25.494 || 耗时：35.85s
轮次:··2/·20 || c_Loss:0.509 || e_Loss:-0.823 || Aad_Loss:-24.794 || 耗时：13.47s
轮次:··3/·20 || c_Loss:0.531 || e_Loss:-1.665 || Aad_Loss:-25.171 || 耗时：13.27s
轮次:··4/·20 || c_Loss:0.428 || e_Loss:-1.535 || Aad_Loss:-26.285 || 耗时：13.35s
轮次:··5/·20 || c_Loss:0.484 || e_Loss:-1.005 || Aad_Loss:-28.271 || 耗时：13.22s
任务: (B1)N15_M01_F10→(B3)N15_M07_F04; mix批次:····0; 批次:··470/·1880;  总正确率: 42.68%
类型1 正确率：  78.00% -> 1   78.05%, 2   18.65%, 3    3.30%
类型2 正确率：   0.00% -> 1    0.00%, 2    0.05%, 3   99.95%
类型3 正确率：  50.00% -> 1    0.00%, 2   50.05%, 3   49.95%


样本变换：reverse
样本变换：mask
样本变换：shift
样本变换：none
未过滤	未用伪标签：42.68% -> 使用伪标签：41.92%
已过滤	未用伪标签：42.41% -> 使用伪标签：42.18%
排除样本：37|6000	剩余：1515, 1448, 3000
增添样本：3037		细则：1485, 1552, 0	正确率估算：95.09%
类型1 正确率：  77.00% -> 1   77.18%, 2   22.82%, 3    0.00%
类型2 正确率：   0.00% -> 1    0.00%, 2    0.00%, 3  100.00%
类型3 正确率：  50.00% -> 1    0.00%, 2   50.00%, 3   50.00%

被排除样本 正确率：86.49%
类型1 正确率：  86.00% -> 1   86.49%, 2   13.51%
类型2 没有样本或未被分类。


轮次:··6/·20 || c_Loss:0.474 || e_Loss:-0.854 || Aad_Loss:-32.389 || 耗时：35.91s
轮次:··7/·20 || c_Loss:0.384 || e_Loss:-0.966 || Aad_Loss:-29.712 || 耗时：13.34s
轮次:··8/·20 || c_Loss:0.462 || e_Loss:-0.872 || Aad_Loss:-29.584 || 耗时：13.33s
轮次:··9/·20 || c_Loss:0.413 || e_Loss:-0.951 || Aad_Loss:-31.761 || 耗时：13.33s
轮次:·10/·20 || c_Loss:0.403 || e_Loss:-0.879 || Aad_Loss:-27.410 || 耗时：13.29s
任务: (B1)N15_M01_F10→(B3)N15_M07_F04; mix批次:····0; 批次:··940/·1880;  总正确率: 41.28%
类型1 正确率：  74.00% -> 1   73.80%, 2   26.20%, 3    0.00%
类型2 正确率：   0.00% -> 1    0.00%, 2    0.05%, 3   99.95%
类型3 正确率：  50.00% -> 1    0.00%, 2   50.00%, 3   50.00%


样本变换：reverse
样本变换：mask
样本变换：shift
样本变换：none
未过滤	未用伪标签：41.28% -> 使用伪标签：39.58%
已过滤	未用伪标签：41.20% -> 使用伪标签：39.64%
排除样本：9|6000	剩余：1375, 1616, 3000
增添样本：3009		细则：1625, 1384, 0	正确率估算：96.96%
类型1 正确率：  69.00% -> 1   69.06%, 2   30.94%, 3    0.00%
类型2 正确率：   0.00% -> 1    0.00%, 2    0.00%, 3  100.00%
类型3 正确率：  50.00% -> 1    0.00%, 2   50.00%, 3   50.00%

被排除样本 正确率：100.00%
类型1 正确率： 100.00% -> 1  100.00%


轮次:·11/·20 || c_Loss:0.375 || e_Loss:-0.957 || Aad_Loss:-31.459 || 耗时：35.66s
轮次:·12/·20 || c_Loss:0.403 || e_Loss:-0.985 || Aad_Loss:-29.984 || 耗时：13.33s
轮次:·13/·20 || c_Loss:0.388 || e_Loss:-0.920 || Aad_Loss:-33.327 || 耗时：13.32s
轮次:·14/·20 || c_Loss:0.375 || e_Loss:-0.992 || Aad_Loss:-30.074 || 耗时：13.34s
轮次:·15/·20 || c_Loss:0.379 || e_Loss:-0.996 || Aad_Loss:-31.299 || 耗时：13.35s
任务: (B1)N15_M01_F10→(B3)N15_M07_F04; mix批次:····0; 批次:·1410/·1880;  总正确率: 39.02%
类型1 正确率：  67.00% -> 1   67.05%, 2   32.95%, 3    0.00%
类型2 正确率：   0.00% -> 1    0.00%, 2    0.00%, 3  100.00%
类型3 正确率：  50.00% -> 1    0.00%, 2   50.00%, 3   50.00%


样本变换：reverse
样本变换：mask
样本变换：shift
样本变换：none
未过滤	未用伪标签：39.02% -> 使用伪标签：39.00%
已过滤	未用伪标签：39.02% -> 使用伪标签：39.00%
排除样本：1340|6000	剩余：1660, 3000
增添样本：3000		细则：1660, 1340, 0	正确率估算：100.00%
类型1 正确率：  67.00% -> 1   67.00%, 2   33.00%, 3    0.00%
类型2 正确率：   0.00% -> 1    0.00%, 2    0.00%, 3  100.00%
类型3 正确率：  50.00% -> 1    0.00%, 2   50.00%, 3   50.00%

被排除样本 正确率：nan%


轮次:·16/·20 || c_Loss:0.376 || e_Loss:-1.009 || Aad_Loss:-30.407 || 耗时：35.75s
轮次:·17/·20 || c_Loss:0.377 || e_Loss:-0.993 || Aad_Loss:-30.290 || 耗时：13.30s
轮次:·18/·20 || c_Loss:0.381 || e_Loss:-0.972 || Aad_Loss:-32.466 || 耗时：13.30s
轮次:·19/·20 || c_Loss:0.386 || e_Loss:-0.938 || Aad_Loss:-33.472 || 耗时：13.35s
轮次:·20/·20 || c_Loss:0.381 || e_Loss:-1.018 || Aad_Loss:-30.474 || 耗时：13.31s
任务: (B1)N15_M01_F10→(B3)N15_M07_F04; mix批次:····0; 批次:·1880/·1880;  总正确率: 39.00%
类型1 正确率：  67.00% -> 1   67.00%, 2   33.00%, 3    0.00%
类型2 正确率：   0.00% -> 1    0.00%, 2    0.00%, 3  100.00%
类型3 正确率：  50.00% -> 1    0.00%, 2   50.00%, 3   50.00%


测试集任务: (B1)N15_M01_F10→(B3)N15_M07_F04; 总正确率 = 39.00%
类型1 正确率：  67.00% -> 1   67.00%, 2   33.00%, 3    0.00%
类型2 正确率：   0.00% -> 1    0.00%, 2    0.00%, 3  100.00%
类型3 正确率：  50.00% -> 1    0.00%, 2   50.00%, 3   50.00%


