读取源域路径：/kaggle/working/k10/S05/weight_PU_M1_final_checkpoint_FS05toS05c_s2024/NEW_PU/Source-源域/log&pt/(B2)N15_M07_F10
excel输出位置：/kaggle/working/k10/S05/weight_PU_M1_final_checkpoint_FS05toS05c_s2024/NEW_PU/Target-目标域
特征图片输出位置：/kaggle/working/k10/S05/weight_PU_M1_final_checkpoint_FS05toS05c_s2024/NEW_PU/Picture-特征图/2026年09月17日00时42分/(B2)N15_M07_F10
现在选取:(B2)N15_M07_F10 进行训练的源模型
现在进行：(B2)N15_M07_F10→(B1)N15_M01_F10 的迁移任务
log&pt输出位置：/kaggle/working/k10/S05/weight_PU_M1_final_checkpoint_FS05toS05c_s2024/NEW_PU/Target-目标域/log&pt/(B2)N15_M07_F10→(B1)N15_M01_F10
任务: (B2)N15_M07_F10→(B1)N15_M01_F10; 批次:····0/·1880;  总正确率: 37.00%
类型1 正确率：  84.00% -> 1   84.05%, 2    5.00%, 3   10.95%
类型2 正确率：  26.00% -> 1    0.00%, 2   26.25%, 3   73.75%
类型3 正确率：   1.00% -> 1    0.00%, 2   99.30%, 3    0.70%


样本变换：reverse
样本变换：mask
样本变换：shift
样本变换：none
未过滤	未用伪标签：37.00% -> 使用伪标签：38.37%
已过滤	未用伪标签：36.58% -> 使用伪标签：39.33%
排除样本：147|6000	剩余：1819, 2550, 1484
增添样本：1797		细则：731, 0, 1066	正确率估算：93.38%
类型1 正确率：  94.00% -> 1   93.91%, 2    5.89%, 3    0.21%
类型2 正确率：  24.00% -> 1    0.00%, 2   24.21%, 3   75.79%
类型3 正确率：   1.00% -> 1    0.00%, 2   99.24%, 3    0.76%

被排除样本 正确率：53.74%
类型1 正确率：  52.00% -> 1   52.38%, 2   23.81%, 3   23.81%
类型2 正确率：  61.00% -> 1    0.00%, 2   61.19%, 3   38.81%
类型3 正确率：  29.00% -> 1    0.00%, 2   70.59%, 3   29.41%


轮次:··1/·20 || c_Loss:0.680 || e_Loss:-1.185 || Aad_Loss:-23.065 || 耗时：35.23s
轮次:··2/·20 || c_Loss:0.454 || e_Loss:-0.840 || Aad_Loss:-26.951 || 耗时：13.49s
轮次:··3/·20 || c_Loss:0.398 || e_Loss:-1.428 || Aad_Loss:-27.572 || 耗时：13.34s
轮次:··4/·20 || c_Loss:0.366 || e_Loss:-0.822 || Aad_Loss:-30.028 || 耗时：13.32s
轮次:··5/·20 || c_Loss:0.367 || e_Loss:-1.407 || Aad_Loss:-26.493 || 耗时：13.34s
任务: (B2)N15_M07_F10→(B1)N15_M01_F10; mix批次:····0; 批次:··470/·1880;  总正确率: 43.10%
类型1 正确率： 100.00% -> 1   99.95%, 2    0.05%, 3    0.00%
类型2 正确率：  29.00% -> 1    0.00%, 2   29.30%, 3   70.70%
类型3 正确率：   0.00% -> 1    0.00%, 2   99.95%, 3    0.05%


样本变换：reverse
样本变换：mask
样本变换：shift
样本变换：none
未过滤	未用伪标签：43.10% -> 使用伪标签：43.15%
已过滤	未用伪标签：43.24% -> 使用伪标签：43.37%
排除样本：31|6000	剩余：2000, 2588, 1381
增添样本：1795		细则：588, 0, 1207	正确率估算：100.00%
类型1 正确率： 100.00% -> 1  100.00%, 2    0.00%, 3    0.00%
类型2 正确率：  30.00% -> 1    0.00%, 2   29.90%, 3   70.10%
类型3 正确率：   0.00% -> 1    0.00%, 2  100.00%, 3    0.00%

被排除样本 正确率：16.13%
类型1 正确率：  13.00% -> 1   13.33%, 2   86.67%
类型2 正确率： 100.00% -> 1    0.00%, 2  100.00%


轮次:··6/·20 || c_Loss:0.370 || e_Loss:-1.683 || Aad_Loss:-29.486 || 耗时：35.14s
轮次:··7/·20 || c_Loss:0.379 || e_Loss:-0.951 || Aad_Loss:-29.314 || 耗时：13.32s
轮次:··8/·20 || c_Loss:0.367 || e_Loss:-1.780 || Aad_Loss:-30.209 || 耗时：13.33s
轮次:··9/·20 || c_Loss:0.386 || e_Loss:-0.937 || Aad_Loss:-29.001 || 耗时：13.31s
轮次:·10/·20 || c_Loss:0.376 || e_Loss:-1.791 || Aad_Loss:-29.756 || 耗时：13.36s
任务: (B2)N15_M07_F10→(B1)N15_M01_F10; mix批次:····0; 批次:··940/·1880;  总正确率: 44.03%
类型1 正确率： 100.00% -> 1  100.00%, 2    0.00%, 3    0.00%
类型2 正确率：  32.00% -> 1    0.00%, 2   32.10%, 3   67.90%
类型3 正确率：   0.00% -> 1    0.00%, 2  100.00%, 3    0.00%


样本变换：reverse
样本变换：mask
样本变换：shift
样本变换：none
未过滤	未用伪标签：44.03% -> 使用伪标签：44.20%
已过滤	未用伪标签：44.08% -> 使用伪标签：44.27%
排除样本：9|6000	剩余：2000, 2652, 1339
增添样本：1965		细则：652, 0, 1313	正确率估算：100.00%
类型1 正确率： 100.00% -> 1  100.00%, 2    0.00%, 3    0.00%
类型2 正确率：  33.00% -> 1    0.00%, 2   32.75%, 3   67.25%
类型3 正确率：   0.00% -> 1    0.00%, 2  100.00%, 3    0.00%

被排除样本 正确率：11.11%
类型1 正确率：  11.00% -> 1   11.11%, 2   88.89%
类型2 没有样本或未被分类。


轮次:·11/·20 || c_Loss:0.365 || e_Loss:-0.976 || Aad_Loss:-31.676 || 耗时：35.24s
轮次:·12/·20 || c_Loss:0.370 || e_Loss:-0.984 || Aad_Loss:-31.230 || 耗时：13.28s
轮次:·13/·20 || c_Loss:0.394 || e_Loss:-0.890 || Aad_Loss:-33.099 || 耗时：13.29s
轮次:·14/·20 || c_Loss:0.366 || e_Loss:-0.975 || Aad_Loss:-31.681 || 耗时：13.32s
轮次:·15/·20 || c_Loss:0.378 || e_Loss:-0.962 || Aad_Loss:-31.373 || 耗时：13.36s
任务: (B2)N15_M07_F10→(B1)N15_M01_F10; mix批次:····0; 批次:·1410/·1880;  总正确率: 44.62%
类型1 正确率： 100.00% -> 1  100.00%, 2    0.00%, 3    0.00%
类型2 正确率：  34.00% -> 1    0.00%, 2   33.85%, 3   66.15%
类型3 正确率：   0.00% -> 1    0.00%, 2  100.00%, 3    0.00%


样本变换：reverse
样本变换：mask
样本变换：shift
样本变换：none
未过滤	未用伪标签：44.62% -> 使用伪标签：44.62%
已过滤	未用伪标签：44.62% -> 使用伪标签：44.62%
排除样本：2000|6000	剩余：2677, 1323
增添样本：2031		细则：677, 0, 1354	正确率估算：100.00%
类型1 正确率： 100.00% -> 1  100.00%, 2    0.00%, 3    0.00%
类型2 正确率：  34.00% -> 1    0.00%, 2   33.85%, 3   66.15%
类型3 正确率：   0.00% -> 1    0.00%, 2  100.00%, 3    0.00%

被排除样本 正确率：nan%


轮次:·16/·20 || c_Loss:0.375 || e_Loss:-0.998 || Aad_Loss:-30.846 || 耗时：35.56s
轮次:·17/·20 || c_Loss:0.374 || e_Loss:-1.002 || Aad_Loss:-32.228 || 耗时：13.36s
轮次:·18/·20 || c_Loss:0.372 || e_Loss:-0.950 || Aad_Loss:-33.428 || 耗时：13.34s
轮次:·19/·20 || c_Loss:0.415 || e_Loss:-0.928 || Aad_Loss:-31.906 || 耗时：13.34s
轮次:·20/·20 || c_Loss:0.381 || e_Loss:-1.010 || Aad_Loss:-30.971 || 耗时：13.34s
任务: (B2)N15_M07_F10→(B1)N15_M01_F10; mix批次:····0; 批次:·1880/·1880;  总正确率: 44.67%
类型1 正确率： 100.00% -> 1  100.00%, 2    0.00%, 3    0.00%
类型2 正确率：  34.00% -> 1    0.00%, 2   34.00%, 3   66.00%
类型3 正确率：   0.00% -> 1    0.00%, 2  100.00%, 3    0.00%


测试集任务: (B2)N15_M07_F10→(B1)N15_M01_F10; 总正确率 = 44.67%
类型1 正确率： 100.00% -> 1  100.00%, 2    0.00%, 3    0.00%
类型2 正确率：  34.00% -> 1    0.00%, 2   34.00%, 3   66.00%
类型3 正确率：   0.00% -> 1    0.00%, 2  100.00%, 3    0.00%


