读取源域路径：/kaggle/working/shot_k10/S00/weight_PU_M1_shot_FS00toS00_s2024/NEW_PU/Source-源域/log&pt/(B3)N15_M07_F04
excel输出位置：/kaggle/working/shot_k10/S00/weight_PU_M1_shot_FS00toS00_s2024/NEW_PU/Target-目标域
特征图片输出位置：/kaggle/working/shot_k10/S00/weight_PU_M1_shot_FS00toS00_s2024/NEW_PU/Picture-特征图/2026年09月21日20时39分/(B3)N15_M07_F04
现在选取:(B3)N15_M07_F04 进行训练的源模型
现在进行：(B3)N15_M07_F04→(B2)N15_M07_F10 的迁移任务
log&pt输出位置：/kaggle/working/shot_k10/S00/weight_PU_M1_shot_FS00toS00_s2024/NEW_PU/Target-目标域/log&pt/(B3)N15_M07_F04→(B2)N15_M07_F10
任务: (B3)N15_M07_F04→(B2)N15_M07_F10; 批次:····0/·1880;  总正确率: 87.48%
类型1 正确率： 100.00% -> 1   99.75%, 2    0.00%, 3    0.25%
类型2 正确率：  97.00% -> 1    0.05%, 2   96.70%, 3    3.25%
类型3 正确率：  66.00% -> 1    0.05%, 2   33.95%, 3   66.00%


SHOT pseudo-labels: model 87.48% -> centroid 88.07%
轮次:··1/·20 || cls:1.647 || im:-0.960 || 耗时：21.76s
SHOT pseudo-labels: model 85.12% -> centroid 89.45%
轮次:··2/·20 || cls:1.428 || im:-0.972 || 耗时：16.20s
SHOT pseudo-labels: model 81.67% -> centroid 85.82%
轮次:··3/·20 || cls:1.074 || im:-0.757 || 耗时：15.88s
SHOT pseudo-labels: model 78.90% -> centroid 84.97%
轮次:··4/·20 || cls:1.219 || im:-0.723 || 耗时：15.74s
SHOT pseudo-labels: model 80.47% -> centroid 81.52%
轮次:··5/·20 || cls:0.740 || im:-0.739 || 耗时：15.76s
SHOT pseudo-labels: model 81.07% -> centroid 80.17%
轮次:··6/·20 || cls:0.761 || im:-0.735 || 耗时：15.88s
SHOT pseudo-labels: model 81.30% -> centroid 77.63%
轮次:··7/·20 || cls:0.904 || im:-0.699 || 耗时：15.94s
SHOT pseudo-labels: model 80.38% -> centroid 78.72%
轮次:··8/·20 || cls:0.852 || im:-0.749 || 耗时：15.92s
SHOT pseudo-labels: model 82.08% -> centroid 77.33%
轮次:··9/·20 || cls:0.658 || im:-0.712 || 耗时：15.84s
SHOT pseudo-labels: model 81.70% -> centroid 77.83%
轮次:·10/·20 || cls:0.562 || im:-0.610 || 耗时：15.80s
SHOT pseudo-labels: model 81.87% -> centroid 80.27%
轮次:·11/·20 || cls:0.787 || im:-0.748 || 耗时：15.80s
SHOT pseudo-labels: model 82.38% -> centroid 78.77%
轮次:·12/·20 || cls:0.851 || im:-0.703 || 耗时：15.87s
SHOT pseudo-labels: model 81.80% -> centroid 79.82%
轮次:·13/·20 || cls:0.794 || im:-0.742 || 耗时：15.95s
SHOT pseudo-labels: model 81.45% -> centroid 77.55%
轮次:·14/·20 || cls:0.720 || im:-0.737 || 耗时：15.88s
SHOT pseudo-labels: model 82.03% -> centroid 81.27%
轮次:·15/·20 || cls:0.683 || im:-0.697 || 耗时：15.83s
SHOT pseudo-labels: model 82.00% -> centroid 79.22%
轮次:·16/·20 || cls:0.758 || im:-0.693 || 耗时：15.80s
SHOT pseudo-labels: model 82.53% -> centroid 79.55%
轮次:·17/·20 || cls:0.790 || im:-0.653 || 耗时：15.85s
SHOT pseudo-labels: model 82.22% -> centroid 79.42%
轮次:·18/·20 || cls:0.728 || im:-0.707 || 耗时：15.83s
SHOT pseudo-labels: model 82.00% -> centroid 79.40%
轮次:·19/·20 || cls:0.709 || im:-0.696 || 耗时：15.84s
SHOT pseudo-labels: model 82.42% -> centroid 80.22%
轮次:·20/·20 || cls:0.686 || im:-0.709 || 耗时：15.81s
测试集任务: (B3)N15_M07_F04→(B2)N15_M07_F10; 总正确率 = 82.45%
类型1 正确率： 100.00% -> 1   99.60%, 2    0.00%, 3    0.40%
类型2 正确率：  77.00% -> 1    0.00%, 2   76.95%, 3   23.05%
类型3 正确率：  71.00% -> 1    1.05%, 2   28.15%, 3   70.80%


