读取源域路径：/kaggle/working/shot_k10/S00/weight_PU_M1_shot_FS00toS00_s2024/NEW_PU/Source-源域/log&pt/(B1)N15_M01_F10
excel输出位置：/kaggle/working/shot_k10/S00/weight_PU_M1_shot_FS00toS00_s2024/NEW_PU/Target-目标域
特征图片输出位置：/kaggle/working/shot_k10/S00/weight_PU_M1_shot_FS00toS00_s2024/NEW_PU/Picture-特征图/2026年09月21日20时17分/(B1)N15_M01_F10
现在选取:(B1)N15_M01_F10 进行训练的源模型
现在进行：(B1)N15_M01_F10→(B3)N15_M07_F04 的迁移任务
log&pt输出位置：/kaggle/working/shot_k10/S00/weight_PU_M1_shot_FS00toS00_s2024/NEW_PU/Target-目标域/log&pt/(B1)N15_M01_F10→(B3)N15_M07_F04
任务: (B1)N15_M01_F10→(B3)N15_M07_F04; 批次:····0/·1880;  总正确率: 92.05%
类型1 正确率： 100.00% -> 1  100.00%, 2    0.00%, 3    0.00%
类型2 正确率：  96.00% -> 1    0.05%, 2   96.50%, 3    3.45%
类型3 正确率：  80.00% -> 1    5.05%, 2   15.30%, 3   79.65%


SHOT pseudo-labels: model 92.05% -> centroid 92.80%
轮次:··1/·20 || cls:1.061 || im:-0.757 || 耗时：21.78s
SHOT pseudo-labels: model 83.85% -> centroid 86.95%
轮次:··2/·20 || cls:1.162 || im:-0.803 || 耗时：16.20s
SHOT pseudo-labels: model 82.30% -> centroid 85.35%
轮次:··3/·20 || cls:0.661 || im:-0.678 || 耗时：15.90s
SHOT pseudo-labels: model 76.82% -> centroid 72.77%
轮次:··4/·20 || cls:0.809 || im:-0.688 || 耗时：15.75s
SHOT pseudo-labels: model 76.22% -> centroid 71.65%
轮次:··5/·20 || cls:0.743 || im:-0.694 || 耗时：15.75s
SHOT pseudo-labels: model 77.20% -> centroid 72.60%
轮次:··6/·20 || cls:0.709 || im:-0.583 || 耗时：15.84s
SHOT pseudo-labels: model 79.23% -> centroid 73.37%
轮次:··7/·20 || cls:0.739 || im:-0.577 || 耗时：15.96s
SHOT pseudo-labels: model 76.90% -> centroid 69.15%
轮次:··8/·20 || cls:0.809 || im:-0.665 || 耗时：15.98s
SHOT pseudo-labels: model 77.55% -> centroid 68.55%
轮次:··9/·20 || cls:0.541 || im:-0.646 || 耗时：15.87s
SHOT pseudo-labels: model 77.27% -> centroid 67.70%
轮次:·10/·20 || cls:0.846 || im:-0.730 || 耗时：15.87s
SHOT pseudo-labels: model 78.53% -> centroid 72.92%
轮次:·11/·20 || cls:0.727 || im:-0.630 || 耗时：15.84s
SHOT pseudo-labels: model 79.28% -> centroid 73.07%
轮次:·12/·20 || cls:0.827 || im:-0.724 || 耗时：15.87s
SHOT pseudo-labels: model 79.18% -> centroid 74.38%
轮次:·13/·20 || cls:0.723 || im:-0.705 || 耗时：15.95s
SHOT pseudo-labels: model 81.22% -> centroid 74.15%
轮次:·14/·20 || cls:0.810 || im:-0.682 || 耗时：15.93s
SHOT pseudo-labels: model 80.30% -> centroid 75.15%
轮次:·15/·20 || cls:0.775 || im:-0.672 || 耗时：15.90s
SHOT pseudo-labels: model 81.82% -> centroid 74.83%
轮次:·16/·20 || cls:0.743 || im:-0.677 || 耗时：15.88s
SHOT pseudo-labels: model 81.55% -> centroid 74.73%
轮次:·17/·20 || cls:0.808 || im:-0.666 || 耗时：15.93s
SHOT pseudo-labels: model 81.68% -> centroid 73.57%
轮次:·18/·20 || cls:0.684 || im:-0.672 || 耗时：15.91s
SHOT pseudo-labels: model 81.35% -> centroid 74.25%
轮次:·19/·20 || cls:0.849 || im:-0.733 || 耗时：15.90s
SHOT pseudo-labels: model 81.92% -> centroid 74.28%
轮次:·20/·20 || cls:0.701 || im:-0.723 || 耗时：15.90s
测试集任务: (B1)N15_M01_F10→(B3)N15_M07_F04; 总正确率 = 82.43%
类型1 正确率：  99.00% -> 1   99.25%, 2    0.00%, 3    0.75%
类型2 正确率：  72.00% -> 1    0.05%, 2   72.00%, 3   27.95%
类型3 正确率：  76.00% -> 1    1.60%, 2   22.35%, 3   76.05%


