读取源域路径：/kaggle/working/shot_k10/S00/weight_PU_M1_shot_FS00toS00_s2024/NEW_PU/Source-源域/log&pt/(B1)N15_M01_F10
excel输出位置：/kaggle/working/shot_k10/S00/weight_PU_M1_shot_FS00toS00_s2024/NEW_PU/Target-目标域
特征图片输出位置：/kaggle/working/shot_k10/S00/weight_PU_M1_shot_FS00toS00_s2024/NEW_PU/Picture-特征图/2026年09月21日20时11分/(B1)N15_M01_F10
现在选取:(B1)N15_M01_F10 进行训练的源模型
现在进行：(B1)N15_M01_F10→(B2)N15_M07_F10 的迁移任务
log&pt输出位置：/kaggle/working/shot_k10/S00/weight_PU_M1_shot_FS00toS00_s2024/NEW_PU/Target-目标域/log&pt/(B1)N15_M01_F10→(B2)N15_M07_F10
任务: (B1)N15_M01_F10→(B2)N15_M07_F10; 批次:····0/·1880;  总正确率: 99.32%
类型1 正确率： 100.00% -> 1  100.00%, 2    0.00%, 3    0.00%
类型2 正确率： 100.00% -> 1    0.20%, 2   99.70%, 3    0.10%
类型3 正确率：  98.00% -> 1    0.00%, 2    1.75%, 3   98.25%


SHOT pseudo-labels: model 99.32% -> centroid 99.33%
轮次:··1/·20 || cls:0.979 || im:-0.830 || 耗时：21.84s
SHOT pseudo-labels: model 92.35% -> centroid 96.43%
轮次:··2/·20 || cls:1.310 || im:-0.797 || 耗时：16.27s
SHOT pseudo-labels: model 88.45% -> centroid 86.43%
轮次:··3/·20 || cls:0.883 || im:-0.750 || 耗时：15.82s
SHOT pseudo-labels: model 83.93% -> centroid 75.10%
轮次:··4/·20 || cls:0.812 || im:-0.728 || 耗时：15.69s
SHOT pseudo-labels: model 81.20% -> centroid 68.00%
轮次:··5/·20 || cls:0.736 || im:-0.642 || 耗时：15.75s
SHOT pseudo-labels: model 83.58% -> centroid 70.12%
轮次:··6/·20 || cls:0.738 || im:-0.687 || 耗时：15.91s
SHOT pseudo-labels: model 84.37% -> centroid 70.52%
轮次:··7/·20 || cls:0.797 || im:-0.644 || 耗时：16.00s
SHOT pseudo-labels: model 84.22% -> centroid 70.17%
轮次:··8/·20 || cls:0.815 || im:-0.721 || 耗时：15.92s
SHOT pseudo-labels: model 85.37% -> centroid 76.07%
轮次:··9/·20 || cls:0.687 || im:-0.631 || 耗时：15.82s
SHOT pseudo-labels: model 85.78% -> centroid 71.60%
轮次:·10/·20 || cls:0.613 || im:-0.674 || 耗时：15.81s
SHOT pseudo-labels: model 85.58% -> centroid 69.97%
轮次:·11/·20 || cls:0.681 || im:-0.656 || 耗时：15.87s
SHOT pseudo-labels: model 85.93% -> centroid 79.42%
轮次:·12/·20 || cls:0.760 || im:-0.677 || 耗时：15.92s
SHOT pseudo-labels: model 86.07% -> centroid 81.33%
轮次:·13/·20 || cls:0.684 || im:-0.709 || 耗时：15.91s
SHOT pseudo-labels: model 86.68% -> centroid 81.85%
轮次:·14/·20 || cls:0.736 || im:-0.645 || 耗时：15.95s
SHOT pseudo-labels: model 87.57% -> centroid 81.42%
轮次:·15/·20 || cls:0.756 || im:-0.687 || 耗时：15.87s
SHOT pseudo-labels: model 87.95% -> centroid 81.70%
轮次:·16/·20 || cls:0.859 || im:-0.782 || 耗时：15.85s
SHOT pseudo-labels: model 88.10% -> centroid 72.50%
轮次:·17/·20 || cls:0.794 || im:-0.640 || 耗时：15.86s
SHOT pseudo-labels: model 88.38% -> centroid 81.15%
轮次:·18/·20 || cls:0.694 || im:-0.697 || 耗时：15.87s
SHOT pseudo-labels: model 87.90% -> centroid 78.50%
轮次:·19/·20 || cls:0.869 || im:-0.697 || 耗时：15.91s
SHOT pseudo-labels: model 89.30% -> centroid 80.73%
轮次:·20/·20 || cls:0.607 || im:-0.731 || 耗时：15.86s
测试集任务: (B1)N15_M01_F10→(B2)N15_M07_F10; 总正确率 = 90.45%
类型1 正确率： 100.00% -> 1   99.70%, 2    0.00%, 3    0.30%
类型2 正确率：  87.00% -> 1    0.70%, 2   86.70%, 3   12.60%
类型3 正确率：  85.00% -> 1    0.00%, 2   15.05%, 3   84.95%


