读取源域路径：/kaggle/working/m2rep/reps0/weight_PU_M1_final_checkpoint_FBtoA_gatepcv_s0/NEW_PU/Source-源域/log&pt/(B1)N15_M01_F10
excel输出位置：/kaggle/working/m2rep/reps0/weight_PU_M1_final_checkpoint_FBtoA_gatepcv_s0/NEW_PU/Target-目标域
特征图片输出位置：/kaggle/working/m2rep/reps0/weight_PU_M1_final_checkpoint_FBtoA_gatepcv_s0/NEW_PU/Picture-特征图/2026年09月15日09时25分/(B1)N15_M01_F10
现在选取:(B1)N15_M01_F10 进行训练的源模型
现在进行：(B1)N15_M01_F10→(B3)N15_M07_F04 的迁移任务
log&pt输出位置：/kaggle/working/m2rep/reps0/weight_PU_M1_final_checkpoint_FBtoA_gatepcv_s0/NEW_PU/Target-目标域/log&pt/(B1)N15_M01_F10→(B3)N15_M07_F04
任务: (B1)N15_M01_F10→(B3)N15_M07_F04; 批次:····0/·1880;  总正确率: 47.55%
类型1 正确率：  97.00% -> 1   97.00%, 2    0.00%, 3    3.00%
类型2 正确率：  33.00% -> 1   28.60%, 2   33.40%, 3   38.00%
类型3 正确率：  12.00% -> 1   12.90%, 2   74.85%, 3   12.25%


样本变换：reverse
样本变换：mask
样本变换：shift
样本变换：none
未过滤	未用伪标签：47.55% -> 使用伪标签：54.83%
已过滤	未用伪标签：47.92% -> 使用伪标签：55.42%
排除样本：63|6000	剩余：2459, 1970, 1508
增添样本：1478		细则：0, 523, 955	正确率估算：66.85%
类型1 正确率： 100.00% -> 1  100.00%, 2    0.00%, 3    0.00%
类型2 正确率：  33.00% -> 1   23.70%, 2   32.52%, 3   43.78%
类型3 正确率：  33.00% -> 1    0.00%, 2   67.00%, 3   33.00%

被排除样本 正确率：12.70%
类型1 没有样本或未被分类。
类型2 正确率：  13.00% -> 1   22.22%, 2   12.70%, 3   65.08%
类型3 没有样本或未被分类。


轮次:··1/·20 || c_Loss:0.489 || e_Loss:-1.012 || Aad_Loss:-28.033 || 耗时：34.19s
轮次:··2/·20 || c_Loss:0.413 || e_Loss:-1.529 || Aad_Loss:-27.441 || 耗时：13.04s
轮次:··3/·20 || c_Loss:0.375 || e_Loss:-0.853 || Aad_Loss:-31.367 || 耗时：12.96s
轮次:··4/·20 || c_Loss:0.397 || e_Loss:-0.885 || Aad_Loss:-27.076 || 耗时：12.93s
轮次:··5/·20 || c_Loss:0.362 || e_Loss:-0.913 || Aad_Loss:-29.447 || 耗时：12.95s
任务: (B1)N15_M01_F10→(B3)N15_M07_F04; mix批次:····0; 批次:··470/·1880;  总正确率: 55.15%
类型1 正确率： 100.00% -> 1  100.00%, 2    0.00%, 3    0.00%
类型2 正确率：  32.00% -> 1   22.20%, 2   32.45%, 3   45.35%
类型3 正确率：  33.00% -> 1    0.00%, 2   67.00%, 3   33.00%


样本变换：reverse
样本变换：mask
样本变换：shift
样本变换：none
未过滤	未用伪标签：55.15% -> 使用伪标签：55.28%
已过滤	未用伪标签：55.32% -> 使用伪标签：55.45%
排除样本：18|6000	剩余：2623, 1999, 1360
增添样本：1921		细则：0, 658, 1263	正确率估算：99.90%
类型1 正确率： 100.00% -> 1  100.00%, 2    0.00%, 3    0.00%
类型2 正确率：  33.00% -> 1   31.43%, 2   33.20%, 3   35.37%
类型3 正确率：  33.00% -> 1    0.00%, 2   67.05%, 3   32.95%

被排除样本 正确率：0.00%
类型1 正确率：   0.00% -> 1    0.00%, 2  100.00%
类型2 没有样本或未被分类。


轮次:··6/·20 || c_Loss:0.373 || e_Loss:-0.898 || Aad_Loss:-31.333 || 耗时：34.33s
轮次:··7/·20 || c_Loss:0.361 || e_Loss:-1.957 || Aad_Loss:-30.749 || 耗时：13.03s
轮次:··8/·20 || c_Loss:0.378 || e_Loss:-0.856 || Aad_Loss:-31.911 || 耗时：13.00s
轮次:··9/·20 || c_Loss:0.391 || e_Loss:-1.096 || Aad_Loss:-29.160 || 耗时：13.01s
轮次:·10/·20 || c_Loss:0.360 || e_Loss:-1.498 || Aad_Loss:-29.801 || 耗时：13.07s
任务: (B1)N15_M01_F10→(B3)N15_M07_F04; mix批次:····0; 批次:··940/·1880;  总正确率: 55.18%
类型1 正确率： 100.00% -> 1  100.00%, 2    0.00%, 3    0.00%
类型2 正确率：  33.00% -> 1   34.00%, 2   32.55%, 3   33.45%
类型3 正确率：  33.00% -> 1    0.00%, 2   67.00%, 3   33.00%


样本变换：reverse
样本变换：mask
样本变换：shift
样本变换：none
未过滤	未用伪标签：55.18% -> 使用伪标签：55.20%
已过滤	未用伪标签：55.19% -> 使用伪标签：55.23%
排除样本：3|6000	剩余：2680, 1993, 1324
增添样本：2078		细则：0, 721, 1357	正确率估算：99.80%
类型1 正确率： 100.00% -> 1  100.00%, 2    0.00%, 3    0.00%
类型2 正确率：  33.00% -> 1   34.03%, 2   32.68%, 3   33.28%
类型3 正确率：  33.00% -> 1    0.00%, 2   67.03%, 3   32.97%

被排除样本 正确率：33.33%
类型1 正确率：   0.00% -> 1    0.00%, 2  100.00%
类型2 正确率： 100.00% -> 1    0.00%, 2  100.00%


轮次:·11/·20 || c_Loss:0.357 || e_Loss:-0.972 || Aad_Loss:-30.875 || 耗时：34.48s
轮次:·12/·20 || c_Loss:0.383 || e_Loss:-0.957 || Aad_Loss:-30.601 || 耗时：12.97s
轮次:·13/·20 || c_Loss:0.359 || e_Loss:-0.945 || Aad_Loss:-31.502 || 耗时：12.98s
轮次:·14/·20 || c_Loss:0.360 || e_Loss:-0.991 || Aad_Loss:-31.063 || 耗时：13.05s
轮次:·15/·20 || c_Loss:0.361 || e_Loss:-0.982 || Aad_Loss:-31.727 || 耗时：13.01s
任务: (B1)N15_M01_F10→(B3)N15_M07_F04; mix批次:····0; 批次:·1410/·1880;  总正确率: 55.25%
类型1 正确率： 100.00% -> 1  100.00%, 2    0.00%, 3    0.00%
类型2 正确率：  33.00% -> 1   34.00%, 2   32.75%, 3   33.25%
类型3 正确率：  33.00% -> 1    0.00%, 2   67.00%, 3   33.00%


样本变换：reverse
样本变换：mask
样本变换：shift
样本变换：none
未过滤	未用伪标签：55.25% -> 使用伪标签：55.27%
已过滤	未用伪标签：55.27% -> 使用伪标签：55.29%
排除样本：2|6000	剩余：2680, 1998, 1320
增添样本：2076		细则：0, 716, 1360	正确率估算：100.00%
类型1 正确率： 100.00% -> 1  100.00%, 2    0.00%, 3    0.00%
类型2 正确率：  33.00% -> 1   34.03%, 2   32.88%, 3   33.08%
类型3 正确率：  33.00% -> 1    0.00%, 2   67.05%, 3   32.95%

被排除样本 正确率：0.00%
类型1 正确率：   0.00% -> 1    0.00%, 2  100.00%
类型2 没有样本或未被分类。


轮次:·16/·20 || c_Loss:0.359 || e_Loss:-1.073 || Aad_Loss:-30.795 || 耗时：34.52s
轮次:·17/·20 || c_Loss:0.362 || e_Loss:-1.053 || Aad_Loss:-30.604 || 耗时：12.96s
轮次:·18/·20 || c_Loss:0.360 || e_Loss:-0.993 || Aad_Loss:-31.552 || 耗时：13.02s
轮次:·19/·20 || c_Loss:0.360 || e_Loss:-0.963 || Aad_Loss:-31.871 || 耗时：13.06s
轮次:·20/·20 || c_Loss:0.368 || e_Loss:-0.914 || Aad_Loss:-32.492 || 耗时：12.99s
任务: (B1)N15_M01_F10→(B3)N15_M07_F04; mix批次:····0; 批次:·1880/·1880;  总正确率: 55.27%
类型1 正确率： 100.00% -> 1  100.00%, 2    0.00%, 3    0.00%
类型2 正确率：  33.00% -> 1   34.00%, 2   32.80%, 3   33.20%
类型3 正确率：  33.00% -> 1    0.00%, 2   67.00%, 3   33.00%


测试集任务: (B1)N15_M01_F10→(B3)N15_M07_F04; 总正确率 = 55.27%
类型1 正确率： 100.00% -> 1  100.00%, 2    0.00%, 3    0.00%
类型2 正确率：  33.00% -> 1   34.00%, 2   32.80%, 3   33.20%
类型3 正确率：  33.00% -> 1    0.00%, 2   67.00%, 3   33.00%


