读取源域路径：/kaggle/working/m2rep/reps0/weight_PU_M1_final_checkpoint_FBtoA_gatepcv_s0/NEW_PU/Source-源域/log&pt/(B3)N15_M07_F04
excel输出位置：/kaggle/working/m2rep/reps0/weight_PU_M1_final_checkpoint_FBtoA_gatepcv_s0/NEW_PU/Target-目标域
特征图片输出位置：/kaggle/working/m2rep/reps0/weight_PU_M1_final_checkpoint_FBtoA_gatepcv_s0/NEW_PU/Picture-特征图/2026年09月15日09时49分/(B3)N15_M07_F04
现在选取:(B3)N15_M07_F04 进行训练的源模型
现在进行：(B3)N15_M07_F04→(B2)N15_M07_F10 的迁移任务
log&pt输出位置：/kaggle/working/m2rep/reps0/weight_PU_M1_final_checkpoint_FBtoA_gatepcv_s0/NEW_PU/Target-目标域/log&pt/(B3)N15_M07_F04→(B2)N15_M07_F10
任务: (B3)N15_M07_F04→(B2)N15_M07_F10; 批次:····0/·1880;  总正确率: 54.65%
类型1 正确率：  98.00% -> 1   98.50%, 2    0.00%, 3    1.50%
类型2 正确率：  32.00% -> 1   10.55%, 2   32.45%, 3   57.00%
类型3 正确率：  33.00% -> 1    0.00%, 2   67.00%, 3   33.00%


样本变换：reverse
样本变换：mask
样本变换：shift
样本变换：none
未过滤	未用伪标签：54.65% -> 使用伪标签：54.25%
已过滤	未用伪标签：55.09% -> 使用伪标签：55.06%
排除样本：88|6000	剩余：2182, 1987, 1743
增添样本：1981		细则：0, 1535, 446	正确率估算：99.45%
类型1 正确率：  99.00% -> 1   98.63%, 2    0.00%, 3    1.37%
类型2 正确率：  33.00% -> 1   12.08%, 2   33.40%, 3   54.52%
类型3 正确率：  33.00% -> 1    0.00%, 2   67.00%, 3   33.00%

被排除样本 正确率：25.00%
类型1 正确率：  72.00% -> 1   72.00%, 2    0.00%, 3   28.00%
类型2 正确率：   6.00% -> 1   15.87%, 2    6.35%, 3   77.78%
类型3 没有样本或未被分类。


轮次:··1/·20 || c_Loss:0.697 || e_Loss:-1.435 || Aad_Loss:-20.042 || 耗时：33.88s
轮次:··2/·20 || c_Loss:0.415 || e_Loss:-1.601 || Aad_Loss:-22.350 || 耗时：13.05s
轮次:··3/·20 || c_Loss:0.364 || e_Loss:-1.669 || Aad_Loss:-21.297 || 耗时：12.99s
轮次:··4/·20 || c_Loss:0.388 || e_Loss:-1.704 || Aad_Loss:-20.355 || 耗时：12.91s
轮次:··5/·20 || c_Loss:0.420 || e_Loss:-1.542 || Aad_Loss:-21.417 || 耗时：12.94s
任务: (B3)N15_M07_F04→(B2)N15_M07_F10; mix批次:····0; 批次:··470/·1880;  总正确率: 62.28%
类型1 正确率： 100.00% -> 1  100.00%, 2    0.00%, 3    0.00%
类型2 正确率：  33.00% -> 1    2.40%, 2   32.95%, 3   64.65%
类型3 正确率：  54.00% -> 1    5.80%, 2   40.30%, 3   53.90%


样本变换：reverse
样本变换：mask
样本变换：shift
样本变换：none
未过滤	未用伪标签：62.28% -> 使用伪标签：55.50%
已过滤	未用伪标签：62.56% -> 使用伪标签：55.81%
排除样本：33|6000	剩余：2114, 1986, 1867
增添样本：1701		细则：0, 1454, 247	正确率估算：99.89%
类型1 正确率： 100.00% -> 1  100.00%, 2    0.00%, 3    0.00%
类型2 正确率：  33.00% -> 1    5.78%, 2   33.49%, 3   60.73%
类型3 正确率：  34.00% -> 1    0.00%, 2   66.43%, 3   33.57%

被排除样本 正确率：12.12%
类型1 正确率：   0.00% -> 1    0.00%, 2  100.00%
类型2 正确率： 100.00% -> 1    0.00%, 2  100.00%


轮次:··6/·20 || c_Loss:0.365 || e_Loss:-1.758 || Aad_Loss:-24.303 || 耗时：33.62s
轮次:··7/·20 || c_Loss:0.454 || e_Loss:-1.850 || Aad_Loss:-22.947 || 耗时：13.01s
轮次:··8/·20 || c_Loss:0.389 || e_Loss:-1.722 || Aad_Loss:-19.221 || 耗时：13.06s
轮次:··9/·20 || c_Loss:0.383 || e_Loss:-1.776 || Aad_Loss:-19.761 || 耗时：13.03s
轮次:·10/·20 || c_Loss:0.356 || e_Loss:-1.836 || Aad_Loss:-24.753 || 耗时：12.99s
任务: (B3)N15_M07_F04→(B2)N15_M07_F10; mix批次:····0; 批次:··940/·1880;  总正确率: 65.28%
类型1 正确率： 100.00% -> 1  100.00%, 2    0.00%, 3    0.00%
类型2 正确率：  33.00% -> 1    0.25%, 2   32.95%, 3   66.80%
类型3 正确率：  63.00% -> 1    6.55%, 2   30.55%, 3   62.90%


样本变换：reverse
样本变换：mask
样本变换：shift
样本变换：none
未过滤	未用伪标签：65.28% -> 使用伪标签：57.00%
已过滤	未用伪标签：65.22% -> 使用伪标签：57.57%
排除样本：59|6000	剩余：2021, 1857, 2063
增添样本：1445		细则：42, 1403, 0	正确率估算：99.86%
类型1 正确率： 100.00% -> 1  100.00%, 2    0.00%, 3    0.00%
类型2 正确率：  33.00% -> 1    1.06%, 2   33.27%, 3   65.68%
类型3 正确率：  39.00% -> 1    0.00%, 2   61.17%, 3   38.83%

被排除样本 正确率：71.19%
类型1 没有样本或未被分类。
类型2 正确率：   0.00% -> 1    0.00%, 2    0.00%, 3  100.00%
类型3 正确率：  98.00% -> 1    2.33%, 2    0.00%, 3   97.67%


轮次:·11/·20 || c_Loss:0.353 || e_Loss:-1.777 || Aad_Loss:-23.011 || 耗时：33.52s
轮次:·12/·20 || c_Loss:0.340 || e_Loss:-1.793 || Aad_Loss:-24.109 || 耗时：12.94s
轮次:·13/·20 || c_Loss:0.349 || e_Loss:-1.854 || Aad_Loss:-23.581 || 耗时：13.02s
轮次:·14/·20 || c_Loss:0.327 || e_Loss:-1.805 || Aad_Loss:-27.783 || 耗时：13.01s
轮次:·15/·20 || c_Loss:0.361 || e_Loss:-1.760 || Aad_Loss:-25.695 || 耗时：13.03s
任务: (B3)N15_M07_F04→(B2)N15_M07_F10; mix批次:····0; 批次:·1410/·1880;  总正确率: 68.83%
类型1 正确率： 100.00% -> 1  100.00%, 2    0.00%, 3    0.00%
类型2 正确率：  33.00% -> 1    0.00%, 2   33.00%, 3   67.00%
类型3 正确率：  74.00% -> 1    2.20%, 2   24.30%, 3   73.50%


样本变换：reverse
样本变换：mask
样本变换：shift
样本变换：none
未过滤	未用伪标签：68.83% -> 使用伪标签：65.12%
已过滤	未用伪标签：68.53% -> 使用伪标签：65.89%
排除样本：70|6000	剩余：2003, 1344, 2583
增添样本：2503		细则：580, 1923, 0	正确率估算：99.92%
类型1 正确率： 100.00% -> 1  100.00%, 2    0.00%, 3    0.00%
类型2 正确率：  33.00% -> 1    0.15%, 2   33.02%, 3   66.83%
类型3 正确率：  65.00% -> 1    0.00%, 2   35.42%, 3   64.58%

被排除样本 正确率：94.29%
类型1 没有样本或未被分类。
类型2 正确率：   0.00% -> 1    0.00%, 2    0.00%, 3  100.00%
类型3 正确率：  96.00% -> 1    4.35%, 2    0.00%, 3   95.65%


轮次:·16/·20 || c_Loss:0.345 || e_Loss:-1.639 || Aad_Loss:-30.469 || 耗时：33.83s
轮次:·17/·20 || c_Loss:0.345 || e_Loss:-1.537 || Aad_Loss:-32.813 || 耗时：12.84s
轮次:·18/·20 || c_Loss:0.334 || e_Loss:-1.519 || Aad_Loss:-30.654 || 耗时：12.89s
轮次:·19/·20 || c_Loss:0.345 || e_Loss:-1.638 || Aad_Loss:-30.427 || 耗时：12.89s
轮次:·20/·20 || c_Loss:0.357 || e_Loss:-1.657 || Aad_Loss:-26.380 || 耗时：12.85s
任务: (B3)N15_M07_F04→(B2)N15_M07_F10; mix批次:····0; 批次:·1880/·1880;  总正确率: 73.35%
类型1 正确率： 100.00% -> 1  100.00%, 2    0.00%, 3    0.00%
类型2 正确率：  33.00% -> 1    0.05%, 2   33.15%, 3   66.80%
类型3 正确率：  87.00% -> 1    0.00%, 2   13.10%, 3   86.90%


测试集任务: (B3)N15_M07_F04→(B2)N15_M07_F10; 总正确率 = 73.35%
类型1 正确率： 100.00% -> 1  100.00%, 2    0.00%, 3    0.00%
类型2 正确率：  33.00% -> 1    0.05%, 2   33.15%, 3   66.80%
类型3 正确率：  87.00% -> 1    0.00%, 2   13.10%, 3   86.90%


