读取源域路径：/kaggle/working/m2rep/reps0/weight_PU_M1_final_checkpoint_FBtoA_gatepcv_s0/NEW_PU/Source-源域/log&pt/(B3)N15_M07_F04
excel输出位置：/kaggle/working/m2rep/reps0/weight_PU_M1_final_checkpoint_FBtoA_gatepcv_s0/NEW_PU/Target-目标域
特征图片输出位置：/kaggle/working/m2rep/reps0/weight_PU_M1_final_checkpoint_FBtoA_gatepcv_s0/NEW_PU/Picture-特征图/2026年09月15日09时43分/(B3)N15_M07_F04
现在选取:(B3)N15_M07_F04 进行训练的源模型
现在进行：(B3)N15_M07_F04→(B1)N15_M01_F10 的迁移任务
log&pt输出位置：/kaggle/working/m2rep/reps0/weight_PU_M1_final_checkpoint_FBtoA_gatepcv_s0/NEW_PU/Target-目标域/log&pt/(B3)N15_M07_F04→(B1)N15_M01_F10
任务: (B3)N15_M07_F04→(B1)N15_M01_F10; 批次:····0/·1880;  总正确率: 53.88%
类型1 正确率：  96.00% -> 1   96.45%, 2    0.00%, 3    3.55%
类型2 正确率：  32.00% -> 1    9.15%, 2   32.20%, 3   58.65%
类型3 正确率：  33.00% -> 1    0.00%, 2   67.00%, 3   33.00%


样本变换：reverse
样本变换：mask
样本变换：shift
样本变换：none
未过滤	未用伪标签：53.88% -> 使用伪标签：53.15%
已过滤	未用伪标签：54.33% -> 使用伪标签：53.99%
排除样本：93|6000	剩余：2058, 1983, 1866
增添样本：1568		细则：0, 1389, 179	正确率估算：98.66%
类型1 正确率：  96.00% -> 1   95.78%, 2    0.00%, 3    4.22%
类型2 正确率：  33.00% -> 1    8.88%, 2   33.18%, 3   57.95%
类型3 正确率：  33.00% -> 1    0.00%, 2   67.00%, 3   33.00%

被排除样本 正确率：25.81%
类型1 正确率：  68.00% -> 1   67.74%, 2    0.00%, 3   32.26%
类型2 正确率：   5.00% -> 1   37.10%, 2    4.84%, 3   58.06%
类型3 没有样本或未被分类。


轮次:··1/·20 || c_Loss:0.651 || e_Loss:-1.404 || Aad_Loss:-17.754 || 耗时：33.84s
轮次:··2/·20 || c_Loss:0.391 || e_Loss:-1.706 || Aad_Loss:-21.345 || 耗时：13.01s
轮次:··3/·20 || c_Loss:0.381 || e_Loss:-1.762 || Aad_Loss:-20.154 || 耗时：12.95s
轮次:··4/·20 || c_Loss:0.419 || e_Loss:-1.596 || Aad_Loss:-21.601 || 耗时：12.95s
轮次:··5/·20 || c_Loss:0.348 || e_Loss:-1.729 || Aad_Loss:-22.915 || 耗时：12.91s
任务: (B3)N15_M07_F04→(B1)N15_M01_F10; mix批次:····0; 批次:··470/·1880;  总正确率: 59.28%
类型1 正确率： 100.00% -> 1  100.00%, 2    0.00%, 3    0.00%
类型2 正确率：  33.00% -> 1    3.00%, 2   32.95%, 3   64.05%
类型3 正确率：  45.00% -> 1   15.05%, 2   40.05%, 3   44.90%


样本变换：reverse
样本变换：mask
样本变换：shift
样本变换：none
未过滤	未用伪标签：59.28% -> 使用伪标签：55.33%
已过滤	未用伪标签：59.52% -> 使用伪标签：55.57%
排除样本：26|6000	剩余：2134, 1999, 1841
增添样本：1701		细则：0, 1441, 260	正确率估算：99.78%
类型1 正确率： 100.00% -> 1  100.00%, 2    0.00%, 3    0.00%
类型2 正确率：  33.00% -> 1    6.78%, 2   33.42%, 3   59.80%
类型3 正确率：  33.00% -> 1    0.00%, 2   66.98%, 3   33.02%

被排除样本 正确率：3.85%
类型1 正确率：   0.00% -> 1    0.00%, 2  100.00%
类型2 正确率： 100.00% -> 1    0.00%, 2  100.00%


轮次:··6/·20 || c_Loss:0.393 || e_Loss:-1.755 || Aad_Loss:-21.226 || 耗时：33.55s
轮次:··7/·20 || c_Loss:0.403 || e_Loss:-1.697 || Aad_Loss:-22.733 || 耗时：12.89s
轮次:··8/·20 || c_Loss:0.389 || e_Loss:-1.764 || Aad_Loss:-22.116 || 耗时：12.93s
轮次:··9/·20 || c_Loss:0.410 || e_Loss:-1.737 || Aad_Loss:-23.702 || 耗时：12.94s
轮次:·10/·20 || c_Loss:0.351 || e_Loss:-1.753 || Aad_Loss:-26.654 || 耗时：12.90s
任务: (B3)N15_M07_F04→(B1)N15_M01_F10; mix批次:····0; 批次:··940/·1880;  总正确率: 63.17%
类型1 正确率： 100.00% -> 1  100.00%, 2    0.00%, 3    0.00%
类型2 正确率：  33.00% -> 1    0.20%, 2   32.90%, 3   66.90%
类型3 正确率：  57.00% -> 1   11.65%, 2   31.75%, 3   56.60%


样本变换：reverse
样本变换：mask
样本变换：shift
样本变换：none
未过滤	未用伪标签：63.17% -> 使用伪标签：55.75%
已过滤	未用伪标签：63.17% -> 使用伪标签：55.95%
排除样本：21|6000	剩余：2010, 1962, 2007
增添样本：1377		细则：30, 1347, 0	正确率估算：99.57%
类型1 正确率： 100.00% -> 1  100.00%, 2    0.00%, 3    0.00%
类型2 正确率：  33.00% -> 1    0.50%, 2   33.13%, 3   66.37%
类型3 正确率：  34.00% -> 1    0.00%, 2   65.53%, 3   34.47%

被排除样本 正确率：61.90%
类型1 正确率：   0.00% -> 1    0.00%, 2  100.00%
类型2 正确率： 100.00% -> 1    0.00%, 2  100.00%


轮次:·11/·20 || c_Loss:0.340 || e_Loss:-1.738 || Aad_Loss:-23.738 || 耗时：33.46s
轮次:·12/·20 || c_Loss:0.361 || e_Loss:-1.755 || Aad_Loss:-23.314 || 耗时：12.90s
轮次:·13/·20 || c_Loss:0.342 || e_Loss:-1.910 || Aad_Loss:-23.827 || 耗时：12.93s
轮次:·14/·20 || c_Loss:0.414 || e_Loss:-1.614 || Aad_Loss:-28.366 || 耗时：12.99s
轮次:·15/·20 || c_Loss:0.353 || e_Loss:-1.831 || Aad_Loss:-22.070 || 耗时：13.01s
任务: (B3)N15_M07_F04→(B1)N15_M01_F10; mix批次:····0; 批次:·1410/·1880;  总正确率: 65.60%
类型1 正确率： 100.00% -> 1  100.00%, 2    0.00%, 3    0.00%
类型2 正确率：  33.00% -> 1    0.00%, 2   32.90%, 3   67.10%
类型3 正确率：  64.00% -> 1    5.95%, 2   30.15%, 3   63.90%


样本变换：reverse
样本变换：mask
样本变换：shift
样本变换：none
未过滤	未用伪标签：65.60% -> 使用伪标签：58.73%
已过滤	未用伪标签：65.32% -> 使用伪标签：59.30%
排除样本：57|6000	剩余：2001, 1739, 2203
增添样本：1779		细则：235, 1544, 0	正确率估算：99.89%
类型1 正确率： 100.00% -> 1  100.00%, 2    0.00%, 3    0.00%
类型2 正确率：  33.00% -> 1    0.05%, 2   32.98%, 3   66.97%
类型3 正确率：  44.00% -> 1    0.00%, 2   55.53%, 3   44.47%

被排除样本 正确率：94.74%
类型1 正确率：   0.00% -> 1    0.00%, 2  100.00%
类型2 正确率：  98.00% -> 1    1.82%, 2   98.18%


轮次:·16/·20 || c_Loss:0.341 || e_Loss:-1.474 || Aad_Loss:-26.407 || 耗时：33.69s
轮次:·17/·20 || c_Loss:0.337 || e_Loss:-1.645 || Aad_Loss:-26.951 || 耗时：12.98s
轮次:·18/·20 || c_Loss:0.330 || e_Loss:-1.669 || Aad_Loss:-27.289 || 耗时：12.98s
轮次:·19/·20 || c_Loss:0.333 || e_Loss:-1.706 || Aad_Loss:-25.829 || 耗时：12.97s
轮次:·20/·20 || c_Loss:0.334 || e_Loss:-1.731 || Aad_Loss:-22.786 || 耗时：12.98s
任务: (B3)N15_M07_F04→(B1)N15_M01_F10; mix批次:····0; 批次:·1880/·1880;  总正确率: 69.88%
类型1 正确率： 100.00% -> 1  100.00%, 2    0.00%, 3    0.00%
类型2 正确率：  33.00% -> 1    0.00%, 2   32.95%, 3   67.05%
类型3 正确率：  77.00% -> 1    0.05%, 2   23.25%, 3   76.70%


测试集任务: (B3)N15_M07_F04→(B1)N15_M01_F10; 总正确率 = 69.88%
类型1 正确率： 100.00% -> 1  100.00%, 2    0.00%, 3    0.00%
类型2 正确率：  33.00% -> 1    0.00%, 2   32.95%, 3   67.05%
类型3 正确率：  77.00% -> 1    0.05%, 2   23.25%, 3   76.70%


