读取源域路径：/kaggle/working/m2rep/reps0/weight_PU_M1_final_checkpoint_FBtoA_gatepcv_s0/NEW_PU/Source-源域/log&pt/(B2)N15_M07_F10
excel输出位置：/kaggle/working/m2rep/reps0/weight_PU_M1_final_checkpoint_FBtoA_gatepcv_s0/NEW_PU/Target-目标域
特征图片输出位置：/kaggle/working/m2rep/reps0/weight_PU_M1_final_checkpoint_FBtoA_gatepcv_s0/NEW_PU/Picture-特征图/2026年09月15日09时37分/(B2)N15_M07_F10
现在选取:(B2)N15_M07_F10 进行训练的源模型
现在进行：(B2)N15_M07_F10→(B3)N15_M07_F04 的迁移任务
log&pt输出位置：/kaggle/working/m2rep/reps0/weight_PU_M1_final_checkpoint_FBtoA_gatepcv_s0/NEW_PU/Target-目标域/log&pt/(B2)N15_M07_F10→(B3)N15_M07_F04
任务: (B2)N15_M07_F10→(B3)N15_M07_F04; 批次:····0/·1880;  总正确率: 49.25%
类型1 正确率：  98.00% -> 1   98.40%, 2    0.00%, 3    1.60%
类型2 正确率：  39.00% -> 1   25.75%, 2   38.60%, 3   35.65%
类型3 正确率：  11.00% -> 1    0.70%, 2   88.55%, 3   10.75%


样本变换：reverse
样本变换：mask
样本变换：shift
样本变换：none
未过滤	未用伪标签：49.25% -> 使用伪标签：55.07%
已过滤	未用伪标签：49.56% -> 使用伪标签：55.57%
排除样本：54|6000	剩余：2540, 1988, 1418
增添样本：1709		细则：0, 586, 1123	正确率估算：68.58%
类型1 正确率： 100.00% -> 1  100.00%, 2    0.00%, 3    0.00%
类型2 正确率：  33.00% -> 1   27.75%, 2   33.20%, 3   39.05%
类型3 正确率：  33.00% -> 1    0.00%, 2   67.10%, 3   32.90%

被排除样本 正确率：14.81%
类型1 没有样本或未被分类。
类型2 正确率：  15.00% -> 1   18.52%, 2   14.81%, 3   66.67%
类型3 没有样本或未被分类。


轮次:··1/·20 || c_Loss:0.518 || e_Loss:-1.316 || Aad_Loss:-26.982 || 耗时：34.28s
轮次:··2/·20 || c_Loss:0.405 || e_Loss:-0.947 || Aad_Loss:-28.918 || 耗时：13.02s
轮次:··3/·20 || c_Loss:0.353 || e_Loss:-1.679 || Aad_Loss:-29.843 || 耗时：12.97s
轮次:··4/·20 || c_Loss:0.395 || e_Loss:-1.081 || Aad_Loss:-29.162 || 耗时：12.90s
轮次:··5/·20 || c_Loss:0.353 || e_Loss:-0.859 || Aad_Loss:-30.802 || 耗时：12.94s
任务: (B2)N15_M07_F10→(B3)N15_M07_F04; mix批次:····0; 批次:··470/·1880;  总正确率: 55.20%
类型1 正确率： 100.00% -> 1  100.00%, 2    0.00%, 3    0.00%
类型2 正确率：  33.00% -> 1   33.15%, 2   32.60%, 3   34.25%
类型3 正确率：  33.00% -> 1    0.00%, 2   67.00%, 3   33.00%


样本变换：reverse
样本变换：mask
样本变换：shift
样本变换：none
未过滤	未用伪标签：55.20% -> 使用伪标签：55.25%
已过滤	未用伪标签：55.23% -> 使用伪标签：55.28%
排除样本：3|6000	剩余：2680, 1997, 1320
增添样本：2078		细则：0, 717, 1361	正确率估算：99.95%
类型1 正确率： 100.00% -> 1  100.00%, 2    0.00%, 3    0.00%
类型2 正确率：  33.00% -> 1   34.05%, 2   32.85%, 3   33.10%
类型3 正确率：  33.00% -> 1    0.00%, 2   67.05%, 3   32.95%

被排除样本 正确率：0.00%
类型1 正确率：   0.00% -> 1    0.00%, 2  100.00%
类型2 没有样本或未被分类。


轮次:··6/·20 || c_Loss:0.354 || e_Loss:-1.091 || Aad_Loss:-30.111 || 耗时：34.26s
轮次:··7/·20 || c_Loss:0.365 || e_Loss:-1.051 || Aad_Loss:-30.157 || 耗时：12.92s
轮次:··8/·20 || c_Loss:0.362 || e_Loss:-0.988 || Aad_Loss:-31.093 || 耗时：12.93s
轮次:··9/·20 || c_Loss:0.373 || e_Loss:-0.961 || Aad_Loss:-31.201 || 耗时：13.03s
轮次:·10/·20 || c_Loss:0.381 || e_Loss:-0.911 || Aad_Loss:-31.431 || 耗时：12.97s
任务: (B2)N15_M07_F10→(B3)N15_M07_F04; mix批次:····0; 批次:··940/·1880;  总正确率: 55.27%
类型1 正确率： 100.00% -> 1  100.00%, 2    0.00%, 3    0.00%
类型2 正确率：  33.00% -> 1   34.00%, 2   32.80%, 3   33.20%
类型3 正确率：  33.00% -> 1    0.00%, 2   67.00%, 3   33.00%


样本变换：reverse
样本变换：mask
样本变换：shift
样本变换：none
未过滤	未用伪标签：55.27% -> 使用伪标签：55.32%
已过滤	未用伪标签：55.28% -> 使用伪标签：55.33%
排除样本：1|6000	剩余：2680, 2001, 1318
增添样本：2075		细则：0, 713, 1362	正确率估算：99.95%
类型1 正确率： 100.00% -> 1  100.00%, 2    0.00%, 3    0.00%
类型2 正确率：  33.00% -> 1   34.02%, 2   33.02%, 3   32.97%
类型3 正确率：  33.00% -> 1    0.00%, 2   67.05%, 3   32.95%

被排除样本 正确率：0.00%
类型1 正确率：   0.00% -> 1    0.00%, 2  100.00%
类型2 没有样本或未被分类。


轮次:·11/·20 || c_Loss:0.356 || e_Loss:-0.972 || Aad_Loss:-31.282 || 耗时：34.42s
轮次:·12/·20 || c_Loss:0.359 || e_Loss:-1.012 || Aad_Loss:-31.143 || 耗时：12.92s
轮次:·13/·20 || c_Loss:0.364 || e_Loss:-0.978 || Aad_Loss:-31.250 || 耗时：12.90s
轮次:·14/·20 || c_Loss:0.357 || e_Loss:-0.982 || Aad_Loss:-31.116 || 耗时：12.99s
轮次:·15/·20 || c_Loss:0.360 || e_Loss:-0.985 || Aad_Loss:-30.965 || 耗时：12.93s
任务: (B2)N15_M07_F10→(B3)N15_M07_F04; mix批次:····0; 批次:·1410/·1880;  总正确率: 55.32%
类型1 正确率： 100.00% -> 1  100.00%, 2    0.00%, 3    0.00%
类型2 正确率：  33.00% -> 1   34.00%, 2   33.00%, 3   33.00%
类型3 正确率：  33.00% -> 1    0.00%, 2   67.05%, 3   32.95%


样本变换：reverse
样本变换：mask
样本变换：shift
样本变换：none
未过滤	未用伪标签：55.32% -> 使用伪标签：55.33%
已过滤	未用伪标签：55.32% -> 使用伪标签：55.33%
排除样本：2680|6000	剩余：2002, 1318
增添样本：2074		细则：0, 712, 1362	正确率估算：99.95%
类型1 正确率： 100.00% -> 1  100.00%, 2    0.00%, 3    0.00%
类型2 正确率：  33.00% -> 1   34.00%, 2   33.05%, 3   32.95%
类型3 正确率：  33.00% -> 1    0.00%, 2   67.05%, 3   32.95%

被排除样本 正确率：nan%


轮次:·16/·20 || c_Loss:0.366 || e_Loss:-0.940 || Aad_Loss:-31.605 || 耗时：34.35s
轮次:·17/·20 || c_Loss:0.358 || e_Loss:-0.949 || Aad_Loss:-33.476 || 耗时：12.94s
轮次:·18/·20 || c_Loss:0.364 || e_Loss:-0.911 || Aad_Loss:-32.306 || 耗时：12.94s
轮次:·19/·20 || c_Loss:0.356 || e_Loss:-0.995 || Aad_Loss:-31.722 || 耗时：13.01s
轮次:·20/·20 || c_Loss:0.410 || e_Loss:-0.801 || Aad_Loss:-33.378 || 耗时：12.96s
任务: (B2)N15_M07_F10→(B3)N15_M07_F04; mix批次:····0; 批次:·1880/·1880;  总正确率: 55.27%
类型1 正确率： 100.00% -> 1  100.00%, 2    0.00%, 3    0.00%
类型2 正确率：  33.00% -> 1   34.00%, 2   32.80%, 3   33.20%
类型3 正确率：  33.00% -> 1    0.00%, 2   67.00%, 3   33.00%


测试集任务: (B2)N15_M07_F10→(B3)N15_M07_F04; 总正确率 = 55.27%
类型1 正确率： 100.00% -> 1  100.00%, 2    0.00%, 3    0.00%
类型2 正确率：  33.00% -> 1   34.00%, 2   32.80%, 3   33.20%
类型3 正确率：  33.00% -> 1    0.00%, 2   67.00%, 3   33.00%


