读取源域路径：/kaggle/working/m2rep/reps0/weight_PU_M1_final_checkpoint_FBtoA_gatepcv_s0/NEW_PU/Source-源域/log&pt/(B1)N15_M01_F10
excel输出位置：/kaggle/working/m2rep/reps0/weight_PU_M1_final_checkpoint_FBtoA_gatepcv_s0/NEW_PU/Target-目标域
特征图片输出位置：/kaggle/working/m2rep/reps0/weight_PU_M1_final_checkpoint_FBtoA_gatepcv_s0/NEW_PU/Picture-特征图/2026年09月15日09时19分/(B1)N15_M01_F10
现在选取:(B1)N15_M01_F10 进行训练的源模型
现在进行：(B1)N15_M01_F10→(B2)N15_M07_F10 的迁移任务
log&pt输出位置：/kaggle/working/m2rep/reps0/weight_PU_M1_final_checkpoint_FBtoA_gatepcv_s0/NEW_PU/Target-目标域/log&pt/(B1)N15_M01_F10→(B2)N15_M07_F10
任务: (B1)N15_M01_F10→(B2)N15_M07_F10; 批次:····0/·1880;  总正确率: 53.22%
类型1 正确率：  93.00% -> 1   93.35%, 2    0.00%, 3    6.65%
类型2 正确率：  33.00% -> 1   29.40%, 2   33.30%, 3   37.30%
类型3 正确率：  33.00% -> 1    0.00%, 2   67.00%, 3   33.00%


样本变换：reverse
样本变换：mask
样本变换：shift
样本变换：none
未过滤	未用伪标签：53.22% -> 使用伪标签：53.40%
已过滤	未用伪标签：53.79% -> 使用伪标签：54.23%
排除样本：92|6000	剩余：2189, 1998, 1721
增添样本：2001		细则：0, 1531, 470	正确率估算：92.11%
类型1 正确率：  96.00% -> 1   96.18%, 2    0.00%, 3    3.82%
类型2 正确率：  34.00% -> 1   15.56%, 2   33.80%, 3   50.64%
类型3 正确率：  33.00% -> 1    0.00%, 2   67.00%, 3   33.00%

被排除样本 正确率：16.30%
类型1 正确率：  31.00% -> 1   30.77%, 2    0.00%, 3   69.23%
类型2 正确率：   6.00% -> 1   24.53%, 2    5.66%, 3   69.81%
类型3 没有样本或未被分类。


轮次:··1/·20 || c_Loss:0.549 || e_Loss:-1.231 || Aad_Loss:-17.920 || 耗时：34.91s
轮次:··2/·20 || c_Loss:0.358 || e_Loss:-1.665 || Aad_Loss:-25.428 || 耗时：13.26s
轮次:··3/·20 || c_Loss:0.470 || e_Loss:-1.655 || Aad_Loss:-19.106 || 耗时：13.13s
轮次:··4/·20 || c_Loss:0.365 || e_Loss:-1.623 || Aad_Loss:-23.724 || 耗时：12.90s
轮次:··5/·20 || c_Loss:0.366 || e_Loss:-1.654 || Aad_Loss:-22.751 || 耗时：12.83s
任务: (B1)N15_M01_F10→(B2)N15_M07_F10; mix批次:····0; 批次:··470/·1880;  总正确率: 62.48%
类型1 正确率： 100.00% -> 1  100.00%, 2    0.00%, 3    0.00%
类型2 正确率：  33.00% -> 1    8.80%, 2   33.00%, 3   58.20%
类型3 正确率：  54.00% -> 1    7.50%, 2   38.05%, 3   54.45%


样本变换：reverse
样本变换：mask
样本变换：shift
样本变换：none
未过滤	未用伪标签：62.48% -> 使用伪标签：55.33%
已过滤	未用伪标签：62.86% -> 使用伪标签：55.67%
排除样本：36|6000	剩余：2320, 2000, 1644
增添样本：2336		细则：0, 1660, 676	正确率估算：100.00%
类型1 正确率： 100.00% -> 1  100.00%, 2    0.00%, 3    0.00%
类型2 正确率：  34.00% -> 1   16.29%, 2   33.60%, 3   50.10%
类型3 正确率：  33.00% -> 1    0.00%, 2   67.00%, 3   33.00%

被排除样本 正确率：0.00%
类型1 正确率：   0.00% -> 1    0.00%, 2  100.00%
类型2 没有样本或未被分类。


轮次:··6/·20 || c_Loss:0.363 || e_Loss:-1.787 || Aad_Loss:-25.989 || 耗时：34.23s
轮次:··7/·20 || c_Loss:0.333 || e_Loss:-1.740 || Aad_Loss:-26.442 || 耗时：13.05s
轮次:··8/·20 || c_Loss:0.386 || e_Loss:-1.756 || Aad_Loss:-22.687 || 耗时：13.01s
轮次:··9/·20 || c_Loss:0.332 || e_Loss:-1.772 || Aad_Loss:-26.638 || 耗时：12.98s
轮次:·10/·20 || c_Loss:0.363 || e_Loss:-1.757 || Aad_Loss:-24.024 || 耗时：12.96s
任务: (B1)N15_M01_F10→(B2)N15_M07_F10; mix批次:····0; 批次:··940/·1880;  总正确率: 63.32%
类型1 正确率： 100.00% -> 1  100.00%, 2    0.00%, 3    0.00%
类型2 正确率：  33.00% -> 1   12.60%, 2   32.85%, 3   54.55%
类型3 正确率：  57.00% -> 1   14.20%, 2   28.70%, 3   57.10%


样本变换：reverse
样本变换：mask
样本变换：shift
样本变换：none
未过滤	未用伪标签：63.32% -> 使用伪标签：56.15%
已过滤	未用伪标签：63.50% -> 使用伪标签：56.67%
排除样本：55|6000	剩余：2310, 1923, 1712
增添样本：2248		细则：0, 1650, 598	正确率估算：99.92%
类型1 正确率： 100.00% -> 1  100.00%, 2    0.00%, 3    0.00%
类型2 正确率：  33.00% -> 1   15.71%, 2   33.45%, 3   50.84%
类型3 正确率：  36.00% -> 1    0.00%, 2   64.05%, 3   35.95%

被排除样本 正确率：43.64%
类型1 没有样本或未被分类。
类型2 正确率：   0.00% -> 1    0.00%, 2    0.00%, 3  100.00%
类型3 正确率：  86.00% -> 1   14.29%, 2    0.00%, 3   85.71%


轮次:·11/·20 || c_Loss:0.405 || e_Loss:-1.739 || Aad_Loss:-21.697 || 耗时：33.92s
轮次:·12/·20 || c_Loss:0.342 || e_Loss:-1.755 || Aad_Loss:-29.266 || 耗时：12.95s
轮次:·13/·20 || c_Loss:0.383 || e_Loss:-1.734 || Aad_Loss:-26.764 || 耗时：13.07s
轮次:·14/·20 || c_Loss:0.389 || e_Loss:-1.868 || Aad_Loss:-24.277 || 耗时：13.05s
轮次:·15/·20 || c_Loss:0.352 || e_Loss:-1.803 || Aad_Loss:-25.949 || 耗时：12.97s
任务: (B1)N15_M01_F10→(B2)N15_M07_F10; mix批次:····0; 批次:·1410/·1880;  总正确率: 65.97%
类型1 正确率： 100.00% -> 1  100.00%, 2    0.00%, 3    0.00%
类型2 正确率：  33.00% -> 1   13.35%, 2   33.00%, 3   53.65%
类型3 正确率：  65.00% -> 1    7.55%, 2   27.55%, 3   64.90%


样本变换：reverse
样本变换：mask
样本变换：shift
样本变换：none
未过滤	未用伪标签：65.97% -> 使用伪标签：59.80%
已过滤	未用伪标签：65.88% -> 使用伪标签：61.08%
排除样本：126|6000	剩余：2333, 1638, 1903
增添样本：2103		细则：0, 1673, 430	正确率估算：99.63%
类型1 正确率： 100.00% -> 1  100.00%, 2    0.00%, 3    0.00%
类型2 正确率：  34.00% -> 1   16.92%, 2   33.54%, 3   49.54%
类型3 正确率：  49.00% -> 1    0.00%, 2   51.31%, 3   48.69%

被排除样本 正确率：69.84%
类型1 没有样本或未被分类。
类型2 正确率：   0.00% -> 1    0.00%, 2    0.00%, 3  100.00%
类型3 正确率：  94.00% -> 1    4.26%, 2    2.13%, 3   93.62%


轮次:·16/·20 || c_Loss:0.367 || e_Loss:-1.644 || Aad_Loss:-24.727 || 耗时：33.75s
轮次:·17/·20 || c_Loss:0.398 || e_Loss:-1.562 || Aad_Loss:-26.369 || 耗时：12.99s
轮次:·18/·20 || c_Loss:0.363 || e_Loss:-1.647 || Aad_Loss:-24.590 || 耗时：13.03s
轮次:·19/·20 || c_Loss:0.461 || e_Loss:-1.709 || Aad_Loss:-19.013 || 耗时：13.02s
轮次:·20/·20 || c_Loss:0.387 || e_Loss:-1.632 || Aad_Loss:-24.875 || 耗时：13.01s
任务: (B1)N15_M01_F10→(B2)N15_M07_F10; mix批次:····0; 批次:·1880/·1880;  总正确率: 71.75%
类型1 正确率： 100.00% -> 1  100.00%, 2    0.00%, 3    0.00%
类型2 正确率：  33.00% -> 1   13.30%, 2   33.05%, 3   53.65%
类型3 正确率：  82.00% -> 1    0.25%, 2   17.55%, 3   82.20%


测试集任务: (B1)N15_M01_F10→(B2)N15_M07_F10; 总正确率 = 71.75%
类型1 正确率： 100.00% -> 1  100.00%, 2    0.00%, 3    0.00%
类型2 正确率：  33.00% -> 1   13.30%, 2   33.05%, 3   53.65%
类型3 正确率：  82.00% -> 1    0.25%, 2   17.55%, 3   82.20%


