读取源域路径：/kaggle/working/m2rep/reps0/weight_PU_M1_final_checkpoint_FBtoA_gatepcv_s0/NEW_PU/Source-源域/log&pt/(B2)N15_M07_F10
excel输出位置：/kaggle/working/m2rep/reps0/weight_PU_M1_final_checkpoint_FBtoA_gatepcv_s0/NEW_PU/Target-目标域
特征图片输出位置：/kaggle/working/m2rep/reps0/weight_PU_M1_final_checkpoint_FBtoA_gatepcv_s0/NEW_PU/Picture-特征图/2026年09月15日09时31分/(B2)N15_M07_F10
现在选取:(B2)N15_M07_F10 进行训练的源模型
现在进行：(B2)N15_M07_F10→(B1)N15_M01_F10 的迁移任务
log&pt输出位置：/kaggle/working/m2rep/reps0/weight_PU_M1_final_checkpoint_FBtoA_gatepcv_s0/NEW_PU/Target-目标域/log&pt/(B2)N15_M07_F10→(B1)N15_M01_F10
任务: (B2)N15_M07_F10→(B1)N15_M01_F10; 批次:····0/·1880;  总正确率: 52.88%
类型1 正确率：  92.00% -> 1   92.10%, 2    0.00%, 3    7.90%
类型2 正确率：  34.00% -> 1   31.75%, 2   33.55%, 3   34.70%
类型3 正确率：  33.00% -> 1    0.00%, 2   67.00%, 3   33.00%


样本变换：reverse
样本变换：mask
样本变换：shift
样本变换：none
未过滤	未用伪标签：52.88% -> 使用伪标签：48.90%
已过滤	未用伪标签：52.53% -> 使用伪标签：49.73%
排除样本：100|6000	剩余：2188, 1995, 1717
增添样本：2000		细则：0, 1522, 478	正确率估算：92.50%
类型1 正确率：  84.00% -> 1   83.89%, 2    0.00%, 3   16.11%
类型2 正确率：  33.00% -> 1   28.88%, 2   33.25%, 3   37.87%
类型3 正确率：  33.00% -> 1    0.00%, 2   67.00%, 3   33.00%

被排除样本 正确率：74.00%
类型1 正确率：  99.00% -> 1   98.57%, 2    0.00%, 3    1.43%
类型2 正确率：  17.00% -> 1   20.00%, 2   16.67%, 3   63.33%
类型3 没有样本或未被分类。


轮次:··1/·20 || c_Loss:0.677 || e_Loss:-0.978 || Aad_Loss:-18.190 || 耗时：34.03s
轮次:··2/·20 || c_Loss:0.422 || e_Loss:-1.677 || Aad_Loss:-17.178 || 耗时：13.10s
轮次:··3/·20 || c_Loss:0.409 || e_Loss:-1.471 || Aad_Loss:-20.677 || 耗时：13.04s
轮次:··4/·20 || c_Loss:0.485 || e_Loss:-1.644 || Aad_Loss:-18.945 || 耗时：12.91s
轮次:··5/·20 || c_Loss:0.426 || e_Loss:-1.668 || Aad_Loss:-21.579 || 耗时：12.92s
任务: (B2)N15_M07_F10→(B1)N15_M01_F10; mix批次:····0; 批次:··470/·1880;  总正确率: 53.83%
类型1 正确率：  76.00% -> 1   75.75%, 2    0.00%, 3   24.25%
类型2 正确率：  33.00% -> 1   34.00%, 2   32.90%, 3   33.10%
类型3 正确率：  53.00% -> 1   11.75%, 2   35.40%, 3   52.85%


样本变换：reverse
样本变换：mask
样本变换：shift
样本变换：none
未过滤	未用伪标签：53.83% -> 使用伪标签：48.03%
已过滤	未用伪标签：54.14% -> 使用伪标签：48.36%
排除样本：41|6000	剩余：2242, 2000, 1717
增添样本：2116		细则：0, 1575, 541	正确率估算：99.83%
类型1 正确率：  80.00% -> 1   79.73%, 2    0.00%, 3   20.27%
类型2 正确率：  33.00% -> 1   34.00%, 2   33.00%, 3   33.00%
类型3 正确率：  33.00% -> 1    0.00%, 2   67.00%, 3   33.00%

被排除样本 正确率：9.76%
类型1 正确率：  10.00% -> 1    9.76%, 2   90.24%
类型2 没有样本或未被分类。


轮次:··6/·20 || c_Loss:0.391 || e_Loss:-1.792 || Aad_Loss:-21.158 || 耗时：34.03s
轮次:··7/·20 || c_Loss:0.402 || e_Loss:-1.777 || Aad_Loss:-19.200 || 耗时：13.10s
轮次:··8/·20 || c_Loss:0.377 || e_Loss:-1.704 || Aad_Loss:-25.359 || 耗时：13.07s
轮次:··9/·20 || c_Loss:0.407 || e_Loss:-1.684 || Aad_Loss:-20.757 || 耗时：13.01s
轮次:·10/·20 || c_Loss:0.353 || e_Loss:-1.716 || Aad_Loss:-23.600 || 耗时：12.95s
任务: (B2)N15_M07_F10→(B1)N15_M01_F10; mix批次:····0; 批次:··940/·1880;  总正确率: 51.85%
类型1 正确率：  72.00% -> 1   72.25%, 2    0.00%, 3   27.75%
类型2 正确率：  33.00% -> 1   34.00%, 2   33.00%, 3   33.00%
类型3 正确率：  50.00% -> 1   16.25%, 2   33.45%, 3   50.30%


样本变换：reverse
样本变换：mask
样本变换：shift
样本变换：none
未过滤	未用伪标签：51.85% -> 使用伪标签：45.57%
已过滤	未用伪标签：51.80% -> 使用伪标签：45.66%
排除样本：12|6000	剩余：2093, 1999, 1896
增添样本：1662		细则：0, 1433, 229	正确率估算：99.89%
类型1 正确率：  71.00% -> 1   71.08%, 2    0.00%, 3   28.92%
类型2 正确率：  33.00% -> 1   34.00%, 2   33.00%, 3   33.00%
类型3 正确率：  33.00% -> 1    0.00%, 2   66.95%, 3   33.05%

被排除样本 正确率：75.00%
类型1 正确率：  75.00% -> 1   75.00%, 2   25.00%
类型2 没有样本或未被分类。


轮次:·11/·20 || c_Loss:0.408 || e_Loss:-1.836 || Aad_Loss:-22.980 || 耗时：33.75s
轮次:·12/·20 || c_Loss:0.377 || e_Loss:-1.796 || Aad_Loss:-22.525 || 耗时：13.01s
轮次:·13/·20 || c_Loss:0.369 || e_Loss:-1.642 || Aad_Loss:-29.607 || 耗时：13.04s
轮次:·14/·20 || c_Loss:0.396 || e_Loss:-1.912 || Aad_Loss:-22.199 || 耗时：13.09s
轮次:·15/·20 || c_Loss:0.361 || e_Loss:-1.811 || Aad_Loss:-25.376 || 耗时：13.05s
任务: (B2)N15_M07_F10→(B1)N15_M01_F10; mix批次:····0; 批次:·1410/·1880;  总正确率: 52.68%
类型1 正确率：  67.00% -> 1   67.35%, 2    0.00%, 3   32.65%
类型2 正确率：  33.00% -> 1   34.00%, 2   33.00%, 3   33.00%
类型3 正确率：  58.00% -> 1   12.90%, 2   29.40%, 3   57.70%


样本变换：reverse
样本变换：mask
样本变换：shift
样本变换：none
未过滤	未用伪标签：52.68% -> 使用伪标签：44.57%
已过滤	未用伪标签：52.71% -> 使用伪标签：44.63%
排除样本：9|6000	剩余：2025, 1981, 1985
增添样本：1434		细则：0, 1363, 71	正确率估算：100.00%
类型1 正确率：  67.00% -> 1   67.25%, 2    0.00%, 3   32.75%
类型2 正确率：  33.00% -> 1   34.00%, 2   33.00%, 3   33.00%
类型3 正确率：  34.00% -> 1    0.10%, 2   66.25%, 3   33.65%

被排除样本 正确率：33.33%
类型1 正确率：  67.00% -> 1   66.67%, 2   33.33%
类型2 正确率：  17.00% -> 1   83.33%, 2   16.67%


轮次:·16/·20 || c_Loss:0.355 || e_Loss:-1.912 || Aad_Loss:-25.390 || 耗时：34.04s
轮次:·17/·20 || c_Loss:0.360 || e_Loss:-1.789 || Aad_Loss:-23.875 || 耗时：12.96s
轮次:·18/·20 || c_Loss:0.358 || e_Loss:-1.879 || Aad_Loss:-23.304 || 耗时：12.93s
轮次:·19/·20 || c_Loss:0.350 || e_Loss:-1.811 || Aad_Loss:-25.213 || 耗时：12.96s
轮次:·20/·20 || c_Loss:0.356 || e_Loss:-1.905 || Aad_Loss:-25.416 || 耗时：12.95s
任务: (B2)N15_M07_F10→(B1)N15_M01_F10; mix批次:····0; 批次:·1880/·1880;  总正确率: 52.70%
类型1 正确率：  67.00% -> 1   67.00%, 2    0.00%, 3   33.00%
类型2 正确率：  33.00% -> 1   34.00%, 2   33.00%, 3   33.00%
类型3 正确率：  58.00% -> 1   16.85%, 2   25.05%, 3   58.10%


测试集任务: (B2)N15_M07_F10→(B1)N15_M01_F10; 总正确率 = 52.70%
类型1 正确率：  67.00% -> 1   67.00%, 2    0.00%, 3   33.00%
类型2 正确率：  33.00% -> 1   34.00%, 2   33.00%, 3   33.00%
类型3 正确率：  58.00% -> 1   16.85%, 2   25.05%, 3   58.10%


