读取源域路径：/kaggle/working/shot_k10/S00/weight_PU_M1_shot_FS00toS00c_s2024/NEW_PU/Source-源域/log&pt/(B2)N15_M07_F10
excel输出位置：/kaggle/working/shot_k10/S00/weight_PU_M1_shot_FS00toS00c_s2024/NEW_PU/Target-目标域
特征图片输出位置：/kaggle/working/shot_k10/S00/weight_PU_M1_shot_FS00toS00c_s2024/NEW_PU/Picture-特征图/2026年09月21日20时56分/(B2)N15_M07_F10
现在选取:(B2)N15_M07_F10 进行训练的源模型
现在进行：(B2)N15_M07_F10→(B1)N15_M01_F10 的迁移任务
log&pt输出位置：/kaggle/working/shot_k10/S00/weight_PU_M1_shot_FS00toS00c_s2024/NEW_PU/Target-目标域/log&pt/(B2)N15_M07_F10→(B1)N15_M01_F10
任务: (B2)N15_M07_F10→(B1)N15_M01_F10; 批次:····0/·1880;  总正确率: 53.40%
类型1 正确率：  38.00% -> 1   38.35%, 2    0.55%, 3   61.10%
类型2 正确率：  66.00% -> 1    0.00%, 2   66.40%, 3   33.60%
类型3 正确率：  55.00% -> 1    0.05%, 2   44.50%, 3   55.45%


SHOT pseudo-labels: model 53.40% -> centroid 52.00%
轮次:··1/·20 || cls:1.673 || im:-0.904 || 耗时：21.86s
SHOT pseudo-labels: model 70.42% -> centroid 72.15%
轮次:··2/·20 || cls:1.132 || im:-0.744 || 耗时：16.15s
SHOT pseudo-labels: model 57.12% -> centroid 62.27%
轮次:··3/·20 || cls:1.015 || im:-0.657 || 耗时：15.86s
SHOT pseudo-labels: model 41.15% -> centroid 47.60%
轮次:··4/·20 || cls:0.912 || im:-0.603 || 耗时：15.78s
SHOT pseudo-labels: model 37.70% -> centroid 48.87%
轮次:··5/·20 || cls:0.781 || im:-0.596 || 耗时：15.78s
SHOT pseudo-labels: model 30.62% -> centroid 46.67%
轮次:··6/·20 || cls:0.726 || im:-0.520 || 耗时：15.86s
SHOT pseudo-labels: model 30.47% -> centroid 44.88%
轮次:··7/·20 || cls:0.770 || im:-0.600 || 耗时：15.94s
SHOT pseudo-labels: model 26.07% -> centroid 44.70%
轮次:··8/·20 || cls:0.776 || im:-0.713 || 耗时：15.91s
SHOT pseudo-labels: model 25.70% -> centroid 42.78%
轮次:··9/·20 || cls:0.741 || im:-0.580 || 耗时：15.80s
SHOT pseudo-labels: model 24.33% -> centroid 39.52%
轮次:·10/·20 || cls:0.620 || im:-0.589 || 耗时：15.82s
SHOT pseudo-labels: model 23.75% -> centroid 38.48%
轮次:·11/·20 || cls:0.723 || im:-0.630 || 耗时：15.89s
SHOT pseudo-labels: model 23.67% -> centroid 35.22%
轮次:·12/·20 || cls:0.525 || im:-0.617 || 耗时：15.92s
SHOT pseudo-labels: model 21.90% -> centroid 34.85%
轮次:·13/·20 || cls:0.634 || im:-0.543 || 耗时：15.94s
SHOT pseudo-labels: model 21.77% -> centroid 31.78%
轮次:·14/·20 || cls:0.756 || im:-0.531 || 耗时：15.91s
SHOT pseudo-labels: model 20.15% -> centroid 34.95%
轮次:·15/·20 || cls:0.664 || im:-0.609 || 耗时：15.91s
SHOT pseudo-labels: model 21.48% -> centroid 37.52%
轮次:·16/·20 || cls:0.695 || im:-0.621 || 耗时：15.91s
SHOT pseudo-labels: model 20.70% -> centroid 32.22%
轮次:·17/·20 || cls:0.626 || im:-0.613 || 耗时：15.91s
SHOT pseudo-labels: model 20.18% -> centroid 30.70%
轮次:·18/·20 || cls:0.642 || im:-0.549 || 耗时：15.92s
SHOT pseudo-labels: model 19.82% -> centroid 25.23%
轮次:·19/·20 || cls:0.695 || im:-0.551 || 耗时：15.91s
SHOT pseudo-labels: model 19.48% -> centroid 24.82%
轮次:·20/·20 || cls:0.627 || im:-0.626 || 耗时：15.89s
测试集任务: (B2)N15_M07_F10→(B1)N15_M01_F10; 总正确率 = 19.70%
类型1 正确率：   4.00% -> 1    3.70%, 2   67.50%, 3   28.80%
类型2 正确率：  22.00% -> 1   32.10%, 2   22.40%, 3   45.50%
类型3 正确率：  33.00% -> 1   51.05%, 2   15.95%, 3   33.00%


