读取源域路径：/kaggle/working/shot_k10/S00/weight_PU_M1_shot_FS00toS00c_s2024/NEW_PU/Source-源域/log&pt/(B1)N15_M01_F10
excel输出位置：/kaggle/working/shot_k10/S00/weight_PU_M1_shot_FS00toS00c_s2024/NEW_PU/Target-目标域
特征图片输出位置：/kaggle/working/shot_k10/S00/weight_PU_M1_shot_FS00toS00c_s2024/NEW_PU/Picture-特征图/2026年09月21日20时50分/(B1)N15_M01_F10
现在选取:(B1)N15_M01_F10 进行训练的源模型
现在进行：(B1)N15_M01_F10→(B3)N15_M07_F04 的迁移任务
log&pt输出位置：/kaggle/working/shot_k10/S00/weight_PU_M1_shot_FS00toS00c_s2024/NEW_PU/Target-目标域/log&pt/(B1)N15_M01_F10→(B3)N15_M07_F04
任务: (B1)N15_M01_F10→(B3)N15_M07_F04; 批次:····0/·1880;  总正确率: 64.05%
类型1 正确率：  65.00% -> 1   64.75%, 2    5.35%, 3   29.90%
类型2 正确率：  78.00% -> 1    0.00%, 2   78.45%, 3   21.55%
类型3 正确率：  49.00% -> 1    0.00%, 2   51.05%, 3   48.95%


SHOT pseudo-labels: model 64.05% -> centroid 70.20%
轮次:··1/·20 || cls:1.599 || im:-0.745 || 耗时：21.78s
SHOT pseudo-labels: model 69.62% -> centroid 79.15%
轮次:··2/·20 || cls:1.026 || im:-0.673 || 耗时：16.21s
SHOT pseudo-labels: model 57.68% -> centroid 56.57%
轮次:··3/·20 || cls:0.805 || im:-0.707 || 耗时：15.88s
SHOT pseudo-labels: model 55.28% -> centroid 55.07%
轮次:··4/·20 || cls:0.666 || im:-0.641 || 耗时：15.77s
SHOT pseudo-labels: model 52.07% -> centroid 47.77%
轮次:··5/·20 || cls:0.747 || im:-0.632 || 耗时：15.81s
SHOT pseudo-labels: model 47.82% -> centroid 35.02%
轮次:··6/·20 || cls:0.756 || im:-0.617 || 耗时：15.83s
SHOT pseudo-labels: model 49.25% -> centroid 36.23%
轮次:··7/·20 || cls:0.713 || im:-0.557 || 耗时：15.96s
SHOT pseudo-labels: model 50.03% -> centroid 35.73%
轮次:··8/·20 || cls:0.648 || im:-0.554 || 耗时：15.95s
SHOT pseudo-labels: model 48.95% -> centroid 34.48%
轮次:··9/·20 || cls:0.646 || im:-0.569 || 耗时：15.88s
SHOT pseudo-labels: model 47.67% -> centroid 33.95%
轮次:·10/·20 || cls:0.709 || im:-0.594 || 耗时：15.83s
SHOT pseudo-labels: model 46.32% -> centroid 30.88%
轮次:·11/·20 || cls:0.774 || im:-0.578 || 耗时：15.87s
SHOT pseudo-labels: model 45.65% -> centroid 29.57%
轮次:·12/·20 || cls:0.577 || im:-0.633 || 耗时：15.93s
SHOT pseudo-labels: model 45.98% -> centroid 28.08%
轮次:·13/·20 || cls:0.671 || im:-0.565 || 耗时：15.99s
SHOT pseudo-labels: model 44.30% -> centroid 24.77%
轮次:·14/·20 || cls:0.634 || im:-0.548 || 耗时：15.92s
SHOT pseudo-labels: model 44.85% -> centroid 25.22%
轮次:·15/·20 || cls:0.751 || im:-0.568 || 耗时：15.87s
SHOT pseudo-labels: model 43.47% -> centroid 21.70%
轮次:·16/·20 || cls:0.651 || im:-0.601 || 耗时：15.82s
SHOT pseudo-labels: model 44.07% -> centroid 22.08%
轮次:·17/·20 || cls:0.666 || im:-0.531 || 耗时：15.86s
SHOT pseudo-labels: model 45.92% -> centroid 24.05%
轮次:·18/·20 || cls:0.726 || im:-0.580 || 耗时：15.88s
SHOT pseudo-labels: model 46.10% -> centroid 24.58%
轮次:·19/·20 || cls:0.617 || im:-0.560 || 耗时：15.87s
SHOT pseudo-labels: model 46.17% -> centroid 23.75%
轮次:·20/·20 || cls:0.573 || im:-0.601 || 耗时：15.91s
测试集任务: (B1)N15_M01_F10→(B3)N15_M07_F04; 总正确率 = 45.93%
类型1 正确率：  47.00% -> 1   47.35%, 2   29.90%, 3   22.75%
类型2 正确率：  41.00% -> 1   32.30%, 2   40.60%, 3   27.10%
类型3 正确率：  50.00% -> 1   12.25%, 2   37.90%, 3   49.85%


