读取源域路径：/kaggle/working/shot_k10/S00/weight_PU_M1_shot_FS00toS00c_s2024/NEW_PU/Source-源域/log&pt/(B1)N15_M01_F10
excel输出位置：/kaggle/working/shot_k10/S00/weight_PU_M1_shot_FS00toS00c_s2024/NEW_PU/Target-目标域
特征图片输出位置：/kaggle/working/shot_k10/S00/weight_PU_M1_shot_FS00toS00c_s2024/NEW_PU/Picture-特征图/2026年09月21日20时45分/(B1)N15_M01_F10
现在选取:(B1)N15_M01_F10 进行训练的源模型
现在进行：(B1)N15_M01_F10→(B2)N15_M07_F10 的迁移任务
log&pt输出位置：/kaggle/working/shot_k10/S00/weight_PU_M1_shot_FS00toS00c_s2024/NEW_PU/Target-目标域/log&pt/(B1)N15_M01_F10→(B2)N15_M07_F10
任务: (B1)N15_M01_F10→(B2)N15_M07_F10; 批次:····0/·1880;  总正确率: 56.17%
类型1 正确率：  41.00% -> 1   41.35%, 2    5.95%, 3   52.70%
类型2 正确率：  79.00% -> 1    0.00%, 2   79.40%, 3   20.60%
类型3 正确率：  48.00% -> 1    0.00%, 2   52.25%, 3   47.75%


SHOT pseudo-labels: model 56.17% -> centroid 58.62%
轮次:··1/·20 || cls:1.167 || im:-0.773 || 耗时：22.19s
SHOT pseudo-labels: model 61.32% -> centroid 62.15%
轮次:··2/·20 || cls:0.943 || im:-0.625 || 耗时：16.57s
SHOT pseudo-labels: model 55.82% -> centroid 57.25%
轮次:··3/·20 || cls:0.765 || im:-0.638 || 耗时：16.16s
SHOT pseudo-labels: model 58.20% -> centroid 55.92%
轮次:··4/·20 || cls:0.659 || im:-0.552 || 耗时：15.67s
SHOT pseudo-labels: model 57.93% -> centroid 68.75%
轮次:··5/·20 || cls:0.717 || im:-0.612 || 耗时：15.64s
SHOT pseudo-labels: model 63.08% -> centroid 73.78%
轮次:··6/·20 || cls:0.737 || im:-0.657 || 耗时：15.88s
SHOT pseudo-labels: model 62.30% -> centroid 74.22%
轮次:··7/·20 || cls:0.692 || im:-0.547 || 耗时：16.19s
SHOT pseudo-labels: model 60.30% -> centroid 50.55%
轮次:··8/·20 || cls:0.730 || im:-0.621 || 耗时：15.94s
SHOT pseudo-labels: model 61.00% -> centroid 74.18%
轮次:··9/·20 || cls:0.672 || im:-0.527 || 耗时：15.80s
SHOT pseudo-labels: model 61.78% -> centroid 73.95%
轮次:·10/·20 || cls:0.471 || im:-0.579 || 耗时：15.76s
SHOT pseudo-labels: model 63.40% -> centroid 77.10%
轮次:·11/·20 || cls:0.741 || im:-0.627 || 耗时：15.89s
SHOT pseudo-labels: model 62.35% -> centroid 75.30%
轮次:·12/·20 || cls:0.833 || im:-0.714 || 耗时：15.99s
SHOT pseudo-labels: model 61.30% -> centroid 74.43%
轮次:·13/·20 || cls:0.704 || im:-0.643 || 耗时：15.95s
SHOT pseudo-labels: model 62.85% -> centroid 74.78%
轮次:·14/·20 || cls:0.740 || im:-0.711 || 耗时：15.89s
SHOT pseudo-labels: model 62.43% -> centroid 75.35%
轮次:·15/·20 || cls:0.609 || im:-0.580 || 耗时：15.87s
SHOT pseudo-labels: model 61.08% -> centroid 73.78%
轮次:·16/·20 || cls:0.739 || im:-0.684 || 耗时：15.89s
SHOT pseudo-labels: model 62.20% -> centroid 74.60%
轮次:·17/·20 || cls:0.753 || im:-0.635 || 耗时：15.82s
SHOT pseudo-labels: model 62.60% -> centroid 76.28%
轮次:·18/·20 || cls:0.647 || im:-0.603 || 耗时：15.89s
SHOT pseudo-labels: model 61.57% -> centroid 76.17%
轮次:·19/·20 || cls:0.692 || im:-0.645 || 耗时：15.87s
SHOT pseudo-labels: model 62.17% -> centroid 76.62%
轮次:·20/·20 || cls:0.655 || im:-0.713 || 耗时：15.91s
测试集任务: (B1)N15_M01_F10→(B2)N15_M07_F10; 总正确率 = 61.75%
类型1 正确率：  98.00% -> 1   97.70%, 2    0.20%, 3    2.10%
类型2 正确率：  46.00% -> 1    0.10%, 2   46.25%, 3   53.65%
类型3 正确率：  41.00% -> 1    0.05%, 2   58.65%, 3   41.30%


