读取源域路径：/kaggle/working/shot_k10/S00/weight_PU_M1_shot_FS00toS00c_s2024/NEW_PU/Source-源域/log&pt/(B3)N15_M07_F04
excel输出位置：/kaggle/working/shot_k10/S00/weight_PU_M1_shot_FS00toS00c_s2024/NEW_PU/Target-目标域
特征图片输出位置：/kaggle/working/shot_k10/S00/weight_PU_M1_shot_FS00toS00c_s2024/NEW_PU/Picture-特征图/2026年09月21日21时13分/(B3)N15_M07_F04
现在选取:(B3)N15_M07_F04 进行训练的源模型
现在进行：(B3)N15_M07_F04→(B2)N15_M07_F10 的迁移任务
log&pt输出位置：/kaggle/working/shot_k10/S00/weight_PU_M1_shot_FS00toS00c_s2024/NEW_PU/Target-目标域/log&pt/(B3)N15_M07_F04→(B2)N15_M07_F10
任务: (B3)N15_M07_F04→(B2)N15_M07_F10; 批次:····0/·1880;  总正确率: 48.95%
类型1 正确率：  72.00% -> 1   72.20%, 2    0.00%, 3   27.80%
类型2 正确率：  57.00% -> 1    0.00%, 2   57.40%, 3   42.60%
类型3 正确率：  17.00% -> 1    0.00%, 2   82.75%, 3   17.25%


SHOT pseudo-labels: model 48.95% -> centroid 59.13%
轮次:··1/·20 || cls:1.617 || im:-0.917 || 耗时：21.86s
SHOT pseudo-labels: model 58.48% -> centroid 56.67%
轮次:··2/·20 || cls:1.578 || im:-0.828 || 耗时：16.16s
SHOT pseudo-labels: model 58.50% -> centroid 57.77%
轮次:··3/·20 || cls:1.043 || im:-0.768 || 耗时：15.84s
SHOT pseudo-labels: model 57.37% -> centroid 55.45%
轮次:··4/·20 || cls:1.008 || im:-0.711 || 耗时：15.76s
SHOT pseudo-labels: model 58.68% -> centroid 58.43%
轮次:··5/·20 || cls:0.664 || im:-0.685 || 耗时：15.79s
SHOT pseudo-labels: model 60.53% -> centroid 55.25%
轮次:··6/·20 || cls:0.783 || im:-0.696 || 耗时：15.89s
SHOT pseudo-labels: model 60.48% -> centroid 56.90%
轮次:··7/·20 || cls:0.750 || im:-0.696 || 耗时：15.93s
SHOT pseudo-labels: model 60.68% -> centroid 58.03%
轮次:··8/·20 || cls:0.806 || im:-0.696 || 耗时：15.93s
SHOT pseudo-labels: model 62.38% -> centroid 59.27%
轮次:··9/·20 || cls:0.551 || im:-0.621 || 耗时：15.84s
SHOT pseudo-labels: model 62.50% -> centroid 52.97%
轮次:·10/·20 || cls:0.598 || im:-0.657 || 耗时：15.81s
SHOT pseudo-labels: model 62.37% -> centroid 51.52%
轮次:·11/·20 || cls:0.780 || im:-0.612 || 耗时：15.87s
SHOT pseudo-labels: model 61.48% -> centroid 51.82%
轮次:·12/·20 || cls:0.787 || im:-0.699 || 耗时：15.95s
SHOT pseudo-labels: model 62.23% -> centroid 50.42%
轮次:·13/·20 || cls:0.748 || im:-0.636 || 耗时：15.92s
SHOT pseudo-labels: model 62.32% -> centroid 50.38%
轮次:·14/·20 || cls:0.641 || im:-0.561 || 耗时：15.91s
SHOT pseudo-labels: model 62.68% -> centroid 50.65%
轮次:·15/·20 || cls:0.823 || im:-0.689 || 耗时：15.86s
SHOT pseudo-labels: model 60.33% -> centroid 49.60%
轮次:·16/·20 || cls:0.650 || im:-0.689 || 耗时：15.85s
SHOT pseudo-labels: model 61.68% -> centroid 49.82%
轮次:·17/·20 || cls:0.783 || im:-0.676 || 耗时：15.86s
SHOT pseudo-labels: model 63.22% -> centroid 48.93%
轮次:·18/·20 || cls:0.755 || im:-0.647 || 耗时：15.86s
SHOT pseudo-labels: model 62.55% -> centroid 49.07%
轮次:·19/·20 || cls:0.777 || im:-0.615 || 耗时：15.87s
SHOT pseudo-labels: model 63.83% -> centroid 50.43%
轮次:·20/·20 || cls:0.611 || im:-0.670 || 耗时：15.87s
测试集任务: (B3)N15_M07_F04→(B2)N15_M07_F10; 总正确率 = 62.82%
类型1 正确率：  98.00% -> 1   97.90%, 2    0.05%, 3    2.05%
类型2 正确率：  45.00% -> 1    0.05%, 2   44.70%, 3   55.25%
类型3 正确率：  46.00% -> 1    0.00%, 2   54.15%, 3   45.85%


