读取源域路径：/kaggle/working/k10/S07/weight_PU_M1_final_checkpoint_FS07toS07c_gatepcv_s2024/NEW_PU/Source-源域/log&pt/(B2)N15_M07_F10
excel输出位置：/kaggle/working/k10/S07/weight_PU_M1_final_checkpoint_FS07toS07c_gatepcv_s2024/NEW_PU/Target-目标域
特征图片输出位置：/kaggle/working/k10/S07/weight_PU_M1_final_checkpoint_FS07toS07c_gatepcv_s2024/NEW_PU/Picture-特征图/2026年09月19日07时20分/(B2)N15_M07_F10
现在选取:(B2)N15_M07_F10 进行训练的源模型
现在进行：(B2)N15_M07_F10→(B1)N15_M01_F10 的迁移任务
log&pt输出位置：/kaggle/working/k10/S07/weight_PU_M1_final_checkpoint_FS07toS07c_gatepcv_s2024/NEW_PU/Target-目标域/log&pt/(B2)N15_M07_F10→(B1)N15_M01_F10
任务: (B2)N15_M07_F10→(B1)N15_M01_F10; 批次:····0/·1880;  总正确率: 46.00%
类型1 正确率：  92.00% -> 1   92.30%, 2    7.25%, 3    0.45%
类型2 正确率：  46.00% -> 1    0.00%, 2   45.70%, 3   54.30%
类型3 正确率：   0.00% -> 1    0.00%, 2  100.00%, 3    0.00%


样本变换：reverse
样本变换：mask
样本变换：shift
样本变换：none
未过滤	未用伪标签：46.00% -> 使用伪标签：40.60%
已过滤	未用伪标签：45.36% -> 使用伪标签：41.39%
排除样本：114|6000	剩余：1920, 2566, 1400
增添样本：2354		细则：672, 0, 1682	正确率估算：83.10%
类型1 正确率：  97.00% -> 1   97.46%, 2    2.54%, 3    0.00%
类型2 正确率：  27.00% -> 1    0.00%, 2   26.93%, 3   73.07%
类型3 正确率：   0.00% -> 1    0.00%, 2  100.00%, 3    0.00%

被排除样本 正确率：78.95%
类型1 正确率：  20.00% -> 1   20.00%, 2   76.67%, 3    3.33%
类型2 正确率： 100.00% -> 1    0.00%, 2  100.00%, 3    0.00%
类型3 没有样本或未被分类。


轮次:··1/·20 || c_Loss:0.555 || e_Loss:-1.618 || Aad_Loss:-25.343 || 耗时：37.44s
轮次:··2/·20 || c_Loss:0.393 || e_Loss:-1.559 || Aad_Loss:-25.109 || 耗时：13.91s
轮次:··3/·20 || c_Loss:0.377 || e_Loss:-1.517 || Aad_Loss:-25.639 || 耗时：13.74s
轮次:··4/·20 || c_Loss:0.348 || e_Loss:-1.730 || Aad_Loss:-28.088 || 耗时：13.68s
轮次:··5/·20 || c_Loss:0.345 || e_Loss:-1.641 || Aad_Loss:-23.834 || 耗时：13.81s
任务: (B2)N15_M07_F10→(B1)N15_M01_F10; mix批次:····0; 批次:··470/·1880;  总正确率: 46.37%
类型1 正确率： 100.00% -> 1   99.95%, 2    0.05%, 3    0.00%
类型2 正确率：  39.00% -> 1    5.70%, 2   39.15%, 3   55.15%
类型3 正确率：   0.00% -> 1    0.00%, 2  100.00%, 3    0.00%


样本变换：reverse
样本变换：mask
样本变换：shift
样本变换：none
未过滤	未用伪标签：46.37% -> 使用伪标签：45.00%
已过滤	未用伪标签：46.09% -> 使用伪标签：45.42%
排除样本：55|6000	剩余：2000, 2700, 1245
增添样本：2490		细则：733, 0, 1757	正确率估算：99.28%
类型1 正确率： 100.00% -> 1  100.00%, 2    0.00%, 3    0.00%
类型2 正确率：  36.00% -> 1    0.00%, 2   35.99%, 3   64.01%
类型3 正确率：   0.00% -> 1    0.00%, 2  100.00%, 3    0.00%

被排除样本 正确率：76.36%
类型1 没有样本或未被分类。
类型2 正确率：  76.00% -> 1   14.55%, 2   76.36%, 3    9.09%
类型3 没有样本或未被分类。


轮次:··6/·20 || c_Loss:0.361 || e_Loss:-1.697 || Aad_Loss:-30.258 || 耗时：37.10s
轮次:··7/·20 || c_Loss:0.341 || e_Loss:-1.846 || Aad_Loss:-29.057 || 耗时：13.97s
轮次:··8/·20 || c_Loss:0.358 || e_Loss:-0.833 || Aad_Loss:-27.349 || 耗时：13.97s
轮次:··9/·20 || c_Loss:0.375 || e_Loss:-1.074 || Aad_Loss:-24.259 || 耗时：13.91s
轮次:·10/·20 || c_Loss:0.361 || e_Loss:-1.863 || Aad_Loss:-25.950 || 耗时：13.89s
任务: (B2)N15_M07_F10→(B1)N15_M01_F10; mix批次:····0; 批次:··940/·1880;  总正确率: 48.53%
类型1 正确率： 100.00% -> 1  100.00%, 2    0.00%, 3    0.00%
类型2 正确率：  46.00% -> 1    1.65%, 2   45.60%, 3   52.75%
类型3 正确率：   0.00% -> 1    0.00%, 2  100.00%, 3    0.00%


样本变换：reverse
样本变换：mask
样本变换：shift
样本变换：none
未过滤	未用伪标签：48.53% -> 使用伪标签：49.20%
已过滤	未用伪标签：48.78% -> 使用伪标签：49.59%
排除样本：47|6000	剩余：2000, 2952, 1001
增添样本：3020		细则：985, 0, 2035	正确率估算：99.95%
类型1 正确率： 100.00% -> 1  100.00%, 2    0.00%, 3    0.00%
类型2 正确率：  49.00% -> 1    0.00%, 2   48.75%, 3   51.25%
类型3 正确率：   0.00% -> 1    0.00%, 2  100.00%, 3    0.00%

被排除样本 正确率：17.02%
类型1 没有样本或未被分类。
类型2 正确率：  17.00% -> 1   14.89%, 2   17.02%, 3   68.09%
类型3 没有样本或未被分类。


轮次:·11/·20 || c_Loss:0.350 || e_Loss:-1.561 || Aad_Loss:-32.378 || 耗时：37.32s
轮次:·12/·20 || c_Loss:0.335 || e_Loss:-1.462 || Aad_Loss:-28.164 || 耗时：13.79s
轮次:·13/·20 || c_Loss:0.370 || e_Loss:-0.806 || Aad_Loss:-27.639 || 耗时：13.80s
轮次:·14/·20 || c_Loss:0.345 || e_Loss:-0.832 || Aad_Loss:-31.141 || 耗时：13.80s
轮次:·15/·20 || c_Loss:0.358 || e_Loss:-1.740 || Aad_Loss:-32.184 || 耗时：13.88s
任务: (B2)N15_M07_F10→(B1)N15_M01_F10; mix批次:····0; 批次:·1410/·1880;  总正确率: 49.55%
类型1 正确率： 100.00% -> 1  100.00%, 2    0.00%, 3    0.00%
类型2 正确率：  49.00% -> 1    0.00%, 2   48.65%, 3   51.35%
类型3 正确率：   0.00% -> 1    0.00%, 2  100.00%, 3    0.00%


样本变换：reverse
样本变换：mask
样本变换：shift
样本变换：none
未过滤	未用伪标签：49.55% -> 使用伪标签：50.43%
已过滤	未用伪标签：49.84% -> 使用伪标签：50.73%
排除样本：35|6000	剩余：2000, 3026, 939
增添样本：3171		细则：1059, 0, 2112	正确率估算：100.00%
类型1 正确率： 100.00% -> 1  100.00%, 2    0.00%, 3    0.00%
类型2 正确率：  52.00% -> 1    0.00%, 2   52.21%, 3   47.79%
类型3 正确率：   0.00% -> 1    0.00%, 2  100.00%, 3    0.00%

被排除样本 正确率：0.00%
类型1 正确率：   0.00% -> 1    0.00%, 2  100.00%
类型2 没有样本或未被分类。


轮次:·16/·20 || c_Loss:0.348 || e_Loss:-0.872 || Aad_Loss:-29.906 || 耗时：37.67s
轮次:·17/·20 || c_Loss:0.354 || e_Loss:-1.538 || Aad_Loss:-31.222 || 耗时：13.85s
轮次:·18/·20 || c_Loss:0.356 || e_Loss:-0.873 || Aad_Loss:-31.868 || 耗时：13.86s
轮次:·19/·20 || c_Loss:0.342 || e_Loss:-0.879 || Aad_Loss:-34.076 || 耗时：13.90s
轮次:·20/·20 || c_Loss:0.355 || e_Loss:-1.954 || Aad_Loss:-31.203 || 耗时：13.96s
任务: (B2)N15_M07_F10→(B1)N15_M01_F10; mix批次:····0; 批次:·1880/·1880;  总正确率: 50.88%
类型1 正确率： 100.00% -> 1  100.00%, 2    0.00%, 3    0.00%
类型2 正确率：  53.00% -> 1    0.00%, 2   52.65%, 3   47.35%
类型3 正确率：   0.00% -> 1    0.00%, 2  100.00%, 3    0.00%


测试集任务: (B2)N15_M07_F10→(B1)N15_M01_F10; 总正确率 = 50.88%
类型1 正确率： 100.00% -> 1  100.00%, 2    0.00%, 3    0.00%
类型2 正确率：  53.00% -> 1    0.00%, 2   52.65%, 3   47.35%
类型3 正确率：   0.00% -> 1    0.00%, 2  100.00%, 3    0.00%


