读取源域路径：/kaggle/working/k10/S07/weight_PU_M1_final_checkpoint_FS07toS07c_gatepcv_s2024/NEW_PU/Source-源域/log&pt/(B3)N15_M07_F04
excel输出位置：/kaggle/working/k10/S07/weight_PU_M1_final_checkpoint_FS07toS07c_gatepcv_s2024/NEW_PU/Target-目标域
特征图片输出位置：/kaggle/working/k10/S07/weight_PU_M1_final_checkpoint_FS07toS07c_gatepcv_s2024/NEW_PU/Picture-特征图/2026年09月19日07时33分/(B3)N15_M07_F04
现在选取:(B3)N15_M07_F04 进行训练的源模型
现在进行：(B3)N15_M07_F04→(B1)N15_M01_F10 的迁移任务
log&pt输出位置：/kaggle/working/k10/S07/weight_PU_M1_final_checkpoint_FS07toS07c_gatepcv_s2024/NEW_PU/Target-目标域/log&pt/(B3)N15_M07_F04→(B1)N15_M01_F10
任务: (B3)N15_M07_F04→(B1)N15_M01_F10; 批次:····0/·1880;  总正确率: 50.15%
类型1 正确率：  80.00% -> 1   79.90%, 2    1.35%, 3   18.75%
类型2 正确率：  71.00% -> 1    0.05%, 2   70.55%, 3   29.40%
类型3 正确率：   0.00% -> 1    0.00%, 2  100.00%, 3    0.00%


样本变换：reverse
样本变换：mask
样本变换：shift
样本变换：none
未过滤	未用伪标签：50.15% -> 使用伪标签：51.60%
已过滤	未用伪标签：50.64% -> 使用伪标签：52.55%
排除样本：109|6000	剩余：1739, 3361, 791
增添样本：4663		细则：1638, 0, 3025	正确率估算：93.72%
类型1 正确率：  90.00% -> 1   89.92%, 2    0.21%, 3    9.88%
类型2 正确率：  69.00% -> 1    0.00%, 2   69.34%, 3   30.66%
类型3 正确率：   0.00% -> 1    0.00%, 2  100.00%, 3    0.00%

被排除样本 正确率：23.85%
类型1 正确率：   6.00% -> 1    6.06%, 2    4.55%, 3   89.39%
类型2 正确率：  51.00% -> 1    0.00%, 2   51.16%, 3   48.84%
类型3 没有样本或未被分类。


轮次:··1/·20 || c_Loss:0.562 || e_Loss:-1.007 || Aad_Loss:-31.596 || 耗时：37.38s
轮次:··2/·20 || c_Loss:0.465 || e_Loss:-1.137 || Aad_Loss:-35.605 || 耗时：13.95s
轮次:··3/·20 || c_Loss:0.669 || e_Loss:-1.263 || Aad_Loss:-25.591 || 耗时：13.85s
轮次:··4/·20 || c_Loss:0.453 || e_Loss:-1.276 || Aad_Loss:-33.262 || 耗时：13.76s
轮次:··5/·20 || c_Loss:0.420 || e_Loss:-1.256 || Aad_Loss:-34.885 || 耗时：13.82s
任务: (B3)N15_M07_F04→(B1)N15_M01_F10; mix批次:····0; 批次:··470/·1880;  总正确率: 63.07%
类型1 正确率：  98.00% -> 1   98.45%, 2    0.00%, 3    1.55%
类型2 正确率：  91.00% -> 1    0.00%, 2   90.75%, 3    9.25%
类型3 正确率：   0.00% -> 1    0.00%, 2  100.00%, 3    0.00%


样本变换：reverse
样本变换：mask
样本变换：shift
样本变换：none
未过滤	未用伪标签：63.07% -> 使用伪标签：0.00%
已过滤	未用伪标签：62.09% -> 使用伪标签：0.00%
排除样本：5541|6000	剩余：459
增添样本：0		细则：0类型1 正确率：   0.00% -> 1    0.00%, 2    0.00%, 3  100.00%
类型2 正确率：   0.00% -> 1    0.00%, 2    0.00%, 3  100.00%
类型3 没有样本或未被分类。

被排除样本 正确率：63.15%
类型1 正确率：  98.00% -> 1   98.50%, 2    0.00%, 3    1.50%
类型2 正确率：  99.00% -> 1    0.00%, 2   99.22%, 3    0.78%
类型3 正确率：   0.00% -> 1    0.00%, 2  100.00%, 3    0.00%


样本变换：reverse
样本变换：mask
样本变换：shift
样本变换：none
未过滤	未用伪标签：45.88% -> 使用伪标签：66.15%
已过滤	未用伪标签：45.90% -> 使用伪标签：66.32%
排除样本：15|6000	剩余：2003, 13, 3969
增添样本：4537		细则：1290, 3247, 0	正确率估算：80.12%
类型1 正确率： 100.00% -> 1  100.00%, 2    0.00%, 3    0.00%
类型2 正确率：   0.00% -> 1    0.00%, 2    0.00%, 3  100.00%
类型3 正确率：  99.00% -> 1    0.15%, 2    0.65%, 3   99.19%

被排除样本 正确率：40.00%
类型1 没有样本或未被分类。
类型2 正确率：  40.00% -> 1   60.00%, 2   40.00%


轮次:·11/·20 || c_Loss:0.447 || e_Loss:-1.298 || Aad_Loss:-43.574 || 耗时：61.38s
轮次:·12/·20 || c_Loss:0.392 || e_Loss:-1.320 || Aad_Loss:-44.356 || 耗时：13.85s
轮次:·13/·20 || c_Loss:0.354 || e_Loss:-1.354 || Aad_Loss:-41.045 || 耗时：13.85s
轮次:·14/·20 || c_Loss:0.387 || e_Loss:-1.483 || Aad_Loss:-43.022 || 耗时：13.81s
轮次:·15/·20 || c_Loss:0.341 || e_Loss:-1.264 || Aad_Loss:-40.610 || 耗时：13.78s
任务: (B3)N15_M07_F04→(B1)N15_M01_F10; mix批次:····0; 批次:·1410/·1880;  总正确率: 71.45%
类型1 正确率： 100.00% -> 1   99.95%, 2    0.00%, 3    0.05%
类型2 正确率：  14.00% -> 1    2.25%, 2   14.40%, 3   83.35%
类型3 正确率： 100.00% -> 1    0.00%, 2    0.00%, 3  100.00%


样本变换：reverse
样本变换：mask
样本变换：shift
样本变换：none
未过滤	未用伪标签：71.45% -> 使用伪标签：74.98%
已过滤	未用伪标签：71.51% -> 使用伪标签：75.05%
排除样本：5|6000	剩余：2000, 499, 3496
增添样本：4112		细则：1322, 2790, 0	正确率估算：88.47%
类型1 正确率： 100.00% -> 1  100.00%, 2    0.00%, 3    0.00%
类型2 正确率：  25.00% -> 1    0.00%, 2   25.01%, 3   74.99%
类型3 正确率： 100.00% -> 1    0.00%, 2    0.00%, 3  100.00%

被排除样本 正确率：0.00%
类型1 正确率：   0.00% -> 1    0.00%, 2  100.00%
类型2 没有样本或未被分类。


轮次:·16/·20 || c_Loss:0.479 || e_Loss:-1.116 || Aad_Loss:-33.066 || 耗时：37.22s
轮次:·17/·20 || c_Loss:0.475 || e_Loss:-1.298 || Aad_Loss:-33.312 || 耗时：13.75s
轮次:·18/·20 || c_Loss:0.446 || e_Loss:-1.346 || Aad_Loss:-34.712 || 耗时：13.74s
轮次:·19/·20 || c_Loss:0.472 || e_Loss:-1.362 || Aad_Loss:-39.838 || 耗时：13.77s
轮次:·20/·20 || c_Loss:0.434 || e_Loss:-0.626 || Aad_Loss:-36.998 || 耗时：13.85s
任务: (B3)N15_M07_F04→(B1)N15_M01_F10; mix批次:····0; 批次:·1880/·1880;  总正确率: 75.70%
类型1 正确率： 100.00% -> 1  100.00%, 2    0.00%, 3    0.00%
类型2 正确率：  27.00% -> 1    0.00%, 2   27.10%, 3   72.90%
类型3 正确率： 100.00% -> 1    0.00%, 2    0.00%, 3  100.00%


测试集任务: (B3)N15_M07_F04→(B1)N15_M01_F10; 总正确率 = 75.70%
类型1 正确率： 100.00% -> 1  100.00%, 2    0.00%, 3    0.00%
类型2 正确率：  27.00% -> 1    0.00%, 2   27.10%, 3   72.90%
类型3 正确率： 100.00% -> 1    0.00%, 2    0.00%, 3  100.00%


