读取源域路径：/kaggle/working/k10/S07/weight_PU_M1_final_checkpoint_FS07toS07c_gatepcv_s2024/NEW_PU/Source-源域/log&pt/(B1)N15_M01_F10
excel输出位置：/kaggle/working/k10/S07/weight_PU_M1_final_checkpoint_FS07toS07c_gatepcv_s2024/NEW_PU/Target-目标域
特征图片输出位置：/kaggle/working/k10/S07/weight_PU_M1_final_checkpoint_FS07toS07c_gatepcv_s2024/NEW_PU/Picture-特征图/2026年09月19日07时07分/(B1)N15_M01_F10
现在选取:(B1)N15_M01_F10 进行训练的源模型
现在进行：(B1)N15_M01_F10→(B2)N15_M07_F10 的迁移任务
log&pt输出位置：/kaggle/working/k10/S07/weight_PU_M1_final_checkpoint_FS07toS07c_gatepcv_s2024/NEW_PU/Target-目标域/log&pt/(B1)N15_M01_F10→(B2)N15_M07_F10
任务: (B1)N15_M01_F10→(B2)N15_M07_F10; 批次:····0/·1880;  总正确率: 61.28%
类型1 正确率：  90.00% -> 1   90.50%, 2    6.45%, 3    3.05%
类型2 正确率：  93.00% -> 1    0.00%, 2   93.35%, 3    6.65%
类型3 正确率：   0.00% -> 1    0.00%, 2  100.00%, 3    0.00%


样本变换：reverse
样本变换：mask
样本变换：shift
样本变换：none
未过滤	未用伪标签：61.28% -> 使用伪标签：59.53%
已过滤	未用伪标签：61.23% -> 使用伪标签：60.58%
排除样本：104|6000	剩余：1912, 3682, 302
增添样本：5378		细则：1770, 0, 3608	正确率估算：92.95%
类型1 正确率：  98.00% -> 1   97.50%, 2    1.12%, 3    1.38%
类型2 正确率：  86.00% -> 1    0.00%, 2   85.79%, 3   14.21%
类型3 正确率：   0.00% -> 1    0.00%, 2  100.00%, 3    0.00%

被排除样本 正确率：64.42%
类型1 正确率：   5.00% -> 1    5.13%, 2   53.85%, 3   41.03%
类型2 正确率： 100.00% -> 1    0.00%, 2  100.00%, 3    0.00%
类型3 没有样本或未被分类。


轮次:··1/·20 || c_Loss:0.459 || e_Loss:-1.343 || Aad_Loss:-40.003 || 耗时：39.33s
轮次:··2/·20 || c_Loss:0.387 || e_Loss:-1.181 || Aad_Loss:-43.466 || 耗时：14.06s
轮次:··3/·20 || c_Loss:0.380 || e_Loss:-1.094 || Aad_Loss:-46.164 || 耗时：13.57s
轮次:··4/·20 || c_Loss:0.448 || e_Loss:-1.228 || Aad_Loss:-40.989 || 耗时：13.45s
轮次:··5/·20 || c_Loss:0.379 || e_Loss:-1.248 || Aad_Loss:-39.418 || 耗时：13.69s
任务: (B1)N15_M01_F10→(B2)N15_M07_F10; mix批次:····0; 批次:··470/·1880;  总正确率: 65.68%
类型1 正确率： 100.00% -> 1  100.00%, 2    0.00%, 3    0.00%
类型2 正确率：  97.00% -> 1    0.00%, 2   97.05%, 3    2.95%
类型3 正确率：   0.00% -> 1    0.00%, 2  100.00%, 3    0.00%


样本变换：reverse
样本变换：mask
样本变换：shift
样本变换：none
未过滤	未用伪标签：65.68% -> 使用伪标签：33.33%
已过滤	未用伪标签：65.68% -> 使用伪标签：33.33%
排除样本：6000|6000	剩余：
增添样本：0		细则：0类型1 正确率：   0.00% -> 1    0.00%, 2    0.00%, 3  100.00%
类型2 正确率：   0.00% -> 1    0.00%, 2    0.00%, 3  100.00%
类型3 正确率： 100.00% -> 1    0.00%, 2    0.00%, 3  100.00%

被排除样本 正确率：nan%


轮次:··6/·20 || c_Loss:1.112 || e_Loss:-1.137 || Aad_Loss:0.410 || 耗时：36.65s
轮次:··7/·20 || c_Loss:1.037 || e_Loss:-1.126 || Aad_Loss:0.874 || 耗时：13.86s
轮次:··8/·20 || c_Loss:0.968 || e_Loss:-1.166 || Aad_Loss:-3.611 || 耗时：13.77s
轮次:··9/·20 || c_Loss:0.933 || e_Loss:-1.109 || Aad_Loss:-5.741 || 耗时：13.76s
轮次:·10/·20 || c_Loss:0.848 || e_Loss:-1.159 || Aad_Loss:-5.184 || 耗时：13.77s
任务: (B1)N15_M01_F10→(B2)N15_M07_F10; mix批次:····0; 批次:··940/·1880;  总正确率: 19.67%
类型1 正确率：   0.00% -> 1    0.00%, 2    0.00%, 3  100.00%
类型2 正确率：  32.00% -> 1    8.95%, 2   32.15%, 3   58.90%
类型3 正确率：  27.00% -> 1    2.30%, 2   70.85%, 3   26.85%


样本变换：reverse
样本变换：mask
样本变换：shift
样本变换：none
未过滤	未用伪标签：19.67% -> 使用伪标签：32.68%
已过滤	未用伪标签：19.70% -> 使用伪标签：32.74%
排除样本：11|6000	剩余：28, 3961, 2000
增添样本：1961		细则：0, 1961	正确率估算：100.00%
类型1 正确率：   0.00% -> 1    0.00%, 2    0.00%, 3  100.00%
类型2 正确率：  99.00% -> 1    1.41%, 2   98.59%, 3    0.00%
类型3 正确率：   0.00% -> 1    0.00%, 2  100.00%, 3    0.00%

被排除样本 正确率：0.00%
类型1 正确率：   0.00% -> 1    0.00%, 2  100.00%
类型2 没有样本或未被分类。


轮次:·11/·20 || c_Loss:0.360 || e_Loss:-0.610 || Aad_Loss:-47.974 || 耗时：37.23s
轮次:·12/·20 || c_Loss:0.394 || e_Loss:-1.479 || Aad_Loss:-48.116 || 耗时：13.88s
轮次:·13/·20 || c_Loss:0.353 || e_Loss:-1.345 || Aad_Loss:-47.279 || 耗时：13.86s
轮次:·14/·20 || c_Loss:0.352 || e_Loss:-0.618 || Aad_Loss:-47.918 || 耗时：13.83s
轮次:·15/·20 || c_Loss:0.352 || e_Loss:-0.616 || Aad_Loss:-47.939 || 耗时：13.82s
任务: (B1)N15_M01_F10→(B2)N15_M07_F10; mix批次:····0; 批次:·1410/·1880;  总正确率: 33.33%
类型1 正确率：   0.00% -> 1    0.00%, 2    0.00%, 3  100.00%
类型2 正确率： 100.00% -> 1    0.00%, 2  100.00%, 3    0.00%
类型3 正确率：   0.00% -> 1    0.00%, 2  100.00%, 3    0.00%


样本变换：reverse
样本变换：mask
样本变换：shift
样本变换：none
未过滤	未用伪标签：33.33% -> 使用伪标签：33.33%
已过滤	未用伪标签：33.33% -> 使用伪标签：33.33%
排除样本：6000|6000	剩余：
增添样本：0		细则：0类型1 正确率： 100.00% -> 1  100.00%, 2    0.00%, 3    0.00%
类型2 正确率：   0.00% -> 1  100.00%, 2    0.00%, 3    0.00%
类型3 正确率：   0.00% -> 1  100.00%, 2    0.00%, 3    0.00%

被排除样本 正确率：nan%


轮次:·16/·20 || c_Loss:1.295 || e_Loss:-1.119 || Aad_Loss:0.409 || 耗时：36.08s
轮次:·17/·20 || c_Loss:1.231 || e_Loss:-1.104 || Aad_Loss:0.883 || 耗时：13.92s
轮次:·18/·20 || c_Loss:1.173 || e_Loss:-1.141 || Aad_Loss:-3.719 || 耗时：13.93s
轮次:·19/·20 || c_Loss:1.129 || e_Loss:-1.084 || Aad_Loss:-5.790 || 耗时：13.85s
轮次:·20/·20 || c_Loss:1.068 || e_Loss:-1.143 || Aad_Loss:-5.231 || 耗时：13.79s
任务: (B1)N15_M01_F10→(B2)N15_M07_F10; mix批次:····0; 批次:·1880/·1880;  总正确率: 58.65%
类型1 正确率： 100.00% -> 1   99.80%, 2    0.00%, 3    0.20%
类型2 正确率：  12.00% -> 1    0.00%, 2   11.85%, 3   88.15%
类型3 正确率：  64.00% -> 1    0.00%, 2   35.70%, 3   64.30%


测试集任务: (B1)N15_M01_F10→(B2)N15_M07_F10; 总正确率 = 58.65%
类型1 正确率： 100.00% -> 1   99.80%, 2    0.00%, 3    0.20%
类型2 正确率：  12.00% -> 1    0.00%, 2   11.85%, 3   88.15%
类型3 正确率：  64.00% -> 1    0.00%, 2   35.70%, 3   64.30%


