读取源域路径：/kaggle/working/k10/S07/weight_PU_M1_final_checkpoint_FS07toS07c_gatepcv_s2024/NEW_PU/Source-源域/log&pt/(B1)N15_M01_F10
excel输出位置：/kaggle/working/k10/S07/weight_PU_M1_final_checkpoint_FS07toS07c_gatepcv_s2024/NEW_PU/Target-目标域
特征图片输出位置：/kaggle/working/k10/S07/weight_PU_M1_final_checkpoint_FS07toS07c_gatepcv_s2024/NEW_PU/Picture-特征图/2026年09月19日07时14分/(B1)N15_M01_F10
现在选取:(B1)N15_M01_F10 进行训练的源模型
现在进行：(B1)N15_M01_F10→(B3)N15_M07_F04 的迁移任务
log&pt输出位置：/kaggle/working/k10/S07/weight_PU_M1_final_checkpoint_FS07toS07c_gatepcv_s2024/NEW_PU/Target-目标域/log&pt/(B1)N15_M01_F10→(B3)N15_M07_F04
任务: (B1)N15_M01_F10→(B3)N15_M07_F04; 批次:····0/·1880;  总正确率: 60.65%
类型1 正确率：  98.00% -> 1   97.85%, 2    1.20%, 3    0.95%
类型2 正确率：  83.00% -> 1    0.00%, 2   82.60%, 3   17.40%
类型3 正确率：   2.00% -> 1    3.45%, 2   95.05%, 3    1.50%


样本变换：reverse
样本变换：mask
样本变换：shift
样本变换：none
未过滤	未用伪标签：60.65% -> 使用伪标签：62.83%
已过滤	未用伪标签：61.04% -> 使用伪标签：63.34%
排除样本：48|6000	剩余：1991, 3566, 395
增添样本：4761		细则：1549, 0, 3212	正确率估算：94.88%
类型1 正确率： 100.00% -> 1   99.60%, 2    0.35%, 3    0.05%
类型2 正确率：  85.00% -> 1    0.00%, 2   84.96%, 3   15.04%
类型3 正确率：   5.00% -> 1    0.25%, 2   94.92%, 3    4.82%

被排除样本 正确率：12.50%
类型1 正确率：   0.00% -> 1    0.00%, 2   66.67%, 3   33.33%
类型2 正确率：  33.00% -> 1    0.00%, 2   33.33%, 3   66.67%
类型3 正确率：   7.00% -> 1   23.33%, 2   70.00%, 3    6.67%


轮次:··1/·20 || c_Loss:0.699 || e_Loss:-1.825 || Aad_Loss:-40.669 || 耗时：37.50s
轮次:··2/·20 || c_Loss:0.415 || e_Loss:-0.943 || Aad_Loss:-37.405 || 耗时：13.92s
轮次:··3/·20 || c_Loss:0.358 || e_Loss:-1.302 || Aad_Loss:-43.271 || 耗时：13.69s
轮次:··4/·20 || c_Loss:0.366 || e_Loss:-1.335 || Aad_Loss:-41.633 || 耗时：13.64s
轮次:··5/·20 || c_Loss:0.409 || e_Loss:-1.121 || Aad_Loss:-36.248 || 耗时：13.85s
任务: (B1)N15_M01_F10→(B3)N15_M07_F04; mix批次:····0; 批次:··470/·1880;  总正确率: 63.50%
类型1 正确率： 100.00% -> 1  100.00%, 2    0.00%, 3    0.00%
类型2 正确率：  89.00% -> 1    0.00%, 2   88.95%, 3   11.05%
类型3 正确率：   2.00% -> 1    0.15%, 2   98.30%, 3    1.55%


样本变换：reverse
样本变换：mask
样本变换：shift
样本变换：none
未过滤	未用伪标签：63.50% -> 使用伪标签：62.15%
已过滤	未用伪标签：63.43% -> 使用伪标签：62.38%
排除样本：22|6000	剩余：2002, 3691, 285
增添样本：5068		细则：1642, 0, 3426	正确率估算：97.80%
类型1 正确率： 100.00% -> 1  100.00%, 2    0.00%, 3    0.00%
类型2 正确率：  86.00% -> 1    0.00%, 2   86.21%, 3   13.79%
类型3 正确率：   1.00% -> 1    0.10%, 2   99.40%, 3    0.50%

被排除样本 正确率：81.82%
类型1 没有样本或未被分类。
类型2 正确率： 100.00% -> 1    0.00%, 2  100.00%, 3    0.00%
类型3 正确率：  75.00% -> 1   12.50%, 2   12.50%, 3   75.00%


轮次:··6/·20 || c_Loss:0.374 || e_Loss:-0.659 || Aad_Loss:-43.116 || 耗时：37.44s
轮次:··7/·20 || c_Loss:0.395 || e_Loss:-1.508 || Aad_Loss:-44.365 || 耗时：13.94s
轮次:··8/·20 || c_Loss:0.433 || e_Loss:-0.627 || Aad_Loss:-40.215 || 耗时：13.92s
轮次:··9/·20 || c_Loss:0.463 || e_Loss:-1.344 || Aad_Loss:-35.082 || 耗时：13.92s
轮次:·10/·20 || c_Loss:0.358 || e_Loss:-0.651 || Aad_Loss:-42.569 || 耗时：13.91s
任务: (B1)N15_M01_F10→(B3)N15_M07_F04; mix批次:····0; 批次:··940/·1880;  总正确率: 63.20%
类型1 正确率： 100.00% -> 1  100.00%, 2    0.00%, 3    0.00%
类型2 正确率：  89.00% -> 1    0.00%, 2   89.10%, 3   10.90%
类型3 正确率：   0.00% -> 1    0.15%, 2   99.35%, 3    0.50%


样本变换：reverse
样本变换：mask
样本变换：shift
样本变换：none
未过滤	未用伪标签：63.20% -> 使用伪标签：62.17%
已过滤	未用伪标签：63.17% -> 使用伪标签：62.25%
排除样本：8|6000	剩余：2004, 3716, 272
增添样本：5124		细则：1663, 0, 3461	正确率估算：97.97%
类型1 正确率： 100.00% -> 1  100.00%, 2    0.00%, 3    0.00%
类型2 正确率：  87.00% -> 1    0.00%, 2   86.52%, 3   13.48%
类型3 正确率：   0.00% -> 1    0.20%, 2   99.65%, 3    0.15%

被排除样本 正确率：87.50%
类型1 正确率： 100.00% -> 1  100.00%, 2    0.00%
类型2 正确率：  75.00% -> 1   25.00%, 2   75.00%


轮次:·11/·20 || c_Loss:0.358 || e_Loss:-1.429 || Aad_Loss:-43.119 || 耗时：37.33s
轮次:·12/·20 || c_Loss:0.410 || e_Loss:-0.618 || Aad_Loss:-38.452 || 耗时：13.90s
轮次:·13/·20 || c_Loss:0.385 || e_Loss:-1.170 || Aad_Loss:-41.544 || 耗时：13.93s
轮次:·14/·20 || c_Loss:0.360 || e_Loss:-0.622 || Aad_Loss:-45.097 || 耗时：13.95s
轮次:·15/·20 || c_Loss:0.416 || e_Loss:-1.386 || Aad_Loss:-43.154 || 耗时：13.94s
任务: (B1)N15_M01_F10→(B3)N15_M07_F04; mix批次:····0; 批次:·1410/·1880;  总正确率: 62.82%
类型1 正确率： 100.00% -> 1  100.00%, 2    0.00%, 3    0.00%
类型2 正确率：  88.00% -> 1    0.05%, 2   88.30%, 3   11.65%
类型3 正确率：   0.00% -> 1    0.40%, 2   99.45%, 3    0.15%


样本变换：reverse
样本变换：mask
样本变换：shift
样本变换：none
未过滤	未用伪标签：62.82% -> 使用伪标签：62.28%
已过滤	未用伪标签：62.83% -> 使用伪标签：62.32%
排除样本：4|6000	剩余：2007, 3726, 263
增添样本：5148		细则：1669, 0, 3479	正确率估算：98.71%
类型1 正确率： 100.00% -> 1  100.00%, 2    0.00%, 3    0.00%
类型2 正确率：  87.00% -> 1    0.00%, 2   86.89%, 3   13.11%
类型3 正确率：   0.00% -> 1    0.35%, 2   99.60%, 3    0.05%

被排除样本 正确率：50.00%
类型1 没有样本或未被分类。
类型2 正确率： 100.00% -> 1    0.00%, 2  100.00%, 3    0.00%
类型3 正确率：   0.00% -> 1   50.00%, 2   50.00%, 3    0.00%


轮次:·16/·20 || c_Loss:0.393 || e_Loss:-0.551 || Aad_Loss:-44.232 || 耗时：37.41s
轮次:·17/·20 || c_Loss:0.406 || e_Loss:-1.612 || Aad_Loss:-45.375 || 耗时：13.92s
轮次:·18/·20 || c_Loss:0.355 || e_Loss:-1.544 || Aad_Loss:-46.961 || 耗时：13.93s
轮次:·19/·20 || c_Loss:0.423 || e_Loss:-1.486 || Aad_Loss:-41.626 || 耗时：13.94s
轮次:·20/·20 || c_Loss:0.404 || e_Loss:-1.554 || Aad_Loss:-39.412 || 耗时：13.92s
任务: (B1)N15_M01_F10→(B3)N15_M07_F04; mix批次:····0; 批次:·1880/·1880;  总正确率: 63.50%
类型1 正确率： 100.00% -> 1  100.00%, 2    0.00%, 3    0.00%
类型2 正确率：  90.00% -> 1    0.05%, 2   90.50%, 3    9.45%
类型3 正确率：   0.00% -> 1    0.50%, 2   99.50%, 3    0.00%


测试集任务: (B1)N15_M01_F10→(B3)N15_M07_F04; 总正确率 = 63.50%
类型1 正确率： 100.00% -> 1  100.00%, 2    0.00%, 3    0.00%
类型2 正确率：  90.00% -> 1    0.05%, 2   90.50%, 3    9.45%
类型3 正确率：   0.00% -> 1    0.50%, 2   99.50%, 3    0.00%


