读取源域路径：/kaggle/working/k10/S07/weight_PU_M1_final_checkpoint_FS07toS07c_gatepcv_s2024/NEW_PU/Source-源域/log&pt/(B3)N15_M07_F04
excel输出位置：/kaggle/working/k10/S07/weight_PU_M1_final_checkpoint_FS07toS07c_gatepcv_s2024/NEW_PU/Target-目标域
特征图片输出位置：/kaggle/working/k10/S07/weight_PU_M1_final_checkpoint_FS07toS07c_gatepcv_s2024/NEW_PU/Picture-特征图/2026年09月19日07时39分/(B3)N15_M07_F04
现在选取:(B3)N15_M07_F04 进行训练的源模型
现在进行：(B3)N15_M07_F04→(B2)N15_M07_F10 的迁移任务
log&pt输出位置：/kaggle/working/k10/S07/weight_PU_M1_final_checkpoint_FS07toS07c_gatepcv_s2024/NEW_PU/Target-目标域/log&pt/(B3)N15_M07_F04→(B2)N15_M07_F10
任务: (B3)N15_M07_F04→(B2)N15_M07_F10; 批次:····0/·1880;  总正确率: 51.70%
类型1 正确率：  80.00% -> 1   79.65%, 2    1.10%, 3   19.25%
类型2 正确率：  75.00% -> 1    0.00%, 2   75.20%, 3   24.80%
类型3 正确率：   0.00% -> 1    0.00%, 2   99.75%, 3    0.25%


样本变换：reverse
样本变换：mask
样本变换：shift
样本变换：none
未过滤	未用伪标签：51.70% -> 使用伪标签：53.08%
已过滤	未用伪标签：51.89% -> 使用伪标签：54.33%
排除样本：138|6000	剩余：1550, 3633, 679
增添样本：5188		细则：2083, 0, 3105	正确率估算：97.88%
类型1 正确率：  80.00% -> 1   80.31%, 2    0.00%, 3   19.69%
类型2 正确率：  85.00% -> 1    0.00%, 2   84.54%, 3   15.46%
类型3 正确率：   0.00% -> 1    0.00%, 2  100.00%, 3    0.00%

被排除样本 正确率：43.48%
类型1 正确率：  73.00% -> 1   72.86%, 2    0.00%, 3   27.14%
类型2 正确率：  11.00% -> 1    0.00%, 2   10.61%, 3   89.39%
类型3 正确率： 100.00% -> 1    0.00%, 2    0.00%, 3  100.00%


轮次:··1/·20 || c_Loss:0.431 || e_Loss:-1.386 || Aad_Loss:-31.852 || 耗时：37.59s
轮次:··2/·20 || c_Loss:0.381 || e_Loss:-1.380 || Aad_Loss:-29.611 || 耗时：13.85s
轮次:··3/·20 || c_Loss:0.424 || e_Loss:-1.500 || Aad_Loss:-34.709 || 耗时：13.71s
轮次:··4/·20 || c_Loss:0.442 || e_Loss:-1.308 || Aad_Loss:-32.051 || 耗时：13.81s
轮次:··5/·20 || c_Loss:0.409 || e_Loss:-1.389 || Aad_Loss:-36.418 || 耗时：13.78s
任务: (B3)N15_M07_F04→(B2)N15_M07_F10; mix批次:····0; 批次:··470/·1880;  总正确率: 56.02%
类型1 正确率：  78.00% -> 1   78.25%, 2    0.00%, 3   21.75%
类型2 正确率：  90.00% -> 1    0.00%, 2   89.80%, 3   10.20%
类型3 正确率：   0.00% -> 1    0.00%, 2  100.00%, 3    0.00%


样本变换：reverse
样本变换：mask
样本变换：shift
样本变换：none
未过滤	未用伪标签：56.02% -> 使用伪标签：33.33%
已过滤	未用伪标签：56.02% -> 使用伪标签：33.33%
排除样本：6000|6000	剩余：
增添样本：0		细则：0类型1 正确率：   0.00% -> 1    0.00%, 2    0.00%, 3  100.00%
类型2 正确率：   0.00% -> 1    0.00%, 2    0.00%, 3  100.00%
类型3 正确率： 100.00% -> 1    0.00%, 2    0.00%, 3  100.00%

被排除样本 正确率：nan%


轮次:··6/·20 || c_Loss:1.105 || e_Loss:-1.166 || Aad_Loss:0.350 || 耗时：36.52s
轮次:··7/·20 || c_Loss:1.019 || e_Loss:-1.173 || Aad_Loss:0.783 || 耗时：13.85s
轮次:··8/·20 || c_Loss:0.918 || e_Loss:-1.140 || Aad_Loss:-3.851 || 耗时：13.87s
轮次:··9/·20 || c_Loss:0.839 || e_Loss:-0.952 || Aad_Loss:-8.691 || 耗时：13.86s
轮次:·10/·20 || c_Loss:0.784 || e_Loss:-1.115 || Aad_Loss:-8.244 || 耗时：13.86s
任务: (B3)N15_M07_F04→(B2)N15_M07_F10; mix批次:····0; 批次:··940/·1880;  总正确率: 37.60%
类型1 正确率：   0.00% -> 1    0.00%, 2    0.80%, 3   99.20%
类型2 正确率：  16.00% -> 1    0.95%, 2   16.40%, 3   82.65%
类型3 正确率：  96.00% -> 1    0.00%, 2    3.60%, 3   96.40%


样本变换：reverse
样本变换：mask
样本变换：shift
样本变换：none
未过滤	未用伪标签：37.60% -> 使用伪标签：1.45%
已过滤	未用伪标签：14.12% -> 使用伪标签：4.91%
排除样本：4229|6000	剩余：59, 37, 1675
增添样本：2614		细则：1298, 1316, 0	正确率估算：26.09%
类型1 正确率：   4.00% -> 1    3.50%, 2    0.00%, 3   96.50%
类型2 正确率：  10.00% -> 1    1.37%, 2   10.11%, 3   88.52%
类型3 正确率：  17.00% -> 1   83.33%, 2    0.00%, 3   16.67%

被排除样本 正确率：47.43%
类型1 正确率：   0.00% -> 1    0.00%, 2    0.00%, 3  100.00%
类型2 正确率：   5.00% -> 1    0.06%, 2    5.14%, 3   94.80%
类型3 正确率：  96.00% -> 1    0.00%, 2    3.61%, 3   96.39%


轮次:·11/·20 || c_Loss:0.310 || e_Loss:-1.084 || Aad_Loss:-13.078 || 耗时：36.52s
轮次:·12/·20 || c_Loss:0.346 || e_Loss:-1.142 || Aad_Loss:-14.015 || 耗时：13.83s
轮次:·13/·20 || c_Loss:0.313 || e_Loss:-1.079 || Aad_Loss:-10.493 || 耗时：13.83s
轮次:·14/·20 || c_Loss:0.461 || e_Loss:-1.218 || Aad_Loss:-12.542 || 耗时：13.84s
轮次:·15/·20 || c_Loss:0.482 || e_Loss:-1.247 || Aad_Loss:-13.439 || 耗时：13.84s
任务: (B3)N15_M07_F04→(B2)N15_M07_F10; mix批次:····0; 批次:·1410/·1880;  总正确率: 23.87%
类型1 正确率：  28.00% -> 1   27.50%, 2    0.00%, 3   72.50%
类型2 正确率：  29.00% -> 1   33.65%, 2   28.65%, 3   37.70%
类型3 正确率：  15.00% -> 1   25.65%, 2   58.90%, 3   15.45%


样本变换：reverse
样本变换：mask
样本变换：shift
样本变换：none
未过滤	未用伪标签：23.87% -> 使用伪标签：32.90%
已过滤	未用伪标签：23.45% -> 使用伪标签：34.24%
排除样本：235|6000	剩余：2636, 1649, 1480
增添样本：2204		细则：0, 976, 1228	正确率估算：73.14%
类型1 正确率：  32.00% -> 1   32.45%, 2    0.00%, 3   67.55%
类型2 正确率：  66.00% -> 1   29.76%, 2   65.91%, 3    4.33%
类型3 正确率：   3.00% -> 1   77.07%, 2   20.25%, 3    2.67%

被排除样本 正确率：34.04%
类型1 正确率：   0.00% -> 1    0.00%, 2    0.00%, 3  100.00%
类型2 正确率：  38.00% -> 1   29.51%, 2   37.70%, 3   32.79%
类型3 正确率：  34.00% -> 1   11.90%, 2   54.17%, 3   33.93%


轮次:·16/·20 || c_Loss:0.705 || e_Loss:-1.310 || Aad_Loss:-24.463 || 耗时：37.79s
轮次:·17/·20 || c_Loss:0.716 || e_Loss:-1.394 || Aad_Loss:-20.916 || 耗时：13.80s
轮次:·18/·20 || c_Loss:0.712 || e_Loss:-1.419 || Aad_Loss:-23.626 || 耗时：13.77s
轮次:·19/·20 || c_Loss:0.683 || e_Loss:-1.396 || Aad_Loss:-23.560 || 耗时：13.92s
轮次:·20/·20 || c_Loss:0.692 || e_Loss:-1.272 || Aad_Loss:-25.071 || 耗时：13.80s
任务: (B3)N15_M07_F04→(B2)N15_M07_F10; mix批次:····0; 批次:·1880/·1880;  总正确率: 24.07%
类型1 正确率：  33.00% -> 1   32.65%, 2    0.00%, 3   67.35%
类型2 正确率：  38.00% -> 1   62.25%, 2   37.55%, 3    0.20%
类型3 正确率：   2.00% -> 1   85.00%, 2   13.00%, 3    2.00%


测试集任务: (B3)N15_M07_F04→(B2)N15_M07_F10; 总正确率 = 24.07%
类型1 正确率：  33.00% -> 1   32.65%, 2    0.00%, 3   67.35%
类型2 正确率：  38.00% -> 1   62.25%, 2   37.55%, 3    0.20%
类型3 正确率：   2.00% -> 1   85.00%, 2   13.00%, 3    2.00%


