读取源域路径：/kaggle/working/k10/S07/weight_PU_M1_final_checkpoint_FS07toS07c_gatepcv_s2024/NEW_PU/Source-源域/log&pt/(B2)N15_M07_F10
excel输出位置：/kaggle/working/k10/S07/weight_PU_M1_final_checkpoint_FS07toS07c_gatepcv_s2024/NEW_PU/Target-目标域
特征图片输出位置：/kaggle/working/k10/S07/weight_PU_M1_final_checkpoint_FS07toS07c_gatepcv_s2024/NEW_PU/Picture-特征图/2026年09月19日07时27分/(B2)N15_M07_F10
现在选取:(B2)N15_M07_F10 进行训练的源模型
现在进行：(B2)N15_M07_F10→(B3)N15_M07_F04 的迁移任务
log&pt输出位置：/kaggle/working/k10/S07/weight_PU_M1_final_checkpoint_FS07toS07c_gatepcv_s2024/NEW_PU/Target-目标域/log&pt/(B2)N15_M07_F10→(B3)N15_M07_F04
任务: (B2)N15_M07_F10→(B3)N15_M07_F04; 批次:····0/·1880;  总正确率: 60.50%
类型1 正确率：  99.00% -> 1   99.05%, 2    0.85%, 3    0.10%
类型2 正确率：  82.00% -> 1    0.00%, 2   82.45%, 3   17.55%
类型3 正确率：   0.00% -> 1    5.20%, 2   94.80%, 3    0.00%


样本变换：reverse
样本变换：mask
样本变换：shift
样本变换：none
未过滤	未用伪标签：60.50% -> 使用伪标签：47.73%
已过滤	未用伪标签：59.96% -> 使用伪标签：48.73%
排除样本：123|6000	剩余：2106, 2747, 1024
增添样本：2398		细则：636, 0, 1762	正确率估算：59.35%
类型1 正确率： 100.00% -> 1   99.80%, 2    0.20%, 3    0.00%
类型2 正确率：  46.00% -> 1    0.00%, 2   45.93%, 3   54.07%
类型3 正确率：   0.00% -> 1    5.64%, 2   94.36%, 3    0.00%

被排除样本 正确率：86.18%
类型1 正确率：   0.00% -> 1    0.00%, 2  100.00%, 3    0.00%
类型2 正确率： 100.00% -> 1    0.00%, 2  100.00%, 3    0.00%
类型3 正确率：   0.00% -> 1   33.33%, 2   66.67%, 3    0.00%


轮次:··1/·20 || c_Loss:0.498 || e_Loss:-0.993 || Aad_Loss:-28.437 || 耗时：37.16s
轮次:··2/·20 || c_Loss:0.456 || e_Loss:-1.373 || Aad_Loss:-31.108 || 耗时：13.91s
轮次:··3/·20 || c_Loss:0.369 || e_Loss:-1.351 || Aad_Loss:-27.089 || 耗时：13.82s
轮次:··4/·20 || c_Loss:0.412 || e_Loss:-1.545 || Aad_Loss:-22.217 || 耗时：13.78s
轮次:··5/·20 || c_Loss:0.408 || e_Loss:-1.419 || Aad_Loss:-25.546 || 耗时：13.87s
任务: (B2)N15_M07_F10→(B3)N15_M07_F04; mix批次:····0; 批次:··470/·1880;  总正确率: 46.05%
类型1 正确率： 100.00% -> 1  100.00%, 2    0.00%, 3    0.00%
类型2 正确率：  38.00% -> 1    0.00%, 2   38.15%, 3   61.85%
类型3 正确率：   0.00% -> 1    5.85%, 2   94.15%, 3    0.00%


样本变换：reverse
样本变换：mask
样本变换：shift
样本变换：none
未过滤	未用伪标签：46.05% -> 使用伪标签：43.17%
已过滤	未用伪标签：45.66% -> 使用伪标签：43.70%
排除样本：73|6000	剩余：2132, 2443, 1352
增添样本：1459		细则：311, 0, 1148	正确率估算：94.11%
类型1 正确率： 100.00% -> 1  100.00%, 2    0.00%, 3    0.00%
类型2 正确率：  30.00% -> 1    0.00%, 2   30.38%, 3   69.62%
类型3 正确率：   0.00% -> 1    6.65%, 2   93.35%, 3    0.00%

被排除样本 正确率：78.08%
类型1 正确率：  98.00% -> 1   98.28%, 2    1.72%
类型2 正确率：   0.00% -> 1  100.00%, 2    0.00%


轮次:··6/·20 || c_Loss:0.352 || e_Loss:-1.668 || Aad_Loss:-26.373 || 耗时：37.21s
轮次:··7/·20 || c_Loss:0.368 || e_Loss:-1.494 || Aad_Loss:-26.102 || 耗时：13.91s
轮次:··8/·20 || c_Loss:0.369 || e_Loss:-0.839 || Aad_Loss:-30.319 || 耗时：13.85s
轮次:··9/·20 || c_Loss:0.353 || e_Loss:-1.444 || Aad_Loss:-27.574 || 耗时：13.82s
轮次:·10/·20 || c_Loss:0.414 || e_Loss:-1.582 || Aad_Loss:-24.025 || 耗时：13.78s
任务: (B2)N15_M07_F10→(B3)N15_M07_F04; mix批次:····0; 批次:··940/·1880;  总正确率: 43.28%
类型1 正确率： 100.00% -> 1  100.00%, 2    0.00%, 3    0.00%
类型2 正确率：  30.00% -> 1    0.00%, 2   29.85%, 3   70.15%
类型3 正确率：   0.00% -> 1    6.05%, 2   93.95%, 3    0.00%


样本变换：reverse
样本变换：mask
样本变换：shift
样本变换：none
未过滤	未用伪标签：43.28% -> 使用伪标签：41.15%
已过滤	未用伪标签：43.02% -> 使用伪标签：41.51%
排除样本：52|6000	剩余：2152, 2303, 1493
增添样本：1028		细则：157, 0, 871	正确率估算：95.43%
类型1 正确率： 100.00% -> 1  100.00%, 2    0.00%, 3    0.00%
类型2 正确率：  24.00% -> 1    0.00%, 2   23.90%, 3   76.10%
类型3 正确率：   0.00% -> 1    7.65%, 2   92.35%, 3    0.00%

被排除样本 正确率：73.08%
类型1 正确率： 100.00% -> 1  100.00%, 2    0.00%
类型2 正确率：   0.00% -> 1  100.00%, 2    0.00%


轮次:·11/·20 || c_Loss:0.387 || e_Loss:-0.792 || Aad_Loss:-29.121 || 耗时：36.56s
轮次:·12/·20 || c_Loss:0.348 || e_Loss:-1.688 || Aad_Loss:-29.512 || 耗时：13.85s
轮次:·13/·20 || c_Loss:0.376 || e_Loss:-1.445 || Aad_Loss:-26.459 || 耗时：13.92s
轮次:·14/·20 || c_Loss:0.410 || e_Loss:-1.364 || Aad_Loss:-27.761 || 耗时：13.97s
轮次:·15/·20 || c_Loss:0.362 || e_Loss:-0.954 || Aad_Loss:-31.037 || 耗时：13.96s
任务: (B2)N15_M07_F10→(B3)N15_M07_F04; mix批次:····0; 批次:·1410/·1880;  总正确率: 41.42%
类型1 正确率： 100.00% -> 1  100.00%, 2    0.00%, 3    0.00%
类型2 正确率：  24.00% -> 1    0.00%, 2   24.25%, 3   75.75%
类型3 正确率：   0.00% -> 1    7.00%, 2   93.00%, 3    0.00%


样本变换：reverse
样本变换：mask
样本变换：shift
样本变换：none
未过滤	未用伪标签：41.42% -> 使用伪标签：39.42%
已过滤	未用伪标签：41.28% -> 使用伪标签：39.63%
排除样本：33|6000	剩余：2191, 2163, 1613
增添样本：631		细则：0, 9, 622	正确率估算：95.56%
类型1 正确率： 100.00% -> 1  100.00%, 2    0.00%, 3    0.00%
类型2 正确率：  18.00% -> 1    0.00%, 2   18.45%, 3   81.55%
类型3 正确率：   0.00% -> 1    9.60%, 2   90.40%, 3    0.00%

被排除样本 正确率：66.67%
类型1 正确率： 100.00% -> 1  100.00%, 2    0.00%
类型2 正确率：   0.00% -> 1  100.00%, 2    0.00%


轮次:·16/·20 || c_Loss:0.365 || e_Loss:-0.773 || Aad_Loss:-28.251 || 耗时：36.71s
轮次:·17/·20 || c_Loss:0.336 || e_Loss:-1.624 || Aad_Loss:-30.278 || 耗时：13.82s
轮次:·18/·20 || c_Loss:0.397 || e_Loss:-0.783 || Aad_Loss:-29.970 || 耗时：13.83s
轮次:·19/·20 || c_Loss:0.350 || e_Loss:-1.516 || Aad_Loss:-29.744 || 耗时：13.88s
轮次:·20/·20 || c_Loss:0.337 || e_Loss:-1.219 || Aad_Loss:-28.760 || 耗时：13.89s
任务: (B2)N15_M07_F10→(B3)N15_M07_F04; mix批次:····0; 批次:·1880/·1880;  总正确率: 40.03%
类型1 正确率： 100.00% -> 1  100.00%, 2    0.00%, 3    0.00%
类型2 正确率：  20.00% -> 1    0.00%, 2   20.10%, 3   79.90%
类型3 正确率：   0.00% -> 1    7.90%, 2   92.10%, 3    0.00%


测试集任务: (B2)N15_M07_F10→(B3)N15_M07_F04; 总正确率 = 40.03%
类型1 正确率： 100.00% -> 1  100.00%, 2    0.00%, 3    0.00%
类型2 正确率：  20.00% -> 1    0.00%, 2   20.10%, 3   79.90%
类型3 正确率：   0.00% -> 1    7.90%, 2   92.10%, 3    0.00%


