读取源域路径：/kaggle/working/shot_k10/S07/weight_PU_M1_shot_FS07toS07_s2024/NEW_PU/Source-源域/log&pt/(B2)N15_M07_F10
excel输出位置：/kaggle/working/shot_k10/S07/weight_PU_M1_shot_FS07toS07_s2024/NEW_PU/Target-目标域
特征图片输出位置：/kaggle/working/shot_k10/S07/weight_PU_M1_shot_FS07toS07_s2024/NEW_PU/Picture-特征图/2026年09月22日05时34分/(B2)N15_M07_F10
现在选取:(B2)N15_M07_F10 进行训练的源模型
现在进行：(B2)N15_M07_F10→(B1)N15_M01_F10 的迁移任务
log&pt输出位置：/kaggle/working/shot_k10/S07/weight_PU_M1_shot_FS07toS07_s2024/NEW_PU/Target-目标域/log&pt/(B2)N15_M07_F10→(B1)N15_M01_F10
任务: (B2)N15_M07_F10→(B1)N15_M01_F10; 批次:····0/·1880;  总正确率: 99.95%
类型1 正确率： 100.00% -> 1  100.00%, 2    0.00%, 3    0.00%
类型2 正确率： 100.00% -> 1    0.15%, 2   99.85%, 3    0.00%
类型3 正确率： 100.00% -> 1    0.00%, 2    0.00%, 3  100.00%


SHOT pseudo-labels: model 99.95% -> centroid 99.95%
轮次:··1/·20 || cls:1.439 || im:-1.006 || 耗时：21.66s
SHOT pseudo-labels: model 98.30% -> centroid 99.97%
轮次:··2/·20 || cls:1.686 || im:-0.893 || 耗时：15.98s
SHOT pseudo-labels: model 94.82% -> centroid 99.80%
轮次:··3/·20 || cls:1.182 || im:-0.821 || 耗时：15.81s
SHOT pseudo-labels: model 95.18% -> centroid 87.97%
轮次:··4/·20 || cls:0.895 || im:-0.816 || 耗时：15.68s
SHOT pseudo-labels: model 93.82% -> centroid 87.62%
轮次:··5/·20 || cls:0.752 || im:-0.759 || 耗时：15.71s
SHOT pseudo-labels: model 94.77% -> centroid 87.23%
轮次:··6/·20 || cls:0.741 || im:-0.754 || 耗时：15.73s
SHOT pseudo-labels: model 94.37% -> centroid 86.87%
轮次:··7/·20 || cls:0.802 || im:-0.725 || 耗时：15.79s
SHOT pseudo-labels: model 94.15% -> centroid 86.40%
轮次:··8/·20 || cls:0.771 || im:-0.727 || 耗时：15.78s
SHOT pseudo-labels: model 96.25% -> centroid 86.35%
轮次:··9/·20 || cls:0.834 || im:-0.830 || 耗时：15.76s
SHOT pseudo-labels: model 97.75% -> centroid 85.83%
轮次:·10/·20 || cls:0.575 || im:-0.704 || 耗时：15.70s
SHOT pseudo-labels: model 98.12% -> centroid 85.63%
轮次:·11/·20 || cls:0.721 || im:-0.674 || 耗时：15.72s
SHOT pseudo-labels: model 98.47% -> centroid 85.72%
轮次:·12/·20 || cls:0.832 || im:-0.773 || 耗时：15.69s
SHOT pseudo-labels: model 98.82% -> centroid 85.60%
轮次:·13/·20 || cls:0.758 || im:-0.801 || 耗时：15.70s
SHOT pseudo-labels: model 99.52% -> centroid 85.37%
轮次:·14/·20 || cls:0.719 || im:-0.650 || 耗时：15.71s
SHOT pseudo-labels: model 99.68% -> centroid 85.77%
轮次:·15/·20 || cls:0.824 || im:-0.766 || 耗时：15.71s
SHOT pseudo-labels: model 99.70% -> centroid 85.37%
轮次:·16/·20 || cls:0.677 || im:-0.739 || 耗时：15.69s
SHOT pseudo-labels: model 99.75% -> centroid 85.57%
轮次:·17/·20 || cls:0.838 || im:-0.766 || 耗时：15.73s
SHOT pseudo-labels: model 99.83% -> centroid 85.55%
轮次:·18/·20 || cls:0.855 || im:-0.787 || 耗时：15.72s
SHOT pseudo-labels: model 99.85% -> centroid 85.12%
轮次:·19/·20 || cls:0.871 || im:-0.732 || 耗时：15.72s
SHOT pseudo-labels: model 99.80% -> centroid 85.63%
轮次:·20/·20 || cls:0.493 || im:-0.770 || 耗时：15.72s
测试集任务: (B2)N15_M07_F10→(B1)N15_M01_F10; 总正确率 = 99.90%
类型1 正确率： 100.00% -> 1   99.90%, 2    0.10%, 3    0.00%
类型2 正确率： 100.00% -> 1    0.05%, 2   99.95%, 3    0.00%
类型3 正确率： 100.00% -> 1    0.05%, 2    0.10%, 3   99.85%


