读取源域路径：/kaggle/working/shot_k10/S07/weight_PU_M1_shot_FS07toS07_s2024/NEW_PU/Source-源域/log&pt/(B1)N15_M01_F10
excel输出位置：/kaggle/working/shot_k10/S07/weight_PU_M1_shot_FS07toS07_s2024/NEW_PU/Target-目标域
特征图片输出位置：/kaggle/working/shot_k10/S07/weight_PU_M1_shot_FS07toS07_s2024/NEW_PU/Picture-特征图/2026年09月22日05时23分/(B1)N15_M01_F10
现在选取:(B1)N15_M01_F10 进行训练的源模型
现在进行：(B1)N15_M01_F10→(B2)N15_M07_F10 的迁移任务
log&pt输出位置：/kaggle/working/shot_k10/S07/weight_PU_M1_shot_FS07toS07_s2024/NEW_PU/Target-目标域/log&pt/(B1)N15_M01_F10→(B2)N15_M07_F10
任务: (B1)N15_M01_F10→(B2)N15_M07_F10; 批次:····0/·1880;  总正确率: 99.28%
类型1 正确率： 100.00% -> 1   99.95%, 2    0.05%, 3    0.00%
类型2 正确率： 100.00% -> 1    0.00%, 2  100.00%, 3    0.00%
类型3 正确率：  98.00% -> 1    0.00%, 2    2.10%, 3   97.90%


SHOT pseudo-labels: model 99.28% -> centroid 99.50%
轮次:··1/·20 || cls:1.672 || im:-1.021 || 耗时：21.73s
SHOT pseudo-labels: model 99.73% -> centroid 99.77%
轮次:··2/·20 || cls:2.091 || im:-0.992 || 耗时：16.06s
SHOT pseudo-labels: model 99.47% -> centroid 99.62%
轮次:··3/·20 || cls:1.758 || im:-1.025 || 耗时：15.81s
SHOT pseudo-labels: model 97.67% -> centroid 99.00%
轮次:··4/·20 || cls:1.359 || im:-0.953 || 耗时：15.70s
SHOT pseudo-labels: model 96.67% -> centroid 98.95%
轮次:··5/·20 || cls:1.269 || im:-0.937 || 耗时：15.66s
SHOT pseudo-labels: model 95.90% -> centroid 98.08%
轮次:··6/·20 || cls:1.172 || im:-0.870 || 耗时：15.77s
SHOT pseudo-labels: model 96.45% -> centroid 87.78%
轮次:··7/·20 || cls:0.993 || im:-0.872 || 耗时：15.79s
SHOT pseudo-labels: model 96.78% -> centroid 86.90%
轮次:··8/·20 || cls:1.106 || im:-0.816 || 耗时：15.80s
SHOT pseudo-labels: model 96.58% -> centroid 83.53%
轮次:··9/·20 || cls:0.947 || im:-0.902 || 耗时：15.74s
SHOT pseudo-labels: model 96.93% -> centroid 83.23%
轮次:·10/·20 || cls:0.890 || im:-0.825 || 耗时：15.70s
SHOT pseudo-labels: model 97.28% -> centroid 81.72%
轮次:·11/·20 || cls:0.829 || im:-0.784 || 耗时：15.74s
SHOT pseudo-labels: model 97.28% -> centroid 82.87%
轮次:·12/·20 || cls:1.085 || im:-0.871 || 耗时：15.71s
SHOT pseudo-labels: model 97.32% -> centroid 82.97%
轮次:·13/·20 || cls:0.714 || im:-0.791 || 耗时：15.74s
SHOT pseudo-labels: model 97.85% -> centroid 82.37%
轮次:·14/·20 || cls:0.644 || im:-0.714 || 耗时：15.73s
SHOT pseudo-labels: model 97.83% -> centroid 83.32%
轮次:·15/·20 || cls:0.857 || im:-0.823 || 耗时：15.76s
SHOT pseudo-labels: model 98.12% -> centroid 82.88%
轮次:·16/·20 || cls:0.673 || im:-0.787 || 耗时：15.77s
SHOT pseudo-labels: model 98.42% -> centroid 82.95%
轮次:·17/·20 || cls:0.896 || im:-0.730 || 耗时：15.77s
SHOT pseudo-labels: model 98.52% -> centroid 83.18%
轮次:·18/·20 || cls:0.795 || im:-0.774 || 耗时：15.80s
SHOT pseudo-labels: model 98.53% -> centroid 83.00%
轮次:·19/·20 || cls:0.846 || im:-0.756 || 耗时：15.76s
SHOT pseudo-labels: model 98.50% -> centroid 83.32%
轮次:·20/·20 || cls:0.675 || im:-0.799 || 耗时：15.78s
测试集任务: (B1)N15_M01_F10→(B2)N15_M07_F10; 总正确率 = 98.77%
类型1 正确率： 100.00% -> 1  100.00%, 2    0.00%, 3    0.00%
类型2 正确率： 100.00% -> 1    0.05%, 2   99.85%, 3    0.10%
类型3 正确率：  96.00% -> 1    0.00%, 2    3.55%, 3   96.45%


