读取源域路径：/kaggle/working/shot_k10/S07/weight_PU_M1_shot_FS07toS07_s2024/NEW_PU/Source-源域/log&pt/(B3)N15_M07_F04
excel输出位置：/kaggle/working/shot_k10/S07/weight_PU_M1_shot_FS07toS07_s2024/NEW_PU/Target-目标域
特征图片输出位置：/kaggle/working/shot_k10/S07/weight_PU_M1_shot_FS07toS07_s2024/NEW_PU/Picture-特征图/2026年09月22日05时51分/(B3)N15_M07_F04
现在选取:(B3)N15_M07_F04 进行训练的源模型
现在进行：(B3)N15_M07_F04→(B2)N15_M07_F10 的迁移任务
log&pt输出位置：/kaggle/working/shot_k10/S07/weight_PU_M1_shot_FS07toS07_s2024/NEW_PU/Target-目标域/log&pt/(B3)N15_M07_F04→(B2)N15_M07_F10
任务: (B3)N15_M07_F04→(B2)N15_M07_F10; 批次:····0/·1880;  总正确率: 96.10%
类型1 正确率： 100.00% -> 1   99.90%, 2    0.10%, 3    0.00%
类型2 正确率： 100.00% -> 1    0.00%, 2   99.75%, 3    0.25%
类型3 正确率：  89.00% -> 1    0.00%, 2   11.35%, 3   88.65%


SHOT pseudo-labels: model 96.10% -> centroid 97.32%
轮次:··1/·20 || cls:1.357 || im:-0.884 || 耗时：21.68s
SHOT pseudo-labels: model 93.97% -> centroid 96.20%
轮次:··2/·20 || cls:1.562 || im:-0.858 || 耗时：15.99s
SHOT pseudo-labels: model 88.17% -> centroid 84.78%
轮次:··3/·20 || cls:1.218 || im:-0.819 || 耗时：15.78s
SHOT pseudo-labels: model 88.92% -> centroid 86.25%
轮次:··4/·20 || cls:0.995 || im:-0.794 || 耗时：15.65s
SHOT pseudo-labels: model 91.45% -> centroid 87.58%
轮次:··5/·20 || cls:0.906 || im:-0.788 || 耗时：15.66s
SHOT pseudo-labels: model 92.82% -> centroid 87.40%
轮次:··6/·20 || cls:0.661 || im:-0.737 || 耗时：15.74s
SHOT pseudo-labels: model 92.75% -> centroid 86.43%
轮次:··7/·20 || cls:0.677 || im:-0.767 || 耗时：15.73s
SHOT pseudo-labels: model 93.48% -> centroid 85.47%
轮次:··8/·20 || cls:0.842 || im:-0.756 || 耗时：15.78s
SHOT pseudo-labels: model 93.37% -> centroid 86.40%
轮次:··9/·20 || cls:0.701 || im:-0.742 || 耗时：15.75s
SHOT pseudo-labels: model 94.60% -> centroid 85.70%
轮次:·10/·20 || cls:0.785 || im:-0.757 || 耗时：15.75s
SHOT pseudo-labels: model 94.32% -> centroid 86.15%
轮次:·11/·20 || cls:0.681 || im:-0.657 || 耗时：15.72s
SHOT pseudo-labels: model 94.78% -> centroid 85.35%
轮次:·12/·20 || cls:0.774 || im:-0.702 || 耗时：15.69s
SHOT pseudo-labels: model 94.70% -> centroid 85.43%
轮次:·13/·20 || cls:0.664 || im:-0.760 || 耗时：15.68s
SHOT pseudo-labels: model 95.10% -> centroid 85.15%
轮次:·14/·20 || cls:0.604 || im:-0.636 || 耗时：15.69s
SHOT pseudo-labels: model 95.10% -> centroid 85.63%
轮次:·15/·20 || cls:0.770 || im:-0.725 || 耗时：15.69s
SHOT pseudo-labels: model 95.72% -> centroid 85.12%
轮次:·16/·20 || cls:0.665 || im:-0.746 || 耗时：15.67s
SHOT pseudo-labels: model 95.72% -> centroid 85.13%
轮次:·17/·20 || cls:0.772 || im:-0.692 || 耗时：15.71s
SHOT pseudo-labels: model 95.72% -> centroid 85.30%
轮次:·18/·20 || cls:0.723 || im:-0.708 || 耗时：15.68s
SHOT pseudo-labels: model 95.78% -> centroid 85.47%
轮次:·19/·20 || cls:0.855 || im:-0.730 || 耗时：15.65s
SHOT pseudo-labels: model 96.02% -> centroid 85.75%
轮次:·20/·20 || cls:0.596 || im:-0.728 || 耗时：15.70s
测试集任务: (B3)N15_M07_F04→(B2)N15_M07_F10; 总正确率 = 97.07%
类型1 正确率： 100.00% -> 1   99.95%, 2    0.00%, 3    0.05%
类型2 正确率：  98.00% -> 1    0.05%, 2   98.35%, 3    1.60%
类型3 正确率：  93.00% -> 1    1.20%, 2    5.90%, 3   92.90%


