读取源域路径：/kaggle/working/c103/pretrain_in_process/weight_PU_M1_final_checkpoint_FAtoB_s2024/NEW_PU/Source-源域/log&pt/(B3)N15_M07_F04
excel输出位置：/kaggle/working/c103/pretrain_in_process/weight_PU_M1_final_checkpoint_FAtoB_s2024/NEW_PU/Target-目标域
特征图片输出位置：/kaggle/working/c103/pretrain_in_process/weight_PU_M1_final_checkpoint_FAtoB_s2024/NEW_PU/Picture-特征图/2026年09月22日05时27分/(B3)N15_M07_F04
现在选取:(B3)N15_M07_F04 进行训练的源模型
现在进行：(B3)N15_M07_F04→(B2)N15_M07_F10 的迁移任务
log&pt输出位置：/kaggle/working/c103/pretrain_in_process/weight_PU_M1_final_checkpoint_FAtoB_s2024/NEW_PU/Target-目标域/log&pt/(B3)N15_M07_F04→(B2)N15_M07_F10
任务: (B3)N15_M07_F04→(B2)N15_M07_F10; 批次:····0/·1880;  总正确率: 44.37%
类型1 正确率：  40.00% -> 1   40.05%, 2   59.85%, 3    0.10%
类型2 正确率：  42.00% -> 1    0.00%, 2   41.80%, 3   58.20%
类型3 正确率：  51.00% -> 1    0.00%, 2   48.75%, 3   51.25%


样本变换：reverse
样本变换：mask
样本变换：shift
样本变换：none
未过滤	未用伪标签：44.37% -> 使用伪标签：38.60%
已过滤	未用伪标签：43.74% -> 使用伪标签：39.56%
排除样本：145|6000	剩余：661, 2942, 2252
增添样本：2971		细则：2281, 0, 690	正确率估算：97.11%
类型1 正确率：  33.00% -> 1   33.18%, 2   66.82%, 3    0.00%
类型2 正确率：  34.00% -> 1    0.00%, 2   34.11%, 3   65.89%
类型3 正确率：  51.00% -> 1    0.00%, 2   48.89%, 3   51.11%

被排除样本 正确率：69.66%
类型1 正确率： 100.00% -> 1  100.00%, 2    0.00%, 3    0.00%
类型2 正确率：  69.00% -> 1    0.00%, 2   68.60%, 3   31.40%
类型3 正确率：  62.00% -> 1    0.00%, 2   37.50%, 3   62.50%


轮次:··1/·20 || c_Loss:0.493 || e_Loss:-1.446 || Aad_Loss:-25.169 || 耗时：32.25s
轮次:··2/·20 || c_Loss:0.393 || e_Loss:-1.513 || Aad_Loss:-26.934 || 耗时：12.36s
轮次:··3/·20 || c_Loss:0.439 || e_Loss:-1.721 || Aad_Loss:-27.375 || 耗时：12.32s
轮次:··4/·20 || c_Loss:0.425 || e_Loss:-1.041 || Aad_Loss:-24.354 || 耗时：12.26s
轮次:··5/·20 || c_Loss:0.397 || e_Loss:-1.579 || Aad_Loss:-28.582 || 耗时：12.18s
任务: (B3)N15_M07_F04→(B2)N15_M07_F10; mix批次:····0; 批次:··470/·1880;  总正确率: 37.57%
类型1 正确率：  33.00% -> 1   33.00%, 2   67.00%, 3    0.00%
类型2 正确率：  30.00% -> 1    0.00%, 2   29.65%, 3   70.35%
类型3 正确率：  50.00% -> 1    0.05%, 2   49.90%, 3   50.05%


样本变换：reverse
样本变换：mask
样本变换：shift
样本变换：none
未过滤	未用伪标签：37.57% -> 使用伪标签：35.60%
已过滤	未用伪标签：36.99% -> 使用伪标签：36.03%
排除样本：71|6000	剩余：660, 2813, 2456
增添样本：2510		细则：2153, 0, 357	正确率估算：99.21%
类型1 正确率：  33.00% -> 1   33.00%, 2   67.00%, 3    0.00%
类型2 正确率：  25.00% -> 1    0.00%, 2   24.61%, 3   75.39%
类型3 正确率：  50.00% -> 1    0.00%, 2   49.92%, 3   50.08%

被排除样本 正确率：85.92%
类型1 正确率：  86.00% -> 1   85.71%, 2   14.29%
类型2 正确率： 100.00% -> 1    0.00%, 2  100.00%


轮次:··6/·20 || c_Loss:0.376 || e_Loss:-1.788 || Aad_Loss:-28.438 || 耗时：32.10s
轮次:··7/·20 || c_Loss:0.383 || e_Loss:-1.866 || Aad_Loss:-31.419 || 耗时：12.24s
轮次:··8/·20 || c_Loss:0.383 || e_Loss:-1.825 || Aad_Loss:-30.025 || 耗时：12.31s
轮次:··9/·20 || c_Loss:0.410 || e_Loss:-1.419 || Aad_Loss:-30.269 || 耗时：12.29s
轮次:·10/·20 || c_Loss:0.374 || e_Loss:-0.876 || Aad_Loss:-30.072 || 耗时：12.24s
任务: (B3)N15_M07_F04→(B2)N15_M07_F10; mix批次:····0; 批次:··940/·1880;  总正确率: 36.13%
类型1 正确率：  33.00% -> 1   33.00%, 2   67.00%, 3    0.00%
类型2 正确率：  25.00% -> 1    0.00%, 2   25.45%, 3   74.55%
类型3 正确率：  50.00% -> 1    0.00%, 2   50.05%, 3   49.95%


样本变换：reverse
样本变换：mask
样本变换：shift
样本变换：none
未过滤	未用伪标签：36.13% -> 使用伪标签：34.37%
已过滤	未用伪标签：35.46% -> 使用伪标签：34.80%
排除样本：75|6000	剩余：660, 2743, 2522
增添样本：2304		细则：2083, 0, 221	正确率估算：99.77%
类型1 正确率：  33.00% -> 1   33.00%, 2   67.00%, 3    0.00%
类型2 正确率：  21.00% -> 1    0.00%, 2   20.92%, 3   79.08%
类型3 正确率：  50.00% -> 1    0.00%, 2   50.03%, 3   49.97%

被排除样本 正确率：89.33%
类型1 正确率：  91.00% -> 1   90.54%, 2    9.46%
类型2 正确率：   0.00% -> 1  100.00%, 2    0.00%


轮次:·11/·20 || c_Loss:0.381 || e_Loss:-1.821 || Aad_Loss:-29.538 || 耗时：31.93s
轮次:·12/·20 || c_Loss:0.383 || e_Loss:-1.787 || Aad_Loss:-31.414 || 耗时：12.19s
轮次:·13/·20 || c_Loss:0.377 || e_Loss:-1.597 || Aad_Loss:-30.251 || 耗时：12.25s
轮次:·14/·20 || c_Loss:0.370 || e_Loss:-0.926 || Aad_Loss:-31.377 || 耗时：12.22s
轮次:·15/·20 || c_Loss:0.400 || e_Loss:-1.381 || Aad_Loss:-28.559 || 耗时：12.22s
任务: (B3)N15_M07_F04→(B2)N15_M07_F10; mix批次:····0; 批次:·1410/·1880;  总正确率: 34.97%
类型1 正确率：  33.00% -> 1   33.00%, 2   67.00%, 3    0.00%
类型2 正确率：  22.00% -> 1    0.00%, 2   21.95%, 3   78.05%
类型3 正确率：  50.00% -> 1    0.00%, 2   50.05%, 3   49.95%


样本变换：reverse
样本变换：mask
样本变换：shift
样本变换：none
未过滤	未用伪标签：34.97% -> 使用伪标签：33.58%
已过滤	未用伪标签：34.38% -> 使用伪标签：33.96%
排除样本：66|6000	剩余：660, 2696, 2578
增添样本：2154		细则：2036, 0, 118	正确率估算：99.87%
类型1 正确率：  33.00% -> 1   33.00%, 2   67.00%, 3    0.00%
类型2 正确率：  18.00% -> 1    0.00%, 2   18.40%, 3   81.60%
类型3 正确率：  50.00% -> 1    0.00%, 2   50.03%, 3   49.97%

被排除样本 正确率：87.88%
类型1 正确率：  89.00% -> 1   89.23%, 2   10.77%
类型2 正确率：   0.00% -> 1  100.00%, 2    0.00%


轮次:·16/·20 || c_Loss:0.374 || e_Loss:-1.869 || Aad_Loss:-32.034 || 耗时：32.08s
轮次:·17/·20 || c_Loss:0.385 || e_Loss:-0.860 || Aad_Loss:-32.950 || 耗时：12.18s
轮次:·18/·20 || c_Loss:0.389 || e_Loss:-1.892 || Aad_Loss:-30.841 || 耗时：12.16s
轮次:·19/·20 || c_Loss:0.399 || e_Loss:-0.871 || Aad_Loss:-29.562 || 耗时：12.21s
轮次:·20/·20 || c_Loss:0.374 || e_Loss:-0.923 || Aad_Loss:-31.153 || 耗时：12.21s
任务: (B3)N15_M07_F04→(B2)N15_M07_F10; mix批次:····0; 批次:·1880/·1880;  总正确率: 34.55%
类型1 正确率：  33.00% -> 1   33.00%, 2   67.00%, 3    0.00%
类型2 正确率：  21.00% -> 1    0.00%, 2   20.70%, 3   79.30%
类型3 正确率：  50.00% -> 1    0.00%, 2   50.05%, 3   49.95%


测试集任务: (B3)N15_M07_F04→(B2)N15_M07_F10; 总正确率 = 34.55%
类型1 正确率：  33.00% -> 1   33.00%, 2   67.00%, 3    0.00%
类型2 正确率：  21.00% -> 1    0.00%, 2   20.70%, 3   79.30%
类型3 正确率：  50.00% -> 1    0.00%, 2   50.05%, 3   49.95%


