读取源域路径：/kaggle/working/shot_k10/S01/weight_PU_M1_shot_FS01toS01c_s2024/NEW_PU/Source-源域/log&pt/(B3)N15_M07_F04
excel输出位置：/kaggle/working/shot_k10/S01/weight_PU_M1_shot_FS01toS01c_s2024/NEW_PU/Target-目标域
特征图片输出位置：/kaggle/working/shot_k10/S01/weight_PU_M1_shot_FS01toS01c_s2024/NEW_PU/Picture-特征图/2026年09月21日22时19分/(B3)N15_M07_F04
现在选取:(B3)N15_M07_F04 进行训练的源模型
现在进行：(B3)N15_M07_F04→(B1)N15_M01_F10 的迁移任务
log&pt输出位置：/kaggle/working/shot_k10/S01/weight_PU_M1_shot_FS01toS01c_s2024/NEW_PU/Target-目标域/log&pt/(B3)N15_M07_F04→(B1)N15_M01_F10
任务: (B3)N15_M07_F04→(B1)N15_M01_F10; 批次:····0/·1880;  总正确率: 49.40%
类型1 正确率： 100.00% -> 1  100.00%, 2    0.00%, 3    0.00%
类型2 正确率：  48.00% -> 1    2.85%, 2   48.20%, 3   48.95%
类型3 正确率：   0.00% -> 1    0.00%, 2  100.00%, 3    0.00%


SHOT pseudo-labels: model 49.40% -> centroid 50.05%
轮次:··1/·20 || cls:0.745 || im:-0.711 || 耗时：21.74s
SHOT pseudo-labels: model 59.30% -> centroid 54.60%
轮次:··2/·20 || cls:0.909 || im:-0.768 || 耗时：16.09s
SHOT pseudo-labels: model 52.33% -> centroid 83.15%
轮次:··3/·20 || cls:0.680 || im:-0.631 || 耗时：15.83s
SHOT pseudo-labels: model 48.87% -> centroid 61.08%
轮次:··4/·20 || cls:0.727 || im:-0.577 || 耗时：15.74s
SHOT pseudo-labels: model 48.42% -> centroid 34.37%
轮次:··5/·20 || cls:0.711 || im:-0.647 || 耗时：15.78s
SHOT pseudo-labels: model 45.22% -> centroid 25.93%
轮次:··6/·20 || cls:0.721 || im:-0.637 || 耗时：15.85s
SHOT pseudo-labels: model 45.15% -> centroid 24.57%
轮次:··7/·20 || cls:0.618 || im:-0.555 || 耗时：15.93s
SHOT pseudo-labels: model 44.70% -> centroid 23.67%
轮次:··8/·20 || cls:0.583 || im:-0.561 || 耗时：15.86s
SHOT pseudo-labels: model 46.27% -> centroid 24.70%
轮次:··9/·20 || cls:0.768 || im:-0.600 || 耗时：15.76s
SHOT pseudo-labels: model 44.77% -> centroid 24.32%
轮次:·10/·20 || cls:0.759 || im:-0.561 || 耗时：15.77s
SHOT pseudo-labels: model 45.55% -> centroid 24.62%
轮次:·11/·20 || cls:0.711 || im:-0.588 || 耗时：15.81s
SHOT pseudo-labels: model 44.10% -> centroid 23.53%
轮次:·12/·20 || cls:0.712 || im:-0.616 || 耗时：15.88s
SHOT pseudo-labels: model 44.87% -> centroid 22.98%
轮次:·13/·20 || cls:0.696 || im:-0.607 || 耗时：15.88s
SHOT pseudo-labels: model 45.93% -> centroid 25.07%
轮次:·14/·20 || cls:0.582 || im:-0.556 || 耗时：15.89s
SHOT pseudo-labels: model 45.10% -> centroid 23.68%
轮次:·15/·20 || cls:0.688 || im:-0.626 || 耗时：15.86s
SHOT pseudo-labels: model 45.07% -> centroid 23.55%
轮次:·16/·20 || cls:0.623 || im:-0.582 || 耗时：15.86s
SHOT pseudo-labels: model 45.05% -> centroid 24.10%
轮次:·17/·20 || cls:0.697 || im:-0.590 || 耗时：15.84s
SHOT pseudo-labels: model 44.72% -> centroid 22.83%
轮次:·18/·20 || cls:0.632 || im:-0.560 || 耗时：15.79s
SHOT pseudo-labels: model 44.70% -> centroid 24.22%
轮次:·19/·20 || cls:0.611 || im:-0.596 || 耗时：15.83s
SHOT pseudo-labels: model 44.98% -> centroid 24.85%
轮次:·20/·20 || cls:0.619 || im:-0.663 || 耗时：15.79s
测试集任务: (B3)N15_M07_F04→(B1)N15_M01_F10; 总正确率 = 44.58%
类型1 正确率：  34.00% -> 1   33.70%, 2   33.60%, 3   32.70%
类型2 正确率：  62.00% -> 1    4.15%, 2   61.50%, 3   34.35%
类型3 正确率：  39.00% -> 1   54.15%, 2    7.30%, 3   38.55%


