读取源域路径：/kaggle/working/k10/S03/weight_PU_M1_final_checkpoint_FS03toS03c_s2024/NEW_PU/Source-源域/log&pt/(B1)N15_M01_F10
excel输出位置：/kaggle/working/k10/S03/weight_PU_M1_final_checkpoint_FS03toS03c_s2024/NEW_PU/Target-目标域
特征图片输出位置：/kaggle/working/k10/S03/weight_PU_M1_final_checkpoint_FS03toS03c_s2024/NEW_PU/Picture-特征图/2026年09月16日19时29分/(B1)N15_M01_F10
现在选取:(B1)N15_M01_F10 进行训练的源模型
现在进行：(B1)N15_M01_F10→(B3)N15_M07_F04 的迁移任务
log&pt输出位置：/kaggle/working/k10/S03/weight_PU_M1_final_checkpoint_FS03toS03c_s2024/NEW_PU/Target-目标域/log&pt/(B1)N15_M01_F10→(B3)N15_M07_F04
任务: (B1)N15_M01_F10→(B3)N15_M07_F04; 批次:····0/·1880;  总正确率: 63.12%
类型1 正确率：  96.00% -> 1   95.95%, 2    4.05%, 3    0.00%
类型2 正确率：  93.00% -> 1    0.00%, 2   93.10%, 3    6.90%
类型3 正确率：   0.00% -> 1    7.55%, 2   92.15%, 3    0.30%


样本变换：reverse
样本变换：mask
样本变换：shift
样本变换：none
未过滤	未用伪标签：63.12% -> 使用伪标签：54.42%
已过滤	未用伪标签：63.34% -> 使用伪标签：54.96%
排除样本：59|6000	剩余：2139, 3144, 658
增添样本：3491		细则：1005, 0, 2486	正确率估算：65.00%
类型1 正确率：  99.00% -> 1   98.52%, 2    1.48%, 3    0.00%
类型2 正确率：  67.00% -> 1    0.45%, 2   66.58%, 3   32.97%
类型3 正确率：   0.00% -> 1    9.80%, 2   90.20%, 3    0.00%

被排除样本 正确率：40.68%
类型1 正确率：  54.00% -> 1   54.29%, 2   45.71%, 3    0.00%
类型2 正确率： 100.00% -> 1    0.00%, 2  100.00%, 3    0.00%
类型3 正确率：   5.00% -> 1   10.00%, 2   85.00%, 3    5.00%


轮次:··1/·20 || c_Loss:0.455 || e_Loss:-0.836 || Aad_Loss:-33.973 || 耗时：35.03s
轮次:··2/·20 || c_Loss:0.393 || e_Loss:-1.673 || Aad_Loss:-32.445 || 耗时：13.46s
轮次:··3/·20 || c_Loss:0.378 || e_Loss:-0.855 || Aad_Loss:-32.503 || 耗时：13.35s
轮次:··4/·20 || c_Loss:0.358 || e_Loss:-0.873 || Aad_Loss:-33.019 || 耗时：13.31s
轮次:··5/·20 || c_Loss:0.417 || e_Loss:-1.746 || Aad_Loss:-32.627 || 耗时：13.34s
任务: (B1)N15_M01_F10→(B3)N15_M07_F04; mix批次:····0; 批次:··470/·1880;  总正确率: 55.70%
类型1 正确率： 100.00% -> 1  100.00%, 2    0.00%, 3    0.00%
类型2 正确率：  67.00% -> 1    0.00%, 2   67.00%, 3   33.00%
类型3 正确率：   0.00% -> 1    9.65%, 2   90.25%, 3    0.10%


样本变换：reverse
样本变换：mask
样本变换：shift
样本变换：none
未过滤	未用伪标签：55.70% -> 使用伪标签：55.67%
已过滤	未用伪标签：55.81% -> 使用伪标签：55.78%
排除样本：12|6000	剩余：2194, 3134, 660
增添样本：3414		细则：940, 0, 2474	正确率估算：99.69%
类型1 正确率： 100.00% -> 1  100.00%, 2    0.00%, 3    0.00%
类型2 正确率：  67.00% -> 1    0.00%, 2   67.00%, 3   33.00%
类型3 正确率：   0.00% -> 1    9.76%, 2   90.24%, 3    0.00%

被排除样本 正确率：0.00%
类型1 没有样本或未被分类。
类型2 没有样本或未被分类。
类型3 正确率：   0.00% -> 1   33.33%, 2   66.67%, 3    0.00%


轮次:··6/·20 || c_Loss:0.378 || e_Loss:-0.945 || Aad_Loss:-32.672 || 耗时：35.09s
轮次:··7/·20 || c_Loss:0.393 || e_Loss:-0.829 || Aad_Loss:-37.743 || 耗时：13.35s
轮次:··8/·20 || c_Loss:0.422 || e_Loss:-0.908 || Aad_Loss:-31.385 || 耗时：13.32s
轮次:··9/·20 || c_Loss:0.383 || e_Loss:-0.994 || Aad_Loss:-31.971 || 耗时：13.31s
轮次:·10/·20 || c_Loss:0.394 || e_Loss:-0.840 || Aad_Loss:-36.491 || 耗时：13.34s
任务: (B1)N15_M01_F10→(B3)N15_M07_F04; mix批次:····0; 批次:··940/·1880;  总正确率: 55.70%
类型1 正确率： 100.00% -> 1  100.00%, 2    0.00%, 3    0.00%
类型2 正确率：  67.00% -> 1    0.00%, 2   67.00%, 3   33.00%
类型3 正确率：   0.00% -> 1   10.30%, 2   89.60%, 3    0.10%


样本变换：reverse
样本变换：mask
样本变换：shift
样本变换：none
未过滤	未用伪标签：55.70% -> 使用伪标签：55.63%
已过滤	未用伪标签：55.79% -> 使用伪标签：55.75%
排除样本：13|6000	剩余：2217, 3110, 660
增添样本：3343		细则：893, 0, 2450	正确率估算：99.61%
类型1 正确率： 100.00% -> 1  100.00%, 2    0.00%, 3    0.00%
类型2 正确率：  67.00% -> 1    0.05%, 2   66.93%, 3   33.02%
类型3 正确率：   0.00% -> 1   10.87%, 2   89.13%, 3    0.00%

被排除样本 正确率：15.38%
类型1 没有样本或未被分类。
类型2 正确率： 100.00% -> 1    0.00%, 2  100.00%, 3    0.00%
类型3 正确率：   8.00% -> 1   16.67%, 2   75.00%, 3    8.33%


轮次:·11/·20 || c_Loss:0.396 || e_Loss:-0.886 || Aad_Loss:-35.658 || 耗时：34.99s
轮次:·12/·20 || c_Loss:0.393 || e_Loss:-1.739 || Aad_Loss:-33.645 || 耗时：13.34s
轮次:·13/·20 || c_Loss:0.389 || e_Loss:-1.438 || Aad_Loss:-35.736 || 耗时：13.36s
轮次:·14/·20 || c_Loss:0.391 || e_Loss:-0.912 || Aad_Loss:-34.677 || 耗时：13.35s
轮次:·15/·20 || c_Loss:0.394 || e_Loss:-0.913 || Aad_Loss:-33.264 || 耗时：13.35s
任务: (B1)N15_M01_F10→(B3)N15_M07_F04; mix批次:····0; 批次:·1410/·1880;  总正确率: 55.68%
类型1 正确率： 100.00% -> 1  100.00%, 2    0.00%, 3    0.00%
类型2 正确率：  67.00% -> 1    0.00%, 2   67.00%, 3   33.00%
类型3 正确率：   0.00% -> 1   11.15%, 2   88.80%, 3    0.05%


样本变换：reverse
样本变换：mask
样本变换：shift
样本变换：none
未过滤	未用伪标签：55.68% -> 使用伪标签：55.65%
已过滤	未用伪标签：55.72% -> 使用伪标签：55.69%
排除样本：4|6000	剩余：2230, 3106, 660
增添样本：3322		细则：876, 0, 2446	正确率估算：99.93%
类型1 正确率： 100.00% -> 1  100.00%, 2    0.00%, 3    0.00%
类型2 正确率：  67.00% -> 1    0.05%, 2   66.95%, 3   33.00%
类型3 正确率：   0.00% -> 1   11.47%, 2   88.53%, 3    0.00%

被排除样本 正确率：0.00%
类型1 没有样本或未被分类。
类型2 正确率：   0.00% -> 1  100.00%, 2    0.00%


轮次:·16/·20 || c_Loss:0.391 || e_Loss:-0.905 || Aad_Loss:-35.318 || 耗时：35.00s
轮次:·17/·20 || c_Loss:0.397 || e_Loss:-0.895 || Aad_Loss:-35.637 || 耗时：13.32s
轮次:·18/·20 || c_Loss:0.419 || e_Loss:-0.832 || Aad_Loss:-35.531 || 耗时：13.32s
轮次:·19/·20 || c_Loss:0.393 || e_Loss:-0.921 || Aad_Loss:-35.298 || 耗时：13.34s
轮次:·20/·20 || c_Loss:0.394 || e_Loss:-0.949 || Aad_Loss:-34.896 || 耗时：13.36s
任务: (B1)N15_M01_F10→(B3)N15_M07_F04; mix批次:····0; 批次:·1880/·1880;  总正确率: 55.67%
类型1 正确率： 100.00% -> 1  100.00%, 2    0.00%, 3    0.00%
类型2 正确率：  67.00% -> 1    0.00%, 2   67.00%, 3   33.00%
类型3 正确率：   0.00% -> 1   11.35%, 2   88.65%, 3    0.00%


测试集任务: (B1)N15_M01_F10→(B3)N15_M07_F04; 总正确率 = 55.67%
类型1 正确率： 100.00% -> 1  100.00%, 2    0.00%, 3    0.00%
类型2 正确率：  67.00% -> 1    0.00%, 2   67.00%, 3   33.00%
类型3 正确率：   0.00% -> 1   11.35%, 2   88.65%, 3    0.00%


