读取源域路径：/kaggle/working/k10/S03/weight_PU_M1_final_checkpoint_FS03toS03c_s2024/NEW_PU/Source-源域/log&pt/(B2)N15_M07_F10
excel输出位置：/kaggle/working/k10/S03/weight_PU_M1_final_checkpoint_FS03toS03c_s2024/NEW_PU/Target-目标域
特征图片输出位置：/kaggle/working/k10/S03/weight_PU_M1_final_checkpoint_FS03toS03c_s2024/NEW_PU/Picture-特征图/2026年09月16日19时41分/(B2)N15_M07_F10
现在选取:(B2)N15_M07_F10 进行训练的源模型
现在进行：(B2)N15_M07_F10→(B3)N15_M07_F04 的迁移任务
log&pt输出位置：/kaggle/working/k10/S03/weight_PU_M1_final_checkpoint_FS03toS03c_s2024/NEW_PU/Target-目标域/log&pt/(B2)N15_M07_F10→(B3)N15_M07_F04
任务: (B2)N15_M07_F10→(B3)N15_M07_F04; 批次:····0/·1880;  总正确率: 63.23%
类型1 正确率： 100.00% -> 1   99.95%, 2    0.05%, 3    0.00%
类型2 正确率：  90.00% -> 1    0.35%, 2   89.75%, 3    9.90%
类型3 正确率：   0.00% -> 1    8.60%, 2   91.40%, 3    0.00%


样本变换：reverse
样本变换：mask
样本变换：shift
样本变换：none
未过滤	未用伪标签：63.23% -> 使用伪标签：48.78%
已过滤	未用伪标签：63.13% -> 使用伪标签：49.87%
排除样本：131|6000	剩余：2613, 2598, 658
增添样本：1970		细则：0, 15, 1955	正确率估算：28.83%
类型1 正确率： 100.00% -> 1  100.00%, 2    0.00%, 3    0.00%
类型2 正确率：  48.00% -> 1   17.16%, 2   48.46%, 3   34.38%
类型3 正确率：   0.00% -> 1   14.56%, 2   85.39%, 3    0.05%

被排除样本 正确率：67.94%
类型1 正确率： 100.00% -> 1  100.00%, 2    0.00%
类型2 正确率：   0.00% -> 1  100.00%, 2    0.00%


轮次:··1/·20 || c_Loss:0.506 || e_Loss:-0.918 || Aad_Loss:-27.651 || 耗时：34.59s
轮次:··2/·20 || c_Loss:0.441 || e_Loss:-1.690 || Aad_Loss:-25.973 || 耗时：13.41s
轮次:··3/·20 || c_Loss:0.401 || e_Loss:-1.609 || Aad_Loss:-26.355 || 耗时：13.26s
轮次:··4/·20 || c_Loss:0.391 || e_Loss:-1.745 || Aad_Loss:-28.246 || 耗时：13.24s
轮次:··5/·20 || c_Loss:0.431 || e_Loss:-1.592 || Aad_Loss:-26.036 || 耗时：13.26s
任务: (B2)N15_M07_F10→(B3)N15_M07_F04; mix批次:····0; 批次:··470/·1880;  总正确率: 51.95%
类型1 正确率： 100.00% -> 1  100.00%, 2    0.00%, 3    0.00%
类型2 正确率：  56.00% -> 1   11.25%, 2   55.75%, 3   33.00%
类型3 正确率：   0.00% -> 1   11.65%, 2   88.25%, 3    0.10%


样本变换：reverse
样本变换：mask
样本变换：shift
样本变换：none
未过滤	未用伪标签：51.95% -> 使用伪标签：51.50%
已过滤	未用伪标签：52.04% -> 使用伪标签：51.94%
排除样本：51|6000	剩余：2439, 2847, 663
增添样本：2592		细则：408, 0, 2184	正确率估算：99.44%
类型1 正确率： 100.00% -> 1  100.00%, 2    0.00%, 3    0.00%
类型2 正确率：  56.00% -> 1   10.50%, 2   55.69%, 3   33.81%
类型3 正确率：   0.00% -> 1   11.72%, 2   88.13%, 3    0.15%

被排除样本 正确率：41.18%
类型1 没有样本或未被分类。
类型2 正确率：  44.00% -> 1   56.25%, 2   43.75%, 3    0.00%
类型3 正确率：   0.00% -> 1   66.67%, 2   33.33%, 3    0.00%


轮次:··6/·20 || c_Loss:0.380 || e_Loss:-1.680 || Aad_Loss:-35.373 || 耗时：34.78s
轮次:··7/·20 || c_Loss:0.413 || e_Loss:-1.772 || Aad_Loss:-28.739 || 耗时：13.30s
轮次:··8/·20 || c_Loss:0.422 || e_Loss:-0.825 || Aad_Loss:-28.327 || 耗时：13.30s
轮次:··9/·20 || c_Loss:0.523 || e_Loss:-1.423 || Aad_Loss:-24.280 || 耗时：13.27s
轮次:·10/·20 || c_Loss:0.440 || e_Loss:-1.341 || Aad_Loss:-28.551 || 耗时：13.34s
任务: (B2)N15_M07_F10→(B3)N15_M07_F04; mix批次:····0; 批次:··940/·1880;  总正确率: 54.32%
类型1 正确率： 100.00% -> 1  100.00%, 2    0.00%, 3    0.00%
类型2 正确率：  63.00% -> 1    4.05%, 2   62.90%, 3   33.05%
类型3 正确率：   0.00% -> 1   11.10%, 2   88.85%, 3    0.05%


样本变换：reverse
样本变换：mask
样本变换：shift
样本变换：none
未过滤	未用伪标签：54.32% -> 使用伪标签：53.82%
已过滤	未用伪标签：54.38% -> 使用伪标签：54.21%
排除样本：44|6000	剩余：2298, 2998, 660
增添样本：3038		细则：700, 0, 2338	正确率估算：99.19%
类型1 正确率： 100.00% -> 1  100.00%, 2    0.00%, 3    0.00%
类型2 正确率：  63.00% -> 1    3.87%, 2   62.54%, 3   33.59%
类型3 正确率：   0.00% -> 1   11.15%, 2   88.85%, 3    0.00%

被排除样本 正确率：45.45%
类型1 没有样本或未被分类。
类型2 正确率：  54.00% -> 1   45.71%, 2   54.29%, 3    0.00%
类型3 正确率：  11.00% -> 1   33.33%, 2   55.56%, 3   11.11%


轮次:·11/·20 || c_Loss:0.398 || e_Loss:-0.753 || Aad_Loss:-36.476 || 耗时：34.95s
轮次:·12/·20 || c_Loss:0.395 || e_Loss:-0.801 || Aad_Loss:-34.504 || 耗时：13.34s
轮次:·13/·20 || c_Loss:0.380 || e_Loss:-0.901 || Aad_Loss:-31.911 || 耗时：13.34s
轮次:·14/·20 || c_Loss:0.377 || e_Loss:-0.895 || Aad_Loss:-33.815 || 耗时：13.35s
轮次:·15/·20 || c_Loss:0.409 || e_Loss:-0.869 || Aad_Loss:-30.939 || 耗时：13.36s
任务: (B2)N15_M07_F10→(B3)N15_M07_F04; mix批次:····0; 批次:·1410/·1880;  总正确率: 54.52%
类型1 正确率： 100.00% -> 1  100.00%, 2    0.00%, 3    0.00%
类型2 正确率：  64.00% -> 1    3.45%, 2   63.55%, 3   33.00%
类型3 正确率：   0.00% -> 1   10.90%, 2   89.10%, 3    0.00%


样本变换：reverse
样本变换：mask
样本变换：shift
样本变换：none
未过滤	未用伪标签：54.52% -> 使用伪标签：54.35%
已过滤	未用伪标签：54.76% -> 使用伪标签：54.76%
排除样本：45|6000	剩余：2261, 3035, 659
增添样本：3150		细则：774, 0, 2376	正确率估算：99.65%
类型1 正确率： 100.00% -> 1  100.00%, 2    0.00%, 3    0.00%
类型2 正确率：  64.00% -> 1    2.39%, 2   64.11%, 3   33.50%
类型3 正确率：   0.00% -> 1   10.76%, 2   89.24%, 3    0.00%

被排除样本 正确率：22.22%
类型1 没有样本或未被分类。
类型2 正确率：  30.00% -> 1   69.70%, 2   30.30%, 3    0.00%
类型3 正确率：   0.00% -> 1   75.00%, 2   25.00%, 3    0.00%


轮次:·16/·20 || c_Loss:0.398 || e_Loss:-0.889 || Aad_Loss:-31.126 || 耗时：35.04s
轮次:·17/·20 || c_Loss:0.408 || e_Loss:-0.884 || Aad_Loss:-31.872 || 耗时：13.24s
轮次:·18/·20 || c_Loss:0.375 || e_Loss:-0.901 || Aad_Loss:-34.008 || 耗时：13.24s
轮次:·19/·20 || c_Loss:0.373 || e_Loss:-0.857 || Aad_Loss:-37.287 || 耗时：13.25s
轮次:·20/·20 || c_Loss:0.374 || e_Loss:-1.708 || Aad_Loss:-33.796 || 耗时：13.27s
任务: (B2)N15_M07_F10→(B3)N15_M07_F04; mix批次:····0; 批次:·1880/·1880;  总正确率: 54.75%
类型1 正确率： 100.00% -> 1  100.00%, 2    0.00%, 3    0.00%
类型2 正确率：  64.00% -> 1    2.85%, 2   64.15%, 3   33.00%
类型3 正确率：   0.00% -> 1   11.05%, 2   88.85%, 3    0.10%


测试集任务: (B2)N15_M07_F10→(B3)N15_M07_F04; 总正确率 = 54.75%
类型1 正确率： 100.00% -> 1  100.00%, 2    0.00%, 3    0.00%
类型2 正确率：  64.00% -> 1    2.85%, 2   64.15%, 3   33.00%
类型3 正确率：   0.00% -> 1   11.05%, 2   88.85%, 3    0.10%


