读取源域路径：/kaggle/working/k10/S03/weight_PU_M1_final_checkpoint_FS03toS03c_s2024/NEW_PU/Source-源域/log&pt/(B2)N15_M07_F10
excel输出位置：/kaggle/working/k10/S03/weight_PU_M1_final_checkpoint_FS03toS03c_s2024/NEW_PU/Target-目标域
特征图片输出位置：/kaggle/working/k10/S03/weight_PU_M1_final_checkpoint_FS03toS03c_s2024/NEW_PU/Picture-特征图/2026年09月16日19时35分/(B2)N15_M07_F10
现在选取:(B2)N15_M07_F10 进行训练的源模型
现在进行：(B2)N15_M07_F10→(B1)N15_M01_F10 的迁移任务
log&pt输出位置：/kaggle/working/k10/S03/weight_PU_M1_final_checkpoint_FS03toS03c_s2024/NEW_PU/Target-目标域/log&pt/(B2)N15_M07_F10→(B1)N15_M01_F10
任务: (B2)N15_M07_F10→(B1)N15_M01_F10; 批次:····0/·1880;  总正确率: 63.12%
类型1 正确率： 100.00% -> 1   99.85%, 2    0.15%, 3    0.00%
类型2 正确率：  90.00% -> 1    0.75%, 2   89.50%, 3    9.75%
类型3 正确率：   0.00% -> 1    0.00%, 2  100.00%, 3    0.00%


样本变换：reverse
样本变换：mask
样本变换：shift
样本变换：none
未过滤	未用伪标签：63.12% -> 使用伪标签：51.00%
已过滤	未用伪标签：64.24% -> 使用伪标签：53.25%
排除样本：254|6000	剩余：2649, 2187, 910
增添样本：2201		细则：0, 462, 1739	正确率估算：47.89%
类型1 正确率： 100.00% -> 1  100.00%, 2    0.00%, 3    0.00%
类型2 正确率：  40.00% -> 1   27.52%, 2   40.18%, 3   32.30%
类型3 正确率：  16.00% -> 1    6.79%, 2   77.20%, 3   16.02%

被排除样本 正确率：37.80%
类型1 正确率： 100.00% -> 1  100.00%, 2    0.00%
类型2 正确率：   0.00% -> 1  100.00%, 2    0.00%


轮次:··1/·20 || c_Loss:0.555 || e_Loss:-1.411 || Aad_Loss:-22.053 || 耗时：34.94s
轮次:··2/·20 || c_Loss:0.540 || e_Loss:-1.271 || Aad_Loss:-19.624 || 耗时：13.37s
轮次:··3/·20 || c_Loss:0.478 || e_Loss:-1.594 || Aad_Loss:-23.672 || 耗时：13.23s
轮次:··4/·20 || c_Loss:0.435 || e_Loss:-1.649 || Aad_Loss:-24.177 || 耗时：13.23s
轮次:··5/·20 || c_Loss:0.381 || e_Loss:-0.809 || Aad_Loss:-26.359 || 耗时：13.24s
任务: (B2)N15_M07_F10→(B1)N15_M01_F10; mix批次:····0; 批次:··470/·1880;  总正确率: 52.22%
类型1 正确率： 100.00% -> 1  100.00%, 2    0.00%, 3    0.00%
类型2 正确率：  38.00% -> 1   28.90%, 2   38.20%, 3   32.90%
类型3 正确率：  18.00% -> 1    1.80%, 2   79.75%, 3   18.45%


样本变换：reverse
样本变换：mask
样本变换：shift
样本变换：none
未过滤	未用伪标签：52.22% -> 使用伪标签：56.00%
已过滤	未用伪标签：52.73% -> 使用伪标签：56.90%
排除样本：95|6000	剩余：2675, 1884, 1346
增添样本：2120		细则：0, 791, 1329	正确率估算：85.19%
类型1 正确率： 100.00% -> 1  100.00%, 2    0.00%, 3    0.00%
类型2 正确率：  35.00% -> 1   30.91%, 2   34.90%, 3   34.19%
类型3 正确率：  35.00% -> 1    3.27%, 2   61.97%, 3   34.75%

被排除样本 正确率：20.00%
类型1 没有样本或未被分类。
类型2 正确率：  95.00% -> 1    5.00%, 2   95.00%, 3    0.00%
类型3 正确率：   0.00% -> 1    2.67%, 2   97.33%, 3    0.00%


轮次:··6/·20 || c_Loss:0.494 || e_Loss:-1.527 || Aad_Loss:-29.780 || 耗时：35.32s
轮次:··7/·20 || c_Loss:0.432 || e_Loss:-1.582 || Aad_Loss:-23.573 || 耗时：13.34s
轮次:··8/·20 || c_Loss:0.437 || e_Loss:-0.836 || Aad_Loss:-26.431 || 耗时：13.40s
轮次:··9/·20 || c_Loss:0.435 || e_Loss:-1.481 || Aad_Loss:-23.341 || 耗时：13.36s
轮次:·10/·20 || c_Loss:0.395 || e_Loss:-0.865 || Aad_Loss:-28.177 || 耗时：13.36s
任务: (B2)N15_M07_F10→(B1)N15_M01_F10; mix批次:····0; 批次:··940/·1880;  总正确率: 59.23%
类型1 正确率： 100.00% -> 1  100.00%, 2    0.00%, 3    0.00%
类型2 正确率：  39.00% -> 1   27.75%, 2   38.85%, 3   33.40%
类型3 正确率：  39.00% -> 1    0.40%, 2   60.75%, 3   38.85%


样本变换：reverse
样本变换：mask
样本变换：shift
样本变换：none
未过滤	未用伪标签：59.23% -> 使用伪标签：59.83%
已过滤	未用伪标签：59.43% -> 使用伪标签：60.46%
排除样本：62|6000	剩余：2609, 1731, 1598
增添样本：1889		细则：0, 878, 1011	正确率估算：94.81%
类型1 正确率： 100.00% -> 1  100.00%, 2    0.00%, 3    0.00%
类型2 正确率：  35.00% -> 1   29.95%, 2   34.82%, 3   35.23%
类型3 正确率：  46.00% -> 1    0.92%, 2   53.13%, 3   45.95%

被排除样本 正确率：40.32%
类型1 没有样本或未被分类。
类型2 正确率：  93.00% -> 1    7.41%, 2   92.59%, 3    0.00%
类型3 正确率：   0.00% -> 1    0.00%, 2  100.00%, 3    0.00%


轮次:·11/·20 || c_Loss:0.410 || e_Loss:-0.894 || Aad_Loss:-30.080 || 耗时：35.26s
轮次:·12/·20 || c_Loss:0.412 || e_Loss:-0.856 || Aad_Loss:-25.481 || 耗时：13.26s
轮次:·13/·20 || c_Loss:0.373 || e_Loss:-1.661 || Aad_Loss:-28.330 || 耗时：13.28s
轮次:·14/·20 || c_Loss:0.399 || e_Loss:-1.584 || Aad_Loss:-25.487 || 耗时：13.26s
轮次:·15/·20 || c_Loss:0.428 || e_Loss:-0.852 || Aad_Loss:-26.148 || 耗时：13.37s
任务: (B2)N15_M07_F10→(B1)N15_M01_F10; mix批次:····0; 批次:·1410/·1880;  总正确率: 62.22%
类型1 正确率： 100.00% -> 1  100.00%, 2    0.00%, 3    0.00%
类型2 正确率：  38.00% -> 1   26.70%, 2   38.50%, 3   34.80%
类型3 正确率：  48.00% -> 1    0.15%, 2   51.70%, 3   48.15%


样本变换：reverse
样本变换：mask
样本变换：shift
样本变换：none
未过滤	未用伪标签：62.22% -> 使用伪标签：60.65%
已过滤	未用伪标签：62.18% -> 使用伪标签：61.12%
排除样本：46|6000	剩余：2589, 1666, 1699
增添样本：1813		细则：0, 923, 890	正确率估算：98.79%
类型1 正确率： 100.00% -> 1  100.00%, 2    0.00%, 3    0.00%
类型2 正确率：  34.00% -> 1   29.67%, 2   33.64%, 3   36.69%
类型3 正确率：  49.00% -> 1    0.25%, 2   50.55%, 3   49.19%

被排除样本 正确率：67.39%
类型1 没有样本或未被分类。
类型2 正确率：  97.00% -> 1    3.12%, 2   96.88%, 3    0.00%
类型3 正确率：   0.00% -> 1    7.14%, 2   92.86%, 3    0.00%


轮次:·16/·20 || c_Loss:0.428 || e_Loss:-0.860 || Aad_Loss:-28.333 || 耗时：35.41s
轮次:·17/·20 || c_Loss:0.417 || e_Loss:-0.868 || Aad_Loss:-26.196 || 耗时：13.23s
轮次:·18/·20 || c_Loss:0.400 || e_Loss:-0.900 || Aad_Loss:-27.335 || 耗时：13.23s
轮次:·19/·20 || c_Loss:0.399 || e_Loss:-0.909 || Aad_Loss:-29.881 || 耗时：13.25s
轮次:·20/·20 || c_Loss:0.392 || e_Loss:-0.942 || Aad_Loss:-29.732 || 耗时：13.36s
任务: (B2)N15_M07_F10→(B1)N15_M01_F10; mix批次:····0; 批次:·1880/·1880;  总正确率: 61.52%
类型1 正确率： 100.00% -> 1  100.00%, 2    0.00%, 3    0.00%
类型2 正确率：  36.00% -> 1   29.60%, 2   35.50%, 3   34.90%
类型3 正确率：  49.00% -> 1    0.45%, 2   50.50%, 3   49.05%


测试集任务: (B2)N15_M07_F10→(B1)N15_M01_F10; 总正确率 = 61.52%
类型1 正确率： 100.00% -> 1  100.00%, 2    0.00%, 3    0.00%
类型2 正确率：  36.00% -> 1   29.60%, 2   35.50%, 3   34.90%
类型3 正确率：  49.00% -> 1    0.45%, 2   50.50%, 3   49.05%


