读取源域路径：/kaggle/working/k10/S03/weight_PU_M1_final_checkpoint_FS03toS03c_s2024/NEW_PU/Source-源域/log&pt/(B1)N15_M01_F10
excel输出位置：/kaggle/working/k10/S03/weight_PU_M1_final_checkpoint_FS03toS03c_s2024/NEW_PU/Target-目标域
特征图片输出位置：/kaggle/working/k10/S03/weight_PU_M1_final_checkpoint_FS03toS03c_s2024/NEW_PU/Picture-特征图/2026年09月16日19时22分/(B1)N15_M01_F10
现在选取:(B1)N15_M01_F10 进行训练的源模型
现在进行：(B1)N15_M01_F10→(B2)N15_M07_F10 的迁移任务
log&pt输出位置：/kaggle/working/k10/S03/weight_PU_M1_final_checkpoint_FS03toS03c_s2024/NEW_PU/Target-目标域/log&pt/(B1)N15_M01_F10→(B2)N15_M07_F10
任务: (B1)N15_M01_F10→(B2)N15_M07_F10; 批次:····0/·1880;  总正确率: 63.87%
类型1 正确率：  99.00% -> 1   98.70%, 2    1.30%, 3    0.00%
类型2 正确率：  93.00% -> 1    0.40%, 2   92.90%, 3    6.70%
类型3 正确率：   0.00% -> 1    0.05%, 2   99.95%, 3    0.00%


样本变换：reverse
样本变换：mask
样本变换：shift
样本变换：none
未过滤	未用伪标签：63.87% -> 使用伪标签：56.78%
已过滤	未用伪标签：64.22% -> 使用伪标签：57.61%
排除样本：86|6000	剩余：2102, 2992, 820
增添样本：3062		细则：890, 0, 2172	正确率估算：57.60%
类型1 正确率： 100.00% -> 1  100.00%, 2    0.00%, 3    0.00%
类型2 正确率：  62.00% -> 1    4.89%, 2   62.49%, 3   32.62%
类型3 正确率：   9.00% -> 1    0.31%, 2   90.51%, 3    9.18%

被排除样本 正确率：39.53%
类型1 正确率：  97.00% -> 1   97.14%, 2    2.86%
类型2 正确率：   0.00% -> 1  100.00%, 2    0.00%


轮次:··1/·20 || c_Loss:0.551 || e_Loss:-0.933 || Aad_Loss:-23.006 || 耗时：36.83s
轮次:··2/·20 || c_Loss:0.441 || e_Loss:-1.660 || Aad_Loss:-28.927 || 耗时：13.54s
轮次:··3/·20 || c_Loss:0.416 || e_Loss:-0.852 || Aad_Loss:-28.847 || 耗时：13.25s
轮次:··4/·20 || c_Loss:0.394 || e_Loss:-1.507 || Aad_Loss:-30.092 || 耗时：13.08s
轮次:··5/·20 || c_Loss:0.434 || e_Loss:-1.595 || Aad_Loss:-31.032 || 耗时：13.31s
任务: (B1)N15_M01_F10→(B2)N15_M07_F10; mix批次:····0; 批次:··470/·1880;  总正确率: 56.12%
类型1 正确率： 100.00% -> 1  100.00%, 2    0.00%, 3    0.00%
类型2 正确率：  64.00% -> 1    2.70%, 2   64.40%, 3   32.90%
类型3 正确率：   4.00% -> 1    0.00%, 2   96.05%, 3    3.95%


样本变换：reverse
样本变换：mask
样本变换：shift
样本变换：none
未过滤	未用伪标签：56.12% -> 使用伪标签：55.02%
已过滤	未用伪标签：56.06% -> 使用伪标签：55.23%
排除样本：23|6000	剩余：2057, 3228, 692
增添样本：3707		细则：1171, 0, 2536	正确率估算：99.62%
类型1 正确率： 100.00% -> 1  100.00%, 2    0.00%, 3    0.00%
类型2 正确率：  64.00% -> 1    2.88%, 2   63.93%, 3   33.20%
类型3 正确率：   2.00% -> 1    0.00%, 2   98.30%, 3    1.70%

被排除样本 正确率：69.57%
类型1 没有样本或未被分类。
类型2 正确率：  67.00% -> 1   33.33%, 2   66.67%, 3    0.00%
类型3 正确率：  80.00% -> 1    0.00%, 2   20.00%, 3   80.00%


轮次:··6/·20 || c_Loss:0.396 || e_Loss:-1.783 || Aad_Loss:-36.047 || 耗时：35.60s
轮次:··7/·20 || c_Loss:0.376 || e_Loss:-0.947 || Aad_Loss:-32.074 || 耗时：13.36s
轮次:··8/·20 || c_Loss:0.389 || e_Loss:-0.884 || Aad_Loss:-34.860 || 耗时：13.31s
轮次:··9/·20 || c_Loss:0.417 || e_Loss:-0.901 || Aad_Loss:-30.662 || 耗时：13.33s
轮次:·10/·20 || c_Loss:0.444 || e_Loss:-0.884 || Aad_Loss:-29.863 || 耗时：13.35s
任务: (B1)N15_M01_F10→(B2)N15_M07_F10; mix批次:····0; 批次:··940/·1880;  总正确率: 54.92%
类型1 正确率： 100.00% -> 1  100.00%, 2    0.00%, 3    0.00%
类型2 正确率：  65.00% -> 1    2.45%, 2   64.70%, 3   32.85%
类型3 正确率：   0.00% -> 1    0.00%, 2   99.95%, 3    0.05%


样本变换：reverse
样本变换：mask
样本变换：shift
样本变换：none
未过滤	未用伪标签：54.92% -> 使用伪标签：54.65%
已过滤	未用伪标签：54.86% -> 使用伪标签：54.74%
排除样本：10|6000	剩余：2056, 3279, 655
增添样本：3847		细则：1223, 0, 2624	正确率估算：99.41%
类型1 正确率： 100.00% -> 1  100.00%, 2    0.00%, 3    0.00%
类型2 正确率：  64.00% -> 1    2.81%, 2   64.27%, 3   32.91%
类型3 正确率：   0.00% -> 1    0.00%, 2  100.00%, 3    0.00%

被排除样本 正确率：90.00%
类型1 没有样本或未被分类。
类型2 正确率：  90.00% -> 1   10.00%, 2   90.00%


轮次:·11/·20 || c_Loss:0.397 || e_Loss:-0.899 || Aad_Loss:-34.106 || 耗时：35.22s
轮次:·12/·20 || c_Loss:0.425 || e_Loss:-1.708 || Aad_Loss:-30.694 || 耗时：13.24s
轮次:·13/·20 || c_Loss:0.395 || e_Loss:-0.890 || Aad_Loss:-32.352 || 耗时：13.23s
轮次:·14/·20 || c_Loss:0.391 || e_Loss:-0.951 || Aad_Loss:-31.031 || 耗时：13.22s
轮次:·15/·20 || c_Loss:0.393 || e_Loss:-0.956 || Aad_Loss:-33.749 || 耗时：13.34s
任务: (B1)N15_M01_F10→(B2)N15_M07_F10; mix批次:····0; 批次:·1410/·1880;  总正确率: 54.75%
类型1 正确率： 100.00% -> 1  100.00%, 2    0.00%, 3    0.00%
类型2 正确率：  64.00% -> 1    2.90%, 2   64.25%, 3   32.85%
类型3 正确率：   0.00% -> 1    0.00%, 2  100.00%, 3    0.00%


样本变换：reverse
样本变换：mask
样本变换：shift
样本变换：none
未过滤	未用伪标签：54.75% -> 使用伪标签：54.57%
已过滤	未用伪标签：54.71% -> 使用伪标签：54.64%
排除样本：8|6000	剩余：2063, 3274, 655
增添样本：3830		细则：1211, 0, 2619	正确率估算：99.62%
类型1 正确率： 100.00% -> 1  100.00%, 2    0.00%, 3    0.00%
类型2 正确率：  64.00% -> 1    3.16%, 2   63.96%, 3   32.88%
类型3 正确率：   0.00% -> 1    0.00%, 2  100.00%, 3    0.00%

被排除样本 正确率：87.50%
类型1 没有样本或未被分类。
类型2 正确率：  88.00% -> 1   12.50%, 2   87.50%


轮次:·16/·20 || c_Loss:0.456 || e_Loss:-0.831 || Aad_Loss:-33.679 || 耗时：35.24s
轮次:·17/·20 || c_Loss:0.391 || e_Loss:-0.815 || Aad_Loss:-37.076 || 耗时：13.35s
轮次:·18/·20 || c_Loss:0.418 || e_Loss:-0.792 || Aad_Loss:-41.429 || 耗时：13.33s
轮次:·19/·20 || c_Loss:0.438 || e_Loss:-1.693 || Aad_Loss:-39.905 || 耗时：13.36s
轮次:·20/·20 || c_Loss:0.391 || e_Loss:-0.920 || Aad_Loss:-35.396 || 耗时：13.38s
任务: (B1)N15_M01_F10→(B2)N15_M07_F10; mix批次:····0; 批次:·1880/·1880;  总正确率: 54.67%
类型1 正确率： 100.00% -> 1  100.00%, 2    0.00%, 3    0.00%
类型2 正确率：  64.00% -> 1    3.15%, 2   64.00%, 3   32.85%
类型3 正确率：   0.00% -> 1    0.00%, 2  100.00%, 3    0.00%


测试集任务: (B1)N15_M01_F10→(B2)N15_M07_F10; 总正确率 = 54.67%
类型1 正确率： 100.00% -> 1  100.00%, 2    0.00%, 3    0.00%
类型2 正确率：  64.00% -> 1    3.15%, 2   64.00%, 3   32.85%
类型3 正确率：   0.00% -> 1    0.00%, 2  100.00%, 3    0.00%


