读取源域路径：/kaggle/working/m2rep/reps0/weight_PU_M1_final_checkpoint_FAtoB_gatev2_s0/NEW_PU/Source-源域/log&pt/(B3)N15_M07_F04
excel输出位置：/kaggle/working/m2rep/reps0/weight_PU_M1_final_checkpoint_FAtoB_gatev2_s0/NEW_PU/Target-目标域
特征图片输出位置：/kaggle/working/m2rep/reps0/weight_PU_M1_final_checkpoint_FAtoB_gatev2_s0/NEW_PU/Picture-特征图/2026年09月14日20时58分/(B3)N15_M07_F04
现在选取:(B3)N15_M07_F04 进行训练的源模型
现在进行：(B3)N15_M07_F04→(B2)N15_M07_F10 的迁移任务
log&pt输出位置：/kaggle/working/m2rep/reps0/weight_PU_M1_final_checkpoint_FAtoB_gatev2_s0/NEW_PU/Target-目标域/log&pt/(B3)N15_M07_F04→(B2)N15_M07_F10
任务: (B3)N15_M07_F04→(B2)N15_M07_F10; 批次:····0/·1880;  总正确率: 39.27%
类型1 正确率：  38.00% -> 1   37.70%, 2   60.95%, 3    1.35%
类型2 正确率：  26.00% -> 1    0.00%, 2   26.25%, 3   73.75%
类型3 正确率：  54.00% -> 1    0.05%, 2   46.10%, 3   53.85%


样本变换：reverse
样本变换：mask
样本变换：shift
样本变换：none
未过滤	未用伪标签：39.27% -> 使用伪标签：34.22%
已过滤	未用伪标签：38.54% -> 使用伪标签：34.99%
排除样本：133|6000	剩余：678, 2582, 2607
增添样本：2336		细则：1905, 0, 431	正确率估算：95.49%
类型1 正确率：  33.00% -> 1   33.22%, 2   66.73%, 3    0.05%
类型2 正确率：  18.00% -> 1    0.05%, 2   18.48%, 3   81.46%
类型3 正确率：  53.00% -> 1    0.87%, 2   46.06%, 3   53.07%

被排除样本 正确率：71.43%
类型1 正确率：  46.00% -> 1   46.15%, 2   23.08%, 3   30.77%
类型2 正确率：  93.00% -> 1    0.00%, 2   93.24%, 3    6.76%
类型3 正确率：  43.00% -> 1    0.00%, 2   56.52%, 3   43.48%


轮次:··1/·20 || c_Loss:0.526 || e_Loss:-1.587 || Aad_Loss:-23.852 || 耗时：33.62s
轮次:··2/·20 || c_Loss:0.359 || e_Loss:-1.709 || Aad_Loss:-27.446 || 耗时：12.79s
轮次:··3/·20 || c_Loss:0.383 || e_Loss:-1.666 || Aad_Loss:-24.863 || 耗时：12.70s
轮次:··4/·20 || c_Loss:0.396 || e_Loss:-1.784 || Aad_Loss:-27.120 || 耗时：12.68s
轮次:··5/·20 || c_Loss:0.424 || e_Loss:-1.591 || Aad_Loss:-29.399 || 耗时：12.64s
任务: (B3)N15_M07_F04→(B2)N15_M07_F10; mix批次:····0; 批次:··470/·1880;  总正确率: 39.85%
类型1 正确率：  33.00% -> 1   33.00%, 2   67.00%, 3    0.00%
类型2 正确率：  37.00% -> 1    0.50%, 2   36.55%, 3   62.95%
类型3 正确率：  50.00% -> 1    0.00%, 2   50.00%, 3   50.00%


样本变换：reverse
样本变换：mask
样本变换：shift
样本变换：none
未过滤	未用伪标签：39.85% -> 使用伪标签：39.77%
已过滤	未用伪标签：39.77% -> 使用伪标签：40.04%
排除样本：41|6000	剩余：661, 3066, 2232
增添样本：3262		细则：2406, 0, 856	正确率估算：99.93%
类型1 正确率：  33.00% -> 1   33.00%, 2   67.00%, 3    0.00%
类型2 正确率：  37.00% -> 1    0.05%, 2   37.06%, 3   62.89%
类型3 正确率：  50.00% -> 1    0.00%, 2   50.00%, 3   50.00%

被排除样本 正确率：51.22%
类型1 正确率：  51.00% -> 1   51.22%, 2   48.78%
类型2 没有样本或未被分类。


轮次:··6/·20 || c_Loss:0.397 || e_Loss:-0.794 || Aad_Loss:-29.965 || 耗时：33.71s
轮次:··7/·20 || c_Loss:0.362 || e_Loss:-0.827 || Aad_Loss:-34.164 || 耗时：12.78s
轮次:··8/·20 || c_Loss:0.357 || e_Loss:-1.862 || Aad_Loss:-33.371 || 耗时：12.81s
轮次:··9/·20 || c_Loss:0.356 || e_Loss:-1.558 || Aad_Loss:-34.356 || 耗时：12.80s
轮次:·10/·20 || c_Loss:0.347 || e_Loss:-0.896 || Aad_Loss:-33.499 || 耗时：12.86s
任务: (B3)N15_M07_F04→(B2)N15_M07_F10; mix批次:····0; 批次:··940/·1880;  总正确率: 39.30%
类型1 正确率：  33.00% -> 1   33.00%, 2   67.00%, 3    0.00%
类型2 正确率：  35.00% -> 1    0.00%, 2   34.90%, 3   65.10%
类型3 正确率：  50.00% -> 1    0.00%, 2   50.00%, 3   50.00%


样本变换：reverse
样本变换：mask
样本变换：shift
样本变换：none
未过滤	未用伪标签：39.30% -> 使用伪标签：38.97%
已过滤	未用伪标签：39.25% -> 使用伪标签：39.01%
排除样本：7|6000	剩余：660, 3018, 2315
增添样本：3061		细则：2358, 0, 703	正确率估算：99.85%
类型1 正确率：  33.00% -> 1   33.00%, 2   67.00%, 3    0.00%
类型2 正确率：  34.00% -> 1    0.00%, 2   34.02%, 3   65.98%
类型3 正确率：  50.00% -> 1    0.00%, 2   50.00%, 3   50.00%

被排除样本 正确率：85.71%
类型1 正确率：  86.00% -> 1   85.71%, 2   14.29%
类型2 没有样本或未被分类。


轮次:·11/·20 || c_Loss:0.362 || e_Loss:-0.909 || Aad_Loss:-34.227 || 耗时：34.00s
轮次:·12/·20 || c_Loss:0.378 || e_Loss:-0.841 || Aad_Loss:-35.936 || 耗时：12.71s
轮次:·13/·20 || c_Loss:0.377 || e_Loss:-0.887 || Aad_Loss:-35.740 || 耗时：12.68s
轮次:·14/·20 || c_Loss:0.372 || e_Loss:-0.972 || Aad_Loss:-32.889 || 耗时：12.68s
轮次:·15/·20 || c_Loss:0.374 || e_Loss:-0.917 || Aad_Loss:-35.324 || 耗时：12.66s
任务: (B3)N15_M07_F04→(B2)N15_M07_F10; mix批次:····0; 批次:·1410/·1880;  总正确率: 38.72%
类型1 正确率：  33.00% -> 1   33.00%, 2   67.00%, 3    0.00%
类型2 正确率：  33.00% -> 1    0.00%, 2   33.15%, 3   66.85%
类型3 正确率：  50.00% -> 1    0.00%, 2   50.00%, 3   50.00%


样本变换：reverse
样本变换：mask
样本变换：shift
样本变换：none
未过滤	未用伪标签：38.72% -> 使用伪标签：38.68%
已过滤	未用伪标签：38.72% -> 使用伪标签：38.68%
排除样本：660|6000	剩余：3001, 2339
增添样本：3003		细则：2341, 0, 662	正确率估算：100.00%
类型1 正确率：  33.00% -> 1   33.00%, 2   67.00%, 3    0.00%
类型2 正确率：  33.00% -> 1    0.00%, 2   33.05%, 3   66.95%
类型3 正确率：  50.00% -> 1    0.00%, 2   50.00%, 3   50.00%

被排除样本 正确率：nan%


轮次:·16/·20 || c_Loss:0.404 || e_Loss:-0.882 || Aad_Loss:-34.473 || 耗时：33.58s
轮次:·17/·20 || c_Loss:0.384 || e_Loss:-0.952 || Aad_Loss:-34.378 || 耗时：12.73s
轮次:·18/·20 || c_Loss:0.392 || e_Loss:-0.948 || Aad_Loss:-33.753 || 耗时：12.72s
轮次:·19/·20 || c_Loss:0.383 || e_Loss:-0.939 || Aad_Loss:-34.862 || 耗时：12.72s
轮次:·20/·20 || c_Loss:0.388 || e_Loss:-0.934 || Aad_Loss:-34.381 || 耗时：12.70s
任务: (B3)N15_M07_F04→(B2)N15_M07_F10; mix批次:····0; 批次:·1880/·1880;  总正确率: 38.68%
类型1 正确率：  33.00% -> 1   33.00%, 2   67.00%, 3    0.00%
类型2 正确率：  33.00% -> 1    0.00%, 2   33.05%, 3   66.95%
类型3 正确率：  50.00% -> 1    0.00%, 2   50.00%, 3   50.00%


测试集任务: (B3)N15_M07_F04→(B2)N15_M07_F10; 总正确率 = 38.68%
类型1 正确率：  33.00% -> 1   33.00%, 2   67.00%, 3    0.00%
类型2 正确率：  33.00% -> 1    0.00%, 2   33.05%, 3   66.95%
类型3 正确率：  50.00% -> 1    0.00%, 2   50.00%, 3   50.00%


