读取源域路径：/kaggle/working/m2rep/reps0/weight_PU_M1_final_checkpoint_FAtoB_gatev2_s0/NEW_PU/Source-源域/log&pt/(B3)N15_M07_F04
excel输出位置：/kaggle/working/m2rep/reps0/weight_PU_M1_final_checkpoint_FAtoB_gatev2_s0/NEW_PU/Target-目标域
特征图片输出位置：/kaggle/working/m2rep/reps0/weight_PU_M1_final_checkpoint_FAtoB_gatev2_s0/NEW_PU/Picture-特征图/2026年09月14日20时52分/(B3)N15_M07_F04
现在选取:(B3)N15_M07_F04 进行训练的源模型
现在进行：(B3)N15_M07_F04→(B1)N15_M01_F10 的迁移任务
log&pt输出位置：/kaggle/working/m2rep/reps0/weight_PU_M1_final_checkpoint_FAtoB_gatev2_s0/NEW_PU/Target-目标域/log&pt/(B3)N15_M07_F04→(B1)N15_M01_F10
任务: (B3)N15_M07_F04→(B1)N15_M01_F10; 批次:····0/·1880;  总正确率: 38.57%
类型1 正确率：  41.00% -> 1   41.10%, 2   57.85%, 3    1.05%
类型2 正确率：  23.00% -> 1    0.00%, 2   23.00%, 3   77.00%
类型3 正确率：  52.00% -> 1    0.00%, 2   48.40%, 3   51.60%


样本变换：reverse
样本变换：mask
样本变换：shift
样本变换：none
未过滤	未用伪标签：38.57% -> 使用伪标签：32.47%
已过滤	未用伪标签：37.86% -> 使用伪标签：33.04%
排除样本：104|6000	剩余：666, 2551, 2679
增添样本：2288		细则：1888, 0, 400	正确率估算：96.71%
类型1 正确率：  33.00% -> 1   33.05%, 2   66.85%, 3    0.10%
类型2 正确率：  14.00% -> 1    0.16%, 2   13.79%, 3   86.06%
类型3 正确率：  52.00% -> 1    0.15%, 2   48.10%, 3   51.75%

被排除样本 正确率：78.85%
类型1 正确率： 100.00% -> 1  100.00%, 2    0.00%, 3    0.00%
类型2 正确率：  88.00% -> 1    0.00%, 2   88.46%, 3   11.54%
类型3 正确率：  43.00% -> 1    0.00%, 2   56.52%, 3   43.48%


轮次:··1/·20 || c_Loss:0.456 || e_Loss:-1.570 || Aad_Loss:-27.780 || 耗时：33.59s
轮次:··2/·20 || c_Loss:0.387 || e_Loss:-1.562 || Aad_Loss:-33.767 || 耗时：12.84s
轮次:··3/·20 || c_Loss:0.366 || e_Loss:-1.696 || Aad_Loss:-26.433 || 耗时：12.79s
轮次:··4/·20 || c_Loss:0.380 || e_Loss:-1.567 || Aad_Loss:-26.090 || 耗时：12.74s
轮次:··5/·20 || c_Loss:0.367 || e_Loss:-1.687 || Aad_Loss:-28.625 || 耗时：12.67s
任务: (B3)N15_M07_F04→(B1)N15_M01_F10; mix批次:····0; 批次:··470/·1880;  总正确率: 37.25%
类型1 正确率：  33.00% -> 1   33.00%, 2   67.00%, 3    0.00%
类型2 正确率：  29.00% -> 1    3.10%, 2   28.75%, 3   68.15%
类型3 正确率：  50.00% -> 1    0.00%, 2   50.00%, 3   50.00%


样本变换：reverse
样本变换：mask
样本变换：shift
样本变换：none
未过滤	未用伪标签：37.25% -> 使用伪标签：37.28%
已过滤	未用伪标签：37.32% -> 使用伪标签：37.55%
排除样本：43|6000	剩余：667, 2917, 2373
增添样本：2858		细则：2257, 0, 601	正确率估算：99.84%
类型1 正确率：  33.00% -> 1   33.00%, 2   67.00%, 3    0.00%
类型2 正确率：  29.00% -> 1    0.36%, 2   29.48%, 3   70.16%
类型3 正确率：  50.00% -> 1    0.00%, 2   50.00%, 3   50.00%

被排除样本 正确率：27.91%
类型1 没有样本或未被分类。
类型2 正确率：  28.00% -> 1   34.88%, 2   27.91%, 3   37.21%
类型3 没有样本或未被分类。


轮次:··6/·20 || c_Loss:0.352 || e_Loss:-1.764 || Aad_Loss:-33.073 || 耗时：33.45s
轮次:··7/·20 || c_Loss:0.337 || e_Loss:-0.907 || Aad_Loss:-32.453 || 耗时：12.66s
轮次:··8/·20 || c_Loss:0.386 || e_Loss:-1.725 || Aad_Loss:-34.973 || 耗时：12.74s
轮次:··9/·20 || c_Loss:0.352 || e_Loss:-1.531 || Aad_Loss:-34.107 || 耗时：12.69s
轮次:·10/·20 || c_Loss:0.389 || e_Loss:-0.803 || Aad_Loss:-33.380 || 耗时：12.70s
任务: (B3)N15_M07_F04→(B1)N15_M01_F10; mix批次:····0; 批次:··940/·1880;  总正确率: 38.67%
类型1 正确率：  33.00% -> 1   33.00%, 2   67.00%, 3    0.00%
类型2 正确率：  33.00% -> 1    0.00%, 2   33.00%, 3   67.00%
类型3 正确率：  50.00% -> 1    0.00%, 2   50.00%, 3   50.00%


样本变换：reverse
样本变换：mask
样本变换：shift
样本变换：none
未过滤	未用伪标签：38.67% -> 使用伪标签：38.67%
已过滤	未用伪标签：38.67% -> 使用伪标签：38.67%
排除样本：660|6000	剩余：3000, 2340
增添样本：3000		细则：2340, 0, 660	正确率估算：100.00%
类型1 正确率：  33.00% -> 1   33.00%, 2   67.00%, 3    0.00%
类型2 正确率：  33.00% -> 1    0.00%, 2   33.00%, 3   67.00%
类型3 正确率：  50.00% -> 1    0.00%, 2   50.00%, 3   50.00%

被排除样本 正确率：nan%


轮次:·11/·20 || c_Loss:0.358 || e_Loss:-0.867 || Aad_Loss:-35.692 || 耗时：33.47s
轮次:·12/·20 || c_Loss:0.369 || e_Loss:-0.931 || Aad_Loss:-34.690 || 耗时：12.62s
轮次:·13/·20 || c_Loss:0.375 || e_Loss:-0.883 || Aad_Loss:-37.149 || 耗时：12.64s
轮次:·14/·20 || c_Loss:0.380 || e_Loss:-0.991 || Aad_Loss:-31.682 || 耗时：12.62s
轮次:·15/·20 || c_Loss:0.386 || e_Loss:-0.995 || Aad_Loss:-31.815 || 耗时：12.63s
任务: (B3)N15_M07_F04→(B1)N15_M01_F10; mix批次:····0; 批次:·1410/·1880;  总正确率: 38.67%
类型1 正确率：  33.00% -> 1   33.00%, 2   67.00%, 3    0.00%
类型2 正确率：  33.00% -> 1    0.00%, 2   33.00%, 3   67.00%
类型3 正确率：  50.00% -> 1    0.00%, 2   50.00%, 3   50.00%


样本变换：reverse
样本变换：mask
样本变换：shift
样本变换：none
未过滤	未用伪标签：38.67% -> 使用伪标签：38.67%
已过滤	未用伪标签：38.67% -> 使用伪标签：38.67%
排除样本：660|6000	剩余：3000, 2340
增添样本：3000		细则：2340, 0, 660	正确率估算：100.00%
类型1 正确率：  33.00% -> 1   33.00%, 2   67.00%, 3    0.00%
类型2 正确率：  33.00% -> 1    0.00%, 2   33.00%, 3   67.00%
类型3 正确率：  50.00% -> 1    0.00%, 2   50.00%, 3   50.00%

被排除样本 正确率：nan%


轮次:·16/·20 || c_Loss:0.383 || e_Loss:-0.899 || Aad_Loss:-36.116 || 耗时：33.46s
轮次:·17/·20 || c_Loss:0.381 || e_Loss:-0.948 || Aad_Loss:-35.010 || 耗时：12.66s
轮次:·18/·20 || c_Loss:0.380 || e_Loss:-0.891 || Aad_Loss:-37.450 || 耗时：12.66s
轮次:·19/·20 || c_Loss:0.383 || e_Loss:-0.999 || Aad_Loss:-31.927 || 耗时：12.66s
轮次:·20/·20 || c_Loss:0.386 || e_Loss:-1.000 || Aad_Loss:-31.963 || 耗时：12.66s
任务: (B3)N15_M07_F04→(B1)N15_M01_F10; mix批次:····0; 批次:·1880/·1880;  总正确率: 38.67%
类型1 正确率：  33.00% -> 1   33.00%, 2   67.00%, 3    0.00%
类型2 正确率：  33.00% -> 1    0.00%, 2   33.00%, 3   67.00%
类型3 正确率：  50.00% -> 1    0.00%, 2   50.00%, 3   50.00%


测试集任务: (B3)N15_M07_F04→(B1)N15_M01_F10; 总正确率 = 38.67%
类型1 正确率：  33.00% -> 1   33.00%, 2   67.00%, 3    0.00%
类型2 正确率：  33.00% -> 1    0.00%, 2   33.00%, 3   67.00%
类型3 正确率：  50.00% -> 1    0.00%, 2   50.00%, 3   50.00%


