读取源域路径：/kaggle/working/shot_k10/S06/weight_PU_M1_shot_FS06toS06_s2024/NEW_PU/Source-源域/log&pt/(B3)N15_M07_F04
excel输出位置：/kaggle/working/shot_k10/S06/weight_PU_M1_shot_FS06toS06_s2024/NEW_PU/Target-目标域
特征图片输出位置：/kaggle/working/shot_k10/S06/weight_PU_M1_shot_FS06toS06_s2024/NEW_PU/Picture-特征图/2026年09月22日04时34分/(B3)N15_M07_F04
现在选取:(B3)N15_M07_F04 进行训练的源模型
现在进行：(B3)N15_M07_F04→(B1)N15_M01_F10 的迁移任务
log&pt输出位置：/kaggle/working/shot_k10/S06/weight_PU_M1_shot_FS06toS06_s2024/NEW_PU/Target-目标域/log&pt/(B3)N15_M07_F04→(B1)N15_M01_F10
任务: (B3)N15_M07_F04→(B1)N15_M01_F10; 批次:····0/·1880;  总正确率: 73.87%
类型1 正确率： 100.00% -> 1   99.65%, 2    0.00%, 3    0.35%
类型2 正确率：  57.00% -> 1    0.00%, 2   56.60%, 3   43.40%
类型3 正确率：  65.00% -> 1    0.00%, 2   34.65%, 3   65.35%


SHOT pseudo-labels: model 73.87% -> centroid 73.23%
轮次:··1/·20 || cls:1.318 || im:-0.864 || 耗时：21.63s
SHOT pseudo-labels: model 86.93% -> centroid 89.07%
轮次:··2/·20 || cls:1.112 || im:-0.760 || 耗时：15.99s
SHOT pseudo-labels: model 85.88% -> centroid 80.45%
轮次:··3/·20 || cls:0.813 || im:-0.749 || 耗时：15.78s
SHOT pseudo-labels: model 84.32% -> centroid 75.27%
轮次:··4/·20 || cls:0.628 || im:-0.644 || 耗时：15.67s
SHOT pseudo-labels: model 83.13% -> centroid 74.60%
轮次:··5/·20 || cls:0.678 || im:-0.772 || 耗时：15.66s
SHOT pseudo-labels: model 83.03% -> centroid 72.33%
轮次:··6/·20 || cls:0.782 || im:-0.728 || 耗时：15.73s
SHOT pseudo-labels: model 83.87% -> centroid 73.55%
轮次:··7/·20 || cls:0.761 || im:-0.661 || 耗时：15.80s
SHOT pseudo-labels: model 82.87% -> centroid 73.75%
轮次:··8/·20 || cls:0.874 || im:-0.674 || 耗时：15.79s
SHOT pseudo-labels: model 84.02% -> centroid 72.63%
轮次:··9/·20 || cls:0.684 || im:-0.663 || 耗时：15.76s
SHOT pseudo-labels: model 83.55% -> centroid 72.03%
轮次:·10/·20 || cls:0.599 || im:-0.699 || 耗时：15.73s
SHOT pseudo-labels: model 84.32% -> centroid 71.57%
轮次:·11/·20 || cls:0.543 || im:-0.647 || 耗时：15.66s
SHOT pseudo-labels: model 84.13% -> centroid 71.60%
轮次:·12/·20 || cls:0.832 || im:-0.694 || 耗时：15.69s
SHOT pseudo-labels: model 83.43% -> centroid 71.47%
轮次:·13/·20 || cls:0.707 || im:-0.684 || 耗时：15.70s
SHOT pseudo-labels: model 84.73% -> centroid 70.50%
轮次:·14/·20 || cls:0.868 || im:-0.671 || 耗时：15.72s
SHOT pseudo-labels: model 83.80% -> centroid 70.15%
轮次:·15/·20 || cls:0.715 || im:-0.671 || 耗时：15.73s
SHOT pseudo-labels: model 84.85% -> centroid 69.95%
轮次:·16/·20 || cls:0.620 || im:-0.674 || 耗时：15.76s
SHOT pseudo-labels: model 85.42% -> centroid 70.48%
轮次:·17/·20 || cls:0.806 || im:-0.674 || 耗时：15.77s
SHOT pseudo-labels: model 84.78% -> centroid 70.55%
轮次:·18/·20 || cls:0.611 || im:-0.644 || 耗时：15.77s
SHOT pseudo-labels: model 85.02% -> centroid 70.30%
轮次:·19/·20 || cls:0.677 || im:-0.685 || 耗时：15.79s
SHOT pseudo-labels: model 85.07% -> centroid 70.17%
轮次:·20/·20 || cls:0.527 || im:-0.673 || 耗时：15.77s
测试集任务: (B3)N15_M07_F04→(B1)N15_M01_F10; 总正确率 = 84.92%
类型1 正确率： 100.00% -> 1   99.75%, 2    0.10%, 3    0.15%
类型2 正确率：  76.00% -> 1    0.00%, 2   76.10%, 3   23.90%
类型3 正确率：  79.00% -> 1    0.05%, 2   21.05%, 3   78.90%


