

现在开始拿源域训练集：(B1)N15_M01_F10 进行训练
源域读取路径：/kaggle/working/shot_k10/S06/sdalr_PU_shot/DATA_foldS06/PU_M1_L3/N15_M01_F10_label.txt
excel输出位置：/kaggle/working/shot_k10/S06/weight_src_PU_M1_FS06_s2024/NEW_PU/Source-源域
log&pt输出位置：/kaggle/working/shot_k10/S06/weight_src_PU_M1_FS06_s2024/NEW_PU/Source-源域/log&pt/(B1)N15_M01_F10
特征图片输出位置：/kaggle/working/shot_k10/S06/weight_src_PU_M1_FS06_s2024/NEW_PU/Picture-特征图/2026年09月22日04时07分/(B1)N15_M01_F10
源域训练开始
轮次:··1/·10 || loss:0.177 || 耗时：9.06s
轮次:··2/·10 || loss:0.032 || 耗时：7.95s
轮次:··3/·10 || loss:0.039 || 耗时：8.14s
轮次:··4/·10 || loss:0.028 || 耗时：8.31s
轮次:··5/·10 || loss:0.070 || 耗时：8.49s
任务: (B1)N15_M01_F10; mix批次:····0; 批次:··330/··660; 总正确率 = 96.47%
类型1 正确率： 100.00% -> 1  100.00%, 2    0.00%, 3    0.00%
类型2 正确率：  90.00% -> 1    0.00%, 2   89.89%, 3   10.11%
类型3 正确率： 100.00% -> 1    0.00%, 2    0.48%, 3   99.52%


轮次:··6/·10 || loss:0.026 || 耗时：8.70s
轮次:··7/·10 || loss:0.083 || 耗时：8.90s
轮次:··8/·10 || loss:0.007 || 耗时：9.11s
轮次:··9/·10 || loss:0.005 || 耗时：9.00s
轮次:·10/·10 || loss:0.003 || 耗时：8.77s
任务: (B1)N15_M01_F10; mix批次:····0; 批次:··660/··660; 总正确率 = 96.99%
类型1 正确率： 100.00% -> 1  100.00%, 2    0.00%, 3    0.00%
类型2 正确率：  91.00% -> 1    0.00%, 2   90.96%, 3    9.04%
类型3 正确率： 100.00% -> 1    0.00%, 2    0.00%, 3  100.00%


测试集任务: (B1)N15_M01_F10; 总正确率 = 96.95%
类型1 正确率： 100.00% -> 1  100.00%, 2    0.00%, 3    0.00%
类型2 正确率：  91.00% -> 1    0.00%, 2   91.35%, 3    8.65%
类型3 正确率： 100.00% -> 1    0.00%, 2    0.48%, 3   99.52%


源域训练结束

训练好之后，测试目标域
目标域路径：/kaggle/working/shot_k10/S06/sdalr_PU_shot/DATA_foldS06/PU_M1_L3/N15_M07_F10_label.txt
测试目标数据集结果如下：
任务: (B1)N15_M01_F10→(B2)N15_M07_F10, 正确率 = 99.58%
类型1 正确率： 100.00% -> 1  100.00%, 2    0.00%, 3    0.00%
类型2 正确率：  99.00% -> 1    0.00%, 2   98.97%, 3    1.03%
类型3 正确率： 100.00% -> 1    0.00%, 2    0.24%, 3   99.76%

目标域路径：/kaggle/working/shot_k10/S06/sdalr_PU_shot/DATA_foldS06/PU_M1_L3/N15_M07_F04_label.txt
测试目标数据集结果如下：
任务: (B1)N15_M01_F10→(B3)N15_M07_F04, 正确率 = 85.80%
类型1 正确率： 100.00% -> 1  100.00%, 2    0.00%, 3    0.00%
类型2 正确率：  79.00% -> 1    0.00%, 2   79.06%, 3   20.94%
类型3 正确率：  78.00% -> 1    1.31%, 2   20.37%, 3   78.33%



现在开始拿源域训练集：(B2)N15_M07_F10 进行训练
源域读取路径：/kaggle/working/shot_k10/S06/sdalr_PU_shot/DATA_foldS06/PU_M1_L3/N15_M07_F10_label.txt
excel输出位置：/kaggle/working/shot_k10/S06/weight_src_PU_M1_FS06_s2024/NEW_PU/Source-源域
log&pt输出位置：/kaggle/working/shot_k10/S06/weight_src_PU_M1_FS06_s2024/NEW_PU/Source-源域/log&pt/(B2)N15_M07_F10
特征图片输出位置：/kaggle/working/shot_k10/S06/weight_src_PU_M1_FS06_s2024/NEW_PU/Picture-特征图/2026年09月22日04时07分/(B2)N15_M07_F10
源域训练开始
轮次:··1/·10 || loss:0.046 || 耗时：8.64s
轮次:··2/·10 || loss:0.017 || 耗时：8.57s
轮次:··3/·10 || loss:0.020 || 耗时：8.60s
轮次:··4/·10 || loss:0.003 || 耗时：8.67s
轮次:··5/·10 || loss:0.008 || 耗时：8.73s
任务: (B2)N15_M07_F10; mix批次:····0; 批次:··330/··660; 总正确率 = 98.54%
类型1 正确率： 100.00% -> 1  100.00%, 2    0.00%, 3    0.00%
类型2 正确率： 100.00% -> 1    0.00%, 2  100.00%, 3    0.00%
类型3 正确率：  96.00% -> 1    0.00%, 2    4.37%, 3   95.63%


轮次:··6/·10 || loss:0.002 || 耗时：8.78s
轮次:··7/·10 || loss:0.002 || 耗时：8.78s
轮次:··8/·10 || loss:0.001 || 耗时：8.75s
轮次:··9/·10 || loss:0.004 || 耗时：8.72s
轮次:·10/·10 || loss:0.000 || 耗时：8.67s
任务: (B2)N15_M07_F10; mix批次:····0; 批次:··660/··660; 总正确率 = 99.84%
类型1 正确率： 100.00% -> 1  100.00%, 2    0.00%, 3    0.00%
类型2 正确率： 100.00% -> 1    0.00%, 2  100.00%, 3    0.00%
类型3 正确率： 100.00% -> 1    0.00%, 2    0.49%, 3   99.51%


测试集任务: (B2)N15_M07_F10; 总正确率 = 99.75%
类型1 正确率： 100.00% -> 1  100.00%, 2    0.00%, 3    0.00%
类型2 正确率：  99.00% -> 1    0.00%, 2   99.26%, 3    0.74%
类型3 正确率： 100.00% -> 1    0.00%, 2    0.00%, 3  100.00%


源域训练结束

训练好之后，测试目标域
目标域路径：/kaggle/working/shot_k10/S06/sdalr_PU_shot/DATA_foldS06/PU_M1_L3/N15_M01_F10_label.txt
测试目标数据集结果如下：
任务: (B2)N15_M07_F10→(B1)N15_M01_F10, 正确率 = 91.73%
类型1 正确率： 100.00% -> 1  100.00%, 2    0.00%, 3    0.00%
类型2 正确率：  76.00% -> 1    0.25%, 2   75.68%, 3   24.07%
类型3 正确率：  99.00% -> 1    0.00%, 2    0.50%, 3   99.50%

目标域路径：/kaggle/working/shot_k10/S06/sdalr_PU_shot/DATA_foldS06/PU_M1_L3/N15_M07_F04_label.txt
测试目标数据集结果如下：
任务: (B2)N15_M07_F10→(B3)N15_M07_F04, 正确率 = 91.13%
类型1 正确率： 100.00% -> 1  100.00%, 2    0.00%, 3    0.00%
类型2 正确率：  81.00% -> 1    0.00%, 2   80.85%, 3   19.15%
类型3 正确率：  93.00% -> 1    1.33%, 2    6.12%, 3   92.55%



现在开始拿源域训练集：(B3)N15_M07_F04 进行训练
源域读取路径：/kaggle/working/shot_k10/S06/sdalr_PU_shot/DATA_foldS06/PU_M1_L3/N15_M07_F04_label.txt
excel输出位置：/kaggle/working/shot_k10/S06/weight_src_PU_M1_FS06_s2024/NEW_PU/Source-源域
log&pt输出位置：/kaggle/working/shot_k10/S06/weight_src_PU_M1_FS06_s2024/NEW_PU/Source-源域/log&pt/(B3)N15_M07_F04
特征图片输出位置：/kaggle/working/shot_k10/S06/weight_src_PU_M1_FS06_s2024/NEW_PU/Picture-特征图/2026年09月22日04时07分/(B3)N15_M07_F04
源域训练开始
轮次:··1/·10 || loss:0.084 || 耗时：8.68s
轮次:··2/·10 || loss:0.037 || 耗时：8.65s
轮次:··3/·10 || loss:0.024 || 耗时：8.71s
轮次:··4/·10 || loss:0.005 || 耗时：8.74s
轮次:··5/·10 || loss:0.013 || 耗时：8.76s
任务: (B3)N15_M07_F04; mix批次:····0; 批次:··330/··660; 总正确率 = 99.14%
类型1 正确率： 100.00% -> 1  100.00%, 2    0.00%, 3    0.00%
类型2 正确率： 100.00% -> 1    0.00%, 2  100.00%, 3    0.00%
类型3 正确率：  97.00% -> 1    0.00%, 2    2.59%, 3   97.41%


轮次:··6/·10 || loss:0.008 || 耗时：8.74s
轮次:··7/·10 || loss:0.003 || 耗时：8.69s
轮次:··8/·10 || loss:0.030 || 耗时：8.69s
轮次:··9/·10 || loss:0.013 || 耗时：8.69s
轮次:·10/·10 || loss:0.003 || 耗时：8.67s
任务: (B3)N15_M07_F04; mix批次:····0; 批次:··660/··660; 总正确率 = 98.62%
类型1 正确率： 100.00% -> 1  100.00%, 2    0.00%, 3    0.00%
类型2 正确率： 100.00% -> 1    0.00%, 2  100.00%, 3    0.00%
类型3 正确率：  96.00% -> 1    0.00%, 2    4.15%, 3   95.85%


测试集任务: (B3)N15_M07_F04; 总正确率 = 98.72%
类型1 正确率： 100.00% -> 1  100.00%, 2    0.00%, 3    0.00%
类型2 正确率：  98.00% -> 1    0.00%, 2   97.56%, 3    2.44%
类型3 正确率：  99.00% -> 1    0.00%, 2    1.39%, 3   98.61%


源域训练结束

训练好之后，测试目标域
目标域路径：/kaggle/working/shot_k10/S06/sdalr_PU_shot/DATA_foldS06/PU_M1_L3/N15_M01_F10_label.txt
测试目标数据集结果如下：
任务: (B3)N15_M07_F04→(B1)N15_M01_F10, 正确率 = 73.17%
类型1 正确率： 100.00% -> 1  100.00%, 2    0.00%, 3    0.00%
类型2 正确率：  56.00% -> 1    0.00%, 2   56.46%, 3   43.54%
类型3 正确率：  63.00% -> 1    0.00%, 2   36.97%, 3   63.03%

目标域路径：/kaggle/working/shot_k10/S06/sdalr_PU_shot/DATA_foldS06/PU_M1_L3/N15_M07_F10_label.txt
测试目标数据集结果如下：
任务: (B3)N15_M07_F04→(B2)N15_M07_F10, 正确率 = 85.22%
类型1 正确率： 100.00% -> 1  100.00%, 2    0.00%, 3    0.00%
类型2 正确率：  87.00% -> 1    0.00%, 2   86.89%, 3   13.11%
类型3 正确率：  69.00% -> 1    0.00%, 2   31.23%, 3   68.77%

