读取源域路径：/kaggle/working/hust/H0/weight_HUST_M1_final_checkpoint_FH0toH0c_s2024/NEW_PU/Source-源域/log&pt/(B3)N15_M07_F04
excel输出位置：/kaggle/working/hust/H0/weight_HUST_M1_final_checkpoint_FH0toH0c_s2024/NEW_PU/Target-目标域
特征图片输出位置：/kaggle/working/hust/H0/weight_HUST_M1_final_checkpoint_FH0toH0c_s2024/NEW_PU/Picture-特征图/2026年09月19日11时13分/(B3)N15_M07_F04
现在选取:(B3)N15_M07_F04 进行训练的源模型
现在进行：(B3)N15_M07_F04→(B1)N15_M01_F10 的迁移任务
log&pt输出位置：/kaggle/working/hust/H0/weight_HUST_M1_final_checkpoint_FH0toH0c_s2024/NEW_PU/Target-目标域/log&pt/(B3)N15_M07_F04→(B1)N15_M01_F10
任务: (B3)N15_M07_F04→(B1)N15_M01_F10; 批次:····0/·1880;  总正确率: 65.85%
类型1 正确率： 100.00% -> 1  100.00%, 2    0.00%, 3    0.00%
类型2 正确率：  98.00% -> 1    2.45%, 2   97.55%, 3    0.00%
类型3 正确率：   0.00% -> 1  100.00%, 2    0.00%, 3    0.00%


样本变换：reverse
样本变换：mask
样本变换：shift
样本变换：none
未过滤	未用伪标签：65.85% -> 使用伪标签：80.32%
已过滤	未用伪标签：66.79% -> 使用伪标签：81.53%
排除样本：89|6000	剩余：3057, 1951, 903
增添样本：3260		细则：0, 1106, 2154	正确率估算：54.75%
类型1 正确率： 100.00% -> 1  100.00%, 2    0.00%, 3    0.00%
类型2 正确率：  98.00% -> 1    0.00%, 2   98.24%, 3    1.76%
类型3 正确率：  45.00% -> 1   54.91%, 2    0.00%, 3   45.09%

被排除样本 正确率：3.37%
类型1 没有样本或未被分类。
类型2 正确率：  21.00% -> 1   78.57%, 2   21.43%, 3    0.00%
类型3 正确率：   0.00% -> 1  100.00%, 2    0.00%, 3    0.00%


轮次:··1/·20 || c_Loss:0.464 || e_Loss:-1.599 || Aad_Loss:-29.674 || 耗时：35.01s
轮次:··2/·20 || c_Loss:0.405 || e_Loss:-0.913 || Aad_Loss:-29.729 || 耗时：13.01s
轮次:··3/·20 || c_Loss:0.395 || e_Loss:-1.428 || Aad_Loss:-30.887 || 耗时：12.86s
轮次:··4/·20 || c_Loss:0.397 || e_Loss:-1.637 || Aad_Loss:-29.303 || 耗时：12.91s
轮次:··5/·20 || c_Loss:0.392 || e_Loss:-1.228 || Aad_Loss:-29.567 || 耗时：12.79s
任务: (B3)N15_M07_F04→(B1)N15_M01_F10; mix批次:····0; 批次:··470/·1880;  总正确率: 83.10%
类型1 正确率： 100.00% -> 1  100.00%, 2    0.00%, 3    0.00%
类型2 正确率： 100.00% -> 1    0.00%, 2   99.75%, 3    0.25%
类型3 正确率：  50.00% -> 1   50.45%, 2    0.00%, 3   49.55%


样本变换：reverse
样本变换：mask
样本变换：shift
样本变换：none
未过滤	未用伪标签：83.10% -> 使用伪标签：83.28%
已过滤	未用伪标签：83.14% -> 使用伪标签：83.32%
排除样本：3|6000	剩余：3000, 1999, 998
增添样本：3003		细则：0, 1001, 2002	正确率估算：99.75%
类型1 正确率： 100.00% -> 1  100.00%, 2    0.00%, 3    0.00%
类型2 正确率： 100.00% -> 1    0.00%, 2  100.00%, 3    0.00%
类型3 正确率：  50.00% -> 1   50.05%, 2    0.00%, 3   49.95%

被排除样本 正确率：0.00%
类型1 没有样本或未被分类。
类型2 正确率：   0.00% -> 1    0.00%, 2    0.00%, 3  100.00%
类型3 正确率：   0.00% -> 1  100.00%, 2    0.00%, 3    0.00%


轮次:··6/·20 || c_Loss:0.377 || e_Loss:-0.974 || Aad_Loss:-30.874 || 耗时：34.90s
轮次:··7/·20 || c_Loss:0.374 || e_Loss:-0.987 || Aad_Loss:-32.849 || 耗时：12.97s
轮次:··8/·20 || c_Loss:0.371 || e_Loss:-0.959 || Aad_Loss:-31.458 || 耗时：12.98s
轮次:··9/·20 || c_Loss:0.372 || e_Loss:-0.945 || Aad_Loss:-35.068 || 耗时：12.98s
轮次:·10/·20 || c_Loss:0.375 || e_Loss:-1.002 || Aad_Loss:-32.254 || 耗时：12.93s
任务: (B3)N15_M07_F04→(B1)N15_M01_F10; mix批次:····0; 批次:··940/·1880;  总正确率: 83.33%
类型1 正确率： 100.00% -> 1  100.00%, 2    0.00%, 3    0.00%
类型2 正确率： 100.00% -> 1    0.00%, 2  100.00%, 3    0.00%
类型3 正确率：  50.00% -> 1   50.00%, 2    0.00%, 3   50.00%


样本变换：reverse
样本变换：mask
样本变换：shift
样本变换：none
未过滤	未用伪标签：83.33% -> 使用伪标签：83.33%
已过滤	未用伪标签：83.33% -> 使用伪标签：83.33%
排除样本：3000|6000	剩余：2000, 1000
增添样本：3000		细则：0, 1000, 2000	正确率估算：100.00%
类型1 正确率： 100.00% -> 1  100.00%, 2    0.00%, 3    0.00%
类型2 正确率： 100.00% -> 1    0.00%, 2  100.00%, 3    0.00%
类型3 正确率：  50.00% -> 1   50.00%, 2    0.00%, 3   50.00%

被排除样本 正确率：nan%


轮次:·11/·20 || c_Loss:0.375 || e_Loss:-0.999 || Aad_Loss:-33.010 || 耗时：34.77s
轮次:·12/·20 || c_Loss:0.374 || e_Loss:-1.013 || Aad_Loss:-30.896 || 耗时：12.91s
轮次:·13/·20 || c_Loss:0.373 || e_Loss:-0.952 || Aad_Loss:-35.368 || 耗时：12.97s
轮次:·14/·20 || c_Loss:0.375 || e_Loss:-0.984 || Aad_Loss:-32.569 || 耗时：13.00s
轮次:·15/·20 || c_Loss:0.384 || e_Loss:-0.938 || Aad_Loss:-33.682 || 耗时：12.98s
任务: (B3)N15_M07_F04→(B1)N15_M01_F10; mix批次:····0; 批次:·1410/·1880;  总正确率: 83.33%
类型1 正确率： 100.00% -> 1  100.00%, 2    0.00%, 3    0.00%
类型2 正确率： 100.00% -> 1    0.00%, 2  100.00%, 3    0.00%
类型3 正确率：  50.00% -> 1   50.00%, 2    0.00%, 3   50.00%


样本变换：reverse
样本变换：mask
样本变换：shift
样本变换：none
未过滤	未用伪标签：83.33% -> 使用伪标签：83.33%
已过滤	未用伪标签：83.33% -> 使用伪标签：83.33%
排除样本：3000|6000	剩余：2000, 1000
增添样本：3000		细则：0, 1000, 2000	正确率估算：100.00%
类型1 正确率： 100.00% -> 1  100.00%, 2    0.00%, 3    0.00%
类型2 正确率： 100.00% -> 1    0.00%, 2  100.00%, 3    0.00%
类型3 正确率：  50.00% -> 1   50.00%, 2    0.00%, 3   50.00%

被排除样本 正确率：nan%


轮次:·16/·20 || c_Loss:0.374 || e_Loss:-1.001 || Aad_Loss:-33.171 || 耗时：34.86s
轮次:·17/·20 || c_Loss:0.372 || e_Loss:-1.017 || Aad_Loss:-31.111 || 耗时：12.93s
轮次:·18/·20 || c_Loss:0.372 || e_Loss:-0.952 || Aad_Loss:-35.489 || 耗时：12.93s
轮次:·19/·20 || c_Loss:0.374 || e_Loss:-0.985 || Aad_Loss:-32.751 || 耗时：12.98s
轮次:·20/·20 || c_Loss:0.382 || e_Loss:-0.938 || Aad_Loss:-33.946 || 耗时：12.98s
任务: (B3)N15_M07_F04→(B1)N15_M01_F10; mix批次:····0; 批次:·1880/·1880;  总正确率: 83.33%
类型1 正确率： 100.00% -> 1  100.00%, 2    0.00%, 3    0.00%
类型2 正确率： 100.00% -> 1    0.00%, 2  100.00%, 3    0.00%
类型3 正确率：  50.00% -> 1   50.00%, 2    0.00%, 3   50.00%


测试集任务: (B3)N15_M07_F04→(B1)N15_M01_F10; 总正确率 = 83.33%
类型1 正确率： 100.00% -> 1  100.00%, 2    0.00%, 3    0.00%
类型2 正确率： 100.00% -> 1    0.00%, 2  100.00%, 3    0.00%
类型3 正确率：  50.00% -> 1   50.00%, 2    0.00%, 3   50.00%


