读取源域路径：/kaggle/working/hust/H0/weight_HUST_M1_final_checkpoint_FH0toH0c_s2024/NEW_PU/Source-源域/log&pt/(B1)N15_M01_F10
excel输出位置：/kaggle/working/hust/H0/weight_HUST_M1_final_checkpoint_FH0toH0c_s2024/NEW_PU/Target-目标域
特征图片输出位置：/kaggle/working/hust/H0/weight_HUST_M1_final_checkpoint_FH0toH0c_s2024/NEW_PU/Picture-特征图/2026年09月19日10时50分/(B1)N15_M01_F10
现在选取:(B1)N15_M01_F10 进行训练的源模型
现在进行：(B1)N15_M01_F10→(B2)N15_M07_F10 的迁移任务
log&pt输出位置：/kaggle/working/hust/H0/weight_HUST_M1_final_checkpoint_FH0toH0c_s2024/NEW_PU/Target-目标域/log&pt/(B1)N15_M01_F10→(B2)N15_M07_F10
任务: (B1)N15_M01_F10→(B2)N15_M07_F10; 批次:····0/·1880;  总正确率: 66.67%
类型1 正确率： 100.00% -> 1  100.00%, 2    0.00%, 3    0.00%
类型2 正确率： 100.00% -> 1    0.00%, 2  100.00%, 3    0.00%
类型3 正确率：   0.00% -> 1   50.00%, 2   50.00%, 3    0.00%


样本变换：reverse
样本变换：mask
样本变换：shift
样本变换：none
未过滤	未用伪标签：66.67% -> 使用伪标签：68.07%
已过滤	未用伪标签：68.46% -> 使用伪标签：69.92%
排除样本：159|6000	剩余：3000, 2756, 85
增添样本：3159		细则：0, 244, 2915	正确率估算：74.16%
类型1 正确率： 100.00% -> 1  100.00%, 2    0.00%, 3    0.00%
类型2 正确率： 100.00% -> 1    0.00%, 2  100.00%, 3    0.00%
类型3 正确率：   5.00% -> 1   54.29%, 2   41.10%, 3    4.61%

被排除样本 正确率：0.63%
类型1 正确率： 100.00% -> 1  100.00%, 2    0.00%
类型2 正确率：   0.00% -> 1  100.00%, 2    0.00%


轮次:··1/·20 || c_Loss:0.433 || e_Loss:-0.666 || Aad_Loss:-43.757 || 耗时：34.87s
轮次:··2/·20 || c_Loss:0.410 || e_Loss:-1.214 || Aad_Loss:-41.497 || 耗时：13.29s
轮次:··3/·20 || c_Loss:0.381 || e_Loss:-1.453 || Aad_Loss:-42.924 || 耗时：13.00s
轮次:··4/·20 || c_Loss:0.391 || e_Loss:-1.351 || Aad_Loss:-43.143 || 耗时：12.78s
轮次:··5/·20 || c_Loss:0.402 || e_Loss:-1.430 || Aad_Loss:-44.022 || 耗时：12.74s
任务: (B1)N15_M01_F10→(B2)N15_M07_F10; mix批次:····0; 批次:··470/·1880;  总正确率: 66.90%
类型1 正确率： 100.00% -> 1  100.00%, 2    0.00%, 3    0.00%
类型2 正确率： 100.00% -> 1    0.00%, 2   99.80%, 3    0.20%
类型3 正确率：   1.00% -> 1   50.00%, 2   49.10%, 3    0.90%


样本变换：reverse
样本变换：mask
样本变换：shift
样本变换：none
未过滤	未用伪标签：66.90% -> 使用伪标签：1.22%
已过滤	未用伪标签：16.22% -> 使用伪标签：98.65%
排除样本：5926|6000	剩余：74
增添样本：0		细则：0类型1 正确率：   0.00% -> 1    0.00%, 2  100.00%
类型2 正确率： 100.00% -> 1    0.00%, 2  100.00%

被排除样本 正确率：67.53%
类型1 正确率： 100.00% -> 1  100.00%, 2    0.00%, 3    0.00%
类型2 正确率： 100.00% -> 1    0.00%, 2   99.85%, 3    0.15%
类型3 正确率：   0.00% -> 1   51.89%, 2   47.79%, 3    0.31%


轮次:··7/·20 || c_Loss:0.433 || e_Loss:-1.004 || Aad_Loss:0.000 || 耗时：35.14s
轮次:··8/·20 || c_Loss:0.367 || e_Loss:-0.985 || Aad_Loss:0.000 || 耗时：7.43s
轮次:·10/·20 || c_Loss:0.335 || e_Loss:-0.966 || Aad_Loss:0.000 || 耗时：13.91s
任务: (B1)N15_M01_F10→(B2)N15_M07_F10; mix批次:····0; 批次:··940/·1880;  总正确率: 73.53%
类型1 正确率：  99.00% -> 1   98.65%, 2    1.35%, 3    0.00%
类型2 正确率：  47.00% -> 1    3.50%, 2   47.10%, 3   49.40%
类型3 正确率：  75.00% -> 1   25.15%, 2    0.00%, 3   74.85%


样本变换：reverse
样本变换：mask
样本变换：shift
样本变换：none
未过滤	未用伪标签：73.53% -> 使用伪标签：33.33%
已过滤	未用伪标签：73.53% -> 使用伪标签：33.33%
排除样本：6000|6000	剩余：
增添样本：0		细则：0类型1 正确率：   0.00% -> 1    0.00%, 2  100.00%, 3    0.00%
类型2 正确率： 100.00% -> 1    0.00%, 2  100.00%, 3    0.00%
类型3 正确率：   0.00% -> 1    0.00%, 2  100.00%, 3    0.00%

被排除样本 正确率：nan%


轮次:·11/·20 || c_Loss:1.152 || e_Loss:-0.069 || Aad_Loss:0.593 || 耗时：33.59s
轮次:·12/·20 || c_Loss:1.093 || e_Loss:-0.072 || Aad_Loss:0.167 || 耗时：12.80s
轮次:·13/·20 || c_Loss:1.049 || e_Loss:-0.077 || Aad_Loss:0.812 || 耗时：12.86s
轮次:·14/·20 || c_Loss:0.989 || e_Loss:-0.065 || Aad_Loss:0.989 || 耗时：12.90s
轮次:·15/·20 || c_Loss:0.969 || e_Loss:-0.086 || Aad_Loss:0.060 || 耗时：12.89s
任务: (B1)N15_M01_F10→(B2)N15_M07_F10; mix批次:····0; 批次:·1410/·1880;  总正确率: 78.32%
类型1 正确率： 100.00% -> 1  100.00%, 2    0.00%, 3    0.00%
类型2 正确率：  85.00% -> 1    0.00%, 2   84.95%, 3   15.05%
类型3 正确率：  50.00% -> 1   46.30%, 2    3.70%, 3   50.00%


样本变换：reverse
样本变换：mask
样本变换：shift
样本变换：none
未过滤	未用伪标签：78.32% -> 使用伪标签：33.33%
已过滤	未用伪标签：78.32% -> 使用伪标签：33.33%
排除样本：6000|6000	剩余：
增添样本：0		细则：0类型1 正确率：   0.00% -> 1    0.00%, 2  100.00%, 3    0.00%
类型2 正确率： 100.00% -> 1    0.00%, 2  100.00%, 3    0.00%
类型3 正确率：   0.00% -> 1    0.00%, 2  100.00%, 3    0.00%

被排除样本 正确率：nan%


轮次:·16/·20 || c_Loss:0.902 || e_Loss:-0.056 || Aad_Loss:0.590 || 耗时：33.66s
轮次:·17/·20 || c_Loss:0.871 || e_Loss:-0.059 || Aad_Loss:0.162 || 耗时：12.86s
轮次:·18/·20 || c_Loss:0.848 || e_Loss:-0.063 || Aad_Loss:0.809 || 耗时：12.85s
轮次:·19/·20 || c_Loss:0.810 || e_Loss:-0.051 || Aad_Loss:0.989 || 耗时：12.87s
轮次:·20/·20 || c_Loss:0.802 || e_Loss:-0.069 || Aad_Loss:0.054 || 耗时：12.85s
任务: (B1)N15_M01_F10→(B2)N15_M07_F10; mix批次:····0; 批次:·1880/·1880;  总正确率: 43.52%
类型1 正确率：   0.00% -> 1    0.00%, 2  100.00%, 3    0.00%
类型2 正确率：  93.00% -> 1    0.00%, 2   93.25%, 3    6.75%
类型3 正确率：  37.00% -> 1    0.00%, 2   62.70%, 3   37.30%


测试集任务: (B1)N15_M01_F10→(B2)N15_M07_F10; 总正确率 = 43.52%
类型1 正确率：   0.00% -> 1    0.00%, 2  100.00%, 3    0.00%
类型2 正确率：  93.00% -> 1    0.00%, 2   93.25%, 3    6.75%
类型3 正确率：  37.00% -> 1    0.00%, 2   62.70%, 3   37.30%


