读取源域路径：/kaggle/working/hust/H0/weight_HUST_M1_final_checkpoint_FH0toH0c_s2024/NEW_PU/Source-源域/log&pt/(B2)N15_M07_F10
excel输出位置：/kaggle/working/hust/H0/weight_HUST_M1_final_checkpoint_FH0toH0c_s2024/NEW_PU/Target-目标域
特征图片输出位置：/kaggle/working/hust/H0/weight_HUST_M1_final_checkpoint_FH0toH0c_s2024/NEW_PU/Picture-特征图/2026年09月19日11时02分/(B2)N15_M07_F10
现在选取:(B2)N15_M07_F10 进行训练的源模型
现在进行：(B2)N15_M07_F10→(B1)N15_M01_F10 的迁移任务
log&pt输出位置：/kaggle/working/hust/H0/weight_HUST_M1_final_checkpoint_FH0toH0c_s2024/NEW_PU/Target-目标域/log&pt/(B2)N15_M07_F10→(B1)N15_M01_F10
任务: (B2)N15_M07_F10→(B1)N15_M01_F10; 批次:····0/·1880;  总正确率: 65.38%
类型1 正确率： 100.00% -> 1  100.00%, 2    0.00%, 3    0.00%
类型2 正确率：  96.00% -> 1    3.75%, 2   96.15%, 3    0.10%
类型3 正确率：   0.00% -> 1  100.00%, 2    0.00%, 3    0.00%


样本变换：reverse
样本变换：mask
样本变换：shift
样本变换：none
未过滤	未用伪标签：65.38% -> 使用伪标签：49.77%
已过滤	未用伪标签：64.82% -> 使用伪标签：51.04%
排除样本：150|6000	剩余：4019, 986, 845
增添样本：6207		细则：0, 3033, 3174	正确率估算：52.16%
类型1 正确率： 100.00% -> 1  100.00%, 2    0.00%, 3    0.00%
类型2 正确率：  53.00% -> 1    1.19%, 2   53.21%, 3   45.60%
类型3 正确率：   0.00% -> 1  100.00%, 2    0.00%, 3    0.00%

被排除样本 正确率：87.33%
类型1 没有样本或未被分类。
类型2 正确率：  89.00% -> 1   10.88%, 2   89.12%, 3    0.00%
类型3 正确率：   0.00% -> 1  100.00%, 2    0.00%, 3    0.00%


轮次:··1/·20 || c_Loss:0.435 || e_Loss:-1.432 || Aad_Loss:-32.389 || 耗时：34.77s
轮次:··2/·20 || c_Loss:0.389 || e_Loss:-1.375 || Aad_Loss:-36.106 || 耗时：12.94s
轮次:··3/·20 || c_Loss:0.373 || e_Loss:-0.780 || Aad_Loss:-38.342 || 耗时：12.83s
轮次:··4/·20 || c_Loss:0.397 || e_Loss:-1.387 || Aad_Loss:-30.224 || 耗时：12.78s
轮次:··5/·20 || c_Loss:0.380 || e_Loss:-0.825 || Aad_Loss:-35.360 || 耗时：12.86s
任务: (B2)N15_M07_F10→(B1)N15_M01_F10; mix批次:····0; 批次:··470/·1880;  总正确率: 50.13%
类型1 正确率： 100.00% -> 1  100.00%, 2    0.00%, 3    0.00%
类型2 正确率：  50.00% -> 1    0.05%, 2   50.40%, 3   49.55%
类型3 正确率：   0.00% -> 1  100.00%, 2    0.00%, 3    0.00%


样本变换：reverse
样本变换：mask
样本变换：shift
样本变换：none
未过滤	未用伪标签：50.13% -> 使用伪标签：49.93%
已过滤	未用伪标签：50.12% -> 使用伪标签：49.97%
排除样本：4|6000	剩余：4000, 996, 1000
增添样本：6004		细则：0, 3004, 3000	正确率估算：99.55%
类型1 正确率： 100.00% -> 1  100.00%, 2    0.00%, 3    0.00%
类型2 正确率：  50.00% -> 1    0.00%, 2   49.90%, 3   50.10%
类型3 正确率：   0.00% -> 1  100.00%, 2    0.00%, 3    0.00%

被排除样本 正确率：75.00%
类型1 没有样本或未被分类。
类型2 正确率：  75.00% -> 1   25.00%, 2   75.00%


轮次:··6/·20 || c_Loss:0.359 || e_Loss:-0.883 || Aad_Loss:-37.070 || 耗时：34.78s
轮次:··7/·20 || c_Loss:0.357 || e_Loss:-0.845 || Aad_Loss:-39.741 || 耗时：12.94s
轮次:··8/·20 || c_Loss:0.363 || e_Loss:-0.907 || Aad_Loss:-37.317 || 耗时：12.95s
轮次:··9/·20 || c_Loss:0.375 || e_Loss:-0.976 || Aad_Loss:-31.947 || 耗时：12.93s
轮次:·10/·20 || c_Loss:0.364 || e_Loss:-0.895 || Aad_Loss:-38.217 || 耗时：12.93s
任务: (B2)N15_M07_F10→(B1)N15_M01_F10; mix批次:····0; 批次:··940/·1880;  总正确率: 50.00%
类型1 正确率： 100.00% -> 1  100.00%, 2    0.00%, 3    0.00%
类型2 正确率：  50.00% -> 1    0.00%, 2   50.00%, 3   50.00%
类型3 正确率：   0.00% -> 1  100.00%, 2    0.00%, 3    0.00%


样本变换：reverse
样本变换：mask
样本变换：shift
样本变换：none
未过滤	未用伪标签：50.00% -> 使用伪标签：50.00%
已过滤	未用伪标签：50.00% -> 使用伪标签：50.00%
排除样本：4000|6000	剩余：1000, 1000
增添样本：6000		细则：0, 3000, 3000	正确率估算：100.00%
类型1 正确率： 100.00% -> 1  100.00%, 2    0.00%, 3    0.00%
类型2 正确率：  50.00% -> 1    0.00%, 2   50.00%, 3   50.00%
类型3 正确率：   0.00% -> 1  100.00%, 2    0.00%, 3    0.00%

被排除样本 正确率：nan%


轮次:·11/·20 || c_Loss:0.364 || e_Loss:-0.913 || Aad_Loss:-37.476 || 耗时：34.75s
轮次:·12/·20 || c_Loss:0.381 || e_Loss:-1.001 || Aad_Loss:-31.133 || 耗时：12.91s
轮次:·13/·20 || c_Loss:0.378 || e_Loss:-0.962 || Aad_Loss:-35.493 || 耗时：12.94s
轮次:·14/·20 || c_Loss:0.382 || e_Loss:-1.017 || Aad_Loss:-29.530 || 耗时：12.98s
轮次:·15/·20 || c_Loss:0.382 || e_Loss:-0.997 || Aad_Loss:-31.008 || 耗时：12.96s
任务: (B2)N15_M07_F10→(B1)N15_M01_F10; mix批次:····0; 批次:·1410/·1880;  总正确率: 50.00%
类型1 正确率： 100.00% -> 1  100.00%, 2    0.00%, 3    0.00%
类型2 正确率：  50.00% -> 1    0.00%, 2   50.00%, 3   50.00%
类型3 正确率：   0.00% -> 1  100.00%, 2    0.00%, 3    0.00%


样本变换：reverse
样本变换：mask
样本变换：shift
样本变换：none
未过滤	未用伪标签：50.00% -> 使用伪标签：50.00%
已过滤	未用伪标签：50.00% -> 使用伪标签：50.00%
排除样本：4000|6000	剩余：1000, 1000
增添样本：6000		细则：0, 3000, 3000	正确率估算：100.00%
类型1 正确率： 100.00% -> 1  100.00%, 2    0.00%, 3    0.00%
类型2 正确率：  50.00% -> 1    0.00%, 2   50.00%, 3   50.00%
类型3 正确率：   0.00% -> 1  100.00%, 2    0.00%, 3    0.00%

被排除样本 正确率：nan%


轮次:·16/·20 || c_Loss:0.366 || e_Loss:-0.919 || Aad_Loss:-37.632 || 耗时：35.05s
轮次:·17/·20 || c_Loss:0.383 || e_Loss:-1.010 || Aad_Loss:-31.306 || 耗时：12.87s
轮次:·18/·20 || c_Loss:0.380 || e_Loss:-0.965 || Aad_Loss:-35.608 || 耗时：12.91s
轮次:·19/·20 || c_Loss:0.385 || e_Loss:-1.023 || Aad_Loss:-29.695 || 耗时：12.93s
轮次:·20/·20 || c_Loss:0.383 || e_Loss:-1.005 || Aad_Loss:-31.242 || 耗时：12.96s
任务: (B2)N15_M07_F10→(B1)N15_M01_F10; mix批次:····0; 批次:·1880/·1880;  总正确率: 50.00%
类型1 正确率： 100.00% -> 1  100.00%, 2    0.00%, 3    0.00%
类型2 正确率：  50.00% -> 1    0.00%, 2   50.00%, 3   50.00%
类型3 正确率：   0.00% -> 1  100.00%, 2    0.00%, 3    0.00%


测试集任务: (B2)N15_M07_F10→(B1)N15_M01_F10; 总正确率 = 50.00%
类型1 正确率： 100.00% -> 1  100.00%, 2    0.00%, 3    0.00%
类型2 正确率：  50.00% -> 1    0.00%, 2   50.00%, 3   50.00%
类型3 正确率：   0.00% -> 1  100.00%, 2    0.00%, 3    0.00%


