读取源域路径：/kaggle/working/hust/H0/weight_HUST_M1_final_checkpoint_FH0toH0c_s2024/NEW_PU/Source-源域/log&pt/(B3)N15_M07_F04
excel输出位置：/kaggle/working/hust/H0/weight_HUST_M1_final_checkpoint_FH0toH0c_s2024/NEW_PU/Target-目标域
特征图片输出位置：/kaggle/working/hust/H0/weight_HUST_M1_final_checkpoint_FH0toH0c_s2024/NEW_PU/Picture-特征图/2026年09月19日11时19分/(B3)N15_M07_F04
现在选取:(B3)N15_M07_F04 进行训练的源模型
现在进行：(B3)N15_M07_F04→(B2)N15_M07_F10 的迁移任务
log&pt输出位置：/kaggle/working/hust/H0/weight_HUST_M1_final_checkpoint_FH0toH0c_s2024/NEW_PU/Target-目标域/log&pt/(B3)N15_M07_F04→(B2)N15_M07_F10
任务: (B3)N15_M07_F04→(B2)N15_M07_F10; 批次:····0/·1880;  总正确率: 66.23%
类型1 正确率： 100.00% -> 1  100.00%, 2    0.00%, 3    0.00%
类型2 正确率：  99.00% -> 1    0.75%, 2   98.65%, 3    0.60%
类型3 正确率：   0.00% -> 1   99.85%, 2    0.10%, 3    0.05%


样本变换：reverse
样本变换：mask
样本变换：shift
样本变换：none
未过滤	未用伪标签：66.23% -> 使用伪标签：80.07%
已过滤	未用伪标签：67.15% -> 使用伪标签：81.31%
排除样本：92|6000	剩余：3091, 1971, 846
增添样本：3365		细则：0, 1120, 2245	正确率估算：57.02%
类型1 正确率： 100.00% -> 1  100.00%, 2    0.00%, 3    0.00%
类型2 正确率：  99.00% -> 1    0.00%, 2   99.34%, 3    0.66%
类型3 正确率：  43.00% -> 1   56.70%, 2    0.00%, 3   43.30%

被排除样本 正确率：7.61%
类型1 没有样本或未被分类。
类型2 正确率：  44.00% -> 1   37.50%, 2   43.75%, 3   18.75%
类型3 正确率：   0.00% -> 1  100.00%, 2    0.00%, 3    0.00%


轮次:··1/·20 || c_Loss:0.471 || e_Loss:-0.974 || Aad_Loss:-27.683 || 耗时：35.10s
轮次:··2/·20 || c_Loss:0.433 || e_Loss:-0.910 || Aad_Loss:-34.669 || 耗时：13.00s
轮次:··3/·20 || c_Loss:0.395 || e_Loss:-0.896 || Aad_Loss:-33.025 || 耗时：12.90s
轮次:··4/·20 || c_Loss:0.370 || e_Loss:-1.375 || Aad_Loss:-32.690 || 耗时：12.83s
轮次:··5/·20 || c_Loss:0.413 || e_Loss:-1.587 || Aad_Loss:-30.393 || 耗时：12.90s
任务: (B3)N15_M07_F04→(B2)N15_M07_F10; mix批次:····0; 批次:··470/·1880;  总正确率: 82.42%
类型1 正确率： 100.00% -> 1  100.00%, 2    0.00%, 3    0.00%
类型2 正确率： 100.00% -> 1    0.00%, 2  100.00%, 3    0.00%
类型3 正确率：  47.00% -> 1   52.75%, 2    0.00%, 3   47.25%


样本变换：reverse
样本变换：mask
样本变换：shift
样本变换：none
未过滤	未用伪标签：82.42% -> 使用伪标签：82.88%
已过滤	未用伪标签：82.55% -> 使用伪标签：83.02%
排除样本：10|6000	剩余：3017, 2000, 973
增添样本：3061		细则：0, 1017, 2044	正确率估算：99.45%
类型1 正确率： 100.00% -> 1  100.00%, 2    0.00%, 3    0.00%
类型2 正确率： 100.00% -> 1    0.00%, 2  100.00%, 3    0.00%
类型3 正确率：  49.00% -> 1   51.11%, 2    0.00%, 3   48.89%

被排除样本 正确率：0.00%
类型1 没有样本或未被分类。
类型2 正确率：   0.00% -> 1  100.00%, 2    0.00%


轮次:··6/·20 || c_Loss:0.370 || e_Loss:-0.979 || Aad_Loss:-32.480 || 耗时：34.82s
轮次:··7/·20 || c_Loss:0.376 || e_Loss:-0.970 || Aad_Loss:-29.821 || 耗时：12.95s
轮次:··8/·20 || c_Loss:0.393 || e_Loss:-0.994 || Aad_Loss:-31.539 || 耗时：12.97s
轮次:··9/·20 || c_Loss:0.371 || e_Loss:-1.001 || Aad_Loss:-32.300 || 耗时：12.95s
轮次:·10/·20 || c_Loss:0.373 || e_Loss:-1.197 || Aad_Loss:-32.735 || 耗时：12.90s
任务: (B3)N15_M07_F04→(B2)N15_M07_F10; mix批次:····0; 批次:··940/·1880;  总正确率: 83.33%
类型1 正确率： 100.00% -> 1  100.00%, 2    0.00%, 3    0.00%
类型2 正确率： 100.00% -> 1    0.00%, 2  100.00%, 3    0.00%
类型3 正确率：  50.00% -> 1   50.00%, 2    0.00%, 3   50.00%


样本变换：reverse
样本变换：mask
样本变换：shift
样本变换：none
未过滤	未用伪标签：83.33% -> 使用伪标签：83.33%
已过滤	未用伪标签：83.33% -> 使用伪标签：83.33%
排除样本：3000|6000	剩余：2000, 1000
增添样本：3000		细则：0, 1000, 2000	正确率估算：100.00%
类型1 正确率： 100.00% -> 1  100.00%, 2    0.00%, 3    0.00%
类型2 正确率： 100.00% -> 1    0.00%, 2  100.00%, 3    0.00%
类型3 正确率：  50.00% -> 1   50.00%, 2    0.00%, 3   50.00%

被排除样本 正确率：nan%


轮次:·11/·20 || c_Loss:0.374 || e_Loss:-0.993 || Aad_Loss:-32.783 || 耗时：34.69s
轮次:·12/·20 || c_Loss:0.376 || e_Loss:-1.006 || Aad_Loss:-30.619 || 耗时：12.91s
轮次:·13/·20 || c_Loss:0.377 || e_Loss:-0.949 || Aad_Loss:-35.339 || 耗时：12.99s
轮次:·14/·20 || c_Loss:0.379 || e_Loss:-0.977 || Aad_Loss:-32.435 || 耗时：12.97s
轮次:·15/·20 || c_Loss:0.376 || e_Loss:-0.947 || Aad_Loss:-33.988 || 耗时：12.90s
任务: (B3)N15_M07_F04→(B2)N15_M07_F10; mix批次:····0; 批次:·1410/·1880;  总正确率: 83.33%
类型1 正确率： 100.00% -> 1  100.00%, 2    0.00%, 3    0.00%
类型2 正确率： 100.00% -> 1    0.00%, 2  100.00%, 3    0.00%
类型3 正确率：  50.00% -> 1   50.00%, 2    0.00%, 3   50.00%


样本变换：reverse
样本变换：mask
样本变换：shift
样本变换：none
未过滤	未用伪标签：83.33% -> 使用伪标签：83.33%
已过滤	未用伪标签：83.33% -> 使用伪标签：83.33%
排除样本：3000|6000	剩余：2000, 1000
增添样本：3000		细则：0, 1000, 2000	正确率估算：100.00%
类型1 正确率： 100.00% -> 1  100.00%, 2    0.00%, 3    0.00%
类型2 正确率： 100.00% -> 1    0.00%, 2  100.00%, 3    0.00%
类型3 正确率：  50.00% -> 1   50.00%, 2    0.00%, 3   50.00%

被排除样本 正确率：nan%


轮次:·16/·20 || c_Loss:0.374 || e_Loss:-1.002 || Aad_Loss:-33.068 || 耗时：34.72s
轮次:·17/·20 || c_Loss:0.374 || e_Loss:-1.016 || Aad_Loss:-30.955 || 耗时：12.94s
轮次:·18/·20 || c_Loss:0.375 || e_Loss:-0.950 || Aad_Loss:-35.463 || 耗时：12.98s
轮次:·19/·20 || c_Loss:0.377 || e_Loss:-0.977 || Aad_Loss:-32.628 || 耗时：12.96s
轮次:·20/·20 || c_Loss:0.375 || e_Loss:-0.946 || Aad_Loss:-34.130 || 耗时：12.94s
任务: (B3)N15_M07_F04→(B2)N15_M07_F10; mix批次:····0; 批次:·1880/·1880;  总正确率: 83.33%
类型1 正确率： 100.00% -> 1  100.00%, 2    0.00%, 3    0.00%
类型2 正确率： 100.00% -> 1    0.00%, 2  100.00%, 3    0.00%
类型3 正确率：  50.00% -> 1   50.00%, 2    0.00%, 3   50.00%


测试集任务: (B3)N15_M07_F04→(B2)N15_M07_F10; 总正确率 = 83.33%
类型1 正确率： 100.00% -> 1  100.00%, 2    0.00%, 3    0.00%
类型2 正确率： 100.00% -> 1    0.00%, 2  100.00%, 3    0.00%
类型3 正确率：  50.00% -> 1   50.00%, 2    0.00%, 3   50.00%


