读取源域路径：/kaggle/working/hust/H0/weight_HUST_M1_final_checkpoint_FH0toH0c_s2024/NEW_PU/Source-源域/log&pt/(B1)N15_M01_F10
excel输出位置：/kaggle/working/hust/H0/weight_HUST_M1_final_checkpoint_FH0toH0c_s2024/NEW_PU/Target-目标域
特征图片输出位置：/kaggle/working/hust/H0/weight_HUST_M1_final_checkpoint_FH0toH0c_s2024/NEW_PU/Picture-特征图/2026年09月19日10时56分/(B1)N15_M01_F10
现在选取:(B1)N15_M01_F10 进行训练的源模型
现在进行：(B1)N15_M01_F10→(B3)N15_M07_F04 的迁移任务
log&pt输出位置：/kaggle/working/hust/H0/weight_HUST_M1_final_checkpoint_FH0toH0c_s2024/NEW_PU/Target-目标域/log&pt/(B1)N15_M01_F10→(B3)N15_M07_F04
任务: (B1)N15_M01_F10→(B3)N15_M07_F04; 批次:····0/·1880;  总正确率: 66.67%
类型1 正确率： 100.00% -> 1  100.00%, 2    0.00%, 3    0.00%
类型2 正确率： 100.00% -> 1    0.00%, 2  100.00%, 3    0.00%
类型3 正确率：   0.00% -> 1   53.25%, 2   46.75%, 3    0.00%


样本变换：reverse
样本变换：mask
样本变换：shift
样本变换：none
未过滤	未用伪标签：66.67% -> 使用伪标签：73.37%
已过滤	未用伪标签：68.89% -> 使用伪标签：75.82%
排除样本：194|6000	剩余：3000, 2404, 402
增添样本：3194		细则：0, 596, 2598	正确率估算：59.72%
类型1 正确率： 100.00% -> 1  100.00%, 2    0.00%, 3    0.00%
类型2 正确率： 100.00% -> 1    0.00%, 2  100.00%, 3    0.00%
类型3 正确率：  22.00% -> 1   55.37%, 2   22.37%, 3   22.26%

被排除样本 正确率：0.00%
类型1 没有样本或未被分类。
类型2 没有样本或未被分类。
类型3 正确率：   0.00% -> 1    2.58%, 2   97.42%, 3    0.00%


轮次:··1/·20 || c_Loss:0.477 || e_Loss:-1.311 || Aad_Loss:-30.682 || 耗时：34.35s
轮次:··2/·20 || c_Loss:0.407 || e_Loss:-1.409 || Aad_Loss:-36.763 || 耗时：12.93s
轮次:··3/·20 || c_Loss:0.384 || e_Loss:-1.500 || Aad_Loss:-36.577 || 耗时：12.84s
轮次:··4/·20 || c_Loss:0.416 || e_Loss:-1.458 || Aad_Loss:-31.568 || 耗时：12.82s
轮次:··5/·20 || c_Loss:0.472 || e_Loss:-1.478 || Aad_Loss:-36.004 || 耗时：12.80s
任务: (B1)N15_M01_F10→(B3)N15_M07_F04; mix批次:····0; 批次:··470/·1880;  总正确率: 75.10%
类型1 正确率： 100.00% -> 1  100.00%, 2    0.00%, 3    0.00%
类型2 正确率： 100.00% -> 1    0.00%, 2   99.95%, 3    0.05%
类型3 正确率：  25.00% -> 1   50.00%, 2   24.65%, 3   25.35%


样本变换：reverse
样本变换：mask
样本变换：shift
样本变换：none
未过滤	未用伪标签：75.10% -> 使用伪标签：72.27%
已过滤	未用伪标签：75.52% -> 使用伪标签：74.02%
排除样本：142|6000	剩余：3000, 2521, 337
增添样本：3142		细则：0, 479, 2663	正确率估算：91.42%
类型1 正确率： 100.00% -> 1  100.00%, 2    0.00%, 3    0.00%
类型2 正确率： 100.00% -> 1    0.00%, 2  100.00%, 3    0.00%
类型3 正确率：  18.00% -> 1   53.79%, 2   28.08%, 3   18.13%

被排除样本 正确率：57.75%
类型1 正确率： 100.00% -> 1  100.00%, 2    0.00%
类型2 正确率：  57.00% -> 1   42.55%, 2   57.45%


轮次:··6/·20 || c_Loss:0.487 || e_Loss:-0.611 || Aad_Loss:-28.236 || 耗时：34.17s
轮次:··7/·20 || c_Loss:0.437 || e_Loss:-1.393 || Aad_Loss:-36.209 || 耗时：12.88s
轮次:··8/·20 || c_Loss:0.417 || e_Loss:-1.502 || Aad_Loss:-37.157 || 耗时：12.91s
轮次:··9/·20 || c_Loss:0.423 || e_Loss:-0.663 || Aad_Loss:-36.579 || 耗时：12.92s
轮次:·10/·20 || c_Loss:0.475 || e_Loss:-0.624 || Aad_Loss:-35.722 || 耗时：12.91s
任务: (B1)N15_M01_F10→(B3)N15_M07_F04; mix批次:····0; 批次:··940/·1880;  总正确率: 73.87%
类型1 正确率： 100.00% -> 1  100.00%, 2    0.00%, 3    0.00%
类型2 正确率： 100.00% -> 1    0.00%, 2  100.00%, 3    0.00%
类型3 正确率：  22.00% -> 1   50.00%, 2   28.40%, 3   21.60%


样本变换：reverse
样本变换：mask
样本变换：shift
样本变换：none
未过滤	未用伪标签：73.87% -> 使用伪标签：71.65%
已过滤	未用伪标签：74.31% -> 使用伪标签：73.17%
排除样本：125|6000	剩余：3000, 2575, 300
增添样本：3125		细则：0, 425, 2700	正确率估算：92.28%
类型1 正确率： 100.00% -> 1  100.00%, 2    0.00%, 3    0.00%
类型2 正确率： 100.00% -> 1    0.00%, 2  100.00%, 3    0.00%
类型3 正确率：  16.00% -> 1   53.30%, 2   30.70%, 3   15.99%

被排除样本 正确率：52.80%
类型1 正确率： 100.00% -> 1  100.00%, 2    0.00%
类型2 正确率：  52.00% -> 1   47.58%, 2   52.42%


轮次:·11/·20 || c_Loss:0.427 || e_Loss:-1.348 || Aad_Loss:-36.108 || 耗时：34.19s
轮次:·12/·20 || c_Loss:0.396 || e_Loss:-1.669 || Aad_Loss:-40.293 || 耗时：12.82s
轮次:·13/·20 || c_Loss:0.457 || e_Loss:-1.600 || Aad_Loss:-36.364 || 耗时：12.81s
轮次:·14/·20 || c_Loss:0.417 || e_Loss:-0.646 || Aad_Loss:-36.743 || 耗时：12.83s
轮次:·15/·20 || c_Loss:0.423 || e_Loss:-1.498 || Aad_Loss:-38.240 || 耗时：12.83s
任务: (B1)N15_M01_F10→(B3)N15_M07_F04; mix批次:····0; 批次:·1410/·1880;  总正确率: 73.23%
类型1 正确率： 100.00% -> 1  100.00%, 2    0.00%, 3    0.00%
类型2 正确率： 100.00% -> 1    0.00%, 2   99.90%, 3    0.10%
类型3 正确率：  20.00% -> 1   50.00%, 2   30.20%, 3   19.80%


样本变换：reverse
样本变换：mask
样本变换：shift
样本变换：none
未过滤	未用伪标签：73.23% -> 使用伪标签：70.87%
已过滤	未用伪标签：73.47% -> 使用伪标签：72.09%
排除样本：102|6000	剩余：3000, 2645, 253
增添样本：3102		细则：0, 355, 2747	正确率估算：93.59%
类型1 正确率： 100.00% -> 1  100.00%, 2    0.00%, 3    0.00%
类型2 正确率： 100.00% -> 1    0.00%, 2  100.00%, 3    0.00%
类型3 正确率：  13.00% -> 1   52.66%, 2   34.02%, 3   13.32%

被排除样本 正确率：59.80%
类型1 正确率：   0.00% -> 1    0.00%, 2  100.00%
类型2 正确率：  60.00% -> 1   39.60%, 2   60.40%


轮次:·16/·20 || c_Loss:0.399 || e_Loss:-1.427 || Aad_Loss:-41.180 || 耗时：34.08s
轮次:·17/·20 || c_Loss:0.394 || e_Loss:-0.647 || Aad_Loss:-40.925 || 耗时：12.86s
轮次:·18/·20 || c_Loss:0.405 || e_Loss:-0.659 || Aad_Loss:-39.215 || 耗时：12.85s
轮次:·19/·20 || c_Loss:0.498 || e_Loss:-0.592 || Aad_Loss:-30.819 || 耗时：12.87s
轮次:·20/·20 || c_Loss:0.388 || e_Loss:-1.439 || Aad_Loss:-37.871 || 耗时：12.87s
任务: (B1)N15_M01_F10→(B3)N15_M07_F04; mix批次:····0; 批次:·1880/·1880;  总正确率: 71.75%
类型1 正确率： 100.00% -> 1  100.00%, 2    0.00%, 3    0.00%
类型2 正确率： 100.00% -> 1    0.00%, 2  100.00%, 3    0.00%
类型3 正确率：  15.00% -> 1   50.00%, 2   34.75%, 3   15.25%


测试集任务: (B1)N15_M01_F10→(B3)N15_M07_F04; 总正确率 = 71.75%
类型1 正确率： 100.00% -> 1  100.00%, 2    0.00%, 3    0.00%
类型2 正确率： 100.00% -> 1    0.00%, 2  100.00%, 3    0.00%
类型3 正确率：  15.00% -> 1   50.00%, 2   34.75%, 3   15.25%


