读取源域路径：/kaggle/working/hust/H0/weight_HUST_M1_final_checkpoint_FH0toH0c_s2024/NEW_PU/Source-源域/log&pt/(B2)N15_M07_F10
excel输出位置：/kaggle/working/hust/H0/weight_HUST_M1_final_checkpoint_FH0toH0c_s2024/NEW_PU/Target-目标域
特征图片输出位置：/kaggle/working/hust/H0/weight_HUST_M1_final_checkpoint_FH0toH0c_s2024/NEW_PU/Picture-特征图/2026年09月19日11时08分/(B2)N15_M07_F10
现在选取:(B2)N15_M07_F10 进行训练的源模型
现在进行：(B2)N15_M07_F10→(B3)N15_M07_F04 的迁移任务
log&pt输出位置：/kaggle/working/hust/H0/weight_HUST_M1_final_checkpoint_FH0toH0c_s2024/NEW_PU/Target-目标域/log&pt/(B2)N15_M07_F10→(B3)N15_M07_F04
任务: (B2)N15_M07_F10→(B3)N15_M07_F04; 批次:····0/·1880;  总正确率: 66.28%
类型1 正确率： 100.00% -> 1  100.00%, 2    0.00%, 3    0.00%
类型2 正确率：  99.00% -> 1    1.10%, 2   98.85%, 3    0.05%
类型3 正确率：   0.00% -> 1  100.00%, 2    0.00%, 3    0.00%


样本变换：reverse
样本变换：mask
样本变换：shift
样本变换：none
未过滤	未用伪标签：66.28% -> 使用伪标签：51.65%
已过滤	未用伪标签：66.02% -> 使用伪标签：66.02%
排除样本：1306|6000	剩余：3595, 1099
增添样本：2496		细则：0, 2496	正确率估算：99.82%
类型1 正确率： 100.00% -> 1  100.00%, 2    0.00%, 3    0.00%
类型2 正确率： 100.00% -> 1    0.00%, 2  100.00%, 3    0.00%
类型3 正确率：   0.00% -> 1  100.00%, 2    0.00%, 3    0.00%

被排除样本 正确率：67.23%
类型1 没有样本或未被分类。
类型2 正确率：  97.00% -> 1    2.44%, 2   97.45%, 3    0.11%
类型3 正确率：   0.00% -> 1  100.00%, 2    0.00%, 3    0.00%


轮次:··1/·20 || c_Loss:0.381 || e_Loss:-1.197 || Aad_Loss:-35.239 || 耗时：34.60s
轮次:··2/·20 || c_Loss:0.350 || e_Loss:-1.233 || Aad_Loss:-42.042 || 耗时：13.08s
轮次:··3/·20 || c_Loss:0.349 || e_Loss:-1.313 || Aad_Loss:-37.564 || 耗时：12.95s
轮次:··4/·20 || c_Loss:0.371 || e_Loss:-1.183 || Aad_Loss:-40.751 || 耗时：12.90s
轮次:··5/·20 || c_Loss:0.360 || e_Loss:-1.268 || Aad_Loss:-40.546 || 耗时：12.91s
任务: (B2)N15_M07_F10→(B3)N15_M07_F04; mix批次:····0; 批次:··470/·1880;  总正确率: 61.88%
类型1 正确率： 100.00% -> 1  100.00%, 2    0.00%, 3    0.00%
类型2 正确率：  86.00% -> 1    0.00%, 2   85.65%, 3   14.35%
类型3 正确率：   0.00% -> 1  100.00%, 2    0.00%, 3    0.00%


样本变换：reverse
样本变换：mask
样本变换：shift
样本变换：none
未过滤	未用伪标签：61.88% -> 使用伪标签：0.03%
已过滤	未用伪标签：0.00% -> 使用伪标签：100.00%
排除样本：5998|6000	剩余：2
增添样本：0		细则：0类型1 正确率： 100.00% -> 1  100.00%

被排除样本 正确率：61.90%
类型1 正确率： 100.00% -> 1  100.00%, 2    0.00%, 3    0.00%
类型2 正确率：  86.00% -> 1    0.00%, 2   85.65%, 3   14.35%
类型3 正确率：   0.00% -> 1  100.00%, 2    0.00%, 3    0.00%


样本变换：reverse
样本变换：mask
样本变换：shift
样本变换：none
未过滤	未用伪标签：65.43% -> 使用伪标签：33.33%
已过滤	未用伪标签：65.43% -> 使用伪标签：33.33%
排除样本：6000|6000	剩余：
增添样本：0		细则：0类型1 正确率：   0.00% -> 1    0.00%, 2    0.00%, 3  100.00%
类型2 正确率：   0.00% -> 1    0.00%, 2    0.00%, 3  100.00%
类型3 正确率： 100.00% -> 1    0.00%, 2    0.00%, 3  100.00%

被排除样本 正确率：nan%


轮次:·11/·20 || c_Loss:1.088 || e_Loss:-0.055 || Aad_Loss:-4.522 || 耗时：50.43s
轮次:·12/·20 || c_Loss:1.024 || e_Loss:-0.047 || Aad_Loss:-7.472 || 耗时：12.96s
轮次:·13/·20 || c_Loss:0.983 || e_Loss:-0.055 || Aad_Loss:-1.351 || 耗时：12.91s
轮次:·14/·20 || c_Loss:0.934 || e_Loss:-0.050 || Aad_Loss:-7.420 || 耗时：12.85s
轮次:·15/·20 || c_Loss:0.933 || e_Loss:-0.083 || Aad_Loss:-0.655 || 耗时：12.84s
任务: (B2)N15_M07_F10→(B3)N15_M07_F04; mix批次:····0; 批次:·1410/·1880;  总正确率: 49.98%
类型1 正确率：   0.00% -> 1    0.00%, 2    0.00%, 3  100.00%
类型2 正确率：  50.00% -> 1    0.00%, 2   50.00%, 3   50.00%
类型3 正确率： 100.00% -> 1    0.00%, 2    0.05%, 3   99.95%


样本变换：reverse
样本变换：mask
样本变换：shift
样本变换：none
未过滤	未用伪标签：49.98% -> 使用伪标签：50.03%
已过滤	未用伪标签：50.00% -> 使用伪标签：50.07%
排除样本：4|6000	剩余：3998, 1002, 996
增添样本：5998		细则：0, 2996, 3002	正确率估算：99.90%
类型1 正确率： 100.00% -> 1  100.00%, 2    0.00%, 3    0.00%
类型2 正确率：  50.00% -> 1    0.00%, 2   50.15%, 3   49.85%
类型3 正确率：   0.00% -> 1  100.00%, 2    0.00%, 3    0.00%

被排除样本 正确率：25.00%
类型1 正确率：   0.00% -> 1    0.00%, 2  100.00%
类型2 正确率：  50.00% -> 1   50.00%, 2   50.00%


轮次:·16/·20 || c_Loss:0.399 || e_Loss:-0.685 || Aad_Loss:-35.588 || 耗时：34.74s
轮次:·17/·20 || c_Loss:0.387 || e_Loss:-0.717 || Aad_Loss:-38.390 || 耗时：12.95s
轮次:·18/·20 || c_Loss:0.398 || e_Loss:-0.712 || Aad_Loss:-39.640 || 耗时：13.00s
轮次:·19/·20 || c_Loss:0.396 || e_Loss:-0.757 || Aad_Loss:-36.458 || 耗时：12.96s
轮次:·20/·20 || c_Loss:0.386 || e_Loss:-0.792 || Aad_Loss:-37.514 || 耗时：12.89s
任务: (B2)N15_M07_F10→(B3)N15_M07_F04; mix批次:····0; 批次:·1880/·1880;  总正确率: 50.02%
类型1 正确率： 100.00% -> 1  100.00%, 2    0.00%, 3    0.00%
类型2 正确率：  50.00% -> 1    0.00%, 2   50.05%, 3   49.95%
类型3 正确率：   0.00% -> 1  100.00%, 2    0.00%, 3    0.00%


测试集任务: (B2)N15_M07_F10→(B3)N15_M07_F04; 总正确率 = 50.02%
类型1 正确率： 100.00% -> 1  100.00%, 2    0.00%, 3    0.00%
类型2 正确率：  50.00% -> 1    0.00%, 2   50.05%, 3   49.95%
类型3 正确率：   0.00% -> 1  100.00%, 2    0.00%, 3    0.00%


