读取源域路径：/kaggle/working/hust/H0/weight_HUST_M1_final_checkpoint_FH0toH0_s2024/NEW_PU/Source-源域/log&pt/(B2)N15_M07_F10
excel输出位置：/kaggle/working/hust/H0/weight_HUST_M1_final_checkpoint_FH0toH0_s2024/NEW_PU/Target-目标域
特征图片输出位置：/kaggle/working/hust/H0/weight_HUST_M1_final_checkpoint_FH0toH0_s2024/NEW_PU/Picture-特征图/2026年09月19日10时26分/(B2)N15_M07_F10
现在选取:(B2)N15_M07_F10 进行训练的源模型
现在进行：(B2)N15_M07_F10→(B1)N15_M01_F10 的迁移任务
log&pt输出位置：/kaggle/working/hust/H0/weight_HUST_M1_final_checkpoint_FH0toH0_s2024/NEW_PU/Target-目标域/log&pt/(B2)N15_M07_F10→(B1)N15_M01_F10
任务: (B2)N15_M07_F10→(B1)N15_M01_F10; 批次:····0/·1880;  总正确率: 98.57%
类型1 正确率： 100.00% -> 1  100.00%, 2    0.00%, 3    0.00%
类型2 正确率： 100.00% -> 1    0.00%, 2  100.00%, 3    0.00%
类型3 正确率：  96.00% -> 1    0.00%, 2    4.30%, 3   95.70%


样本变换：reverse
样本变换：mask
样本变换：shift
样本变换：none
未过滤	未用伪标签：98.57% -> 使用伪标签：97.78%
已过滤	未用伪标签：98.94% -> 使用伪标签：98.69%
排除样本：55|6000	剩余：2000, 2076, 1869
增添样本：283		细则：76, 0, 207	正确率估算：100.00%
类型1 正确率： 100.00% -> 1  100.00%, 2    0.00%, 3    0.00%
类型2 正确率： 100.00% -> 1    0.00%, 2  100.00%, 3    0.00%
类型3 正确率：  96.00% -> 1    0.00%, 2    4.01%, 3   95.99%

被排除样本 正确率：58.18%
类型1 正确率： 100.00% -> 1  100.00%, 2    0.00%
类型2 正确率：  57.00% -> 1   43.40%, 2   56.60%


轮次:··1/·20 || c_Loss:0.511 || e_Loss:-1.433 || Aad_Loss:-27.991 || 耗时：34.09s
轮次:··2/·20 || c_Loss:0.409 || e_Loss:-1.842 || Aad_Loss:-27.753 || 耗时：12.96s
轮次:··3/·20 || c_Loss:0.400 || e_Loss:-0.891 || Aad_Loss:-28.986 || 耗时：12.86s
轮次:··4/·20 || c_Loss:0.360 || e_Loss:-0.899 || Aad_Loss:-29.524 || 耗时：12.77s
轮次:··5/·20 || c_Loss:0.342 || e_Loss:-0.936 || Aad_Loss:-31.245 || 耗时：12.75s
任务: (B2)N15_M07_F10→(B1)N15_M01_F10; mix批次:····0; 批次:··470/·1880;  总正确率: 99.45%
类型1 正确率： 100.00% -> 1  100.00%, 2    0.00%, 3    0.00%
类型2 正确率： 100.00% -> 1    0.00%, 2  100.00%, 3    0.00%
类型3 正确率：  98.00% -> 1    0.00%, 2    1.65%, 3   98.35%


样本变换：reverse
样本变换：mask
样本变换：shift
样本变换：none
未过滤	未用伪标签：99.45% -> 使用伪标签：99.90%
已过滤	未用伪标签：99.53% -> 使用伪标签：100.00%
排除样本：6|6000	剩余：2000, 2000, 1994
增添样本：6		细则：0, 0, 6	正确率估算：100.00%
类型1 正确率： 100.00% -> 1  100.00%, 2    0.00%, 3    0.00%
类型2 正确率： 100.00% -> 1    0.00%, 2  100.00%, 3    0.00%
类型3 正确率： 100.00% -> 1    0.00%, 2    0.00%, 3  100.00%

被排除样本 正确率：16.67%
类型1 没有样本或未被分类。
类型2 正确率：  17.00% -> 1   83.33%, 2   16.67%


轮次:··6/·20 || c_Loss:0.362 || e_Loss:-0.998 || Aad_Loss:-26.278 || 耗时：34.02s
轮次:··7/·20 || c_Loss:0.387 || e_Loss:-0.910 || Aad_Loss:-26.639 || 耗时：12.94s
轮次:··8/·20 || c_Loss:0.372 || e_Loss:-0.986 || Aad_Loss:-26.175 || 耗时：12.96s
轮次:··9/·20 || c_Loss:0.378 || e_Loss:-1.890 || Aad_Loss:-27.040 || 耗时：12.97s
轮次:·10/·20 || c_Loss:0.374 || e_Loss:-0.910 || Aad_Loss:-27.581 || 耗时：12.98s
任务: (B2)N15_M07_F10→(B1)N15_M01_F10; mix批次:····0; 批次:··940/·1880;  总正确率: 100.00%
类型1 正确率： 100.00% -> 1  100.00%, 2    0.00%, 3    0.00%
类型2 正确率： 100.00% -> 1    0.00%, 2  100.00%, 3    0.00%
类型3 正确率： 100.00% -> 1    0.00%, 2    0.00%, 3  100.00%


样本变换：reverse
样本变换：mask
样本变换：shift
样本变换：none
未过滤	未用伪标签：100.00% -> 使用伪标签：100.00%
已过滤	未用伪标签：100.00% -> 使用伪标签：100.00%
排除样本：2000|6000	剩余：2000, 2000
增添样本：0		细则：0, 0, 0类型1 正确率： 100.00% -> 1  100.00%, 2    0.00%, 3    0.00%
类型2 正确率： 100.00% -> 1    0.00%, 2  100.00%, 3    0.00%
类型3 正确率： 100.00% -> 1    0.00%, 2    0.00%, 3  100.00%

被排除样本 正确率：nan%


轮次:·11/·20 || c_Loss:0.375 || e_Loss:-1.004 || Aad_Loss:-23.686 || 耗时：33.76s
轮次:·12/·20 || c_Loss:0.394 || e_Loss:-0.922 || Aad_Loss:-23.651 || 耗时：12.85s
轮次:·13/·20 || c_Loss:0.378 || e_Loss:-1.019 || Aad_Loss:-23.512 || 耗时：12.84s
轮次:·14/·20 || c_Loss:0.385 || e_Loss:-0.986 || Aad_Loss:-23.521 || 耗时：12.88s
轮次:·15/·20 || c_Loss:0.382 || e_Loss:-0.966 || Aad_Loss:-23.729 || 耗时：12.91s
任务: (B2)N15_M07_F10→(B1)N15_M01_F10; mix批次:····0; 批次:·1410/·1880;  总正确率: 100.00%
类型1 正确率： 100.00% -> 1  100.00%, 2    0.00%, 3    0.00%
类型2 正确率： 100.00% -> 1    0.00%, 2  100.00%, 3    0.00%
类型3 正确率： 100.00% -> 1    0.00%, 2    0.00%, 3  100.00%


样本变换：reverse
样本变换：mask
样本变换：shift
样本变换：none
未过滤	未用伪标签：100.00% -> 使用伪标签：100.00%
已过滤	未用伪标签：100.00% -> 使用伪标签：100.00%
排除样本：2000|6000	剩余：2000, 2000
增添样本：0		细则：0, 0, 0类型1 正确率： 100.00% -> 1  100.00%, 2    0.00%, 3    0.00%
类型2 正确率： 100.00% -> 1    0.00%, 2  100.00%, 3    0.00%
类型3 正确率： 100.00% -> 1    0.00%, 2    0.00%, 3  100.00%

被排除样本 正确率：nan%


轮次:·16/·20 || c_Loss:0.379 || e_Loss:-1.008 || Aad_Loss:-23.791 || 耗时：33.76s
轮次:·17/·20 || c_Loss:0.390 || e_Loss:-0.934 || Aad_Loss:-23.951 || 耗时：12.86s
轮次:·18/·20 || c_Loss:0.378 || e_Loss:-1.020 || Aad_Loss:-23.628 || 耗时：12.89s
轮次:·19/·20 || c_Loss:0.384 || e_Loss:-0.990 || Aad_Loss:-23.683 || 耗时：12.90s
轮次:·20/·20 || c_Loss:0.381 || e_Loss:-0.968 || Aad_Loss:-23.908 || 耗时：12.91s
任务: (B2)N15_M07_F10→(B1)N15_M01_F10; mix批次:····0; 批次:·1880/·1880;  总正确率: 100.00%
类型1 正确率： 100.00% -> 1  100.00%, 2    0.00%, 3    0.00%
类型2 正确率： 100.00% -> 1    0.00%, 2  100.00%, 3    0.00%
类型3 正确率： 100.00% -> 1    0.00%, 2    0.00%, 3  100.00%


测试集任务: (B2)N15_M07_F10→(B1)N15_M01_F10; 总正确率 = 100.00%
类型1 正确率： 100.00% -> 1  100.00%, 2    0.00%, 3    0.00%
类型2 正确率： 100.00% -> 1    0.00%, 2  100.00%, 3    0.00%
类型3 正确率： 100.00% -> 1    0.00%, 2    0.00%, 3  100.00%


