读取源域路径：/kaggle/working/hust/H0/weight_HUST_M1_final_checkpoint_FH0toH0_s2024/NEW_PU/Source-源域/log&pt/(B3)N15_M07_F04
excel输出位置：/kaggle/working/hust/H0/weight_HUST_M1_final_checkpoint_FH0toH0_s2024/NEW_PU/Target-目标域
特征图片输出位置：/kaggle/working/hust/H0/weight_HUST_M1_final_checkpoint_FH0toH0_s2024/NEW_PU/Picture-特征图/2026年09月19日10时44分/(B3)N15_M07_F04
现在选取:(B3)N15_M07_F04 进行训练的源模型
现在进行：(B3)N15_M07_F04→(B2)N15_M07_F10 的迁移任务
log&pt输出位置：/kaggle/working/hust/H0/weight_HUST_M1_final_checkpoint_FH0toH0_s2024/NEW_PU/Target-目标域/log&pt/(B3)N15_M07_F04→(B2)N15_M07_F10
任务: (B3)N15_M07_F04→(B2)N15_M07_F10; 批次:····0/·1880;  总正确率: 99.53%
类型1 正确率： 100.00% -> 1  100.00%, 2    0.00%, 3    0.00%
类型2 正确率：  99.00% -> 1    0.00%, 2   98.60%, 3    1.40%
类型3 正确率： 100.00% -> 1    0.00%, 2    0.00%, 3  100.00%


样本变换：reverse
样本变换：mask
样本变换：shift
样本变换：none
未过滤	未用伪标签：99.53% -> 使用伪标签：99.42%
已过滤	未用伪标签：99.75% -> 使用伪标签：99.77%
排除样本：21|6000	剩余：2000, 1965, 2014
增添样本：63		细则：14, 49, 0	正确率估算：100.00%
类型1 正确率： 100.00% -> 1  100.00%, 2    0.00%, 3    0.00%
类型2 正确率：  99.00% -> 1    0.00%, 2   99.29%, 3    0.71%
类型3 正确率： 100.00% -> 1    0.00%, 2    0.00%, 3  100.00%

被排除样本 正确率：38.10%
类型1 正确率：  38.00% -> 1   38.10%, 2   61.90%
类型2 没有样本或未被分类。


轮次:··1/·20 || c_Loss:0.520 || e_Loss:-1.060 || Aad_Loss:-29.518 || 耗时：34.08s
轮次:··2/·20 || c_Loss:0.393 || e_Loss:-1.005 || Aad_Loss:-30.052 || 耗时：12.98s
轮次:··3/·20 || c_Loss:0.369 || e_Loss:-1.008 || Aad_Loss:-30.915 || 耗时：12.92s
轮次:··4/·20 || c_Loss:0.372 || e_Loss:-0.939 || Aad_Loss:-30.664 || 耗时：12.86s
轮次:··5/·20 || c_Loss:0.359 || e_Loss:-1.673 || Aad_Loss:-30.187 || 耗时：12.81s
任务: (B3)N15_M07_F04→(B2)N15_M07_F10; mix批次:····0; 批次:··470/·1880;  总正确率: 100.00%
类型1 正确率： 100.00% -> 1  100.00%, 2    0.00%, 3    0.00%
类型2 正确率： 100.00% -> 1    0.00%, 2  100.00%, 3    0.00%
类型3 正确率： 100.00% -> 1    0.00%, 2    0.00%, 3  100.00%


样本变换：reverse
样本变换：mask
样本变换：shift
样本变换：none
未过滤	未用伪标签：100.00% -> 使用伪标签：100.00%
已过滤	未用伪标签：100.00% -> 使用伪标签：100.00%
排除样本：2000|6000	剩余：2000, 2000
增添样本：0		细则：0, 0, 0类型1 正确率： 100.00% -> 1  100.00%, 2    0.00%, 3    0.00%
类型2 正确率： 100.00% -> 1    0.00%, 2  100.00%, 3    0.00%
类型3 正确率： 100.00% -> 1    0.00%, 2    0.00%, 3  100.00%

被排除样本 正确率：nan%


轮次:··6/·20 || c_Loss:0.367 || e_Loss:-0.996 || Aad_Loss:-23.558 || 耗时：33.71s
轮次:··7/·20 || c_Loss:0.376 || e_Loss:-0.955 || Aad_Loss:-23.845 || 耗时：12.95s
轮次:··8/·20 || c_Loss:0.374 || e_Loss:-1.008 || Aad_Loss:-23.206 || 耗时：12.96s
轮次:··9/·20 || c_Loss:0.379 || e_Loss:-0.993 || Aad_Loss:-23.329 || 耗时：12.92s
轮次:·10/·20 || c_Loss:0.376 || e_Loss:-0.970 || Aad_Loss:-23.731 || 耗时：12.86s
任务: (B3)N15_M07_F04→(B2)N15_M07_F10; mix批次:····0; 批次:··940/·1880;  总正确率: 100.00%
类型1 正确率： 100.00% -> 1  100.00%, 2    0.00%, 3    0.00%
类型2 正确率： 100.00% -> 1    0.00%, 2  100.00%, 3    0.00%
类型3 正确率： 100.00% -> 1    0.00%, 2    0.00%, 3  100.00%


样本变换：reverse
样本变换：mask
样本变换：shift
样本变换：none
未过滤	未用伪标签：100.00% -> 使用伪标签：100.00%
已过滤	未用伪标签：100.00% -> 使用伪标签：100.00%
排除样本：2000|6000	剩余：2000, 2000
增添样本：0		细则：0, 0, 0类型1 正确率： 100.00% -> 1  100.00%, 2    0.00%, 3    0.00%
类型2 正确率： 100.00% -> 1    0.00%, 2  100.00%, 3    0.00%
类型3 正确率： 100.00% -> 1    0.00%, 2    0.00%, 3  100.00%

被排除样本 正确率：nan%


轮次:·11/·20 || c_Loss:0.376 || e_Loss:-1.009 || Aad_Loss:-23.746 || 耗时：33.68s
轮次:·12/·20 || c_Loss:0.377 || e_Loss:-0.966 || Aad_Loss:-24.062 || 耗时：12.94s
轮次:·13/·20 || c_Loss:0.375 || e_Loss:-1.011 || Aad_Loss:-23.412 || 耗时：12.98s
轮次:·14/·20 || c_Loss:0.379 || e_Loss:-0.994 || Aad_Loss:-23.534 || 耗时：12.91s
轮次:·15/·20 || c_Loss:0.376 || e_Loss:-0.970 || Aad_Loss:-23.946 || 耗时：12.86s
任务: (B3)N15_M07_F04→(B2)N15_M07_F10; mix批次:····0; 批次:·1410/·1880;  总正确率: 100.00%
类型1 正确率： 100.00% -> 1  100.00%, 2    0.00%, 3    0.00%
类型2 正确率： 100.00% -> 1    0.00%, 2  100.00%, 3    0.00%
类型3 正确率： 100.00% -> 1    0.00%, 2    0.00%, 3  100.00%


样本变换：reverse
样本变换：mask
样本变换：shift
样本变换：none
未过滤	未用伪标签：100.00% -> 使用伪标签：100.00%
已过滤	未用伪标签：100.00% -> 使用伪标签：100.00%
排除样本：2000|6000	剩余：2000, 2000
增添样本：0		细则：0, 0, 0类型1 正确率： 100.00% -> 1  100.00%, 2    0.00%, 3    0.00%
类型2 正确率： 100.00% -> 1    0.00%, 2  100.00%, 3    0.00%
类型3 正确率： 100.00% -> 1    0.00%, 2    0.00%, 3  100.00%

被排除样本 正确率：nan%


轮次:·16/·20 || c_Loss:0.376 || e_Loss:-1.010 || Aad_Loss:-23.839 || 耗时：33.78s
轮次:·17/·20 || c_Loss:0.377 || e_Loss:-0.969 || Aad_Loss:-24.174 || 耗时：12.90s
轮次:·18/·20 || c_Loss:0.375 || e_Loss:-1.012 || Aad_Loss:-23.528 || 耗时：12.95s
轮次:·19/·20 || c_Loss:0.379 || e_Loss:-0.994 || Aad_Loss:-23.650 || 耗时：12.93s
轮次:·20/·20 || c_Loss:0.376 || e_Loss:-0.970 || Aad_Loss:-24.076 || 耗时：12.89s
任务: (B3)N15_M07_F04→(B2)N15_M07_F10; mix批次:····0; 批次:·1880/·1880;  总正确率: 100.00%
类型1 正确率： 100.00% -> 1  100.00%, 2    0.00%, 3    0.00%
类型2 正确率： 100.00% -> 1    0.00%, 2  100.00%, 3    0.00%
类型3 正确率： 100.00% -> 1    0.00%, 2    0.00%, 3  100.00%


测试集任务: (B3)N15_M07_F04→(B2)N15_M07_F10; 总正确率 = 100.00%
类型1 正确率： 100.00% -> 1  100.00%, 2    0.00%, 3    0.00%
类型2 正确率： 100.00% -> 1    0.00%, 2  100.00%, 3    0.00%
类型3 正确率： 100.00% -> 1    0.00%, 2    0.00%, 3  100.00%


