读取源域路径：/kaggle/working/hust/H0/weight_HUST_M1_final_checkpoint_FH0toH0_s2024/NEW_PU/Source-源域/log&pt/(B1)N15_M01_F10
excel输出位置：/kaggle/working/hust/H0/weight_HUST_M1_final_checkpoint_FH0toH0_s2024/NEW_PU/Target-目标域
特征图片输出位置：/kaggle/working/hust/H0/weight_HUST_M1_final_checkpoint_FH0toH0_s2024/NEW_PU/Picture-特征图/2026年09月19日10时20分/(B1)N15_M01_F10
现在选取:(B1)N15_M01_F10 进行训练的源模型
现在进行：(B1)N15_M01_F10→(B3)N15_M07_F04 的迁移任务
log&pt输出位置：/kaggle/working/hust/H0/weight_HUST_M1_final_checkpoint_FH0toH0_s2024/NEW_PU/Target-目标域/log&pt/(B1)N15_M01_F10→(B3)N15_M07_F04
任务: (B1)N15_M01_F10→(B3)N15_M07_F04; 批次:····0/·1880;  总正确率: 99.50%
类型1 正确率： 100.00% -> 1  100.00%, 2    0.00%, 3    0.00%
类型2 正确率：  99.00% -> 1    0.00%, 2   98.55%, 3    1.45%
类型3 正确率： 100.00% -> 1    0.00%, 2    0.05%, 3   99.95%


样本变换：reverse
样本变换：mask
样本变换：shift
样本变换：none
未过滤	未用伪标签：99.50% -> 使用伪标签：99.00%
已过滤	未用伪标签：99.55% -> 使用伪标签：99.41%
排除样本：25|6000	剩余：2000, 1940, 2035
增添样本：130		细则：35, 95, 0	正确率估算：100.00%
类型1 正确率： 100.00% -> 1  100.00%, 2    0.00%, 3    0.00%
类型2 正确率：  98.00% -> 1    0.00%, 2   98.23%, 3    1.77%
类型3 正确率： 100.00% -> 1    0.00%, 2    0.00%, 3  100.00%

被排除样本 正确率：88.00%
类型1 正确率：  88.00% -> 1   88.00%, 2   12.00%
类型2 没有样本或未被分类。


轮次:··1/·20 || c_Loss:0.536 || e_Loss:-1.080 || Aad_Loss:-29.615 || 耗时：34.06s
轮次:··2/·20 || c_Loss:0.402 || e_Loss:-1.003 || Aad_Loss:-30.358 || 耗时：13.03s
轮次:··3/·20 || c_Loss:0.372 || e_Loss:-0.989 || Aad_Loss:-30.705 || 耗时：12.94s
轮次:··4/·20 || c_Loss:0.359 || e_Loss:-1.003 || Aad_Loss:-31.083 || 耗时：12.87s
轮次:··5/·20 || c_Loss:0.389 || e_Loss:-0.983 || Aad_Loss:-30.347 || 耗时：12.83s
任务: (B1)N15_M01_F10→(B3)N15_M07_F04; mix批次:····0; 批次:··470/·1880;  总正确率: 99.82%
类型1 正确率： 100.00% -> 1  100.00%, 2    0.00%, 3    0.00%
类型2 正确率：  99.00% -> 1    0.00%, 2   99.45%, 3    0.55%
类型3 正确率： 100.00% -> 1    0.00%, 2    0.00%, 3  100.00%


样本变换：reverse
样本变换：mask
样本变换：shift
样本变换：none
未过滤	未用伪标签：99.82% -> 使用伪标签：99.98%
已过滤	未用伪标签：99.82% -> 使用伪标签：99.98%
排除样本：2000|6000	剩余：1999, 2001
增添样本：3		细则：1, 2, 0	正确率估算：100.00%
类型1 正确率： 100.00% -> 1  100.00%, 2    0.00%, 3    0.00%
类型2 正确率： 100.00% -> 1    0.00%, 2   99.95%, 3    0.05%
类型3 正确率： 100.00% -> 1    0.00%, 2    0.00%, 3  100.00%

被排除样本 正确率：nan%


轮次:··6/·20 || c_Loss:0.371 || e_Loss:-0.990 || Aad_Loss:-24.852 || 耗时：33.65s
轮次:··7/·20 || c_Loss:0.383 || e_Loss:-0.951 || Aad_Loss:-25.879 || 耗时：12.92s
轮次:··8/·20 || c_Loss:0.392 || e_Loss:-0.894 || Aad_Loss:-25.157 || 耗时：12.96s
轮次:··9/·20 || c_Loss:0.377 || e_Loss:-1.015 || Aad_Loss:-24.668 || 耗时：12.95s
轮次:·10/·20 || c_Loss:0.396 || e_Loss:-0.887 || Aad_Loss:-26.690 || 耗时：12.88s
任务: (B1)N15_M01_F10→(B3)N15_M07_F04; mix批次:····0; 批次:··940/·1880;  总正确率: 100.00%
类型1 正确率： 100.00% -> 1  100.00%, 2    0.00%, 3    0.00%
类型2 正确率： 100.00% -> 1    0.00%, 2  100.00%, 3    0.00%
类型3 正确率： 100.00% -> 1    0.00%, 2    0.00%, 3  100.00%


样本变换：reverse
样本变换：mask
样本变换：shift
样本变换：none
未过滤	未用伪标签：100.00% -> 使用伪标签：100.00%
已过滤	未用伪标签：100.00% -> 使用伪标签：100.00%
排除样本：2000|6000	剩余：2000, 2000
增添样本：0		细则：0, 0, 0类型1 正确率： 100.00% -> 1  100.00%, 2    0.00%, 3    0.00%
类型2 正确率： 100.00% -> 1    0.00%, 2  100.00%, 3    0.00%
类型3 正确率： 100.00% -> 1    0.00%, 2    0.00%, 3  100.00%

被排除样本 正确率：nan%


轮次:·11/·20 || c_Loss:0.378 || e_Loss:-1.008 || Aad_Loss:-23.690 || 耗时：33.63s
轮次:·12/·20 || c_Loss:0.380 || e_Loss:-0.970 || Aad_Loss:-24.185 || 耗时：12.91s
轮次:·13/·20 || c_Loss:0.378 || e_Loss:-1.013 || Aad_Loss:-23.507 || 耗时：12.97s
轮次:·14/·20 || c_Loss:0.378 || e_Loss:-1.002 || Aad_Loss:-23.554 || 耗时：12.93s
轮次:·15/·20 || c_Loss:0.380 || e_Loss:-0.969 || Aad_Loss:-23.863 || 耗时：12.88s
任务: (B1)N15_M01_F10→(B3)N15_M07_F04; mix批次:····0; 批次:·1410/·1880;  总正确率: 100.00%
类型1 正确率： 100.00% -> 1  100.00%, 2    0.00%, 3    0.00%
类型2 正确率： 100.00% -> 1    0.00%, 2  100.00%, 3    0.00%
类型3 正确率： 100.00% -> 1    0.00%, 2    0.00%, 3  100.00%


样本变换：reverse
样本变换：mask
样本变换：shift
样本变换：none
未过滤	未用伪标签：100.00% -> 使用伪标签：100.00%
已过滤	未用伪标签：100.00% -> 使用伪标签：100.00%
排除样本：2000|6000	剩余：2000, 2000
增添样本：0		细则：0, 0, 0类型1 正确率： 100.00% -> 1  100.00%, 2    0.00%, 3    0.00%
类型2 正确率： 100.00% -> 1    0.00%, 2  100.00%, 3    0.00%
类型3 正确率： 100.00% -> 1    0.00%, 2    0.00%, 3  100.00%

被排除样本 正确率：nan%


轮次:·16/·20 || c_Loss:0.378 || e_Loss:-1.008 || Aad_Loss:-23.791 || 耗时：33.69s
轮次:·17/·20 || c_Loss:0.380 || e_Loss:-0.972 || Aad_Loss:-24.286 || 耗时：12.89s
轮次:·18/·20 || c_Loss:0.378 || e_Loss:-1.013 || Aad_Loss:-23.616 || 耗时：12.96s
轮次:·19/·20 || c_Loss:0.378 || e_Loss:-1.003 || Aad_Loss:-23.673 || 耗时：12.92s
轮次:·20/·20 || c_Loss:0.380 || e_Loss:-0.970 || Aad_Loss:-24.011 || 耗时：12.91s
任务: (B1)N15_M01_F10→(B3)N15_M07_F04; mix批次:····0; 批次:·1880/·1880;  总正确率: 100.00%
类型1 正确率： 100.00% -> 1  100.00%, 2    0.00%, 3    0.00%
类型2 正确率： 100.00% -> 1    0.00%, 2  100.00%, 3    0.00%
类型3 正确率： 100.00% -> 1    0.00%, 2    0.00%, 3  100.00%


测试集任务: (B1)N15_M01_F10→(B3)N15_M07_F04; 总正确率 = 100.00%
类型1 正确率： 100.00% -> 1  100.00%, 2    0.00%, 3    0.00%
类型2 正确率： 100.00% -> 1    0.00%, 2  100.00%, 3    0.00%
类型3 正确率： 100.00% -> 1    0.00%, 2    0.00%, 3  100.00%


