读取源域路径：/kaggle/working/hust/H0/weight_HUST_M1_final_checkpoint_FH0toH0_s2024/NEW_PU/Source-源域/log&pt/(B3)N15_M07_F04
excel输出位置：/kaggle/working/hust/H0/weight_HUST_M1_final_checkpoint_FH0toH0_s2024/NEW_PU/Target-目标域
特征图片输出位置：/kaggle/working/hust/H0/weight_HUST_M1_final_checkpoint_FH0toH0_s2024/NEW_PU/Picture-特征图/2026年09月19日10时38分/(B3)N15_M07_F04
现在选取:(B3)N15_M07_F04 进行训练的源模型
现在进行：(B3)N15_M07_F04→(B1)N15_M01_F10 的迁移任务
log&pt输出位置：/kaggle/working/hust/H0/weight_HUST_M1_final_checkpoint_FH0toH0_s2024/NEW_PU/Target-目标域/log&pt/(B3)N15_M07_F04→(B1)N15_M01_F10
任务: (B3)N15_M07_F04→(B1)N15_M01_F10; 批次:····0/·1880;  总正确率: 99.93%
类型1 正确率： 100.00% -> 1  100.00%, 2    0.00%, 3    0.00%
类型2 正确率： 100.00% -> 1    0.00%, 2   99.85%, 3    0.15%
类型3 正确率： 100.00% -> 1    0.00%, 2    0.05%, 3   99.95%


样本变换：reverse
样本变换：mask
样本变换：shift
样本变换：none
未过滤	未用伪标签：99.93% -> 使用伪标签：99.93%
已过滤	未用伪标签：99.98% -> 使用伪标签：99.98%
排除样本：3|6000	剩余：2000, 1998, 1999
增添样本：3		细则：0, 2, 1	正确率估算：100.00%
类型1 正确率： 100.00% -> 1  100.00%, 2    0.00%, 3    0.00%
类型2 正确率： 100.00% -> 1    0.00%, 2  100.00%, 3    0.00%
类型3 正确率： 100.00% -> 1    0.00%, 2    0.05%, 3   99.95%

被排除样本 正确率：0.00%
类型1 正确率：   0.00% -> 1    0.00%, 2  100.00%
类型2 没有样本或未被分类。


轮次:··1/·20 || c_Loss:0.531 || e_Loss:-1.071 || Aad_Loss:-24.030 || 耗时：33.91s
轮次:··2/·20 || c_Loss:0.418 || e_Loss:-0.982 || Aad_Loss:-25.604 || 耗时：13.03s
轮次:··3/·20 || c_Loss:0.403 || e_Loss:-0.903 || Aad_Loss:-24.155 || 耗时：12.95s
轮次:··4/·20 || c_Loss:0.379 || e_Loss:-1.006 || Aad_Loss:-24.186 || 耗时：12.87s
轮次:··5/·20 || c_Loss:0.383 || e_Loss:-0.908 || Aad_Loss:-26.908 || 耗时：12.86s
任务: (B3)N15_M07_F04→(B1)N15_M01_F10; mix批次:····0; 批次:··470/·1880;  总正确率: 99.98%
类型1 正确率： 100.00% -> 1  100.00%, 2    0.00%, 3    0.00%
类型2 正确率： 100.00% -> 1    0.00%, 2  100.00%, 3    0.00%
类型3 正确率： 100.00% -> 1    0.00%, 2    0.05%, 3   99.95%


样本变换：reverse
样本变换：mask
样本变换：shift
样本变换：none
未过滤	未用伪标签：99.98% -> 使用伪标签：99.98%
已过滤	未用伪标签：100.00% -> 使用伪标签：100.00%
排除样本：1|6000	剩余：2000, 2000, 1999
增添样本：1		细则：0, 0, 1	正确率估算：100.00%
类型1 正确率： 100.00% -> 1  100.00%, 2    0.00%, 3    0.00%
类型2 正确率： 100.00% -> 1    0.00%, 2  100.00%, 3    0.00%
类型3 正确率： 100.00% -> 1    0.00%, 2    0.00%, 3  100.00%

被排除样本 正确率：0.00%
类型1 没有样本或未被分类。
类型2 正确率：   0.00% -> 1  100.00%, 2    0.00%


轮次:··6/·20 || c_Loss:0.374 || e_Loss:-1.027 || Aad_Loss:-23.813 || 耗时：33.68s
轮次:··7/·20 || c_Loss:0.376 || e_Loss:-1.030 || Aad_Loss:-23.672 || 耗时：12.91s
轮次:··8/·20 || c_Loss:0.387 || e_Loss:-0.916 || Aad_Loss:-25.054 || 耗时：12.94s
轮次:··9/·20 || c_Loss:0.377 || e_Loss:-1.026 || Aad_Loss:-23.875 || 耗时：12.92s
轮次:·10/·20 || c_Loss:0.375 || e_Loss:-1.026 || Aad_Loss:-23.779 || 耗时：12.85s
任务: (B3)N15_M07_F04→(B1)N15_M01_F10; mix批次:····0; 批次:··940/·1880;  总正确率: 99.98%
类型1 正确率： 100.00% -> 1  100.00%, 2    0.00%, 3    0.00%
类型2 正确率： 100.00% -> 1    0.00%, 2  100.00%, 3    0.00%
类型3 正确率： 100.00% -> 1    0.00%, 2    0.05%, 3   99.95%


样本变换：reverse
样本变换：mask
样本变换：shift
样本变换：none
未过滤	未用伪标签：99.98% -> 使用伪标签：100.00%
已过滤	未用伪标签：99.98% -> 使用伪标签：100.00%
排除样本：2000|6000	剩余：2000, 2000
增添样本：0		细则：0, 0, 0类型1 正确率： 100.00% -> 1  100.00%, 2    0.00%, 3    0.00%
类型2 正确率： 100.00% -> 1    0.00%, 2  100.00%, 3    0.00%
类型3 正确率： 100.00% -> 1    0.00%, 2    0.00%, 3  100.00%

被排除样本 正确率：nan%


轮次:·11/·20 || c_Loss:0.375 || e_Loss:-1.013 || Aad_Loss:-23.681 || 耗时：33.75s
轮次:·12/·20 || c_Loss:0.386 || e_Loss:-0.940 || Aad_Loss:-23.902 || 耗时：12.90s
轮次:·13/·20 || c_Loss:0.374 || e_Loss:-1.013 || Aad_Loss:-23.447 || 耗时：12.97s
轮次:·14/·20 || c_Loss:0.378 || e_Loss:-0.995 || Aad_Loss:-23.668 || 耗时：12.96s
轮次:·15/·20 || c_Loss:0.374 || e_Loss:-0.969 || Aad_Loss:-24.033 || 耗时：12.93s
任务: (B3)N15_M07_F04→(B1)N15_M01_F10; mix批次:····0; 批次:·1410/·1880;  总正确率: 100.00%
类型1 正确率： 100.00% -> 1  100.00%, 2    0.00%, 3    0.00%
类型2 正确率： 100.00% -> 1    0.00%, 2  100.00%, 3    0.00%
类型3 正确率： 100.00% -> 1    0.00%, 2    0.00%, 3  100.00%


样本变换：reverse
样本变换：mask
样本变换：shift
样本变换：none
未过滤	未用伪标签：100.00% -> 使用伪标签：100.00%
已过滤	未用伪标签：100.00% -> 使用伪标签：100.00%
排除样本：2000|6000	剩余：2000, 2000
增添样本：0		细则：0, 0, 0类型1 正确率： 100.00% -> 1  100.00%, 2    0.00%, 3    0.00%
类型2 正确率： 100.00% -> 1    0.00%, 2  100.00%, 3    0.00%
类型3 正确率： 100.00% -> 1    0.00%, 2    0.00%, 3  100.00%

被排除样本 正确率：nan%


轮次:·16/·20 || c_Loss:0.375 || e_Loss:-1.013 || Aad_Loss:-23.781 || 耗时：33.90s
轮次:·17/·20 || c_Loss:0.382 || e_Loss:-0.948 || Aad_Loss:-24.120 || 耗时：12.90s
轮次:·18/·20 || c_Loss:0.374 || e_Loss:-1.014 || Aad_Loss:-23.562 || 耗时：12.92s
轮次:·19/·20 || c_Loss:0.377 || e_Loss:-0.997 || Aad_Loss:-23.779 || 耗时：12.91s
轮次:·20/·20 || c_Loss:0.374 || e_Loss:-0.969 || Aad_Loss:-24.162 || 耗时：12.91s
任务: (B3)N15_M07_F04→(B1)N15_M01_F10; mix批次:····0; 批次:·1880/·1880;  总正确率: 100.00%
类型1 正确率： 100.00% -> 1  100.00%, 2    0.00%, 3    0.00%
类型2 正确率： 100.00% -> 1    0.00%, 2  100.00%, 3    0.00%
类型3 正确率： 100.00% -> 1    0.00%, 2    0.00%, 3  100.00%


测试集任务: (B3)N15_M07_F04→(B1)N15_M01_F10; 总正确率 = 100.00%
类型1 正确率： 100.00% -> 1  100.00%, 2    0.00%, 3    0.00%
类型2 正确率： 100.00% -> 1    0.00%, 2  100.00%, 3    0.00%
类型3 正确率： 100.00% -> 1    0.00%, 2    0.00%, 3  100.00%


