读取源域路径：/kaggle/working/hust/H0/weight_HUST_M1_final_checkpoint_FH0toH0_s2024/NEW_PU/Source-源域/log&pt/(B2)N15_M07_F10
excel输出位置：/kaggle/working/hust/H0/weight_HUST_M1_final_checkpoint_FH0toH0_s2024/NEW_PU/Target-目标域
特征图片输出位置：/kaggle/working/hust/H0/weight_HUST_M1_final_checkpoint_FH0toH0_s2024/NEW_PU/Picture-特征图/2026年09月19日10时32分/(B2)N15_M07_F10
现在选取:(B2)N15_M07_F10 进行训练的源模型
现在进行：(B2)N15_M07_F10→(B3)N15_M07_F04 的迁移任务
log&pt输出位置：/kaggle/working/hust/H0/weight_HUST_M1_final_checkpoint_FH0toH0_s2024/NEW_PU/Target-目标域/log&pt/(B2)N15_M07_F10→(B3)N15_M07_F04
任务: (B2)N15_M07_F10→(B3)N15_M07_F04; 批次:····0/·1880;  总正确率: 97.15%
类型1 正确率： 100.00% -> 1  100.00%, 2    0.00%, 3    0.00%
类型2 正确率： 100.00% -> 1    0.00%, 2  100.00%, 3    0.00%
类型3 正确率：  91.00% -> 1    0.00%, 2    8.55%, 3   91.45%


样本变换：reverse
样本变换：mask
样本变换：shift
样本变换：none
未过滤	未用伪标签：97.15% -> 使用伪标签：96.63%
已过滤	未用伪标签：97.46% -> 使用伪标签：97.59%
排除样本：59|6000	剩余：2000, 2143, 1798
增添样本：488		细则：143, 0, 345	正确率估算：99.80%
类型1 正确率： 100.00% -> 1  100.00%, 2    0.00%, 3    0.00%
类型2 正确率： 100.00% -> 1    0.00%, 2  100.00%, 3    0.00%
类型3 正确率：  93.00% -> 1    0.00%, 2    7.37%, 3   92.63%

被排除样本 正确率：66.10%
类型1 没有样本或未被分类。
类型2 正确率：  66.00% -> 1   33.90%, 2   66.10%


轮次:··1/·20 || c_Loss:0.529 || e_Loss:-1.060 || Aad_Loss:-29.426 || 耗时：34.18s
轮次:··2/·20 || c_Loss:0.400 || e_Loss:-1.700 || Aad_Loss:-29.319 || 耗时：12.97s
轮次:··3/·20 || c_Loss:0.357 || e_Loss:-0.961 || Aad_Loss:-30.697 || 耗时：12.85s
轮次:··4/·20 || c_Loss:0.341 || e_Loss:-0.952 || Aad_Loss:-31.520 || 耗时：12.82s
轮次:··5/·20 || c_Loss:0.390 || e_Loss:-0.895 || Aad_Loss:-30.291 || 耗时：12.80s
任务: (B2)N15_M07_F10→(B3)N15_M07_F04; mix批次:····0; 批次:··470/·1880;  总正确率: 97.77%
类型1 正确率： 100.00% -> 1  100.00%, 2    0.00%, 3    0.00%
类型2 正确率： 100.00% -> 1    0.00%, 2  100.00%, 3    0.00%
类型3 正确率：  93.00% -> 1    0.00%, 2    6.70%, 3   93.30%


样本变换：reverse
样本变换：mask
样本变换：shift
样本变换：none
未过滤	未用伪标签：97.77% -> 使用伪标签：98.97%
已过滤	未用伪标签：98.09% -> 使用伪标签：99.31%
排除样本：21|6000	剩余：2000, 2041, 1938
增添样本：144		细则：41, 0, 103	正确率估算：97.22%
类型1 正确率： 100.00% -> 1  100.00%, 2    0.00%, 3    0.00%
类型2 正确率： 100.00% -> 1    0.00%, 2  100.00%, 3    0.00%
类型3 正确率：  98.00% -> 1    0.00%, 2    2.07%, 3   97.93%

被排除样本 正确率：4.76%
类型1 没有样本或未被分类。
类型2 正确率：   5.00% -> 1   95.24%, 2    4.76%


轮次:··6/·20 || c_Loss:0.379 || e_Loss:-0.926 || Aad_Loss:-31.678 || 耗时：33.97s
轮次:··7/·20 || c_Loss:0.371 || e_Loss:-0.967 || Aad_Loss:-30.517 || 耗时：12.96s
轮次:··8/·20 || c_Loss:0.397 || e_Loss:-0.973 || Aad_Loss:-30.988 || 耗时：12.98s
轮次:··9/·20 || c_Loss:0.375 || e_Loss:-0.936 || Aad_Loss:-30.938 || 耗时：12.98s
轮次:·10/·20 || c_Loss:0.379 || e_Loss:-0.950 || Aad_Loss:-30.097 || 耗时：12.98s
任务: (B2)N15_M07_F10→(B3)N15_M07_F04; mix批次:····0; 批次:··940/·1880;  总正确率: 99.48%
类型1 正确率： 100.00% -> 1  100.00%, 2    0.00%, 3    0.00%
类型2 正确率： 100.00% -> 1    0.00%, 2  100.00%, 3    0.00%
类型3 正确率：  98.00% -> 1    0.00%, 2    1.55%, 3   98.45%


样本变换：reverse
样本变换：mask
样本变换：shift
样本变换：none
未过滤	未用伪标签：99.48% -> 使用伪标签：99.72%
已过滤	未用伪标签：99.62% -> 使用伪标签：99.85%
排除样本：8|6000	剩余：2000, 2009, 1983
增添样本：35		细则：9, 0, 26	正确率估算：100.00%
类型1 正确率： 100.00% -> 1  100.00%, 2    0.00%, 3    0.00%
类型2 正确率： 100.00% -> 1    0.00%, 2  100.00%, 3    0.00%
类型3 正确率： 100.00% -> 1    0.00%, 2    0.45%, 3   99.55%

被排除样本 正确率：0.00%
类型1 没有样本或未被分类。
类型2 正确率：   0.00% -> 1  100.00%, 2    0.00%


轮次:·11/·20 || c_Loss:0.366 || e_Loss:-0.985 || Aad_Loss:-31.977 || 耗时：33.88s
轮次:·12/·20 || c_Loss:0.391 || e_Loss:-1.004 || Aad_Loss:-30.812 || 耗时：12.84s
轮次:·13/·20 || c_Loss:0.371 || e_Loss:-0.997 || Aad_Loss:-31.753 || 耗时：12.82s
轮次:·14/·20 || c_Loss:0.369 || e_Loss:-0.971 || Aad_Loss:-32.135 || 耗时：12.82s
轮次:·15/·20 || c_Loss:0.369 || e_Loss:-0.984 || Aad_Loss:-31.652 || 耗时：12.81s
任务: (B2)N15_M07_F10→(B3)N15_M07_F04; mix批次:····0; 批次:·1410/·1880;  总正确率: 99.90%
类型1 正确率： 100.00% -> 1  100.00%, 2    0.00%, 3    0.00%
类型2 正确率： 100.00% -> 1    0.00%, 2  100.00%, 3    0.00%
类型3 正确率： 100.00% -> 1    0.00%, 2    0.30%, 3   99.70%


样本变换：reverse
样本变换：mask
样本变换：shift
样本变换：none
未过滤	未用伪标签：99.90% -> 使用伪标签：99.97%
已过滤	未用伪标签：99.90% -> 使用伪标签：99.97%
排除样本：2000|6000	剩余：2002, 1998
增添样本：6		细则：2, 0, 4	正确率估算：100.00%
类型1 正确率： 100.00% -> 1  100.00%, 2    0.00%, 3    0.00%
类型2 正确率： 100.00% -> 1    0.00%, 2  100.00%, 3    0.00%
类型3 正确率： 100.00% -> 1    0.00%, 2    0.10%, 3   99.90%

被排除样本 正确率：nan%


轮次:·16/·20 || c_Loss:0.372 || e_Loss:-1.009 || Aad_Loss:-26.630 || 耗时：33.88s
轮次:·17/·20 || c_Loss:0.384 || e_Loss:-0.958 || Aad_Loss:-26.753 || 耗时：12.92s
轮次:·18/·20 || c_Loss:0.376 || e_Loss:-1.005 || Aad_Loss:-26.596 || 耗时：12.96s
轮次:·19/·20 || c_Loss:0.376 || e_Loss:-0.957 || Aad_Loss:-28.006 || 耗时：12.94s
轮次:·20/·20 || c_Loss:0.385 || e_Loss:-0.935 || Aad_Loss:-27.527 || 耗时：12.93s
任务: (B2)N15_M07_F10→(B3)N15_M07_F04; mix批次:····0; 批次:·1880/·1880;  总正确率: 99.98%
类型1 正确率： 100.00% -> 1  100.00%, 2    0.00%, 3    0.00%
类型2 正确率： 100.00% -> 1    0.00%, 2  100.00%, 3    0.00%
类型3 正确率： 100.00% -> 1    0.00%, 2    0.05%, 3   99.95%


测试集任务: (B2)N15_M07_F10→(B3)N15_M07_F04; 总正确率 = 99.98%
类型1 正确率： 100.00% -> 1  100.00%, 2    0.00%, 3    0.00%
类型2 正确率： 100.00% -> 1    0.00%, 2  100.00%, 3    0.00%
类型3 正确率： 100.00% -> 1    0.00%, 2    0.05%, 3   99.95%


