读取源域路径：/kaggle/working/hust/H0/weight_HUST_M1_final_checkpoint_FH0toH0_s2024/NEW_PU/Source-源域/log&pt/(B1)N15_M01_F10
excel输出位置：/kaggle/working/hust/H0/weight_HUST_M1_final_checkpoint_FH0toH0_s2024/NEW_PU/Target-目标域
特征图片输出位置：/kaggle/working/hust/H0/weight_HUST_M1_final_checkpoint_FH0toH0_s2024/NEW_PU/Picture-特征图/2026年09月19日10时14分/(B1)N15_M01_F10
现在选取:(B1)N15_M01_F10 进行训练的源模型
现在进行：(B1)N15_M01_F10→(B2)N15_M07_F10 的迁移任务
log&pt输出位置：/kaggle/working/hust/H0/weight_HUST_M1_final_checkpoint_FH0toH0_s2024/NEW_PU/Target-目标域/log&pt/(B1)N15_M01_F10→(B2)N15_M07_F10
任务: (B1)N15_M01_F10→(B2)N15_M07_F10; 批次:····0/·1880;  总正确率: 95.93%
类型1 正确率： 100.00% -> 1  100.00%, 2    0.00%, 3    0.00%
类型2 正确率：  88.00% -> 1    0.00%, 2   87.80%, 3   12.20%
类型3 正确率： 100.00% -> 1    0.00%, 2    0.00%, 3  100.00%


样本变换：reverse
样本变换：mask
样本变换：shift
样本变换：none
未过滤	未用伪标签：95.93% -> 使用伪标签：88.92%
已过滤	未用伪标签：95.93% -> 使用伪标签：89.02%
排除样本：7|6000	剩余：2000, 1335, 2658
增添样本：1981		细则：658, 1323, 0	正确率估算：100.00%
类型1 正确率： 100.00% -> 1  100.00%, 2    0.00%, 3    0.00%
类型2 正确率：  67.00% -> 1    0.00%, 2   66.98%, 3   33.02%
类型3 正确率： 100.00% -> 1    0.00%, 2    0.00%, 3  100.00%

被排除样本 正确率：100.00%
类型1 正确率： 100.00% -> 1  100.00%


轮次:··1/·20 || c_Loss:0.520 || e_Loss:-1.085 || Aad_Loss:-29.311 || 耗时：35.67s
轮次:··2/·20 || c_Loss:0.401 || e_Loss:-1.034 || Aad_Loss:-30.238 || 耗时：12.99s
轮次:··3/·20 || c_Loss:0.382 || e_Loss:-1.020 || Aad_Loss:-30.539 || 耗时：12.85s
轮次:··4/·20 || c_Loss:0.396 || e_Loss:-0.891 || Aad_Loss:-31.166 || 耗时：12.80s
轮次:··5/·20 || c_Loss:0.367 || e_Loss:-1.006 || Aad_Loss:-31.303 || 耗时：12.82s
任务: (B1)N15_M01_F10→(B2)N15_M07_F10; mix批次:····0; 批次:··470/·1880;  总正确率: 88.90%
类型1 正确率： 100.00% -> 1  100.00%, 2    0.00%, 3    0.00%
类型2 正确率：  67.00% -> 1    0.00%, 2   66.70%, 3   33.30%
类型3 正确率： 100.00% -> 1    0.00%, 2    0.00%, 3  100.00%


样本变换：reverse
样本变换：mask
样本变换：shift
样本变换：none
未过滤	未用伪标签：88.90% -> 使用伪标签：88.90%
已过滤	未用伪标签：88.90% -> 使用伪标签：88.90%
排除样本：2000|6000	剩余：1334, 2666
增添样本：1998		细则：666, 1332, 0	正确率估算：100.00%
类型1 正确率： 100.00% -> 1  100.00%, 2    0.00%, 3    0.00%
类型2 正确率：  67.00% -> 1    0.00%, 2   66.70%, 3   33.30%
类型3 正确率： 100.00% -> 1    0.00%, 2    0.00%, 3  100.00%

被排除样本 正确率：nan%


轮次:··6/·20 || c_Loss:0.375 || e_Loss:-1.012 || Aad_Loss:-30.769 || 耗时：34.81s
轮次:··7/·20 || c_Loss:0.375 || e_Loss:-1.022 || Aad_Loss:-31.659 || 耗时：12.97s
轮次:··8/·20 || c_Loss:0.374 || e_Loss:-1.000 || Aad_Loss:-32.199 || 耗时：12.97s
轮次:··9/·20 || c_Loss:0.372 || e_Loss:-1.031 || Aad_Loss:-31.349 || 耗时：12.92s
轮次:·10/·20 || c_Loss:0.372 || e_Loss:-1.021 || Aad_Loss:-31.533 || 耗时：12.87s
任务: (B1)N15_M01_F10→(B2)N15_M07_F10; mix批次:····0; 批次:··940/·1880;  总正确率: 88.90%
类型1 正确率： 100.00% -> 1  100.00%, 2    0.00%, 3    0.00%
类型2 正确率：  67.00% -> 1    0.00%, 2   66.70%, 3   33.30%
类型3 正确率： 100.00% -> 1    0.00%, 2    0.00%, 3  100.00%


样本变换：reverse
样本变换：mask
样本变换：shift
样本变换：none
未过滤	未用伪标签：88.90% -> 使用伪标签：88.90%
已过滤	未用伪标签：88.90% -> 使用伪标签：88.90%
排除样本：2000|6000	剩余：1334, 2666
增添样本：1998		细则：666, 1332, 0	正确率估算：100.00%
类型1 正确率： 100.00% -> 1  100.00%, 2    0.00%, 3    0.00%
类型2 正确率：  67.00% -> 1    0.00%, 2   66.70%, 3   33.30%
类型3 正确率： 100.00% -> 1    0.00%, 2    0.00%, 3  100.00%

被排除样本 正确率：nan%


轮次:·11/·20 || c_Loss:0.375 || e_Loss:-1.015 || Aad_Loss:-31.144 || 耗时：34.70s
轮次:·12/·20 || c_Loss:0.374 || e_Loss:-1.022 || Aad_Loss:-31.868 || 耗时：12.90s
轮次:·13/·20 || c_Loss:0.374 || e_Loss:-1.000 || Aad_Loss:-32.389 || 耗时：12.94s
轮次:·14/·20 || c_Loss:0.372 || e_Loss:-1.031 || Aad_Loss:-31.534 || 耗时：12.96s
轮次:·15/·20 || c_Loss:0.372 || e_Loss:-1.022 || Aad_Loss:-31.693 || 耗时：12.92s
任务: (B1)N15_M01_F10→(B2)N15_M07_F10; mix批次:····0; 批次:·1410/·1880;  总正确率: 88.90%
类型1 正确率： 100.00% -> 1  100.00%, 2    0.00%, 3    0.00%
类型2 正确率：  67.00% -> 1    0.00%, 2   66.70%, 3   33.30%
类型3 正确率： 100.00% -> 1    0.00%, 2    0.00%, 3  100.00%


样本变换：reverse
样本变换：mask
样本变换：shift
样本变换：none
未过滤	未用伪标签：88.90% -> 使用伪标签：88.90%
已过滤	未用伪标签：88.90% -> 使用伪标签：88.90%
排除样本：2000|6000	剩余：1334, 2666
增添样本：1998		细则：666, 1332, 0	正确率估算：100.00%
类型1 正确率： 100.00% -> 1  100.00%, 2    0.00%, 3    0.00%
类型2 正确率：  67.00% -> 1    0.00%, 2   66.70%, 3   33.30%
类型3 正确率： 100.00% -> 1    0.00%, 2    0.00%, 3  100.00%

被排除样本 正确率：nan%


轮次:·16/·20 || c_Loss:0.374 || e_Loss:-1.016 || Aad_Loss:-31.336 || 耗时：34.76s
轮次:·17/·20 || c_Loss:0.374 || e_Loss:-1.022 || Aad_Loss:-31.981 || 耗时：12.88s
轮次:·18/·20 || c_Loss:0.373 || e_Loss:-1.000 || Aad_Loss:-32.496 || 耗时：12.94s
轮次:·19/·20 || c_Loss:0.372 || e_Loss:-1.031 || Aad_Loss:-31.644 || 耗时：12.95s
轮次:·20/·20 || c_Loss:0.372 || e_Loss:-1.022 || Aad_Loss:-31.792 || 耗时：12.94s
任务: (B1)N15_M01_F10→(B2)N15_M07_F10; mix批次:····0; 批次:·1880/·1880;  总正确率: 88.90%
类型1 正确率： 100.00% -> 1  100.00%, 2    0.00%, 3    0.00%
类型2 正确率：  67.00% -> 1    0.00%, 2   66.70%, 3   33.30%
类型3 正确率： 100.00% -> 1    0.00%, 2    0.00%, 3  100.00%


测试集任务: (B1)N15_M01_F10→(B2)N15_M07_F10; 总正确率 = 88.90%
类型1 正确率： 100.00% -> 1  100.00%, 2    0.00%, 3    0.00%
类型2 正确率：  67.00% -> 1    0.00%, 2   66.70%, 3   33.30%
类型3 正确率： 100.00% -> 1    0.00%, 2    0.00%, 3  100.00%


