读取源域路径：/kaggle/working/m2/weight_PU_M1_final_checkpoint_FAtoB_gatec30_s2024/NEW_PU/Source-源域/log&pt/(B1)N15_M01_F10
excel输出位置：/kaggle/working/m2/weight_PU_M1_final_checkpoint_FAtoB_gatec30_s2024/NEW_PU/Target-目标域
特征图片输出位置：/kaggle/working/m2/weight_PU_M1_final_checkpoint_FAtoB_gatec30_s2024/NEW_PU/Picture-特征图/2026年09月13日22时46分/(B1)N15_M01_F10
现在选取:(B1)N15_M01_F10 进行训练的源模型
现在进行：(B1)N15_M01_F10→(B2)N15_M07_F10 的迁移任务
log&pt输出位置：/kaggle/working/m2/weight_PU_M1_final_checkpoint_FAtoB_gatec30_s2024/NEW_PU/Target-目标域/log&pt/(B1)N15_M01_F10→(B2)N15_M07_F10
任务: (B1)N15_M01_F10→(B2)N15_M07_F10; 批次:····0/·1880;  总正确率: 65.12%
类型1 正确率：  59.00% -> 1   59.00%, 2   40.90%, 3    0.10%
类型2 正确率：  87.00% -> 1    0.00%, 2   86.65%, 3   13.35%
类型3 正确率：  50.00% -> 1    0.00%, 2   50.30%, 3   49.70%


样本变换：reverse
样本变换：mask
样本变换：shift
样本变换：none
未过滤	未用伪标签：65.12% -> 使用伪标签：75.98%
已过滤	未用伪标签：65.72% -> 使用伪标签：77.13%
排除样本：89|6000	剩余：1847, 2827, 1237
增添样本：2817		细则：1013, 0, 1804	正确率估算：80.60%
类型1 正确率：  94.00% -> 1   94.14%, 2    5.86%, 3    0.00%
类型2 正确率：  88.00% -> 1    0.00%, 2   87.84%, 3   12.16%
类型3 正确率：  50.00% -> 1    0.00%, 2   50.00%, 3   50.00%

被排除样本 正确率：24.72%
类型1 正确率：   0.00% -> 1    0.00%, 2  100.00%, 3    0.00%
类型2 正确率：  43.00% -> 1    0.00%, 2   43.14%, 3   56.86%
类型3 没有样本或未被分类。


轮次:··1/·20 || c_Loss:0.529 || e_Loss:-1.321 || Aad_Loss:-28.510 || 耗时：35.65s
轮次:··2/·20 || c_Loss:0.382 || e_Loss:-1.506 || Aad_Loss:-27.795 || 耗时：13.48s
轮次:··3/·20 || c_Loss:0.357 || e_Loss:-1.603 || Aad_Loss:-27.974 || 耗时：12.99s
轮次:··4/·20 || c_Loss:0.366 || e_Loss:-1.664 || Aad_Loss:-28.046 || 耗时：12.76s
轮次:··5/·20 || c_Loss:0.375 || e_Loss:-1.844 || Aad_Loss:-27.890 || 耗时：12.75s
任务: (B1)N15_M01_F10→(B2)N15_M07_F10; mix批次:····0; 批次:··470/·1880;  总正确率: 81.58%
类型1 正确率： 100.00% -> 1   99.90%, 2    0.10%, 3    0.00%
类型2 正确率：  95.00% -> 1    0.20%, 2   94.85%, 3    4.95%
类型3 正确率：  50.00% -> 1    0.00%, 2   50.00%, 3   50.00%


样本变换：reverse
样本变换：mask
样本变换：shift
样本变换：none
未过滤	未用伪标签：81.58% -> 使用伪标签：83.32%
已过滤	未用伪标签：81.58% -> 使用伪标签：83.32%
排除样本：1999|6000	剩余：3001, 1000
增添样本：3036		细则：1035, 0, 2001	正确率估算：100.00%
类型1 正确率： 100.00% -> 1   99.95%, 2    0.05%, 3    0.00%
类型2 正确率： 100.00% -> 1    0.00%, 2  100.00%, 3    0.00%
类型3 正确率：  50.00% -> 1    0.00%, 2   50.00%, 3   50.00%

被排除样本 正确率：nan%


轮次:··6/·20 || c_Loss:0.364 || e_Loss:-0.853 || Aad_Loss:-35.562 || 耗时：34.82s
轮次:··7/·20 || c_Loss:0.358 || e_Loss:-0.984 || Aad_Loss:-30.899 || 耗时：13.28s
轮次:··8/·20 || c_Loss:0.360 || e_Loss:-0.937 || Aad_Loss:-31.604 || 耗时：13.24s
轮次:··9/·20 || c_Loss:0.367 || e_Loss:-0.926 || Aad_Loss:-33.729 || 耗时：13.09s
轮次:·10/·20 || c_Loss:0.358 || e_Loss:-1.129 || Aad_Loss:-33.336 || 耗时：12.91s
任务: (B1)N15_M01_F10→(B2)N15_M07_F10; mix批次:····0; 批次:··940/·1880;  总正确率: 83.33%
类型1 正确率： 100.00% -> 1  100.00%, 2    0.00%, 3    0.00%
类型2 正确率： 100.00% -> 1    0.00%, 2  100.00%, 3    0.00%
类型3 正确率：  50.00% -> 1    0.00%, 2   50.00%, 3   50.00%


样本变换：reverse
样本变换：mask
样本变换：shift
样本变换：none
未过滤	未用伪标签：83.33% -> 使用伪标签：83.33%
已过滤	未用伪标签：83.33% -> 使用伪标签：83.33%
排除样本：2000|6000	剩余：3000, 1000
增添样本：3033		细则：1033, 0, 2000	正确率估算：100.00%
类型1 正确率： 100.00% -> 1  100.00%, 2    0.00%, 3    0.00%
类型2 正确率： 100.00% -> 1    0.00%, 2  100.00%, 3    0.00%
类型3 正确率：  50.00% -> 1    0.00%, 2   50.00%, 3   50.00%

被排除样本 正确率：nan%


轮次:·11/·20 || c_Loss:0.364 || e_Loss:-0.910 || Aad_Loss:-34.069 || 耗时：34.47s
轮次:·12/·20 || c_Loss:0.359 || e_Loss:-0.925 || Aad_Loss:-33.503 || 耗时：13.05s
轮次:·13/·20 || c_Loss:0.362 || e_Loss:-1.178 || Aad_Loss:-29.590 || 耗时：13.16s
轮次:·14/·20 || c_Loss:0.355 || e_Loss:-0.951 || Aad_Loss:-32.765 || 耗时：13.17s
轮次:·15/·20 || c_Loss:0.401 || e_Loss:-1.505 || Aad_Loss:-35.942 || 耗时：13.13s
任务: (B1)N15_M01_F10→(B2)N15_M07_F10; mix批次:····0; 批次:·1410/·1880;  总正确率: 83.33%
类型1 正确率： 100.00% -> 1  100.00%, 2    0.00%, 3    0.00%
类型2 正确率： 100.00% -> 1    0.00%, 2  100.00%, 3    0.00%
类型3 正确率：  50.00% -> 1    0.00%, 2   50.00%, 3   50.00%


样本变换：reverse
样本变换：mask
样本变换：shift
样本变换：none
未过滤	未用伪标签：83.33% -> 使用伪标签：83.33%
已过滤	未用伪标签：83.33% -> 使用伪标签：83.33%
排除样本：2000|6000	剩余：3000, 1000
增添样本：3033		细则：1033, 0, 2000	正确率估算：100.00%
类型1 正确率： 100.00% -> 1  100.00%, 2    0.00%, 3    0.00%
类型2 正确率： 100.00% -> 1    0.00%, 2  100.00%, 3    0.00%
类型3 正确率：  50.00% -> 1    0.00%, 2   50.00%, 3   50.00%

被排除样本 正确率：nan%


轮次:·16/·20 || c_Loss:0.363 || e_Loss:-0.905 || Aad_Loss:-34.316 || 耗时：34.57s
轮次:·17/·20 || c_Loss:0.358 || e_Loss:-0.923 || Aad_Loss:-33.717 || 耗时：12.99s
轮次:·18/·20 || c_Loss:0.362 || e_Loss:-1.195 || Aad_Loss:-29.765 || 耗时：13.02s
轮次:·19/·20 || c_Loss:0.355 || e_Loss:-0.949 || Aad_Loss:-32.905 || 耗时：13.03s
轮次:·20/·20 || c_Loss:0.402 || e_Loss:-1.521 || Aad_Loss:-36.209 || 耗时：13.01s
任务: (B1)N15_M01_F10→(B2)N15_M07_F10; mix批次:····0; 批次:·1880/·1880;  总正确率: 83.33%
类型1 正确率： 100.00% -> 1  100.00%, 2    0.00%, 3    0.00%
类型2 正确率： 100.00% -> 1    0.00%, 2  100.00%, 3    0.00%
类型3 正确率：  50.00% -> 1    0.00%, 2   50.00%, 3   50.00%


测试集任务: (B1)N15_M01_F10→(B2)N15_M07_F10; 总正确率 = 83.33%
类型1 正确率： 100.00% -> 1  100.00%, 2    0.00%, 3    0.00%
类型2 正确率： 100.00% -> 1    0.00%, 2  100.00%, 3    0.00%
类型3 正确率：  50.00% -> 1    0.00%, 2   50.00%, 3   50.00%


