读取源域路径：/kaggle/working/m2/weight_PU_M1_final_checkpoint_FAtoB_gatec30_s2024/NEW_PU/Source-源域/log&pt/(B1)N15_M01_F10
excel输出位置：/kaggle/working/m2/weight_PU_M1_final_checkpoint_FAtoB_gatec30_s2024/NEW_PU/Target-目标域
特征图片输出位置：/kaggle/working/m2/weight_PU_M1_final_checkpoint_FAtoB_gatec30_s2024/NEW_PU/Picture-特征图/2026年09月13日22时52分/(B1)N15_M01_F10
现在选取:(B1)N15_M01_F10 进行训练的源模型
现在进行：(B1)N15_M01_F10→(B3)N15_M07_F04 的迁移任务
log&pt输出位置：/kaggle/working/m2/weight_PU_M1_final_checkpoint_FAtoB_gatec30_s2024/NEW_PU/Target-目标域/log&pt/(B1)N15_M01_F10→(B3)N15_M07_F04
任务: (B1)N15_M01_F10→(B3)N15_M07_F04; 批次:····0/·1880;  总正确率: 69.28%
类型1 正确率：  73.00% -> 1   73.20%, 2   26.65%, 3    0.15%
类型2 正确率：  82.00% -> 1    0.00%, 2   81.50%, 3   18.50%
类型3 正确率：  53.00% -> 1    4.00%, 2   42.85%, 3   53.15%


样本变换：reverse
样本变换：mask
样本变换：shift
样本变换：none
未过滤	未用伪标签：69.28% -> 使用伪标签：75.07%
已过滤	未用伪标签：69.28% -> 使用伪标签：77.22%
排除样本：167|6000	剩余：2095, 2298, 1440
增添样本：1094		细则：236, 0, 858	正确率估算：85.74%
类型1 正确率： 100.00% -> 1  100.00%, 2    0.00%, 3    0.00%
类型2 正确率：  77.00% -> 1    0.00%, 2   77.32%, 3   22.68%
类型3 正确率：  53.00% -> 1    5.09%, 2   41.96%, 3   52.94%

被排除样本 正确率：69.46%
类型1 正确率：   0.00% -> 1    0.00%, 2  100.00%, 3    0.00%
类型2 正确率：  78.00% -> 1    0.00%, 2   78.43%, 3   21.57%
类型3 正确率：  66.00% -> 1   22.61%, 2   11.30%, 3   66.09%


轮次:··1/·20 || c_Loss:0.556 || e_Loss:-1.031 || Aad_Loss:-25.808 || 耗时：34.24s
轮次:··2/·20 || c_Loss:0.396 || e_Loss:-1.454 || Aad_Loss:-29.093 || 耗时：13.32s
轮次:··3/·20 || c_Loss:0.380 || e_Loss:-1.477 || Aad_Loss:-23.498 || 耗时：13.17s
轮次:··4/·20 || c_Loss:0.351 || e_Loss:-1.606 || Aad_Loss:-29.216 || 耗时：13.02s
轮次:··5/·20 || c_Loss:0.343 || e_Loss:-1.566 || Aad_Loss:-26.099 || 耗时：13.02s
任务: (B1)N15_M01_F10→(B3)N15_M07_F04; mix批次:····0; 批次:··470/·1880;  总正确率: 76.25%
类型1 正确率： 100.00% -> 1  100.00%, 2    0.00%, 3    0.00%
类型2 正确率：  79.00% -> 1    0.00%, 2   78.70%, 3   21.30%
类型3 正确率：  50.00% -> 1    5.35%, 2   44.60%, 3   50.05%


样本变换：reverse
样本变换：mask
样本变换：shift
样本变换：none
未过滤	未用伪标签：76.25% -> 使用伪标签：76.17%
已过滤	未用伪标签：76.65% -> 使用伪标签：76.72%
排除样本：43|6000	剩余：2152, 2406, 1399
增添样本：1294		细则：287, 0, 1007	正确率估算：99.23%
类型1 正确率： 100.00% -> 1  100.00%, 2    0.00%, 3    0.00%
类型2 正确率：  80.00% -> 1    0.00%, 2   79.71%, 3   20.29%
类型3 正确率：  50.00% -> 1    7.65%, 2   42.04%, 3   50.30%

被排除样本 正确率：20.93%
类型1 正确率：  31.00% -> 1   31.03%, 2   68.97%
类型2 正确率：   0.00% -> 1  100.00%, 2    0.00%


轮次:··6/·20 || c_Loss:0.389 || e_Loss:-1.665 || Aad_Loss:-26.738 || 耗时：34.21s
轮次:··7/·20 || c_Loss:0.385 || e_Loss:-0.882 || Aad_Loss:-30.960 || 耗时：13.21s
轮次:··8/·20 || c_Loss:0.394 || e_Loss:-0.818 || Aad_Loss:-30.898 || 耗时：13.26s
轮次:··9/·20 || c_Loss:0.355 || e_Loss:-1.536 || Aad_Loss:-28.203 || 耗时：13.14s
轮次:·10/·20 || c_Loss:0.395 || e_Loss:-1.503 || Aad_Loss:-29.525 || 耗时：13.16s
任务: (B1)N15_M01_F10→(B3)N15_M07_F04; mix批次:····0; 批次:··940/·1880;  总正确率: 76.77%
类型1 正确率： 100.00% -> 1  100.00%, 2    0.00%, 3    0.00%
类型2 正确率：  80.00% -> 1    0.00%, 2   80.35%, 3   19.65%
类型3 正确率：  50.00% -> 1    6.85%, 2   43.20%, 3   49.95%


样本变换：reverse
样本变换：mask
样本变换：shift
样本变换：none
未过滤	未用伪标签：76.77% -> 使用伪标签：76.92%
已过滤	未用伪标签：77.01% -> 使用伪标签：77.23%
排除样本：24|6000	剩余：2183, 2427, 1366
增添样本：1338		细则：277, 0, 1061	正确率估算：98.95%
类型1 正确率： 100.00% -> 1  100.00%, 2    0.00%, 3    0.00%
类型2 正确率：  81.00% -> 1    0.00%, 2   81.49%, 3   18.51%
类型3 正确率：  50.00% -> 1    9.18%, 2   40.69%, 3   50.13%

被排除样本 正确率：16.67%
类型1 正确率：  24.00% -> 1   23.53%, 2   76.47%
类型2 正确率：   0.00% -> 1  100.00%, 2    0.00%


轮次:·11/·20 || c_Loss:0.359 || e_Loss:-1.478 || Aad_Loss:-27.816 || 耗时：34.25s
轮次:·12/·20 || c_Loss:0.400 || e_Loss:-1.659 || Aad_Loss:-31.993 || 耗时：13.02s
轮次:·13/·20 || c_Loss:0.347 || e_Loss:-0.923 || Aad_Loss:-29.590 || 耗时：13.01s
轮次:·14/·20 || c_Loss:0.376 || e_Loss:-0.885 || Aad_Loss:-30.511 || 耗时：13.01s
轮次:·15/·20 || c_Loss:0.365 || e_Loss:-0.885 || Aad_Loss:-29.016 || 耗时：13.05s
任务: (B1)N15_M01_F10→(B3)N15_M07_F04; mix批次:····0; 批次:·1410/·1880;  总正确率: 77.02%
类型1 正确率： 100.00% -> 1  100.00%, 2    0.00%, 3    0.00%
类型2 正确率：  81.00% -> 1    0.00%, 2   81.10%, 3   18.90%
类型3 正确率：  50.00% -> 1    8.15%, 2   41.90%, 3   49.95%


样本变换：reverse
样本变换：mask
样本变换：shift
样本变换：none
未过滤	未用伪标签：77.02% -> 使用伪标签：76.98%
已过滤	未用伪标签：77.20% -> 使用伪标签：77.25%
排除样本：21|6000	剩余：2202, 2410, 1367
增添样本：1284		细则：241, 0, 1043	正确率估算：99.69%
类型1 正确率： 100.00% -> 1  100.00%, 2    0.00%, 3    0.00%
类型2 正确率：  81.00% -> 1    0.00%, 2   81.49%, 3   18.51%
类型3 正确率：  50.00% -> 1   10.15%, 2   39.68%, 3   50.18%

被排除样本 正确率：23.81%
类型1 正确率：  42.00% -> 1   41.67%, 2   58.33%
类型2 正确率：   0.00% -> 1  100.00%, 2    0.00%


轮次:·16/·20 || c_Loss:0.370 || e_Loss:-1.421 || Aad_Loss:-27.936 || 耗时：34.09s
轮次:·17/·20 || c_Loss:0.356 || e_Loss:-1.593 || Aad_Loss:-29.795 || 耗时：13.11s
轮次:·18/·20 || c_Loss:0.363 || e_Loss:-0.898 || Aad_Loss:-30.140 || 耗时：13.14s
轮次:·19/·20 || c_Loss:0.377 || e_Loss:-1.420 || Aad_Loss:-28.691 || 耗时：13.21s
轮次:·20/·20 || c_Loss:0.365 || e_Loss:-0.909 || Aad_Loss:-30.949 || 耗时：13.22s
任务: (B1)N15_M01_F10→(B3)N15_M07_F04; mix批次:····0; 批次:·1880/·1880;  总正确率: 76.93%
类型1 正确率： 100.00% -> 1  100.00%, 2    0.00%, 3    0.00%
类型2 正确率：  81.00% -> 1    0.00%, 2   80.85%, 3   19.15%
类型3 正确率：  50.00% -> 1    8.65%, 2   41.40%, 3   49.95%


测试集任务: (B1)N15_M01_F10→(B3)N15_M07_F04; 总正确率 = 76.93%
类型1 正确率： 100.00% -> 1  100.00%, 2    0.00%, 3    0.00%
类型2 正确率：  81.00% -> 1    0.00%, 2   80.85%, 3   19.15%
类型3 正确率：  50.00% -> 1    8.65%, 2   41.40%, 3   49.95%


