读取源域路径：/kaggle/working/m2/weight_PU_M1_final_checkpoint_FAtoB_gatec30_s2024/NEW_PU/Source-源域/log&pt/(B3)N15_M07_F04
excel输出位置：/kaggle/working/m2/weight_PU_M1_final_checkpoint_FAtoB_gatec30_s2024/NEW_PU/Target-目标域
特征图片输出位置：/kaggle/working/m2/weight_PU_M1_final_checkpoint_FAtoB_gatec30_s2024/NEW_PU/Picture-特征图/2026年09月13日23时17分/(B3)N15_M07_F04
现在选取:(B3)N15_M07_F04 进行训练的源模型
现在进行：(B3)N15_M07_F04→(B2)N15_M07_F10 的迁移任务
log&pt输出位置：/kaggle/working/m2/weight_PU_M1_final_checkpoint_FAtoB_gatec30_s2024/NEW_PU/Target-目标域/log&pt/(B3)N15_M07_F04→(B2)N15_M07_F10
任务: (B3)N15_M07_F04→(B2)N15_M07_F10; 批次:····0/·1880;  总正确率: 44.37%
类型1 正确率：  40.00% -> 1   40.05%, 2   59.85%, 3    0.10%
类型2 正确率：  42.00% -> 1    0.00%, 2   41.80%, 3   58.20%
类型3 正确率：  51.00% -> 1    0.00%, 2   48.75%, 3   51.25%


样本变换：reverse
样本变换：mask
样本变换：shift
样本变换：none
未过滤	未用伪标签：44.37% -> 使用伪标签：38.60%
已过滤	未用伪标签：43.74% -> 使用伪标签：39.56%
排除样本：145|6000	剩余：661, 2942, 2252
增添样本：3386		细则：2314, 0, 1072	正确率估算：96.71%
类型1 正确率：  33.00% -> 1   33.18%, 2   66.82%, 3    0.00%
类型2 正确率：  34.00% -> 1    0.00%, 2   34.11%, 3   65.89%
类型3 正确率：  51.00% -> 1    0.00%, 2   48.89%, 3   51.11%

被排除样本 正确率：69.66%
类型1 正确率： 100.00% -> 1  100.00%, 2    0.00%, 3    0.00%
类型2 正确率：  69.00% -> 1    0.00%, 2   68.60%, 3   31.40%
类型3 正确率：  62.00% -> 1    0.00%, 2   37.50%, 3   62.50%


轮次:··1/·20 || c_Loss:0.481 || e_Loss:-1.497 || Aad_Loss:-26.598 || 耗时：34.61s
轮次:··2/·20 || c_Loss:0.360 || e_Loss:-1.497 || Aad_Loss:-27.295 || 耗时：13.27s
轮次:··3/·20 || c_Loss:0.369 || e_Loss:-1.713 || Aad_Loss:-28.813 || 耗时：13.14s
轮次:··4/·20 || c_Loss:0.400 || e_Loss:-1.638 || Aad_Loss:-23.415 || 耗时：13.02s
轮次:··5/·20 || c_Loss:0.362 || e_Loss:-1.554 || Aad_Loss:-28.000 || 耗时：13.07s
任务: (B3)N15_M07_F04→(B2)N15_M07_F10; mix批次:····0; 批次:··470/·1880;  总正确率: 43.57%
类型1 正确率：  33.00% -> 1   33.00%, 2   67.00%, 3    0.00%
类型2 正确率：  48.00% -> 1    0.25%, 2   47.80%, 3   51.95%
类型3 正确率：  50.00% -> 1    0.00%, 2   50.10%, 3   49.90%


样本变换：reverse
样本变换：mask
样本变换：shift
样本变换：none
未过滤	未用伪标签：43.57% -> 使用伪标签：43.87%
已过滤	未用伪标签：43.66% -> 使用伪标签：44.27%
排除样本：54|6000	剩余：660, 3315, 1971
增添样本：4051		细则：2688, 0, 1363	正确率估算：99.95%
类型1 正确率：  33.00% -> 1   33.00%, 2   67.00%, 3    0.00%
类型2 正确率：  50.00% -> 1    0.00%, 2   50.03%, 3   49.97%
类型3 正确率：  50.00% -> 1    0.00%, 2   50.08%, 3   49.92%

被排除样本 正确率：33.33%
类型1 正确率：  34.00% -> 1   33.96%, 2   66.04%
类型2 正确率：   0.00% -> 1  100.00%, 2    0.00%


轮次:··6/·20 || c_Loss:0.372 || e_Loss:-1.440 || Aad_Loss:-29.314 || 耗时：34.75s
轮次:··7/·20 || c_Loss:0.374 || e_Loss:-0.798 || Aad_Loss:-33.654 || 耗时：13.29s
轮次:··8/·20 || c_Loss:0.393 || e_Loss:-0.833 || Aad_Loss:-29.107 || 耗时：13.32s
轮次:··9/·20 || c_Loss:0.386 || e_Loss:-0.743 || Aad_Loss:-34.808 || 耗时：13.25s
轮次:·10/·20 || c_Loss:0.370 || e_Loss:-1.094 || Aad_Loss:-29.655 || 耗时：13.21s
任务: (B3)N15_M07_F04→(B2)N15_M07_F10; mix批次:····0; 批次:··940/·1880;  总正确率: 45.25%
类型1 正确率：  33.00% -> 1   33.00%, 2   67.00%, 3    0.00%
类型2 正确率：  53.00% -> 1    0.00%, 2   52.80%, 3   47.20%
类型3 正确率：  50.00% -> 1    0.00%, 2   50.05%, 3   49.95%


样本变换：reverse
样本变换：mask
样本变换：shift
样本变换：none
未过滤	未用伪标签：45.25% -> 使用伪标签：44.48%
已过滤	未用伪标签：45.03% -> 使用伪标签：44.86%
排除样本：50|6000	剩余：660, 3351, 1939
增添样本：4136		细则：2724, 0, 1412	正确率估算：98.92%
类型1 正确率：  33.00% -> 1   33.00%, 2   67.00%, 3    0.00%
类型2 正确率：  52.00% -> 1    0.00%, 2   51.79%, 3   48.21%
类型3 正确率：  50.00% -> 1    0.00%, 2   50.05%, 3   49.95%

被排除样本 正确率：72.00%
类型1 正确率：  72.00% -> 1   72.00%, 2   28.00%
类型2 没有样本或未被分类。


轮次:·11/·20 || c_Loss:0.388 || e_Loss:-1.659 || Aad_Loss:-30.903 || 耗时：34.75s
轮次:·12/·20 || c_Loss:0.420 || e_Loss:-0.704 || Aad_Loss:-36.068 || 耗时：13.11s
轮次:·13/·20 || c_Loss:0.374 || e_Loss:-0.794 || Aad_Loss:-36.781 || 耗时：13.13s
轮次:·14/·20 || c_Loss:0.383 || e_Loss:-0.830 || Aad_Loss:-31.898 || 耗时：13.16s
轮次:·15/·20 || c_Loss:0.399 || e_Loss:-0.819 || Aad_Loss:-32.405 || 耗时：13.14s
任务: (B3)N15_M07_F04→(B2)N15_M07_F10; mix批次:····0; 批次:·1410/·1880;  总正确率: 45.80%
类型1 正确率：  33.00% -> 1   33.00%, 2   67.00%, 3    0.00%
类型2 正确率：  54.00% -> 1    0.00%, 2   54.45%, 3   45.55%
类型3 正确率：  50.00% -> 1    0.00%, 2   50.05%, 3   49.95%


样本变换：reverse
样本变换：mask
样本变换：shift
样本变换：none
未过滤	未用伪标签：45.80% -> 使用伪标签：45.10%
已过滤	未用伪标签：45.65% -> 使用伪标签：45.42%
排除样本：42|6000	剩余：660, 3388, 1910
增添样本：4239		细则：2761, 0, 1478	正确率估算：98.62%
类型1 正确率：  33.00% -> 1   33.00%, 2   67.00%, 3    0.00%
类型2 正确率：  53.00% -> 1    0.00%, 2   53.47%, 3   46.53%
类型3 正确率：  50.00% -> 1    0.00%, 2   50.05%, 3   49.95%

被排除样本 正确率：66.67%
类型1 正确率：  67.00% -> 1   66.67%, 2   33.33%
类型2 没有样本或未被分类。


轮次:·16/·20 || c_Loss:0.371 || e_Loss:-0.828 || Aad_Loss:-34.763 || 耗时：34.77s
轮次:·17/·20 || c_Loss:0.380 || e_Loss:-1.862 || Aad_Loss:-35.311 || 耗时：13.11s
轮次:·18/·20 || c_Loss:0.371 || e_Loss:-0.831 || Aad_Loss:-36.440 || 耗时：13.13s
轮次:·19/·20 || c_Loss:0.387 || e_Loss:-1.758 || Aad_Loss:-38.070 || 耗时：13.21s
轮次:·20/·20 || c_Loss:0.395 || e_Loss:-0.852 || Aad_Loss:-32.329 || 耗时：13.13s
任务: (B3)N15_M07_F04→(B2)N15_M07_F10; mix批次:····0; 批次:·1880/·1880;  总正确率: 45.53%
类型1 正确率：  33.00% -> 1   33.00%, 2   67.00%, 3    0.00%
类型2 正确率：  54.00% -> 1    0.00%, 2   53.65%, 3   46.35%
类型3 正确率：  50.00% -> 1    0.00%, 2   50.05%, 3   49.95%


测试集任务: (B3)N15_M07_F04→(B2)N15_M07_F10; 总正确率 = 45.53%
类型1 正确率：  33.00% -> 1   33.00%, 2   67.00%, 3    0.00%
类型2 正确率：  54.00% -> 1    0.00%, 2   53.65%, 3   46.35%
类型3 正确率：  50.00% -> 1    0.00%, 2   50.05%, 3   49.95%


