读取源域路径：/kaggle/working/m2/weight_PU_M1_final_checkpoint_FAtoB_gatec30_s2024/NEW_PU/Source-源域/log&pt/(B3)N15_M07_F04
excel输出位置：/kaggle/working/m2/weight_PU_M1_final_checkpoint_FAtoB_gatec30_s2024/NEW_PU/Target-目标域
特征图片输出位置：/kaggle/working/m2/weight_PU_M1_final_checkpoint_FAtoB_gatec30_s2024/NEW_PU/Picture-特征图/2026年09月13日23时11分/(B3)N15_M07_F04
现在选取:(B3)N15_M07_F04 进行训练的源模型
现在进行：(B3)N15_M07_F04→(B1)N15_M01_F10 的迁移任务
log&pt输出位置：/kaggle/working/m2/weight_PU_M1_final_checkpoint_FAtoB_gatec30_s2024/NEW_PU/Target-目标域/log&pt/(B3)N15_M07_F04→(B1)N15_M01_F10
任务: (B3)N15_M07_F04→(B1)N15_M01_F10; 批次:····0/·1880;  总正确率: 45.63%
类型1 正确率：  42.00% -> 1   42.20%, 2   57.80%, 3    0.00%
类型2 正确率：  45.00% -> 1    0.00%, 2   45.05%, 3   54.95%
类型3 正确率：  50.00% -> 1    0.00%, 2   50.35%, 3   49.65%


样本变换：reverse
样本变换：mask
样本变换：shift
样本变换：none
未过滤	未用伪标签：45.63% -> 使用伪标签：39.00%
已过滤	未用伪标签：44.86% -> 使用伪标签：40.16%
排除样本：173|6000	剩余：698, 2931, 2198
增添样本：3306		细则：2238, 0, 1068	正确率估算：95.29%
类型1 正确率：  35.00% -> 1   35.09%, 2   64.91%, 3    0.00%
类型2 正确率：  35.00% -> 1    0.22%, 2   35.01%, 3   64.78%
类型3 正确率：  50.00% -> 1    0.00%, 2   50.03%, 3   49.97%

被排除样本 正确率：71.68%
类型1 正确率：  95.00% -> 1   95.45%, 2    4.55%, 3    0.00%
类型2 正确率：  70.00% -> 1    0.00%, 2   69.86%, 3   30.14%
类型3 正确率：  20.00% -> 1    0.00%, 2   80.00%, 3   20.00%


轮次:··1/·20 || c_Loss:0.490 || e_Loss:-1.520 || Aad_Loss:-25.398 || 耗时：34.55s
轮次:··2/·20 || c_Loss:0.374 || e_Loss:-1.812 || Aad_Loss:-27.152 || 耗时：13.23s
轮次:··3/·20 || c_Loss:0.443 || e_Loss:-1.625 || Aad_Loss:-25.400 || 耗时：13.08s
轮次:··4/·20 || c_Loss:0.374 || e_Loss:-1.487 || Aad_Loss:-28.170 || 耗时：13.06s
轮次:··5/·20 || c_Loss:0.368 || e_Loss:-1.780 || Aad_Loss:-28.189 || 耗时：13.17s
任务: (B3)N15_M07_F04→(B1)N15_M01_F10; mix批次:····0; 批次:··470/·1880;  总正确率: 43.33%
类型1 正确率：  33.00% -> 1   33.00%, 2   67.00%, 3    0.00%
类型2 正确率：  47.00% -> 1    0.40%, 2   47.00%, 3   52.60%
类型3 正确率：  50.00% -> 1    0.00%, 2   50.00%, 3   50.00%


样本变换：reverse
样本变换：mask
样本变换：shift
样本变换：none
未过滤	未用伪标签：43.33% -> 使用伪标签：42.25%
已过滤	未用伪标签：43.05% -> 使用伪标签：42.61%
排除样本：51|6000	剩余：660, 3214, 2075
增添样本：3706		细则：2554, 0, 1152	正确率估算：98.68%
类型1 正确率：  33.00% -> 1   33.00%, 2   67.00%, 3    0.00%
类型2 正确率：  45.00% -> 1    0.00%, 2   44.87%, 3   55.13%
类型3 正确率：  50.00% -> 1    0.00%, 2   49.97%, 3   50.03%

被排除样本 正确率：76.47%
类型1 正确率：  78.00% -> 1   78.00%, 2   22.00%
类型2 正确率：   0.00% -> 1  100.00%, 2    0.00%


轮次:··6/·20 || c_Loss:0.436 || e_Loss:-1.592 || Aad_Loss:-27.963 || 耗时：34.38s
轮次:··7/·20 || c_Loss:0.390 || e_Loss:-0.740 || Aad_Loss:-33.912 || 耗时：12.96s
轮次:··8/·20 || c_Loss:0.367 || e_Loss:-1.494 || Aad_Loss:-30.523 || 耗时：13.00s
轮次:··9/·20 || c_Loss:0.441 || e_Loss:-1.713 || Aad_Loss:-27.806 || 耗时：12.99s
轮次:·10/·20 || c_Loss:0.359 || e_Loss:-0.860 || Aad_Loss:-33.509 || 耗时：13.17s
任务: (B3)N15_M07_F04→(B1)N15_M01_F10; mix批次:····0; 批次:··940/·1880;  总正确率: 41.38%
类型1 正确率：  33.00% -> 1   33.00%, 2   67.00%, 3    0.00%
类型2 正确率：  41.00% -> 1    0.00%, 2   41.15%, 3   58.85%
类型3 正确率：  50.00% -> 1    0.00%, 2   50.00%, 3   50.00%


样本变换：reverse
样本变换：mask
样本变换：shift
样本变换：none
未过滤	未用伪标签：41.38% -> 使用伪标签：39.70%
已过滤	未用伪标签：41.09% -> 使用伪标签：39.90%
排除样本：30|6000	剩余：660, 3062, 2248
增添样本：3216		细则：2402, 0, 814	正确率估算：99.39%
类型1 正确率：  33.00% -> 1   33.00%, 2   67.00%, 3    0.00%
类型2 正确率：  37.00% -> 1    0.00%, 2   36.65%, 3   63.35%
类型3 正确率：  50.00% -> 1    0.00%, 2   50.00%, 3   50.00%

被排除样本 正确率：100.00%
类型1 正确率： 100.00% -> 1  100.00%


轮次:·11/·20 || c_Loss:0.359 || e_Loss:-0.941 || Aad_Loss:-31.138 || 耗时：34.34s
轮次:·12/·20 || c_Loss:0.368 || e_Loss:-0.892 || Aad_Loss:-32.765 || 耗时：13.10s
轮次:·13/·20 || c_Loss:0.376 || e_Loss:-0.925 || Aad_Loss:-30.293 || 耗时：13.15s
轮次:·14/·20 || c_Loss:0.376 || e_Loss:-0.828 || Aad_Loss:-36.907 || 耗时：13.17s
轮次:·15/·20 || c_Loss:0.364 || e_Loss:-0.911 || Aad_Loss:-33.615 || 耗时：13.16s
任务: (B3)N15_M07_F04→(B1)N15_M01_F10; mix批次:····0; 批次:·1410/·1880;  总正确率: 38.83%
类型1 正确率：  33.00% -> 1   33.00%, 2   67.00%, 3    0.00%
类型2 正确率：  34.00% -> 1    0.00%, 2   33.50%, 3   66.50%
类型3 正确率：  50.00% -> 1    0.00%, 2   50.00%, 3   50.00%


样本变换：reverse
样本变换：mask
样本变换：shift
样本变换：none
未过滤	未用伪标签：38.83% -> 使用伪标签：38.68%
已过滤	未用伪标签：38.82% -> 使用伪标签：38.69%
排除样本：1|6000	剩余：660, 3001, 2338
增添样本：3004		细则：2341, 0, 663	正确率估算：100.00%
类型1 正确率：  33.00% -> 1   33.00%, 2   67.00%, 3    0.00%
类型2 正确率：  33.00% -> 1    0.00%, 2   33.07%, 3   66.93%
类型3 正确率：  50.00% -> 1    0.00%, 2   50.00%, 3   50.00%

被排除样本 正确率：100.00%
类型1 正确率： 100.00% -> 1  100.00%


轮次:·16/·20 || c_Loss:0.377 || e_Loss:-0.936 || Aad_Loss:-33.744 || 耗时：34.31s
轮次:·17/·20 || c_Loss:0.380 || e_Loss:-0.974 || Aad_Loss:-33.728 || 耗时：13.11s
轮次:·18/·20 || c_Loss:0.386 || e_Loss:-0.861 || Aad_Loss:-38.243 || 耗时：13.09s
轮次:·19/·20 || c_Loss:0.384 || e_Loss:-0.880 || Aad_Loss:-36.752 || 耗时：13.06s
轮次:·20/·20 || c_Loss:0.385 || e_Loss:-0.879 || Aad_Loss:-37.035 || 耗时：13.03s
任务: (B3)N15_M07_F04→(B1)N15_M01_F10; mix批次:····0; 批次:·1880/·1880;  总正确率: 38.70%
类型1 正确率：  33.00% -> 1   33.00%, 2   67.00%, 3    0.00%
类型2 正确率：  33.00% -> 1    0.00%, 2   33.10%, 3   66.90%
类型3 正确率：  50.00% -> 1    0.00%, 2   50.00%, 3   50.00%


测试集任务: (B3)N15_M07_F04→(B1)N15_M01_F10; 总正确率 = 38.70%
类型1 正确率：  33.00% -> 1   33.00%, 2   67.00%, 3    0.00%
类型2 正确率：  33.00% -> 1    0.00%, 2   33.10%, 3   66.90%
类型3 正确率：  50.00% -> 1    0.00%, 2   50.00%, 3   50.00%


