读取源域路径：/kaggle/working/m2/weight_PU_M1_final_checkpoint_FAtoB_gatec30_s2024/NEW_PU/Source-源域/log&pt/(B2)N15_M07_F10
excel输出位置：/kaggle/working/m2/weight_PU_M1_final_checkpoint_FAtoB_gatec30_s2024/NEW_PU/Target-目标域
特征图片输出位置：/kaggle/working/m2/weight_PU_M1_final_checkpoint_FAtoB_gatec30_s2024/NEW_PU/Picture-特征图/2026年09月13日22时58分/(B2)N15_M07_F10
现在选取:(B2)N15_M07_F10 进行训练的源模型
现在进行：(B2)N15_M07_F10→(B1)N15_M01_F10 的迁移任务
log&pt输出位置：/kaggle/working/m2/weight_PU_M1_final_checkpoint_FAtoB_gatec30_s2024/NEW_PU/Target-目标域/log&pt/(B2)N15_M07_F10→(B1)N15_M01_F10
任务: (B2)N15_M07_F10→(B1)N15_M01_F10; 批次:····0/·1880;  总正确率: 57.65%
类型1 正确率：  80.00% -> 1   80.30%, 2   19.65%, 3    0.05%
类型2 正确率：  43.00% -> 1    0.00%, 2   42.60%, 3   57.40%
类型3 正确率：  50.00% -> 1    0.00%, 2   49.95%, 3   50.05%


样本变换：reverse
样本变换：mask
样本变换：shift
样本变换：none
未过滤	未用伪标签：57.65% -> 使用伪标签：57.85%
已过滤	未用伪标签：57.05% -> 使用伪标签：59.11%
排除样本：128|6000	剩余：1989, 1488, 2395
增添样本：538		细则：0, 467, 71	正确率估算：97.21%
类型1 正确率： 100.00% -> 1   99.70%, 2    0.30%, 3    0.00%
类型2 正确率：  26.00% -> 1    0.00%, 2   25.68%, 3   74.32%
类型3 正确率：  50.00% -> 1    0.00%, 2   50.00%, 3   50.00%

被排除样本 正确率：85.16%
类型1 正确率：  20.00% -> 1   20.00%, 2   80.00%, 3    0.00%
类型2 正确率：  88.00% -> 1    0.00%, 2   87.80%, 3   12.20%
类型3 没有样本或未被分类。


轮次:··1/·20 || c_Loss:0.556 || e_Loss:-1.424 || Aad_Loss:-21.234 || 耗时：33.95s
轮次:··2/·20 || c_Loss:0.414 || e_Loss:-1.646 || Aad_Loss:-23.432 || 耗时：13.20s
轮次:··3/·20 || c_Loss:0.386 || e_Loss:-1.752 || Aad_Loss:-23.488 || 耗时：13.08s
轮次:··4/·20 || c_Loss:0.424 || e_Loss:-1.711 || Aad_Loss:-27.284 || 耗时：13.01s
轮次:··5/·20 || c_Loss:0.359 || e_Loss:-1.751 || Aad_Loss:-24.595 || 耗时：12.96s
任务: (B2)N15_M07_F10→(B1)N15_M01_F10; mix批次:····0; 批次:··470/·1880;  总正确率: 63.08%
类型1 正确率： 100.00% -> 1  100.00%, 2    0.00%, 3    0.00%
类型2 正确率：  39.00% -> 1    3.60%, 2   39.25%, 3   57.15%
类型3 正确率：  50.00% -> 1    0.00%, 2   50.00%, 3   50.00%


样本变换：reverse
样本变换：mask
样本变换：shift
样本变换：none
未过滤	未用伪标签：63.08% -> 使用伪标签：64.53%
已过滤	未用伪标签：63.42% -> 使用伪标签：65.33%
排除样本：73|6000	剩余：2000, 1872, 2055
增添样本：130		细则：0, 94, 36	正确率估算：94.62%
类型1 正确率： 100.00% -> 1  100.00%, 2    0.00%, 3    0.00%
类型2 正确率：  45.00% -> 1    0.00%, 2   45.25%, 3   54.75%
类型3 正确率：  50.00% -> 1    0.00%, 2   50.00%, 3   50.00%

被排除样本 正确率：35.62%
类型1 没有样本或未被分类。
类型2 正确率：  36.00% -> 1   15.07%, 2   35.62%, 3   49.32%
类型3 没有样本或未被分类。


轮次:··6/·20 || c_Loss:0.366 || e_Loss:-1.476 || Aad_Loss:-28.771 || 耗时：33.44s
轮次:··7/·20 || c_Loss:0.369 || e_Loss:-1.646 || Aad_Loss:-28.140 || 耗时：13.06s
轮次:··8/·20 || c_Loss:0.351 || e_Loss:-1.932 || Aad_Loss:-28.552 || 耗时：13.21s
轮次:··9/·20 || c_Loss:0.352 || e_Loss:-1.329 || Aad_Loss:-27.831 || 耗时：13.28s
轮次:·10/·20 || c_Loss:0.340 || e_Loss:-0.887 || Aad_Loss:-29.485 || 耗时：13.26s
任务: (B2)N15_M07_F10→(B1)N15_M01_F10; mix批次:····0; 批次:··940/·1880;  总正确率: 66.40%
类型1 正确率： 100.00% -> 1  100.00%, 2    0.00%, 3    0.00%
类型2 正确率：  49.00% -> 1    0.75%, 2   49.20%, 3   50.05%
类型3 正确率：  50.00% -> 1    0.00%, 2   50.00%, 3   50.00%


样本变换：reverse
样本变换：mask
样本变换：shift
样本变换：none
未过滤	未用伪标签：66.40% -> 使用伪标签：67.05%
已过滤	未用伪标签：66.64% -> 使用伪标签：67.50%
排除样本：40|6000	剩余：2000, 2023, 1937
增添样本：153		细则：57, 0, 96	正确率估算：99.35%
类型1 正确率： 100.00% -> 1  100.00%, 2    0.00%, 3    0.00%
类型2 正确率：  52.00% -> 1    0.00%, 2   52.19%, 3   47.81%
类型3 正确率：  50.00% -> 1    0.00%, 2   50.00%, 3   50.00%

被排除样本 正确率：30.00%
类型1 正确率：  30.00% -> 1   30.00%, 2   70.00%
类型2 没有样本或未被分类。


轮次:·11/·20 || c_Loss:0.358 || e_Loss:-1.710 || Aad_Loss:-27.916 || 耗时：33.62s
轮次:·12/·20 || c_Loss:0.345 || e_Loss:-1.018 || Aad_Loss:-29.739 || 耗时：12.92s
轮次:·13/·20 || c_Loss:0.354 || e_Loss:-0.913 || Aad_Loss:-30.122 || 耗时：12.92s
轮次:·14/·20 || c_Loss:0.361 || e_Loss:-1.765 || Aad_Loss:-29.498 || 耗时：12.95s
轮次:·15/·20 || c_Loss:0.369 || e_Loss:-1.494 || Aad_Loss:-31.583 || 耗时：12.98s
任务: (B2)N15_M07_F10→(B1)N15_M01_F10; mix批次:····0; 批次:·1410/·1880;  总正确率: 68.15%
类型1 正确率： 100.00% -> 1  100.00%, 2    0.00%, 3    0.00%
类型2 正确率：  54.00% -> 1    0.00%, 2   54.45%, 3   45.55%
类型3 正确率：  50.00% -> 1    0.00%, 2   50.00%, 3   50.00%


样本变换：reverse
样本变换：mask
样本变换：shift
样本变换：none
未过滤	未用伪标签：68.15% -> 使用伪标签：67.87%
已过滤	未用伪标签：68.26% -> 使用伪标签：68.28%
排除样本：36|6000	剩余：2000, 2072, 1892
增添样本：286		细则：106, 0, 180	正确率估算：99.65%
类型1 正确率： 100.00% -> 1  100.00%, 2    0.00%, 3    0.00%
类型2 正确率：  55.00% -> 1    0.00%, 2   54.58%, 3   45.42%
类型3 正确率：  50.00% -> 1    0.00%, 2   50.00%, 3   50.00%

被排除样本 正确率：50.00%
类型1 正确率：  50.00% -> 1   50.00%, 2   50.00%
类型2 没有样本或未被分类。


轮次:·16/·20 || c_Loss:0.357 || e_Loss:-0.953 || Aad_Loss:-28.255 || 耗时：33.82s
轮次:·17/·20 || c_Loss:0.356 || e_Loss:-0.970 || Aad_Loss:-29.276 || 耗时：13.08s
轮次:·18/·20 || c_Loss:0.362 || e_Loss:-0.928 || Aad_Loss:-28.858 || 耗时：13.05s
轮次:·19/·20 || c_Loss:0.357 || e_Loss:-0.948 || Aad_Loss:-30.185 || 耗时：13.06s
轮次:·20/·20 || c_Loss:0.351 || e_Loss:-0.945 || Aad_Loss:-29.878 || 耗时：13.06s
任务: (B2)N15_M07_F10→(B1)N15_M01_F10; mix批次:····0; 批次:·1880/·1880;  总正确率: 68.15%
类型1 正确率： 100.00% -> 1  100.00%, 2    0.00%, 3    0.00%
类型2 正确率：  54.00% -> 1    0.00%, 2   54.45%, 3   45.55%
类型3 正确率：  50.00% -> 1    0.00%, 2   50.00%, 3   50.00%


测试集任务: (B2)N15_M07_F10→(B1)N15_M01_F10; 总正确率 = 68.15%
类型1 正确率： 100.00% -> 1  100.00%, 2    0.00%, 3    0.00%
类型2 正确率：  54.00% -> 1    0.00%, 2   54.45%, 3   45.55%
类型3 正确率：  50.00% -> 1    0.00%, 2   50.00%, 3   50.00%


