读取源域路径：/kaggle/working/m2/weight_PU_M1_final_checkpoint_FAtoB_gatec30_s2024/NEW_PU/Source-源域/log&pt/(B2)N15_M07_F10
excel输出位置：/kaggle/working/m2/weight_PU_M1_final_checkpoint_FAtoB_gatec30_s2024/NEW_PU/Target-目标域
特征图片输出位置：/kaggle/working/m2/weight_PU_M1_final_checkpoint_FAtoB_gatec30_s2024/NEW_PU/Picture-特征图/2026年09月13日23时04分/(B2)N15_M07_F10
现在选取:(B2)N15_M07_F10 进行训练的源模型
现在进行：(B2)N15_M07_F10→(B3)N15_M07_F04 的迁移任务
log&pt输出位置：/kaggle/working/m2/weight_PU_M1_final_checkpoint_FAtoB_gatec30_s2024/NEW_PU/Target-目标域/log&pt/(B2)N15_M07_F10→(B3)N15_M07_F04
任务: (B2)N15_M07_F10→(B3)N15_M07_F04; 批次:····0/·1880;  总正确率: 67.97%
类型1 正确率：  86.00% -> 1   86.25%, 2   13.75%, 3    0.00%
类型2 正确率：  63.00% -> 1    0.00%, 2   62.55%, 3   37.45%
类型3 正确率：  55.00% -> 1    2.65%, 2   42.25%, 3   55.10%


样本变换：reverse
样本变换：mask
样本变换：shift
样本变换：none
未过滤	未用伪标签：67.97% -> 使用伪标签：57.53%
已过滤	未用伪标签：67.50% -> 使用伪标签：59.45%
排除样本：193|6000	剩余：2122, 1276, 2409
增添样本：1453		细则：320, 1133, 0	正确率估算：94.22%
类型1 正确率： 100.00% -> 1  100.00%, 2    0.00%, 3    0.00%
类型2 正确率：  24.00% -> 1    0.00%, 2   24.45%, 3   75.55%
类型3 正确率：  51.00% -> 1    6.47%, 2   42.14%, 3   51.39%

被排除样本 正确率：81.87%
类型1 正确率：   0.00% -> 1    0.00%, 2  100.00%, 3    0.00%
类型2 正确率：  82.00% -> 1    0.00%, 2   82.22%, 3   17.78%
类型3 正确率：  87.00% -> 1    1.85%, 2   11.11%, 3   87.04%


轮次:··1/·20 || c_Loss:0.608 || e_Loss:-1.317 || Aad_Loss:-22.666 || 耗时：34.39s
轮次:··2/·20 || c_Loss:0.432 || e_Loss:-1.316 || Aad_Loss:-23.803 || 耗时：13.24s
轮次:··3/·20 || c_Loss:0.406 || e_Loss:-1.428 || Aad_Loss:-26.207 || 耗时：13.09s
轮次:··4/·20 || c_Loss:0.335 || e_Loss:-1.194 || Aad_Loss:-27.229 || 耗时：12.98s
轮次:··5/·20 || c_Loss:0.443 || e_Loss:-1.609 || Aad_Loss:-28.023 || 耗时：12.94s
任务: (B2)N15_M07_F10→(B3)N15_M07_F04; mix批次:····0; 批次:··470/·1880;  总正确率: 58.47%
类型1 正确率： 100.00% -> 1  100.00%, 2    0.00%, 3    0.00%
类型2 正确率：  25.00% -> 1    0.00%, 2   25.40%, 3   74.60%
类型3 正确率：  50.00% -> 1    5.45%, 2   44.55%, 3   50.00%


样本变换：reverse
样本变换：mask
样本变换：shift
样本变换：none
未过滤	未用伪标签：58.47% -> 使用伪标签：56.13%
已过滤	未用伪标签：58.45% -> 使用伪标签：56.41%
排除样本：29|6000	剩余：2131, 1226, 2614
增添样本：1904		细则：516, 1388, 0	正确率估算：99.60%
类型1 正确率： 100.00% -> 1  100.00%, 2    0.00%, 3    0.00%
类型2 正确率：  19.00% -> 1    0.00%, 2   18.57%, 3   81.43%
类型3 正确率：  50.00% -> 1    6.59%, 2   43.14%, 3   50.28%

被排除样本 正确率：62.07%
类型1 正确率： 100.00% -> 1  100.00%, 2    0.00%
类型2 正确率：   0.00% -> 1  100.00%, 2    0.00%


轮次:··6/·20 || c_Loss:0.357 || e_Loss:-1.244 || Aad_Loss:-28.980 || 耗时：34.38s
轮次:··7/·20 || c_Loss:0.366 || e_Loss:-1.370 || Aad_Loss:-27.426 || 耗时：13.17s
轮次:··8/·20 || c_Loss:0.347 || e_Loss:-0.946 || Aad_Loss:-29.829 || 耗时：13.25s
轮次:··9/·20 || c_Loss:0.343 || e_Loss:-1.565 || Aad_Loss:-28.274 || 耗时：13.22s
轮次:·10/·20 || c_Loss:0.389 || e_Loss:-0.876 || Aad_Loss:-28.555 || 耗时：13.22s
任务: (B2)N15_M07_F10→(B3)N15_M07_F04; mix批次:····0; 批次:··940/·1880;  总正确率: 57.15%
类型1 正确率： 100.00% -> 1  100.00%, 2    0.00%, 3    0.00%
类型2 正确率：  21.00% -> 1    0.00%, 2   21.45%, 3   78.55%
类型3 正确率：  50.00% -> 1    5.25%, 2   44.75%, 3   50.00%


样本变换：reverse
样本变换：mask
样本变换：shift
样本变换：none
未过滤	未用伪标签：57.15% -> 使用伪标签：57.13%
已过滤	未用伪标签：57.30% -> 使用伪标签：57.31%
排除样本：19|6000	剩余：2140, 1275, 2566
增添样本：1750		细则：459, 1291, 0	正确率估算：99.60%
类型1 正确率： 100.00% -> 1  100.00%, 2    0.00%, 3    0.00%
类型2 正确率：  21.00% -> 1    0.00%, 2   21.46%, 3   78.54%
类型3 正确率：  50.00% -> 1    7.05%, 2   42.63%, 3   50.33%

被排除样本 正确率：10.53%
类型1 正确率：  33.00% -> 1   33.33%, 2   66.67%
类型2 正确率：   0.00% -> 1  100.00%, 2    0.00%


轮次:·11/·20 || c_Loss:0.355 || e_Loss:-1.709 || Aad_Loss:-30.434 || 耗时：34.38s
轮次:·12/·20 || c_Loss:0.362 || e_Loss:-0.915 || Aad_Loss:-31.711 || 耗时：13.05s
轮次:·13/·20 || c_Loss:0.374 || e_Loss:-0.922 || Aad_Loss:-30.592 || 耗时：13.03s
轮次:·14/·20 || c_Loss:0.350 || e_Loss:-0.971 || Aad_Loss:-29.875 || 耗时：13.05s
轮次:·15/·20 || c_Loss:0.359 || e_Loss:-0.902 || Aad_Loss:-29.915 || 耗时：13.06s
任务: (B2)N15_M07_F10→(B3)N15_M07_F04; mix批次:····0; 批次:·1410/·1880;  总正确率: 57.40%
类型1 正确率： 100.00% -> 1  100.00%, 2    0.00%, 3    0.00%
类型2 正确率：  22.00% -> 1    0.00%, 2   22.20%, 3   77.80%
类型3 正确率：  50.00% -> 1    6.05%, 2   43.95%, 3   50.00%


样本变换：reverse
样本变换：mask
样本变换：shift
样本变换：none
未过滤	未用伪标签：57.40% -> 使用伪标签：57.35%
已过滤	未用伪标签：57.51% -> 使用伪标签：57.54%
排除样本：20|6000	剩余：2148, 1285, 2547
增添样本：1694		细则：432, 1262, 0	正确率估算：99.65%
类型1 正确率： 100.00% -> 1  100.00%, 2    0.00%, 3    0.00%
类型2 正确率：  22.00% -> 1    0.00%, 2   22.18%, 3   77.82%
类型3 正确率：  50.00% -> 1    7.43%, 2   42.37%, 3   50.20%

被排除样本 正确率：25.00%
类型1 正确率：  42.00% -> 1   41.67%, 2   58.33%
类型2 正确率：   0.00% -> 1  100.00%, 2    0.00%


轮次:·16/·20 || c_Loss:0.352 || e_Loss:-1.460 || Aad_Loss:-30.584 || 耗时：34.27s
轮次:·17/·20 || c_Loss:0.376 || e_Loss:-1.500 || Aad_Loss:-28.542 || 耗时：13.00s
轮次:·18/·20 || c_Loss:0.386 || e_Loss:-1.354 || Aad_Loss:-30.150 || 耗时：13.08s
轮次:·19/·20 || c_Loss:0.351 || e_Loss:-0.927 || Aad_Loss:-29.619 || 耗时：13.16s
轮次:·20/·20 || c_Loss:0.353 || e_Loss:-0.948 || Aad_Loss:-29.549 || 耗时：13.23s
任务: (B2)N15_M07_F10→(B3)N15_M07_F04; mix批次:····0; 批次:·1880/·1880;  总正确率: 57.33%
类型1 正确率： 100.00% -> 1  100.00%, 2    0.00%, 3    0.00%
类型2 正确率：  22.00% -> 1    0.00%, 2   22.00%, 3   78.00%
类型3 正确率：  50.00% -> 1    5.85%, 2   44.15%, 3   50.00%


测试集任务: (B2)N15_M07_F10→(B3)N15_M07_F04; 总正确率 = 57.33%
类型1 正确率： 100.00% -> 1  100.00%, 2    0.00%, 3    0.00%
类型2 正确率：  22.00% -> 1    0.00%, 2   22.00%, 3   78.00%
类型3 正确率：  50.00% -> 1    5.85%, 2   44.15%, 3   50.00%


