读取源域路径：/kaggle/working/k10/S03/weight_PU_M1_final_checkpoint_FS03toS03c_gateoracle_s2024/NEW_PU/Source-源域/log&pt/(B3)N15_M07_F04
excel输出位置：/kaggle/working/k10/S03/weight_PU_M1_final_checkpoint_FS03toS03c_gateoracle_s2024/NEW_PU/Target-目标域
特征图片输出位置：/kaggle/working/k10/S03/weight_PU_M1_final_checkpoint_FS03toS03c_gateoracle_s2024/NEW_PU/Picture-特征图/2026年09月16日21时02分/(B3)N15_M07_F04
现在选取:(B3)N15_M07_F04 进行训练的源模型
现在进行：(B3)N15_M07_F04→(B1)N15_M01_F10 的迁移任务
log&pt输出位置：/kaggle/working/k10/S03/weight_PU_M1_final_checkpoint_FS03toS03c_gateoracle_s2024/NEW_PU/Target-目标域/log&pt/(B3)N15_M07_F04→(B1)N15_M01_F10
任务: (B3)N15_M07_F04→(B1)N15_M01_F10; 批次:····0/·1880;  总正确率: 57.78%
类型1 正确率：  78.00% -> 1   78.25%, 2   21.70%, 3    0.05%
类型2 正确率：  93.00% -> 1    0.00%, 2   93.15%, 3    6.85%
类型3 正确率：   2.00% -> 1    0.00%, 2   98.05%, 3    1.95%


样本变换：reverse
样本变换：mask
样本变换：shift
样本变换：none
未过滤	未用伪标签：57.78% -> 使用伪标签：59.55%
已过滤	未用伪标签：57.40% -> 使用伪标签：61.15%
排除样本：157|6000	剩余：1499, 2782, 1562
增添样本：849		细则：0, 247, 602	正确率估算：32.27%
类型1 正确率：  76.00% -> 1   75.98%, 2   24.02%, 3    0.00%
类型2 正确率：  63.00% -> 1    1.24%, 2   63.21%, 3   35.55%
类型3 正确率：  44.00% -> 1    0.05%, 2   55.50%, 3   44.44%

被排除样本 正确率：71.97%
类型1 正确率：  90.00% -> 1   90.00%, 2   10.00%, 3    0.00%
类型2 正确率： 100.00% -> 1    0.00%, 2  100.00%, 3    0.00%
类型3 正确率：   0.00% -> 1    0.00%, 2  100.00%, 3    0.00%


轮次:··1/·20 || c_Loss:0.513 || e_Loss:-1.271 || Aad_Loss:-15.933 || 耗时：34.61s
轮次:··2/·20 || c_Loss:0.369 || e_Loss:-1.171 || Aad_Loss:-20.978 || 耗时：13.29s
轮次:··3/·20 || c_Loss:0.360 || e_Loss:-1.377 || Aad_Loss:-17.540 || 耗时：13.34s
轮次:··4/·20 || c_Loss:0.370 || e_Loss:-1.421 || Aad_Loss:-17.827 || 耗时：13.19s
轮次:··5/·20 || c_Loss:0.356 || e_Loss:-1.424 || Aad_Loss:-15.168 || 耗时：13.34s
任务: (B3)N15_M07_F04→(B1)N15_M01_F10; mix批次:····0; 批次:··470/·1880;  总正确率: 77.20%
类型1 正确率：  99.00% -> 1   99.20%, 2    0.65%, 3    0.15%
类型2 正确率：  83.00% -> 1    0.05%, 2   82.85%, 3   17.10%
类型3 正确率：  50.00% -> 1    0.00%, 2   50.45%, 3   49.55%


样本变换：reverse
样本变换：mask
样本变换：shift
样本变换：none
未过滤	未用伪标签：77.20% -> 使用伪标签：76.45%
已过滤	未用伪标签：77.20% -> 使用伪标签：77.05%
排除样本：47|6000	剩余：1996, 2612, 1345
增添样本：1398		细则：0, 394, 1004	正确率估算：99.78%
类型1 正确率： 100.00% -> 1   99.75%, 2    0.25%, 3    0.00%
类型2 正确率：  82.00% -> 1    0.05%, 2   81.85%, 3   18.10%
类型3 正确率：  50.00% -> 1    0.00%, 2   50.38%, 3   49.62%

被排除样本 正确率：76.60%
类型1 正确率：  80.00% -> 1   79.55%, 2   20.45%
类型2 正确率：  33.00% -> 1   66.67%, 2   33.33%


轮次:··6/·20 || c_Loss:0.376 || e_Loss:-1.501 || Aad_Loss:-23.776 || 耗时：34.88s
轮次:··7/·20 || c_Loss:0.515 || e_Loss:-1.468 || Aad_Loss:-22.491 || 耗时：13.28s
轮次:··8/·20 || c_Loss:0.387 || e_Loss:-1.459 || Aad_Loss:-26.228 || 耗时：13.30s
轮次:··9/·20 || c_Loss:0.380 || e_Loss:-1.461 || Aad_Loss:-27.158 || 耗时：13.26s
轮次:·10/·20 || c_Loss:0.411 || e_Loss:-1.572 || Aad_Loss:-23.345 || 耗时：13.29s
任务: (B3)N15_M07_F04→(B1)N15_M01_F10; mix批次:····0; 批次:··940/·1880;  总正确率: 79.87%
类型1 正确率： 100.00% -> 1  100.00%, 2    0.00%, 3    0.00%
类型2 正确率：  90.00% -> 1    0.35%, 2   89.60%, 3   10.05%
类型3 正确率：  50.00% -> 1    0.15%, 2   49.85%, 3   50.00%


样本变换：reverse
样本变换：mask
样本变换：shift
样本变换：none
未过滤	未用伪标签：79.87% -> 使用伪标签：81.07%
已过滤	未用伪标签：80.18% -> 使用伪标签：81.43%
排除样本：27|6000	剩余：2001, 2871, 1101
增添样本：1136		细则：0, 132, 1004	正确率估算：99.38%
类型1 正确率： 100.00% -> 1  100.00%, 2    0.00%, 3    0.00%
类型2 正确率：  95.00% -> 1    0.05%, 2   94.63%, 3    5.32%
类型3 正确率：  50.00% -> 1    0.00%, 2   50.18%, 3   49.82%

被排除样本 正确率：11.11%
类型1 没有样本或未被分类。
类型2 正确率：   8.00% -> 1    7.69%, 2    7.69%, 3   84.62%
类型3 正确率： 100.00% -> 1    0.00%, 2    0.00%, 3  100.00%


轮次:·11/·20 || c_Loss:0.429 || e_Loss:-1.573 || Aad_Loss:-25.982 || 耗时：34.80s
轮次:·12/·20 || c_Loss:0.453 || e_Loss:-1.599 || Aad_Loss:-24.663 || 耗时：13.26s
轮次:·13/·20 || c_Loss:0.444 || e_Loss:-1.618 || Aad_Loss:-24.813 || 耗时：13.28s
轮次:·14/·20 || c_Loss:0.478 || e_Loss:-1.604 || Aad_Loss:-24.019 || 耗时：13.26s
轮次:·15/·20 || c_Loss:0.390 || e_Loss:-1.670 || Aad_Loss:-24.726 || 耗时：13.24s
任务: (B3)N15_M07_F04→(B1)N15_M01_F10; mix批次:····0; 批次:·1410/·1880;  总正确率: 81.12%
类型1 正确率： 100.00% -> 1  100.00%, 2    0.00%, 3    0.00%
类型2 正确率：  93.00% -> 1    0.90%, 2   93.25%, 3    5.85%
类型3 正确率：  50.00% -> 1    0.20%, 2   49.70%, 3   50.10%


样本变换：reverse
样本变换：mask
样本变换：shift
样本变换：none
未过滤	未用伪标签：81.12% -> 使用伪标签：82.27%
已过滤	未用伪标签：81.29% -> 使用伪标签：82.45%
排除样本：13|6000	剩余：2002, 2936, 1049
增添样本：1064		细则：0, 64, 1000	正确率估算：99.62%
类型1 正确率： 100.00% -> 1  100.00%, 2    0.00%, 3    0.00%
类型2 正确率：  97.00% -> 1    0.10%, 2   97.43%, 3    2.47%
类型3 正确率：  50.00% -> 1    0.00%, 2   50.00%, 3   50.00%

被排除样本 正确率：0.00%
类型1 没有样本或未被分类。
类型2 正确率：   0.00% -> 1   15.38%, 2    0.00%, 3   84.62%
类型3 没有样本或未被分类。


轮次:·16/·20 || c_Loss:0.397 || e_Loss:-1.641 || Aad_Loss:-25.468 || 耗时：34.85s
轮次:·17/·20 || c_Loss:0.449 || e_Loss:-1.656 || Aad_Loss:-24.698 || 耗时：13.27s
轮次:·18/·20 || c_Loss:0.414 || e_Loss:-1.696 || Aad_Loss:-24.276 || 耗时：13.25s
轮次:·19/·20 || c_Loss:0.373 || e_Loss:-1.591 || Aad_Loss:-27.133 || 耗时：13.25s
轮次:·20/·20 || c_Loss:0.422 || e_Loss:-1.638 || Aad_Loss:-25.560 || 耗时：13.26s
任务: (B3)N15_M07_F04→(B1)N15_M01_F10; mix批次:····0; 批次:·1880/·1880;  总正确率: 82.50%
类型1 正确率： 100.00% -> 1  100.00%, 2    0.00%, 3    0.00%
类型2 正确率：  97.00% -> 1    0.70%, 2   97.45%, 3    1.85%
类型3 正确率：  50.00% -> 1    0.35%, 2   49.60%, 3   50.05%


测试集任务: (B3)N15_M07_F04→(B1)N15_M01_F10; 总正确率 = 82.50%
类型1 正确率： 100.00% -> 1  100.00%, 2    0.00%, 3    0.00%
类型2 正确率：  97.00% -> 1    0.70%, 2   97.45%, 3    1.85%
类型3 正确率：  50.00% -> 1    0.35%, 2   49.60%, 3   50.05%


