读取源域路径：/kaggle/working/k10/S03/weight_PU_M1_final_checkpoint_FS03toS03c_gateoracle_s2024/NEW_PU/Source-源域/log&pt/(B3)N15_M07_F04
excel输出位置：/kaggle/working/k10/S03/weight_PU_M1_final_checkpoint_FS03toS03c_gateoracle_s2024/NEW_PU/Target-目标域
特征图片输出位置：/kaggle/working/k10/S03/weight_PU_M1_final_checkpoint_FS03toS03c_gateoracle_s2024/NEW_PU/Picture-特征图/2026年09月16日21时08分/(B3)N15_M07_F04
现在选取:(B3)N15_M07_F04 进行训练的源模型
现在进行：(B3)N15_M07_F04→(B2)N15_M07_F10 的迁移任务
log&pt输出位置：/kaggle/working/k10/S03/weight_PU_M1_final_checkpoint_FS03toS03c_gateoracle_s2024/NEW_PU/Target-目标域/log&pt/(B3)N15_M07_F04→(B2)N15_M07_F10
任务: (B3)N15_M07_F04→(B2)N15_M07_F10; 批次:····0/·1880;  总正确率: 59.93%
类型1 正确率：  83.00% -> 1   83.00%, 2   17.00%, 3    0.00%
类型2 正确率：  93.00% -> 1    0.50%, 2   92.95%, 3    6.55%
类型3 正确率：   4.00% -> 1    0.00%, 2   96.15%, 3    3.85%


样本变换：reverse
样本变换：mask
样本变换：shift
样本变换：none
未过滤	未用伪标签：59.93% -> 使用伪标签：65.68%
已过滤	未用伪标签：59.63% -> 使用伪标签：67.01%
排除样本：119|6000	剩余：2067, 2052, 1762
增添样本：1948		细则：0, 950, 998	正确率估算：53.79%
类型1 正确率：  99.00% -> 1   98.79%, 2    1.21%, 3    0.00%
类型2 正确率：  53.00% -> 1    5.29%, 2   53.01%, 3   41.71%
类型3 正确率：  49.00% -> 1    0.15%, 2   51.19%, 3   48.66%

被排除样本 正确率：74.79%
类型1 正确率：   0.00% -> 1    0.00%, 2  100.00%, 3    0.00%
类型2 正确率： 100.00% -> 1    0.00%, 2  100.00%, 3    0.00%
类型3 正确率：   0.00% -> 1    0.00%, 2  100.00%, 3    0.00%


轮次:··1/·20 || c_Loss:0.503 || e_Loss:-1.230 || Aad_Loss:-20.811 || 耗时：35.35s
轮次:··2/·20 || c_Loss:0.373 || e_Loss:-1.351 || Aad_Loss:-22.926 || 耗时：13.51s
轮次:··3/·20 || c_Loss:0.367 || e_Loss:-1.317 || Aad_Loss:-23.204 || 耗时：13.36s
轮次:··4/·20 || c_Loss:0.400 || e_Loss:-1.447 || Aad_Loss:-22.166 || 耗时：13.31s
轮次:··5/·20 || c_Loss:0.367 || e_Loss:-1.437 || Aad_Loss:-21.737 || 耗时：13.34s
任务: (B3)N15_M07_F04→(B2)N15_M07_F10; mix批次:····0; 批次:··470/·1880;  总正确率: 76.97%
类型1 正确率： 100.00% -> 1  100.00%, 2    0.00%, 3    0.00%
类型2 正确率：  81.00% -> 1    0.45%, 2   81.00%, 3   18.55%
类型3 正确率：  50.00% -> 1    0.15%, 2   49.95%, 3   49.90%


样本变换：reverse
样本变换：mask
样本变换：shift
样本变换：none
未过滤	未用伪标签：76.97% -> 使用伪标签：77.03%
已过滤	未用伪标签：77.23% -> 使用伪标签：77.56%
排除样本：41|6000	剩余：2003, 2622, 1334
增添样本：1378		细则：0, 378, 1000	正确率估算：99.64%
类型1 正确率： 100.00% -> 1  100.00%, 2    0.00%, 3    0.00%
类型2 正确率：  83.00% -> 1    0.15%, 2   82.80%, 3   17.05%
类型3 正确率：  50.00% -> 1    0.00%, 2   50.00%, 3   50.00%

被排除样本 正确率：39.02%
类型1 正确率：  39.00% -> 1   39.02%, 2   60.98%
类型2 没有样本或未被分类。


轮次:··6/·20 || c_Loss:0.404 || e_Loss:-1.557 || Aad_Loss:-24.055 || 耗时：35.07s
轮次:··7/·20 || c_Loss:0.414 || e_Loss:-1.637 || Aad_Loss:-23.103 || 耗时：13.32s
轮次:··8/·20 || c_Loss:0.488 || e_Loss:-1.556 || Aad_Loss:-23.295 || 耗时：13.27s
轮次:··9/·20 || c_Loss:0.392 || e_Loss:-1.540 || Aad_Loss:-25.812 || 耗时：13.26s
轮次:·10/·20 || c_Loss:0.371 || e_Loss:-1.633 || Aad_Loss:-23.950 || 耗时：13.25s
任务: (B3)N15_M07_F04→(B2)N15_M07_F10; mix批次:····0; 批次:··940/·1880;  总正确率: 80.38%
类型1 正确率： 100.00% -> 1  100.00%, 2    0.00%, 3    0.00%
类型2 正确率：  91.00% -> 1    0.60%, 2   91.15%, 3    8.25%
类型3 正确率：  50.00% -> 1    1.25%, 2   48.75%, 3   50.00%


样本变换：reverse
样本变换：mask
样本变换：shift
样本变换：none
未过滤	未用伪标签：80.38% -> 使用伪标签：81.37%
已过滤	未用伪标签：80.72% -> 使用伪标签：81.76%
排除样本：29|6000	剩余：2001, 2882, 1088
增添样本：1118		细则：0, 118, 1000	正确率估算：99.46%
类型1 正确率： 100.00% -> 1  100.00%, 2    0.00%, 3    0.00%
类型2 正确率：  95.00% -> 1    0.05%, 2   95.48%, 3    4.46%
类型3 正确率：  50.00% -> 1    0.00%, 2   50.00%, 3   50.00%

被排除样本 正确率：10.34%
类型1 没有样本或未被分类。
类型2 正确率：  10.00% -> 1    3.45%, 2   10.34%, 3   86.21%
类型3 没有样本或未被分类。


轮次:·11/·20 || c_Loss:0.448 || e_Loss:-1.621 || Aad_Loss:-22.734 || 耗时：34.85s
轮次:·12/·20 || c_Loss:0.401 || e_Loss:-1.620 || Aad_Loss:-26.201 || 耗时：13.23s
轮次:·13/·20 || c_Loss:0.476 || e_Loss:-1.589 || Aad_Loss:-26.288 || 耗时：13.25s
轮次:·14/·20 || c_Loss:0.500 || e_Loss:-1.654 || Aad_Loss:-25.173 || 耗时：13.24s
轮次:·15/·20 || c_Loss:0.455 || e_Loss:-1.582 || Aad_Loss:-23.721 || 耗时：13.24s
任务: (B3)N15_M07_F04→(B2)N15_M07_F10; mix批次:····0; 批次:·1410/·1880;  总正确率: 81.55%
类型1 正确率： 100.00% -> 1  100.00%, 2    0.00%, 3    0.00%
类型2 正确率：  94.00% -> 1    0.50%, 2   94.40%, 3    5.10%
类型3 正确率：  50.00% -> 1    1.50%, 2   48.25%, 3   50.25%


样本变换：reverse
样本变换：mask
样本变换：shift
样本变换：none
未过滤	未用伪标签：81.55% -> 使用伪标签：82.13%
已过滤	未用伪标签：81.78% -> 使用伪标签：82.44%
排除样本：22|6000	剩余：2001, 2928, 1049
增添样本：1072		细则：0, 72, 1000	正确率估算：99.72%
类型1 正确率： 100.00% -> 1  100.00%, 2    0.00%, 3    0.00%
类型2 正确率：  97.00% -> 1    0.05%, 2   97.47%, 3    2.48%
类型3 正确率：  50.00% -> 1    0.00%, 2   50.00%, 3   50.00%

被排除样本 正确率：18.18%
类型1 正确率：  18.00% -> 1   18.18%, 2   81.82%
类型2 没有样本或未被分类。


轮次:·16/·20 || c_Loss:0.414 || e_Loss:-1.646 || Aad_Loss:-26.098 || 耗时：34.85s
轮次:·17/·20 || c_Loss:0.424 || e_Loss:-1.671 || Aad_Loss:-23.864 || 耗时：13.28s
轮次:·18/·20 || c_Loss:0.462 || e_Loss:-1.714 || Aad_Loss:-24.023 || 耗时：13.30s
轮次:·19/·20 || c_Loss:0.443 || e_Loss:-1.666 || Aad_Loss:-26.610 || 耗时：13.31s
轮次:·20/·20 || c_Loss:0.374 || e_Loss:-1.620 || Aad_Loss:-26.389 || 耗时：13.29s
任务: (B3)N15_M07_F04→(B2)N15_M07_F10; mix批次:····0; 批次:·1880/·1880;  总正确率: 82.38%
类型1 正确率： 100.00% -> 1  100.00%, 2    0.00%, 3    0.00%
类型2 正确率：  96.00% -> 1    0.50%, 2   95.70%, 3    3.80%
类型3 正确率：  51.00% -> 1    2.05%, 2   46.50%, 3   51.45%


测试集任务: (B3)N15_M07_F04→(B2)N15_M07_F10; 总正确率 = 82.38%
类型1 正确率： 100.00% -> 1  100.00%, 2    0.00%, 3    0.00%
类型2 正确率：  96.00% -> 1    0.50%, 2   95.70%, 3    3.80%
类型3 正确率：  51.00% -> 1    2.05%, 2   46.50%, 3   51.45%


