读取源域路径：/kaggle/working/k10/S03/weight_PU_M1_final_checkpoint_FS03toS03c_gateoracle_s2024/NEW_PU/Source-源域/log&pt/(B2)N15_M07_F10
excel输出位置：/kaggle/working/k10/S03/weight_PU_M1_final_checkpoint_FS03toS03c_gateoracle_s2024/NEW_PU/Target-目标域
特征图片输出位置：/kaggle/working/k10/S03/weight_PU_M1_final_checkpoint_FS03toS03c_gateoracle_s2024/NEW_PU/Picture-特征图/2026年09月16日20时49分/(B2)N15_M07_F10
现在选取:(B2)N15_M07_F10 进行训练的源模型
现在进行：(B2)N15_M07_F10→(B1)N15_M01_F10 的迁移任务
log&pt输出位置：/kaggle/working/k10/S03/weight_PU_M1_final_checkpoint_FS03toS03c_gateoracle_s2024/NEW_PU/Target-目标域/log&pt/(B2)N15_M07_F10→(B1)N15_M01_F10
任务: (B2)N15_M07_F10→(B1)N15_M01_F10; 批次:····0/·1880;  总正确率: 63.12%
类型1 正确率： 100.00% -> 1   99.85%, 2    0.15%, 3    0.00%
类型2 正确率：  90.00% -> 1    0.75%, 2   89.50%, 3    9.75%
类型3 正确率：   0.00% -> 1    0.00%, 2  100.00%, 3    0.00%


样本变换：reverse
样本变换：mask
样本变换：shift
样本变换：none
未过滤	未用伪标签：63.12% -> 使用伪标签：51.00%
已过滤	未用伪标签：64.24% -> 使用伪标签：53.25%
排除样本：254|6000	剩余：2649, 2187, 910
增添样本：2940		细则：0, 1235, 1705	正确率估算：72.17%
类型1 正确率： 100.00% -> 1  100.00%, 2    0.00%, 3    0.00%
类型2 正确率：  40.00% -> 1   27.52%, 2   40.18%, 3   32.30%
类型3 正确率：  16.00% -> 1    6.79%, 2   77.20%, 3   16.02%

被排除样本 正确率：37.80%
类型1 正确率： 100.00% -> 1  100.00%, 2    0.00%
类型2 正确率：   0.00% -> 1  100.00%, 2    0.00%


轮次:··1/·20 || c_Loss:0.423 || e_Loss:-1.336 || Aad_Loss:-21.094 || 耗时：34.87s
轮次:··2/·20 || c_Loss:0.371 || e_Loss:-1.388 || Aad_Loss:-23.386 || 耗时：13.42s
轮次:··3/·20 || c_Loss:0.389 || e_Loss:-1.485 || Aad_Loss:-22.833 || 耗时：13.25s
轮次:··4/·20 || c_Loss:0.364 || e_Loss:-1.427 || Aad_Loss:-23.108 || 耗时：13.25s
轮次:··5/·20 || c_Loss:0.404 || e_Loss:-1.634 || Aad_Loss:-19.280 || 耗时：13.27s
任务: (B2)N15_M07_F10→(B1)N15_M01_F10; mix批次:····0; 批次:··470/·1880;  总正确率: 69.05%
类型1 正确率： 100.00% -> 1  100.00%, 2    0.00%, 3    0.00%
类型2 正确率：  69.00% -> 1    5.35%, 2   69.35%, 3   25.30%
类型3 正确率：  38.00% -> 1    1.10%, 2   61.10%, 3   37.80%


样本变换：reverse
样本变换：mask
样本变换：shift
样本变换：none
未过滤	未用伪标签：69.05% -> 使用伪标签：67.70%
已过滤	未用伪标签：69.97% -> 使用伪标签：69.55%
排除样本：160|6000	剩余：2075, 2049, 1716
增添样本：1938		细则：0, 925, 1013	正确率估算：82.85%
类型1 正确率： 100.00% -> 1  100.00%, 2    0.00%, 3    0.00%
类型2 正确率：  58.00% -> 1    3.43%, 2   57.55%, 3   39.03%
类型3 正确率：  50.00% -> 1    0.56%, 2   49.39%, 3   50.05%

被排除样本 正确率：35.62%
类型1 没有样本或未被分类。
类型2 正确率：  34.00% -> 1   25.76%, 2   34.09%, 3   40.15%
类型3 正确率：  43.00% -> 1   28.57%, 2   28.57%, 3   42.86%


轮次:··6/·20 || c_Loss:0.423 || e_Loss:-1.390 || Aad_Loss:-21.724 || 耗时：35.34s
轮次:··7/·20 || c_Loss:0.377 || e_Loss:-1.438 || Aad_Loss:-22.078 || 耗时：13.33s
轮次:··8/·20 || c_Loss:0.416 || e_Loss:-1.484 || Aad_Loss:-18.273 || 耗时：13.30s
轮次:··9/·20 || c_Loss:0.346 || e_Loss:-1.440 || Aad_Loss:-26.131 || 耗时：13.31s
轮次:·10/·20 || c_Loss:0.341 || e_Loss:-1.431 || Aad_Loss:-23.708 || 耗时：13.35s
任务: (B2)N15_M07_F10→(B1)N15_M01_F10; mix批次:····0; 批次:··940/·1880;  总正确率: 75.05%
类型1 正确率： 100.00% -> 1  100.00%, 2    0.00%, 3    0.00%
类型2 正确率：  75.00% -> 1    0.70%, 2   75.30%, 3   24.00%
类型3 正确率：  50.00% -> 1    0.30%, 2   49.85%, 3   49.85%


样本变换：reverse
样本变换：mask
样本变换：shift
样本变换：none
未过滤	未用伪标签：75.05% -> 使用伪标签：75.77%
已过滤	未用伪标签：75.41% -> 使用伪标签：76.42%
排除样本：51|6000	剩余：2010, 2547, 1392
增添样本：1454		细则：0, 452, 1002	正确率估算：98.90%
类型1 正确率： 100.00% -> 1  100.00%, 2    0.00%, 3    0.00%
类型2 正确率：  79.00% -> 1    0.46%, 2   79.34%, 3   20.19%
类型3 正确率：  50.00% -> 1    0.05%, 2   50.00%, 3   49.95%

被排除样本 正确率：33.33%
类型1 没有样本或未被分类。
类型2 正确率：  35.00% -> 1    4.08%, 2   34.69%, 3   61.22%
类型3 正确率：   0.00% -> 1  100.00%, 2    0.00%, 3    0.00%


轮次:·11/·20 || c_Loss:0.460 || e_Loss:-1.431 || Aad_Loss:-18.966 || 耗时：34.89s
轮次:·12/·20 || c_Loss:0.489 || e_Loss:-1.494 || Aad_Loss:-20.825 || 耗时：13.29s
轮次:·13/·20 || c_Loss:0.413 || e_Loss:-1.445 || Aad_Loss:-24.282 || 耗时：13.29s
轮次:·14/·20 || c_Loss:0.421 || e_Loss:-1.503 || Aad_Loss:-22.912 || 耗时：13.25s
轮次:·15/·20 || c_Loss:0.438 || e_Loss:-1.507 || Aad_Loss:-20.571 || 耗时：13.25s
任务: (B2)N15_M07_F10→(B1)N15_M01_F10; mix批次:····0; 批次:·1410/·1880;  总正确率: 76.98%
类型1 正确率： 100.00% -> 1  100.00%, 2    0.00%, 3    0.00%
类型2 正确率：  81.00% -> 1    2.70%, 2   80.95%, 3   16.35%
类型3 正确率：  50.00% -> 1    1.65%, 2   48.35%, 3   50.00%


样本变换：reverse
样本变换：mask
样本变换：shift
样本变换：none
未过滤	未用伪标签：76.98% -> 使用伪标签：79.03%
已过滤	未用伪标签：77.49% -> 使用伪标签：79.66%
排除样本：47|6000	剩余：2004, 2743, 1206
增添样本：1258		细则：0, 257, 1001	正确率估算：98.17%
类型1 正确率： 100.00% -> 1  100.00%, 2    0.00%, 3    0.00%
类型2 正确率：  89.00% -> 1    0.20%, 2   89.20%, 3   10.59%
类型3 正确率：  50.00% -> 1    0.00%, 2   50.03%, 3   49.97%

被排除样本 正确率：12.77%
类型1 没有样本或未被分类。
类型2 正确率：  13.00% -> 1    4.35%, 2   13.04%, 3   82.61%
类型3 正确率：   0.00% -> 1  100.00%, 2    0.00%, 3    0.00%


轮次:·16/·20 || c_Loss:0.412 || e_Loss:-1.493 || Aad_Loss:-25.113 || 耗时：34.97s
轮次:·17/·20 || c_Loss:0.492 || e_Loss:-1.534 || Aad_Loss:-25.109 || 耗时：13.26s
轮次:·18/·20 || c_Loss:0.444 || e_Loss:-1.579 || Aad_Loss:-22.809 || 耗时：13.32s
轮次:·19/·20 || c_Loss:0.511 || e_Loss:-1.521 || Aad_Loss:-23.210 || 耗时：13.26s
轮次:·20/·20 || c_Loss:0.449 || e_Loss:-1.494 || Aad_Loss:-24.250 || 耗时：13.25s
任务: (B2)N15_M07_F10→(B1)N15_M01_F10; mix批次:····0; 批次:·1880/·1880;  总正确率: 79.37%
类型1 正确率： 100.00% -> 1  100.00%, 2    0.00%, 3    0.00%
类型2 正确率：  88.00% -> 1    1.35%, 2   88.10%, 3   10.55%
类型3 正确率：  50.00% -> 1    1.15%, 2   48.85%, 3   50.00%


测试集任务: (B2)N15_M07_F10→(B1)N15_M01_F10; 总正确率 = 79.37%
类型1 正确率： 100.00% -> 1  100.00%, 2    0.00%, 3    0.00%
类型2 正确率：  88.00% -> 1    1.35%, 2   88.10%, 3   10.55%
类型3 正确率：  50.00% -> 1    1.15%, 2   48.85%, 3   50.00%


