读取源域路径：/kaggle/working/k10/S03/weight_PU_M1_final_checkpoint_FS03toS03c_gateoracle_s2024/NEW_PU/Source-源域/log&pt/(B1)N15_M01_F10
excel输出位置：/kaggle/working/k10/S03/weight_PU_M1_final_checkpoint_FS03toS03c_gateoracle_s2024/NEW_PU/Target-目标域
特征图片输出位置：/kaggle/working/k10/S03/weight_PU_M1_final_checkpoint_FS03toS03c_gateoracle_s2024/NEW_PU/Picture-特征图/2026年09月16日20时37分/(B1)N15_M01_F10
现在选取:(B1)N15_M01_F10 进行训练的源模型
现在进行：(B1)N15_M01_F10→(B2)N15_M07_F10 的迁移任务
log&pt输出位置：/kaggle/working/k10/S03/weight_PU_M1_final_checkpoint_FS03toS03c_gateoracle_s2024/NEW_PU/Target-目标域/log&pt/(B1)N15_M01_F10→(B2)N15_M07_F10
任务: (B1)N15_M01_F10→(B2)N15_M07_F10; 批次:····0/·1880;  总正确率: 63.87%
类型1 正确率：  99.00% -> 1   98.70%, 2    1.30%, 3    0.00%
类型2 正确率：  93.00% -> 1    0.40%, 2   92.90%, 3    6.70%
类型3 正确率：   0.00% -> 1    0.05%, 2   99.95%, 3    0.00%


样本变换：reverse
样本变换：mask
样本变换：shift
样本变换：none
未过滤	未用伪标签：63.87% -> 使用伪标签：56.78%
已过滤	未用伪标签：64.22% -> 使用伪标签：57.61%
排除样本：86|6000	剩余：2102, 2992, 820
增添样本：2593		细则：0, 772, 1821	正确率估算：81.18%
类型1 正确率： 100.00% -> 1  100.00%, 2    0.00%, 3    0.00%
类型2 正确率：  62.00% -> 1    4.89%, 2   62.49%, 3   32.62%
类型3 正确率：   9.00% -> 1    0.31%, 2   90.51%, 3    9.18%

被排除样本 正确率：39.53%
类型1 正确率：  97.00% -> 1   97.14%, 2    2.86%
类型2 正确率：   0.00% -> 1  100.00%, 2    0.00%


轮次:··1/·20 || c_Loss:0.392 || e_Loss:-1.132 || Aad_Loss:-28.213 || 耗时：36.28s
轮次:··2/·20 || c_Loss:0.396 || e_Loss:-1.334 || Aad_Loss:-26.521 || 耗时：13.42s
轮次:··3/·20 || c_Loss:0.442 || e_Loss:-1.360 || Aad_Loss:-21.560 || 耗时：13.25s
轮次:··4/·20 || c_Loss:0.402 || e_Loss:-1.373 || Aad_Loss:-27.506 || 耗时：13.22s
轮次:··5/·20 || c_Loss:0.370 || e_Loss:-1.309 || Aad_Loss:-31.469 || 耗时：13.29s
任务: (B1)N15_M01_F10→(B2)N15_M07_F10; mix批次:····0; 批次:··470/·1880;  总正确率: 72.80%
类型1 正确率： 100.00% -> 1  100.00%, 2    0.00%, 3    0.00%
类型2 正确率：  78.00% -> 1    0.15%, 2   77.90%, 3   21.95%
类型3 正确率：  40.00% -> 1    0.00%, 2   59.50%, 3   40.50%


样本变换：reverse
样本变换：mask
样本变换：shift
样本变换：none
未过滤	未用伪标签：72.80% -> 使用伪标签：73.70%
已过滤	未用伪标签：73.27% -> 使用伪标签：74.52%
排除样本：66|6000	剩余：2002, 2630, 1302
增添样本：1578		细则：0, 461, 1117	正确率估算：94.57%
类型1 正确率： 100.00% -> 1  100.00%, 2    0.00%, 3    0.00%
类型2 正确率：  79.00% -> 1    0.10%, 2   78.52%, 3   21.38%
类型3 正确率：  45.00% -> 1    0.00%, 2   55.27%, 3   44.73%

被排除样本 正确率：30.30%
类型1 没有样本或未被分类。
类型2 正确率：  45.00% -> 1    2.50%, 2   45.00%, 3   52.50%
类型3 正确率：   8.00% -> 1    0.00%, 2   92.31%, 3    7.69%


轮次:··6/·20 || c_Loss:0.423 || e_Loss:-1.347 || Aad_Loss:-24.598 || 耗时：35.38s
轮次:··7/·20 || c_Loss:0.416 || e_Loss:-1.469 || Aad_Loss:-23.177 || 耗时：13.32s
轮次:··8/·20 || c_Loss:0.476 || e_Loss:-1.422 || Aad_Loss:-21.184 || 耗时：13.32s
轮次:··9/·20 || c_Loss:0.386 || e_Loss:-1.489 || Aad_Loss:-20.121 || 耗时：13.31s
轮次:·10/·20 || c_Loss:0.385 || e_Loss:-1.397 || Aad_Loss:-21.171 || 耗时：13.32s
任务: (B1)N15_M01_F10→(B2)N15_M07_F10; mix批次:····0; 批次:··940/·1880;  总正确率: 75.98%
类型1 正确率： 100.00% -> 1  100.00%, 2    0.00%, 3    0.00%
类型2 正确率：  78.00% -> 1    0.25%, 2   78.15%, 3   21.60%
类型3 正确率：  50.00% -> 1    0.30%, 2   49.90%, 3   49.80%


样本变换：reverse
样本变换：mask
样本变换：shift
样本变换：none
未过滤	未用伪标签：75.98% -> 使用伪标签：78.35%
已过滤	未用伪标签：76.43% -> 使用伪标签：78.88%
排除样本：40|6000	剩余：2006, 2711, 1243
增添样本：1299		细则：0, 288, 1011	正确率估算：97.96%
类型1 正确率： 100.00% -> 1  100.00%, 2    0.00%, 3    0.00%
类型2 正确率：  87.00% -> 1    0.15%, 2   86.95%, 3   12.90%
类型3 正确率：  50.00% -> 1    0.15%, 2   50.18%, 3   49.67%

被排除样本 正确率：10.00%
类型1 没有样本或未被分类。
类型2 正确率：   0.00% -> 1    3.23%, 2    0.00%, 3   96.77%
类型3 正确率：  44.00% -> 1   44.44%, 2   11.11%, 3   44.44%


轮次:·11/·20 || c_Loss:0.367 || e_Loss:-1.456 || Aad_Loss:-28.273 || 耗时：35.00s
轮次:·12/·20 || c_Loss:0.455 || e_Loss:-1.486 || Aad_Loss:-25.162 || 耗时：13.35s
轮次:·13/·20 || c_Loss:0.420 || e_Loss:-1.402 || Aad_Loss:-24.903 || 耗时：13.30s
轮次:·14/·20 || c_Loss:0.389 || e_Loss:-1.404 || Aad_Loss:-25.586 || 耗时：13.32s
轮次:·15/·20 || c_Loss:0.513 || e_Loss:-1.508 || Aad_Loss:-18.763 || 耗时：13.29s
任务: (B1)N15_M01_F10→(B2)N15_M07_F10; mix批次:····0; 批次:·1410/·1880;  总正确率: 75.63%
类型1 正确率： 100.00% -> 1  100.00%, 2    0.00%, 3    0.00%
类型2 正确率：  77.00% -> 1    0.15%, 2   76.90%, 3   22.95%
类型3 正确率：  50.00% -> 1    0.50%, 2   49.50%, 3   50.00%


样本变换：reverse
样本变换：mask
样本变换：shift
样本变换：none
未过滤	未用伪标签：75.63% -> 使用伪标签：79.77%
已过滤	未用伪标签：76.17% -> 使用伪标签：80.37%
排除样本：45|6000	剩余：2000, 2790, 1165
增添样本：1214		细则：0, 210, 1004	正确率估算：97.68%
类型1 正确率： 100.00% -> 1  100.00%, 2    0.00%, 3    0.00%
类型2 正确率：  91.00% -> 1    0.00%, 2   91.37%, 3    8.63%
类型3 正确率：  50.00% -> 1    0.00%, 2   50.10%, 3   49.90%

被排除样本 正确率：4.44%
类型1 没有样本或未被分类。
类型2 正确率：   0.00% -> 1    4.88%, 2    0.00%, 3   95.12%
类型3 正确率：  50.00% -> 1   50.00%, 2    0.00%, 3   50.00%


轮次:·16/·20 || c_Loss:0.427 || e_Loss:-1.549 || Aad_Loss:-21.369 || 耗时：34.84s
轮次:·17/·20 || c_Loss:0.405 || e_Loss:-1.420 || Aad_Loss:-31.070 || 耗时：13.30s
轮次:·18/·20 || c_Loss:0.372 || e_Loss:-1.542 || Aad_Loss:-24.993 || 耗时：13.31s
轮次:·19/·20 || c_Loss:0.369 || e_Loss:-1.489 || Aad_Loss:-25.935 || 耗时：13.30s
轮次:·20/·20 || c_Loss:0.478 || e_Loss:-1.546 || Aad_Loss:-22.657 || 耗时：13.30s
任务: (B1)N15_M01_F10→(B2)N15_M07_F10; mix批次:····0; 批次:·1880/·1880;  总正确率: 78.52%
类型1 正确率： 100.00% -> 1  100.00%, 2    0.00%, 3    0.00%
类型2 正确率：  86.00% -> 1    0.45%, 2   85.50%, 3   14.05%
类型3 正确率：  50.00% -> 1    1.65%, 2   48.30%, 3   50.05%


测试集任务: (B1)N15_M01_F10→(B2)N15_M07_F10; 总正确率 = 78.52%
类型1 正确率： 100.00% -> 1  100.00%, 2    0.00%, 3    0.00%
类型2 正确率：  86.00% -> 1    0.45%, 2   85.50%, 3   14.05%
类型3 正确率：  50.00% -> 1    1.65%, 2   48.30%, 3   50.05%


