读取源域路径：/kaggle/working/k10/S03/weight_PU_M1_final_checkpoint_FS03toS03c_gateoracle_s2024/NEW_PU/Source-源域/log&pt/(B1)N15_M01_F10
excel输出位置：/kaggle/working/k10/S03/weight_PU_M1_final_checkpoint_FS03toS03c_gateoracle_s2024/NEW_PU/Target-目标域
特征图片输出位置：/kaggle/working/k10/S03/weight_PU_M1_final_checkpoint_FS03toS03c_gateoracle_s2024/NEW_PU/Picture-特征图/2026年09月16日20时43分/(B1)N15_M01_F10
现在选取:(B1)N15_M01_F10 进行训练的源模型
现在进行：(B1)N15_M01_F10→(B3)N15_M07_F04 的迁移任务
log&pt输出位置：/kaggle/working/k10/S03/weight_PU_M1_final_checkpoint_FS03toS03c_gateoracle_s2024/NEW_PU/Target-目标域/log&pt/(B1)N15_M01_F10→(B3)N15_M07_F04
任务: (B1)N15_M01_F10→(B3)N15_M07_F04; 批次:····0/·1880;  总正确率: 63.12%
类型1 正确率：  96.00% -> 1   95.95%, 2    4.05%, 3    0.00%
类型2 正确率：  93.00% -> 1    0.00%, 2   93.10%, 3    6.90%
类型3 正确率：   0.00% -> 1    7.55%, 2   92.15%, 3    0.30%


样本变换：reverse
样本变换：mask
样本变换：shift
样本变换：none
未过滤	未用伪标签：63.12% -> 使用伪标签：54.42%
已过滤	未用伪标签：63.34% -> 使用伪标签：54.96%
排除样本：59|6000	剩余：2139, 3144, 658
增添样本：607		细则：0, 607	正确率估算：100.00%
类型1 正确率：  99.00% -> 1   98.52%, 2    1.48%, 3    0.00%
类型2 正确率：  67.00% -> 1    0.45%, 2   66.58%, 3   32.97%
类型3 正确率：   0.00% -> 1    9.80%, 2   90.20%, 3    0.00%

被排除样本 正确率：40.68%
类型1 正确率：  54.00% -> 1   54.29%, 2   45.71%, 3    0.00%
类型2 正确率： 100.00% -> 1    0.00%, 2  100.00%, 3    0.00%
类型3 正确率：   5.00% -> 1   10.00%, 2   85.00%, 3    5.00%


轮次:··1/·20 || c_Loss:0.364 || e_Loss:-0.852 || Aad_Loss:-22.995 || 耗时：34.62s
轮次:··2/·20 || c_Loss:0.380 || e_Loss:-1.152 || Aad_Loss:-29.137 || 耗时：13.37s
轮次:··3/·20 || c_Loss:0.460 || e_Loss:-1.281 || Aad_Loss:-28.503 || 耗时：13.25s
轮次:··4/·20 || c_Loss:0.441 || e_Loss:-1.237 || Aad_Loss:-25.259 || 耗时：13.24s
轮次:··5/·20 || c_Loss:0.375 || e_Loss:-1.241 || Aad_Loss:-24.148 || 耗时：13.23s
任务: (B1)N15_M01_F10→(B3)N15_M07_F04; mix批次:····0; 批次:··470/·1880;  总正确率: 58.22%
类型1 正确率： 100.00% -> 1  100.00%, 2    0.00%, 3    0.00%
类型2 正确率：  74.00% -> 1    0.00%, 2   74.00%, 3   26.00%
类型3 正确率：   1.00% -> 1    3.55%, 2   95.80%, 3    0.65%


样本变换：reverse
样本变换：mask
样本变换：shift
样本变换：none
未过滤	未用伪标签：58.22% -> 使用伪标签：56.38%
已过滤	未用伪标签：58.51% -> 使用伪标签：56.90%
排除样本：54|6000	剩余：2071, 3270, 605
增添样本：617		细则：0, 617	正确率估算：99.84%
类型1 正确率： 100.00% -> 1  100.00%, 2    0.00%, 3    0.00%
类型2 正确率：  70.00% -> 1    0.00%, 2   69.57%, 3   30.43%
类型3 正确率：   0.00% -> 1    3.63%, 2   96.37%, 3    0.00%

被排除样本 正确率：25.93%
类型1 没有样本或未被分类。
类型2 正确率：  83.00% -> 1    0.00%, 2   83.33%, 3   16.67%
类型3 正确率：  10.00% -> 1   35.71%, 2   54.76%, 3    9.52%


轮次:··6/·20 || c_Loss:0.505 || e_Loss:-1.333 || Aad_Loss:-21.917 || 耗时：34.60s
轮次:··7/·20 || c_Loss:0.472 || e_Loss:-1.384 || Aad_Loss:-31.155 || 耗时：13.33s
轮次:··8/·20 || c_Loss:0.377 || e_Loss:-1.256 || Aad_Loss:-32.421 || 耗时：13.27s
轮次:··9/·20 || c_Loss:0.400 || e_Loss:-1.321 || Aad_Loss:-27.465 || 耗时：13.25s
轮次:·10/·20 || c_Loss:0.415 || e_Loss:-1.367 || Aad_Loss:-34.097 || 耗时：13.25s
任务: (B1)N15_M01_F10→(B3)N15_M07_F04; mix批次:····0; 批次:··940/·1880;  总正确率: 61.75%
类型1 正确率： 100.00% -> 1  100.00%, 2    0.00%, 3    0.00%
类型2 正确率：  85.00% -> 1    0.00%, 2   84.85%, 3   15.15%
类型3 正确率：   0.00% -> 1    2.85%, 2   96.75%, 3    0.40%


样本变换：reverse
样本变换：mask
样本变换：shift
样本变换：none
未过滤	未用伪标签：61.75% -> 使用伪标签：56.60%
已过滤	未用伪标签：62.16% -> 使用伪标签：57.35%
排除样本：78|6000	剩余：2045, 3292, 585
增添样本：2604		细则：0, 605, 1999	正确率估算：99.83%
类型1 正确率： 100.00% -> 1  100.00%, 2    0.00%, 3    0.00%
类型2 正确率：  70.00% -> 1    0.00%, 2   70.49%, 3   29.51%
类型3 正确率：   0.00% -> 1    2.32%, 2   97.63%, 3    0.05%

被排除样本 正确率：30.77%
类型1 没有样本或未被分类。
类型2 正确率： 100.00% -> 1    0.00%, 2  100.00%, 3    0.00%
类型3 正确率：   5.00% -> 1   33.33%, 2   61.40%, 3    5.26%


轮次:·11/·20 || c_Loss:0.402 || e_Loss:-1.345 || Aad_Loss:-27.316 || 耗时：34.50s
轮次:·12/·20 || c_Loss:0.508 || e_Loss:-1.381 || Aad_Loss:-25.690 || 耗时：13.24s
轮次:·13/·20 || c_Loss:0.481 || e_Loss:-1.371 || Aad_Loss:-34.133 || 耗时：13.26s
轮次:·14/·20 || c_Loss:0.505 || e_Loss:-1.357 || Aad_Loss:-28.222 || 耗时：13.25s
轮次:·15/·20 || c_Loss:0.386 || e_Loss:-1.315 || Aad_Loss:-29.036 || 耗时：13.25s
任务: (B1)N15_M01_F10→(B3)N15_M07_F04; mix批次:····0; 批次:·1410/·1880;  总正确率: 63.05%
类型1 正确率： 100.00% -> 1  100.00%, 2    0.00%, 3    0.00%
类型2 正确率：  89.00% -> 1    0.00%, 2   88.75%, 3   11.25%
类型3 正确率：   0.00% -> 1    2.10%, 2   97.50%, 3    0.40%


样本变换：reverse
样本变换：mask
样本变换：shift
样本变换：none
未过滤	未用伪标签：63.05% -> 使用伪标签：57.05%
已过滤	未用伪标签：63.32% -> 使用伪标签：57.59%
排除样本：56|6000	剩余：2037, 3321, 586
增添样本：2577		细则：0, 589, 1988	正确率估算：98.17%
类型1 正确率： 100.00% -> 1  100.00%, 2    0.00%, 3    0.00%
类型2 正确率：  71.00% -> 1    0.00%, 2   71.08%, 3   28.92%
类型3 正确率：   1.00% -> 1    1.89%, 2   97.50%, 3    0.61%

被排除样本 正确率：33.93%
类型1 没有样本或未被分类。
类型2 正确率： 100.00% -> 1    0.00%, 2  100.00%, 3    0.00%
类型3 正确率：  10.00% -> 1   21.95%, 2   68.29%, 3    9.76%


轮次:·16/·20 || c_Loss:0.407 || e_Loss:-1.367 || Aad_Loss:-28.097 || 耗时：34.48s
轮次:·17/·20 || c_Loss:0.418 || e_Loss:-1.369 || Aad_Loss:-29.163 || 耗时：13.24s
轮次:·18/·20 || c_Loss:0.414 || e_Loss:-1.280 || Aad_Loss:-29.125 || 耗时：13.29s
轮次:·19/·20 || c_Loss:0.476 || e_Loss:-1.364 || Aad_Loss:-28.934 || 耗时：13.25s
轮次:·20/·20 || c_Loss:0.524 || e_Loss:-1.353 || Aad_Loss:-32.019 || 耗时：13.23s
任务: (B1)N15_M01_F10→(B3)N15_M07_F04; mix批次:····0; 批次:·1880/·1880;  总正确率: 63.65%
类型1 正确率： 100.00% -> 1  100.00%, 2    0.00%, 3    0.00%
类型2 正确率：  91.00% -> 1    0.00%, 2   90.70%, 3    9.30%
类型3 正确率：   0.00% -> 1    2.85%, 2   96.90%, 3    0.25%


测试集任务: (B1)N15_M01_F10→(B3)N15_M07_F04; 总正确率 = 63.65%
类型1 正确率： 100.00% -> 1  100.00%, 2    0.00%, 3    0.00%
类型2 正确率：  91.00% -> 1    0.00%, 2   90.70%, 3    9.30%
类型3 正确率：   0.00% -> 1    2.85%, 2   96.90%, 3    0.25%


