读取源域路径：/kaggle/working/k10/S03/weight_PU_M1_final_checkpoint_FS03toS03c_gateoracle_s2024/NEW_PU/Source-源域/log&pt/(B2)N15_M07_F10
excel输出位置：/kaggle/working/k10/S03/weight_PU_M1_final_checkpoint_FS03toS03c_gateoracle_s2024/NEW_PU/Target-目标域
特征图片输出位置：/kaggle/working/k10/S03/weight_PU_M1_final_checkpoint_FS03toS03c_gateoracle_s2024/NEW_PU/Picture-特征图/2026年09月16日20时55分/(B2)N15_M07_F10
现在选取:(B2)N15_M07_F10 进行训练的源模型
现在进行：(B2)N15_M07_F10→(B3)N15_M07_F04 的迁移任务
log&pt输出位置：/kaggle/working/k10/S03/weight_PU_M1_final_checkpoint_FS03toS03c_gateoracle_s2024/NEW_PU/Target-目标域/log&pt/(B2)N15_M07_F10→(B3)N15_M07_F04
任务: (B2)N15_M07_F10→(B3)N15_M07_F04; 批次:····0/·1880;  总正确率: 63.23%
类型1 正确率： 100.00% -> 1   99.95%, 2    0.05%, 3    0.00%
类型2 正确率：  90.00% -> 1    0.35%, 2   89.75%, 3    9.90%
类型3 正确率：   0.00% -> 1    8.60%, 2   91.40%, 3    0.00%


样本变换：reverse
样本变换：mask
样本变换：shift
样本变换：none
未过滤	未用伪标签：63.23% -> 使用伪标签：48.78%
已过滤	未用伪标签：63.13% -> 使用伪标签：49.87%
排除样本：131|6000	剩余：2613, 2598, 658
增添样本：3073		细则：0, 1074, 1999	正确率估算：99.89%
类型1 正确率： 100.00% -> 1  100.00%, 2    0.00%, 3    0.00%
类型2 正确率：  48.00% -> 1   17.16%, 2   48.46%, 3   34.38%
类型3 正确率：   0.00% -> 1   14.56%, 2   85.39%, 3    0.05%

被排除样本 正确率：67.94%
类型1 正确率： 100.00% -> 1  100.00%, 2    0.00%
类型2 正确率：   0.00% -> 1  100.00%, 2    0.00%


轮次:··1/·20 || c_Loss:0.419 || e_Loss:-1.266 || Aad_Loss:-20.520 || 耗时：34.76s
轮次:··2/·20 || c_Loss:0.342 || e_Loss:-1.125 || Aad_Loss:-29.687 || 耗时：13.35s
轮次:··3/·20 || c_Loss:0.387 || e_Loss:-1.166 || Aad_Loss:-32.106 || 耗时：13.25s
轮次:··4/·20 || c_Loss:0.381 || e_Loss:-1.353 || Aad_Loss:-25.363 || 耗时：13.25s
轮次:··5/·20 || c_Loss:0.392 || e_Loss:-1.310 || Aad_Loss:-22.850 || 耗时：13.24s
任务: (B2)N15_M07_F10→(B3)N15_M07_F04; mix批次:····0; 批次:··470/·1880;  总正确率: 59.37%
类型1 正确率： 100.00% -> 1  100.00%, 2    0.00%, 3    0.00%
类型2 正确率：  76.00% -> 1    0.10%, 2   76.45%, 3   23.45%
类型3 正确率：   2.00% -> 1    5.60%, 2   92.75%, 3    1.65%


样本变换：reverse
样本变换：mask
样本变换：shift
样本变换：none
未过滤	未用伪标签：59.37% -> 使用伪标签：58.73%
已过滤	未用伪标签：59.68% -> 使用伪标签：59.51%
排除样本：78|6000	剩余：2112, 3366, 444
增添样本：2476		细则：0, 478, 1998	正确率估算：98.13%
类型1 正确率： 100.00% -> 1  100.00%, 2    0.00%, 3    0.00%
类型2 正确率：  77.00% -> 1    0.05%, 2   77.46%, 3   22.49%
类型3 正确率：   0.00% -> 1    5.67%, 2   94.23%, 3    0.10%

被排除样本 正确率：35.90%
类型1 没有样本或未被分类。
类型2 正确率：  51.00% -> 1    0.00%, 2   51.43%, 3   48.57%
类型3 正确率：  23.00% -> 1   34.88%, 2   41.86%, 3   23.26%


轮次:··6/·20 || c_Loss:0.415 || e_Loss:-1.253 || Aad_Loss:-28.112 || 耗时：34.54s
轮次:··7/·20 || c_Loss:0.554 || e_Loss:-1.340 || Aad_Loss:-26.996 || 耗时：13.27s
轮次:··8/·20 || c_Loss:0.415 || e_Loss:-1.249 || Aad_Loss:-35.156 || 耗时：13.26s
轮次:··9/·20 || c_Loss:0.390 || e_Loss:-1.226 || Aad_Loss:-30.612 || 耗时：13.25s
轮次:·10/·20 || c_Loss:0.532 || e_Loss:-1.419 || Aad_Loss:-21.198 || 耗时：13.26s
任务: (B2)N15_M07_F10→(B3)N15_M07_F04; mix批次:····0; 批次:··940/·1880;  总正确率: 64.57%
类型1 正确率： 100.00% -> 1  100.00%, 2    0.00%, 3    0.00%
类型2 正确率：  93.00% -> 1    0.00%, 2   92.75%, 3    7.25%
类型3 正确率：   1.00% -> 1    3.50%, 2   95.55%, 3    0.95%


样本变换：reverse
样本变换：mask
样本变换：shift
样本变换：none
未过滤	未用伪标签：64.57% -> 使用伪标签：64.03%
已过滤	未用伪标签：65.14% -> 使用伪标签：65.01%
排除样本：90|6000	剩余：2071, 3699, 140
增添样本：2158		细则：0, 165, 1993	正确率估算：96.51%
类型1 正确率： 100.00% -> 1  100.00%, 2    0.00%, 3    0.00%
类型2 正确率：  93.00% -> 1    0.00%, 2   93.24%, 3    6.76%
类型3 正确率：   0.00% -> 1    3.66%, 2   95.98%, 3    0.36%

被排除样本 正确率：26.67%
类型1 没有样本或未被分类。
类型2 正确率：  59.00% -> 1    0.00%, 2   59.38%, 3   40.62%
类型3 正确率：   9.00% -> 1   25.86%, 2   65.52%, 3    8.62%


轮次:·11/·20 || c_Loss:0.430 || e_Loss:-1.315 || Aad_Loss:-32.595 || 耗时：34.32s
轮次:·12/·20 || c_Loss:0.545 || e_Loss:-1.341 || Aad_Loss:-32.394 || 耗时：13.29s
轮次:·13/·20 || c_Loss:0.428 || e_Loss:-1.367 || Aad_Loss:-32.477 || 耗时：13.27s
轮次:·14/·20 || c_Loss:0.419 || e_Loss:-1.302 || Aad_Loss:-34.902 || 耗时：13.27s
轮次:·15/·20 || c_Loss:0.445 || e_Loss:-1.369 || Aad_Loss:-32.811 || 耗时：13.29s
任务: (B2)N15_M07_F10→(B3)N15_M07_F04; mix批次:····0; 批次:·1410/·1880;  总正确率: 66.28%
类型1 正确率： 100.00% -> 1  100.00%, 2    0.00%, 3    0.00%
类型2 正确率：  98.00% -> 1    0.00%, 2   98.20%, 3    1.80%
类型3 正确率：   1.00% -> 1    2.50%, 2   96.85%, 3    0.65%


样本变换：reverse
样本变换：mask
样本变换：shift
样本变换：none
未过滤	未用伪标签：66.28% -> 使用伪标签：66.77%
已过滤	未用伪标签：67.25% -> 使用伪标签：67.88%
排除样本：98|6000	剩余：2035, 3861, 6
增添样本：1994		细则：0, 0, 1994	正确率估算：16.67%
类型1 正确率： 100.00% -> 1  100.00%, 2    0.00%, 3    0.00%
类型2 正确率： 100.00% -> 1    0.00%, 2  100.00%, 3    0.00%
类型3 正确率：   0.00% -> 1    1.84%, 2   97.84%, 3    0.32%

被排除样本 正确率：8.16%
类型1 没有样本或未被分类。
类型2 没有样本或未被分类。
类型3 正确率：   8.00% -> 1   24.49%, 2   67.35%, 3    8.16%


轮次:·16/·20 || c_Loss:0.439 || e_Loss:-1.321 || Aad_Loss:-28.945 || 耗时：34.26s
轮次:·17/·20 || c_Loss:0.465 || e_Loss:-1.366 || Aad_Loss:-21.489 || 耗时：13.32s
轮次:·18/·20 || c_Loss:0.510 || e_Loss:-1.389 || Aad_Loss:-25.309 || 耗时：13.32s
轮次:·19/·20 || c_Loss:0.421 || e_Loss:-1.271 || Aad_Loss:-23.181 || 耗时：13.34s
轮次:·20/·20 || c_Loss:0.387 || e_Loss:-1.185 || Aad_Loss:-28.505 || 耗时：13.36s
任务: (B2)N15_M07_F10→(B3)N15_M07_F04; mix批次:····0; 批次:·1880/·1880;  总正确率: 66.80%
类型1 正确率： 100.00% -> 1  100.00%, 2    0.00%, 3    0.00%
类型2 正确率： 100.00% -> 1    0.00%, 2  100.00%, 3    0.00%
类型3 正确率：   0.00% -> 1    2.60%, 2   97.00%, 3    0.40%


测试集任务: (B2)N15_M07_F10→(B3)N15_M07_F04; 总正确率 = 66.80%
类型1 正确率： 100.00% -> 1  100.00%, 2    0.00%, 3    0.00%
类型2 正确率： 100.00% -> 1    0.00%, 2  100.00%, 3    0.00%
类型3 正确率：   0.00% -> 1    2.60%, 2   97.00%, 3    0.40%


