读取源域路径：/kaggle/working/hust/H2/weight_HUST_M1_final_checkpoint_FH2toH2c_s2024/NEW_PU/Source-源域/log&pt/(B3)N15_M07_F04
excel输出位置：/kaggle/working/hust/H2/weight_HUST_M1_final_checkpoint_FH2toH2c_s2024/NEW_PU/Target-目标域
特征图片输出位置：/kaggle/working/hust/H2/weight_HUST_M1_final_checkpoint_FH2toH2c_s2024/NEW_PU/Picture-特征图/2026年09月19日13时54分/(B3)N15_M07_F04
现在选取:(B3)N15_M07_F04 进行训练的源模型
现在进行：(B3)N15_M07_F04→(B2)N15_M07_F10 的迁移任务
log&pt输出位置：/kaggle/working/hust/H2/weight_HUST_M1_final_checkpoint_FH2toH2c_s2024/NEW_PU/Target-目标域/log&pt/(B3)N15_M07_F04→(B2)N15_M07_F10
任务: (B3)N15_M07_F04→(B2)N15_M07_F10; 批次:····0/·1880;  总正确率: 49.55%
类型1 正确率：  50.00% -> 1   50.00%, 2    0.00%, 3   50.00%
类型2 正确率：  47.00% -> 1    0.00%, 2   46.60%, 3   53.40%
类型3 正确率：  52.00% -> 1    0.00%, 2   47.95%, 3   52.05%


样本变换：reverse
样本变换：mask
样本变换：shift
样本变换：none
未过滤	未用伪标签：49.55% -> 使用伪标签：49.57%
已过滤	未用伪标签：49.62% -> 使用伪标签：49.64%
排除样本：9|6000	剩余：1000, 1974, 3017
增添样本：3060		细则：2017, 1043, 0	正确率估算：96.72%
类型1 正确率：  50.00% -> 1   50.00%, 2    0.00%, 3   50.00%
类型2 正确率：  49.00% -> 1    0.00%, 2   48.92%, 3   51.08%
类型3 正确率：  50.00% -> 1    0.00%, 2   50.00%, 3   50.00%

被排除样本 正确率：0.00%
类型1 正确率：   0.00% -> 1    0.00%, 2  100.00%
类型2 没有样本或未被分类。


轮次:··1/·20 || c_Loss:0.515 || e_Loss:-1.038 || Aad_Loss:-30.916 || 耗时：34.91s
轮次:··2/·20 || c_Loss:0.432 || e_Loss:-0.976 || Aad_Loss:-29.942 || 耗时：13.02s
轮次:··3/·20 || c_Loss:0.378 || e_Loss:-0.947 || Aad_Loss:-33.243 || 耗时：12.92s
轮次:··4/·20 || c_Loss:0.382 || e_Loss:-0.924 || Aad_Loss:-32.391 || 耗时：12.90s
轮次:··5/·20 || c_Loss:0.371 || e_Loss:-0.955 || Aad_Loss:-32.769 || 耗时：12.83s
任务: (B3)N15_M07_F04→(B2)N15_M07_F10; mix批次:····0; 批次:··470/·1880;  总正确率: 49.98%
类型1 正确率：  50.00% -> 1   50.00%, 2    0.00%, 3   50.00%
类型2 正确率：  50.00% -> 1    0.00%, 2   49.95%, 3   50.05%
类型3 正确率：  50.00% -> 1    0.00%, 2   50.00%, 3   50.00%


样本变换：reverse
样本变换：mask
样本变换：shift
样本变换：none
未过滤	未用伪标签：49.98% -> 使用伪标签：50.00%
已过滤	未用伪标签：49.98% -> 使用伪标签：50.00%
排除样本：1000|6000	剩余：2000, 3000
增添样本：3000		细则：2000, 1000, 0	正确率估算：99.95%
类型1 正确率：  50.00% -> 1   50.00%, 2    0.00%, 3   50.00%
类型2 正确率：  50.00% -> 1    0.00%, 2   50.00%, 3   50.00%
类型3 正确率：  50.00% -> 1    0.00%, 2   50.00%, 3   50.00%

被排除样本 正确率：nan%


轮次:··6/·20 || c_Loss:0.374 || e_Loss:-0.977 || Aad_Loss:-33.332 || 耗时：34.67s
轮次:··7/·20 || c_Loss:0.378 || e_Loss:-1.003 || Aad_Loss:-32.004 || 耗时：12.92s
轮次:··8/·20 || c_Loss:0.373 || e_Loss:-0.995 || Aad_Loss:-31.956 || 耗时：12.95s
轮次:··9/·20 || c_Loss:0.374 || e_Loss:-1.013 || Aad_Loss:-31.851 || 耗时：12.95s
轮次:·10/·20 || c_Loss:0.373 || e_Loss:-1.003 || Aad_Loss:-31.792 || 耗时：12.92s
任务: (B3)N15_M07_F04→(B2)N15_M07_F10; mix批次:····0; 批次:··940/·1880;  总正确率: 50.00%
类型1 正确率：  50.00% -> 1   50.00%, 2    0.00%, 3   50.00%
类型2 正确率：  50.00% -> 1    0.00%, 2   50.00%, 3   50.00%
类型3 正确率：  50.00% -> 1    0.00%, 2   50.00%, 3   50.00%


样本变换：reverse
样本变换：mask
样本变换：shift
样本变换：none
未过滤	未用伪标签：50.00% -> 使用伪标签：50.00%
已过滤	未用伪标签：50.00% -> 使用伪标签：50.00%
排除样本：1000|6000	剩余：2000, 3000
增添样本：3000		细则：2000, 1000, 0	正确率估算：100.00%
类型1 正确率：  50.00% -> 1   50.00%, 2    0.00%, 3   50.00%
类型2 正确率：  50.00% -> 1    0.00%, 2   50.00%, 3   50.00%
类型3 正确率：  50.00% -> 1    0.00%, 2   50.00%, 3   50.00%

被排除样本 正确率：nan%


轮次:·11/·20 || c_Loss:0.374 || e_Loss:-0.981 || Aad_Loss:-33.683 || 耗时：34.70s
轮次:·12/·20 || c_Loss:0.376 || e_Loss:-1.006 || Aad_Loss:-32.277 || 耗时：12.90s
轮次:·13/·20 || c_Loss:0.372 || e_Loss:-0.994 || Aad_Loss:-32.155 || 耗时：12.94s
轮次:·14/·20 || c_Loss:0.373 || e_Loss:-1.014 || Aad_Loss:-32.040 || 耗时：12.94s
轮次:·15/·20 || c_Loss:0.372 || e_Loss:-1.005 || Aad_Loss:-31.983 || 耗时：12.94s
任务: (B3)N15_M07_F04→(B2)N15_M07_F10; mix批次:····0; 批次:·1410/·1880;  总正确率: 50.00%
类型1 正确率：  50.00% -> 1   50.00%, 2    0.00%, 3   50.00%
类型2 正确率：  50.00% -> 1    0.00%, 2   50.00%, 3   50.00%
类型3 正确率：  50.00% -> 1    0.00%, 2   50.00%, 3   50.00%


样本变换：reverse
样本变换：mask
样本变换：shift
样本变换：none
未过滤	未用伪标签：50.00% -> 使用伪标签：50.00%
已过滤	未用伪标签：50.00% -> 使用伪标签：50.00%
排除样本：1000|6000	剩余：2000, 3000
增添样本：3000		细则：2000, 1000, 0	正确率估算：100.00%
类型1 正确率：  50.00% -> 1   50.00%, 2    0.00%, 3   50.00%
类型2 正确率：  50.00% -> 1    0.00%, 2   50.00%, 3   50.00%
类型3 正确率：  50.00% -> 1    0.00%, 2   50.00%, 3   50.00%

被排除样本 正确率：nan%


轮次:·16/·20 || c_Loss:0.373 || e_Loss:-0.981 || Aad_Loss:-33.856 || 耗时：34.74s
轮次:·17/·20 || c_Loss:0.375 || e_Loss:-1.007 || Aad_Loss:-32.416 || 耗时：12.89s
轮次:·18/·20 || c_Loss:0.371 || e_Loss:-0.994 || Aad_Loss:-32.277 || 耗时：12.90s
轮次:·19/·20 || c_Loss:0.373 || e_Loss:-1.015 || Aad_Loss:-32.154 || 耗时：12.91s
轮次:·20/·20 || c_Loss:0.371 || e_Loss:-1.006 || Aad_Loss:-32.101 || 耗时：12.89s
任务: (B3)N15_M07_F04→(B2)N15_M07_F10; mix批次:····0; 批次:·1880/·1880;  总正确率: 50.00%
类型1 正确率：  50.00% -> 1   50.00%, 2    0.00%, 3   50.00%
类型2 正确率：  50.00% -> 1    0.00%, 2   50.00%, 3   50.00%
类型3 正确率：  50.00% -> 1    0.00%, 2   50.00%, 3   50.00%


测试集任务: (B3)N15_M07_F04→(B2)N15_M07_F10; 总正确率 = 50.00%
类型1 正确率：  50.00% -> 1   50.00%, 2    0.00%, 3   50.00%
类型2 正确率：  50.00% -> 1    0.00%, 2   50.00%, 3   50.00%
类型3 正确率：  50.00% -> 1    0.00%, 2   50.00%, 3   50.00%


