读取源域路径：/kaggle/working/hust/H2/weight_HUST_M1_final_checkpoint_FH2toH2c_s2024/NEW_PU/Source-源域/log&pt/(B1)N15_M01_F10
excel输出位置：/kaggle/working/hust/H2/weight_HUST_M1_final_checkpoint_FH2toH2c_s2024/NEW_PU/Target-目标域
特征图片输出位置：/kaggle/working/hust/H2/weight_HUST_M1_final_checkpoint_FH2toH2c_s2024/NEW_PU/Picture-特征图/2026年09月19日13时30分/(B1)N15_M01_F10
现在选取:(B1)N15_M01_F10 进行训练的源模型
现在进行：(B1)N15_M01_F10→(B3)N15_M07_F04 的迁移任务
log&pt输出位置：/kaggle/working/hust/H2/weight_HUST_M1_final_checkpoint_FH2toH2c_s2024/NEW_PU/Target-目标域/log&pt/(B1)N15_M01_F10→(B3)N15_M07_F04
任务: (B1)N15_M01_F10→(B3)N15_M07_F04; 批次:····0/·1880;  总正确率: 33.35%
类型1 正确率：  50.00% -> 1   50.00%, 2    0.00%, 3   50.00%
类型2 正确率：  50.00% -> 1    0.00%, 2   50.00%, 3   50.00%
类型3 正确率：   0.00% -> 1    0.00%, 2   99.95%, 3    0.05%


样本变换：reverse
样本变换：mask
样本变换：shift
样本变换：none
未过滤	未用伪标签：33.35% -> 使用伪标签：33.33%
已过滤	未用伪标签：33.35% -> 使用伪标签：33.33%
排除样本：1000|6000	剩余：3000, 2000
增添样本：3000		细则：2000, 0, 1000	正确率估算：100.00%
类型1 正确率：  50.00% -> 1   50.00%, 2    0.00%, 3   50.00%
类型2 正确率：  50.00% -> 1    0.00%, 2   50.00%, 3   50.00%
类型3 正确率：   0.00% -> 1    0.00%, 2  100.00%, 3    0.00%

被排除样本 正确率：nan%


轮次:··1/·20 || c_Loss:0.499 || e_Loss:-1.036 || Aad_Loss:-31.908 || 耗时：34.80s
轮次:··2/·20 || c_Loss:0.399 || e_Loss:-0.982 || Aad_Loss:-30.112 || 耗时：13.07s
轮次:··3/·20 || c_Loss:0.394 || e_Loss:-0.899 || Aad_Loss:-30.364 || 耗时：12.97s
轮次:··4/·20 || c_Loss:0.374 || e_Loss:-0.983 || Aad_Loss:-30.946 || 耗时：12.92s
轮次:··5/·20 || c_Loss:0.375 || e_Loss:-1.010 || Aad_Loss:-31.669 || 耗时：12.87s
任务: (B1)N15_M01_F10→(B3)N15_M07_F04; mix批次:····0; 批次:··470/·1880;  总正确率: 33.33%
类型1 正确率：  50.00% -> 1   50.00%, 2    0.00%, 3   50.00%
类型2 正确率：  50.00% -> 1    0.00%, 2   50.00%, 3   50.00%
类型3 正确率：   0.00% -> 1    0.00%, 2  100.00%, 3    0.00%


样本变换：reverse
样本变换：mask
样本变换：shift
样本变换：none
未过滤	未用伪标签：33.33% -> 使用伪标签：33.33%
已过滤	未用伪标签：33.33% -> 使用伪标签：33.33%
排除样本：1000|6000	剩余：3000, 2000
增添样本：3000		细则：2000, 0, 1000	正确率估算：100.00%
类型1 正确率：  50.00% -> 1   50.00%, 2    0.00%, 3   50.00%
类型2 正确率：  50.00% -> 1    0.00%, 2   50.00%, 3   50.00%
类型3 正确率：   0.00% -> 1    0.00%, 2  100.00%, 3    0.00%

被排除样本 正确率：nan%


轮次:··6/·20 || c_Loss:0.374 || e_Loss:-0.981 || Aad_Loss:-33.490 || 耗时：34.84s
轮次:··7/·20 || c_Loss:0.375 || e_Loss:-0.981 || Aad_Loss:-31.271 || 耗时：12.91s
轮次:··8/·20 || c_Loss:0.383 || e_Loss:-0.912 || Aad_Loss:-31.831 || 耗时：12.96s
轮次:··9/·20 || c_Loss:0.373 || e_Loss:-0.990 || Aad_Loss:-31.554 || 耗时：12.96s
轮次:·10/·20 || c_Loss:0.374 || e_Loss:-1.012 || Aad_Loss:-31.996 || 耗时：12.95s
任务: (B1)N15_M01_F10→(B3)N15_M07_F04; mix批次:····0; 批次:··940/·1880;  总正确率: 33.33%
类型1 正确率：  50.00% -> 1   50.00%, 2    0.00%, 3   50.00%
类型2 正确率：  50.00% -> 1    0.00%, 2   50.00%, 3   50.00%
类型3 正确率：   0.00% -> 1    0.00%, 2  100.00%, 3    0.00%


样本变换：reverse
样本变换：mask
样本变换：shift
样本变换：none
未过滤	未用伪标签：33.33% -> 使用伪标签：33.33%
已过滤	未用伪标签：33.33% -> 使用伪标签：33.33%
排除样本：1000|6000	剩余：3000, 2000
增添样本：3000		细则：2000, 0, 1000	正确率估算：100.00%
类型1 正确率：  50.00% -> 1   50.00%, 2    0.00%, 3   50.00%
类型2 正确率：  50.00% -> 1    0.00%, 2   50.00%, 3   50.00%
类型3 正确率：   0.00% -> 1    0.00%, 2  100.00%, 3    0.00%

被排除样本 正确率：nan%


轮次:·11/·20 || c_Loss:0.373 || e_Loss:-0.981 || Aad_Loss:-33.802 || 耗时：34.75s
轮次:·12/·20 || c_Loss:0.374 || e_Loss:-0.984 || Aad_Loss:-31.620 || 耗时：12.90s
轮次:·13/·20 || c_Loss:0.382 || e_Loss:-0.916 || Aad_Loss:-32.314 || 耗时：12.88s
轮次:·14/·20 || c_Loss:0.372 || e_Loss:-0.992 || Aad_Loss:-31.800 || 耗时：12.88s
轮次:·15/·20 || c_Loss:0.373 || e_Loss:-1.013 || Aad_Loss:-32.147 || 耗时：12.92s
任务: (B1)N15_M01_F10→(B3)N15_M07_F04; mix批次:····0; 批次:·1410/·1880;  总正确率: 33.33%
类型1 正确率：  50.00% -> 1   50.00%, 2    0.00%, 3   50.00%
类型2 正确率：  50.00% -> 1    0.00%, 2   50.00%, 3   50.00%
类型3 正确率：   0.00% -> 1    0.00%, 2  100.00%, 3    0.00%


样本变换：reverse
样本变换：mask
样本变换：shift
样本变换：none
未过滤	未用伪标签：33.33% -> 使用伪标签：33.33%
已过滤	未用伪标签：33.33% -> 使用伪标签：33.33%
排除样本：1000|6000	剩余：3000, 2000
增添样本：3000		细则：2000, 0, 1000	正确率估算：100.00%
类型1 正确率：  50.00% -> 1   50.00%, 2    0.00%, 3   50.00%
类型2 正确率：  50.00% -> 1    0.00%, 2   50.00%, 3   50.00%
类型3 正确率：   0.00% -> 1    0.00%, 2  100.00%, 3    0.00%

被排除样本 正确率：nan%


轮次:·16/·20 || c_Loss:0.372 || e_Loss:-0.982 || Aad_Loss:-33.961 || 耗时：34.83s
轮次:·17/·20 || c_Loss:0.374 || e_Loss:-0.986 || Aad_Loss:-31.814 || 耗时：12.89s
轮次:·18/·20 || c_Loss:0.381 || e_Loss:-0.918 || Aad_Loss:-32.580 || 耗时：12.91s
轮次:·19/·20 || c_Loss:0.372 || e_Loss:-0.992 || Aad_Loss:-31.945 || 耗时：12.89s
轮次:·20/·20 || c_Loss:0.373 || e_Loss:-1.013 || Aad_Loss:-32.239 || 耗时：12.92s
任务: (B1)N15_M01_F10→(B3)N15_M07_F04; mix批次:····0; 批次:·1880/·1880;  总正确率: 33.33%
类型1 正确率：  50.00% -> 1   50.00%, 2    0.00%, 3   50.00%
类型2 正确率：  50.00% -> 1    0.00%, 2   50.00%, 3   50.00%
类型3 正确率：   0.00% -> 1    0.00%, 2  100.00%, 3    0.00%


测试集任务: (B1)N15_M01_F10→(B3)N15_M07_F04; 总正确率 = 33.33%
类型1 正确率：  50.00% -> 1   50.00%, 2    0.00%, 3   50.00%
类型2 正确率：  50.00% -> 1    0.00%, 2   50.00%, 3   50.00%
类型3 正确率：   0.00% -> 1    0.00%, 2  100.00%, 3    0.00%


