读取源域路径：/kaggle/working/hust/H2/weight_HUST_M1_final_checkpoint_FH2toH2c_s2024/NEW_PU/Source-源域/log&pt/(B1)N15_M01_F10
excel输出位置：/kaggle/working/hust/H2/weight_HUST_M1_final_checkpoint_FH2toH2c_s2024/NEW_PU/Target-目标域
特征图片输出位置：/kaggle/working/hust/H2/weight_HUST_M1_final_checkpoint_FH2toH2c_s2024/NEW_PU/Picture-特征图/2026年09月19日13时23分/(B1)N15_M01_F10
现在选取:(B1)N15_M01_F10 进行训练的源模型
现在进行：(B1)N15_M01_F10→(B2)N15_M07_F10 的迁移任务
log&pt输出位置：/kaggle/working/hust/H2/weight_HUST_M1_final_checkpoint_FH2toH2c_s2024/NEW_PU/Target-目标域/log&pt/(B1)N15_M01_F10→(B2)N15_M07_F10
任务: (B1)N15_M01_F10→(B2)N15_M07_F10; 批次:····0/·1880;  总正确率: 33.33%
类型1 正确率：  50.00% -> 1   50.00%, 2    0.00%, 3   50.00%
类型2 正确率：  50.00% -> 1    0.00%, 2   50.00%, 3   50.00%
类型3 正确率：   0.00% -> 1    0.00%, 2  100.00%, 3    0.00%


样本变换：reverse
样本变换：mask
样本变换：shift
样本变换：none
未过滤	未用伪标签：33.33% -> 使用伪标签：33.33%
已过滤	未用伪标签：33.33% -> 使用伪标签：33.33%
排除样本：1000|6000	剩余：3000, 2000
增添样本：3000		细则：2000, 0, 1000	正确率估算：100.00%
类型1 正确率：  50.00% -> 1   50.00%, 2    0.00%, 3   50.00%
类型2 正确率：  50.00% -> 1    0.00%, 2   50.00%, 3   50.00%
类型3 正确率：   0.00% -> 1    0.00%, 2  100.00%, 3    0.00%

被排除样本 正确率：nan%


轮次:··1/·20 || c_Loss:0.495 || e_Loss:-1.035 || Aad_Loss:-32.001 || 耗时：35.76s
轮次:··2/·20 || c_Loss:0.397 || e_Loss:-0.982 || Aad_Loss:-30.155 || 耗时：13.23s
轮次:··3/·20 || c_Loss:0.395 || e_Loss:-0.896 || Aad_Loss:-30.399 || 耗时：12.90s
轮次:··4/·20 || c_Loss:0.374 || e_Loss:-0.980 || Aad_Loss:-30.986 || 耗时：12.76s
轮次:··5/·20 || c_Loss:0.374 || e_Loss:-1.011 || Aad_Loss:-31.638 || 耗时：12.73s
任务: (B1)N15_M01_F10→(B2)N15_M07_F10; mix批次:····0; 批次:··470/·1880;  总正确率: 33.33%
类型1 正确率：  50.00% -> 1   50.00%, 2    0.00%, 3   50.00%
类型2 正确率：  50.00% -> 1    0.00%, 2   50.00%, 3   50.00%
类型3 正确率：   0.00% -> 1    0.00%, 2  100.00%, 3    0.00%


样本变换：reverse
样本变换：mask
样本变换：shift
样本变换：none
未过滤	未用伪标签：33.33% -> 使用伪标签：33.33%
已过滤	未用伪标签：33.33% -> 使用伪标签：33.33%
排除样本：1000|6000	剩余：3000, 2000
增添样本：3000		细则：2000, 0, 1000	正确率估算：100.00%
类型1 正确率：  50.00% -> 1   50.00%, 2    0.00%, 3   50.00%
类型2 正确率：  50.00% -> 1    0.00%, 2   50.00%, 3   50.00%
类型3 正确率：   0.00% -> 1    0.00%, 2  100.00%, 3    0.00%

被排除样本 正确率：nan%


轮次:··6/·20 || c_Loss:0.373 || e_Loss:-0.976 || Aad_Loss:-33.492 || 耗时：34.76s
轮次:··7/·20 || c_Loss:0.376 || e_Loss:-0.977 || Aad_Loss:-31.214 || 耗时：13.01s
轮次:··8/·20 || c_Loss:0.386 || e_Loss:-0.905 || Aad_Loss:-31.773 || 耗时：12.95s
轮次:··9/·20 || c_Loss:0.372 || e_Loss:-0.985 || Aad_Loss:-31.565 || 耗时：12.90s
轮次:·10/·20 || c_Loss:0.373 || e_Loss:-1.013 || Aad_Loss:-31.949 || 耗时：12.84s
任务: (B1)N15_M01_F10→(B2)N15_M07_F10; mix批次:····0; 批次:··940/·1880;  总正确率: 33.33%
类型1 正确率：  50.00% -> 1   50.00%, 2    0.00%, 3   50.00%
类型2 正确率：  50.00% -> 1    0.00%, 2   50.00%, 3   50.00%
类型3 正确率：   0.00% -> 1    0.00%, 2  100.00%, 3    0.00%


样本变换：reverse
样本变换：mask
样本变换：shift
样本变换：none
未过滤	未用伪标签：33.33% -> 使用伪标签：33.33%
已过滤	未用伪标签：33.33% -> 使用伪标签：33.33%
排除样本：1000|6000	剩余：3000, 2000
增添样本：3000		细则：2000, 0, 1000	正确率估算：100.00%
类型1 正确率：  50.00% -> 1   50.00%, 2    0.00%, 3   50.00%
类型2 正确率：  50.00% -> 1    0.00%, 2   50.00%, 3   50.00%
类型3 正确率：   0.00% -> 1    0.00%, 2  100.00%, 3    0.00%

被排除样本 正确率：nan%


轮次:·11/·20 || c_Loss:0.372 || e_Loss:-0.977 || Aad_Loss:-33.798 || 耗时：34.64s
轮次:·12/·20 || c_Loss:0.376 || e_Loss:-0.979 || Aad_Loss:-31.542 || 耗时：12.93s
轮次:·13/·20 || c_Loss:0.386 || e_Loss:-0.908 || Aad_Loss:-32.217 || 耗时：12.97s
轮次:·14/·20 || c_Loss:0.372 || e_Loss:-0.986 || Aad_Loss:-31.804 || 耗时：12.95s
轮次:·15/·20 || c_Loss:0.373 || e_Loss:-1.013 || Aad_Loss:-32.098 || 耗时：12.96s
任务: (B1)N15_M01_F10→(B2)N15_M07_F10; mix批次:····0; 批次:·1410/·1880;  总正确率: 33.33%
类型1 正确率：  50.00% -> 1   50.00%, 2    0.00%, 3   50.00%
类型2 正确率：  50.00% -> 1    0.00%, 2   50.00%, 3   50.00%
类型3 正确率：   0.00% -> 1    0.00%, 2  100.00%, 3    0.00%


样本变换：reverse
样本变换：mask
样本变换：shift
样本变换：none
未过滤	未用伪标签：33.33% -> 使用伪标签：33.33%
已过滤	未用伪标签：33.33% -> 使用伪标签：33.33%
排除样本：1000|6000	剩余：3000, 2000
增添样本：3000		细则：2000, 0, 1000	正确率估算：100.00%
类型1 正确率：  50.00% -> 1   50.00%, 2    0.00%, 3   50.00%
类型2 正确率：  50.00% -> 1    0.00%, 2   50.00%, 3   50.00%
类型3 正确率：   0.00% -> 1    0.00%, 2  100.00%, 3    0.00%

被排除样本 正确率：nan%


轮次:·16/·20 || c_Loss:0.372 || e_Loss:-0.978 || Aad_Loss:-33.955 || 耗时：34.73s
轮次:·17/·20 || c_Loss:0.376 || e_Loss:-0.979 || Aad_Loss:-31.724 || 耗时：12.90s
轮次:·18/·20 || c_Loss:0.385 || e_Loss:-0.909 || Aad_Loss:-32.464 || 耗时：12.89s
轮次:·19/·20 || c_Loss:0.372 || e_Loss:-0.987 || Aad_Loss:-31.948 || 耗时：12.90s
轮次:·20/·20 || c_Loss:0.373 || e_Loss:-1.014 || Aad_Loss:-32.192 || 耗时：12.91s
任务: (B1)N15_M01_F10→(B2)N15_M07_F10; mix批次:····0; 批次:·1880/·1880;  总正确率: 33.33%
类型1 正确率：  50.00% -> 1   50.00%, 2    0.00%, 3   50.00%
类型2 正确率：  50.00% -> 1    0.00%, 2   50.00%, 3   50.00%
类型3 正确率：   0.00% -> 1    0.00%, 2  100.00%, 3    0.00%


测试集任务: (B1)N15_M01_F10→(B2)N15_M07_F10; 总正确率 = 33.33%
类型1 正确率：  50.00% -> 1   50.00%, 2    0.00%, 3   50.00%
类型2 正确率：  50.00% -> 1    0.00%, 2   50.00%, 3   50.00%
类型3 正确率：   0.00% -> 1    0.00%, 2  100.00%, 3    0.00%


