读取源域路径：/kaggle/working/hust/H2/weight_HUST_M1_final_checkpoint_FH2toH2c_s2024/NEW_PU/Source-源域/log&pt/(B2)N15_M07_F10
excel输出位置：/kaggle/working/hust/H2/weight_HUST_M1_final_checkpoint_FH2toH2c_s2024/NEW_PU/Target-目标域
特征图片输出位置：/kaggle/working/hust/H2/weight_HUST_M1_final_checkpoint_FH2toH2c_s2024/NEW_PU/Picture-特征图/2026年09月19日13时42分/(B2)N15_M07_F10
现在选取:(B2)N15_M07_F10 进行训练的源模型
现在进行：(B2)N15_M07_F10→(B3)N15_M07_F04 的迁移任务
log&pt输出位置：/kaggle/working/hust/H2/weight_HUST_M1_final_checkpoint_FH2toH2c_s2024/NEW_PU/Target-目标域/log&pt/(B2)N15_M07_F10→(B3)N15_M07_F04
任务: (B2)N15_M07_F10→(B3)N15_M07_F04; 批次:····0/·1880;  总正确率: 65.02%
类型1 正确率：  96.00% -> 1   95.60%, 2    0.35%, 3    4.05%
类型2 正确率：  48.00% -> 1    0.00%, 2   47.85%, 3   52.15%
类型3 正确率：  52.00% -> 1    0.00%, 2   48.40%, 3   51.60%


样本变换：reverse
样本变换：mask
样本变换：shift
样本变换：none
未过滤	未用伪标签：65.02% -> 使用伪标签：66.18%
已过滤	未用伪标签：65.05% -> 使用伪标签：66.24%
排除样本：5|6000	剩余：2000, 1971, 2024
增添样本：77		细则：24, 53, 0	正确率估算：98.70%
类型1 正确率： 100.00% -> 1  100.00%, 2    0.00%, 3    0.00%
类型2 正确率：  49.00% -> 1    0.00%, 2   48.67%, 3   51.33%
类型3 正确率：  50.00% -> 1    0.00%, 2   50.00%, 3   50.00%

被排除样本 正确率：20.00%
类型1 正确率：  20.00% -> 1   20.00%, 2   80.00%
类型2 没有样本或未被分类。


轮次:··1/·20 || c_Loss:0.496 || e_Loss:-1.062 || Aad_Loss:-29.021 || 耗时：33.88s
轮次:··2/·20 || c_Loss:0.404 || e_Loss:-0.970 || Aad_Loss:-31.024 || 耗时：13.02s
轮次:··3/·20 || c_Loss:0.404 || e_Loss:-1.019 || Aad_Loss:-30.256 || 耗时：12.96s
轮次:··4/·20 || c_Loss:0.378 || e_Loss:-1.002 || Aad_Loss:-31.036 || 耗时：12.90s
轮次:··5/·20 || c_Loss:0.375 || e_Loss:-0.985 || Aad_Loss:-31.903 || 耗时：12.86s
任务: (B2)N15_M07_F10→(B3)N15_M07_F04; mix批次:····0; 批次:··470/·1880;  总正确率: 66.23%
类型1 正确率： 100.00% -> 1  100.00%, 2    0.00%, 3    0.00%
类型2 正确率：  49.00% -> 1    0.00%, 2   48.70%, 3   51.30%
类型3 正确率：  50.00% -> 1    0.00%, 2   50.00%, 3   50.00%


样本变换：reverse
样本变换：mask
样本变换：shift
样本变换：none
未过滤	未用伪标签：66.23% -> 使用伪标签：66.28%
已过滤	未用伪标签：66.29% -> 使用伪标签：66.34%
排除样本：5|6000	剩余：2000, 1977, 2018
增添样本：59		细则：18, 41, 0	正确率估算：100.00%
类型1 正确率： 100.00% -> 1  100.00%, 2    0.00%, 3    0.00%
类型2 正确率：  49.00% -> 1    0.00%, 2   48.97%, 3   51.03%
类型3 正确率：  50.00% -> 1    0.00%, 2   50.00%, 3   50.00%

被排除样本 正确率：0.00%
类型1 正确率：   0.00% -> 1    0.00%, 2  100.00%
类型2 没有样本或未被分类。


轮次:··6/·20 || c_Loss:0.369 || e_Loss:-1.011 || Aad_Loss:-31.564 || 耗时：33.76s
轮次:··7/·20 || c_Loss:0.373 || e_Loss:-1.025 || Aad_Loss:-31.275 || 耗时：12.91s
轮次:··8/·20 || c_Loss:0.378 || e_Loss:-1.622 || Aad_Loss:-30.451 || 耗时：12.92s
轮次:··9/·20 || c_Loss:0.389 || e_Loss:-0.847 || Aad_Loss:-34.395 || 耗时：12.93s
轮次:·10/·20 || c_Loss:0.374 || e_Loss:-1.808 || Aad_Loss:-31.189 || 耗时：12.90s
任务: (B2)N15_M07_F10→(B3)N15_M07_F04; mix批次:····0; 批次:··940/·1880;  总正确率: 66.37%
类型1 正确率： 100.00% -> 1  100.00%, 2    0.00%, 3    0.00%
类型2 正确率：  49.00% -> 1    0.00%, 2   49.10%, 3   50.90%
类型3 正确率：  50.00% -> 1    0.00%, 2   50.00%, 3   50.00%


样本变换：reverse
样本变换：mask
样本变换：shift
样本变换：none
未过滤	未用伪标签：66.37% -> 使用伪标签：66.42%
已过滤	未用伪标签：66.42% -> 使用伪标签：66.47%
排除样本：5|6000	剩余：2000, 1985, 2010
增添样本：35		细则：10, 25, 0	正确率估算：100.00%
类型1 正确率： 100.00% -> 1  100.00%, 2    0.00%, 3    0.00%
类型2 正确率：  49.00% -> 1    0.00%, 2   49.37%, 3   50.63%
类型3 正确率：  50.00% -> 1    0.00%, 2   50.00%, 3   50.00%

被排除样本 正确率：0.00%
类型1 正确率：   0.00% -> 1    0.00%, 2  100.00%
类型2 没有样本或未被分类。


轮次:·11/·20 || c_Loss:0.378 || e_Loss:-0.968 || Aad_Loss:-32.268 || 耗时：33.68s
轮次:·12/·20 || c_Loss:0.369 || e_Loss:-1.028 || Aad_Loss:-31.213 || 耗时：12.80s
轮次:·13/·20 || c_Loss:0.366 || e_Loss:-1.024 || Aad_Loss:-31.587 || 耗时：12.80s
轮次:·14/·20 || c_Loss:0.367 || e_Loss:-0.999 || Aad_Loss:-31.989 || 耗时：12.84s
轮次:·15/·20 || c_Loss:0.370 || e_Loss:-0.980 || Aad_Loss:-32.120 || 耗时：12.83s
任务: (B2)N15_M07_F10→(B3)N15_M07_F04; mix批次:····0; 批次:·1410/·1880;  总正确率: 66.67%
类型1 正确率： 100.00% -> 1  100.00%, 2    0.00%, 3    0.00%
类型2 正确率：  50.00% -> 1    0.00%, 2   50.00%, 3   50.00%
类型3 正确率：  50.00% -> 1    0.00%, 2   50.00%, 3   50.00%


样本变换：reverse
样本变换：mask
样本变换：shift
样本变换：none
未过滤	未用伪标签：66.67% -> 使用伪标签：66.65%
已过滤	未用伪标签：66.66% -> 使用伪标签：66.66%
排除样本：1|6000	剩余：2000, 1999, 2000
增添样本：1		细则：0, 1, 0	正确率估算：100.00%
类型1 正确率： 100.00% -> 1  100.00%, 2    0.00%, 3    0.00%
类型2 正确率：  50.00% -> 1    0.00%, 2   49.97%, 3   50.03%
类型3 正确率：  50.00% -> 1    0.00%, 2   50.00%, 3   50.00%

被排除样本 正确率：100.00%
类型1 正确率： 100.00% -> 1  100.00%


轮次:·16/·20 || c_Loss:0.368 || e_Loss:-0.973 || Aad_Loss:-24.704 || 耗时：33.80s
轮次:·17/·20 || c_Loss:0.370 || e_Loss:-1.026 || Aad_Loss:-23.810 || 耗时：12.90s
轮次:·18/·20 || c_Loss:0.371 || e_Loss:-1.018 || Aad_Loss:-24.093 || 耗时：12.90s
轮次:·19/·20 || c_Loss:0.374 || e_Loss:-1.010 || Aad_Loss:-23.888 || 耗时：12.95s
轮次:·20/·20 || c_Loss:0.384 || e_Loss:-0.978 || Aad_Loss:-24.022 || 耗时：12.94s
任务: (B2)N15_M07_F10→(B3)N15_M07_F04; mix批次:····0; 批次:·1880/·1880;  总正确率: 66.67%
类型1 正确率： 100.00% -> 1  100.00%, 2    0.00%, 3    0.00%
类型2 正确率：  50.00% -> 1    0.00%, 2   50.00%, 3   50.00%
类型3 正确率：  50.00% -> 1    0.00%, 2   50.00%, 3   50.00%


测试集任务: (B2)N15_M07_F10→(B3)N15_M07_F04; 总正确率 = 66.67%
类型1 正确率： 100.00% -> 1  100.00%, 2    0.00%, 3    0.00%
类型2 正确率：  50.00% -> 1    0.00%, 2   50.00%, 3   50.00%
类型3 正确率：  50.00% -> 1    0.00%, 2   50.00%, 3   50.00%


