读取源域路径：/kaggle/working/hust/H2/weight_HUST_M1_final_checkpoint_FH2toH2c_s2024/NEW_PU/Source-源域/log&pt/(B2)N15_M07_F10
excel输出位置：/kaggle/working/hust/H2/weight_HUST_M1_final_checkpoint_FH2toH2c_s2024/NEW_PU/Target-目标域
特征图片输出位置：/kaggle/working/hust/H2/weight_HUST_M1_final_checkpoint_FH2toH2c_s2024/NEW_PU/Picture-特征图/2026年09月19日13时36分/(B2)N15_M07_F10
现在选取:(B2)N15_M07_F10 进行训练的源模型
现在进行：(B2)N15_M07_F10→(B1)N15_M01_F10 的迁移任务
log&pt输出位置：/kaggle/working/hust/H2/weight_HUST_M1_final_checkpoint_FH2toH2c_s2024/NEW_PU/Target-目标域/log&pt/(B2)N15_M07_F10→(B1)N15_M01_F10
任务: (B2)N15_M07_F10→(B1)N15_M01_F10; 批次:····0/·1880;  总正确率: 65.20%
类型1 正确率：  97.00% -> 1   97.20%, 2    0.00%, 3    2.80%
类型2 正确率：  48.00% -> 1    0.00%, 2   48.20%, 3   51.80%
类型3 正确率：  50.00% -> 1    0.00%, 2   49.80%, 3   50.20%


样本变换：reverse
样本变换：mask
样本变换：shift
样本变换：none
未过滤	未用伪标签：65.20% -> 使用伪标签：66.03%
已过滤	未用伪标签：65.23% -> 使用伪标签：66.08%
排除样本：4|6000	剩余：2000, 1985, 2011
增添样本：37		细则：11, 26, 0	正确率估算：94.59%
类型1 正确率： 100.00% -> 1  100.00%, 2    0.00%, 3    0.00%
类型2 正确率：  49.00% -> 1    0.00%, 2   48.77%, 3   51.23%
类型3 正确率：  49.00% -> 1    0.00%, 2   50.58%, 3   49.42%

被排除样本 正确率：25.00%
类型1 正确率：   0.00% -> 1    0.00%, 2  100.00%
类型2 正确率： 100.00% -> 1    0.00%, 2  100.00%


轮次:··1/·20 || c_Loss:0.501 || e_Loss:-1.071 || Aad_Loss:-29.359 || 耗时：33.89s
轮次:··2/·20 || c_Loss:0.412 || e_Loss:-1.035 || Aad_Loss:-30.685 || 耗时：12.94s
轮次:··3/·20 || c_Loss:0.387 || e_Loss:-1.032 || Aad_Loss:-30.804 || 耗时：12.84s
轮次:··4/·20 || c_Loss:0.385 || e_Loss:-1.011 || Aad_Loss:-30.484 || 耗时：12.79s
轮次:··5/·20 || c_Loss:0.371 || e_Loss:-0.996 || Aad_Loss:-31.531 || 耗时：12.77s
任务: (B2)N15_M07_F10→(B1)N15_M01_F10; mix批次:····0; 批次:··470/·1880;  总正确率: 66.13%
类型1 正确率： 100.00% -> 1  100.00%, 2    0.00%, 3    0.00%
类型2 正确率：  49.00% -> 1    0.00%, 2   48.95%, 3   51.05%
类型3 正确率：  49.00% -> 1    0.00%, 2   50.55%, 3   49.45%


样本变换：reverse
样本变换：mask
样本变换：shift
样本变换：none
未过滤	未用伪标签：66.13% -> 使用伪标签：66.17%
已过滤	未用伪标签：66.18% -> 使用伪标签：66.21%
排除样本：4|6000	剩余：2000, 1991, 2005
增添样本：19		细则：5, 14, 0	正确率估算：100.00%
类型1 正确率： 100.00% -> 1  100.00%, 2    0.00%, 3    0.00%
类型2 正确率：  49.00% -> 1    0.00%, 2   49.12%, 3   50.88%
类型3 正确率：  49.00% -> 1    0.00%, 2   50.53%, 3   49.47%

被排除样本 正确率：0.00%
类型1 正确率：   0.00% -> 1    0.00%, 2  100.00%
类型2 正确率：   0.00% -> 1  100.00%, 2    0.00%


轮次:··6/·20 || c_Loss:0.371 || e_Loss:-1.017 || Aad_Loss:-30.804 || 耗时：33.70s
轮次:··7/·20 || c_Loss:0.370 || e_Loss:-1.018 || Aad_Loss:-31.169 || 耗时：12.84s
轮次:··8/·20 || c_Loss:0.370 || e_Loss:-0.966 || Aad_Loss:-31.430 || 耗时：12.83s
轮次:··9/·20 || c_Loss:0.374 || e_Loss:-0.926 || Aad_Loss:-32.423 || 耗时：12.81s
轮次:·10/·20 || c_Loss:0.368 || e_Loss:-1.013 || Aad_Loss:-31.655 || 耗时：12.79s
任务: (B2)N15_M07_F10→(B1)N15_M01_F10; mix批次:····0; 批次:··940/·1880;  总正确率: 66.23%
类型1 正确率： 100.00% -> 1  100.00%, 2    0.00%, 3    0.00%
类型2 正确率：  49.00% -> 1    0.00%, 2   49.20%, 3   50.80%
类型3 正确率：  50.00% -> 1    0.00%, 2   50.50%, 3   49.50%


样本变换：reverse
样本变换：mask
样本变换：shift
样本变换：none
未过滤	未用伪标签：66.23% -> 使用伪标签：66.28%
已过滤	未用伪标签：66.29% -> 使用伪标签：66.34%
排除样本：5|6000	剩余：2000, 1996, 1999
增添样本：5		细则：0, 4, 1	正确率估算：100.00%
类型1 正确率： 100.00% -> 1  100.00%, 2    0.00%, 3    0.00%
类型2 正确率：  49.00% -> 1    0.00%, 2   49.45%, 3   50.55%
类型3 正确率：  50.00% -> 1    0.00%, 2   50.48%, 3   49.52%

被排除样本 正确率：0.00%
类型1 正确率：   0.00% -> 1    0.00%, 2  100.00%
类型2 正确率：   0.00% -> 1  100.00%, 2    0.00%


轮次:·11/·20 || c_Loss:0.368 || e_Loss:-1.012 || Aad_Loss:-26.132 || 耗时：33.72s
轮次:·12/·20 || c_Loss:0.368 || e_Loss:-1.003 || Aad_Loss:-25.992 || 耗时：12.86s
轮次:·13/·20 || c_Loss:0.368 || e_Loss:-1.012 || Aad_Loss:-26.263 || 耗时：12.85s
轮次:·14/·20 || c_Loss:0.375 || e_Loss:-0.985 || Aad_Loss:-26.548 || 耗时：12.88s
轮次:·15/·20 || c_Loss:0.368 || e_Loss:-1.025 || Aad_Loss:-25.815 || 耗时：12.87s
任务: (B2)N15_M07_F10→(B1)N15_M01_F10; mix批次:····0; 批次:·1410/·1880;  总正确率: 66.45%
类型1 正确率： 100.00% -> 1  100.00%, 2    0.00%, 3    0.00%
类型2 正确率：  50.00% -> 1    0.00%, 2   49.80%, 3   50.20%
类型3 正确率：  50.00% -> 1    0.00%, 2   50.45%, 3   49.55%


样本变换：reverse
样本变换：mask
样本变换：shift
样本变换：none
未过滤	未用伪标签：66.45% -> 使用伪标签：66.43%
已过滤	未用伪标签：66.47% -> 使用伪标签：66.47%
排除样本：3|6000	剩余：2000, 2005, 1992
增添样本：18		细则：5, 0, 13	正确率估算：100.00%
类型1 正确率： 100.00% -> 1  100.00%, 2    0.00%, 3    0.00%
类型2 正确率：  50.00% -> 1    0.00%, 2   49.85%, 3   50.15%
类型3 正确率：  50.00% -> 1    0.00%, 2   50.48%, 3   49.52%

被排除样本 正确率：33.33%
类型1 正确率：   0.00% -> 1    0.00%, 2  100.00%
类型2 正确率： 100.00% -> 1    0.00%, 2  100.00%


轮次:·16/·20 || c_Loss:0.390 || e_Loss:-0.917 || Aad_Loss:-33.366 || 耗时：33.91s
轮次:·17/·20 || c_Loss:0.373 || e_Loss:-1.016 || Aad_Loss:-31.250 || 耗时：12.81s
轮次:·18/·20 || c_Loss:0.366 || e_Loss:-1.006 || Aad_Loss:-31.964 || 耗时：12.81s
轮次:·19/·20 || c_Loss:0.366 || e_Loss:-0.968 || Aad_Loss:-33.325 || 耗时：12.83s
轮次:·20/·20 || c_Loss:0.368 || e_Loss:-1.028 || Aad_Loss:-31.504 || 耗时：12.83s
任务: (B2)N15_M07_F10→(B1)N15_M01_F10; mix批次:····0; 批次:·1880/·1880;  总正确率: 66.50%
类型1 正确率： 100.00% -> 1  100.00%, 2    0.00%, 3    0.00%
类型2 正确率：  50.00% -> 1    0.00%, 2   49.95%, 3   50.05%
类型3 正确率：  50.00% -> 1    0.00%, 2   50.45%, 3   49.55%


测试集任务: (B2)N15_M07_F10→(B1)N15_M01_F10; 总正确率 = 66.50%
类型1 正确率： 100.00% -> 1  100.00%, 2    0.00%, 3    0.00%
类型2 正确率：  50.00% -> 1    0.00%, 2   49.95%, 3   50.05%
类型3 正确率：  50.00% -> 1    0.00%, 2   50.45%, 3   49.55%


