读取源域路径：/kaggle/working/hust/H2/weight_HUST_M1_final_checkpoint_FH2toH2c_s2024/NEW_PU/Source-源域/log&pt/(B3)N15_M07_F04
excel输出位置：/kaggle/working/hust/H2/weight_HUST_M1_final_checkpoint_FH2toH2c_s2024/NEW_PU/Target-目标域
特征图片输出位置：/kaggle/working/hust/H2/weight_HUST_M1_final_checkpoint_FH2toH2c_s2024/NEW_PU/Picture-特征图/2026年09月19日13时48分/(B3)N15_M07_F04
现在选取:(B3)N15_M07_F04 进行训练的源模型
现在进行：(B3)N15_M07_F04→(B1)N15_M01_F10 的迁移任务
log&pt输出位置：/kaggle/working/hust/H2/weight_HUST_M1_final_checkpoint_FH2toH2c_s2024/NEW_PU/Target-目标域/log&pt/(B3)N15_M07_F04→(B1)N15_M01_F10
任务: (B3)N15_M07_F04→(B1)N15_M01_F10; 批次:····0/·1880;  总正确率: 54.87%
类型1 正确率：  50.00% -> 1   50.00%, 2    0.00%, 3   50.00%
类型2 正确率：  47.00% -> 1    0.00%, 2   47.20%, 3   52.80%
类型3 正确率：  67.00% -> 1    0.00%, 2   32.60%, 3   67.40%


样本变换：reverse
样本变换：mask
样本变换：shift
样本变换：none
未过滤	未用伪标签：54.87% -> 使用伪标签：49.38%
已过滤	未用伪标签：54.88% -> 使用伪标签：49.40%
排除样本：2|6000	剩余：1000, 1989, 3009
增添样本：3029		细则：2009, 1020, 0	正确率估算：89.06%
类型1 正确率：  50.00% -> 1   50.00%, 2    0.00%, 3   50.00%
类型2 正确率：  49.00% -> 1    0.00%, 2   48.85%, 3   51.15%
类型3 正确率：  49.00% -> 1    0.00%, 2   50.65%, 3   49.35%

被排除样本 正确率：0.00%
类型1 正确率：   0.00% -> 1    0.00%, 2  100.00%
类型2 没有样本或未被分类。


轮次:··1/·20 || c_Loss:0.513 || e_Loss:-1.054 || Aad_Loss:-29.017 || 耗时：34.83s
轮次:··2/·20 || c_Loss:0.422 || e_Loss:-1.019 || Aad_Loss:-29.818 || 耗时：12.96s
轮次:··3/·20 || c_Loss:0.388 || e_Loss:-1.029 || Aad_Loss:-30.442 || 耗时：12.86s
轮次:··4/·20 || c_Loss:0.381 || e_Loss:-1.009 || Aad_Loss:-31.029 || 耗时：12.91s
轮次:··5/·20 || c_Loss:0.381 || e_Loss:-1.674 || Aad_Loss:-30.644 || 耗时：12.79s
任务: (B3)N15_M07_F04→(B1)N15_M01_F10; mix批次:····0; 批次:··470/·1880;  总正确率: 49.60%
类型1 正确率：  50.00% -> 1   50.00%, 2    0.00%, 3   50.00%
类型2 正确率：  49.00% -> 1    0.00%, 2   49.40%, 3   50.60%
类型3 正确率：  49.00% -> 1    0.00%, 2   50.60%, 3   49.40%


样本变换：reverse
样本变换：mask
样本变换：shift
样本变换：none
未过滤	未用伪标签：49.60% -> 使用伪标签：49.73%
已过滤	未用伪标签：49.62% -> 使用伪标签：49.77%
排除样本：4|6000	剩余：1000, 2009, 2987
增添样本：2965		细则：1987, 978, 0	正确率估算：99.80%
类型1 正确率：  50.00% -> 1   50.00%, 2    0.00%, 3   50.00%
类型2 正确率：  50.00% -> 1    0.00%, 2   49.92%, 3   50.08%
类型3 正确率：  49.00% -> 1    0.00%, 2   50.63%, 3   49.37%

被排除样本 正确率：25.00%
类型1 正确率：   0.00% -> 1    0.00%, 2  100.00%
类型2 正确率： 100.00% -> 1    0.00%, 2  100.00%


轮次:··6/·20 || c_Loss:0.373 || e_Loss:-0.905 || Aad_Loss:-36.097 || 耗时：34.78s
轮次:··7/·20 || c_Loss:0.376 || e_Loss:-0.996 || Aad_Loss:-32.535 || 耗时：12.92s
轮次:··8/·20 || c_Loss:0.369 || e_Loss:-0.934 || Aad_Loss:-34.401 || 耗时：12.95s
轮次:··9/·20 || c_Loss:0.373 || e_Loss:-1.005 || Aad_Loss:-32.834 || 耗时：12.92s
轮次:·10/·20 || c_Loss:0.369 || e_Loss:-1.003 || Aad_Loss:-31.050 || 耗时：12.95s
任务: (B3)N15_M07_F04→(B1)N15_M01_F10; mix批次:····0; 批次:··940/·1880;  总正确率: 49.80%
类型1 正确率：  50.00% -> 1   50.00%, 2    0.00%, 3   50.00%
类型2 正确率：  50.00% -> 1    0.00%, 2   50.00%, 3   50.00%
类型3 正确率：  49.00% -> 1    0.00%, 2   50.60%, 3   49.40%


样本变换：reverse
样本变换：mask
样本变换：shift
样本变换：none
未过滤	未用伪标签：49.80% -> 使用伪标签：49.80%
已过滤	未用伪标签：49.80% -> 使用伪标签：49.80%
排除样本：1000|6000	剩余：2012, 2988
增添样本：2964		细则：1988, 976, 0	正确率估算：100.00%
类型1 正确率：  50.00% -> 1   50.00%, 2    0.00%, 3   50.00%
类型2 正确率：  50.00% -> 1    0.00%, 2   50.00%, 3   50.00%
类型3 正确率：  49.00% -> 1    0.00%, 2   50.60%, 3   49.40%

被排除样本 正确率：nan%


轮次:·11/·20 || c_Loss:0.372 || e_Loss:-0.983 || Aad_Loss:-31.614 || 耗时：34.83s
轮次:·12/·20 || c_Loss:0.375 || e_Loss:-0.950 || Aad_Loss:-34.033 || 耗时：12.86s
轮次:·13/·20 || c_Loss:0.375 || e_Loss:-0.893 || Aad_Loss:-34.634 || 耗时：12.88s
轮次:·14/·20 || c_Loss:0.379 || e_Loss:-0.960 || Aad_Loss:-33.321 || 耗时：12.86s
轮次:·15/·20 || c_Loss:0.374 || e_Loss:-0.964 || Aad_Loss:-33.635 || 耗时：12.91s
任务: (B3)N15_M07_F04→(B1)N15_M01_F10; mix批次:····0; 批次:·1410/·1880;  总正确率: 49.80%
类型1 正确率：  50.00% -> 1   50.00%, 2    0.00%, 3   50.00%
类型2 正确率：  50.00% -> 1    0.00%, 2   50.00%, 3   50.00%
类型3 正确率：  49.00% -> 1    0.00%, 2   50.60%, 3   49.40%


样本变换：reverse
样本变换：mask
样本变换：shift
样本变换：none
未过滤	未用伪标签：49.80% -> 使用伪标签：49.80%
已过滤	未用伪标签：49.80% -> 使用伪标签：49.80%
排除样本：1000|6000	剩余：2012, 2988
增添样本：2964		细则：1988, 976, 0	正确率估算：100.00%
类型1 正确率：  50.00% -> 1   50.00%, 2    0.00%, 3   50.00%
类型2 正确率：  50.00% -> 1    0.00%, 2   50.00%, 3   50.00%
类型3 正确率：  49.00% -> 1    0.00%, 2   50.60%, 3   49.40%

被排除样本 正确率：nan%


轮次:·16/·20 || c_Loss:0.372 || e_Loss:-0.985 || Aad_Loss:-31.793 || 耗时：34.73s
轮次:·17/·20 || c_Loss:0.375 || e_Loss:-0.952 || Aad_Loss:-34.214 || 耗时：12.87s
轮次:·18/·20 || c_Loss:0.374 || e_Loss:-0.897 || Aad_Loss:-34.851 || 耗时：12.91s
轮次:·19/·20 || c_Loss:0.377 || e_Loss:-0.962 || Aad_Loss:-33.535 || 耗时：12.93s
轮次:·20/·20 || c_Loss:0.373 || e_Loss:-0.966 || Aad_Loss:-33.787 || 耗时：12.95s
任务: (B3)N15_M07_F04→(B1)N15_M01_F10; mix批次:····0; 批次:·1880/·1880;  总正确率: 49.80%
类型1 正确率：  50.00% -> 1   50.00%, 2    0.00%, 3   50.00%
类型2 正确率：  50.00% -> 1    0.00%, 2   50.00%, 3   50.00%
类型3 正确率：  49.00% -> 1    0.00%, 2   50.60%, 3   49.40%


测试集任务: (B3)N15_M07_F04→(B1)N15_M01_F10; 总正确率 = 49.80%
类型1 正确率：  50.00% -> 1   50.00%, 2    0.00%, 3   50.00%
类型2 正确率：  50.00% -> 1    0.00%, 2   50.00%, 3   50.00%
类型3 正确率：  49.00% -> 1    0.00%, 2   50.60%, 3   49.40%


