读取源域路径：/kaggle/working/k10/S02/weight_PU_M1_final_checkpoint_FS02toS02c_gateoracle_s2024/NEW_PU/Source-源域/log&pt/(B3)N15_M07_F04
excel输出位置：/kaggle/working/k10/S02/weight_PU_M1_final_checkpoint_FS02toS02c_gateoracle_s2024/NEW_PU/Target-目标域
特征图片输出位置：/kaggle/working/k10/S02/weight_PU_M1_final_checkpoint_FS02toS02c_gateoracle_s2024/NEW_PU/Picture-特征图/2026年09月16日05时51分/(B3)N15_M07_F04
现在选取:(B3)N15_M07_F04 进行训练的源模型
现在进行：(B3)N15_M07_F04→(B1)N15_M01_F10 的迁移任务
log&pt输出位置：/kaggle/working/k10/S02/weight_PU_M1_final_checkpoint_FS02toS02c_gateoracle_s2024/NEW_PU/Target-目标域/log&pt/(B3)N15_M07_F04→(B1)N15_M01_F10
任务: (B3)N15_M07_F04→(B1)N15_M01_F10; 批次:····0/·1880;  总正确率: 52.90%
类型1 正确率： 100.00% -> 1   99.75%, 2    0.00%, 3    0.25%
类型2 正确率：  59.00% -> 1    0.40%, 2   58.95%, 3   40.65%
类型3 正确率：   0.00% -> 1    0.05%, 2   99.95%, 3    0.00%


样本变换：reverse
样本变换：mask
样本变换：shift
样本变换：none
未过滤	未用伪标签：52.90% -> 使用伪标签：47.85%
已过滤	未用伪标签：52.28% -> 使用伪标签：48.72%
排除样本：107|6000	剩余：2003, 2864, 1026
增添样本：1127		细则：0, 1127	正确率估算：99.31%
类型1 正确率： 100.00% -> 1   99.95%, 2    0.00%, 3    0.05%
类型2 正确率：  46.00% -> 1    0.11%, 2   45.92%, 3   53.98%
类型3 正确率：   0.00% -> 1    0.10%, 2   99.90%, 3    0.00%

被排除样本 正确率：86.92%
类型1 没有样本或未被分类。
类型2 正确率：  92.00% -> 1    0.99%, 2   92.08%, 3    6.93%
类型3 正确率：   0.00% -> 1    0.00%, 2  100.00%, 3    0.00%


轮次:··1/·20 || c_Loss:0.459 || e_Loss:-1.281 || Aad_Loss:-16.361 || 耗时：32.61s
轮次:··2/·20 || c_Loss:0.364 || e_Loss:-1.288 || Aad_Loss:-23.454 || 耗时：12.42s
轮次:··3/·20 || c_Loss:0.463 || e_Loss:-1.402 || Aad_Loss:-22.661 || 耗时：12.44s
轮次:··4/·20 || c_Loss:0.382 || e_Loss:-1.396 || Aad_Loss:-24.329 || 耗时：12.45s
轮次:··5/·20 || c_Loss:0.366 || e_Loss:-1.401 || Aad_Loss:-23.038 || 耗时：12.45s
任务: (B3)N15_M07_F04→(B1)N15_M01_F10; mix批次:····0; 批次:··470/·1880;  总正确率: 59.42%
类型1 正确率： 100.00% -> 1  100.00%, 2    0.00%, 3    0.00%
类型2 正确率：  66.00% -> 1   14.85%, 2   65.95%, 3   19.20%
类型3 正确率：  12.00% -> 1    5.35%, 2   82.35%, 3   12.30%


样本变换：reverse
样本变换：mask
样本变换：shift
样本变换：none
未过滤	未用伪标签：59.42% -> 使用伪标签：70.32%
已过滤	未用伪标签：59.73% -> 使用伪标签：70.68%
排除样本：31|6000	剩余：2684, 2386, 899
增添样本：1781		细则：0, 680, 1101	正确率估算：51.93%
类型1 正确率： 100.00% -> 1  100.00%, 2    0.00%, 3    0.00%
类型2 正确率：  66.00% -> 1   34.00%, 2   66.00%, 3    0.00%
类型3 正确率：  46.00% -> 1    0.20%, 2   54.14%, 3   45.66%

被排除样本 正确率：0.00%
类型1 没有样本或未被分类。
类型2 没有样本或未被分类。
类型3 正确率：   0.00% -> 1   12.90%, 2   87.10%, 3    0.00%


轮次:··6/·20 || c_Loss:0.370 || e_Loss:-1.483 || Aad_Loss:-19.395 || 耗时：33.05s
轮次:··7/·20 || c_Loss:0.310 || e_Loss:-1.608 || Aad_Loss:-23.167 || 耗时：12.49s
轮次:··8/·20 || c_Loss:0.315 || e_Loss:-1.727 || Aad_Loss:-23.737 || 耗时：12.50s
轮次:··9/·20 || c_Loss:0.321 || e_Loss:-1.775 || Aad_Loss:-21.811 || 耗时：12.51s
轮次:·10/·20 || c_Loss:0.331 || e_Loss:-1.714 || Aad_Loss:-23.007 || 耗时：12.59s
任务: (B3)N15_M07_F04→(B1)N15_M01_F10; mix批次:····0; 批次:··940/·1880;  总正确率: 78.90%
类型1 正确率： 100.00% -> 1  100.00%, 2    0.00%, 3    0.00%
类型2 正确率：  66.00% -> 1    5.35%, 2   66.00%, 3   28.65%
类型3 正确率：  71.00% -> 1    0.00%, 2   29.30%, 3   70.70%


样本变换：reverse
样本变换：mask
样本变换：shift
样本变换：none
未过滤	未用伪标签：78.90% -> 使用伪标签：72.00%
已过滤	未用伪标签：79.01% -> 使用伪标签：72.10%
排除样本：8|6000	剩余：2655, 2320, 1017
增添样本：1680		细则：0, 680, 1000	正确率估算：100.00%
类型1 正确率： 100.00% -> 1  100.00%, 2    0.00%, 3    0.00%
类型2 正确率：  66.00% -> 1   32.88%, 2   66.27%, 3    0.85%
类型3 正确率：  50.00% -> 1    0.00%, 2   50.00%, 3   50.00%

被排除样本 正确率：0.00%
类型1 正确率：   0.00% -> 1    0.00%, 2  100.00%
类型2 没有样本或未被分类。


轮次:·11/·20 || c_Loss:0.326 || e_Loss:-1.835 || Aad_Loss:-22.453 || 耗时：33.20s
轮次:·12/·20 || c_Loss:0.325 || e_Loss:-1.845 || Aad_Loss:-23.062 || 耗时：12.58s
轮次:·13/·20 || c_Loss:0.329 || e_Loss:-1.913 || Aad_Loss:-21.943 || 耗时：12.57s
轮次:·14/·20 || c_Loss:0.327 || e_Loss:-1.760 || Aad_Loss:-23.885 || 耗时：12.56s
轮次:·15/·20 || c_Loss:0.335 || e_Loss:-1.858 || Aad_Loss:-22.973 || 耗时：12.56s
任务: (B3)N15_M07_F04→(B1)N15_M01_F10; mix批次:····0; 批次:·1410/·1880;  总正确率: 78.08%
类型1 正确率： 100.00% -> 1  100.00%, 2    0.00%, 3    0.00%
类型2 正确率：  66.00% -> 1    8.45%, 2   66.00%, 3   25.55%
类型3 正确率：  68.00% -> 1    1.70%, 2   30.05%, 3   68.25%


样本变换：reverse
样本变换：mask
样本变换：shift
样本变换：none
未过滤	未用伪标签：78.08% -> 使用伪标签：72.00%
已过滤	未用伪标签：78.25% -> 使用伪标签：72.16%
排除样本：13|6000	剩余：2629, 2320, 1038
增添样本：1680		细则：0, 680, 1000	正确率估算：100.00%
类型1 正确率： 100.00% -> 1  100.00%, 2    0.00%, 3    0.00%
类型2 正确率：  66.00% -> 1   31.66%, 2   66.43%, 3    1.91%
类型3 正确率：  50.00% -> 1    0.00%, 2   50.00%, 3   50.00%

被排除样本 正确率：0.00%
类型1 正确率：   0.00% -> 1    0.00%, 2  100.00%
类型2 没有样本或未被分类。


轮次:·16/·20 || c_Loss:0.329 || e_Loss:-1.889 || Aad_Loss:-22.974 || 耗时：33.12s
轮次:·17/·20 || c_Loss:0.328 || e_Loss:-1.892 || Aad_Loss:-23.738 || 耗时：12.53s
轮次:·18/·20 || c_Loss:0.331 || e_Loss:-1.967 || Aad_Loss:-22.197 || 耗时：12.55s
轮次:·19/·20 || c_Loss:0.329 || e_Loss:-1.826 || Aad_Loss:-23.957 || 耗时：12.56s
轮次:·20/·20 || c_Loss:0.335 || e_Loss:-1.898 || Aad_Loss:-23.212 || 耗时：12.55s
任务: (B3)N15_M07_F04→(B1)N15_M01_F10; mix批次:····0; 批次:·1880/·1880;  总正确率: 78.48%
类型1 正确率： 100.00% -> 1  100.00%, 2    0.00%, 3    0.00%
类型2 正确率：  66.00% -> 1   11.40%, 2   66.00%, 3   22.60%
类型3 正确率：  69.00% -> 1    3.70%, 2   26.85%, 3   69.45%


测试集任务: (B3)N15_M07_F04→(B1)N15_M01_F10; 总正确率 = 78.48%
类型1 正确率： 100.00% -> 1  100.00%, 2    0.00%, 3    0.00%
类型2 正确率：  66.00% -> 1   11.40%, 2   66.00%, 3   22.60%
类型3 正确率：  69.00% -> 1    3.70%, 2   26.85%, 3   69.45%


