读取源域路径：/kaggle/working/k10/S02/weight_PU_M1_final_checkpoint_FS02toS02c_gateoracle_s2024/NEW_PU/Source-源域/log&pt/(B2)N15_M07_F10
excel输出位置：/kaggle/working/k10/S02/weight_PU_M1_final_checkpoint_FS02toS02c_gateoracle_s2024/NEW_PU/Target-目标域
特征图片输出位置：/kaggle/working/k10/S02/weight_PU_M1_final_checkpoint_FS02toS02c_gateoracle_s2024/NEW_PU/Picture-特征图/2026年09月16日05时45分/(B2)N15_M07_F10
现在选取:(B2)N15_M07_F10 进行训练的源模型
现在进行：(B2)N15_M07_F10→(B3)N15_M07_F04 的迁移任务
log&pt输出位置：/kaggle/working/k10/S02/weight_PU_M1_final_checkpoint_FS02toS02c_gateoracle_s2024/NEW_PU/Target-目标域/log&pt/(B2)N15_M07_F10→(B3)N15_M07_F04
任务: (B2)N15_M07_F10→(B3)N15_M07_F04; 批次:····0/·1880;  总正确率: 63.78%
类型1 正确率： 100.00% -> 1  100.00%, 2    0.00%, 3    0.00%
类型2 正确率：   5.00% -> 1    0.10%, 2    4.90%, 3   95.00%
类型3 正确率：  86.00% -> 1    0.00%, 2   13.55%, 3   86.45%


样本变换：reverse
样本变换：mask
样本变换：shift
样本变换：none
未过滤	未用伪标签：63.78% -> 使用伪标签：52.53%
已过滤	未用伪标签：64.20% -> 使用伪标签：52.97%
排除样本：50|6000	剩余：2002, 1156, 2792
增添样本：2848		细则：0, 1846, 1002	正确率估算：89.32%
类型1 正确率： 100.00% -> 1  100.00%, 2    0.00%, 3    0.00%
类型2 正确率：   8.00% -> 1    0.10%, 2    7.90%, 3   92.00%
类型3 正确率：  50.00% -> 1    0.00%, 2   50.10%, 3   49.90%

被排除样本 正确率：14.00%
类型1 正确率：  14.00% -> 1   14.00%, 2   86.00%
类型2 没有样本或未被分类。


轮次:··1/·20 || c_Loss:0.418 || e_Loss:-1.513 || Aad_Loss:-22.259 || 耗时：32.63s
轮次:··2/·20 || c_Loss:0.331 || e_Loss:-1.580 || Aad_Loss:-28.805 || 耗时：12.41s
轮次:··3/·20 || c_Loss:0.325 || e_Loss:-1.513 || Aad_Loss:-27.740 || 耗时：12.47s
轮次:··4/·20 || c_Loss:0.333 || e_Loss:-1.614 || Aad_Loss:-23.537 || 耗时：12.46s
轮次:··5/·20 || c_Loss:0.349 || e_Loss:-1.684 || Aad_Loss:-21.622 || 耗时：12.50s
任务: (B2)N15_M07_F10→(B3)N15_M07_F04; mix批次:····0; 批次:··470/·1880;  总正确率: 61.63%
类型1 正确率： 100.00% -> 1  100.00%, 2    0.00%, 3    0.00%
类型2 正确率：  26.00% -> 1   18.55%, 2   25.55%, 3   55.90%
类型3 正确率：  59.00% -> 1   14.80%, 2   25.85%, 3   59.35%


样本变换：reverse
样本变换：mask
样本变换：shift
样本变换：none
未过滤	未用伪标签：61.63% -> 使用伪标签：53.82%
已过滤	未用伪标签：62.03% -> 使用伪标签：54.46%
排除样本：71|6000	剩余：2590, 1229, 2110
增添样本：2771		细则：0, 1771, 1000	正确率估算：83.97%
类型1 正确率： 100.00% -> 1  100.00%, 2    0.00%, 3    0.00%
类型2 正确率：  12.00% -> 1   30.59%, 2   11.87%, 3   57.54%
类型3 正确率：  50.00% -> 1    0.00%, 2   50.00%, 3   50.00%

被排除样本 正确率：28.17%
类型1 没有样本或未被分类。
类型2 正确率：  28.00% -> 1    1.41%, 2   28.17%, 3   70.42%
类型3 没有样本或未被分类。


轮次:··6/·20 || c_Loss:0.431 || e_Loss:-1.427 || Aad_Loss:-30.674 || 耗时：32.90s
轮次:··7/·20 || c_Loss:0.398 || e_Loss:-1.491 || Aad_Loss:-26.699 || 耗时：12.49s
轮次:··8/·20 || c_Loss:0.441 || e_Loss:-1.510 || Aad_Loss:-21.133 || 耗时：12.48s
轮次:··9/·20 || c_Loss:0.355 || e_Loss:-1.538 || Aad_Loss:-22.481 || 耗时：12.49s
轮次:·10/·20 || c_Loss:0.380 || e_Loss:-1.555 || Aad_Loss:-25.447 || 耗时：12.50s
任务: (B2)N15_M07_F10→(B3)N15_M07_F04; mix批次:····0; 批次:··940/·1880;  总正确率: 60.08%
类型1 正确率： 100.00% -> 1  100.00%, 2    0.00%, 3    0.00%
类型2 正确率：  29.00% -> 1   13.45%, 2   28.95%, 3   57.60%
类型3 正确率：  51.00% -> 1    0.25%, 2   48.45%, 3   51.30%


样本变换：reverse
样本变换：mask
样本变换：shift
样本变换：none
未过滤	未用伪标签：60.08% -> 使用伪标签：54.33%
已过滤	未用伪标签：60.59% -> 使用伪标签：54.95%
排除样本：67|6000	剩余：2562, 1260, 2111
增添样本：2740		细则：0, 1740, 1000	正确率估算：95.56%
类型1 正确率： 100.00% -> 1  100.00%, 2    0.00%, 3    0.00%
类型2 正确率：  13.00% -> 1   29.07%, 2   13.45%, 3   57.48%
类型3 正确率：  50.00% -> 1    0.00%, 2   50.00%, 3   50.00%

被排除样本 正确率：14.93%
类型1 没有样本或未被分类。
类型2 正确率：  15.00% -> 1    2.99%, 2   14.93%, 3   82.09%
类型3 没有样本或未被分类。


轮次:·11/·20 || c_Loss:0.376 || e_Loss:-1.564 || Aad_Loss:-24.387 || 耗时：33.02s
轮次:·12/·20 || c_Loss:0.384 || e_Loss:-1.545 || Aad_Loss:-22.141 || 耗时：12.43s
轮次:·13/·20 || c_Loss:0.394 || e_Loss:-1.521 || Aad_Loss:-25.017 || 耗时：12.47s
轮次:·14/·20 || c_Loss:0.391 || e_Loss:-1.530 || Aad_Loss:-21.663 || 耗时：12.47s
轮次:·15/·20 || c_Loss:0.341 || e_Loss:-1.518 || Aad_Loss:-26.062 || 耗时：12.48s
任务: (B2)N15_M07_F10→(B3)N15_M07_F04; mix批次:····0; 批次:·1410/·1880;  总正确率: 60.45%
类型1 正确率： 100.00% -> 1  100.00%, 2    0.00%, 3    0.00%
类型2 正确率：  31.00% -> 1   14.95%, 2   30.95%, 3   54.10%
类型3 正确率：  50.00% -> 1    0.00%, 2   49.60%, 3   50.40%


样本变换：reverse
样本变换：mask
样本变换：shift
样本变换：none
未过滤	未用伪标签：60.45% -> 使用伪标签：54.47%
已过滤	未用伪标签：60.99% -> 使用伪标签：55.11%
排除样本：70|6000	剩余：2552, 1268, 2110
增添样本：2732		细则：0, 1732, 1000	正确率估算：99.84%
类型1 正确率： 100.00% -> 1  100.00%, 2    0.00%, 3    0.00%
类型2 正确率：  14.00% -> 1   28.60%, 2   13.89%, 3   57.51%
类型3 正确率：  50.00% -> 1    0.00%, 2   50.00%, 3   50.00%

被排除样本 正确率：14.29%
类型1 没有样本或未被分类。
类型2 正确率：  14.00% -> 1    2.86%, 2   14.29%, 3   82.86%
类型3 没有样本或未被分类。


轮次:·16/·20 || c_Loss:0.342 || e_Loss:-1.510 || Aad_Loss:-28.386 || 耗时：32.90s
轮次:·17/·20 || c_Loss:0.375 || e_Loss:-1.597 || Aad_Loss:-23.892 || 耗时：12.49s
轮次:·18/·20 || c_Loss:0.399 || e_Loss:-1.535 || Aad_Loss:-22.150 || 耗时：12.48s
轮次:·19/·20 || c_Loss:0.350 || e_Loss:-1.550 || Aad_Loss:-25.252 || 耗时：12.48s
轮次:·20/·20 || c_Loss:0.351 || e_Loss:-1.611 || Aad_Loss:-21.691 || 耗时：12.46s
任务: (B2)N15_M07_F10→(B3)N15_M07_F04; mix批次:····0; 批次:·1880/·1880;  总正确率: 61.00%
类型1 正确率： 100.00% -> 1  100.00%, 2    0.00%, 3    0.00%
类型2 正确率：  32.00% -> 1   14.10%, 2   32.00%, 3   53.90%
类型3 正确率：  51.00% -> 1    0.00%, 2   49.00%, 3   51.00%


测试集任务: (B2)N15_M07_F10→(B3)N15_M07_F04; 总正确率 = 61.00%
类型1 正确率： 100.00% -> 1  100.00%, 2    0.00%, 3    0.00%
类型2 正确率：  32.00% -> 1   14.10%, 2   32.00%, 3   53.90%
类型3 正确率：  51.00% -> 1    0.00%, 2   49.00%, 3   51.00%


