读取源域路径：/kaggle/working/k10/S02/weight_PU_M1_final_checkpoint_FS02toS02c_gateoracle_s2024/NEW_PU/Source-源域/log&pt/(B2)N15_M07_F10
excel输出位置：/kaggle/working/k10/S02/weight_PU_M1_final_checkpoint_FS02toS02c_gateoracle_s2024/NEW_PU/Target-目标域
特征图片输出位置：/kaggle/working/k10/S02/weight_PU_M1_final_checkpoint_FS02toS02c_gateoracle_s2024/NEW_PU/Picture-特征图/2026年09月16日05时39分/(B2)N15_M07_F10
现在选取:(B2)N15_M07_F10 进行训练的源模型
现在进行：(B2)N15_M07_F10→(B1)N15_M01_F10 的迁移任务
log&pt输出位置：/kaggle/working/k10/S02/weight_PU_M1_final_checkpoint_FS02toS02c_gateoracle_s2024/NEW_PU/Target-目标域/log&pt/(B2)N15_M07_F10→(B1)N15_M01_F10
任务: (B2)N15_M07_F10→(B1)N15_M01_F10; 批次:····0/·1880;  总正确率: 49.62%
类型1 正确率： 100.00% -> 1  100.00%, 2    0.00%, 3    0.00%
类型2 正确率：   5.00% -> 1    1.25%, 2    4.95%, 3   93.80%
类型3 正确率：  44.00% -> 1    0.20%, 2   55.90%, 3   43.90%


样本变换：reverse
样本变换：mask
样本变换：shift
样本变换：none
未过滤	未用伪标签：49.62% -> 使用伪标签：48.37%
已过滤	未用伪标签：50.27% -> 使用伪标签：49.25%
排除样本：108|6000	剩余：2028, 1282, 2582
增添样本：3098		细则：0, 1880, 1218	正确率估算：62.64%
类型1 正确率： 100.00% -> 1  100.00%, 2    0.00%, 3    0.00%
类型2 正确率：   6.00% -> 1    1.44%, 2    6.16%, 3   92.40%
类型3 正确率：  40.00% -> 1    0.00%, 2   59.77%, 3   40.23%

被排除样本 正确率：13.89%
类型1 没有样本或未被分类。
类型2 正确率：  23.00% -> 1    7.69%, 2   23.08%, 3   69.23%
类型3 正确率：   5.00% -> 1    0.00%, 2   94.64%, 3    5.36%


轮次:··1/·20 || c_Loss:0.359 || e_Loss:-1.468 || Aad_Loss:-20.807 || 耗时：32.52s
轮次:··2/·20 || c_Loss:0.351 || e_Loss:-1.568 || Aad_Loss:-20.127 || 耗时：12.46s
轮次:··3/·20 || c_Loss:0.346 || e_Loss:-1.539 || Aad_Loss:-19.546 || 耗时：12.49s
轮次:··4/·20 || c_Loss:0.376 || e_Loss:-1.591 || Aad_Loss:-22.266 || 耗时：12.52s
轮次:··5/·20 || c_Loss:0.349 || e_Loss:-1.569 || Aad_Loss:-18.667 || 耗时：12.52s
任务: (B2)N15_M07_F10→(B1)N15_M01_F10; mix批次:····0; 批次:··470/·1880;  总正确率: 66.55%
类型1 正确率： 100.00% -> 1  100.00%, 2    0.00%, 3    0.00%
类型2 正确率：  33.00% -> 1   12.15%, 2   33.00%, 3   54.85%
类型3 正确率：  67.00% -> 1    6.65%, 2   26.70%, 3   66.65%


样本变换：reverse
样本变换：mask
样本变换：shift
样本变换：none
未过滤	未用伪标签：66.55% -> 使用伪标签：53.33%
已过滤	未用伪标签：67.15% -> 使用伪标签：54.67%
排除样本：147|6000	剩余：2467, 1200, 2186
增添样本：2800		细则：0, 1800, 1000	正确率估算：91.75%
类型1 正确率： 100.00% -> 1  100.00%, 2    0.00%, 3    0.00%
类型2 正确率：  11.00% -> 1   25.20%, 2   10.79%, 3   64.00%
类型3 正确率：  50.00% -> 1    0.00%, 2   50.00%, 3   50.00%

被排除样本 正确率：42.86%
类型1 正确率：  43.00% -> 1   42.86%, 2   57.14%
类型2 没有样本或未被分类。


轮次:··6/·20 || c_Loss:0.381 || e_Loss:-1.570 || Aad_Loss:-18.226 || 耗时：32.84s
轮次:··7/·20 || c_Loss:0.365 || e_Loss:-1.587 || Aad_Loss:-23.823 || 耗时：12.44s
轮次:··8/·20 || c_Loss:0.424 || e_Loss:-1.566 || Aad_Loss:-15.059 || 耗时：12.46s
轮次:··9/·20 || c_Loss:0.379 || e_Loss:-1.533 || Aad_Loss:-27.560 || 耗时：12.48s
轮次:·10/·20 || c_Loss:0.335 || e_Loss:-1.503 || Aad_Loss:-25.812 || 耗时：12.48s
任务: (B2)N15_M07_F10→(B1)N15_M01_F10; mix批次:····0; 批次:··940/·1880;  总正确率: 63.37%
类型1 正确率： 100.00% -> 1  100.00%, 2    0.00%, 3    0.00%
类型2 正确率：  32.00% -> 1   19.30%, 2   32.10%, 3   48.60%
类型3 正确率：  58.00% -> 1    7.35%, 2   34.65%, 3   58.00%


样本变换：reverse
样本变换：mask
样本变换：shift
样本变换：none
未过滤	未用伪标签：63.37% -> 使用伪标签：54.58%
已过滤	未用伪标签：63.67% -> 使用伪标签：55.44%
排除样本：93|6000	剩余：2540, 1275, 2092
增添样本：2725		细则：0, 1725, 1000	正确率估算：96.31%
类型1 正确率： 100.00% -> 1  100.00%, 2    0.00%, 3    0.00%
类型2 正确率：  14.00% -> 1   28.32%, 2   14.42%, 3   57.26%
类型3 正确率：  50.00% -> 1    0.00%, 2   50.00%, 3   50.00%

被排除样本 正确率：44.09%
类型1 正确率：  44.00% -> 1   44.09%, 2   55.91%
类型2 没有样本或未被分类。


轮次:·11/·20 || c_Loss:0.368 || e_Loss:-1.562 || Aad_Loss:-26.528 || 耗时：32.84s
轮次:·12/·20 || c_Loss:0.352 || e_Loss:-1.547 || Aad_Loss:-26.571 || 耗时：12.48s
轮次:·13/·20 || c_Loss:0.387 || e_Loss:-1.620 || Aad_Loss:-20.382 || 耗时：12.49s
轮次:·14/·20 || c_Loss:0.372 || e_Loss:-1.441 || Aad_Loss:-27.090 || 耗时：12.50s
轮次:·15/·20 || c_Loss:0.347 || e_Loss:-1.531 || Aad_Loss:-28.857 || 耗时：12.46s
任务: (B2)N15_M07_F10→(B1)N15_M01_F10; mix批次:····0; 批次:·1410/·1880;  总正确率: 64.00%
类型1 正确率： 100.00% -> 1  100.00%, 2    0.00%, 3    0.00%
类型2 正确率：  38.00% -> 1   25.80%, 2   37.50%, 3   36.70%
类型3 正确率：  55.00% -> 1    4.35%, 2   41.15%, 3   54.50%


样本变换：reverse
样本变换：mask
样本变换：shift
样本变换：none
未过滤	未用伪标签：64.00% -> 使用伪标签：56.40%
已过滤	未用伪标签：64.11% -> 使用伪标签：56.94%
排除样本：57|6000	剩余：2623, 1384, 1936
增添样本：2616		细则：0, 1616, 1000	正确率估算：98.77%
类型1 正确率： 100.00% -> 1  100.00%, 2    0.00%, 3    0.00%
类型2 正确率：  20.00% -> 1   32.06%, 2   19.76%, 3   48.17%
类型3 正确率：  50.00% -> 1    0.00%, 2   50.00%, 3   50.00%

被排除样本 正确率：52.63%
类型1 正确率：  53.00% -> 1   52.63%, 2   47.37%
类型2 没有样本或未被分类。


轮次:·16/·20 || c_Loss:0.362 || e_Loss:-1.633 || Aad_Loss:-20.303 || 耗时：33.14s
轮次:·17/·20 || c_Loss:0.373 || e_Loss:-1.654 || Aad_Loss:-21.967 || 耗时：12.45s
轮次:·18/·20 || c_Loss:0.370 || e_Loss:-1.624 || Aad_Loss:-21.486 || 耗时：12.43s
轮次:·19/·20 || c_Loss:0.341 || e_Loss:-1.691 || Aad_Loss:-20.986 || 耗时：12.44s
轮次:·20/·20 || c_Loss:0.351 || e_Loss:-1.724 || Aad_Loss:-21.105 || 耗时：12.45s
任务: (B2)N15_M07_F10→(B1)N15_M01_F10; mix批次:····0; 批次:·1880/·1880;  总正确率: 66.73%
类型1 正确率： 100.00% -> 1  100.00%, 2    0.00%, 3    0.00%
类型2 正确率：  47.00% -> 1   19.70%, 2   46.70%, 3   33.60%
类型3 正确率：  54.00% -> 1    0.70%, 2   45.80%, 3   53.50%


测试集任务: (B2)N15_M07_F10→(B1)N15_M01_F10; 总正确率 = 66.73%
类型1 正确率： 100.00% -> 1  100.00%, 2    0.00%, 3    0.00%
类型2 正确率：  47.00% -> 1   19.70%, 2   46.70%, 3   33.60%
类型3 正确率：  54.00% -> 1    0.70%, 2   45.80%, 3   53.50%


