读取源域路径：/kaggle/working/k10/S02/weight_PU_M1_final_checkpoint_FS02toS02c_gateoracle_s2024/NEW_PU/Source-源域/log&pt/(B3)N15_M07_F04
excel输出位置：/kaggle/working/k10/S02/weight_PU_M1_final_checkpoint_FS02toS02c_gateoracle_s2024/NEW_PU/Target-目标域
特征图片输出位置：/kaggle/working/k10/S02/weight_PU_M1_final_checkpoint_FS02toS02c_gateoracle_s2024/NEW_PU/Picture-特征图/2026年09月16日05时57分/(B3)N15_M07_F04
现在选取:(B3)N15_M07_F04 进行训练的源模型
现在进行：(B3)N15_M07_F04→(B2)N15_M07_F10 的迁移任务
log&pt输出位置：/kaggle/working/k10/S02/weight_PU_M1_final_checkpoint_FS02toS02c_gateoracle_s2024/NEW_PU/Target-目标域/log&pt/(B3)N15_M07_F04→(B2)N15_M07_F10
任务: (B3)N15_M07_F04→(B2)N15_M07_F10; 批次:····0/·1880;  总正确率: 53.55%
类型1 正确率：  99.00% -> 1   98.55%, 2    0.00%, 3    1.45%
类型2 正确率：  62.00% -> 1    0.05%, 2   62.10%, 3   37.85%
类型3 正确率：   0.00% -> 1    0.00%, 2  100.00%, 3    0.00%


样本变换：reverse
样本变换：mask
样本变换：shift
样本变换：none
未过滤	未用伪标签：53.55% -> 使用伪标签：52.90%
已过滤	未用伪标签：53.29% -> 使用伪标签：53.31%
排除样本：46|6000	剩余：1997, 3175, 782
增添样本：820		细则：0, 820	正确率估算：99.39%
类型1 正确率： 100.00% -> 1   99.90%, 2    0.00%, 3    0.10%
类型2 正确率：  60.00% -> 1    0.00%, 2   60.14%, 3   39.86%
类型3 正确率：   0.00% -> 1    0.00%, 2  100.00%, 3    0.00%

被排除样本 正确率：86.96%
类型1 正确率：   0.00% -> 1    0.00%, 2    0.00%, 3  100.00%
类型2 正确率：  93.00% -> 1    0.00%, 2   93.02%, 3    6.98%
类型3 正确率：   0.00% -> 1    0.00%, 2  100.00%, 3    0.00%


轮次:··1/·20 || c_Loss:0.421 || e_Loss:-1.379 || Aad_Loss:-25.317 || 耗时：32.43s
轮次:··2/·20 || c_Loss:0.356 || e_Loss:-1.392 || Aad_Loss:-25.619 || 耗时：12.48s
轮次:··3/·20 || c_Loss:0.345 || e_Loss:-1.462 || Aad_Loss:-22.203 || 耗时：12.47s
轮次:··4/·20 || c_Loss:0.342 || e_Loss:-1.486 || Aad_Loss:-28.277 || 耗时：12.51s
轮次:··5/·20 || c_Loss:0.361 || e_Loss:-1.479 || Aad_Loss:-29.135 || 耗时：12.53s
任务: (B3)N15_M07_F04→(B2)N15_M07_F10; mix批次:····0; 批次:··470/·1880;  总正确率: 63.35%
类型1 正确率： 100.00% -> 1  100.00%, 2    0.00%, 3    0.00%
类型2 正确率：  66.00% -> 1   23.85%, 2   66.00%, 3   10.15%
类型3 正确率：  24.00% -> 1    0.15%, 2   75.80%, 3   24.05%


样本变换：reverse
样本变换：mask
样本变换：shift
样本变换：none
未过滤	未用伪标签：63.35% -> 使用伪标签：64.72%
已过滤	未用伪标签：64.03% -> 使用伪标签：65.45%
排除样本：67|6000	剩余：2680, 2690, 563
增添样本：2117		细则：0, 680, 1437	正确率估算：66.53%
类型1 正确率： 100.00% -> 1  100.00%, 2    0.00%, 3    0.00%
类型2 正确率：  66.00% -> 1   34.00%, 2   66.00%, 3    0.00%
类型3 正确率：  29.00% -> 1    0.00%, 2   70.87%, 3   29.13%

被排除样本 正确率：2.99%
类型1 没有样本或未被分类。
类型2 正确率：   3.00% -> 1   97.01%, 2    2.99%


轮次:··6/·20 || c_Loss:0.332 || e_Loss:-1.446 || Aad_Loss:-25.695 || 耗时：32.89s
轮次:··7/·20 || c_Loss:0.333 || e_Loss:-1.611 || Aad_Loss:-20.275 || 耗时：12.42s
轮次:··8/·20 || c_Loss:0.373 || e_Loss:-1.518 || Aad_Loss:-22.938 || 耗时：12.44s
轮次:··9/·20 || c_Loss:0.324 || e_Loss:-1.644 || Aad_Loss:-22.444 || 耗时：12.43s
轮次:·10/·20 || c_Loss:0.337 || e_Loss:-1.658 || Aad_Loss:-23.290 || 耗时：12.41s
任务: (B3)N15_M07_F04→(B2)N15_M07_F10; mix批次:····0; 批次:··940/·1880;  总正确率: 78.17%
类型1 正确率： 100.00% -> 1  100.00%, 2    0.00%, 3    0.00%
类型2 正确率：  66.00% -> 1   10.65%, 2   66.00%, 3   23.35%
类型3 正确率：  68.00% -> 1    0.00%, 2   31.50%, 3   68.50%


样本变换：reverse
样本变换：mask
样本变换：shift
样本变换：none
未过滤	未用伪标签：78.17% -> 使用伪标签：71.95%
已过滤	未用伪标签：78.32% -> 使用伪标签：72.11%
排除样本：13|6000	剩余：2661, 2322, 1004
增添样本：1683		细则：0, 680, 1003	正确率估算：100.00%
类型1 正确率： 100.00% -> 1  100.00%, 2    0.00%, 3    0.00%
类型2 正确率：  66.00% -> 1   33.25%, 2   66.40%, 3    0.35%
类型3 正确率：  50.00% -> 1    0.00%, 2   50.13%, 3   49.87%

被排除样本 正确率：7.69%
类型1 正确率：   0.00% -> 1    0.00%, 2  100.00%
类型2 正确率： 100.00% -> 1    0.00%, 2  100.00%


轮次:·11/·20 || c_Loss:0.315 || e_Loss:-1.849 || Aad_Loss:-24.381 || 耗时：33.18s
轮次:·12/·20 || c_Loss:0.329 || e_Loss:-1.828 || Aad_Loss:-22.622 || 耗时：12.53s
轮次:·13/·20 || c_Loss:0.330 || e_Loss:-1.773 || Aad_Loss:-23.776 || 耗时：12.54s
轮次:·14/·20 || c_Loss:0.345 || e_Loss:-1.924 || Aad_Loss:-20.529 || 耗时：12.56s
轮次:·15/·20 || c_Loss:0.344 || e_Loss:-1.893 || Aad_Loss:-21.225 || 耗时：12.58s
任务: (B3)N15_M07_F04→(B2)N15_M07_F10; mix批次:····0; 批次:·1410/·1880;  总正确率: 79.33%
类型1 正确率： 100.00% -> 1  100.00%, 2    0.00%, 3    0.00%
类型2 正确率：  66.00% -> 1   11.55%, 2   66.15%, 3   22.30%
类型3 正确率：  72.00% -> 1    2.40%, 2   25.75%, 3   71.85%


样本变换：reverse
样本变换：mask
样本变换：shift
样本变换：none
未过滤	未用伪标签：79.33% -> 使用伪标签：72.00%
已过滤	未用伪标签：79.82% -> 使用伪标签：72.46%
排除样本：38|6000	剩余：2546, 2320, 1096
增添样本：1680		细则：0, 680, 1000	正确率估算：100.00%
类型1 正确率： 100.00% -> 1  100.00%, 2    0.00%, 3    0.00%
类型2 正确率：  67.00% -> 1   27.83%, 2   67.28%, 3    4.89%
类型3 正确率：  50.00% -> 1    0.00%, 2   50.00%, 3   50.00%

被排除样本 正确率：2.63%
类型1 正确率：   3.00% -> 1    2.63%, 2   97.37%
类型2 没有样本或未被分类。


轮次:·16/·20 || c_Loss:0.338 || e_Loss:-1.950 || Aad_Loss:-22.577 || 耗时：33.28s
轮次:·17/·20 || c_Loss:0.335 || e_Loss:-1.925 || Aad_Loss:-23.284 || 耗时：12.57s
轮次:·18/·20 || c_Loss:0.340 || e_Loss:-1.969 || Aad_Loss:-21.922 || 耗时：12.58s
轮次:·19/·20 || c_Loss:0.334 || e_Loss:-1.871 || Aad_Loss:-23.893 || 耗时：12.58s
轮次:·20/·20 || c_Loss:0.339 || e_Loss:-1.917 || Aad_Loss:-23.345 || 耗时：12.60s
任务: (B3)N15_M07_F04→(B2)N15_M07_F10; mix批次:····0; 批次:·1880/·1880;  总正确率: 78.63%
类型1 正确率： 100.00% -> 1  100.00%, 2    0.00%, 3    0.00%
类型2 正确率：  68.00% -> 1   12.90%, 2   67.65%, 3   19.45%
类型3 正确率：  68.00% -> 1    6.65%, 2   25.10%, 3   68.25%


测试集任务: (B3)N15_M07_F04→(B2)N15_M07_F10; 总正确率 = 78.63%
类型1 正确率： 100.00% -> 1  100.00%, 2    0.00%, 3    0.00%
类型2 正确率：  68.00% -> 1   12.90%, 2   67.65%, 3   19.45%
类型3 正确率：  68.00% -> 1    6.65%, 2   25.10%, 3   68.25%


