读取源域路径：/kaggle/working/k10/S02/weight_PU_M1_final_checkpoint_FS02toS02c_gateoracle_s2024/NEW_PU/Source-源域/log&pt/(B1)N15_M01_F10
excel输出位置：/kaggle/working/k10/S02/weight_PU_M1_final_checkpoint_FS02toS02c_gateoracle_s2024/NEW_PU/Target-目标域
特征图片输出位置：/kaggle/working/k10/S02/weight_PU_M1_final_checkpoint_FS02toS02c_gateoracle_s2024/NEW_PU/Picture-特征图/2026年09月16日05时28分/(B1)N15_M01_F10
现在选取:(B1)N15_M01_F10 进行训练的源模型
现在进行：(B1)N15_M01_F10→(B2)N15_M07_F10 的迁移任务
log&pt输出位置：/kaggle/working/k10/S02/weight_PU_M1_final_checkpoint_FS02toS02c_gateoracle_s2024/NEW_PU/Target-目标域/log&pt/(B1)N15_M01_F10→(B2)N15_M07_F10
任务: (B1)N15_M01_F10→(B2)N15_M07_F10; 批次:····0/·1880;  总正确率: 42.33%
类型1 正确率：  90.00% -> 1   89.65%, 2    0.00%, 3   10.35%
类型2 正确率：  27.00% -> 1    0.00%, 2   27.40%, 3   72.60%
类型3 正确率：  10.00% -> 1    0.00%, 2   90.05%, 3    9.95%


样本变换：reverse
样本变换：mask
样本变换：shift
样本变换：none
未过滤	未用伪标签：42.33% -> 使用伪标签：49.37%
已过滤	未用伪标签：42.90% -> 使用伪标签：50.28%
排除样本：109|6000	剩余：2001, 2188, 1702
增添样本：3035		细则：0, 1390, 1645	正确率估算：71.75%
类型1 正确率： 100.00% -> 1   99.95%, 2    0.00%, 3    0.05%
类型2 正确率：  31.00% -> 1    0.10%, 2   31.10%, 3   68.79%
类型3 正确率：  18.00% -> 1    0.00%, 2   81.69%, 3   18.31%

被排除样本 正确率：11.93%
类型1 正确率：  31.00% -> 1   30.95%, 2   69.05%
类型2 正确率：   0.00% -> 1  100.00%, 2    0.00%


轮次:··1/·20 || c_Loss:0.461 || e_Loss:-1.399 || Aad_Loss:-18.316 || 耗时：33.10s
轮次:··2/·20 || c_Loss:0.409 || e_Loss:-0.843 || Aad_Loss:-29.391 || 耗时：12.37s
轮次:··3/·20 || c_Loss:0.315 || e_Loss:-1.435 || Aad_Loss:-22.179 || 耗时：12.44s
轮次:··4/·20 || c_Loss:0.321 || e_Loss:-1.497 || Aad_Loss:-24.477 || 耗时：12.43s
轮次:··5/·20 || c_Loss:0.350 || e_Loss:-1.581 || Aad_Loss:-17.524 || 耗时：12.49s
任务: (B1)N15_M01_F10→(B2)N15_M07_F10; mix批次:····0; 批次:··470/·1880;  总正确率: 75.28%
类型1 正确率： 100.00% -> 1  100.00%, 2    0.00%, 3    0.00%
类型2 正确率：  54.00% -> 1   17.85%, 2   54.45%, 3   27.70%
类型3 正确率：  71.00% -> 1    1.00%, 2   27.60%, 3   71.40%


样本变换：reverse
样本变换：mask
样本变换：shift
样本变换：none
未过滤	未用伪标签：75.28% -> 使用伪标签：64.12%
已过滤	未用伪标签：75.10% -> 使用伪标签：64.60%
排除样本：45|6000	剩余：2680, 1847, 1428
增添样本：2153		细则：0, 1153, 1000	正确率估算：99.40%
类型1 正确率： 100.00% -> 1  100.00%, 2    0.00%, 3    0.00%
类型2 正确率：  43.00% -> 1   34.78%, 2   43.32%, 3   21.89%
类型3 正确率：  50.00% -> 1    0.00%, 2   50.00%, 3   50.00%

被排除样本 正确率：100.00%
类型1 正确率： 100.00% -> 1  100.00%


轮次:··6/·20 || c_Loss:0.323 || e_Loss:-1.709 || Aad_Loss:-21.779 || 耗时：33.20s
轮次:··7/·20 || c_Loss:0.351 || e_Loss:-1.821 || Aad_Loss:-19.502 || 耗时：12.52s
轮次:··8/·20 || c_Loss:0.338 || e_Loss:-1.787 || Aad_Loss:-21.788 || 耗时：12.51s
轮次:··9/·20 || c_Loss:0.341 || e_Loss:-1.754 || Aad_Loss:-25.369 || 耗时：12.53s
轮次:·10/·20 || c_Loss:0.345 || e_Loss:-1.854 || Aad_Loss:-21.297 || 耗时：12.58s
任务: (B1)N15_M01_F10→(B2)N15_M07_F10; mix批次:····0; 批次:··940/·1880;  总正确率: 80.35%
类型1 正确率： 100.00% -> 1  100.00%, 2    0.00%, 3    0.00%
类型2 正确率：  64.00% -> 1   16.50%, 2   63.90%, 3   19.60%
类型3 正确率：  77.00% -> 1    3.90%, 2   18.95%, 3   77.15%


样本变换：reverse
样本变换：mask
样本变换：shift
样本变换：none
未过滤	未用伪标签：80.35% -> 使用伪标签：71.92%
已过滤	未用伪标签：80.46% -> 使用伪标签：72.01%
排除样本：8|6000	剩余：2666, 2313, 1013
增添样本：1685		细则：0, 686, 999	正确率估算：98.99%
类型1 正确率： 100.00% -> 1  100.00%, 2    0.00%, 3    0.00%
类型2 正确率：  66.00% -> 1   33.43%, 2   65.96%, 3    0.60%
类型3 正确率：  50.00% -> 1    0.00%, 2   49.95%, 3   50.05%

被排除样本 正确率：0.00%
类型1 正确率：   0.00% -> 1    0.00%, 2  100.00%
类型2 没有样本或未被分类。


轮次:·11/·20 || c_Loss:0.339 || e_Loss:-1.984 || Aad_Loss:-22.746 || 耗时：33.15s
轮次:·12/·20 || c_Loss:0.346 || e_Loss:-1.832 || Aad_Loss:-22.007 || 耗时：12.49s
轮次:·13/·20 || c_Loss:0.347 || e_Loss:-1.784 || Aad_Loss:-25.328 || 耗时：12.47s
轮次:·14/·20 || c_Loss:0.340 || e_Loss:-1.873 || Aad_Loss:-22.951 || 耗时：12.48s
轮次:·15/·20 || c_Loss:0.342 || e_Loss:-1.978 || Aad_Loss:-22.090 || 耗时：12.60s
任务: (B1)N15_M01_F10→(B2)N15_M07_F10; mix批次:····0; 批次:·1410/·1880;  总正确率: 80.67%
类型1 正确率： 100.00% -> 1  100.00%, 2    0.00%, 3    0.00%
类型2 正确率：  67.00% -> 1   11.95%, 2   66.80%, 3   21.25%
类型3 正确率：  75.00% -> 1    4.20%, 2   20.60%, 3   75.20%


样本变换：reverse
样本变换：mask
样本变换：shift
样本变换：none
未过滤	未用伪标签：80.67% -> 使用伪标签：72.13%
已过滤	未用伪标签：81.41% -> 使用伪标签：72.86%
排除样本：60|6000	剩余：2521, 2310, 1109
增添样本：1672		细则：0, 680, 992	正确率估算：100.00%
类型1 正确率： 100.00% -> 1  100.00%, 2    0.00%, 3    0.00%
类型2 正确率：  68.00% -> 1   26.83%, 2   67.97%, 3    5.20%
类型3 正确率：  50.00% -> 1    0.00%, 2   49.55%, 3   50.45%

被排除样本 正确率：6.67%
类型1 没有样本或未被分类。
类型2 正确率：   3.00% -> 1    1.72%, 2    3.45%, 3   94.83%
类型3 正确率： 100.00% -> 1    0.00%, 2    0.00%, 3  100.00%


轮次:·16/·20 || c_Loss:0.333 || e_Loss:-2.011 || Aad_Loss:-24.675 || 耗时：33.19s
轮次:·17/·20 || c_Loss:0.343 || e_Loss:-1.905 || Aad_Loss:-23.659 || 耗时：12.53s
轮次:·18/·20 || c_Loss:0.334 || e_Loss:-1.962 || Aad_Loss:-24.066 || 耗时：12.53s
轮次:·19/·20 || c_Loss:0.348 || e_Loss:-1.956 || Aad_Loss:-21.045 || 耗时：12.51s
轮次:·20/·20 || c_Loss:0.332 || e_Loss:-1.995 || Aad_Loss:-24.161 || 耗时：12.55s
任务: (B1)N15_M01_F10→(B2)N15_M07_F10; mix批次:····0; 批次:·1880/·1880;  总正确率: 80.58%
类型1 正确率： 100.00% -> 1  100.00%, 2    0.00%, 3    0.00%
类型2 正确率：  72.00% -> 1   10.70%, 2   71.50%, 3   17.80%
类型3 正确率：  70.00% -> 1    5.25%, 2   24.50%, 3   70.25%


测试集任务: (B1)N15_M01_F10→(B2)N15_M07_F10; 总正确率 = 80.58%
类型1 正确率： 100.00% -> 1  100.00%, 2    0.00%, 3    0.00%
类型2 正确率：  72.00% -> 1   10.70%, 2   71.50%, 3   17.80%
类型3 正确率：  70.00% -> 1    5.25%, 2   24.50%, 3   70.25%


