读取源域路径：/kaggle/working/k10/S02/weight_PU_M1_final_checkpoint_FS02toS02c_gateoracle_s2024/NEW_PU/Source-源域/log&pt/(B1)N15_M01_F10
excel输出位置：/kaggle/working/k10/S02/weight_PU_M1_final_checkpoint_FS02toS02c_gateoracle_s2024/NEW_PU/Target-目标域
特征图片输出位置：/kaggle/working/k10/S02/weight_PU_M1_final_checkpoint_FS02toS02c_gateoracle_s2024/NEW_PU/Picture-特征图/2026年09月16日05时33分/(B1)N15_M01_F10
现在选取:(B1)N15_M01_F10 进行训练的源模型
现在进行：(B1)N15_M01_F10→(B3)N15_M07_F04 的迁移任务
log&pt输出位置：/kaggle/working/k10/S02/weight_PU_M1_final_checkpoint_FS02toS02c_gateoracle_s2024/NEW_PU/Target-目标域/log&pt/(B1)N15_M01_F10→(B3)N15_M07_F04
任务: (B1)N15_M01_F10→(B3)N15_M07_F04; 批次:····0/·1880;  总正确率: 56.52%
类型1 正确率：  98.00% -> 1   98.45%, 2    0.00%, 3    1.55%
类型2 正确率：  12.00% -> 1    0.10%, 2   12.40%, 3   87.50%
类型3 正确率：  59.00% -> 1    0.00%, 2   41.30%, 3   58.70%


样本变换：reverse
样本变换：mask
样本变换：shift
样本变换：none
未过滤	未用伪标签：56.52% -> 使用伪标签：57.17%
已过滤	未用伪标签：56.78% -> 使用伪标签：57.62%
排除样本：47|6000	剩余：2002, 1435, 2516
增添样本：2570		细则：0, 1567, 1003	正确率估算：78.67%
类型1 正确率： 100.00% -> 1  100.00%, 2    0.00%, 3    0.00%
类型2 正确率：  22.00% -> 1    0.10%, 2   22.16%, 3   77.74%
类型3 正确率：  50.00% -> 1    0.00%, 2   50.13%, 3   49.87%

被排除样本 正确率：23.40%
类型1 正确率：  24.00% -> 1   23.91%, 2   76.09%
类型2 正确率：   0.00% -> 1  100.00%, 2    0.00%


轮次:··1/·20 || c_Loss:0.450 || e_Loss:-1.340 || Aad_Loss:-20.001 || 耗时：32.94s
轮次:··2/·20 || c_Loss:0.335 || e_Loss:-1.370 || Aad_Loss:-20.370 || 耗时：12.52s
轮次:··3/·20 || c_Loss:0.324 || e_Loss:-1.462 || Aad_Loss:-21.038 || 耗时：12.50s
轮次:··4/·20 || c_Loss:0.338 || e_Loss:-1.527 || Aad_Loss:-21.844 || 耗时：12.48s
轮次:··5/·20 || c_Loss:0.349 || e_Loss:-1.528 || Aad_Loss:-27.348 || 耗时：12.47s
任务: (B1)N15_M01_F10→(B3)N15_M07_F04; mix批次:····0; 批次:··470/·1880;  总正确率: 62.73%
类型1 正确率： 100.00% -> 1  100.00%, 2    0.00%, 3    0.00%
类型2 正确率：  37.00% -> 1   12.20%, 2   37.00%, 3   50.80%
类型3 正确率：  51.00% -> 1    0.05%, 2   48.75%, 3   51.20%


样本变换：reverse
样本变换：mask
样本变换：shift
样本变换：none
未过滤	未用伪标签：62.73% -> 使用伪标签：60.12%
已过滤	未用伪标签：63.01% -> 使用伪标签：60.62%
排除样本：50|6000	剩余：2562, 1607, 1781
增添样本：2393		细则：0, 1393, 1000	正确率估算：95.64%
类型1 正确率： 100.00% -> 1  100.00%, 2    0.00%, 3    0.00%
类型2 正确率：  31.00% -> 1   28.82%, 2   31.13%, 3   40.05%
类型3 正确率：  50.00% -> 1    0.00%, 2   50.00%, 3   50.00%

被排除样本 正确率：30.00%
类型1 正确率：  30.00% -> 1   30.00%, 2   70.00%
类型2 没有样本或未被分类。


轮次:··6/·20 || c_Loss:0.342 || e_Loss:-1.581 || Aad_Loss:-27.447 || 耗时：33.10s
轮次:··7/·20 || c_Loss:0.381 || e_Loss:-1.627 || Aad_Loss:-20.182 || 耗时：12.52s
轮次:··8/·20 || c_Loss:0.334 || e_Loss:-1.668 || Aad_Loss:-22.799 || 耗时：12.54s
轮次:··9/·20 || c_Loss:0.367 || e_Loss:-1.423 || Aad_Loss:-23.911 || 耗时：12.55s
轮次:·10/·20 || c_Loss:0.348 || e_Loss:-1.671 || Aad_Loss:-22.442 || 耗时：12.59s
任务: (B1)N15_M01_F10→(B3)N15_M07_F04; mix批次:····0; 批次:··940/·1880;  总正确率: 69.82%
类型1 正确率： 100.00% -> 1  100.00%, 2    0.00%, 3    0.00%
类型2 正确率：  50.00% -> 1   14.20%, 2   49.65%, 3   36.15%
类型3 正确率：  60.00% -> 1    0.25%, 2   39.95%, 3   59.80%


样本变换：reverse
样本变换：mask
样本变换：shift
样本变换：none
未过滤	未用伪标签：69.82% -> 使用伪标签：61.18%
已过滤	未用伪标签：69.98% -> 使用伪标签：61.74%
排除样本：54|6000	剩余：2597, 1669, 1680
增添样本：2329		细则：0, 1330, 999	正确率估算：99.88%
类型1 正确率： 100.00% -> 1  100.00%, 2    0.00%, 3    0.00%
类型2 正确率：  34.00% -> 1   30.68%, 2   34.43%, 3   34.89%
类型3 正确率：  50.00% -> 1    0.00%, 2   49.95%, 3   50.05%

被排除样本 正确率：51.85%
类型1 正确率：  52.00% -> 1   51.85%, 2   48.15%
类型2 没有样本或未被分类。


轮次:·11/·20 || c_Loss:0.375 || e_Loss:-1.680 || Aad_Loss:-16.623 || 耗时：33.18s
轮次:·12/·20 || c_Loss:0.332 || e_Loss:-1.685 || Aad_Loss:-23.889 || 耗时：12.55s
轮次:·13/·20 || c_Loss:0.344 || e_Loss:-1.775 || Aad_Loss:-20.682 || 耗时：12.54s
轮次:·14/·20 || c_Loss:0.351 || e_Loss:-1.682 || Aad_Loss:-18.663 || 耗时：12.56s
轮次:·15/·20 || c_Loss:0.346 || e_Loss:-1.786 || Aad_Loss:-20.359 || 耗时：12.56s
任务: (B1)N15_M01_F10→(B3)N15_M07_F04; mix批次:····0; 批次:·1410/·1880;  总正确率: 74.92%
类型1 正确率： 100.00% -> 1  100.00%, 2    0.00%, 3    0.00%
类型2 正确率：  60.00% -> 1   16.50%, 2   60.10%, 3   23.40%
类型3 正确率：  65.00% -> 1    0.25%, 2   35.10%, 3   64.65%


样本变换：reverse
样本变换：mask
样本变换：shift
样本变换：none
未过滤	未用伪标签：74.92% -> 使用伪标签：66.78%
已过滤	未用伪标签：75.21% -> 使用伪标签：67.72%
排除样本：83|6000	剩余：2549, 2004, 1364
增添样本：1993		细则：0, 994, 999	正确率估算：99.80%
类型1 正确率： 100.00% -> 1  100.00%, 2    0.00%, 3    0.00%
类型2 正确率：  52.00% -> 1   28.62%, 2   52.45%, 3   18.93%
类型3 正确率：  50.00% -> 1    0.00%, 2   49.92%, 3   50.08%

被排除样本 正确率：54.22%
类型1 没有样本或未被分类。
类型2 正确率：  54.00% -> 1    2.44%, 2   53.66%, 3   43.90%
类型3 正确率： 100.00% -> 1    0.00%, 2    0.00%, 3  100.00%


轮次:·16/·20 || c_Loss:0.336 || e_Loss:-1.675 || Aad_Loss:-24.671 || 耗时：33.33s
轮次:·17/·20 || c_Loss:0.346 || e_Loss:-1.730 || Aad_Loss:-21.033 || 耗时：12.54s
轮次:·18/·20 || c_Loss:0.360 || e_Loss:-1.657 || Aad_Loss:-25.314 || 耗时：12.56s
轮次:·19/·20 || c_Loss:0.343 || e_Loss:-1.853 || Aad_Loss:-21.565 || 耗时：12.58s
轮次:·20/·20 || c_Loss:0.344 || e_Loss:-1.789 || Aad_Loss:-22.548 || 耗时：12.59s
任务: (B1)N15_M01_F10→(B3)N15_M07_F04; mix批次:····0; 批次:·1880/·1880;  总正确率: 77.95%
类型1 正确率： 100.00% -> 1  100.00%, 2    0.00%, 3    0.00%
类型2 正确率：  65.00% -> 1   16.60%, 2   65.45%, 3   17.95%
类型3 正确率：  68.00% -> 1    0.00%, 2   31.60%, 3   68.40%


测试集任务: (B1)N15_M01_F10→(B3)N15_M07_F04; 总正确率 = 77.95%
类型1 正确率： 100.00% -> 1  100.00%, 2    0.00%, 3    0.00%
类型2 正确率：  65.00% -> 1   16.60%, 2   65.45%, 3   17.95%
类型3 正确率：  68.00% -> 1    0.00%, 2   31.60%, 3   68.40%


