读取源域路径：/kaggle/working/k10/S07/weight_PU_M1_final_checkpoint_FS07toS07c_gateoracle_s2024/NEW_PU/Source-源域/log&pt/(B3)N15_M07_F04
excel输出位置：/kaggle/working/k10/S07/weight_PU_M1_final_checkpoint_FS07toS07c_gateoracle_s2024/NEW_PU/Target-目标域
特征图片输出位置：/kaggle/working/k10/S07/weight_PU_M1_final_checkpoint_FS07toS07c_gateoracle_s2024/NEW_PU/Picture-特征图/2026年09月19日08时18分/(B3)N15_M07_F04
现在选取:(B3)N15_M07_F04 进行训练的源模型
现在进行：(B3)N15_M07_F04→(B2)N15_M07_F10 的迁移任务
log&pt输出位置：/kaggle/working/k10/S07/weight_PU_M1_final_checkpoint_FS07toS07c_gateoracle_s2024/NEW_PU/Target-目标域/log&pt/(B3)N15_M07_F04→(B2)N15_M07_F10
任务: (B3)N15_M07_F04→(B2)N15_M07_F10; 批次:····0/·1880;  总正确率: 51.70%
类型1 正确率：  80.00% -> 1   79.65%, 2    1.10%, 3   19.25%
类型2 正确率：  75.00% -> 1    0.00%, 2   75.20%, 3   24.80%
类型3 正确率：   0.00% -> 1    0.00%, 2   99.75%, 3    0.25%


样本变换：reverse
样本变换：mask
样本变换：shift
样本变换：none
未过滤	未用伪标签：51.70% -> 使用伪标签：53.08%
已过滤	未用伪标签：51.89% -> 使用伪标签：54.33%
排除样本：138|6000	剩余：1550, 3633, 679
增添样本：85		细则：85, 0	正确率估算：97.65%
类型1 正确率：  80.00% -> 1   80.31%, 2    0.00%, 3   19.69%
类型2 正确率：  85.00% -> 1    0.00%, 2   84.54%, 3   15.46%
类型3 正确率：   0.00% -> 1    0.00%, 2  100.00%, 3    0.00%

被排除样本 正确率：43.48%
类型1 正确率：  73.00% -> 1   72.86%, 2    0.00%, 3   27.14%
类型2 正确率：  11.00% -> 1    0.00%, 2   10.61%, 3   89.39%
类型3 正确率： 100.00% -> 1    0.00%, 2    0.00%, 3  100.00%


轮次:··1/·20 || c_Loss:0.406 || e_Loss:-1.286 || Aad_Loss:-22.682 || 耗时：36.50s
轮次:··2/·20 || c_Loss:0.358 || e_Loss:-1.316 || Aad_Loss:-22.903 || 耗时：13.97s
轮次:··3/·20 || c_Loss:0.395 || e_Loss:-1.352 || Aad_Loss:-28.295 || 耗时：13.81s
轮次:··4/·20 || c_Loss:0.360 || e_Loss:-1.367 || Aad_Loss:-23.803 || 耗时：13.69s
轮次:··5/·20 || c_Loss:0.379 || e_Loss:-1.385 || Aad_Loss:-26.187 || 耗时：13.70s
任务: (B3)N15_M07_F04→(B2)N15_M07_F10; mix批次:····0; 批次:··470/·1880;  总正确率: 70.57%
类型1 正确率： 100.00% -> 1  100.00%, 2    0.00%, 3    0.00%
类型2 正确率： 100.00% -> 1    0.00%, 2  100.00%, 3    0.00%
类型3 正确率：  12.00% -> 1    3.65%, 2   84.65%, 3   11.70%


样本变换：reverse
样本变换：mask
样本变换：shift
样本变换：none
未过滤	未用伪标签：70.57% -> 使用伪标签：72.73%
已过滤	未用伪标签：71.45% -> 使用伪标签：73.73%
排除样本：81|6000	剩余：2018, 3537, 364
增添样本：1636		细则：0, 0, 1636	正确率估算：25.00%
类型1 正确率： 100.00% -> 1  100.00%, 2    0.00%, 3    0.00%
类型2 正确率： 100.00% -> 1    0.00%, 2  100.00%, 3    0.00%
类型3 正确率：  19.00% -> 1    0.94%, 2   80.09%, 3   18.97%

被排除样本 正确率：6.17%
类型1 没有样本或未被分类。
类型2 没有样本或未被分类。
类型3 正确率：   6.00% -> 1   12.35%, 2   81.48%, 3    6.17%


轮次:··6/·20 || c_Loss:0.438 || e_Loss:-1.446 || Aad_Loss:-29.449 || 耗时：36.68s
轮次:··7/·20 || c_Loss:0.411 || e_Loss:-1.479 || Aad_Loss:-26.763 || 耗时：13.91s
轮次:··8/·20 || c_Loss:0.368 || e_Loss:-1.492 || Aad_Loss:-28.369 || 耗时：13.92s
轮次:··9/·20 || c_Loss:0.374 || e_Loss:-1.572 || Aad_Loss:-23.391 || 耗时：13.87s
轮次:·10/·20 || c_Loss:0.380 || e_Loss:-1.466 || Aad_Loss:-29.797 || 耗时：13.85s
任务: (B3)N15_M07_F04→(B2)N15_M07_F10; mix批次:····0; 批次:··940/·1880;  总正确率: 84.92%
类型1 正确率： 100.00% -> 1  100.00%, 2    0.00%, 3    0.00%
类型2 正确率： 100.00% -> 1    0.00%, 2  100.00%, 3    0.00%
类型3 正确率：  55.00% -> 1    0.00%, 2   45.25%, 3   54.75%


样本变换：reverse
样本变换：mask
样本变换：shift
样本变换：none
未过滤	未用伪标签：84.92% -> 使用伪标签：82.90%
已过滤	未用伪标签：84.88% -> 使用伪标签：83.08%
排除样本：13|6000	剩余：2013, 3000, 974
增添样本：1026		细则：0, 0, 1026	正确率估算：100.00%
类型1 正确率： 100.00% -> 1  100.00%, 2    0.00%, 3    0.00%
类型2 正确率： 100.00% -> 1    0.00%, 2  100.00%, 3    0.00%
类型3 正确率：  49.00% -> 1    0.65%, 2   50.33%, 3   49.02%

被排除样本 正确率：100.00%
类型1 正确率： 100.00% -> 1  100.00%


轮次:·11/·20 || c_Loss:0.421 || e_Loss:-1.604 || Aad_Loss:-25.788 || 耗时：36.84s
轮次:·12/·20 || c_Loss:0.320 || e_Loss:-1.758 || Aad_Loss:-24.944 || 耗时：13.88s
轮次:·13/·20 || c_Loss:0.327 || e_Loss:-1.796 || Aad_Loss:-26.111 || 耗时：13.94s
轮次:·14/·20 || c_Loss:0.342 || e_Loss:-1.681 || Aad_Loss:-27.469 || 耗时：14.00s
轮次:·15/·20 || c_Loss:0.368 || e_Loss:-1.760 || Aad_Loss:-28.906 || 耗时：13.99s
任务: (B3)N15_M07_F04→(B2)N15_M07_F10; mix批次:····0; 批次:·1410/·1880;  总正确率: 88.62%
类型1 正确率： 100.00% -> 1  100.00%, 2    0.00%, 3    0.00%
类型2 正确率： 100.00% -> 1    0.00%, 2  100.00%, 3    0.00%
类型3 正确率：  66.00% -> 1    0.35%, 2   33.80%, 3   65.85%


样本变换：reverse
样本变换：mask
样本变换：shift
样本变换：none
未过滤	未用伪标签：88.62% -> 使用伪标签：83.32%
已过滤	未用伪标签：88.62% -> 使用伪标签：83.32%
排除样本：2001|6000	剩余：3000, 999
增添样本：1001		细则：0, 0, 1001	正确率估算：100.00%
类型1 正确率： 100.00% -> 1  100.00%, 2    0.00%, 3    0.00%
类型2 正确率： 100.00% -> 1    0.00%, 2  100.00%, 3    0.00%
类型3 正确率：  50.00% -> 1    0.05%, 2   50.00%, 3   49.95%

被排除样本 正确率：nan%


轮次:·16/·20 || c_Loss:0.351 || e_Loss:-1.907 || Aad_Loss:-27.602 || 耗时：36.83s
轮次:·17/·20 || c_Loss:0.349 || e_Loss:-2.032 || Aad_Loss:-24.778 || 耗时：13.76s
轮次:·18/·20 || c_Loss:0.358 || e_Loss:-1.944 || Aad_Loss:-24.978 || 耗时：13.78s
轮次:·19/·20 || c_Loss:0.360 || e_Loss:-1.919 || Aad_Loss:-26.744 || 耗时：13.78s
轮次:·20/·20 || c_Loss:0.362 || e_Loss:-1.996 || Aad_Loss:-24.750 || 耗时：13.78s
任务: (B3)N15_M07_F04→(B2)N15_M07_F10; mix批次:····0; 批次:·1880/·1880;  总正确率: 89.03%
类型1 正确率： 100.00% -> 1  100.00%, 2    0.00%, 3    0.00%
类型2 正确率： 100.00% -> 1    0.00%, 2  100.00%, 3    0.00%
类型3 正确率：  67.00% -> 1    3.25%, 2   29.65%, 3   67.10%


测试集任务: (B3)N15_M07_F04→(B2)N15_M07_F10; 总正确率 = 89.03%
类型1 正确率： 100.00% -> 1  100.00%, 2    0.00%, 3    0.00%
类型2 正确率： 100.00% -> 1    0.00%, 2  100.00%, 3    0.00%
类型3 正确率：  67.00% -> 1    3.25%, 2   29.65%, 3   67.10%


