读取源域路径：/kaggle/working/k10/S07/weight_PU_M1_final_checkpoint_FS07toS07c_gateoracle_s2024/NEW_PU/Source-源域/log&pt/(B2)N15_M07_F10
excel输出位置：/kaggle/working/k10/S07/weight_PU_M1_final_checkpoint_FS07toS07c_gateoracle_s2024/NEW_PU/Target-目标域
特征图片输出位置：/kaggle/working/k10/S07/weight_PU_M1_final_checkpoint_FS07toS07c_gateoracle_s2024/NEW_PU/Picture-特征图/2026年09月19日07时58分/(B2)N15_M07_F10
现在选取:(B2)N15_M07_F10 进行训练的源模型
现在进行：(B2)N15_M07_F10→(B1)N15_M01_F10 的迁移任务
log&pt输出位置：/kaggle/working/k10/S07/weight_PU_M1_final_checkpoint_FS07toS07c_gateoracle_s2024/NEW_PU/Target-目标域/log&pt/(B2)N15_M07_F10→(B1)N15_M01_F10
任务: (B2)N15_M07_F10→(B1)N15_M01_F10; 批次:····0/·1880;  总正确率: 46.00%
类型1 正确率：  92.00% -> 1   92.30%, 2    7.25%, 3    0.45%
类型2 正确率：  46.00% -> 1    0.00%, 2   45.70%, 3   54.30%
类型3 正确率：   0.00% -> 1    0.00%, 2  100.00%, 3    0.00%


样本变换：reverse
样本变换：mask
样本变换：shift
样本变换：none
未过滤	未用伪标签：46.00% -> 使用伪标签：40.60%
已过滤	未用伪标签：45.36% -> 使用伪标签：41.39%
排除样本：114|6000	剩余：1920, 2566, 1400
增添样本：1404		细则：0, 1404	正确率估算：100.00%
类型1 正确率：  97.00% -> 1   97.46%, 2    2.54%, 3    0.00%
类型2 正确率：  27.00% -> 1    0.00%, 2   26.93%, 3   73.07%
类型3 正确率：   0.00% -> 1    0.00%, 2  100.00%, 3    0.00%

被排除样本 正确率：78.95%
类型1 正确率：  20.00% -> 1   20.00%, 2   76.67%, 3    3.33%
类型2 正确率： 100.00% -> 1    0.00%, 2  100.00%, 3    0.00%
类型3 没有样本或未被分类。


轮次:··1/·20 || c_Loss:0.392 || e_Loss:-0.838 || Aad_Loss:-24.335 || 耗时：36.77s
轮次:··2/·20 || c_Loss:0.396 || e_Loss:-1.101 || Aad_Loss:-22.607 || 耗时：14.04s
轮次:··3/·20 || c_Loss:0.380 || e_Loss:-1.138 || Aad_Loss:-23.287 || 耗时：13.87s
轮次:··4/·20 || c_Loss:0.357 || e_Loss:-1.045 || Aad_Loss:-27.121 || 耗时：13.81s
轮次:··5/·20 || c_Loss:0.433 || e_Loss:-1.369 || Aad_Loss:-17.293 || 耗时：13.86s
任务: (B2)N15_M07_F10→(B1)N15_M01_F10; mix批次:····0; 批次:··470/·1880;  总正确率: 60.95%
类型1 正确率： 100.00% -> 1  100.00%, 2    0.00%, 3    0.00%
类型2 正确率：  82.00% -> 1    0.00%, 2   82.35%, 3   17.65%
类型3 正确率：   0.00% -> 1   27.90%, 2   71.60%, 3    0.50%


样本变换：reverse
样本变换：mask
样本变换：shift
样本变换：none
未过滤	未用伪标签：60.95% -> 使用伪标签：51.53%
已过滤	未用伪标签：61.25% -> 使用伪标签：52.76%
排除样本：140|6000	剩余：2280, 2740, 840
增添样本：908		细则：0, 908	正确率估算：100.00%
类型1 正确率： 100.00% -> 1  100.00%, 2    0.00%, 3    0.00%
类型2 正确率：  57.00% -> 1    0.00%, 2   56.52%, 3   43.48%
类型3 正确率：   0.00% -> 1   14.52%, 2   85.48%, 3    0.00%

被排除样本 正确率：48.57%
类型1 没有样本或未被分类。
类型2 正确率： 100.00% -> 1    0.00%, 2  100.00%, 3    0.00%
类型3 正确率：   0.00% -> 1   98.61%, 2    1.39%, 3    0.00%


轮次:··6/·20 || c_Loss:0.411 || e_Loss:-1.456 || Aad_Loss:-22.379 || 耗时：37.02s
轮次:··7/·20 || c_Loss:0.379 || e_Loss:-1.413 || Aad_Loss:-26.524 || 耗时：14.04s
轮次:··8/·20 || c_Loss:0.458 || e_Loss:-1.477 || Aad_Loss:-24.683 || 耗时：14.01s
轮次:··9/·20 || c_Loss:0.374 || e_Loss:-1.383 || Aad_Loss:-26.603 || 耗时：14.00s
轮次:·10/·20 || c_Loss:0.498 || e_Loss:-1.399 || Aad_Loss:-23.338 || 耗时：13.98s
任务: (B2)N15_M07_F10→(B1)N15_M01_F10; mix批次:····0; 批次:··940/·1880;  总正确率: 64.43%
类型1 正确率： 100.00% -> 1  100.00%, 2    0.00%, 3    0.00%
类型2 正确率：  93.00% -> 1    0.00%, 2   92.60%, 3    7.40%
类型3 正确率：   1.00% -> 1   22.35%, 2   76.95%, 3    0.70%


样本变换：reverse
样本变换：mask
样本变换：shift
样本变换：none
未过滤	未用伪标签：64.43% -> 使用伪标签：79.83%
已过滤	未用伪标签：65.08% -> 使用伪标签：80.64%
排除样本：60|6000	剩余：2156, 2994, 790
增添样本：1210		细则：0, 0, 1210	正确率估算：1.90%
类型1 正确率： 100.00% -> 1  100.00%, 2    0.00%, 3    0.00%
类型2 正确率： 100.00% -> 1    0.00%, 2  100.00%, 3    0.00%
类型3 正确率：  41.00% -> 1    8.04%, 2   51.24%, 3   40.72%

被排除样本 正确率：0.00%
类型1 没有样本或未被分类。
类型2 没有样本或未被分类。
类型3 正确率：   0.00% -> 1   80.00%, 2   20.00%, 3    0.00%


轮次:·11/·20 || c_Loss:0.603 || e_Loss:-1.554 || Aad_Loss:-20.130 || 耗时：37.01s
轮次:·12/·20 || c_Loss:0.586 || e_Loss:-1.539 || Aad_Loss:-22.627 || 耗时：13.75s
轮次:·13/·20 || c_Loss:0.472 || e_Loss:-1.534 || Aad_Loss:-27.517 || 耗时：13.75s
轮次:·14/·20 || c_Loss:0.441 || e_Loss:-1.463 || Aad_Loss:-25.793 || 耗时：13.73s
轮次:·15/·20 || c_Loss:0.404 || e_Loss:-1.563 || Aad_Loss:-24.081 || 耗时：13.75s
任务: (B2)N15_M07_F10→(B1)N15_M01_F10; mix批次:····0; 批次:·1410/·1880;  总正确率: 89.13%
类型1 正确率： 100.00% -> 1  100.00%, 2    0.00%, 3    0.00%
类型2 正确率： 100.00% -> 1    0.00%, 2  100.00%, 3    0.00%
类型3 正确率：  67.00% -> 1    0.95%, 2   31.65%, 3   67.40%


样本变换：reverse
样本变换：mask
样本变换：shift
样本变换：none
未过滤	未用伪标签：89.13% -> 使用伪标签：83.13%
已过滤	未用伪标签：89.18% -> 使用伪标签：83.19%
排除样本：4|6000	剩余：2010, 2998, 988
增添样本：1012		细则：0, 0, 1012	正确率估算：99.19%
类型1 正确率： 100.00% -> 1  100.00%, 2    0.00%, 3    0.00%
类型2 正确率： 100.00% -> 1    0.00%, 2  100.00%, 3    0.00%
类型3 正确率：  49.00% -> 1    0.50%, 2   50.00%, 3   49.50%

被排除样本 正确率：25.00%
类型1 没有样本或未被分类。
类型2 正确率：  25.00% -> 1   75.00%, 2   25.00%


轮次:·16/·20 || c_Loss:0.353 || e_Loss:-1.562 || Aad_Loss:-28.105 || 耗时：37.18s
轮次:·17/·20 || c_Loss:0.329 || e_Loss:-1.529 || Aad_Loss:-26.556 || 耗时：13.82s
轮次:·18/·20 || c_Loss:0.322 || e_Loss:-1.738 || Aad_Loss:-25.560 || 耗时：13.88s
轮次:·19/·20 || c_Loss:0.325 || e_Loss:-1.662 || Aad_Loss:-28.414 || 耗时：13.92s
轮次:·20/·20 || c_Loss:0.328 || e_Loss:-1.671 || Aad_Loss:-26.853 || 耗时：13.91s
任务: (B2)N15_M07_F10→(B1)N15_M01_F10; mix批次:····0; 批次:·1880/·1880;  总正确率: 91.37%
类型1 正确率： 100.00% -> 1   99.95%, 2    0.00%, 3    0.05%
类型2 正确率： 100.00% -> 1    0.00%, 2  100.00%, 3    0.00%
类型3 正确率：  74.00% -> 1    0.00%, 2   25.85%, 3   74.15%


测试集任务: (B2)N15_M07_F10→(B1)N15_M01_F10; 总正确率 = 91.37%
类型1 正确率： 100.00% -> 1   99.95%, 2    0.00%, 3    0.05%
类型2 正确率： 100.00% -> 1    0.00%, 2  100.00%, 3    0.00%
类型3 正确率：  74.00% -> 1    0.00%, 2   25.85%, 3   74.15%


