读取源域路径：/kaggle/working/k10/S07/weight_PU_M1_final_checkpoint_FS07toS07c_gateoracle_s2024/NEW_PU/Source-源域/log&pt/(B3)N15_M07_F04
excel输出位置：/kaggle/working/k10/S07/weight_PU_M1_final_checkpoint_FS07toS07c_gateoracle_s2024/NEW_PU/Target-目标域
特征图片输出位置：/kaggle/working/k10/S07/weight_PU_M1_final_checkpoint_FS07toS07c_gateoracle_s2024/NEW_PU/Picture-特征图/2026年09月19日08时11分/(B3)N15_M07_F04
现在选取:(B3)N15_M07_F04 进行训练的源模型
现在进行：(B3)N15_M07_F04→(B1)N15_M01_F10 的迁移任务
log&pt输出位置：/kaggle/working/k10/S07/weight_PU_M1_final_checkpoint_FS07toS07c_gateoracle_s2024/NEW_PU/Target-目标域/log&pt/(B3)N15_M07_F04→(B1)N15_M01_F10
任务: (B3)N15_M07_F04→(B1)N15_M01_F10; 批次:····0/·1880;  总正确率: 50.15%
类型1 正确率：  80.00% -> 1   79.90%, 2    1.35%, 3   18.75%
类型2 正确率：  71.00% -> 1    0.05%, 2   70.55%, 3   29.40%
类型3 正确率：   0.00% -> 1    0.00%, 2  100.00%, 3    0.00%


样本变换：reverse
样本变换：mask
样本变换：shift
样本变换：none
未过滤	未用伪标签：50.15% -> 使用伪标签：51.60%
已过滤	未用伪标签：50.64% -> 使用伪标签：52.55%
排除样本：109|6000	剩余：1739, 3361, 791
增添样本：382		细则：0, 382	正确率估算：95.81%
类型1 正确率：  90.00% -> 1   89.92%, 2    0.21%, 3    9.88%
类型2 正确率：  69.00% -> 1    0.00%, 2   69.34%, 3   30.66%
类型3 正确率：   0.00% -> 1    0.00%, 2  100.00%, 3    0.00%

被排除样本 正确率：23.85%
类型1 正确率：   6.00% -> 1    6.06%, 2    4.55%, 3   89.39%
类型2 正确率：  51.00% -> 1    0.00%, 2   51.16%, 3   48.84%
类型3 没有样本或未被分类。


轮次:··1/·20 || c_Loss:0.367 || e_Loss:-1.165 || Aad_Loss:-22.133 || 耗时：36.64s
轮次:··2/·20 || c_Loss:0.428 || e_Loss:-1.315 || Aad_Loss:-19.775 || 耗时：14.02s
轮次:··3/·20 || c_Loss:0.395 || e_Loss:-1.407 || Aad_Loss:-19.288 || 耗时：13.89s
轮次:··4/·20 || c_Loss:0.394 || e_Loss:-1.433 || Aad_Loss:-24.389 || 耗时：13.81s
轮次:··5/·20 || c_Loss:0.351 || e_Loss:-1.262 || Aad_Loss:-25.679 || 耗时：13.86s
任务: (B3)N15_M07_F04→(B1)N15_M01_F10; mix批次:····0; 批次:··470/·1880;  总正确率: 66.78%
类型1 正确率： 100.00% -> 1  100.00%, 2    0.00%, 3    0.00%
类型2 正确率：  95.00% -> 1    0.00%, 2   94.55%, 3    5.45%
类型3 正确率：   6.00% -> 1    3.35%, 2   90.85%, 3    5.80%


样本变换：reverse
样本变换：mask
样本变换：shift
样本变换：none
未过滤	未用伪标签：66.78% -> 使用伪标签：59.75%
已过滤	未用伪标签：67.12% -> 使用伪标签：60.58%
排除样本：82|6000	剩余：2004, 3395, 519
增添样本：2415		细则：0, 477, 1938	正确率估算：92.95%
类型1 正确率： 100.00% -> 1  100.00%, 2    0.00%, 3    0.00%
类型2 正确率：  77.00% -> 1    0.00%, 2   76.92%, 3   23.08%
类型3 正确率：   3.00% -> 1    0.21%, 2   96.59%, 3    3.20%

被排除样本 正确率：42.68%
类型1 没有样本或未被分类。
类型2 正确率： 100.00% -> 1    0.00%, 2  100.00%, 3    0.00%
类型3 正确率：  24.00% -> 1   40.32%, 2   35.48%, 3   24.19%


轮次:··6/·20 || c_Loss:0.367 || e_Loss:-1.449 || Aad_Loss:-28.411 || 耗时：36.61s
轮次:··7/·20 || c_Loss:0.445 || e_Loss:-1.488 || Aad_Loss:-22.784 || 耗时：13.84s
轮次:··8/·20 || c_Loss:0.450 || e_Loss:-1.535 || Aad_Loss:-34.003 || 耗时：13.85s
轮次:··9/·20 || c_Loss:0.387 || e_Loss:-1.497 || Aad_Loss:-25.745 || 耗时：13.90s
轮次:·10/·20 || c_Loss:0.359 || e_Loss:-1.453 || Aad_Loss:-30.311 || 耗时：13.90s
任务: (B3)N15_M07_F04→(B1)N15_M01_F10; mix批次:····0; 批次:··940/·1880;  总正确率: 71.88%
类型1 正确率： 100.00% -> 1  100.00%, 2    0.00%, 3    0.00%
类型2 正确率：  97.00% -> 1    0.00%, 2   97.10%, 3    2.90%
类型3 正确率：  19.00% -> 1    5.00%, 2   76.45%, 3   18.55%


样本变换：reverse
样本变换：mask
样本变换：shift
样本变换：none
未过滤	未用伪标签：71.88% -> 使用伪标签：82.62%
已过滤	未用伪标签：72.41% -> 使用伪标签：83.59%
排除样本：70|6000	剩余：2016, 2957, 957
增添样本：1043		细则：0, 0, 1043	正确率估算：34.80%
类型1 正确率： 100.00% -> 1  100.00%, 2    0.00%, 3    0.00%
类型2 正确率： 100.00% -> 1    0.00%, 2  100.00%, 3    0.00%
类型3 正确率：  50.00% -> 1    0.83%, 2   49.59%, 3   49.59%

被排除样本 正确率：27.14%
类型1 没有样本或未被分类。
类型2 没有样本或未被分类。
类型3 正确率：  27.00% -> 1   15.71%, 2   57.14%, 3   27.14%


轮次:·11/·20 || c_Loss:0.590 || e_Loss:-1.477 || Aad_Loss:-20.045 || 耗时：37.00s
轮次:·12/·20 || c_Loss:0.571 || e_Loss:-1.447 || Aad_Loss:-20.406 || 耗时：13.91s
轮次:·13/·20 || c_Loss:0.599 || e_Loss:-1.429 || Aad_Loss:-19.442 || 耗时：13.89s
轮次:·14/·20 || c_Loss:0.542 || e_Loss:-1.485 || Aad_Loss:-20.370 || 耗时：13.90s
轮次:·15/·20 || c_Loss:0.453 || e_Loss:-1.518 || Aad_Loss:-25.408 || 耗时：13.91s
任务: (B3)N15_M07_F04→(B1)N15_M01_F10; mix批次:····0; 批次:·1410/·1880;  总正确率: 93.55%
类型1 正确率： 100.00% -> 1  100.00%, 2    0.00%, 3    0.00%
类型2 正确率： 100.00% -> 1    0.00%, 2   99.95%, 3    0.05%
类型3 正确率：  81.00% -> 1    0.00%, 2   19.30%, 3   80.70%


样本变换：reverse
样本变换：mask
样本变换：shift
样本变换：none
未过滤	未用伪标签：93.55% -> 使用伪标签：99.25%
已过滤	未用伪标签：93.62% -> 使用伪标签：99.45%
排除样本：12|6000	剩余：2000, 1984, 2004
增添样本：45		细则：0, 28, 17	正确率估算：95.56%
类型1 正确率： 100.00% -> 1  100.00%, 2    0.00%, 3    0.00%
类型2 正确率：  99.00% -> 1    0.00%, 2   98.95%, 3    1.05%
类型3 正确率：  99.00% -> 1    0.00%, 2    0.60%, 3   99.40%

被排除样本 正确率：58.33%
类型1 正确率： 100.00% -> 1  100.00%, 2    0.00%
类型2 正确率：   0.00% -> 1  100.00%, 2    0.00%


轮次:·16/·20 || c_Loss:0.451 || e_Loss:-1.448 || Aad_Loss:-28.117 || 耗时：36.46s
轮次:·17/·20 || c_Loss:0.454 || e_Loss:-1.450 || Aad_Loss:-28.274 || 耗时：13.87s
轮次:·18/·20 || c_Loss:0.391 || e_Loss:-0.744 || Aad_Loss:-29.704 || 耗时：13.83s
轮次:·19/·20 || c_Loss:0.386 || e_Loss:-0.781 || Aad_Loss:-32.143 || 耗时：13.85s
轮次:·20/·20 || c_Loss:0.419 || e_Loss:-0.740 || Aad_Loss:-27.721 || 耗时：13.89s
任务: (B3)N15_M07_F04→(B1)N15_M01_F10; mix批次:····0; 批次:·1880/·1880;  总正确率: 99.37%
类型1 正确率： 100.00% -> 1  100.00%, 2    0.00%, 3    0.00%
类型2 正确率：  98.00% -> 1    0.00%, 2   98.10%, 3    1.90%
类型3 正确率： 100.00% -> 1    0.00%, 2    0.00%, 3  100.00%


测试集任务: (B3)N15_M07_F04→(B1)N15_M01_F10; 总正确率 = 99.37%
类型1 正确率： 100.00% -> 1  100.00%, 2    0.00%, 3    0.00%
类型2 正确率：  98.00% -> 1    0.00%, 2   98.10%, 3    1.90%
类型3 正确率： 100.00% -> 1    0.00%, 2    0.00%, 3  100.00%


