读取源域路径：/kaggle/working/k10/S07/weight_PU_M1_final_checkpoint_FS07toS07c_gateoracle_s2024/NEW_PU/Source-源域/log&pt/(B2)N15_M07_F10
excel输出位置：/kaggle/working/k10/S07/weight_PU_M1_final_checkpoint_FS07toS07c_gateoracle_s2024/NEW_PU/Target-目标域
特征图片输出位置：/kaggle/working/k10/S07/weight_PU_M1_final_checkpoint_FS07toS07c_gateoracle_s2024/NEW_PU/Picture-特征图/2026年09月19日08时05分/(B2)N15_M07_F10
现在选取:(B2)N15_M07_F10 进行训练的源模型
现在进行：(B2)N15_M07_F10→(B3)N15_M07_F04 的迁移任务
log&pt输出位置：/kaggle/working/k10/S07/weight_PU_M1_final_checkpoint_FS07toS07c_gateoracle_s2024/NEW_PU/Target-目标域/log&pt/(B2)N15_M07_F10→(B3)N15_M07_F04
任务: (B2)N15_M07_F10→(B3)N15_M07_F04; 批次:····0/·1880;  总正确率: 60.50%
类型1 正确率：  99.00% -> 1   99.05%, 2    0.85%, 3    0.10%
类型2 正确率：  82.00% -> 1    0.00%, 2   82.45%, 3   17.55%
类型3 正确率：   0.00% -> 1    5.20%, 2   94.80%, 3    0.00%


样本变换：reverse
样本变换：mask
样本变换：shift
样本变换：none
未过滤	未用伪标签：60.50% -> 使用伪标签：47.73%
已过滤	未用伪标签：59.96% -> 使用伪标签：48.73%
排除样本：123|6000	剩余：2106, 2747, 1024
增添样本：1124		细则：0, 1124	正确率估算：100.00%
类型1 正确率： 100.00% -> 1   99.80%, 2    0.20%, 3    0.00%
类型2 正确率：  46.00% -> 1    0.00%, 2   45.93%, 3   54.07%
类型3 正确率：   0.00% -> 1    5.64%, 2   94.36%, 3    0.00%

被排除样本 正确率：86.18%
类型1 正确率：   0.00% -> 1    0.00%, 2  100.00%, 3    0.00%
类型2 正确率： 100.00% -> 1    0.00%, 2  100.00%, 3    0.00%
类型3 正确率：   0.00% -> 1   33.33%, 2   66.67%, 3    0.00%


轮次:··1/·20 || c_Loss:0.409 || e_Loss:-1.086 || Aad_Loss:-21.039 || 耗时：37.21s
轮次:··2/·20 || c_Loss:0.446 || e_Loss:-1.371 || Aad_Loss:-27.889 || 耗时：13.95s
轮次:··3/·20 || c_Loss:0.499 || e_Loss:-1.382 || Aad_Loss:-25.195 || 耗时：13.80s
轮次:··4/·20 || c_Loss:0.399 || e_Loss:-1.346 || Aad_Loss:-24.027 || 耗时：13.72s
轮次:··5/·20 || c_Loss:0.458 || e_Loss:-1.432 || Aad_Loss:-30.035 || 耗时：13.79s
任务: (B2)N15_M07_F10→(B3)N15_M07_F04; mix批次:····0; 批次:··470/·1880;  总正确率: 64.88%
类型1 正确率： 100.00% -> 1  100.00%, 2    0.00%, 3    0.00%
类型2 正确率：  95.00% -> 1    0.00%, 2   94.65%, 3    5.35%
类型3 正确率：   0.00% -> 1   13.35%, 2   86.65%, 3    0.00%


样本变换：reverse
样本变换：mask
样本变换：shift
样本变换：none
未过滤	未用伪标签：64.88% -> 使用伪标签：77.72%
已过滤	未用伪标签：65.46% -> 使用伪标签：78.41%
排除样本：53|6000	剩余：2226, 3058, 663
增添样本：1337		细则：0, 0, 1337	正确率估算：0.00%
类型1 正确率： 100.00% -> 1  100.00%, 2    0.00%, 3    0.00%
类型2 正确率： 100.00% -> 1    0.00%, 2  100.00%, 3    0.00%
类型3 正确率：  34.00% -> 1   11.61%, 2   54.34%, 3   34.05%

被排除样本 正确率：0.00%
类型1 没有样本或未被分类。
类型2 没有样本或未被分类。
类型3 正确率：   0.00% -> 1   30.19%, 2   69.81%, 3    0.00%


轮次:··6/·20 || c_Loss:0.742 || e_Loss:-1.276 || Aad_Loss:-21.876 || 耗时：37.08s
轮次:··7/·20 || c_Loss:0.648 || e_Loss:-1.396 || Aad_Loss:-24.218 || 耗时：13.88s
轮次:··8/·20 || c_Loss:0.578 || e_Loss:-1.366 || Aad_Loss:-30.330 || 耗时：13.87s
轮次:··9/·20 || c_Loss:0.647 || e_Loss:-1.329 || Aad_Loss:-23.385 || 耗时：13.85s
轮次:·10/·20 || c_Loss:0.570 || e_Loss:-1.337 || Aad_Loss:-24.376 || 耗时：13.84s
任务: (B2)N15_M07_F10→(B3)N15_M07_F04; mix批次:····0; 批次:··940/·1880;  总正确率: 72.33%
类型1 正确率： 100.00% -> 1  100.00%, 2    0.00%, 3    0.00%
类型2 正确率：  99.00% -> 1    0.00%, 2   99.10%, 3    0.90%
类型3 正确率：  18.00% -> 1    4.20%, 2   77.90%, 3   17.90%


样本变换：reverse
样本变换：mask
样本变换：shift
样本变换：none
未过滤	未用伪标签：72.33% -> 使用伪标签：81.05%
已过滤	未用伪标签：72.28% -> 使用伪标签：81.27%
排除样本：16|6000	剩余：2121, 3000, 863
增添样本：1137		细则：0, 0, 1137	正确率估算：37.08%
类型1 正确率： 100.00% -> 1  100.00%, 2    0.00%, 3    0.00%
类型2 正确率： 100.00% -> 1    0.00%, 2  100.00%, 3    0.00%
类型3 正确率：  43.00% -> 1    6.10%, 2   50.40%, 3   43.50%

被排除样本 正确率：93.75%
类型1 没有样本或未被分类。
类型2 正确率：  94.00% -> 1    6.25%, 2   93.75%


轮次:·11/·20 || c_Loss:0.658 || e_Loss:-1.300 || Aad_Loss:-23.251 || 耗时：37.01s
轮次:·12/·20 || c_Loss:0.602 || e_Loss:-1.352 || Aad_Loss:-24.181 || 耗时：13.86s
轮次:·13/·20 || c_Loss:0.564 || e_Loss:-1.312 || Aad_Loss:-24.295 || 耗时：13.84s
轮次:·14/·20 || c_Loss:0.488 || e_Loss:-1.334 || Aad_Loss:-24.762 || 耗时：13.87s
轮次:·15/·20 || c_Loss:0.442 || e_Loss:-1.368 || Aad_Loss:-24.403 || 耗时：13.88s
任务: (B2)N15_M07_F10→(B3)N15_M07_F04; mix批次:····0; 批次:·1410/·1880;  总正确率: 83.33%
类型1 正确率： 100.00% -> 1  100.00%, 2    0.00%, 3    0.00%
类型2 正确率： 100.00% -> 1    0.00%, 2  100.00%, 3    0.00%
类型3 正确率：  50.00% -> 1    0.15%, 2   49.85%, 3   50.00%


样本变换：reverse
样本变换：mask
样本变换：shift
样本变换：none
未过滤	未用伪标签：83.33% -> 使用伪标签：82.72%
已过滤	未用伪标签：83.31% -> 使用伪标签：82.84%
排除样本：9|6000	剩余：2028, 3000, 963
增添样本：1037		细则：0, 0, 1037	正确率估算：100.00%
类型1 正确率： 100.00% -> 1  100.00%, 2    0.00%, 3    0.00%
类型2 正确率： 100.00% -> 1    0.00%, 2  100.00%, 3    0.00%
类型3 正确率：  48.00% -> 1    1.41%, 2   50.23%, 3   48.37%

被排除样本 正确率：100.00%
类型1 正确率： 100.00% -> 1  100.00%


轮次:·16/·20 || c_Loss:0.415 || e_Loss:-1.381 || Aad_Loss:-22.052 || 耗时：37.12s
轮次:·17/·20 || c_Loss:0.421 || e_Loss:-1.159 || Aad_Loss:-33.141 || 耗时：13.95s
轮次:·18/·20 || c_Loss:0.370 || e_Loss:-1.553 || Aad_Loss:-26.545 || 耗时：13.99s
轮次:·19/·20 || c_Loss:0.330 || e_Loss:-1.437 || Aad_Loss:-27.799 || 耗时：14.00s
轮次:·20/·20 || c_Loss:0.325 || e_Loss:-1.554 || Aad_Loss:-23.111 || 耗时：13.94s
任务: (B2)N15_M07_F10→(B3)N15_M07_F04; mix批次:····0; 批次:·1880/·1880;  总正确率: 84.07%
类型1 正确率： 100.00% -> 1   99.95%, 2    0.00%, 3    0.05%
类型2 正确率： 100.00% -> 1    0.00%, 2   99.80%, 3    0.20%
类型3 正确率：  52.00% -> 1    0.05%, 2   47.50%, 3   52.45%


测试集任务: (B2)N15_M07_F10→(B3)N15_M07_F04; 总正确率 = 84.07%
类型1 正确率： 100.00% -> 1   99.95%, 2    0.00%, 3    0.05%
类型2 正确率： 100.00% -> 1    0.00%, 2   99.80%, 3    0.20%
类型3 正确率：  52.00% -> 1    0.05%, 2   47.50%, 3   52.45%


