读取源域路径：/kaggle/working/k10/S07/weight_PU_M1_final_checkpoint_FS07toS07c_gateoracle_s2024/NEW_PU/Source-源域/log&pt/(B1)N15_M01_F10
excel输出位置：/kaggle/working/k10/S07/weight_PU_M1_final_checkpoint_FS07toS07c_gateoracle_s2024/NEW_PU/Target-目标域
特征图片输出位置：/kaggle/working/k10/S07/weight_PU_M1_final_checkpoint_FS07toS07c_gateoracle_s2024/NEW_PU/Picture-特征图/2026年09月19日07时52分/(B1)N15_M01_F10
现在选取:(B1)N15_M01_F10 进行训练的源模型
现在进行：(B1)N15_M01_F10→(B3)N15_M07_F04 的迁移任务
log&pt输出位置：/kaggle/working/k10/S07/weight_PU_M1_final_checkpoint_FS07toS07c_gateoracle_s2024/NEW_PU/Target-目标域/log&pt/(B1)N15_M01_F10→(B3)N15_M07_F04
任务: (B1)N15_M01_F10→(B3)N15_M07_F04; 批次:····0/·1880;  总正确率: 60.65%
类型1 正确率：  98.00% -> 1   97.85%, 2    1.20%, 3    0.95%
类型2 正确率：  83.00% -> 1    0.00%, 2   82.60%, 3   17.40%
类型3 正确率：   2.00% -> 1    3.45%, 2   95.05%, 3    1.50%


样本变换：reverse
样本变换：mask
样本变换：shift
样本变换：none
未过滤	未用伪标签：60.65% -> 使用伪标签：62.83%
已过滤	未用伪标签：61.04% -> 使用伪标签：63.34%
排除样本：48|6000	剩余：1991, 3566, 395
增添样本：2188		细则：0, 297, 1891	正确率估算：81.63%
类型1 正确率： 100.00% -> 1   99.60%, 2    0.35%, 3    0.05%
类型2 正确率：  85.00% -> 1    0.00%, 2   84.96%, 3   15.04%
类型3 正确率：   5.00% -> 1    0.25%, 2   94.92%, 3    4.82%

被排除样本 正确率：12.50%
类型1 正确率：   0.00% -> 1    0.00%, 2   66.67%, 3   33.33%
类型2 正确率：  33.00% -> 1    0.00%, 2   33.33%, 3   66.67%
类型3 正确率：   7.00% -> 1   23.33%, 2   70.00%, 3    6.67%


轮次:··1/·20 || c_Loss:0.496 || e_Loss:-1.224 || Aad_Loss:-27.480 || 耗时：36.77s
轮次:··2/·20 || c_Loss:0.521 || e_Loss:-1.323 || Aad_Loss:-26.219 || 耗时：14.03s
轮次:··3/·20 || c_Loss:0.432 || e_Loss:-1.321 || Aad_Loss:-32.165 || 耗时：13.90s
轮次:··4/·20 || c_Loss:0.418 || e_Loss:-1.441 || Aad_Loss:-32.287 || 耗时：13.83s
轮次:··5/·20 || c_Loss:0.394 || e_Loss:-1.403 || Aad_Loss:-21.083 || 耗时：13.84s
任务: (B1)N15_M01_F10→(B3)N15_M07_F04; mix批次:····0; 批次:··470/·1880;  总正确率: 67.57%
类型1 正确率： 100.00% -> 1  100.00%, 2    0.00%, 3    0.00%
类型2 正确率：  91.00% -> 1    0.00%, 2   90.80%, 3    9.20%
类型3 正确率：  12.00% -> 1    4.55%, 2   83.55%, 3   11.90%


样本变换：reverse
样本变换：mask
样本变换：shift
样本变换：none
未过滤	未用伪标签：67.57% -> 使用伪标签：73.93%
已过滤	未用伪标签：68.10% -> 使用伪标签：74.91%
排除样本：78|6000	剩余：2192, 3294, 436
增添样本：1564		细则：0, 0, 1564	正确率估算：21.10%
类型1 正确率： 100.00% -> 1  100.00%, 2    0.00%, 3    0.00%
类型2 正确率： 100.00% -> 1    0.00%, 2  100.00%, 3    0.00%
类型3 正确率：  23.00% -> 1    9.99%, 2   67.33%, 3   22.68%

被排除样本 正确率：26.92%
类型1 没有样本或未被分类。
类型2 没有样本或未被分类。
类型3 正确率：  27.00% -> 1    7.69%, 2   65.38%, 3   26.92%


轮次:··6/·20 || c_Loss:0.594 || e_Loss:-1.306 || Aad_Loss:-27.022 || 耗时：36.73s
轮次:··7/·20 || c_Loss:0.725 || e_Loss:-1.329 || Aad_Loss:-29.536 || 耗时：13.97s
轮次:··8/·20 || c_Loss:0.496 || e_Loss:-1.316 || Aad_Loss:-20.747 || 耗时：13.92s
轮次:··9/·20 || c_Loss:0.516 || e_Loss:-1.320 || Aad_Loss:-22.247 || 耗时：13.91s
轮次:·10/·20 || c_Loss:0.509 || e_Loss:-1.319 || Aad_Loss:-30.335 || 耗时：13.89s
任务: (B1)N15_M01_F10→(B3)N15_M07_F04; mix批次:····0; 批次:··940/·1880;  总正确率: 82.35%
类型1 正确率： 100.00% -> 1  100.00%, 2    0.00%, 3    0.00%
类型2 正确率： 100.00% -> 1    0.00%, 2  100.00%, 3    0.00%
类型3 正确率：  47.00% -> 1    2.95%, 2   50.00%, 3   47.05%


样本变换：reverse
样本变换：mask
样本变换：shift
样本变换：none
未过滤	未用伪标签：82.35% -> 使用伪标签：79.55%
已过滤	未用伪标签：82.28% -> 使用伪标签：79.96%
排除样本：31|6000	剩余：2196, 3000, 773
增添样本：1227		细则：0, 0, 1227	正确率估算：100.00%
类型1 正确率： 100.00% -> 1  100.00%, 2    0.00%, 3    0.00%
类型2 正确率： 100.00% -> 1    0.00%, 2  100.00%, 3    0.00%
类型3 正确率：  39.00% -> 1    9.95%, 2   50.79%, 3   39.26%

被排除样本 正确率：96.77%
类型1 没有样本或未被分类。
类型2 正确率：  97.00% -> 1    3.23%, 2   96.77%


轮次:·11/·20 || c_Loss:0.407 || e_Loss:-1.398 || Aad_Loss:-25.331 || 耗时：36.71s
轮次:·12/·20 || c_Loss:0.327 || e_Loss:-1.460 || Aad_Loss:-25.577 || 耗时：13.87s
轮次:·13/·20 || c_Loss:0.348 || e_Loss:-1.488 || Aad_Loss:-22.696 || 耗时：13.89s
轮次:·14/·20 || c_Loss:0.330 || e_Loss:-1.459 || Aad_Loss:-24.001 || 耗时：13.91s
轮次:·15/·20 || c_Loss:0.324 || e_Loss:-1.642 || Aad_Loss:-23.118 || 耗时：13.91s
任务: (B1)N15_M01_F10→(B3)N15_M07_F04; mix批次:····0; 批次:·1410/·1880;  总正确率: 84.72%
类型1 正确率： 100.00% -> 1  100.00%, 2    0.00%, 3    0.00%
类型2 正确率： 100.00% -> 1    0.00%, 2   99.80%, 3    0.20%
类型3 正确率：  54.00% -> 1    0.50%, 2   45.15%, 3   54.35%


样本变换：reverse
样本变换：mask
样本变换：shift
样本变换：none
未过滤	未用伪标签：84.72% -> 使用伪标签：81.25%
已过滤	未用伪标签：84.68% -> 使用伪标签：81.45%
排除样本：15|6000	剩余：2110, 3000, 875
增添样本：1125		细则：0, 0, 1125	正确率估算：100.00%
类型1 正确率： 100.00% -> 1  100.00%, 2    0.00%, 3    0.00%
类型2 正确率： 100.00% -> 1    0.00%, 2  100.00%, 3    0.00%
类型3 正确率：  44.00% -> 1    5.54%, 2   50.38%, 3   44.08%

被排除样本 正确率：100.00%
类型1 正确率： 100.00% -> 1  100.00%


轮次:·16/·20 || c_Loss:0.374 || e_Loss:-1.518 || Aad_Loss:-26.676 || 耗时：36.93s
轮次:·17/·20 || c_Loss:0.328 || e_Loss:-1.669 || Aad_Loss:-24.944 || 耗时：13.91s
轮次:·18/·20 || c_Loss:0.361 || e_Loss:-1.582 || Aad_Loss:-25.250 || 耗时：13.95s
轮次:·19/·20 || c_Loss:0.329 || e_Loss:-1.680 || Aad_Loss:-23.926 || 耗时：13.93s
轮次:·20/·20 || c_Loss:0.327 || e_Loss:-1.719 || Aad_Loss:-26.277 || 耗时：13.90s
任务: (B1)N15_M01_F10→(B3)N15_M07_F04; mix批次:····0; 批次:·1880/·1880;  总正确率: 87.95%
类型1 正确率： 100.00% -> 1  100.00%, 2    0.00%, 3    0.00%
类型2 正确率： 100.00% -> 1    0.00%, 2   99.50%, 3    0.50%
类型3 正确率：  64.00% -> 1    0.15%, 2   35.50%, 3   64.35%


测试集任务: (B1)N15_M01_F10→(B3)N15_M07_F04; 总正确率 = 87.95%
类型1 正确率： 100.00% -> 1  100.00%, 2    0.00%, 3    0.00%
类型2 正确率： 100.00% -> 1    0.00%, 2   99.50%, 3    0.50%
类型3 正确率：  64.00% -> 1    0.15%, 2   35.50%, 3   64.35%


