读取源域路径：/kaggle/working/k10/S07/weight_PU_M1_final_checkpoint_FS07toS07c_gateoracle_s2024/NEW_PU/Source-源域/log&pt/(B1)N15_M01_F10
excel输出位置：/kaggle/working/k10/S07/weight_PU_M1_final_checkpoint_FS07toS07c_gateoracle_s2024/NEW_PU/Target-目标域
特征图片输出位置：/kaggle/working/k10/S07/weight_PU_M1_final_checkpoint_FS07toS07c_gateoracle_s2024/NEW_PU/Picture-特征图/2026年09月19日07时45分/(B1)N15_M01_F10
现在选取:(B1)N15_M01_F10 进行训练的源模型
现在进行：(B1)N15_M01_F10→(B2)N15_M07_F10 的迁移任务
log&pt输出位置：/kaggle/working/k10/S07/weight_PU_M1_final_checkpoint_FS07toS07c_gateoracle_s2024/NEW_PU/Target-目标域/log&pt/(B1)N15_M01_F10→(B2)N15_M07_F10
任务: (B1)N15_M01_F10→(B2)N15_M07_F10; 批次:····0/·1880;  总正确率: 61.28%
类型1 正确率：  90.00% -> 1   90.50%, 2    6.45%, 3    3.05%
类型2 正确率：  93.00% -> 1    0.00%, 2   93.35%, 3    6.65%
类型3 正确率：   0.00% -> 1    0.00%, 2  100.00%, 3    0.00%


样本变换：reverse
样本变换：mask
样本变换：shift
样本变换：none
未过滤	未用伪标签：61.28% -> 使用伪标签：59.53%
已过滤	未用伪标签：61.23% -> 使用伪标签：60.58%
排除样本：104|6000	剩余：1912, 3682, 302
增添样本：252		细则：0, 252	正确率估算：100.00%
类型1 正确率：  98.00% -> 1   97.50%, 2    1.12%, 3    1.38%
类型2 正确率：  86.00% -> 1    0.00%, 2   85.79%, 3   14.21%
类型3 正确率：   0.00% -> 1    0.00%, 2  100.00%, 3    0.00%

被排除样本 正确率：64.42%
类型1 正确率：   5.00% -> 1    5.13%, 2   53.85%, 3   41.03%
类型2 正确率： 100.00% -> 1    0.00%, 2  100.00%, 3    0.00%
类型3 没有样本或未被分类。


轮次:··1/·20 || c_Loss:0.397 || e_Loss:-1.250 || Aad_Loss:-28.532 || 耗时：38.47s
轮次:··2/·20 || c_Loss:0.381 || e_Loss:-1.459 || Aad_Loss:-30.298 || 耗时：14.12s
轮次:··3/·20 || c_Loss:0.416 || e_Loss:-1.399 || Aad_Loss:-34.109 || 耗时：13.60s
轮次:··4/·20 || c_Loss:0.377 || e_Loss:-1.439 || Aad_Loss:-31.276 || 耗时：13.51s
轮次:··5/·20 || c_Loss:0.368 || e_Loss:-1.423 || Aad_Loss:-27.783 || 耗时：13.68s
任务: (B1)N15_M01_F10→(B2)N15_M07_F10; mix批次:····0; 批次:··470/·1880;  总正确率: 68.47%
类型1 正确率： 100.00% -> 1  100.00%, 2    0.00%, 3    0.00%
类型2 正确率： 100.00% -> 1    0.00%, 2   99.70%, 3    0.30%
类型3 正确率：   6.00% -> 1    7.85%, 2   86.45%, 3    5.70%


样本变换：reverse
样本变换：mask
样本变换：shift
样本变换：none
未过滤	未用伪标签：68.47% -> 使用伪标签：78.83%
已过滤	未用伪标签：69.33% -> 使用伪标签：80.06%
排除样本：92|6000	剩余：2055, 3123, 730
增添样本：1270		细则：0, 0, 1270	正确率估算：6.99%
类型1 正确率： 100.00% -> 1  100.00%, 2    0.00%, 3    0.00%
类型2 正确率： 100.00% -> 1    0.00%, 2  100.00%, 3    0.00%
类型3 正确率：  38.00% -> 1    2.88%, 2   58.86%, 3   38.26%

被排除样本 正确率：13.04%
类型1 没有样本或未被分类。
类型2 没有样本或未被分类。
类型3 正确率：  13.00% -> 1   20.65%, 2   66.30%, 3   13.04%


轮次:··6/·20 || c_Loss:0.549 || e_Loss:-1.455 || Aad_Loss:-27.010 || 耗时：37.03s
轮次:··7/·20 || c_Loss:0.689 || e_Loss:-1.487 || Aad_Loss:-19.554 || 耗时：13.89s
轮次:··8/·20 || c_Loss:0.504 || e_Loss:-1.389 || Aad_Loss:-30.849 || 耗时：13.84s
轮次:··9/·20 || c_Loss:0.577 || e_Loss:-1.535 || Aad_Loss:-22.383 || 耗时：13.83s
轮次:·10/·20 || c_Loss:0.492 || e_Loss:-1.597 || Aad_Loss:-24.581 || 耗时：13.79s
任务: (B1)N15_M01_F10→(B2)N15_M07_F10; mix批次:····0; 批次:··940/·1880;  总正确率: 90.05%
类型1 正确率： 100.00% -> 1  100.00%, 2    0.00%, 3    0.00%
类型2 正确率： 100.00% -> 1    0.00%, 2  100.00%, 3    0.00%
类型3 正确率：  70.00% -> 1    1.85%, 2   28.00%, 3   70.15%


样本变换：reverse
样本变换：mask
样本变换：shift
样本变换：none
未过滤	未用伪标签：90.05% -> 使用伪标签：89.75%
已过滤	未用伪标签：90.59% -> 使用伪标签：91.29%
排除样本：101|6000	剩余：2020, 2486, 1393
增添样本：615		细则：0, 5, 610	正确率估算：89.43%
类型1 正确率： 100.00% -> 1  100.00%, 2    0.00%, 3    0.00%
类型2 正确率： 100.00% -> 1    0.00%, 2   99.85%, 3    0.15%
类型3 正确率：  73.00% -> 1    1.05%, 2   25.83%, 3   73.12%

被排除样本 正确率：58.42%
类型1 没有样本或未被分类。
类型2 正确率： 100.00% -> 1    0.00%, 2  100.00%, 3    0.00%
类型3 正确率：  58.00% -> 1   13.13%, 2   29.29%, 3   57.58%


轮次:·11/·20 || c_Loss:0.582 || e_Loss:-1.399 || Aad_Loss:-28.010 || 耗时：36.66s
轮次:·12/·20 || c_Loss:0.513 || e_Loss:-1.424 || Aad_Loss:-23.600 || 耗时：13.85s
轮次:·13/·20 || c_Loss:0.476 || e_Loss:-1.496 || Aad_Loss:-25.470 || 耗时：13.94s
轮次:·14/·20 || c_Loss:0.452 || e_Loss:-1.490 || Aad_Loss:-23.257 || 耗时：13.92s
轮次:·15/·20 || c_Loss:0.425 || e_Loss:-1.573 || Aad_Loss:-22.936 || 耗时：13.88s
任务: (B1)N15_M01_F10→(B2)N15_M07_F10; mix批次:····0; 批次:·1410/·1880;  总正确率: 97.52%
类型1 正确率： 100.00% -> 1  100.00%, 2    0.00%, 3    0.00%
类型2 正确率：  99.00% -> 1    0.00%, 2   99.10%, 3    0.90%
类型3 正确率：  93.00% -> 1    0.00%, 2    6.55%, 3   93.45%


样本变换：reverse
样本变换：mask
样本变换：shift
样本变换：none
未过滤	未用伪标签：97.52% -> 使用伪标签：98.52%
已过滤	未用伪标签：97.87% -> 使用伪标签：98.95%
排除样本：26|6000	剩余：2000, 2011, 1963
增添样本：89		细则：0, 27, 62	正确率估算：95.51%
类型1 正确率： 100.00% -> 1  100.00%, 2    0.00%, 3    0.00%
类型2 正确率：  99.00% -> 1    0.00%, 2   98.75%, 3    1.25%
类型3 正确率：  98.00% -> 1    0.00%, 2    1.92%, 3   98.08%

被排除样本 正确率：15.38%
类型1 正确率： 100.00% -> 1  100.00%, 2    0.00%
类型2 正确率：   8.00% -> 1   91.67%, 2    8.33%


轮次:·16/·20 || c_Loss:0.379 || e_Loss:-0.714 || Aad_Loss:-29.697 || 耗时：36.49s
轮次:·17/·20 || c_Loss:0.408 || e_Loss:-1.609 || Aad_Loss:-25.467 || 耗时：13.81s
轮次:·18/·20 || c_Loss:0.386 || e_Loss:-1.630 || Aad_Loss:-27.259 || 耗时：13.81s
轮次:·19/·20 || c_Loss:0.374 || e_Loss:-0.782 || Aad_Loss:-28.965 || 耗时：13.84s
轮次:·20/·20 || c_Loss:0.380 || e_Loss:-1.681 || Aad_Loss:-27.795 || 耗时：13.86s
任务: (B1)N15_M01_F10→(B2)N15_M07_F10; mix批次:····0; 批次:·1880/·1880;  总正确率: 99.70%
类型1 正确率： 100.00% -> 1  100.00%, 2    0.00%, 3    0.00%
类型2 正确率：  99.00% -> 1    0.00%, 2   99.10%, 3    0.90%
类型3 正确率： 100.00% -> 1    0.00%, 2    0.00%, 3  100.00%


测试集任务: (B1)N15_M01_F10→(B2)N15_M07_F10; 总正确率 = 99.70%
类型1 正确率： 100.00% -> 1  100.00%, 2    0.00%, 3    0.00%
类型2 正确率：  99.00% -> 1    0.00%, 2   99.10%, 3    0.90%
类型3 正确率： 100.00% -> 1    0.00%, 2    0.00%, 3  100.00%


