读取源域路径：/kaggle/working/shot_k10/S05/weight_PU_M1_shot_FS05toS05_s2024/NEW_PU/Source-源域/log&pt/(B2)N15_M07_F10
excel输出位置：/kaggle/working/shot_k10/S05/weight_PU_M1_shot_FS05toS05_s2024/NEW_PU/Target-目标域
特征图片输出位置：/kaggle/working/shot_k10/S05/weight_PU_M1_shot_FS05toS05_s2024/NEW_PU/Picture-特征图/2026年09月22日02时19分/(B2)N15_M07_F10
现在选取:(B2)N15_M07_F10 进行训练的源模型
现在进行：(B2)N15_M07_F10→(B3)N15_M07_F04 的迁移任务
log&pt输出位置：/kaggle/working/shot_k10/S05/weight_PU_M1_shot_FS05toS05_s2024/NEW_PU/Target-目标域/log&pt/(B2)N15_M07_F10→(B3)N15_M07_F04
任务: (B2)N15_M07_F10→(B3)N15_M07_F04; 批次:····0/·1880;  总正确率: 97.50%
类型1 正确率： 100.00% -> 1   99.95%, 2    0.00%, 3    0.05%
类型2 正确率：  98.00% -> 1    0.00%, 2   97.65%, 3    2.35%
类型3 正确率：  95.00% -> 1    1.40%, 2    3.70%, 3   94.90%


SHOT pseudo-labels: model 97.50% -> centroid 96.97%
轮次:··1/·20 || cls:1.266 || im:-0.924 || 耗时：22.16s
SHOT pseudo-labels: model 75.18% -> centroid 94.82%
轮次:··2/·20 || cls:1.600 || im:-0.808 || 耗时：16.38s
SHOT pseudo-labels: model 64.28% -> centroid 74.90%
轮次:··3/·20 || cls:1.354 || im:-0.807 || 耗时：15.95s
SHOT pseudo-labels: model 56.83% -> centroid 44.00%
轮次:··4/·20 || cls:1.031 || im:-0.701 || 耗时：15.90s
SHOT pseudo-labels: model 58.32% -> centroid 41.35%
轮次:··5/·20 || cls:0.763 || im:-0.664 || 耗时：16.01s
SHOT pseudo-labels: model 58.38% -> centroid 40.08%
轮次:··6/·20 || cls:0.782 || im:-0.690 || 耗时：16.18s
SHOT pseudo-labels: model 60.67% -> centroid 40.53%
轮次:··7/·20 || cls:0.763 || im:-0.691 || 耗时：16.10s
SHOT pseudo-labels: model 62.93% -> centroid 41.17%
轮次:··8/·20 || cls:0.617 || im:-0.628 || 耗时：15.99s
SHOT pseudo-labels: model 60.90% -> centroid 39.55%
轮次:··9/·20 || cls:0.842 || im:-0.753 || 耗时：15.98s
SHOT pseudo-labels: model 61.37% -> centroid 39.00%
轮次:·10/·20 || cls:0.731 || im:-0.609 || 耗时：16.05s
SHOT pseudo-labels: model 61.00% -> centroid 38.72%
轮次:·11/·20 || cls:0.923 || im:-0.667 || 耗时：16.09s
SHOT pseudo-labels: model 63.40% -> centroid 38.62%
轮次:·12/·20 || cls:0.737 || im:-0.610 || 耗时：16.10s
SHOT pseudo-labels: model 63.48% -> centroid 38.35%
轮次:·13/·20 || cls:0.718 || im:-0.621 || 耗时：16.07s
SHOT pseudo-labels: model 62.20% -> centroid 38.32%
轮次:·14/·20 || cls:0.641 || im:-0.676 || 耗时：16.06s
SHOT pseudo-labels: model 61.83% -> centroid 37.85%
轮次:·15/·20 || cls:0.742 || im:-0.638 || 耗时：16.00s
SHOT pseudo-labels: model 60.73% -> centroid 38.20%
轮次:·16/·20 || cls:0.789 || im:-0.628 || 耗时：16.01s
SHOT pseudo-labels: model 60.27% -> centroid 38.03%
轮次:·17/·20 || cls:0.645 || im:-0.598 || 耗时：16.02s
SHOT pseudo-labels: model 59.88% -> centroid 37.68%
轮次:·18/·20 || cls:0.636 || im:-0.622 || 耗时：16.05s
SHOT pseudo-labels: model 59.33% -> centroid 37.18%
轮次:·19/·20 || cls:0.804 || im:-0.616 || 耗时：16.09s
SHOT pseudo-labels: model 58.57% -> centroid 37.68%
轮次:·20/·20 || cls:0.597 || im:-0.671 || 耗时：16.08s
测试集任务: (B2)N15_M07_F10→(B3)N15_M07_F04; 总正确率 = 57.73%
类型1 正确率：  82.00% -> 1   81.50%, 2    0.05%, 3   18.45%
类型2 正确率：  36.00% -> 1   29.30%, 2   36.35%, 3   34.35%
类型3 正确率：  55.00% -> 1    1.05%, 2   43.60%, 3   55.35%


