读取源域路径：/kaggle/working/shot_k10/S05/weight_PU_M1_shot_FS05toS05_s2024/NEW_PU/Source-源域/log&pt/(B3)N15_M07_F04
excel输出位置：/kaggle/working/shot_k10/S05/weight_PU_M1_shot_FS05toS05_s2024/NEW_PU/Target-目标域
特征图片输出位置：/kaggle/working/shot_k10/S05/weight_PU_M1_shot_FS05toS05_s2024/NEW_PU/Picture-特征图/2026年09月22日02时24分/(B3)N15_M07_F04
现在选取:(B3)N15_M07_F04 进行训练的源模型
现在进行：(B3)N15_M07_F04→(B1)N15_M01_F10 的迁移任务
log&pt输出位置：/kaggle/working/shot_k10/S05/weight_PU_M1_shot_FS05toS05_s2024/NEW_PU/Target-目标域/log&pt/(B3)N15_M07_F04→(B1)N15_M01_F10
任务: (B3)N15_M07_F04→(B1)N15_M01_F10; 批次:····0/·1880;  总正确率: 91.20%
类型1 正确率：  99.00% -> 1   99.45%, 2    0.00%, 3    0.55%
类型2 正确率：  74.00% -> 1    0.00%, 2   74.30%, 3   25.70%
类型3 正确率： 100.00% -> 1    0.00%, 2    0.15%, 3   99.85%


SHOT pseudo-labels: model 91.20% -> centroid 93.85%
轮次:··1/·20 || cls:1.571 || im:-0.950 || 耗时：22.23s
SHOT pseudo-labels: model 86.12% -> centroid 95.65%
轮次:··2/·20 || cls:1.447 || im:-0.862 || 耗时：16.41s
SHOT pseudo-labels: model 83.73% -> centroid 91.85%
轮次:··3/·20 || cls:0.822 || im:-0.730 || 耗时：15.93s
SHOT pseudo-labels: model 81.67% -> centroid 88.78%
轮次:··4/·20 || cls:0.794 || im:-0.672 || 耗时：15.90s
SHOT pseudo-labels: model 83.17% -> centroid 79.23%
轮次:··5/·20 || cls:0.704 || im:-0.687 || 耗时：16.02s
SHOT pseudo-labels: model 84.58% -> centroid 77.17%
轮次:··6/·20 || cls:0.723 || im:-0.678 || 耗时：16.18s
SHOT pseudo-labels: model 86.80% -> centroid 76.85%
轮次:··7/·20 || cls:0.868 || im:-0.619 || 耗时：16.09s
SHOT pseudo-labels: model 89.13% -> centroid 76.72%
轮次:··8/·20 || cls:0.840 || im:-0.590 || 耗时：16.02s
SHOT pseudo-labels: model 91.53% -> centroid 77.47%
轮次:··9/·20 || cls:0.656 || im:-0.721 || 耗时：15.98s
SHOT pseudo-labels: model 92.65% -> centroid 77.23%
轮次:·10/·20 || cls:0.694 || im:-0.687 || 耗时：16.01s
SHOT pseudo-labels: model 92.75% -> centroid 77.32%
轮次:·11/·20 || cls:0.685 || im:-0.694 || 耗时：16.10s
SHOT pseudo-labels: model 94.18% -> centroid 77.50%
轮次:·12/·20 || cls:0.639 || im:-0.673 || 耗时：16.10s
SHOT pseudo-labels: model 93.73% -> centroid 77.37%
轮次:·13/·20 || cls:0.629 || im:-0.628 || 耗时：16.08s
SHOT pseudo-labels: model 94.50% -> centroid 77.17%
轮次:·14/·20 || cls:0.748 || im:-0.635 || 耗时：16.09s
SHOT pseudo-labels: model 94.52% -> centroid 77.05%
轮次:·15/·20 || cls:0.834 || im:-0.750 || 耗时：16.10s
SHOT pseudo-labels: model 95.07% -> centroid 77.05%
轮次:·16/·20 || cls:0.735 || im:-0.687 || 耗时：16.05s
SHOT pseudo-labels: model 95.18% -> centroid 77.27%
轮次:·17/·20 || cls:0.750 || im:-0.664 || 耗时：16.06s
SHOT pseudo-labels: model 95.28% -> centroid 77.03%
轮次:·18/·20 || cls:0.747 || im:-0.645 || 耗时：16.09s
SHOT pseudo-labels: model 95.40% -> centroid 77.15%
轮次:·19/·20 || cls:0.744 || im:-0.620 || 耗时：16.09s
SHOT pseudo-labels: model 95.37% -> centroid 77.25%
轮次:·20/·20 || cls:0.517 || im:-0.632 || 耗时：16.04s
测试集任务: (B3)N15_M07_F04→(B1)N15_M01_F10; 总正确率 = 95.87%
类型1 正确率：  99.00% -> 1   98.95%, 2    0.00%, 3    1.05%
类型2 正确率：  94.00% -> 1    0.90%, 2   93.50%, 3    5.60%
类型3 正确率：  95.00% -> 1    0.05%, 2    4.80%, 3   95.15%


