

现在开始拿源域训练集：(B1)N15_M01_F10 进行训练
源域读取路径：/kaggle/working/shot_k10/S05/sdalr_PU_shot/DATA_foldS05/PU_M1_L3/N15_M01_F10_label.txt
excel输出位置：/kaggle/working/shot_k10/S05/weight_src_PU_M1_FS05_s2024/NEW_PU/Source-源域
log&pt输出位置：/kaggle/working/shot_k10/S05/weight_src_PU_M1_FS05_s2024/NEW_PU/Source-源域/log&pt/(B1)N15_M01_F10
特征图片输出位置：/kaggle/working/shot_k10/S05/weight_src_PU_M1_FS05_s2024/NEW_PU/Picture-特征图/2026年09月22日01时57分/(B1)N15_M01_F10
源域训练开始
轮次:··1/·10 || loss:0.082 || 耗时：9.12s
轮次:··2/·10 || loss:0.007 || 耗时：8.88s
轮次:··3/·10 || loss:0.019 || 耗时：9.22s
轮次:··4/·10 || loss:0.018 || 耗时：9.36s
轮次:··5/·10 || loss:0.028 || 耗时：9.13s
任务: (B1)N15_M01_F10; mix批次:····0; 批次:··330/··660; 总正确率 = 98.51%
类型1 正确率： 100.00% -> 1  100.00%, 2    0.00%, 3    0.00%
类型2 正确率：  98.00% -> 1    0.00%, 2   98.40%, 3    1.60%
类型3 正确率：  97.00% -> 1    0.00%, 2    2.87%, 3   97.13%


轮次:··6/·10 || loss:0.011 || 耗时：8.84s
轮次:··7/·10 || loss:0.011 || 耗时：8.71s
轮次:··8/·10 || loss:0.004 || 耗时：8.69s
轮次:··9/·10 || loss:0.001 || 耗时：8.72s
轮次:·10/·10 || loss:0.003 || 耗时：8.81s
任务: (B1)N15_M01_F10; mix批次:····0; 批次:··660/··660; 总正确率 = 99.17%
类型1 正确率： 100.00% -> 1  100.00%, 2    0.00%, 3    0.00%
类型2 正确率：  99.00% -> 1    0.00%, 2   98.94%, 3    1.06%
类型3 正确率：  99.00% -> 1    0.00%, 2    1.44%, 3   98.56%


测试集任务: (B1)N15_M01_F10; 总正确率 = 99.28%
类型1 正确率： 100.00% -> 1  100.00%, 2    0.00%, 3    0.00%
类型2 正确率：  99.00% -> 1    0.00%, 2   98.80%, 3    1.20%
类型3 正确率：  99.00% -> 1    0.00%, 2    0.96%, 3   99.04%


源域训练结束

训练好之后，测试目标域
目标域路径：/kaggle/working/shot_k10/S05/sdalr_PU_shot/DATA_foldS05/PU_M1_L3/N15_M07_F10_label.txt
测试目标数据集结果如下：
任务: (B1)N15_M01_F10→(B2)N15_M07_F10, 正确率 = 99.27%
类型1 正确率： 100.00% -> 1  100.00%, 2    0.00%, 3    0.00%
类型2 正确率： 100.00% -> 1    0.00%, 2  100.00%, 3    0.00%
类型3 正确率：  98.00% -> 1    0.00%, 2    2.18%, 3   97.82%

目标域路径：/kaggle/working/shot_k10/S05/sdalr_PU_shot/DATA_foldS05/PU_M1_L3/N15_M07_F04_label.txt
测试目标数据集结果如下：
任务: (B1)N15_M01_F10→(B3)N15_M07_F04, 正确率 = 94.95%
类型1 正确率：  96.00% -> 1   96.11%, 2    0.00%, 3    3.89%
类型2 正确率：  92.00% -> 1    0.00%, 2   91.63%, 3    8.37%
类型3 正确率：  97.00% -> 1    0.00%, 2    2.87%, 3   97.13%



现在开始拿源域训练集：(B2)N15_M07_F10 进行训练
源域读取路径：/kaggle/working/shot_k10/S05/sdalr_PU_shot/DATA_foldS05/PU_M1_L3/N15_M07_F10_label.txt
excel输出位置：/kaggle/working/shot_k10/S05/weight_src_PU_M1_FS05_s2024/NEW_PU/Source-源域
log&pt输出位置：/kaggle/working/shot_k10/S05/weight_src_PU_M1_FS05_s2024/NEW_PU/Source-源域/log&pt/(B2)N15_M07_F10
特征图片输出位置：/kaggle/working/shot_k10/S05/weight_src_PU_M1_FS05_s2024/NEW_PU/Picture-特征图/2026年09月22日01时57分/(B2)N15_M07_F10
源域训练开始
轮次:··1/·10 || loss:0.036 || 耗时：8.96s
轮次:··2/·10 || loss:0.041 || 耗时：9.12s
轮次:··3/·10 || loss:0.002 || 耗时：9.09s
轮次:··4/·10 || loss:0.002 || 耗时：8.88s
轮次:··5/·10 || loss:0.002 || 耗时：8.81s
任务: (B2)N15_M07_F10; mix批次:····0; 批次:··330/··660; 总正确率 = 99.68%
类型1 正确率： 100.00% -> 1  100.00%, 2    0.00%, 3    0.00%
类型2 正确率： 100.00% -> 1    0.00%, 2  100.00%, 3    0.00%
类型3 正确率：  99.00% -> 1    0.00%, 2    0.97%, 3   99.03%


轮次:··6/·10 || loss:0.001 || 耗时：8.77s
轮次:··7/·10 || loss:0.001 || 耗时：8.79s
轮次:··8/·10 || loss:0.000 || 耗时：8.82s
轮次:··9/·10 || loss:0.001 || 耗时：8.88s
轮次:·10/·10 || loss:0.000 || 耗时：8.93s
任务: (B2)N15_M07_F10; mix批次:····0; 批次:··660/··660; 总正确率 = 99.84%
类型1 正确率： 100.00% -> 1  100.00%, 2    0.00%, 3    0.00%
类型2 正确率： 100.00% -> 1    0.00%, 2  100.00%, 3    0.00%
类型3 正确率： 100.00% -> 1    0.00%, 2    0.49%, 3   99.51%


测试集任务: (B2)N15_M07_F10; 总正确率 = 99.92%
类型1 正确率： 100.00% -> 1  100.00%, 2    0.00%, 3    0.00%
类型2 正确率： 100.00% -> 1    0.00%, 2   99.75%, 3    0.25%
类型3 正确率： 100.00% -> 1    0.00%, 2    0.00%, 3  100.00%


源域训练结束

训练好之后，测试目标域
目标域路径：/kaggle/working/shot_k10/S05/sdalr_PU_shot/DATA_foldS05/PU_M1_L3/N15_M01_F10_label.txt
测试目标数据集结果如下：
任务: (B2)N15_M07_F10→(B1)N15_M01_F10, 正确率 = 95.36%
类型1 正确率： 100.00% -> 1  100.00%, 2    0.00%, 3    0.00%
类型2 正确率：  87.00% -> 1    0.50%, 2   87.10%, 3   12.41%
类型3 正确率：  99.00% -> 1    0.00%, 2    1.01%, 3   98.99%

目标域路径：/kaggle/working/shot_k10/S05/sdalr_PU_shot/DATA_foldS05/PU_M1_L3/N15_M07_F04_label.txt
测试目标数据集结果如下：
任务: (B2)N15_M07_F10→(B3)N15_M07_F04, 正确率 = 97.64%
类型1 正确率： 100.00% -> 1  100.00%, 2    0.00%, 3    0.00%
类型2 正确率：  97.00% -> 1    0.00%, 2   97.16%, 3    2.84%
类型3 正确率：  96.00% -> 1    1.06%, 2    3.19%, 3   95.74%



现在开始拿源域训练集：(B3)N15_M07_F04 进行训练
源域读取路径：/kaggle/working/shot_k10/S05/sdalr_PU_shot/DATA_foldS05/PU_M1_L3/N15_M07_F04_label.txt
excel输出位置：/kaggle/working/shot_k10/S05/weight_src_PU_M1_FS05_s2024/NEW_PU/Source-源域
log&pt输出位置：/kaggle/working/shot_k10/S05/weight_src_PU_M1_FS05_s2024/NEW_PU/Source-源域/log&pt/(B3)N15_M07_F04
特征图片输出位置：/kaggle/working/shot_k10/S05/weight_src_PU_M1_FS05_s2024/NEW_PU/Picture-特征图/2026年09月22日01时57分/(B3)N15_M07_F04
源域训练开始
轮次:··1/·10 || loss:0.094 || 耗时：8.89s
轮次:··2/·10 || loss:0.060 || 耗时：8.86s
轮次:··3/·10 || loss:0.020 || 耗时：8.86s
轮次:··4/·10 || loss:0.005 || 耗时：8.85s
轮次:··5/·10 || loss:0.007 || 耗时：8.86s
任务: (B3)N15_M07_F04; mix批次:····0; 批次:··330/··660; 总正确率 = 99.14%
类型1 正确率： 100.00% -> 1  100.00%, 2    0.00%, 3    0.00%
类型2 正确率： 100.00% -> 1    0.00%, 2   99.51%, 3    0.49%
类型3 正确率：  98.00% -> 1    0.00%, 2    2.07%, 3   97.93%


轮次:··6/·10 || loss:0.025 || 耗时：8.86s
轮次:··7/·10 || loss:0.003 || 耗时：8.89s
轮次:··8/·10 || loss:0.012 || 耗时：8.90s
轮次:··9/·10 || loss:0.009 || 耗时：8.89s
轮次:·10/·10 || loss:0.005 || 耗时：8.90s
任务: (B3)N15_M07_F04; mix批次:····0; 批次:··660/··660; 总正确率 = 99.33%
类型1 正确率： 100.00% -> 1  100.00%, 2    0.00%, 3    0.00%
类型2 正确率：  99.00% -> 1    0.00%, 2   98.52%, 3    1.48%
类型3 正确率：  99.00% -> 1    0.00%, 2    0.52%, 3   99.48%


测试集任务: (B3)N15_M07_F04; 总正确率 = 99.25%
类型1 正确率： 100.00% -> 1  100.00%, 2    0.00%, 3    0.00%
类型2 正确率：  99.00% -> 1    0.00%, 2   98.92%, 3    1.08%
类型3 正确率：  99.00% -> 1    0.00%, 2    1.16%, 3   98.84%


源域训练结束

训练好之后，测试目标域
目标域路径：/kaggle/working/shot_k10/S05/sdalr_PU_shot/DATA_foldS05/PU_M1_L3/N15_M01_F10_label.txt
测试目标数据集结果如下：
任务: (B3)N15_M07_F04→(B1)N15_M01_F10, 正确率 = 92.54%
类型1 正确率： 100.00% -> 1   99.75%, 2    0.00%, 3    0.25%
类型2 正确率：  78.00% -> 1    0.00%, 2   78.10%, 3   21.90%
类型3 正确率： 100.00% -> 1    0.00%, 2    0.24%, 3   99.76%

目标域路径：/kaggle/working/shot_k10/S05/sdalr_PU_shot/DATA_foldS05/PU_M1_L3/N15_M07_F10_label.txt
测试目标数据集结果如下：
任务: (B3)N15_M07_F04→(B2)N15_M07_F10, 正确率 = 97.86%
类型1 正确率： 100.00% -> 1  100.00%, 2    0.00%, 3    0.00%
类型2 正确率：  94.00% -> 1    0.00%, 2   93.83%, 3    6.17%
类型3 正确率： 100.00% -> 1    0.00%, 2    0.24%, 3   99.76%

