读取源域路径：/kaggle/working/k10/S00/weight_PU_M1_final_checkpoint_FS00toS00c_gatepcv_s2024/NEW_PU/Source-源域/log&pt/(B2)N15_M07_F10
excel输出位置：/kaggle/working/k10/S00/weight_PU_M1_final_checkpoint_FS00toS00c_gatepcv_s2024/NEW_PU/Target-目标域
特征图片输出位置：/kaggle/working/k10/S00/weight_PU_M1_final_checkpoint_FS00toS00c_gatepcv_s2024/NEW_PU/Picture-特征图/2026年09月16日00时21分/(B2)N15_M07_F10
现在选取:(B2)N15_M07_F10 进行训练的源模型
现在进行：(B2)N15_M07_F10→(B3)N15_M07_F04 的迁移任务
log&pt输出位置：/kaggle/working/k10/S00/weight_PU_M1_final_checkpoint_FS00toS00c_gatepcv_s2024/NEW_PU/Target-目标域/log&pt/(B2)N15_M07_F10→(B3)N15_M07_F04
任务: (B2)N15_M07_F10→(B3)N15_M07_F04; 批次:····0/·1880;  总正确率: 58.22%
类型1 正确率：  57.00% -> 1   56.85%, 2    4.85%, 3   38.30%
类型2 正确率：  70.00% -> 1    0.00%, 2   70.10%, 3   29.90%
类型3 正确率：  48.00% -> 1    0.00%, 2   52.30%, 3   47.70%


样本变换：reverse
样本变换：mask
样本变换：shift
样本变换：none
未过滤	未用伪标签：58.22% -> 使用伪标签：69.43%
已过滤	未用伪标签：58.16% -> 使用伪标签：70.25%
排除样本：70|6000	剩余：1823, 2476, 1631
增添样本：1498		细则：653, 0, 845	正确率估算：78.97%
类型1 正确率：  93.00% -> 1   92.87%, 2    6.57%, 3    0.56%
类型2 正确率：  68.00% -> 1    0.00%, 2   68.34%, 3   31.66%
类型3 正确率：  50.00% -> 1    0.00%, 2   50.10%, 3   49.90%

被排除样本 正确率：62.86%
类型1 正确率：  62.00% -> 1   62.16%, 2    8.11%, 3   29.73%
类型2 正确率：  72.00% -> 1    0.00%, 2   72.41%, 3   27.59%
类型3 正确率：   0.00% -> 1    0.00%, 2  100.00%, 3    0.00%


轮次:··1/·20 || c_Loss:0.578 || e_Loss:-1.064 || Aad_Loss:-27.242 || 耗时：33.36s
轮次:··2/·20 || c_Loss:0.450 || e_Loss:-1.603 || Aad_Loss:-25.720 || 耗时：12.41s
轮次:··3/·20 || c_Loss:0.363 || e_Loss:-1.711 || Aad_Loss:-29.280 || 耗时：12.46s
轮次:··4/·20 || c_Loss:0.360 || e_Loss:-1.631 || Aad_Loss:-28.446 || 耗时：12.46s
轮次:··5/·20 || c_Loss:0.371 || e_Loss:-0.910 || Aad_Loss:-28.249 || 耗时：12.56s
任务: (B2)N15_M07_F10→(B3)N15_M07_F04; mix批次:····0; 批次:··470/·1880;  总正确率: 70.22%
类型1 正确率：  93.00% -> 1   93.30%, 2    6.70%, 3    0.00%
类型2 正确率：  67.00% -> 1    0.00%, 2   67.35%, 3   32.65%
类型3 正确率：  50.00% -> 1    0.00%, 2   50.00%, 3   50.00%


样本变换：reverse
样本变换：mask
样本变换：shift
样本变换：none
未过滤	未用伪标签：70.22% -> 使用伪标签：70.93%
已过滤	未用伪标签：70.38% -> 使用伪标签：71.11%
排除样本：15|6000	剩余：1912, 2418, 1655
增添样本：1269		细则：506, 0, 763	正确率估算：98.98%
类型1 正确率：  96.00% -> 1   96.27%, 2    3.73%, 3    0.00%
类型2 正确率：  67.00% -> 1    0.00%, 2   67.23%, 3   32.77%
类型3 正确率：  50.00% -> 1    0.00%, 2   50.00%, 3   50.00%

被排除样本 正确率：6.67%
类型1 正确率：   0.00% -> 1    0.00%, 2  100.00%
类型2 正确率： 100.00% -> 1    0.00%, 2  100.00%


轮次:··6/·20 || c_Loss:0.366 || e_Loss:-0.984 || Aad_Loss:-30.196 || 耗时：33.48s
轮次:··7/·20 || c_Loss:0.375 || e_Loss:-0.953 || Aad_Loss:-30.808 || 耗时：12.48s
轮次:··8/·20 || c_Loss:0.371 || e_Loss:-0.989 || Aad_Loss:-30.463 || 耗时：12.46s
轮次:··9/·20 || c_Loss:0.379 || e_Loss:-0.970 || Aad_Loss:-29.442 || 耗时：12.49s
轮次:·10/·20 || c_Loss:0.378 || e_Loss:-0.976 || Aad_Loss:-30.557 || 耗时：12.50s
任务: (B2)N15_M07_F10→(B3)N15_M07_F04; mix批次:····0; 批次:··940/·1880;  总正确率: 71.62%
类型1 正确率：  98.00% -> 1   97.85%, 2    2.15%, 3    0.00%
类型2 正确率：  67.00% -> 1    0.00%, 2   67.00%, 3   33.00%
类型3 正确率：  50.00% -> 1    0.00%, 2   50.00%, 3   50.00%


样本变换：reverse
样本变换：mask
样本变换：shift
样本变换：none
未过滤	未用伪标签：71.62% -> 使用伪标签：71.95%
已过滤	未用伪标签：71.70% -> 使用伪标签：72.03%
排除样本：7|6000	剩余：1976, 2358, 1659
增添样本：1081		细则：382, 0, 699	正确率估算：99.72%
类型1 正确率：  99.00% -> 1   99.15%, 2    0.85%, 3    0.00%
类型2 正确率：  67.00% -> 1    0.00%, 2   67.05%, 3   32.95%
类型3 正确率：  50.00% -> 1    0.00%, 2   50.00%, 3   50.00%

被排除样本 正确率：0.00%
类型1 正确率：   0.00% -> 1    0.00%, 2  100.00%
类型2 没有样本或未被分类。


轮次:·11/·20 || c_Loss:0.375 || e_Loss:-1.697 || Aad_Loss:-31.546 || 耗时：33.43s
轮次:·12/·20 || c_Loss:0.378 || e_Loss:-1.264 || Aad_Loss:-30.594 || 耗时：12.51s
轮次:·13/·20 || c_Loss:0.376 || e_Loss:-0.999 || Aad_Loss:-30.824 || 耗时：12.50s
轮次:·14/·20 || c_Loss:0.377 || e_Loss:-0.994 || Aad_Loss:-31.449 || 耗时：12.51s
轮次:·15/·20 || c_Loss:0.378 || e_Loss:-0.974 || Aad_Loss:-30.984 || 耗时：12.53s
任务: (B2)N15_M07_F10→(B3)N15_M07_F04; mix批次:····0; 批次:·1410/·1880;  总正确率: 72.35%
类型1 正确率： 100.00% -> 1  100.00%, 2    0.00%, 3    0.00%
类型2 正确率：  67.00% -> 1    0.00%, 2   67.05%, 3   32.95%
类型3 正确率：  50.00% -> 1    0.00%, 2   50.00%, 3   50.00%


样本变换：reverse
样本变换：mask
样本变换：shift
样本变换：none
未过滤	未用伪标签：72.35% -> 使用伪标签：72.35%
已过滤	未用伪标签：72.35% -> 使用伪标签：72.35%
排除样本：2000|6000	剩余：2341, 1659
增添样本：1023		细则：341, 0, 682	正确率估算：100.00%
类型1 正确率： 100.00% -> 1  100.00%, 2    0.00%, 3    0.00%
类型2 正确率：  67.00% -> 1    0.00%, 2   67.05%, 3   32.95%
类型3 正确率：  50.00% -> 1    0.00%, 2   50.00%, 3   50.00%

被排除样本 正确率：nan%


轮次:·16/·20 || c_Loss:0.378 || e_Loss:-0.989 || Aad_Loss:-31.504 || 耗时：33.36s
轮次:·17/·20 || c_Loss:0.383 || e_Loss:-0.975 || Aad_Loss:-31.700 || 耗时：12.50s
轮次:·18/·20 || c_Loss:0.380 || e_Loss:-0.944 || Aad_Loss:-33.000 || 耗时：12.51s
轮次:·19/·20 || c_Loss:0.377 || e_Loss:-0.989 || Aad_Loss:-32.247 || 耗时：12.53s
轮次:·20/·20 || c_Loss:0.383 || e_Loss:-0.995 || Aad_Loss:-31.380 || 耗时：12.51s
任务: (B2)N15_M07_F10→(B3)N15_M07_F04; mix批次:····0; 批次:·1880/·1880;  总正确率: 72.33%
类型1 正确率： 100.00% -> 1  100.00%, 2    0.00%, 3    0.00%
类型2 正确率：  67.00% -> 1    0.00%, 2   67.00%, 3   33.00%
类型3 正确率：  50.00% -> 1    0.00%, 2   50.00%, 3   50.00%


测试集任务: (B2)N15_M07_F10→(B3)N15_M07_F04; 总正确率 = 72.33%
类型1 正确率： 100.00% -> 1  100.00%, 2    0.00%, 3    0.00%
类型2 正确率：  67.00% -> 1    0.00%, 2   67.00%, 3   33.00%
类型3 正确率：  50.00% -> 1    0.00%, 2   50.00%, 3   50.00%


