读取源域路径：/kaggle/working/k10/S00/weight_PU_M1_final_checkpoint_FS00toS00c_gatepcv_s2024/NEW_PU/Source-源域/log&pt/(B3)N15_M07_F04
excel输出位置：/kaggle/working/k10/S00/weight_PU_M1_final_checkpoint_FS00toS00c_gatepcv_s2024/NEW_PU/Target-目标域
特征图片输出位置：/kaggle/working/k10/S00/weight_PU_M1_final_checkpoint_FS00toS00c_gatepcv_s2024/NEW_PU/Picture-特征图/2026年09月16日00时27分/(B3)N15_M07_F04
现在选取:(B3)N15_M07_F04 进行训练的源模型
现在进行：(B3)N15_M07_F04→(B1)N15_M01_F10 的迁移任务
log&pt输出位置：/kaggle/working/k10/S00/weight_PU_M1_final_checkpoint_FS00toS00c_gatepcv_s2024/NEW_PU/Target-目标域/log&pt/(B3)N15_M07_F04→(B1)N15_M01_F10
任务: (B3)N15_M07_F04→(B1)N15_M01_F10; 批次:····0/·1880;  总正确率: 52.15%
类型1 正确率：  68.00% -> 1   67.65%, 2    0.45%, 3   31.90%
类型2 正确率：  56.00% -> 1    0.00%, 2   55.85%, 3   44.15%
类型3 正确率：  33.00% -> 1    0.00%, 2   67.05%, 3   32.95%


样本变换：reverse
样本变换：mask
样本变换：shift
样本变换：none
未过滤	未用伪标签：52.15% -> 使用伪标签：62.78%
已过滤	未用伪标签：52.57% -> 使用伪标签：64.87%
排除样本：193|6000	剩余：1987, 2216, 1604
增添样本：1086		细则：0, 737, 349	正确率估算：95.67%
类型1 正确率： 100.00% -> 1   99.85%, 2    0.15%, 3    0.00%
类型2 正确率：  55.00% -> 1    0.00%, 2   54.66%, 3   45.34%
类型3 正确率：  39.00% -> 1    0.00%, 2   61.22%, 3   38.78%

被排除样本 正确率：39.38%
类型1 正确率：  40.00% -> 1   40.00%, 2   60.00%, 3    0.00%
类型2 正确率：  54.00% -> 1    0.00%, 2   54.46%, 3   45.54%
类型3 正确率：  15.00% -> 1    0.00%, 2   84.51%, 3   15.49%


轮次:··1/·20 || c_Loss:0.450 || e_Loss:-1.828 || Aad_Loss:-22.599 || 耗时：33.13s
轮次:··2/·20 || c_Loss:0.465 || e_Loss:-1.704 || Aad_Loss:-19.829 || 耗时：12.48s
轮次:··3/·20 || c_Loss:0.531 || e_Loss:-1.692 || Aad_Loss:-19.174 || 耗时：12.50s
轮次:··4/·20 || c_Loss:0.436 || e_Loss:-1.667 || Aad_Loss:-22.234 || 耗时：12.53s
轮次:··5/·20 || c_Loss:0.520 || e_Loss:-1.545 || Aad_Loss:-21.784 || 耗时：12.54s
任务: (B3)N15_M07_F04→(B1)N15_M01_F10; mix批次:····0; 批次:··470/·1880;  总正确率: 74.78%
类型1 正确率： 100.00% -> 1  100.00%, 2    0.00%, 3    0.00%
类型2 正确率：  60.00% -> 1    0.00%, 2   59.85%, 3   40.15%
类型3 正确率：  64.00% -> 1    9.00%, 2   26.50%, 3   64.50%


样本变换：reverse
样本变换：mask
样本变换：shift
样本变换：none
未过滤	未用伪标签：74.78% -> 使用伪标签：71.43%
已过滤	未用伪标签：75.79% -> 使用伪标签：74.55%
排除样本：251|6000	剩余：2106, 1963, 1680
增添样本：742		细则：0, 456, 286	正确率估算：91.78%
类型1 正确率： 100.00% -> 1  100.00%, 2    0.00%, 3    0.00%
类型2 正确率：  65.00% -> 1    0.00%, 2   65.29%, 3   34.71%
类型3 正确率：  56.00% -> 1    6.00%, 2   37.86%, 3   56.14%

被排除样本 正确率：51.79%
类型1 没有样本或未被分类。
类型2 正确率：   0.00% -> 1    0.00%, 2    0.00%, 3  100.00%
类型3 正确率：  56.00% -> 1   28.76%, 2   15.45%, 3   55.79%


轮次:··6/·20 || c_Loss:0.437 || e_Loss:-1.643 || Aad_Loss:-27.055 || 耗时：33.27s
轮次:··7/·20 || c_Loss:0.394 || e_Loss:-1.615 || Aad_Loss:-24.295 || 耗时：12.46s
轮次:··8/·20 || c_Loss:0.403 || e_Loss:-1.725 || Aad_Loss:-23.582 || 耗时：12.49s
轮次:··9/·20 || c_Loss:0.360 || e_Loss:-1.600 || Aad_Loss:-27.549 || 耗时：12.50s
轮次:·10/·20 || c_Loss:0.377 || e_Loss:-1.718 || Aad_Loss:-23.416 || 耗时：12.51s
任务: (B3)N15_M07_F04→(B1)N15_M01_F10; mix批次:····0; 批次:··940/·1880;  总正确率: 82.62%
类型1 正确率： 100.00% -> 1  100.00%, 2    0.00%, 3    0.00%
类型2 正确率：  66.00% -> 1    0.00%, 2   65.70%, 3   34.30%
类型3 正确率：  82.00% -> 1    0.00%, 2   17.85%, 3   82.15%


样本变换：reverse
样本变换：mask
样本变换：shift
样本变换：none
未过滤	未用伪标签：82.62% -> 使用伪标签：82.98%
已过滤	未用伪标签：83.26% -> 使用伪标签：84.28%
排除样本：92|6000	剩余：2000, 1583, 2325
增添样本：1203		细则：359, 844, 0	正确率估算：97.17%
类型1 正确率： 100.00% -> 1  100.00%, 2    0.00%, 3    0.00%
类型2 正确率：  66.00% -> 1    0.00%, 2   66.40%, 3   33.60%
类型3 正确率：  86.00% -> 1    0.00%, 2   13.53%, 3   86.47%

被排除样本 正确率：41.30%
类型1 正确率：  17.00% -> 1   16.67%, 2   83.33%
类型2 正确率：  43.00% -> 1   56.98%, 2   43.02%


轮次:·11/·20 || c_Loss:0.344 || e_Loss:-1.779 || Aad_Loss:-24.889 || 耗时：33.42s
轮次:·12/·20 || c_Loss:0.344 || e_Loss:-1.442 || Aad_Loss:-29.761 || 耗时：12.51s
轮次:·13/·20 || c_Loss:0.381 || e_Loss:-0.809 || Aad_Loss:-29.518 || 耗时：12.53s
轮次:·14/·20 || c_Loss:0.351 || e_Loss:-1.429 || Aad_Loss:-24.640 || 耗时：12.52s
轮次:·15/·20 || c_Loss:0.353 || e_Loss:-1.652 || Aad_Loss:-30.378 || 耗时：12.56s
任务: (B3)N15_M07_F04→(B1)N15_M01_F10; mix批次:····0; 批次:·1410/·1880;  总正确率: 86.02%
类型1 正确率： 100.00% -> 1  100.00%, 2    0.00%, 3    0.00%
类型2 正确率：  66.00% -> 1    0.00%, 2   66.00%, 3   34.00%
类型3 正确率：  92.00% -> 1    0.00%, 2    7.95%, 3   92.05%


样本变换：reverse
样本变换：mask
样本变换：shift
样本变换：none
未过滤	未用伪标签：86.02% -> 使用伪标签：85.60%
已过滤	未用伪标签：86.22% -> 使用伪标签：86.22%
排除样本：43|6000	剩余：2000, 1470, 2487
增添样本：1545		细则：521, 1024, 0	正确率估算：99.03%
类型1 正确率： 100.00% -> 1  100.00%, 2    0.00%, 3    0.00%
类型2 正确率：  66.00% -> 1    0.00%, 2   66.28%, 3   33.72%
类型3 正确率：  92.00% -> 1    0.00%, 2    7.59%, 3   92.41%

被排除样本 正确率：58.14%
类型1 正确率：  14.00% -> 1   14.29%, 2   85.71%
类型2 正确率：  67.00% -> 1   33.33%, 2   66.67%


轮次:·16/·20 || c_Loss:0.348 || e_Loss:-0.866 || Aad_Loss:-28.983 || 耗时：33.66s
轮次:·17/·20 || c_Loss:0.422 || e_Loss:-1.141 || Aad_Loss:-30.930 || 耗时：12.56s
轮次:·18/·20 || c_Loss:0.356 || e_Loss:-0.989 || Aad_Loss:-25.536 || 耗时：12.54s
轮次:·19/·20 || c_Loss:0.385 || e_Loss:-1.112 || Aad_Loss:-26.819 || 耗时：12.56s
轮次:·20/·20 || c_Loss:0.364 || e_Loss:-0.880 || Aad_Loss:-28.812 || 耗时：12.54s
任务: (B3)N15_M07_F04→(B1)N15_M01_F10; mix批次:····0; 批次:·1880/·1880;  总正确率: 86.17%
类型1 正确率： 100.00% -> 1  100.00%, 2    0.00%, 3    0.00%
类型2 正确率：  66.00% -> 1    0.00%, 2   66.20%, 3   33.80%
类型3 正确率：  92.00% -> 1    0.00%, 2    7.70%, 3   92.30%


测试集任务: (B3)N15_M07_F04→(B1)N15_M01_F10; 总正确率 = 86.17%
类型1 正确率： 100.00% -> 1  100.00%, 2    0.00%, 3    0.00%
类型2 正确率：  66.00% -> 1    0.00%, 2   66.20%, 3   33.80%
类型3 正确率：  92.00% -> 1    0.00%, 2    7.70%, 3   92.30%


