读取源域路径：/kaggle/working/k10/S00/weight_PU_M1_final_checkpoint_FS00toS00c_gatepcv_s2024/NEW_PU/Source-源域/log&pt/(B1)N15_M01_F10
excel输出位置：/kaggle/working/k10/S00/weight_PU_M1_final_checkpoint_FS00toS00c_gatepcv_s2024/NEW_PU/Target-目标域
特征图片输出位置：/kaggle/working/k10/S00/weight_PU_M1_final_checkpoint_FS00toS00c_gatepcv_s2024/NEW_PU/Picture-特征图/2026年09月16日00时04分/(B1)N15_M01_F10
现在选取:(B1)N15_M01_F10 进行训练的源模型
现在进行：(B1)N15_M01_F10→(B2)N15_M07_F10 的迁移任务
log&pt输出位置：/kaggle/working/k10/S00/weight_PU_M1_final_checkpoint_FS00toS00c_gatepcv_s2024/NEW_PU/Target-目标域/log&pt/(B1)N15_M01_F10→(B2)N15_M07_F10
任务: (B1)N15_M01_F10→(B2)N15_M07_F10; 批次:····0/·1880;  总正确率: 56.17%
类型1 正确率：  41.00% -> 1   41.35%, 2    5.95%, 3   52.70%
类型2 正确率：  79.00% -> 1    0.00%, 2   79.40%, 3   20.60%
类型3 正确率：  48.00% -> 1    0.00%, 2   52.25%, 3   47.75%


样本变换：reverse
样本变换：mask
样本变换：shift
样本变换：none
未过滤	未用伪标签：56.17% -> 使用伪标签：57.70%
已过滤	未用伪标签：57.77% -> 使用伪标签：61.40%
排除样本：362|6000	剩余：958, 2638, 2042
增添样本：2262		细则：1673, 0, 589	正确率估算：86.43%
类型1 正确率：  54.00% -> 1   53.97%, 2    6.54%, 3   39.49%
类型2 正确率：  81.00% -> 1    0.00%, 2   81.11%, 3   18.89%
类型3 正确率：  50.00% -> 1    0.00%, 2   50.45%, 3   49.55%

被排除样本 正确率：31.22%
类型1 正确率：  18.00% -> 1   18.22%, 2   14.22%, 3   67.56%
类型2 正确率：  53.00% -> 1    0.00%, 2   52.67%, 3   47.33%
类型3 正确率：  50.00% -> 1    0.00%, 2   50.00%, 3   50.00%


轮次:··1/·20 || c_Loss:0.594 || e_Loss:-1.801 || Aad_Loss:-23.975 || 耗时：33.61s
轮次:··2/·20 || c_Loss:0.476 || e_Loss:-1.707 || Aad_Loss:-21.361 || 耗时：12.40s
轮次:··3/·20 || c_Loss:0.400 || e_Loss:-1.468 || Aad_Loss:-23.436 || 耗时：12.46s
轮次:··4/·20 || c_Loss:0.398 || e_Loss:-1.627 || Aad_Loss:-24.788 || 耗时：12.46s
轮次:··5/·20 || c_Loss:0.523 || e_Loss:-1.369 || Aad_Loss:-19.727 || 耗时：12.52s
任务: (B1)N15_M01_F10→(B2)N15_M07_F10; mix批次:····0; 批次:··470/·1880;  总正确率: 61.80%
类型1 正确率：  59.00% -> 1   59.10%, 2    2.35%, 3   38.55%
类型2 正确率：  76.00% -> 1    0.00%, 2   76.30%, 3   23.70%
类型3 正确率：  50.00% -> 1    0.00%, 2   50.00%, 3   50.00%


样本变换：reverse
样本变换：mask
样本变换：shift
样本变换：none
未过滤	未用伪标签：61.80% -> 使用伪标签：61.62%
已过滤	未用伪标签：62.24% -> 使用伪标签：62.63%
排除样本：97|6000	剩余：1203, 2512, 2188
增添样本：1633		细则：1309, 0, 324	正确率估算：97.64%
类型1 正确率：  62.00% -> 1   61.57%, 2    0.92%, 3   37.51%
类型2 正确率：  77.00% -> 1    0.00%, 2   76.65%, 3   23.35%
类型3 正确率：  50.00% -> 1    0.00%, 2   50.00%, 3   50.00%

被排除样本 正确率：35.05%
类型1 正确率：  15.00% -> 1   15.22%, 2   34.78%, 3   50.00%
类型2 正确率：  53.00% -> 1    0.00%, 2   52.94%, 3   47.06%
类型3 没有样本或未被分类。


轮次:··6/·20 || c_Loss:0.392 || e_Loss:-1.730 || Aad_Loss:-26.458 || 耗时：33.53s
轮次:··7/·20 || c_Loss:0.405 || e_Loss:-0.825 || Aad_Loss:-27.935 || 耗时：12.51s
轮次:··8/·20 || c_Loss:0.382 || e_Loss:-1.826 || Aad_Loss:-28.296 || 耗时：12.51s
轮次:··9/·20 || c_Loss:0.359 || e_Loss:-0.893 || Aad_Loss:-30.491 || 耗时：12.49s
轮次:·10/·20 || c_Loss:0.397 || e_Loss:-1.749 || Aad_Loss:-27.371 || 耗时：12.56s
任务: (B1)N15_M01_F10→(B2)N15_M07_F10; mix批次:····0; 批次:··940/·1880;  总正确率: 64.77%
类型1 正确率：  67.00% -> 1   66.75%, 2    0.00%, 3   33.25%
类型2 正确率：  78.00% -> 1    0.00%, 2   77.55%, 3   22.45%
类型3 正确率：  50.00% -> 1    0.00%, 2   50.00%, 3   50.00%


样本变换：reverse
样本变换：mask
样本变换：shift
样本变换：none
未过滤	未用伪标签：64.77% -> 使用伪标签：64.75%
已过滤	未用伪标签：64.93% -> 使用伪标签：65.06%
排除样本：29|6000	剩余：1341, 2544, 2086
增添样本：1661		细则：1203, 0, 458	正确率估算：99.64%
类型1 正确率：  67.00% -> 1   67.05%, 2    0.00%, 3   32.95%
类型2 正确率：  78.00% -> 1    0.00%, 2   78.34%, 3   21.66%
类型3 正确率：  50.00% -> 1    0.00%, 2   50.00%, 3   50.00%

被排除样本 正确率：31.03%
类型1 正确率：  31.00% -> 1   31.03%, 2   68.97%
类型2 没有样本或未被分类。


轮次:·11/·20 || c_Loss:0.375 || e_Loss:-0.916 || Aad_Loss:-30.667 || 耗时：33.49s
轮次:·12/·20 || c_Loss:0.412 || e_Loss:-0.839 || Aad_Loss:-29.794 || 耗时：12.49s
轮次:·13/·20 || c_Loss:0.395 || e_Loss:-0.943 || Aad_Loss:-29.451 || 耗时：12.51s
轮次:·14/·20 || c_Loss:0.410 || e_Loss:-0.924 || Aad_Loss:-29.856 || 耗时：12.55s
轮次:·15/·20 || c_Loss:0.397 || e_Loss:-0.870 || Aad_Loss:-32.598 || 耗时：12.54s
任务: (B1)N15_M01_F10→(B2)N15_M07_F10; mix批次:····0; 批次:·1410/·1880;  总正确率: 64.40%
类型1 正确率：  67.00% -> 1   67.00%, 2    0.00%, 3   33.00%
类型2 正确率：  76.00% -> 1    0.00%, 2   76.20%, 3   23.80%
类型3 正确率：  50.00% -> 1    0.00%, 2   50.00%, 3   50.00%


样本变换：reverse
样本变换：mask
样本变换：shift
样本变换：none
未过滤	未用伪标签：64.40% -> 使用伪标签：64.43%
已过滤	未用伪标签：64.57% -> 使用伪标签：64.74%
排除样本：28|6000	剩余：1340, 2526, 2106
增添样本：1606		细则：1186, 0, 420	正确率估算：100.00%
类型1 正确率：  67.00% -> 1   67.00%, 2    0.00%, 3   33.00%
类型2 正确率：  77.00% -> 1    0.00%, 2   77.38%, 3   22.62%
类型3 正确率：  50.00% -> 1    0.00%, 2   50.00%, 3   50.00%

被排除样本 正确率：28.57%
类型1 正确率：  29.00% -> 1   28.57%, 2   71.43%
类型2 没有样本或未被分类。


轮次:·16/·20 || c_Loss:0.397 || e_Loss:-0.951 || Aad_Loss:-30.392 || 耗时：33.54s
轮次:·17/·20 || c_Loss:0.381 || e_Loss:-0.964 || Aad_Loss:-31.138 || 耗时：12.53s
轮次:·18/·20 || c_Loss:0.394 || e_Loss:-0.960 || Aad_Loss:-30.344 || 耗时：12.52s
轮次:·19/·20 || c_Loss:0.386 || e_Loss:-0.975 || Aad_Loss:-30.494 || 耗时：12.52s
轮次:·20/·20 || c_Loss:0.394 || e_Loss:-0.843 || Aad_Loss:-32.907 || 耗时：12.59s
任务: (B1)N15_M01_F10→(B2)N15_M07_F10; mix批次:····0; 批次:·1880/·1880;  总正确率: 64.72%
类型1 正确率：  67.00% -> 1   67.00%, 2    0.00%, 3   33.00%
类型2 正确率：  77.00% -> 1    0.00%, 2   77.15%, 3   22.85%
类型3 正确率：  50.00% -> 1    0.00%, 2   50.00%, 3   50.00%


测试集任务: (B1)N15_M01_F10→(B2)N15_M07_F10; 总正确率 = 64.72%
类型1 正确率：  67.00% -> 1   67.00%, 2    0.00%, 3   33.00%
类型2 正确率：  77.00% -> 1    0.00%, 2   77.15%, 3   22.85%
类型3 正确率：  50.00% -> 1    0.00%, 2   50.00%, 3   50.00%


