读取源域路径：/kaggle/working/k10/S00/weight_PU_M1_final_checkpoint_FS00toS00c_gatepcv_s2024/NEW_PU/Source-源域/log&pt/(B2)N15_M07_F10
excel输出位置：/kaggle/working/k10/S00/weight_PU_M1_final_checkpoint_FS00toS00c_gatepcv_s2024/NEW_PU/Target-目标域
特征图片输出位置：/kaggle/working/k10/S00/weight_PU_M1_final_checkpoint_FS00toS00c_gatepcv_s2024/NEW_PU/Picture-特征图/2026年09月16日00时15分/(B2)N15_M07_F10
现在选取:(B2)N15_M07_F10 进行训练的源模型
现在进行：(B2)N15_M07_F10→(B1)N15_M01_F10 的迁移任务
log&pt输出位置：/kaggle/working/k10/S00/weight_PU_M1_final_checkpoint_FS00toS00c_gatepcv_s2024/NEW_PU/Target-目标域/log&pt/(B2)N15_M07_F10→(B1)N15_M01_F10
任务: (B2)N15_M07_F10→(B1)N15_M01_F10; 批次:····0/·1880;  总正确率: 53.40%
类型1 正确率：  38.00% -> 1   38.35%, 2    0.55%, 3   61.10%
类型2 正确率：  66.00% -> 1    0.00%, 2   66.40%, 3   33.60%
类型3 正确率：  55.00% -> 1    0.05%, 2   44.50%, 3   55.45%


样本变换：reverse
样本变换：mask
样本变换：shift
样本变换：none
未过滤	未用伪标签：53.40% -> 使用伪标签：51.78%
已过滤	未用伪标签：53.60% -> 使用伪标签：52.35%
排除样本：65|6000	剩余：752, 2355, 2828
增添样本：2483		细则：2043, 440, 0	正确率估算：97.23%
类型1 正确率：  38.00% -> 1   38.27%, 2    0.81%, 3   60.92%
类型2 正确率：  68.00% -> 1    0.00%, 2   68.32%, 3   31.68%
类型3 正确率：  50.00% -> 1    0.00%, 2   49.60%, 3   50.40%

被排除样本 正确率：35.38%
类型1 正确率：  49.00% -> 1   48.57%, 2    0.00%, 3   51.43%
类型2 正确率：   0.00% -> 1    0.00%, 2    0.00%, 3  100.00%
类型3 正确率： 100.00% -> 1    0.00%, 2    0.00%, 3  100.00%


轮次:··1/·20 || c_Loss:0.529 || e_Loss:-0.982 || Aad_Loss:-28.389 || 耗时：33.07s
轮次:··2/·20 || c_Loss:0.492 || e_Loss:-0.921 || Aad_Loss:-25.300 || 耗时：12.44s
轮次:··3/·20 || c_Loss:0.391 || e_Loss:-0.886 || Aad_Loss:-27.839 || 耗时：12.46s
轮次:··4/·20 || c_Loss:0.418 || e_Loss:-0.864 || Aad_Loss:-28.292 || 耗时：12.46s
轮次:··5/·20 || c_Loss:0.382 || e_Loss:-0.810 || Aad_Loss:-32.399 || 耗时：12.48s
任务: (B2)N15_M07_F10→(B1)N15_M01_F10; mix批次:····0; 批次:··470/·1880;  总正确率: 52.00%
类型1 正确率：  38.00% -> 1   38.30%, 2    0.90%, 3   60.80%
类型2 正确率：  68.00% -> 1    0.00%, 2   67.70%, 3   32.30%
类型3 正确率：  50.00% -> 1    0.00%, 2   50.00%, 3   50.00%


样本变换：reverse
样本变换：mask
样本变换：shift
样本变换：none
未过滤	未用伪标签：52.00% -> 使用伪标签：50.40%
已过滤	未用伪标签：52.03% -> 使用伪标签：50.51%
排除样本：13|6000	剩余：666, 2377, 2944
增添样本：2777		细则：2244, 533, 0	正确率估算：99.92%
类型1 正确率：  33.00% -> 1   33.40%, 2    0.95%, 3   65.65%
类型2 正确率：  68.00% -> 1    0.00%, 2   68.14%, 3   31.86%
类型3 正确率：  50.00% -> 1    0.00%, 2   50.00%, 3   50.00%

被排除样本 正确率：38.46%
类型1 正确率：  67.00% -> 1   66.67%, 2   16.67%, 3   16.67%
类型2 正确率：  14.00% -> 1    0.00%, 2   14.29%, 3   85.71%
类型3 没有样本或未被分类。


轮次:··6/·20 || c_Loss:0.367 || e_Loss:-1.383 || Aad_Loss:-30.349 || 耗时：33.32s
轮次:··7/·20 || c_Loss:0.384 || e_Loss:-0.893 || Aad_Loss:-30.887 || 耗时：12.47s
轮次:··8/·20 || c_Loss:0.374 || e_Loss:-1.482 || Aad_Loss:-31.484 || 耗时：12.49s
轮次:··9/·20 || c_Loss:0.428 || e_Loss:-1.470 || Aad_Loss:-31.982 || 耗时：12.50s
轮次:·10/·20 || c_Loss:0.392 || e_Loss:-0.855 || Aad_Loss:-31.676 || 耗时：12.48s
任务: (B2)N15_M07_F10→(B1)N15_M01_F10; mix批次:····0; 批次:··940/·1880;  总正确率: 50.30%
类型1 正确率：  33.00% -> 1   33.40%, 2    0.90%, 3   65.70%
类型2 正确率：  68.00% -> 1    0.00%, 2   67.50%, 3   32.50%
类型3 正确率：  50.00% -> 1    0.00%, 2   50.00%, 3   50.00%


样本变换：reverse
样本变换：mask
样本变换：shift
样本变换：none
未过滤	未用伪标签：50.30% -> 使用伪标签：50.13%
已过滤	未用伪标签：50.29% -> 使用伪标签：50.18%
排除样本：5|6000	剩余：660, 2365, 2970
增添样本：2847		细则：2276, 571, 0	正确率估算：100.00%
类型1 正确率：  33.00% -> 1   33.02%, 2    0.85%, 3   66.13%
类型2 正确率：  68.00% -> 1    0.00%, 2   67.54%, 3   32.46%
类型3 正确率：  50.00% -> 1    0.00%, 2   50.00%, 3   50.00%

被排除样本 正确率：60.00%
类型1 正确率：   0.00% -> 1    0.00%, 2  100.00%, 3    0.00%
类型2 正确率：  75.00% -> 1    0.00%, 2   75.00%, 3   25.00%
类型3 没有样本或未被分类。


轮次:·11/·20 || c_Loss:0.373 || e_Loss:-1.009 || Aad_Loss:-30.429 || 耗时：33.29s
轮次:·12/·20 || c_Loss:0.374 || e_Loss:-0.869 || Aad_Loss:-33.892 || 耗时：12.59s
轮次:·13/·20 || c_Loss:0.375 || e_Loss:-1.511 || Aad_Loss:-31.493 || 耗时：12.55s
轮次:·14/·20 || c_Loss:0.379 || e_Loss:-0.825 || Aad_Loss:-35.781 || 耗时：12.58s
轮次:·15/·20 || c_Loss:0.359 || e_Loss:-0.954 || Aad_Loss:-32.077 || 耗时：12.57s
任务: (B2)N15_M07_F10→(B1)N15_M01_F10; mix批次:····0; 批次:·1410/·1880;  总正确率: 50.12%
类型1 正确率：  33.00% -> 1   33.00%, 2    0.80%, 3   66.20%
类型2 正确率：  67.00% -> 1    0.00%, 2   67.35%, 3   32.65%
类型3 正确率：  50.00% -> 1    0.00%, 2   50.00%, 3   50.00%


样本变换：reverse
样本变换：mask
样本变换：shift
样本变换：none
未过滤	未用伪标签：50.12% -> 使用伪标签：50.07%
已过滤	未用伪标签：50.12% -> 使用伪标签：50.12%
排除样本：6|6000	剩余：660, 2359, 2975
增添样本：2863		细则：2281, 582, 0	正确率估算：100.00%
类型1 正确率：  33.00% -> 1   33.02%, 2    0.75%, 3   66.23%
类型2 正确率：  67.00% -> 1    0.00%, 2   67.37%, 3   32.63%
类型3 正确率：  50.00% -> 1    0.00%, 2   50.00%, 3   50.00%

被排除样本 正确率：50.00%
类型1 正确率：   0.00% -> 1    0.00%, 2  100.00%, 3    0.00%
类型2 正确率：  60.00% -> 1    0.00%, 2   60.00%, 3   40.00%
类型3 没有样本或未被分类。


轮次:·16/·20 || c_Loss:0.362 || e_Loss:-0.939 || Aad_Loss:-33.215 || 耗时：33.63s
轮次:·17/·20 || c_Loss:0.371 || e_Loss:-1.180 || Aad_Loss:-33.759 || 耗时：12.44s
轮次:·18/·20 || c_Loss:0.371 || e_Loss:-0.869 || Aad_Loss:-34.884 || 耗时：12.42s
轮次:·19/·20 || c_Loss:0.388 || e_Loss:-0.837 || Aad_Loss:-36.864 || 耗时：12.47s
轮次:·20/·20 || c_Loss:0.367 || e_Loss:-0.800 || Aad_Loss:-38.564 || 耗时：12.43s
任务: (B2)N15_M07_F10→(B1)N15_M01_F10; mix批次:····0; 批次:·1880/·1880;  总正确率: 50.08%
类型1 正确率：  33.00% -> 1   33.00%, 2    0.80%, 3   66.20%
类型2 正确率：  67.00% -> 1    0.00%, 2   67.25%, 3   32.75%
类型3 正确率：  50.00% -> 1    0.00%, 2   50.00%, 3   50.00%


测试集任务: (B2)N15_M07_F10→(B1)N15_M01_F10; 总正确率 = 50.08%
类型1 正确率：  33.00% -> 1   33.00%, 2    0.80%, 3   66.20%
类型2 正确率：  67.00% -> 1    0.00%, 2   67.25%, 3   32.75%
类型3 正确率：  50.00% -> 1    0.00%, 2   50.00%, 3   50.00%


