读取源域路径：/kaggle/working/k10/S00/weight_PU_M1_final_checkpoint_FS00toS00c_gatepcv_s2024/NEW_PU/Source-源域/log&pt/(B3)N15_M07_F04
excel输出位置：/kaggle/working/k10/S00/weight_PU_M1_final_checkpoint_FS00toS00c_gatepcv_s2024/NEW_PU/Target-目标域
特征图片输出位置：/kaggle/working/k10/S00/weight_PU_M1_final_checkpoint_FS00toS00c_gatepcv_s2024/NEW_PU/Picture-特征图/2026年09月16日00时33分/(B3)N15_M07_F04
现在选取:(B3)N15_M07_F04 进行训练的源模型
现在进行：(B3)N15_M07_F04→(B2)N15_M07_F10 的迁移任务
log&pt输出位置：/kaggle/working/k10/S00/weight_PU_M1_final_checkpoint_FS00toS00c_gatepcv_s2024/NEW_PU/Target-目标域/log&pt/(B3)N15_M07_F04→(B2)N15_M07_F10
任务: (B3)N15_M07_F04→(B2)N15_M07_F10; 批次:····0/·1880;  总正确率: 48.95%
类型1 正确率：  72.00% -> 1   72.20%, 2    0.00%, 3   27.80%
类型2 正确率：  57.00% -> 1    0.00%, 2   57.40%, 3   42.60%
类型3 正确率：  17.00% -> 1    0.00%, 2   82.75%, 3   17.25%


样本变换：reverse
样本变换：mask
样本变换：shift
样本变换：none
未过滤	未用伪标签：48.95% -> 使用伪标签：57.23%
已过滤	未用伪标签：49.16% -> 使用伪标签：59.38%
排除样本：217|6000	剩余：1997, 2631, 1155
增添样本：1208		细则：0, 366, 842	正确率估算：92.88%
类型1 正确率： 100.00% -> 1   99.95%, 2    0.00%, 3    0.05%
类型2 正确率：  57.00% -> 1    0.00%, 2   57.47%, 3   42.53%
类型3 正确率：  18.00% -> 1    0.00%, 2   81.59%, 3   18.41%

被排除样本 正确率：43.32%
类型1 正确率：   0.00% -> 1    0.00%, 2    0.00%, 3  100.00%
类型2 正确率：  51.00% -> 1    0.00%, 2   51.43%, 3   48.57%
类型3 正确率：  36.00% -> 1    0.00%, 2   63.64%, 3   36.36%


轮次:··1/·20 || c_Loss:0.547 || e_Loss:-1.551 || Aad_Loss:-26.684 || 耗时：33.09s
轮次:··2/·20 || c_Loss:0.431 || e_Loss:-1.611 || Aad_Loss:-27.589 || 耗时：12.42s
轮次:··3/·20 || c_Loss:0.420 || e_Loss:-1.651 || Aad_Loss:-22.927 || 耗时：12.43s
轮次:··4/·20 || c_Loss:0.419 || e_Loss:-1.675 || Aad_Loss:-20.325 || 耗时：12.45s
轮次:··5/·20 || c_Loss:0.445 || e_Loss:-1.681 || Aad_Loss:-23.137 || 耗时：12.44s
任务: (B3)N15_M07_F04→(B2)N15_M07_F10; mix批次:····0; 批次:··470/·1880;  总正确率: 66.33%
类型1 正确率： 100.00% -> 1  100.00%, 2    0.00%, 3    0.00%
类型2 正确率：  58.00% -> 1    0.00%, 2   58.35%, 3   41.65%
类型3 正确率：  41.00% -> 1    6.90%, 2   52.45%, 3   40.65%


样本变换：reverse
样本变换：mask
样本变换：shift
样本变换：none
未过滤	未用伪标签：66.33% -> 使用伪标签：66.93%
已过滤	未用伪标签：67.78% -> 使用伪标签：70.01%
排除样本：264|6000	剩余：2007, 2268, 1461
增添样本：574		细则：17, 0, 557	正确率估算：87.11%
类型1 正确率： 100.00% -> 1  100.00%, 2    0.00%, 3    0.00%
类型2 正确率：  64.00% -> 1    0.05%, 2   64.03%, 3   35.92%
类型3 正确率：  43.00% -> 1    0.34%, 2   56.98%, 3   42.68%

被排除样本 正确率：34.85%
类型1 没有样本或未被分类。
类型2 正确率：   0.00% -> 1    0.00%, 2    0.00%, 3  100.00%
类型3 正确率：  39.00% -> 1   10.92%, 2   50.42%, 3   38.66%


轮次:··6/·20 || c_Loss:0.368 || e_Loss:-1.419 || Aad_Loss:-26.721 || 耗时：32.88s
轮次:··7/·20 || c_Loss:0.445 || e_Loss:-1.588 || Aad_Loss:-27.415 || 耗时：12.48s
轮次:··8/·20 || c_Loss:0.349 || e_Loss:-1.553 || Aad_Loss:-26.414 || 耗时：12.46s
轮次:··9/·20 || c_Loss:0.386 || e_Loss:-1.575 || Aad_Loss:-25.702 || 耗时：12.45s
轮次:·10/·20 || c_Loss:0.359 || e_Loss:-1.500 || Aad_Loss:-27.394 || 耗时：12.50s
任务: (B3)N15_M07_F04→(B2)N15_M07_F10; mix批次:····0; 批次:··940/·1880;  总正确率: 70.07%
类型1 正确率： 100.00% -> 1  100.00%, 2    0.00%, 3    0.00%
类型2 正确率：  66.00% -> 1    0.00%, 2   65.80%, 3   34.20%
类型3 正确率：  44.00% -> 1    0.00%, 2   55.60%, 3   44.40%


样本变换：reverse
样本变换：mask
样本变换：shift
样本变换：none
未过滤	未用伪标签：70.07% -> 使用伪标签：71.62%
已过滤	未用伪标签：70.34% -> 使用伪标签：72.24%
排除样本：52|6000	剩余：2000, 2290, 1658
增添样本：854		细则：256, 0, 598	正确率估算：95.20%
类型1 正确率： 100.00% -> 1  100.00%, 2    0.00%, 3    0.00%
类型2 正确率：  66.00% -> 1    0.00%, 2   66.05%, 3   33.95%
类型3 正确率：  50.00% -> 1    0.00%, 2   49.82%, 3   50.18%

被排除样本 正确率：38.46%
类型1 正确率：  44.00% -> 1   44.44%, 2   55.56%
类型2 正确率：  37.00% -> 1   62.79%, 2   37.21%


轮次:·11/·20 || c_Loss:0.375 || e_Loss:-0.906 || Aad_Loss:-26.197 || 耗时：32.82s
轮次:·12/·20 || c_Loss:0.344 || e_Loss:-0.913 || Aad_Loss:-27.212 || 耗时：12.40s
轮次:·13/·20 || c_Loss:0.395 || e_Loss:-0.908 || Aad_Loss:-28.081 || 耗时：12.40s
轮次:·14/·20 || c_Loss:0.359 || e_Loss:-1.416 || Aad_Loss:-26.253 || 耗时：12.42s
轮次:·15/·20 || c_Loss:0.428 || e_Loss:-0.869 || Aad_Loss:-32.141 || 耗时：12.39s
任务: (B3)N15_M07_F04→(B2)N15_M07_F10; mix批次:····0; 批次:·1410/·1880;  总正确率: 72.17%
类型1 正确率： 100.00% -> 1  100.00%, 2    0.00%, 3    0.00%
类型2 正确率：  67.00% -> 1    0.00%, 2   66.65%, 3   33.35%
类型3 正确率：  50.00% -> 1    0.00%, 2   50.15%, 3   49.85%


样本变换：reverse
样本变换：mask
样本变换：shift
样本变换：none
未过滤	未用伪标签：72.17% -> 使用伪标签：72.22%
已过滤	未用伪标签：72.25% -> 使用伪标签：72.31%
排除样本：8|6000	剩余：2000, 2336, 1656
增添样本：1014		细则：335, 0, 679	正确率估算：99.90%
类型1 正确率： 100.00% -> 1  100.00%, 2    0.00%, 3    0.00%
类型2 正确率：  67.00% -> 1    0.00%, 2   66.98%, 3   33.02%
类型3 正确率：  50.00% -> 1    0.00%, 2   50.08%, 3   49.92%

被排除样本 正确率：12.50%
类型1 正确率：  14.00% -> 1   14.29%, 2   85.71%
类型2 正确率：   0.00% -> 1  100.00%, 2    0.00%


轮次:·16/·20 || c_Loss:0.398 || e_Loss:-0.880 || Aad_Loss:-30.203 || 耗时：32.87s
轮次:·17/·20 || c_Loss:0.416 || e_Loss:-0.957 || Aad_Loss:-30.800 || 耗时：12.44s
轮次:·18/·20 || c_Loss:0.385 || e_Loss:-0.961 || Aad_Loss:-27.591 || 耗时：12.48s
轮次:·19/·20 || c_Loss:0.393 || e_Loss:-0.985 || Aad_Loss:-30.715 || 耗时：12.45s
轮次:·20/·20 || c_Loss:0.393 || e_Loss:-0.935 || Aad_Loss:-26.814 || 耗时：12.45s
任务: (B3)N15_M07_F04→(B2)N15_M07_F10; mix批次:····0; 批次:·1880/·1880;  总正确率: 72.27%
类型1 正确率： 100.00% -> 1  100.00%, 2    0.00%, 3    0.00%
类型2 正确率：  67.00% -> 1    0.00%, 2   66.80%, 3   33.20%
类型3 正确率：  50.00% -> 1    0.00%, 2   50.00%, 3   50.00%


测试集任务: (B3)N15_M07_F04→(B2)N15_M07_F10; 总正确率 = 72.27%
类型1 正确率： 100.00% -> 1  100.00%, 2    0.00%, 3    0.00%
类型2 正确率：  67.00% -> 1    0.00%, 2   66.80%, 3   33.20%
类型3 正确率：  50.00% -> 1    0.00%, 2   50.00%, 3   50.00%


