读取源域路径：/kaggle/working/k10/S08/weight_PU_M1_final_checkpoint_FS08toS08c_gateoracle_s2024/NEW_PU/Source-源域/log&pt/(B2)N15_M07_F10
excel输出位置：/kaggle/working/k10/S08/weight_PU_M1_final_checkpoint_FS08toS08c_gateoracle_s2024/NEW_PU/Target-目标域
特征图片输出位置：/kaggle/working/k10/S08/weight_PU_M1_final_checkpoint_FS08toS08c_gateoracle_s2024/NEW_PU/Picture-特征图/2026年09月19日10时26分/(B2)N15_M07_F10
现在选取:(B2)N15_M07_F10 进行训练的源模型
现在进行：(B2)N15_M07_F10→(B3)N15_M07_F04 的迁移任务
log&pt输出位置：/kaggle/working/k10/S08/weight_PU_M1_final_checkpoint_FS08toS08c_gateoracle_s2024/NEW_PU/Target-目标域/log&pt/(B2)N15_M07_F10→(B3)N15_M07_F04
任务: (B2)N15_M07_F10→(B3)N15_M07_F04; 批次:····0/·1880;  总正确率: 38.50%
类型1 正确率： 100.00% -> 1  100.00%, 2    0.00%, 3    0.00%
类型2 正确率：  15.00% -> 1    1.30%, 2   15.15%, 3   83.55%
类型3 正确率：   0.00% -> 1    0.00%, 2   99.65%, 3    0.35%


样本变换：reverse
样本变换：mask
样本变换：shift
样本变换：none
未过滤	未用伪标签：38.50% -> 使用伪标签：39.85%
已过滤	未用伪标签：38.67% -> 使用伪标签：40.10%
排除样本：37|6000	剩余：2000, 2391, 1572
增添样本：1609		细则：0, 1609	正确率估算：78.52%
类型1 正确率： 100.00% -> 1  100.00%, 2    0.00%, 3    0.00%
类型2 正确率：  20.00% -> 1    0.00%, 2   19.92%, 3   80.08%
类型3 正确率：   0.00% -> 1    0.00%, 2  100.00%, 3    0.00%

被排除样本 正确率：10.81%
类型1 没有样本或未被分类。
类型2 正确率：  11.00% -> 1    5.41%, 2   10.81%, 3   83.78%
类型3 没有样本或未被分类。


轮次:··1/·20 || c_Loss:0.527 || e_Loss:-0.810 || Aad_Loss:-23.404 || 耗时：33.52s
轮次:··2/·20 || c_Loss:0.405 || e_Loss:-1.113 || Aad_Loss:-17.006 || 耗时：13.26s
轮次:··3/·20 || c_Loss:0.433 || e_Loss:-1.364 || Aad_Loss:-20.362 || 耗时：13.13s
轮次:··4/·20 || c_Loss:0.421 || e_Loss:-1.349 || Aad_Loss:-22.952 || 耗时：13.01s
轮次:··5/·20 || c_Loss:0.369 || e_Loss:-1.264 || Aad_Loss:-21.294 || 耗时：12.97s
任务: (B2)N15_M07_F10→(B3)N15_M07_F04; mix批次:····0; 批次:··470/·1880;  总正确率: 68.93%
类型1 正确率： 100.00% -> 1  100.00%, 2    0.00%, 3    0.00%
类型2 正确率：  82.00% -> 1    0.00%, 2   82.40%, 3   17.60%
类型3 正确率：  24.00% -> 1    0.00%, 2   75.60%, 3   24.40%


样本变换：reverse
样本变换：mask
样本变换：shift
样本变换：none
未过滤	未用伪标签：68.93% -> 使用伪标签：40.35%
已过滤	未用伪标签：68.65% -> 使用伪标签：40.72%
排除样本：54|6000	剩余：2000, 2408, 1538
增添样本：3579		细则：0, 1582, 1997	正确率估算：100.00%
类型1 正确率： 100.00% -> 1  100.00%, 2    0.00%, 3    0.00%
类型2 正确率：  21.00% -> 1    0.00%, 2   21.40%, 3   78.60%
类型3 正确率：   0.00% -> 1    0.00%, 2   99.85%, 3    0.15%

被排除样本 正确率：100.00%
类型1 正确率： 100.00% -> 1  100.00%, 2    0.00%
类型2 正确率： 100.00% -> 1    0.00%, 2  100.00%


轮次:··6/·20 || c_Loss:0.348 || e_Loss:-1.250 || Aad_Loss:-23.694 || 耗时：33.22s
轮次:··7/·20 || c_Loss:0.340 || e_Loss:-1.197 || Aad_Loss:-25.177 || 耗时：12.99s
轮次:··8/·20 || c_Loss:0.350 || e_Loss:-1.206 || Aad_Loss:-27.524 || 耗时：13.02s
轮次:··9/·20 || c_Loss:0.471 || e_Loss:-1.452 || Aad_Loss:-19.097 || 耗时：13.02s
轮次:·10/·20 || c_Loss:0.398 || e_Loss:-1.384 || Aad_Loss:-19.963 || 耗时：12.95s
任务: (B2)N15_M07_F10→(B3)N15_M07_F04; mix批次:····0; 批次:··940/·1880;  总正确率: 72.30%
类型1 正确率： 100.00% -> 1  100.00%, 2    0.00%, 3    0.00%
类型2 正确率：  95.00% -> 1    0.00%, 2   94.65%, 3    5.35%
类型3 正确率：  22.00% -> 1    0.00%, 2   77.75%, 3   22.25%


样本变换：reverse
样本变换：mask
样本变换：shift
样本变换：none
未过滤	未用伪标签：72.30% -> 使用伪标签：45.22%
已过滤	未用伪标签：72.14% -> 使用伪标签：46.38%
排除样本：150|6000	剩余：2000, 2242, 1608
增添样本：3287		细则：0, 1474, 1813	正确率估算：97.90%
类型1 正确率： 100.00% -> 1  100.00%, 2    0.00%, 3    0.00%
类型2 正确率：  27.00% -> 1    0.00%, 2   27.02%, 3   72.98%
类型3 正确率：  10.00% -> 1    0.00%, 2   90.17%, 3    9.83%

被排除样本 正确率：78.67%
类型1 正确率： 100.00% -> 1  100.00%, 2    0.00%
类型2 正确率：  67.00% -> 1   32.99%, 2   67.01%


轮次:·11/·20 || c_Loss:0.370 || e_Loss:-1.215 || Aad_Loss:-25.578 || 耗时：33.51s
轮次:·12/·20 || c_Loss:0.369 || e_Loss:-1.377 || Aad_Loss:-22.338 || 耗时：13.07s
轮次:·13/·20 || c_Loss:0.369 || e_Loss:-1.314 || Aad_Loss:-24.035 || 耗时：13.12s
轮次:·14/·20 || c_Loss:0.413 || e_Loss:-1.439 || Aad_Loss:-23.899 || 耗时：13.08s
轮次:·15/·20 || c_Loss:0.390 || e_Loss:-1.432 || Aad_Loss:-20.066 || 耗时：13.07s
任务: (B2)N15_M07_F10→(B3)N15_M07_F04; mix批次:····0; 批次:·1410/·1880;  总正确率: 81.67%
类型1 正确率： 100.00% -> 1  100.00%, 2    0.00%, 3    0.00%
类型2 正确率：  96.00% -> 1    0.00%, 2   96.00%, 3    4.00%
类型3 正确率：  49.00% -> 1    0.00%, 2   51.00%, 3   49.00%


样本变换：reverse
样本变换：mask
样本变换：shift
样本变换：none
未过滤	未用伪标签：81.67% -> 使用伪标签：83.78%
已过滤	未用伪标签：82.46% -> 使用伪标签：84.63%
排除样本：60|6000	剩余：2000, 2912, 1028
增添样本：973		细则：0, 1, 972	正确率估算：93.94%
类型1 正确率： 100.00% -> 1  100.00%, 2    0.00%, 3    0.00%
类型2 正确率： 100.00% -> 1    0.00%, 2  100.00%, 3    0.00%
类型3 正确率：  53.00% -> 1    0.00%, 2   47.04%, 3   52.96%

被排除样本 正确率：3.33%
类型1 正确率：   0.00% -> 1    0.00%, 2  100.00%
类型2 正确率：   3.00% -> 1   96.61%, 2    3.39%


轮次:·16/·20 || c_Loss:0.317 || e_Loss:-1.592 || Aad_Loss:-25.092 || 耗时：33.74s
轮次:·17/·20 || c_Loss:0.335 || e_Loss:-1.581 || Aad_Loss:-24.721 || 耗时：13.04s
轮次:·18/·20 || c_Loss:0.346 || e_Loss:-1.701 || Aad_Loss:-22.754 || 耗时：13.00s
轮次:·19/·20 || c_Loss:0.333 || e_Loss:-1.709 || Aad_Loss:-23.839 || 耗时：13.02s
轮次:·20/·20 || c_Loss:0.336 || e_Loss:-1.680 || Aad_Loss:-23.470 || 耗时：13.04s
任务: (B2)N15_M07_F10→(B3)N15_M07_F04; mix批次:····0; 批次:·1880/·1880;  总正确率: 92.12%
类型1 正确率： 100.00% -> 1  100.00%, 2    0.00%, 3    0.00%
类型2 正确率： 100.00% -> 1    0.00%, 2  100.00%, 3    0.00%
类型3 正确率：  76.00% -> 1    0.00%, 2   23.65%, 3   76.35%


测试集任务: (B2)N15_M07_F10→(B3)N15_M07_F04; 总正确率 = 92.12%
类型1 正确率： 100.00% -> 1  100.00%, 2    0.00%, 3    0.00%
类型2 正确率： 100.00% -> 1    0.00%, 2  100.00%, 3    0.00%
类型3 正确率：  76.00% -> 1    0.00%, 2   23.65%, 3   76.35%


