读取源域路径：/kaggle/working/k10/S08/weight_PU_M1_final_checkpoint_FS08toS08c_gateoracle_s2024/NEW_PU/Source-源域/log&pt/(B1)N15_M01_F10
excel输出位置：/kaggle/working/k10/S08/weight_PU_M1_final_checkpoint_FS08toS08c_gateoracle_s2024/NEW_PU/Target-目标域
特征图片输出位置：/kaggle/working/k10/S08/weight_PU_M1_final_checkpoint_FS08toS08c_gateoracle_s2024/NEW_PU/Picture-特征图/2026年09月19日10时14分/(B1)N15_M01_F10
现在选取:(B1)N15_M01_F10 进行训练的源模型
现在进行：(B1)N15_M01_F10→(B3)N15_M07_F04 的迁移任务
log&pt输出位置：/kaggle/working/k10/S08/weight_PU_M1_final_checkpoint_FS08toS08c_gateoracle_s2024/NEW_PU/Target-目标域/log&pt/(B1)N15_M01_F10→(B3)N15_M07_F04
任务: (B1)N15_M01_F10→(B3)N15_M07_F04; 批次:····0/·1880;  总正确率: 40.92%
类型1 正确率： 100.00% -> 1  100.00%, 2    0.00%, 3    0.00%
类型2 正确率：   7.00% -> 1    3.60%, 2    7.15%, 3   89.25%
类型3 正确率：  16.00% -> 1    6.80%, 2   77.60%, 3   15.60%


样本变换：reverse
样本变换：mask
样本变换：shift
样本变换：none
未过滤	未用伪标签：40.92% -> 使用伪标签：39.05%
已过滤	未用伪标签：40.88% -> 使用伪标签：39.33%
排除样本：43|6000	剩余：2000, 2342, 1615
增添样本：1657		细则：0, 1657	正确率估算：33.24%
类型1 正确率： 100.00% -> 1  100.00%, 2    0.00%, 3    0.00%
类型2 正确率：  18.00% -> 1    0.00%, 2   17.52%, 3   82.48%
类型3 正确率：   0.00% -> 1    0.00%, 2  100.00%, 3    0.00%

被排除样本 正确率：46.51%
类型1 没有样本或未被分类。
类型2 正确率：  45.00% -> 1    4.76%, 2   45.24%, 3   50.00%
类型3 正确率： 100.00% -> 1    0.00%, 2    0.00%, 3  100.00%


轮次:··1/·20 || c_Loss:0.369 || e_Loss:-0.862 || Aad_Loss:-21.127 || 耗时：33.72s
轮次:··2/·20 || c_Loss:0.352 || e_Loss:-1.193 || Aad_Loss:-17.953 || 耗时：13.19s
轮次:··3/·20 || c_Loss:0.397 || e_Loss:-1.395 || Aad_Loss:-16.631 || 耗时：12.98s
轮次:··4/·20 || c_Loss:0.338 || e_Loss:-1.348 || Aad_Loss:-26.434 || 耗时：12.90s
轮次:··5/·20 || c_Loss:0.379 || e_Loss:-1.397 || Aad_Loss:-18.012 || 耗时：12.84s
任务: (B1)N15_M01_F10→(B3)N15_M07_F04; mix批次:····0; 批次:··470/·1880;  总正确率: 66.10%
类型1 正确率： 100.00% -> 1  100.00%, 2    0.00%, 3    0.00%
类型2 正确率：  73.00% -> 1    0.00%, 2   72.90%, 3   27.10%
类型3 正确率：  25.00% -> 1   10.65%, 2   63.95%, 3   25.40%


样本变换：reverse
样本变换：mask
样本变换：shift
样本变换：none
未过滤	未用伪标签：66.10% -> 使用伪标签：39.48%
已过滤	未用伪标签：72.30% -> 使用伪标签：70.63%
排除样本：2646|6000	剩余：2000, 1351, 3
增添样本：3631		细则：0, 1634, 1997	正确率估算：99.73%
类型1 正确率： 100.00% -> 1  100.00%, 2    0.00%, 3    0.00%
类型2 正确率： 100.00% -> 1    0.00%, 2  100.00%, 3    0.00%
类型3 正确率：   0.00% -> 1    0.00%, 2   99.70%, 3    0.30%

被排除样本 正确率：58.24%
类型1 没有样本或未被分类。
类型2 正确率：  67.00% -> 1    0.00%, 2   66.89%, 3   33.11%
类型3 正确率：  44.00% -> 1   21.05%, 2   34.68%, 3   44.27%


轮次:··6/·20 || c_Loss:0.331 || e_Loss:-1.323 || Aad_Loss:-19.067 || 耗时：33.38s
轮次:··7/·20 || c_Loss:0.359 || e_Loss:-1.374 || Aad_Loss:-20.197 || 耗时：13.04s
轮次:··8/·20 || c_Loss:0.351 || e_Loss:-1.448 || Aad_Loss:-24.879 || 耗时：13.04s
轮次:··9/·20 || c_Loss:0.317 || e_Loss:-1.062 || Aad_Loss:-26.696 || 耗时：13.04s
轮次:·10/·20 || c_Loss:0.322 || e_Loss:-1.365 || Aad_Loss:-23.096 || 耗时：13.06s
任务: (B1)N15_M01_F10→(B3)N15_M07_F04; mix批次:····0; 批次:··940/·1880;  总正确率: 69.55%
类型1 正确率： 100.00% -> 1  100.00%, 2    0.00%, 3    0.00%
类型2 正确率：  81.00% -> 1    0.00%, 2   80.75%, 3   19.25%
类型3 正确率：  28.00% -> 1    4.60%, 2   67.50%, 3   27.90%


样本变换：reverse
样本变换：mask
样本变换：shift
样本变换：none
未过滤	未用伪标签：69.55% -> 使用伪标签：83.12%
已过滤	未用伪标签：69.55% -> 使用伪标签：83.26%
排除样本：10|6000	剩余：2000, 3003, 987
增添样本：1013		细则：0, 0, 1013	正确率估算：39.92%
类型1 正确率： 100.00% -> 1  100.00%, 2    0.00%, 3    0.00%
类型2 正确率： 100.00% -> 1    0.00%, 2  100.00%, 3    0.00%
类型3 正确率：  50.00% -> 1    0.00%, 2   50.40%, 3   49.60%

被排除样本 正确率：70.00%
类型1 没有样本或未被分类。
类型2 正确率：  70.00% -> 1   30.00%, 2   70.00%


轮次:·11/·20 || c_Loss:0.398 || e_Loss:-1.421 || Aad_Loss:-22.213 || 耗时：33.73s
轮次:·12/·20 || c_Loss:0.317 || e_Loss:-1.614 || Aad_Loss:-25.658 || 耗时：12.93s
轮次:·13/·20 || c_Loss:0.354 || e_Loss:-1.621 || Aad_Loss:-25.706 || 耗时：12.92s
轮次:·14/·20 || c_Loss:0.314 || e_Loss:-1.678 || Aad_Loss:-24.911 || 耗时：12.89s
轮次:·15/·20 || c_Loss:0.331 || e_Loss:-1.667 || Aad_Loss:-28.364 || 耗时：12.92s
任务: (B1)N15_M01_F10→(B3)N15_M07_F04; mix批次:····0; 批次:·1410/·1880;  总正确率: 89.98%
类型1 正确率： 100.00% -> 1  100.00%, 2    0.00%, 3    0.00%
类型2 正确率： 100.00% -> 1    0.00%, 2  100.00%, 3    0.00%
类型3 正确率：  70.00% -> 1    0.00%, 2   30.05%, 3   69.95%


样本变换：reverse
样本变换：mask
样本变换：shift
样本变换：none
未过滤	未用伪标签：89.98% -> 使用伪标签：83.97%
已过滤	未用伪标签：89.95% -> 使用伪标签：84.23%
排除样本：19|6000	剩余：2000, 2943, 1038
增添样本：962		细则：0, 0, 962	正确率估算：100.00%
类型1 正确率： 100.00% -> 1  100.00%, 2    0.00%, 3    0.00%
类型2 正确率： 100.00% -> 1    0.00%, 2  100.00%, 3    0.00%
类型3 正确率：  52.00% -> 1    0.00%, 2   47.60%, 3   52.40%

被排除样本 正确率：100.00%
类型1 正确率： 100.00% -> 1  100.00%


轮次:·16/·20 || c_Loss:0.331 || e_Loss:-1.781 || Aad_Loss:-24.684 || 耗时：33.57s
轮次:·17/·20 || c_Loss:0.345 || e_Loss:-1.601 || Aad_Loss:-24.022 || 耗时：13.01s
轮次:·18/·20 || c_Loss:0.350 || e_Loss:-1.797 || Aad_Loss:-25.308 || 耗时：13.03s
轮次:·19/·20 || c_Loss:0.336 || e_Loss:-1.732 || Aad_Loss:-24.529 || 耗时：13.04s
轮次:·20/·20 || c_Loss:0.340 || e_Loss:-1.793 || Aad_Loss:-25.280 || 耗时：13.05s
任务: (B1)N15_M01_F10→(B3)N15_M07_F04; mix批次:····0; 批次:·1880/·1880;  总正确率: 89.73%
类型1 正确率： 100.00% -> 1  100.00%, 2    0.00%, 3    0.00%
类型2 正确率： 100.00% -> 1    0.00%, 2  100.00%, 3    0.00%
类型3 正确率：  69.00% -> 1    0.00%, 2   30.80%, 3   69.20%


测试集任务: (B1)N15_M01_F10→(B3)N15_M07_F04; 总正确率 = 89.73%
类型1 正确率： 100.00% -> 1  100.00%, 2    0.00%, 3    0.00%
类型2 正确率： 100.00% -> 1    0.00%, 2  100.00%, 3    0.00%
类型3 正确率：  69.00% -> 1    0.00%, 2   30.80%, 3   69.20%


