读取源域路径：/kaggle/working/k10/S08/weight_PU_M1_final_checkpoint_FS08toS08c_gateoracle_s2024/NEW_PU/Source-源域/log&pt/(B2)N15_M07_F10
excel输出位置：/kaggle/working/k10/S08/weight_PU_M1_final_checkpoint_FS08toS08c_gateoracle_s2024/NEW_PU/Target-目标域
特征图片输出位置：/kaggle/working/k10/S08/weight_PU_M1_final_checkpoint_FS08toS08c_gateoracle_s2024/NEW_PU/Picture-特征图/2026年09月19日10时20分/(B2)N15_M07_F10
现在选取:(B2)N15_M07_F10 进行训练的源模型
现在进行：(B2)N15_M07_F10→(B1)N15_M01_F10 的迁移任务
log&pt输出位置：/kaggle/working/k10/S08/weight_PU_M1_final_checkpoint_FS08toS08c_gateoracle_s2024/NEW_PU/Target-目标域/log&pt/(B2)N15_M07_F10→(B1)N15_M01_F10
任务: (B2)N15_M07_F10→(B1)N15_M01_F10; 批次:····0/·1880;  总正确率: 38.72%
类型1 正确率： 100.00% -> 1  100.00%, 2    0.00%, 3    0.00%
类型2 正确率：  16.00% -> 1    2.25%, 2   16.15%, 3   81.60%
类型3 正确率：   0.00% -> 1    0.00%, 2  100.00%, 3    0.00%


样本变换：reverse
样本变换：mask
样本变换：shift
样本变换：none
未过滤	未用伪标签：38.72% -> 使用伪标签：40.03%
已过滤	未用伪标签：38.93% -> 使用伪标签：40.27%
排除样本：36|6000	剩余：2002, 2402, 1560
增添样本：1598		细则：0, 1598	正确率估算：79.35%
类型1 正确率： 100.00% -> 1  100.00%, 2    0.00%, 3    0.00%
类型2 正确率：  20.00% -> 1    0.10%, 2   20.47%, 3   79.43%
类型3 正确率：   0.00% -> 1    0.00%, 2  100.00%, 3    0.00%

被排除样本 正确率：2.78%
类型1 没有样本或未被分类。
类型2 正确率：   3.00% -> 1   16.67%, 2    2.78%, 3   80.56%
类型3 没有样本或未被分类。


轮次:··1/·20 || c_Loss:0.496 || e_Loss:-0.754 || Aad_Loss:-22.178 || 耗时：33.45s
轮次:··2/·20 || c_Loss:0.391 || e_Loss:-0.975 || Aad_Loss:-24.430 || 耗时：13.16s
轮次:··3/·20 || c_Loss:0.399 || e_Loss:-1.238 || Aad_Loss:-14.956 || 耗时：13.01s
轮次:··4/·20 || c_Loss:0.470 || e_Loss:-1.416 || Aad_Loss:-14.104 || 耗时：12.92s
轮次:··5/·20 || c_Loss:0.405 || e_Loss:-1.358 || Aad_Loss:-23.465 || 耗时：12.86s
任务: (B2)N15_M07_F10→(B1)N15_M01_F10; mix批次:····0; 批次:··470/·1880;  总正确率: 62.48%
类型1 正确率： 100.00% -> 1  100.00%, 2    0.00%, 3    0.00%
类型2 正确率：  86.00% -> 1    0.00%, 2   85.65%, 3   14.35%
类型3 正确率：   2.00% -> 1    0.20%, 2   98.00%, 3    1.80%


样本变换：reverse
样本变换：mask
样本变换：shift
样本变换：none
未过滤	未用伪标签：62.48% -> 使用伪标签：41.95%
已过滤	未用伪标签：62.35% -> 使用伪标签：42.10%
排除样本：22|6000	剩余：2000, 2517, 1461
增添样本：1483		细则：0, 1483	正确率估算：100.00%
类型1 正确率： 100.00% -> 1  100.00%, 2    0.00%, 3    0.00%
类型2 正确率：  26.00% -> 1    0.00%, 2   26.14%, 3   73.86%
类型3 正确率：   0.00% -> 1    0.00%, 2  100.00%, 3    0.00%

被排除样本 正确率：100.00%
类型1 正确率： 100.00% -> 1  100.00%


轮次:··6/·20 || c_Loss:0.394 || e_Loss:-1.348 || Aad_Loss:-22.443 || 耗时：33.33s
轮次:··7/·20 || c_Loss:0.385 || e_Loss:-1.359 || Aad_Loss:-26.095 || 耗时：13.04s
轮次:··8/·20 || c_Loss:0.375 || e_Loss:-1.286 || Aad_Loss:-18.782 || 耗时：13.09s
轮次:··9/·20 || c_Loss:0.395 || e_Loss:-1.367 || Aad_Loss:-18.883 || 耗时：13.11s
轮次:·10/·20 || c_Loss:0.372 || e_Loss:-1.347 || Aad_Loss:-24.101 || 耗时：13.09s
任务: (B2)N15_M07_F10→(B1)N15_M01_F10; mix批次:····0; 批次:··940/·1880;  总正确率: 65.02%
类型1 正确率： 100.00% -> 1  100.00%, 2    0.00%, 3    0.00%
类型2 正确率：  94.00% -> 1    0.00%, 2   94.50%, 3    5.50%
类型3 正确率：   1.00% -> 1    0.85%, 2   98.60%, 3    0.55%


样本变换：reverse
样本变换：mask
样本变换：shift
样本变换：none
未过滤	未用伪标签：65.02% -> 使用伪标签：42.97%
已过滤	未用伪标签：64.91% -> 使用伪标签：43.10%
排除样本：18|6000	剩余：2000, 2578, 1404
增添样本：1422		细则：0, 1422	正确率估算：100.00%
类型1 正确率： 100.00% -> 1  100.00%, 2    0.00%, 3    0.00%
类型2 正确率：  29.00% -> 1    0.00%, 2   29.16%, 3   70.84%
类型3 正确率：   0.00% -> 1    0.00%, 2  100.00%, 3    0.00%

被排除样本 正确率：100.00%
类型1 正确率： 100.00% -> 1  100.00%


轮次:·11/·20 || c_Loss:0.379 || e_Loss:-1.339 || Aad_Loss:-24.204 || 耗时：33.42s
轮次:·12/·20 || c_Loss:0.386 || e_Loss:-1.359 || Aad_Loss:-21.895 || 耗时：12.99s
轮次:·13/·20 || c_Loss:0.358 || e_Loss:-1.254 || Aad_Loss:-24.881 || 耗时：12.98s
轮次:·14/·20 || c_Loss:0.408 || e_Loss:-1.417 || Aad_Loss:-22.837 || 耗时：13.00s
轮次:·15/·20 || c_Loss:0.412 || e_Loss:-1.465 || Aad_Loss:-26.304 || 耗时：13.02s
任务: (B2)N15_M07_F10→(B1)N15_M01_F10; mix批次:····0; 批次:·1410/·1880;  总正确率: 65.23%
类型1 正确率： 100.00% -> 1  100.00%, 2    0.00%, 3    0.00%
类型2 正确率：  95.00% -> 1    0.00%, 2   95.00%, 3    5.00%
类型3 正确率：   1.00% -> 1    2.20%, 2   97.10%, 3    0.70%


样本变换：reverse
样本变换：mask
样本变换：shift
样本变换：none
未过滤	未用伪标签：65.23% -> 使用伪标签：44.05%
已过滤	未用伪标签：65.08% -> 使用伪标签：44.24%
排除样本：26|6000	剩余：2000, 2643, 1331
增添样本：1357		细则：0, 1357	正确率估算：100.00%
类型1 正确率： 100.00% -> 1  100.00%, 2    0.00%, 3    0.00%
类型2 正确率：  33.00% -> 1    0.00%, 2   32.57%, 3   67.43%
类型3 正确率：   0.00% -> 1    0.00%, 2  100.00%, 3    0.00%

被排除样本 正确率：100.00%
类型1 正确率： 100.00% -> 1  100.00%


轮次:·16/·20 || c_Loss:0.386 || e_Loss:-1.446 || Aad_Loss:-26.563 || 耗时：33.70s
轮次:·17/·20 || c_Loss:0.359 || e_Loss:-1.320 || Aad_Loss:-23.279 || 耗时：13.02s
轮次:·18/·20 || c_Loss:0.356 || e_Loss:-1.397 || Aad_Loss:-27.689 || 耗时：13.06s
轮次:·19/·20 || c_Loss:0.360 || e_Loss:-1.376 || Aad_Loss:-24.226 || 耗时：13.06s
轮次:·20/·20 || c_Loss:0.365 || e_Loss:-1.433 || Aad_Loss:-23.839 || 耗时：13.06s
任务: (B2)N15_M07_F10→(B1)N15_M01_F10; mix批次:····0; 批次:·1880/·1880;  总正确率: 65.37%
类型1 正确率： 100.00% -> 1  100.00%, 2    0.00%, 3    0.00%
类型2 正确率：  94.00% -> 1    0.00%, 2   93.65%, 3    6.35%
类型3 正确率：   2.00% -> 1    2.80%, 2   94.75%, 3    2.45%


测试集任务: (B2)N15_M07_F10→(B1)N15_M01_F10; 总正确率 = 65.37%
类型1 正确率： 100.00% -> 1  100.00%, 2    0.00%, 3    0.00%
类型2 正确率：  94.00% -> 1    0.00%, 2   93.65%, 3    6.35%
类型3 正确率：   2.00% -> 1    2.80%, 2   94.75%, 3    2.45%


