读取源域路径：/kaggle/working/k10/S08/weight_PU_M1_final_checkpoint_FS08toS08c_gateoracle_s2024/NEW_PU/Source-源域/log&pt/(B1)N15_M01_F10
excel输出位置：/kaggle/working/k10/S08/weight_PU_M1_final_checkpoint_FS08toS08c_gateoracle_s2024/NEW_PU/Target-目标域
特征图片输出位置：/kaggle/working/k10/S08/weight_PU_M1_final_checkpoint_FS08toS08c_gateoracle_s2024/NEW_PU/Picture-特征图/2026年09月19日10时08分/(B1)N15_M01_F10
现在选取:(B1)N15_M01_F10 进行训练的源模型
现在进行：(B1)N15_M01_F10→(B2)N15_M07_F10 的迁移任务
log&pt输出位置：/kaggle/working/k10/S08/weight_PU_M1_final_checkpoint_FS08toS08c_gateoracle_s2024/NEW_PU/Target-目标域/log&pt/(B1)N15_M01_F10→(B2)N15_M07_F10
任务: (B1)N15_M01_F10→(B2)N15_M07_F10; 批次:····0/·1880;  总正确率: 36.93%
类型1 正确率： 100.00% -> 1  100.00%, 2    0.00%, 3    0.00%
类型2 正确率：  11.00% -> 1    0.00%, 2   10.80%, 3   89.20%
类型3 正确率：   0.00% -> 1    0.00%, 2  100.00%, 3    0.00%


样本变换：reverse
样本变换：mask
样本变换：shift
样本变换：none
未过滤	未用伪标签：36.93% -> 使用伪标签：36.00%
已过滤	未用伪标签：36.72% -> 使用伪标签：36.41%
排除样本：68|6000	剩余：2000, 2160, 1772
增添样本：1840		细则：0, 1840	正确率估算：75.00%
类型1 正确率： 100.00% -> 1  100.00%, 2    0.00%, 3    0.00%
类型2 正确率：   8.00% -> 1    0.00%, 2    8.28%, 3   91.72%
类型3 正确率：   0.00% -> 1    0.00%, 2  100.00%, 3    0.00%

被排除样本 正确率：55.88%
类型1 正确率：  56.00% -> 1   55.88%, 2   44.12%
类型2 没有样本或未被分类。


轮次:··1/·20 || c_Loss:0.504 || e_Loss:-0.626 || Aad_Loss:-16.403 || 耗时：33.95s
轮次:··2/·20 || c_Loss:0.339 || e_Loss:-0.737 || Aad_Loss:-20.747 || 耗时：13.26s
轮次:··3/·20 || c_Loss:0.307 || e_Loss:-0.918 || Aad_Loss:-22.465 || 耗时：13.13s
轮次:··4/·20 || c_Loss:0.318 || e_Loss:-1.162 || Aad_Loss:-20.745 || 耗时：12.87s
轮次:··5/·20 || c_Loss:0.380 || e_Loss:-1.313 || Aad_Loss:-16.331 || 耗时：12.76s
任务: (B1)N15_M01_F10→(B2)N15_M07_F10; mix批次:····0; 批次:··470/·1880;  总正确率: 65.22%
类型1 正确率： 100.00% -> 1  100.00%, 2    0.00%, 3    0.00%
类型2 正确率：  65.00% -> 1    0.00%, 2   65.15%, 3   34.85%
类型3 正确率：  30.00% -> 1    9.50%, 2   60.00%, 3   30.50%


样本变换：reverse
样本变换：mask
样本变换：shift
样本变换：none
未过滤	未用伪标签：65.22% -> 使用伪标签：37.83%
已过滤	未用伪标签：64.84% -> 使用伪标签：38.24%
排除样本：64|6000	剩余：2000, 2270, 1666
增添样本：1730		细则：0, 1730	正确率估算：100.00%
类型1 正确率： 100.00% -> 1  100.00%, 2    0.00%, 3    0.00%
类型2 正确率：  14.00% -> 1    0.00%, 2   13.95%, 3   86.05%
类型3 正确率：   0.00% -> 1    0.00%, 2  100.00%, 3    0.00%

被排除样本 正确率：100.00%
类型1 正确率： 100.00% -> 1  100.00%


轮次:··6/·20 || c_Loss:0.332 || e_Loss:-1.251 || Aad_Loss:-17.288 || 耗时：33.10s
轮次:··7/·20 || c_Loss:0.333 || e_Loss:-1.363 || Aad_Loss:-20.372 || 耗时：13.13s
轮次:··8/·20 || c_Loss:0.385 || e_Loss:-1.224 || Aad_Loss:-12.667 || 耗时：13.20s
轮次:··9/·20 || c_Loss:0.350 || e_Loss:-1.402 || Aad_Loss:-19.088 || 耗时：13.15s
轮次:·10/·20 || c_Loss:0.367 || e_Loss:-1.319 || Aad_Loss:-15.386 || 耗时：13.06s
任务: (B1)N15_M01_F10→(B2)N15_M07_F10; mix批次:····0; 批次:··940/·1880;  总正确率: 71.47%
类型1 正确率： 100.00% -> 1  100.00%, 2    0.00%, 3    0.00%
类型2 正确率：  78.00% -> 1    0.00%, 2   78.00%, 3   22.00%
类型3 正确率：  36.00% -> 1   10.70%, 2   52.90%, 3   36.40%


样本变换：reverse
样本变换：mask
样本变换：shift
样本变换：none
未过滤	未用伪标签：71.47% -> 使用伪标签：41.80%
已过滤	未用伪标签：98.55% -> 使用伪标签：98.28%
排除样本：3448|6000	剩余：2000, 552
增添样本：1492		细则：0, 1492	正确率估算：99.61%
类型1 正确率： 100.00% -> 1  100.00%, 2    0.00%, 3    0.00%
类型2 正确率： 100.00% -> 1    0.00%, 2  100.00%, 3    0.00%
类型3 正确率：   0.00% -> 1    0.00%, 2  100.00%, 3    0.00%

被排除样本 正确率：51.42%
类型1 没有样本或未被分类。
类型2 正确率：  71.00% -> 1    0.00%, 2   70.58%, 3   29.42%
类型3 正确率：  37.00% -> 1   10.94%, 2   52.25%, 3   36.81%


轮次:·11/·20 || c_Loss:0.400 || e_Loss:-1.472 || Aad_Loss:-22.412 || 耗时：33.21s
轮次:·12/·20 || c_Loss:0.374 || e_Loss:-1.422 || Aad_Loss:-15.382 || 耗时：13.02s
轮次:·13/·20 || c_Loss:0.391 || e_Loss:-1.537 || Aad_Loss:-20.161 || 耗时：13.06s
轮次:·14/·20 || c_Loss:0.380 || e_Loss:-1.539 || Aad_Loss:-24.992 || 耗时：13.07s
轮次:·15/·20 || c_Loss:0.343 || e_Loss:-1.466 || Aad_Loss:-22.347 || 耗时：13.01s
任务: (B1)N15_M01_F10→(B2)N15_M07_F10; mix批次:····0; 批次:·1410/·1880;  总正确率: 76.68%
类型1 正确率： 100.00% -> 1  100.00%, 2    0.00%, 3    0.00%
类型2 正确率：  93.00% -> 1    0.00%, 2   93.05%, 3    6.95%
类型3 正确率：  37.00% -> 1   13.45%, 2   49.55%, 3   37.00%


样本变换：reverse
样本变换：mask
样本变换：shift
样本变换：none
未过滤	未用伪标签：76.68% -> 使用伪标签：98.68%
已过滤	未用伪标签：77.00% -> 使用伪标签：99.48%
排除样本：48|6000	剩余：2000, 1999, 1953
增添样本：79		细则：0, 22, 57	正确率估算：48.10%
类型1 正确率： 100.00% -> 1  100.00%, 2    0.00%, 3    0.00%
类型2 正确率：  99.00% -> 1    0.00%, 2   99.50%, 3    0.50%
类型3 正确率：  99.00% -> 1    0.00%, 2    1.07%, 3   98.93%

被排除样本 正确率：37.50%
类型1 正确率： 100.00% -> 1  100.00%, 2    0.00%
类型2 正确率：  17.00% -> 1   83.33%, 2   16.67%


轮次:·16/·20 || c_Loss:0.480 || e_Loss:-0.533 || Aad_Loss:-26.273 || 耗时：33.07s
轮次:·17/·20 || c_Loss:0.370 || e_Loss:-0.750 || Aad_Loss:-29.531 || 耗时：13.09s
轮次:·18/·20 || c_Loss:0.347 || e_Loss:-1.556 || Aad_Loss:-32.322 || 耗时：13.07s
轮次:·19/·20 || c_Loss:0.347 || e_Loss:-1.682 || Aad_Loss:-27.977 || 耗时：13.10s
轮次:·20/·20 || c_Loss:0.363 || e_Loss:-1.615 || Aad_Loss:-27.012 || 耗时：13.12s
任务: (B1)N15_M01_F10→(B2)N15_M07_F10; mix批次:····0; 批次:·1880/·1880;  总正确率: 99.85%
类型1 正确率： 100.00% -> 1  100.00%, 2    0.00%, 3    0.00%
类型2 正确率： 100.00% -> 1    0.00%, 2  100.00%, 3    0.00%
类型3 正确率： 100.00% -> 1    0.00%, 2    0.45%, 3   99.55%


测试集任务: (B1)N15_M01_F10→(B2)N15_M07_F10; 总正确率 = 99.85%
类型1 正确率： 100.00% -> 1  100.00%, 2    0.00%, 3    0.00%
类型2 正确率： 100.00% -> 1    0.00%, 2  100.00%, 3    0.00%
类型3 正确率： 100.00% -> 1    0.00%, 2    0.45%, 3   99.55%


