读取源域路径：/kaggle/working/k10/S08/weight_PU_M1_final_checkpoint_FS08toS08c_gateoracle_s2024/NEW_PU/Source-源域/log&pt/(B3)N15_M07_F04
excel输出位置：/kaggle/working/k10/S08/weight_PU_M1_final_checkpoint_FS08toS08c_gateoracle_s2024/NEW_PU/Target-目标域
特征图片输出位置：/kaggle/working/k10/S08/weight_PU_M1_final_checkpoint_FS08toS08c_gateoracle_s2024/NEW_PU/Picture-特征图/2026年09月19日10时32分/(B3)N15_M07_F04
现在选取:(B3)N15_M07_F04 进行训练的源模型
现在进行：(B3)N15_M07_F04→(B1)N15_M01_F10 的迁移任务
log&pt输出位置：/kaggle/working/k10/S08/weight_PU_M1_final_checkpoint_FS08toS08c_gateoracle_s2024/NEW_PU/Target-目标域/log&pt/(B3)N15_M07_F04→(B1)N15_M01_F10
任务: (B3)N15_M07_F04→(B1)N15_M01_F10; 批次:····0/·1880;  总正确率: 44.18%
类型1 正确率： 100.00% -> 1  100.00%, 2    0.00%, 3    0.00%
类型2 正确率：  33.00% -> 1    0.35%, 2   32.55%, 3   67.10%
类型3 正确率：   0.00% -> 1    0.00%, 2  100.00%, 3    0.00%


样本变换：reverse
样本变换：mask
样本变换：shift
样本变换：none
未过滤	未用伪标签：44.18% -> 使用伪标签：44.20%
已过滤	未用伪标签：44.20% -> 使用伪标签：44.42%
排除样本：30|6000	剩余：2000, 2652, 1318
增添样本：1348		细则：0, 1348	正确率估算：96.32%
类型1 正确率： 100.00% -> 1  100.00%, 2    0.00%, 3    0.00%
类型2 正确率：  33.00% -> 1    0.00%, 2   33.10%, 3   66.90%
类型3 正确率：   0.00% -> 1    0.00%, 2  100.00%, 3    0.00%

被排除样本 正确率：40.00%
类型1 没有样本或未被分类。
类型2 正确率：  40.00% -> 1    3.33%, 2   40.00%, 3   56.67%
类型3 没有样本或未被分类。


轮次:··1/·20 || c_Loss:0.499 || e_Loss:-0.906 || Aad_Loss:-25.016 || 耗时：34.03s
轮次:··2/·20 || c_Loss:0.414 || e_Loss:-1.182 || Aad_Loss:-24.767 || 耗时：13.32s
轮次:··3/·20 || c_Loss:0.462 || e_Loss:-1.419 || Aad_Loss:-24.206 || 耗时：13.19s
轮次:··4/·20 || c_Loss:0.474 || e_Loss:-1.463 || Aad_Loss:-19.740 || 耗时：13.05s
轮次:··5/·20 || c_Loss:0.402 || e_Loss:-1.403 || Aad_Loss:-24.570 || 耗时：12.95s
任务: (B3)N15_M07_F04→(B1)N15_M01_F10; mix批次:····0; 批次:··470/·1880;  总正确率: 70.85%
类型1 正确率： 100.00% -> 1  100.00%, 2    0.00%, 3    0.00%
类型2 正确率：  99.00% -> 1    0.00%, 2   98.65%, 3    1.35%
类型3 正确率：  14.00% -> 1    0.00%, 2   86.10%, 3   13.90%


样本变换：reverse
样本变换：mask
样本变换：shift
样本变换：none
未过滤	未用伪标签：70.85% -> 使用伪标签：98.02%
已过滤	未用伪标签：70.87% -> 使用伪标签：99.32%
排除样本：79|6000	剩余：2000, 1931, 1990
增添样本：119		细则：0, 78, 41	正确率估算：71.43%
类型1 正确率： 100.00% -> 1  100.00%, 2    0.00%, 3    0.00%
类型2 正确率：  98.00% -> 1    0.00%, 2   98.41%, 3    1.59%
类型3 正确率： 100.00% -> 1    0.00%, 2    0.46%, 3   99.54%

被排除样本 正确率：69.62%
类型1 正确率： 100.00% -> 1  100.00%, 2    0.00%
类型2 正确率：  25.00% -> 1   75.00%, 2   25.00%


轮次:··6/·20 || c_Loss:0.446 || e_Loss:-1.427 || Aad_Loss:-27.355 || 耗时：33.31s
轮次:··7/·20 || c_Loss:0.369 || e_Loss:-1.579 || Aad_Loss:-29.028 || 耗时：13.05s
轮次:··8/·20 || c_Loss:0.353 || e_Loss:-1.381 || Aad_Loss:-29.863 || 耗时：13.10s
轮次:··9/·20 || c_Loss:0.345 || e_Loss:-0.829 || Aad_Loss:-32.381 || 耗时：13.09s
轮次:·10/·20 || c_Loss:0.344 || e_Loss:-1.617 || Aad_Loss:-28.253 || 耗时：13.08s
任务: (B3)N15_M07_F04→(B1)N15_M01_F10; mix批次:····0; 批次:··940/·1880;  总正确率: 99.45%
类型1 正确率： 100.00% -> 1  100.00%, 2    0.00%, 3    0.00%
类型2 正确率：  98.00% -> 1    0.00%, 2   98.35%, 3    1.65%
类型3 正确率： 100.00% -> 1    0.00%, 2    0.00%, 3  100.00%


样本变换：reverse
样本变换：mask
样本变换：shift
样本变换：none
未过滤	未用伪标签：99.45% -> 使用伪标签：98.63%
已过滤	未用伪标签：99.45% -> 使用伪标签：98.78%
排除样本：9|6000	剩余：2000, 1918, 2073
增添样本：82		细则：0, 82, 0	正确率估算：100.00%
类型1 正确率： 100.00% -> 1  100.00%, 2    0.00%, 3    0.00%
类型2 正确率：  96.00% -> 1    0.00%, 2   96.33%, 3    3.67%
类型3 正确率： 100.00% -> 1    0.00%, 2    0.00%, 3  100.00%

被排除样本 正确率：100.00%
类型1 正确率： 100.00% -> 1  100.00%


轮次:·11/·20 || c_Loss:0.358 || e_Loss:-0.907 || Aad_Loss:-28.638 || 耗时：33.55s
轮次:·12/·20 || c_Loss:0.361 || e_Loss:-0.935 || Aad_Loss:-27.646 || 耗时：13.02s
轮次:·13/·20 || c_Loss:0.372 || e_Loss:-1.735 || Aad_Loss:-26.234 || 耗时：13.02s
轮次:·14/·20 || c_Loss:0.375 || e_Loss:-1.723 || Aad_Loss:-24.147 || 耗时：13.00s
轮次:·15/·20 || c_Loss:0.349 || e_Loss:-1.748 || Aad_Loss:-30.606 || 耗时：13.02s
任务: (B3)N15_M07_F04→(B1)N15_M01_F10; mix批次:····0; 批次:·1410/·1880;  总正确率: 99.45%
类型1 正确率： 100.00% -> 1  100.00%, 2    0.00%, 3    0.00%
类型2 正确率：  98.00% -> 1    0.00%, 2   98.35%, 3    1.65%
类型3 正确率： 100.00% -> 1    0.00%, 2    0.00%, 3  100.00%


样本变换：reverse
样本变换：mask
样本变换：shift
样本变换：none
未过滤	未用伪标签：99.45% -> 使用伪标签：98.63%
已过滤	未用伪标签：99.45% -> 使用伪标签：98.75%
排除样本：7|6000	剩余：2000, 1918, 2075
增添样本：82		细则：0, 82, 0	正确率估算：100.00%
类型1 正确率： 100.00% -> 1  100.00%, 2    0.00%, 3    0.00%
类型2 正确率：  96.00% -> 1    0.00%, 2   96.24%, 3    3.76%
类型3 正确率： 100.00% -> 1    0.00%, 2    0.00%, 3  100.00%

被排除样本 正确率：100.00%
类型1 正确率： 100.00% -> 1  100.00%


轮次:·16/·20 || c_Loss:0.363 || e_Loss:-0.938 || Aad_Loss:-29.248 || 耗时：33.62s
轮次:·17/·20 || c_Loss:0.354 || e_Loss:-1.885 || Aad_Loss:-28.070 || 耗时：13.08s
轮次:·18/·20 || c_Loss:0.369 || e_Loss:-1.766 || Aad_Loss:-26.722 || 耗时：13.09s
轮次:·19/·20 || c_Loss:0.367 || e_Loss:-1.739 || Aad_Loss:-25.283 || 耗时：13.16s
轮次:·20/·20 || c_Loss:0.349 || e_Loss:-1.772 || Aad_Loss:-30.882 || 耗时：13.09s
任务: (B3)N15_M07_F04→(B1)N15_M01_F10; mix批次:····0; 批次:·1880/·1880;  总正确率: 99.45%
类型1 正确率： 100.00% -> 1  100.00%, 2    0.00%, 3    0.00%
类型2 正确率：  98.00% -> 1    0.00%, 2   98.35%, 3    1.65%
类型3 正确率： 100.00% -> 1    0.00%, 2    0.00%, 3  100.00%


测试集任务: (B3)N15_M07_F04→(B1)N15_M01_F10; 总正确率 = 99.45%
类型1 正确率： 100.00% -> 1  100.00%, 2    0.00%, 3    0.00%
类型2 正确率：  98.00% -> 1    0.00%, 2   98.35%, 3    1.65%
类型3 正确率： 100.00% -> 1    0.00%, 2    0.00%, 3  100.00%


