读取源域路径：/kaggle/working/k10/S08/weight_PU_M1_final_checkpoint_FS08toS08c_gateoracle_s2024/NEW_PU/Source-源域/log&pt/(B3)N15_M07_F04
excel输出位置：/kaggle/working/k10/S08/weight_PU_M1_final_checkpoint_FS08toS08c_gateoracle_s2024/NEW_PU/Target-目标域
特征图片输出位置：/kaggle/working/k10/S08/weight_PU_M1_final_checkpoint_FS08toS08c_gateoracle_s2024/NEW_PU/Picture-特征图/2026年09月19日10时38分/(B3)N15_M07_F04
现在选取:(B3)N15_M07_F04 进行训练的源模型
现在进行：(B3)N15_M07_F04→(B2)N15_M07_F10 的迁移任务
log&pt输出位置：/kaggle/working/k10/S08/weight_PU_M1_final_checkpoint_FS08toS08c_gateoracle_s2024/NEW_PU/Target-目标域/log&pt/(B3)N15_M07_F04→(B2)N15_M07_F10
任务: (B3)N15_M07_F04→(B2)N15_M07_F10; 批次:····0/·1880;  总正确率: 42.55%
类型1 正确率： 100.00% -> 1  100.00%, 2    0.00%, 3    0.00%
类型2 正确率：  28.00% -> 1    0.00%, 2   27.65%, 3   72.35%
类型3 正确率：   0.00% -> 1    0.00%, 2  100.00%, 3    0.00%


样本变换：reverse
样本变换：mask
样本变换：shift
样本变换：none
未过滤	未用伪标签：42.55% -> 使用伪标签：42.12%
已过滤	未用伪标签：42.55% -> 使用伪标签：42.57%
排除样本：64|6000	剩余：2000, 2527, 1409
增添样本：1473		细则：0, 1473	正确率估算：95.45%
类型1 正确率： 100.00% -> 1  100.00%, 2    0.00%, 3    0.00%
类型2 正确率：  27.00% -> 1    0.00%, 2   27.22%, 3   72.78%
类型3 正确率：   0.00% -> 1    0.00%, 2  100.00%, 3    0.00%

被排除样本 正确率：42.19%
类型1 正确率：  42.00% -> 1   42.19%, 2   57.81%
类型2 没有样本或未被分类。


轮次:··1/·20 || c_Loss:0.539 || e_Loss:-0.888 || Aad_Loss:-16.033 || 耗时：33.77s
轮次:··2/·20 || c_Loss:0.423 || e_Loss:-1.339 || Aad_Loss:-19.331 || 耗时：13.33s
轮次:··3/·20 || c_Loss:0.394 || e_Loss:-1.383 || Aad_Loss:-21.130 || 耗时：13.30s
轮次:··4/·20 || c_Loss:0.373 || e_Loss:-1.278 || Aad_Loss:-27.401 || 耗时：13.20s
轮次:··5/·20 || c_Loss:0.381 || e_Loss:-1.376 || Aad_Loss:-20.831 || 耗时：13.15s
任务: (B3)N15_M07_F04→(B2)N15_M07_F10; mix批次:····0; 批次:··470/·1880;  总正确率: 73.23%
类型1 正确率： 100.00% -> 1  100.00%, 2    0.00%, 3    0.00%
类型2 正确率： 100.00% -> 1    0.00%, 2   99.50%, 3    0.50%
类型3 正确率：  20.00% -> 1    0.95%, 2   78.85%, 3   20.20%


样本变换：reverse
样本变换：mask
样本变换：shift
样本变换：none
未过滤	未用伪标签：73.23% -> 使用伪标签：98.20%
已过滤	未用伪标签：73.67% -> 使用伪标签：98.99%
排除样本：48|6000	剩余：2000, 2053, 1899
增添样本：108		细则：0, 5, 103	正确率估算：32.41%
类型1 正确率： 100.00% -> 1  100.00%, 2    0.00%, 3    0.00%
类型2 正确率： 100.00% -> 1    0.00%, 2   99.90%, 3    0.10%
类型3 正确率：  97.00% -> 1    0.00%, 2    2.97%, 3   97.03%

被排除样本 正确率：18.75%
类型1 正确率： 100.00% -> 1  100.00%, 2    0.00%
类型2 正确率：  13.00% -> 1   86.67%, 2   13.33%


轮次:··6/·20 || c_Loss:0.381 || e_Loss:-0.700 || Aad_Loss:-31.887 || 耗时：33.67s
轮次:··7/·20 || c_Loss:0.360 || e_Loss:-1.515 || Aad_Loss:-27.906 || 耗时：13.14s
轮次:··8/·20 || c_Loss:0.350 || e_Loss:-1.589 || Aad_Loss:-26.276 || 耗时：13.20s
轮次:··9/·20 || c_Loss:0.349 || e_Loss:-1.691 || Aad_Loss:-26.248 || 耗时：13.26s
轮次:·10/·20 || c_Loss:0.358 || e_Loss:-1.587 || Aad_Loss:-26.645 || 耗时：13.23s
任务: (B3)N15_M07_F04→(B2)N15_M07_F10; mix批次:····0; 批次:··940/·1880;  总正确率: 99.42%
类型1 正确率： 100.00% -> 1  100.00%, 2    0.00%, 3    0.00%
类型2 正确率： 100.00% -> 1    0.00%, 2  100.00%, 3    0.00%
类型3 正确率：  98.00% -> 1    0.00%, 2    1.75%, 3   98.25%


样本变换：reverse
样本变换：mask
样本变换：shift
样本变换：none
未过滤	未用伪标签：99.42% -> 使用伪标签：100.00%
已过滤	未用伪标签：99.42% -> 使用伪标签：100.00%
排除样本：2000|6000	剩余：2000, 2000
增添样本：0		细则：0, 0, 0类型1 正确率： 100.00% -> 1  100.00%, 2    0.00%, 3    0.00%
类型2 正确率： 100.00% -> 1    0.00%, 2  100.00%, 3    0.00%
类型3 正确率： 100.00% -> 1    0.00%, 2    0.00%, 3  100.00%

被排除样本 正确率：nan%


轮次:·11/·20 || c_Loss:0.379 || e_Loss:-0.991 || Aad_Loss:-23.117 || 耗时：33.73s
轮次:·12/·20 || c_Loss:0.390 || e_Loss:-0.962 || Aad_Loss:-24.020 || 耗时：13.14s
轮次:·13/·20 || c_Loss:0.397 || e_Loss:-1.021 || Aad_Loss:-21.915 || 耗时：13.14s
轮次:·14/·20 || c_Loss:0.411 || e_Loss:-0.965 || Aad_Loss:-21.327 || 耗时：13.15s
轮次:·15/·20 || c_Loss:0.404 || e_Loss:-0.960 || Aad_Loss:-20.389 || 耗时：13.12s
任务: (B3)N15_M07_F04→(B2)N15_M07_F10; mix批次:····0; 批次:·1410/·1880;  总正确率: 100.00%
类型1 正确率： 100.00% -> 1  100.00%, 2    0.00%, 3    0.00%
类型2 正确率： 100.00% -> 1    0.00%, 2  100.00%, 3    0.00%
类型3 正确率： 100.00% -> 1    0.00%, 2    0.00%, 3  100.00%


样本变换：reverse
样本变换：mask
样本变换：shift
样本变换：none
未过滤	未用伪标签：100.00% -> 使用伪标签：99.97%
已过滤	未用伪标签：100.00% -> 使用伪标签：100.00%
排除样本：2|6000	剩余：2000, 1998, 2000
增添样本：2		细则：0, 2, 0	正确率估算：100.00%
类型1 正确率： 100.00% -> 1  100.00%, 2    0.00%, 3    0.00%
类型2 正确率： 100.00% -> 1    0.00%, 2  100.00%, 3    0.00%
类型3 正确率： 100.00% -> 1    0.00%, 2    0.00%, 3  100.00%

被排除样本 正确率：100.00%
类型1 正确率： 100.00% -> 1  100.00%


轮次:·16/·20 || c_Loss:0.405 || e_Loss:-0.986 || Aad_Loss:-24.756 || 耗时：33.71s
轮次:·17/·20 || c_Loss:0.401 || e_Loss:-1.012 || Aad_Loss:-22.750 || 耗时：13.07s
轮次:·18/·20 || c_Loss:0.389 || e_Loss:-0.974 || Aad_Loss:-21.708 || 耗时：13.13s
轮次:·19/·20 || c_Loss:0.393 || e_Loss:-1.005 || Aad_Loss:-23.322 || 耗时：13.12s
轮次:·20/·20 || c_Loss:0.397 || e_Loss:-0.999 || Aad_Loss:-24.422 || 耗时：13.16s
任务: (B3)N15_M07_F04→(B2)N15_M07_F10; mix批次:····0; 批次:·1880/·1880;  总正确率: 99.98%
类型1 正确率： 100.00% -> 1  100.00%, 2    0.00%, 3    0.00%
类型2 正确率： 100.00% -> 1    0.00%, 2  100.00%, 3    0.00%
类型3 正确率： 100.00% -> 1    0.00%, 2    0.05%, 3   99.95%


测试集任务: (B3)N15_M07_F04→(B2)N15_M07_F10; 总正确率 = 99.98%
类型1 正确率： 100.00% -> 1  100.00%, 2    0.00%, 3    0.00%
类型2 正确率： 100.00% -> 1    0.00%, 2  100.00%, 3    0.00%
类型3 正确率： 100.00% -> 1    0.00%, 2    0.05%, 3   99.95%


