读取源域路径：/kaggle/working/m0/weight_PU_final_checkpoint_s2024/NEW_PU/Source-源域/log&pt/(B1)N15_M01_F10
excel输出位置：/kaggle/working/m0/weight_PU_final_checkpoint_s2024/NEW_PU/Target-目标域
特征图片输出位置：/kaggle/working/m0/weight_PU_final_checkpoint_s2024/NEW_PU/Picture-特征图/2026年09月13日10时04分/(B1)N15_M01_F10
现在选取:(B1)N15_M01_F10 进行训练的源模型
现在进行：(B1)N15_M01_F10→(B2)N15_M07_F10 的迁移任务
log&pt输出位置：/kaggle/working/m0/weight_PU_final_checkpoint_s2024/NEW_PU/Target-目标域/log&pt/(B1)N15_M01_F10→(B2)N15_M07_F10
任务: (B1)N15_M01_F10→(B2)N15_M07_F10; 批次:····0/·5000;  总正确率: 99.93%
类型1 正确率： 100.00% -> 1  100.00%, 2    0.00%, 3    0.00%, 4    0.00%, 5    0.00%, 6    0.00%, 7    0.00%, 8    0.00%
类型2 正确率： 100.00% -> 1    0.00%, 2  100.00%, 3    0.00%, 4    0.00%, 5    0.00%, 6    0.00%, 7    0.00%, 8    0.00%
类型3 正确率： 100.00% -> 1    0.00%, 2    0.00%, 3  100.00%, 4    0.00%, 5    0.00%, 6    0.00%, 7    0.00%, 8    0.00%
类型4 正确率： 100.00% -> 1    0.00%, 2    0.00%, 3    0.00%, 4   99.90%, 5    0.00%, 6    0.00%, 7    0.10%, 8    0.00%
类型5 正确率： 100.00% -> 1    0.00%, 2    0.00%, 3    0.00%, 4    0.00%, 5  100.00%, 6    0.00%, 7    0.00%, 8    0.00%
类型6 正确率： 100.00% -> 1    0.00%, 2    0.00%, 3    0.45%, 4    0.00%, 5    0.00%, 6   99.55%, 7    0.00%, 8    0.00%
类型7 正确率： 100.00% -> 1    0.00%, 2    0.00%, 3    0.00%, 4    0.00%, 5    0.00%, 6    0.00%, 7  100.00%, 8    0.00%
类型8 正确率： 100.00% -> 1    0.00%, 2    0.00%, 3    0.00%, 4    0.00%, 5    0.00%, 6    0.00%, 7    0.00%, 8  100.00%


样本变换：reverse
样本变换：mask
样本变换：shift
样本变换：none
未过滤	未用伪标签：99.93% -> 使用伪标签：99.91%
已过滤	未用伪标签：99.94% -> 使用伪标签：99.94%
排除样本：5|16000	剩余：2000, 2001, 2007, 2000, 2000, 1993, 1998, 1996
增添样本：61		细则：7, 6, 0, 7, 7, 14, 9, 11	正确率估算：100.00%
类型1 正确率： 100.00% -> 1  100.00%, 2    0.00%, 3    0.00%, 4    0.00%, 5    0.00%, 6    0.00%, 7    0.00%, 8    0.00%
类型2 正确率： 100.00% -> 1    0.00%, 2  100.00%, 3    0.00%, 4    0.00%, 5    0.00%, 6    0.00%, 7    0.00%, 8    0.00%
类型3 正确率： 100.00% -> 1    0.00%, 2    0.00%, 3  100.00%, 4    0.00%, 5    0.00%, 6    0.00%, 7    0.00%, 8    0.00%
类型4 正确率： 100.00% -> 1    0.00%, 2    0.00%, 3    0.00%, 4  100.00%, 5    0.00%, 6    0.00%, 7    0.00%, 8    0.00%
类型5 正确率： 100.00% -> 1    0.00%, 2    0.00%, 3    0.00%, 4    0.00%, 5  100.00%, 6    0.00%, 7    0.00%, 8    0.00%
类型6 正确率： 100.00% -> 1    0.00%, 2    0.00%, 3    0.30%, 4    0.00%, 5    0.00%, 6   99.70%, 7    0.00%, 8    0.00%
类型7 正确率： 100.00% -> 1    0.00%, 2    0.05%, 3    0.10%, 4    0.00%, 5    0.00%, 6    0.00%, 7   99.85%, 8    0.00%
类型8 正确率： 100.00% -> 1    0.00%, 2    0.00%, 3    0.00%, 4    0.00%, 5    0.00%, 6    0.00%, 7    0.05%, 8   99.95%

被排除样本 正确率：80.00%
类型1 正确率： 100.00% -> 1  100.00%, 2    0.00%, 3    0.00%
类型2 正确率：   0.00% -> 1  100.00%, 2    0.00%, 3    0.00%
类型3 正确率： 100.00% -> 1    0.00%, 2    0.00%, 3  100.00%


轮次:··1/·20 || c_Loss:0.821 || e_Loss:-1.887 || Aad_Loss:-11.095 || 耗时：83.74s
轮次:··2/·20 || c_Loss:0.694 || e_Loss:-1.935 || Aad_Loss:-10.726 || 耗时：35.46s
轮次:··3/·20 || c_Loss:0.666 || e_Loss:-1.882 || Aad_Loss:-11.331 || 耗时：35.51s
轮次:··4/·20 || c_Loss:0.661 || e_Loss:-1.853 || Aad_Loss:-11.044 || 耗时：35.48s
轮次:··5/·20 || c_Loss:0.666 || e_Loss:-1.885 || Aad_Loss:-10.875 || 耗时：35.50s
任务: (B1)N15_M01_F10→(B2)N15_M07_F10; mix批次:····0; 批次:·1250/·5000;  总正确率: 99.92%
类型1 正确率： 100.00% -> 1  100.00%, 2    0.00%, 3    0.00%, 4    0.00%, 5    0.00%, 6    0.00%, 7    0.00%, 8    0.00%
类型2 正确率： 100.00% -> 1    0.00%, 2  100.00%, 3    0.00%, 4    0.00%, 5    0.00%, 6    0.00%, 7    0.00%, 8    0.00%
类型3 正确率： 100.00% -> 1    0.00%, 2    0.00%, 3   99.90%, 4    0.00%, 5    0.00%, 6    0.10%, 7    0.00%, 8    0.00%
类型4 正确率： 100.00% -> 1    0.00%, 2    0.00%, 3    0.10%, 4   99.80%, 5    0.00%, 6    0.00%, 7    0.10%, 8    0.00%
类型5 正确率： 100.00% -> 1    0.00%, 2    0.00%, 3    0.00%, 4    0.00%, 5  100.00%, 6    0.00%, 7    0.00%, 8    0.00%
类型6 正确率： 100.00% -> 1    0.00%, 2    0.00%, 3    0.35%, 4    0.00%, 5    0.00%, 6   99.65%, 7    0.00%, 8    0.00%
类型7 正确率： 100.00% -> 1    0.00%, 2    0.00%, 3    0.00%, 4    0.00%, 5    0.00%, 6    0.00%, 7  100.00%, 8    0.00%
类型8 正确率： 100.00% -> 1    0.00%, 2    0.00%, 3    0.00%, 4    0.00%, 5    0.00%, 6    0.00%, 7    0.00%, 8  100.00%


样本变换：reverse
样本变换：mask
样本变换：shift
样本变换：none
未过滤	未用伪标签：99.92% -> 使用伪标签：99.71%
已过滤	未用伪标签：99.93% -> 使用伪标签：99.81%
排除样本：16|16000	剩余：2000, 2000, 2024, 2001, 2000, 1976, 1986, 1997
增添样本：208		细则：24, 24, 0, 23, 24, 48, 38, 27	正确率估算：100.00%
类型1 正确率： 100.00% -> 1  100.00%, 2    0.00%, 3    0.00%, 4    0.00%, 5    0.00%, 6    0.00%, 7    0.00%, 8    0.00%
类型2 正确率： 100.00% -> 1    0.00%, 2  100.00%, 3    0.00%, 4    0.00%, 5    0.00%, 6    0.00%, 7    0.00%, 8    0.00%
类型3 正确率： 100.00% -> 1    0.00%, 2    0.00%, 3   99.95%, 4    0.00%, 5    0.00%, 6    0.05%, 7    0.00%, 8    0.00%
类型4 正确率： 100.00% -> 1    0.00%, 2    0.00%, 3    0.00%, 4  100.00%, 5    0.00%, 6    0.00%, 7    0.00%, 8    0.00%
类型5 正确率： 100.00% -> 1    0.00%, 2    0.00%, 3    0.00%, 4    0.00%, 5  100.00%, 6    0.00%, 7    0.00%, 8    0.00%
类型6 正确率：  99.00% -> 1    0.00%, 2    0.00%, 3    1.00%, 4    0.00%, 5    0.00%, 6   99.00%, 7    0.00%, 8    0.00%
类型7 正确率： 100.00% -> 1    0.00%, 2    0.00%, 3    0.25%, 4    0.15%, 5    0.00%, 6    0.05%, 7   99.55%, 8    0.00%
类型8 正确率： 100.00% -> 1    0.00%, 2    0.00%, 3    0.00%, 4    0.00%, 5    0.00%, 6    0.05%, 7    0.00%, 8   99.95%

被排除样本 正确率：87.50%
类型1 没有样本或未被分类。
类型2 正确率：   0.00% -> 1   50.00%, 2    0.00%, 3    0.00%, 4   50.00%, 5    0.00%
类型3 正确率： 100.00% -> 1    0.00%, 2    0.00%, 3  100.00%, 4    0.00%, 5    0.00%
类型4 正确率： 100.00% -> 1    0.00%, 2    0.00%, 3    0.00%, 4  100.00%, 5    0.00%
类型5 正确率： 100.00% -> 1    0.00%, 2    0.00%, 3    0.00%, 4    0.00%, 5  100.00%


轮次:··6/·20 || c_Loss:0.641 || e_Loss:-1.857 || Aad_Loss:-11.045 || 耗时：82.84s
轮次:··7/·20 || c_Loss:0.640 || e_Loss:-1.907 || Aad_Loss:-11.037 || 耗时：35.39s
轮次:··8/·20 || c_Loss:0.631 || e_Loss:-1.880 || Aad_Loss:-11.465 || 耗时：35.38s
轮次:··9/·20 || c_Loss:0.645 || e_Loss:-1.895 || Aad_Loss:-10.801 || 耗时：35.40s
轮次:·10/·20 || c_Loss:0.651 || e_Loss:-1.823 || Aad_Loss:-11.764 || 耗时：35.37s
任务: (B1)N15_M01_F10→(B2)N15_M07_F10; mix批次:····0; 批次:·2500/·5000;  总正确率: 99.93%
类型1 正确率： 100.00% -> 1  100.00%, 2    0.00%, 3    0.00%, 4    0.00%, 5    0.00%, 6    0.00%, 7    0.00%, 8    0.00%
类型2 正确率： 100.00% -> 1    0.00%, 2  100.00%, 3    0.00%, 4    0.00%, 5    0.00%, 6    0.00%, 7    0.00%, 8    0.00%
类型3 正确率： 100.00% -> 1    0.00%, 2    0.00%, 3   99.95%, 4    0.00%, 5    0.00%, 6    0.05%, 7    0.00%, 8    0.00%
类型4 正确率： 100.00% -> 1    0.00%, 2    0.00%, 3    0.05%, 4   99.95%, 5    0.00%, 6    0.00%, 7    0.00%, 8    0.00%
类型5 正确率： 100.00% -> 1    0.00%, 2    0.00%, 3    0.00%, 4    0.00%, 5  100.00%, 6    0.00%, 7    0.00%, 8    0.00%
类型6 正确率： 100.00% -> 1    0.00%, 2    0.00%, 3    0.45%, 4    0.00%, 5    0.00%, 6   99.55%, 7    0.00%, 8    0.00%
类型7 正确率： 100.00% -> 1    0.00%, 2    0.00%, 3    0.00%, 4    0.00%, 5    0.00%, 6    0.00%, 7  100.00%, 8    0.00%
类型8 正确率： 100.00% -> 1    0.00%, 2    0.00%, 3    0.00%, 4    0.00%, 5    0.00%, 6    0.00%, 7    0.00%, 8  100.00%


样本变换：reverse
样本变换：mask
样本变换：shift
样本变换：none
未过滤	未用伪标签：99.93% -> 使用伪标签：99.68%
已过滤	未用伪标签：99.93% -> 使用伪标签：99.80%
排除样本：19|16000	剩余：2000, 2000, 2025, 2004, 2000, 1974, 1979, 1999
增添样本：219		细则：25, 25, 0, 21, 25, 51, 46, 26	正确率估算：100.00%
类型1 正确率： 100.00% -> 1  100.00%, 2    0.00%, 3    0.00%, 4    0.00%, 5    0.00%, 6    0.00%, 7    0.00%, 8    0.00%
类型2 正确率： 100.00% -> 1    0.00%, 2  100.00%, 3    0.00%, 4    0.00%, 5    0.00%, 6    0.00%, 7    0.00%, 8    0.00%
类型3 正确率： 100.00% -> 1    0.00%, 2    0.00%, 3   99.95%, 4    0.00%, 5    0.00%, 6    0.05%, 7    0.00%, 8    0.00%
类型4 正确率： 100.00% -> 1    0.00%, 2    0.00%, 3    0.00%, 4  100.00%, 5    0.00%, 6    0.00%, 7    0.00%, 8    0.00%
类型5 正确率： 100.00% -> 1    0.00%, 2    0.00%, 3    0.00%, 4    0.00%, 5  100.00%, 6    0.00%, 7    0.00%, 8    0.00%
类型6 正确率：  99.00% -> 1    0.00%, 2    0.00%, 3    1.05%, 4    0.00%, 5    0.00%, 6   98.95%, 7    0.00%, 8    0.00%
类型7 正确率：  99.00% -> 1    0.00%, 2    0.00%, 3    0.25%, 4    0.20%, 5    0.00%, 6    0.05%, 7   99.50%, 8    0.00%
类型8 正确率： 100.00% -> 1    0.00%, 2    0.00%, 3    0.00%, 4    0.00%, 5    0.00%, 6    0.00%, 7    0.00%, 8  100.00%

被排除样本 正确率：100.00%
类型1 正确率： 100.00% -> 1  100.00%, 2    0.00%, 3    0.00%
类型2 正确率： 100.00% -> 1    0.00%, 2  100.00%, 3    0.00%
类型3 正确率： 100.00% -> 1    0.00%, 2    0.00%, 3  100.00%


轮次:·11/·20 || c_Loss:0.635 || e_Loss:-1.799 || Aad_Loss:-11.739 || 耗时：82.77s
轮次:·12/·20 || c_Loss:0.634 || e_Loss:-1.827 || Aad_Loss:-11.815 || 耗时：35.42s
轮次:·13/·20 || c_Loss:0.650 || e_Loss:-1.792 || Aad_Loss:-12.310 || 耗时：35.40s
轮次:·14/·20 || c_Loss:0.629 || e_Loss:-1.838 || Aad_Loss:-12.034 || 耗时：35.41s
轮次:·15/·20 || c_Loss:0.659 || e_Loss:-1.751 || Aad_Loss:-12.092 || 耗时：35.42s
任务: (B1)N15_M01_F10→(B2)N15_M07_F10; mix批次:····0; 批次:·3750/·5000;  总正确率: 99.92%
类型1 正确率： 100.00% -> 1  100.00%, 2    0.00%, 3    0.00%, 4    0.00%, 5    0.00%, 6    0.00%, 7    0.00%, 8    0.00%
类型2 正确率： 100.00% -> 1    0.00%, 2  100.00%, 3    0.00%, 4    0.00%, 5    0.00%, 6    0.00%, 7    0.00%, 8    0.00%
类型3 正确率： 100.00% -> 1    0.00%, 2    0.00%, 3  100.00%, 4    0.00%, 5    0.00%, 6    0.00%, 7    0.00%, 8    0.00%
类型4 正确率： 100.00% -> 1    0.00%, 2    0.00%, 3    0.05%, 4   99.95%, 5    0.00%, 6    0.00%, 7    0.00%, 8    0.00%
类型5 正确率： 100.00% -> 1    0.00%, 2    0.00%, 3    0.00%, 4    0.00%, 5  100.00%, 6    0.00%, 7    0.00%, 8    0.00%
类型6 正确率：  99.00% -> 1    0.00%, 2    0.00%, 3    0.60%, 4    0.00%, 5    0.00%, 6   99.40%, 7    0.00%, 8    0.00%
类型7 正确率： 100.00% -> 1    0.00%, 2    0.00%, 3    0.00%, 4    0.00%, 5    0.00%, 6    0.00%, 7  100.00%, 8    0.00%
类型8 正确率： 100.00% -> 1    0.00%, 2    0.00%, 3    0.00%, 4    0.00%, 5    0.00%, 6    0.00%, 7    0.00%, 8  100.00%


样本变换：reverse
样本变换：mask
样本变换：shift
样本变换：none
未过滤	未用伪标签：99.92% -> 使用伪标签：99.71%
已过滤	未用伪标签：99.92% -> 使用伪标签：99.81%
排除样本：15|16000	剩余：2000, 2000, 2021, 2004, 2000, 1979, 1982, 1999
增添样本：183		细则：21, 21, 0, 17, 21, 42, 39, 22	正确率估算：100.00%
类型1 正确率： 100.00% -> 1  100.00%, 2    0.00%, 3    0.00%, 4    0.00%, 5    0.00%, 6    0.00%, 7    0.00%, 8    0.00%
类型2 正确率： 100.00% -> 1    0.00%, 2  100.00%, 3    0.00%, 4    0.00%, 5    0.00%, 6    0.00%, 7    0.00%, 8    0.00%
类型3 正确率： 100.00% -> 1    0.00%, 2    0.00%, 3   99.95%, 4    0.00%, 5    0.00%, 6    0.05%, 7    0.00%, 8    0.00%
类型4 正确率： 100.00% -> 1    0.00%, 2    0.00%, 3    0.00%, 4  100.00%, 5    0.00%, 6    0.00%, 7    0.00%, 8    0.00%
类型5 正确率： 100.00% -> 1    0.00%, 2    0.00%, 3    0.00%, 4    0.00%, 5  100.00%, 6    0.00%, 7    0.00%, 8    0.00%
类型6 正确率：  99.00% -> 1    0.00%, 2    0.00%, 3    0.95%, 4    0.00%, 5    0.00%, 6   99.05%, 7    0.00%, 8    0.00%
类型7 正确率：  99.00% -> 1    0.00%, 2    0.00%, 3    0.25%, 4    0.20%, 5    0.00%, 6    0.10%, 7   99.45%, 8    0.00%
类型8 正确率： 100.00% -> 1    0.00%, 2    0.00%, 3    0.00%, 4    0.00%, 5    0.00%, 6    0.00%, 7    0.00%, 8  100.00%

被排除样本 正确率：100.00%
类型1 正确率： 100.00% -> 1  100.00%, 2    0.00%, 3    0.00%, 4    0.00%
类型2 正确率： 100.00% -> 1    0.00%, 2  100.00%, 3    0.00%, 4    0.00%
类型3 正确率： 100.00% -> 1    0.00%, 2    0.00%, 3  100.00%, 4    0.00%
类型4 正确率： 100.00% -> 1    0.00%, 2    0.00%, 3    0.00%, 4  100.00%


轮次:·16/·20 || c_Loss:0.612 || e_Loss:-1.830 || Aad_Loss:-11.916 || 耗时：82.55s
轮次:·17/·20 || c_Loss:0.628 || e_Loss:-1.838 || Aad_Loss:-11.839 || 耗时：35.43s
轮次:·18/·20 || c_Loss:0.642 || e_Loss:-1.824 || Aad_Loss:-11.847 || 耗时：35.49s
轮次:·19/·20 || c_Loss:0.654 || e_Loss:-1.756 || Aad_Loss:-12.314 || 耗时：35.45s
轮次:·20/·20 || c_Loss:0.634 || e_Loss:-1.836 || Aad_Loss:-12.255 || 耗时：35.48s
任务: (B1)N15_M01_F10→(B2)N15_M07_F10; mix批次:····0; 批次:·5000/·5000;  总正确率: 99.92%
类型1 正确率： 100.00% -> 1  100.00%, 2    0.00%, 3    0.00%, 4    0.00%, 5    0.00%, 6    0.00%, 7    0.00%, 8    0.00%
类型2 正确率： 100.00% -> 1    0.00%, 2  100.00%, 3    0.00%, 4    0.00%, 5    0.00%, 6    0.00%, 7    0.00%, 8    0.00%
类型3 正确率： 100.00% -> 1    0.00%, 2    0.00%, 3  100.00%, 4    0.00%, 5    0.00%, 6    0.00%, 7    0.00%, 8    0.00%
类型4 正确率： 100.00% -> 1    0.00%, 2    0.00%, 3    0.05%, 4   99.90%, 5    0.00%, 6    0.00%, 7    0.05%, 8    0.00%
类型5 正确率： 100.00% -> 1    0.00%, 2    0.00%, 3    0.00%, 4    0.00%, 5  100.00%, 6    0.00%, 7    0.00%, 8    0.00%
类型6 正确率：  99.00% -> 1    0.00%, 2    0.00%, 3    0.55%, 4    0.00%, 5    0.00%, 6   99.45%, 7    0.00%, 8    0.00%
类型7 正确率： 100.00% -> 1    0.00%, 2    0.00%, 3    0.00%, 4    0.00%, 5    0.00%, 6    0.00%, 7  100.00%, 8    0.00%
类型8 正确率： 100.00% -> 1    0.00%, 2    0.00%, 3    0.00%, 4    0.00%, 5    0.00%, 6    0.00%, 7    0.00%, 8  100.00%


测试集任务: (B1)N15_M01_F10→(B2)N15_M07_F10; 总正确率 = 99.92%
类型1 正确率： 100.00% -> 1  100.00%, 2    0.00%, 3    0.00%, 4    0.00%, 5    0.00%, 6    0.00%, 7    0.00%, 8    0.00%
类型2 正确率： 100.00% -> 1    0.00%, 2  100.00%, 3    0.00%, 4    0.00%, 5    0.00%, 6    0.00%, 7    0.00%, 8    0.00%
类型3 正确率： 100.00% -> 1    0.00%, 2    0.00%, 3  100.00%, 4    0.00%, 5    0.00%, 6    0.00%, 7    0.00%, 8    0.00%
类型4 正确率： 100.00% -> 1    0.00%, 2    0.00%, 3    0.05%, 4   99.90%, 5    0.00%, 6    0.00%, 7    0.05%, 8    0.00%
类型5 正确率： 100.00% -> 1    0.00%, 2    0.00%, 3    0.00%, 4    0.00%, 5  100.00%, 6    0.00%, 7    0.00%, 8    0.00%
类型6 正确率：  99.00% -> 1    0.00%, 2    0.00%, 3    0.55%, 4    0.00%, 5    0.00%, 6   99.45%, 7    0.00%, 8    0.00%
类型7 正确率： 100.00% -> 1    0.00%, 2    0.00%, 3    0.00%, 4    0.00%, 5    0.00%, 6    0.00%, 7  100.00%, 8    0.00%
类型8 正确率： 100.00% -> 1    0.00%, 2    0.00%, 3    0.00%, 4    0.00%, 5    0.00%, 6    0.00%, 7    0.00%, 8  100.00%


