读取源域路径：/kaggle/working/m0/weight_PU_final_checkpoint_s2024/NEW_PU/Source-源域/log&pt/(B2)N15_M07_F10
excel输出位置：/kaggle/working/m0/weight_PU_final_checkpoint_s2024/NEW_PU/Target-目标域
特征图片输出位置：/kaggle/working/m0/weight_PU_final_checkpoint_s2024/NEW_PU/Picture-特征图/2026年09月13日10时50分/(B2)N15_M07_F10
现在选取:(B2)N15_M07_F10 进行训练的源模型
现在进行：(B2)N15_M07_F10→(B3)N15_M07_F04 的迁移任务
log&pt输出位置：/kaggle/working/m0/weight_PU_final_checkpoint_s2024/NEW_PU/Target-目标域/log&pt/(B2)N15_M07_F10→(B3)N15_M07_F04
任务: (B2)N15_M07_F10→(B3)N15_M07_F04; 批次:····0/·5000;  总正确率: 77.64%
类型1 正确率： 100.00% -> 1  100.00%, 2    0.00%, 3    0.00%, 4    0.00%, 5    0.00%, 6    0.00%, 7    0.00%, 8    0.00%
类型2 正确率：  88.00% -> 1    0.00%, 2   88.40%, 3   11.05%, 4    0.00%, 5    0.00%, 6    0.20%, 7    0.35%, 8    0.00%
类型3 正确率：  67.00% -> 1    0.00%, 2    0.00%, 3   66.55%, 4    0.00%, 5    0.00%, 6   33.40%, 7    0.00%, 8    0.05%
类型4 正确率：  72.00% -> 1    0.00%, 2    0.00%, 3   27.60%, 4   72.40%, 5    0.00%, 6    0.00%, 7    0.00%, 8    0.00%
类型5 正确率：  85.00% -> 1   14.60%, 2    0.30%, 3    0.00%, 4    0.00%, 5   85.10%, 6    0.00%, 7    0.00%, 8    0.00%
类型6 正确率：  57.00% -> 1    0.00%, 2    0.00%, 3   43.20%, 4    0.00%, 5    0.00%, 6   56.80%, 7    0.00%, 8    0.00%
类型7 正确率：  88.00% -> 1    0.00%, 2    0.05%, 3    6.45%, 4    5.70%, 5    0.00%, 6    0.00%, 7   87.80%, 8    0.00%
类型8 正确率：  64.00% -> 1    0.00%, 2    0.00%, 3    6.15%, 4    0.65%, 5    0.00%, 6    0.05%, 7   29.10%, 8   64.05%


样本变换：reverse
样本变换：mask
样本变换：shift
样本变换：none
未过滤	未用伪标签：77.64% -> 使用伪标签：87.04%
已过滤	未用伪标签：78.31% -> 使用伪标签：89.10%
排除样本：369|16000	剩余：2315, 2006, 949, 2077, 1664, 2869, 1885, 1866
增添样本：7321		细则：554, 863, 1920, 792, 1205, 0, 984, 1003	正确率估算：88.61%
类型1 正确率： 100.00% -> 1  100.00%, 2    0.00%, 3    0.00%, 4    0.00%, 5    0.00%, 6    0.00%, 7    0.00%, 8    0.00%
类型2 正确率： 100.00% -> 1    0.00%, 2  100.00%, 3    0.00%, 4    0.00%, 5    0.00%, 6    0.00%, 7    0.00%, 8    0.00%
类型3 正确率：  41.00% -> 1    0.00%, 2    0.00%, 3   41.46%, 4    0.00%, 5    0.00%, 6   58.54%, 7    0.00%, 8    0.00%
类型4 正确率： 100.00% -> 1    0.00%, 2    0.00%, 3    0.05%, 4   99.90%, 5    0.00%, 6    0.00%, 7    0.05%, 8    0.00%
类型5 正确率：  84.00% -> 1   15.92%, 2    0.00%, 3    0.00%, 4    0.00%, 5   84.08%, 6    0.00%, 7    0.00%, 8    0.00%
类型6 正确率：  93.00% -> 1    0.00%, 2    0.00%, 3    7.30%, 4    0.00%, 5    0.00%, 6   92.70%, 7    0.00%, 8    0.00%
类型7 正确率：  95.00% -> 1    0.00%, 2    0.31%, 3    0.62%, 4    4.15%, 5    0.00%, 6    0.00%, 7   94.92%, 8    0.00%
类型8 正确率：  96.00% -> 1    0.00%, 2    0.00%, 3    1.70%, 4    0.10%, 5    0.00%, 6    0.15%, 7    1.70%, 8   96.33%

被排除样本 正确率：49.32%
类型1 没有样本或未被分类。
类型2 正确率：  95.00% -> 1    0.00%, 2   95.06%, 3    0.00%, 4    0.00%, 5    4.94%, 6    0.00%, 7    0.00%
类型3 正确率：   0.00% -> 1    0.00%, 2  100.00%, 3    0.00%, 4    0.00%, 5    0.00%, 6    0.00%, 7    0.00%
类型4 正确率：  76.00% -> 1   23.81%, 2    0.00%, 3    0.00%, 4   76.19%, 5    0.00%, 6    0.00%, 7    0.00%
类型5 正确率：   0.00% -> 1    0.00%, 2  100.00%, 3    0.00%, 4    0.00%, 5    0.00%, 6    0.00%, 7    0.00%
类型6 正确率：  18.00% -> 1    0.00%, 2   50.00%, 3   32.00%, 4    0.00%, 5    0.00%, 6   18.00%, 7    0.00%
类型7 正确率：   5.00% -> 1    0.00%, 2   42.86%, 3    4.76%, 4    0.00%, 5    0.00%, 6   47.62%, 7    4.76%


轮次:··1/·20 || c_Loss:0.821 || e_Loss:-1.982 || Aad_Loss:-10.578 || 耗时：86.76s
轮次:··2/·20 || c_Loss:0.731 || e_Loss:-2.505 || Aad_Loss:-11.374 || 耗时：35.40s
轮次:··3/·20 || c_Loss:0.690 || e_Loss:-1.494 || Aad_Loss:-11.089 || 耗时：35.36s
轮次:··4/·20 || c_Loss:0.765 || e_Loss:-3.014 || Aad_Loss:-11.203 || 耗时：35.51s
轮次:··5/·20 || c_Loss:0.700 || e_Loss:-2.902 || Aad_Loss:-11.004 || 耗时：35.37s
任务: (B2)N15_M07_F10→(B3)N15_M07_F04; mix批次:····0; 批次:·1250/·5000;  总正确率: 87.73%
类型1 正确率： 100.00% -> 1  100.00%, 2    0.00%, 3    0.00%, 4    0.00%, 5    0.00%, 6    0.00%, 7    0.00%, 8    0.00%
类型2 正确率： 100.00% -> 1    0.00%, 2  100.00%, 3    0.00%, 4    0.00%, 5    0.00%, 6    0.00%, 7    0.00%, 8    0.00%
类型3 正确率：  24.00% -> 1    0.00%, 2    0.00%, 3   24.15%, 4    0.05%, 5    0.00%, 6   75.75%, 7    0.05%, 8    0.00%
类型4 正确率： 100.00% -> 1    0.00%, 2    0.00%, 3    0.00%, 4  100.00%, 5    0.00%, 6    0.00%, 7    0.00%, 8    0.00%
类型5 正确率：  84.00% -> 1   16.05%, 2    0.00%, 3    0.00%, 4    0.00%, 5   83.95%, 6    0.00%, 7    0.00%, 8    0.00%
类型6 正确率：  98.00% -> 1    0.00%, 2    0.00%, 3    1.40%, 4    0.15%, 5    0.00%, 6   98.45%, 7    0.00%, 8    0.00%
类型7 正确率：  97.00% -> 1    0.00%, 2    0.10%, 3    0.00%, 4    2.90%, 5    0.00%, 6    0.00%, 7   97.00%, 8    0.00%
类型8 正确率：  98.00% -> 1    0.00%, 2    0.00%, 3    0.20%, 4    0.35%, 5    0.00%, 6    0.00%, 7    1.15%, 8   98.30%


样本变换：reverse
样本变换：mask
样本变换：shift
样本变换：none
未过滤	未用伪标签：87.73% -> 使用伪标签：86.80%
已过滤	未用伪标签：88.07% -> 使用伪标签：87.63%
排除样本：151|16000	剩余：2326, 2001, 545, 2080, 1656, 3346, 1898, 1997
增添样本：10919		细则：1020, 1345, 2801, 1266, 1690, 0, 1448, 1349	正确率估算：96.72%
类型1 正确率： 100.00% -> 1  100.00%, 2    0.00%, 3    0.00%, 4    0.00%, 5    0.00%, 6    0.00%, 7    0.00%, 8    0.00%
类型2 正确率： 100.00% -> 1    0.00%, 2  100.00%, 3    0.00%, 4    0.00%, 5    0.00%, 6    0.00%, 7    0.00%, 8    0.00%
类型3 正确率：  24.00% -> 1    0.00%, 2    0.00%, 3   23.72%, 4    0.00%, 5    0.00%, 6   76.28%, 7    0.00%, 8    0.00%
类型4 正确率： 100.00% -> 1    0.00%, 2    0.00%, 3    0.00%, 4   99.95%, 5    0.00%, 6    0.00%, 7    0.05%, 8    0.00%
类型5 正确率：  84.00% -> 1   16.45%, 2    0.00%, 3    0.00%, 4    0.00%, 5   83.55%, 6    0.00%, 7    0.00%, 8    0.00%
类型6 正确率：  95.00% -> 1    0.00%, 2    0.00%, 3    4.60%, 4    0.00%, 5    0.00%, 6   95.40%, 7    0.00%, 8    0.00%
类型7 正确率：  96.00% -> 1    0.00%, 2    0.05%, 3    0.00%, 4    4.10%, 5    0.00%, 6    0.00%, 7   95.85%, 8    0.00%
类型8 正确率： 100.00% -> 1    0.00%, 2    0.00%, 3    0.00%, 4    0.00%, 5    0.00%, 6    0.00%, 7    0.05%, 8   99.95%

被排除样本 正确率：52.32%
类型1 没有样本或未被分类。
类型2 没有样本或未被分类。
类型3 正确率：  37.00% -> 1    0.00%, 2    0.00%, 3   37.21%, 4    1.16%, 5    0.00%, 6   61.63%, 7    0.00%, 8    0.00%
类型4 没有样本或未被分类。
类型5 正确率：  61.00% -> 1   38.89%, 2    0.00%, 3    0.00%, 4    0.00%, 5   61.11%, 6    0.00%, 7    0.00%, 8    0.00%
类型6 正确率：  78.00% -> 1    0.00%, 2    0.00%, 3   21.74%, 4    0.00%, 5    0.00%, 6   78.26%, 7    0.00%, 8    0.00%
类型7 正确率：  82.00% -> 1    0.00%, 2    4.55%, 3    0.00%, 4   13.64%, 5    0.00%, 6    0.00%, 7   81.82%, 8    0.00%
类型8 正确率：   0.00% -> 1    0.00%, 2    0.00%, 3    0.00%, 4   50.00%, 5    0.00%, 6    0.00%, 7   50.00%, 8    0.00%


轮次:··6/·20 || c_Loss:0.710 || e_Loss:-1.610 || Aad_Loss:-12.484 || 耗时：86.90s
轮次:··7/·20 || c_Loss:0.649 || e_Loss:-1.681 || Aad_Loss:-12.143 || 耗时：35.46s
轮次:··8/·20 || c_Loss:0.653 || e_Loss:-3.229 || Aad_Loss:-11.334 || 耗时：35.50s
轮次:··9/·20 || c_Loss:0.685 || e_Loss:-1.659 || Aad_Loss:-12.341 || 耗时：35.45s
轮次:·10/·20 || c_Loss:0.698 || e_Loss:-3.095 || Aad_Loss:-12.427 || 耗时：35.48s
任务: (B2)N15_M07_F10→(B3)N15_M07_F04; mix批次:····0; 批次:·2500/·5000;  总正确率: 86.61%
类型1 正确率： 100.00% -> 1  100.00%, 2    0.00%, 3    0.00%, 4    0.00%, 5    0.00%, 6    0.00%, 7    0.00%, 8    0.00%
类型2 正确率： 100.00% -> 1    0.00%, 2  100.00%, 3    0.00%, 4    0.00%, 5    0.00%, 6    0.00%, 7    0.00%, 8    0.00%
类型3 正确率：  12.00% -> 1    0.00%, 2    0.00%, 3   12.50%, 4    0.05%, 5    0.00%, 6   87.40%, 7    0.00%, 8    0.05%
类型4 正确率： 100.00% -> 1    0.00%, 2    0.00%, 3    0.00%, 4  100.00%, 5    0.00%, 6    0.00%, 7    0.00%, 8    0.00%
类型5 正确率：  84.00% -> 1   16.40%, 2    0.00%, 3    0.00%, 4    0.00%, 5   83.60%, 6    0.00%, 7    0.00%, 8    0.00%
类型6 正确率：  99.00% -> 1    0.00%, 2    0.00%, 3    0.90%, 4    0.20%, 5    0.00%, 6   98.90%, 7    0.00%, 8    0.00%
类型7 正确率：  98.00% -> 1    0.00%, 2    0.05%, 3    0.00%, 4    2.05%, 5    0.00%, 6    0.00%, 7   97.90%, 8    0.00%
类型8 正确率： 100.00% -> 1    0.00%, 2    0.00%, 3    0.00%, 4    0.00%, 5    0.00%, 6    0.00%, 7    0.00%, 8  100.00%


样本变换：reverse
样本变换：mask
样本变换：shift
样本变换：none
未过滤	未用伪标签：86.61% -> 使用伪标签：86.77%
已过滤	未用伪标签：86.94% -> 使用伪标签：87.60%
排除样本：152|16000	剩余：2344, 2001, 1062, 2061, 1646, 2815, 1919, 2000
增添样本：6672		细则：471, 814, 1753, 754, 1169, 0, 896, 815	正确率估算：86.11%
类型1 正确率： 100.00% -> 1  100.00%, 2    0.00%, 3    0.00%, 4    0.00%, 5    0.00%, 6    0.00%, 7    0.00%, 8    0.00%
类型2 正确率： 100.00% -> 1    0.00%, 2  100.00%, 3    0.00%, 4    0.00%, 5    0.00%, 6    0.00%, 7    0.00%, 8    0.00%
类型3 正确率：  37.00% -> 1    0.00%, 2    0.00%, 3   37.13%, 4    0.05%, 5    0.00%, 6   62.82%, 7    0.00%, 8    0.00%
类型4 正确率： 100.00% -> 1    0.00%, 2    0.00%, 3    0.00%, 4  100.00%, 5    0.00%, 6    0.00%, 7    0.00%, 8    0.00%
类型5 正确率：  83.00% -> 1   17.29%, 2    0.00%, 3    0.00%, 4    0.00%, 5   82.71%, 6    0.00%, 7    0.00%, 8    0.00%
类型6 正确率：  82.00% -> 1    0.00%, 2    0.00%, 3   17.72%, 4    0.00%, 5    0.00%, 6   82.28%, 7    0.00%, 8    0.00%
类型7 正确率：  97.00% -> 1    0.00%, 2    0.05%, 3    0.00%, 4    3.08%, 5    0.00%, 6    0.00%, 7   96.87%, 8    0.00%
类型8 正确率： 100.00% -> 1    0.00%, 2    0.00%, 3    0.00%, 4    0.00%, 5    0.00%, 6    0.00%, 7    0.00%, 8  100.00%

被排除样本 正确率：52.63%
类型1 没有样本或未被分类。
类型2 正确率：   1.00% -> 1    0.00%, 2    1.45%, 3    0.00%, 4    0.00%, 5   98.55%, 6    0.00%
类型3 正确率： 100.00% -> 1    0.00%, 2    0.00%, 3  100.00%, 4    0.00%, 5    0.00%, 6    0.00%
类型4 正确率：  80.00% -> 1   20.00%, 2    0.00%, 3    0.00%, 4   80.00%, 5    0.00%, 6    0.00%
类型5 正确率： 100.00% -> 1    0.00%, 2    0.00%, 3    0.00%, 4    0.00%, 5  100.00%, 6    0.00%
类型6 正确率：  89.00% -> 1    0.00%, 2    0.00%, 3   10.53%, 4    0.00%, 5    0.00%, 6   89.47%


轮次:·11/·20 || c_Loss:0.730 || e_Loss:-1.517 || Aad_Loss:-11.112 || 耗时：85.62s
轮次:·12/·20 || c_Loss:0.686 || e_Loss:-3.098 || Aad_Loss:-11.097 || 耗时：35.40s
轮次:·13/·20 || c_Loss:0.717 || e_Loss:-2.384 || Aad_Loss:-11.183 || 耗时：35.40s
轮次:·14/·20 || c_Loss:0.705 || e_Loss:-3.006 || Aad_Loss:-11.191 || 耗时：35.49s
轮次:·15/·20 || c_Loss:0.646 || e_Loss:-2.391 || Aad_Loss:-12.564 || 耗时：35.40s
任务: (B2)N15_M07_F10→(B3)N15_M07_F04; mix批次:····0; 批次:·3750/·5000;  总正确率: 88.06%
类型1 正确率： 100.00% -> 1  100.00%, 2    0.00%, 3    0.00%, 4    0.00%, 5    0.00%, 6    0.00%, 7    0.00%, 8    0.00%
类型2 正确率： 100.00% -> 1    0.00%, 2  100.00%, 3    0.00%, 4    0.00%, 5    0.00%, 6    0.00%, 7    0.00%, 8    0.00%
类型3 正确率：  37.00% -> 1    0.00%, 2    0.00%, 3   37.20%, 4    0.00%, 5    0.00%, 6   62.80%, 7    0.00%, 8    0.00%
类型4 正确率： 100.00% -> 1    0.00%, 2    0.00%, 3    0.00%, 4   99.95%, 5    0.00%, 6    0.00%, 7    0.05%, 8    0.00%
类型5 正确率：  84.00% -> 1   16.25%, 2    0.00%, 3    0.00%, 4    0.00%, 5   83.75%, 6    0.00%, 7    0.00%, 8    0.00%
类型6 正确率：  84.00% -> 1    0.00%, 2    0.00%, 3   15.60%, 4    0.05%, 5    0.00%, 6   84.35%, 7    0.00%, 8    0.00%
类型7 正确率：  99.00% -> 1    0.00%, 2    0.05%, 3    0.00%, 4    0.70%, 5    0.00%, 6    0.00%, 7   99.25%, 8    0.00%
类型8 正确率： 100.00% -> 1    0.00%, 2    0.00%, 3    0.00%, 4    0.00%, 5    0.00%, 6    0.00%, 7    0.00%, 8  100.00%


样本变换：reverse
样本变换：mask
样本变换：shift
样本变换：none
未过滤	未用伪标签：88.06% -> 使用伪标签：86.35%
已过滤	未用伪标签：88.24% -> 使用伪标签：87.18%
排除样本：152|16000	剩余：2346, 2001, 1153, 2056, 1645, 2727, 1920, 2000
增添样本：5968		细则：381, 726, 1574, 671, 1082, 0, 807, 727	正确率估算：95.33%
类型1 正确率： 100.00% -> 1  100.00%, 2    0.00%, 3    0.00%, 4    0.00%, 5    0.00%, 6    0.00%, 7    0.00%, 8    0.00%
类型2 正确率： 100.00% -> 1    0.00%, 2  100.00%, 3    0.00%, 4    0.00%, 5    0.00%, 6    0.00%, 7    0.00%, 8    0.00%
类型3 正确率：  38.00% -> 1    0.00%, 2    0.00%, 3   37.75%, 4    0.05%, 5    0.00%, 6   62.20%, 7    0.00%, 8    0.00%
类型4 正确率： 100.00% -> 1    0.00%, 2    0.00%, 3    0.00%, 4   99.95%, 5    0.00%, 6    0.00%, 7    0.05%, 8    0.00%
类型5 正确率：  83.00% -> 1   17.38%, 2    0.00%, 3    0.00%, 4    0.00%, 5   82.62%, 6    0.00%, 7    0.00%, 8    0.00%
类型6 正确率：  78.00% -> 1    0.00%, 2    0.00%, 3   21.73%, 4    0.00%, 5    0.00%, 6   78.27%, 7    0.00%, 8    0.00%
类型7 正确率：  97.00% -> 1    0.00%, 2    0.05%, 3    0.00%, 4    2.88%, 5    0.00%, 6    0.00%, 7   97.07%, 8    0.00%
类型8 正确率： 100.00% -> 1    0.00%, 2    0.00%, 3    0.00%, 4    0.00%, 5    0.00%, 6    0.00%, 7    0.00%, 8  100.00%

被排除样本 正确率：69.08%
类型1 正确率：  47.00% -> 1   46.97%, 2    0.00%, 3    0.00%, 4   53.03%, 5    0.00%
类型2 正确率：   0.00% -> 1    0.00%, 2    0.00%, 3    0.00%, 4    0.00%, 5  100.00%
类型3 正确率： 100.00% -> 1    0.00%, 2    0.00%, 3  100.00%, 4    0.00%, 5    0.00%
类型4 正确率：  79.00% -> 1   20.75%, 2    0.00%, 3    0.00%, 4   79.25%, 5    0.00%
类型5 正确率： 100.00% -> 1    0.00%, 2    0.00%, 3    0.00%, 4    0.00%, 5  100.00%


轮次:·16/·20 || c_Loss:0.725 || e_Loss:-1.529 || Aad_Loss:-11.709 || 耗时：85.33s
轮次:·17/·20 || c_Loss:0.684 || e_Loss:-1.619 || Aad_Loss:-12.849 || 耗时：35.46s
轮次:·18/·20 || c_Loss:0.678 || e_Loss:-2.836 || Aad_Loss:-11.305 || 耗时：35.43s
轮次:·19/·20 || c_Loss:0.691 || e_Loss:-2.863 || Aad_Loss:-11.180 || 耗时：35.51s
轮次:·20/·20 || c_Loss:0.660 || e_Loss:-1.676 || Aad_Loss:-11.446 || 耗时：35.43s
任务: (B2)N15_M07_F10→(B3)N15_M07_F04; mix批次:····0; 批次:·5000/·5000;  总正确率: 87.41%
类型1 正确率： 100.00% -> 1  100.00%, 2    0.00%, 3    0.00%, 4    0.00%, 5    0.00%, 6    0.00%, 7    0.00%, 8    0.00%
类型2 正确率： 100.00% -> 1    0.00%, 2  100.00%, 3    0.00%, 4    0.00%, 5    0.00%, 6    0.00%, 7    0.00%, 8    0.00%
类型3 正确率：  35.00% -> 1    0.00%, 2    0.00%, 3   34.65%, 4    0.00%, 5    0.00%, 6   65.35%, 7    0.00%, 8    0.00%
类型4 正确率： 100.00% -> 1    0.00%, 2    0.00%, 3    0.00%, 4  100.00%, 5    0.00%, 6    0.00%, 7    0.00%, 8    0.00%
类型5 正确率：  83.00% -> 1   17.05%, 2    0.00%, 3    0.00%, 4    0.00%, 5   82.95%, 6    0.00%, 7    0.00%, 8    0.00%
类型6 正确率：  83.00% -> 1    0.00%, 2    0.00%, 3   16.60%, 4    0.05%, 5    0.00%, 6   83.35%, 7    0.00%, 8    0.00%
类型7 正确率：  98.00% -> 1    0.00%, 2    0.05%, 3    0.00%, 4    1.60%, 5    0.00%, 6    0.00%, 7   98.35%, 8    0.00%
类型8 正确率： 100.00% -> 1    0.00%, 2    0.00%, 3    0.00%, 4    0.00%, 5    0.00%, 6    0.00%, 7    0.00%, 8  100.00%


测试集任务: (B2)N15_M07_F10→(B3)N15_M07_F04; 总正确率 = 87.41%
类型1 正确率： 100.00% -> 1  100.00%, 2    0.00%, 3    0.00%, 4    0.00%, 5    0.00%, 6    0.00%, 7    0.00%, 8    0.00%
类型2 正确率： 100.00% -> 1    0.00%, 2  100.00%, 3    0.00%, 4    0.00%, 5    0.00%, 6    0.00%, 7    0.00%, 8    0.00%
类型3 正确率：  35.00% -> 1    0.00%, 2    0.00%, 3   34.65%, 4    0.00%, 5    0.00%, 6   65.35%, 7    0.00%, 8    0.00%
类型4 正确率： 100.00% -> 1    0.00%, 2    0.00%, 3    0.00%, 4  100.00%, 5    0.00%, 6    0.00%, 7    0.00%, 8    0.00%
类型5 正确率：  83.00% -> 1   17.05%, 2    0.00%, 3    0.00%, 4    0.00%, 5   82.95%, 6    0.00%, 7    0.00%, 8    0.00%
类型6 正确率：  83.00% -> 1    0.00%, 2    0.00%, 3   16.60%, 4    0.05%, 5    0.00%, 6   83.35%, 7    0.00%, 8    0.00%
类型7 正确率：  98.00% -> 1    0.00%, 2    0.05%, 3    0.00%, 4    1.60%, 5    0.00%, 6    0.00%, 7   98.35%, 8    0.00%
类型8 正确率： 100.00% -> 1    0.00%, 2    0.00%, 3    0.00%, 4    0.00%, 5    0.00%, 6    0.00%, 7    0.00%, 8  100.00%


