读取源域路径：/kaggle/working/m0/weight_PU_final_checkpoint_s2024/NEW_PU/Source-源域/log&pt/(B1)N15_M01_F10
excel输出位置：/kaggle/working/m0/weight_PU_final_checkpoint_s2024/NEW_PU/Target-目标域
特征图片输出位置：/kaggle/working/m0/weight_PU_final_checkpoint_s2024/NEW_PU/Picture-特征图/2026年09月13日10时19分/(B1)N15_M01_F10
现在选取:(B1)N15_M01_F10 进行训练的源模型
现在进行：(B1)N15_M01_F10→(B3)N15_M07_F04 的迁移任务
log&pt输出位置：/kaggle/working/m0/weight_PU_final_checkpoint_s2024/NEW_PU/Target-目标域/log&pt/(B1)N15_M01_F10→(B3)N15_M07_F04
任务: (B1)N15_M01_F10→(B3)N15_M07_F04; 批次:····0/·5000;  总正确率: 82.51%
类型1 正确率： 100.00% -> 1  100.00%, 2    0.00%, 3    0.00%, 4    0.00%, 5    0.00%, 6    0.00%, 7    0.00%, 8    0.00%
类型2 正确率：  95.00% -> 1    0.00%, 2   94.95%, 3    0.65%, 4    0.00%, 5    0.00%, 6    1.85%, 7    2.55%, 8    0.00%
类型3 正确率：  56.00% -> 1    0.00%, 2    0.00%, 3   55.55%, 4    0.00%, 5    0.00%, 6   44.35%, 7    0.05%, 8    0.05%
类型4 正确率：  69.00% -> 1    0.00%, 2    0.00%, 3   30.80%, 4   69.05%, 5    0.00%, 6    0.00%, 7    0.15%, 8    0.00%
类型5 正确率：  83.00% -> 1   16.80%, 2    0.15%, 3    0.35%, 4    0.00%, 5   82.70%, 6    0.00%, 7    0.00%, 8    0.00%
类型6 正确率：  78.00% -> 1    0.00%, 2    0.00%, 3   22.35%, 4    0.00%, 5    0.00%, 6   77.65%, 7    0.00%, 8    0.00%
类型7 正确率：  96.00% -> 1    0.00%, 2    0.10%, 3    1.65%, 4    1.75%, 5    0.00%, 6    0.00%, 7   96.50%, 8    0.00%
类型8 正确率：  84.00% -> 1    0.00%, 2    0.00%, 3    2.20%, 4    0.05%, 5    0.00%, 6    0.00%, 7   14.10%, 8   83.65%


样本变换：reverse
样本变换：mask
样本变换：shift
样本变换：none
未过滤	未用伪标签：82.51% -> 使用伪标签：88.36%
已过滤	未用伪标签：82.71% -> 使用伪标签：89.69%
排除样本：237|16000	剩余：2348, 2002, 787, 2063, 1632, 3064, 1903, 1964
增添样本：8749		细则：716, 1062, 2277, 1001, 1432, 0, 1161, 1100	正确率估算：91.79%
类型1 正确率： 100.00% -> 1  100.00%, 2    0.00%, 3    0.00%, 4    0.00%, 5    0.00%, 6    0.00%, 7    0.00%, 8    0.00%
类型2 正确率： 100.00% -> 1    0.00%, 2  100.00%, 3    0.00%, 4    0.00%, 5    0.00%, 6    0.00%, 7    0.00%, 8    0.00%
类型3 正确率：  39.00% -> 1    0.00%, 2    0.00%, 3   38.76%, 4    0.00%, 5    0.00%, 6   61.24%, 7    0.00%, 8    0.00%
类型4 正确率： 100.00% -> 1    0.00%, 2    0.00%, 3    0.10%, 4   99.90%, 5    0.00%, 6    0.00%, 7    0.00%, 8    0.00%
类型5 正确率：  82.00% -> 1   17.58%, 2    0.00%, 3    0.00%, 4    0.00%, 5   82.42%, 6    0.00%, 7    0.00%, 8    0.00%
类型6 正确率：  98.00% -> 1    0.00%, 2    0.00%, 3    2.43%, 4    0.00%, 5    0.00%, 6   97.57%, 7    0.00%, 8    0.00%
类型7 正确率：  96.00% -> 1    0.00%, 2    0.10%, 3    0.15%, 4    3.49%, 5    0.00%, 6    0.00%, 7   96.25%, 8    0.00%
类型8 正确率：  99.00% -> 1    0.00%, 2    0.00%, 3    0.86%, 4    0.00%, 5    0.00%, 6    0.05%, 7    0.10%, 8   98.99%

被排除样本 正确率：69.20%
类型1 没有样本或未被分类。
类型2 正确率：  81.00% -> 1    0.00%, 2   80.67%, 3    0.00%, 4    0.00%, 5   19.33%, 6    0.00%, 7    0.00%
类型3 正确率：   0.00% -> 1    0.00%, 2  100.00%, 3    0.00%, 4    0.00%, 5    0.00%, 6    0.00%, 7    0.00%
类型4 正确率：  65.00% -> 1   35.00%, 2    0.00%, 3    0.00%, 4   65.00%, 5    0.00%, 6    0.00%, 7    0.00%
类型5 正确率：   0.00% -> 1    0.00%, 2  100.00%, 3    0.00%, 4    0.00%, 5    0.00%, 6    0.00%, 7    0.00%
类型6 正确率：  88.00% -> 1    0.00%, 2    4.00%, 3    8.00%, 4    0.00%, 5    0.00%, 6   88.00%, 7    0.00%
类型7 正确率：  50.00% -> 1    0.00%, 2   37.50%, 3    0.00%, 4    0.00%, 5    0.00%, 6   12.50%, 7   50.00%


轮次:··1/·20 || c_Loss:0.800 || e_Loss:-2.816 || Aad_Loss:-10.395 || 耗时：86.98s
轮次:··2/·20 || c_Loss:0.686 || e_Loss:-1.690 || Aad_Loss:-12.265 || 耗时：35.40s
轮次:··3/·20 || c_Loss:0.755 || e_Loss:-1.586 || Aad_Loss:-10.995 || 耗时：35.41s
轮次:··4/·20 || c_Loss:0.701 || e_Loss:-1.571 || Aad_Loss:-11.704 || 耗时：35.48s
轮次:··5/·20 || c_Loss:0.698 || e_Loss:-3.008 || Aad_Loss:-11.079 || 耗时：35.42s
任务: (B1)N15_M01_F10→(B3)N15_M07_F04; mix批次:····0; 批次:·1250/·5000;  总正确率: 89.36%
类型1 正确率： 100.00% -> 1  100.00%, 2    0.00%, 3    0.00%, 4    0.00%, 5    0.00%, 6    0.00%, 7    0.00%, 8    0.00%
类型2 正确率： 100.00% -> 1    0.00%, 2  100.00%, 3    0.00%, 4    0.00%, 5    0.00%, 6    0.00%, 7    0.00%, 8    0.00%
类型3 正确率：  35.00% -> 1    0.00%, 2    0.00%, 3   35.00%, 4    0.10%, 5    0.00%, 6   64.65%, 7    0.15%, 8    0.10%
类型4 正确率： 100.00% -> 1    0.00%, 2    0.00%, 3    0.00%, 4  100.00%, 5    0.00%, 6    0.00%, 7    0.00%, 8    0.00%
类型5 正确率：  81.00% -> 1   18.65%, 2    0.00%, 3    0.00%, 4    0.00%, 5   81.35%, 6    0.00%, 7    0.00%, 8    0.00%
类型6 正确率： 100.00% -> 1    0.00%, 2    0.00%, 3    0.40%, 4    0.00%, 5    0.00%, 6   99.60%, 7    0.00%, 8    0.00%
类型7 正确率：  99.00% -> 1    0.00%, 2    0.05%, 3    0.00%, 4    1.00%, 5    0.00%, 6    0.00%, 7   98.95%, 8    0.00%
类型8 正确率： 100.00% -> 1    0.00%, 2    0.00%, 3    0.00%, 4    0.00%, 5    0.00%, 6    0.00%, 7    0.00%, 8  100.00%


样本变换：reverse
样本变换：mask
样本变换：shift
样本变换：none
未过滤	未用伪标签：89.36% -> 使用伪标签：88.38%
已过滤	未用伪标签：89.66% -> 使用伪标签：89.28%
排除样本：161|16000	剩余：2371, 2001, 992, 2075, 1619, 2885, 1896, 2000
增添样本：7241		细则：514, 884, 1893, 810, 1266, 0, 989, 885	正确率估算：92.74%
类型1 正确率： 100.00% -> 1  100.00%, 2    0.00%, 3    0.00%, 4    0.00%, 5    0.00%, 6    0.00%, 7    0.00%, 8    0.00%
类型2 正确率： 100.00% -> 1    0.00%, 2  100.00%, 3    0.00%, 4    0.00%, 5    0.00%, 6    0.00%, 7    0.00%, 8    0.00%
类型3 正确率：  43.00% -> 1    0.00%, 2    0.00%, 3   43.19%, 4    0.05%, 5    0.00%, 6   56.76%, 7    0.00%, 8    0.00%
类型4 正确率： 100.00% -> 1    0.00%, 2    0.00%, 3    0.00%, 4  100.00%, 5    0.00%, 6    0.00%, 7    0.00%, 8    0.00%
类型5 正确率：  81.00% -> 1   18.64%, 2    0.00%, 3    0.00%, 4    0.00%, 5   81.36%, 6    0.00%, 7    0.00%, 8    0.00%
类型6 正确率：  91.00% -> 1    0.00%, 2    0.00%, 3    8.53%, 4    0.00%, 5    0.00%, 6   91.47%, 7    0.00%, 8    0.00%
类型7 正确率：  96.00% -> 1    0.00%, 2    0.05%, 3    0.00%, 4    3.75%, 5    0.00%, 6    0.00%, 7   96.19%, 8    0.00%
类型8 正确率： 100.00% -> 1    0.00%, 2    0.00%, 3    0.00%, 4    0.00%, 5    0.00%, 6    0.00%, 7    0.00%, 8  100.00%

被排除样本 正确率：60.25%
类型1 没有样本或未被分类。
类型2 正确率：  33.00% -> 1    0.00%, 2   32.61%, 3    0.00%, 4    0.00%, 5   66.30%, 6    0.00%, 7    1.09%
类型3 没有样本或未被分类。
类型4 正确率：  90.00% -> 1   10.00%, 2    0.00%, 3    0.00%, 4   90.00%, 5    0.00%, 6    0.00%, 7    0.00%
类型5 正确率： 100.00% -> 1    0.00%, 2    0.00%, 3    0.00%, 4    0.00%, 5  100.00%, 6    0.00%, 7    0.00%
类型6 正确率：  97.00% -> 1    0.00%, 2    0.00%, 3    3.45%, 4    0.00%, 5    0.00%, 6   96.55%, 7    0.00%
类型7 没有样本或未被分类。


轮次:··6/·20 || c_Loss:0.675 || e_Loss:-1.629 || Aad_Loss:-12.546 || 耗时：86.04s
轮次:··7/·20 || c_Loss:0.705 || e_Loss:-3.002 || Aad_Loss:-11.422 || 耗时：35.35s
轮次:··8/·20 || c_Loss:0.705 || e_Loss:-3.094 || Aad_Loss:-11.145 || 耗时：35.37s
轮次:··9/·20 || c_Loss:0.743 || e_Loss:-2.600 || Aad_Loss:-12.061 || 耗时：35.49s
轮次:·10/·20 || c_Loss:0.702 || e_Loss:-1.521 || Aad_Loss:-12.558 || 耗时：35.37s
任务: (B1)N15_M01_F10→(B3)N15_M07_F04; mix批次:····0; 批次:·2500/·5000;  总正确率: 89.82%
类型1 正确率： 100.00% -> 1  100.00%, 2    0.00%, 3    0.00%, 4    0.00%, 5    0.00%, 6    0.00%, 7    0.00%, 8    0.00%
类型2 正确率： 100.00% -> 1    0.00%, 2  100.00%, 3    0.00%, 4    0.00%, 5    0.00%, 6    0.00%, 7    0.00%, 8    0.00%
类型3 正确率：  43.00% -> 1    0.00%, 2    0.00%, 3   43.15%, 4    0.05%, 5    0.00%, 6   56.80%, 7    0.00%, 8    0.00%
类型4 正确率： 100.00% -> 1    0.00%, 2    0.00%, 3    0.00%, 4  100.00%, 5    0.00%, 6    0.00%, 7    0.00%, 8    0.00%
类型5 正确率：  81.00% -> 1   18.70%, 2    0.00%, 3    0.00%, 4    0.00%, 5   81.30%, 6    0.00%, 7    0.00%, 8    0.00%
类型6 正确率：  97.00% -> 1    0.00%, 2    0.00%, 3    2.55%, 4    0.05%, 5    0.00%, 6   97.40%, 7    0.00%, 8    0.00%
类型7 正确率：  97.00% -> 1    0.00%, 2    0.05%, 3    0.00%, 4    3.25%, 5    0.00%, 6    0.00%, 7   96.70%, 8    0.00%
类型8 正确率： 100.00% -> 1    0.00%, 2    0.00%, 3    0.00%, 4    0.00%, 5    0.00%, 6    0.00%, 7    0.00%, 8  100.00%


样本变换：reverse
样本变换：mask
样本变换：shift
样本变换：none
未过滤	未用伪标签：89.82% -> 使用伪标签：87.20%
已过滤	未用伪标签：90.00% -> 使用伪标签：88.15%
排除样本：172|16000	剩余：2372, 2001, 1120, 2075, 1618, 2742, 1900, 2000
增添样本：6108		细则：370, 741, 1622, 667, 1124, 0, 842, 742	正确率估算：93.15%
类型1 正确率： 100.00% -> 1  100.00%, 2    0.00%, 3    0.00%, 4    0.00%, 5    0.00%, 6    0.00%, 7    0.00%, 8    0.00%
类型2 正确率： 100.00% -> 1    0.00%, 2  100.00%, 3    0.00%, 4    0.00%, 5    0.00%, 6    0.00%, 7    0.00%, 8    0.00%
类型3 正确率：  42.00% -> 1    0.00%, 2    0.00%, 3   41.94%, 4    0.05%, 5    0.00%, 6   58.01%, 7    0.00%, 8    0.00%
类型4 正确率： 100.00% -> 1    0.00%, 2    0.00%, 3    0.00%, 4  100.00%, 5    0.00%, 6    0.00%, 7    0.00%, 8    0.00%
类型5 正确率：  81.00% -> 1   18.69%, 2    0.00%, 3    0.00%, 4    0.00%, 5   81.31%, 6    0.00%, 7    0.00%, 8    0.00%
类型6 正确率：  84.00% -> 1    0.00%, 2    0.00%, 3   16.24%, 4    0.00%, 5    0.00%, 6   83.76%, 7    0.00%, 8    0.00%
类型7 正确率：  96.00% -> 1    0.00%, 2    0.05%, 3    0.00%, 4    3.75%, 5    0.00%, 6    0.00%, 7   96.20%, 8    0.00%
类型8 正确率： 100.00% -> 1    0.00%, 2    0.00%, 3    0.00%, 4    0.00%, 5    0.00%, 6    0.00%, 7    0.00%, 8  100.00%

被排除样本 正确率：73.26%
类型1 正确率：  52.00% -> 1   51.81%, 2    0.00%, 3    0.00%, 4   48.19%, 5    0.00%
类型2 没有样本或未被分类。
类型3 正确率： 100.00% -> 1    0.00%, 2    0.00%, 3  100.00%, 4    0.00%, 5    0.00%
类型4 正确率：  98.00% -> 1    1.85%, 2    0.00%, 3    0.00%, 4   98.15%, 5    0.00%
类型5 正确率：  80.00% -> 1    0.00%, 2   20.00%, 3    0.00%, 4    0.00%, 5   80.00%


轮次:·11/·20 || c_Loss:0.730 || e_Loss:-1.462 || Aad_Loss:-12.083 || 耗时：85.39s
轮次:·12/·20 || c_Loss:0.700 || e_Loss:-1.568 || Aad_Loss:-12.665 || 耗时：35.44s
轮次:·13/·20 || c_Loss:0.718 || e_Loss:-2.372 || Aad_Loss:-11.608 || 耗时：35.41s
轮次:·14/·20 || c_Loss:0.668 || e_Loss:-1.574 || Aad_Loss:-12.272 || 耗时：35.50s
轮次:·15/·20 || c_Loss:0.685 || e_Loss:-1.592 || Aad_Loss:-11.803 || 耗时：35.41s
任务: (B1)N15_M01_F10→(B3)N15_M07_F04; mix批次:····0; 批次:·3750/·5000;  总正确率: 89.14%
类型1 正确率： 100.00% -> 1  100.00%, 2    0.00%, 3    0.00%, 4    0.00%, 5    0.00%, 6    0.00%, 7    0.00%, 8    0.00%
类型2 正确率： 100.00% -> 1    0.00%, 2  100.00%, 3    0.00%, 4    0.00%, 5    0.00%, 6    0.00%, 7    0.00%, 8    0.00%
类型3 正确率：  48.00% -> 1    0.00%, 2    0.00%, 3   47.50%, 4    0.00%, 5    0.00%, 6   52.50%, 7    0.00%, 8    0.00%
类型4 正确率： 100.00% -> 1    0.00%, 2    0.00%, 3    0.00%, 4  100.00%, 5    0.00%, 6    0.00%, 7    0.00%, 8    0.00%
类型5 正确率：  80.00% -> 1   19.75%, 2    0.00%, 3    0.00%, 4    0.00%, 5   80.25%, 6    0.00%, 7    0.00%, 8    0.00%
类型6 正确率：  88.00% -> 1    0.00%, 2    0.00%, 3   11.50%, 4    0.05%, 5    0.00%, 6   88.45%, 7    0.00%, 8    0.00%
类型7 正确率：  97.00% -> 1    0.00%, 2    0.05%, 3    0.00%, 4    3.00%, 5    0.00%, 6    0.00%, 7   96.95%, 8    0.00%
类型8 正确率： 100.00% -> 1    0.00%, 2    0.00%, 3    0.00%, 4    0.00%, 5    0.00%, 6    0.00%, 7    0.00%, 8  100.00%


样本变换：reverse
样本变换：mask
样本变换：shift
样本变换：none
未过滤	未用伪标签：89.14% -> 使用伪标签：85.88%
已过滤	未用伪标签：89.24% -> 使用伪标签：86.86%
排除样本：180|16000	剩余：2375, 2001, 1159, 2072, 1619, 2692, 1902, 2000
增添样本：5716		细则：317, 691, 1533, 620, 1073, 0, 790, 692	正确率估算：94.68%
类型1 正确率： 100.00% -> 1  100.00%, 2    0.00%, 3    0.00%, 4    0.00%, 5    0.00%, 6    0.00%, 7    0.00%, 8    0.00%
类型2 正确率： 100.00% -> 1    0.00%, 2  100.00%, 3    0.00%, 4    0.00%, 5    0.00%, 6    0.00%, 7    0.00%, 8    0.00%
类型3 正确率：  38.00% -> 1    0.00%, 2    0.00%, 3   37.70%, 4    0.05%, 5    0.00%, 6   62.25%, 7    0.00%, 8    0.00%
类型4 正确率： 100.00% -> 1    0.00%, 2    0.00%, 3    0.00%, 4  100.00%, 5    0.00%, 6    0.00%, 7    0.00%, 8    0.00%
类型5 正确率：  81.00% -> 1   18.81%, 2    0.00%, 3    0.00%, 4    0.00%, 5   81.19%, 6    0.00%, 7    0.00%, 8    0.00%
类型6 正确率：  78.00% -> 1    0.00%, 2    0.00%, 3   22.50%, 4    0.00%, 5    0.00%, 6   77.50%, 7    0.00%, 8    0.00%
类型7 正确率：  96.00% -> 1    0.00%, 2    0.05%, 3    0.00%, 4    3.60%, 5    0.00%, 6    0.00%, 7   96.35%, 8    0.00%
类型8 正确率： 100.00% -> 1    0.00%, 2    0.00%, 3    0.00%, 4    0.00%, 5    0.00%, 6    0.00%, 7    0.00%, 8  100.00%

被排除样本 正确率：81.11%
类型1 没有样本或未被分类。
类型2 正确率：  77.00% -> 1    0.00%, 2   76.62%, 3    0.00%, 4    0.00%, 5   23.38%, 6    0.00%
类型3 没有样本或未被分类。
类型4 正确率：  33.00% -> 1   66.67%, 2    0.00%, 3    0.00%, 4   33.33%, 5    0.00%, 6    0.00%
类型5 正确率：  92.00% -> 1    0.00%, 2    8.45%, 3    0.00%, 4    0.00%, 5   91.55%, 6    0.00%
类型6 正确率：  77.00% -> 1    0.00%, 2    0.00%, 3   23.08%, 4    0.00%, 5    0.00%, 6   76.92%


轮次:·16/·20 || c_Loss:0.644 || e_Loss:-1.658 || Aad_Loss:-11.728 || 耗时：85.13s
轮次:·17/·20 || c_Loss:0.763 || e_Loss:-3.112 || Aad_Loss:-12.032 || 耗时：35.38s
轮次:·18/·20 || c_Loss:0.635 || e_Loss:-1.669 || Aad_Loss:-11.794 || 耗时：35.42s
轮次:·19/·20 || c_Loss:0.661 || e_Loss:-2.908 || Aad_Loss:-11.662 || 耗时：35.47s
轮次:·20/·20 || c_Loss:0.726 || e_Loss:-3.209 || Aad_Loss:-10.966 || 耗时：35.42s
任务: (B1)N15_M01_F10→(B3)N15_M07_F04; mix批次:····0; 批次:·5000/·5000;  总正确率: 87.56%
类型1 正确率： 100.00% -> 1  100.00%, 2    0.00%, 3    0.00%, 4    0.00%, 5    0.00%, 6    0.00%, 7    0.00%, 8    0.00%
类型2 正确率： 100.00% -> 1    0.00%, 2  100.00%, 3    0.00%, 4    0.00%, 5    0.00%, 6    0.00%, 7    0.00%, 8    0.00%
类型3 正确率：  33.00% -> 1    0.00%, 2    0.00%, 3   33.45%, 4    0.00%, 5    0.00%, 6   66.55%, 7    0.00%, 8    0.00%
类型4 正确率： 100.00% -> 1    0.00%, 2    0.00%, 3    0.00%, 4  100.00%, 5    0.00%, 6    0.00%, 7    0.00%, 8    0.00%
类型5 正确率：  81.00% -> 1   19.10%, 2    0.00%, 3    0.00%, 4    0.00%, 5   80.90%, 6    0.00%, 7    0.00%, 8    0.00%
类型6 正确率：  88.00% -> 1    0.00%, 2    0.00%, 3   12.00%, 4    0.15%, 5    0.00%, 6   87.85%, 7    0.00%, 8    0.00%
类型7 正确率：  98.00% -> 1    0.00%, 2    0.05%, 3    0.00%, 4    1.70%, 5    0.00%, 6    0.00%, 7   98.25%, 8    0.00%
类型8 正确率： 100.00% -> 1    0.00%, 2    0.00%, 3    0.00%, 4    0.00%, 5    0.00%, 6    0.00%, 7    0.00%, 8  100.00%


测试集任务: (B1)N15_M01_F10→(B3)N15_M07_F04; 总正确率 = 87.56%
类型1 正确率： 100.00% -> 1  100.00%, 2    0.00%, 3    0.00%, 4    0.00%, 5    0.00%, 6    0.00%, 7    0.00%, 8    0.00%
类型2 正确率： 100.00% -> 1    0.00%, 2  100.00%, 3    0.00%, 4    0.00%, 5    0.00%, 6    0.00%, 7    0.00%, 8    0.00%
类型3 正确率：  33.00% -> 1    0.00%, 2    0.00%, 3   33.45%, 4    0.00%, 5    0.00%, 6   66.55%, 7    0.00%, 8    0.00%
类型4 正确率： 100.00% -> 1    0.00%, 2    0.00%, 3    0.00%, 4  100.00%, 5    0.00%, 6    0.00%, 7    0.00%, 8    0.00%
类型5 正确率：  81.00% -> 1   19.10%, 2    0.00%, 3    0.00%, 4    0.00%, 5   80.90%, 6    0.00%, 7    0.00%, 8    0.00%
类型6 正确率：  88.00% -> 1    0.00%, 2    0.00%, 3   12.00%, 4    0.15%, 5    0.00%, 6   87.85%, 7    0.00%, 8    0.00%
类型7 正确率：  98.00% -> 1    0.00%, 2    0.05%, 3    0.00%, 4    1.70%, 5    0.00%, 6    0.00%, 7   98.25%, 8    0.00%
类型8 正确率： 100.00% -> 1    0.00%, 2    0.00%, 3    0.00%, 4    0.00%, 5    0.00%, 6    0.00%, 7    0.00%, 8  100.00%


