读取源域路径：/kaggle/working/hust/H1/weight_HUST_M1_final_checkpoint_FH1toH1_s2024/NEW_PU/Source-源域/log&pt/(B1)N15_M01_F10
excel输出位置：/kaggle/working/hust/H1/weight_HUST_M1_final_checkpoint_FH1toH1_s2024/NEW_PU/Target-目标域
特征图片输出位置：/kaggle/working/hust/H1/weight_HUST_M1_final_checkpoint_FH1toH1_s2024/NEW_PU/Picture-特征图/2026年09月19日11时30分/(B1)N15_M01_F10
现在选取:(B1)N15_M01_F10 进行训练的源模型
现在进行：(B1)N15_M01_F10→(B2)N15_M07_F10 的迁移任务
log&pt输出位置：/kaggle/working/hust/H1/weight_HUST_M1_final_checkpoint_FH1toH1_s2024/NEW_PU/Target-目标域/log&pt/(B1)N15_M01_F10→(B2)N15_M07_F10
任务: (B1)N15_M01_F10→(B2)N15_M07_F10; 批次:····0/·1880;  总正确率: 99.70%
类型1 正确率： 100.00% -> 1  100.00%, 2    0.00%, 3    0.00%
类型2 正确率：  99.00% -> 1    0.00%, 2   99.15%, 3    0.85%
类型3 正确率： 100.00% -> 1    0.00%, 2    0.05%, 3   99.95%


样本变换：reverse
样本变换：mask
样本变换：shift
样本变换：none
未过滤	未用伪标签：99.70% -> 使用伪标签：99.38%
已过滤	未用伪标签：99.75% -> 使用伪标签：99.63%
排除样本：15|6000	剩余：2000, 1965, 2020
增添样本：75		细则：20, 55, 0	正确率估算：100.00%
类型1 正确率： 100.00% -> 1  100.00%, 2    0.00%, 3    0.00%
类型2 正确率：  99.00% -> 1    0.00%, 2   98.89%, 3    1.11%
类型3 正确率： 100.00% -> 1    0.00%, 2    0.00%, 3  100.00%

被排除样本 正确率：80.00%
类型1 正确率：  85.00% -> 1   84.62%, 2   15.38%
类型2 正确率：  50.00% -> 1   50.00%, 2   50.00%


轮次:··1/·20 || c_Loss:0.542 || e_Loss:-1.022 || Aad_Loss:-29.530 || 耗时：34.38s
轮次:··2/·20 || c_Loss:0.410 || e_Loss:-1.036 || Aad_Loss:-30.603 || 耗时：13.05s
轮次:··3/·20 || c_Loss:0.413 || e_Loss:-0.979 || Aad_Loss:-29.266 || 耗时：13.00s
轮次:··4/·20 || c_Loss:0.367 || e_Loss:-1.009 || Aad_Loss:-31.175 || 耗时：12.93s
轮次:··5/·20 || c_Loss:0.411 || e_Loss:-0.956 || Aad_Loss:-30.501 || 耗时：12.89s
任务: (B1)N15_M01_F10→(B2)N15_M07_F10; mix批次:····0; 批次:··470/·1880;  总正确率: 100.00%
类型1 正确率： 100.00% -> 1  100.00%, 2    0.00%, 3    0.00%
类型2 正确率： 100.00% -> 1    0.00%, 2  100.00%, 3    0.00%
类型3 正确率： 100.00% -> 1    0.00%, 2    0.00%, 3  100.00%


样本变换：reverse
样本变换：mask
样本变换：shift
样本变换：none
未过滤	未用伪标签：100.00% -> 使用伪标签：100.00%
已过滤	未用伪标签：100.00% -> 使用伪标签：100.00%
排除样本：2000|6000	剩余：2000, 2000
增添样本：0		细则：0, 0, 0类型1 正确率： 100.00% -> 1  100.00%, 2    0.00%, 3    0.00%
类型2 正确率： 100.00% -> 1    0.00%, 2  100.00%, 3    0.00%
类型3 正确率： 100.00% -> 1    0.00%, 2    0.00%, 3  100.00%

被排除样本 正确率：nan%


轮次:··6/·20 || c_Loss:0.374 || e_Loss:-0.996 || Aad_Loss:-23.576 || 耗时：33.84s
轮次:··7/·20 || c_Loss:0.384 || e_Loss:-0.961 || Aad_Loss:-23.893 || 耗时：12.96s
轮次:··8/·20 || c_Loss:0.379 || e_Loss:-1.015 || Aad_Loss:-23.395 || 耗时：12.99s
轮次:··9/·20 || c_Loss:0.376 || e_Loss:-0.996 || Aad_Loss:-23.382 || 耗时：12.96s
轮次:·10/·20 || c_Loss:0.381 || e_Loss:-0.976 || Aad_Loss:-23.319 || 耗时：12.89s
任务: (B1)N15_M01_F10→(B2)N15_M07_F10; mix批次:····0; 批次:··940/·1880;  总正确率: 100.00%
类型1 正确率： 100.00% -> 1  100.00%, 2    0.00%, 3    0.00%
类型2 正确率： 100.00% -> 1    0.00%, 2  100.00%, 3    0.00%
类型3 正确率： 100.00% -> 1    0.00%, 2    0.00%, 3  100.00%


样本变换：reverse
样本变换：mask
样本变换：shift
样本变换：none
未过滤	未用伪标签：100.00% -> 使用伪标签：100.00%
已过滤	未用伪标签：100.00% -> 使用伪标签：100.00%
排除样本：2000|6000	剩余：2000, 2000
增添样本：0		细则：0, 0, 0类型1 正确率： 100.00% -> 1  100.00%, 2    0.00%, 3    0.00%
类型2 正确率： 100.00% -> 1    0.00%, 2  100.00%, 3    0.00%
类型3 正确率： 100.00% -> 1    0.00%, 2    0.00%, 3  100.00%

被排除样本 正确率：nan%


轮次:·11/·20 || c_Loss:0.381 || e_Loss:-1.004 || Aad_Loss:-23.761 || 耗时：33.69s
轮次:·12/·20 || c_Loss:0.385 || e_Loss:-0.971 || Aad_Loss:-24.098 || 耗时：12.92s
轮次:·13/·20 || c_Loss:0.379 || e_Loss:-1.019 || Aad_Loss:-23.578 || 耗时：12.98s
轮次:·14/·20 || c_Loss:0.376 || e_Loss:-0.997 || Aad_Loss:-23.597 || 耗时：12.97s
轮次:·15/·20 || c_Loss:0.379 || e_Loss:-0.978 || Aad_Loss:-23.640 || 耗时：12.94s
任务: (B1)N15_M01_F10→(B2)N15_M07_F10; mix批次:····0; 批次:·1410/·1880;  总正确率: 100.00%
类型1 正确率： 100.00% -> 1  100.00%, 2    0.00%, 3    0.00%
类型2 正确率： 100.00% -> 1    0.00%, 2  100.00%, 3    0.00%
类型3 正确率： 100.00% -> 1    0.00%, 2    0.00%, 3  100.00%


样本变换：reverse
样本变换：mask
样本变换：shift
样本变换：none
未过滤	未用伪标签：100.00% -> 使用伪标签：100.00%
已过滤	未用伪标签：100.00% -> 使用伪标签：100.00%
排除样本：2000|6000	剩余：2000, 2000
增添样本：0		细则：0, 0, 0类型1 正确率： 100.00% -> 1  100.00%, 2    0.00%, 3    0.00%
类型2 正确率： 100.00% -> 1    0.00%, 2  100.00%, 3    0.00%
类型3 正确率： 100.00% -> 1    0.00%, 2    0.00%, 3  100.00%

被排除样本 正确率：nan%


轮次:·16/·20 || c_Loss:0.380 || e_Loss:-1.005 || Aad_Loss:-23.852 || 耗时：33.71s
轮次:·17/·20 || c_Loss:0.383 || e_Loss:-0.974 || Aad_Loss:-24.202 || 耗时：12.88s
轮次:·18/·20 || c_Loss:0.378 || e_Loss:-1.019 || Aad_Loss:-23.679 || 耗时：12.89s
轮次:·19/·20 || c_Loss:0.376 || e_Loss:-0.998 || Aad_Loss:-23.723 || 耗时：12.88s
轮次:·20/·20 || c_Loss:0.378 || e_Loss:-0.979 || Aad_Loss:-23.836 || 耗时：12.91s
任务: (B1)N15_M01_F10→(B2)N15_M07_F10; mix批次:····0; 批次:·1880/·1880;  总正确率: 100.00%
类型1 正确率： 100.00% -> 1  100.00%, 2    0.00%, 3    0.00%
类型2 正确率： 100.00% -> 1    0.00%, 2  100.00%, 3    0.00%
类型3 正确率： 100.00% -> 1    0.00%, 2    0.00%, 3  100.00%


测试集任务: (B1)N15_M01_F10→(B2)N15_M07_F10; 总正确率 = 100.00%
类型1 正确率： 100.00% -> 1  100.00%, 2    0.00%, 3    0.00%
类型2 正确率： 100.00% -> 1    0.00%, 2  100.00%, 3    0.00%
类型3 正确率： 100.00% -> 1    0.00%, 2    0.00%, 3  100.00%


