读取源域路径：/kaggle/working/hust/H1/weight_HUST_M1_final_checkpoint_FH1toH1_s2024/NEW_PU/Source-源域/log&pt/(B1)N15_M01_F10
excel输出位置：/kaggle/working/hust/H1/weight_HUST_M1_final_checkpoint_FH1toH1_s2024/NEW_PU/Target-目标域
特征图片输出位置：/kaggle/working/hust/H1/weight_HUST_M1_final_checkpoint_FH1toH1_s2024/NEW_PU/Picture-特征图/2026年09月19日11时36分/(B1)N15_M01_F10
现在选取:(B1)N15_M01_F10 进行训练的源模型
现在进行：(B1)N15_M01_F10→(B3)N15_M07_F04 的迁移任务
log&pt输出位置：/kaggle/working/hust/H1/weight_HUST_M1_final_checkpoint_FH1toH1_s2024/NEW_PU/Target-目标域/log&pt/(B1)N15_M01_F10→(B3)N15_M07_F04
任务: (B1)N15_M01_F10→(B3)N15_M07_F04; 批次:····0/·1880;  总正确率: 100.00%
类型1 正确率： 100.00% -> 1  100.00%, 2    0.00%, 3    0.00%
类型2 正确率： 100.00% -> 1    0.00%, 2  100.00%, 3    0.00%
类型3 正确率： 100.00% -> 1    0.00%, 2    0.00%, 3  100.00%


样本变换：reverse
样本变换：mask
样本变换：shift
样本变换：none
未过滤	未用伪标签：100.00% -> 使用伪标签：100.00%
已过滤	未用伪标签：100.00% -> 使用伪标签：100.00%
排除样本：2000|6000	剩余：2000, 2000
增添样本：0		细则：0, 0, 0类型1 正确率： 100.00% -> 1  100.00%, 2    0.00%, 3    0.00%
类型2 正确率： 100.00% -> 1    0.00%, 2  100.00%, 3    0.00%
类型3 正确率： 100.00% -> 1    0.00%, 2    0.00%, 3  100.00%

被排除样本 正确率：nan%


轮次:··1/·20 || c_Loss:0.553 || e_Loss:-1.065 || Aad_Loss:-22.451 || 耗时：33.98s
轮次:··2/·20 || c_Loss:0.432 || e_Loss:-0.962 || Aad_Loss:-23.088 || 耗时：13.00s
轮次:··3/·20 || c_Loss:0.401 || e_Loss:-1.020 || Aad_Loss:-22.800 || 耗时：12.93s
轮次:··4/·20 || c_Loss:0.383 || e_Loss:-1.007 || Aad_Loss:-23.250 || 耗时：12.83s
轮次:··5/·20 || c_Loss:0.389 || e_Loss:-0.973 || Aad_Loss:-22.786 || 耗时：12.84s
任务: (B1)N15_M01_F10→(B3)N15_M07_F04; mix批次:····0; 批次:··470/·1880;  总正确率: 100.00%
类型1 正确率： 100.00% -> 1  100.00%, 2    0.00%, 3    0.00%
类型2 正确率： 100.00% -> 1    0.00%, 2  100.00%, 3    0.00%
类型3 正确率： 100.00% -> 1    0.00%, 2    0.00%, 3  100.00%


样本变换：reverse
样本变换：mask
样本变换：shift
样本变换：none
未过滤	未用伪标签：100.00% -> 使用伪标签：100.00%
已过滤	未用伪标签：100.00% -> 使用伪标签：100.00%
排除样本：2000|6000	剩余：2000, 2000
增添样本：0		细则：0, 0, 0类型1 正确率： 100.00% -> 1  100.00%, 2    0.00%, 3    0.00%
类型2 正确率： 100.00% -> 1    0.00%, 2  100.00%, 3    0.00%
类型3 正确率： 100.00% -> 1    0.00%, 2    0.00%, 3  100.00%

被排除样本 正确率：nan%


轮次:··6/·20 || c_Loss:0.384 || e_Loss:-0.990 || Aad_Loss:-23.466 || 耗时：33.68s
轮次:··7/·20 || c_Loss:0.384 || e_Loss:-0.957 || Aad_Loss:-23.973 || 耗时：12.97s
轮次:··8/·20 || c_Loss:0.383 || e_Loss:-1.011 || Aad_Loss:-23.346 || 耗时：12.95s
轮次:··9/·20 || c_Loss:0.377 || e_Loss:-1.002 || Aad_Loss:-23.613 || 耗时：12.91s
轮次:·10/·20 || c_Loss:0.384 || e_Loss:-0.972 || Aad_Loss:-23.346 || 耗时：12.88s
任务: (B1)N15_M01_F10→(B3)N15_M07_F04; mix批次:····0; 批次:··940/·1880;  总正确率: 100.00%
类型1 正确率： 100.00% -> 1  100.00%, 2    0.00%, 3    0.00%
类型2 正确率： 100.00% -> 1    0.00%, 2  100.00%, 3    0.00%
类型3 正确率： 100.00% -> 1    0.00%, 2    0.00%, 3  100.00%


样本变换：reverse
样本变换：mask
样本变换：shift
样本变换：none
未过滤	未用伪标签：100.00% -> 使用伪标签：100.00%
已过滤	未用伪标签：100.00% -> 使用伪标签：100.00%
排除样本：2000|6000	剩余：2000, 2000
增添样本：0		细则：0, 0, 0类型1 正确率： 100.00% -> 1  100.00%, 2    0.00%, 3    0.00%
类型2 正确率： 100.00% -> 1    0.00%, 2  100.00%, 3    0.00%
类型3 正确率： 100.00% -> 1    0.00%, 2    0.00%, 3  100.00%

被排除样本 正确率：nan%


轮次:·11/·20 || c_Loss:0.381 || e_Loss:-0.991 || Aad_Loss:-23.652 || 耗时：33.63s
轮次:·12/·20 || c_Loss:0.382 || e_Loss:-0.966 || Aad_Loss:-24.178 || 耗时：12.90s
轮次:·13/·20 || c_Loss:0.381 || e_Loss:-1.013 || Aad_Loss:-23.541 || 耗时：12.89s
轮次:·14/·20 || c_Loss:0.377 || e_Loss:-1.002 || Aad_Loss:-23.762 || 耗时：12.88s
轮次:·15/·20 || c_Loss:0.382 || e_Loss:-0.974 || Aad_Loss:-23.621 || 耗时：12.88s
任务: (B1)N15_M01_F10→(B3)N15_M07_F04; mix批次:····0; 批次:·1410/·1880;  总正确率: 100.00%
类型1 正确率： 100.00% -> 1  100.00%, 2    0.00%, 3    0.00%
类型2 正确率： 100.00% -> 1    0.00%, 2  100.00%, 3    0.00%
类型3 正确率： 100.00% -> 1    0.00%, 2    0.00%, 3  100.00%


样本变换：reverse
样本变换：mask
样本变换：shift
样本变换：none
未过滤	未用伪标签：100.00% -> 使用伪标签：100.00%
已过滤	未用伪标签：100.00% -> 使用伪标签：100.00%
排除样本：2000|6000	剩余：2000, 2000
增添样本：0		细则：0, 0, 0类型1 正确率： 100.00% -> 1  100.00%, 2    0.00%, 3    0.00%
类型2 正确率： 100.00% -> 1    0.00%, 2  100.00%, 3    0.00%
类型3 正确率： 100.00% -> 1    0.00%, 2    0.00%, 3  100.00%

被排除样本 正确率：nan%


轮次:·16/·20 || c_Loss:0.380 || e_Loss:-0.992 || Aad_Loss:-23.753 || 耗时：33.74s
轮次:·17/·20 || c_Loss:0.381 || e_Loss:-0.970 || Aad_Loss:-24.275 || 耗时：12.93s
轮次:·18/·20 || c_Loss:0.380 || e_Loss:-1.014 || Aad_Loss:-23.650 || 耗时：12.96s
轮次:·19/·20 || c_Loss:0.376 || e_Loss:-1.002 || Aad_Loss:-23.853 || 耗时：12.91s
轮次:·20/·20 || c_Loss:0.380 || e_Loss:-0.977 || Aad_Loss:-23.794 || 耗时：12.88s
任务: (B1)N15_M01_F10→(B3)N15_M07_F04; mix批次:····0; 批次:·1880/·1880;  总正确率: 100.00%
类型1 正确率： 100.00% -> 1  100.00%, 2    0.00%, 3    0.00%
类型2 正确率： 100.00% -> 1    0.00%, 2  100.00%, 3    0.00%
类型3 正确率： 100.00% -> 1    0.00%, 2    0.00%, 3  100.00%


测试集任务: (B1)N15_M01_F10→(B3)N15_M07_F04; 总正确率 = 100.00%
类型1 正确率： 100.00% -> 1  100.00%, 2    0.00%, 3    0.00%
类型2 正确率： 100.00% -> 1    0.00%, 2  100.00%, 3    0.00%
类型3 正确率： 100.00% -> 1    0.00%, 2    0.00%, 3  100.00%


