读取源域路径：/kaggle/working/hust/H1/weight_HUST_M1_final_checkpoint_FH1toH1_s2024/NEW_PU/Source-源域/log&pt/(B2)N15_M07_F10
excel输出位置：/kaggle/working/hust/H1/weight_HUST_M1_final_checkpoint_FH1toH1_s2024/NEW_PU/Target-目标域
特征图片输出位置：/kaggle/working/hust/H1/weight_HUST_M1_final_checkpoint_FH1toH1_s2024/NEW_PU/Picture-特征图/2026年09月19日11时42分/(B2)N15_M07_F10
现在选取:(B2)N15_M07_F10 进行训练的源模型
现在进行：(B2)N15_M07_F10→(B1)N15_M01_F10 的迁移任务
log&pt输出位置：/kaggle/working/hust/H1/weight_HUST_M1_final_checkpoint_FH1toH1_s2024/NEW_PU/Target-目标域/log&pt/(B2)N15_M07_F10→(B1)N15_M01_F10
任务: (B2)N15_M07_F10→(B1)N15_M01_F10; 批次:····0/·1880;  总正确率: 98.28%
类型1 正确率： 100.00% -> 1  100.00%, 2    0.00%, 3    0.00%
类型2 正确率：  95.00% -> 1    0.15%, 2   94.95%, 3    4.90%
类型3 正确率： 100.00% -> 1    0.00%, 2    0.10%, 3   99.90%


样本变换：reverse
样本变换：mask
样本变换：shift
样本变换：none
未过滤	未用伪标签：98.28% -> 使用伪标签：97.13%
已过滤	未用伪标签：98.85% -> 使用伪标签：98.88%
排除样本：106|6000	剩余：2004, 1874, 2016
增添样本：154		细则：12, 142, 0	正确率估算：97.40%
类型1 正确率： 100.00% -> 1  100.00%, 2    0.00%, 3    0.00%
类型2 正确率：  97.00% -> 1    0.21%, 2   96.99%, 3    2.81%
类型3 正确率： 100.00% -> 1    0.00%, 2    0.41%, 3   99.59%

被排除样本 正确率：66.98%
类型1 没有样本或未被分类。
类型2 正确率：  54.00% -> 1    1.32%, 2   53.95%, 3   44.74%
类型3 正确率： 100.00% -> 1    0.00%, 2    0.00%, 3  100.00%


轮次:··1/·20 || c_Loss:0.479 || e_Loss:-1.021 || Aad_Loss:-28.878 || 耗时：34.15s
轮次:··2/·20 || c_Loss:0.367 || e_Loss:-1.187 || Aad_Loss:-29.722 || 耗时：13.03s
轮次:··3/·20 || c_Loss:0.350 || e_Loss:-1.509 || Aad_Loss:-29.741 || 耗时：12.88s
轮次:··4/·20 || c_Loss:0.399 || e_Loss:-0.922 || Aad_Loss:-29.805 || 耗时：12.77s
轮次:··5/·20 || c_Loss:0.340 || e_Loss:-1.401 || Aad_Loss:-30.280 || 耗时：12.72s
任务: (B2)N15_M07_F10→(B1)N15_M01_F10; mix批次:····0; 批次:··470/·1880;  总正确率: 99.53%
类型1 正确率： 100.00% -> 1  100.00%, 2    0.00%, 3    0.00%
类型2 正确率：  99.00% -> 1    0.00%, 2   98.60%, 3    1.40%
类型3 正确率： 100.00% -> 1    0.00%, 2    0.00%, 3  100.00%


样本变换：reverse
样本变换：mask
样本变换：shift
样本变换：none
未过滤	未用伪标签：99.53% -> 使用伪标签：99.75%
已过滤	未用伪标签：99.67% -> 使用伪标签：99.88%
排除样本：8|6000	剩余：2000, 1985, 2007
增添样本：29		细则：7, 22, 0	正确率估算：100.00%
类型1 正确率： 100.00% -> 1  100.00%, 2    0.00%, 3    0.00%
类型2 正确率： 100.00% -> 1    0.00%, 2   99.65%, 3    0.35%
类型3 正确率： 100.00% -> 1    0.00%, 2    0.00%, 3  100.00%

被排除样本 正确率：0.00%
类型1 正确率：   0.00% -> 1    0.00%, 2  100.00%
类型2 没有样本或未被分类。


轮次:··6/·20 || c_Loss:0.365 || e_Loss:-0.970 || Aad_Loss:-30.715 || 耗时：33.75s
轮次:··7/·20 || c_Loss:0.374 || e_Loss:-0.986 || Aad_Loss:-31.009 || 耗时：12.88s
轮次:··8/·20 || c_Loss:0.372 || e_Loss:-1.002 || Aad_Loss:-31.648 || 耗时：12.86s
轮次:··9/·20 || c_Loss:0.389 || e_Loss:-0.985 || Aad_Loss:-30.503 || 耗时：12.85s
轮次:·10/·20 || c_Loss:0.376 || e_Loss:-0.986 || Aad_Loss:-31.558 || 耗时：12.84s
任务: (B2)N15_M07_F10→(B1)N15_M01_F10; mix批次:····0; 批次:··940/·1880;  总正确率: 100.00%
类型1 正确率： 100.00% -> 1  100.00%, 2    0.00%, 3    0.00%
类型2 正确率： 100.00% -> 1    0.00%, 2  100.00%, 3    0.00%
类型3 正确率： 100.00% -> 1    0.00%, 2    0.00%, 3  100.00%


样本变换：reverse
样本变换：mask
样本变换：shift
样本变换：none
未过滤	未用伪标签：100.00% -> 使用伪标签：100.00%
已过滤	未用伪标签：100.00% -> 使用伪标签：100.00%
排除样本：2000|6000	剩余：2000, 2000
增添样本：0		细则：0, 0, 0类型1 正确率： 100.00% -> 1  100.00%, 2    0.00%, 3    0.00%
类型2 正确率： 100.00% -> 1    0.00%, 2  100.00%, 3    0.00%
类型3 正确率： 100.00% -> 1    0.00%, 2    0.00%, 3  100.00%

被排除样本 正确率：nan%


轮次:·11/·20 || c_Loss:0.379 || e_Loss:-0.999 || Aad_Loss:-23.836 || 耗时：33.84s
轮次:·12/·20 || c_Loss:0.386 || e_Loss:-0.954 || Aad_Loss:-24.149 || 耗时：12.88s
轮次:·13/·20 || c_Loss:0.380 || e_Loss:-1.009 || Aad_Loss:-23.635 || 耗时：12.92s
轮次:·14/·20 || c_Loss:0.379 || e_Loss:-1.006 || Aad_Loss:-23.705 || 耗时：12.91s
轮次:·15/·20 || c_Loss:0.401 || e_Loss:-0.968 || Aad_Loss:-22.764 || 耗时：12.91s
任务: (B2)N15_M07_F10→(B1)N15_M01_F10; mix批次:····0; 批次:·1410/·1880;  总正确率: 100.00%
类型1 正确率： 100.00% -> 1  100.00%, 2    0.00%, 3    0.00%
类型2 正确率： 100.00% -> 1    0.00%, 2  100.00%, 3    0.00%
类型3 正确率： 100.00% -> 1    0.00%, 2    0.00%, 3  100.00%


样本变换：reverse
样本变换：mask
样本变换：shift
样本变换：none
未过滤	未用伪标签：100.00% -> 使用伪标签：100.00%
已过滤	未用伪标签：100.00% -> 使用伪标签：100.00%
排除样本：2000|6000	剩余：2000, 2000
增添样本：0		细则：0, 0, 0类型1 正确率： 100.00% -> 1  100.00%, 2    0.00%, 3    0.00%
类型2 正确率： 100.00% -> 1    0.00%, 2  100.00%, 3    0.00%
类型3 正确率： 100.00% -> 1    0.00%, 2    0.00%, 3  100.00%

被排除样本 正确率：nan%


轮次:·16/·20 || c_Loss:0.382 || e_Loss:-1.007 || Aad_Loss:-23.941 || 耗时：33.88s
轮次:·17/·20 || c_Loss:0.387 || e_Loss:-0.962 || Aad_Loss:-24.268 || 耗时：12.91s
轮次:·18/·20 || c_Loss:0.380 || e_Loss:-1.013 || Aad_Loss:-23.741 || 耗时：12.95s
轮次:·19/·20 || c_Loss:0.379 || e_Loss:-1.008 || Aad_Loss:-23.820 || 耗时：12.93s
轮次:·20/·20 || c_Loss:0.396 || e_Loss:-0.970 || Aad_Loss:-23.170 || 耗时：12.91s
任务: (B2)N15_M07_F10→(B1)N15_M01_F10; mix批次:····0; 批次:·1880/·1880;  总正确率: 100.00%
类型1 正确率： 100.00% -> 1  100.00%, 2    0.00%, 3    0.00%
类型2 正确率： 100.00% -> 1    0.00%, 2  100.00%, 3    0.00%
类型3 正确率： 100.00% -> 1    0.00%, 2    0.00%, 3  100.00%


测试集任务: (B2)N15_M07_F10→(B1)N15_M01_F10; 总正确率 = 100.00%
类型1 正确率： 100.00% -> 1  100.00%, 2    0.00%, 3    0.00%
类型2 正确率： 100.00% -> 1    0.00%, 2  100.00%, 3    0.00%
类型3 正确率： 100.00% -> 1    0.00%, 2    0.00%, 3  100.00%


