读取源域路径：/kaggle/working/hust/H1/weight_HUST_M1_final_checkpoint_FH1toH1_s2024/NEW_PU/Source-源域/log&pt/(B3)N15_M07_F04
excel输出位置：/kaggle/working/hust/H1/weight_HUST_M1_final_checkpoint_FH1toH1_s2024/NEW_PU/Target-目标域
特征图片输出位置：/kaggle/working/hust/H1/weight_HUST_M1_final_checkpoint_FH1toH1_s2024/NEW_PU/Picture-特征图/2026年09月19日12时00分/(B3)N15_M07_F04
现在选取:(B3)N15_M07_F04 进行训练的源模型
现在进行：(B3)N15_M07_F04→(B2)N15_M07_F10 的迁移任务
log&pt输出位置：/kaggle/working/hust/H1/weight_HUST_M1_final_checkpoint_FH1toH1_s2024/NEW_PU/Target-目标域/log&pt/(B3)N15_M07_F04→(B2)N15_M07_F10
任务: (B3)N15_M07_F04→(B2)N15_M07_F10; 批次:····0/·1880;  总正确率: 99.72%
类型1 正确率： 100.00% -> 1  100.00%, 2    0.00%, 3    0.00%
类型2 正确率：  99.00% -> 1    0.00%, 2   99.15%, 3    0.85%
类型3 正确率： 100.00% -> 1    0.00%, 2    0.00%, 3  100.00%


样本变换：reverse
样本变换：mask
样本变换：shift
样本变换：none
未过滤	未用伪标签：99.72% -> 使用伪标签：99.53%
已过滤	未用伪标签：99.80% -> 使用伪标签：99.75%
排除样本：13|6000	剩余：2000, 1972, 2015
增添样本：58		细则：15, 43, 0	正确率估算：100.00%
类型1 正确率： 100.00% -> 1  100.00%, 2    0.00%, 3    0.00%
类型2 正确率：  99.00% -> 1    0.00%, 2   99.25%, 3    0.75%
类型3 正确率： 100.00% -> 1    0.00%, 2    0.00%, 3  100.00%

被排除样本 正确率：61.54%
类型1 正确率：  62.00% -> 1   61.54%, 2   38.46%
类型2 没有样本或未被分类。


轮次:··1/·20 || c_Loss:0.537 || e_Loss:-1.058 || Aad_Loss:-28.623 || 耗时：33.87s
轮次:··2/·20 || c_Loss:0.473 || e_Loss:-0.942 || Aad_Loss:-29.985 || 耗时：13.05s
轮次:··3/·20 || c_Loss:0.382 || e_Loss:-1.002 || Aad_Loss:-30.789 || 耗时：12.97s
轮次:··4/·20 || c_Loss:0.368 || e_Loss:-0.978 || Aad_Loss:-32.157 || 耗时：12.87s
轮次:··5/·20 || c_Loss:0.368 || e_Loss:-0.988 || Aad_Loss:-31.272 || 耗时：12.82s
任务: (B3)N15_M07_F04→(B2)N15_M07_F10; mix批次:····0; 批次:··470/·1880;  总正确率: 100.00%
类型1 正确率： 100.00% -> 1  100.00%, 2    0.00%, 3    0.00%
类型2 正确率： 100.00% -> 1    0.00%, 2  100.00%, 3    0.00%
类型3 正确率： 100.00% -> 1    0.00%, 2    0.00%, 3  100.00%


样本变换：reverse
样本变换：mask
样本变换：shift
样本变换：none
未过滤	未用伪标签：100.00% -> 使用伪标签：100.00%
已过滤	未用伪标签：100.00% -> 使用伪标签：100.00%
排除样本：2000|6000	剩余：2000, 2000
增添样本：0		细则：0, 0, 0类型1 正确率： 100.00% -> 1  100.00%, 2    0.00%, 3    0.00%
类型2 正确率： 100.00% -> 1    0.00%, 2  100.00%, 3    0.00%
类型3 正确率： 100.00% -> 1    0.00%, 2    0.00%, 3  100.00%

被排除样本 正确率：nan%


轮次:··6/·20 || c_Loss:0.374 || e_Loss:-0.996 || Aad_Loss:-23.565 || 耗时：33.66s
轮次:··7/·20 || c_Loss:0.381 || e_Loss:-0.960 || Aad_Loss:-23.846 || 耗时：12.92s
轮次:··8/·20 || c_Loss:0.376 || e_Loss:-1.010 || Aad_Loss:-23.434 || 耗时：12.94s
轮次:··9/·20 || c_Loss:0.375 || e_Loss:-1.000 || Aad_Loss:-23.445 || 耗时：12.90s
轮次:·10/·20 || c_Loss:0.377 || e_Loss:-0.981 || Aad_Loss:-23.382 || 耗时：12.89s
任务: (B3)N15_M07_F04→(B2)N15_M07_F10; mix批次:····0; 批次:··940/·1880;  总正确率: 100.00%
类型1 正确率： 100.00% -> 1  100.00%, 2    0.00%, 3    0.00%
类型2 正确率： 100.00% -> 1    0.00%, 2  100.00%, 3    0.00%
类型3 正确率： 100.00% -> 1    0.00%, 2    0.00%, 3  100.00%


样本变换：reverse
样本变换：mask
样本变换：shift
样本变换：none
未过滤	未用伪标签：100.00% -> 使用伪标签：100.00%
已过滤	未用伪标签：100.00% -> 使用伪标签：100.00%
排除样本：2000|6000	剩余：2000, 2000
增添样本：0		细则：0, 0, 0类型1 正确率： 100.00% -> 1  100.00%, 2    0.00%, 3    0.00%
类型2 正确率： 100.00% -> 1    0.00%, 2  100.00%, 3    0.00%
类型3 正确率： 100.00% -> 1    0.00%, 2    0.00%, 3  100.00%

被排除样本 正确率：nan%


轮次:·11/·20 || c_Loss:0.377 || e_Loss:-1.005 || Aad_Loss:-23.755 || 耗时：33.66s
轮次:·12/·20 || c_Loss:0.380 || e_Loss:-0.971 || Aad_Loss:-24.077 || 耗时：12.90s
轮次:·13/·20 || c_Loss:0.376 || e_Loss:-1.012 || Aad_Loss:-23.611 || 耗时：12.95s
轮次:·14/·20 || c_Loss:0.375 || e_Loss:-1.001 || Aad_Loss:-23.641 || 耗时：12.90s
轮次:·15/·20 || c_Loss:0.376 || e_Loss:-0.982 || Aad_Loss:-23.646 || 耗时：12.92s
任务: (B3)N15_M07_F04→(B2)N15_M07_F10; mix批次:····0; 批次:·1410/·1880;  总正确率: 100.00%
类型1 正确率： 100.00% -> 1  100.00%, 2    0.00%, 3    0.00%
类型2 正确率： 100.00% -> 1    0.00%, 2  100.00%, 3    0.00%
类型3 正确率： 100.00% -> 1    0.00%, 2    0.00%, 3  100.00%


样本变换：reverse
样本变换：mask
样本变换：shift
样本变换：none
未过滤	未用伪标签：100.00% -> 使用伪标签：100.00%
已过滤	未用伪标签：100.00% -> 使用伪标签：100.00%
排除样本：2000|6000	剩余：2000, 2000
增添样本：0		细则：0, 0, 0类型1 正确率： 100.00% -> 1  100.00%, 2    0.00%, 3    0.00%
类型2 正确率： 100.00% -> 1    0.00%, 2  100.00%, 3    0.00%
类型3 正确率： 100.00% -> 1    0.00%, 2    0.00%, 3  100.00%

被排除样本 正确率：nan%


轮次:·16/·20 || c_Loss:0.376 || e_Loss:-1.005 || Aad_Loss:-23.850 || 耗时：33.55s
轮次:·17/·20 || c_Loss:0.379 || e_Loss:-0.974 || Aad_Loss:-24.186 || 耗时：12.87s
轮次:·18/·20 || c_Loss:0.375 || e_Loss:-1.013 || Aad_Loss:-23.707 || 耗时：12.90s
轮次:·19/·20 || c_Loss:0.375 || e_Loss:-1.001 || Aad_Loss:-23.752 || 耗时：12.89s
轮次:·20/·20 || c_Loss:0.376 || e_Loss:-0.983 || Aad_Loss:-23.808 || 耗时：12.89s
任务: (B3)N15_M07_F04→(B2)N15_M07_F10; mix批次:····0; 批次:·1880/·1880;  总正确率: 100.00%
类型1 正确率： 100.00% -> 1  100.00%, 2    0.00%, 3    0.00%
类型2 正确率： 100.00% -> 1    0.00%, 2  100.00%, 3    0.00%
类型3 正确率： 100.00% -> 1    0.00%, 2    0.00%, 3  100.00%


测试集任务: (B3)N15_M07_F04→(B2)N15_M07_F10; 总正确率 = 100.00%
类型1 正确率： 100.00% -> 1  100.00%, 2    0.00%, 3    0.00%
类型2 正确率： 100.00% -> 1    0.00%, 2  100.00%, 3    0.00%
类型3 正确率： 100.00% -> 1    0.00%, 2    0.00%, 3  100.00%


