读取源域路径：/kaggle/working/hust/H1/weight_HUST_M1_final_checkpoint_FH1toH1_s2024/NEW_PU/Source-源域/log&pt/(B3)N15_M07_F04
excel输出位置：/kaggle/working/hust/H1/weight_HUST_M1_final_checkpoint_FH1toH1_s2024/NEW_PU/Target-目标域
特征图片输出位置：/kaggle/working/hust/H1/weight_HUST_M1_final_checkpoint_FH1toH1_s2024/NEW_PU/Picture-特征图/2026年09月19日11时54分/(B3)N15_M07_F04
现在选取:(B3)N15_M07_F04 进行训练的源模型
现在进行：(B3)N15_M07_F04→(B1)N15_M01_F10 的迁移任务
log&pt输出位置：/kaggle/working/hust/H1/weight_HUST_M1_final_checkpoint_FH1toH1_s2024/NEW_PU/Target-目标域/log&pt/(B3)N15_M07_F04→(B1)N15_M01_F10
任务: (B3)N15_M07_F04→(B1)N15_M01_F10; 批次:····0/·1880;  总正确率: 99.77%
类型1 正确率： 100.00% -> 1  100.00%, 2    0.00%, 3    0.00%
类型2 正确率：  99.00% -> 1    0.00%, 2   99.30%, 3    0.70%
类型3 正确率： 100.00% -> 1    0.00%, 2    0.00%, 3  100.00%


样本变换：reverse
样本变换：mask
样本变换：shift
样本变换：none
未过滤	未用伪标签：99.77% -> 使用伪标签：99.23%
已过滤	未用伪标签：99.88% -> 使用伪标签：99.90%
排除样本：40|6000	剩余：2003, 1954, 2003
增添样本：49		细则：0, 49, 0	正确率估算：97.96%
类型1 正确率： 100.00% -> 1  100.00%, 2    0.00%, 3    0.00%
类型2 正确率： 100.00% -> 1    0.15%, 2   99.69%, 3    0.15%
类型3 正确率： 100.00% -> 1    0.00%, 2    0.00%, 3  100.00%

被排除样本 正确率：82.50%
类型1 正确率：  82.00% -> 1   82.50%, 2   17.50%
类型2 没有样本或未被分类。


轮次:··1/·20 || c_Loss:0.550 || e_Loss:-1.052 || Aad_Loss:-28.073 || 耗时：33.90s
轮次:··2/·20 || c_Loss:0.394 || e_Loss:-1.000 || Aad_Loss:-30.684 || 耗时：13.01s
轮次:··3/·20 || c_Loss:0.376 || e_Loss:-0.834 || Aad_Loss:-29.420 || 耗时：12.93s
轮次:··4/·20 || c_Loss:0.358 || e_Loss:-1.491 || Aad_Loss:-31.681 || 耗时：12.87s
轮次:··5/·20 || c_Loss:0.363 || e_Loss:-0.934 || Aad_Loss:-29.916 || 耗时：12.82s
任务: (B3)N15_M07_F04→(B1)N15_M01_F10; mix批次:····0; 批次:··470/·1880;  总正确率: 100.00%
类型1 正确率： 100.00% -> 1  100.00%, 2    0.00%, 3    0.00%
类型2 正确率： 100.00% -> 1    0.00%, 2  100.00%, 3    0.00%
类型3 正确率： 100.00% -> 1    0.00%, 2    0.00%, 3  100.00%


样本变换：reverse
样本变换：mask
样本变换：shift
样本变换：none
未过滤	未用伪标签：100.00% -> 使用伪标签：100.00%
已过滤	未用伪标签：100.00% -> 使用伪标签：100.00%
排除样本：2000|6000	剩余：2000, 2000
增添样本：0		细则：0, 0, 0类型1 正确率： 100.00% -> 1  100.00%, 2    0.00%, 3    0.00%
类型2 正确率： 100.00% -> 1    0.00%, 2  100.00%, 3    0.00%
类型3 正确率： 100.00% -> 1    0.00%, 2    0.00%, 3  100.00%

被排除样本 正确率：nan%


轮次:··6/·20 || c_Loss:0.367 || e_Loss:-0.986 || Aad_Loss:-23.579 || 耗时：33.63s
轮次:··7/·20 || c_Loss:0.377 || e_Loss:-0.954 || Aad_Loss:-23.902 || 耗时：12.88s
轮次:··8/·20 || c_Loss:0.375 || e_Loss:-1.011 || Aad_Loss:-23.386 || 耗时：12.91s
轮次:··9/·20 || c_Loss:0.373 || e_Loss:-1.005 || Aad_Loss:-23.634 || 耗时：12.93s
轮次:·10/·20 || c_Loss:0.379 || e_Loss:-0.976 || Aad_Loss:-23.440 || 耗时：12.93s
任务: (B3)N15_M07_F04→(B1)N15_M01_F10; mix批次:····0; 批次:··940/·1880;  总正确率: 100.00%
类型1 正确率： 100.00% -> 1  100.00%, 2    0.00%, 3    0.00%
类型2 正确率： 100.00% -> 1    0.00%, 2  100.00%, 3    0.00%
类型3 正确率： 100.00% -> 1    0.00%, 2    0.00%, 3  100.00%


样本变换：reverse
样本变换：mask
样本变换：shift
样本变换：none
未过滤	未用伪标签：100.00% -> 使用伪标签：100.00%
已过滤	未用伪标签：100.00% -> 使用伪标签：100.00%
排除样本：2000|6000	剩余：2000, 2000
增添样本：0		细则：0, 0, 0类型1 正确率： 100.00% -> 1  100.00%, 2    0.00%, 3    0.00%
类型2 正确率： 100.00% -> 1    0.00%, 2  100.00%, 3    0.00%
类型3 正确率： 100.00% -> 1    0.00%, 2    0.00%, 3  100.00%

被排除样本 正确率：nan%


轮次:·11/·20 || c_Loss:0.375 || e_Loss:-1.010 || Aad_Loss:-23.786 || 耗时：33.62s
轮次:·12/·20 || c_Loss:0.379 || e_Loss:-0.968 || Aad_Loss:-24.119 || 耗时：12.85s
轮次:·13/·20 || c_Loss:0.375 || e_Loss:-1.018 || Aad_Loss:-23.569 || 耗时：12.86s
轮次:·14/·20 || c_Loss:0.374 || e_Loss:-1.006 || Aad_Loss:-23.794 || 耗时：12.86s
轮次:·15/·20 || c_Loss:0.377 || e_Loss:-0.977 || Aad_Loss:-23.688 || 耗时：12.89s
任务: (B3)N15_M07_F04→(B1)N15_M01_F10; mix批次:····0; 批次:·1410/·1880;  总正确率: 100.00%
类型1 正确率： 100.00% -> 1  100.00%, 2    0.00%, 3    0.00%
类型2 正确率： 100.00% -> 1    0.00%, 2  100.00%, 3    0.00%
类型3 正确率： 100.00% -> 1    0.00%, 2    0.00%, 3  100.00%


样本变换：reverse
样本变换：mask
样本变换：shift
样本变换：none
未过滤	未用伪标签：100.00% -> 使用伪标签：100.00%
已过滤	未用伪标签：100.00% -> 使用伪标签：100.00%
排除样本：2000|6000	剩余：2000, 2000
增添样本：0		细则：0, 0, 0类型1 正确率： 100.00% -> 1  100.00%, 2    0.00%, 3    0.00%
类型2 正确率： 100.00% -> 1    0.00%, 2  100.00%, 3    0.00%
类型3 正确率： 100.00% -> 1    0.00%, 2    0.00%, 3  100.00%

被排除样本 正确率：nan%


轮次:·16/·20 || c_Loss:0.375 || e_Loss:-1.012 || Aad_Loss:-23.881 || 耗时：33.58s
轮次:·17/·20 || c_Loss:0.378 || e_Loss:-0.971 || Aad_Loss:-24.222 || 耗时：12.91s
轮次:·18/·20 || c_Loss:0.374 || e_Loss:-1.019 || Aad_Loss:-23.667 || 耗时：12.95s
轮次:·19/·20 || c_Loss:0.374 || e_Loss:-1.006 || Aad_Loss:-23.885 || 耗时：12.92s
轮次:·20/·20 || c_Loss:0.376 || e_Loss:-0.978 || Aad_Loss:-23.839 || 耗时：12.92s
任务: (B3)N15_M07_F04→(B1)N15_M01_F10; mix批次:····0; 批次:·1880/·1880;  总正确率: 100.00%
类型1 正确率： 100.00% -> 1  100.00%, 2    0.00%, 3    0.00%
类型2 正确率： 100.00% -> 1    0.00%, 2  100.00%, 3    0.00%
类型3 正确率： 100.00% -> 1    0.00%, 2    0.00%, 3  100.00%


测试集任务: (B3)N15_M07_F04→(B1)N15_M01_F10; 总正确率 = 100.00%
类型1 正确率： 100.00% -> 1  100.00%, 2    0.00%, 3    0.00%
类型2 正确率： 100.00% -> 1    0.00%, 2  100.00%, 3    0.00%
类型3 正确率： 100.00% -> 1    0.00%, 2    0.00%, 3  100.00%


