读取源域路径：/kaggle/working/m2rep/reps0/weight_PU_M1_final_checkpoint_FAtoB_gatepcv_s0/NEW_PU/Source-源域/log&pt/(B3)N15_M07_F04
excel输出位置：/kaggle/working/m2rep/reps0/weight_PU_M1_final_checkpoint_FAtoB_gatepcv_s0/NEW_PU/Target-目标域
特征图片输出位置：/kaggle/working/m2rep/reps0/weight_PU_M1_final_checkpoint_FAtoB_gatepcv_s0/NEW_PU/Picture-特征图/2026年09月14日21时27分/(B3)N15_M07_F04
现在选取:(B3)N15_M07_F04 进行训练的源模型
现在进行：(B3)N15_M07_F04→(B1)N15_M01_F10 的迁移任务
log&pt输出位置：/kaggle/working/m2rep/reps0/weight_PU_M1_final_checkpoint_FAtoB_gatepcv_s0/NEW_PU/Target-目标域/log&pt/(B3)N15_M07_F04→(B1)N15_M01_F10
任务: (B3)N15_M07_F04→(B1)N15_M01_F10; 批次:····0/·1880;  总正确率: 38.57%
类型1 正确率：  41.00% -> 1   41.10%, 2   57.85%, 3    1.05%
类型2 正确率：  23.00% -> 1    0.00%, 2   23.00%, 3   77.00%
类型3 正确率：  52.00% -> 1    0.00%, 2   48.40%, 3   51.60%


样本变换：reverse
样本变换：mask
样本变换：shift
样本变换：none
未过滤	未用伪标签：38.57% -> 使用伪标签：32.47%
已过滤	未用伪标签：37.86% -> 使用伪标签：33.04%
排除样本：104|6000	剩余：666, 2551, 2679
增添样本：2291		细则：1888, 0, 403	正确率估算：96.06%
类型1 正确率：  33.00% -> 1   33.05%, 2   66.85%, 3    0.10%
类型2 正确率：  14.00% -> 1    0.16%, 2   13.79%, 3   86.06%
类型3 正确率：  52.00% -> 1    0.15%, 2   48.10%, 3   51.75%

被排除样本 正确率：78.85%
类型1 正确率： 100.00% -> 1  100.00%, 2    0.00%, 3    0.00%
类型2 正确率：  88.00% -> 1    0.00%, 2   88.46%, 3   11.54%
类型3 正确率：  43.00% -> 1    0.00%, 2   56.52%, 3   43.48%


轮次:··1/·20 || c_Loss:0.407 || e_Loss:-1.674 || Aad_Loss:-27.157 || 耗时：33.79s
轮次:··2/·20 || c_Loss:0.370 || e_Loss:-1.767 || Aad_Loss:-29.702 || 耗时：12.79s
轮次:··3/·20 || c_Loss:0.365 || e_Loss:-1.775 || Aad_Loss:-28.779 || 耗时：12.74s
轮次:··4/·20 || c_Loss:0.344 || e_Loss:-1.776 || Aad_Loss:-27.143 || 耗时：12.69s
轮次:··5/·20 || c_Loss:0.409 || e_Loss:-1.781 || Aad_Loss:-23.254 || 耗时：12.66s
任务: (B3)N15_M07_F04→(B1)N15_M01_F10; mix批次:····0; 批次:··470/·1880;  总正确率: 35.95%
类型1 正确率：  33.00% -> 1   33.00%, 2   67.00%, 3    0.00%
类型2 正确率：  25.00% -> 1    3.10%, 2   24.85%, 3   72.05%
类型3 正确率：  50.00% -> 1    0.00%, 2   50.00%, 3   50.00%


样本变换：reverse
样本变换：mask
样本变换：shift
样本变换：none
未过滤	未用伪标签：35.95% -> 使用伪标签：36.57%
已过滤	未用伪标签：36.14% -> 使用伪标签：36.89%
排除样本：53|6000	剩余：669, 2874, 2404
增添样本：2760		细则：2214, 0, 546	正确率估算：99.92%
类型1 正确率：  33.00% -> 1   33.00%, 2   67.00%, 3    0.00%
类型2 正确率：  27.00% -> 1    0.46%, 2   27.43%, 3   72.11%
类型3 正确率：  50.00% -> 1    0.00%, 2   50.00%, 3   50.00%

被排除样本 正确率：15.09%
类型1 没有样本或未被分类。
类型2 正确率：  15.00% -> 1   30.19%, 2   15.09%, 3   54.72%
类型3 没有样本或未被分类。


轮次:··6/·20 || c_Loss:0.372 || e_Loss:-0.872 || Aad_Loss:-31.875 || 耗时：33.65s
轮次:··7/·20 || c_Loss:0.353 || e_Loss:-1.879 || Aad_Loss:-32.038 || 耗时：12.72s
轮次:··8/·20 || c_Loss:0.344 || e_Loss:-0.817 || Aad_Loss:-34.944 || 耗时：12.73s
轮次:··9/·20 || c_Loss:0.376 || e_Loss:-1.839 || Aad_Loss:-30.626 || 耗时：12.80s
轮次:·10/·20 || c_Loss:0.350 || e_Loss:-1.758 || Aad_Loss:-33.628 || 耗时：12.83s
任务: (B3)N15_M07_F04→(B1)N15_M01_F10; mix批次:····0; 批次:··940/·1880;  总正确率: 38.60%
类型1 正确率：  33.00% -> 1   33.00%, 2   67.00%, 3    0.00%
类型2 正确率：  33.00% -> 1    0.00%, 2   32.80%, 3   67.20%
类型3 正确率：  50.00% -> 1    0.00%, 2   50.00%, 3   50.00%


样本变换：reverse
样本变换：mask
样本变换：shift
样本变换：none
未过滤	未用伪标签：38.60% -> 使用伪标签：38.65%
已过滤	未用伪标签：38.61% -> 使用伪标签：38.66%
排除样本：1|6000	剩余：660, 2999, 2340
增添样本：2998		细则：2339, 0, 659	正确率估算：100.00%
类型1 正确率：  33.00% -> 1   33.00%, 2   67.00%, 3    0.00%
类型2 正确率：  33.00% -> 1    0.00%, 2   32.97%, 3   67.03%
类型3 正确率：  50.00% -> 1    0.00%, 2   50.00%, 3   50.00%

被排除样本 正确率：0.00%
类型1 正确率：   0.00% -> 1    0.00%, 2  100.00%
类型2 没有样本或未被分类。


轮次:·11/·20 || c_Loss:0.368 || e_Loss:-0.875 || Aad_Loss:-34.189 || 耗时：33.72s
轮次:·12/·20 || c_Loss:0.372 || e_Loss:-1.374 || Aad_Loss:-34.905 || 耗时：12.72s
轮次:·13/·20 || c_Loss:0.381 || e_Loss:-0.886 || Aad_Loss:-35.779 || 耗时：12.73s
轮次:·14/·20 || c_Loss:0.379 || e_Loss:-0.903 || Aad_Loss:-36.199 || 耗时：12.63s
轮次:·15/·20 || c_Loss:0.387 || e_Loss:-0.930 || Aad_Loss:-34.068 || 耗时：12.63s
任务: (B3)N15_M07_F04→(B1)N15_M01_F10; mix批次:····0; 批次:·1410/·1880;  总正确率: 38.67%
类型1 正确率：  33.00% -> 1   33.00%, 2   67.00%, 3    0.00%
类型2 正确率：  33.00% -> 1    0.00%, 2   33.00%, 3   67.00%
类型3 正确率：  50.00% -> 1    0.00%, 2   50.00%, 3   50.00%


样本变换：reverse
样本变换：mask
样本变换：shift
样本变换：none
未过滤	未用伪标签：38.67% -> 使用伪标签：38.67%
已过滤	未用伪标签：38.67% -> 使用伪标签：38.67%
排除样本：660|6000	剩余：3000, 2340
增添样本：3000		细则：2340, 0, 660	正确率估算：100.00%
类型1 正确率：  33.00% -> 1   33.00%, 2   67.00%, 3    0.00%
类型2 正确率：  33.00% -> 1    0.00%, 2   33.00%, 3   67.00%
类型3 正确率：  50.00% -> 1    0.00%, 2   50.00%, 3   50.00%

被排除样本 正确率：nan%


轮次:·16/·20 || c_Loss:0.383 || e_Loss:-0.899 || Aad_Loss:-36.115 || 耗时：33.47s
轮次:·17/·20 || c_Loss:0.382 || e_Loss:-0.947 || Aad_Loss:-35.020 || 耗时：12.66s
轮次:·18/·20 || c_Loss:0.381 || e_Loss:-0.891 || Aad_Loss:-37.431 || 耗时：12.65s
轮次:·19/·20 || c_Loss:0.383 || e_Loss:-0.998 || Aad_Loss:-31.902 || 耗时：12.67s
轮次:·20/·20 || c_Loss:0.387 || e_Loss:-0.999 || Aad_Loss:-31.965 || 耗时：12.68s
任务: (B3)N15_M07_F04→(B1)N15_M01_F10; mix批次:····0; 批次:·1880/·1880;  总正确率: 38.67%
类型1 正确率：  33.00% -> 1   33.00%, 2   67.00%, 3    0.00%
类型2 正确率：  33.00% -> 1    0.00%, 2   33.00%, 3   67.00%
类型3 正确率：  50.00% -> 1    0.00%, 2   50.00%, 3   50.00%


测试集任务: (B3)N15_M07_F04→(B1)N15_M01_F10; 总正确率 = 38.67%
类型1 正确率：  33.00% -> 1   33.00%, 2   67.00%, 3    0.00%
类型2 正确率：  33.00% -> 1    0.00%, 2   33.00%, 3   67.00%
类型3 正确率：  50.00% -> 1    0.00%, 2   50.00%, 3   50.00%


