读取源域路径：/kaggle/working/m2rep/reps0/weight_PU_M1_final_checkpoint_FAtoB_gatepcv_s0/NEW_PU/Source-源域/log&pt/(B1)N15_M01_F10
excel输出位置：/kaggle/working/m2rep/reps0/weight_PU_M1_final_checkpoint_FAtoB_gatepcv_s0/NEW_PU/Target-目标域
特征图片输出位置：/kaggle/working/m2rep/reps0/weight_PU_M1_final_checkpoint_FAtoB_gatepcv_s0/NEW_PU/Picture-特征图/2026年09月14日21时04分/(B1)N15_M01_F10
现在选取:(B1)N15_M01_F10 进行训练的源模型
现在进行：(B1)N15_M01_F10→(B2)N15_M07_F10 的迁移任务
log&pt输出位置：/kaggle/working/m2rep/reps0/weight_PU_M1_final_checkpoint_FAtoB_gatepcv_s0/NEW_PU/Target-目标域/log&pt/(B1)N15_M01_F10→(B2)N15_M07_F10
任务: (B1)N15_M01_F10→(B2)N15_M07_F10; 批次:····0/·1880;  总正确率: 67.70%
类型1 正确率：  64.00% -> 1   64.50%, 2   35.50%, 3    0.00%
类型2 正确率：  94.00% -> 1    0.00%, 2   94.25%, 3    5.75%
类型3 正确率：  44.00% -> 1    0.00%, 2   55.65%, 3   44.35%


样本变换：reverse
样本变换：mask
样本变换：shift
样本变换：none
未过滤	未用伪标签：67.70% -> 使用伪标签：77.93%
已过滤	未用伪标签：68.37% -> 使用伪标签：78.75%
排除样本：62|6000	剩余：1761, 3115, 1062
增添样本：3471		细则：1354, 0, 2117	正确率估算：79.46%
类型1 正确率：  90.00% -> 1   89.89%, 2   10.11%, 3    0.00%
类型2 正确率：  97.00% -> 1    0.00%, 2   96.77%, 3    3.23%
类型3 正确率：  50.00% -> 1    0.00%, 2   50.05%, 3   49.95%

被排除样本 正确率：3.23%
类型1 正确率：   0.00% -> 1    0.00%, 2  100.00%, 3    0.00%
类型2 正确率：  11.00% -> 1    0.00%, 2   10.53%, 3   89.47%
类型3 正确率：   0.00% -> 1    0.00%, 2  100.00%, 3    0.00%


轮次:··1/·20 || c_Loss:0.517 || e_Loss:-1.589 || Aad_Loss:-28.680 || 耗时：34.92s
轮次:··2/·20 || c_Loss:0.426 || e_Loss:-1.597 || Aad_Loss:-28.063 || 耗时：12.90s
轮次:··3/·20 || c_Loss:0.362 || e_Loss:-0.848 || Aad_Loss:-30.073 || 耗时：12.72s
轮次:··4/·20 || c_Loss:0.344 || e_Loss:-0.873 || Aad_Loss:-29.892 || 耗时：12.64s
轮次:··5/·20 || c_Loss:0.390 || e_Loss:-1.319 || Aad_Loss:-31.888 || 耗时：12.50s
任务: (B1)N15_M01_F10→(B2)N15_M07_F10; mix批次:····0; 批次:··470/·1880;  总正确率: 82.62%
类型1 正确率：  99.00% -> 1   98.55%, 2    1.45%, 3    0.00%
类型2 正确率：  99.00% -> 1    0.00%, 2   99.30%, 3    0.70%
类型3 正确率：  50.00% -> 1    0.00%, 2   50.00%, 3   50.00%


样本变换：reverse
样本变换：mask
样本变换：shift
样本变换：none
未过滤	未用伪标签：82.62% -> 使用伪标签：83.25%
已过滤	未用伪标签：82.63% -> 使用伪标签：83.26%
排除样本：1|6000	剩余：1995, 3004, 1000
增添样本：3013		细则：1009, 0, 2004	正确率估算：99.65%
类型1 正确率： 100.00% -> 1   99.80%, 2    0.20%, 3    0.00%
类型2 正确率： 100.00% -> 1    0.00%, 2  100.00%, 3    0.00%
类型3 正确率：  50.00% -> 1    0.00%, 2   50.00%, 3   50.00%

被排除样本 正确率：0.00%
类型1 正确率：   0.00% -> 1    0.00%, 2  100.00%
类型2 没有样本或未被分类。


轮次:··6/·20 || c_Loss:0.371 || e_Loss:-0.998 || Aad_Loss:-31.309 || 耗时：33.82s
轮次:··7/·20 || c_Loss:0.382 || e_Loss:-1.003 || Aad_Loss:-31.845 || 耗时：12.65s
轮次:··8/·20 || c_Loss:0.378 || e_Loss:-1.007 || Aad_Loss:-31.168 || 耗时：12.66s
轮次:··9/·20 || c_Loss:0.385 || e_Loss:-0.990 || Aad_Loss:-31.413 || 耗时：12.71s
轮次:·10/·20 || c_Loss:0.379 || e_Loss:-0.945 || Aad_Loss:-34.682 || 耗时：12.59s
任务: (B1)N15_M01_F10→(B2)N15_M07_F10; mix批次:····0; 批次:··940/·1880;  总正确率: 83.32%
类型1 正确率： 100.00% -> 1   99.95%, 2    0.05%, 3    0.00%
类型2 正确率： 100.00% -> 1    0.00%, 2  100.00%, 3    0.00%
类型3 正确率：  50.00% -> 1    0.00%, 2   50.00%, 3   50.00%


样本变换：reverse
样本变换：mask
样本变换：shift
样本变换：none
未过滤	未用伪标签：83.32% -> 使用伪标签：83.33%
已过滤	未用伪标签：83.32% -> 使用伪标签：83.33%
排除样本：2000|6000	剩余：3000, 1000
增添样本：3000		细则：1000, 0, 2000	正确率估算：100.00%
类型1 正确率： 100.00% -> 1  100.00%, 2    0.00%, 3    0.00%
类型2 正确率： 100.00% -> 1    0.00%, 2  100.00%, 3    0.00%
类型3 正确率：  50.00% -> 1    0.00%, 2   50.00%, 3   50.00%

被排除样本 正确率：nan%


轮次:·11/·20 || c_Loss:0.380 || e_Loss:-1.012 || Aad_Loss:-32.342 || 耗时：33.57s
轮次:·12/·20 || c_Loss:0.379 || e_Loss:-0.983 || Aad_Loss:-33.113 || 耗时：12.66s
轮次:·13/·20 || c_Loss:0.383 || e_Loss:-0.998 || Aad_Loss:-32.018 || 耗时：12.72s
轮次:·14/·20 || c_Loss:0.381 || e_Loss:-1.007 || Aad_Loss:-32.080 || 耗时：12.76s
轮次:·15/·20 || c_Loss:0.380 || e_Loss:-0.978 || Aad_Loss:-33.216 || 耗时：12.75s
任务: (B1)N15_M01_F10→(B2)N15_M07_F10; mix批次:····0; 批次:·1410/·1880;  总正确率: 83.33%
类型1 正确率： 100.00% -> 1  100.00%, 2    0.00%, 3    0.00%
类型2 正确率： 100.00% -> 1    0.00%, 2  100.00%, 3    0.00%
类型3 正确率：  50.00% -> 1    0.00%, 2   50.00%, 3   50.00%


样本变换：reverse
样本变换：mask
样本变换：shift
样本变换：none
未过滤	未用伪标签：83.33% -> 使用伪标签：83.33%
已过滤	未用伪标签：83.33% -> 使用伪标签：83.33%
排除样本：2000|6000	剩余：3000, 1000
增添样本：3000		细则：1000, 0, 2000	正确率估算：100.00%
类型1 正确率： 100.00% -> 1  100.00%, 2    0.00%, 3    0.00%
类型2 正确率： 100.00% -> 1    0.00%, 2  100.00%, 3    0.00%
类型3 正确率：  50.00% -> 1    0.00%, 2   50.00%, 3   50.00%

被排除样本 正确率：nan%


轮次:·16/·20 || c_Loss:0.379 || e_Loss:-1.011 || Aad_Loss:-32.519 || 耗时：33.85s
轮次:·17/·20 || c_Loss:0.378 || e_Loss:-0.984 || Aad_Loss:-33.308 || 耗时：12.73s
轮次:·18/·20 || c_Loss:0.382 || e_Loss:-0.999 || Aad_Loss:-32.185 || 耗时：12.72s
轮次:·19/·20 || c_Loss:0.381 || e_Loss:-1.008 || Aad_Loss:-32.224 || 耗时：12.74s
轮次:·20/·20 || c_Loss:0.379 || e_Loss:-0.978 || Aad_Loss:-33.356 || 耗时：12.73s
任务: (B1)N15_M01_F10→(B2)N15_M07_F10; mix批次:····0; 批次:·1880/·1880;  总正确率: 83.33%
类型1 正确率： 100.00% -> 1  100.00%, 2    0.00%, 3    0.00%
类型2 正确率： 100.00% -> 1    0.00%, 2  100.00%, 3    0.00%
类型3 正确率：  50.00% -> 1    0.00%, 2   50.00%, 3   50.00%


测试集任务: (B1)N15_M01_F10→(B2)N15_M07_F10; 总正确率 = 83.33%
类型1 正确率： 100.00% -> 1  100.00%, 2    0.00%, 3    0.00%
类型2 正确率： 100.00% -> 1    0.00%, 2  100.00%, 3    0.00%
类型3 正确率：  50.00% -> 1    0.00%, 2   50.00%, 3   50.00%


