读取源域路径：/kaggle/working/m2rep/reps0/weight_PU_M1_final_checkpoint_FAtoB_gatepcv_s0/NEW_PU/Source-源域/log&pt/(B3)N15_M07_F04
excel输出位置：/kaggle/working/m2rep/reps0/weight_PU_M1_final_checkpoint_FAtoB_gatepcv_s0/NEW_PU/Target-目标域
特征图片输出位置：/kaggle/working/m2rep/reps0/weight_PU_M1_final_checkpoint_FAtoB_gatepcv_s0/NEW_PU/Picture-特征图/2026年09月14日21时33分/(B3)N15_M07_F04
现在选取:(B3)N15_M07_F04 进行训练的源模型
现在进行：(B3)N15_M07_F04→(B2)N15_M07_F10 的迁移任务
log&pt输出位置：/kaggle/working/m2rep/reps0/weight_PU_M1_final_checkpoint_FAtoB_gatepcv_s0/NEW_PU/Target-目标域/log&pt/(B3)N15_M07_F04→(B2)N15_M07_F10
任务: (B3)N15_M07_F04→(B2)N15_M07_F10; 批次:····0/·1880;  总正确率: 39.27%
类型1 正确率：  38.00% -> 1   37.70%, 2   60.95%, 3    1.35%
类型2 正确率：  26.00% -> 1    0.00%, 2   26.25%, 3   73.75%
类型3 正确率：  54.00% -> 1    0.05%, 2   46.10%, 3   53.85%


样本变换：reverse
样本变换：mask
样本变换：shift
样本变换：none
未过滤	未用伪标签：39.27% -> 使用伪标签：34.22%
已过滤	未用伪标签：38.54% -> 使用伪标签：34.99%
排除样本：133|6000	剩余：678, 2582, 2607
增添样本：2333		细则：1905, 0, 428	正确率估算：95.02%
类型1 正确率：  33.00% -> 1   33.22%, 2   66.73%, 3    0.05%
类型2 正确率：  18.00% -> 1    0.05%, 2   18.48%, 3   81.46%
类型3 正确率：  53.00% -> 1    0.87%, 2   46.06%, 3   53.07%

被排除样本 正确率：71.43%
类型1 正确率：  46.00% -> 1   46.15%, 2   23.08%, 3   30.77%
类型2 正确率：  93.00% -> 1    0.00%, 2   93.24%, 3    6.76%
类型3 正确率：  43.00% -> 1    0.00%, 2   56.52%, 3   43.48%


轮次:··1/·20 || c_Loss:0.488 || e_Loss:-1.504 || Aad_Loss:-25.203 || 耗时：33.51s
轮次:··2/·20 || c_Loss:0.453 || e_Loss:-1.765 || Aad_Loss:-23.103 || 耗时：12.94s
轮次:··3/·20 || c_Loss:0.441 || e_Loss:-1.721 || Aad_Loss:-26.972 || 耗时：12.86s
轮次:··4/·20 || c_Loss:0.374 || e_Loss:-1.893 || Aad_Loss:-27.746 || 耗时：12.78s
轮次:··5/·20 || c_Loss:0.377 || e_Loss:-1.577 || Aad_Loss:-28.458 || 耗时：12.60s
任务: (B3)N15_M07_F04→(B2)N15_M07_F10; mix批次:····0; 批次:··470/·1880;  总正确率: 39.87%
类型1 正确率：  33.00% -> 1   33.00%, 2   67.00%, 3    0.00%
类型2 正确率：  37.00% -> 1    0.70%, 2   36.60%, 3   62.70%
类型3 正确率：  50.00% -> 1    0.00%, 2   50.00%, 3   50.00%


样本变换：reverse
样本变换：mask
样本变换：shift
样本变换：none
未过滤	未用伪标签：39.87% -> 使用伪标签：39.70%
已过滤	未用伪标签：39.84% -> 使用伪标签：39.97%
排除样本：41|6000	剩余：661, 3062, 2236
增添样本：3236		细则：2402, 0, 834	正确率估算：99.87%
类型1 正确率：  33.00% -> 1   33.00%, 2   67.00%, 3    0.00%
类型2 正确率：  37.00% -> 1    0.05%, 2   36.86%, 3   63.09%
类型3 正确率：  50.00% -> 1    0.00%, 2   50.00%, 3   50.00%

被排除样本 正确率：43.90%
类型1 没有样本或未被分类。
类型2 正确率：  44.00% -> 1    2.44%, 2   43.90%, 3   53.66%
类型3 没有样本或未被分类。


轮次:··6/·20 || c_Loss:0.371 || e_Loss:-1.723 || Aad_Loss:-32.374 || 耗时：33.66s
轮次:··7/·20 || c_Loss:0.354 || e_Loss:-0.909 || Aad_Loss:-31.315 || 耗时：12.64s
轮次:··8/·20 || c_Loss:0.372 || e_Loss:-0.924 || Aad_Loss:-31.622 || 耗时：12.68s
轮次:··9/·20 || c_Loss:0.389 || e_Loss:-1.724 || Aad_Loss:-31.924 || 耗时：12.66s
轮次:·10/·20 || c_Loss:0.380 || e_Loss:-0.860 || Aad_Loss:-32.605 || 耗时：12.78s
任务: (B3)N15_M07_F04→(B2)N15_M07_F10; mix批次:····0; 批次:··940/·1880;  总正确率: 38.98%
类型1 正确率：  33.00% -> 1   33.00%, 2   67.00%, 3    0.00%
类型2 正确率：  34.00% -> 1    0.00%, 2   33.95%, 3   66.05%
类型3 正确率：  50.00% -> 1    0.00%, 2   50.00%, 3   50.00%


样本变换：reverse
样本变换：mask
样本变换：shift
样本变换：none
未过滤	未用伪标签：38.98% -> 使用伪标签：38.80%
已过滤	未用伪标签：38.99% -> 使用伪标签：38.81%
排除样本：1|6000	剩余：660, 3008, 2331
增添样本：3025		细则：2348, 0, 677	正确率估算：99.85%
类型1 正确率：  33.00% -> 1   33.00%, 2   67.00%, 3    0.00%
类型2 正确率：  33.00% -> 1    0.00%, 2   33.42%, 3   66.58%
类型3 正确率：  50.00% -> 1    0.00%, 2   50.00%, 3   50.00%

被排除样本 正确率：0.00%
类型1 正确率：   0.00% -> 1    0.00%, 2  100.00%
类型2 没有样本或未被分类。


轮次:·11/·20 || c_Loss:0.399 || e_Loss:-0.836 || Aad_Loss:-33.759 || 耗时：33.62s
轮次:·12/·20 || c_Loss:0.375 || e_Loss:-0.870 || Aad_Loss:-36.703 || 耗时：12.72s
轮次:·13/·20 || c_Loss:0.382 || e_Loss:-0.902 || Aad_Loss:-35.924 || 耗时：12.72s
轮次:·14/·20 || c_Loss:0.382 || e_Loss:-0.924 || Aad_Loss:-35.106 || 耗时：12.74s
轮次:·15/·20 || c_Loss:0.383 || e_Loss:-0.990 || Aad_Loss:-32.449 || 耗时：12.80s
任务: (B3)N15_M07_F04→(B2)N15_M07_F10; mix批次:····0; 批次:·1410/·1880;  总正确率: 38.70%
类型1 正确率：  33.00% -> 1   33.00%, 2   67.00%, 3    0.00%
类型2 正确率：  33.00% -> 1    0.00%, 2   33.10%, 3   66.90%
类型3 正确率：  50.00% -> 1    0.00%, 2   50.00%, 3   50.00%


样本变换：reverse
样本变换：mask
样本变换：shift
样本变换：none
未过滤	未用伪标签：38.70% -> 使用伪标签：38.68%
已过滤	未用伪标签：38.70% -> 使用伪标签：38.68%
排除样本：660|6000	剩余：3001, 2339
增添样本：3003		细则：2341, 0, 662	正确率估算：100.00%
类型1 正确率：  33.00% -> 1   33.00%, 2   67.00%, 3    0.00%
类型2 正确率：  33.00% -> 1    0.00%, 2   33.05%, 3   66.95%
类型3 正确率：  50.00% -> 1    0.00%, 2   50.00%, 3   50.00%

被排除样本 正确率：nan%


轮次:·16/·20 || c_Loss:0.410 || e_Loss:-0.893 || Aad_Loss:-34.470 || 耗时：33.57s
轮次:·17/·20 || c_Loss:0.388 || e_Loss:-0.956 || Aad_Loss:-34.355 || 耗时：12.67s
轮次:·18/·20 || c_Loss:0.395 || e_Loss:-0.951 || Aad_Loss:-33.734 || 耗时：12.59s
轮次:·19/·20 || c_Loss:0.384 || e_Loss:-0.942 || Aad_Loss:-34.881 || 耗时：12.64s
轮次:·20/·20 || c_Loss:0.386 || e_Loss:-0.937 || Aad_Loss:-34.506 || 耗时：12.66s
任务: (B3)N15_M07_F04→(B2)N15_M07_F10; mix批次:····0; 批次:·1880/·1880;  总正确率: 38.68%
类型1 正确率：  33.00% -> 1   33.00%, 2   67.00%, 3    0.00%
类型2 正确率：  33.00% -> 1    0.00%, 2   33.05%, 3   66.95%
类型3 正确率：  50.00% -> 1    0.00%, 2   50.00%, 3   50.00%


测试集任务: (B3)N15_M07_F04→(B2)N15_M07_F10; 总正确率 = 38.68%
类型1 正确率：  33.00% -> 1   33.00%, 2   67.00%, 3    0.00%
类型2 正确率：  33.00% -> 1    0.00%, 2   33.05%, 3   66.95%
类型3 正确率：  50.00% -> 1    0.00%, 2   50.00%, 3   50.00%


