读取源域路径：/kaggle/working/m2rep/reps0/weight_PU_M1_final_checkpoint_FAtoB_gatepcv_s0/NEW_PU/Source-源域/log&pt/(B2)N15_M07_F10
excel输出位置：/kaggle/working/m2rep/reps0/weight_PU_M1_final_checkpoint_FAtoB_gatepcv_s0/NEW_PU/Target-目标域
特征图片输出位置：/kaggle/working/m2rep/reps0/weight_PU_M1_final_checkpoint_FAtoB_gatepcv_s0/NEW_PU/Picture-特征图/2026年09月14日21时15分/(B2)N15_M07_F10
现在选取:(B2)N15_M07_F10 进行训练的源模型
现在进行：(B2)N15_M07_F10→(B1)N15_M01_F10 的迁移任务
log&pt输出位置：/kaggle/working/m2rep/reps0/weight_PU_M1_final_checkpoint_FAtoB_gatepcv_s0/NEW_PU/Target-目标域/log&pt/(B2)N15_M07_F10→(B1)N15_M01_F10
任务: (B2)N15_M07_F10→(B1)N15_M01_F10; 批次:····0/·1880;  总正确率: 65.77%
类型1 正确率：  82.00% -> 1   81.55%, 2   18.40%, 3    0.05%
类型2 正确率：  66.00% -> 1    0.00%, 2   65.90%, 3   34.10%
类型3 正确率：  50.00% -> 1    0.00%, 2   50.15%, 3   49.85%


样本变换：reverse
样本变换：mask
样本变换：shift
样本变换：none
未过滤	未用伪标签：65.77% -> 使用伪标签：70.83%
已过滤	未用伪标签：66.32% -> 使用伪标签：72.37%
排除样本：127|6000	剩余：1977, 2291, 1605
增添样本：1326		细则：314, 0, 1012	正确率估算：92.99%
类型1 正确率：  99.00% -> 1   99.10%, 2    0.90%, 3    0.00%
类型2 正确率：  68.00% -> 1    0.00%, 2   67.78%, 3   32.22%
类型3 正确率：  50.00% -> 1    0.00%, 2   50.00%, 3   50.00%

被排除样本 正确率：40.16%
类型1 正确率：   0.00% -> 1    0.00%, 2  100.00%, 3    0.00%
类型2 正确率：  42.00% -> 1    0.00%, 2   41.80%, 3   58.20%
类型3 没有样本或未被分类。


轮次:··1/·20 || c_Loss:0.492 || e_Loss:-1.606 || Aad_Loss:-23.776 || 耗时：33.50s
轮次:··2/·20 || c_Loss:0.361 || e_Loss:-1.762 || Aad_Loss:-24.698 || 耗时：12.79s
轮次:··3/·20 || c_Loss:0.372 || e_Loss:-1.758 || Aad_Loss:-27.724 || 耗时：12.74s
轮次:··4/·20 || c_Loss:0.362 || e_Loss:-1.808 || Aad_Loss:-28.240 || 耗时：12.65s
轮次:··5/·20 || c_Loss:0.380 || e_Loss:-1.786 || Aad_Loss:-26.382 || 耗时：12.62s
任务: (B2)N15_M07_F10→(B1)N15_M01_F10; mix批次:····0; 批次:··470/·1880;  总正确率: 75.35%
类型1 正确率： 100.00% -> 1  100.00%, 2    0.00%, 3    0.00%
类型2 正确率：  76.00% -> 1    3.00%, 2   76.05%, 3   20.95%
类型3 正确率：  50.00% -> 1    0.00%, 2   50.00%, 3   50.00%


样本变换：reverse
样本变换：mask
样本变换：shift
样本变换：none
未过滤	未用伪标签：75.35% -> 使用伪标签：77.57%
已过滤	未用伪标签：75.80% -> 使用伪标签：78.03%
排除样本：36|6000	剩余：2000, 2654, 1310
增添样本：2042		细则：654, 0, 1388	正确率估算：99.95%
类型1 正确率： 100.00% -> 1  100.00%, 2    0.00%, 3    0.00%
类型2 正确率：  84.00% -> 1    0.00%, 2   84.22%, 3   15.78%
类型3 正确率：  50.00% -> 1    0.00%, 2   50.00%, 3   50.00%

被排除样本 正确率：0.00%
类型1 没有样本或未被分类。
类型2 正确率：   0.00% -> 1    8.33%, 2    0.00%, 3   91.67%
类型3 没有样本或未被分类。


轮次:··6/·20 || c_Loss:0.450 || e_Loss:-1.493 || Aad_Loss:-29.302 || 耗时：33.56s
轮次:··7/·20 || c_Loss:0.358 || e_Loss:-0.894 || Aad_Loss:-28.243 || 耗时：12.68s
轮次:··8/·20 || c_Loss:0.363 || e_Loss:-1.849 || Aad_Loss:-30.584 || 耗时：12.67s
轮次:··9/·20 || c_Loss:0.355 || e_Loss:-1.937 || Aad_Loss:-30.271 || 耗时：12.74s
轮次:·10/·20 || c_Loss:0.364 || e_Loss:-0.885 || Aad_Loss:-31.205 || 耗时：12.77s
任务: (B2)N15_M07_F10→(B1)N15_M01_F10; mix批次:····0; 批次:··940/·1880;  总正确率: 78.88%
类型1 正确率： 100.00% -> 1  100.00%, 2    0.00%, 3    0.00%
类型2 正确率：  87.00% -> 1    0.00%, 2   86.65%, 3   13.35%
类型3 正确率：  50.00% -> 1    0.00%, 2   50.00%, 3   50.00%


样本变换：reverse
样本变换：mask
样本变换：shift
样本变换：none
未过滤	未用伪标签：78.88% -> 使用伪标签：79.47%
已过滤	未用伪标签：79.07% -> 使用伪标签：79.69%
排除样本：17|6000	剩余：2000, 2768, 1215
增添样本：2328		细则：768, 0, 1560	正确率估算：99.90%
类型1 正确率： 100.00% -> 1  100.00%, 2    0.00%, 3    0.00%
类型2 正确率：  89.00% -> 1    0.00%, 2   89.16%, 3   10.84%
类型3 正确率：  50.00% -> 1    0.00%, 2   50.00%, 3   50.00%

被排除样本 正确率：11.76%
类型1 正确率：  12.00% -> 1   11.76%, 2   88.24%
类型2 没有样本或未被分类。


轮次:·11/·20 || c_Loss:0.375 || e_Loss:-0.965 || Aad_Loss:-30.531 || 耗时：33.69s
轮次:·12/·20 || c_Loss:0.448 || e_Loss:-0.884 || Aad_Loss:-30.987 || 耗时：12.64s
轮次:·13/·20 || c_Loss:0.370 || e_Loss:-0.974 || Aad_Loss:-30.741 || 耗时：12.61s
轮次:·14/·20 || c_Loss:0.389 || e_Loss:-0.944 || Aad_Loss:-30.133 || 耗时：12.61s
轮次:·15/·20 || c_Loss:0.372 || e_Loss:-0.954 || Aad_Loss:-31.135 || 耗时：12.66s
任务: (B2)N15_M07_F10→(B1)N15_M01_F10; mix批次:····0; 批次:·1410/·1880;  总正确率: 80.05%
类型1 正确率： 100.00% -> 1  100.00%, 2    0.00%, 3    0.00%
类型2 正确率：  90.00% -> 1    0.00%, 2   90.15%, 3    9.85%
类型3 正确率：  50.00% -> 1    0.00%, 2   50.00%, 3   50.00%


样本变换：reverse
样本变换：mask
样本变换：shift
样本变换：none
未过滤	未用伪标签：80.05% -> 使用伪标签：80.38%
已过滤	未用伪标签：80.30% -> 使用伪标签：80.65%
排除样本：20|6000	剩余：2000, 2823, 1157
增添样本：2490		细则：823, 0, 1667	正确率估算：100.00%
类型1 正确率： 100.00% -> 1  100.00%, 2    0.00%, 3    0.00%
类型2 正确率：  92.00% -> 1    0.00%, 2   92.07%, 3    7.93%
类型3 正确率：  50.00% -> 1    0.00%, 2   50.00%, 3   50.00%

被排除样本 正确率：5.00%
类型1 正确率：   5.00% -> 1    5.00%, 2   95.00%
类型2 没有样本或未被分类。


轮次:·16/·20 || c_Loss:0.385 || e_Loss:-0.941 || Aad_Loss:-29.091 || 耗时：33.77s
轮次:·17/·20 || c_Loss:0.378 || e_Loss:-0.968 || Aad_Loss:-30.269 || 耗时：12.64s
轮次:·18/·20 || c_Loss:0.410 || e_Loss:-1.622 || Aad_Loss:-29.921 || 耗时：12.65s
轮次:·19/·20 || c_Loss:0.395 || e_Loss:-0.979 || Aad_Loss:-29.711 || 耗时：12.65s
轮次:·20/·20 || c_Loss:0.376 || e_Loss:-0.985 || Aad_Loss:-30.129 || 耗时：12.72s
任务: (B2)N15_M07_F10→(B1)N15_M01_F10; mix批次:····0; 批次:·1880/·1880;  总正确率: 80.23%
类型1 正确率： 100.00% -> 1  100.00%, 2    0.00%, 3    0.00%
类型2 正确率：  91.00% -> 1    0.00%, 2   90.70%, 3    9.30%
类型3 正确率：  50.00% -> 1    0.00%, 2   50.00%, 3   50.00%


测试集任务: (B2)N15_M07_F10→(B1)N15_M01_F10; 总正确率 = 80.23%
类型1 正确率： 100.00% -> 1  100.00%, 2    0.00%, 3    0.00%
类型2 正确率：  91.00% -> 1    0.00%, 2   90.70%, 3    9.30%
类型3 正确率：  50.00% -> 1    0.00%, 2   50.00%, 3   50.00%


