读取源域路径：/kaggle/working/m2rep/reps0/weight_PU_M1_final_checkpoint_FAtoB_gatepcv_s0/NEW_PU/Source-源域/log&pt/(B1)N15_M01_F10
excel输出位置：/kaggle/working/m2rep/reps0/weight_PU_M1_final_checkpoint_FAtoB_gatepcv_s0/NEW_PU/Target-目标域
特征图片输出位置：/kaggle/working/m2rep/reps0/weight_PU_M1_final_checkpoint_FAtoB_gatepcv_s0/NEW_PU/Picture-特征图/2026年09月14日21时10分/(B1)N15_M01_F10
现在选取:(B1)N15_M01_F10 进行训练的源模型
现在进行：(B1)N15_M01_F10→(B3)N15_M07_F04 的迁移任务
log&pt输出位置：/kaggle/working/m2rep/reps0/weight_PU_M1_final_checkpoint_FAtoB_gatepcv_s0/NEW_PU/Target-目标域/log&pt/(B1)N15_M01_F10→(B3)N15_M07_F04
任务: (B1)N15_M01_F10→(B3)N15_M07_F04; 批次:····0/·1880;  总正确率: 66.07%
类型1 正确率：  76.00% -> 1   76.15%, 2   23.85%, 3    0.00%
类型2 正确率：  84.00% -> 1    0.00%, 2   84.30%, 3   15.70%
类型3 正确率：  38.00% -> 1    8.55%, 2   53.70%, 3   37.75%


样本变换：reverse
样本变换：mask
样本变换：shift
样本变换：none
未过滤	未用伪标签：66.07% -> 使用伪标签：76.23%
已过滤	未用伪标签：66.37% -> 使用伪标签：77.09%
排除样本：67|6000	剩余：2164, 2420, 1349
增添样本：1409		细则：275, 0, 1134	正确率估算：77.08%
类型1 正确率：  99.00% -> 1   98.99%, 2    1.01%, 3    0.00%
类型2 正确率：  82.00% -> 1    0.00%, 2   81.88%, 3   18.12%
类型3 正确率：  50.00% -> 1    9.88%, 2   39.87%, 3   50.25%

被排除样本 正确率：38.81%
类型1 正确率：   0.00% -> 1    0.00%, 2  100.00%, 3    0.00%
类型2 正确率：  87.00% -> 1    0.00%, 2   86.67%, 3   13.33%
类型3 正确率：   0.00% -> 1    7.69%, 2   92.31%, 3    0.00%


轮次:··1/·20 || c_Loss:0.564 || e_Loss:-1.046 || Aad_Loss:-26.787 || 耗时：33.86s
轮次:··2/·20 || c_Loss:0.378 || e_Loss:-1.410 || Aad_Loss:-29.231 || 耗时：12.88s
轮次:··3/·20 || c_Loss:0.395 || e_Loss:-1.323 || Aad_Loss:-26.519 || 耗时：12.85s
轮次:··4/·20 || c_Loss:0.342 || e_Loss:-0.968 || Aad_Loss:-29.436 || 耗时：12.76s
轮次:··5/·20 || c_Loss:0.398 || e_Loss:-0.925 || Aad_Loss:-25.535 || 耗时：12.74s
任务: (B1)N15_M01_F10→(B3)N15_M07_F04; mix批次:····0; 批次:··470/·1880;  总正确率: 78.45%
类型1 正确率： 100.00% -> 1  100.00%, 2    0.00%, 3    0.00%
类型2 正确率：  85.00% -> 1    0.00%, 2   85.40%, 3   14.60%
类型3 正确率：  50.00% -> 1    7.55%, 2   42.50%, 3   49.95%


样本变换：reverse
样本变换：mask
样本变换：shift
样本变换：none
未过滤	未用伪标签：78.45% -> 使用伪标签：77.70%
已过滤	未用伪标签：78.50% -> 使用伪标签：78.05%
排除样本：27|6000	剩余：2185, 2470, 1318
增添样本：1505		细则：300, 0, 1205	正确率估算：97.61%
类型1 正确率： 100.00% -> 1  100.00%, 2    0.00%, 3    0.00%
类型2 正确率：  84.00% -> 1    0.00%, 2   83.91%, 3   16.09%
类型3 正确率：  50.00% -> 1    9.29%, 2   40.53%, 3   50.18%

被排除样本 正确率：66.67%
类型1 正确率： 100.00% -> 1  100.00%, 2    0.00%
类型2 正确率：   0.00% -> 1  100.00%, 2    0.00%


轮次:··6/·20 || c_Loss:0.385 || e_Loss:-1.417 || Aad_Loss:-27.739 || 耗时：33.78s
轮次:··7/·20 || c_Loss:0.362 || e_Loss:-1.116 || Aad_Loss:-28.994 || 耗时：12.73s
轮次:··8/·20 || c_Loss:0.348 || e_Loss:-1.394 || Aad_Loss:-28.495 || 耗时：12.76s
轮次:··9/·20 || c_Loss:0.405 || e_Loss:-1.370 || Aad_Loss:-26.202 || 耗时：12.70s
轮次:·10/·20 || c_Loss:0.357 || e_Loss:-1.014 || Aad_Loss:-29.636 || 耗时：12.81s
任务: (B1)N15_M01_F10→(B3)N15_M07_F04; mix批次:····0; 批次:··940/·1880;  总正确率: 78.57%
类型1 正确率： 100.00% -> 1  100.00%, 2    0.00%, 3    0.00%
类型2 正确率：  86.00% -> 1    0.00%, 2   85.75%, 3   14.25%
类型3 正确率：  50.00% -> 1    9.25%, 2   40.80%, 3   49.95%


样本变换：reverse
样本变换：mask
样本变换：shift
样本变换：none
未过滤	未用伪标签：78.57% -> 使用伪标签：77.78%
已过滤	未用伪标签：78.59% -> 使用伪标签：77.99%
排除样本：16|6000	剩余：2216, 2448, 1320
增添样本：1445		细则：257, 0, 1188	正确率估算：97.44%
类型1 正确率： 100.00% -> 1  100.00%, 2    0.00%, 3    0.00%
类型2 正确率：  84.00% -> 1    0.00%, 2   83.86%, 3   16.14%
类型3 正确率：  50.00% -> 1   10.83%, 2   39.10%, 3   50.08%

被排除样本 正确率：68.75%
类型1 正确率： 100.00% -> 1  100.00%, 2    0.00%
类型2 正确率：   0.00% -> 1  100.00%, 2    0.00%


轮次:·11/·20 || c_Loss:0.338 || e_Loss:-0.886 || Aad_Loss:-29.092 || 耗时：33.84s
轮次:·12/·20 || c_Loss:0.394 || e_Loss:-0.837 || Aad_Loss:-27.537 || 耗时：12.68s
轮次:·13/·20 || c_Loss:0.380 || e_Loss:-1.534 || Aad_Loss:-30.342 || 耗时：12.67s
轮次:·14/·20 || c_Loss:0.354 || e_Loss:-0.837 || Aad_Loss:-29.860 || 耗时：12.69s
轮次:·15/·20 || c_Loss:0.410 || e_Loss:-0.896 || Aad_Loss:-25.940 || 耗时：12.70s
任务: (B1)N15_M01_F10→(B3)N15_M07_F04; mix批次:····0; 批次:·1410/·1880;  总正确率: 78.63%
类型1 正确率： 100.00% -> 1  100.00%, 2    0.00%, 3    0.00%
类型2 正确率：  86.00% -> 1    0.00%, 2   85.95%, 3   14.05%
类型3 正确率：  50.00% -> 1    9.55%, 2   40.50%, 3   49.95%


样本变换：reverse
样本变换：mask
样本变换：shift
样本变换：none
未过滤	未用伪标签：78.63% -> 使用伪标签：77.78%
已过滤	未用伪标签：78.65% -> 使用伪标签：78.04%
排除样本：20|6000	剩余：2222, 2443, 1315
增添样本：1436		细则：248, 0, 1188	正确率估算：97.84%
类型1 正确率： 100.00% -> 1  100.00%, 2    0.00%, 3    0.00%
类型2 正确率：  84.00% -> 1    0.00%, 2   84.07%, 3   15.93%
类型3 正确率：  50.00% -> 1   11.12%, 2   38.83%, 3   50.05%

被排除样本 正确率：75.00%
类型1 正确率：  94.00% -> 1   93.75%, 2    6.25%
类型2 正确率：   0.00% -> 1  100.00%, 2    0.00%


轮次:·16/·20 || c_Loss:0.332 || e_Loss:-1.470 || Aad_Loss:-28.720 || 耗时：33.63s
轮次:·17/·20 || c_Loss:0.336 || e_Loss:-0.859 || Aad_Loss:-30.461 || 耗时：12.67s
轮次:·18/·20 || c_Loss:0.339 || e_Loss:-1.592 || Aad_Loss:-29.441 || 耗时：12.65s
轮次:·19/·20 || c_Loss:0.335 || e_Loss:-0.850 || Aad_Loss:-29.634 || 耗时：12.62s
轮次:·20/·20 || c_Loss:0.371 || e_Loss:-1.067 || Aad_Loss:-29.073 || 耗时：12.64s
任务: (B1)N15_M01_F10→(B3)N15_M07_F04; mix批次:····0; 批次:·1880/·1880;  总正确率: 78.85%
类型1 正确率： 100.00% -> 1  100.00%, 2    0.00%, 3    0.00%
类型2 正确率：  87.00% -> 1    0.00%, 2   86.60%, 3   13.40%
类型3 正确率：  50.00% -> 1    9.60%, 2   40.45%, 3   49.95%


测试集任务: (B1)N15_M01_F10→(B3)N15_M07_F04; 总正确率 = 78.85%
类型1 正确率： 100.00% -> 1  100.00%, 2    0.00%, 3    0.00%
类型2 正确率：  87.00% -> 1    0.00%, 2   86.60%, 3   13.40%
类型3 正确率：  50.00% -> 1    9.60%, 2   40.45%, 3   49.95%


