读取源域路径：/kaggle/working/m2rep/reps0/weight_PU_M1_final_checkpoint_FAtoB_gatepcv_s0/NEW_PU/Source-源域/log&pt/(B2)N15_M07_F10
excel输出位置：/kaggle/working/m2rep/reps0/weight_PU_M1_final_checkpoint_FAtoB_gatepcv_s0/NEW_PU/Target-目标域
特征图片输出位置：/kaggle/working/m2rep/reps0/weight_PU_M1_final_checkpoint_FAtoB_gatepcv_s0/NEW_PU/Picture-特征图/2026年09月14日21时21分/(B2)N15_M07_F10
现在选取:(B2)N15_M07_F10 进行训练的源模型
现在进行：(B2)N15_M07_F10→(B3)N15_M07_F04 的迁移任务
log&pt输出位置：/kaggle/working/m2rep/reps0/weight_PU_M1_final_checkpoint_FAtoB_gatepcv_s0/NEW_PU/Target-目标域/log&pt/(B2)N15_M07_F10→(B3)N15_M07_F04
任务: (B2)N15_M07_F10→(B3)N15_M07_F04; 批次:····0/·1880;  总正确率: 71.95%
类型1 正确率：  88.00% -> 1   88.15%, 2   11.85%, 3    0.00%
类型2 正确率：  77.00% -> 1    0.00%, 2   76.75%, 3   23.25%
类型3 正确率：  51.00% -> 1    5.75%, 2   43.30%, 3   50.95%


样本变换：reverse
样本变换：mask
样本变换：shift
样本变换：none
未过滤	未用伪标签：71.95% -> 使用伪标签：69.63%
已过滤	未用伪标签：72.05% -> 使用伪标签：71.28%
排除样本：139|6000	剩余：2157, 2003, 1701
增添样本：611		细则：0, 142, 469	正确率估算：82.65%
类型1 正确率： 100.00% -> 1   99.65%, 2    0.35%, 3    0.00%
类型2 正确率：  63.00% -> 1    0.00%, 2   63.07%, 3   36.93%
类型3 正确率：  51.00% -> 1    8.91%, 2   40.46%, 3   50.63%

被排除样本 正确率：67.63%
类型1 正确率：   0.00% -> 1    0.00%, 2  100.00%, 3    0.00%
类型2 正确率：  80.00% -> 1    0.00%, 2   80.39%, 3   19.61%
类型3 正确率：  48.00% -> 1   20.00%, 2   32.00%, 3   48.00%


轮次:··1/·20 || c_Loss:0.653 || e_Loss:-1.033 || Aad_Loss:-28.900 || 耗时：33.15s
轮次:··2/·20 || c_Loss:0.530 || e_Loss:-1.417 || Aad_Loss:-22.453 || 耗时：12.82s
轮次:··3/·20 || c_Loss:0.347 || e_Loss:-1.697 || Aad_Loss:-27.052 || 耗时：12.74s
轮次:··4/·20 || c_Loss:0.360 || e_Loss:-1.568 || Aad_Loss:-28.384 || 耗时：12.67s
轮次:··5/·20 || c_Loss:0.382 || e_Loss:-1.512 || Aad_Loss:-27.604 || 耗时：12.65s
任务: (B2)N15_M07_F10→(B3)N15_M07_F04; mix批次:····0; 批次:··470/·1880;  总正确率: 71.22%
类型1 正确率： 100.00% -> 1  100.00%, 2    0.00%, 3    0.00%
类型2 正确率：  64.00% -> 1    0.00%, 2   63.65%, 3   36.35%
类型3 正确率：  50.00% -> 1    8.50%, 2   41.50%, 3   50.00%


样本变换：reverse
样本变换：mask
样本变换：shift
样本变换：none
未过滤	未用伪标签：71.22% -> 使用伪标签：69.82%
已过滤	未用伪标签：71.17% -> 使用伪标签：70.05%
排除样本：20|6000	剩余：2213, 1973, 1794
增添样本：640		细则：0, 216, 424	正确率估算：97.50%
类型1 正确率： 100.00% -> 1  100.00%, 2    0.00%, 3    0.00%
类型2 正确率：  60.00% -> 1    0.00%, 2   59.96%, 3   40.04%
类型3 正确率：  50.00% -> 1   10.67%, 2   39.26%, 3   50.08%

被排除样本 正确率：85.00%
类型1 正确率： 100.00% -> 1  100.00%, 2    0.00%
类型2 正确率：   0.00% -> 1  100.00%, 2    0.00%


轮次:··6/·20 || c_Loss:0.397 || e_Loss:-1.321 || Aad_Loss:-28.097 || 耗时：33.30s
轮次:··7/·20 || c_Loss:0.370 || e_Loss:-0.814 || Aad_Loss:-27.570 || 耗时：12.79s
轮次:··8/·20 || c_Loss:0.349 || e_Loss:-1.389 || Aad_Loss:-29.207 || 耗时：12.82s
轮次:··9/·20 || c_Loss:0.361 || e_Loss:-0.824 || Aad_Loss:-30.902 || 耗时：12.80s
轮次:·10/·20 || c_Loss:0.344 || e_Loss:-0.846 || Aad_Loss:-27.767 || 耗时：12.80s
任务: (B2)N15_M07_F10→(B3)N15_M07_F04; mix批次:····0; 批次:··940/·1880;  总正确率: 70.32%
类型1 正确率： 100.00% -> 1  100.00%, 2    0.00%, 3    0.00%
类型2 正确率：  61.00% -> 1    0.00%, 2   60.95%, 3   39.05%
类型3 正确率：  50.00% -> 1    9.95%, 2   40.05%, 3   50.00%


样本变换：reverse
样本变换：mask
样本变换：shift
样本变换：none
未过滤	未用伪标签：70.32% -> 使用伪标签：69.07%
已过滤	未用伪标签：70.32% -> 使用伪标签：69.29%
排除样本：19|6000	剩余：2226, 1912, 1843
增添样本：674		细则：0, 285, 389	正确率估算：98.66%
类型1 正确率： 100.00% -> 1  100.00%, 2    0.00%, 3    0.00%
类型2 正确率：  58.00% -> 1    0.00%, 2   57.57%, 3   42.43%
类型3 正确率：  50.00% -> 1   11.33%, 2   38.52%, 3   50.15%

被排除样本 正确率：68.42%
类型1 正确率： 100.00% -> 1  100.00%, 2    0.00%
类型2 正确率：   0.00% -> 1  100.00%, 2    0.00%


轮次:·11/·20 || c_Loss:0.341 || e_Loss:-0.905 || Aad_Loss:-30.404 || 耗时：33.75s
轮次:·12/·20 || c_Loss:0.368 || e_Loss:-1.748 || Aad_Loss:-28.272 || 耗时：12.70s
轮次:·13/·20 || c_Loss:0.355 || e_Loss:-0.866 || Aad_Loss:-29.960 || 耗时：12.66s
轮次:·14/·20 || c_Loss:0.348 || e_Loss:-1.236 || Aad_Loss:-29.028 || 耗时：12.70s
轮次:·15/·20 || c_Loss:0.383 || e_Loss:-1.441 || Aad_Loss:-29.286 || 耗时：12.66s
任务: (B2)N15_M07_F10→(B3)N15_M07_F04; mix批次:····0; 批次:·1410/·1880;  总正确率: 69.80%
类型1 正确率： 100.00% -> 1  100.00%, 2    0.00%, 3    0.00%
类型2 正确率：  59.00% -> 1    0.00%, 2   59.35%, 3   40.65%
类型3 正确率：  50.00% -> 1    9.95%, 2   40.00%, 3   50.05%


样本变换：reverse
样本变换：mask
样本变换：shift
样本变换：none
未过滤	未用伪标签：69.80% -> 使用伪标签：69.30%
已过滤	未用伪标签：69.79% -> 使用伪标签：69.47%
排除样本：15|6000	剩余：2223, 1930, 1832
增添样本：656		细则：0, 267, 389	正确率估算：99.09%
类型1 正确率： 100.00% -> 1  100.00%, 2    0.00%, 3    0.00%
类型2 正确率：  58.00% -> 1    0.00%, 2   58.20%, 3   41.80%
类型3 正确率：  50.00% -> 1   11.17%, 2   38.71%, 3   50.13%

被排除样本 正确率：73.33%
类型1 正确率：  92.00% -> 1   91.67%, 2    8.33%
类型2 正确率：   0.00% -> 1  100.00%, 2    0.00%


轮次:·16/·20 || c_Loss:0.395 || e_Loss:-1.331 || Aad_Loss:-28.492 || 耗时：32.98s
轮次:·17/·20 || c_Loss:0.351 || e_Loss:-1.479 || Aad_Loss:-28.534 || 耗时：12.77s
轮次:·18/·20 || c_Loss:0.346 || e_Loss:-1.458 || Aad_Loss:-29.569 || 耗时：12.78s
轮次:·19/·20 || c_Loss:0.338 || e_Loss:-1.688 || Aad_Loss:-29.831 || 耗时：12.77s
轮次:·20/·20 || c_Loss:0.360 || e_Loss:-0.860 || Aad_Loss:-29.321 || 耗时：12.79s
任务: (B2)N15_M07_F10→(B3)N15_M07_F04; mix批次:····0; 批次:·1880/·1880;  总正确率: 70.25%
类型1 正确率： 100.00% -> 1  100.00%, 2    0.00%, 3    0.00%
类型2 正确率：  61.00% -> 1    0.00%, 2   60.70%, 3   39.30%
类型3 正确率：  50.00% -> 1    9.65%, 2   40.30%, 3   50.05%


测试集任务: (B2)N15_M07_F10→(B3)N15_M07_F04; 总正确率 = 70.25%
类型1 正确率： 100.00% -> 1  100.00%, 2    0.00%, 3    0.00%
类型2 正确率：  61.00% -> 1    0.00%, 2   60.70%, 3   39.30%
类型3 正确率：  50.00% -> 1    9.65%, 2   40.30%, 3   50.05%


