读取源域路径：/kaggle/working/shot_k10/S07/weight_PU_M1_shot_FS07toS07c_s2024/NEW_PU/Source-源域/log&pt/(B1)N15_M01_F10
excel输出位置：/kaggle/working/shot_k10/S07/weight_PU_M1_shot_FS07toS07c_s2024/NEW_PU/Target-目标域
特征图片输出位置：/kaggle/working/shot_k10/S07/weight_PU_M1_shot_FS07toS07c_s2024/NEW_PU/Picture-特征图/2026年09月22日06时02分/(B1)N15_M01_F10
现在选取:(B1)N15_M01_F10 进行训练的源模型
现在进行：(B1)N15_M01_F10→(B3)N15_M07_F04 的迁移任务
log&pt输出位置：/kaggle/working/shot_k10/S07/weight_PU_M1_shot_FS07toS07c_s2024/NEW_PU/Target-目标域/log&pt/(B1)N15_M01_F10→(B3)N15_M07_F04
任务: (B1)N15_M01_F10→(B3)N15_M07_F04; 批次:····0/·1880;  总正确率: 60.65%
类型1 正确率：  98.00% -> 1   97.85%, 2    1.20%, 3    0.95%
类型2 正确率：  83.00% -> 1    0.00%, 2   82.60%, 3   17.40%
类型3 正确率：   2.00% -> 1    3.45%, 2   95.05%, 3    1.50%


SHOT pseudo-labels: model 60.65% -> centroid 63.02%
轮次:··1/·20 || cls:1.814 || im:-0.895 || 耗时：21.62s
SHOT pseudo-labels: model 46.80% -> centroid 48.62%
轮次:··2/·20 || cls:1.577 || im:-0.854 || 耗时：16.03s
SHOT pseudo-labels: model 45.48% -> centroid 44.32%
轮次:··3/·20 || cls:1.208 || im:-0.886 || 耗时：15.79s
SHOT pseudo-labels: model 42.75% -> centroid 42.83%
轮次:··4/·20 || cls:1.274 || im:-0.921 || 耗时：15.65s
SHOT pseudo-labels: model 41.52% -> centroid 42.87%
轮次:··5/·20 || cls:1.276 || im:-0.831 || 耗时：15.68s
SHOT pseudo-labels: model 42.18% -> centroid 42.07%
轮次:··6/·20 || cls:0.876 || im:-0.728 || 耗时：15.75s
SHOT pseudo-labels: model 41.70% -> centroid 42.23%
轮次:··7/·20 || cls:1.288 || im:-0.775 || 耗时：15.83s
SHOT pseudo-labels: model 41.80% -> centroid 41.47%
轮次:··8/·20 || cls:1.016 || im:-0.778 || 耗时：15.77s
SHOT pseudo-labels: model 41.72% -> centroid 42.43%
轮次:··9/·20 || cls:0.882 || im:-0.709 || 耗时：15.73s
SHOT pseudo-labels: model 42.47% -> centroid 41.82%
轮次:·10/·20 || cls:0.709 || im:-0.787 || 耗时：15.70s
SHOT pseudo-labels: model 41.75% -> centroid 41.62%
轮次:·11/·20 || cls:0.831 || im:-0.754 || 耗时：15.69s
SHOT pseudo-labels: model 40.67% -> centroid 41.18%
轮次:·12/·20 || cls:0.865 || im:-0.709 || 耗时：15.67s
SHOT pseudo-labels: model 40.38% -> centroid 40.53%
轮次:·13/·20 || cls:0.701 || im:-0.669 || 耗时：15.69s
SHOT pseudo-labels: model 41.68% -> centroid 40.42%
轮次:·14/·20 || cls:0.720 || im:-0.667 || 耗时：15.69s
SHOT pseudo-labels: model 40.80% -> centroid 40.15%
轮次:·15/·20 || cls:0.806 || im:-0.775 || 耗时：15.68s
SHOT pseudo-labels: model 41.30% -> centroid 39.43%
轮次:·16/·20 || cls:0.703 || im:-0.804 || 耗时：15.71s
SHOT pseudo-labels: model 41.30% -> centroid 39.35%
轮次:·17/·20 || cls:0.789 || im:-0.671 || 耗时：15.68s
SHOT pseudo-labels: model 41.22% -> centroid 39.18%
轮次:·18/·20 || cls:0.907 || im:-0.688 || 耗时：15.72s
SHOT pseudo-labels: model 40.72% -> centroid 38.83%
轮次:·19/·20 || cls:0.935 || im:-0.788 || 耗时：15.70s
SHOT pseudo-labels: model 40.85% -> centroid 38.75%
轮次:·20/·20 || cls:0.646 || im:-0.773 || 耗时：15.67s
测试集任务: (B1)N15_M01_F10→(B3)N15_M07_F04; 总正确率 = 40.40%
类型1 正确率： 100.00% -> 1   99.80%, 2    0.00%, 3    0.20%
类型2 正确率：  14.00% -> 1    0.00%, 2   14.45%, 3   85.55%
类型3 正确率：   7.00% -> 1    1.80%, 2   91.25%, 3    6.95%


