读取源域路径：/kaggle/working/shot_k10/S07/weight_PU_M1_shot_FS07toS07c_s2024/NEW_PU/Source-源域/log&pt/(B3)N15_M07_F04
excel输出位置：/kaggle/working/shot_k10/S07/weight_PU_M1_shot_FS07toS07c_s2024/NEW_PU/Target-目标域
特征图片输出位置：/kaggle/working/shot_k10/S07/weight_PU_M1_shot_FS07toS07c_s2024/NEW_PU/Picture-特征图/2026年09月22日06时19分/(B3)N15_M07_F04
现在选取:(B3)N15_M07_F04 进行训练的源模型
现在进行：(B3)N15_M07_F04→(B1)N15_M01_F10 的迁移任务
log&pt输出位置：/kaggle/working/shot_k10/S07/weight_PU_M1_shot_FS07toS07c_s2024/NEW_PU/Target-目标域/log&pt/(B3)N15_M07_F04→(B1)N15_M01_F10
任务: (B3)N15_M07_F04→(B1)N15_M01_F10; 批次:····0/·1880;  总正确率: 50.15%
类型1 正确率：  80.00% -> 1   79.90%, 2    1.35%, 3   18.75%
类型2 正确率：  71.00% -> 1    0.05%, 2   70.55%, 3   29.40%
类型3 正确率：   0.00% -> 1    0.00%, 2  100.00%, 3    0.00%


SHOT pseudo-labels: model 50.15% -> centroid 53.17%
轮次:··1/·20 || cls:1.871 || im:-0.877 || 耗时：21.58s
SHOT pseudo-labels: model 49.70% -> centroid 53.47%
轮次:··2/·20 || cls:1.595 || im:-0.869 || 耗时：15.98s
SHOT pseudo-labels: model 53.07% -> centroid 54.58%
轮次:··3/·20 || cls:1.146 || im:-0.675 || 耗时：15.79s
SHOT pseudo-labels: model 50.32% -> centroid 54.28%
轮次:··4/·20 || cls:0.979 || im:-0.767 || 耗时：15.67s
SHOT pseudo-labels: model 48.77% -> centroid 54.77%
轮次:··5/·20 || cls:0.906 || im:-0.772 || 耗时：15.64s
SHOT pseudo-labels: model 49.43% -> centroid 54.65%
轮次:··6/·20 || cls:0.564 || im:-0.608 || 耗时：15.74s
SHOT pseudo-labels: model 47.25% -> centroid 51.97%
轮次:··7/·20 || cls:0.798 || im:-0.716 || 耗时：15.77s
SHOT pseudo-labels: model 47.38% -> centroid 54.88%
轮次:··8/·20 || cls:0.779 || im:-0.688 || 耗时：15.81s
SHOT pseudo-labels: model 48.00% -> centroid 54.23%
轮次:··9/·20 || cls:0.542 || im:-0.630 || 耗时：15.74s
SHOT pseudo-labels: model 48.25% -> centroid 57.47%
轮次:·10/·20 || cls:0.669 || im:-0.641 || 耗时：15.70s
SHOT pseudo-labels: model 47.75% -> centroid 56.35%
轮次:·11/·20 || cls:0.807 || im:-0.701 || 耗时：15.69s
SHOT pseudo-labels: model 46.50% -> centroid 52.37%
轮次:·12/·20 || cls:0.738 || im:-0.653 || 耗时：15.66s
SHOT pseudo-labels: model 46.17% -> centroid 48.90%
轮次:·13/·20 || cls:0.782 || im:-0.587 || 耗时：15.69s
SHOT pseudo-labels: model 46.67% -> centroid 52.87%
轮次:·14/·20 || cls:0.753 || im:-0.681 || 耗时：15.70s
SHOT pseudo-labels: model 45.48% -> centroid 50.05%
轮次:·15/·20 || cls:0.772 || im:-0.663 || 耗时：15.75s
SHOT pseudo-labels: model 45.42% -> centroid 53.10%
轮次:·16/·20 || cls:0.877 || im:-0.649 || 耗时：15.74s
SHOT pseudo-labels: model 45.42% -> centroid 51.80%
轮次:·17/·20 || cls:0.604 || im:-0.618 || 耗时：15.75s
SHOT pseudo-labels: model 45.48% -> centroid 51.75%
轮次:·18/·20 || cls:0.623 || im:-0.613 || 耗时：15.76s
SHOT pseudo-labels: model 44.83% -> centroid 47.03%
轮次:·19/·20 || cls:0.864 || im:-0.654 || 耗时：15.74s
SHOT pseudo-labels: model 44.83% -> centroid 50.53%
轮次:·20/·20 || cls:0.408 || im:-0.634 || 耗时：15.77s
测试集任务: (B3)N15_M07_F04→(B1)N15_M01_F10; 总正确率 = 44.23%
类型1 正确率：  68.00% -> 1   68.35%, 2    0.00%, 3   31.65%
类型2 正确率：  37.00% -> 1   23.85%, 2   37.15%, 3   39.00%
类型3 正确率：  27.00% -> 1    0.00%, 2   72.80%, 3   27.20%


