读取源域路径：/kaggle/working/shot_k10/S07/weight_PU_M1_shot_FS07toS07c_s2024/NEW_PU/Source-源域/log&pt/(B2)N15_M07_F10
excel输出位置：/kaggle/working/shot_k10/S07/weight_PU_M1_shot_FS07toS07c_s2024/NEW_PU/Target-目标域
特征图片输出位置：/kaggle/working/shot_k10/S07/weight_PU_M1_shot_FS07toS07c_s2024/NEW_PU/Picture-特征图/2026年09月22日06时13分/(B2)N15_M07_F10
现在选取:(B2)N15_M07_F10 进行训练的源模型
现在进行：(B2)N15_M07_F10→(B3)N15_M07_F04 的迁移任务
log&pt输出位置：/kaggle/working/shot_k10/S07/weight_PU_M1_shot_FS07toS07c_s2024/NEW_PU/Target-目标域/log&pt/(B2)N15_M07_F10→(B3)N15_M07_F04
任务: (B2)N15_M07_F10→(B3)N15_M07_F04; 批次:····0/·1880;  总正确率: 60.50%
类型1 正确率：  99.00% -> 1   99.05%, 2    0.85%, 3    0.10%
类型2 正确率：  82.00% -> 1    0.00%, 2   82.45%, 3   17.55%
类型3 正确率：   0.00% -> 1    5.20%, 2   94.80%, 3    0.00%


SHOT pseudo-labels: model 60.50% -> centroid 47.25%
轮次:··1/·20 || cls:1.770 || im:-0.964 || 耗时：21.64s
SHOT pseudo-labels: model 46.07% -> centroid 41.53%
轮次:··2/·20 || cls:1.411 || im:-0.819 || 耗时：15.95s
SHOT pseudo-labels: model 47.38% -> centroid 45.80%
轮次:··3/·20 || cls:0.927 || im:-0.833 || 耗时：15.81s
SHOT pseudo-labels: model 42.77% -> centroid 43.65%
轮次:··4/·20 || cls:1.009 || im:-0.726 || 耗时：15.65s
SHOT pseudo-labels: model 43.07% -> centroid 41.20%
轮次:··5/·20 || cls:0.991 || im:-0.781 || 耗时：15.67s
SHOT pseudo-labels: model 41.22% -> centroid 39.83%
轮次:··6/·20 || cls:0.736 || im:-0.816 || 耗时：15.79s
SHOT pseudo-labels: model 40.68% -> centroid 40.20%
轮次:··7/·20 || cls:0.951 || im:-0.623 || 耗时：15.81s
SHOT pseudo-labels: model 39.73% -> centroid 38.72%
轮次:··8/·20 || cls:0.672 || im:-0.669 || 耗时：15.81s
SHOT pseudo-labels: model 37.33% -> centroid 36.55%
轮次:··9/·20 || cls:0.819 || im:-0.681 || 耗时：15.74s
SHOT pseudo-labels: model 36.02% -> centroid 35.33%
轮次:·10/·20 || cls:0.719 || im:-0.670 || 耗时：15.76s
SHOT pseudo-labels: model 34.77% -> centroid 34.42%
轮次:·11/·20 || cls:0.738 || im:-0.729 || 耗时：15.73s
SHOT pseudo-labels: model 35.12% -> centroid 35.15%
轮次:·12/·20 || cls:0.874 || im:-0.718 || 耗时：15.74s
SHOT pseudo-labels: model 34.25% -> centroid 34.72%
轮次:·13/·20 || cls:0.667 || im:-0.633 || 耗时：15.72s
SHOT pseudo-labels: model 32.23% -> centroid 33.65%
轮次:·14/·20 || cls:0.661 || im:-0.691 || 耗时：15.72s
SHOT pseudo-labels: model 31.72% -> centroid 33.23%
轮次:·15/·20 || cls:0.716 || im:-0.683 || 耗时：15.71s
SHOT pseudo-labels: model 30.58% -> centroid 33.30%
轮次:·16/·20 || cls:0.864 || im:-0.686 || 耗时：15.71s
SHOT pseudo-labels: model 30.77% -> centroid 33.48%
轮次:·17/·20 || cls:0.774 || im:-0.658 || 耗时：15.73s
SHOT pseudo-labels: model 30.43% -> centroid 33.15%
轮次:·18/·20 || cls:0.729 || im:-0.666 || 耗时：15.70s
SHOT pseudo-labels: model 29.45% -> centroid 32.37%
轮次:·19/·20 || cls:0.931 || im:-0.690 || 耗时：15.71s
SHOT pseudo-labels: model 29.47% -> centroid 32.68%
轮次:·20/·20 || cls:0.577 || im:-0.675 || 耗时：15.69s
测试集任务: (B2)N15_M07_F10→(B3)N15_M07_F04; 总正确率 = 29.48%
类型1 正确率：  67.00% -> 1   66.95%, 2    0.15%, 3   32.90%
类型2 正确率：  20.00% -> 1   17.10%, 2   20.35%, 3   62.55%
类型3 正确率：   1.00% -> 1    5.60%, 2   93.25%, 3    1.15%


