读取源域路径：/kaggle/working/shot_k10/S08/weight_PU_M1_shot_FS08toS08_s2024/NEW_PU/Source-源域/log&pt/(B3)N15_M07_F04
excel输出位置：/kaggle/working/shot_k10/S08/weight_PU_M1_shot_FS08toS08_s2024/NEW_PU/Target-目标域
特征图片输出位置：/kaggle/working/shot_k10/S08/weight_PU_M1_shot_FS08toS08_s2024/NEW_PU/Picture-特征图/2026年09月21日20时35分/(B3)N15_M07_F04
现在选取:(B3)N15_M07_F04 进行训练的源模型
现在进行：(B3)N15_M07_F04→(B1)N15_M01_F10 的迁移任务
log&pt输出位置：/kaggle/working/shot_k10/S08/weight_PU_M1_shot_FS08toS08_s2024/NEW_PU/Target-目标域/log&pt/(B3)N15_M07_F04→(B1)N15_M01_F10
任务: (B3)N15_M07_F04→(B1)N15_M01_F10; 批次:····0/·1880;  总正确率: 95.00%
类型1 正确率： 100.00% -> 1   99.80%, 2    0.00%, 3    0.20%
类型2 正确率：  87.00% -> 1    0.00%, 2   86.60%, 3   13.40%
类型3 正确率：  99.00% -> 1    0.00%, 2    1.40%, 3   98.60%


SHOT pseudo-labels: model 95.00% -> centroid 94.45%
轮次:··1/·20 || cls:1.405 || im:-0.713 || 耗时：22.03s
SHOT pseudo-labels: model 64.82% -> centroid 66.02%
轮次:··2/·20 || cls:0.983 || im:-0.781 || 耗时：16.29s
SHOT pseudo-labels: model 60.80% -> centroid 80.20%
轮次:··3/·20 || cls:1.264 || im:-0.671 || 耗时：16.15s
SHOT pseudo-labels: model 59.07% -> centroid 80.72%
轮次:··4/·20 || cls:0.896 || im:-0.636 || 耗时：16.06s
SHOT pseudo-labels: model 56.75% -> centroid 71.70%
轮次:··5/·20 || cls:0.551 || im:-0.656 || 耗时：16.02s
SHOT pseudo-labels: model 56.17% -> centroid 47.05%
轮次:··6/·20 || cls:0.788 || im:-0.667 || 耗时：16.06s
SHOT pseudo-labels: model 54.25% -> centroid 36.47%
轮次:··7/·20 || cls:0.717 || im:-0.689 || 耗时：16.11s
SHOT pseudo-labels: model 52.13% -> centroid 35.75%
轮次:··8/·20 || cls:0.705 || im:-0.563 || 耗时：16.15s
SHOT pseudo-labels: model 54.00% -> centroid 35.25%
轮次:··9/·20 || cls:0.732 || im:-0.640 || 耗时：16.14s
SHOT pseudo-labels: model 54.93% -> centroid 36.75%
轮次:·10/·20 || cls:0.714 || im:-0.534 || 耗时：16.10s
SHOT pseudo-labels: model 50.47% -> centroid 34.12%
轮次:·11/·20 || cls:0.801 || im:-0.638 || 耗时：16.10s
SHOT pseudo-labels: model 50.37% -> centroid 33.88%
轮次:·12/·20 || cls:0.792 || im:-0.637 || 耗时：16.12s
SHOT pseudo-labels: model 50.70% -> centroid 36.03%
轮次:·13/·20 || cls:0.672 || im:-0.654 || 耗时：16.08s
SHOT pseudo-labels: model 53.48% -> centroid 35.87%
轮次:·14/·20 || cls:0.815 || im:-0.653 || 耗时：16.09s
SHOT pseudo-labels: model 53.25% -> centroid 38.45%
轮次:·15/·20 || cls:0.615 || im:-0.554 || 耗时：16.07s
SHOT pseudo-labels: model 53.20% -> centroid 39.05%
轮次:·16/·20 || cls:0.770 || im:-0.625 || 耗时：16.07s
SHOT pseudo-labels: model 54.18% -> centroid 40.05%
轮次:·17/·20 || cls:0.692 || im:-0.567 || 耗时：16.10s
SHOT pseudo-labels: model 53.20% -> centroid 41.77%
轮次:·18/·20 || cls:0.612 || im:-0.528 || 耗时：16.06s
SHOT pseudo-labels: model 53.08% -> centroid 44.12%
轮次:·19/·20 || cls:0.942 || im:-0.623 || 耗时：16.07s
SHOT pseudo-labels: model 53.33% -> centroid 45.35%
轮次:·20/·20 || cls:0.582 || im:-0.609 || 耗时：16.05s
测试集任务: (B3)N15_M07_F04→(B1)N15_M01_F10; 总正确率 = 52.83%
类型1 正确率：  36.00% -> 1   36.00%, 2   41.00%, 3   23.00%
类型2 正确率：  61.00% -> 1   10.00%, 2   60.90%, 3   29.10%
类型3 正确率：  62.00% -> 1   32.30%, 2    6.10%, 3   61.60%


