读取源域路径：/kaggle/working/shot_k10/S08/weight_PU_M1_shot_FS08toS08_s2024/NEW_PU/Source-源域/log&pt/(B1)N15_M01_F10
excel输出位置：/kaggle/working/shot_k10/S08/weight_PU_M1_shot_FS08toS08_s2024/NEW_PU/Target-目标域
特征图片输出位置：/kaggle/working/shot_k10/S08/weight_PU_M1_shot_FS08toS08_s2024/NEW_PU/Picture-特征图/2026年09月21日20时12分/(B1)N15_M01_F10
现在选取:(B1)N15_M01_F10 进行训练的源模型
现在进行：(B1)N15_M01_F10→(B2)N15_M07_F10 的迁移任务
log&pt输出位置：/kaggle/working/shot_k10/S08/weight_PU_M1_shot_FS08toS08_s2024/NEW_PU/Target-目标域/log&pt/(B1)N15_M01_F10→(B2)N15_M07_F10
任务: (B1)N15_M01_F10→(B2)N15_M07_F10; 批次:····0/·1880;  总正确率: 99.53%
类型1 正确率： 100.00% -> 1  100.00%, 2    0.00%, 3    0.00%
类型2 正确率： 100.00% -> 1    0.05%, 2   99.65%, 3    0.30%
类型3 正确率：  99.00% -> 1    0.00%, 2    1.05%, 3   98.95%


SHOT pseudo-labels: model 99.53% -> centroid 99.52%
轮次:··1/·20 || cls:1.124 || im:-0.698 || 耗时：22.14s
SHOT pseudo-labels: model 57.80% -> centroid 45.37%
轮次:··2/·20 || cls:1.149 || im:-0.687 || 耗时：16.25s
SHOT pseudo-labels: model 49.67% -> centroid 43.52%
轮次:··3/·20 || cls:0.830 || im:-0.629 || 耗时：16.15s
SHOT pseudo-labels: model 50.85% -> centroid 44.47%
轮次:··4/·20 || cls:0.794 || im:-0.683 || 耗时：16.03s
SHOT pseudo-labels: model 59.67% -> centroid 48.38%
轮次:··5/·20 || cls:0.703 || im:-0.721 || 耗时：16.07s
SHOT pseudo-labels: model 67.75% -> centroid 93.92%
轮次:··6/·20 || cls:0.590 || im:-0.590 || 耗时：16.10s
SHOT pseudo-labels: model 70.68% -> centroid 96.20%
轮次:··7/·20 || cls:0.758 || im:-0.633 || 耗时：16.13s
SHOT pseudo-labels: model 73.58% -> centroid 95.45%
轮次:··8/·20 || cls:0.841 || im:-0.673 || 耗时：16.14s
SHOT pseudo-labels: model 76.23% -> centroid 94.53%
轮次:··9/·20 || cls:0.649 || im:-0.625 || 耗时：16.16s
SHOT pseudo-labels: model 78.45% -> centroid 94.60%
轮次:·10/·20 || cls:0.598 || im:-0.615 || 耗时：16.16s
SHOT pseudo-labels: model 81.83% -> centroid 93.87%
轮次:·11/·20 || cls:0.736 || im:-0.644 || 耗时：16.12s
SHOT pseudo-labels: model 81.83% -> centroid 93.85%
轮次:·12/·20 || cls:0.816 || im:-0.641 || 耗时：16.12s
SHOT pseudo-labels: model 85.13% -> centroid 93.70%
轮次:·13/·20 || cls:0.772 || im:-0.691 || 耗时：16.09s
SHOT pseudo-labels: model 85.37% -> centroid 93.27%
轮次:·14/·20 || cls:0.638 || im:-0.591 || 耗时：16.08s
SHOT pseudo-labels: model 89.83% -> centroid 93.65%
轮次:·15/·20 || cls:0.792 || im:-0.730 || 耗时：16.10s
SHOT pseudo-labels: model 89.65% -> centroid 93.57%
轮次:·16/·20 || cls:0.790 || im:-0.647 || 耗时：16.11s
SHOT pseudo-labels: model 89.38% -> centroid 92.88%
轮次:·17/·20 || cls:0.835 || im:-0.652 || 耗时：16.12s
SHOT pseudo-labels: model 90.42% -> centroid 92.92%
轮次:·18/·20 || cls:0.712 || im:-0.661 || 耗时：16.16s
SHOT pseudo-labels: model 91.65% -> centroid 92.97%
轮次:·19/·20 || cls:0.827 || im:-0.640 || 耗时：16.14s
SHOT pseudo-labels: model 91.92% -> centroid 92.35%
轮次:·20/·20 || cls:0.494 || im:-0.698 || 耗时：16.15s
测试集任务: (B1)N15_M01_F10→(B2)N15_M07_F10; 总正确率 = 93.32%
类型1 正确率：  98.00% -> 1   98.50%, 2    0.75%, 3    0.75%
类型2 正确率：  86.00% -> 1    7.65%, 2   85.70%, 3    6.65%
类型3 正确率：  96.00% -> 1    0.00%, 2    4.25%, 3   95.75%


