

现在开始拿源域训练集：(B1)N15_M01_F10 进行训练
源域读取路径：/kaggle/working/shot_k10/S08/sdalr_PU_shot/DATA_foldS08/PU_M1_L3/N15_M01_F10_label.txt
excel输出位置：/kaggle/working/shot_k10/S08/weight_src_PU_M1_FS08_s2024/NEW_PU/Source-源域
log&pt输出位置：/kaggle/working/shot_k10/S08/weight_src_PU_M1_FS08_s2024/NEW_PU/Source-源域/log&pt/(B1)N15_M01_F10
特征图片输出位置：/kaggle/working/shot_k10/S08/weight_src_PU_M1_FS08_s2024/NEW_PU/Picture-特征图/2026年09月21日20时07分/(B1)N15_M01_F10
源域训练开始
轮次:··1/·10 || loss:0.119 || 耗时：9.27s
轮次:··2/·10 || loss:0.015 || 耗时：7.99s
轮次:··3/·10 || loss:0.007 || 耗时：8.11s
轮次:··4/·10 || loss:0.024 || 耗时：8.22s
轮次:··5/·10 || loss:0.029 || 耗时：8.35s
任务: (B1)N15_M01_F10; mix批次:····0; 批次:··330/··660; 总正确率 = 97.70%
类型1 正确率： 100.00% -> 1  100.00%, 2    0.00%, 3    0.00%
类型2 正确率：  93.00% -> 1    0.00%, 2   93.09%, 3    6.91%
类型3 正确率： 100.00% -> 1    0.00%, 2    0.00%, 3  100.00%


轮次:··6/·10 || loss:0.008 || 耗时：8.47s
轮次:··7/·10 || loss:0.071 || 耗时：8.60s
轮次:··8/·10 || loss:0.004 || 耗时：8.74s
轮次:··9/·10 || loss:0.001 || 耗时：8.91s
轮次:·10/·10 || loss:0.002 || 耗时：9.03s
任务: (B1)N15_M01_F10; mix批次:····0; 批次:··660/··660; 总正确率 = 98.76%
类型1 正确率： 100.00% -> 1  100.00%, 2    0.00%, 3    0.00%
类型2 正确率：  96.00% -> 1    0.00%, 2   96.28%, 3    3.72%
类型3 正确率： 100.00% -> 1    0.00%, 2    0.00%, 3  100.00%


测试集任务: (B1)N15_M01_F10; 总正确率 = 98.64%
类型1 正确率： 100.00% -> 1  100.00%, 2    0.00%, 3    0.00%
类型2 正确率：  96.00% -> 1    0.00%, 2   96.15%, 3    3.85%
类型3 正确率： 100.00% -> 1    0.00%, 2    0.24%, 3   99.76%


源域训练结束

训练好之后，测试目标域
目标域路径：/kaggle/working/shot_k10/S08/sdalr_PU_shot/DATA_foldS08/PU_M1_L3/N15_M07_F10_label.txt
测试目标数据集结果如下：
任务: (B1)N15_M01_F10→(B2)N15_M07_F10, 正确率 = 99.75%
类型1 正确率： 100.00% -> 1  100.00%, 2    0.00%, 3    0.00%
类型2 正确率： 100.00% -> 1    0.00%, 2   99.74%, 3    0.26%
类型3 正确率： 100.00% -> 1    0.00%, 2    0.49%, 3   99.51%

目标域路径：/kaggle/working/shot_k10/S08/sdalr_PU_shot/DATA_foldS08/PU_M1_L3/N15_M07_F04_label.txt
测试目标数据集结果如下：
任务: (B1)N15_M01_F10→(B3)N15_M07_F04, 正确率 = 89.57%
类型1 正确率： 100.00% -> 1  100.00%, 2    0.00%, 3    0.00%
类型2 正确率：  73.00% -> 1    0.49%, 2   73.15%, 3   26.35%
类型3 正确率：  96.00% -> 1    1.57%, 2    2.87%, 3   95.56%



现在开始拿源域训练集：(B2)N15_M07_F10 进行训练
源域读取路径：/kaggle/working/shot_k10/S08/sdalr_PU_shot/DATA_foldS08/PU_M1_L3/N15_M07_F10_label.txt
excel输出位置：/kaggle/working/shot_k10/S08/weight_src_PU_M1_FS08_s2024/NEW_PU/Source-源域
log&pt输出位置：/kaggle/working/shot_k10/S08/weight_src_PU_M1_FS08_s2024/NEW_PU/Source-源域/log&pt/(B2)N15_M07_F10
特征图片输出位置：/kaggle/working/shot_k10/S08/weight_src_PU_M1_FS08_s2024/NEW_PU/Picture-特征图/2026年09月21日20时07分/(B2)N15_M07_F10
源域训练开始
轮次:··1/·10 || loss:0.066 || 耗时：9.11s
轮次:··2/·10 || loss:0.059 || 耗时：8.96s
轮次:··3/·10 || loss:0.001 || 耗时：8.90s
轮次:··4/·10 || loss:0.003 || 耗时：8.84s
轮次:··5/·10 || loss:0.014 || 耗时：8.82s
任务: (B2)N15_M07_F10; mix批次:····0; 批次:··330/··660; 总正确率 = 100.00%
类型1 正确率： 100.00% -> 1  100.00%, 2    0.00%, 3    0.00%
类型2 正确率： 100.00% -> 1    0.00%, 2  100.00%, 3    0.00%
类型3 正确率： 100.00% -> 1    0.00%, 2    0.00%, 3  100.00%


轮次:··6/·10 || loss:0.001 || 耗时：8.83s
轮次:··7/·10 || loss:0.002 || 耗时：8.83s
轮次:··8/·10 || loss:0.001 || 耗时：8.87s
轮次:··9/·10 || loss:0.003 || 耗时：8.88s
轮次:·10/·10 || loss:0.000 || 耗时：8.91s
任务: (B2)N15_M07_F10; mix批次:····0; 批次:··660/··660; 总正确率 = 100.00%
类型1 正确率： 100.00% -> 1  100.00%, 2    0.00%, 3    0.00%
类型2 正确率： 100.00% -> 1    0.00%, 2  100.00%, 3    0.00%
类型3 正确率： 100.00% -> 1    0.00%, 2    0.00%, 3  100.00%


测试集任务: (B2)N15_M07_F10; 总正确率 = 100.00%
类型1 正确率： 100.00% -> 1  100.00%, 2    0.00%, 3    0.00%
类型2 正确率： 100.00% -> 1    0.00%, 2  100.00%, 3    0.00%
类型3 正确率： 100.00% -> 1    0.00%, 2    0.00%, 3  100.00%


源域训练结束

训练好之后，测试目标域
目标域路径：/kaggle/working/shot_k10/S08/sdalr_PU_shot/DATA_foldS08/PU_M1_L3/N15_M01_F10_label.txt
测试目标数据集结果如下：
任务: (B2)N15_M07_F10→(B1)N15_M01_F10, 正确率 = 94.13%
类型1 正确率： 100.00% -> 1  100.00%, 2    0.00%, 3    0.00%
类型2 正确率：  82.00% -> 1    0.50%, 2   82.38%, 3   17.12%
类型3 正确率： 100.00% -> 1    0.00%, 2    0.00%, 3  100.00%

目标域路径：/kaggle/working/shot_k10/S08/sdalr_PU_shot/DATA_foldS08/PU_M1_L3/N15_M07_F04_label.txt
测试目标数据集结果如下：
任务: (B2)N15_M07_F10→(B3)N15_M07_F04, 正确率 = 94.39%
类型1 正确率： 100.00% -> 1  100.00%, 2    0.00%, 3    0.00%
类型2 正确率：  90.00% -> 1    0.00%, 2   90.07%, 3    9.93%
类型3 正确率：  93.00% -> 1    1.33%, 2    5.59%, 3   93.09%



现在开始拿源域训练集：(B3)N15_M07_F04 进行训练
源域读取路径：/kaggle/working/shot_k10/S08/sdalr_PU_shot/DATA_foldS08/PU_M1_L3/N15_M07_F04_label.txt
excel输出位置：/kaggle/working/shot_k10/S08/weight_src_PU_M1_FS08_s2024/NEW_PU/Source-源域
log&pt输出位置：/kaggle/working/shot_k10/S08/weight_src_PU_M1_FS08_s2024/NEW_PU/Source-源域/log&pt/(B3)N15_M07_F04
特征图片输出位置：/kaggle/working/shot_k10/S08/weight_src_PU_M1_FS08_s2024/NEW_PU/Picture-特征图/2026年09月21日20时07分/(B3)N15_M07_F04
源域训练开始
轮次:··1/·10 || loss:0.026 || 耗时：8.95s
轮次:··2/·10 || loss:0.005 || 耗时：8.89s
轮次:··3/·10 || loss:0.014 || 耗时：8.89s
轮次:··4/·10 || loss:0.002 || 耗时：8.92s
轮次:··5/·10 || loss:0.019 || 耗时：8.91s
任务: (B3)N15_M07_F04; mix批次:····0; 批次:··330/··660; 总正确率 = 99.48%
类型1 正确率： 100.00% -> 1  100.00%, 2    0.00%, 3    0.00%
类型2 正确率： 100.00% -> 1    0.00%, 2  100.00%, 3    0.00%
类型3 正确率：  98.00% -> 1    0.00%, 2    1.55%, 3   98.45%


轮次:··6/·10 || loss:0.010 || 耗时：8.90s
轮次:··7/·10 || loss:0.001 || 耗时：8.90s
轮次:··8/·10 || loss:0.018 || 耗时：8.91s
轮次:··9/·10 || loss:0.002 || 耗时：8.91s
轮次:·10/·10 || loss:0.003 || 耗时：8.91s
任务: (B3)N15_M07_F04; mix批次:····0; 批次:··660/··660; 总正确率 = 99.48%
类型1 正确率： 100.00% -> 1  100.00%, 2    0.00%, 3    0.00%
类型2 正确率： 100.00% -> 1    0.00%, 2  100.00%, 3    0.00%
类型3 正确率：  98.00% -> 1    0.00%, 2    1.55%, 3   98.45%


测试集任务: (B3)N15_M07_F04; 总正确率 = 99.21%
类型1 正确率： 100.00% -> 1  100.00%, 2    0.00%, 3    0.00%
类型2 正确率：  98.00% -> 1    0.00%, 2   98.10%, 3    1.90%
类型3 正确率： 100.00% -> 1    0.00%, 2    0.46%, 3   99.54%


源域训练结束

训练好之后，测试目标域
目标域路径：/kaggle/working/shot_k10/S08/sdalr_PU_shot/DATA_foldS08/PU_M1_L3/N15_M01_F10_label.txt
测试目标数据集结果如下：
任务: (B3)N15_M07_F04→(B1)N15_M01_F10, 正确率 = 95.50%
类型1 正确率： 100.00% -> 1  100.00%, 2    0.00%, 3    0.00%
类型2 正确率：  88.00% -> 1    0.00%, 2   88.39%, 3   11.61%
类型3 正确率：  98.00% -> 1    0.00%, 2    1.90%, 3   98.10%

目标域路径：/kaggle/working/shot_k10/S08/sdalr_PU_shot/DATA_foldS08/PU_M1_L3/N15_M07_F10_label.txt
测试目标数据集结果如下：
任务: (B3)N15_M07_F04→(B2)N15_M07_F10, 正确率 = 99.67%
类型1 正确率： 100.00% -> 1   99.75%, 2    0.25%, 3    0.00%
类型2 正确率： 100.00% -> 1    0.00%, 2  100.00%, 3    0.00%
类型3 正确率：  99.00% -> 1    0.00%, 2    0.73%, 3   99.27%

