读取源域路径：/kaggle/working/m2/weight_PU_M1_final_checkpoint_FBtoA_gateoracle_s2024/NEW_PU/Source-源域/log&pt/(B3)N15_M07_F04
excel输出位置：/kaggle/working/m2/weight_PU_M1_final_checkpoint_FBtoA_gateoracle_s2024/NEW_PU/Target-目标域
特征图片输出位置：/kaggle/working/m2/weight_PU_M1_final_checkpoint_FBtoA_gateoracle_s2024/NEW_PU/Picture-特征图/2026年09月14日05时24分/(B3)N15_M07_F04
现在选取:(B3)N15_M07_F04 进行训练的源模型
现在进行：(B3)N15_M07_F04→(B2)N15_M07_F10 的迁移任务
log&pt输出位置：/kaggle/working/m2/weight_PU_M1_final_checkpoint_FBtoA_gateoracle_s2024/NEW_PU/Target-目标域/log&pt/(B3)N15_M07_F04→(B2)N15_M07_F10
任务: (B3)N15_M07_F04→(B2)N15_M07_F10; 批次:····0/·1880;  总正确率: 53.68%
类型1 正确率：  95.00% -> 1   94.70%, 2    0.00%, 3    5.30%
类型2 正确率：  33.00% -> 1   17.50%, 2   33.35%, 3   49.15%
类型3 正确率：  33.00% -> 1    0.00%, 2   67.00%, 3   33.00%


样本变换：reverse
样本变换：mask
样本变换：shift
样本变换：none
未过滤	未用伪标签：53.68% -> 使用伪标签：51.75%
已过滤	未用伪标签：53.82% -> 使用伪标签：52.78%
排除样本：117|6000	剩余：2196, 1997, 1690
增添样本：2259		细则：0, 1131, 1128	正确率估算：99.92%
类型1 正确率：  92.00% -> 1   92.21%, 2    0.00%, 3    7.79%
类型2 正确率：  34.00% -> 1   20.99%, 2   33.80%, 3   45.22%
类型3 正确率：  33.00% -> 1    0.00%, 2   67.00%, 3   33.00%

被排除样本 正确率：47.01%
类型1 正确率：  84.00% -> 1   83.61%, 2    0.00%, 3   16.39%
类型2 正确率：   7.00% -> 1    7.14%, 2    7.14%, 3   85.71%
类型3 没有样本或未被分类。


轮次:··1/·20 || c_Loss:0.468 || e_Loss:-1.453 || Aad_Loss:-16.555 || 耗时：32.71s
轮次:··2/·20 || c_Loss:0.317 || e_Loss:-1.624 || Aad_Loss:-17.204 || 耗时：12.39s
轮次:··3/·20 || c_Loss:0.327 || e_Loss:-1.664 || Aad_Loss:-18.813 || 耗时：12.33s
轮次:··4/·20 || c_Loss:0.330 || e_Loss:-1.625 || Aad_Loss:-18.740 || 耗时：12.31s
轮次:··5/·20 || c_Loss:0.315 || e_Loss:-1.533 || Aad_Loss:-20.519 || 耗时：12.29s
任务: (B3)N15_M07_F04→(B2)N15_M07_F10; mix批次:····0; 批次:··470/·1880;  总正确率: 65.93%
类型1 正确率： 100.00% -> 1  100.00%, 2    0.00%, 3    0.00%
类型2 正确率：  46.00% -> 1   20.90%, 2   46.30%, 3   32.80%
类型3 正确率：  52.00% -> 1    7.20%, 2   41.30%, 3   51.50%


样本变换：reverse
样本变换：mask
样本变换：shift
样本变换：none
未过滤	未用伪标签：65.93% -> 使用伪标签：56.28%
已过滤	未用伪标签：65.86% -> 使用伪标签：56.45%
排除样本：18|6000	剩余：2606, 2056, 1320
增添样本：2623		细则：0, 1283, 1340	正确率估算：99.93%
类型1 正确率： 100.00% -> 1  100.00%, 2    0.00%, 3    0.00%
类型2 正确率：  36.00% -> 1   30.56%, 2   36.16%, 3   33.28%
类型3 正确率：  33.00% -> 1    0.00%, 2   66.98%, 3   33.02%

被排除样本 正确率：88.89%
类型1 正确率：  88.00% -> 1   88.24%, 2   11.76%
类型2 正确率： 100.00% -> 1    0.00%, 2  100.00%


轮次:··6/·20 || c_Loss:0.324 || e_Loss:-1.656 || Aad_Loss:-21.213 || 耗时：32.71s
轮次:··7/·20 || c_Loss:0.368 || e_Loss:-1.584 || Aad_Loss:-20.222 || 耗时：12.33s
轮次:··8/·20 || c_Loss:0.340 || e_Loss:-1.627 || Aad_Loss:-18.852 || 耗时：12.36s
轮次:··9/·20 || c_Loss:0.328 || e_Loss:-1.742 || Aad_Loss:-21.924 || 耗时：12.35s
轮次:·10/·20 || c_Loss:0.319 || e_Loss:-1.643 || Aad_Loss:-22.232 || 耗时：12.32s
任务: (B3)N15_M07_F04→(B2)N15_M07_F10; mix批次:····0; 批次:··940/·1880;  总正确率: 71.17%
类型1 正确率： 100.00% -> 1  100.00%, 2    0.00%, 3    0.00%
类型2 正确率：  64.00% -> 1    4.00%, 2   63.50%, 3   32.50%
类型3 正确率：  50.00% -> 1    9.85%, 2   40.15%, 3   50.00%


样本变换：reverse
样本变换：mask
样本变换：shift
样本变换：none
未过滤	未用伪标签：71.17% -> 使用伪标签：63.83%
已过滤	未用伪标签：71.11% -> 使用伪标签：64.22%
排除样本：36|6000	剩余：2150, 2493, 1321
增添样本：2170		细则：0, 831, 1339	正确率估算：99.80%
类型1 正确率： 100.00% -> 1  100.00%, 2    0.00%, 3    0.00%
类型2 正确率：  59.00% -> 1    7.35%, 2   59.22%, 3   33.43%
类型3 正确率：  33.00% -> 1    0.25%, 2   66.53%, 3   33.22%

被排除样本 正确率：80.56%
类型1 没有样本或未被分类。
类型2 正确率：  96.00% -> 1    3.85%, 2   96.15%, 3    0.00%
类型3 正确率：  40.00% -> 1   60.00%, 2    0.00%, 3   40.00%


轮次:·11/·20 || c_Loss:0.324 || e_Loss:-1.581 || Aad_Loss:-23.636 || 耗时：32.78s
轮次:·12/·20 || c_Loss:0.334 || e_Loss:-1.479 || Aad_Loss:-23.905 || 耗时：12.31s
轮次:·13/·20 || c_Loss:0.333 || e_Loss:-1.682 || Aad_Loss:-20.077 || 耗时：12.31s
轮次:·14/·20 || c_Loss:0.331 || e_Loss:-1.520 || Aad_Loss:-23.347 || 耗时：12.33s
轮次:·15/·20 || c_Loss:0.325 || e_Loss:-1.568 || Aad_Loss:-23.615 || 耗时：12.45s
任务: (B3)N15_M07_F04→(B2)N15_M07_F10; mix批次:····0; 批次:·1410/·1880;  总正确率: 72.03%
类型1 正确率： 100.00% -> 1  100.00%, 2    0.00%, 3    0.00%
类型2 正确率：  68.00% -> 1    0.05%, 2   68.30%, 3   31.65%
类型3 正确率：  48.00% -> 1   14.90%, 2   37.30%, 3   47.80%


样本变换：reverse
样本变换：mask
样本变换：shift
样本变换：none
未过滤	未用伪标签：72.03% -> 使用伪标签：66.65%
已过滤	未用伪标签：72.13% -> 使用伪标签：66.83%
排除样本：16|6000	剩余：2136, 2528, 1320
增添样本：2001		细则：0, 662, 1339	正确率估算：100.00%
类型1 正确率： 100.00% -> 1  100.00%, 2    0.00%, 3    0.00%
类型2 正确率：  67.00% -> 1    0.05%, 2   66.97%, 3   32.98%
类型3 正确率：  33.00% -> 1    6.80%, 2   59.92%, 3   33.28%

被排除样本 正确率：37.50%
类型1 没有样本或未被分类。
类型2 正确率： 100.00% -> 1    0.00%, 2  100.00%, 3    0.00%
类型3 正确率：  29.00% -> 1   71.43%, 2    0.00%, 3   28.57%


轮次:·16/·20 || c_Loss:0.336 || e_Loss:-1.643 || Aad_Loss:-23.469 || 耗时：32.82s
轮次:·17/·20 || c_Loss:0.332 || e_Loss:-1.634 || Aad_Loss:-23.005 || 耗时：12.35s
轮次:·18/·20 || c_Loss:0.325 || e_Loss:-1.705 || Aad_Loss:-22.705 || 耗时：12.37s
轮次:·19/·20 || c_Loss:0.337 || e_Loss:-1.678 || Aad_Loss:-20.911 || 耗时：12.35s
轮次:·20/·20 || c_Loss:0.346 || e_Loss:-1.741 || Aad_Loss:-20.071 || 耗时：12.37s
任务: (B3)N15_M07_F04→(B2)N15_M07_F10; mix批次:····0; 批次:·1880/·1880;  总正确率: 72.90%
类型1 正确率： 100.00% -> 1  100.00%, 2    0.00%, 3    0.00%
类型2 正确率：  69.00% -> 1    0.05%, 2   68.65%, 3   31.30%
类型3 正确率：  50.00% -> 1   11.45%, 2   38.50%, 3   50.05%


测试集任务: (B3)N15_M07_F04→(B2)N15_M07_F10; 总正确率 = 72.90%
类型1 正确率： 100.00% -> 1  100.00%, 2    0.00%, 3    0.00%
类型2 正确率：  69.00% -> 1    0.05%, 2   68.65%, 3   31.30%
类型3 正确率：  50.00% -> 1   11.45%, 2   38.50%, 3   50.05%


