读取源域路径：/kaggle/working/m2/weight_PU_M1_final_checkpoint_FBtoA_gateoracle_s2024/NEW_PU/Source-源域/log&pt/(B1)N15_M01_F10
excel输出位置：/kaggle/working/m2/weight_PU_M1_final_checkpoint_FBtoA_gateoracle_s2024/NEW_PU/Target-目标域
特征图片输出位置：/kaggle/working/m2/weight_PU_M1_final_checkpoint_FBtoA_gateoracle_s2024/NEW_PU/Picture-特征图/2026年09月14日05时01分/(B1)N15_M01_F10
现在选取:(B1)N15_M01_F10 进行训练的源模型
现在进行：(B1)N15_M01_F10→(B3)N15_M07_F04 的迁移任务
log&pt输出位置：/kaggle/working/m2/weight_PU_M1_final_checkpoint_FBtoA_gateoracle_s2024/NEW_PU/Target-目标域/log&pt/(B1)N15_M01_F10→(B3)N15_M07_F04
任务: (B1)N15_M01_F10→(B3)N15_M07_F04; 批次:····0/·1880;  总正确率: 50.40%
类型1 正确率： 100.00% -> 1   99.80%, 2    0.00%, 3    0.20%
类型2 正确率：  39.00% -> 1   24.90%, 2   39.25%, 3   35.85%
类型3 正确率：  12.00% -> 1    0.75%, 2   87.10%, 3   12.15%


样本变换：reverse
样本变换：mask
样本变换：shift
样本变换：none
未过滤	未用伪标签：50.40% -> 使用伪标签：54.78%
已过滤	未用伪标签：50.33% -> 使用伪标签：54.96%
排除样本：19|6000	剩余：2669, 1969, 1343
增添样本：2713		细则：0, 1371, 1342	正确率估算：68.76%
类型1 正确率： 100.00% -> 1  100.00%, 2    0.00%, 3    0.00%
类型2 正确率：  32.00% -> 1   33.74%, 2   31.72%, 3   34.54%
类型3 正确率：  33.00% -> 1    0.00%, 2   67.07%, 3   32.93%

被排除样本 正确率：73.68%
类型1 正确率：  82.00% -> 1   82.35%, 2   17.65%
类型2 正确率：   0.00% -> 1  100.00%, 2    0.00%


轮次:··1/·20 || c_Loss:0.433 || e_Loss:-1.559 || Aad_Loss:-18.727 || 耗时：32.67s
轮次:··2/·20 || c_Loss:0.349 || e_Loss:-1.472 || Aad_Loss:-15.453 || 耗时：12.44s
轮次:··3/·20 || c_Loss:0.349 || e_Loss:-1.499 || Aad_Loss:-16.974 || 耗时：12.43s
轮次:··4/·20 || c_Loss:0.335 || e_Loss:-1.425 || Aad_Loss:-20.448 || 耗时：12.39s
轮次:··5/·20 || c_Loss:0.331 || e_Loss:-1.306 || Aad_Loss:-23.765 || 耗时：12.37s
任务: (B1)N15_M01_F10→(B3)N15_M07_F04; mix批次:····0; 批次:··470/·1880;  总正确率: 63.13%
类型1 正确率： 100.00% -> 1  100.00%, 2    0.00%, 3    0.00%
类型2 正确率：  36.00% -> 1   12.00%, 2   36.30%, 3   51.70%
类型3 正确率：  53.00% -> 1    7.05%, 2   39.85%, 3   53.10%


样本变换：reverse
样本变换：mask
样本变换：shift
样本变换：none
未过滤	未用伪标签：63.13% -> 使用伪标签：57.05%
已过滤	未用伪标签：63.58% -> 使用伪标签：58.25%
排除样本：124|6000	剩余：2405, 1910, 1561
增添样本：2577		细则：0, 1306, 1271	正确率估算：99.44%
类型1 正确率： 100.00% -> 1  100.00%, 2    0.00%, 3    0.00%
类型2 正确率：  36.00% -> 1   20.40%, 2   36.20%, 3   43.40%
类型3 正确率：  37.00% -> 1    0.71%, 2   62.07%, 3   37.21%

被排除样本 正确率：41.94%
类型1 没有样本或未被分类。
类型2 正确率：  27.00% -> 1    1.20%, 2   26.51%, 3   72.29%
类型3 正确率：  73.00% -> 1   26.83%, 2    0.00%, 3   73.17%


轮次:··6/·20 || c_Loss:0.320 || e_Loss:-1.559 || Aad_Loss:-23.856 || 耗时：32.61s
轮次:··7/·20 || c_Loss:0.382 || e_Loss:-1.410 || Aad_Loss:-18.546 || 耗时：12.41s
轮次:··8/·20 || c_Loss:0.340 || e_Loss:-1.482 || Aad_Loss:-20.673 || 耗时：12.46s
轮次:··9/·20 || c_Loss:0.356 || e_Loss:-1.512 || Aad_Loss:-15.806 || 耗时：12.43s
轮次:·10/·20 || c_Loss:0.379 || e_Loss:-1.646 || Aad_Loss:-18.456 || 耗时：12.43s
任务: (B1)N15_M01_F10→(B3)N15_M07_F04; mix批次:····0; 批次:··940/·1880;  总正确率: 73.48%
类型1 正确率： 100.00% -> 1  100.00%, 2    0.00%, 3    0.00%
类型2 正确率：  55.00% -> 1    4.85%, 2   55.10%, 3   40.05%
类型3 正确率：  65.00% -> 1    0.00%, 2   34.65%, 3   65.35%


样本变换：reverse
样本变换：mask
样本变换：shift
样本变换：none
未过滤	未用伪标签：73.48% -> 使用伪标签：70.77%
已过滤	未用伪标签：73.65% -> 使用伪标签：72.00%
排除样本：103|6000	剩余：2123, 1789, 1985
增添样本：1754		细则：0, 972, 782	正确率估算：99.71%
类型1 正确率： 100.00% -> 1  100.00%, 2    0.00%, 3    0.00%
类型2 正确率：  54.00% -> 1    6.41%, 2   53.60%, 3   39.99%
类型3 正确率：  62.00% -> 1    0.00%, 2   38.45%, 3   61.55%

被排除样本 正确率：64.08%
类型1 没有样本或未被分类。
类型2 正确率：  55.00% -> 1    7.32%, 2   54.88%, 3   37.80%
类型3 正确率： 100.00% -> 1    0.00%, 2    0.00%, 3  100.00%


轮次:·11/·20 || c_Loss:0.410 || e_Loss:-1.443 || Aad_Loss:-20.924 || 耗时：32.88s
轮次:·12/·20 || c_Loss:0.389 || e_Loss:-1.513 || Aad_Loss:-18.396 || 耗时：12.31s
轮次:·13/·20 || c_Loss:0.342 || e_Loss:-1.438 || Aad_Loss:-21.732 || 耗时：12.30s
轮次:·14/·20 || c_Loss:0.350 || e_Loss:-1.470 || Aad_Loss:-22.131 || 耗时：12.31s
轮次:·15/·20 || c_Loss:0.329 || e_Loss:-1.572 || Aad_Loss:-23.630 || 耗时：12.41s
任务: (B1)N15_M01_F10→(B3)N15_M07_F04; mix批次:····0; 批次:·1410/·1880;  总正确率: 79.90%
类型1 正确率： 100.00% -> 1  100.00%, 2    0.00%, 3    0.00%
类型2 正确率：  66.00% -> 1    0.25%, 2   65.90%, 3   33.85%
类型3 正确率：  74.00% -> 1    0.00%, 2   26.20%, 3   73.80%


样本变换：reverse
样本变换：mask
样本变换：shift
样本变换：none
未过滤	未用伪标签：79.90% -> 使用伪标签：77.43%
已过滤	未用伪标签：79.95% -> 使用伪标签：77.76%
排除样本：25|6000	剩余：2003, 1974, 1998
增添样本：1354		细则：0, 684, 670	正确率估算：99.85%
类型1 正确率： 100.00% -> 1  100.00%, 2    0.00%, 3    0.00%
类型2 正确率：  66.00% -> 1    0.15%, 2   66.23%, 3   33.62%
类型3 正确率：  67.00% -> 1    0.00%, 2   33.10%, 3   66.90%

被排除样本 正确率：68.00%
类型1 没有样本或未被分类。
类型2 正确率：  38.00% -> 1   23.08%, 2   38.46%, 3   38.46%
类型3 正确率： 100.00% -> 1    0.00%, 2    0.00%, 3  100.00%


轮次:·16/·20 || c_Loss:0.402 || e_Loss:-1.519 || Aad_Loss:-22.041 || 耗时：32.69s
轮次:·17/·20 || c_Loss:0.371 || e_Loss:-1.534 || Aad_Loss:-22.238 || 耗时：12.39s
轮次:·18/·20 || c_Loss:0.409 || e_Loss:-1.589 || Aad_Loss:-23.883 || 耗时：12.41s
轮次:·19/·20 || c_Loss:0.381 || e_Loss:-1.590 || Aad_Loss:-24.883 || 耗时：12.41s
轮次:·20/·20 || c_Loss:0.345 || e_Loss:-1.511 || Aad_Loss:-26.767 || 耗时：12.40s
任务: (B1)N15_M01_F10→(B3)N15_M07_F04; mix批次:····0; 批次:·1880/·1880;  总正确率: 81.22%
类型1 正确率： 100.00% -> 1  100.00%, 2    0.00%, 3    0.00%
类型2 正确率：  67.00% -> 1    0.00%, 2   66.75%, 3   33.25%
类型3 正确率：  77.00% -> 1    0.00%, 2   23.10%, 3   76.90%


测试集任务: (B1)N15_M01_F10→(B3)N15_M07_F04; 总正确率 = 81.22%
类型1 正确率： 100.00% -> 1  100.00%, 2    0.00%, 3    0.00%
类型2 正确率：  67.00% -> 1    0.00%, 2   66.75%, 3   33.25%
类型3 正确率：  77.00% -> 1    0.00%, 2   23.10%, 3   76.90%


