读取源域路径：/kaggle/working/m2/weight_PU_M1_final_checkpoint_FBtoA_gateoracle_s2024/NEW_PU/Source-源域/log&pt/(B2)N15_M07_F10
excel输出位置：/kaggle/working/m2/weight_PU_M1_final_checkpoint_FBtoA_gateoracle_s2024/NEW_PU/Target-目标域
特征图片输出位置：/kaggle/working/m2/weight_PU_M1_final_checkpoint_FBtoA_gateoracle_s2024/NEW_PU/Picture-特征图/2026年09月14日05时06分/(B2)N15_M07_F10
现在选取:(B2)N15_M07_F10 进行训练的源模型
现在进行：(B2)N15_M07_F10→(B1)N15_M01_F10 的迁移任务
log&pt输出位置：/kaggle/working/m2/weight_PU_M1_final_checkpoint_FBtoA_gateoracle_s2024/NEW_PU/Target-目标域/log&pt/(B2)N15_M07_F10→(B1)N15_M01_F10
任务: (B2)N15_M07_F10→(B1)N15_M01_F10; 批次:····0/·1880;  总正确率: 55.52%
类型1 正确率： 100.00% -> 1  100.00%, 2    0.00%, 3    0.00%
类型2 正确率：  34.00% -> 1   32.15%, 2   33.55%, 3   34.30%
类型3 正确率：  33.00% -> 1    0.00%, 2   67.00%, 3   33.00%


样本变换：reverse
样本变换：mask
样本变换：shift
样本变换：none
未过滤	未用伪标签：55.52% -> 使用伪标签：55.23%
已过滤	未用伪标签：55.74% -> 使用伪标签：55.49%
排除样本：28|6000	剩余：2596, 1994, 1382
增添样本：2686		细则：0, 1346, 1340	正确率估算：100.00%
类型1 正确率： 100.00% -> 1  100.00%, 2    0.00%, 3    0.00%
类型2 正确率：  33.00% -> 1   30.22%, 2   33.16%, 3   36.61%
类型3 正确率：  33.00% -> 1    0.00%, 2   67.00%, 3   33.00%

被排除样本 正确率：7.14%
类型1 没有样本或未被分类。
类型2 正确率：   7.00% -> 1    3.57%, 2    7.14%, 3   89.29%
类型3 没有样本或未被分类。


轮次:··1/·20 || c_Loss:0.452 || e_Loss:-1.676 || Aad_Loss:-18.228 || 耗时：32.71s
轮次:··2/·20 || c_Loss:0.344 || e_Loss:-1.699 || Aad_Loss:-15.975 || 耗时：12.38s
轮次:··3/·20 || c_Loss:0.320 || e_Loss:-1.700 || Aad_Loss:-20.651 || 耗时：12.32s
轮次:··4/·20 || c_Loss:0.328 || e_Loss:-1.730 || Aad_Loss:-18.993 || 耗时：12.29s
轮次:··5/·20 || c_Loss:0.320 || e_Loss:-1.793 || Aad_Loss:-22.623 || 耗时：12.29s
任务: (B2)N15_M07_F10→(B1)N15_M01_F10; mix批次:····0; 批次:··470/·1880;  总正确率: 66.95%
类型1 正确率： 100.00% -> 1  100.00%, 2    0.00%, 3    0.00%
类型2 正确率：  48.00% -> 1   21.35%, 2   47.60%, 3   31.05%
类型3 正确率：  53.00% -> 1    8.20%, 2   38.55%, 3   53.25%


样本变换：reverse
样本变换：mask
样本变换：shift
样本变换：none
未过滤	未用伪标签：66.95% -> 使用伪标签：56.28%
已过滤	未用伪标签：66.85% -> 使用伪标签：56.46%
排除样本：19|6000	剩余：2606, 2055, 1320
增添样本：2623		细则：0, 1283, 1340	正确率估算：100.00%
类型1 正确率： 100.00% -> 1  100.00%, 2    0.00%, 3    0.00%
类型2 正确率：  36.00% -> 1   30.52%, 2   36.18%, 3   33.30%
类型3 正确率：  33.00% -> 1    0.05%, 2   66.93%, 3   33.02%

被排除样本 正确率：100.00%
类型1 正确率： 100.00% -> 1  100.00%, 2    0.00%
类型2 正确率： 100.00% -> 1    0.00%, 2  100.00%


轮次:··6/·20 || c_Loss:0.327 || e_Loss:-1.755 || Aad_Loss:-21.449 || 耗时：32.63s
轮次:··7/·20 || c_Loss:0.364 || e_Loss:-1.621 || Aad_Loss:-21.091 || 耗时：12.33s
轮次:··8/·20 || c_Loss:0.344 || e_Loss:-1.629 || Aad_Loss:-18.898 || 耗时：12.34s
轮次:··9/·20 || c_Loss:0.328 || e_Loss:-1.781 || Aad_Loss:-21.937 || 耗时：12.34s
轮次:·10/·20 || c_Loss:0.317 || e_Loss:-1.646 || Aad_Loss:-22.671 || 耗时：12.34s
任务: (B2)N15_M07_F10→(B1)N15_M01_F10; mix批次:····0; 批次:··940/·1880;  总正确率: 73.38%
类型1 正确率： 100.00% -> 1  100.00%, 2    0.00%, 3    0.00%
类型2 正确率：  66.00% -> 1    3.10%, 2   65.85%, 3   31.05%
类型3 正确率：  54.00% -> 1    7.95%, 2   37.75%, 3   54.30%


样本变换：reverse
样本变换：mask
样本变换：shift
样本变换：none
未过滤	未用伪标签：73.38% -> 使用伪标签：64.37%
已过滤	未用伪标签：73.27% -> 使用伪标签：64.80%
排除样本：40|6000	剩余：2145, 2494, 1321
增添样本：2138		细则：0, 799, 1339	正确率估算：100.00%
类型1 正确率： 100.00% -> 1  100.00%, 2    0.00%, 3    0.00%
类型2 正确率：  61.00% -> 1    5.44%, 2   61.03%, 3   33.54%
类型3 正确率：  33.00% -> 1    1.91%, 2   64.91%, 3   33.18%

被排除样本 正确率：90.00%
类型1 没有样本或未被分类。
类型2 正确率： 100.00% -> 1    0.00%, 2  100.00%, 3    0.00%
类型3 正确率：  50.00% -> 1   50.00%, 2    0.00%, 3   50.00%


轮次:·11/·20 || c_Loss:0.330 || e_Loss:-1.771 || Aad_Loss:-21.157 || 耗时：32.73s
轮次:·12/·20 || c_Loss:0.332 || e_Loss:-1.698 || Aad_Loss:-21.127 || 耗时：12.33s
轮次:·13/·20 || c_Loss:0.339 || e_Loss:-1.730 || Aad_Loss:-20.962 || 耗时：12.35s
轮次:·14/·20 || c_Loss:0.333 || e_Loss:-1.717 || Aad_Loss:-20.501 || 耗时：12.33s
轮次:·15/·20 || c_Loss:0.331 || e_Loss:-1.782 || Aad_Loss:-22.002 || 耗时：12.35s
任务: (B2)N15_M07_F10→(B1)N15_M01_F10; mix批次:····0; 批次:·1410/·1880;  总正确率: 74.67%
类型1 正确率： 100.00% -> 1  100.00%, 2    0.00%, 3    0.00%
类型2 正确率：  68.00% -> 1    0.05%, 2   68.00%, 3   31.95%
类型3 正确率：  56.00% -> 1   12.75%, 2   31.25%, 3   56.00%


样本变换：reverse
样本变换：mask
样本变换：shift
样本变换：none
未过滤	未用伪标签：74.67% -> 使用伪标签：66.68%
已过滤	未用伪标签：74.70% -> 使用伪标签：67.18%
排除样本：44|6000	剩余：2251, 2384, 1321
增添样本：1999		细则：0, 661, 1338	正确率估算：100.00%
类型1 正确率： 100.00% -> 1  100.00%, 2    0.00%, 3    0.00%
类型2 正确率：  67.00% -> 1    0.05%, 2   66.98%, 3   32.97%
类型3 正确率：  34.00% -> 1   12.77%, 2   53.40%, 3   33.83%

被排除样本 正确率：70.45%
类型1 没有样本或未被分类。
类型2 正确率： 100.00% -> 1    0.00%, 2  100.00%, 3    0.00%
类型3 正确率：  70.00% -> 1   30.23%, 2    0.00%, 3   69.77%


轮次:·16/·20 || c_Loss:0.340 || e_Loss:-1.767 || Aad_Loss:-23.444 || 耗时：32.78s
轮次:·17/·20 || c_Loss:0.341 || e_Loss:-1.634 || Aad_Loss:-22.677 || 耗时：12.38s
轮次:·18/·20 || c_Loss:0.328 || e_Loss:-1.724 || Aad_Loss:-22.699 || 耗时：12.39s
轮次:·19/·20 || c_Loss:0.341 || e_Loss:-1.803 || Aad_Loss:-20.869 || 耗时：12.39s
轮次:·20/·20 || c_Loss:0.351 || e_Loss:-1.757 || Aad_Loss:-19.853 || 耗时：12.36s
任务: (B2)N15_M07_F10→(B1)N15_M01_F10; mix批次:····0; 批次:·1880/·1880;  总正确率: 75.18%
类型1 正确率： 100.00% -> 1  100.00%, 2    0.00%, 3    0.00%
类型2 正确率：  71.00% -> 1    0.00%, 2   70.60%, 3   29.40%
类型3 正确率：  55.00% -> 1   12.80%, 2   32.25%, 3   54.95%


测试集任务: (B2)N15_M07_F10→(B1)N15_M01_F10; 总正确率 = 75.18%
类型1 正确率： 100.00% -> 1  100.00%, 2    0.00%, 3    0.00%
类型2 正确率：  71.00% -> 1    0.00%, 2   70.60%, 3   29.40%
类型3 正确率：  55.00% -> 1   12.80%, 2   32.25%, 3   54.95%


