读取源域路径：/kaggle/working/m2/weight_PU_M1_final_checkpoint_FBtoA_gateoracle_s2024/NEW_PU/Source-源域/log&pt/(B2)N15_M07_F10
excel输出位置：/kaggle/working/m2/weight_PU_M1_final_checkpoint_FBtoA_gateoracle_s2024/NEW_PU/Target-目标域
特征图片输出位置：/kaggle/working/m2/weight_PU_M1_final_checkpoint_FBtoA_gateoracle_s2024/NEW_PU/Picture-特征图/2026年09月14日05时12分/(B2)N15_M07_F10
现在选取:(B2)N15_M07_F10 进行训练的源模型
现在进行：(B2)N15_M07_F10→(B3)N15_M07_F04 的迁移任务
log&pt输出位置：/kaggle/working/m2/weight_PU_M1_final_checkpoint_FBtoA_gateoracle_s2024/NEW_PU/Target-目标域/log&pt/(B2)N15_M07_F10→(B3)N15_M07_F04
任务: (B2)N15_M07_F10→(B3)N15_M07_F04; 批次:····0/·1880;  总正确率: 50.57%
类型1 正确率： 100.00% -> 1  100.00%, 2    0.00%, 3    0.00%
类型2 正确率：  38.00% -> 1   26.15%, 2   38.50%, 3   35.35%
类型3 正确率：  13.00% -> 1    2.15%, 2   84.65%, 3   13.20%


样本变换：reverse
样本变换：mask
样本变换：shift
样本变换：none
未过滤	未用伪标签：50.57% -> 使用伪标签：54.50%
已过滤	未用伪标签：50.62% -> 使用伪标签：54.85%
排除样本：38|6000	剩余：2644, 1952, 1366
增添样本：2730		细则：0, 1389, 1341	正确率估算：68.58%
类型1 正确率： 100.00% -> 1  100.00%, 2    0.00%, 3    0.00%
类型2 正确率：  31.00% -> 1   32.82%, 2   31.14%, 3   36.03%
类型3 正确率：  33.00% -> 1    0.00%, 2   67.05%, 3   32.95%

被排除样本 正确率：42.11%
类型1 正确率：  42.00% -> 1   42.11%, 2   57.89%
类型2 没有样本或未被分类。


轮次:··1/·20 || c_Loss:0.450 || e_Loss:-1.520 || Aad_Loss:-16.450 || 耗时：32.68s
轮次:··2/·20 || c_Loss:0.347 || e_Loss:-1.472 || Aad_Loss:-20.334 || 耗时：12.39s
轮次:··3/·20 || c_Loss:0.360 || e_Loss:-1.554 || Aad_Loss:-21.120 || 耗时：12.36s
轮次:··4/·20 || c_Loss:0.329 || e_Loss:-1.520 || Aad_Loss:-20.975 || 耗时：12.33s
轮次:··5/·20 || c_Loss:0.355 || e_Loss:-1.459 || Aad_Loss:-20.692 || 耗时：12.32s
任务: (B2)N15_M07_F10→(B3)N15_M07_F04; mix批次:····0; 批次:··470/·1880;  总正确率: 64.25%
类型1 正确率： 100.00% -> 1  100.00%, 2    0.00%, 3    0.00%
类型2 正确率：  41.00% -> 1   18.30%, 2   40.80%, 3   40.90%
类型3 正确率：  52.00% -> 1    4.35%, 2   43.70%, 3   51.95%


样本变换：reverse
样本变换：mask
样本变换：shift
样本变换：none
未过滤	未用伪标签：64.25% -> 使用伪标签：58.72%
已过滤	未用伪标签：64.54% -> 使用伪标签：60.09%
排除样本：137|6000	剩余：2435, 1985, 1443
增添样本：2477		细则：0, 1209, 1268	正确率估算：99.08%
类型1 正确率： 100.00% -> 1  100.00%, 2    0.00%, 3    0.00%
类型2 正确率：  42.00% -> 1   21.20%, 2   41.50%, 3   37.30%
类型3 正确率：  37.00% -> 1    1.58%, 2   61.01%, 3   37.40%

被排除样本 正确率：51.82%
类型1 没有样本或未被分类。
类型2 正确率：  34.00% -> 1   26.60%, 2   34.04%, 3   39.36%
类型3 正确率：  91.00% -> 1    9.30%, 2    0.00%, 3   90.70%


轮次:··6/·20 || c_Loss:0.342 || e_Loss:-1.436 || Aad_Loss:-20.465 || 耗时：32.79s
轮次:··7/·20 || c_Loss:0.359 || e_Loss:-1.496 || Aad_Loss:-14.412 || 耗时：12.39s
轮次:··8/·20 || c_Loss:0.346 || e_Loss:-1.466 || Aad_Loss:-21.313 || 耗时：12.39s
轮次:··9/·20 || c_Loss:0.371 || e_Loss:-1.535 || Aad_Loss:-18.986 || 耗时：12.40s
轮次:·10/·20 || c_Loss:0.392 || e_Loss:-1.476 || Aad_Loss:-22.150 || 耗时：12.40s
任务: (B2)N15_M07_F10→(B3)N15_M07_F04; mix批次:····0; 批次:··940/·1880;  总正确率: 76.25%
类型1 正确率： 100.00% -> 1  100.00%, 2    0.00%, 3    0.00%
类型2 正确率：  62.00% -> 1    1.80%, 2   62.10%, 3   36.10%
类型3 正确率：  67.00% -> 1    0.00%, 2   33.35%, 3   66.65%


样本变换：reverse
样本变换：mask
样本变换：shift
样本变换：none
未过滤	未用伪标签：76.25% -> 使用伪标签：75.33%
已过滤	未用伪标签：76.55% -> 使用伪标签：75.99%
排除样本：52|6000	剩余：2019, 1922, 2007
增添样本：1480		细则：0, 775, 705	正确率估算：99.59%
类型1 正确率： 100.00% -> 1  100.00%, 2    0.00%, 3    0.00%
类型2 正确率：  63.00% -> 1    0.97%, 2   62.63%, 3   36.40%
类型3 正确率：  65.00% -> 1    0.00%, 2   34.99%, 3   65.01%

被排除样本 正确率：42.31%
类型1 没有样本或未被分类。
类型2 正确率：  32.00% -> 1   38.64%, 2   31.82%, 3   29.55%
类型3 正确率： 100.00% -> 1    0.00%, 2    0.00%, 3  100.00%


轮次:·11/·20 || c_Loss:0.326 || e_Loss:-1.414 || Aad_Loss:-24.087 || 耗时：32.70s
轮次:·12/·20 || c_Loss:0.342 || e_Loss:-1.511 || Aad_Loss:-23.440 || 耗时：12.42s
轮次:·13/·20 || c_Loss:0.357 || e_Loss:-1.544 || Aad_Loss:-21.874 || 耗时：12.43s
轮次:·14/·20 || c_Loss:0.341 || e_Loss:-1.467 || Aad_Loss:-22.905 || 耗时：12.43s
轮次:·15/·20 || c_Loss:0.363 || e_Loss:-1.572 || Aad_Loss:-23.511 || 耗时：12.42s
任务: (B2)N15_M07_F10→(B3)N15_M07_F04; mix批次:····0; 批次:·1410/·1880;  总正确率: 80.70%
类型1 正确率： 100.00% -> 1  100.00%, 2    0.00%, 3    0.00%
类型2 正确率：  67.00% -> 1    0.00%, 2   66.55%, 3   33.45%
类型3 正确率：  76.00% -> 1    0.00%, 2   24.45%, 3   75.55%


样本变换：reverse
样本变换：mask
样本变换：shift
样本变换：none
未过滤	未用伪标签：80.70% -> 使用伪标签：78.27%
已过滤	未用伪标签：80.69% -> 使用伪标签：78.57%
排除样本：23|6000	剩余：2000, 1947, 2030
增添样本：1304		细则：0, 670, 634	正确率估算：99.92%
类型1 正确率： 100.00% -> 1  100.00%, 2    0.00%, 3    0.00%
类型2 正确率：  67.00% -> 1    0.00%, 2   66.70%, 3   33.30%
类型3 正确率：  69.00% -> 1    0.00%, 2   31.11%, 3   68.89%

被排除样本 正确率：82.61%
类型1 正确率：  50.00% -> 1   50.00%, 2   50.00%
类型2 正确率：  94.00% -> 1    5.88%, 2   94.12%


轮次:·16/·20 || c_Loss:0.343 || e_Loss:-1.633 || Aad_Loss:-24.705 || 耗时：32.61s
轮次:·17/·20 || c_Loss:0.428 || e_Loss:-1.617 || Aad_Loss:-22.541 || 耗时：12.32s
轮次:·18/·20 || c_Loss:0.343 || e_Loss:-1.541 || Aad_Loss:-26.212 || 耗时：12.32s
轮次:·19/·20 || c_Loss:0.372 || e_Loss:-1.435 || Aad_Loss:-21.015 || 耗时：12.31s
轮次:·20/·20 || c_Loss:0.336 || e_Loss:-1.597 || Aad_Loss:-23.872 || 耗时：12.32s
任务: (B2)N15_M07_F10→(B3)N15_M07_F04; mix批次:····0; 批次:·1880/·1880;  总正确率: 81.73%
类型1 正确率： 100.00% -> 1  100.00%, 2    0.00%, 3    0.00%
类型2 正确率：  67.00% -> 1    0.00%, 2   66.55%, 3   33.45%
类型3 正确率：  79.00% -> 1    0.00%, 2   21.35%, 3   78.65%


测试集任务: (B2)N15_M07_F10→(B3)N15_M07_F04; 总正确率 = 81.73%
类型1 正确率： 100.00% -> 1  100.00%, 2    0.00%, 3    0.00%
类型2 正确率：  67.00% -> 1    0.00%, 2   66.55%, 3   33.45%
类型3 正确率：  79.00% -> 1    0.00%, 2   21.35%, 3   78.65%


