读取源域路径：/kaggle/working/m2/weight_PU_M1_final_checkpoint_FBtoA_gateoracle_s2024/NEW_PU/Source-源域/log&pt/(B3)N15_M07_F04
excel输出位置：/kaggle/working/m2/weight_PU_M1_final_checkpoint_FBtoA_gateoracle_s2024/NEW_PU/Target-目标域
特征图片输出位置：/kaggle/working/m2/weight_PU_M1_final_checkpoint_FBtoA_gateoracle_s2024/NEW_PU/Picture-特征图/2026年09月14日05时18分/(B3)N15_M07_F04
现在选取:(B3)N15_M07_F04 进行训练的源模型
现在进行：(B3)N15_M07_F04→(B1)N15_M01_F10 的迁移任务
log&pt输出位置：/kaggle/working/m2/weight_PU_M1_final_checkpoint_FBtoA_gateoracle_s2024/NEW_PU/Target-目标域/log&pt/(B3)N15_M07_F04→(B1)N15_M01_F10
任务: (B3)N15_M07_F04→(B1)N15_M01_F10; 批次:····0/·1880;  总正确率: 52.28%
类型1 正确率：  91.00% -> 1   91.20%, 2    0.00%, 3    8.80%
类型2 正确率：  33.00% -> 1   16.55%, 2   32.65%, 3   50.80%
类型3 正确率：  33.00% -> 1    0.00%, 2   67.00%, 3   33.00%


样本变换：reverse
样本变换：mask
样本变换：shift
样本变换：none
未过滤	未用伪标签：52.28% -> 使用伪标签：50.58%
已过滤	未用伪标签：52.54% -> 使用伪标签：51.66%
排除样本：125|6000	剩余：2105, 1995, 1775
增添样本：2125		细则：0, 1065, 1060	正确率估算：99.77%
类型1 正确率：  89.00% -> 1   89.26%, 2    0.00%, 3   10.74%
类型2 正确率：  34.00% -> 1   19.76%, 2   33.62%, 3   46.61%
类型3 正确率：  33.00% -> 1    0.00%, 2   67.00%, 3   33.00%

被排除样本 正确率：40.00%
类型1 正确率：  68.00% -> 1   68.49%, 2    0.00%, 3   31.51%
类型2 正确率：   0.00% -> 1   15.38%, 2    0.00%, 3   84.62%
类型3 没有样本或未被分类。


轮次:··1/·20 || c_Loss:0.439 || e_Loss:-1.248 || Aad_Loss:-20.153 || 耗时：32.70s
轮次:··2/·20 || c_Loss:0.327 || e_Loss:-1.632 || Aad_Loss:-18.541 || 耗时：12.41s
轮次:··3/·20 || c_Loss:0.320 || e_Loss:-1.584 || Aad_Loss:-18.009 || 耗时：12.35s
轮次:··4/·20 || c_Loss:0.326 || e_Loss:-1.698 || Aad_Loss:-17.080 || 耗时：12.29s
轮次:··5/·20 || c_Loss:0.324 || e_Loss:-1.735 || Aad_Loss:-18.838 || 耗时：12.29s
任务: (B3)N15_M07_F04→(B1)N15_M01_F10; mix批次:····0; 批次:··470/·1880;  总正确率: 69.07%
类型1 正确率： 100.00% -> 1  100.00%, 2    0.00%, 3    0.00%
类型2 正确率：  56.00% -> 1   13.30%, 2   55.50%, 3   31.20%
类型3 正确率：  52.00% -> 1    8.35%, 2   39.95%, 3   51.70%


样本变换：reverse
样本变换：mask
样本变换：shift
样本变换：none
未过滤	未用伪标签：69.07% -> 使用伪标签：57.42%
已过滤	未用伪标签：68.95% -> 使用伪标签：57.64%
排除样本：23|6000	剩余：2533, 2125, 1319
增添样本：2555		细则：0, 1215, 1340	正确率估算：99.93%
类型1 正确率： 100.00% -> 1  100.00%, 2    0.00%, 3    0.00%
类型2 正确率：  40.00% -> 1   26.96%, 2   39.71%, 3   33.33%
类型3 正确率：  33.00% -> 1    0.00%, 2   67.00%, 3   33.00%

被排除样本 正确率：100.00%
类型1 正确率： 100.00% -> 1  100.00%


轮次:··6/·20 || c_Loss:0.335 || e_Loss:-1.725 || Aad_Loss:-17.737 || 耗时：32.62s
轮次:··7/·20 || c_Loss:0.341 || e_Loss:-1.729 || Aad_Loss:-20.129 || 耗时：12.35s
轮次:··8/·20 || c_Loss:0.339 || e_Loss:-1.723 || Aad_Loss:-19.381 || 耗时：12.36s
轮次:··9/·20 || c_Loss:0.349 || e_Loss:-1.765 || Aad_Loss:-17.344 || 耗时：12.40s
轮次:·10/·20 || c_Loss:0.346 || e_Loss:-1.766 || Aad_Loss:-21.597 || 耗时：12.35s
任务: (B3)N15_M07_F04→(B1)N15_M01_F10; mix批次:····0; 批次:··940/·1880;  总正确率: 72.87%
类型1 正确率： 100.00% -> 1  100.00%, 2    0.00%, 3    0.00%
类型2 正确率：  67.00% -> 1    1.30%, 2   67.20%, 3   31.50%
类型3 正确率：  51.00% -> 1   15.25%, 2   33.35%, 3   51.40%


样本变换：reverse
样本变换：mask
样本变换：shift
样本变换：none
未过滤	未用伪标签：72.87% -> 使用伪标签：65.77%
已过滤	未用伪标签：72.91% -> 使用伪标签：65.99%
排除样本：20|6000	剩余：2073, 2585, 1322
增添样本：2054		细则：0, 717, 1337	正确率估算：100.00%
类型1 正确率： 100.00% -> 1  100.00%, 2    0.00%, 3    0.00%
类型2 正确率：  64.00% -> 1    2.51%, 2   64.41%, 3   33.08%
类型3 正确率：  33.00% -> 1    1.16%, 2   65.49%, 3   33.35%

被排除样本 正确率：60.00%
类型1 没有样本或未被分类。
类型2 正确率： 100.00% -> 1    0.00%, 2  100.00%, 3    0.00%
类型3 正确率：  33.00% -> 1   66.67%, 2    0.00%, 3   33.33%


轮次:·11/·20 || c_Loss:0.334 || e_Loss:-1.681 || Aad_Loss:-23.412 || 耗时：32.61s
轮次:·12/·20 || c_Loss:0.362 || e_Loss:-1.603 || Aad_Loss:-19.334 || 耗时：12.32s
轮次:·13/·20 || c_Loss:0.344 || e_Loss:-1.686 || Aad_Loss:-23.615 || 耗时：12.35s
轮次:·14/·20 || c_Loss:0.329 || e_Loss:-1.746 || Aad_Loss:-22.802 || 耗时：12.35s
轮次:·15/·20 || c_Loss:0.326 || e_Loss:-1.653 || Aad_Loss:-22.743 || 耗时：12.33s
任务: (B3)N15_M07_F04→(B1)N15_M01_F10; mix批次:····0; 批次:·1410/·1880;  总正确率: 74.52%
类型1 正确率： 100.00% -> 1  100.00%, 2    0.00%, 3    0.00%
类型2 正确率：  68.00% -> 1    0.00%, 2   68.50%, 3   31.50%
类型3 正确率：  55.00% -> 1   11.15%, 2   33.80%, 3   55.05%


样本变换：reverse
样本变换：mask
样本变换：shift
样本变换：none
未过滤	未用伪标签：74.52% -> 使用伪标签：66.70%
已过滤	未用伪标签：74.60% -> 使用伪标签：67.00%
排除样本：27|6000	剩余：2105, 2547, 1321
增添样本：1998		细则：0, 660, 1338	正确率估算：100.00%
类型1 正确率： 100.00% -> 1  100.00%, 2    0.00%, 3    0.00%
类型2 正确率：  67.00% -> 1    0.00%, 2   67.03%, 3   32.97%
类型3 正确率：  34.00% -> 1    5.32%, 2   61.14%, 3   33.54%

被排除样本 正确率：55.56%
类型1 没有样本或未被分类。
类型2 正确率： 100.00% -> 1    0.00%, 2  100.00%, 3    0.00%
类型3 正确率：  54.00% -> 1   46.15%, 2    0.00%, 3   53.85%


轮次:·16/·20 || c_Loss:0.345 || e_Loss:-1.699 || Aad_Loss:-20.967 || 耗时：32.69s
轮次:·17/·20 || c_Loss:0.342 || e_Loss:-1.721 || Aad_Loss:-21.317 || 耗时：12.36s
轮次:·18/·20 || c_Loss:0.342 || e_Loss:-1.734 || Aad_Loss:-21.236 || 耗时：12.35s
轮次:·19/·20 || c_Loss:0.333 || e_Loss:-1.866 || Aad_Loss:-23.349 || 耗时：12.34s
轮次:·20/·20 || c_Loss:0.346 || e_Loss:-1.653 || Aad_Loss:-20.093 || 耗时：12.36s
任务: (B3)N15_M07_F04→(B1)N15_M01_F10; mix批次:····0; 批次:·1880/·1880;  总正确率: 74.12%
类型1 正确率： 100.00% -> 1  100.00%, 2    0.00%, 3    0.00%
类型2 正确率：  69.00% -> 1    0.00%, 2   68.55%, 3   31.45%
类型3 正确率：  54.00% -> 1   11.90%, 2   34.30%, 3   53.80%


测试集任务: (B3)N15_M07_F04→(B1)N15_M01_F10; 总正确率 = 74.12%
类型1 正确率： 100.00% -> 1  100.00%, 2    0.00%, 3    0.00%
类型2 正确率：  69.00% -> 1    0.00%, 2   68.55%, 3   31.45%
类型3 正确率：  54.00% -> 1   11.90%, 2   34.30%, 3   53.80%


