读取源域路径：/kaggle/working/m2/weight_PU_M1_final_checkpoint_FBtoA_gateoracle_s2024/NEW_PU/Source-源域/log&pt/(B1)N15_M01_F10
excel输出位置：/kaggle/working/m2/weight_PU_M1_final_checkpoint_FBtoA_gateoracle_s2024/NEW_PU/Target-目标域
特征图片输出位置：/kaggle/working/m2/weight_PU_M1_final_checkpoint_FBtoA_gateoracle_s2024/NEW_PU/Picture-特征图/2026年09月14日04时55分/(B1)N15_M01_F10
现在选取:(B1)N15_M01_F10 进行训练的源模型
现在进行：(B1)N15_M01_F10→(B2)N15_M07_F10 的迁移任务
log&pt输出位置：/kaggle/working/m2/weight_PU_M1_final_checkpoint_FBtoA_gateoracle_s2024/NEW_PU/Target-目标域/log&pt/(B1)N15_M01_F10→(B2)N15_M07_F10
任务: (B1)N15_M01_F10→(B2)N15_M07_F10; 批次:····0/·1880;  总正确率: 55.95%
类型1 正确率： 100.00% -> 1   99.80%, 2    0.00%, 3    0.20%
类型2 正确率：  35.00% -> 1   22.45%, 2   35.05%, 3   42.50%
类型3 正确率：  33.00% -> 1    0.00%, 2   67.00%, 3   33.00%


样本变换：reverse
样本变换：mask
样本变换：shift
样本变换：none
未过滤	未用伪标签：55.95% -> 使用伪标签：55.25%
已过滤	未用伪标签：56.46% -> 使用伪标签：55.80%
排除样本：59|6000	剩余：2367, 1997, 1577
增添样本：2679		细则：0, 1341, 1338	正确率估算：99.92%
类型1 正确率： 100.00% -> 1  100.00%, 2    0.00%, 3    0.00%
类型2 正确率：  34.00% -> 1   18.99%, 2   33.81%, 3   47.20%
类型3 正确率：  33.00% -> 1    0.00%, 2   67.00%, 3   33.00%

被排除样本 正确率：5.08%
类型1 正确率：  50.00% -> 1   50.00%, 2    0.00%, 3   50.00%
类型2 正确率：   4.00% -> 1   35.09%, 2    3.51%, 3   61.40%
类型3 没有样本或未被分类。


轮次:··1/·20 || c_Loss:0.458 || e_Loss:-1.655 || Aad_Loss:-17.861 || 耗时：33.39s
轮次:··2/·20 || c_Loss:0.323 || e_Loss:-1.722 || Aad_Loss:-19.257 || 耗时：12.57s
轮次:··3/·20 || c_Loss:0.333 || e_Loss:-1.748 || Aad_Loss:-19.059 || 耗时：12.39s
轮次:··4/·20 || c_Loss:0.335 || e_Loss:-1.719 || Aad_Loss:-19.536 || 耗时：12.27s
轮次:··5/·20 || c_Loss:0.317 || e_Loss:-1.705 || Aad_Loss:-22.648 || 耗时：12.22s
任务: (B1)N15_M01_F10→(B2)N15_M07_F10; mix批次:····0; 批次:··470/·1880;  总正确率: 63.18%
类型1 正确率： 100.00% -> 1  100.00%, 2    0.00%, 3    0.00%
类型2 正确率：  40.00% -> 1   27.90%, 2   40.05%, 3   32.05%
类型3 正确率：  50.00% -> 1   12.80%, 2   37.70%, 3   49.50%


样本变换：reverse
样本变换：mask
样本变换：shift
样本变换：none
未过滤	未用伪标签：63.18% -> 使用伪标签：55.43%
已过滤	未用伪标签：63.19% -> 使用伪标签：55.48%
排除样本：5|6000	剩余：2669, 2006, 1320
增添样本：2674		细则：0, 1334, 1340	正确率估算：100.00%
类型1 正确率： 100.00% -> 1  100.00%, 2    0.00%, 3    0.00%
类型2 正确率：  33.00% -> 1   33.53%, 2   33.38%, 3   33.08%
类型3 正确率：  33.00% -> 1    0.00%, 2   67.00%, 3   33.00%

被排除样本 正确率：60.00%
类型1 正确率：  60.00% -> 1   60.00%, 2   40.00%
类型2 没有样本或未被分类。


轮次:··6/·20 || c_Loss:0.323 || e_Loss:-1.743 || Aad_Loss:-20.975 || 耗时：32.54s
轮次:··7/·20 || c_Loss:0.328 || e_Loss:-1.771 || Aad_Loss:-19.435 || 耗时：12.41s
轮次:··8/·20 || c_Loss:0.322 || e_Loss:-1.677 || Aad_Loss:-20.820 || 耗时：12.41s
轮次:··9/·20 || c_Loss:0.328 || e_Loss:-1.645 || Aad_Loss:-19.721 || 耗时：12.36s
轮次:·10/·20 || c_Loss:0.327 || e_Loss:-1.767 || Aad_Loss:-20.882 || 耗时：12.34s
任务: (B1)N15_M01_F10→(B2)N15_M07_F10; mix批次:····0; 批次:··940/·1880;  总正确率: 67.30%
类型1 正确率： 100.00% -> 1  100.00%, 2    0.00%, 3    0.00%
类型2 正确率：  48.00% -> 1   19.65%, 2   47.70%, 3   32.65%
类型3 正确率：  54.00% -> 1    9.60%, 2   36.20%, 3   54.20%


样本变换：reverse
样本变换：mask
样本变换：shift
样本变换：none
未过滤	未用伪标签：67.30% -> 使用伪标签：56.28%
已过滤	未用伪标签：67.27% -> 使用伪标签：56.62%
排除样本：36|6000	剩余：2623, 2016, 1325
增添样本：2623		细则：0, 1288, 1335	正确率估算：100.00%
类型1 正确率： 100.00% -> 1  100.00%, 2    0.00%, 3    0.00%
类型2 正确率：  36.00% -> 1   30.92%, 2   35.85%, 3   33.23%
类型3 正确率：  34.00% -> 1    0.46%, 2   65.93%, 3   33.62%

被排除样本 正确率：72.22%
类型1 没有样本或未被分类。
类型2 正确率： 100.00% -> 1    0.00%, 2  100.00%, 3    0.00%
类型3 正确率：  55.00% -> 1   45.45%, 2    0.00%, 3   54.55%


轮次:·11/·20 || c_Loss:0.321 || e_Loss:-1.714 || Aad_Loss:-21.280 || 耗时：32.60s
轮次:·12/·20 || c_Loss:0.348 || e_Loss:-1.684 || Aad_Loss:-20.523 || 耗时：12.32s
轮次:·13/·20 || c_Loss:0.341 || e_Loss:-1.614 || Aad_Loss:-20.005 || 耗时：12.35s
轮次:·14/·20 || c_Loss:0.322 || e_Loss:-1.788 || Aad_Loss:-22.258 || 耗时：12.37s
轮次:·15/·20 || c_Loss:0.320 || e_Loss:-1.676 || Aad_Loss:-22.661 || 耗时：12.35s
任务: (B1)N15_M01_F10→(B2)N15_M07_F10; mix批次:····0; 批次:·1410/·1880;  总正确率: 72.58%
类型1 正确率： 100.00% -> 1  100.00%, 2    0.00%, 3    0.00%
类型2 正确率：  64.00% -> 1    4.05%, 2   63.90%, 3   32.05%
类型3 正确率：  54.00% -> 1    8.10%, 2   38.05%, 3   53.85%


样本变换：reverse
样本变换：mask
样本变换：shift
样本变换：none
未过滤	未用伪标签：72.58% -> 使用伪标签：63.23%
已过滤	未用伪标签：72.46% -> 使用伪标签：63.99%
排除样本：71|6000	剩余：2207, 2395, 1327
增添样本：2206		细则：0, 874, 1332	正确率估算：100.00%
类型1 正确率： 100.00% -> 1  100.00%, 2    0.00%, 3    0.00%
类型2 正确率：  57.00% -> 1    9.16%, 2   57.30%, 3   33.54%
类型3 正确率：  34.00% -> 1    1.37%, 2   64.61%, 3   34.01%

被排除样本 正确率：83.10%
类型1 没有样本或未被分类。
类型2 正确率： 100.00% -> 1    0.00%, 2  100.00%, 3    0.00%
类型3 正确率：  67.00% -> 1   33.33%, 2    0.00%, 3   66.67%


轮次:·16/·20 || c_Loss:0.342 || e_Loss:-1.652 || Aad_Loss:-23.120 || 耗时：32.72s
轮次:·17/·20 || c_Loss:0.350 || e_Loss:-1.697 || Aad_Loss:-22.749 || 耗时：12.39s
轮次:·18/·20 || c_Loss:0.342 || e_Loss:-1.738 || Aad_Loss:-21.074 || 耗时：12.38s
轮次:·19/·20 || c_Loss:0.336 || e_Loss:-1.741 || Aad_Loss:-19.165 || 耗时：12.38s
轮次:·20/·20 || c_Loss:0.355 || e_Loss:-1.605 || Aad_Loss:-23.364 || 耗时：12.42s
任务: (B1)N15_M01_F10→(B2)N15_M07_F10; mix批次:····0; 批次:·1880/·1880;  总正确率: 75.70%
类型1 正确率： 100.00% -> 1  100.00%, 2    0.00%, 3    0.00%
类型2 正确率：  68.00% -> 1    0.05%, 2   67.65%, 3   32.30%
类型3 正确率：  59.00% -> 1    7.05%, 2   33.50%, 3   59.45%


测试集任务: (B1)N15_M01_F10→(B2)N15_M07_F10; 总正确率 = 75.70%
类型1 正确率： 100.00% -> 1  100.00%, 2    0.00%, 3    0.00%
类型2 正确率：  68.00% -> 1    0.05%, 2   67.65%, 3   32.30%
类型3 正确率：  59.00% -> 1    7.05%, 2   33.50%, 3   59.45%


