读取源域路径：/kaggle/working/hust/H3/weight_HUST_M1_final_checkpoint_FH3toH3c_s2024/NEW_PU/Source-源域/log&pt/(B2)N15_M07_F10
excel输出位置：/kaggle/working/hust/H3/weight_HUST_M1_final_checkpoint_FH3toH3c_s2024/NEW_PU/Target-目标域
特征图片输出位置：/kaggle/working/hust/H3/weight_HUST_M1_final_checkpoint_FH3toH3c_s2024/NEW_PU/Picture-特征图/2026年09月19日14时59分/(B2)N15_M07_F10
现在选取:(B2)N15_M07_F10 进行训练的源模型
现在进行：(B2)N15_M07_F10→(B3)N15_M07_F04 的迁移任务
log&pt输出位置：/kaggle/working/hust/H3/weight_HUST_M1_final_checkpoint_FH3toH3c_s2024/NEW_PU/Target-目标域/log&pt/(B2)N15_M07_F10→(B3)N15_M07_F04
任务: (B2)N15_M07_F10→(B3)N15_M07_F04; 批次:····0/·1880;  总正确率: 72.05%
类型1 正确率：  50.00% -> 1   50.05%, 2   49.95%, 3    0.00%
类型2 正确率：  66.00% -> 1    0.00%, 2   66.10%, 3   33.90%
类型3 正确率： 100.00% -> 1    0.00%, 2    0.00%, 3  100.00%


样本变换：reverse
样本变换：mask
样本变换：shift
样本变换：none
未过滤	未用伪标签：72.05% -> 使用伪标签：66.77%
已过滤	未用伪标签：72.05% -> 使用伪标签：66.84%
排除样本：7|6000	剩余：1006, 1992, 2995
增添样本：2992		细则：1989, 1003, 0	正确率估算：99.70%
类型1 正确率：  50.00% -> 1   50.35%, 2   49.65%, 3    0.00%
类型2 正确率：  50.00% -> 1    0.00%, 2   50.13%, 3   49.87%
类型3 正确率： 100.00% -> 1    0.00%, 2    0.00%, 3  100.00%

被排除样本 正确率：71.43%
类型1 正确率：   0.00% -> 1    0.00%, 2  100.00%
类型2 正确率： 100.00% -> 1    0.00%, 2  100.00%


轮次:··1/·20 || c_Loss:0.435 || e_Loss:-1.035 || Aad_Loss:-30.767 || 耗时：34.78s
轮次:··2/·20 || c_Loss:0.374 || e_Loss:-0.953 || Aad_Loss:-32.901 || 耗时：12.96s
轮次:··3/·20 || c_Loss:0.376 || e_Loss:-0.955 || Aad_Loss:-30.440 || 耗时：12.85s
轮次:··4/·20 || c_Loss:0.368 || e_Loss:-0.954 || Aad_Loss:-32.988 || 耗时：12.87s
轮次:··5/·20 || c_Loss:0.365 || e_Loss:-1.008 || Aad_Loss:-31.542 || 耗时：12.75s
任务: (B2)N15_M07_F10→(B3)N15_M07_F04; mix批次:····0; 批次:··470/·1880;  总正确率: 66.67%
类型1 正确率：  50.00% -> 1   50.00%, 2   50.00%, 3    0.00%
类型2 正确率：  50.00% -> 1    0.00%, 2   50.00%, 3   50.00%
类型3 正确率： 100.00% -> 1    0.00%, 2    0.00%, 3  100.00%


样本变换：reverse
样本变换：mask
样本变换：shift
样本变换：none
未过滤	未用伪标签：66.67% -> 使用伪标签：66.67%
已过滤	未用伪标签：66.67% -> 使用伪标签：66.67%
排除样本：1000|6000	剩余：2000, 3000
增添样本：3000		细则：2000, 1000, 0	正确率估算：100.00%
类型1 正确率：  50.00% -> 1   50.00%, 2   50.00%, 3    0.00%
类型2 正确率：  50.00% -> 1    0.00%, 2   50.00%, 3   50.00%
类型3 正确率： 100.00% -> 1    0.00%, 2    0.00%, 3  100.00%

被排除样本 正确率：nan%


轮次:··6/·20 || c_Loss:0.373 || e_Loss:-0.974 || Aad_Loss:-33.459 || 耗时：34.74s
轮次:··7/·20 || c_Loss:0.368 || e_Loss:-0.999 || Aad_Loss:-31.233 || 耗时：12.92s
轮次:··8/·20 || c_Loss:0.373 || e_Loss:-0.941 || Aad_Loss:-32.324 || 耗时：12.99s
轮次:··9/·20 || c_Loss:0.372 || e_Loss:-0.990 || Aad_Loss:-31.401 || 耗时：12.96s
轮次:·10/·20 || c_Loss:0.377 || e_Loss:-1.006 || Aad_Loss:-31.890 || 耗时：12.92s
任务: (B2)N15_M07_F10→(B3)N15_M07_F04; mix批次:····0; 批次:··940/·1880;  总正确率: 66.67%
类型1 正确率：  50.00% -> 1   50.00%, 2   50.00%, 3    0.00%
类型2 正确率：  50.00% -> 1    0.00%, 2   50.00%, 3   50.00%
类型3 正确率： 100.00% -> 1    0.00%, 2    0.00%, 3  100.00%


样本变换：reverse
样本变换：mask
样本变换：shift
样本变换：none
未过滤	未用伪标签：66.67% -> 使用伪标签：66.67%
已过滤	未用伪标签：66.67% -> 使用伪标签：66.67%
排除样本：1000|6000	剩余：2000, 3000
增添样本：3000		细则：2000, 1000, 0	正确率估算：100.00%
类型1 正确率：  50.00% -> 1   50.00%, 2   50.00%, 3    0.00%
类型2 正确率：  50.00% -> 1    0.00%, 2   50.00%, 3   50.00%
类型3 正确率： 100.00% -> 1    0.00%, 2    0.00%, 3  100.00%

被排除样本 正确率：nan%


轮次:·11/·20 || c_Loss:0.372 || e_Loss:-0.976 || Aad_Loss:-33.812 || 耗时：34.77s
轮次:·12/·20 || c_Loss:0.367 || e_Loss:-0.999 || Aad_Loss:-31.582 || 耗时：12.89s
轮次:·13/·20 || c_Loss:0.371 || e_Loss:-0.942 || Aad_Loss:-32.763 || 耗时：12.91s
轮次:·14/·20 || c_Loss:0.371 || e_Loss:-0.992 || Aad_Loss:-31.690 || 耗时：12.96s
轮次:·15/·20 || c_Loss:0.375 || e_Loss:-1.007 || Aad_Loss:-32.069 || 耗时：12.97s
任务: (B2)N15_M07_F10→(B3)N15_M07_F04; mix批次:····0; 批次:·1410/·1880;  总正确率: 66.67%
类型1 正确率：  50.00% -> 1   50.00%, 2   50.00%, 3    0.00%
类型2 正确率：  50.00% -> 1    0.00%, 2   50.00%, 3   50.00%
类型3 正确率： 100.00% -> 1    0.00%, 2    0.00%, 3  100.00%


样本变换：reverse
样本变换：mask
样本变换：shift
样本变换：none
未过滤	未用伪标签：66.67% -> 使用伪标签：66.67%
已过滤	未用伪标签：66.67% -> 使用伪标签：66.67%
排除样本：1000|6000	剩余：2000, 3000
增添样本：3000		细则：2000, 1000, 0	正确率估算：100.00%
类型1 正确率：  50.00% -> 1   50.00%, 2   50.00%, 3    0.00%
类型2 正确率：  50.00% -> 1    0.00%, 2   50.00%, 3   50.00%
类型3 正确率： 100.00% -> 1    0.00%, 2    0.00%, 3  100.00%

被排除样本 正确率：nan%


轮次:·16/·20 || c_Loss:0.371 || e_Loss:-0.976 || Aad_Loss:-33.987 || 耗时：34.88s
轮次:·17/·20 || c_Loss:0.367 || e_Loss:-1.000 || Aad_Loss:-31.778 || 耗时：12.88s
轮次:·18/·20 || c_Loss:0.370 || e_Loss:-0.942 || Aad_Loss:-33.004 || 耗时：12.89s
轮次:·19/·20 || c_Loss:0.370 || e_Loss:-0.993 || Aad_Loss:-31.853 || 耗时：12.93s
轮次:·20/·20 || c_Loss:0.374 || e_Loss:-1.007 || Aad_Loss:-32.172 || 耗时：12.97s
任务: (B2)N15_M07_F10→(B3)N15_M07_F04; mix批次:····0; 批次:·1880/·1880;  总正确率: 66.67%
类型1 正确率：  50.00% -> 1   50.00%, 2   50.00%, 3    0.00%
类型2 正确率：  50.00% -> 1    0.00%, 2   50.00%, 3   50.00%
类型3 正确率： 100.00% -> 1    0.00%, 2    0.00%, 3  100.00%


测试集任务: (B2)N15_M07_F10→(B3)N15_M07_F04; 总正确率 = 66.67%
类型1 正确率：  50.00% -> 1   50.00%, 2   50.00%, 3    0.00%
类型2 正确率：  50.00% -> 1    0.00%, 2   50.00%, 3   50.00%
类型3 正确率： 100.00% -> 1    0.00%, 2    0.00%, 3  100.00%


