读取源域路径：/kaggle/working/hust/H3/weight_HUST_M1_final_checkpoint_FH3toH3c_s2024/NEW_PU/Source-源域/log&pt/(B1)N15_M01_F10
excel输出位置：/kaggle/working/hust/H3/weight_HUST_M1_final_checkpoint_FH3toH3c_s2024/NEW_PU/Target-目标域
特征图片输出位置：/kaggle/working/hust/H3/weight_HUST_M1_final_checkpoint_FH3toH3c_s2024/NEW_PU/Picture-特征图/2026年09月19日14时41分/(B1)N15_M01_F10
现在选取:(B1)N15_M01_F10 进行训练的源模型
现在进行：(B1)N15_M01_F10→(B2)N15_M07_F10 的迁移任务
log&pt输出位置：/kaggle/working/hust/H3/weight_HUST_M1_final_checkpoint_FH3toH3c_s2024/NEW_PU/Target-目标域/log&pt/(B1)N15_M01_F10→(B2)N15_M07_F10
任务: (B1)N15_M01_F10→(B2)N15_M07_F10; 批次:····0/·1880;  总正确率: 44.97%
类型1 正确率：   0.00% -> 1    0.00%, 2   49.85%, 3   50.15%
类型2 正确率：  35.00% -> 1    0.00%, 2   34.90%, 3   65.10%
类型3 正确率： 100.00% -> 1    0.00%, 2    0.00%, 3  100.00%


样本变换：reverse
样本变换：mask
样本变换：shift
样本变换：none
未过滤	未用伪标签：44.97% -> 使用伪标签：58.12%
已过滤	未用伪标签：43.86% -> 使用伪标签：60.03%
排除样本：191|6000	剩余：1000, 1487, 3322
增添样本：4157		细则：2322, 1835, 0	正确率估算：59.31%
类型1 正确率：  50.00% -> 1   50.00%, 2   50.00%, 3    0.00%
类型2 正确率：  27.00% -> 1    0.00%, 2   26.92%, 3   73.08%
类型3 正确率： 100.00% -> 1    0.00%, 2    0.00%, 3  100.00%

被排除样本 正确率：78.53%
类型1 正确率：  79.00% -> 1   78.53%, 2   21.47%
类型2 没有样本或未被分类。


轮次:··1/·20 || c_Loss:0.474 || e_Loss:-1.504 || Aad_Loss:-26.979 || 耗时：35.99s
轮次:··2/·20 || c_Loss:0.352 || e_Loss:-1.631 || Aad_Loss:-28.875 || 耗时：13.23s
轮次:··3/·20 || c_Loss:0.360 || e_Loss:-0.799 || Aad_Loss:-29.574 || 耗时：12.92s
轮次:··4/·20 || c_Loss:0.425 || e_Loss:-0.702 || Aad_Loss:-30.224 || 耗时：12.80s
轮次:··5/·20 || c_Loss:0.368 || e_Loss:-1.598 || Aad_Loss:-28.440 || 耗时：12.70s
任务: (B1)N15_M01_F10→(B2)N15_M07_F10; mix批次:····0; 批次:··470/·1880;  总正确率: 62.25%
类型1 正确率：  50.00% -> 1   50.00%, 2   50.00%, 3    0.00%
类型2 正确率：  37.00% -> 1    0.00%, 2   36.75%, 3   63.25%
类型3 正确率： 100.00% -> 1    0.00%, 2    0.00%, 3  100.00%


样本变换：reverse
样本变换：mask
样本变换：shift
样本变换：none
未过滤	未用伪标签：62.25% -> 使用伪标签：63.63%
已过滤	未用伪标签：62.70% -> 使用伪标签：64.33%
排除样本：65|6000	剩余：1000, 1818, 3117
增添样本：3416		细则：2117, 1299, 0	正确率估算：97.87%
类型1 正确率：  50.00% -> 1   50.00%, 2   50.00%, 3    0.00%
类型2 正确率：  42.00% -> 1    0.00%, 2   42.27%, 3   57.73%
类型3 正确率： 100.00% -> 1    0.00%, 2    0.00%, 3  100.00%

被排除样本 正确率：21.54%
类型1 正确率：  22.00% -> 1   21.54%, 2   78.46%
类型2 没有样本或未被分类。


轮次:··6/·20 || c_Loss:0.345 || e_Loss:-0.957 || Aad_Loss:-30.520 || 耗时：35.05s
轮次:··7/·20 || c_Loss:0.371 || e_Loss:-0.902 || Aad_Loss:-31.964 || 耗时：13.05s
轮次:··8/·20 || c_Loss:0.344 || e_Loss:-0.939 || Aad_Loss:-31.404 || 耗时：13.02s
轮次:··9/·20 || c_Loss:0.354 || e_Loss:-0.940 || Aad_Loss:-30.884 || 耗时：12.95s
轮次:·10/·20 || c_Loss:0.361 || e_Loss:-1.806 || Aad_Loss:-30.476 || 耗时：12.87s
任务: (B1)N15_M01_F10→(B2)N15_M07_F10; mix批次:····0; 批次:··940/·1880;  总正确率: 65.13%
类型1 正确率：  50.00% -> 1   50.00%, 2   50.00%, 3    0.00%
类型2 正确率：  45.00% -> 1    0.00%, 2   45.40%, 3   54.60%
类型3 正确率： 100.00% -> 1    0.00%, 2    0.00%, 3  100.00%


样本变换：reverse
样本变换：mask
样本变换：shift
样本变换：none
未过滤	未用伪标签：65.13% -> 使用伪标签：65.23%
已过滤	未用伪标签：65.21% -> 使用伪标签：65.34%
排除样本：10|6000	剩余：1000, 1914, 3076
增添样本：3238		细则：2076, 1162, 0	正确率估算：99.86%
类型1 正确率：  50.00% -> 1   50.00%, 2   50.00%, 3    0.00%
类型2 正确率：  46.00% -> 1    0.00%, 2   45.93%, 3   54.07%
类型3 正确率： 100.00% -> 1    0.00%, 2    0.00%, 3  100.00%

被排除样本 正确率：20.00%
类型1 正确率：  20.00% -> 1   20.00%, 2   80.00%
类型2 没有样本或未被分类。


轮次:·11/·20 || c_Loss:0.368 || e_Loss:-0.925 || Aad_Loss:-33.427 || 耗时：34.83s
轮次:·12/·20 || c_Loss:0.370 || e_Loss:-1.011 || Aad_Loss:-31.532 || 耗时：12.92s
轮次:·13/·20 || c_Loss:0.375 || e_Loss:-1.001 || Aad_Loss:-31.795 || 耗时：12.94s
轮次:·14/·20 || c_Loss:0.376 || e_Loss:-0.919 || Aad_Loss:-34.499 || 耗时：12.93s
轮次:·15/·20 || c_Loss:0.374 || e_Loss:-0.969 || Aad_Loss:-32.937 || 耗时：12.85s
任务: (B1)N15_M01_F10→(B2)N15_M07_F10; mix批次:····0; 批次:·1410/·1880;  总正确率: 65.37%
类型1 正确率：  50.00% -> 1   50.00%, 2   50.00%, 3    0.00%
类型2 正确率：  46.00% -> 1    0.00%, 2   46.10%, 3   53.90%
类型3 正确率： 100.00% -> 1    0.00%, 2    0.00%, 3  100.00%


样本变换：reverse
样本变换：mask
样本变换：shift
样本变换：none
未过滤	未用伪标签：65.37% -> 使用伪标签：65.43%
已过滤	未用伪标签：65.46% -> 使用伪标签：65.53%
排除样本：9|6000	剩余：1000, 1926, 3065
增添样本：3204		细则：2065, 1139, 0	正确率估算：99.86%
类型1 正确率：  50.00% -> 1   50.00%, 2   50.00%, 3    0.00%
类型2 正确率：  47.00% -> 1    0.00%, 2   46.51%, 3   53.49%
类型3 正确率： 100.00% -> 1    0.00%, 2    0.00%, 3  100.00%

被排除样本 正确率：0.00%
类型1 正确率：   0.00% -> 1    0.00%, 2  100.00%
类型2 没有样本或未被分类。


轮次:·16/·20 || c_Loss:0.375 || e_Loss:-0.960 || Aad_Loss:-33.431 || 耗时：34.65s
轮次:·17/·20 || c_Loss:0.379 || e_Loss:-0.997 || Aad_Loss:-31.485 || 耗时：12.83s
轮次:·18/·20 || c_Loss:0.377 || e_Loss:-0.934 || Aad_Loss:-33.878 || 耗时：12.86s
轮次:·19/·20 || c_Loss:0.370 || e_Loss:-1.014 || Aad_Loss:-31.782 || 耗时：12.98s
轮次:·20/·20 || c_Loss:0.370 || e_Loss:-0.939 || Aad_Loss:-34.458 || 耗时：12.85s
任务: (B1)N15_M01_F10→(B2)N15_M07_F10; mix批次:····0; 批次:·1880/·1880;  总正确率: 65.55%
类型1 正确率：  50.00% -> 1   50.00%, 2   50.00%, 3    0.00%
类型2 正确率：  47.00% -> 1    0.00%, 2   46.65%, 3   53.35%
类型3 正确率： 100.00% -> 1    0.00%, 2    0.00%, 3  100.00%


测试集任务: (B1)N15_M01_F10→(B2)N15_M07_F10; 总正确率 = 65.55%
类型1 正确率：  50.00% -> 1   50.00%, 2   50.00%, 3    0.00%
类型2 正确率：  47.00% -> 1    0.00%, 2   46.65%, 3   53.35%
类型3 正确率： 100.00% -> 1    0.00%, 2    0.00%, 3  100.00%


