读取源域路径：/kaggle/working/hust/H3/weight_HUST_M1_final_checkpoint_FH3toH3c_s2024/NEW_PU/Source-源域/log&pt/(B2)N15_M07_F10
excel输出位置：/kaggle/working/hust/H3/weight_HUST_M1_final_checkpoint_FH3toH3c_s2024/NEW_PU/Target-目标域
特征图片输出位置：/kaggle/working/hust/H3/weight_HUST_M1_final_checkpoint_FH3toH3c_s2024/NEW_PU/Picture-特征图/2026年09月19日14时53分/(B2)N15_M07_F10
现在选取:(B2)N15_M07_F10 进行训练的源模型
现在进行：(B2)N15_M07_F10→(B1)N15_M01_F10 的迁移任务
log&pt输出位置：/kaggle/working/hust/H3/weight_HUST_M1_final_checkpoint_FH3toH3c_s2024/NEW_PU/Target-目标域/log&pt/(B2)N15_M07_F10→(B1)N15_M01_F10
任务: (B2)N15_M07_F10→(B1)N15_M01_F10; 批次:····0/·1880;  总正确率: 71.80%
类型1 正确率：  41.00% -> 1   41.25%, 2   52.50%, 3    6.25%
类型2 正确率：  75.00% -> 1    0.00%, 2   74.55%, 3   25.45%
类型3 正确率： 100.00% -> 1    0.00%, 2    0.40%, 3   99.60%


样本变换：reverse
样本变换：mask
样本变换：shift
样本变换：none
未过滤	未用伪标签：71.80% -> 使用伪标签：70.60%
已过滤	未用伪标签：71.89% -> 使用伪标签：73.79%
排除样本：259|6000	剩余：1024, 2184, 2533
增添样本：1858		细则：1509, 349, 0	正确率估算：84.78%
类型1 正确率：  52.00% -> 1   51.66%, 2   48.34%, 3    0.00%
类型2 正确率：  69.00% -> 1    0.00%, 2   69.30%, 3   30.70%
类型3 正确率： 100.00% -> 1    0.00%, 2    0.35%, 3   99.65%

被排除样本 正确率：69.88%
类型1 正确率：   0.00% -> 1    0.00%, 2  100.00%, 3    0.00%
类型2 正确率：  75.00% -> 1    0.00%, 2   75.10%, 3   24.90%
类型3 没有样本或未被分类。


轮次:··1/·20 || c_Loss:0.393 || e_Loss:-1.628 || Aad_Loss:-26.540 || 耗时：34.57s
轮次:··2/·20 || c_Loss:0.442 || e_Loss:-1.476 || Aad_Loss:-24.042 || 耗时：12.96s
轮次:··3/·20 || c_Loss:0.393 || e_Loss:-1.622 || Aad_Loss:-28.127 || 耗时：12.87s
轮次:··4/·20 || c_Loss:0.365 || e_Loss:-1.669 || Aad_Loss:-26.527 || 耗时：12.79s
轮次:··5/·20 || c_Loss:0.360 || e_Loss:-1.838 || Aad_Loss:-28.107 || 耗时：12.80s
任务: (B2)N15_M07_F10→(B1)N15_M01_F10; mix批次:····0; 批次:··470/·1880;  总正确率: 71.52%
类型1 正确率：  50.00% -> 1   50.00%, 2   50.00%, 3    0.00%
类型2 正确率：  65.00% -> 1    0.00%, 2   64.90%, 3   35.10%
类型3 正确率： 100.00% -> 1    0.00%, 2    0.35%, 3   99.65%


样本变换：reverse
样本变换：mask
样本变换：shift
样本变换：none
未过滤	未用伪标签：71.52% -> 使用伪标签：70.00%
已过滤	未用伪标签：71.98% -> 使用伪标签：71.76%
排除样本：147|6000	剩余：1000, 2214, 2639
增添样本：2064		细则：1639, 425, 0	正确率估算：99.44%
类型1 正确率：  50.00% -> 1   50.00%, 2   50.00%, 3    0.00%
类型2 正确率：  65.00% -> 1    0.00%, 2   65.14%, 3   34.86%
类型3 正确率： 100.00% -> 1    0.00%, 2    0.35%, 3   99.65%

被排除样本 正确率：53.06%
类型1 正确率：  53.00% -> 1   53.06%, 2   46.94%
类型2 没有样本或未被分类。


轮次:··6/·20 || c_Loss:0.363 || e_Loss:-1.878 || Aad_Loss:-27.847 || 耗时：34.39s
轮次:··7/·20 || c_Loss:0.360 || e_Loss:-0.865 || Aad_Loss:-29.036 || 耗时：13.01s
轮次:··8/·20 || c_Loss:0.350 || e_Loss:-0.878 || Aad_Loss:-30.074 || 耗时：13.02s
轮次:··9/·20 || c_Loss:0.346 || e_Loss:-1.788 || Aad_Loss:-28.747 || 耗时：13.00s
轮次:·10/·20 || c_Loss:0.338 || e_Loss:-1.954 || Aad_Loss:-30.405 || 耗时：12.97s
任务: (B2)N15_M07_F10→(B1)N15_M01_F10; mix批次:····0; 批次:··940/·1880;  总正确率: 69.80%
类型1 正确率：  50.00% -> 1   50.00%, 2   50.00%, 3    0.00%
类型2 正确率：  60.00% -> 1    0.10%, 2   59.75%, 3   40.15%
类型3 正确率： 100.00% -> 1    0.00%, 2    0.35%, 3   99.65%


样本变换：reverse
样本变换：mask
样本变换：shift
样本变换：none
未过滤	未用伪标签：69.80% -> 使用伪标签：68.87%
已过滤	未用伪标签：70.17% -> 使用伪标签：69.95%
排除样本：93|6000	剩余：1000, 2146, 2761
增添样本：2376		细则：1761, 615, 0	正确率估算：99.69%
类型1 正确率：  50.00% -> 1   50.00%, 2   50.00%, 3    0.00%
类型2 正确率：  60.00% -> 1    0.00%, 2   59.73%, 3   40.27%
类型3 正确率： 100.00% -> 1    0.00%, 2    0.35%, 3   99.65%

被排除样本 正确率：46.24%
类型1 没有样本或未被分类。
类型2 正确率：  46.00% -> 1    2.15%, 2   46.24%, 3   51.61%
类型3 没有样本或未被分类。


轮次:·11/·20 || c_Loss:0.337 || e_Loss:-1.747 || Aad_Loss:-29.889 || 耗时：34.50s
轮次:·12/·20 || c_Loss:0.356 || e_Loss:-0.906 || Aad_Loss:-30.248 || 耗时：12.96s
轮次:·13/·20 || c_Loss:0.355 || e_Loss:-1.622 || Aad_Loss:-34.504 || 耗时：13.03s
轮次:·14/·20 || c_Loss:0.344 || e_Loss:-1.916 || Aad_Loss:-30.150 || 耗时：12.98s
轮次:·15/·20 || c_Loss:0.366 || e_Loss:-1.983 || Aad_Loss:-30.677 || 耗时：12.93s
任务: (B2)N15_M07_F10→(B1)N15_M01_F10; mix批次:····0; 批次:·1410/·1880;  总正确率: 67.43%
类型1 正确率：  50.00% -> 1   50.00%, 2   50.00%, 3    0.00%
类型2 正确率：  53.00% -> 1    0.05%, 2   52.60%, 3   47.35%
类型3 正确率： 100.00% -> 1    0.00%, 2    0.30%, 3   99.70%


样本变换：reverse
样本变换：mask
样本变换：shift
样本变换：none
未过滤	未用伪标签：67.43% -> 使用伪标签：66.88%
已过滤	未用伪标签：67.50% -> 使用伪标签：67.22%
排除样本：30|6000	剩余：1000, 2025, 2945
增添样本：2865		细则：1945, 920, 0	正确率估算：99.79%
类型1 正确率：  50.00% -> 1   50.00%, 2   50.00%, 3    0.00%
类型2 正确率：  52.00% -> 1    0.00%, 2   51.73%, 3   48.27%
类型3 正确率： 100.00% -> 1    0.00%, 2    0.30%, 3   99.70%

被排除样本 正确率：53.33%
类型1 正确率：  53.00% -> 1   53.33%, 2   46.67%
类型2 没有样本或未被分类。


轮次:·16/·20 || c_Loss:0.356 || e_Loss:-0.915 || Aad_Loss:-32.099 || 耗时：34.88s
轮次:·17/·20 || c_Loss:0.354 || e_Loss:-0.967 || Aad_Loss:-31.468 || 耗时：12.91s
轮次:·18/·20 || c_Loss:0.358 || e_Loss:-0.908 || Aad_Loss:-33.464 || 耗时：12.93s
轮次:·19/·20 || c_Loss:0.359 || e_Loss:-0.935 || Aad_Loss:-32.337 || 耗时：12.94s
轮次:·20/·20 || c_Loss:0.354 || e_Loss:-1.178 || Aad_Loss:-33.704 || 耗时：12.98s
任务: (B2)N15_M07_F10→(B1)N15_M01_F10; mix批次:····0; 批次:·1880/·1880;  总正确率: 66.57%
类型1 正确率：  50.00% -> 1   50.00%, 2   50.00%, 3    0.00%
类型2 正确率：  50.00% -> 1    0.00%, 2   50.00%, 3   50.00%
类型3 正确率： 100.00% -> 1    0.00%, 2    0.30%, 3   99.70%


测试集任务: (B2)N15_M07_F10→(B1)N15_M01_F10; 总正确率 = 66.57%
类型1 正确率：  50.00% -> 1   50.00%, 2   50.00%, 3    0.00%
类型2 正确率：  50.00% -> 1    0.00%, 2   50.00%, 3   50.00%
类型3 正确率： 100.00% -> 1    0.00%, 2    0.30%, 3   99.70%


