读取源域路径：/kaggle/working/hust/H3/weight_HUST_M1_final_checkpoint_FH3toH3c_s2024/NEW_PU/Source-源域/log&pt/(B3)N15_M07_F04
excel输出位置：/kaggle/working/hust/H3/weight_HUST_M1_final_checkpoint_FH3toH3c_s2024/NEW_PU/Target-目标域
特征图片输出位置：/kaggle/working/hust/H3/weight_HUST_M1_final_checkpoint_FH3toH3c_s2024/NEW_PU/Picture-特征图/2026年09月19日15时11分/(B3)N15_M07_F04
现在选取:(B3)N15_M07_F04 进行训练的源模型
现在进行：(B3)N15_M07_F04→(B2)N15_M07_F10 的迁移任务
log&pt输出位置：/kaggle/working/hust/H3/weight_HUST_M1_final_checkpoint_FH3toH3c_s2024/NEW_PU/Target-目标域/log&pt/(B3)N15_M07_F04→(B2)N15_M07_F10
任务: (B3)N15_M07_F04→(B2)N15_M07_F10; 批次:····0/·1880;  总正确率: 60.10%
类型1 正确率：  12.00% -> 1   12.30%, 2   50.00%, 3   37.70%
类型2 正确率：  68.00% -> 1    0.00%, 2   68.00%, 3   32.00%
类型3 正确率： 100.00% -> 1    0.00%, 2    0.00%, 3  100.00%


样本变换：reverse
样本变换：mask
样本变换：shift
样本变换：none
未过滤	未用伪标签：60.10% -> 使用伪标签：66.40%
已过滤	未用伪标签：60.14% -> 使用伪标签：66.47%
排除样本：6|6000	剩余：1000, 1984, 3010
增添样本：3036		细则：2010, 1026, 0	正确率估算：60.86%
类型1 正确率：  50.00% -> 1   50.00%, 2   50.00%, 3    0.00%
类型2 正确率：  49.00% -> 1    0.00%, 2   49.35%, 3   50.65%
类型3 正确率： 100.00% -> 1    0.00%, 2    0.00%, 3  100.00%

被排除样本 正确率：16.67%
类型1 正确率：  17.00% -> 1   16.67%, 2   83.33%
类型2 没有样本或未被分类。


轮次:··1/·20 || c_Loss:0.461 || e_Loss:-0.973 || Aad_Loss:-31.483 || 耗时：34.86s
轮次:··2/·20 || c_Loss:0.390 || e_Loss:-0.853 || Aad_Loss:-35.130 || 耗时：13.02s
轮次:··3/·20 || c_Loss:0.374 || e_Loss:-1.025 || Aad_Loss:-30.843 || 耗时：12.91s
轮次:··4/·20 || c_Loss:0.375 || e_Loss:-0.983 || Aad_Loss:-32.141 || 耗时：12.86s
轮次:··5/·20 || c_Loss:0.369 || e_Loss:-0.964 || Aad_Loss:-32.927 || 耗时：12.75s
任务: (B3)N15_M07_F04→(B2)N15_M07_F10; mix批次:····0; 批次:··470/·1880;  总正确率: 66.67%
类型1 正确率：  50.00% -> 1   50.00%, 2   50.00%, 3    0.00%
类型2 正确率：  50.00% -> 1    0.00%, 2   50.00%, 3   50.00%
类型3 正确率： 100.00% -> 1    0.00%, 2    0.00%, 3  100.00%


样本变换：reverse
样本变换：mask
样本变换：shift
样本变换：none
未过滤	未用伪标签：66.67% -> 使用伪标签：66.67%
已过滤	未用伪标签：66.67% -> 使用伪标签：66.67%
排除样本：1000|6000	剩余：2000, 3000
增添样本：3000		细则：2000, 1000, 0	正确率估算：100.00%
类型1 正确率：  50.00% -> 1   50.00%, 2   50.00%, 3    0.00%
类型2 正确率：  50.00% -> 1    0.00%, 2   50.00%, 3   50.00%
类型3 正确率： 100.00% -> 1    0.00%, 2    0.00%, 3  100.00%

被排除样本 正确率：nan%


轮次:··6/·20 || c_Loss:0.371 || e_Loss:-0.973 || Aad_Loss:-33.380 || 耗时：34.71s
轮次:··7/·20 || c_Loss:0.369 || e_Loss:-0.996 || Aad_Loss:-31.179 || 耗时：12.99s
轮次:··8/·20 || c_Loss:0.378 || e_Loss:-0.940 || Aad_Loss:-32.142 || 耗时：12.95s
轮次:··9/·20 || c_Loss:0.373 || e_Loss:-1.001 || Aad_Loss:-31.698 || 耗时：12.90s
轮次:·10/·20 || c_Loss:0.374 || e_Loss:-1.008 || Aad_Loss:-32.037 || 耗时：12.87s
任务: (B3)N15_M07_F04→(B2)N15_M07_F10; mix批次:····0; 批次:··940/·1880;  总正确率: 66.67%
类型1 正确率：  50.00% -> 1   50.00%, 2   50.00%, 3    0.00%
类型2 正确率：  50.00% -> 1    0.00%, 2   50.00%, 3   50.00%
类型3 正确率： 100.00% -> 1    0.00%, 2    0.00%, 3  100.00%


样本变换：reverse
样本变换：mask
样本变换：shift
样本变换：none
未过滤	未用伪标签：66.67% -> 使用伪标签：66.67%
已过滤	未用伪标签：66.67% -> 使用伪标签：66.67%
排除样本：1000|6000	剩余：2000, 3000
增添样本：3000		细则：2000, 1000, 0	正确率估算：100.00%
类型1 正确率：  50.00% -> 1   50.00%, 2   50.00%, 3    0.00%
类型2 正确率：  50.00% -> 1    0.00%, 2   50.00%, 3   50.00%
类型3 正确率： 100.00% -> 1    0.00%, 2    0.00%, 3  100.00%

被排除样本 正确率：nan%


轮次:·11/·20 || c_Loss:0.372 || e_Loss:-0.978 || Aad_Loss:-33.783 || 耗时：34.67s
轮次:·12/·20 || c_Loss:0.369 || e_Loss:-0.999 || Aad_Loss:-31.572 || 耗时：12.92s
轮次:·13/·20 || c_Loss:0.376 || e_Loss:-0.942 || Aad_Loss:-32.639 || 耗时：12.94s
轮次:·14/·20 || c_Loss:0.372 || e_Loss:-1.003 || Aad_Loss:-31.945 || 耗时：12.94s
轮次:·15/·20 || c_Loss:0.373 || e_Loss:-1.009 || Aad_Loss:-32.175 || 耗时：12.95s
任务: (B3)N15_M07_F04→(B2)N15_M07_F10; mix批次:····0; 批次:·1410/·1880;  总正确率: 66.67%
类型1 正确率：  50.00% -> 1   50.00%, 2   50.00%, 3    0.00%
类型2 正确率：  50.00% -> 1    0.00%, 2   50.00%, 3   50.00%
类型3 正确率： 100.00% -> 1    0.00%, 2    0.00%, 3  100.00%


样本变换：reverse
样本变换：mask
样本变换：shift
样本变换：none
未过滤	未用伪标签：66.67% -> 使用伪标签：66.67%
已过滤	未用伪标签：66.67% -> 使用伪标签：66.67%
排除样本：1000|6000	剩余：2000, 3000
增添样本：3000		细则：2000, 1000, 0	正确率估算：100.00%
类型1 正确率：  50.00% -> 1   50.00%, 2   50.00%, 3    0.00%
类型2 正确率：  50.00% -> 1    0.00%, 2   50.00%, 3   50.00%
类型3 正确率： 100.00% -> 1    0.00%, 2    0.00%, 3  100.00%

被排除样本 正确率：nan%


轮次:·16/·20 || c_Loss:0.371 || e_Loss:-0.979 || Aad_Loss:-33.968 || 耗时：34.78s
轮次:·17/·20 || c_Loss:0.369 || e_Loss:-1.000 || Aad_Loss:-31.785 || 耗时：12.91s
轮次:·18/·20 || c_Loss:0.375 || e_Loss:-0.942 || Aad_Loss:-32.910 || 耗时：12.92s
轮次:·19/·20 || c_Loss:0.371 || e_Loss:-1.004 || Aad_Loss:-32.090 || 耗时：12.93s
轮次:·20/·20 || c_Loss:0.372 || e_Loss:-1.009 || Aad_Loss:-32.254 || 耗时：12.92s
任务: (B3)N15_M07_F04→(B2)N15_M07_F10; mix批次:····0; 批次:·1880/·1880;  总正确率: 66.67%
类型1 正确率：  50.00% -> 1   50.00%, 2   50.00%, 3    0.00%
类型2 正确率：  50.00% -> 1    0.00%, 2   50.00%, 3   50.00%
类型3 正确率： 100.00% -> 1    0.00%, 2    0.00%, 3  100.00%


测试集任务: (B3)N15_M07_F04→(B2)N15_M07_F10; 总正确率 = 66.67%
类型1 正确率：  50.00% -> 1   50.00%, 2   50.00%, 3    0.00%
类型2 正确率：  50.00% -> 1    0.00%, 2   50.00%, 3   50.00%
类型3 正确率： 100.00% -> 1    0.00%, 2    0.00%, 3  100.00%


