读取源域路径：/kaggle/working/hust/H3/weight_HUST_M1_final_checkpoint_FH3toH3c_s2024/NEW_PU/Source-源域/log&pt/(B3)N15_M07_F04
excel输出位置：/kaggle/working/hust/H3/weight_HUST_M1_final_checkpoint_FH3toH3c_s2024/NEW_PU/Target-目标域
特征图片输出位置：/kaggle/working/hust/H3/weight_HUST_M1_final_checkpoint_FH3toH3c_s2024/NEW_PU/Picture-特征图/2026年09月19日15时05分/(B3)N15_M07_F04
现在选取:(B3)N15_M07_F04 进行训练的源模型
现在进行：(B3)N15_M07_F04→(B1)N15_M01_F10 的迁移任务
log&pt输出位置：/kaggle/working/hust/H3/weight_HUST_M1_final_checkpoint_FH3toH3c_s2024/NEW_PU/Target-目标域/log&pt/(B3)N15_M07_F04→(B1)N15_M01_F10
任务: (B3)N15_M07_F04→(B1)N15_M01_F10; 批次:····0/·1880;  总正确率: 51.90%
类型1 正确率：   0.00% -> 1    0.00%, 2   50.00%, 3   50.00%
类型2 正确率：  56.00% -> 1    0.00%, 2   56.00%, 3   44.00%
类型3 正确率： 100.00% -> 1    0.00%, 2    0.30%, 3   99.70%


样本变换：reverse
样本变换：mask
样本变换：shift
样本变换：none
未过滤	未用伪标签：51.90% -> 使用伪标签：70.35%
已过滤	未用伪标签：52.59% -> 使用伪标签：71.80%
排除样本：121|6000	剩余：1000, 2233, 2646
增添样本：2059		细则：1646, 413, 0	正确率估算：26.11%
类型1 正确率：  50.00% -> 1   50.00%, 2   50.00%, 3    0.00%
类型2 正确率：  65.00% -> 1    0.00%, 2   65.30%, 3   34.70%
类型3 正确率： 100.00% -> 1    0.00%, 2    0.30%, 3   99.70%

被排除样本 正确率：18.18%
类型1 正确率：  18.00% -> 1   18.18%, 2   81.82%
类型2 没有样本或未被分类。


轮次:··1/·20 || c_Loss:0.460 || e_Loss:-1.629 || Aad_Loss:-25.539 || 耗时：34.54s
轮次:··2/·20 || c_Loss:0.387 || e_Loss:-1.544 || Aad_Loss:-27.227 || 耗时：13.02s
轮次:··3/·20 || c_Loss:0.342 || e_Loss:-0.903 || Aad_Loss:-29.624 || 耗时：12.96s
轮次:··4/·20 || c_Loss:0.447 || e_Loss:-1.220 || Aad_Loss:-24.060 || 耗时：12.93s
轮次:··5/·20 || c_Loss:0.440 || e_Loss:-1.686 || Aad_Loss:-25.011 || 耗时：12.93s
任务: (B3)N15_M07_F04→(B1)N15_M01_F10; mix批次:····0; 批次:··470/·1880;  总正确率: 71.32%
类型1 正确率：  50.00% -> 1   50.00%, 2   50.00%, 3    0.00%
类型2 正确率：  64.00% -> 1    0.00%, 2   64.25%, 3   35.75%
类型3 正确率： 100.00% -> 1    0.00%, 2    0.30%, 3   99.70%


样本变换：reverse
样本变换：mask
样本变换：shift
样本变换：none
未过滤	未用伪标签：71.32% -> 使用伪标签：71.63%
已过滤	未用伪标签：72.26% -> 使用伪标签：72.82%
排除样本：98|6000	剩余：1000, 2312, 2590
增添样本：1868		细则：1590, 278, 0	正确率估算：99.69%
类型1 正确率：  50.00% -> 1   50.00%, 2   50.00%, 3    0.00%
类型2 正确率：  69.00% -> 1    0.00%, 2   68.59%, 3   31.41%
类型3 正确率： 100.00% -> 1    0.00%, 2    0.30%, 3   99.70%

被排除样本 正确率：14.29%
类型1 正确率：  12.00% -> 1   12.50%, 2   87.50%
类型2 正确率： 100.00% -> 1    0.00%, 2  100.00%


轮次:··6/·20 || c_Loss:0.397 || e_Loss:-0.863 || Aad_Loss:-28.779 || 耗时：34.36s
轮次:··7/·20 || c_Loss:0.356 || e_Loss:-1.894 || Aad_Loss:-29.354 || 耗时：12.93s
轮次:··8/·20 || c_Loss:0.399 || e_Loss:-1.770 || Aad_Loss:-27.880 || 耗时：12.98s
轮次:··9/·20 || c_Loss:0.350 || e_Loss:-0.928 || Aad_Loss:-29.862 || 耗时：12.96s
轮次:·10/·20 || c_Loss:0.363 || e_Loss:-1.675 || Aad_Loss:-29.737 || 耗时：12.92s
任务: (B3)N15_M07_F04→(B1)N15_M01_F10; mix批次:····0; 批次:··940/·1880;  总正确率: 72.57%
类型1 正确率：  50.00% -> 1   50.00%, 2   50.00%, 3    0.00%
类型2 正确率：  68.00% -> 1    0.00%, 2   68.10%, 3   31.90%
类型3 正确率： 100.00% -> 1    0.00%, 2    0.40%, 3   99.60%


样本变换：reverse
样本变换：mask
样本变换：shift
样本变换：none
未过滤	未用伪标签：72.57% -> 使用伪标签：72.50%
已过滤	未用伪标签：73.18% -> 使用伪标签：73.33%
排除样本：68|6000	剩余：1000, 2367, 2565
增添样本：1763		细则：1565, 198, 0	正确率估算：99.67%
类型1 正确率：  50.00% -> 1   50.00%, 2   50.00%, 3    0.00%
类型2 正确率：  70.00% -> 1    0.00%, 2   70.31%, 3   29.69%
类型3 正确率： 100.00% -> 1    0.00%, 2    0.40%, 3   99.60%

被排除样本 正确率：19.12%
类型1 正确率：  18.00% -> 1   17.91%, 2   82.09%
类型2 正确率： 100.00% -> 1    0.00%, 2  100.00%


轮次:·11/·20 || c_Loss:0.355 || e_Loss:-1.926 || Aad_Loss:-31.031 || 耗时：34.34s
轮次:·12/·20 || c_Loss:0.364 || e_Loss:-1.820 || Aad_Loss:-29.850 || 耗时：12.89s
轮次:·13/·20 || c_Loss:0.372 || e_Loss:-0.831 || Aad_Loss:-33.316 || 耗时：12.88s
轮次:·14/·20 || c_Loss:0.350 || e_Loss:-1.775 || Aad_Loss:-30.039 || 耗时：12.89s
轮次:·15/·20 || c_Loss:0.359 || e_Loss:-0.891 || Aad_Loss:-31.348 || 耗时：12.91s
任务: (B3)N15_M07_F04→(B1)N15_M01_F10; mix批次:····0; 批次:·1410/·1880;  总正确率: 72.47%
类型1 正确率：  50.00% -> 1   50.00%, 2   50.00%, 3    0.00%
类型2 正确率：  68.00% -> 1    0.00%, 2   67.80%, 3   32.20%
类型3 正确率： 100.00% -> 1    0.00%, 2    0.40%, 3   99.60%


样本变换：reverse
样本变换：mask
样本变换：shift
样本变换：none
未过滤	未用伪标签：72.47% -> 使用伪标签：72.58%
已过滤	未用伪标签：72.95% -> 使用伪标签：73.21%
排除样本：51|6000	剩余：1000, 2372, 2577
增添样本：1782		细则：1577, 205, 0	正确率估算：99.59%
类型1 正确率：  50.00% -> 1   50.00%, 2   50.00%, 3    0.00%
类型2 正确率：  70.00% -> 1    0.00%, 2   69.95%, 3   30.05%
类型3 正确率： 100.00% -> 1    0.00%, 2    0.40%, 3   99.60%

被排除样本 正确率：15.69%
类型1 正确率：  14.00% -> 1   14.00%, 2   86.00%
类型2 正确率： 100.00% -> 1    0.00%, 2  100.00%


轮次:·16/·20 || c_Loss:0.347 || e_Loss:-0.952 || Aad_Loss:-31.545 || 耗时：34.40s
轮次:·17/·20 || c_Loss:0.379 || e_Loss:-1.909 || Aad_Loss:-32.235 || 耗时：12.90s
轮次:·18/·20 || c_Loss:0.380 || e_Loss:-1.721 || Aad_Loss:-29.253 || 耗时：12.95s
轮次:·19/·20 || c_Loss:0.380 || e_Loss:-0.937 || Aad_Loss:-31.385 || 耗时：12.92s
轮次:·20/·20 || c_Loss:0.366 || e_Loss:-0.930 || Aad_Loss:-31.561 || 耗时：12.90s
任务: (B3)N15_M07_F04→(B1)N15_M01_F10; mix批次:····0; 批次:·1880/·1880;  总正确率: 72.85%
类型1 正确率：  50.00% -> 1   50.00%, 2   50.00%, 3    0.00%
类型2 正确率：  69.00% -> 1    0.00%, 2   68.95%, 3   31.05%
类型3 正确率： 100.00% -> 1    0.00%, 2    0.40%, 3   99.60%


测试集任务: (B3)N15_M07_F04→(B1)N15_M01_F10; 总正确率 = 72.85%
类型1 正确率：  50.00% -> 1   50.00%, 2   50.00%, 3    0.00%
类型2 正确率：  69.00% -> 1    0.00%, 2   68.95%, 3   31.05%
类型3 正确率： 100.00% -> 1    0.00%, 2    0.40%, 3   99.60%


