读取源域路径：/kaggle/working/hust/H3/weight_HUST_M1_final_checkpoint_FH3toH3c_s2024/NEW_PU/Source-源域/log&pt/(B1)N15_M01_F10
excel输出位置：/kaggle/working/hust/H3/weight_HUST_M1_final_checkpoint_FH3toH3c_s2024/NEW_PU/Target-目标域
特征图片输出位置：/kaggle/working/hust/H3/weight_HUST_M1_final_checkpoint_FH3toH3c_s2024/NEW_PU/Picture-特征图/2026年09月19日14时47分/(B1)N15_M01_F10
现在选取:(B1)N15_M01_F10 进行训练的源模型
现在进行：(B1)N15_M01_F10→(B3)N15_M07_F04 的迁移任务
log&pt输出位置：/kaggle/working/hust/H3/weight_HUST_M1_final_checkpoint_FH3toH3c_s2024/NEW_PU/Target-目标域/log&pt/(B1)N15_M01_F10→(B3)N15_M07_F04
任务: (B1)N15_M01_F10→(B3)N15_M07_F04; 批次:····0/·1880;  总正确率: 48.02%
类型1 正确率：   0.00% -> 1    0.00%, 2   49.90%, 3   50.10%
类型2 正确率：  44.00% -> 1    0.00%, 2   44.05%, 3   55.95%
类型3 正确率： 100.00% -> 1    0.00%, 2    0.00%, 3  100.00%


样本变换：reverse
样本变换：mask
样本变换：shift
样本变换：none
未过滤	未用伪标签：48.02% -> 使用伪标签：65.03%
已过滤	未用伪标签：48.13% -> 使用伪标签：65.25%
排除样本：20|6000	剩余：1000, 1902, 3078
增添样本：3254		细则：2078, 1176, 0	正确率估算：53.08%
类型1 正确率：  50.00% -> 1   50.00%, 2   50.00%, 3    0.00%
类型2 正确率：  46.00% -> 1    0.00%, 2   45.56%, 3   54.44%
类型3 正确率： 100.00% -> 1    0.00%, 2    0.00%, 3  100.00%

被排除样本 正确率：15.00%
类型1 正确率：  15.00% -> 1   15.00%, 2   85.00%
类型2 没有样本或未被分类。


轮次:··1/·20 || c_Loss:0.492 || e_Loss:-1.051 || Aad_Loss:-30.066 || 耗时：35.02s
轮次:··2/·20 || c_Loss:0.385 || e_Loss:-0.981 || Aad_Loss:-31.515 || 耗时：13.03s
轮次:··3/·20 || c_Loss:0.400 || e_Loss:-0.944 || Aad_Loss:-31.447 || 耗时：12.91s
轮次:··4/·20 || c_Loss:0.375 || e_Loss:-0.899 || Aad_Loss:-32.010 || 耗时：12.88s
轮次:··5/·20 || c_Loss:0.376 || e_Loss:-1.471 || Aad_Loss:-31.207 || 耗时：12.83s
任务: (B1)N15_M01_F10→(B3)N15_M07_F04; mix批次:····0; 批次:··470/·1880;  总正确率: 65.92%
类型1 正确率：  50.00% -> 1   50.00%, 2   50.00%, 3    0.00%
类型2 正确率：  48.00% -> 1    0.00%, 2   47.75%, 3   52.25%
类型3 正确率： 100.00% -> 1    0.00%, 2    0.00%, 3  100.00%


样本变换：reverse
样本变换：mask
样本变换：shift
样本变换：none
未过滤	未用伪标签：65.92% -> 使用伪标签：66.02%
已过滤	未用伪标签：65.99% -> 使用伪标签：66.09%
排除样本：7|6000	剩余：1000, 1961, 3032
增添样本：3103		细则：2032, 1071, 0	正确率估算：99.86%
类型1 正确率：  50.00% -> 1   50.00%, 2   50.00%, 3    0.00%
类型2 正确率：  48.00% -> 1    0.00%, 2   48.22%, 3   51.78%
类型3 正确率： 100.00% -> 1    0.00%, 2    0.00%, 3  100.00%

被排除样本 正确率：0.00%
类型1 正确率：   0.00% -> 1    0.00%, 2  100.00%
类型2 没有样本或未被分类。


轮次:··6/·20 || c_Loss:0.371 || e_Loss:-0.955 || Aad_Loss:-32.277 || 耗时：34.76s
轮次:··7/·20 || c_Loss:0.377 || e_Loss:-1.900 || Aad_Loss:-32.156 || 耗时：12.83s
轮次:··8/·20 || c_Loss:0.371 || e_Loss:-1.007 || Aad_Loss:-30.948 || 耗时：12.83s
轮次:··9/·20 || c_Loss:0.371 || e_Loss:-1.010 || Aad_Loss:-31.598 || 耗时：12.94s
轮次:·10/·20 || c_Loss:0.370 || e_Loss:-0.963 || Aad_Loss:-33.116 || 耗时：12.82s
任务: (B1)N15_M01_F10→(B3)N15_M07_F04; mix批次:····0; 批次:··940/·1880;  总正确率: 66.23%
类型1 正确率：  50.00% -> 1   50.00%, 2   50.00%, 3    0.00%
类型2 正确率：  49.00% -> 1    0.00%, 2   48.70%, 3   51.30%
类型3 正确率： 100.00% -> 1    0.00%, 2    0.00%, 3  100.00%


样本变换：reverse
样本变换：mask
样本变换：shift
样本变换：none
未过滤	未用伪标签：66.23% -> 使用伪标签：66.28%
已过滤	未用伪标签：66.29% -> 使用伪标签：66.34%
排除样本：5|6000	剩余：1000, 1977, 3018
增添样本：3059		细则：2018, 1041, 0	正确率估算：100.00%
类型1 正确率：  50.00% -> 1   50.00%, 2   50.00%, 3    0.00%
类型2 正确率：  49.00% -> 1    0.00%, 2   48.97%, 3   51.03%
类型3 正确率： 100.00% -> 1    0.00%, 2    0.00%, 3  100.00%

被排除样本 正确率：0.00%
类型1 正确率：   0.00% -> 1    0.00%, 2  100.00%
类型2 没有样本或未被分类。


轮次:·11/·20 || c_Loss:0.372 || e_Loss:-1.004 || Aad_Loss:-32.294 || 耗时：34.75s
轮次:·12/·20 || c_Loss:0.398 || e_Loss:-0.917 || Aad_Loss:-32.885 || 耗时：12.87s
轮次:·13/·20 || c_Loss:0.375 || e_Loss:-0.950 || Aad_Loss:-33.838 || 耗时：12.90s
轮次:·14/·20 || c_Loss:0.371 || e_Loss:-0.890 || Aad_Loss:-36.411 || 耗时：12.95s
轮次:·15/·20 || c_Loss:0.372 || e_Loss:-0.954 || Aad_Loss:-34.124 || 耗时：12.90s
任务: (B1)N15_M01_F10→(B3)N15_M07_F04; mix批次:····0; 批次:·1410/·1880;  总正确率: 66.67%
类型1 正确率：  50.00% -> 1   50.00%, 2   50.00%, 3    0.00%
类型2 正确率：  50.00% -> 1    0.00%, 2   50.00%, 3   50.00%
类型3 正确率： 100.00% -> 1    0.00%, 2    0.00%, 3  100.00%


样本变换：reverse
样本变换：mask
样本变换：shift
样本变换：none
未过滤	未用伪标签：66.67% -> 使用伪标签：66.67%
已过滤	未用伪标签：66.67% -> 使用伪标签：66.67%
排除样本：1000|6000	剩余：2000, 3000
增添样本：3000		细则：2000, 1000, 0	正确率估算：100.00%
类型1 正确率：  50.00% -> 1   50.00%, 2   50.00%, 3    0.00%
类型2 正确率：  50.00% -> 1    0.00%, 2   50.00%, 3   50.00%
类型3 正确率： 100.00% -> 1    0.00%, 2    0.00%, 3  100.00%

被排除样本 正确率：nan%


轮次:·16/·20 || c_Loss:0.374 || e_Loss:-0.966 || Aad_Loss:-33.970 || 耗时：34.75s
轮次:·17/·20 || c_Loss:0.376 || e_Loss:-0.970 || Aad_Loss:-32.511 || 耗时：12.86s
轮次:·18/·20 || c_Loss:0.375 || e_Loss:-1.002 || Aad_Loss:-32.579 || 耗时：12.87s
轮次:·19/·20 || c_Loss:0.384 || e_Loss:-0.995 || Aad_Loss:-32.047 || 耗时：12.88s
轮次:·20/·20 || c_Loss:0.379 || e_Loss:-1.021 || Aad_Loss:-31.613 || 耗时：12.85s
任务: (B1)N15_M01_F10→(B3)N15_M07_F04; mix批次:····0; 批次:·1880/·1880;  总正确率: 66.67%
类型1 正确率：  50.00% -> 1   50.00%, 2   50.00%, 3    0.00%
类型2 正确率：  50.00% -> 1    0.00%, 2   50.00%, 3   50.00%
类型3 正确率： 100.00% -> 1    0.00%, 2    0.00%, 3  100.00%


测试集任务: (B1)N15_M01_F10→(B3)N15_M07_F04; 总正确率 = 66.67%
类型1 正确率：  50.00% -> 1   50.00%, 2   50.00%, 3    0.00%
类型2 正确率：  50.00% -> 1    0.00%, 2   50.00%, 3   50.00%
类型3 正确率： 100.00% -> 1    0.00%, 2    0.00%, 3  100.00%


