

现在开始拿源域训练集：(B1)N15_M01_F10 进行训练
源域读取路径：/kaggle/working/m0diag/sdalr_PU_as_released/DATA/PU_1d_8c_2048/N15_M01_F10_label.txt
excel输出位置：/kaggle/working/m0diag/weight_src_PU_s0/NEW_PU/Source-源域
log&pt输出位置：/kaggle/working/m0diag/weight_src_PU_s0/NEW_PU/Source-源域/log&pt/(B1)N15_M01_F10
特征图片输出位置：/kaggle/working/m0diag/weight_src_PU_s0/NEW_PU/Picture-特征图/2026年09月13日17时02分/(B1)N15_M01_F10
源域训练开始
轮次:··1/·10 || loss:0.097 || 耗时：22.24s
轮次:··2/·10 || loss:0.012 || 耗时：21.66s
轮次:··3/·10 || loss:0.003 || 耗时：22.58s
轮次:··4/·10 || loss:0.006 || 耗时：23.39s
轮次:··5/·10 || loss:0.001 || 耗时：24.31s
任务: (B1)N15_M01_F10; mix批次:····0; 批次:··875/·1750; 总正确率 = 100.00%
类型1 正确率： 100.00% -> 1  100.00%, 2    0.00%, 3    0.00%, 4    0.00%, 5    0.00%, 6    0.00%, 7    0.00%, 8    0.00%
类型2 正确率： 100.00% -> 1    0.00%, 2  100.00%, 3    0.00%, 4    0.00%, 5    0.00%, 6    0.00%, 7    0.00%, 8    0.00%
类型3 正确率： 100.00% -> 1    0.00%, 2    0.00%, 3  100.00%, 4    0.00%, 5    0.00%, 6    0.00%, 7    0.00%, 8    0.00%
类型4 正确率： 100.00% -> 1    0.00%, 2    0.00%, 3    0.00%, 4  100.00%, 5    0.00%, 6    0.00%, 7    0.00%, 8    0.00%
类型5 正确率： 100.00% -> 1    0.00%, 2    0.00%, 3    0.00%, 4    0.00%, 5  100.00%, 6    0.00%, 7    0.00%, 8    0.00%
类型6 正确率： 100.00% -> 1    0.00%, 2    0.00%, 3    0.00%, 4    0.00%, 5    0.00%, 6  100.00%, 7    0.00%, 8    0.00%
类型7 正确率： 100.00% -> 1    0.00%, 2    0.00%, 3    0.00%, 4    0.00%, 5    0.00%, 6    0.00%, 7  100.00%, 8    0.00%
类型8 正确率： 100.00% -> 1    0.00%, 2    0.00%, 3    0.00%, 4    0.00%, 5    0.00%, 6    0.00%, 7    0.00%, 8  100.00%


轮次:··6/·10 || loss:0.004 || 耗时：24.58s
轮次:··7/·10 || loss:0.005 || 耗时：23.93s
轮次:··8/·10 || loss:0.002 || 耗时：23.86s
轮次:··9/·10 || loss:0.006 || 耗时：24.17s
轮次:·10/·10 || loss:0.002 || 耗时：24.16s
任务: (B1)N15_M01_F10; mix批次:····0; 批次:·1750/·1750; 总正确率 = 100.00%
类型1 正确率： 100.00% -> 1  100.00%, 2    0.00%, 3    0.00%, 4    0.00%, 5    0.00%, 6    0.00%, 7    0.00%, 8    0.00%
类型2 正确率： 100.00% -> 1    0.00%, 2  100.00%, 3    0.00%, 4    0.00%, 5    0.00%, 6    0.00%, 7    0.00%, 8    0.00%
类型3 正确率： 100.00% -> 1    0.00%, 2    0.00%, 3  100.00%, 4    0.00%, 5    0.00%, 6    0.00%, 7    0.00%, 8    0.00%
类型4 正确率： 100.00% -> 1    0.00%, 2    0.00%, 3    0.00%, 4  100.00%, 5    0.00%, 6    0.00%, 7    0.00%, 8    0.00%
类型5 正确率： 100.00% -> 1    0.00%, 2    0.00%, 3    0.00%, 4    0.00%, 5  100.00%, 6    0.00%, 7    0.00%, 8    0.00%
类型6 正确率： 100.00% -> 1    0.00%, 2    0.00%, 3    0.00%, 4    0.00%, 5    0.00%, 6  100.00%, 7    0.00%, 8    0.00%
类型7 正确率： 100.00% -> 1    0.00%, 2    0.00%, 3    0.00%, 4    0.00%, 5    0.00%, 6    0.00%, 7  100.00%, 8    0.00%
类型8 正确率： 100.00% -> 1    0.00%, 2    0.00%, 3    0.00%, 4    0.00%, 5    0.00%, 6    0.00%, 7    0.00%, 8  100.00%


测试集任务: (B1)N15_M01_F10; 总正确率 = 99.97%
类型1 正确率： 100.00% -> 1  100.00%, 2    0.00%, 3    0.00%, 4    0.00%, 5    0.00%, 6    0.00%, 7    0.00%, 8    0.00%
类型2 正确率： 100.00% -> 1    0.00%, 2  100.00%, 3    0.00%, 4    0.00%, 5    0.00%, 6    0.00%, 7    0.00%, 8    0.00%
类型3 正确率： 100.00% -> 1    0.00%, 2    0.00%, 3  100.00%, 4    0.00%, 5    0.00%, 6    0.00%, 7    0.00%, 8    0.00%
类型4 正确率： 100.00% -> 1    0.00%, 2    0.00%, 3    0.00%, 4   99.75%, 5    0.00%, 6    0.00%, 7    0.25%, 8    0.00%
类型5 正确率： 100.00% -> 1    0.00%, 2    0.00%, 3    0.00%, 4    0.00%, 5  100.00%, 6    0.00%, 7    0.00%, 8    0.00%
类型6 正确率： 100.00% -> 1    0.00%, 2    0.00%, 3    0.00%, 4    0.00%, 5    0.00%, 6  100.00%, 7    0.00%, 8    0.00%
类型7 正确率： 100.00% -> 1    0.00%, 2    0.00%, 3    0.00%, 4    0.00%, 5    0.00%, 6    0.00%, 7  100.00%, 8    0.00%
类型8 正确率： 100.00% -> 1    0.00%, 2    0.00%, 3    0.00%, 4    0.00%, 5    0.00%, 6    0.00%, 7    0.00%, 8  100.00%


源域训练结束

训练好之后，测试目标域
目标域路径：/kaggle/working/m0diag/sdalr_PU_as_released/DATA/PU_1d_8c_2048/N15_M07_F10_label.txt
测试目标数据集结果如下：
任务: (B1)N15_M01_F10→(B2)N15_M07_F10, 正确率 = 99.91%
类型1 正确率： 100.00% -> 1  100.00%, 2    0.00%, 3    0.00%, 4    0.00%, 5    0.00%, 6    0.00%, 7    0.00%, 8    0.00%
类型2 正确率： 100.00% -> 1    0.00%, 2  100.00%, 3    0.00%, 4    0.00%, 5    0.00%, 6    0.00%, 7    0.00%, 8    0.00%
类型3 正确率： 100.00% -> 1    0.00%, 2    0.00%, 3   99.74%, 4    0.00%, 5    0.00%, 6    0.26%, 7    0.00%, 8    0.00%
类型4 正确率： 100.00% -> 1    0.00%, 2    0.00%, 3    0.00%, 4   99.51%, 5    0.00%, 6    0.00%, 7    0.49%, 8    0.00%
类型5 正确率： 100.00% -> 1    0.00%, 2    0.00%, 3    0.00%, 4    0.00%, 5  100.00%, 6    0.00%, 7    0.00%, 8    0.00%
类型6 正确率： 100.00% -> 1    0.00%, 2    0.00%, 3    0.00%, 4    0.00%, 5    0.00%, 6  100.00%, 7    0.00%, 8    0.00%
类型7 正确率： 100.00% -> 1    0.00%, 2    0.00%, 3    0.00%, 4    0.00%, 5    0.00%, 6    0.00%, 7  100.00%, 8    0.00%
类型8 正确率： 100.00% -> 1    0.00%, 2    0.00%, 3    0.00%, 4    0.00%, 5    0.00%, 6    0.00%, 7    0.00%, 8  100.00%

目标域路径：/kaggle/working/m0diag/sdalr_PU_as_released/DATA/PU_1d_8c_2048/N15_M07_F04_label.txt
测试目标数据集结果如下：
任务: (B1)N15_M01_F10→(B3)N15_M07_F04, 正确率 = 80.04%
类型1 正确率： 100.00% -> 1  100.00%, 2    0.00%, 3    0.00%, 4    0.00%, 5    0.00%, 6    0.00%, 7    0.00%, 8    0.00%
类型2 正确率：  93.00% -> 1    0.00%, 2   93.39%, 3    0.00%, 4    0.00%, 5    0.00%, 6    6.08%, 7    0.53%, 8    0.00%
类型3 正确率：   9.00% -> 1    0.00%, 2    0.00%, 3    8.87%, 4    0.00%, 5    0.00%, 6   91.13%, 7    0.00%, 8    0.00%
类型4 正确率：  69.00% -> 1    0.00%, 2    0.00%, 3   30.10%, 4   69.17%, 5    0.00%, 6    0.00%, 7    0.73%, 8    0.00%
类型5 正确率：  83.00% -> 1   16.54%, 2    0.52%, 3    0.00%, 4    0.00%, 5   82.68%, 6    0.26%, 7    0.00%, 8    0.00%
类型6 正确率：  99.00% -> 1    0.00%, 2    0.00%, 3    1.04%, 4    0.00%, 5    0.00%, 6   98.96%, 7    0.00%, 8    0.00%
类型7 正确率：  98.00% -> 1    0.00%, 2    0.00%, 3    1.23%, 4    0.98%, 5    0.00%, 6    0.00%, 7   97.79%, 8    0.00%
类型8 正确率：  89.00% -> 1    0.00%, 2    0.00%, 3    0.49%, 4    0.00%, 5    0.00%, 6    0.00%, 7   10.02%, 8   89.49%



现在开始拿源域训练集：(B2)N15_M07_F10 进行训练
源域读取路径：/kaggle/working/m0diag/sdalr_PU_as_released/DATA/PU_1d_8c_2048/N15_M07_F10_label.txt
excel输出位置：/kaggle/working/m0diag/weight_src_PU_s0/NEW_PU/Source-源域
log&pt输出位置：/kaggle/working/m0diag/weight_src_PU_s0/NEW_PU/Source-源域/log&pt/(B2)N15_M07_F10
特征图片输出位置：/kaggle/working/m0diag/weight_src_PU_s0/NEW_PU/Picture-特征图/2026年09月13日17时02分/(B2)N15_M07_F10
源域训练开始
轮次:··1/·10 || loss:0.044 || 耗时：24.18s
轮次:··2/·10 || loss:0.015 || 耗时：24.42s
轮次:··3/·10 || loss:0.004 || 耗时：23.99s
轮次:··4/·10 || loss:0.007 || 耗时：23.99s
轮次:··5/·10 || loss:0.005 || 耗时：24.15s
任务: (B2)N15_M07_F10; mix批次:····0; 批次:··875/·1750; 总正确率 = 100.00%
类型1 正确率： 100.00% -> 1  100.00%, 2    0.00%, 3    0.00%, 4    0.00%, 5    0.00%, 6    0.00%, 7    0.00%, 8    0.00%
类型2 正确率： 100.00% -> 1    0.00%, 2  100.00%, 3    0.00%, 4    0.00%, 5    0.00%, 6    0.00%, 7    0.00%, 8    0.00%
类型3 正确率： 100.00% -> 1    0.00%, 2    0.00%, 3  100.00%, 4    0.00%, 5    0.00%, 6    0.00%, 7    0.00%, 8    0.00%
类型4 正确率： 100.00% -> 1    0.00%, 2    0.00%, 3    0.00%, 4  100.00%, 5    0.00%, 6    0.00%, 7    0.00%, 8    0.00%
类型5 正确率： 100.00% -> 1    0.00%, 2    0.00%, 3    0.00%, 4    0.00%, 5  100.00%, 6    0.00%, 7    0.00%, 8    0.00%
类型6 正确率： 100.00% -> 1    0.00%, 2    0.00%, 3    0.00%, 4    0.00%, 5    0.00%, 6  100.00%, 7    0.00%, 8    0.00%
类型7 正确率： 100.00% -> 1    0.00%, 2    0.00%, 3    0.00%, 4    0.00%, 5    0.00%, 6    0.00%, 7  100.00%, 8    0.00%
类型8 正确率： 100.00% -> 1    0.00%, 2    0.00%, 3    0.00%, 4    0.00%, 5    0.00%, 6    0.00%, 7    0.00%, 8  100.00%


轮次:··6/·10 || loss:0.002 || 耗时：24.14s
轮次:··7/·10 || loss:0.008 || 耗时：24.04s
轮次:··8/·10 || loss:0.004 || 耗时：24.00s
轮次:··9/·10 || loss:0.002 || 耗时：24.00s
轮次:·10/·10 || loss:0.004 || 耗时：24.01s
任务: (B2)N15_M07_F10; mix批次:····0; 批次:·1750/·1750; 总正确率 = 100.00%
类型1 正确率： 100.00% -> 1  100.00%, 2    0.00%, 3    0.00%, 4    0.00%, 5    0.00%, 6    0.00%, 7    0.00%, 8    0.00%
类型2 正确率： 100.00% -> 1    0.00%, 2  100.00%, 3    0.00%, 4    0.00%, 5    0.00%, 6    0.00%, 7    0.00%, 8    0.00%
类型3 正确率： 100.00% -> 1    0.00%, 2    0.00%, 3  100.00%, 4    0.00%, 5    0.00%, 6    0.00%, 7    0.00%, 8    0.00%
类型4 正确率： 100.00% -> 1    0.00%, 2    0.00%, 3    0.00%, 4  100.00%, 5    0.00%, 6    0.00%, 7    0.00%, 8    0.00%
类型5 正确率： 100.00% -> 1    0.00%, 2    0.00%, 3    0.00%, 4    0.00%, 5  100.00%, 6    0.00%, 7    0.00%, 8    0.00%
类型6 正确率： 100.00% -> 1    0.00%, 2    0.00%, 3    0.00%, 4    0.00%, 5    0.00%, 6  100.00%, 7    0.00%, 8    0.00%
类型7 正确率： 100.00% -> 1    0.00%, 2    0.00%, 3    0.00%, 4    0.00%, 5    0.00%, 6    0.00%, 7  100.00%, 8    0.00%
类型8 正确率： 100.00% -> 1    0.00%, 2    0.00%, 3    0.00%, 4    0.00%, 5    0.00%, 6    0.00%, 7    0.00%, 8  100.00%


测试集任务: (B2)N15_M07_F10; 总正确率 = 100.00%
类型1 正确率： 100.00% -> 1  100.00%, 2    0.00%, 3    0.00%, 4    0.00%, 5    0.00%, 6    0.00%, 7    0.00%, 8    0.00%
类型2 正确率： 100.00% -> 1    0.00%, 2  100.00%, 3    0.00%, 4    0.00%, 5    0.00%, 6    0.00%, 7    0.00%, 8    0.00%
类型3 正确率： 100.00% -> 1    0.00%, 2    0.00%, 3  100.00%, 4    0.00%, 5    0.00%, 6    0.00%, 7    0.00%, 8    0.00%
类型4 正确率： 100.00% -> 1    0.00%, 2    0.00%, 3    0.00%, 4  100.00%, 5    0.00%, 6    0.00%, 7    0.00%, 8    0.00%
类型5 正确率： 100.00% -> 1    0.00%, 2    0.00%, 3    0.00%, 4    0.00%, 5  100.00%, 6    0.00%, 7    0.00%, 8    0.00%
类型6 正确率： 100.00% -> 1    0.00%, 2    0.00%, 3    0.00%, 4    0.00%, 5    0.00%, 6  100.00%, 7    0.00%, 8    0.00%
类型7 正确率： 100.00% -> 1    0.00%, 2    0.00%, 3    0.00%, 4    0.00%, 5    0.00%, 6    0.00%, 7  100.00%, 8    0.00%
类型8 正确率： 100.00% -> 1    0.00%, 2    0.00%, 3    0.00%, 4    0.00%, 5    0.00%, 6    0.00%, 7    0.00%, 8  100.00%


源域训练结束

训练好之后，测试目标域
目标域路径：/kaggle/working/m0diag/sdalr_PU_as_released/DATA/PU_1d_8c_2048/N15_M01_F10_label.txt
测试目标数据集结果如下：
任务: (B2)N15_M07_F10→(B1)N15_M01_F10, 正确率 = 100.00%
类型1 正确率： 100.00% -> 1  100.00%, 2    0.00%, 3    0.00%, 4    0.00%, 5    0.00%, 6    0.00%, 7    0.00%, 8    0.00%
类型2 正确率： 100.00% -> 1    0.00%, 2  100.00%, 3    0.00%, 4    0.00%, 5    0.00%, 6    0.00%, 7    0.00%, 8    0.00%
类型3 正确率： 100.00% -> 1    0.00%, 2    0.00%, 3  100.00%, 4    0.00%, 5    0.00%, 6    0.00%, 7    0.00%, 8    0.00%
类型4 正确率： 100.00% -> 1    0.00%, 2    0.00%, 3    0.00%, 4  100.00%, 5    0.00%, 6    0.00%, 7    0.00%, 8    0.00%
类型5 正确率： 100.00% -> 1    0.00%, 2    0.00%, 3    0.00%, 4    0.00%, 5  100.00%, 6    0.00%, 7    0.00%, 8    0.00%
类型6 正确率： 100.00% -> 1    0.00%, 2    0.00%, 3    0.00%, 4    0.00%, 5    0.00%, 6  100.00%, 7    0.00%, 8    0.00%
类型7 正确率： 100.00% -> 1    0.00%, 2    0.00%, 3    0.00%, 4    0.00%, 5    0.00%, 6    0.00%, 7  100.00%, 8    0.00%
类型8 正确率： 100.00% -> 1    0.00%, 2    0.00%, 3    0.00%, 4    0.00%, 5    0.00%, 6    0.00%, 7    0.00%, 8  100.00%

目标域路径：/kaggle/working/m0diag/sdalr_PU_as_released/DATA/PU_1d_8c_2048/N15_M07_F04_label.txt
测试目标数据集结果如下：
任务: (B2)N15_M07_F10→(B3)N15_M07_F04, 正确率 = 86.54%
类型1 正确率： 100.00% -> 1  100.00%, 2    0.00%, 3    0.00%, 4    0.00%, 5    0.00%, 6    0.00%, 7    0.00%, 8    0.00%
类型2 正确率： 100.00% -> 1    0.00%, 2   99.74%, 3    0.00%, 4    0.00%, 5    0.00%, 6    0.00%, 7    0.26%, 8    0.00%
类型3 正确率：  79.00% -> 1    0.00%, 2    0.00%, 3   78.55%, 4    0.00%, 5    0.00%, 6   12.92%, 7    0.00%, 8    8.53%
类型4 正确率：  76.00% -> 1    0.00%, 2    0.00%, 3   23.90%, 4   76.10%, 5    0.00%, 6    0.00%, 7    0.00%, 8    0.00%
类型5 正确率：  80.00% -> 1   20.05%, 2    0.25%, 3    0.00%, 4    0.00%, 5   79.70%, 6    0.00%, 7    0.00%, 8    0.00%
类型6 正确率：  83.00% -> 1    0.00%, 2    0.00%, 3   16.79%, 4    0.00%, 5    0.00%, 6   83.21%, 7    0.00%, 8    0.00%
类型7 正确率：  88.00% -> 1    0.00%, 2    0.00%, 3    6.47%, 4    5.08%, 5    0.00%, 6    0.00%, 7   88.45%, 8    0.00%
类型8 正确率：  87.00% -> 1    0.00%, 2    0.00%, 3    3.49%, 4    0.27%, 5    0.00%, 6    0.00%, 7    9.65%, 8   86.60%



现在开始拿源域训练集：(B3)N15_M07_F04 进行训练
源域读取路径：/kaggle/working/m0diag/sdalr_PU_as_released/DATA/PU_1d_8c_2048/N15_M07_F04_label.txt
excel输出位置：/kaggle/working/m0diag/weight_src_PU_s0/NEW_PU/Source-源域
log&pt输出位置：/kaggle/working/m0diag/weight_src_PU_s0/NEW_PU/Source-源域/log&pt/(B3)N15_M07_F04
特征图片输出位置：/kaggle/working/m0diag/weight_src_PU_s0/NEW_PU/Picture-特征图/2026年09月13日17时02分/(B3)N15_M07_F04
源域训练开始
轮次:··1/·10 || loss:0.099 || 耗时：24.20s
轮次:··2/·10 || loss:0.007 || 耗时：24.45s
轮次:··3/·10 || loss:0.028 || 耗时：24.00s
轮次:··4/·10 || loss:0.004 || 耗时：23.98s
轮次:··5/·10 || loss:0.004 || 耗时：24.05s
任务: (B3)N15_M07_F04; mix批次:····0; 批次:··875/·1750; 总正确率 = 99.89%
类型1 正确率： 100.00% -> 1  100.00%, 2    0.00%, 3    0.00%, 4    0.00%, 5    0.00%, 6    0.00%, 7    0.00%, 8    0.00%
类型2 正确率： 100.00% -> 1    0.00%, 2  100.00%, 3    0.00%, 4    0.00%, 5    0.00%, 6    0.00%, 7    0.00%, 8    0.00%
类型3 正确率： 100.00% -> 1    0.00%, 2    0.00%, 3  100.00%, 4    0.00%, 5    0.00%, 6    0.00%, 7    0.00%, 8    0.00%
类型4 正确率： 100.00% -> 1    0.00%, 2    0.00%, 3    0.00%, 4   99.57%, 5    0.00%, 6    0.00%, 7    0.43%, 8    0.00%
类型5 正确率： 100.00% -> 1    0.00%, 2    0.00%, 3    0.00%, 4    0.00%, 5   99.51%, 6    0.00%, 7    0.49%, 8    0.00%
类型6 正确率： 100.00% -> 1    0.00%, 2    0.00%, 3    0.00%, 4    0.00%, 5    0.00%, 6  100.00%, 7    0.00%, 8    0.00%
类型7 正确率： 100.00% -> 1    0.00%, 2    0.00%, 3    0.00%, 4    0.00%, 5    0.00%, 6    0.00%, 7  100.00%, 8    0.00%
类型8 正确率： 100.00% -> 1    0.00%, 2    0.00%, 3    0.00%, 4    0.00%, 5    0.00%, 6    0.00%, 7    0.00%, 8  100.00%


轮次:··6/·10 || loss:0.009 || 耗时：24.14s
轮次:··7/·10 || loss:0.002 || 耗时：24.15s
轮次:··8/·10 || loss:0.002 || 耗时：24.06s
轮次:··9/·10 || loss:0.003 || 耗时：24.01s
轮次:·10/·10 || loss:0.009 || 耗时：24.07s
任务: (B3)N15_M07_F04; mix批次:····0; 批次:·1750/·1750; 总正确率 = 99.89%
类型1 正确率： 100.00% -> 1  100.00%, 2    0.00%, 3    0.00%, 4    0.00%, 5    0.00%, 6    0.00%, 7    0.00%, 8    0.00%
类型2 正确率： 100.00% -> 1    0.00%, 2  100.00%, 3    0.00%, 4    0.00%, 5    0.00%, 6    0.00%, 7    0.00%, 8    0.00%
类型3 正确率： 100.00% -> 1    0.00%, 2    0.00%, 3  100.00%, 4    0.00%, 5    0.00%, 6    0.00%, 7    0.00%, 8    0.00%
类型4 正确率： 100.00% -> 1    0.00%, 2    0.00%, 3    0.00%, 4   99.57%, 5    0.00%, 6    0.00%, 7    0.43%, 8    0.00%
类型5 正确率： 100.00% -> 1    0.00%, 2    0.00%, 3    0.00%, 4    0.00%, 5   99.51%, 6    0.00%, 7    0.49%, 8    0.00%
类型6 正确率： 100.00% -> 1    0.00%, 2    0.00%, 3    0.00%, 4    0.00%, 5    0.00%, 6  100.00%, 7    0.00%, 8    0.00%
类型7 正确率： 100.00% -> 1    0.00%, 2    0.00%, 3    0.00%, 4    0.00%, 5    0.00%, 6    0.00%, 7  100.00%, 8    0.00%
类型8 正确率： 100.00% -> 1    0.00%, 2    0.00%, 3    0.00%, 4    0.00%, 5    0.00%, 6    0.00%, 7    0.00%, 8  100.00%


测试集任务: (B3)N15_M07_F04; 总正确率 = 99.94%
类型1 正确率： 100.00% -> 1  100.00%, 2    0.00%, 3    0.00%, 4    0.00%, 5    0.00%, 6    0.00%, 7    0.00%, 8    0.00%
类型2 正确率： 100.00% -> 1    0.00%, 2  100.00%, 3    0.00%, 4    0.00%, 5    0.00%, 6    0.00%, 7    0.00%, 8    0.00%
类型3 正确率： 100.00% -> 1    0.00%, 2    0.00%, 3  100.00%, 4    0.00%, 5    0.00%, 6    0.00%, 7    0.00%, 8    0.00%
类型4 正确率：  99.00% -> 1    0.00%, 2    0.00%, 3    0.00%, 4   99.49%, 5    0.00%, 6    0.00%, 7    0.51%, 8    0.00%
类型5 正确率： 100.00% -> 1    0.00%, 2    0.00%, 3    0.00%, 4    0.00%, 5  100.00%, 6    0.00%, 7    0.00%, 8    0.00%
类型6 正确率： 100.00% -> 1    0.00%, 2    0.00%, 3    0.00%, 4    0.00%, 5    0.00%, 6  100.00%, 7    0.00%, 8    0.00%
类型7 正确率： 100.00% -> 1    0.00%, 2    0.00%, 3    0.00%, 4    0.00%, 5    0.00%, 6    0.00%, 7  100.00%, 8    0.00%
类型8 正确率： 100.00% -> 1    0.00%, 2    0.00%, 3    0.00%, 4    0.00%, 5    0.00%, 6    0.00%, 7    0.00%, 8  100.00%


源域训练结束

训练好之后，测试目标域
目标域路径：/kaggle/working/m0diag/sdalr_PU_as_released/DATA/PU_1d_8c_2048/N15_M01_F10_label.txt
测试目标数据集结果如下：
任务: (B3)N15_M07_F04→(B1)N15_M01_F10, 正确率 = 75.97%
类型1 正确率：  99.00% -> 1   98.54%, 2    0.00%, 3    0.00%, 4    0.00%, 5    1.46%, 6    0.00%, 7    0.00%, 8    0.00%
类型2 正确率： 100.00% -> 1    0.00%, 2  100.00%, 3    0.00%, 4    0.00%, 5    0.00%, 6    0.00%, 7    0.00%, 8    0.00%
类型3 正确率：   8.00% -> 1    0.00%, 2    0.00%, 3    7.95%, 4   73.85%, 5    0.00%, 6    2.31%, 7    3.85%, 8   12.05%
类型4 正确率：  99.00% -> 1    0.00%, 2    0.00%, 3    0.00%, 4   99.02%, 5    0.00%, 6    0.00%, 7    0.98%, 8    0.00%
类型5 正确率： 100.00% -> 1    0.00%, 2    0.00%, 3    0.00%, 4    0.00%, 5  100.00%, 6    0.00%, 7    0.00%, 8    0.00%
类型6 正确率：  48.00% -> 1    0.00%, 2    0.00%, 3    8.50%, 4    4.85%, 5    0.00%, 6   48.06%, 7    0.73%, 8   37.86%
类型7 正确率：  54.00% -> 1    0.00%, 2    0.00%, 3    0.00%, 4    0.23%, 5    0.47%, 6    0.00%, 7   54.23%, 8   45.07%
类型8 正确率： 100.00% -> 1    0.00%, 2    0.00%, 3    0.00%, 4    0.00%, 5    0.00%, 6    0.00%, 7    0.00%, 8  100.00%

目标域路径：/kaggle/working/m0diag/sdalr_PU_as_released/DATA/PU_1d_8c_2048/N15_M07_F10_label.txt
测试目标数据集结果如下：
任务: (B3)N15_M07_F04→(B2)N15_M07_F10, 正确率 = 73.17%
类型1 正确率：  99.00% -> 1   98.77%, 2    0.00%, 3    0.00%, 4    0.00%, 5    1.23%, 6    0.00%, 7    0.00%, 8    0.00%
类型2 正确率： 100.00% -> 1    0.00%, 2  100.00%, 3    0.00%, 4    0.00%, 5    0.00%, 6    0.00%, 7    0.00%, 8    0.00%
类型3 正确率：   7.00% -> 1    0.00%, 2    0.00%, 3    7.46%, 4   60.45%, 5    0.00%, 6    1.99%, 7    3.98%, 8   26.12%
类型4 正确率：  95.00% -> 1    0.00%, 2    0.00%, 3    0.00%, 4   95.04%, 5    0.00%, 6    0.00%, 7    4.96%, 8    0.00%
类型5 正确率： 100.00% -> 1    0.00%, 2    0.00%, 3    0.00%, 4    0.00%, 5  100.00%, 6    0.00%, 7    0.00%, 8    0.00%
类型6 正确率：  36.00% -> 1    0.00%, 2    0.00%, 3    5.65%, 4    3.93%, 5    0.00%, 6   36.12%, 7    0.25%, 8   54.05%
类型7 正确率：  48.00% -> 1    0.00%, 2    0.00%, 3    0.00%, 4    0.00%, 5    0.26%, 6    0.00%, 7   47.94%, 8   51.80%
类型8 正确率： 100.00% -> 1    0.00%, 2    0.00%, 3    0.00%, 4    0.00%, 5    0.00%, 6    0.00%, 7    0.00%, 8  100.00%

