读取源域路径：/kaggle/working/k10/S00/weight_PU_M1_final_checkpoint_FS00toS00_s2024/NEW_PU/Source-源域/log&pt/(B2)N15_M07_F10
excel输出位置：/kaggle/working/k10/S00/weight_PU_M1_final_checkpoint_FS00toS00_s2024/NEW_PU/Target-目标域
特征图片输出位置：/kaggle/working/k10/S00/weight_PU_M1_final_checkpoint_FS00toS00_s2024/NEW_PU/Picture-特征图/2026年09月15日23时11分/(B2)N15_M07_F10
现在选取:(B2)N15_M07_F10 进行训练的源模型
现在进行：(B2)N15_M07_F10→(B3)N15_M07_F04 的迁移任务
log&pt输出位置：/kaggle/working/k10/S00/weight_PU_M1_final_checkpoint_FS00toS00_s2024/NEW_PU/Target-目标域/log&pt/(B2)N15_M07_F10→(B3)N15_M07_F04
任务: (B2)N15_M07_F10→(B3)N15_M07_F04; 批次:····0/·1880;  总正确率: 95.53%
类型1 正确率： 100.00% -> 1  100.00%, 2    0.00%, 3    0.00%
类型2 正确率：  98.00% -> 1    0.00%, 2   97.95%, 3    2.05%
类型3 正确率：  89.00% -> 1    3.60%, 2    7.75%, 3   88.65%


样本变换：reverse
样本变换：mask
样本变换：shift
样本变换：none
未过滤	未用伪标签：95.53% -> 使用伪标签：95.02%
已过滤	未用伪标签：96.28% -> 使用伪标签：96.46%
排除样本：90|6000	剩余：2082, 2056, 1772
增添样本：336		细则：0, 26, 310	正确率估算：98.51%
类型1 正确率： 100.00% -> 1  100.00%, 2    0.00%, 3    0.00%
类型2 正确率：  99.00% -> 1    0.00%, 2   98.74%, 3    1.26%
类型3 正确率：  90.00% -> 1    4.25%, 2    5.28%, 3   90.47%

被排除样本 正确率：46.67%
类型1 没有样本或未被分类。
类型2 正确率：  48.00% -> 1    0.00%, 2   47.62%, 3   52.38%
类型3 正确率：  46.00% -> 1    4.35%, 2   49.28%, 3   46.38%


轮次:··1/·20 || c_Loss:0.513 || e_Loss:-1.040 || Aad_Loss:-26.605 || 耗时：33.04s
轮次:··2/·20 || c_Loss:0.482 || e_Loss:-0.911 || Aad_Loss:-24.490 || 耗时：12.58s
轮次:··3/·20 || c_Loss:0.354 || e_Loss:-0.939 || Aad_Loss:-29.352 || 耗时：12.58s
轮次:··4/·20 || c_Loss:0.361 || e_Loss:-0.892 || Aad_Loss:-27.064 || 耗时：12.60s
轮次:··5/·20 || c_Loss:0.356 || e_Loss:-1.782 || Aad_Loss:-29.530 || 耗时：12.63s
任务: (B2)N15_M07_F10→(B3)N15_M07_F04; mix批次:····0; 批次:··470/·1880;  总正确率: 97.37%
类型1 正确率： 100.00% -> 1  100.00%, 2    0.00%, 3    0.00%
类型2 正确率： 100.00% -> 1    0.00%, 2   99.85%, 3    0.15%
类型3 正确率：  92.00% -> 1    4.20%, 2    3.55%, 3   92.25%


样本变换：reverse
样本变换：mask
样本变换：shift
样本变换：none
未过滤	未用伪标签：97.37% -> 使用伪标签：97.10%
已过滤	未用伪标签：97.56% -> 使用伪标签：97.47%
排除样本：23|6000	剩余：2091, 2056, 1830
增添样本：296		细则：0, 35, 261	正确率估算：100.00%
类型1 正确率： 100.00% -> 1  100.00%, 2    0.00%, 3    0.00%
类型2 正确率： 100.00% -> 1    0.00%, 2   99.90%, 3    0.10%
类型3 正确率：  92.00% -> 1    4.60%, 2    2.93%, 3   92.46%

被排除样本 正确率：47.83%
类型1 没有样本或未被分类。
类型2 没有样本或未被分类。
类型3 正确率：  48.00% -> 1    4.35%, 2   47.83%, 3   47.83%


轮次:··6/·20 || c_Loss:0.384 || e_Loss:-0.852 || Aad_Loss:-28.487 || 耗时：33.29s
轮次:··7/·20 || c_Loss:0.374 || e_Loss:-0.958 || Aad_Loss:-29.863 || 耗时：12.57s
轮次:··8/·20 || c_Loss:0.373 || e_Loss:-0.994 || Aad_Loss:-29.696 || 耗时：12.57s
轮次:··9/·20 || c_Loss:0.397 || e_Loss:-0.955 || Aad_Loss:-27.803 || 耗时：12.60s
轮次:·10/·20 || c_Loss:0.380 || e_Loss:-1.935 || Aad_Loss:-29.870 || 耗时：12.61s
任务: (B2)N15_M07_F10→(B3)N15_M07_F04; mix批次:····0; 批次:··940/·1880;  总正确率: 97.33%
类型1 正确率： 100.00% -> 1  100.00%, 2    0.00%, 3    0.00%
类型2 正确率： 100.00% -> 1    0.00%, 2   99.95%, 3    0.05%
类型3 正确率：  92.00% -> 1    4.50%, 2    3.45%, 3   92.05%


样本变换：reverse
样本变换：mask
样本变换：shift
样本变换：none
未过滤	未用伪标签：97.33% -> 使用伪标签：97.12%
已过滤	未用伪标签：97.49% -> 使用伪标签：97.46%
排除样本：21|6000	剩余：2092, 2058, 1829
增添样本：297		细则：0, 34, 263	正确率估算：100.00%
类型1 正确率： 100.00% -> 1  100.00%, 2    0.00%, 3    0.00%
类型2 正确率： 100.00% -> 1    0.00%, 2   99.95%, 3    0.05%
类型3 正确率：  92.00% -> 1    4.65%, 2    2.98%, 3   92.37%

被排除样本 正确率：52.38%
类型1 没有样本或未被分类。
类型2 没有样本或未被分类。
类型3 正确率：  52.00% -> 1    9.52%, 2   38.10%, 3   52.38%


轮次:·11/·20 || c_Loss:0.381 || e_Loss:-0.964 || Aad_Loss:-30.963 || 耗时：33.31s
轮次:·12/·20 || c_Loss:0.395 || e_Loss:-0.920 || Aad_Loss:-29.661 || 耗时：12.61s
轮次:·13/·20 || c_Loss:0.413 || e_Loss:-1.730 || Aad_Loss:-28.375 || 耗时：12.60s
轮次:·14/·20 || c_Loss:0.390 || e_Loss:-2.031 || Aad_Loss:-30.005 || 耗时：12.58s
轮次:·15/·20 || c_Loss:0.378 || e_Loss:-1.003 || Aad_Loss:-29.995 || 耗时：12.58s
任务: (B2)N15_M07_F10→(B3)N15_M07_F04; mix批次:····0; 批次:·1410/·1880;  总正确率: 97.28%
类型1 正确率： 100.00% -> 1  100.00%, 2    0.00%, 3    0.00%
类型2 正确率： 100.00% -> 1    0.00%, 2   99.95%, 3    0.05%
类型3 正确率：  92.00% -> 1    5.10%, 2    3.00%, 3   91.90%


样本变换：reverse
样本变换：mask
样本变换：shift
样本变换：none
未过滤	未用伪标签：97.28% -> 使用伪标签：97.20%
已过滤	未用伪标签：97.41% -> 使用伪标签：97.36%
排除样本：10|6000	剩余：2110, 2047, 1833
增添样本：340		细则：0, 63, 277	正确率估算：100.00%
类型1 正确率： 100.00% -> 1  100.00%, 2    0.00%, 3    0.00%
类型2 正确率： 100.00% -> 1    0.00%, 2  100.00%, 3    0.00%
类型3 正确率：  92.00% -> 1    5.52%, 2    2.41%, 3   92.06%

被排除样本 正确率：20.00%
类型1 没有样本或未被分类。
类型2 正确率：   0.00% -> 1    0.00%, 2    0.00%, 3  100.00%
类型3 正确率：  22.00% -> 1   11.11%, 2   66.67%, 3   22.22%


轮次:·16/·20 || c_Loss:0.405 || e_Loss:-0.930 || Aad_Loss:-31.021 || 耗时：33.34s
轮次:·17/·20 || c_Loss:0.387 || e_Loss:-0.976 || Aad_Loss:-29.805 || 耗时：12.55s
轮次:·18/·20 || c_Loss:0.405 || e_Loss:-0.960 || Aad_Loss:-30.619 || 耗时：12.52s
轮次:·19/·20 || c_Loss:0.389 || e_Loss:-1.798 || Aad_Loss:-30.143 || 耗时：12.52s
轮次:·20/·20 || c_Loss:0.396 || e_Loss:-1.564 || Aad_Loss:-31.131 || 耗时：12.52s
任务: (B2)N15_M07_F10→(B3)N15_M07_F04; mix批次:····0; 批次:·1880/·1880;  总正确率: 97.20%
类型1 正确率： 100.00% -> 1  100.00%, 2    0.00%, 3    0.00%
类型2 正确率： 100.00% -> 1    0.00%, 2  100.00%, 3    0.00%
类型3 正确率：  92.00% -> 1    5.30%, 2    3.10%, 3   91.60%


测试集任务: (B2)N15_M07_F10→(B3)N15_M07_F04; 总正确率 = 97.20%
类型1 正确率： 100.00% -> 1  100.00%, 2    0.00%, 3    0.00%
类型2 正确率： 100.00% -> 1    0.00%, 2  100.00%, 3    0.00%
类型3 正确率：  92.00% -> 1    5.30%, 2    3.10%, 3   91.60%


