读取源域路径：/kaggle/working/k10/S00/weight_PU_M1_final_checkpoint_FS00toS00_s2024/NEW_PU/Source-源域/log&pt/(B1)N15_M01_F10
excel输出位置：/kaggle/working/k10/S00/weight_PU_M1_final_checkpoint_FS00toS00_s2024/NEW_PU/Target-目标域
特征图片输出位置：/kaggle/working/k10/S00/weight_PU_M1_final_checkpoint_FS00toS00_s2024/NEW_PU/Picture-特征图/2026年09月15日22时59分/(B1)N15_M01_F10
现在选取:(B1)N15_M01_F10 进行训练的源模型
现在进行：(B1)N15_M01_F10→(B3)N15_M07_F04 的迁移任务
log&pt输出位置：/kaggle/working/k10/S00/weight_PU_M1_final_checkpoint_FS00toS00_s2024/NEW_PU/Target-目标域/log&pt/(B1)N15_M01_F10→(B3)N15_M07_F04
任务: (B1)N15_M01_F10→(B3)N15_M07_F04; 批次:····0/·1880;  总正确率: 92.05%
类型1 正确率： 100.00% -> 1  100.00%, 2    0.00%, 3    0.00%
类型2 正确率：  96.00% -> 1    0.05%, 2   96.50%, 3    3.45%
类型3 正确率：  80.00% -> 1    5.05%, 2   15.30%, 3   79.65%


样本变换：reverse
样本变换：mask
样本变换：shift
样本变换：none
未过滤	未用伪标签：92.05% -> 使用伪标签：91.37%
已过滤	未用伪标签：93.70% -> 使用伪标签：94.68%
排除样本：210|6000	剩余：2099, 2098, 1593
增添样本：507		细则：0, 1, 506	正确率估算：95.46%
类型1 正确率： 100.00% -> 1  100.00%, 2    0.00%, 3    0.00%
类型2 正确率：  98.00% -> 1    0.00%, 2   98.36%, 3    1.64%
类型3 正确率：  85.00% -> 1    5.39%, 2    9.64%, 3   84.98%

被排除样本 正确率：46.67%
类型1 没有样本或未被分类。
类型2 正确率：  49.00% -> 1    0.00%, 2   48.94%, 3   51.06%
类型3 正确率：  46.00% -> 1    4.29%, 2   49.69%, 3   46.01%


轮次:··1/·20 || c_Loss:0.566 || e_Loss:-1.683 || Aad_Loss:-22.042 || 耗时：33.00s
轮次:··2/·20 || c_Loss:0.422 || e_Loss:-0.901 || Aad_Loss:-25.930 || 耗时：12.52s
轮次:··3/·20 || c_Loss:0.401 || e_Loss:-0.779 || Aad_Loss:-27.129 || 耗时：12.51s
轮次:··4/·20 || c_Loss:0.343 || e_Loss:-1.534 || Aad_Loss:-28.952 || 耗时：12.55s
轮次:··5/·20 || c_Loss:0.363 || e_Loss:-1.397 || Aad_Loss:-26.815 || 耗时：12.56s
任务: (B1)N15_M01_F10→(B3)N15_M07_F04; mix批次:····0; 批次:··470/·1880;  总正确率: 96.12%
类型1 正确率： 100.00% -> 1  100.00%, 2    0.00%, 3    0.00%
类型2 正确率： 100.00% -> 1    0.00%, 2   99.80%, 3    0.20%
类型3 正确率：  89.00% -> 1    4.95%, 2    6.50%, 3   88.55%


样本变换：reverse
样本变换：mask
样本变换：shift
样本变换：none
未过滤	未用伪标签：96.12% -> 使用伪标签：96.53%
已过滤	未用伪标签：96.65% -> 使用伪标签：97.15%
排除样本：38|6000	剩余：2106, 2057, 1799
增添样本：356		细则：0, 49, 307	正确率估算：98.60%
类型1 正确率： 100.00% -> 1  100.00%, 2    0.00%, 3    0.00%
类型2 正确率： 100.00% -> 1    0.00%, 2   99.85%, 3    0.15%
类型3 正确率：  91.00% -> 1    5.40%, 2    3.11%, 3   91.49%

被排除样本 正确率：13.16%
类型1 没有样本或未被分类。
类型2 正确率：   0.00% -> 1    0.00%, 2    0.00%, 3  100.00%
类型3 正确率：  14.00% -> 1    2.70%, 2   83.78%, 3   13.51%


轮次:··6/·20 || c_Loss:0.378 || e_Loss:-0.867 || Aad_Loss:-26.727 || 耗时：33.07s
轮次:··7/·20 || c_Loss:0.359 || e_Loss:-1.710 || Aad_Loss:-28.916 || 耗时：12.49s
轮次:··8/·20 || c_Loss:0.367 || e_Loss:-1.936 || Aad_Loss:-29.817 || 耗时：12.47s
轮次:··9/·20 || c_Loss:0.371 || e_Loss:-0.964 || Aad_Loss:-29.143 || 耗时：12.46s
轮次:·10/·20 || c_Loss:0.370 || e_Loss:-0.983 || Aad_Loss:-29.680 || 耗时：12.51s
任务: (B1)N15_M01_F10→(B3)N15_M07_F04; mix批次:····0; 批次:··940/·1880;  总正确率: 97.33%
类型1 正确率： 100.00% -> 1  100.00%, 2    0.00%, 3    0.00%
类型2 正确率： 100.00% -> 1    0.00%, 2   99.80%, 3    0.20%
类型3 正确率：  92.00% -> 1    4.70%, 2    3.10%, 3   92.20%


样本变换：reverse
样本变换：mask
样本变换：shift
样本变换：none
未过滤	未用伪标签：97.33% -> 使用伪标签：97.05%
已过滤	未用伪标签：97.57% -> 使用伪标签：97.49%
排除样本：27|6000	剩余：2106, 2039, 1828
增添样本：345		细则：0, 67, 278	正确率估算：100.00%
类型1 正确率： 100.00% -> 1  100.00%, 2    0.00%, 3    0.00%
类型2 正确率： 100.00% -> 1    0.00%, 2   99.95%, 3    0.05%
类型3 正确率：  92.00% -> 1    5.36%, 2    2.18%, 3   92.46%

被排除样本 正确率：44.44%
类型1 没有样本或未被分类。
类型2 正确率：  33.00% -> 1    0.00%, 2   33.33%, 3   66.67%
类型3 正确率：  46.00% -> 1    4.17%, 2   50.00%, 3   45.83%


轮次:·11/·20 || c_Loss:0.383 || e_Loss:-1.932 || Aad_Loss:-28.119 || 耗时：33.12s
轮次:·12/·20 || c_Loss:0.429 || e_Loss:-0.919 || Aad_Loss:-27.235 || 耗时：12.45s
轮次:·13/·20 || c_Loss:0.385 || e_Loss:-0.955 || Aad_Loss:-30.578 || 耗时：12.45s
轮次:·14/·20 || c_Loss:0.398 || e_Loss:-0.935 || Aad_Loss:-29.346 || 耗时：12.46s
轮次:·15/·20 || c_Loss:0.378 || e_Loss:-2.065 || Aad_Loss:-28.675 || 耗时：12.47s
任务: (B1)N15_M01_F10→(B3)N15_M07_F04; mix批次:····0; 批次:·1410/·1880;  总正确率: 97.30%
类型1 正确率： 100.00% -> 1  100.00%, 2    0.00%, 3    0.00%
类型2 正确率： 100.00% -> 1    0.00%, 2   99.80%, 3    0.20%
类型3 正确率：  92.00% -> 1    5.45%, 2    2.45%, 3   92.10%


样本变换：reverse
样本变换：mask
样本变换：shift
样本变换：none
未过滤	未用伪标签：97.30% -> 使用伪标签：97.08%
已过滤	未用伪标签：97.44% -> 使用伪标签：97.42%
排除样本：21|6000	剩余：2120, 2030, 1829
增添样本：381		细则：0, 90, 291	正确率估算：99.74%
类型1 正确率： 100.00% -> 1  100.00%, 2    0.00%, 3    0.00%
类型2 正确率： 100.00% -> 1    0.00%, 2   99.95%, 3    0.05%
类型3 正确率：  92.00% -> 1    6.06%, 2    1.67%, 3   92.28%

被排除样本 正确率：57.14%
类型1 正确率：  50.00% -> 1   50.00%, 2   50.00%
类型2 正确率：  58.00% -> 1   42.11%, 2   57.89%


轮次:·16/·20 || c_Loss:0.377 || e_Loss:-0.983 || Aad_Loss:-30.440 || 耗时：33.14s
轮次:·17/·20 || c_Loss:0.393 || e_Loss:-1.695 || Aad_Loss:-29.040 || 耗时：12.53s
轮次:·18/·20 || c_Loss:0.380 || e_Loss:-0.935 || Aad_Loss:-32.953 || 耗时：12.54s
轮次:·19/·20 || c_Loss:0.390 || e_Loss:-0.936 || Aad_Loss:-29.945 || 耗时：12.54s
轮次:·20/·20 || c_Loss:0.375 || e_Loss:-1.001 || Aad_Loss:-30.437 || 耗时：12.53s
任务: (B1)N15_M01_F10→(B3)N15_M07_F04; mix批次:····0; 批次:·1880/·1880;  总正确率: 97.32%
类型1 正确率： 100.00% -> 1  100.00%, 2    0.00%, 3    0.00%
类型2 正确率： 100.00% -> 1    0.00%, 2   99.90%, 3    0.10%
类型3 正确率：  92.00% -> 1    5.95%, 2    2.00%, 3   92.05%


测试集任务: (B1)N15_M01_F10→(B3)N15_M07_F04; 总正确率 = 97.32%
类型1 正确率： 100.00% -> 1  100.00%, 2    0.00%, 3    0.00%
类型2 正确率： 100.00% -> 1    0.00%, 2   99.90%, 3    0.10%
类型3 正确率：  92.00% -> 1    5.95%, 2    2.00%, 3   92.05%


