读取源域路径：/kaggle/working/k10/S00/weight_PU_M1_final_checkpoint_FS00toS00_s2024/NEW_PU/Source-源域/log&pt/(B3)N15_M07_F04
excel输出位置：/kaggle/working/k10/S00/weight_PU_M1_final_checkpoint_FS00toS00_s2024/NEW_PU/Target-目标域
特征图片输出位置：/kaggle/working/k10/S00/weight_PU_M1_final_checkpoint_FS00toS00_s2024/NEW_PU/Picture-特征图/2026年09月15日23时17分/(B3)N15_M07_F04
现在选取:(B3)N15_M07_F04 进行训练的源模型
现在进行：(B3)N15_M07_F04→(B1)N15_M01_F10 的迁移任务
log&pt输出位置：/kaggle/working/k10/S00/weight_PU_M1_final_checkpoint_FS00toS00_s2024/NEW_PU/Target-目标域/log&pt/(B3)N15_M07_F04→(B1)N15_M01_F10
任务: (B3)N15_M07_F04→(B1)N15_M01_F10; 批次:····0/·1880;  总正确率: 78.10%
类型1 正确率： 100.00% -> 1   99.95%, 2    0.00%, 3    0.05%
类型2 正确率：  68.00% -> 1    0.00%, 2   68.35%, 3   31.65%
类型3 正确率：  66.00% -> 1    0.00%, 2   34.00%, 3   66.00%


样本变换：reverse
样本变换：mask
样本变换：shift
样本变换：none
未过滤	未用伪标签：78.10% -> 使用伪标签：78.15%
已过滤	未用伪标签：78.41% -> 使用伪标签：78.61%
排除样本：35|6000	剩余：2000, 2049, 1916
增添样本：182		细则：49, 0, 133	正确率估算：100.00%
类型1 正确率： 100.00% -> 1  100.00%, 2    0.00%, 3    0.00%
类型2 正确率：  70.00% -> 1    0.00%, 2   69.67%, 3   30.33%
类型3 正确率：  66.00% -> 1    0.00%, 2   34.00%, 3   66.00%

被排除样本 正确率：25.71%
类型1 正确率：  26.00% -> 1   25.71%, 2   74.29%
类型2 没有样本或未被分类。


轮次:··1/·20 || c_Loss:0.605 || e_Loss:-1.248 || Aad_Loss:-27.180 || 耗时：32.84s
轮次:··2/·20 || c_Loss:0.383 || e_Loss:-1.302 || Aad_Loss:-30.440 || 耗时：12.52s
轮次:··3/·20 || c_Loss:0.352 || e_Loss:-1.366 || Aad_Loss:-30.395 || 耗时：12.58s
轮次:··4/·20 || c_Loss:0.356 || e_Loss:-0.890 || Aad_Loss:-32.657 || 耗时：12.58s
轮次:··5/·20 || c_Loss:0.378 || e_Loss:-1.580 || Aad_Loss:-30.385 || 耗时：12.57s
任务: (B3)N15_M07_F04→(B1)N15_M01_F10; mix批次:····0; 批次:··470/·1880;  总正确率: 77.33%
类型1 正确率： 100.00% -> 1  100.00%, 2    0.00%, 3    0.00%
类型2 正确率：  66.00% -> 1    0.00%, 2   66.00%, 3   34.00%
类型3 正确率：  66.00% -> 1    0.00%, 2   34.00%, 3   66.00%


样本变换：reverse
样本变换：mask
样本变换：shift
样本变换：none
未过滤	未用伪标签：77.33% -> 使用伪标签：77.33%
已过滤	未用伪标签：77.33% -> 使用伪标签：77.33%
排除样本：2000|6000	剩余：2000, 2000
增添样本：0		细则：0, 0, 0类型1 正确率： 100.00% -> 1  100.00%, 2    0.00%, 3    0.00%
类型2 正确率：  66.00% -> 1    0.00%, 2   66.00%, 3   34.00%
类型3 正确率：  66.00% -> 1    0.00%, 2   34.00%, 3   66.00%

被排除样本 正确率：nan%


轮次:··6/·20 || c_Loss:0.365 || e_Loss:-0.970 || Aad_Loss:-23.189 || 耗时：33.15s
轮次:··7/·20 || c_Loss:0.370 || e_Loss:-0.974 || Aad_Loss:-23.882 || 耗时：12.61s
轮次:··8/·20 || c_Loss:0.373 || e_Loss:-1.018 || Aad_Loss:-22.941 || 耗时：12.59s
轮次:··9/·20 || c_Loss:0.374 || e_Loss:-0.987 || Aad_Loss:-23.443 || 耗时：12.62s
轮次:·10/·20 || c_Loss:0.380 || e_Loss:-0.974 || Aad_Loss:-23.198 || 耗时：12.61s
任务: (B3)N15_M07_F04→(B1)N15_M01_F10; mix批次:····0; 批次:··940/·1880;  总正确率: 77.33%
类型1 正确率： 100.00% -> 1  100.00%, 2    0.00%, 3    0.00%
类型2 正确率：  66.00% -> 1    0.00%, 2   66.00%, 3   34.00%
类型3 正确率：  66.00% -> 1    0.00%, 2   34.00%, 3   66.00%


样本变换：reverse
样本变换：mask
样本变换：shift
样本变换：none
未过滤	未用伪标签：77.33% -> 使用伪标签：77.33%
已过滤	未用伪标签：77.33% -> 使用伪标签：77.33%
排除样本：2000|6000	剩余：2000, 2000
增添样本：0		细则：0, 0, 0类型1 正确率： 100.00% -> 1  100.00%, 2    0.00%, 3    0.00%
类型2 正确率：  66.00% -> 1    0.00%, 2   66.00%, 3   34.00%
类型3 正确率：  66.00% -> 1    0.00%, 2   34.00%, 3   66.00%

被排除样本 正确率：nan%


轮次:·11/·20 || c_Loss:0.374 || e_Loss:-0.988 || Aad_Loss:-23.466 || 耗时：33.01s
轮次:·12/·20 || c_Loss:0.374 || e_Loss:-0.976 || Aad_Loss:-24.082 || 耗时：12.58s
轮次:·13/·20 || c_Loss:0.374 || e_Loss:-1.021 || Aad_Loss:-23.155 || 耗时：12.56s
轮次:·14/·20 || c_Loss:0.375 || e_Loss:-0.990 || Aad_Loss:-23.660 || 耗时：12.59s
轮次:·15/·20 || c_Loss:0.380 || e_Loss:-0.974 || Aad_Loss:-23.423 || 耗时：12.60s
任务: (B3)N15_M07_F04→(B1)N15_M01_F10; mix批次:····0; 批次:·1410/·1880;  总正确率: 77.33%
类型1 正确率： 100.00% -> 1  100.00%, 2    0.00%, 3    0.00%
类型2 正确率：  66.00% -> 1    0.00%, 2   66.00%, 3   34.00%
类型3 正确率：  66.00% -> 1    0.00%, 2   34.00%, 3   66.00%


样本变换：reverse
样本变换：mask
样本变换：shift
样本变换：none
未过滤	未用伪标签：77.33% -> 使用伪标签：77.33%
已过滤	未用伪标签：77.33% -> 使用伪标签：77.33%
排除样本：2000|6000	剩余：2000, 2000
增添样本：0		细则：0, 0, 0类型1 正确率： 100.00% -> 1  100.00%, 2    0.00%, 3    0.00%
类型2 正确率：  66.00% -> 1    0.00%, 2   66.00%, 3   34.00%
类型3 正确率：  66.00% -> 1    0.00%, 2   34.00%, 3   66.00%

被排除样本 正确率：nan%


轮次:·16/·20 || c_Loss:0.374 || e_Loss:-0.989 || Aad_Loss:-23.616 || 耗时：32.88s
轮次:·17/·20 || c_Loss:0.374 || e_Loss:-0.977 || Aad_Loss:-24.188 || 耗时：12.56s
轮次:·18/·20 || c_Loss:0.374 || e_Loss:-1.022 || Aad_Loss:-23.274 || 耗时：12.56s
轮次:·19/·20 || c_Loss:0.374 || e_Loss:-0.990 || Aad_Loss:-23.786 || 耗时：12.55s
轮次:·20/·20 || c_Loss:0.380 || e_Loss:-0.974 || Aad_Loss:-23.559 || 耗时：12.58s
任务: (B3)N15_M07_F04→(B1)N15_M01_F10; mix批次:····0; 批次:·1880/·1880;  总正确率: 77.33%
类型1 正确率： 100.00% -> 1  100.00%, 2    0.00%, 3    0.00%
类型2 正确率：  66.00% -> 1    0.00%, 2   66.00%, 3   34.00%
类型3 正确率：  66.00% -> 1    0.00%, 2   34.00%, 3   66.00%


测试集任务: (B3)N15_M07_F04→(B1)N15_M01_F10; 总正确率 = 77.33%
类型1 正确率： 100.00% -> 1  100.00%, 2    0.00%, 3    0.00%
类型2 正确率：  66.00% -> 1    0.00%, 2   66.00%, 3   34.00%
类型3 正确率：  66.00% -> 1    0.00%, 2   34.00%, 3   66.00%


