读取源域路径：/kaggle/working/k10/S00/weight_PU_M1_final_checkpoint_FS00toS00_s2024/NEW_PU/Source-源域/log&pt/(B2)N15_M07_F10
excel输出位置：/kaggle/working/k10/S00/weight_PU_M1_final_checkpoint_FS00toS00_s2024/NEW_PU/Target-目标域
特征图片输出位置：/kaggle/working/k10/S00/weight_PU_M1_final_checkpoint_FS00toS00_s2024/NEW_PU/Picture-特征图/2026年09月15日23时05分/(B2)N15_M07_F10
现在选取:(B2)N15_M07_F10 进行训练的源模型
现在进行：(B2)N15_M07_F10→(B1)N15_M01_F10 的迁移任务
log&pt输出位置：/kaggle/working/k10/S00/weight_PU_M1_final_checkpoint_FS00toS00_s2024/NEW_PU/Target-目标域/log&pt/(B2)N15_M07_F10→(B1)N15_M01_F10
任务: (B2)N15_M07_F10→(B1)N15_M01_F10; 批次:····0/·1880;  总正确率: 89.28%
类型1 正确率： 100.00% -> 1  100.00%, 2    0.00%, 3    0.00%
类型2 正确率：  68.00% -> 1    0.00%, 2   67.85%, 3   32.15%
类型3 正确率： 100.00% -> 1    0.00%, 2    0.00%, 3  100.00%


样本变换：reverse
样本变换：mask
样本变换：shift
样本变换：none
未过滤	未用伪标签：89.28% -> 使用伪标签：91.23%
已过滤	未用伪标签：90.29% -> 使用伪标签：92.45%
排除样本：79|6000	剩余：2000, 1474, 2447
增添样本：1420		细则：447, 973, 0	正确率估算：94.01%
类型1 正确率： 100.00% -> 1  100.00%, 2    0.00%, 3    0.00%
类型2 正确率：  77.00% -> 1    0.00%, 2   76.73%, 3   23.27%
类型3 正确率： 100.00% -> 1    0.00%, 2    0.00%, 3  100.00%

被排除样本 正确率：13.92%
类型1 正确率：  14.00% -> 1   13.92%, 2   86.08%
类型2 没有样本或未被分类。


轮次:··1/·20 || c_Loss:0.525 || e_Loss:-1.689 || Aad_Loss:-26.540 || 耗时：33.29s
轮次:··2/·20 || c_Loss:0.413 || e_Loss:-0.937 || Aad_Loss:-26.075 || 耗时：12.49s
轮次:··3/·20 || c_Loss:0.375 || e_Loss:-1.938 || Aad_Loss:-26.964 || 耗时：12.49s
轮次:··4/·20 || c_Loss:0.376 || e_Loss:-0.947 || Aad_Loss:-27.827 || 耗时：12.50s
轮次:··5/·20 || c_Loss:0.418 || e_Loss:-1.585 || Aad_Loss:-28.026 || 耗时：12.48s
任务: (B2)N15_M07_F10→(B1)N15_M01_F10; mix批次:····0; 批次:··470/·1880;  总正确率: 91.05%
类型1 正确率： 100.00% -> 1  100.00%, 2    0.00%, 3    0.00%
类型2 正确率：  73.00% -> 1    0.00%, 2   73.15%, 3   26.85%
类型3 正确率： 100.00% -> 1    0.00%, 2    0.00%, 3  100.00%


样本变换：reverse
样本变换：mask
样本变换：shift
样本变换：none
未过滤	未用伪标签：91.05% -> 使用伪标签：90.20%
已过滤	未用伪标签：91.11% -> 使用伪标签：90.74%
排除样本：36|6000	剩余：2000, 1414, 2550
增添样本：1686		细则：550, 1136, 0	正确率估算：99.88%
类型1 正确率： 100.00% -> 1  100.00%, 2    0.00%, 3    0.00%
类型2 正确率：  72.00% -> 1    0.00%, 2   71.92%, 3   28.08%
类型3 正确率： 100.00% -> 1    0.00%, 2    0.00%, 3  100.00%

被排除样本 正确率：80.56%
类型1 正确率：  79.00% -> 1   79.41%, 2   20.59%
类型2 正确率： 100.00% -> 1    0.00%, 2  100.00%


轮次:··6/·20 || c_Loss:0.370 || e_Loss:-1.613 || Aad_Loss:-28.701 || 耗时：33.85s
轮次:··7/·20 || c_Loss:0.382 || e_Loss:-1.163 || Aad_Loss:-30.790 || 耗时：12.44s
轮次:··8/·20 || c_Loss:0.383 || e_Loss:-0.935 || Aad_Loss:-29.206 || 耗时：12.43s
轮次:··9/·20 || c_Loss:0.372 || e_Loss:-0.970 || Aad_Loss:-30.128 || 耗时：12.47s
轮次:·10/·20 || c_Loss:0.405 || e_Loss:-0.900 || Aad_Loss:-30.534 || 耗时：12.58s
任务: (B2)N15_M07_F10→(B1)N15_M01_F10; mix批次:····0; 批次:··940/·1880;  总正确率: 89.68%
类型1 正确率： 100.00% -> 1  100.00%, 2    0.00%, 3    0.00%
类型2 正确率：  69.00% -> 1    0.00%, 2   69.05%, 3   30.95%
类型3 正确率： 100.00% -> 1    0.00%, 2    0.00%, 3  100.00%


样本变换：reverse
样本变换：mask
样本变换：shift
样本变换：none
未过滤	未用伪标签：89.68% -> 使用伪标签：88.98%
已过滤	未用伪标签：89.69% -> 使用伪标签：89.37%
排除样本：26|6000	剩余：2000, 1340, 2634
增添样本：1928		细则：634, 1294, 0	正确率估算：99.90%
类型1 正确率： 100.00% -> 1  100.00%, 2    0.00%, 3    0.00%
类型2 正确率：  68.00% -> 1    0.00%, 2   67.85%, 3   32.15%
类型3 正确率： 100.00% -> 1    0.00%, 2    0.00%, 3  100.00%

被排除样本 正确率：88.46%
类型1 正确率：  88.00% -> 1   88.00%, 2   12.00%
类型2 正确率： 100.00% -> 1    0.00%, 2  100.00%


轮次:·11/·20 || c_Loss:0.373 || e_Loss:-1.339 || Aad_Loss:-31.194 || 耗时：34.13s
轮次:·12/·20 || c_Loss:0.375 || e_Loss:-0.979 || Aad_Loss:-30.505 || 耗时：12.57s
轮次:·13/·20 || c_Loss:0.371 || e_Loss:-0.990 || Aad_Loss:-30.035 || 耗时：12.60s
轮次:·14/·20 || c_Loss:0.375 || e_Loss:-1.796 || Aad_Loss:-29.931 || 耗时：12.58s
轮次:·15/·20 || c_Loss:0.391 || e_Loss:-0.952 || Aad_Loss:-31.273 || 耗时：12.61s
任务: (B2)N15_M07_F10→(B1)N15_M01_F10; mix批次:····0; 批次:·1410/·1880;  总正确率: 88.67%
类型1 正确率： 100.00% -> 1  100.00%, 2    0.00%, 3    0.00%
类型2 正确率：  66.00% -> 1    0.00%, 2   66.00%, 3   34.00%
类型3 正确率： 100.00% -> 1    0.00%, 2    0.00%, 3  100.00%


样本变换：reverse
样本变换：mask
样本变换：shift
样本变换：none
未过滤	未用伪标签：88.67% -> 使用伪标签：88.67%
已过滤	未用伪标签：88.67% -> 使用伪标签：88.67%
排除样本：2000|6000	剩余：1320, 2680
增添样本：2040		细则：680, 1360, 0	正确率估算：100.00%
类型1 正确率： 100.00% -> 1  100.00%, 2    0.00%, 3    0.00%
类型2 正确率：  66.00% -> 1    0.00%, 2   66.00%, 3   34.00%
类型3 正确率： 100.00% -> 1    0.00%, 2    0.00%, 3  100.00%

被排除样本 正确率：nan%


轮次:·16/·20 || c_Loss:0.377 || e_Loss:-1.003 || Aad_Loss:-30.462 || 耗时：34.07s
轮次:·17/·20 || c_Loss:0.377 || e_Loss:-1.009 || Aad_Loss:-31.938 || 耗时：12.58s
轮次:·18/·20 || c_Loss:0.381 || e_Loss:-0.953 || Aad_Loss:-33.110 || 耗时：12.60s
轮次:·19/·20 || c_Loss:0.387 || e_Loss:-0.920 || Aad_Loss:-32.762 || 耗时：12.61s
轮次:·20/·20 || c_Loss:0.382 || e_Loss:-1.020 || Aad_Loss:-30.537 || 耗时：12.61s
任务: (B2)N15_M07_F10→(B1)N15_M01_F10; mix批次:····0; 批次:·1880/·1880;  总正确率: 88.67%
类型1 正确率： 100.00% -> 1  100.00%, 2    0.00%, 3    0.00%
类型2 正确率：  66.00% -> 1    0.00%, 2   66.00%, 3   34.00%
类型3 正确率： 100.00% -> 1    0.00%, 2    0.00%, 3  100.00%


测试集任务: (B2)N15_M07_F10→(B1)N15_M01_F10; 总正确率 = 88.67%
类型1 正确率： 100.00% -> 1  100.00%, 2    0.00%, 3    0.00%
类型2 正确率：  66.00% -> 1    0.00%, 2   66.00%, 3   34.00%
类型3 正确率： 100.00% -> 1    0.00%, 2    0.00%, 3  100.00%


