读取源域路径：/kaggle/working/k10/S00/weight_PU_M1_final_checkpoint_FS00toS00_s2024/NEW_PU/Source-源域/log&pt/(B1)N15_M01_F10
excel输出位置：/kaggle/working/k10/S00/weight_PU_M1_final_checkpoint_FS00toS00_s2024/NEW_PU/Target-目标域
特征图片输出位置：/kaggle/working/k10/S00/weight_PU_M1_final_checkpoint_FS00toS00_s2024/NEW_PU/Picture-特征图/2026年09月15日22时53分/(B1)N15_M01_F10
现在选取:(B1)N15_M01_F10 进行训练的源模型
现在进行：(B1)N15_M01_F10→(B2)N15_M07_F10 的迁移任务
log&pt输出位置：/kaggle/working/k10/S00/weight_PU_M1_final_checkpoint_FS00toS00_s2024/NEW_PU/Target-目标域/log&pt/(B1)N15_M01_F10→(B2)N15_M07_F10
任务: (B1)N15_M01_F10→(B2)N15_M07_F10; 批次:····0/·1880;  总正确率: 99.32%
类型1 正确率： 100.00% -> 1  100.00%, 2    0.00%, 3    0.00%
类型2 正确率： 100.00% -> 1    0.20%, 2   99.70%, 3    0.10%
类型3 正确率：  98.00% -> 1    0.00%, 2    1.75%, 3   98.25%


样本变换：reverse
样本变换：mask
样本变换：shift
样本变换：none
未过滤	未用伪标签：99.32% -> 使用伪标签：98.65%
已过滤	未用伪标签：99.53% -> 使用伪标签：99.50%
排除样本：51|6000	剩余：2003, 2021, 1925
增添样本：114		细则：18, 0, 96	正确率估算：100.00%
类型1 正确率： 100.00% -> 1  100.00%, 2    0.00%, 3    0.00%
类型2 正确率： 100.00% -> 1    0.15%, 2   99.80%, 3    0.05%
类型3 正确率：  99.00% -> 1    0.00%, 2    1.33%, 3   98.67%

被排除样本 正确率：74.51%
类型1 正确率：   0.00% -> 1    0.00%, 2  100.00%
类型2 正确率：  76.00% -> 1   24.00%, 2   76.00%


轮次:··1/·20 || c_Loss:0.538 || e_Loss:-1.770 || Aad_Loss:-26.648 || 耗时：33.04s
轮次:··2/·20 || c_Loss:0.404 || e_Loss:-1.568 || Aad_Loss:-28.003 || 耗时：12.34s
轮次:··3/·20 || c_Loss:0.384 || e_Loss:-0.903 || Aad_Loss:-29.841 || 耗时：12.38s
轮次:··4/·20 || c_Loss:0.360 || e_Loss:-0.964 || Aad_Loss:-29.478 || 耗时：12.40s
轮次:··5/·20 || c_Loss:0.364 || e_Loss:-0.919 || Aad_Loss:-29.378 || 耗时：12.41s
任务: (B1)N15_M01_F10→(B2)N15_M07_F10; mix批次:····0; 批次:··470/·1880;  总正确率: 99.65%
类型1 正确率： 100.00% -> 1  100.00%, 2    0.00%, 3    0.00%
类型2 正确率： 100.00% -> 1    0.00%, 2  100.00%, 3    0.00%
类型3 正确率：  99.00% -> 1    0.00%, 2    1.05%, 3   98.95%


样本变换：reverse
样本变换：mask
样本变换：shift
样本变换：none
未过滤	未用伪标签：99.65% -> 使用伪标签：99.73%
已过滤	未用伪标签：99.72% -> 使用伪标签：99.88%
排除样本：9|6000	剩余：2001, 2004, 1986
增添样本：21		细则：3, 0, 18	正确率估算：100.00%
类型1 正确率： 100.00% -> 1  100.00%, 2    0.00%, 3    0.00%
类型2 正确率： 100.00% -> 1    0.05%, 2   99.95%, 3    0.00%
类型3 正确率： 100.00% -> 1    0.00%, 2    0.30%, 3   99.70%

被排除样本 正确率：55.56%
类型1 正确率： 100.00% -> 1  100.00%, 2    0.00%
类型2 正确率：  50.00% -> 1   50.00%, 2   50.00%


轮次:··6/·20 || c_Loss:0.369 || e_Loss:-0.992 || Aad_Loss:-29.783 || 耗时：32.74s
轮次:··7/·20 || c_Loss:0.374 || e_Loss:-0.978 || Aad_Loss:-30.536 || 耗时：12.47s
轮次:··8/·20 || c_Loss:0.381 || e_Loss:-0.983 || Aad_Loss:-29.877 || 耗时：12.42s
轮次:··9/·20 || c_Loss:0.378 || e_Loss:-0.974 || Aad_Loss:-30.947 || 耗时：12.43s
轮次:·10/·20 || c_Loss:0.401 || e_Loss:-0.898 || Aad_Loss:-30.564 || 耗时：12.41s
任务: (B1)N15_M01_F10→(B2)N15_M07_F10; mix批次:····0; 批次:··940/·1880;  总正确率: 99.92%
类型1 正确率： 100.00% -> 1  100.00%, 2    0.00%, 3    0.00%
类型2 正确率： 100.00% -> 1    0.00%, 2  100.00%, 3    0.00%
类型3 正确率： 100.00% -> 1    0.00%, 2    0.25%, 3   99.75%


样本变换：reverse
样本变换：mask
样本变换：shift
样本变换：none
未过滤	未用伪标签：99.92% -> 使用伪标签：99.88%
已过滤	未用伪标签：99.97% -> 使用伪标签：99.98%
排除样本：6|6000	剩余：2000, 2000, 1994
增添样本：6		细则：0, 0, 6	正确率估算：100.00%
类型1 正确率： 100.00% -> 1  100.00%, 2    0.00%, 3    0.00%
类型2 正确率： 100.00% -> 1    0.00%, 2  100.00%, 3    0.00%
类型3 正确率： 100.00% -> 1    0.00%, 2    0.05%, 3   99.95%

被排除样本 正确率：50.00%
类型1 正确率： 100.00% -> 1  100.00%, 2    0.00%
类型2 正确率：  40.00% -> 1   60.00%, 2   40.00%


轮次:·11/·20 || c_Loss:0.377 || e_Loss:-1.701 || Aad_Loss:-25.452 || 耗时：33.01s
轮次:·12/·20 || c_Loss:0.384 || e_Loss:-0.937 || Aad_Loss:-26.168 || 耗时：12.52s
轮次:·13/·20 || c_Loss:0.381 || e_Loss:-0.978 || Aad_Loss:-25.149 || 耗时：12.54s
轮次:·14/·20 || c_Loss:0.411 || e_Loss:-0.929 || Aad_Loss:-26.445 || 耗时：12.56s
轮次:·15/·20 || c_Loss:0.385 || e_Loss:-0.935 || Aad_Loss:-27.087 || 耗时：12.57s
任务: (B1)N15_M01_F10→(B2)N15_M07_F10; mix批次:····0; 批次:·1410/·1880;  总正确率: 99.98%
类型1 正确率： 100.00% -> 1  100.00%, 2    0.00%, 3    0.00%
类型2 正确率： 100.00% -> 1    0.00%, 2  100.00%, 3    0.00%
类型3 正确率： 100.00% -> 1    0.00%, 2    0.05%, 3   99.95%


样本变换：reverse
样本变换：mask
样本变换：shift
样本变换：none
未过滤	未用伪标签：99.98% -> 使用伪标签：99.97%
已过滤	未用伪标签：100.00% -> 使用伪标签：100.00%
排除样本：2|6000	剩余：2000, 1999, 1999
增添样本：2		细则：0, 1, 1	正确率估算：100.00%
类型1 正确率： 100.00% -> 1  100.00%, 2    0.00%, 3    0.00%
类型2 正确率： 100.00% -> 1    0.00%, 2  100.00%, 3    0.00%
类型3 正确率： 100.00% -> 1    0.00%, 2    0.00%, 3  100.00%

被排除样本 正确率：50.00%
类型1 正确率： 100.00% -> 1  100.00%, 2    0.00%
类型2 正确率：   0.00% -> 1  100.00%, 2    0.00%


轮次:·16/·20 || c_Loss:0.391 || e_Loss:-0.956 || Aad_Loss:-24.113 || 耗时：32.88s
轮次:·17/·20 || c_Loss:0.382 || e_Loss:-1.001 || Aad_Loss:-23.967 || 耗时：12.53s
轮次:·18/·20 || c_Loss:0.379 || e_Loss:-1.000 || Aad_Loss:-23.635 || 耗时：12.54s
轮次:·19/·20 || c_Loss:0.378 || e_Loss:-1.011 || Aad_Loss:-24.116 || 耗时：12.53s
轮次:·20/·20 || c_Loss:0.382 || e_Loss:-1.001 || Aad_Loss:-24.480 || 耗时：12.57s
任务: (B1)N15_M01_F10→(B2)N15_M07_F10; mix批次:····0; 批次:·1880/·1880;  总正确率: 99.98%
类型1 正确率： 100.00% -> 1  100.00%, 2    0.00%, 3    0.00%
类型2 正确率： 100.00% -> 1    0.00%, 2  100.00%, 3    0.00%
类型3 正确率： 100.00% -> 1    0.00%, 2    0.05%, 3   99.95%


测试集任务: (B1)N15_M01_F10→(B2)N15_M07_F10; 总正确率 = 99.98%
类型1 正确率： 100.00% -> 1  100.00%, 2    0.00%, 3    0.00%
类型2 正确率： 100.00% -> 1    0.00%, 2  100.00%, 3    0.00%
类型3 正确率： 100.00% -> 1    0.00%, 2    0.05%, 3   99.95%


