读取源域路径：/kaggle/working/k10/S00/weight_PU_M1_final_checkpoint_FS00toS00_s2024/NEW_PU/Source-源域/log&pt/(B3)N15_M07_F04
excel输出位置：/kaggle/working/k10/S00/weight_PU_M1_final_checkpoint_FS00toS00_s2024/NEW_PU/Target-目标域
特征图片输出位置：/kaggle/working/k10/S00/weight_PU_M1_final_checkpoint_FS00toS00_s2024/NEW_PU/Picture-特征图/2026年09月15日23时22分/(B3)N15_M07_F04
现在选取:(B3)N15_M07_F04 进行训练的源模型
现在进行：(B3)N15_M07_F04→(B2)N15_M07_F10 的迁移任务
log&pt输出位置：/kaggle/working/k10/S00/weight_PU_M1_final_checkpoint_FS00toS00_s2024/NEW_PU/Target-目标域/log&pt/(B3)N15_M07_F04→(B2)N15_M07_F10
任务: (B3)N15_M07_F04→(B2)N15_M07_F10; 批次:····0/·1880;  总正确率: 87.48%
类型1 正确率： 100.00% -> 1   99.75%, 2    0.00%, 3    0.25%
类型2 正确率：  97.00% -> 1    0.05%, 2   96.70%, 3    3.25%
类型3 正确率：  66.00% -> 1    0.05%, 2   33.95%, 3   66.00%


样本变换：reverse
样本变换：mask
样本变换：shift
样本变换：none
未过滤	未用伪标签：87.48% -> 使用伪标签：88.32%
已过滤	未用伪标签：87.56% -> 使用伪标签：88.48%
排除样本：11|6000	剩余：1997, 2663, 1329
增添样本：2000		细则：666, 0, 1334	正确率估算：100.00%
类型1 正确率： 100.00% -> 1   99.95%, 2    0.00%, 3    0.05%
类型2 正确率： 100.00% -> 1    0.00%, 2   99.55%, 3    0.45%
类型3 正确率：  66.00% -> 1    0.00%, 2   34.02%, 3   65.98%

被排除样本 正确率：45.45%
类型1 正确率：  50.00% -> 1   50.00%, 2    0.00%, 3   50.00%
类型2 正确率：  38.00% -> 1   12.50%, 2   37.50%, 3   50.00%
类型3 正确率： 100.00% -> 1    0.00%, 2    0.00%, 3  100.00%


轮次:··1/·20 || c_Loss:0.559 || e_Loss:-1.064 || Aad_Loss:-28.593 || 耗时：33.66s
轮次:··2/·20 || c_Loss:0.444 || e_Loss:-1.039 || Aad_Loss:-29.270 || 耗时：12.51s
轮次:··3/·20 || c_Loss:0.411 || e_Loss:-0.990 || Aad_Loss:-30.459 || 耗时：12.54s
轮次:··4/·20 || c_Loss:0.396 || e_Loss:-0.953 || Aad_Loss:-29.900 || 耗时：12.55s
轮次:··5/·20 || c_Loss:0.385 || e_Loss:-0.996 || Aad_Loss:-30.468 || 耗时：12.58s
任务: (B3)N15_M07_F04→(B2)N15_M07_F10; mix批次:····0; 批次:··470/·1880;  总正确率: 88.55%
类型1 正确率： 100.00% -> 1  100.00%, 2    0.00%, 3    0.00%
类型2 正确率： 100.00% -> 1    0.00%, 2   99.65%, 3    0.35%
类型3 正确率：  66.00% -> 1    0.00%, 2   34.00%, 3   66.00%


样本变换：reverse
样本变换：mask
样本变换：shift
样本变换：none
未过滤	未用伪标签：88.55% -> 使用伪标签：88.57%
已过滤	未用伪标签：88.61% -> 使用伪标签：88.63%
排除样本：4|6000	剩余：2001, 2674, 1321
增添样本：2026		细则：673, 0, 1353	正确率估算：100.00%
类型1 正确率： 100.00% -> 1  100.00%, 2    0.00%, 3    0.00%
类型2 正确率： 100.00% -> 1    0.05%, 2   99.90%, 3    0.05%
类型3 正确率：  66.00% -> 1    0.00%, 2   34.00%, 3   66.00%

被排除样本 正确率：0.00%
类型1 正确率：   0.00% -> 1    0.00%, 2  100.00%
类型2 没有样本或未被分类。


轮次:··6/·20 || c_Loss:0.382 || e_Loss:-1.006 || Aad_Loss:-31.013 || 耗时：33.94s
轮次:··7/·20 || c_Loss:0.383 || e_Loss:-1.010 || Aad_Loss:-30.249 || 耗时：12.57s
轮次:··8/·20 || c_Loss:0.406 || e_Loss:-0.969 || Aad_Loss:-30.636 || 耗时：12.57s
轮次:··9/·20 || c_Loss:0.390 || e_Loss:-0.917 || Aad_Loss:-32.179 || 耗时：12.54s
轮次:·10/·20 || c_Loss:0.389 || e_Loss:-0.995 || Aad_Loss:-30.598 || 耗时：12.60s
任务: (B3)N15_M07_F04→(B2)N15_M07_F10; mix批次:····0; 批次:··940/·1880;  总正确率: 88.52%
类型1 正确率： 100.00% -> 1  100.00%, 2    0.00%, 3    0.00%
类型2 正确率： 100.00% -> 1    0.05%, 2   99.55%, 3    0.40%
类型3 正确率：  66.00% -> 1    0.00%, 2   34.00%, 3   66.00%


样本变换：reverse
样本变换：mask
样本变换：shift
样本变换：none
未过滤	未用伪标签：88.52% -> 使用伪标签：88.53%
已过滤	未用伪标签：88.57% -> 使用伪标签：88.61%
排除样本：5|6000	剩余：2001, 2672, 1322
增添样本：2021		细则：671, 0, 1350	正确率估算：100.00%
类型1 正确率： 100.00% -> 1  100.00%, 2    0.00%, 3    0.00%
类型2 正确率： 100.00% -> 1    0.05%, 2   99.85%, 3    0.10%
类型3 正确率：  66.00% -> 1    0.00%, 2   34.00%, 3   66.00%

被排除样本 正确率：20.00%
类型1 正确率：  20.00% -> 1   20.00%, 2   80.00%
类型2 没有样本或未被分类。


轮次:·11/·20 || c_Loss:0.384 || e_Loss:-0.958 || Aad_Loss:-31.610 || 耗时：33.77s
轮次:·12/·20 || c_Loss:0.385 || e_Loss:-1.003 || Aad_Loss:-30.747 || 耗时：12.59s
轮次:·13/·20 || c_Loss:0.390 || e_Loss:-0.955 || Aad_Loss:-31.710 || 耗时：12.57s
轮次:·14/·20 || c_Loss:0.381 || e_Loss:-0.995 || Aad_Loss:-31.114 || 耗时：12.56s
轮次:·15/·20 || c_Loss:0.394 || e_Loss:-0.910 || Aad_Loss:-31.513 || 耗时：12.58s
任务: (B3)N15_M07_F04→(B2)N15_M07_F10; mix批次:····0; 批次:·1410/·1880;  总正确率: 88.62%
类型1 正确率： 100.00% -> 1  100.00%, 2    0.00%, 3    0.00%
类型2 正确率： 100.00% -> 1    0.00%, 2   99.85%, 3    0.15%
类型3 正确率：  66.00% -> 1    0.00%, 2   34.00%, 3   66.00%


样本变换：reverse
样本变换：mask
样本变换：shift
样本变换：none
未过滤	未用伪标签：88.62% -> 使用伪标签：88.60%
已过滤	未用伪标签：88.64% -> 使用伪标签：88.64%
排除样本：3|6000	剩余：2001, 2676, 1320
增添样本：2031		细则：675, 0, 1356	正确率估算：100.00%
类型1 正确率： 100.00% -> 1  100.00%, 2    0.00%, 3    0.00%
类型2 正确率： 100.00% -> 1    0.05%, 2   99.95%, 3    0.00%
类型3 正确率：  66.00% -> 1    0.00%, 2   34.00%, 3   66.00%

被排除样本 正确率：33.33%
类型1 正确率：  33.00% -> 1   33.33%, 2   66.67%
类型2 没有样本或未被分类。


轮次:·16/·20 || c_Loss:0.381 || e_Loss:-1.005 || Aad_Loss:-31.397 || 耗时：33.74s
轮次:·17/·20 || c_Loss:0.384 || e_Loss:-1.017 || Aad_Loss:-31.203 || 耗时：12.54s
轮次:·18/·20 || c_Loss:0.384 || e_Loss:-0.985 || Aad_Loss:-32.218 || 耗时：12.55s
轮次:·19/·20 || c_Loss:0.390 || e_Loss:-0.967 || Aad_Loss:-31.227 || 耗时：12.56s
轮次:·20/·20 || c_Loss:0.381 || e_Loss:-1.010 || Aad_Loss:-31.441 || 耗时：12.58s
任务: (B3)N15_M07_F04→(B2)N15_M07_F10; mix批次:····0; 批次:·1880/·1880;  总正确率: 88.65%
类型1 正确率： 100.00% -> 1  100.00%, 2    0.00%, 3    0.00%
类型2 正确率： 100.00% -> 1    0.00%, 2   99.95%, 3    0.05%
类型3 正确率：  66.00% -> 1    0.00%, 2   34.00%, 3   66.00%


测试集任务: (B3)N15_M07_F04→(B2)N15_M07_F10; 总正确率 = 88.65%
类型1 正确率： 100.00% -> 1  100.00%, 2    0.00%, 3    0.00%
类型2 正确率： 100.00% -> 1    0.00%, 2   99.95%, 3    0.05%
类型3 正确率：  66.00% -> 1    0.00%, 2   34.00%, 3   66.00%


