

现在开始拿源域训练集：(B1)N15_M01_F10 进行训练
源域读取路径：/kaggle/working/k10/S00/sdalr_PU_final_checkpoint/DATA_foldS00/PU_M1_L3/N15_M01_F10_label.txt
excel输出位置：/kaggle/working/k10/S00/weight_src_PU_M1_FS00_s2024/NEW_PU/Source-源域
log&pt输出位置：/kaggle/working/k10/S00/weight_src_PU_M1_FS00_s2024/NEW_PU/Source-源域/log&pt/(B1)N15_M01_F10
特征图片输出位置：/kaggle/working/k10/S00/weight_src_PU_M1_FS00_s2024/NEW_PU/Picture-特征图/2026年09月15日22时49分/(B1)N15_M01_F10
源域训练开始
轮次:··1/·10 || loss:0.156 || 耗时：8.65s
轮次:··2/·10 || loss:0.024 || 耗时：7.53s
轮次:··3/·10 || loss:0.019 || 耗时：7.58s
轮次:··4/·10 || loss:0.015 || 耗时：7.65s
轮次:··5/·10 || loss:0.017 || 耗时：7.69s
任务: (B1)N15_M01_F10; mix批次:····0; 批次:··330/··660; 总正确率 = 99.11%
类型1 正确率： 100.00% -> 1  100.00%, 2    0.00%, 3    0.00%
类型2 正确率：  97.00% -> 1    0.00%, 2   97.34%, 3    2.66%
类型3 正确率： 100.00% -> 1    0.00%, 2    0.00%, 3  100.00%


轮次:··6/·10 || loss:0.012 || 耗时：7.75s
轮次:··7/·10 || loss:0.026 || 耗时：7.79s
轮次:··8/·10 || loss:0.004 || 耗时：7.85s
轮次:··9/·10 || loss:0.001 || 耗时：7.89s
轮次:·10/·10 || loss:0.001 || 耗时：7.92s
任务: (B1)N15_M01_F10; mix批次:····0; 批次:··660/··660; 总正确率 = 98.40%
类型1 正确率： 100.00% -> 1  100.00%, 2    0.00%, 3    0.00%
类型2 正确率：  95.00% -> 1    0.00%, 2   95.21%, 3    4.79%
类型3 正确率： 100.00% -> 1    0.00%, 2    0.00%, 3  100.00%


测试集任务: (B1)N15_M01_F10; 总正确率 = 98.64%
类型1 正确率： 100.00% -> 1  100.00%, 2    0.00%, 3    0.00%
类型2 正确率：  97.00% -> 1    0.00%, 2   96.88%, 3    3.12%
类型3 正确率：  99.00% -> 1    0.00%, 2    0.96%, 3   99.04%


源域训练结束

训练好之后，测试目标域
目标域路径：/kaggle/working/k10/S00/sdalr_PU_final_checkpoint/DATA_foldS00/PU_M1_L3/N15_M07_F10_label.txt
测试目标数据集结果如下：
任务: (B1)N15_M01_F10→(B2)N15_M07_F10, 正确率 = 99.10%
类型1 正确率： 100.00% -> 1  100.00%, 2    0.00%, 3    0.00%
类型2 正确率：  99.00% -> 1    0.26%, 2   99.49%, 3    0.26%
类型3 正确率：  98.00% -> 1    0.00%, 2    2.18%, 3   97.82%

目标域路径：/kaggle/working/k10/S00/sdalr_PU_final_checkpoint/DATA_foldS00/PU_M1_L3/N15_M07_F04_label.txt
测试目标数据集结果如下：
任务: (B1)N15_M01_F10→(B3)N15_M07_F04, 正确率 = 92.93%
类型1 正确率： 100.00% -> 1  100.00%, 2    0.00%, 3    0.00%
类型2 正确率：  97.00% -> 1    0.00%, 2   96.80%, 3    3.20%
类型3 正确率：  82.00% -> 1    3.92%, 2   14.10%, 3   81.98%



现在开始拿源域训练集：(B2)N15_M07_F10 进行训练
源域读取路径：/kaggle/working/k10/S00/sdalr_PU_final_checkpoint/DATA_foldS00/PU_M1_L3/N15_M07_F10_label.txt
excel输出位置：/kaggle/working/k10/S00/weight_src_PU_M1_FS00_s2024/NEW_PU/Source-源域
log&pt输出位置：/kaggle/working/k10/S00/weight_src_PU_M1_FS00_s2024/NEW_PU/Source-源域/log&pt/(B2)N15_M07_F10
特征图片输出位置：/kaggle/working/k10/S00/weight_src_PU_M1_FS00_s2024/NEW_PU/Picture-特征图/2026年09月15日22时49分/(B2)N15_M07_F10
源域训练开始
轮次:··1/·10 || loss:0.027 || 耗时：8.04s
轮次:··2/·10 || loss:0.012 || 耗时：7.95s
轮次:··3/·10 || loss:0.033 || 耗时：7.96s
轮次:··4/·10 || loss:0.001 || 耗时：8.01s
轮次:··5/·10 || loss:0.008 || 耗时：8.06s
任务: (B2)N15_M07_F10; mix批次:····0; 批次:··330/··660; 总正确率 = 98.87%
类型1 正确率： 100.00% -> 1  100.00%, 2    0.00%, 3    0.00%
类型2 正确率： 100.00% -> 1    0.00%, 2  100.00%, 3    0.00%
类型3 正确率：  97.00% -> 1    0.00%, 2    3.40%, 3   96.60%


轮次:··6/·10 || loss:0.002 || 耗时：8.04s
轮次:··7/·10 || loss:0.002 || 耗时：8.11s
轮次:··8/·10 || loss:0.001 || 耗时：8.17s
轮次:··9/·10 || loss:0.002 || 耗时：8.19s
轮次:·10/·10 || loss:0.003 || 耗时：8.22s
任务: (B2)N15_M07_F10; mix批次:····0; 批次:··660/··660; 总正确率 = 99.84%
类型1 正确率： 100.00% -> 1  100.00%, 2    0.00%, 3    0.00%
类型2 正确率： 100.00% -> 1    0.00%, 2  100.00%, 3    0.00%
类型3 正确率： 100.00% -> 1    0.00%, 2    0.49%, 3   99.51%


测试集任务: (B2)N15_M07_F10; 总正确率 = 99.75%
类型1 正确率： 100.00% -> 1  100.00%, 2    0.00%, 3    0.00%
类型2 正确率：  99.00% -> 1    0.74%, 2   99.26%, 3    0.00%
类型3 正确率： 100.00% -> 1    0.00%, 2    0.00%, 3  100.00%


源域训练结束

训练好之后，测试目标域
目标域路径：/kaggle/working/k10/S00/sdalr_PU_final_checkpoint/DATA_foldS00/PU_M1_L3/N15_M01_F10_label.txt
测试目标数据集结果如下：
任务: (B2)N15_M07_F10→(B1)N15_M01_F10, 正确率 = 90.24%
类型1 正确率： 100.00% -> 1  100.00%, 2    0.00%, 3    0.00%
类型2 正确率：  71.00% -> 1    0.00%, 2   70.72%, 3   29.28%
类型3 正确率： 100.00% -> 1    0.00%, 2    0.00%, 3  100.00%

目标域路径：/kaggle/working/k10/S00/sdalr_PU_final_checkpoint/DATA_foldS00/PU_M1_L3/N15_M07_F04_label.txt
测试目标数据集结果如下：
任务: (B2)N15_M07_F10→(B3)N15_M07_F04, 正确率 = 94.86%
类型1 正确率： 100.00% -> 1  100.00%, 2    0.00%, 3    0.00%
类型2 正确率：  98.00% -> 1    0.00%, 2   97.87%, 3    2.13%
类型3 正确率：  87.00% -> 1    2.93%, 2   10.37%, 3   86.70%



现在开始拿源域训练集：(B3)N15_M07_F04 进行训练
源域读取路径：/kaggle/working/k10/S00/sdalr_PU_final_checkpoint/DATA_foldS00/PU_M1_L3/N15_M07_F04_label.txt
excel输出位置：/kaggle/working/k10/S00/weight_src_PU_M1_FS00_s2024/NEW_PU/Source-源域
log&pt输出位置：/kaggle/working/k10/S00/weight_src_PU_M1_FS00_s2024/NEW_PU/Source-源域/log&pt/(B3)N15_M07_F04
特征图片输出位置：/kaggle/working/k10/S00/weight_src_PU_M1_FS00_s2024/NEW_PU/Picture-特征图/2026年09月15日22时49分/(B3)N15_M07_F04
源域训练开始
轮次:··1/·10 || loss:0.063 || 耗时：8.29s
轮次:··2/·10 || loss:0.015 || 耗时：8.25s
轮次:··3/·10 || loss:0.027 || 耗时：8.28s
轮次:··4/·10 || loss:0.003 || 耗时：8.29s
轮次:··5/·10 || loss:0.010 || 耗时：8.29s
任务: (B3)N15_M07_F04; mix批次:····0; 批次:··330/··660; 总正确率 = 99.65%
类型1 正确率： 100.00% -> 1  100.00%, 2    0.00%, 3    0.00%
类型2 正确率： 100.00% -> 1    0.00%, 2  100.00%, 3    0.00%
类型3 正确率：  99.00% -> 1    0.00%, 2    1.04%, 3   98.96%


轮次:··6/·10 || loss:0.008 || 耗时：8.29s
轮次:··7/·10 || loss:0.004 || 耗时：8.30s
轮次:··8/·10 || loss:0.118 || 耗时：8.33s
轮次:··9/·10 || loss:0.013 || 耗时：8.38s
轮次:·10/·10 || loss:0.005 || 耗时：8.38s
任务: (B3)N15_M07_F04; mix批次:····0; 批次:··660/··660; 总正确率 = 99.83%
类型1 正确率： 100.00% -> 1  100.00%, 2    0.00%, 3    0.00%
类型2 正确率： 100.00% -> 1    0.00%, 2  100.00%, 3    0.00%
类型3 正确率：  99.00% -> 1    0.00%, 2    0.52%, 3   99.48%


测试集任务: (B3)N15_M07_F04; 总正确率 = 99.23%
类型1 正确率： 100.00% -> 1  100.00%, 2    0.00%, 3    0.00%
类型2 正确率：  98.00% -> 1    0.00%, 2   98.37%, 3    1.63%
类型3 正确率：  99.00% -> 1    0.00%, 2    0.69%, 3   99.31%


源域训练结束

训练好之后，测试目标域
目标域路径：/kaggle/working/k10/S00/sdalr_PU_final_checkpoint/DATA_foldS00/PU_M1_L3/N15_M01_F10_label.txt
测试目标数据集结果如下：
任务: (B3)N15_M07_F04→(B1)N15_M01_F10, 正确率 = 77.18%
类型1 正确率： 100.00% -> 1  100.00%, 2    0.00%, 3    0.00%
类型2 正确率：  68.00% -> 1    0.00%, 2   67.81%, 3   32.19%
类型3 正确率：  64.00% -> 1    0.00%, 2   36.26%, 3   63.74%

目标域路径：/kaggle/working/k10/S00/sdalr_PU_final_checkpoint/DATA_foldS00/PU_M1_L3/N15_M07_F10_label.txt
测试目标数据集结果如下：
任务: (B3)N15_M07_F04→(B2)N15_M07_F10, 正确率 = 88.47%
类型1 正确率：  99.00% -> 1   99.25%, 2    0.00%, 3    0.75%
类型2 正确率：  97.00% -> 1    0.00%, 2   96.92%, 3    3.08%
类型3 正确率：  69.00% -> 1    0.24%, 2   30.51%, 3   69.25%

