读取源域路径：/kaggle/working/hust/H4/weight_HUST_M1_final_checkpoint_FH4toH4c_s2024/NEW_PU/Source-源域/log&pt/(B1)N15_M01_F10
excel输出位置：/kaggle/working/hust/H4/weight_HUST_M1_final_checkpoint_FH4toH4c_s2024/NEW_PU/Target-目标域
特征图片输出位置：/kaggle/working/hust/H4/weight_HUST_M1_final_checkpoint_FH4toH4c_s2024/NEW_PU/Picture-特征图/2026年09月19日15时58分/(B1)N15_M01_F10
现在选取:(B1)N15_M01_F10 进行训练的源模型
现在进行：(B1)N15_M01_F10→(B2)N15_M07_F10 的迁移任务
log&pt输出位置：/kaggle/working/hust/H4/weight_HUST_M1_final_checkpoint_FH4toH4c_s2024/NEW_PU/Target-目标域/log&pt/(B1)N15_M01_F10→(B2)N15_M07_F10
任务: (B1)N15_M01_F10→(B2)N15_M07_F10; 批次:····0/·1880;  总正确率: 72.45%
类型1 正确率：  99.00% -> 1   99.35%, 2    0.00%, 3    0.65%
类型2 正确率：  18.00% -> 1    0.00%, 2   18.00%, 3   82.00%
类型3 正确率： 100.00% -> 1    0.00%, 2    0.00%, 3  100.00%


样本变换：reverse
样本变换：mask
样本变换：shift
样本变换：none
未过滤	未用伪标签：72.45% -> 使用伪标签：76.45%
已过滤	未用伪标签：71.73% -> 使用伪标签：78.92%
排除样本：188|6000	剩余：2001, 1195, 2616
增添样本：2036		细则：615, 1421, 0	正确率估算：51.33%
类型1 正确率： 100.00% -> 1  100.00%, 2    0.00%, 3    0.00%
类型2 正确率：  49.00% -> 1    0.05%, 2   49.25%, 3   50.70%
类型3 正确率：  88.00% -> 1    0.00%, 2   11.80%, 3   88.20%

被排除样本 正确率：94.68%
类型1 正确率：   0.00% -> 1    0.00%, 2  100.00%
类型2 正确率： 100.00% -> 1    0.00%, 2  100.00%


轮次:··1/·20 || c_Loss:0.513 || e_Loss:-1.694 || Aad_Loss:-26.677 || 耗时：35.69s
轮次:··2/·20 || c_Loss:0.429 || e_Loss:-1.677 || Aad_Loss:-26.743 || 耗时：13.27s
轮次:··3/·20 || c_Loss:0.358 || e_Loss:-1.607 || Aad_Loss:-28.761 || 耗时：12.92s
轮次:··4/·20 || c_Loss:0.345 || e_Loss:-1.668 || Aad_Loss:-29.451 || 耗时：12.71s
轮次:··5/·20 || c_Loss:0.441 || e_Loss:-1.515 || Aad_Loss:-30.986 || 耗时：12.77s
任务: (B1)N15_M01_F10→(B2)N15_M07_F10; mix批次:····0; 批次:··470/·1880;  总正确率: 79.65%
类型1 正确率： 100.00% -> 1  100.00%, 2    0.00%, 3    0.00%
类型2 正确率：  50.00% -> 1    0.00%, 2   50.00%, 3   50.00%
类型3 正确率：  89.00% -> 1    0.00%, 2   11.05%, 3   88.95%


样本变换：reverse
样本变换：mask
样本变换：shift
样本变换：none
未过滤	未用伪标签：79.65% -> 使用伪标签：76.18%
已过滤	未用伪标签：79.37% -> 使用伪标签：78.97%
排除样本：212|6000	剩余：2000, 1217, 2571
增添样本：1925		细则：571, 1354, 0	正确率估算：96.64%
类型1 正确率： 100.00% -> 1  100.00%, 2    0.00%, 3    0.00%
类型2 正确率：  50.00% -> 1    0.00%, 2   50.00%, 3   50.00%
类型3 正确率：  88.00% -> 1    0.00%, 2   12.14%, 3   87.86%

被排除样本 正确率：87.26%
类型1 没有样本或未被分类。
类型2 正确率：  87.00% -> 1   12.74%, 2   87.26%


轮次:··6/·20 || c_Loss:0.385 || e_Loss:-1.744 || Aad_Loss:-26.640 || 耗时：34.62s
轮次:··7/·20 || c_Loss:0.387 || e_Loss:-0.791 || Aad_Loss:-27.145 || 耗时：12.98s
轮次:··8/·20 || c_Loss:0.325 || e_Loss:-1.273 || Aad_Loss:-29.941 || 耗时：12.94s
轮次:··9/·20 || c_Loss:0.349 || e_Loss:-1.669 || Aad_Loss:-28.012 || 耗时：12.87s
轮次:·10/·20 || c_Loss:0.356 || e_Loss:-1.732 || Aad_Loss:-30.280 || 耗时：12.87s
任务: (B1)N15_M01_F10→(B2)N15_M07_F10; mix批次:····0; 批次:··940/·1880;  总正确率: 79.13%
类型1 正确率： 100.00% -> 1  100.00%, 2    0.00%, 3    0.00%
类型2 正确率：  50.00% -> 1    0.00%, 2   50.00%, 3   50.00%
类型3 正确率：  87.00% -> 1    0.00%, 2   12.60%, 3   87.40%


样本变换：reverse
样本变换：mask
样本变换：shift
样本变换：none
未过滤	未用伪标签：79.13% -> 使用伪标签：76.35%
已过滤	未用伪标签：78.95% -> 使用伪标签：78.83%
排除样本：189|6000	剩余：2000, 1230, 2581
增添样本：1932		细则：581, 1351, 0	正确率估算：97.02%
类型1 正确率： 100.00% -> 1  100.00%, 2    0.00%, 3    0.00%
类型2 正确率：  50.00% -> 1    0.00%, 2   50.00%, 3   50.00%
类型3 正确率：  87.00% -> 1    0.00%, 2   12.70%, 3   87.30%

被排除样本 正确率：84.66%
类型1 没有样本或未被分类。
类型2 正确率：  85.00% -> 1   15.34%, 2   84.66%


轮次:·11/·20 || c_Loss:0.326 || e_Loss:-1.459 || Aad_Loss:-31.668 || 耗时：34.59s
轮次:·12/·20 || c_Loss:0.339 || e_Loss:-1.542 || Aad_Loss:-28.577 || 耗时：12.85s
轮次:·13/·20 || c_Loss:0.364 || e_Loss:-1.616 || Aad_Loss:-28.193 || 耗时：12.85s
轮次:·14/·20 || c_Loss:0.365 || e_Loss:-1.729 || Aad_Loss:-30.805 || 耗时：12.84s
轮次:·15/·20 || c_Loss:0.364 || e_Loss:-0.885 || Aad_Loss:-29.533 || 耗时：12.93s
任务: (B1)N15_M01_F10→(B2)N15_M07_F10; mix批次:····0; 批次:·1410/·1880;  总正确率: 78.60%
类型1 正确率： 100.00% -> 1  100.00%, 2    0.00%, 3    0.00%
类型2 正确率：  50.00% -> 1    0.00%, 2   50.00%, 3   50.00%
类型3 正确率：  86.00% -> 1    0.00%, 2   14.20%, 3   85.80%


样本变换：reverse
样本变换：mask
样本变换：shift
样本变换：none
未过滤	未用伪标签：78.60% -> 使用伪标签：76.37%
已过滤	未用伪标签：78.64% -> 使用伪标签：78.54%
排除样本：166|6000	剩余：2000, 1252, 2582
增添样本：1912		细则：582, 1330, 0	正确率估算：97.66%
类型1 正确率： 100.00% -> 1  100.00%, 2    0.00%, 3    0.00%
类型2 正确率：  50.00% -> 1    0.00%, 2   50.00%, 3   50.00%
类型3 正确率：  86.00% -> 1    0.00%, 2   13.74%, 3   86.26%

被排除样本 正确率：77.11%
类型1 没有样本或未被分类。
类型2 正确率：  77.00% -> 1   22.89%, 2   77.11%


轮次:·16/·20 || c_Loss:0.354 || e_Loss:-1.750 || Aad_Loss:-31.156 || 耗时：34.78s
轮次:·17/·20 || c_Loss:0.367 || e_Loss:-1.745 || Aad_Loss:-29.604 || 耗时：12.86s
轮次:·18/·20 || c_Loss:0.336 || e_Loss:-1.960 || Aad_Loss:-30.583 || 耗时：12.88s
轮次:·19/·20 || c_Loss:0.344 || e_Loss:-1.623 || Aad_Loss:-30.152 || 耗时：12.90s
轮次:·20/·20 || c_Loss:0.370 || e_Loss:-1.871 || Aad_Loss:-29.018 || 耗时：12.95s
任务: (B1)N15_M01_F10→(B2)N15_M07_F10; mix批次:····0; 批次:·1880/·1880;  总正确率: 77.87%
类型1 正确率： 100.00% -> 1  100.00%, 2    0.00%, 3    0.00%
类型2 正确率：  50.00% -> 1    0.00%, 2   50.00%, 3   50.00%
类型3 正确率：  84.00% -> 1    0.00%, 2   16.40%, 3   83.60%


测试集任务: (B1)N15_M01_F10→(B2)N15_M07_F10; 总正确率 = 77.87%
类型1 正确率： 100.00% -> 1  100.00%, 2    0.00%, 3    0.00%
类型2 正确率：  50.00% -> 1    0.00%, 2   50.00%, 3   50.00%
类型3 正确率：  84.00% -> 1    0.00%, 2   16.40%, 3   83.60%


