读取源域路径：/kaggle/working/hust/H4/weight_HUST_M1_final_checkpoint_FH4toH4c_s2024/NEW_PU/Source-源域/log&pt/(B2)N15_M07_F10
excel输出位置：/kaggle/working/hust/H4/weight_HUST_M1_final_checkpoint_FH4toH4c_s2024/NEW_PU/Target-目标域
特征图片输出位置：/kaggle/working/hust/H4/weight_HUST_M1_final_checkpoint_FH4toH4c_s2024/NEW_PU/Picture-特征图/2026年09月19日16时10分/(B2)N15_M07_F10
现在选取:(B2)N15_M07_F10 进行训练的源模型
现在进行：(B2)N15_M07_F10→(B1)N15_M01_F10 的迁移任务
log&pt输出位置：/kaggle/working/hust/H4/weight_HUST_M1_final_checkpoint_FH4toH4c_s2024/NEW_PU/Target-目标域/log&pt/(B2)N15_M07_F10→(B1)N15_M01_F10
任务: (B2)N15_M07_F10→(B1)N15_M01_F10; 批次:····0/·1880;  总正确率: 66.70%
类型1 正确率： 100.00% -> 1  100.00%, 2    0.00%, 3    0.00%
类型2 正确率：  50.00% -> 1   35.45%, 2   50.00%, 3   14.55%
类型3 正确率：  50.00% -> 1    0.00%, 2   49.90%, 3   50.10%


样本变换：reverse
样本变换：mask
样本变换：shift
样本变换：none
未过滤	未用伪标签：66.70% -> 使用伪标签：66.68%
已过滤	未用伪标签：68.01% -> 使用伪标签：68.00%
排除样本：116|6000	剩余：2343, 1998, 1543
增添样本：1145		细则：0, 345, 800	正确率估算：89.69%
类型1 正确率： 100.00% -> 1  100.00%, 2    0.00%, 3    0.00%
类型2 正确率：  53.00% -> 1   18.20%, 2   53.05%, 3   28.75%
类型3 正确率：  50.00% -> 1    0.00%, 2   49.92%, 3   50.08%

被排除样本 正确率：0.00%
类型1 没有样本或未被分类。
类型2 正确率：   0.00% -> 1   98.26%, 2    0.00%, 3    1.74%
类型3 正确率：   0.00% -> 1    0.00%, 2  100.00%, 3    0.00%


轮次:··1/·20 || c_Loss:0.495 || e_Loss:-1.362 || Aad_Loss:-27.839 || 耗时：34.45s
轮次:··2/·20 || c_Loss:0.388 || e_Loss:-0.893 || Aad_Loss:-28.314 || 耗时：12.99s
轮次:··3/·20 || c_Loss:0.364 || e_Loss:-1.613 || Aad_Loss:-28.645 || 耗时：12.91s
轮次:··4/·20 || c_Loss:0.378 || e_Loss:-0.820 || Aad_Loss:-27.519 || 耗时：12.85s
轮次:··5/·20 || c_Loss:0.473 || e_Loss:-1.356 || Aad_Loss:-24.662 || 耗时：12.83s
任务: (B2)N15_M07_F10→(B1)N15_M01_F10; mix批次:····0; 批次:··470/·1880;  总正确率: 66.67%
类型1 正确率： 100.00% -> 1  100.00%, 2    0.00%, 3    0.00%
类型2 正确率：  50.00% -> 1    5.35%, 2   50.00%, 3   44.65%
类型3 正确率：  50.00% -> 1    0.00%, 2   50.00%, 3   50.00%


样本变换：reverse
样本变换：mask
样本变换：shift
样本变换：none
未过滤	未用伪标签：66.67% -> 使用伪标签：66.67%
已过滤	未用伪标签：66.74% -> 使用伪标签：66.74%
排除样本：7|6000	剩余：2012, 2000, 1981
增添样本：43		细则：0, 12, 31	正确率估算：95.35%
类型1 正确率： 100.00% -> 1  100.00%, 2    0.00%, 3    0.00%
类型2 正确率：  50.00% -> 1    0.60%, 2   50.18%, 3   49.22%
类型3 正确率：  50.00% -> 1    0.00%, 2   50.00%, 3   50.00%

被排除样本 正确率：0.00%
类型1 没有样本或未被分类。
类型2 正确率：   0.00% -> 1  100.00%, 2    0.00%


轮次:··6/·20 || c_Loss:0.371 || e_Loss:-0.901 || Aad_Loss:-30.900 || 耗时：33.72s
轮次:··7/·20 || c_Loss:0.369 || e_Loss:-1.022 || Aad_Loss:-30.820 || 耗时：12.88s
轮次:··8/·20 || c_Loss:0.368 || e_Loss:-0.996 || Aad_Loss:-30.963 || 耗时：12.90s
轮次:··9/·20 || c_Loss:0.367 || e_Loss:-0.997 || Aad_Loss:-30.848 || 耗时：12.88s
轮次:·10/·20 || c_Loss:0.365 || e_Loss:-1.006 || Aad_Loss:-30.866 || 耗时：12.81s
任务: (B2)N15_M07_F10→(B1)N15_M01_F10; mix批次:····0; 批次:··940/·1880;  总正确率: 66.67%
类型1 正确率： 100.00% -> 1  100.00%, 2    0.00%, 3    0.00%
类型2 正确率：  50.00% -> 1    0.00%, 2   50.00%, 3   50.00%
类型3 正确率：  50.00% -> 1    0.00%, 2   50.00%, 3   50.00%


样本变换：reverse
样本变换：mask
样本变换：shift
样本变换：none
未过滤	未用伪标签：66.67% -> 使用伪标签：66.67%
已过滤	未用伪标签：66.67% -> 使用伪标签：66.67%
排除样本：2000|6000	剩余：2000, 2000
增添样本：0		细则：0, 0, 0类型1 正确率： 100.00% -> 1  100.00%, 2    0.00%, 3    0.00%
类型2 正确率：  50.00% -> 1    0.00%, 2   50.00%, 3   50.00%
类型3 正确率：  50.00% -> 1    0.00%, 2   50.00%, 3   50.00%

被排除样本 正确率：nan%


轮次:·11/·20 || c_Loss:0.368 || e_Loss:-1.007 || Aad_Loss:-23.276 || 耗时：33.65s
轮次:·12/·20 || c_Loss:0.375 || e_Loss:-0.949 || Aad_Loss:-23.562 || 耗时：12.91s
轮次:·13/·20 || c_Loss:0.374 || e_Loss:-1.015 || Aad_Loss:-23.054 || 耗时：12.93s
轮次:·14/·20 || c_Loss:0.374 || e_Loss:-1.018 || Aad_Loss:-23.329 || 耗时：12.90s
轮次:·15/·20 || c_Loss:0.376 || e_Loss:-0.978 || Aad_Loss:-23.744 || 耗时：12.87s
任务: (B2)N15_M07_F10→(B1)N15_M01_F10; mix批次:····0; 批次:·1410/·1880;  总正确率: 66.67%
类型1 正确率： 100.00% -> 1  100.00%, 2    0.00%, 3    0.00%
类型2 正确率：  50.00% -> 1    0.00%, 2   50.00%, 3   50.00%
类型3 正确率：  50.00% -> 1    0.00%, 2   50.00%, 3   50.00%


样本变换：reverse
样本变换：mask
样本变换：shift
样本变换：none
未过滤	未用伪标签：66.67% -> 使用伪标签：66.67%
已过滤	未用伪标签：66.67% -> 使用伪标签：66.67%
排除样本：2000|6000	剩余：2000, 2000
增添样本：0		细则：0, 0, 0类型1 正确率： 100.00% -> 1  100.00%, 2    0.00%, 3    0.00%
类型2 正确率：  50.00% -> 1    0.00%, 2   50.00%, 3   50.00%
类型3 正确率：  50.00% -> 1    0.00%, 2   50.00%, 3   50.00%

被排除样本 正确率：nan%


轮次:·16/·20 || c_Loss:0.371 || e_Loss:-1.010 || Aad_Loss:-23.535 || 耗时：33.85s
轮次:·17/·20 || c_Loss:0.375 || e_Loss:-0.953 || Aad_Loss:-23.869 || 耗时：12.85s
轮次:·18/·20 || c_Loss:0.373 || e_Loss:-1.018 || Aad_Loss:-23.296 || 耗时：12.91s
轮次:·19/·20 || c_Loss:0.374 || e_Loss:-1.019 || Aad_Loss:-23.491 || 耗时：12.92s
轮次:·20/·20 || c_Loss:0.375 || e_Loss:-0.981 || Aad_Loss:-23.904 || 耗时：12.93s
任务: (B2)N15_M07_F10→(B1)N15_M01_F10; mix批次:····0; 批次:·1880/·1880;  总正确率: 66.67%
类型1 正确率： 100.00% -> 1  100.00%, 2    0.00%, 3    0.00%
类型2 正确率：  50.00% -> 1    0.00%, 2   50.00%, 3   50.00%
类型3 正确率：  50.00% -> 1    0.00%, 2   50.00%, 3   50.00%


测试集任务: (B2)N15_M07_F10→(B1)N15_M01_F10; 总正确率 = 66.67%
类型1 正确率： 100.00% -> 1  100.00%, 2    0.00%, 3    0.00%
类型2 正确率：  50.00% -> 1    0.00%, 2   50.00%, 3   50.00%
类型3 正确率：  50.00% -> 1    0.00%, 2   50.00%, 3   50.00%


