读取源域路径：/kaggle/working/hust/H4/weight_HUST_M1_final_checkpoint_FH4toH4c_s2024/NEW_PU/Source-源域/log&pt/(B3)N15_M07_F04
excel输出位置：/kaggle/working/hust/H4/weight_HUST_M1_final_checkpoint_FH4toH4c_s2024/NEW_PU/Target-目标域
特征图片输出位置：/kaggle/working/hust/H4/weight_HUST_M1_final_checkpoint_FH4toH4c_s2024/NEW_PU/Picture-特征图/2026年09月19日16时22分/(B3)N15_M07_F04
现在选取:(B3)N15_M07_F04 进行训练的源模型
现在进行：(B3)N15_M07_F04→(B1)N15_M01_F10 的迁移任务
log&pt输出位置：/kaggle/working/hust/H4/weight_HUST_M1_final_checkpoint_FH4toH4c_s2024/NEW_PU/Target-目标域/log&pt/(B3)N15_M07_F04→(B1)N15_M01_F10
任务: (B3)N15_M07_F04→(B1)N15_M01_F10; 批次:····0/·1880;  总正确率: 82.02%
类型1 正确率： 100.00% -> 1  100.00%, 2    0.00%, 3    0.00%
类型2 正确率：  48.00% -> 1    0.00%, 2   47.85%, 3   52.15%
类型3 正确率：  98.00% -> 1    0.00%, 2    1.80%, 3   98.20%


样本变换：reverse
样本变换：mask
样本变换：shift
样本变换：none
未过滤	未用伪标签：82.02% -> 使用伪标签：76.88%
已过滤	未用伪标签：81.62% -> 使用伪标签：78.81%
排除样本：147|6000	剩余：2000, 1240, 2613
增添样本：1986		细则：613, 1373, 0	正确率估算：86.29%
类型1 正确率： 100.00% -> 1  100.00%, 2    0.00%, 3    0.00%
类型2 正确率：  50.00% -> 1    0.00%, 2   50.00%, 3   50.00%
类型3 正确率：  87.00% -> 1    0.00%, 2   12.95%, 3   87.05%

被排除样本 正确率：97.96%
类型1 没有样本或未被分类。
类型2 正确率：  98.00% -> 1    2.04%, 2   97.96%


轮次:··1/·20 || c_Loss:0.524 || e_Loss:-1.649 || Aad_Loss:-26.232 || 耗时：34.67s
轮次:··2/·20 || c_Loss:0.458 || e_Loss:-0.914 || Aad_Loss:-26.029 || 耗时：12.99s
轮次:··3/·20 || c_Loss:0.393 || e_Loss:-1.723 || Aad_Loss:-26.419 || 耗时：12.94s
轮次:··4/·20 || c_Loss:0.364 || e_Loss:-1.696 || Aad_Loss:-28.037 || 耗时：12.86s
轮次:··5/·20 || c_Loss:0.367 || e_Loss:-0.870 || Aad_Loss:-29.957 || 耗时：12.89s
任务: (B3)N15_M07_F04→(B1)N15_M01_F10; mix批次:····0; 批次:··470/·1880;  总正确率: 79.07%
类型1 正确率： 100.00% -> 1  100.00%, 2    0.00%, 3    0.00%
类型2 正确率：  50.00% -> 1    0.00%, 2   50.00%, 3   50.00%
类型3 正确率：  87.00% -> 1    0.00%, 2   12.80%, 3   87.20%


样本变换：reverse
样本变换：mask
样本变换：shift
样本变换：none
未过滤	未用伪标签：79.07% -> 使用伪标签：73.68%
已过滤	未用伪标签：78.67% -> 使用伪标签：77.49%
排除样本：295|6000	剩余：2000, 1284, 2421
增添样本：1558		细则：421, 1137, 0	正确率估算：97.50%
类型1 正确率： 100.00% -> 1  100.00%, 2    0.00%, 3    0.00%
类型2 正确率：  50.00% -> 1    0.00%, 2   50.00%, 3   50.00%
类型3 正确率：  83.00% -> 1    0.00%, 2   16.66%, 3   83.34%

被排除样本 正确率：86.78%
类型1 没有样本或未被分类。
类型2 正确率：  87.00% -> 1   13.22%, 2   86.78%


轮次:··6/·20 || c_Loss:0.364 || e_Loss:-1.738 || Aad_Loss:-27.553 || 耗时：34.53s
轮次:··7/·20 || c_Loss:0.385 || e_Loss:-1.705 || Aad_Loss:-26.400 || 耗时：12.83s
轮次:··8/·20 || c_Loss:0.338 || e_Loss:-1.838 || Aad_Loss:-28.949 || 耗时：12.89s
轮次:··9/·20 || c_Loss:0.367 || e_Loss:-1.666 || Aad_Loss:-29.225 || 耗时：12.87s
轮次:·10/·20 || c_Loss:0.335 || e_Loss:-1.815 || Aad_Loss:-27.706 || 耗时：12.99s
任务: (B3)N15_M07_F04→(B1)N15_M01_F10; mix批次:····0; 批次:··940/·1880;  总正确率: 75.85%
类型1 正确率： 100.00% -> 1  100.00%, 2    0.00%, 3    0.00%
类型2 正确率：  50.00% -> 1    0.00%, 2   50.00%, 3   50.00%
类型3 正确率：  78.00% -> 1    0.00%, 2   22.45%, 3   77.55%


样本变换：reverse
样本变换：mask
样本变换：shift
样本变换：none
未过滤	未用伪标签：75.85% -> 使用伪标签：69.08%
已过滤	未用伪标签：75.14% -> 使用伪标签：71.16%
排除样本：175|6000	剩余：2000, 1680, 2145
增添样本：610		细则：145, 465, 0	正确率估算：92.62%
类型1 正确率： 100.00% -> 1  100.00%, 2    0.00%, 3    0.00%
类型2 正确率：  50.00% -> 1    0.00%, 2   50.00%, 3   50.00%
类型3 正确率：  63.00% -> 1    0.00%, 2   37.26%, 3   62.74%

被排除样本 正确率：99.43%
类型1 没有样本或未被分类。
类型2 正确率：  99.00% -> 1    0.57%, 2   99.43%


轮次:·11/·20 || c_Loss:0.371 || e_Loss:-1.752 || Aad_Loss:-28.934 || 耗时：34.16s
轮次:·12/·20 || c_Loss:0.384 || e_Loss:-1.617 || Aad_Loss:-31.617 || 耗时：12.86s
轮次:·13/·20 || c_Loss:0.354 || e_Loss:-1.641 || Aad_Loss:-30.320 || 耗时：12.84s
轮次:·14/·20 || c_Loss:0.370 || e_Loss:-0.814 || Aad_Loss:-33.496 || 耗时：12.84s
轮次:·15/·20 || c_Loss:0.342 || e_Loss:-1.769 || Aad_Loss:-30.156 || 耗时：12.84s
任务: (B3)N15_M07_F04→(B1)N15_M01_F10; mix批次:····0; 批次:·1410/·1880;  总正确率: 69.02%
类型1 正确率： 100.00% -> 1  100.00%, 2    0.00%, 3    0.00%
类型2 正确率：  50.00% -> 1    0.00%, 2   50.00%, 3   50.00%
类型3 正确率：  57.00% -> 1    0.00%, 2   42.95%, 3   57.05%


样本变换：reverse
样本变换：mask
样本变换：shift
样本变换：none
未过滤	未用伪标签：69.02% -> 使用伪标签：66.75%
已过滤	未用伪标签：68.95% -> 使用伪标签：66.88%
排除样本：12|6000	剩余：2000, 1983, 2005
增添样本：27		细则：5, 22, 0	正确率估算：96.30%
类型1 正确率： 100.00% -> 1  100.00%, 2    0.00%, 3    0.00%
类型2 正确率：  50.00% -> 1    0.00%, 2   50.00%, 3   50.00%
类型3 正确率：  51.00% -> 1    0.00%, 2   49.45%, 3   50.55%

被排除样本 正确率：100.00%
类型1 正确率： 100.00% -> 1  100.00%


轮次:·16/·20 || c_Loss:0.356 || e_Loss:-0.947 || Aad_Loss:-30.604 || 耗时：33.71s
轮次:·17/·20 || c_Loss:0.359 || e_Loss:-1.700 || Aad_Loss:-30.595 || 耗时：12.81s
轮次:·18/·20 || c_Loss:0.364 || e_Loss:-1.822 || Aad_Loss:-31.477 || 耗时：12.84s
轮次:·19/·20 || c_Loss:0.358 || e_Loss:-0.980 || Aad_Loss:-32.508 || 耗时：12.87s
轮次:·20/·20 || c_Loss:0.365 || e_Loss:-0.922 || Aad_Loss:-32.027 || 耗时：12.83s
任务: (B3)N15_M07_F04→(B1)N15_M01_F10; mix批次:····0; 批次:·1880/·1880;  总正确率: 66.68%
类型1 正确率： 100.00% -> 1  100.00%, 2    0.00%, 3    0.00%
类型2 正确率：  50.00% -> 1    0.00%, 2   50.00%, 3   50.00%
类型3 正确率：  50.00% -> 1    0.00%, 2   49.95%, 3   50.05%


测试集任务: (B3)N15_M07_F04→(B1)N15_M01_F10; 总正确率 = 66.68%
类型1 正确率： 100.00% -> 1  100.00%, 2    0.00%, 3    0.00%
类型2 正确率：  50.00% -> 1    0.00%, 2   50.00%, 3   50.00%
类型3 正确率：  50.00% -> 1    0.00%, 2   49.95%, 3   50.05%


