读取源域路径：/kaggle/working/hust/H4/weight_HUST_M1_final_checkpoint_FH4toH4c_s2024/NEW_PU/Source-源域/log&pt/(B1)N15_M01_F10
excel输出位置：/kaggle/working/hust/H4/weight_HUST_M1_final_checkpoint_FH4toH4c_s2024/NEW_PU/Target-目标域
特征图片输出位置：/kaggle/working/hust/H4/weight_HUST_M1_final_checkpoint_FH4toH4c_s2024/NEW_PU/Picture-特征图/2026年09月19日16时04分/(B1)N15_M01_F10
现在选取:(B1)N15_M01_F10 进行训练的源模型
现在进行：(B1)N15_M01_F10→(B3)N15_M07_F04 的迁移任务
log&pt输出位置：/kaggle/working/hust/H4/weight_HUST_M1_final_checkpoint_FH4toH4c_s2024/NEW_PU/Target-目标域/log&pt/(B1)N15_M01_F10→(B3)N15_M07_F04
任务: (B1)N15_M01_F10→(B3)N15_M07_F04; 批次:····0/·1880;  总正确率: 80.57%
类型1 正确率： 100.00% -> 1  100.00%, 2    0.00%, 3    0.00%
类型2 正确率：  42.00% -> 1    0.00%, 2   41.95%, 3   58.05%
类型3 正确率： 100.00% -> 1    0.00%, 2    0.25%, 3   99.75%


样本变换：reverse
样本变换：mask
样本变换：shift
样本变换：none
未过滤	未用伪标签：80.57% -> 使用伪标签：75.72%
已过滤	未用伪标签：79.98% -> 使用伪标签：78.13%
排除样本：185|6000	剩余：2000, 1271, 2544
增添样本：1817		细则：544, 1273, 0	正确率估算：74.21%
类型1 正确率： 100.00% -> 1  100.00%, 2    0.00%, 3    0.00%
类型2 正确率：  50.00% -> 1    0.00%, 2   49.97%, 3   50.03%
类型3 正确率：  85.00% -> 1    0.00%, 2   14.98%, 3   85.02%

被排除样本 正确率：98.92%
类型1 正确率：   0.00% -> 1    0.00%, 2  100.00%
类型2 正确率：  99.00% -> 1    0.54%, 2   99.46%


轮次:··1/·20 || c_Loss:0.514 || e_Loss:-1.571 || Aad_Loss:-25.612 || 耗时：34.82s
轮次:··2/·20 || c_Loss:0.360 || e_Loss:-1.445 || Aad_Loss:-28.677 || 耗时：12.95s
轮次:··3/·20 || c_Loss:0.399 || e_Loss:-1.616 || Aad_Loss:-29.357 || 耗时：12.83s
轮次:··4/·20 || c_Loss:0.332 || e_Loss:-1.709 || Aad_Loss:-30.303 || 耗时：12.77s
轮次:··5/·20 || c_Loss:0.371 || e_Loss:-0.863 || Aad_Loss:-29.035 || 耗时：12.88s
任务: (B1)N15_M01_F10→(B3)N15_M07_F04; mix批次:····0; 批次:··470/·1880;  总正确率: 78.87%
类型1 正确率： 100.00% -> 1  100.00%, 2    0.00%, 3    0.00%
类型2 正确率：  50.00% -> 1    0.00%, 2   50.00%, 3   50.00%
类型3 正确率：  87.00% -> 1    0.00%, 2   13.40%, 3   86.60%


样本变换：reverse
样本变换：mask
样本变换：shift
样本变换：none
未过滤	未用伪标签：78.87% -> 使用伪标签：72.45%
已过滤	未用伪标签：78.13% -> 使用伪标签：75.16%
排除样本：216|6000	剩余：2000, 1437, 2347
增添样本：1257		细则：347, 910, 0	正确率估算：94.11%
类型1 正确率： 100.00% -> 1  100.00%, 2    0.00%, 3    0.00%
类型2 正确率：  50.00% -> 1    0.00%, 2   50.00%, 3   50.00%
类型3 正确率：  76.00% -> 1    0.00%, 2   24.50%, 3   75.50%

被排除样本 正确率：98.61%
类型1 没有样本或未被分类。
类型2 正确率：  99.00% -> 1    1.39%, 2   98.61%


轮次:··6/·20 || c_Loss:0.350 || e_Loss:-0.862 || Aad_Loss:-29.037 || 耗时：34.44s
轮次:··7/·20 || c_Loss:0.380 || e_Loss:-1.621 || Aad_Loss:-29.914 || 耗时：12.87s
轮次:··8/·20 || c_Loss:0.370 || e_Loss:-1.678 || Aad_Loss:-28.578 || 耗时：12.91s
轮次:··9/·20 || c_Loss:0.337 || e_Loss:-0.867 || Aad_Loss:-29.266 || 耗时：12.92s
轮次:·10/·20 || c_Loss:0.355 || e_Loss:-1.448 || Aad_Loss:-29.262 || 耗时：12.90s
任务: (B1)N15_M01_F10→(B3)N15_M07_F04; mix批次:····0; 批次:··940/·1880;  总正确率: 72.18%
类型1 正确率： 100.00% -> 1  100.00%, 2    0.00%, 3    0.00%
类型2 正确率：  50.00% -> 1    0.00%, 2   50.00%, 3   50.00%
类型3 正确率：  67.00% -> 1    0.00%, 2   33.45%, 3   66.55%


样本变换：reverse
样本变换：mask
样本变换：shift
样本变换：none
未过滤	未用伪标签：72.18% -> 使用伪标签：67.27%
已过滤	未用伪标签：71.57% -> 使用伪标签：68.83%
排除样本：136|6000	剩余：2000, 1828, 2036
增添样本：244		细则：36, 208, 0	正确率估算：95.49%
类型1 正确率： 100.00% -> 1  100.00%, 2    0.00%, 3    0.00%
类型2 正确率：  50.00% -> 1    0.00%, 2   50.00%, 3   50.00%
类型3 正确率：  56.00% -> 1    0.00%, 2   44.42%, 3   55.58%

被排除样本 正确率：98.53%
类型1 没有样本或未被分类。
类型2 正确率：  99.00% -> 1    1.47%, 2   98.53%


轮次:·11/·20 || c_Loss:0.350 || e_Loss:-0.899 || Aad_Loss:-30.112 || 耗时：33.90s
轮次:·12/·20 || c_Loss:0.351 || e_Loss:-1.503 || Aad_Loss:-30.073 || 耗时：12.86s
轮次:·13/·20 || c_Loss:0.355 || e_Loss:-1.731 || Aad_Loss:-29.599 || 耗时：12.87s
轮次:·14/·20 || c_Loss:0.364 || e_Loss:-1.781 || Aad_Loss:-31.190 || 耗时：12.86s
轮次:·15/·20 || c_Loss:0.339 || e_Loss:-1.897 || Aad_Loss:-30.341 || 耗时：12.85s
任务: (B1)N15_M01_F10→(B3)N15_M07_F04; mix批次:····0; 批次:·1410/·1880;  总正确率: 67.23%
类型1 正确率： 100.00% -> 1  100.00%, 2    0.00%, 3    0.00%
类型2 正确率：  50.00% -> 1    0.00%, 2   50.00%, 3   50.00%
类型3 正确率：  52.00% -> 1    0.00%, 2   48.30%, 3   51.70%


样本变换：reverse
样本变换：mask
样本变换：shift
样本变换：none
未过滤	未用伪标签：67.23% -> 使用伪标签：66.67%
已过滤	未用伪标签：67.22% -> 使用伪标签：66.70%
排除样本：3|6000	剩余：2000, 1997, 2000
增添样本：3		细则：0, 3, 0	正确率估算：100.00%
类型1 正确率： 100.00% -> 1  100.00%, 2    0.00%, 3    0.00%
类型2 正确率：  50.00% -> 1    0.00%, 2   50.00%, 3   50.00%
类型3 正确率：  50.00% -> 1    0.00%, 2   49.92%, 3   50.08%

被排除样本 正确率：100.00%
类型1 正确率： 100.00% -> 1  100.00%


轮次:·16/·20 || c_Loss:0.354 || e_Loss:-0.960 || Aad_Loss:-25.507 || 耗时：33.72s
轮次:·17/·20 || c_Loss:0.364 || e_Loss:-0.966 || Aad_Loss:-25.590 || 耗时：12.89s
轮次:·18/·20 || c_Loss:0.370 || e_Loss:-0.903 || Aad_Loss:-26.032 || 耗时：12.93s
轮次:·19/·20 || c_Loss:0.370 || e_Loss:-0.999 || Aad_Loss:-24.773 || 耗时：12.91s
轮次:·20/·20 || c_Loss:0.377 || e_Loss:-0.906 || Aad_Loss:-27.594 || 耗时：12.91s
任务: (B1)N15_M01_F10→(B3)N15_M07_F04; mix批次:····0; 批次:·1880/·1880;  总正确率: 66.67%
类型1 正确率： 100.00% -> 1  100.00%, 2    0.00%, 3    0.00%
类型2 正确率：  50.00% -> 1    0.00%, 2   50.00%, 3   50.00%
类型3 正确率：  50.00% -> 1    0.00%, 2   50.00%, 3   50.00%


测试集任务: (B1)N15_M01_F10→(B3)N15_M07_F04; 总正确率 = 66.67%
类型1 正确率： 100.00% -> 1  100.00%, 2    0.00%, 3    0.00%
类型2 正确率：  50.00% -> 1    0.00%, 2   50.00%, 3   50.00%
类型3 正确率：  50.00% -> 1    0.00%, 2   50.00%, 3   50.00%


