读取源域路径：/kaggle/working/hust/H4/weight_HUST_M1_final_checkpoint_FH4toH4c_s2024/NEW_PU/Source-源域/log&pt/(B3)N15_M07_F04
excel输出位置：/kaggle/working/hust/H4/weight_HUST_M1_final_checkpoint_FH4toH4c_s2024/NEW_PU/Target-目标域
特征图片输出位置：/kaggle/working/hust/H4/weight_HUST_M1_final_checkpoint_FH4toH4c_s2024/NEW_PU/Picture-特征图/2026年09月19日16时28分/(B3)N15_M07_F04
现在选取:(B3)N15_M07_F04 进行训练的源模型
现在进行：(B3)N15_M07_F04→(B2)N15_M07_F10 的迁移任务
log&pt输出位置：/kaggle/working/hust/H4/weight_HUST_M1_final_checkpoint_FH4toH4c_s2024/NEW_PU/Target-目标域/log&pt/(B3)N15_M07_F04→(B2)N15_M07_F10
任务: (B3)N15_M07_F04→(B2)N15_M07_F10; 批次:····0/·1880;  总正确率: 70.98%
类型1 正确率： 100.00% -> 1  100.00%, 2    0.00%, 3    0.00%
类型2 正确率：  15.00% -> 1    0.20%, 2   15.20%, 3   84.60%
类型3 正确率：  98.00% -> 1    0.00%, 2    2.25%, 3   97.75%


样本变换：reverse
样本变换：mask
样本变换：shift
样本变换：none
未过滤	未用伪标签：70.98% -> 使用伪标签：66.65%
已过滤	未用伪标签：71.30% -> 使用伪标签：66.96%
排除样本：28|6000	剩余：2021, 1998, 1953
增添样本：91		细则：0, 23, 68	正确率估算：79.12%
类型1 正确率： 100.00% -> 1  100.00%, 2    0.00%, 3    0.00%
类型2 正确率：  51.00% -> 1    1.06%, 2   50.63%, 3   48.30%
类型3 正确率：  50.00% -> 1    0.00%, 2   49.97%, 3   50.03%

被排除样本 正确率：3.57%
类型1 正确率：   0.00% -> 1    0.00%, 2  100.00%
类型2 正确率： 100.00% -> 1    0.00%, 2  100.00%


轮次:··1/·20 || c_Loss:0.511 || e_Loss:-1.070 || Aad_Loss:-30.252 || 耗时：33.81s
轮次:··2/·20 || c_Loss:0.377 || e_Loss:-1.014 || Aad_Loss:-31.811 || 耗时：12.93s
轮次:··3/·20 || c_Loss:0.369 || e_Loss:-0.944 || Aad_Loss:-29.815 || 耗时：12.86s
轮次:··4/·20 || c_Loss:0.379 || e_Loss:-0.973 || Aad_Loss:-30.151 || 耗时：12.79s
轮次:··5/·20 || c_Loss:0.349 || e_Loss:-1.637 || Aad_Loss:-30.419 || 耗时：12.76s
任务: (B3)N15_M07_F04→(B2)N15_M07_F10; mix批次:····0; 批次:··470/·1880;  总正确率: 66.67%
类型1 正确率： 100.00% -> 1  100.00%, 2    0.00%, 3    0.00%
类型2 正确率：  50.00% -> 1    0.00%, 2   50.00%, 3   50.00%
类型3 正确率：  50.00% -> 1    0.00%, 2   50.00%, 3   50.00%


样本变换：reverse
样本变换：mask
样本变换：shift
样本变换：none
未过滤	未用伪标签：66.67% -> 使用伪标签：66.67%
已过滤	未用伪标签：66.67% -> 使用伪标签：66.67%
排除样本：2000|6000	剩余：2000, 2000
增添样本：0		细则：0, 0, 0类型1 正确率： 100.00% -> 1  100.00%, 2    0.00%, 3    0.00%
类型2 正确率：  50.00% -> 1    0.00%, 2   50.00%, 3   50.00%
类型3 正确率：  50.00% -> 1    0.00%, 2   50.00%, 3   50.00%

被排除样本 正确率：nan%


轮次:··6/·20 || c_Loss:0.362 || e_Loss:-0.997 || Aad_Loss:-23.364 || 耗时：33.63s
轮次:··7/·20 || c_Loss:0.369 || e_Loss:-0.956 || Aad_Loss:-23.950 || 耗时：12.92s
轮次:··8/·20 || c_Loss:0.368 || e_Loss:-1.009 || Aad_Loss:-23.032 || 耗时：12.90s
轮次:··9/·20 || c_Loss:0.370 || e_Loss:-1.022 || Aad_Loss:-23.487 || 耗时：12.89s
轮次:·10/·20 || c_Loss:0.376 || e_Loss:-0.976 || Aad_Loss:-23.712 || 耗时：12.90s
任务: (B3)N15_M07_F04→(B2)N15_M07_F10; mix批次:····0; 批次:··940/·1880;  总正确率: 66.67%
类型1 正确率： 100.00% -> 1  100.00%, 2    0.00%, 3    0.00%
类型2 正确率：  50.00% -> 1    0.00%, 2   50.00%, 3   50.00%
类型3 正确率：  50.00% -> 1    0.00%, 2   50.00%, 3   50.00%


样本变换：reverse
样本变换：mask
样本变换：shift
样本变换：none
未过滤	未用伪标签：66.67% -> 使用伪标签：66.67%
已过滤	未用伪标签：66.67% -> 使用伪标签：66.67%
排除样本：2000|6000	剩余：2000, 2000
增添样本：0		细则：0, 0, 0类型1 正确率： 100.00% -> 1  100.00%, 2    0.00%, 3    0.00%
类型2 正确率：  50.00% -> 1    0.00%, 2   50.00%, 3   50.00%
类型3 正确率：  50.00% -> 1    0.00%, 2   50.00%, 3   50.00%

被排除样本 正确率：nan%


轮次:·11/·20 || c_Loss:0.369 || e_Loss:-1.007 || Aad_Loss:-23.612 || 耗时：33.66s
轮次:·12/·20 || c_Loss:0.371 || e_Loss:-0.961 || Aad_Loss:-24.199 || 耗时：12.86s
轮次:·13/·20 || c_Loss:0.368 || e_Loss:-1.015 || Aad_Loss:-23.269 || 耗时：12.89s
轮次:·14/·20 || c_Loss:0.370 || e_Loss:-1.023 || Aad_Loss:-23.636 || 耗时：12.91s
轮次:·15/·20 || c_Loss:0.374 || e_Loss:-0.979 || Aad_Loss:-23.904 || 耗时：12.89s
任务: (B3)N15_M07_F04→(B2)N15_M07_F10; mix批次:····0; 批次:·1410/·1880;  总正确率: 66.67%
类型1 正确率： 100.00% -> 1  100.00%, 2    0.00%, 3    0.00%
类型2 正确率：  50.00% -> 1    0.00%, 2   50.00%, 3   50.00%
类型3 正确率：  50.00% -> 1    0.00%, 2   50.00%, 3   50.00%


样本变换：reverse
样本变换：mask
样本变换：shift
样本变换：none
未过滤	未用伪标签：66.67% -> 使用伪标签：66.67%
已过滤	未用伪标签：66.67% -> 使用伪标签：66.67%
排除样本：2000|6000	剩余：2000, 2000
增添样本：0		细则：0, 0, 0类型1 正确率： 100.00% -> 1  100.00%, 2    0.00%, 3    0.00%
类型2 正确率：  50.00% -> 1    0.00%, 2   50.00%, 3   50.00%
类型3 正确率：  50.00% -> 1    0.00%, 2   50.00%, 3   50.00%

被排除样本 正确率：nan%


轮次:·16/·20 || c_Loss:0.369 || e_Loss:-1.008 || Aad_Loss:-23.732 || 耗时：33.65s
轮次:·17/·20 || c_Loss:0.371 || e_Loss:-0.961 || Aad_Loss:-24.330 || 耗时：12.87s
轮次:·18/·20 || c_Loss:0.368 || e_Loss:-1.017 || Aad_Loss:-23.406 || 耗时：12.89s
轮次:·19/·20 || c_Loss:0.369 || e_Loss:-1.023 || Aad_Loss:-23.724 || 耗时：12.87s
轮次:·20/·20 || c_Loss:0.373 || e_Loss:-0.981 || Aad_Loss:-24.031 || 耗时：12.89s
任务: (B3)N15_M07_F04→(B2)N15_M07_F10; mix批次:····0; 批次:·1880/·1880;  总正确率: 66.67%
类型1 正确率： 100.00% -> 1  100.00%, 2    0.00%, 3    0.00%
类型2 正确率：  50.00% -> 1    0.00%, 2   50.00%, 3   50.00%
类型3 正确率：  50.00% -> 1    0.00%, 2   50.00%, 3   50.00%


测试集任务: (B3)N15_M07_F04→(B2)N15_M07_F10; 总正确率 = 66.67%
类型1 正确率： 100.00% -> 1  100.00%, 2    0.00%, 3    0.00%
类型2 正确率：  50.00% -> 1    0.00%, 2   50.00%, 3   50.00%
类型3 正确率：  50.00% -> 1    0.00%, 2   50.00%, 3   50.00%


