读取源域路径：/kaggle/working/hust/H4/weight_HUST_M1_final_checkpoint_FH4toH4c_s2024/NEW_PU/Source-源域/log&pt/(B2)N15_M07_F10
excel输出位置：/kaggle/working/hust/H4/weight_HUST_M1_final_checkpoint_FH4toH4c_s2024/NEW_PU/Target-目标域
特征图片输出位置：/kaggle/working/hust/H4/weight_HUST_M1_final_checkpoint_FH4toH4c_s2024/NEW_PU/Picture-特征图/2026年09月19日16时16分/(B2)N15_M07_F10
现在选取:(B2)N15_M07_F10 进行训练的源模型
现在进行：(B2)N15_M07_F10→(B3)N15_M07_F04 的迁移任务
log&pt输出位置：/kaggle/working/hust/H4/weight_HUST_M1_final_checkpoint_FH4toH4c_s2024/NEW_PU/Target-目标域/log&pt/(B2)N15_M07_F10→(B3)N15_M07_F04
任务: (B2)N15_M07_F10→(B3)N15_M07_F04; 批次:····0/·1880;  总正确率: 67.17%
类型1 正确率： 100.00% -> 1  100.00%, 2    0.00%, 3    0.00%
类型2 正确率：  50.00% -> 1   47.70%, 2   50.00%, 3    2.30%
类型3 正确率：  52.00% -> 1    0.00%, 2   48.50%, 3   51.50%


样本变换：reverse
样本变换：mask
样本变换：shift
样本变换：none
未过滤	未用伪标签：67.17% -> 使用伪标签：66.67%
已过滤	未用伪标签：67.75% -> 使用伪标签：67.25%
排除样本：52|6000	剩余：2859, 2000, 1089
增添样本：2629		细则：0, 859, 1770	正确率估算：97.13%
类型1 正确率： 100.00% -> 1  100.00%, 2    0.00%, 3    0.00%
类型2 正确率：  51.00% -> 1   44.10%, 2   51.33%, 3    4.57%
类型3 正确率：  50.00% -> 1    0.00%, 2   50.00%, 3   50.00%

被排除样本 正确率：0.00%
类型1 没有样本或未被分类。
类型2 正确率：   0.00% -> 1   92.31%, 2    0.00%, 3    7.69%
类型3 没有样本或未被分类。


轮次:··1/·20 || c_Loss:0.482 || e_Loss:-1.398 || Aad_Loss:-29.209 || 耗时：34.76s
轮次:··2/·20 || c_Loss:0.378 || e_Loss:-0.885 || Aad_Loss:-33.198 || 耗时：12.97s
轮次:··3/·20 || c_Loss:0.344 || e_Loss:-0.958 || Aad_Loss:-30.759 || 耗时：12.88s
轮次:··4/·20 || c_Loss:0.368 || e_Loss:-0.859 || Aad_Loss:-33.436 || 耗时：12.81s
轮次:··5/·20 || c_Loss:0.351 || e_Loss:-0.952 || Aad_Loss:-31.322 || 耗时：12.88s
任务: (B2)N15_M07_F10→(B3)N15_M07_F04; mix批次:····0; 批次:··470/·1880;  总正确率: 66.67%
类型1 正确率： 100.00% -> 1  100.00%, 2    0.00%, 3    0.00%
类型2 正确率：  50.00% -> 1   50.00%, 2   50.00%, 3    0.00%
类型3 正确率：  50.00% -> 1    0.00%, 2   50.00%, 3   50.00%


样本变换：reverse
样本变换：mask
样本变换：shift
样本变换：none
未过滤	未用伪标签：66.67% -> 使用伪标签：66.67%
已过滤	未用伪标签：66.67% -> 使用伪标签：66.67%
排除样本：3000|6000	剩余：2000, 1000
增添样本：3000		细则：0, 1000, 2000	正确率估算：100.00%
类型1 正确率： 100.00% -> 1  100.00%, 2    0.00%, 3    0.00%
类型2 正确率：  50.00% -> 1   50.00%, 2   50.00%, 3    0.00%
类型3 正确率：  50.00% -> 1    0.00%, 2   50.00%, 3   50.00%

被排除样本 正确率：nan%


轮次:··6/·20 || c_Loss:0.369 || e_Loss:-0.994 || Aad_Loss:-32.624 || 耗时：34.79s
轮次:··7/·20 || c_Loss:0.374 || e_Loss:-1.007 || Aad_Loss:-31.332 || 耗时：12.93s
轮次:··8/·20 || c_Loss:0.431 || e_Loss:-0.863 || Aad_Loss:-35.273 || 耗时：12.95s
轮次:··9/·20 || c_Loss:0.376 || e_Loss:-1.023 || Aad_Loss:-31.860 || 耗时：12.95s
轮次:·10/·20 || c_Loss:0.370 || e_Loss:-0.951 || Aad_Loss:-34.090 || 耗时：12.92s
任务: (B2)N15_M07_F10→(B3)N15_M07_F04; mix批次:····0; 批次:··940/·1880;  总正确率: 66.67%
类型1 正确率： 100.00% -> 1  100.00%, 2    0.00%, 3    0.00%
类型2 正确率：  50.00% -> 1   50.00%, 2   50.00%, 3    0.00%
类型3 正确率：  50.00% -> 1    0.00%, 2   50.00%, 3   50.00%


样本变换：reverse
样本变换：mask
样本变换：shift
样本变换：none
未过滤	未用伪标签：66.67% -> 使用伪标签：66.67%
已过滤	未用伪标签：66.67% -> 使用伪标签：66.67%
排除样本：3000|6000	剩余：2000, 1000
增添样本：3000		细则：0, 1000, 2000	正确率估算：100.00%
类型1 正确率： 100.00% -> 1  100.00%, 2    0.00%, 3    0.00%
类型2 正确率：  50.00% -> 1   50.00%, 2   50.00%, 3    0.00%
类型3 正确率：  50.00% -> 1    0.00%, 2   50.00%, 3   50.00%

被排除样本 正确率：nan%


轮次:·11/·20 || c_Loss:0.374 || e_Loss:-1.000 || Aad_Loss:-32.927 || 耗时：34.79s
轮次:·12/·20 || c_Loss:0.373 || e_Loss:-1.006 || Aad_Loss:-31.524 || 耗时：12.94s
轮次:·13/·20 || c_Loss:0.411 || e_Loss:-0.859 || Aad_Loss:-35.901 || 耗时：12.93s
轮次:·14/·20 || c_Loss:0.374 || e_Loss:-1.024 || Aad_Loss:-32.085 || 耗时：12.95s
轮次:·15/·20 || c_Loss:0.368 || e_Loss:-0.952 || Aad_Loss:-34.275 || 耗时：12.93s
任务: (B2)N15_M07_F10→(B3)N15_M07_F04; mix批次:····0; 批次:·1410/·1880;  总正确率: 66.67%
类型1 正确率： 100.00% -> 1  100.00%, 2    0.00%, 3    0.00%
类型2 正确率：  50.00% -> 1   50.00%, 2   50.00%, 3    0.00%
类型3 正确率：  50.00% -> 1    0.00%, 2   50.00%, 3   50.00%


样本变换：reverse
样本变换：mask
样本变换：shift
样本变换：none
未过滤	未用伪标签：66.67% -> 使用伪标签：66.67%
已过滤	未用伪标签：66.67% -> 使用伪标签：66.67%
排除样本：3000|6000	剩余：2000, 1000
增添样本：3000		细则：0, 1000, 2000	正确率估算：100.00%
类型1 正确率： 100.00% -> 1  100.00%, 2    0.00%, 3    0.00%
类型2 正确率：  50.00% -> 1   50.00%, 2   50.00%, 3    0.00%
类型3 正确率：  50.00% -> 1    0.00%, 2   50.00%, 3   50.00%

被排除样本 正确率：nan%


轮次:·16/·20 || c_Loss:0.372 || e_Loss:-1.000 || Aad_Loss:-33.078 || 耗时：34.76s
轮次:·17/·20 || c_Loss:0.372 || e_Loss:-1.005 || Aad_Loss:-31.642 || 耗时：12.91s
轮次:·18/·20 || c_Loss:0.401 || e_Loss:-0.859 || Aad_Loss:-36.232 || 耗时：12.91s
轮次:·19/·20 || c_Loss:0.372 || e_Loss:-1.024 || Aad_Loss:-32.209 || 耗时：12.91s
轮次:·20/·20 || c_Loss:0.368 || e_Loss:-0.952 || Aad_Loss:-34.393 || 耗时：12.92s
任务: (B2)N15_M07_F10→(B3)N15_M07_F04; mix批次:····0; 批次:·1880/·1880;  总正确率: 66.67%
类型1 正确率： 100.00% -> 1  100.00%, 2    0.00%, 3    0.00%
类型2 正确率：  50.00% -> 1   50.00%, 2   50.00%, 3    0.00%
类型3 正确率：  50.00% -> 1    0.00%, 2   50.00%, 3   50.00%


测试集任务: (B2)N15_M07_F10→(B3)N15_M07_F04; 总正确率 = 66.67%
类型1 正确率： 100.00% -> 1  100.00%, 2    0.00%, 3    0.00%
类型2 正确率：  50.00% -> 1   50.00%, 2   50.00%, 3    0.00%
类型3 正确率：  50.00% -> 1    0.00%, 2   50.00%, 3   50.00%


