读取源域路径：/kaggle/working/k10/S08/weight_PU_M1_final_checkpoint_FS08toS08_s2024/NEW_PU/Source-源域/log&pt/(B2)N15_M07_F10
excel输出位置：/kaggle/working/k10/S08/weight_PU_M1_final_checkpoint_FS08toS08_s2024/NEW_PU/Target-目标域
特征图片输出位置：/kaggle/working/k10/S08/weight_PU_M1_final_checkpoint_FS08toS08_s2024/NEW_PU/Picture-特征图/2026年09月19日08时31分/(B2)N15_M07_F10
现在选取:(B2)N15_M07_F10 进行训练的源模型
现在进行：(B2)N15_M07_F10→(B1)N15_M01_F10 的迁移任务
log&pt输出位置：/kaggle/working/k10/S08/weight_PU_M1_final_checkpoint_FS08toS08_s2024/NEW_PU/Target-目标域/log&pt/(B2)N15_M07_F10→(B1)N15_M01_F10
任务: (B2)N15_M07_F10→(B1)N15_M01_F10; 批次:····0/·1880;  总正确率: 94.52%
类型1 正确率： 100.00% -> 1   99.95%, 2    0.00%, 3    0.05%
类型2 正确率：  84.00% -> 1    0.35%, 2   83.60%, 3   16.05%
类型3 正确率： 100.00% -> 1    0.00%, 2    0.00%, 3  100.00%


样本变换：reverse
样本变换：mask
样本变换：shift
样本变换：none
未过滤	未用伪标签：94.52% -> 使用伪标签：94.75%
已过滤	未用伪标签：95.60% -> 使用伪标签：96.24%
排除样本：93|6000	剩余：2002, 1686, 2219
增添样本：750		细则：217, 533, 0	正确率估算：98.67%
类型1 正确率： 100.00% -> 1  100.00%, 2    0.00%, 3    0.00%
类型2 正确率：  88.00% -> 1    0.10%, 2   88.36%, 3   11.53%
类型3 正确率： 100.00% -> 1    0.00%, 2    0.00%, 3  100.00%

被排除样本 正确率：25.81%
类型1 没有样本或未被分类。
类型2 正确率：  25.00% -> 1    3.26%, 2   25.00%, 3   71.74%
类型3 正确率： 100.00% -> 1    0.00%, 2    0.00%, 3  100.00%


轮次:··1/·20 || c_Loss:0.568 || e_Loss:-0.965 || Aad_Loss:-24.651 || 耗时：33.83s
轮次:··2/·20 || c_Loss:0.406 || e_Loss:-0.952 || Aad_Loss:-28.409 || 耗时：13.23s
轮次:··3/·20 || c_Loss:0.400 || e_Loss:-0.886 || Aad_Loss:-27.850 || 耗时：13.08s
轮次:··4/·20 || c_Loss:0.387 || e_Loss:-1.645 || Aad_Loss:-27.529 || 耗时：12.98s
轮次:··5/·20 || c_Loss:0.386 || e_Loss:-0.866 || Aad_Loss:-27.821 || 耗时：12.92s
任务: (B2)N15_M07_F10→(B1)N15_M01_F10; mix批次:····0; 批次:··470/·1880;  总正确率: 94.22%
类型1 正确率： 100.00% -> 1   99.95%, 2    0.00%, 3    0.05%
类型2 正确率：  83.00% -> 1    0.25%, 2   82.70%, 3   17.05%
类型3 正确率： 100.00% -> 1    0.00%, 2    0.00%, 3  100.00%


样本变换：reverse
样本变换：mask
样本变换：shift
样本变换：none
未过滤	未用伪标签：94.22% -> 使用伪标签：94.72%
已过滤	未用伪标签：94.86% -> 使用伪标签：95.51%
排除样本：50|6000	剩余：2002, 1684, 2264
增添样本：842		细则：262, 580, 0	正确率估算：98.57%
类型1 正确率： 100.00% -> 1  100.00%, 2    0.00%, 3    0.00%
类型2 正确率：  86.00% -> 1    0.10%, 2   86.31%, 3   13.58%
类型3 正确率： 100.00% -> 1    0.00%, 2    0.00%, 3  100.00%

被排除样本 正确率：18.00%
类型1 没有样本或未被分类。
类型2 正确率：  16.00% -> 1    6.12%, 2   16.33%, 3   77.55%
类型3 正确率： 100.00% -> 1    0.00%, 2    0.00%, 3  100.00%


轮次:··6/·20 || c_Loss:0.371 || e_Loss:-0.936 || Aad_Loss:-30.199 || 耗时：33.74s
轮次:··7/·20 || c_Loss:0.397 || e_Loss:-1.724 || Aad_Loss:-29.644 || 耗时：13.06s
轮次:··8/·20 || c_Loss:0.389 || e_Loss:-1.830 || Aad_Loss:-29.610 || 耗时：13.09s
轮次:··9/·20 || c_Loss:0.398 || e_Loss:-1.789 || Aad_Loss:-28.062 || 耗时：13.10s
轮次:·10/·20 || c_Loss:0.391 || e_Loss:-1.860 || Aad_Loss:-28.192 || 耗时：13.09s
任务: (B2)N15_M07_F10→(B1)N15_M01_F10; mix批次:····0; 批次:··940/·1880;  总正确率: 94.82%
类型1 正确率： 100.00% -> 1  100.00%, 2    0.00%, 3    0.00%
类型2 正确率：  84.00% -> 1    0.20%, 2   84.45%, 3   15.35%
类型3 正确率： 100.00% -> 1    0.00%, 2    0.00%, 3  100.00%


样本变换：reverse
样本变换：mask
样本变换：shift
样本变换：none
未过滤	未用伪标签：94.82% -> 使用伪标签：94.90%
已过滤	未用伪标签：95.25% -> 使用伪标签：95.47%
排除样本：36|6000	剩余：2002, 1695, 2267
增添样本：837		细则：265, 572, 0	正确率估算：97.61%
类型1 正确率： 100.00% -> 1  100.00%, 2    0.00%, 3    0.00%
类型2 正确率：  86.00% -> 1    0.10%, 2   86.26%, 3   13.64%
类型3 正确率： 100.00% -> 1    0.00%, 2    0.00%, 3  100.00%

被排除样本 正确率：22.22%
类型1 没有样本或未被分类。
类型2 正确率：  20.00% -> 1    5.71%, 2   20.00%, 3   74.29%
类型3 正确率： 100.00% -> 1    0.00%, 2    0.00%, 3  100.00%


轮次:·11/·20 || c_Loss:0.391 || e_Loss:-0.903 || Aad_Loss:-31.550 || 耗时：33.81s
轮次:·12/·20 || c_Loss:0.385 || e_Loss:-0.938 || Aad_Loss:-29.181 || 耗时：13.00s
轮次:·13/·20 || c_Loss:0.391 || e_Loss:-1.789 || Aad_Loss:-30.453 || 耗时：13.03s
轮次:·14/·20 || c_Loss:0.392 || e_Loss:-0.954 || Aad_Loss:-30.042 || 耗时：13.02s
轮次:·15/·20 || c_Loss:0.415 || e_Loss:-0.890 || Aad_Loss:-31.302 || 耗时：13.02s
任务: (B2)N15_M07_F10→(B1)N15_M01_F10; mix批次:····0; 批次:·1410/·1880;  总正确率: 95.05%
类型1 正确率： 100.00% -> 1  100.00%, 2    0.00%, 3    0.00%
类型2 正确率：  85.00% -> 1    0.10%, 2   85.15%, 3   14.75%
类型3 正确率： 100.00% -> 1    0.00%, 2    0.00%, 3  100.00%


样本变换：reverse
样本变换：mask
样本变换：shift
样本变换：none
未过滤	未用伪标签：95.05% -> 使用伪标签：95.13%
已过滤	未用伪标签：95.44% -> 使用伪标签：95.63%
排除样本：31|6000	剩余：2001, 1711, 2257
增添样本：802		细则：256, 546, 0	正确率估算：98.88%
类型1 正确率： 100.00% -> 1  100.00%, 2    0.00%, 3    0.00%
类型2 正确率：  87.00% -> 1    0.05%, 2   86.80%, 3   13.15%
类型3 正确率： 100.00% -> 1    0.00%, 2    0.05%, 3   99.95%

被排除样本 正确率：19.35%
类型1 没有样本或未被分类。
类型2 正确率：  17.00% -> 1    3.33%, 2   16.67%, 3   80.00%
类型3 正确率： 100.00% -> 1    0.00%, 2    0.00%, 3  100.00%


轮次:·16/·20 || c_Loss:0.397 || e_Loss:-1.952 || Aad_Loss:-28.809 || 耗时：33.65s
轮次:·17/·20 || c_Loss:0.391 || e_Loss:-1.813 || Aad_Loss:-30.457 || 耗时：12.96s
轮次:·18/·20 || c_Loss:0.388 || e_Loss:-0.973 || Aad_Loss:-30.225 || 耗时：13.00s
轮次:·19/·20 || c_Loss:0.404 || e_Loss:-0.936 || Aad_Loss:-30.111 || 耗时：12.99s
轮次:·20/·20 || c_Loss:0.385 || e_Loss:-0.975 || Aad_Loss:-30.278 || 耗时：13.00s
任务: (B2)N15_M07_F10→(B1)N15_M01_F10; mix批次:····0; 批次:·1880/·1880;  总正确率: 95.25%
类型1 正确率： 100.00% -> 1  100.00%, 2    0.00%, 3    0.00%
类型2 正确率：  86.00% -> 1    0.10%, 2   85.80%, 3   14.10%
类型3 正确率： 100.00% -> 1    0.00%, 2    0.05%, 3   99.95%


测试集任务: (B2)N15_M07_F10→(B1)N15_M01_F10; 总正确率 = 95.25%
类型1 正确率： 100.00% -> 1  100.00%, 2    0.00%, 3    0.00%
类型2 正确率：  86.00% -> 1    0.10%, 2   85.80%, 3   14.10%
类型3 正确率： 100.00% -> 1    0.00%, 2    0.05%, 3   99.95%


