读取源域路径：/kaggle/working/k10/S08/weight_PU_M1_final_checkpoint_FS08toS08_s2024/NEW_PU/Source-源域/log&pt/(B1)N15_M01_F10
excel输出位置：/kaggle/working/k10/S08/weight_PU_M1_final_checkpoint_FS08toS08_s2024/NEW_PU/Target-目标域
特征图片输出位置：/kaggle/working/k10/S08/weight_PU_M1_final_checkpoint_FS08toS08_s2024/NEW_PU/Picture-特征图/2026年09月19日08时19分/(B1)N15_M01_F10
现在选取:(B1)N15_M01_F10 进行训练的源模型
现在进行：(B1)N15_M01_F10→(B2)N15_M07_F10 的迁移任务
log&pt输出位置：/kaggle/working/k10/S08/weight_PU_M1_final_checkpoint_FS08toS08_s2024/NEW_PU/Target-目标域/log&pt/(B1)N15_M01_F10→(B2)N15_M07_F10
任务: (B1)N15_M01_F10→(B2)N15_M07_F10; 批次:····0/·1880;  总正确率: 99.53%
类型1 正确率： 100.00% -> 1  100.00%, 2    0.00%, 3    0.00%
类型2 正确率： 100.00% -> 1    0.05%, 2   99.65%, 3    0.30%
类型3 正确率：  99.00% -> 1    0.00%, 2    1.05%, 3   98.95%


样本变换：reverse
样本变换：mask
样本变换：shift
样本变换：none
未过滤	未用伪标签：99.53% -> 使用伪标签：99.18%
已过滤	未用伪标签：99.66% -> 使用伪标签：99.75%
排除样本：34|6000	剩余：2002, 2002, 1962
增添样本：40		细则：0, 0, 40	正确率估算：100.00%
类型1 正确率： 100.00% -> 1  100.00%, 2    0.00%, 3    0.00%
类型2 正确率： 100.00% -> 1    0.10%, 2   99.80%, 3    0.10%
类型3 正确率：  99.00% -> 1    0.00%, 2    0.56%, 3   99.44%

被排除样本 正确率：76.47%
类型1 正确率：  80.00% -> 1   80.00%, 2   20.00%
类型2 正确率：  76.00% -> 1   24.14%, 2   75.86%


轮次:··1/·20 || c_Loss:0.625 || e_Loss:-1.038 || Aad_Loss:-26.119 || 耗时：34.02s
轮次:··2/·20 || c_Loss:0.463 || e_Loss:-0.929 || Aad_Loss:-26.421 || 耗时：13.17s
轮次:··3/·20 || c_Loss:0.394 || e_Loss:-0.971 || Aad_Loss:-29.596 || 耗时：13.01s
轮次:··4/·20 || c_Loss:0.391 || e_Loss:-0.949 || Aad_Loss:-28.865 || 耗时：12.94s
轮次:··5/·20 || c_Loss:0.392 || e_Loss:-0.876 || Aad_Loss:-28.028 || 耗时：12.87s
任务: (B1)N15_M01_F10→(B2)N15_M07_F10; mix批次:····0; 批次:··470/·1880;  总正确率: 99.83%
类型1 正确率： 100.00% -> 1  100.00%, 2    0.00%, 3    0.00%
类型2 正确率： 100.00% -> 1    0.10%, 2   99.50%, 3    0.40%
类型3 正确率： 100.00% -> 1    0.00%, 2    0.00%, 3  100.00%


样本变换：reverse
样本变换：mask
样本变换：shift
样本变换：none
未过滤	未用伪标签：99.83% -> 使用伪标签：99.57%
已过滤	未用伪标签：99.83% -> 使用伪标签：99.77%
排除样本：12|6000	剩余：2003, 1974, 2011
增添样本：45		细则：8, 37, 0	正确率估算：100.00%
类型1 正确率： 100.00% -> 1  100.00%, 2    0.00%, 3    0.00%
类型2 正确率：  99.00% -> 1    0.15%, 2   99.30%, 3    0.55%
类型3 正确率： 100.00% -> 1    0.00%, 2    0.00%, 3  100.00%

被排除样本 正确率：100.00%
类型1 正确率： 100.00% -> 1  100.00%


轮次:··6/·20 || c_Loss:0.390 || e_Loss:-0.976 || Aad_Loss:-30.152 || 耗时：33.14s
轮次:··7/·20 || c_Loss:0.395 || e_Loss:-0.969 || Aad_Loss:-29.957 || 耗时：12.97s
轮次:··8/·20 || c_Loss:0.388 || e_Loss:-0.963 || Aad_Loss:-30.772 || 耗时：12.97s
轮次:··9/·20 || c_Loss:0.382 || e_Loss:-0.952 || Aad_Loss:-31.618 || 耗时：13.00s
轮次:·10/·20 || c_Loss:0.386 || e_Loss:-0.963 || Aad_Loss:-30.761 || 耗时：13.01s
任务: (B1)N15_M01_F10→(B2)N15_M07_F10; mix批次:····0; 批次:··940/·1880;  总正确率: 99.87%
类型1 正确率： 100.00% -> 1  100.00%, 2    0.00%, 3    0.00%
类型2 正确率： 100.00% -> 1    0.10%, 2   99.60%, 3    0.30%
类型3 正确率： 100.00% -> 1    0.00%, 2    0.00%, 3  100.00%


样本变换：reverse
样本变换：mask
样本变换：shift
样本变换：none
未过滤	未用伪标签：99.87% -> 使用伪标签：99.88%
已过滤	未用伪标签：99.90% -> 使用伪标签：99.95%
排除样本：4|6000	剩余：2002, 1995, 1999
增添样本：10		细则：0, 7, 3	正确率估算：100.00%
类型1 正确率： 100.00% -> 1  100.00%, 2    0.00%, 3    0.00%
类型2 正确率： 100.00% -> 1    0.10%, 2   99.85%, 3    0.05%
类型3 正确率： 100.00% -> 1    0.00%, 2    0.00%, 3  100.00%

被排除样本 正确率：50.00%
类型1 正确率：   0.00% -> 1    0.00%, 2  100.00%
类型2 正确率： 100.00% -> 1    0.00%, 2  100.00%


轮次:·11/·20 || c_Loss:0.389 || e_Loss:-0.978 || Aad_Loss:-27.709 || 耗时：33.24s
轮次:·12/·20 || c_Loss:0.381 || e_Loss:-0.987 || Aad_Loss:-28.194 || 耗时：12.97s
轮次:·13/·20 || c_Loss:0.399 || e_Loss:-0.950 || Aad_Loss:-27.576 || 耗时：12.98s
轮次:·14/·20 || c_Loss:0.384 || e_Loss:-0.998 || Aad_Loss:-27.669 || 耗时：12.98s
轮次:·15/·20 || c_Loss:0.389 || e_Loss:-0.991 || Aad_Loss:-27.400 || 耗时：12.98s
任务: (B1)N15_M01_F10→(B2)N15_M07_F10; mix批次:····0; 批次:·1410/·1880;  总正确率: 99.95%
类型1 正确率： 100.00% -> 1  100.00%, 2    0.00%, 3    0.00%
类型2 正确率： 100.00% -> 1    0.10%, 2   99.85%, 3    0.05%
类型3 正确率： 100.00% -> 1    0.00%, 2    0.00%, 3  100.00%


样本变换：reverse
样本变换：mask
样本变换：shift
样本变换：none
未过滤	未用伪标签：99.95% -> 使用伪标签：99.95%
已过滤	未用伪标签：99.95% -> 使用伪标签：99.95%
排除样本：2002|6000	剩余：1997, 2001
增添样本：6		细则：0, 5, 1	正确率估算：100.00%
类型1 正确率： 100.00% -> 1  100.00%, 2    0.00%, 3    0.00%
类型2 正确率： 100.00% -> 1    0.10%, 2   99.85%, 3    0.05%
类型3 正确率： 100.00% -> 1    0.00%, 2    0.00%, 3  100.00%

被排除样本 正确率：nan%


轮次:·16/·20 || c_Loss:0.398 || e_Loss:-0.976 || Aad_Loss:-25.570 || 耗时：33.15s
轮次:·17/·20 || c_Loss:0.394 || e_Loss:-0.932 || Aad_Loss:-26.338 || 耗时：13.00s
轮次:·18/·20 || c_Loss:0.388 || e_Loss:-0.991 || Aad_Loss:-25.948 || 耗时：13.02s
轮次:·19/·20 || c_Loss:0.386 || e_Loss:-0.946 || Aad_Loss:-27.522 || 耗时：13.01s
轮次:·20/·20 || c_Loss:0.394 || e_Loss:-0.942 || Aad_Loss:-27.239 || 耗时：13.02s
任务: (B1)N15_M01_F10→(B2)N15_M07_F10; mix批次:····0; 批次:·1880/·1880;  总正确率: 99.95%
类型1 正确率： 100.00% -> 1  100.00%, 2    0.00%, 3    0.00%
类型2 正确率： 100.00% -> 1    0.10%, 2   99.85%, 3    0.05%
类型3 正确率： 100.00% -> 1    0.00%, 2    0.00%, 3  100.00%


测试集任务: (B1)N15_M01_F10→(B2)N15_M07_F10; 总正确率 = 99.95%
类型1 正确率： 100.00% -> 1  100.00%, 2    0.00%, 3    0.00%
类型2 正确率： 100.00% -> 1    0.10%, 2   99.85%, 3    0.05%
类型3 正确率： 100.00% -> 1    0.00%, 2    0.00%, 3  100.00%


