读取源域路径：/kaggle/working/k10/S08/weight_PU_M1_final_checkpoint_FS08toS08_s2024/NEW_PU/Source-源域/log&pt/(B2)N15_M07_F10
excel输出位置：/kaggle/working/k10/S08/weight_PU_M1_final_checkpoint_FS08toS08_s2024/NEW_PU/Target-目标域
特征图片输出位置：/kaggle/working/k10/S08/weight_PU_M1_final_checkpoint_FS08toS08_s2024/NEW_PU/Picture-特征图/2026年09月19日08时37分/(B2)N15_M07_F10
现在选取:(B2)N15_M07_F10 进行训练的源模型
现在进行：(B2)N15_M07_F10→(B3)N15_M07_F04 的迁移任务
log&pt输出位置：/kaggle/working/k10/S08/weight_PU_M1_final_checkpoint_FS08toS08_s2024/NEW_PU/Target-目标域/log&pt/(B2)N15_M07_F10→(B3)N15_M07_F04
任务: (B2)N15_M07_F10→(B3)N15_M07_F04; 批次:····0/·1880;  总正确率: 94.10%
类型1 正确率： 100.00% -> 1  100.00%, 2    0.00%, 3    0.00%
类型2 正确率：  91.00% -> 1    0.05%, 2   90.70%, 3    9.25%
类型3 正确率：  92.00% -> 1    1.35%, 2    7.05%, 3   91.60%


样本变换：reverse
样本变换：mask
样本变换：shift
样本变换：none
未过滤	未用伪标签：94.10% -> 使用伪标签：93.58%
已过滤	未用伪标签：95.23% -> 使用伪标签：96.03%
排除样本：153|6000	剩余：2032, 2057, 1758
增添样本：324		细则：25, 0, 299	正确率估算：100.00%
类型1 正确率： 100.00% -> 1  100.00%, 2    0.00%, 3    0.00%
类型2 正确率：  98.00% -> 1    0.10%, 2   97.69%, 3    2.21%
类型3 正确率：  90.00% -> 1    1.58%, 2    8.25%, 3   90.17%

被排除样本 正确率：50.98%
类型1 没有样本或未被分类。
类型2 正确率：  29.00% -> 1    0.00%, 2   29.09%, 3   70.91%
类型3 正确率：  63.00% -> 1    6.12%, 2   30.61%, 3   63.27%


轮次:··1/·20 || c_Loss:0.544 || e_Loss:-1.755 || Aad_Loss:-23.080 || 耗时：33.34s
轮次:··2/·20 || c_Loss:0.450 || e_Loss:-0.880 || Aad_Loss:-27.459 || 耗时：13.13s
轮次:··3/·20 || c_Loss:0.344 || e_Loss:-0.879 || Aad_Loss:-29.412 || 耗时：13.06s
轮次:··4/·20 || c_Loss:0.366 || e_Loss:-0.859 || Aad_Loss:-29.063 || 耗时：13.01s
轮次:··5/·20 || c_Loss:0.355 || e_Loss:-1.659 || Aad_Loss:-27.262 || 耗时：12.99s
任务: (B2)N15_M07_F10→(B3)N15_M07_F04; mix批次:····0; 批次:··470/·1880;  总正确率: 97.40%
类型1 正确率： 100.00% -> 1  100.00%, 2    0.00%, 3    0.00%
类型2 正确率：  99.00% -> 1    0.00%, 2   98.65%, 3    1.35%
类型3 正确率：  94.00% -> 1    2.10%, 2    4.35%, 3   93.55%


样本变换：reverse
样本变换：mask
样本变换：shift
样本变换：none
未过滤	未用伪标签：97.40% -> 使用伪标签：97.15%
已过滤	未用伪标签：97.93% -> 使用伪标签：98.10%
排除样本：58|6000	剩余：2037, 2064, 1841
增添样本：250		细则：27, 0, 223	正确率估算：100.00%
类型1 正确率： 100.00% -> 1  100.00%, 2    0.00%, 3    0.00%
类型2 正确率： 100.00% -> 1    0.00%, 2   99.90%, 3    0.10%
类型3 正确率：  94.00% -> 1    1.90%, 2    3.79%, 3   94.31%

被排除样本 正确率：43.10%
类型1 没有样本或未被分类。
类型2 正确率：  12.00% -> 1    0.00%, 2   12.50%, 3   87.50%
类型3 正确率：  48.00% -> 1   16.00%, 2   36.00%, 3   48.00%


轮次:··6/·20 || c_Loss:0.357 || e_Loss:-1.773 || Aad_Loss:-29.357 || 耗时：33.24s
轮次:··7/·20 || c_Loss:0.381 || e_Loss:-0.888 || Aad_Loss:-27.431 || 耗时：12.98s
轮次:··8/·20 || c_Loss:0.365 || e_Loss:-0.949 || Aad_Loss:-30.789 || 耗时：13.04s
轮次:··9/·20 || c_Loss:0.368 || e_Loss:-1.446 || Aad_Loss:-28.082 || 耗时：13.07s
轮次:·10/·20 || c_Loss:0.364 || e_Loss:-0.928 || Aad_Loss:-28.772 || 耗时：13.07s
任务: (B2)N15_M07_F10→(B3)N15_M07_F04; mix批次:····0; 批次:··940/·1880;  总正确率: 97.63%
类型1 正确率： 100.00% -> 1  100.00%, 2    0.00%, 3    0.00%
类型2 正确率： 100.00% -> 1    0.00%, 2   99.95%, 3    0.05%
类型3 正确率：  93.00% -> 1    2.10%, 2    4.95%, 3   92.95%


样本变换：reverse
样本变换：mask
样本变换：shift
样本变换：none
未过滤	未用伪标签：97.63% -> 使用伪标签：97.28%
已过滤	未用伪标签：97.94% -> 使用伪标签：97.94%
排除样本：40|6000	剩余：2040, 2082, 1838
增添样本：286		细则：42, 0, 244	正确率估算：100.00%
类型1 正确率： 100.00% -> 1  100.00%, 2    0.00%, 3    0.00%
类型2 正确率： 100.00% -> 1    0.00%, 2  100.00%, 3    0.00%
类型3 正确率：  94.00% -> 1    2.04%, 2    4.23%, 3   93.73%

被排除样本 正确率：52.50%
类型1 没有样本或未被分类。
类型2 正确率： 100.00% -> 1    0.00%, 2  100.00%, 3    0.00%
类型3 正确率：  51.00% -> 1   17.95%, 2   30.77%, 3   51.28%


轮次:·11/·20 || c_Loss:0.401 || e_Loss:-1.831 || Aad_Loss:-27.060 || 耗时：33.42s
轮次:·12/·20 || c_Loss:0.377 || e_Loss:-0.963 || Aad_Loss:-29.510 || 耗时：12.89s
轮次:·13/·20 || c_Loss:0.379 || e_Loss:-0.913 || Aad_Loss:-29.121 || 耗时：12.89s
轮次:·14/·20 || c_Loss:0.372 || e_Loss:-1.843 || Aad_Loss:-29.815 || 耗时：12.88s
轮次:·15/·20 || c_Loss:0.374 || e_Loss:-1.949 || Aad_Loss:-29.149 || 耗时：12.88s
任务: (B2)N15_M07_F10→(B3)N15_M07_F04; mix批次:····0; 批次:·1410/·1880;  总正确率: 97.77%
类型1 正确率： 100.00% -> 1  100.00%, 2    0.00%, 3    0.00%
类型2 正确率： 100.00% -> 1    0.00%, 2   99.70%, 3    0.30%
类型3 正确率：  94.00% -> 1    1.85%, 2    4.55%, 3   93.60%


样本变换：reverse
样本变换：mask
样本变换：shift
样本变换：none
未过滤	未用伪标签：97.77% -> 使用伪标签：97.58%
已过滤	未用伪标签：98.12% -> 使用伪标签：98.14%
排除样本：34|6000	剩余：2036, 2072, 1858
增添样本：250		细则：36, 0, 214	正确率估算：100.00%
类型1 正确率： 100.00% -> 1  100.00%, 2    0.00%, 3    0.00%
类型2 正确率： 100.00% -> 1    0.00%, 2  100.00%, 3    0.00%
类型3 正确率：  94.00% -> 1    1.83%, 2    3.81%, 3   94.36%

被排除样本 正确率：35.29%
类型1 没有样本或未被分类。
类型2 正确率：  33.00% -> 1    0.00%, 2   33.33%, 3   66.67%
类型3 正确率：  35.00% -> 1   25.81%, 2   38.71%, 3   35.48%


轮次:·16/·20 || c_Loss:0.375 || e_Loss:-0.940 || Aad_Loss:-30.348 || 耗时：33.18s
轮次:·17/·20 || c_Loss:0.373 || e_Loss:-2.009 || Aad_Loss:-29.044 || 耗时：13.02s
轮次:·18/·20 || c_Loss:0.376 || e_Loss:-0.962 || Aad_Loss:-31.865 || 耗时：13.07s
轮次:·19/·20 || c_Loss:0.377 || e_Loss:-0.952 || Aad_Loss:-29.337 || 耗时：13.09s
轮次:·20/·20 || c_Loss:0.373 || e_Loss:-0.971 || Aad_Loss:-29.752 || 耗时：13.04s
任务: (B2)N15_M07_F10→(B3)N15_M07_F04; mix批次:····0; 批次:·1880/·1880;  总正确率: 97.68%
类型1 正确率： 100.00% -> 1  100.00%, 2    0.00%, 3    0.00%
类型2 正确率： 100.00% -> 1    0.00%, 2  100.00%, 3    0.00%
类型3 正确率：  93.00% -> 1    1.70%, 2    5.25%, 3   93.05%


测试集任务: (B2)N15_M07_F10→(B3)N15_M07_F04; 总正确率 = 97.68%
类型1 正确率： 100.00% -> 1  100.00%, 2    0.00%, 3    0.00%
类型2 正确率： 100.00% -> 1    0.00%, 2  100.00%, 3    0.00%
类型3 正确率：  93.00% -> 1    1.70%, 2    5.25%, 3   93.05%


