读取源域路径：/kaggle/working/k10/S08/weight_PU_M1_final_checkpoint_FS08toS08_s2024/NEW_PU/Source-源域/log&pt/(B1)N15_M01_F10
excel输出位置：/kaggle/working/k10/S08/weight_PU_M1_final_checkpoint_FS08toS08_s2024/NEW_PU/Target-目标域
特征图片输出位置：/kaggle/working/k10/S08/weight_PU_M1_final_checkpoint_FS08toS08_s2024/NEW_PU/Picture-特征图/2026年09月19日08时25分/(B1)N15_M01_F10
现在选取:(B1)N15_M01_F10 进行训练的源模型
现在进行：(B1)N15_M01_F10→(B3)N15_M07_F04 的迁移任务
log&pt输出位置：/kaggle/working/k10/S08/weight_PU_M1_final_checkpoint_FS08toS08_s2024/NEW_PU/Target-目标域/log&pt/(B1)N15_M01_F10→(B3)N15_M07_F04
任务: (B1)N15_M01_F10→(B3)N15_M07_F04; 批次:····0/·1880;  总正确率: 89.43%
类型1 正确率： 100.00% -> 1  100.00%, 2    0.00%, 3    0.00%
类型2 正确率：  74.00% -> 1    0.50%, 2   73.90%, 3   25.60%
类型3 正确率：  94.00% -> 1    2.60%, 2    3.00%, 3   94.40%


样本变换：reverse
样本变换：mask
样本变换：shift
样本变换：none
未过滤	未用伪标签：89.43% -> 使用伪标签：88.65%
已过滤	未用伪标签：90.93% -> 使用伪标签：92.38%
排除样本：242|6000	剩余：2062, 1574, 2122
增添样本：608		细则：60, 548, 0	正确率估算：92.76%
类型1 正确率： 100.00% -> 1  100.00%, 2    0.00%, 3    0.00%
类型2 正确率：  82.00% -> 1    0.33%, 2   82.42%, 3   17.26%
类型3 正确率：  94.00% -> 1    2.92%, 2    3.12%, 3   93.96%

被排除样本 正确率：53.72%
类型1 没有样本或未被分类。
类型2 正确率：  46.00% -> 1    4.29%, 2   46.01%, 3   49.69%
类型3 正确率：  70.00% -> 1   10.13%, 2   20.25%, 3   69.62%


轮次:··1/·20 || c_Loss:0.539 || e_Loss:-1.268 || Aad_Loss:-26.315 || 耗时：33.76s
轮次:··2/·20 || c_Loss:0.385 || e_Loss:-0.963 || Aad_Loss:-26.335 || 耗时：13.23s
轮次:··3/·20 || c_Loss:0.359 || e_Loss:-1.508 || Aad_Loss:-26.260 || 耗时：13.09s
轮次:··4/·20 || c_Loss:0.369 || e_Loss:-1.434 || Aad_Loss:-24.819 || 耗时：12.99s
轮次:··5/·20 || c_Loss:0.346 || e_Loss:-1.509 || Aad_Loss:-28.010 || 耗时：12.93s
任务: (B1)N15_M01_F10→(B3)N15_M07_F04; mix批次:····0; 批次:··470/·1880;  总正确率: 91.87%
类型1 正确率： 100.00% -> 1  100.00%, 2    0.00%, 3    0.00%
类型2 正确率：  82.00% -> 1    0.00%, 2   82.45%, 3   17.55%
类型3 正确率：  93.00% -> 1    3.80%, 2    3.05%, 3   93.15%


样本变换：reverse
样本变换：mask
样本变换：shift
样本变换：none
未过滤	未用伪标签：91.87% -> 使用伪标签：91.43%
已过滤	未用伪标签：92.42% -> 使用伪标签：92.45%
排除样本：66|6000	剩余：2088, 1708, 2138
增添样本：480		细则：50, 430, 0	正确率估算：99.17%
类型1 正确率： 100.00% -> 1  100.00%, 2    0.00%, 3    0.00%
类型2 正确率：  84.00% -> 1    0.00%, 2   84.25%, 3   15.75%
类型3 正确率：  93.00% -> 1    4.48%, 2    2.54%, 3   92.98%

被排除样本 正确率：42.42%
类型1 没有样本或未被分类。
类型2 正确率：  25.00% -> 1    0.00%, 2   25.00%, 3   75.00%
类型3 正确率：  59.00% -> 1    2.94%, 2   38.24%, 3   58.82%


轮次:··6/·20 || c_Loss:0.363 || e_Loss:-1.868 || Aad_Loss:-28.757 || 耗时：33.31s
轮次:··7/·20 || c_Loss:0.387 || e_Loss:-0.849 || Aad_Loss:-26.507 || 耗时：12.96s
轮次:··8/·20 || c_Loss:0.359 || e_Loss:-0.907 || Aad_Loss:-31.780 || 耗时：13.04s
轮次:··9/·20 || c_Loss:0.379 || e_Loss:-0.898 || Aad_Loss:-31.028 || 耗时：13.04s
轮次:·10/·20 || c_Loss:0.396 || e_Loss:-1.492 || Aad_Loss:-28.803 || 耗时：13.01s
任务: (B1)N15_M01_F10→(B3)N15_M07_F04; mix批次:····0; 批次:··940/·1880;  总正确率: 92.20%
类型1 正确率： 100.00% -> 1  100.00%, 2    0.00%, 3    0.00%
类型2 正确率：  84.00% -> 1    0.00%, 2   84.00%, 3   16.00%
类型3 正确率：  93.00% -> 1    4.50%, 2    2.90%, 3   92.60%


样本变换：reverse
样本变换：mask
样本变换：shift
样本变换：none
未过滤	未用伪标签：92.20% -> 使用伪标签：91.82%
已过滤	未用伪标签：92.47% -> 使用伪标签：92.42%
排除样本：39|6000	剩余：2105, 1714, 2142
增添样本：465		细则：37, 428, 0	正确率估算：99.14%
类型1 正确率： 100.00% -> 1  100.00%, 2    0.00%, 3    0.00%
类型2 正确率：  85.00% -> 1    0.00%, 2   84.54%, 3   15.46%
类型3 正确率：  93.00% -> 1    5.30%, 2    2.07%, 3   92.63%

被排除样本 正确率：51.28%
类型1 正确率：  38.00% -> 1   38.10%, 2   61.90%
类型2 正确率：  67.00% -> 1   33.33%, 2   66.67%


轮次:·11/·20 || c_Loss:0.371 || e_Loss:-0.938 || Aad_Loss:-29.607 || 耗时：33.64s
轮次:·12/·20 || c_Loss:0.393 || e_Loss:-1.748 || Aad_Loss:-27.503 || 耗时：13.03s
轮次:·13/·20 || c_Loss:0.392 || e_Loss:-1.722 || Aad_Loss:-29.870 || 耗时：13.05s
轮次:·14/·20 || c_Loss:0.391 || e_Loss:-1.889 || Aad_Loss:-27.798 || 耗时：13.04s
轮次:·15/·20 || c_Loss:0.398 || e_Loss:-0.953 || Aad_Loss:-30.510 || 耗时：13.07s
任务: (B1)N15_M01_F10→(B3)N15_M07_F04; mix批次:····0; 批次:·1410/·1880;  总正确率: 92.15%
类型1 正确率： 100.00% -> 1  100.00%, 2    0.00%, 3    0.00%
类型2 正确率：  84.00% -> 1    0.00%, 2   84.05%, 3   15.95%
类型3 正确率：  92.00% -> 1    5.35%, 2    2.25%, 3   92.40%


样本变换：reverse
样本变换：mask
样本变换：shift
样本变换：none
未过滤	未用伪标签：92.15% -> 使用伪标签：91.98%
已过滤	未用伪标签：92.46% -> 使用伪标签：92.45%
排除样本：30|6000	剩余：2111, 1713, 2146
增添样本：468		细则：35, 433, 0	正确率估算：99.79%
类型1 正确率： 100.00% -> 1  100.00%, 2    0.00%, 3    0.00%
类型2 正确率：  85.00% -> 1    0.00%, 2   84.62%, 3   15.38%
类型3 正确率：  93.00% -> 1    5.59%, 2    1.76%, 3   92.65%

被排除样本 正确率：30.00%
类型1 没有样本或未被分类。
类型2 正确率：  24.00% -> 1    0.00%, 2   23.53%, 3   76.47%
类型3 正确率：  38.00% -> 1    7.69%, 2   53.85%, 3   38.46%


轮次:·16/·20 || c_Loss:0.368 || e_Loss:-1.921 || Aad_Loss:-30.282 || 耗时：33.51s
轮次:·17/·20 || c_Loss:0.386 || e_Loss:-0.921 || Aad_Loss:-29.753 || 耗时：12.96s
轮次:·18/·20 || c_Loss:0.371 || e_Loss:-0.988 || Aad_Loss:-30.122 || 耗时：12.92s
轮次:·19/·20 || c_Loss:0.385 || e_Loss:-0.975 || Aad_Loss:-30.451 || 耗时：12.93s
轮次:·20/·20 || c_Loss:0.386 || e_Loss:-0.859 || Aad_Loss:-28.581 || 耗时：12.97s
任务: (B1)N15_M01_F10→(B3)N15_M07_F04; mix批次:····0; 批次:·1880/·1880;  总正确率: 92.33%
类型1 正确率： 100.00% -> 1  100.00%, 2    0.00%, 3    0.00%
类型2 正确率：  84.00% -> 1    0.00%, 2   84.40%, 3   15.60%
类型3 正确率：  93.00% -> 1    5.60%, 2    1.80%, 3   92.60%


测试集任务: (B1)N15_M01_F10→(B3)N15_M07_F04; 总正确率 = 92.33%
类型1 正确率： 100.00% -> 1  100.00%, 2    0.00%, 3    0.00%
类型2 正确率：  84.00% -> 1    0.00%, 2   84.40%, 3   15.60%
类型3 正确率：  93.00% -> 1    5.60%, 2    1.80%, 3   92.60%


