读取源域路径：/kaggle/working/k10/S08/weight_PU_M1_final_checkpoint_FS08toS08_s2024/NEW_PU/Source-源域/log&pt/(B3)N15_M07_F04
excel输出位置：/kaggle/working/k10/S08/weight_PU_M1_final_checkpoint_FS08toS08_s2024/NEW_PU/Target-目标域
特征图片输出位置：/kaggle/working/k10/S08/weight_PU_M1_final_checkpoint_FS08toS08_s2024/NEW_PU/Picture-特征图/2026年09月19日08时49分/(B3)N15_M07_F04
现在选取:(B3)N15_M07_F04 进行训练的源模型
现在进行：(B3)N15_M07_F04→(B2)N15_M07_F10 的迁移任务
log&pt输出位置：/kaggle/working/k10/S08/weight_PU_M1_final_checkpoint_FS08toS08_s2024/NEW_PU/Target-目标域/log&pt/(B3)N15_M07_F04→(B2)N15_M07_F10
任务: (B3)N15_M07_F04→(B2)N15_M07_F10; 批次:····0/·1880;  总正确率: 99.47%
类型1 正确率： 100.00% -> 1   99.85%, 2    0.10%, 3    0.05%
类型2 正确率： 100.00% -> 1    0.00%, 2   99.90%, 3    0.10%
类型3 正确率：  99.00% -> 1    0.00%, 2    1.35%, 3   98.65%


样本变换：reverse
样本变换：mask
样本变换：shift
样本变换：none
未过滤	未用伪标签：99.47% -> 使用伪标签：99.37%
已过滤	未用伪标签：99.63% -> 使用伪标签：99.68%
排除样本：19|6000	剩余：1998, 2017, 1966
增添样本：70		细则：19, 0, 51	正确率估算：100.00%
类型1 正确率： 100.00% -> 1   99.95%, 2    0.05%, 3    0.00%
类型2 正确率： 100.00% -> 1    0.00%, 2  100.00%, 3    0.00%
类型3 正确率：  99.00% -> 1    0.00%, 2    0.91%, 3   99.09%

被排除样本 正确率：47.37%
类型1 正确率：   0.00% -> 1    0.00%, 2    0.00%, 3  100.00%
类型2 正确率：  50.00% -> 1    0.00%, 2   50.00%, 3   50.00%
类型3 正确率：  50.00% -> 1    0.00%, 2   50.00%, 3   50.00%


轮次:··1/·20 || c_Loss:0.561 || e_Loss:-1.043 || Aad_Loss:-27.352 || 耗时：33.24s
轮次:··2/·20 || c_Loss:0.440 || e_Loss:-0.974 || Aad_Loss:-27.332 || 耗时：13.19s
轮次:··3/·20 || c_Loss:0.394 || e_Loss:-0.967 || Aad_Loss:-30.284 || 耗时：13.08s
轮次:··4/·20 || c_Loss:0.431 || e_Loss:-0.833 || Aad_Loss:-30.488 || 耗时：13.00s
轮次:··5/·20 || c_Loss:0.380 || e_Loss:-0.937 || Aad_Loss:-30.323 || 耗时：12.93s
任务: (B3)N15_M07_F04→(B2)N15_M07_F10; mix批次:····0; 批次:··470/·1880;  总正确率: 99.92%
类型1 正确率： 100.00% -> 1  100.00%, 2    0.00%, 3    0.00%
类型2 正确率： 100.00% -> 1    0.05%, 2   99.75%, 3    0.20%
类型3 正确率： 100.00% -> 1    0.00%, 2    0.00%, 3  100.00%


样本变换：reverse
样本变换：mask
样本变换：shift
样本变换：none
未过滤	未用伪标签：99.92% -> 使用伪标签：99.92%
已过滤	未用伪标签：99.92% -> 使用伪标签：99.95%
排除样本：2|6000	剩余：2002, 1995, 2001
增添样本：8		细则：0, 7, 1	正确率估算：100.00%
类型1 正确率： 100.00% -> 1  100.00%, 2    0.00%, 3    0.00%
类型2 正确率： 100.00% -> 1    0.10%, 2   99.85%, 3    0.05%
类型3 正确率： 100.00% -> 1    0.00%, 2    0.00%, 3  100.00%

被排除样本 正确率：100.00%
类型1 正确率： 100.00% -> 1  100.00%


轮次:··6/·20 || c_Loss:0.389 || e_Loss:-1.719 || Aad_Loss:-26.382 || 耗时：33.04s
轮次:··7/·20 || c_Loss:0.393 || e_Loss:-0.933 || Aad_Loss:-27.801 || 耗时：13.03s
轮次:··8/·20 || c_Loss:0.392 || e_Loss:-0.980 || Aad_Loss:-26.964 || 耗时：13.04s
轮次:··9/·20 || c_Loss:0.389 || e_Loss:-0.994 || Aad_Loss:-26.229 || 耗时：13.06s
轮次:·10/·20 || c_Loss:0.388 || e_Loss:-0.972 || Aad_Loss:-27.208 || 耗时：13.06s
任务: (B3)N15_M07_F04→(B2)N15_M07_F10; mix批次:····0; 批次:··940/·1880;  总正确率: 99.97%
类型1 正确率： 100.00% -> 1  100.00%, 2    0.00%, 3    0.00%
类型2 正确率： 100.00% -> 1    0.05%, 2   99.90%, 3    0.05%
类型3 正确率： 100.00% -> 1    0.00%, 2    0.00%, 3  100.00%


样本变换：reverse
样本变换：mask
样本变换：shift
样本变换：none
未过滤	未用伪标签：99.97% -> 使用伪标签：99.95%
已过滤	未用伪标签：99.97% -> 使用伪标签：99.95%
排除样本：2002|6000	剩余：1997, 2001
增添样本：6		细则：0, 5, 1	正确率估算：100.00%
类型1 正确率： 100.00% -> 1  100.00%, 2    0.00%, 3    0.00%
类型2 正确率： 100.00% -> 1    0.10%, 2   99.85%, 3    0.05%
类型3 正确率： 100.00% -> 1    0.00%, 2    0.00%, 3  100.00%

被排除样本 正确率：nan%


轮次:·11/·20 || c_Loss:0.410 || e_Loss:-0.984 || Aad_Loss:-25.388 || 耗时：33.13s
轮次:·12/·20 || c_Loss:0.392 || e_Loss:-0.948 || Aad_Loss:-26.448 || 耗时：12.98s
轮次:·13/·20 || c_Loss:0.391 || e_Loss:-0.981 || Aad_Loss:-25.382 || 耗时：12.98s
轮次:·14/·20 || c_Loss:0.390 || e_Loss:-0.948 || Aad_Loss:-27.199 || 耗时：12.96s
轮次:·15/·20 || c_Loss:0.395 || e_Loss:-0.947 || Aad_Loss:-27.159 || 耗时：12.96s
任务: (B3)N15_M07_F04→(B2)N15_M07_F10; mix批次:····0; 批次:·1410/·1880;  总正确率: 99.97%
类型1 正确率： 100.00% -> 1  100.00%, 2    0.00%, 3    0.00%
类型2 正确率： 100.00% -> 1    0.05%, 2   99.90%, 3    0.05%
类型3 正确率： 100.00% -> 1    0.00%, 2    0.00%, 3  100.00%


样本变换：reverse
样本变换：mask
样本变换：shift
样本变换：none
未过滤	未用伪标签：99.97% -> 使用伪标签：99.95%
已过滤	未用伪标签：99.98% -> 使用伪标签：99.98%
排除样本：2|6000	剩余：2000, 1997, 2001
增添样本：5		细则：1, 4, 0	正确率估算：100.00%
类型1 正确率： 100.00% -> 1  100.00%, 2    0.00%, 3    0.00%
类型2 正确率： 100.00% -> 1    0.00%, 2   99.95%, 3    0.05%
类型3 正确率： 100.00% -> 1    0.00%, 2    0.00%, 3  100.00%

被排除样本 正确率：50.00%
类型1 没有样本或未被分类。
类型2 正确率：  50.00% -> 1   50.00%, 2   50.00%


轮次:·16/·20 || c_Loss:0.390 || e_Loss:-0.989 || Aad_Loss:-25.777 || 耗时：33.14s
轮次:·17/·20 || c_Loss:0.390 || e_Loss:-0.964 || Aad_Loss:-26.136 || 耗时：13.00s
轮次:·18/·20 || c_Loss:0.384 || e_Loss:-0.982 || Aad_Loss:-26.142 || 耗时：13.05s
轮次:·19/·20 || c_Loss:0.384 || e_Loss:-0.933 || Aad_Loss:-27.276 || 耗时：13.08s
轮次:·20/·20 || c_Loss:0.388 || e_Loss:-0.977 || Aad_Loss:-25.772 || 耗时：13.06s
任务: (B3)N15_M07_F04→(B2)N15_M07_F10; mix批次:····0; 批次:·1880/·1880;  总正确率: 99.97%
类型1 正确率： 100.00% -> 1  100.00%, 2    0.00%, 3    0.00%
类型2 正确率： 100.00% -> 1    0.05%, 2   99.90%, 3    0.05%
类型3 正确率： 100.00% -> 1    0.00%, 2    0.00%, 3  100.00%


测试集任务: (B3)N15_M07_F04→(B2)N15_M07_F10; 总正确率 = 99.97%
类型1 正确率： 100.00% -> 1  100.00%, 2    0.00%, 3    0.00%
类型2 正确率： 100.00% -> 1    0.05%, 2   99.90%, 3    0.05%
类型3 正确率： 100.00% -> 1    0.00%, 2    0.00%, 3  100.00%


