读取源域路径：/kaggle/working/k10/S08/weight_PU_M1_final_checkpoint_FS08toS08_s2024/NEW_PU/Source-源域/log&pt/(B3)N15_M07_F04
excel输出位置：/kaggle/working/k10/S08/weight_PU_M1_final_checkpoint_FS08toS08_s2024/NEW_PU/Target-目标域
特征图片输出位置：/kaggle/working/k10/S08/weight_PU_M1_final_checkpoint_FS08toS08_s2024/NEW_PU/Picture-特征图/2026年09月19日08时43分/(B3)N15_M07_F04
现在选取:(B3)N15_M07_F04 进行训练的源模型
现在进行：(B3)N15_M07_F04→(B1)N15_M01_F10 的迁移任务
log&pt输出位置：/kaggle/working/k10/S08/weight_PU_M1_final_checkpoint_FS08toS08_s2024/NEW_PU/Target-目标域/log&pt/(B3)N15_M07_F04→(B1)N15_M01_F10
任务: (B3)N15_M07_F04→(B1)N15_M01_F10; 批次:····0/·1880;  总正确率: 95.00%
类型1 正确率： 100.00% -> 1   99.80%, 2    0.00%, 3    0.20%
类型2 正确率：  87.00% -> 1    0.00%, 2   86.60%, 3   13.40%
类型3 正确率：  99.00% -> 1    0.00%, 2    1.40%, 3   98.60%


样本变换：reverse
样本变换：mask
样本变换：shift
样本变换：none
未过滤	未用伪标签：95.00% -> 使用伪标签：94.08%
已过滤	未用伪标签：95.96% -> 使用伪标签：96.28%
排除样本：137|6000	剩余：2000, 1686, 2177
增添样本：668		细则：177, 491, 0	正确率估算：98.65%
类型1 正确率： 100.00% -> 1  100.00%, 2    0.00%, 3    0.00%
类型2 正确率：  89.00% -> 1    0.00%, 2   89.00%, 3   11.00%
类型3 正确率：  99.00% -> 1    0.00%, 2    0.56%, 3   99.44%

被排除样本 正确率：54.01%
类型1 正确率：  56.00% -> 1   55.93%, 2   44.07%
类型2 正确率：  42.00% -> 1   57.89%, 2   42.11%


轮次:··1/·20 || c_Loss:0.519 || e_Loss:-1.688 || Aad_Loss:-25.979 || 耗时：33.67s
轮次:··2/·20 || c_Loss:0.390 || e_Loss:-1.739 || Aad_Loss:-25.903 || 耗时：13.16s
轮次:··3/·20 || c_Loss:0.389 || e_Loss:-1.828 || Aad_Loss:-27.129 || 耗时：13.00s
轮次:··4/·20 || c_Loss:0.416 || e_Loss:-0.842 || Aad_Loss:-25.018 || 耗时：12.92s
轮次:··5/·20 || c_Loss:0.385 || e_Loss:-1.814 || Aad_Loss:-27.178 || 耗时：12.88s
任务: (B3)N15_M07_F04→(B1)N15_M01_F10; mix批次:····0; 批次:··470/·1880;  总正确率: 93.63%
类型1 正确率： 100.00% -> 1   99.95%, 2    0.00%, 3    0.05%
类型2 正确率：  81.00% -> 1    0.00%, 2   80.95%, 3   19.05%
类型3 正确率： 100.00% -> 1    0.00%, 2    0.00%, 3  100.00%


样本变换：reverse
样本变换：mask
样本变换：shift
样本变换：none
未过滤	未用伪标签：93.63% -> 使用伪标签：94.08%
已过滤	未用伪标签：94.31% -> 使用伪标签：95.10%
排除样本：64|6000	剩余：2001, 1647, 2288
增添样本：928		细则：287, 641, 0	正确率估算：98.06%
类型1 正确率： 100.00% -> 1  100.00%, 2    0.00%, 3    0.00%
类型2 正确率：  85.00% -> 1    0.05%, 2   84.98%, 3   14.96%
类型3 正确率： 100.00% -> 1    0.00%, 2    0.00%, 3  100.00%

被排除样本 正确率：31.25%
类型1 正确率：  29.00% -> 1   29.03%, 2   70.97%
类型2 正确率： 100.00% -> 1    0.00%, 2  100.00%


轮次:··6/·20 || c_Loss:0.366 || e_Loss:-0.939 || Aad_Loss:-30.345 || 耗时：33.52s
轮次:··7/·20 || c_Loss:0.405 || e_Loss:-1.774 || Aad_Loss:-28.623 || 耗时：12.97s
轮次:··8/·20 || c_Loss:0.391 || e_Loss:-1.657 || Aad_Loss:-30.464 || 耗时：13.02s
轮次:··9/·20 || c_Loss:0.405 || e_Loss:-0.893 || Aad_Loss:-30.345 || 耗时：13.00s
轮次:·10/·20 || c_Loss:0.385 || e_Loss:-0.881 || Aad_Loss:-30.903 || 耗时：13.00s
任务: (B3)N15_M07_F04→(B1)N15_M01_F10; mix批次:····0; 批次:··940/·1880;  总正确率: 93.97%
类型1 正确率： 100.00% -> 1  100.00%, 2    0.00%, 3    0.00%
类型2 正确率：  82.00% -> 1    0.00%, 2   81.90%, 3   18.10%
类型3 正确率： 100.00% -> 1    0.00%, 2    0.00%, 3  100.00%


样本变换：reverse
样本变换：mask
样本变换：shift
样本变换：none
未过滤	未用伪标签：93.97% -> 使用伪标签：94.55%
已过滤	未用伪标签：94.54% -> 使用伪标签：95.33%
排除样本：49|6000	剩余：2001, 1674, 2276
增添样本：877		细则：275, 602, 0	正确率估算：98.06%
类型1 正确率： 100.00% -> 1  100.00%, 2    0.00%, 3    0.00%
类型2 正确率：  86.00% -> 1    0.05%, 2   85.76%, 3   14.19%
类型3 正确率： 100.00% -> 1    0.00%, 2    0.00%, 3  100.00%

被排除样本 正确率：24.49%
类型1 正确率：  23.00% -> 1   22.92%, 2   77.08%
类型2 正确率： 100.00% -> 1    0.00%, 2  100.00%


轮次:·11/·20 || c_Loss:0.404 || e_Loss:-0.914 || Aad_Loss:-28.636 || 耗时：33.76s
轮次:·12/·20 || c_Loss:0.380 || e_Loss:-1.715 || Aad_Loss:-28.727 || 耗时：12.97s
轮次:·13/·20 || c_Loss:0.402 || e_Loss:-1.743 || Aad_Loss:-28.597 || 耗时：12.98s
轮次:·14/·20 || c_Loss:0.402 || e_Loss:-1.766 || Aad_Loss:-28.888 || 耗时：12.99s
轮次:·15/·20 || c_Loss:0.383 || e_Loss:-0.920 || Aad_Loss:-30.241 || 耗时：12.99s
任务: (B3)N15_M07_F04→(B1)N15_M01_F10; mix批次:····0; 批次:·1410/·1880;  总正确率: 95.72%
类型1 正确率： 100.00% -> 1  100.00%, 2    0.00%, 3    0.00%
类型2 正确率：  87.00% -> 1    0.05%, 2   87.20%, 3   12.75%
类型3 正确率： 100.00% -> 1    0.00%, 2    0.05%, 3   99.95%


样本变换：reverse
样本变换：mask
样本变换：shift
样本变换：none
未过滤	未用伪标签：95.72% -> 使用伪标签：96.10%
已过滤	未用伪标签：96.44% -> 使用伪标签：96.96%
排除样本：53|6000	剩余：2001, 1769, 2177
增添样本：584		细则：176, 408, 0	正确率估算：99.14%
类型1 正确率： 100.00% -> 1  100.00%, 2    0.00%, 3    0.00%
类型2 正确率：  91.00% -> 1    0.05%, 2   90.72%, 3    9.23%
类型3 正确率： 100.00% -> 1    0.00%, 2    0.00%, 3  100.00%

被排除样本 正确率：15.09%
类型1 正确率：  12.00% -> 1   12.00%, 2   88.00%
类型2 正确率：  67.00% -> 1   33.33%, 2   66.67%


轮次:·16/·20 || c_Loss:0.388 || e_Loss:-1.860 || Aad_Loss:-30.036 || 耗时：33.48s
轮次:·17/·20 || c_Loss:0.384 || e_Loss:-0.893 || Aad_Loss:-29.329 || 耗时：13.06s
轮次:·18/·20 || c_Loss:0.377 || e_Loss:-1.977 || Aad_Loss:-30.261 || 耗时：13.07s
轮次:·19/·20 || c_Loss:0.383 || e_Loss:-1.994 || Aad_Loss:-28.650 || 耗时：13.07s
轮次:·20/·20 || c_Loss:0.391 || e_Loss:-0.902 || Aad_Loss:-31.365 || 耗时：13.06s
任务: (B3)N15_M07_F04→(B1)N15_M01_F10; mix批次:····0; 批次:·1880/·1880;  总正确率: 97.23%
类型1 正确率： 100.00% -> 1  100.00%, 2    0.00%, 3    0.00%
类型2 正确率：  92.00% -> 1    0.05%, 2   91.90%, 3    8.05%
类型3 正确率： 100.00% -> 1    0.00%, 2    0.20%, 3   99.80%


测试集任务: (B3)N15_M07_F04→(B1)N15_M01_F10; 总正确率 = 97.23%
类型1 正确率： 100.00% -> 1  100.00%, 2    0.00%, 3    0.00%
类型2 正确率：  92.00% -> 1    0.05%, 2   91.90%, 3    8.05%
类型3 正确率： 100.00% -> 1    0.00%, 2    0.20%, 3   99.80%


