读取源域路径：/kaggle/working/k10/S01/weight_PU_M1_final_checkpoint_FS01toS01_s2024/NEW_PU/Source-源域/log&pt/(B3)N15_M07_F04
excel输出位置：/kaggle/working/k10/S01/weight_PU_M1_final_checkpoint_FS01toS01_s2024/NEW_PU/Target-目标域
特征图片输出位置：/kaggle/working/k10/S01/weight_PU_M1_final_checkpoint_FS01toS01_s2024/NEW_PU/Picture-特征图/2026年09月16日01时42分/(B3)N15_M07_F04
现在选取:(B3)N15_M07_F04 进行训练的源模型
现在进行：(B3)N15_M07_F04→(B1)N15_M01_F10 的迁移任务
log&pt输出位置：/kaggle/working/k10/S01/weight_PU_M1_final_checkpoint_FS01toS01_s2024/NEW_PU/Target-目标域/log&pt/(B3)N15_M07_F04→(B1)N15_M01_F10
任务: (B3)N15_M07_F04→(B1)N15_M01_F10; 批次:····0/·1880;  总正确率: 93.12%
类型1 正确率：  99.00% -> 1   98.75%, 2    0.25%, 3    1.00%
类型2 正确率：  86.00% -> 1    0.00%, 2   86.30%, 3   13.70%
类型3 正确率：  94.00% -> 1    0.00%, 2    5.70%, 3   94.30%


样本变换：reverse
样本变换：mask
样本变换：shift
样本变换：none
未过滤	未用伪标签：93.12% -> 使用伪标签：94.67%
已过滤	未用伪标签：94.25% -> 使用伪标签：96.40%
排除样本：108|6000	剩余：1998, 1776, 2118
增添样本：462		细则：120, 342, 0	正确率估算：97.84%
类型1 正确率： 100.00% -> 1   99.95%, 2    0.00%, 3    0.05%
类型2 正确率：  91.00% -> 1    0.00%, 2   90.82%, 3    9.18%
类型3 正确率：  98.00% -> 1    0.00%, 2    1.77%, 3   98.23%

被排除样本 正确率：31.48%
类型1 正确率：   0.00% -> 1    0.00%, 2    0.00%, 3  100.00%
类型2 正确率：  31.00% -> 1    0.00%, 2   31.33%, 3   68.67%
类型3 正确率：  33.00% -> 1    0.00%, 2   66.67%, 3   33.33%


轮次:··1/·20 || c_Loss:0.533 || e_Loss:-1.690 || Aad_Loss:-25.402 || 耗时：32.91s
轮次:··2/·20 || c_Loss:0.404 || e_Loss:-0.924 || Aad_Loss:-27.715 || 耗时：12.47s
轮次:··3/·20 || c_Loss:0.425 || e_Loss:-1.282 || Aad_Loss:-27.511 || 耗时：12.51s
轮次:··4/·20 || c_Loss:0.383 || e_Loss:-1.551 || Aad_Loss:-28.835 || 耗时：12.56s
轮次:··5/·20 || c_Loss:0.396 || e_Loss:-0.840 || Aad_Loss:-28.085 || 耗时：12.55s
任务: (B3)N15_M07_F04→(B1)N15_M01_F10; mix批次:····0; 批次:··470/·1880;  总正确率: 96.82%
类型1 正确率： 100.00% -> 1  100.00%, 2    0.00%, 3    0.00%
类型2 正确率：  91.00% -> 1    0.00%, 2   90.75%, 3    9.25%
类型3 正确率： 100.00% -> 1    0.00%, 2    0.30%, 3   99.70%


样本变换：reverse
样本变换：mask
样本变换：shift
样本变换：none
未过滤	未用伪标签：96.82% -> 使用伪标签：96.53%
已过滤	未用伪标签：97.13% -> 使用伪标签：97.28%
排除样本：46|6000	剩余：2001, 1806, 2147
增添样本：487		细则：146, 341, 0	正确率估算：99.59%
类型1 正确率： 100.00% -> 1  100.00%, 2    0.00%, 3    0.00%
类型2 正确率：  92.00% -> 1    0.05%, 2   92.02%, 3    7.92%
类型3 正确率： 100.00% -> 1    0.00%, 2    0.30%, 3   99.70%

被排除样本 正确率：56.52%
类型1 正确率：  57.00% -> 1   56.82%, 2   43.18%
类型2 正确率：  50.00% -> 1   50.00%, 2   50.00%


轮次:··6/·20 || c_Loss:0.390 || e_Loss:-1.947 || Aad_Loss:-26.072 || 耗时：33.26s
轮次:··7/·20 || c_Loss:0.390 || e_Loss:-0.909 || Aad_Loss:-27.314 || 耗时：12.53s
轮次:··8/·20 || c_Loss:0.439 || e_Loss:-1.787 || Aad_Loss:-25.844 || 耗时：12.51s
轮次:··9/·20 || c_Loss:0.384 || e_Loss:-0.934 || Aad_Loss:-28.082 || 耗时：12.50s
轮次:·10/·20 || c_Loss:0.421 || e_Loss:-0.903 || Aad_Loss:-26.614 || 耗时：12.53s
任务: (B3)N15_M07_F04→(B1)N15_M01_F10; mix批次:····0; 批次:··940/·1880;  总正确率: 96.75%
类型1 正确率： 100.00% -> 1  100.00%, 2    0.00%, 3    0.00%
类型2 正确率：  90.00% -> 1    0.05%, 2   90.45%, 3    9.50%
类型3 正确率： 100.00% -> 1    0.00%, 2    0.20%, 3   99.80%


样本变换：reverse
样本变换：mask
样本变换：shift
样本变换：none
未过滤	未用伪标签：96.75% -> 使用伪标签：96.75%
已过滤	未用伪标签：97.13% -> 使用伪标签：97.35%
排除样本：37|6000	剩余：2001, 1819, 2143
增添样本：466		细则：142, 324, 0	正确率估算：99.14%
类型1 正确率： 100.00% -> 1  100.00%, 2    0.00%, 3    0.00%
类型2 正确率：  92.00% -> 1    0.05%, 2   92.26%, 3    7.68%
类型3 正确率： 100.00% -> 1    0.00%, 2    0.30%, 3   99.70%

被排除样本 正确率：35.14%
类型1 正确率：  31.00% -> 1   31.43%, 2   68.57%
类型2 正确率： 100.00% -> 1    0.00%, 2  100.00%


轮次:·11/·20 || c_Loss:0.399 || e_Loss:-1.714 || Aad_Loss:-26.974 || 耗时：33.18s
轮次:·12/·20 || c_Loss:0.393 || e_Loss:-0.900 || Aad_Loss:-31.605 || 耗时：12.44s
轮次:·13/·20 || c_Loss:0.416 || e_Loss:-0.917 || Aad_Loss:-29.082 || 耗时：12.43s
轮次:·14/·20 || c_Loss:0.406 || e_Loss:-0.914 || Aad_Loss:-31.045 || 耗时：12.45s
轮次:·15/·20 || c_Loss:0.419 || e_Loss:-1.814 || Aad_Loss:-29.104 || 耗时：12.45s
任务: (B3)N15_M07_F04→(B1)N15_M01_F10; mix批次:····0; 批次:·1410/·1880;  总正确率: 97.80%
类型1 正确率： 100.00% -> 1  100.00%, 2    0.00%, 3    0.00%
类型2 正确率：  94.00% -> 1    0.05%, 2   93.80%, 3    6.15%
类型3 正确率： 100.00% -> 1    0.00%, 2    0.40%, 3   99.60%


样本变换：reverse
样本变换：mask
样本变换：shift
样本变换：none
未过滤	未用伪标签：97.80% -> 使用伪标签：97.37%
已过滤	未用伪标签：98.18% -> 使用伪标签：98.18%
排除样本：50|6000	剩余：2000, 1865, 2085
增添样本：305		细则：85, 220, 0	正确率估算：100.00%
类型1 正确率： 100.00% -> 1  100.00%, 2    0.00%, 3    0.00%
类型2 正确率：  95.00% -> 1    0.00%, 2   94.89%, 3    5.11%
类型3 正确率： 100.00% -> 1    0.00%, 2    0.40%, 3   99.60%

被排除样本 正确率：52.00%
类型1 没有样本或未被分类。
类型2 正确率：  47.00% -> 1    2.33%, 2   46.51%, 3   51.16%
类型3 正确率：  86.00% -> 1    0.00%, 2   14.29%, 3   85.71%


轮次:·16/·20 || c_Loss:0.385 || e_Loss:-1.431 || Aad_Loss:-30.266 || 耗时：32.80s
轮次:·17/·20 || c_Loss:0.397 || e_Loss:-0.908 || Aad_Loss:-30.293 || 耗时：12.48s
轮次:·18/·20 || c_Loss:0.475 || e_Loss:-0.785 || Aad_Loss:-33.414 || 耗时：12.49s
轮次:·19/·20 || c_Loss:0.449 || e_Loss:-0.878 || Aad_Loss:-30.402 || 耗时：12.49s
轮次:·20/·20 || c_Loss:0.378 || e_Loss:-0.966 || Aad_Loss:-30.454 || 耗时：12.47s
任务: (B3)N15_M07_F04→(B1)N15_M01_F10; mix批次:····0; 批次:·1880/·1880;  总正确率: 97.55%
类型1 正确率： 100.00% -> 1  100.00%, 2    0.00%, 3    0.00%
类型2 正确率：  93.00% -> 1    0.05%, 2   92.90%, 3    7.05%
类型3 正确率： 100.00% -> 1    0.00%, 2    0.25%, 3   99.75%


测试集任务: (B3)N15_M07_F04→(B1)N15_M01_F10; 总正确率 = 97.55%
类型1 正确率： 100.00% -> 1  100.00%, 2    0.00%, 3    0.00%
类型2 正确率：  93.00% -> 1    0.05%, 2   92.90%, 3    7.05%
类型3 正确率： 100.00% -> 1    0.00%, 2    0.25%, 3   99.75%


