读取源域路径：/kaggle/working/k10/S01/weight_PU_M1_final_checkpoint_FS01toS01_s2024/NEW_PU/Source-源域/log&pt/(B1)N15_M01_F10
excel输出位置：/kaggle/working/k10/S01/weight_PU_M1_final_checkpoint_FS01toS01_s2024/NEW_PU/Target-目标域
特征图片输出位置：/kaggle/working/k10/S01/weight_PU_M1_final_checkpoint_FS01toS01_s2024/NEW_PU/Picture-特征图/2026年09月16日01时19分/(B1)N15_M01_F10
现在选取:(B1)N15_M01_F10 进行训练的源模型
现在进行：(B1)N15_M01_F10→(B2)N15_M07_F10 的迁移任务
log&pt输出位置：/kaggle/working/k10/S01/weight_PU_M1_final_checkpoint_FS01toS01_s2024/NEW_PU/Target-目标域/log&pt/(B1)N15_M01_F10→(B2)N15_M07_F10
任务: (B1)N15_M01_F10→(B2)N15_M07_F10; 批次:····0/·1880;  总正确率: 98.97%
类型1 正确率： 100.00% -> 1  100.00%, 2    0.00%, 3    0.00%
类型2 正确率：  98.00% -> 1    0.10%, 2   97.70%, 3    2.20%
类型3 正确率：  99.00% -> 1    0.00%, 2    0.80%, 3   99.20%


样本变换：reverse
样本变换：mask
样本变换：shift
样本变换：none
未过滤	未用伪标签：98.97% -> 使用伪标签：98.23%
已过滤	未用伪标签：99.26% -> 使用伪标签：99.19%
排除样本：58|6000	剩余：2002, 1940, 2000
增添样本：64		细则：0, 62, 2	正确率估算：100.00%
类型1 正确率： 100.00% -> 1  100.00%, 2    0.00%, 3    0.00%
类型2 正确率：  98.00% -> 1    0.10%, 2   98.22%, 3    1.68%
类型3 正确率：  99.00% -> 1    0.00%, 2    0.66%, 3   99.34%

被排除样本 正确率：68.97%
类型1 正确率：  68.00% -> 1   68.42%, 2   31.58%
类型2 正确率：  70.00% -> 1   30.00%, 2   70.00%


轮次:··1/·20 || c_Loss:0.599 || e_Loss:-1.531 || Aad_Loss:-26.910 || 耗时：32.78s
轮次:··2/·20 || c_Loss:0.433 || e_Loss:-0.972 || Aad_Loss:-27.734 || 耗时：12.43s
轮次:··3/·20 || c_Loss:0.414 || e_Loss:-1.137 || Aad_Loss:-30.781 || 耗时：12.41s
轮次:··4/·20 || c_Loss:0.378 || e_Loss:-1.775 || Aad_Loss:-28.432 || 耗时：12.47s
轮次:··5/·20 || c_Loss:0.368 || e_Loss:-0.943 || Aad_Loss:-29.823 || 耗时：12.48s
任务: (B1)N15_M01_F10→(B2)N15_M07_F10; mix批次:····0; 批次:··470/·1880;  总正确率: 98.27%
类型1 正确率： 100.00% -> 1  100.00%, 2    0.00%, 3    0.00%
类型2 正确率：  95.00% -> 1    0.15%, 2   94.80%, 3    5.05%
类型3 正确率： 100.00% -> 1    0.00%, 2    0.00%, 3  100.00%


样本变换：reverse
样本变换：mask
样本变换：shift
样本变换：none
未过滤	未用伪标签：98.27% -> 使用伪标签：98.08%
已过滤	未用伪标签：98.61% -> 使用伪标签：98.87%
排除样本：48|6000	剩余：2003, 1885, 2064
增添样本：240		细则：61, 179, 0	正确率估算：97.92%
类型1 正确率： 100.00% -> 1  100.00%, 2    0.00%, 3    0.00%
类型2 正确率：  97.00% -> 1    0.15%, 2   96.57%, 3    3.28%
类型3 正确率： 100.00% -> 1    0.00%, 2    0.00%, 3  100.00%

被排除样本 正确率：56.25%
类型1 正确率：  56.00% -> 1   56.25%, 2   43.75%
类型2 没有样本或未被分类。


轮次:··6/·20 || c_Loss:0.364 || e_Loss:-1.882 || Aad_Loss:-29.818 || 耗时：32.79s
轮次:··7/·20 || c_Loss:0.378 || e_Loss:-1.874 || Aad_Loss:-28.884 || 耗时：12.42s
轮次:··8/·20 || c_Loss:0.371 || e_Loss:-1.625 || Aad_Loss:-28.694 || 耗时：12.41s
轮次:··9/·20 || c_Loss:0.389 || e_Loss:-0.945 || Aad_Loss:-28.847 || 耗时：12.45s
轮次:·10/·20 || c_Loss:0.384 || e_Loss:-0.941 || Aad_Loss:-29.282 || 耗时：12.44s
任务: (B1)N15_M01_F10→(B2)N15_M07_F10; mix批次:····0; 批次:··940/·1880;  总正确率: 98.95%
类型1 正确率： 100.00% -> 1  100.00%, 2    0.00%, 3    0.00%
类型2 正确率：  97.00% -> 1    0.10%, 2   96.90%, 3    3.00%
类型3 正确率： 100.00% -> 1    0.00%, 2    0.05%, 3   99.95%


样本变换：reverse
样本变换：mask
样本变换：shift
样本变换：none
未过滤	未用伪标签：98.95% -> 使用伪标签：98.93%
已过滤	未用伪标签：99.20% -> 使用伪标签：99.30%
排除样本：22|6000	剩余：2003, 1944, 2031
增添样本：115		细则：28, 87, 0	正确率估算：99.13%
类型1 正确率： 100.00% -> 1  100.00%, 2    0.00%, 3    0.00%
类型2 正确率：  98.00% -> 1    0.15%, 2   98.03%, 3    1.82%
类型3 正确率： 100.00% -> 1    0.00%, 2    0.15%, 3   99.85%

被排除样本 正确率：31.82%
类型1 正确率：  25.00% -> 1   25.00%, 2   75.00%
类型2 正确率： 100.00% -> 1    0.00%, 2  100.00%


轮次:·11/·20 || c_Loss:0.393 || e_Loss:-0.935 || Aad_Loss:-29.170 || 耗时：32.60s
轮次:·12/·20 || c_Loss:0.421 || e_Loss:-0.905 || Aad_Loss:-30.528 || 耗时：12.44s
轮次:·13/·20 || c_Loss:0.380 || e_Loss:-0.951 || Aad_Loss:-31.075 || 耗时：12.46s
轮次:·14/·20 || c_Loss:0.396 || e_Loss:-0.967 || Aad_Loss:-29.683 || 耗时：12.48s
轮次:·15/·20 || c_Loss:0.377 || e_Loss:-0.962 || Aad_Loss:-29.903 || 耗时：12.48s
任务: (B1)N15_M01_F10→(B2)N15_M07_F10; mix批次:····0; 批次:·1410/·1880;  总正确率: 99.07%
类型1 正确率： 100.00% -> 1  100.00%, 2    0.00%, 3    0.00%
类型2 正确率：  97.00% -> 1    0.15%, 2   97.25%, 3    2.60%
类型3 正确率： 100.00% -> 1    0.00%, 2    0.05%, 3   99.95%


样本变换：reverse
样本变换：mask
样本变换：shift
样本变换：none
未过滤	未用伪标签：99.07% -> 使用伪标签：99.10%
已过滤	未用伪标签：99.26% -> 使用伪标签：99.36%
排除样本：16|6000	剩余：2003, 1948, 2033
增添样本：115		细则：30, 85, 0	正确率估算：100.00%
类型1 正确率： 100.00% -> 1  100.00%, 2    0.00%, 3    0.00%
类型2 正确率：  98.00% -> 1    0.15%, 2   98.14%, 3    1.71%
类型3 正确率： 100.00% -> 1    0.00%, 2    0.05%, 3   99.95%

被排除样本 正确率：25.00%
类型1 正确率：  25.00% -> 1   25.00%, 2   75.00%
类型2 没有样本或未被分类。


轮次:·16/·20 || c_Loss:0.390 || e_Loss:-0.960 || Aad_Loss:-29.890 || 耗时：32.71s
轮次:·17/·20 || c_Loss:0.416 || e_Loss:-0.922 || Aad_Loss:-30.914 || 耗时：12.47s
轮次:·18/·20 || c_Loss:0.381 || e_Loss:-0.963 || Aad_Loss:-31.350 || 耗时：12.47s
轮次:·19/·20 || c_Loss:0.395 || e_Loss:-0.975 || Aad_Loss:-30.260 || 耗时：12.46s
轮次:·20/·20 || c_Loss:0.382 || e_Loss:-0.970 || Aad_Loss:-30.341 || 耗时：12.47s
任务: (B1)N15_M01_F10→(B2)N15_M07_F10; mix批次:····0; 批次:·1880/·1880;  总正确率: 99.27%
类型1 正确率： 100.00% -> 1  100.00%, 2    0.00%, 3    0.00%
类型2 正确率：  98.00% -> 1    0.15%, 2   97.85%, 3    2.00%
类型3 正确率： 100.00% -> 1    0.00%, 2    0.05%, 3   99.95%


测试集任务: (B1)N15_M01_F10→(B2)N15_M07_F10; 总正确率 = 99.27%
类型1 正确率： 100.00% -> 1  100.00%, 2    0.00%, 3    0.00%
类型2 正确率：  98.00% -> 1    0.15%, 2   97.85%, 3    2.00%
类型3 正确率： 100.00% -> 1    0.00%, 2    0.05%, 3   99.95%


