读取源域路径：/kaggle/working/k10/S01/weight_PU_M1_final_checkpoint_FS01toS01_s2024/NEW_PU/Source-源域/log&pt/(B1)N15_M01_F10
excel输出位置：/kaggle/working/k10/S01/weight_PU_M1_final_checkpoint_FS01toS01_s2024/NEW_PU/Target-目标域
特征图片输出位置：/kaggle/working/k10/S01/weight_PU_M1_final_checkpoint_FS01toS01_s2024/NEW_PU/Picture-特征图/2026年09月16日01时24分/(B1)N15_M01_F10
现在选取:(B1)N15_M01_F10 进行训练的源模型
现在进行：(B1)N15_M01_F10→(B3)N15_M07_F04 的迁移任务
log&pt输出位置：/kaggle/working/k10/S01/weight_PU_M1_final_checkpoint_FS01toS01_s2024/NEW_PU/Target-目标域/log&pt/(B1)N15_M01_F10→(B3)N15_M07_F04
任务: (B1)N15_M01_F10→(B3)N15_M07_F04; 批次:····0/·1880;  总正确率: 88.87%
类型1 正确率： 100.00% -> 1  100.00%, 2    0.00%, 3    0.00%
类型2 正确率：  70.00% -> 1    0.65%, 2   69.80%, 3   29.55%
类型3 正确率：  97.00% -> 1    1.70%, 2    1.50%, 3   96.80%


样本变换：reverse
样本变换：mask
样本变换：shift
样本变换：none
未过滤	未用伪标签：88.87% -> 使用伪标签：88.13%
已过滤	未用伪标签：90.37% -> 使用伪标签：91.24%
排除样本：204|6000	剩余：2047, 1453, 2296
增添样本：1092		细则：249, 843, 0	正确率估算：94.69%
类型1 正确率： 100.00% -> 1  100.00%, 2    0.00%, 3    0.00%
类型2 正确率：  76.00% -> 1    0.27%, 2   76.46%, 3   23.27%
类型3 正确率：  96.00% -> 1    2.18%, 2    1.40%, 3   96.43%

被排除样本 正确率：46.08%
类型1 没有样本或未被分类。
类型2 正确率：  34.00% -> 1    4.44%, 2   34.07%, 3   61.48%
类型3 正确率：  70.00% -> 1   11.59%, 2   18.84%, 3   69.57%


轮次:··1/·20 || c_Loss:0.561 || e_Loss:-1.221 || Aad_Loss:-23.922 || 耗时：32.84s
轮次:··2/·20 || c_Loss:0.418 || e_Loss:-0.866 || Aad_Loss:-25.167 || 耗时：12.48s
轮次:··3/·20 || c_Loss:0.396 || e_Loss:-1.657 || Aad_Loss:-23.576 || 耗时：12.47s
轮次:··4/·20 || c_Loss:0.404 || e_Loss:-0.844 || Aad_Loss:-26.815 || 耗时：12.50s
轮次:··5/·20 || c_Loss:0.368 || e_Loss:-1.797 || Aad_Loss:-26.716 || 耗时：12.52s
任务: (B1)N15_M01_F10→(B3)N15_M07_F04; mix批次:····0; 批次:··470/·1880;  总正确率: 90.10%
类型1 正确率： 100.00% -> 1  100.00%, 2    0.00%, 3    0.00%
类型2 正确率：  73.00% -> 1    0.00%, 2   73.40%, 3   26.60%
类型3 正确率：  97.00% -> 1    2.40%, 2    0.70%, 3   96.90%


样本变换：reverse
样本变换：mask
样本变换：shift
样本变换：none
未过滤	未用伪标签：90.10% -> 使用伪标签：90.22%
已过滤	未用伪标签：91.00% -> 使用伪标签：91.58%
排除样本：89|6000	剩余：2069, 1532, 2310
增添样本：1019		细则：241, 778, 0	正确率估算：95.68%
类型1 正确率： 100.00% -> 1  100.00%, 2    0.00%, 3    0.00%
类型2 正确率：  79.00% -> 1    0.00%, 2   78.53%, 3   21.47%
类型3 正确率：  96.00% -> 1    3.49%, 2    0.71%, 3   95.80%

被排除样本 正确率：30.34%
类型1 没有样本或未被分类。
类型2 正确率：  13.00% -> 1    0.00%, 2   13.43%, 3   86.57%
类型3 正确率：  82.00% -> 1    4.55%, 2   13.64%, 3   81.82%


轮次:··6/·20 || c_Loss:0.395 || e_Loss:-0.847 || Aad_Loss:-28.015 || 耗时：32.95s
轮次:··7/·20 || c_Loss:0.386 || e_Loss:-1.744 || Aad_Loss:-26.800 || 耗时：12.46s
轮次:··8/·20 || c_Loss:0.372 || e_Loss:-0.881 || Aad_Loss:-27.817 || 耗时：12.49s
轮次:··9/·20 || c_Loss:0.361 || e_Loss:-0.903 || Aad_Loss:-30.060 || 耗时：12.49s
轮次:·10/·20 || c_Loss:0.371 || e_Loss:-1.711 || Aad_Loss:-30.187 || 耗时：12.52s
任务: (B1)N15_M01_F10→(B3)N15_M07_F04; mix批次:····0; 批次:··940/·1880;  总正确率: 91.00%
类型1 正确率： 100.00% -> 1  100.00%, 2    0.00%, 3    0.00%
类型2 正确率：  78.00% -> 1    0.00%, 2   77.50%, 3   22.50%
类型3 正确率：  96.00% -> 1    3.50%, 2    1.00%, 3   95.50%


样本变换：reverse
样本变换：mask
样本变换：shift
样本变换：none
未过滤	未用伪标签：91.00% -> 使用伪标签：91.10%
已过滤	未用伪标签：91.34% -> 使用伪标签：91.73%
排除样本：41|6000	剩余：2080, 1602, 2277
增添样本：872		细则：197, 675, 0	正确率估算：98.74%
类型1 正确率： 100.00% -> 1  100.00%, 2    0.00%, 3    0.00%
类型2 正确率：  80.00% -> 1    0.00%, 2   80.13%, 3   19.87%
类型3 正确率：  95.00% -> 1    4.03%, 2    1.06%, 3   94.91%

被排除样本 正确率：41.46%
类型1 正确率：  15.00% -> 1   14.81%, 2   85.19%
类型2 正确率：  93.00% -> 1    7.14%, 2   92.86%


轮次:·11/·20 || c_Loss:0.370 || e_Loss:-0.869 || Aad_Loss:-28.993 || 耗时：33.02s
轮次:·12/·20 || c_Loss:0.382 || e_Loss:-0.909 || Aad_Loss:-29.887 || 耗时：12.49s
轮次:·13/·20 || c_Loss:0.370 || e_Loss:-0.980 || Aad_Loss:-29.598 || 耗时：12.46s
轮次:·14/·20 || c_Loss:0.410 || e_Loss:-0.938 || Aad_Loss:-29.275 || 耗时：12.47s
轮次:·15/·20 || c_Loss:0.390 || e_Loss:-0.951 || Aad_Loss:-28.835 || 耗时：12.51s
任务: (B1)N15_M01_F10→(B3)N15_M07_F04; mix批次:····0; 批次:·1410/·1880;  总正确率: 90.87%
类型1 正确率： 100.00% -> 1  100.00%, 2    0.00%, 3    0.00%
类型2 正确率：  78.00% -> 1    0.00%, 2   77.65%, 3   22.35%
类型3 正确率：  95.00% -> 1    4.15%, 2    0.90%, 3   94.95%


样本变换：reverse
样本变换：mask
样本变换：shift
样本变换：none
未过滤	未用伪标签：90.87% -> 使用伪标签：90.75%
已过滤	未用伪标签：91.10% -> 使用伪标签：91.30%
排除样本：36|6000	剩余：2098, 1589, 2277
增添样本：867		细则：179, 688, 0	正确率估算：97.69%
类型1 正确率： 100.00% -> 1  100.00%, 2    0.00%, 3    0.00%
类型2 正确率：  80.00% -> 1    0.00%, 2   79.52%, 3   20.48%
类型3 正确率：  94.00% -> 1    4.93%, 2    0.81%, 3   94.26%

被排除样本 正确率：52.78%
类型1 正确率：  27.00% -> 1   27.27%, 2   72.73%
类型2 正确率：  93.00% -> 1    7.14%, 2   92.86%


轮次:·16/·20 || c_Loss:0.374 || e_Loss:-0.962 || Aad_Loss:-29.374 || 耗时：33.12s
轮次:·17/·20 || c_Loss:0.398 || e_Loss:-0.936 || Aad_Loss:-30.792 || 耗时：12.49s
轮次:·18/·20 || c_Loss:0.394 || e_Loss:-1.732 || Aad_Loss:-28.541 || 耗时：12.45s
轮次:·19/·20 || c_Loss:0.398 || e_Loss:-0.885 || Aad_Loss:-30.587 || 耗时：12.45s
轮次:·20/·20 || c_Loss:0.402 || e_Loss:-1.512 || Aad_Loss:-27.537 || 耗时：12.44s
任务: (B1)N15_M01_F10→(B3)N15_M07_F04; mix批次:····0; 批次:·1880/·1880;  总正确率: 90.52%
类型1 正确率： 100.00% -> 1  100.00%, 2    0.00%, 3    0.00%
类型2 正确率：  77.00% -> 1    0.00%, 2   76.65%, 3   23.35%
类型3 正确率：  95.00% -> 1    4.50%, 2    0.60%, 3   94.90%


测试集任务: (B1)N15_M01_F10→(B3)N15_M07_F04; 总正确率 = 90.52%
类型1 正确率： 100.00% -> 1  100.00%, 2    0.00%, 3    0.00%
类型2 正确率：  77.00% -> 1    0.00%, 2   76.65%, 3   23.35%
类型3 正确率：  95.00% -> 1    4.50%, 2    0.60%, 3   94.90%


