读取源域路径：/kaggle/working/k10/S01/weight_PU_M1_final_checkpoint_FS01toS01_s2024/NEW_PU/Source-源域/log&pt/(B3)N15_M07_F04
excel输出位置：/kaggle/working/k10/S01/weight_PU_M1_final_checkpoint_FS01toS01_s2024/NEW_PU/Target-目标域
特征图片输出位置：/kaggle/working/k10/S01/weight_PU_M1_final_checkpoint_FS01toS01_s2024/NEW_PU/Picture-特征图/2026年09月16日01时48分/(B3)N15_M07_F04
现在选取:(B3)N15_M07_F04 进行训练的源模型
现在进行：(B3)N15_M07_F04→(B2)N15_M07_F10 的迁移任务
log&pt输出位置：/kaggle/working/k10/S01/weight_PU_M1_final_checkpoint_FS01toS01_s2024/NEW_PU/Target-目标域/log&pt/(B3)N15_M07_F04→(B2)N15_M07_F10
任务: (B3)N15_M07_F04→(B2)N15_M07_F10; 批次:····0/·1880;  总正确率: 97.57%
类型1 正确率：  98.00% -> 1   98.40%, 2    0.65%, 3    0.95%
类型2 正确率：  99.00% -> 1    0.00%, 2   99.15%, 3    0.85%
类型3 正确率：  95.00% -> 1    0.00%, 2    4.85%, 3   95.15%


样本变换：reverse
样本变换：mask
样本变换：shift
样本变换：none
未过滤	未用伪标签：97.57% -> 使用伪标签：98.78%
已过滤	未用伪标签：97.97% -> 使用伪标签：99.45%
排除样本：40|6000	剩余：1994, 1990, 1976
增添样本：22		细则：0, 4, 18	正确率估算：95.45%
类型1 正确率： 100.00% -> 1   99.80%, 2    0.10%, 3    0.10%
类型2 正确率：  99.00% -> 1    0.00%, 2   99.44%, 3    0.56%
类型3 正确率：  99.00% -> 1    0.00%, 2    0.91%, 3   99.09%

被排除样本 正确率：37.50%
类型1 正确率：   0.00% -> 1    0.00%, 2   50.00%, 3   50.00%
类型2 正确率：  63.00% -> 1    0.00%, 2   63.16%, 3   36.84%
类型3 正确率：  16.00% -> 1    0.00%, 2   84.21%, 3   15.79%


轮次:··1/·20 || c_Loss:0.654 || e_Loss:-1.312 || Aad_Loss:-23.366 || 耗时：32.30s
轮次:··2/·20 || c_Loss:0.442 || e_Loss:-1.289 || Aad_Loss:-27.723 || 耗时：12.34s
轮次:··3/·20 || c_Loss:0.395 || e_Loss:-0.927 || Aad_Loss:-30.054 || 耗时：12.38s
轮次:··4/·20 || c_Loss:0.427 || e_Loss:-0.953 || Aad_Loss:-28.899 || 耗时：12.39s
轮次:··5/·20 || c_Loss:0.364 || e_Loss:-0.958 || Aad_Loss:-30.034 || 耗时：12.41s
任务: (B3)N15_M07_F04→(B2)N15_M07_F10; mix批次:····0; 批次:··470/·1880;  总正确率: 99.62%
类型1 正确率： 100.00% -> 1   99.95%, 2    0.05%, 3    0.00%
类型2 正确率： 100.00% -> 1    0.00%, 2   99.65%, 3    0.35%
类型3 正确率：  99.00% -> 1    0.00%, 2    0.75%, 3   99.25%


样本变换：reverse
样本变换：mask
样本变换：shift
样本变换：none
未过滤	未用伪标签：99.62% -> 使用伪标签：99.43%
已过滤	未用伪标签：99.72% -> 使用伪标签：99.82%
排除样本：23|6000	剩余：2000, 1992, 1985
增添样本：23		细则：0, 8, 15	正确率估算：100.00%
类型1 正确率： 100.00% -> 1  100.00%, 2    0.00%, 3    0.00%
类型2 正确率： 100.00% -> 1    0.00%, 2   99.70%, 3    0.30%
类型3 正确率： 100.00% -> 1    0.00%, 2    0.25%, 3   99.75%

被排除样本 正确率：73.91%
类型1 正确率：  71.00% -> 1   71.43%, 2   28.57%
类型2 正确率：  75.00% -> 1   25.00%, 2   75.00%


轮次:··6/·20 || c_Loss:0.382 || e_Loss:-0.962 || Aad_Loss:-29.593 || 耗时：32.55s
轮次:··7/·20 || c_Loss:0.380 || e_Loss:-0.952 || Aad_Loss:-29.170 || 耗时：12.45s
轮次:··8/·20 || c_Loss:0.382 || e_Loss:-0.966 || Aad_Loss:-29.611 || 耗时：12.41s
轮次:··9/·20 || c_Loss:0.377 || e_Loss:-0.946 || Aad_Loss:-32.262 || 耗时：12.45s
轮次:·10/·20 || c_Loss:0.392 || e_Loss:-0.971 || Aad_Loss:-29.642 || 耗时：12.45s
任务: (B3)N15_M07_F04→(B2)N15_M07_F10; mix批次:····0; 批次:··940/·1880;  总正确率: 99.78%
类型1 正确率： 100.00% -> 1  100.00%, 2    0.00%, 3    0.00%
类型2 正确率：  99.00% -> 1    0.00%, 2   99.40%, 3    0.60%
类型3 正确率： 100.00% -> 1    0.00%, 2    0.05%, 3   99.95%


样本变换：reverse
样本变换：mask
样本变换：shift
样本变换：none
未过滤	未用伪标签：99.78% -> 使用伪标签：99.70%
已过滤	未用伪标签：99.83% -> 使用伪标签：99.83%
排除样本：8|6000	剩余：2001, 1984, 2007
增添样本：29		细则：6, 23, 0	正确率估算：100.00%
类型1 正确率： 100.00% -> 1  100.00%, 2    0.00%, 3    0.00%
类型2 正确率： 100.00% -> 1    0.05%, 2   99.55%, 3    0.40%
类型3 正确率： 100.00% -> 1    0.00%, 2    0.05%, 3   99.95%

被排除样本 正确率：62.50%
类型1 正确率：  62.00% -> 1   62.50%, 2   37.50%
类型2 没有样本或未被分类。


轮次:·11/·20 || c_Loss:0.386 || e_Loss:-0.973 || Aad_Loss:-29.696 || 耗时：32.68s
轮次:·12/·20 || c_Loss:0.398 || e_Loss:-0.976 || Aad_Loss:-29.150 || 耗时：12.45s
轮次:·13/·20 || c_Loss:0.388 || e_Loss:-0.985 || Aad_Loss:-30.998 || 耗时：12.42s
轮次:·14/·20 || c_Loss:0.395 || e_Loss:-0.997 || Aad_Loss:-29.999 || 耗时：12.44s
轮次:·15/·20 || c_Loss:0.389 || e_Loss:-0.982 || Aad_Loss:-30.692 || 耗时：12.46s
任务: (B3)N15_M07_F04→(B2)N15_M07_F10; mix批次:····0; 批次:·1410/·1880;  总正确率: 99.73%
类型1 正确率： 100.00% -> 1  100.00%, 2    0.00%, 3    0.00%
类型2 正确率：  99.00% -> 1    0.00%, 2   99.25%, 3    0.75%
类型3 正确率： 100.00% -> 1    0.00%, 2    0.05%, 3   99.95%


样本变换：reverse
样本变换：mask
样本变换：shift
样本变换：none
未过滤	未用伪标签：99.73% -> 使用伪标签：99.73%
已过滤	未用伪标签：99.80% -> 使用伪标签：99.87%
排除样本：8|6000	剩余：2001, 1986, 2005
增添样本：23		细则：4, 19, 0	正确率估算：100.00%
类型1 正确率： 100.00% -> 1  100.00%, 2    0.00%, 3    0.00%
类型2 正确率： 100.00% -> 1    0.05%, 2   99.65%, 3    0.30%
类型3 正确率： 100.00% -> 1    0.00%, 2    0.05%, 3   99.95%

被排除样本 正确率：50.00%
类型1 正确率：  50.00% -> 1   50.00%, 2   50.00%
类型2 没有样本或未被分类。


轮次:·16/·20 || c_Loss:0.392 || e_Loss:-0.987 || Aad_Loss:-30.481 || 耗时：32.61s
轮次:·17/·20 || c_Loss:0.388 || e_Loss:-0.990 || Aad_Loss:-30.097 || 耗时：12.39s
轮次:·18/·20 || c_Loss:0.391 || e_Loss:-0.974 || Aad_Loss:-30.510 || 耗时：12.41s
轮次:·19/·20 || c_Loss:0.386 || e_Loss:-0.962 || Aad_Loss:-32.679 || 耗时：12.43s
轮次:·20/·20 || c_Loss:0.389 || e_Loss:-0.999 || Aad_Loss:-30.777 || 耗时：12.44s
任务: (B3)N15_M07_F04→(B2)N15_M07_F10; mix批次:····0; 批次:·1880/·1880;  总正确率: 99.80%
类型1 正确率： 100.00% -> 1  100.00%, 2    0.00%, 3    0.00%
类型2 正确率：  99.00% -> 1    0.05%, 2   99.45%, 3    0.50%
类型3 正确率： 100.00% -> 1    0.00%, 2    0.05%, 3   99.95%


测试集任务: (B3)N15_M07_F04→(B2)N15_M07_F10; 总正确率 = 99.80%
类型1 正确率： 100.00% -> 1  100.00%, 2    0.00%, 3    0.00%
类型2 正确率：  99.00% -> 1    0.05%, 2   99.45%, 3    0.50%
类型3 正确率： 100.00% -> 1    0.00%, 2    0.05%, 3   99.95%


