读取源域路径：/kaggle/working/k10/S01/weight_PU_M1_final_checkpoint_FS01toS01_s2024/NEW_PU/Source-源域/log&pt/(B2)N15_M07_F10
excel输出位置：/kaggle/working/k10/S01/weight_PU_M1_final_checkpoint_FS01toS01_s2024/NEW_PU/Target-目标域
特征图片输出位置：/kaggle/working/k10/S01/weight_PU_M1_final_checkpoint_FS01toS01_s2024/NEW_PU/Picture-特征图/2026年09月16日01时36分/(B2)N15_M07_F10
现在选取:(B2)N15_M07_F10 进行训练的源模型
现在进行：(B2)N15_M07_F10→(B3)N15_M07_F04 的迁移任务
log&pt输出位置：/kaggle/working/k10/S01/weight_PU_M1_final_checkpoint_FS01toS01_s2024/NEW_PU/Target-目标域/log&pt/(B2)N15_M07_F10→(B3)N15_M07_F04
任务: (B2)N15_M07_F10→(B3)N15_M07_F04; 批次:····0/·1880;  总正确率: 89.33%
类型1 正确率： 100.00% -> 1  100.00%, 2    0.00%, 3    0.00%
类型2 正确率：  71.00% -> 1    0.35%, 2   70.90%, 3   28.75%
类型3 正确率：  97.00% -> 1    1.90%, 2    1.00%, 3   97.10%


样本变换：reverse
样本变换：mask
样本变换：shift
样本变换：none
未过滤	未用伪标签：89.33% -> 使用伪标签：89.28%
已过滤	未用伪标签：90.97% -> 使用伪标签：91.79%
排除样本：164|6000	剩余：2062, 1473, 2301
增添样本：1067		细则：239, 828, 0	正确率估算：94.75%
类型1 正确率： 100.00% -> 1  100.00%, 2    0.00%, 3    0.00%
类型2 正确率：  78.00% -> 1    0.21%, 2   78.07%, 3   21.72%
类型3 正确率：  97.00% -> 1    2.96%, 2    0.51%, 3   96.53%

被排除样本 正确率：31.10%
类型1 没有样本或未被分类。
类型2 正确率：  18.00% -> 1    1.59%, 2   18.25%, 3   80.16%
类型3 正确率：  74.00% -> 1    2.63%, 2   23.68%, 3   73.68%


轮次:··1/·20 || c_Loss:0.572 || e_Loss:-1.762 || Aad_Loss:-23.597 || 耗时：32.79s
轮次:··2/·20 || c_Loss:0.443 || e_Loss:-1.688 || Aad_Loss:-23.284 || 耗时：12.45s
轮次:··3/·20 || c_Loss:0.381 || e_Loss:-1.730 || Aad_Loss:-26.749 || 耗时：12.44s
轮次:··4/·20 || c_Loss:0.405 || e_Loss:-1.508 || Aad_Loss:-25.917 || 耗时：12.46s
轮次:··5/·20 || c_Loss:0.446 || e_Loss:-1.716 || Aad_Loss:-25.692 || 耗时：12.44s
任务: (B2)N15_M07_F10→(B3)N15_M07_F04; mix批次:····0; 批次:··470/·1880;  总正确率: 91.68%
类型1 正确率： 100.00% -> 1  100.00%, 2    0.00%, 3    0.00%
类型2 正确率：  80.00% -> 1    0.05%, 2   79.55%, 3   20.40%
类型3 正确率：  96.00% -> 1    3.00%, 2    1.50%, 3   95.50%


样本变换：reverse
样本变换：mask
样本变换：shift
样本变换：none
未过滤	未用伪标签：91.68% -> 使用伪标签：92.83%
已过滤	未用伪标签：92.44% -> 使用伪标签：93.98%
排除样本：73|6000	剩余：2069, 1712, 2146
增添样本：511		细则：77, 434, 0	正确率估算：94.91%
类型1 正确率： 100.00% -> 1  100.00%, 2    0.00%, 3    0.00%
类型2 正确率：  87.00% -> 1    0.00%, 2   86.55%, 3   13.45%
类型3 正确率：  95.00% -> 1    3.49%, 2    1.31%, 3   95.20%

被排除样本 正确率：30.14%
类型1 没有样本或未被分类。
类型2 正确率：  12.00% -> 1    1.92%, 2   11.54%, 3   86.54%
类型3 正确率：  76.00% -> 1    9.52%, 2   14.29%, 3   76.19%


轮次:··6/·20 || c_Loss:0.455 || e_Loss:-1.788 || Aad_Loss:-29.573 || 耗时：32.78s
轮次:··7/·20 || c_Loss:0.389 || e_Loss:-1.688 || Aad_Loss:-27.580 || 耗时：12.51s
轮次:··8/·20 || c_Loss:0.408 || e_Loss:-0.854 || Aad_Loss:-26.352 || 耗时：12.51s
轮次:··9/·20 || c_Loss:0.378 || e_Loss:-0.880 || Aad_Loss:-28.964 || 耗时：12.46s
轮次:·10/·20 || c_Loss:0.366 || e_Loss:-0.909 || Aad_Loss:-30.154 || 耗时：12.48s
任务: (B2)N15_M07_F10→(B3)N15_M07_F04; mix批次:····0; 批次:··940/·1880;  总正确率: 93.52%
类型1 正确率： 100.00% -> 1  100.00%, 2    0.00%, 3    0.00%
类型2 正确率：  86.00% -> 1    0.00%, 2   85.60%, 3   14.40%
类型3 正确率：  95.00% -> 1    3.70%, 2    1.35%, 3   94.95%


样本变换：reverse
样本变换：mask
样本变换：shift
样本变换：none
未过滤	未用伪标签：93.52% -> 使用伪标签：93.68%
已过滤	未用伪标签：94.11% -> 使用伪标签：94.60%
排除样本：58|6000	剩余：2077, 1774, 2091
增添样本：331		细则：14, 317, 0	正确率估算：98.19%
类型1 正确率： 100.00% -> 1  100.00%, 2    0.00%, 3    0.00%
类型2 正确率：  89.00% -> 1    0.00%, 2   88.95%, 3   11.05%
类型3 正确率：  95.00% -> 1    3.89%, 2    1.37%, 3   94.74%

被排除样本 正确率：32.76%
类型1 没有样本或未被分类。
类型2 正确率：  14.00% -> 1    0.00%, 2   13.89%, 3   86.11%
类型3 正确率：  64.00% -> 1   18.18%, 2   18.18%, 3   63.64%


轮次:·11/·20 || c_Loss:0.437 || e_Loss:-0.896 || Aad_Loss:-28.108 || 耗时：32.73s
轮次:·12/·20 || c_Loss:0.377 || e_Loss:-1.914 || Aad_Loss:-30.098 || 耗时：12.51s
轮次:·13/·20 || c_Loss:0.371 || e_Loss:-0.923 || Aad_Loss:-29.235 || 耗时：12.52s
轮次:·14/·20 || c_Loss:0.387 || e_Loss:-0.850 || Aad_Loss:-28.074 || 耗时：12.55s
轮次:·15/·20 || c_Loss:0.392 || e_Loss:-1.589 || Aad_Loss:-30.733 || 耗时：12.53s
任务: (B2)N15_M07_F10→(B3)N15_M07_F04; mix批次:····0; 批次:·1410/·1880;  总正确率: 93.98%
类型1 正确率： 100.00% -> 1  100.00%, 2    0.00%, 3    0.00%
类型2 正确率：  87.00% -> 1    0.00%, 2   87.35%, 3   12.65%
类型3 正确率：  95.00% -> 1    4.25%, 2    1.15%, 3   94.60%


样本变换：reverse
样本变换：mask
样本变换：shift
样本变换：none
未过滤	未用伪标签：93.98% -> 使用伪标签：94.07%
已过滤	未用伪标签：94.62% -> 使用伪标签：94.92%
排除样本：54|6000	剩余：2096, 1794, 2056
增添样本：342		细则：0, 302, 40	正确率估算：98.83%
类型1 正确率： 100.00% -> 1  100.00%, 2    0.00%, 3    0.00%
类型2 正确率：  91.00% -> 1    0.00%, 2   90.51%, 3    9.49%
类型3 正确率：  94.00% -> 1    4.83%, 2    1.01%, 3   94.16%

被排除样本 正确率：24.07%
类型1 没有样本或未被分类。
类型2 正确率：   8.00% -> 1    0.00%, 2    7.50%, 3   92.50%
类型3 正确率：  71.00% -> 1   14.29%, 2   14.29%, 3   71.43%


轮次:·16/·20 || c_Loss:0.370 || e_Loss:-1.838 || Aad_Loss:-29.128 || 耗时：32.93s
轮次:·17/·20 || c_Loss:0.374 || e_Loss:-0.918 || Aad_Loss:-30.536 || 耗时：12.45s
轮次:·18/·20 || c_Loss:0.453 || e_Loss:-1.433 || Aad_Loss:-24.866 || 耗时：12.45s
轮次:·19/·20 || c_Loss:0.399 || e_Loss:-1.656 || Aad_Loss:-28.746 || 耗时：12.45s
轮次:·20/·20 || c_Loss:0.386 || e_Loss:-1.959 || Aad_Loss:-28.075 || 耗时：12.46s
任务: (B2)N15_M07_F10→(B3)N15_M07_F04; mix批次:····0; 批次:·1880/·1880;  总正确率: 94.28%
类型1 正确率： 100.00% -> 1  100.00%, 2    0.00%, 3    0.00%
类型2 正确率：  89.00% -> 1    0.00%, 2   88.80%, 3   11.20%
类型3 正确率：  94.00% -> 1    4.85%, 2    1.10%, 3   94.05%


测试集任务: (B2)N15_M07_F10→(B3)N15_M07_F04; 总正确率 = 94.28%
类型1 正确率： 100.00% -> 1  100.00%, 2    0.00%, 3    0.00%
类型2 正确率：  89.00% -> 1    0.00%, 2   88.80%, 3   11.20%
类型3 正确率：  94.00% -> 1    4.85%, 2    1.10%, 3   94.05%


