读取源域路径：/kaggle/working/k10/S01/weight_PU_M1_final_checkpoint_FS01toS01_s2024/NEW_PU/Source-源域/log&pt/(B2)N15_M07_F10
excel输出位置：/kaggle/working/k10/S01/weight_PU_M1_final_checkpoint_FS01toS01_s2024/NEW_PU/Target-目标域
特征图片输出位置：/kaggle/working/k10/S01/weight_PU_M1_final_checkpoint_FS01toS01_s2024/NEW_PU/Picture-特征图/2026年09月16日01时30分/(B2)N15_M07_F10
现在选取:(B2)N15_M07_F10 进行训练的源模型
现在进行：(B2)N15_M07_F10→(B1)N15_M01_F10 的迁移任务
log&pt输出位置：/kaggle/working/k10/S01/weight_PU_M1_final_checkpoint_FS01toS01_s2024/NEW_PU/Target-目标域/log&pt/(B2)N15_M07_F10→(B1)N15_M01_F10
任务: (B2)N15_M07_F10→(B1)N15_M01_F10; 批次:····0/·1880;  总正确率: 95.62%
类型1 正确率： 100.00% -> 1  100.00%, 2    0.00%, 3    0.00%
类型2 正确率：  87.00% -> 1    0.20%, 2   87.00%, 3   12.80%
类型3 正确率： 100.00% -> 1    0.00%, 2    0.15%, 3   99.85%


样本变换：reverse
样本变换：mask
样本变换：shift
样本变换：none
未过滤	未用伪标签：95.62% -> 使用伪标签：96.10%
已过滤	未用伪标签：96.44% -> 使用伪标签：97.27%
排除样本：72|6000	剩余：2002, 1780, 2146
增添样本：510		细则：144, 366, 0	正确率估算：97.45%
类型1 正确率： 100.00% -> 1  100.00%, 2    0.00%, 3    0.00%
类型2 正确率：  92.00% -> 1    0.10%, 2   91.79%, 3    8.11%
类型3 正确率： 100.00% -> 1    0.00%, 2    0.15%, 3   99.85%

被排除样本 正确率：27.78%
类型1 没有样本或未被分类。
类型2 正确率：  20.00% -> 1    3.12%, 2   20.31%, 3   76.56%
类型3 正确率：  88.00% -> 1    0.00%, 2   12.50%, 3   87.50%


轮次:··1/·20 || c_Loss:0.619 || e_Loss:-1.797 || Aad_Loss:-25.778 || 耗时：32.60s
轮次:··2/·20 || c_Loss:0.455 || e_Loss:-0.942 || Aad_Loss:-28.260 || 耗时：12.44s
轮次:··3/·20 || c_Loss:0.396 || e_Loss:-0.905 || Aad_Loss:-28.487 || 耗时：12.45s
轮次:··4/·20 || c_Loss:0.422 || e_Loss:-0.857 || Aad_Loss:-29.345 || 耗时：12.47s
轮次:··5/·20 || c_Loss:0.396 || e_Loss:-1.587 || Aad_Loss:-26.607 || 耗时：12.47s
任务: (B2)N15_M07_F10→(B1)N15_M01_F10; mix批次:····0; 批次:··470/·1880;  总正确率: 96.12%
类型1 正确率： 100.00% -> 1  100.00%, 2    0.00%, 3    0.00%
类型2 正确率：  88.00% -> 1    0.10%, 2   88.45%, 3   11.45%
类型3 正确率： 100.00% -> 1    0.00%, 2    0.10%, 3   99.90%


样本变换：reverse
样本变换：mask
样本变换：shift
样本变换：none
未过滤	未用伪标签：96.12% -> 使用伪标签：95.93%
已过滤	未用伪标签：96.49% -> 使用伪标签：96.69%
排除样本：47|6000	剩余：2004, 1762, 2187
增添样本：608		细则：183, 425, 0	正确率估算：97.53%
类型1 正确率： 100.00% -> 1  100.00%, 2    0.00%, 3    0.00%
类型2 正确率：  90.00% -> 1    0.20%, 2   89.98%, 3    9.81%
类型3 正确率： 100.00% -> 1    0.00%, 2    0.05%, 3   99.95%

被排除样本 正确率：48.94%
类型1 正确率：  47.00% -> 1   46.51%, 2   53.49%
类型2 正确率：  75.00% -> 1   25.00%, 2   75.00%


轮次:··6/·20 || c_Loss:0.409 || e_Loss:-0.901 || Aad_Loss:-29.525 || 耗时：32.92s
轮次:··7/·20 || c_Loss:0.383 || e_Loss:-0.931 || Aad_Loss:-28.688 || 耗时：12.42s
轮次:··8/·20 || c_Loss:0.389 || e_Loss:-0.915 || Aad_Loss:-29.907 || 耗时：12.41s
轮次:··9/·20 || c_Loss:0.390 || e_Loss:-1.665 || Aad_Loss:-27.551 || 耗时：12.46s
轮次:·10/·20 || c_Loss:0.387 || e_Loss:-0.942 || Aad_Loss:-29.548 || 耗时：12.46s
任务: (B2)N15_M07_F10→(B1)N15_M01_F10; mix批次:····0; 批次:··940/·1880;  总正确率: 95.52%
类型1 正确率： 100.00% -> 1  100.00%, 2    0.00%, 3    0.00%
类型2 正确率：  87.00% -> 1    0.05%, 2   86.55%, 3   13.40%
类型3 正确率： 100.00% -> 1    0.00%, 2    0.00%, 3  100.00%


样本变换：reverse
样本变换：mask
样本变换：shift
样本变换：none
未过滤	未用伪标签：95.52% -> 使用伪标签：95.68%
已过滤	未用伪标签：95.81% -> 使用伪标签：96.23%
排除样本：34|6000	剩余：2002, 1742, 2222
增添样本：700		细则：220, 480, 0	正确率估算：97.57%
类型1 正确率： 100.00% -> 1  100.00%, 2    0.00%, 3    0.00%
类型2 正确率：  89.00% -> 1    0.10%, 2   88.56%, 3   11.34%
类型3 正确率： 100.00% -> 1    0.00%, 2    0.00%, 3  100.00%

被排除样本 正确率：44.12%
类型1 正确率：  42.00% -> 1   42.42%, 2   57.58%
类型2 正确率： 100.00% -> 1    0.00%, 2  100.00%


轮次:·11/·20 || c_Loss:0.419 || e_Loss:-0.905 || Aad_Loss:-27.867 || 耗时：33.16s
轮次:·12/·20 || c_Loss:0.421 || e_Loss:-1.889 || Aad_Loss:-27.485 || 耗时：12.49s
轮次:·13/·20 || c_Loss:0.462 || e_Loss:-0.829 || Aad_Loss:-29.857 || 耗时：12.53s
轮次:·14/·20 || c_Loss:0.384 || e_Loss:-0.918 || Aad_Loss:-31.643 || 耗时：12.54s
轮次:·15/·20 || c_Loss:0.406 || e_Loss:-0.895 || Aad_Loss:-29.200 || 耗时：12.56s
任务: (B2)N15_M07_F10→(B1)N15_M01_F10; mix批次:····0; 批次:·1410/·1880;  总正确率: 95.07%
类型1 正确率： 100.00% -> 1  100.00%, 2    0.00%, 3    0.00%
类型2 正确率：  85.00% -> 1    0.05%, 2   85.20%, 3   14.75%
类型3 正确率： 100.00% -> 1    0.00%, 2    0.00%, 3  100.00%


样本变换：reverse
样本变换：mask
样本变换：shift
样本变换：none
未过滤	未用伪标签：95.07% -> 使用伪标签：95.38%
已过滤	未用伪标签：95.47% -> 使用伪标签：96.01%
排除样本：39|6000	剩余：2001, 1724, 2236
增添样本：747		细则：235, 512, 0	正确率估算：96.52%
类型1 正确率： 100.00% -> 1  100.00%, 2    0.00%, 3    0.00%
类型2 正确率：  88.00% -> 1    0.05%, 2   87.87%, 3   12.08%
类型3 正确率： 100.00% -> 1    0.00%, 2    0.00%, 3  100.00%

被排除样本 正确率：33.33%
类型1 正确率：  32.00% -> 1   31.58%, 2   68.42%
类型2 正确率： 100.00% -> 1    0.00%, 2  100.00%


轮次:·16/·20 || c_Loss:0.384 || e_Loss:-0.958 || Aad_Loss:-29.330 || 耗时：33.06s
轮次:·17/·20 || c_Loss:0.377 || e_Loss:-0.979 || Aad_Loss:-30.004 || 耗时：12.51s
轮次:·18/·20 || c_Loss:0.420 || e_Loss:-1.413 || Aad_Loss:-30.212 || 耗时：12.48s
轮次:·19/·20 || c_Loss:0.407 || e_Loss:-1.968 || Aad_Loss:-28.837 || 耗时：12.48s
轮次:·20/·20 || c_Loss:0.417 || e_Loss:-0.887 || Aad_Loss:-30.415 || 耗时：12.50s
任务: (B2)N15_M07_F10→(B1)N15_M01_F10; mix批次:····0; 批次:·1880/·1880;  总正确率: 95.17%
类型1 正确率： 100.00% -> 1  100.00%, 2    0.00%, 3    0.00%
类型2 正确率：  86.00% -> 1    0.05%, 2   85.50%, 3   14.45%
类型3 正确率： 100.00% -> 1    0.00%, 2    0.00%, 3  100.00%


测试集任务: (B2)N15_M07_F10→(B1)N15_M01_F10; 总正确率 = 95.17%
类型1 正确率： 100.00% -> 1  100.00%, 2    0.00%, 3    0.00%
类型2 正确率：  86.00% -> 1    0.05%, 2   85.50%, 3   14.45%
类型3 正确率： 100.00% -> 1    0.00%, 2    0.00%, 3  100.00%


