

现在开始拿源域训练集：(B1)N15_M01_F10 进行训练
源域读取路径：/kaggle/working/k10/S01/sdalr_PU_final_checkpoint/DATA_foldS01/PU_M1_L3/N15_M01_F10_label.txt
excel输出位置：/kaggle/working/k10/S01/weight_src_PU_M1_FS01_s2024/NEW_PU/Source-源域
log&pt输出位置：/kaggle/working/k10/S01/weight_src_PU_M1_FS01_s2024/NEW_PU/Source-源域/log&pt/(B1)N15_M01_F10
特征图片输出位置：/kaggle/working/k10/S01/weight_src_PU_M1_FS01_s2024/NEW_PU/Picture-特征图/2026年09月16日01时14分/(B1)N15_M01_F10
源域训练开始
轮次:··1/·10 || loss:0.088 || 耗时：8.83s
轮次:··2/·10 || loss:0.014 || 耗时：8.34s
轮次:··3/·10 || loss:0.027 || 耗时：8.36s
轮次:··4/·10 || loss:0.086 || 耗时：8.40s
轮次:··5/·10 || loss:0.069 || 耗时：8.42s
任务: (B1)N15_M01_F10; mix批次:····0; 批次:··330/··660; 总正确率 = 97.13%
类型1 正确率： 100.00% -> 1  100.00%, 2    0.00%, 3    0.00%
类型2 正确率： 100.00% -> 1    0.00%, 2  100.00%, 3    0.00%
类型3 正确率：  91.00% -> 1    0.00%, 2    8.61%, 3   91.39%


轮次:··6/·10 || loss:0.014 || 耗时：8.43s
轮次:··7/·10 || loss:0.020 || 耗时：8.43s
轮次:··8/·10 || loss:0.004 || 耗时：8.44s
轮次:··9/·10 || loss:0.005 || 耗时：8.48s
轮次:·10/·10 || loss:0.002 || 耗时：8.46s
任务: (B1)N15_M01_F10; mix批次:····0; 批次:··660/··660; 总正确率 = 98.23%
类型1 正确率： 100.00% -> 1  100.00%, 2    0.00%, 3    0.00%
类型2 正确率：  95.00% -> 1    0.00%, 2   94.68%, 3    5.32%
类型3 正确率： 100.00% -> 1    0.00%, 2    0.00%, 3  100.00%


测试集任务: (B1)N15_M01_F10; 总正确率 = 97.43%
类型1 正确率： 100.00% -> 1  100.00%, 2    0.00%, 3    0.00%
类型2 正确率：  94.00% -> 1    0.00%, 2   93.51%, 3    6.49%
类型3 正确率：  99.00% -> 1    0.00%, 2    1.20%, 3   98.80%


源域训练结束

训练好之后，测试目标域
目标域路径：/kaggle/working/k10/S01/sdalr_PU_final_checkpoint/DATA_foldS01/PU_M1_L3/N15_M07_F10_label.txt
测试目标数据集结果如下：
任务: (B1)N15_M01_F10→(B2)N15_M07_F10, 正确率 = 98.98%
类型1 正确率： 100.00% -> 1  100.00%, 2    0.00%, 3    0.00%
类型2 正确率：  97.00% -> 1    0.26%, 2   97.44%, 3    2.31%
类型3 正确率： 100.00% -> 1    0.00%, 2    0.49%, 3   99.51%

目标域路径：/kaggle/working/k10/S01/sdalr_PU_final_checkpoint/DATA_foldS01/PU_M1_L3/N15_M07_F04_label.txt
测试目标数据集结果如下：
任务: (B1)N15_M01_F10→(B3)N15_M07_F04, 正确率 = 88.96%
类型1 正确率： 100.00% -> 1  100.00%, 2    0.00%, 3    0.00%
类型2 正确率：  69.00% -> 1    0.74%, 2   68.97%, 3   30.30%
类型3 正确率：  98.00% -> 1    1.04%, 2    1.04%, 3   97.91%



现在开始拿源域训练集：(B2)N15_M07_F10 进行训练
源域读取路径：/kaggle/working/k10/S01/sdalr_PU_final_checkpoint/DATA_foldS01/PU_M1_L3/N15_M07_F10_label.txt
excel输出位置：/kaggle/working/k10/S01/weight_src_PU_M1_FS01_s2024/NEW_PU/Source-源域
log&pt输出位置：/kaggle/working/k10/S01/weight_src_PU_M1_FS01_s2024/NEW_PU/Source-源域/log&pt/(B2)N15_M07_F10
特征图片输出位置：/kaggle/working/k10/S01/weight_src_PU_M1_FS01_s2024/NEW_PU/Picture-特征图/2026年09月16日01时14分/(B2)N15_M07_F10
源域训练开始
轮次:··1/·10 || loss:0.097 || 耗时：8.49s
轮次:··2/·10 || loss:0.017 || 耗时：8.45s
轮次:··3/·10 || loss:0.014 || 耗时：8.46s
轮次:··4/·10 || loss:0.004 || 耗时：8.47s
轮次:··5/·10 || loss:0.010 || 耗时：8.49s
任务: (B2)N15_M07_F10; mix批次:····0; 批次:··330/··660; 总正确率 = 93.20%
类型1 正确率： 100.00% -> 1  100.00%, 2    0.00%, 3    0.00%
类型2 正确率： 100.00% -> 1    0.00%, 2  100.00%, 3    0.00%
类型3 正确率：  80.00% -> 1    0.49%, 2   19.90%, 3   79.61%


轮次:··6/·10 || loss:0.006 || 耗时：8.46s
轮次:··7/·10 || loss:0.002 || 耗时：8.48s
轮次:··8/·10 || loss:0.003 || 耗时：8.48s
轮次:··9/·10 || loss:0.004 || 耗时：8.49s
轮次:·10/·10 || loss:0.000 || 耗时：8.49s
任务: (B2)N15_M07_F10; mix批次:····0; 批次:··660/··660; 总正确率 = 99.48%
类型1 正确率： 100.00% -> 1  100.00%, 2    0.00%, 3    0.00%
类型2 正确率：  99.00% -> 1    0.00%, 2   98.92%, 3    1.08%
类型3 正确率： 100.00% -> 1    0.00%, 2    0.49%, 3   99.51%


测试集任务: (B2)N15_M07_F10; 总正确率 = 99.34%
类型1 正确率： 100.00% -> 1  100.00%, 2    0.00%, 3    0.00%
类型2 正确率：  98.00% -> 1    0.50%, 2   98.01%, 3    1.49%
类型3 正确率： 100.00% -> 1    0.00%, 2    0.00%, 3  100.00%


源域训练结束

训练好之后，测试目标域
目标域路径：/kaggle/working/k10/S01/sdalr_PU_final_checkpoint/DATA_foldS01/PU_M1_L3/N15_M01_F10_label.txt
测试目标数据集结果如下：
任务: (B2)N15_M07_F10→(B1)N15_M01_F10, 正确率 = 95.20%
类型1 正确率： 100.00% -> 1  100.00%, 2    0.00%, 3    0.00%
类型2 正确率：  86.00% -> 1    0.50%, 2   86.10%, 3   13.40%
类型3 正确率：  99.00% -> 1    0.00%, 2    0.50%, 3   99.50%

目标域路径：/kaggle/working/k10/S01/sdalr_PU_final_checkpoint/DATA_foldS01/PU_M1_L3/N15_M07_F04_label.txt
测试目标数据集结果如下：
任务: (B2)N15_M07_F10→(B3)N15_M07_F04, 正确率 = 88.85%
类型1 正确率： 100.00% -> 1  100.00%, 2    0.00%, 3    0.00%
类型2 正确率：  70.00% -> 1    0.00%, 2   69.74%, 3   30.26%
类型3 正确率：  97.00% -> 1    2.13%, 2    1.06%, 3   96.81%



现在开始拿源域训练集：(B3)N15_M07_F04 进行训练
源域读取路径：/kaggle/working/k10/S01/sdalr_PU_final_checkpoint/DATA_foldS01/PU_M1_L3/N15_M07_F04_label.txt
excel输出位置：/kaggle/working/k10/S01/weight_src_PU_M1_FS01_s2024/NEW_PU/Source-源域
log&pt输出位置：/kaggle/working/k10/S01/weight_src_PU_M1_FS01_s2024/NEW_PU/Source-源域/log&pt/(B3)N15_M07_F04
特征图片输出位置：/kaggle/working/k10/S01/weight_src_PU_M1_FS01_s2024/NEW_PU/Picture-特征图/2026年09月16日01时14分/(B3)N15_M07_F04
源域训练开始
轮次:··1/·10 || loss:0.049 || 耗时：8.58s
轮次:··2/·10 || loss:0.016 || 耗时：8.49s
轮次:··3/·10 || loss:0.017 || 耗时：8.49s
轮次:··4/·10 || loss:0.002 || 耗时：8.51s
轮次:··5/·10 || loss:0.013 || 耗时：8.47s
任务: (B3)N15_M07_F04; mix批次:····0; 批次:··330/··660; 总正确率 = 99.66%
类型1 正确率： 100.00% -> 1  100.00%, 2    0.00%, 3    0.00%
类型2 正确率： 100.00% -> 1    0.00%, 2   99.51%, 3    0.49%
类型3 正确率：  99.00% -> 1    0.00%, 2    0.52%, 3   99.48%


轮次:··6/·10 || loss:0.008 || 耗时：8.51s
轮次:··7/·10 || loss:0.003 || 耗时：8.49s
轮次:··8/·10 || loss:0.032 || 耗时：8.50s
轮次:··9/·10 || loss:0.006 || 耗时：8.50s
轮次:·10/·10 || loss:0.003 || 耗时：8.51s
任务: (B3)N15_M07_F04; mix批次:····0; 批次:··660/··660; 总正确率 = 99.83%
类型1 正确率： 100.00% -> 1  100.00%, 2    0.00%, 3    0.00%
类型2 正确率： 100.00% -> 1    0.00%, 2  100.00%, 3    0.00%
类型3 正确率：  99.00% -> 1    0.00%, 2    0.52%, 3   99.48%


测试集任务: (B3)N15_M07_F04; 总正确率 = 99.19%
类型1 正确率： 100.00% -> 1  100.00%, 2    0.00%, 3    0.00%
类型2 正确率：  98.00% -> 1    0.00%, 2   97.56%, 3    2.44%
类型3 正确率： 100.00% -> 1    0.00%, 2    0.00%, 3  100.00%


源域训练结束

训练好之后，测试目标域
目标域路径：/kaggle/working/k10/S01/sdalr_PU_final_checkpoint/DATA_foldS01/PU_M1_L3/N15_M01_F10_label.txt
测试目标数据集结果如下：
任务: (B3)N15_M07_F04→(B1)N15_M01_F10, 正确率 = 93.81%
类型1 正确率：  99.00% -> 1   99.00%, 2    0.25%, 3    0.75%
类型2 正确率：  88.00% -> 1    0.00%, 2   88.13%, 3   11.87%
类型3 正确率：  94.00% -> 1    0.00%, 2    5.69%, 3   94.31%

目标域路径：/kaggle/working/k10/S01/sdalr_PU_final_checkpoint/DATA_foldS01/PU_M1_L3/N15_M07_F10_label.txt
测试目标数据集结果如下：
任务: (B3)N15_M07_F04→(B2)N15_M07_F10, 正确率 = 97.87%
类型1 正确率：  98.00% -> 1   97.99%, 2    0.50%, 3    1.51%
类型2 正确率：  99.00% -> 1    0.00%, 2   99.49%, 3    0.51%
类型3 正确率：  96.00% -> 1    0.00%, 2    3.87%, 3   96.13%

