读取源域路径：/kaggle/working/k10/S06/weight_PU_M1_final_checkpoint_FS06toS06c_s2024/NEW_PU/Source-源域/log&pt/(B1)N15_M01_F10
excel输出位置：/kaggle/working/k10/S06/weight_PU_M1_final_checkpoint_FS06toS06c_s2024/NEW_PU/Target-目标域
特征图片输出位置：/kaggle/working/k10/S06/weight_PU_M1_final_checkpoint_FS06toS06c_s2024/NEW_PU/Picture-特征图/2026年09月19日03时55分/(B1)N15_M01_F10
现在选取:(B1)N15_M01_F10 进行训练的源模型
现在进行：(B1)N15_M01_F10→(B3)N15_M07_F04 的迁移任务
log&pt输出位置：/kaggle/working/k10/S06/weight_PU_M1_final_checkpoint_FS06toS06c_s2024/NEW_PU/Target-目标域/log&pt/(B1)N15_M01_F10→(B3)N15_M07_F04
任务: (B1)N15_M01_F10→(B3)N15_M07_F04; 批次:····0/·1880;  总正确率: 73.43%
类型1 正确率： 100.00% -> 1   99.50%, 2    0.05%, 3    0.45%
类型2 正确率：  71.00% -> 1    0.00%, 2   70.75%, 3   29.25%
类型3 正确率：  50.00% -> 1    0.00%, 2   49.95%, 3   50.05%


样本变换：reverse
样本变换：mask
样本变换：shift
样本变换：none
未过滤	未用伪标签：73.43% -> 使用伪标签：73.10%
已过滤	未用伪标签：73.74% -> 使用伪标签：73.79%
排除样本：56|6000	剩余：1998, 2388, 1558
增添样本：1220		细则：390, 0, 830	正确率估算：99.34%
类型1 正确率： 100.00% -> 1  100.00%, 2    0.00%, 3    0.00%
类型2 正确率：  71.00% -> 1    0.00%, 2   71.33%, 3   28.67%
类型3 正确率：  50.00% -> 1    0.00%, 2   50.00%, 3   50.00%

被排除样本 正确率：41.07%
类型1 正确率：  50.00% -> 1   50.00%, 2    0.00%, 3   50.00%
类型2 正确率：  41.00% -> 1    0.00%, 2   40.74%, 3   59.26%
类型3 没有样本或未被分类。


轮次:··1/·20 || c_Loss:0.560 || e_Loss:-1.074 || Aad_Loss:-28.882 || 耗时：35.90s
轮次:··2/·20 || c_Loss:0.380 || e_Loss:-0.996 || Aad_Loss:-29.900 || 耗时：13.69s
轮次:··3/·20 || c_Loss:0.353 || e_Loss:-0.960 || Aad_Loss:-29.959 || 耗时：13.72s
轮次:··4/·20 || c_Loss:0.352 || e_Loss:-0.955 || Aad_Loss:-30.341 || 耗时：13.75s
轮次:··5/·20 || c_Loss:0.347 || e_Loss:-1.802 || Aad_Loss:-30.391 || 耗时：13.80s
任务: (B1)N15_M01_F10→(B3)N15_M07_F04; mix批次:····0; 批次:··470/·1880;  总正确率: 72.88%
类型1 正确率： 100.00% -> 1  100.00%, 2    0.00%, 3    0.00%
类型2 正确率：  69.00% -> 1    0.00%, 2   68.65%, 3   31.35%
类型3 正确率：  50.00% -> 1    0.00%, 2   50.00%, 3   50.00%


样本变换：reverse
样本变换：mask
样本变换：shift
样本变换：none
未过滤	未用伪标签：72.88% -> 使用伪标签：72.50%
已过滤	未用伪标签：72.86% -> 使用伪标签：72.57%
排除样本：6|6000	剩余：2000, 2350, 1644
增添样本：1056		细则：350, 0, 706	正确率估算：99.72%
类型1 正确率： 100.00% -> 1  100.00%, 2    0.00%, 3    0.00%
类型2 正确率：  68.00% -> 1    0.00%, 2   67.70%, 3   32.30%
类型3 正确率：  50.00% -> 1    0.00%, 2   50.00%, 3   50.00%

被排除样本 正确率：100.00%
类型1 正确率： 100.00% -> 1  100.00%


轮次:··6/·20 || c_Loss:0.366 || e_Loss:-0.912 || Aad_Loss:-33.026 || 耗时：36.50s
轮次:··7/·20 || c_Loss:0.380 || e_Loss:-0.970 || Aad_Loss:-31.693 || 耗时：13.72s
轮次:··8/·20 || c_Loss:0.386 || e_Loss:-1.015 || Aad_Loss:-30.334 || 耗时：13.80s
轮次:··9/·20 || c_Loss:0.370 || e_Loss:-1.020 || Aad_Loss:-31.329 || 耗时：13.82s
轮次:·10/·20 || c_Loss:0.400 || e_Loss:-0.908 || Aad_Loss:-31.082 || 耗时：13.81s
任务: (B1)N15_M01_F10→(B3)N15_M07_F04; mix批次:····0; 批次:··940/·1880;  总正确率: 72.48%
类型1 正确率： 100.00% -> 1  100.00%, 2    0.00%, 3    0.00%
类型2 正确率：  67.00% -> 1    0.00%, 2   67.45%, 3   32.55%
类型3 正确率：  50.00% -> 1    0.00%, 2   50.00%, 3   50.00%


样本变换：reverse
样本变换：mask
样本变换：shift
样本变换：none
未过滤	未用伪标签：72.48% -> 使用伪标签：72.42%
已过滤	未用伪标签：72.52% -> 使用伪标签：72.45%
排除样本：3|6000	剩余：2000, 2345, 1652
增添样本：1038		细则：345, 0, 693	正确率估算：100.00%
类型1 正确率： 100.00% -> 1  100.00%, 2    0.00%, 3    0.00%
类型2 正确率：  67.00% -> 1    0.00%, 2   67.35%, 3   32.65%
类型3 正确率：  50.00% -> 1    0.00%, 2   50.00%, 3   50.00%

被排除样本 正确率：0.00%
类型1 正确率：   0.00% -> 1    0.00%, 2  100.00%
类型2 没有样本或未被分类。


轮次:·11/·20 || c_Loss:0.371 || e_Loss:-1.006 || Aad_Loss:-31.349 || 耗时：36.56s
轮次:·12/·20 || c_Loss:0.375 || e_Loss:-1.003 || Aad_Loss:-31.248 || 耗时：13.77s
轮次:·13/·20 || c_Loss:0.373 || e_Loss:-1.000 || Aad_Loss:-31.443 || 耗时：13.77s
轮次:·14/·20 || c_Loss:0.371 || e_Loss:-0.998 || Aad_Loss:-31.216 || 耗时：13.76s
轮次:·15/·20 || c_Loss:0.377 || e_Loss:-1.002 || Aad_Loss:-31.507 || 耗时：13.74s
任务: (B1)N15_M01_F10→(B3)N15_M07_F04; mix批次:····0; 批次:·1410/·1880;  总正确率: 72.40%
类型1 正确率： 100.00% -> 1  100.00%, 2    0.00%, 3    0.00%
类型2 正确率：  67.00% -> 1    0.00%, 2   67.20%, 3   32.80%
类型3 正确率：  50.00% -> 1    0.00%, 2   50.00%, 3   50.00%


样本变换：reverse
样本变换：mask
样本变换：shift
样本变换：none
未过滤	未用伪标签：72.40% -> 使用伪标签：72.38%
已过滤	未用伪标签：72.40% -> 使用伪标签：72.38%
排除样本：2000|6000	剩余：2343, 1657
增添样本：1029		细则：343, 0, 686	正确率估算：99.90%
类型1 正确率： 100.00% -> 1  100.00%, 2    0.00%, 3    0.00%
类型2 正确率：  67.00% -> 1    0.00%, 2   67.15%, 3   32.85%
类型3 正确率：  50.00% -> 1    0.00%, 2   50.00%, 3   50.00%

被排除样本 正确率：nan%


轮次:·16/·20 || c_Loss:0.381 || e_Loss:-0.976 || Aad_Loss:-31.625 || 耗时：36.51s
轮次:·17/·20 || c_Loss:0.378 || e_Loss:-0.974 || Aad_Loss:-32.050 || 耗时：13.86s
轮次:·18/·20 || c_Loss:0.378 || e_Loss:-1.007 || Aad_Loss:-31.204 || 耗时：13.92s
轮次:·19/·20 || c_Loss:0.376 || e_Loss:-0.987 || Aad_Loss:-32.390 || 耗时：13.91s
轮次:·20/·20 || c_Loss:0.375 || e_Loss:-1.023 || Aad_Loss:-31.500 || 耗时：13.86s
任务: (B1)N15_M01_F10→(B3)N15_M07_F04; mix批次:····0; 批次:·1880/·1880;  总正确率: 72.37%
类型1 正确率： 100.00% -> 1  100.00%, 2    0.00%, 3    0.00%
类型2 正确率：  67.00% -> 1    0.00%, 2   67.10%, 3   32.90%
类型3 正确率：  50.00% -> 1    0.00%, 2   50.00%, 3   50.00%


测试集任务: (B1)N15_M01_F10→(B3)N15_M07_F04; 总正确率 = 72.37%
类型1 正确率： 100.00% -> 1  100.00%, 2    0.00%, 3    0.00%
类型2 正确率：  67.00% -> 1    0.00%, 2   67.10%, 3   32.90%
类型3 正确率：  50.00% -> 1    0.00%, 2   50.00%, 3   50.00%


