读取源域路径：/kaggle/working/k10/S06/weight_PU_M1_final_checkpoint_FS06toS06c_s2024/NEW_PU/Source-源域/log&pt/(B1)N15_M01_F10
excel输出位置：/kaggle/working/k10/S06/weight_PU_M1_final_checkpoint_FS06toS06c_s2024/NEW_PU/Target-目标域
特征图片输出位置：/kaggle/working/k10/S06/weight_PU_M1_final_checkpoint_FS06toS06c_s2024/NEW_PU/Picture-特征图/2026年09月19日03时48分/(B1)N15_M01_F10
现在选取:(B1)N15_M01_F10 进行训练的源模型
现在进行：(B1)N15_M01_F10→(B2)N15_M07_F10 的迁移任务
log&pt输出位置：/kaggle/working/k10/S06/weight_PU_M1_final_checkpoint_FS06toS06c_s2024/NEW_PU/Target-目标域/log&pt/(B1)N15_M01_F10→(B2)N15_M07_F10
任务: (B1)N15_M01_F10→(B2)N15_M07_F10; 批次:····0/·1880;  总正确率: 73.50%
类型1 正确率：  96.00% -> 1   96.30%, 2    0.05%, 3    3.65%
类型2 正确率：  74.00% -> 1    0.00%, 2   74.10%, 3   25.90%
类型3 正确率：  50.00% -> 1    0.00%, 2   49.90%, 3   50.10%


样本变换：reverse
样本变换：mask
样本变换：shift
样本变换：none
未过滤	未用伪标签：73.50% -> 使用伪标签：73.17%
已过滤	未用伪标签：74.29% -> 使用伪标签：74.66%
排除样本：120|6000	剩余：1911, 2480, 1489
增添样本：1560		细则：569, 0, 991	正确率估算：98.14%
类型1 正确率：  98.00% -> 1   97.60%, 2    0.00%, 3    2.40%
类型2 正确率：  77.00% -> 1    0.00%, 2   76.96%, 3   23.04%
类型3 正确率：  50.00% -> 1    0.00%, 2   50.03%, 3   49.97%

被排除样本 正确率：35.00%
类型1 正确率：  57.00% -> 1   57.14%, 2    0.00%, 3   42.86%
类型2 正确率：  22.00% -> 1    0.00%, 2   22.08%, 3   77.92%
类型3 正确率： 100.00% -> 1    0.00%, 2    0.00%, 3  100.00%


轮次:··1/·20 || c_Loss:0.623 || e_Loss:-1.386 || Aad_Loss:-25.568 || 耗时：35.92s
轮次:··2/·20 || c_Loss:0.383 || e_Loss:-1.028 || Aad_Loss:-28.453 || 耗时：13.35s
轮次:··3/·20 || c_Loss:0.348 || e_Loss:-1.412 || Aad_Loss:-30.064 || 耗时：13.45s
轮次:··4/·20 || c_Loss:0.413 || e_Loss:-1.465 || Aad_Loss:-28.514 || 耗时：13.50s
轮次:··5/·20 || c_Loss:0.387 || e_Loss:-1.416 || Aad_Loss:-28.207 || 耗时：13.69s
任务: (B1)N15_M01_F10→(B2)N15_M07_F10; mix批次:····0; 批次:··470/·1880;  总正确率: 74.47%
类型1 正确率： 100.00% -> 1  100.00%, 2    0.00%, 3    0.00%
类型2 正确率：  73.00% -> 1    0.00%, 2   73.40%, 3   26.60%
类型3 正确率：  50.00% -> 1    0.00%, 2   50.00%, 3   50.00%


样本变换：reverse
样本变换：mask
样本变换：shift
样本变换：none
未过滤	未用伪标签：74.47% -> 使用伪标签：72.93%
已过滤	未用伪标签：74.42% -> 使用伪标签：73.08%
排除样本：12|6000	剩余：2000, 2376, 1612
增添样本：1140		细则：376, 0, 764	正确率估算：97.28%
类型1 正确率： 100.00% -> 1  100.00%, 2    0.00%, 3    0.00%
类型2 正确率：  69.00% -> 1    0.00%, 2   69.22%, 3   30.78%
类型3 正确率：  50.00% -> 1    0.00%, 2   50.00%, 3   50.00%

被排除样本 正确率：100.00%
类型1 正确率： 100.00% -> 1  100.00%


轮次:··6/·20 || c_Loss:0.361 || e_Loss:-0.991 || Aad_Loss:-30.364 || 耗时：36.36s
轮次:··7/·20 || c_Loss:0.364 || e_Loss:-0.972 || Aad_Loss:-31.027 || 耗时：13.69s
轮次:··8/·20 || c_Loss:0.367 || e_Loss:-0.992 || Aad_Loss:-31.576 || 耗时：13.73s
轮次:··9/·20 || c_Loss:0.366 || e_Loss:-0.990 || Aad_Loss:-31.459 || 耗时：13.75s
轮次:·10/·20 || c_Loss:0.386 || e_Loss:-0.908 || Aad_Loss:-32.508 || 耗时：13.76s
任务: (B1)N15_M01_F10→(B2)N15_M07_F10; mix批次:····0; 批次:··940/·1880;  总正确率: 72.45%
类型1 正确率： 100.00% -> 1  100.00%, 2    0.00%, 3    0.00%
类型2 正确率：  67.00% -> 1    0.00%, 2   67.35%, 3   32.65%
类型3 正确率：  50.00% -> 1    0.00%, 2   50.00%, 3   50.00%


样本变换：reverse
样本变换：mask
样本变换：shift
样本变换：none
未过滤	未用伪标签：72.45% -> 使用伪标签：72.37%
已过滤	未用伪标签：72.45% -> 使用伪标签：72.38%
排除样本：1|6000	剩余：2000, 2342, 1657
增添样本：1027		细则：342, 0, 685	正确率估算：100.00%
类型1 正确率： 100.00% -> 1  100.00%, 2    0.00%, 3    0.00%
类型2 正确率：  67.00% -> 1    0.00%, 2   67.13%, 3   32.87%
类型3 正确率：  50.00% -> 1    0.00%, 2   50.00%, 3   50.00%

被排除样本 正确率：100.00%
类型1 正确率： 100.00% -> 1  100.00%


轮次:·11/·20 || c_Loss:0.389 || e_Loss:-0.975 || Aad_Loss:-30.883 || 耗时：36.51s
轮次:·12/·20 || c_Loss:0.378 || e_Loss:-0.972 || Aad_Loss:-31.839 || 耗时：13.75s
轮次:·13/·20 || c_Loss:0.384 || e_Loss:-1.887 || Aad_Loss:-30.353 || 耗时：13.79s
轮次:·14/·20 || c_Loss:0.374 || e_Loss:-0.986 || Aad_Loss:-31.980 || 耗时：13.82s
轮次:·15/·20 || c_Loss:0.380 || e_Loss:-1.007 || Aad_Loss:-31.080 || 耗时：13.84s
任务: (B1)N15_M01_F10→(B2)N15_M07_F10; mix批次:····0; 批次:·1410/·1880;  总正确率: 72.33%
类型1 正确率： 100.00% -> 1  100.00%, 2    0.00%, 3    0.00%
类型2 正确率：  67.00% -> 1    0.00%, 2   67.00%, 3   33.00%
类型3 正确率：  50.00% -> 1    0.00%, 2   50.00%, 3   50.00%


样本变换：reverse
样本变换：mask
样本变换：shift
样本变换：none
未过滤	未用伪标签：72.33% -> 使用伪标签：72.33%
已过滤	未用伪标签：72.33% -> 使用伪标签：72.33%
排除样本：2000|6000	剩余：2340, 1660
增添样本：1020		细则：340, 0, 680	正确率估算：100.00%
类型1 正确率： 100.00% -> 1  100.00%, 2    0.00%, 3    0.00%
类型2 正确率：  67.00% -> 1    0.00%, 2   67.00%, 3   33.00%
类型3 正确率：  50.00% -> 1    0.00%, 2   50.00%, 3   50.00%

被排除样本 正确率：nan%


轮次:·16/·20 || c_Loss:0.381 || e_Loss:-0.977 || Aad_Loss:-31.703 || 耗时：36.64s
轮次:·17/·20 || c_Loss:0.375 || e_Loss:-1.021 || Aad_Loss:-31.693 || 耗时：13.89s
轮次:·18/·20 || c_Loss:0.375 || e_Loss:-1.015 || Aad_Loss:-31.583 || 耗时：13.85s
轮次:·19/·20 || c_Loss:0.378 || e_Loss:-0.996 || Aad_Loss:-31.706 || 耗时：13.88s
轮次:·20/·20 || c_Loss:0.372 || e_Loss:-1.008 || Aad_Loss:-31.822 || 耗时：13.87s
任务: (B1)N15_M01_F10→(B2)N15_M07_F10; mix批次:····0; 批次:·1880/·1880;  总正确率: 72.33%
类型1 正确率： 100.00% -> 1  100.00%, 2    0.00%, 3    0.00%
类型2 正确率：  67.00% -> 1    0.00%, 2   67.00%, 3   33.00%
类型3 正确率：  50.00% -> 1    0.00%, 2   50.00%, 3   50.00%


测试集任务: (B1)N15_M01_F10→(B2)N15_M07_F10; 总正确率 = 72.33%
类型1 正确率： 100.00% -> 1  100.00%, 2    0.00%, 3    0.00%
类型2 正确率：  67.00% -> 1    0.00%, 2   67.00%, 3   33.00%
类型3 正确率：  50.00% -> 1    0.00%, 2   50.00%, 3   50.00%


