读取源域路径：/kaggle/working/k10/S06/weight_PU_M1_final_checkpoint_FS06toS06c_s2024/NEW_PU/Source-源域/log&pt/(B3)N15_M07_F04
excel输出位置：/kaggle/working/k10/S06/weight_PU_M1_final_checkpoint_FS06toS06c_s2024/NEW_PU/Target-目标域
特征图片输出位置：/kaggle/working/k10/S06/weight_PU_M1_final_checkpoint_FS06toS06c_s2024/NEW_PU/Picture-特征图/2026年09月19日04时14分/(B3)N15_M07_F04
现在选取:(B3)N15_M07_F04 进行训练的源模型
现在进行：(B3)N15_M07_F04→(B1)N15_M01_F10 的迁移任务
log&pt输出位置：/kaggle/working/k10/S06/weight_PU_M1_final_checkpoint_FS06toS06c_s2024/NEW_PU/Target-目标域/log&pt/(B3)N15_M07_F04→(B1)N15_M01_F10
任务: (B3)N15_M07_F04→(B1)N15_M01_F10; 批次:····0/·1880;  总正确率: 53.65%
类型1 正确率：  84.00% -> 1   84.00%, 2    0.25%, 3   15.75%
类型2 正确率：  43.00% -> 1    0.00%, 2   43.15%, 3   56.85%
类型3 正确率：  34.00% -> 1    0.00%, 2   66.20%, 3   33.80%


样本变换：reverse
样本变换：mask
样本变换：shift
样本变换：none
未过滤	未用伪标签：53.65% -> 使用伪标签：59.62%
已过滤	未用伪标签：53.73% -> 使用伪标签：60.82%
排除样本：119|6000	剩余：1972, 1645, 2264
增添样本：911		细则：292, 619, 0	正确率估算：73.87%
类型1 正确率：  99.00% -> 1   99.05%, 2    0.00%, 3    0.95%
类型2 正确率：  33.00% -> 1    0.00%, 2   33.19%, 3   66.81%
类型3 正确率：  49.00% -> 1    0.00%, 2   51.01%, 3   48.99%

被排除样本 正确率：49.58%
类型1 正确率：   0.00% -> 1    0.00%, 2    0.00%, 3  100.00%
类型2 正确率：  61.00% -> 1    0.00%, 2   61.46%, 3   38.54%
类型3 正确率：   0.00% -> 1    0.00%, 2  100.00%, 3    0.00%


轮次:··1/·20 || c_Loss:0.442 || e_Loss:-1.031 || Aad_Loss:-28.641 || 耗时：36.11s
轮次:··2/·20 || c_Loss:0.543 || e_Loss:-0.747 || Aad_Loss:-23.515 || 耗时：13.93s
轮次:··3/·20 || c_Loss:0.370 || e_Loss:-0.924 || Aad_Loss:-30.479 || 耗时：13.94s
轮次:··4/·20 || c_Loss:0.378 || e_Loss:-1.295 || Aad_Loss:-28.496 || 耗时：13.94s
轮次:··5/·20 || c_Loss:0.342 || e_Loss:-1.430 || Aad_Loss:-28.406 || 耗时：13.89s
任务: (B3)N15_M07_F04→(B1)N15_M01_F10; mix批次:····0; 批次:··470/·1880;  总正确率: 60.98%
类型1 正确率： 100.00% -> 1  100.00%, 2    0.00%, 3    0.00%
类型2 正确率：  33.00% -> 1    0.00%, 2   32.95%, 3   67.05%
类型3 正确率：  50.00% -> 1    0.00%, 2   50.00%, 3   50.00%


样本变换：reverse
样本变换：mask
样本变换：shift
样本变换：none
未过滤	未用伪标签：60.98% -> 使用伪标签：60.95%
已过滤	未用伪标签：60.98% -> 使用伪标签：60.96%
排除样本：1|6000	剩余：2000, 1657, 2342
增添样本：1027		细则：342, 685, 0	正确率估算：100.00%
类型1 正确率： 100.00% -> 1  100.00%, 2    0.00%, 3    0.00%
类型2 正确率：  33.00% -> 1    0.00%, 2   32.87%, 3   67.13%
类型3 正确率：  50.00% -> 1    0.00%, 2   50.00%, 3   50.00%

被排除样本 正确率：100.00%
类型1 正确率： 100.00% -> 1  100.00%


轮次:··6/·20 || c_Loss:0.368 || e_Loss:-0.974 || Aad_Loss:-30.757 || 耗时：36.55s
轮次:··7/·20 || c_Loss:0.375 || e_Loss:-0.946 || Aad_Loss:-30.571 || 耗时：13.76s
轮次:··8/·20 || c_Loss:0.378 || e_Loss:-0.996 || Aad_Loss:-30.148 || 耗时：13.79s
轮次:··9/·20 || c_Loss:0.374 || e_Loss:-0.986 || Aad_Loss:-31.790 || 耗时：13.81s
轮次:·10/·20 || c_Loss:0.378 || e_Loss:-1.008 || Aad_Loss:-30.796 || 耗时：13.79s
任务: (B3)N15_M07_F04→(B1)N15_M01_F10; mix批次:····0; 批次:··940/·1880;  总正确率: 60.95%
类型1 正确率： 100.00% -> 1  100.00%, 2    0.00%, 3    0.00%
类型2 正确率：  33.00% -> 1    0.00%, 2   32.85%, 3   67.15%
类型3 正确率：  50.00% -> 1    0.00%, 2   50.00%, 3   50.00%


样本变换：reverse
样本变换：mask
样本变换：shift
样本变换：none
未过滤	未用伪标签：60.95% -> 使用伪标签：60.97%
已过滤	未用伪标签：60.96% -> 使用伪标签：60.98%
排除样本：1|6000	剩余：2000, 1658, 2341
增添样本：1024		细则：341, 683, 0	正确率估算：100.00%
类型1 正确率： 100.00% -> 1  100.00%, 2    0.00%, 3    0.00%
类型2 正确率：  33.00% -> 1    0.00%, 2   32.92%, 3   67.08%
类型3 正确率：  50.00% -> 1    0.00%, 2   50.00%, 3   50.00%

被排除样本 正确率：0.00%
类型1 正确率：   0.00% -> 1    0.00%, 2  100.00%
类型2 没有样本或未被分类。


轮次:·11/·20 || c_Loss:0.382 || e_Loss:-1.003 || Aad_Loss:-30.640 || 耗时：36.48s
轮次:·12/·20 || c_Loss:0.380 || e_Loss:-1.009 || Aad_Loss:-30.730 || 耗时：13.79s
轮次:·13/·20 || c_Loss:0.390 || e_Loss:-0.962 || Aad_Loss:-31.887 || 耗时：13.83s
轮次:·14/·20 || c_Loss:0.383 || e_Loss:-0.993 || Aad_Loss:-30.907 || 耗时：13.87s
轮次:·15/·20 || c_Loss:0.380 || e_Loss:-0.940 || Aad_Loss:-32.653 || 耗时：13.87s
任务: (B3)N15_M07_F04→(B1)N15_M01_F10; mix批次:····0; 批次:·1410/·1880;  总正确率: 61.00%
类型1 正确率： 100.00% -> 1  100.00%, 2    0.00%, 3    0.00%
类型2 正确率：  33.00% -> 1    0.00%, 2   33.00%, 3   67.00%
类型3 正确率：  50.00% -> 1    0.00%, 2   50.00%, 3   50.00%


样本变换：reverse
样本变换：mask
样本变换：shift
样本变换：none
未过滤	未用伪标签：61.00% -> 使用伪标签：60.98%
已过滤	未用伪标签：60.99% -> 使用伪标签：60.99%
排除样本：1|6000	剩余：2000, 1659, 2340
增添样本：1021		细则：340, 681, 0	正确率估算：100.00%
类型1 正确率： 100.00% -> 1  100.00%, 2    0.00%, 3    0.00%
类型2 正确率：  33.00% -> 1    0.00%, 2   32.97%, 3   67.03%
类型3 正确率：  50.00% -> 1    0.00%, 2   50.00%, 3   50.00%

被排除样本 正确率：100.00%
类型1 正确率： 100.00% -> 1  100.00%


轮次:·16/·20 || c_Loss:0.391 || e_Loss:-0.988 || Aad_Loss:-30.668 || 耗时：36.50s
轮次:·17/·20 || c_Loss:0.374 || e_Loss:-0.963 || Aad_Loss:-32.776 || 耗时：13.74s
轮次:·18/·20 || c_Loss:0.386 || e_Loss:-0.996 || Aad_Loss:-31.248 || 耗时：13.78s
轮次:·19/·20 || c_Loss:0.381 || e_Loss:-1.015 || Aad_Loss:-30.842 || 耗时：13.80s
轮次:·20/·20 || c_Loss:0.376 || e_Loss:-1.008 || Aad_Loss:-31.607 || 耗时：13.80s
任务: (B3)N15_M07_F04→(B1)N15_M01_F10; mix批次:····0; 批次:·1880/·1880;  总正确率: 60.97%
类型1 正确率： 100.00% -> 1  100.00%, 2    0.00%, 3    0.00%
类型2 正确率：  33.00% -> 1    0.00%, 2   32.90%, 3   67.10%
类型3 正确率：  50.00% -> 1    0.00%, 2   50.00%, 3   50.00%


测试集任务: (B3)N15_M07_F04→(B1)N15_M01_F10; 总正确率 = 60.97%
类型1 正确率： 100.00% -> 1  100.00%, 2    0.00%, 3    0.00%
类型2 正确率：  33.00% -> 1    0.00%, 2   32.90%, 3   67.10%
类型3 正确率：  50.00% -> 1    0.00%, 2   50.00%, 3   50.00%


