读取源域路径：/kaggle/working/k10/S06/weight_PU_M1_final_checkpoint_FS06toS06c_s2024/NEW_PU/Source-源域/log&pt/(B2)N15_M07_F10
excel输出位置：/kaggle/working/k10/S06/weight_PU_M1_final_checkpoint_FS06toS06c_s2024/NEW_PU/Target-目标域
特征图片输出位置：/kaggle/working/k10/S06/weight_PU_M1_final_checkpoint_FS06toS06c_s2024/NEW_PU/Picture-特征图/2026年09月19日04时01分/(B2)N15_M07_F10
现在选取:(B2)N15_M07_F10 进行训练的源模型
现在进行：(B2)N15_M07_F10→(B1)N15_M01_F10 的迁移任务
log&pt输出位置：/kaggle/working/k10/S06/weight_PU_M1_final_checkpoint_FS06toS06c_s2024/NEW_PU/Target-目标域/log&pt/(B2)N15_M07_F10→(B1)N15_M01_F10
任务: (B2)N15_M07_F10→(B1)N15_M01_F10; 批次:····0/·1880;  总正确率: 75.43%
类型1 正确率： 100.00% -> 1   99.55%, 2    0.05%, 3    0.40%
类型2 正确率：  77.00% -> 1    0.00%, 2   76.55%, 3   23.45%
类型3 正确率：  50.00% -> 1    0.00%, 2   49.80%, 3   50.20%


样本变换：reverse
样本变换：mask
样本变换：shift
样本变换：none
未过滤	未用伪标签：75.43% -> 使用伪标签：74.20%
已过滤	未用伪标签：75.42% -> 使用伪标签：74.95%
排除样本：60|6000	剩余：1996, 2455, 1489
增添样本：1425		细则：459, 0, 966	正确率估算：98.46%
类型1 正确率： 100.00% -> 1   99.95%, 2    0.00%, 3    0.05%
类型2 正确率：  75.00% -> 1    0.00%, 2   74.90%, 3   25.10%
类型3 正确率：  50.00% -> 1    0.00%, 2   49.97%, 3   50.03%

被排除样本 正确率：76.67%
类型1 正确率：  67.00% -> 1   66.67%, 2   33.33%, 3    0.00%
类型2 正确率：  77.00% -> 1    0.00%, 2   76.79%, 3   23.21%
类型3 正确率： 100.00% -> 1    0.00%, 2    0.00%, 3  100.00%


轮次:··1/·20 || c_Loss:0.616 || e_Loss:-1.025 || Aad_Loss:-30.573 || 耗时：36.36s
轮次:··2/·20 || c_Loss:0.438 || e_Loss:-0.952 || Aad_Loss:-28.346 || 耗时：13.81s
轮次:··3/·20 || c_Loss:0.368 || e_Loss:-0.975 || Aad_Loss:-30.505 || 耗时：13.91s
轮次:··4/·20 || c_Loss:0.354 || e_Loss:-0.916 || Aad_Loss:-30.654 || 耗时：13.97s
轮次:··5/·20 || c_Loss:0.365 || e_Loss:-0.936 || Aad_Loss:-30.789 || 耗时：13.93s
任务: (B2)N15_M07_F10→(B1)N15_M01_F10; mix批次:····0; 批次:··470/·1880;  总正确率: 73.07%
类型1 正确率： 100.00% -> 1  100.00%, 2    0.00%, 3    0.00%
类型2 正确率：  69.00% -> 1    0.00%, 2   69.20%, 3   30.80%
类型3 正确率：  50.00% -> 1    0.00%, 2   50.00%, 3   50.00%


样本变换：reverse
样本变换：mask
样本变换：shift
样本变换：none
未过滤	未用伪标签：73.07% -> 使用伪标签：72.47%
已过滤	未用伪标签：73.05% -> 使用伪标签：72.52%
排除样本：4|6000	剩余：2000, 2348, 1648
增添样本：1048		细则：348, 0, 700	正确率估算：98.85%
类型1 正确率： 100.00% -> 1  100.00%, 2    0.00%, 3    0.00%
类型2 正确率：  68.00% -> 1    0.00%, 2   67.54%, 3   32.46%
类型3 正确率：  50.00% -> 1    0.00%, 2   50.00%, 3   50.00%

被排除样本 正确率：100.00%
类型1 正确率： 100.00% -> 1  100.00%


轮次:··6/·20 || c_Loss:0.367 || e_Loss:-0.994 || Aad_Loss:-31.120 || 耗时：36.58s
轮次:··7/·20 || c_Loss:0.377 || e_Loss:-0.983 || Aad_Loss:-30.797 || 耗时：13.68s
轮次:··8/·20 || c_Loss:0.401 || e_Loss:-1.013 || Aad_Loss:-33.069 || 耗时：13.66s
轮次:··9/·20 || c_Loss:0.399 || e_Loss:-1.007 || Aad_Loss:-30.227 || 耗时：13.66s
轮次:·10/·20 || c_Loss:0.373 || e_Loss:-0.970 || Aad_Loss:-31.938 || 耗时：13.68s
任务: (B2)N15_M07_F10→(B1)N15_M01_F10; mix批次:····0; 批次:··940/·1880;  总正确率: 72.35%
类型1 正确率： 100.00% -> 1  100.00%, 2    0.00%, 3    0.00%
类型2 正确率：  67.00% -> 1    0.00%, 2   67.05%, 3   32.95%
类型3 正确率：  50.00% -> 1    0.00%, 2   50.00%, 3   50.00%


样本变换：reverse
样本变换：mask
样本变换：shift
样本变换：none
未过滤	未用伪标签：72.35% -> 使用伪标签：72.35%
已过滤	未用伪标签：72.35% -> 使用伪标签：72.35%
排除样本：2000|6000	剩余：2341, 1659
增添样本：1023		细则：341, 0, 682	正确率估算：100.00%
类型1 正确率： 100.00% -> 1  100.00%, 2    0.00%, 3    0.00%
类型2 正确率：  67.00% -> 1    0.00%, 2   67.05%, 3   32.95%
类型3 正确率：  50.00% -> 1    0.00%, 2   50.00%, 3   50.00%

被排除样本 正确率：nan%


轮次:·11/·20 || c_Loss:0.385 || e_Loss:-0.987 || Aad_Loss:-31.188 || 耗时：36.35s
轮次:·12/·20 || c_Loss:0.376 || e_Loss:-0.982 || Aad_Loss:-31.799 || 耗时：13.76s
轮次:·13/·20 || c_Loss:0.376 || e_Loss:-0.939 || Aad_Loss:-33.088 || 耗时：13.79s
轮次:·14/·20 || c_Loss:0.372 || e_Loss:-0.996 || Aad_Loss:-32.390 || 耗时：13.81s
轮次:·15/·20 || c_Loss:0.381 || e_Loss:-0.993 || Aad_Loss:-31.253 || 耗时：13.84s
任务: (B2)N15_M07_F10→(B1)N15_M01_F10; mix批次:····0; 批次:·1410/·1880;  总正确率: 72.37%
类型1 正确率： 100.00% -> 1  100.00%, 2    0.00%, 3    0.00%
类型2 正确率：  67.00% -> 1    0.00%, 2   67.10%, 3   32.90%
类型3 正确率：  50.00% -> 1    0.00%, 2   50.00%, 3   50.00%


样本变换：reverse
样本变换：mask
样本变换：shift
样本变换：none
未过滤	未用伪标签：72.37% -> 使用伪标签：72.35%
已过滤	未用伪标签：72.37% -> 使用伪标签：72.35%
排除样本：2000|6000	剩余：2341, 1659
增添样本：1023		细则：341, 0, 682	正确率估算：99.90%
类型1 正确率： 100.00% -> 1  100.00%, 2    0.00%, 3    0.00%
类型2 正确率：  67.00% -> 1    0.00%, 2   67.05%, 3   32.95%
类型3 正确率：  50.00% -> 1    0.00%, 2   50.00%, 3   50.00%

被排除样本 正确率：nan%


轮次:·16/·20 || c_Loss:0.385 || e_Loss:-0.989 || Aad_Loss:-31.482 || 耗时：36.65s
轮次:·17/·20 || c_Loss:0.376 || e_Loss:-0.984 || Aad_Loss:-31.947 || 耗时：13.84s
轮次:·18/·20 || c_Loss:0.375 || e_Loss:-0.941 || Aad_Loss:-33.243 || 耗时：13.85s
轮次:·19/·20 || c_Loss:0.373 || e_Loss:-0.997 || Aad_Loss:-32.530 || 耗时：13.85s
轮次:·20/·20 || c_Loss:0.381 || e_Loss:-0.994 || Aad_Loss:-31.413 || 耗时：13.88s
任务: (B2)N15_M07_F10→(B1)N15_M01_F10; mix批次:····0; 批次:·1880/·1880;  总正确率: 72.35%
类型1 正确率： 100.00% -> 1  100.00%, 2    0.00%, 3    0.00%
类型2 正确率：  67.00% -> 1    0.00%, 2   67.05%, 3   32.95%
类型3 正确率：  50.00% -> 1    0.00%, 2   50.00%, 3   50.00%


测试集任务: (B2)N15_M07_F10→(B1)N15_M01_F10; 总正确率 = 72.35%
类型1 正确率： 100.00% -> 1  100.00%, 2    0.00%, 3    0.00%
类型2 正确率：  67.00% -> 1    0.00%, 2   67.05%, 3   32.95%
类型3 正确率：  50.00% -> 1    0.00%, 2   50.00%, 3   50.00%


