读取源域路径：/kaggle/working/k10/S06/weight_PU_M1_final_checkpoint_FS06toS06c_s2024/NEW_PU/Source-源域/log&pt/(B2)N15_M07_F10
excel输出位置：/kaggle/working/k10/S06/weight_PU_M1_final_checkpoint_FS06toS06c_s2024/NEW_PU/Target-目标域
特征图片输出位置：/kaggle/working/k10/S06/weight_PU_M1_final_checkpoint_FS06toS06c_s2024/NEW_PU/Picture-特征图/2026年09月19日04时08分/(B2)N15_M07_F10
现在选取:(B2)N15_M07_F10 进行训练的源模型
现在进行：(B2)N15_M07_F10→(B3)N15_M07_F04 的迁移任务
log&pt输出位置：/kaggle/working/k10/S06/weight_PU_M1_final_checkpoint_FS06toS06c_s2024/NEW_PU/Target-目标域/log&pt/(B2)N15_M07_F10→(B3)N15_M07_F04
任务: (B2)N15_M07_F10→(B3)N15_M07_F04; 批次:····0/·1880;  总正确率: 75.77%
类型1 正确率： 100.00% -> 1   99.85%, 2    0.05%, 3    0.10%
类型2 正确率：  77.00% -> 1    0.00%, 2   76.60%, 3   23.40%
类型3 正确率：  51.00% -> 1    0.00%, 2   49.15%, 3   50.85%


样本变换：reverse
样本变换：mask
样本变换：shift
样本变换：none
未过滤	未用伪标签：75.77% -> 使用伪标签：75.42%
已过滤	未用伪标签：76.19% -> 使用伪标签：76.46%
排除样本：82|6000	剩余：1997, 2518, 1403
增添样本：1636		细则：521, 0, 1115	正确率估算：99.76%
类型1 正确率： 100.00% -> 1  100.00%, 2    0.00%, 3    0.00%
类型2 正确率：  79.00% -> 1    0.00%, 2   79.19%, 3   20.81%
类型3 正确率：  50.00% -> 1    0.00%, 2   49.75%, 3   50.25%

被排除样本 正确率：45.12%
类型1 正确率：  67.00% -> 1   66.67%, 2   33.33%, 3    0.00%
类型2 正确率：  40.00% -> 1    0.00%, 2   39.73%, 3   60.27%
类型3 正确率： 100.00% -> 1    0.00%, 2    0.00%, 3  100.00%


轮次:··1/·20 || c_Loss:0.569 || e_Loss:-1.061 || Aad_Loss:-28.754 || 耗时：36.51s
轮次:··2/·20 || c_Loss:0.413 || e_Loss:-1.300 || Aad_Loss:-28.951 || 耗时：13.78s
轮次:··3/·20 || c_Loss:0.349 || e_Loss:-1.277 || Aad_Loss:-30.373 || 耗时：13.84s
轮次:··4/·20 || c_Loss:0.354 || e_Loss:-0.934 || Aad_Loss:-30.129 || 耗时：13.82s
轮次:··5/·20 || c_Loss:0.386 || e_Loss:-0.886 || Aad_Loss:-28.848 || 耗时：13.89s
任务: (B2)N15_M07_F10→(B3)N15_M07_F04; mix批次:····0; 批次:··470/·1880;  总正确率: 75.75%
类型1 正确率： 100.00% -> 1  100.00%, 2    0.00%, 3    0.00%
类型2 正确率：  77.00% -> 1    0.00%, 2   77.25%, 3   22.75%
类型3 正确率：  50.00% -> 1    0.00%, 2   50.00%, 3   50.00%


样本变换：reverse
样本变换：mask
样本变换：shift
样本变换：none
未过滤	未用伪标签：75.75% -> 使用伪标签：74.27%
已过滤	未用伪标签：75.70% -> 使用伪标签：74.58%
排除样本：25|6000	剩余：2000, 2456, 1519
增添样本：1393		细则：456, 0, 937	正确率估算：97.06%
类型1 正确率： 100.00% -> 1  100.00%, 2    0.00%, 3    0.00%
类型2 正确率：  74.00% -> 1    0.00%, 2   73.72%, 3   26.28%
类型3 正确率：  50.00% -> 1    0.00%, 2   50.00%, 3   50.00%

被排除样本 正确率：88.00%
类型1 正确率：  88.00% -> 1   88.00%, 2   12.00%
类型2 没有样本或未被分类。


轮次:··6/·20 || c_Loss:0.416 || e_Loss:-0.816 || Aad_Loss:-33.319 || 耗时：36.77s
轮次:··7/·20 || c_Loss:0.377 || e_Loss:-0.915 || Aad_Loss:-32.220 || 耗时：13.78s
轮次:··8/·20 || c_Loss:0.402 || e_Loss:-1.800 || Aad_Loss:-29.272 || 耗时：13.79s
轮次:··9/·20 || c_Loss:0.364 || e_Loss:-1.002 || Aad_Loss:-30.665 || 耗时：13.78s
轮次:·10/·20 || c_Loss:0.365 || e_Loss:-0.924 || Aad_Loss:-32.897 || 耗时：13.79s
任务: (B2)N15_M07_F10→(B3)N15_M07_F04; mix批次:····0; 批次:··940/·1880;  总正确率: 73.75%
类型1 正确率： 100.00% -> 1  100.00%, 2    0.00%, 3    0.00%
类型2 正确率：  71.00% -> 1    0.00%, 2   71.25%, 3   28.75%
类型3 正确率：  50.00% -> 1    0.00%, 2   50.00%, 3   50.00%


样本变换：reverse
样本变换：mask
样本变换：shift
样本变换：none
未过滤	未用伪标签：73.75% -> 使用伪标签：72.97%
已过滤	未用伪标签：73.69% -> 使用伪标签：73.13%
排除样本：13|6000	剩余：2000, 2378, 1609
增添样本：1147		细则：378, 0, 769	正确率估算：99.13%
类型1 正确率： 100.00% -> 1  100.00%, 2    0.00%, 3    0.00%
类型2 正确率：  69.00% -> 1    0.00%, 2   69.35%, 3   30.65%
类型3 正确率：  50.00% -> 1    0.00%, 2   50.00%, 3   50.00%

被排除样本 正确率：100.00%
类型1 正确率： 100.00% -> 1  100.00%


轮次:·11/·20 || c_Loss:0.364 || e_Loss:-0.987 || Aad_Loss:-31.745 || 耗时：36.64s
轮次:·12/·20 || c_Loss:0.374 || e_Loss:-0.973 || Aad_Loss:-31.141 || 耗时：13.82s
轮次:·13/·20 || c_Loss:0.374 || e_Loss:-0.999 || Aad_Loss:-30.823 || 耗时：13.84s
轮次:·14/·20 || c_Loss:0.404 || e_Loss:-0.919 || Aad_Loss:-32.631 || 耗时：13.84s
轮次:·15/·20 || c_Loss:0.375 || e_Loss:-0.970 || Aad_Loss:-31.835 || 耗时：13.88s
任务: (B2)N15_M07_F10→(B3)N15_M07_F04; mix批次:····0; 批次:·1410/·1880;  总正确率: 72.85%
类型1 正确率： 100.00% -> 1  100.00%, 2    0.00%, 3    0.00%
类型2 正确率：  69.00% -> 1    0.00%, 2   68.55%, 3   31.45%
类型3 正确率：  50.00% -> 1    0.00%, 2   50.00%, 3   50.00%


样本变换：reverse
样本变换：mask
样本变换：shift
样本变换：none
未过滤	未用伪标签：72.85% -> 使用伪标签：72.60%
已过滤	未用伪标签：72.82% -> 使用伪标签：72.67%
排除样本：6|6000	剩余：2000, 2356, 1638
增添样本：1074		细则：356, 0, 718	正确率估算：99.81%
类型1 正确率： 100.00% -> 1  100.00%, 2    0.00%, 3    0.00%
类型2 正确率：  68.00% -> 1    0.00%, 2   68.00%, 3   32.00%
类型3 正确率：  50.00% -> 1    0.00%, 2   50.00%, 3   50.00%

被排除样本 正确率：100.00%
类型1 正确率： 100.00% -> 1  100.00%


轮次:·16/·20 || c_Loss:0.368 || e_Loss:-0.995 || Aad_Loss:-31.432 || 耗时：36.65s
轮次:·17/·20 || c_Loss:0.376 || e_Loss:-1.884 || Aad_Loss:-31.916 || 耗时：13.77s
轮次:·18/·20 || c_Loss:0.371 || e_Loss:-0.993 || Aad_Loss:-31.441 || 耗时：13.76s
轮次:·19/·20 || c_Loss:0.374 || e_Loss:-1.000 || Aad_Loss:-31.225 || 耗时：13.76s
轮次:·20/·20 || c_Loss:0.377 || e_Loss:-1.014 || Aad_Loss:-30.945 || 耗时：13.74s
任务: (B2)N15_M07_F10→(B3)N15_M07_F04; mix批次:····0; 批次:·1880/·1880;  总正确率: 72.47%
类型1 正确率： 100.00% -> 1  100.00%, 2    0.00%, 3    0.00%
类型2 正确率：  67.00% -> 1    0.00%, 2   67.40%, 3   32.60%
类型3 正确率：  50.00% -> 1    0.00%, 2   50.00%, 3   50.00%


测试集任务: (B2)N15_M07_F10→(B3)N15_M07_F04; 总正确率 = 72.47%
类型1 正确率： 100.00% -> 1  100.00%, 2    0.00%, 3    0.00%
类型2 正确率：  67.00% -> 1    0.00%, 2   67.40%, 3   32.60%
类型3 正确率：  50.00% -> 1    0.00%, 2   50.00%, 3   50.00%


