读取源域路径：/kaggle/working/k10/S06/weight_PU_M1_final_checkpoint_FS06toS06c_s2024/NEW_PU/Source-源域/log&pt/(B3)N15_M07_F04
excel输出位置：/kaggle/working/k10/S06/weight_PU_M1_final_checkpoint_FS06toS06c_s2024/NEW_PU/Target-目标域
特征图片输出位置：/kaggle/working/k10/S06/weight_PU_M1_final_checkpoint_FS06toS06c_s2024/NEW_PU/Picture-特征图/2026年09月19日04时20分/(B3)N15_M07_F04
现在选取:(B3)N15_M07_F04 进行训练的源模型
现在进行：(B3)N15_M07_F04→(B2)N15_M07_F10 的迁移任务
log&pt输出位置：/kaggle/working/k10/S06/weight_PU_M1_final_checkpoint_FS06toS06c_s2024/NEW_PU/Target-目标域/log&pt/(B3)N15_M07_F04→(B2)N15_M07_F10
任务: (B3)N15_M07_F04→(B2)N15_M07_F10; 批次:····0/·1880;  总正确率: 49.37%
类型1 正确率：  82.00% -> 1   81.65%, 2    0.00%, 3   18.35%
类型2 正确率：  46.00% -> 1    0.00%, 2   45.95%, 3   54.05%
类型3 正确率：  20.00% -> 1    0.00%, 2   79.50%, 3   20.50%


样本变换：reverse
样本变换：mask
样本变换：shift
样本变换：none
未过滤	未用伪标签：49.37% -> 使用伪标签：52.20%
已过滤	未用伪标签：50.28% -> 使用伪标签：56.34%
排除样本：441|6000	剩余：1976, 2333, 1250
增添样本：1440		细则：357, 0, 1083	正确率估算：82.43%
类型1 正确率：  99.00% -> 1   99.25%, 2    0.00%, 3    0.75%
类型2 正确率：  48.00% -> 1    0.00%, 2   47.71%, 3   52.29%
类型3 正确率：  18.00% -> 1    0.00%, 2   81.97%, 3   18.03%

被排除样本 正确率：37.87%
类型1 正确率：   0.00% -> 1    0.00%, 2    0.00%, 3  100.00%
类型2 正确率：  49.00% -> 1    0.00%, 2   49.08%, 3   50.92%
类型3 正确率：  21.00% -> 1    0.00%, 2   79.25%, 3   20.75%


轮次:··1/·20 || c_Loss:0.492 || e_Loss:-1.513 || Aad_Loss:-27.224 || 耗时：36.32s
轮次:··2/·20 || c_Loss:0.446 || e_Loss:-1.338 || Aad_Loss:-30.881 || 耗时：13.69s
轮次:··3/·20 || c_Loss:0.514 || e_Loss:-1.416 || Aad_Loss:-23.475 || 耗时：13.70s
轮次:··4/·20 || c_Loss:0.448 || e_Loss:-1.466 || Aad_Loss:-23.952 || 耗时：13.73s
轮次:··5/·20 || c_Loss:0.446 || e_Loss:-1.456 || Aad_Loss:-25.331 || 耗时：13.80s
任务: (B3)N15_M07_F04→(B2)N15_M07_F10; mix批次:····0; 批次:··470/·1880;  总正确率: 55.00%
类型1 正确率： 100.00% -> 1  100.00%, 2    0.00%, 3    0.00%
类型2 正确率：  41.00% -> 1    0.00%, 2   40.95%, 3   59.05%
类型3 正确率：  24.00% -> 1    0.00%, 2   75.95%, 3   24.05%


样本变换：reverse
样本变换：mask
样本变换：shift
样本变换：none
未过滤	未用伪标签：55.00% -> 使用伪标签：54.40%
已过滤	未用伪标签：54.95% -> 使用伪标签：55.76%
排除样本：146|6000	剩余：2000, 1544, 2310
增添样本：1076		细则：310, 766, 0	正确率估算：99.91%
类型1 正确率： 100.00% -> 1  100.00%, 2    0.00%, 3    0.00%
类型2 正确率：  23.00% -> 1    0.00%, 2   22.68%, 3   77.32%
类型3 正确率：  43.00% -> 1    0.00%, 2   57.22%, 3   42.78%

被排除样本 正确率：56.85%
类型1 正确率：  97.00% -> 1   96.51%, 2    3.49%
类型2 正确率：   0.00% -> 1  100.00%, 2    0.00%


轮次:··6/·20 || c_Loss:0.408 || e_Loss:-0.710 || Aad_Loss:-26.426 || 耗时：36.65s
轮次:··7/·20 || c_Loss:0.397 || e_Loss:-1.535 || Aad_Loss:-26.279 || 耗时：13.88s
轮次:··8/·20 || c_Loss:0.400 || e_Loss:-1.552 || Aad_Loss:-27.188 || 耗时：13.90s
轮次:··9/·20 || c_Loss:0.369 || e_Loss:-0.784 || Aad_Loss:-26.166 || 耗时：13.91s
轮次:·10/·20 || c_Loss:0.426 || e_Loss:-1.672 || Aad_Loss:-24.132 || 耗时：13.89s
任务: (B3)N15_M07_F04→(B2)N15_M07_F10; mix批次:····0; 批次:··940/·1880;  总正确率: 57.88%
类型1 正确率： 100.00% -> 1  100.00%, 2    0.00%, 3    0.00%
类型2 正确率：  25.00% -> 1    0.00%, 2   24.70%, 3   75.30%
类型3 正确率：  49.00% -> 1    0.00%, 2   51.05%, 3   48.95%


样本变换：reverse
样本变换：mask
样本变换：shift
样本变换：none
未过滤	未用伪标签：57.88% -> 使用伪标签：57.43%
已过滤	未用伪标签：57.91% -> 使用伪标签：57.84%
排除样本：42|6000	剩余：2000, 1463, 2495
增添样本：1527		细则：495, 1032, 0	正确率估算：99.61%
类型1 正确率： 100.00% -> 1  100.00%, 2    0.00%, 3    0.00%
类型2 正确率：  23.00% -> 1    0.00%, 2   23.25%, 3   76.75%
类型3 正确率：  50.00% -> 1    0.00%, 2   50.43%, 3   49.57%

被排除样本 正确率：54.76%
类型1 正确率：  56.00% -> 1   56.41%, 2   43.59%
类型2 正确率：  33.00% -> 1   66.67%, 2   33.33%


轮次:·11/·20 || c_Loss:0.403 || e_Loss:-0.919 || Aad_Loss:-27.123 || 耗时：36.94s
轮次:·12/·20 || c_Loss:0.455 || e_Loss:-0.986 || Aad_Loss:-29.692 || 耗时：13.77s
轮次:·13/·20 || c_Loss:0.395 || e_Loss:-0.928 || Aad_Loss:-30.745 || 耗时：13.75s
轮次:·14/·20 || c_Loss:0.443 || e_Loss:-0.988 || Aad_Loss:-31.191 || 耗时：13.76s
轮次:·15/·20 || c_Loss:0.412 || e_Loss:-0.953 || Aad_Loss:-26.493 || 耗时：13.80s
任务: (B3)N15_M07_F04→(B2)N15_M07_F10; mix批次:····0; 批次:·1410/·1880;  总正确率: 59.78%
类型1 正确率： 100.00% -> 1  100.00%, 2    0.00%, 3    0.00%
类型2 正确率：  29.00% -> 1    0.00%, 2   29.35%, 3   70.65%
类型3 正确率：  50.00% -> 1    0.00%, 2   50.00%, 3   50.00%


样本变换：reverse
样本变换：mask
样本变换：shift
样本变换：none
未过滤	未用伪标签：59.78% -> 使用伪标签：60.83%
已过滤	未用伪标签：59.79% -> 使用伪标签：60.84%
排除样本：1|6000	剩余：2000, 1650, 2349
增添样本：1048		细则：349, 699, 0	正确率估算：97.33%
类型1 正确率： 100.00% -> 1  100.00%, 2    0.00%, 3    0.00%
类型2 正确率：  33.00% -> 1    0.00%, 2   32.52%, 3   67.48%
类型3 正确率：  50.00% -> 1    0.00%, 2   50.00%, 3   50.00%

被排除样本 正确率：0.00%
类型1 正确率：   0.00% -> 1    0.00%, 2  100.00%
类型2 没有样本或未被分类。


轮次:·16/·20 || c_Loss:0.417 || e_Loss:-1.017 || Aad_Loss:-31.070 || 耗时：36.41s
轮次:·17/·20 || c_Loss:0.413 || e_Loss:-1.014 || Aad_Loss:-28.434 || 耗时：13.68s
轮次:·18/·20 || c_Loss:0.440 || e_Loss:-0.924 || Aad_Loss:-34.151 || 耗时：13.72s
轮次:·19/·20 || c_Loss:0.435 || e_Loss:-1.047 || Aad_Loss:-29.986 || 耗时：13.77s
轮次:·20/·20 || c_Loss:0.435 || e_Loss:-0.996 || Aad_Loss:-32.491 || 耗时：13.76s
任务: (B3)N15_M07_F04→(B2)N15_M07_F10; mix批次:····0; 批次:·1880/·1880;  总正确率: 60.95%
类型1 正确率： 100.00% -> 1  100.00%, 2    0.00%, 3    0.00%
类型2 正确率：  33.00% -> 1    0.00%, 2   32.85%, 3   67.15%
类型3 正确率：  50.00% -> 1    0.00%, 2   50.00%, 3   50.00%


测试集任务: (B3)N15_M07_F04→(B2)N15_M07_F10; 总正确率 = 60.95%
类型1 正确率： 100.00% -> 1  100.00%, 2    0.00%, 3    0.00%
类型2 正确率：  33.00% -> 1    0.00%, 2   32.85%, 3   67.15%
类型3 正确率：  50.00% -> 1    0.00%, 2   50.00%, 3   50.00%


