读取源域路径：/kaggle/working/k10/S01/weight_PU_M1_final_checkpoint_FS01toS01c_gateoracle_s2024/NEW_PU/Source-源域/log&pt/(B1)N15_M01_F10
excel输出位置：/kaggle/working/k10/S01/weight_PU_M1_final_checkpoint_FS01toS01c_gateoracle_s2024/NEW_PU/Target-目标域
特征图片输出位置：/kaggle/working/k10/S01/weight_PU_M1_final_checkpoint_FS01toS01c_gateoracle_s2024/NEW_PU/Picture-特征图/2026年09月16日03时09分/(B1)N15_M01_F10
现在选取:(B1)N15_M01_F10 进行训练的源模型
现在进行：(B1)N15_M01_F10→(B3)N15_M07_F04 的迁移任务
log&pt输出位置：/kaggle/working/k10/S01/weight_PU_M1_final_checkpoint_FS01toS01c_gateoracle_s2024/NEW_PU/Target-目标域/log&pt/(B1)N15_M01_F10→(B3)N15_M07_F04
任务: (B1)N15_M01_F10→(B3)N15_M07_F04; 批次:····0/·1880;  总正确率: 42.58%
类型1 正确率： 100.00% -> 1  100.00%, 2    0.00%, 3    0.00%
类型2 正确率：  22.00% -> 1    5.10%, 2   21.60%, 3   73.30%
类型3 正确率：   6.00% -> 1    5.60%, 2   88.25%, 3    6.15%


样本变换：reverse
样本变换：mask
样本变换：shift
样本变换：none
未过滤	未用伪标签：42.58% -> 使用伪标签：42.85%
已过滤	未用伪标签：42.64% -> 使用伪标签：43.03%
排除样本：25|6000	剩余：2000, 2569, 1406
增添样本：3429		细则：0, 1430, 1999	正确率估算：73.20%
类型1 正确率： 100.00% -> 1  100.00%, 2    0.00%, 3    0.00%
类型2 正确率：  29.00% -> 1    0.00%, 2   28.86%, 3   71.14%
类型3 正确率：   0.00% -> 1    0.00%, 2   99.95%, 3    0.05%

被排除样本 正确率：28.00%
类型1 没有样本或未被分类。
类型2 正确率：  28.00% -> 1   12.00%, 2   28.00%, 3   60.00%
类型3 没有样本或未被分类。


轮次:··1/·20 || c_Loss:0.460 || e_Loss:-0.939 || Aad_Loss:-17.221 || 耗时：32.28s
轮次:··2/·20 || c_Loss:0.350 || e_Loss:-1.188 || Aad_Loss:-19.898 || 耗时：12.41s
轮次:··3/·20 || c_Loss:0.384 || e_Loss:-1.326 || Aad_Loss:-19.789 || 耗时：12.47s
轮次:··4/·20 || c_Loss:0.393 || e_Loss:-1.326 || Aad_Loss:-19.115 || 耗时：12.52s
轮次:··5/·20 || c_Loss:0.388 || e_Loss:-1.361 || Aad_Loss:-19.778 || 耗时：12.52s
任务: (B1)N15_M01_F10→(B3)N15_M07_F04; mix批次:····0; 批次:··470/·1880;  总正确率: 68.38%
类型1 正确率： 100.00% -> 1  100.00%, 2    0.00%, 3    0.00%
类型2 正确率：  81.00% -> 1    0.00%, 2   80.85%, 3   19.15%
类型3 正确率：  24.00% -> 1   11.70%, 2   64.00%, 3   24.30%


样本变换：reverse
样本变换：mask
样本变换：shift
样本变换：none
未过滤	未用伪标签：68.38% -> 使用伪标签：82.43%
已过滤	未用伪标签：68.56% -> 使用伪标签：82.75%
排除样本：23|6000	剩余：2007, 3024, 946
增添样本：1054		细则：0, 0, 1054	正确率估算：48.63%
类型1 正确率： 100.00% -> 1  100.00%, 2    0.00%, 3    0.00%
类型2 正确率： 100.00% -> 1    0.00%, 2  100.00%, 3    0.00%
类型3 正确率：  48.00% -> 1    0.35%, 2   51.80%, 3   47.85%

被排除样本 正确率：21.74%
类型1 没有样本或未被分类。
类型2 没有样本或未被分类。
类型3 正确率：  22.00% -> 1    8.70%, 2   69.57%, 3   21.74%


轮次:··6/·20 || c_Loss:0.541 || e_Loss:-1.308 || Aad_Loss:-20.425 || 耗时：32.65s
轮次:··7/·20 || c_Loss:0.368 || e_Loss:-1.519 || Aad_Loss:-21.434 || 耗时：12.40s
轮次:··8/·20 || c_Loss:0.347 || e_Loss:-1.648 || Aad_Loss:-23.540 || 耗时：12.40s
轮次:··9/·20 || c_Loss:0.337 || e_Loss:-1.745 || Aad_Loss:-23.773 || 耗时：12.42s
轮次:·10/·20 || c_Loss:0.339 || e_Loss:-1.627 || Aad_Loss:-25.267 || 耗时：12.45s
任务: (B1)N15_M01_F10→(B3)N15_M07_F04; mix批次:····0; 批次:··940/·1880;  总正确率: 87.07%
类型1 正确率： 100.00% -> 1  100.00%, 2    0.00%, 3    0.00%
类型2 正确率： 100.00% -> 1    0.00%, 2   99.75%, 3    0.25%
类型3 正确率：  61.00% -> 1    0.00%, 2   38.55%, 3   61.45%


样本变换：reverse
样本变换：mask
样本变换：shift
样本变换：none
未过滤	未用伪标签：87.07% -> 使用伪标签：83.62%
已过滤	未用伪标签：87.05% -> 使用伪标签：83.73%
排除样本：8|6000	剩余：2000, 2973, 1019
增添样本：983		细则：0, 1, 982	正确率估算：100.00%
类型1 正确率： 100.00% -> 1  100.00%, 2    0.00%, 3    0.00%
类型2 正确率： 100.00% -> 1    0.00%, 2   99.95%, 3    0.05%
类型3 正确率：  51.00% -> 1    0.00%, 2   48.90%, 3   51.10%

被排除样本 正确率：100.00%
类型1 正确率： 100.00% -> 1  100.00%


轮次:·11/·20 || c_Loss:0.348 || e_Loss:-1.624 || Aad_Loss:-24.278 || 耗时：32.74s
轮次:·12/·20 || c_Loss:0.335 || e_Loss:-1.785 || Aad_Loss:-25.557 || 耗时：12.39s
轮次:·13/·20 || c_Loss:0.343 || e_Loss:-1.846 || Aad_Loss:-24.821 || 耗时：12.39s
轮次:·14/·20 || c_Loss:0.342 || e_Loss:-1.853 || Aad_Loss:-25.689 || 耗时：12.40s
轮次:·15/·20 || c_Loss:0.349 || e_Loss:-1.666 || Aad_Loss:-29.963 || 耗时：12.42s
任务: (B1)N15_M01_F10→(B3)N15_M07_F04; mix批次:····0; 批次:·1410/·1880;  总正确率: 87.70%
类型1 正确率： 100.00% -> 1  100.00%, 2    0.00%, 3    0.00%
类型2 正确率： 100.00% -> 1    0.00%, 2   99.85%, 3    0.15%
类型3 正确率：  63.00% -> 1    0.00%, 2   36.75%, 3   63.25%


样本变换：reverse
样本变换：mask
样本变换：shift
样本变换：none
未过滤	未用伪标签：87.70% -> 使用伪标签：83.63%
已过滤	未用伪标签：87.68% -> 使用伪标签：83.74%
排除样本：8|6000	剩余：2000, 2972, 1020
增添样本：982		细则：0, 1, 981	正确率估算：100.00%
类型1 正确率： 100.00% -> 1  100.00%, 2    0.00%, 3    0.00%
类型2 正确率： 100.00% -> 1    0.00%, 2   99.95%, 3    0.05%
类型3 正确率：  51.00% -> 1    0.00%, 2   48.85%, 3   51.15%

被排除样本 正确率：100.00%
类型1 正确率： 100.00% -> 1  100.00%


轮次:·16/·20 || c_Loss:0.346 || e_Loss:-1.728 || Aad_Loss:-26.834 || 耗时：32.72s
轮次:·17/·20 || c_Loss:0.346 || e_Loss:-1.774 || Aad_Loss:-24.767 || 耗时：12.43s
轮次:·18/·20 || c_Loss:0.365 || e_Loss:-1.850 || Aad_Loss:-24.961 || 耗时：12.40s
轮次:·19/·20 || c_Loss:0.338 || e_Loss:-1.741 || Aad_Loss:-26.965 || 耗时：12.45s
轮次:·20/·20 || c_Loss:0.352 || e_Loss:-1.816 || Aad_Loss:-26.049 || 耗时：12.42s
任务: (B1)N15_M01_F10→(B3)N15_M07_F04; mix批次:····0; 批次:·1880/·1880;  总正确率: 87.75%
类型1 正确率： 100.00% -> 1  100.00%, 2    0.00%, 3    0.00%
类型2 正确率： 100.00% -> 1    0.00%, 2   99.85%, 3    0.15%
类型3 正确率：  63.00% -> 1    0.00%, 2   36.60%, 3   63.40%


测试集任务: (B1)N15_M01_F10→(B3)N15_M07_F04; 总正确率 = 87.75%
类型1 正确率： 100.00% -> 1  100.00%, 2    0.00%, 3    0.00%
类型2 正确率： 100.00% -> 1    0.00%, 2   99.85%, 3    0.15%
类型3 正确率：  63.00% -> 1    0.00%, 2   36.60%, 3   63.40%


