读取源域路径：/kaggle/working/k10/S01/weight_PU_M1_final_checkpoint_FS01toS01c_gateoracle_s2024/NEW_PU/Source-源域/log&pt/(B3)N15_M07_F04
excel输出位置：/kaggle/working/k10/S01/weight_PU_M1_final_checkpoint_FS01toS01c_gateoracle_s2024/NEW_PU/Target-目标域
特征图片输出位置：/kaggle/working/k10/S01/weight_PU_M1_final_checkpoint_FS01toS01c_gateoracle_s2024/NEW_PU/Picture-特征图/2026年09月16日03时26分/(B3)N15_M07_F04
现在选取:(B3)N15_M07_F04 进行训练的源模型
现在进行：(B3)N15_M07_F04→(B1)N15_M01_F10 的迁移任务
log&pt输出位置：/kaggle/working/k10/S01/weight_PU_M1_final_checkpoint_FS01toS01c_gateoracle_s2024/NEW_PU/Target-目标域/log&pt/(B3)N15_M07_F04→(B1)N15_M01_F10
任务: (B3)N15_M07_F04→(B1)N15_M01_F10; 批次:····0/·1880;  总正确率: 49.40%
类型1 正确率： 100.00% -> 1  100.00%, 2    0.00%, 3    0.00%
类型2 正确率：  48.00% -> 1    2.85%, 2   48.20%, 3   48.95%
类型3 正确率：   0.00% -> 1    0.00%, 2  100.00%, 3    0.00%


样本变换：reverse
样本变换：mask
样本变换：shift
样本变换：none
未过滤	未用伪标签：49.40% -> 使用伪标签：49.98%
已过滤	未用伪标签：49.45% -> 使用伪标签：50.31%
排除样本：39|6000	剩余：2000, 2999, 962
增添样本：1001		细则：0, 1001	正确率估算：93.49%
类型1 正确率： 100.00% -> 1  100.00%, 2    0.00%, 3    0.00%
类型2 正确率：  51.00% -> 1    0.00%, 2   50.94%, 3   49.06%
类型3 正确率：   0.00% -> 1    0.00%, 2  100.00%, 3    0.00%

被排除样本 正确率：41.03%
类型1 没有样本或未被分类。
类型2 正确率：  41.00% -> 1   12.82%, 2   41.03%, 3   46.15%
类型3 没有样本或未被分类。


轮次:··1/·20 || c_Loss:0.461 || e_Loss:-0.907 || Aad_Loss:-25.808 || 耗时：32.53s
轮次:··2/·20 || c_Loss:0.440 || e_Loss:-1.397 || Aad_Loss:-24.282 || 耗时：12.39s
轮次:··3/·20 || c_Loss:0.454 || e_Loss:-1.430 || Aad_Loss:-20.085 || 耗时：12.41s
轮次:··4/·20 || c_Loss:0.388 || e_Loss:-1.367 || Aad_Loss:-32.265 || 耗时：12.42s
轮次:··5/·20 || c_Loss:0.452 || e_Loss:-1.419 || Aad_Loss:-26.462 || 耗时：12.41s
任务: (B3)N15_M07_F04→(B1)N15_M01_F10; mix批次:····0; 批次:··470/·1880;  总正确率: 70.82%
类型1 正确率： 100.00% -> 1  100.00%, 2    0.00%, 3    0.00%
类型2 正确率： 100.00% -> 1    0.00%, 2   99.70%, 3    0.30%
类型3 正确率：  13.00% -> 1    0.00%, 2   87.25%, 3   12.75%


样本变换：reverse
样本变换：mask
样本变换：shift
样本变换：none
未过滤	未用伪标签：70.82% -> 使用伪标签：98.28%
已过滤	未用伪标签：71.32% -> 使用伪标签：99.03%
排除样本：45|6000	剩余：2000, 2054, 1901
增添样本：103		细则：0, 3, 100	正确率估算：23.30%
类型1 正确率： 100.00% -> 1  100.00%, 2    0.00%, 3    0.00%
类型2 正确率： 100.00% -> 1    0.00%, 2   99.95%, 3    0.05%
类型3 正确率：  97.00% -> 1    0.00%, 2    2.91%, 3   97.09%

被排除样本 正确率：4.44%
类型1 正确率： 100.00% -> 1  100.00%, 2    0.00%
类型2 正确率：   0.00% -> 1  100.00%, 2    0.00%


轮次:··6/·20 || c_Loss:0.400 || e_Loss:-1.505 || Aad_Loss:-27.613 || 耗时：32.32s
轮次:··7/·20 || c_Loss:0.352 || e_Loss:-1.518 || Aad_Loss:-31.741 || 耗时：12.44s
轮次:··8/·20 || c_Loss:0.352 || e_Loss:-1.698 || Aad_Loss:-26.434 || 耗时：12.44s
轮次:··9/·20 || c_Loss:0.375 || e_Loss:-1.664 || Aad_Loss:-21.787 || 耗时：12.46s
轮次:·10/·20 || c_Loss:0.335 || e_Loss:-1.669 || Aad_Loss:-29.103 || 耗时：12.47s
任务: (B3)N15_M07_F04→(B1)N15_M01_F10; mix批次:····0; 批次:··940/·1880;  总正确率: 99.38%
类型1 正确率： 100.00% -> 1  100.00%, 2    0.00%, 3    0.00%
类型2 正确率： 100.00% -> 1    0.00%, 2  100.00%, 3    0.00%
类型3 正确率：  98.00% -> 1    0.00%, 2    1.85%, 3   98.15%


样本变换：reverse
样本变换：mask
样本变换：shift
样本变换：none
未过滤	未用伪标签：99.38% -> 使用伪标签：99.72%
已过滤	未用伪标签：99.47% -> 使用伪标签：99.83%
排除样本：7|6000	剩余：2000, 1996, 1997
增添样本：17		细则：0, 8, 9	正确率估算：100.00%
类型1 正确率： 100.00% -> 1  100.00%, 2    0.00%, 3    0.00%
类型2 正确率： 100.00% -> 1    0.00%, 2   99.70%, 3    0.30%
类型3 正确率： 100.00% -> 1    0.00%, 2    0.20%, 3   99.80%

被排除样本 正确率：28.57%
类型1 正确率： 100.00% -> 1  100.00%, 2    0.00%
类型2 正确率：   0.00% -> 1  100.00%, 2    0.00%


轮次:·11/·20 || c_Loss:0.367 || e_Loss:-0.989 || Aad_Loss:-28.783 || 耗时：32.38s
轮次:·12/·20 || c_Loss:0.402 || e_Loss:-0.949 || Aad_Loss:-32.650 || 耗时：12.51s
轮次:·13/·20 || c_Loss:0.394 || e_Loss:-0.988 || Aad_Loss:-28.197 || 耗时：12.51s
轮次:·14/·20 || c_Loss:0.409 || e_Loss:-0.968 || Aad_Loss:-32.264 || 耗时：12.51s
轮次:·15/·20 || c_Loss:0.392 || e_Loss:-0.946 || Aad_Loss:-25.635 || 耗时：12.51s
任务: (B3)N15_M07_F04→(B1)N15_M01_F10; mix批次:····0; 批次:·1410/·1880;  总正确率: 100.00%
类型1 正确率： 100.00% -> 1  100.00%, 2    0.00%, 3    0.00%
类型2 正确率： 100.00% -> 1    0.00%, 2  100.00%, 3    0.00%
类型3 正确率： 100.00% -> 1    0.00%, 2    0.00%, 3  100.00%


样本变换：reverse
样本变换：mask
样本变换：shift
样本变换：none
未过滤	未用伪标签：100.00% -> 使用伪标签：99.95%
已过滤	未用伪标签：100.00% -> 使用伪标签：99.95%
排除样本：2000|6000	剩余：1997, 2003
增添样本：3		细则：0, 3, 0	正确率估算：100.00%
类型1 正确率： 100.00% -> 1  100.00%, 2    0.00%, 3    0.00%
类型2 正确率： 100.00% -> 1    0.00%, 2   99.85%, 3    0.15%
类型3 正确率： 100.00% -> 1    0.00%, 2    0.00%, 3  100.00%

被排除样本 正确率：nan%


轮次:·16/·20 || c_Loss:0.409 || e_Loss:-1.000 || Aad_Loss:-24.251 || 耗时：32.26s
轮次:·17/·20 || c_Loss:0.417 || e_Loss:-0.955 || Aad_Loss:-25.826 || 耗时：12.48s
轮次:·18/·20 || c_Loss:0.424 || e_Loss:-1.750 || Aad_Loss:-21.283 || 耗时：12.47s
轮次:·19/·20 || c_Loss:0.412 || e_Loss:-0.992 || Aad_Loss:-21.447 || 耗时：12.48s
轮次:·20/·20 || c_Loss:0.458 || e_Loss:-0.900 || Aad_Loss:-26.811 || 耗时：12.49s
任务: (B3)N15_M07_F04→(B1)N15_M01_F10; mix批次:····0; 批次:·1880/·1880;  总正确率: 99.98%
类型1 正确率： 100.00% -> 1  100.00%, 2    0.00%, 3    0.00%
类型2 正确率： 100.00% -> 1    0.00%, 2   99.95%, 3    0.05%
类型3 正确率： 100.00% -> 1    0.00%, 2    0.00%, 3  100.00%


测试集任务: (B3)N15_M07_F04→(B1)N15_M01_F10; 总正确率 = 99.98%
类型1 正确率： 100.00% -> 1  100.00%, 2    0.00%, 3    0.00%
类型2 正确率： 100.00% -> 1    0.00%, 2   99.95%, 3    0.05%
类型3 正确率： 100.00% -> 1    0.00%, 2    0.00%, 3  100.00%


