读取源域路径：/kaggle/working/k10/S01/weight_PU_M1_final_checkpoint_FS01toS01c_gateoracle_s2024/NEW_PU/Source-源域/log&pt/(B1)N15_M01_F10
excel输出位置：/kaggle/working/k10/S01/weight_PU_M1_final_checkpoint_FS01toS01c_gateoracle_s2024/NEW_PU/Target-目标域
特征图片输出位置：/kaggle/working/k10/S01/weight_PU_M1_final_checkpoint_FS01toS01c_gateoracle_s2024/NEW_PU/Picture-特征图/2026年09月16日03时03分/(B1)N15_M01_F10
现在选取:(B1)N15_M01_F10 进行训练的源模型
现在进行：(B1)N15_M01_F10→(B2)N15_M07_F10 的迁移任务
log&pt输出位置：/kaggle/working/k10/S01/weight_PU_M1_final_checkpoint_FS01toS01c_gateoracle_s2024/NEW_PU/Target-目标域/log&pt/(B1)N15_M01_F10→(B2)N15_M07_F10
任务: (B1)N15_M01_F10→(B2)N15_M07_F10; 批次:····0/·1880;  总正确率: 37.72%
类型1 正确率： 100.00% -> 1  100.00%, 2    0.00%, 3    0.00%
类型2 正确率：  13.00% -> 1    0.10%, 2   13.15%, 3   86.75%
类型3 正确率：   0.00% -> 1    0.00%, 2  100.00%, 3    0.00%


样本变换：reverse
样本变换：mask
样本变换：shift
样本变换：none
未过滤	未用伪标签：37.72% -> 使用伪标签：36.70%
已过滤	未用伪标签：37.54% -> 使用伪标签：37.01%
排除样本：51|6000	剩余：2000, 2202, 1747
增添样本：1798		细则：0, 1798	正确率估算：92.08%
类型1 正确率： 100.00% -> 1  100.00%, 2    0.00%, 3    0.00%
类型2 正确率：  10.00% -> 1    0.00%, 2   10.36%, 3   89.64%
类型3 正确率：   0.00% -> 1    0.00%, 2  100.00%, 3    0.00%

被排除样本 正确率：58.82%
类型1 正确率：  59.00% -> 1   58.82%, 2   41.18%
类型2 没有样本或未被分类。


轮次:··1/·20 || c_Loss:0.539 || e_Loss:-0.464 || Aad_Loss:-19.683 || 耗时：32.65s
轮次:··2/·20 || c_Loss:0.457 || e_Loss:-0.552 || Aad_Loss:-17.424 || 耗时：12.40s
轮次:··3/·20 || c_Loss:0.384 || e_Loss:-1.065 || Aad_Loss:-17.517 || 耗时：12.41s
轮次:··4/·20 || c_Loss:0.362 || e_Loss:-1.127 || Aad_Loss:-16.455 || 耗时：12.41s
轮次:··5/·20 || c_Loss:0.380 || e_Loss:-1.343 || Aad_Loss:-16.715 || 耗时：12.41s
任务: (B1)N15_M01_F10→(B2)N15_M07_F10; mix批次:····0; 批次:··470/·1880;  总正确率: 66.02%
类型1 正确率： 100.00% -> 1  100.00%, 2    0.00%, 3    0.00%
类型2 正确率：  76.00% -> 1    0.00%, 2   75.80%, 3   24.20%
类型3 正确率：  22.00% -> 1   16.95%, 2   60.80%, 3   22.25%


样本变换：reverse
样本变换：mask
样本变换：shift
样本变换：none
未过滤	未用伪标签：66.02% -> 使用伪标签：45.68%
已过滤	未用伪标签：65.60% -> 使用伪标签：46.34%
排除样本：85|6000	剩余：2000, 2741, 1174
增添样本：1259		细则：0, 1259	正确率估算：99.19%
类型1 正确率： 100.00% -> 1  100.00%, 2    0.00%, 3    0.00%
类型2 正确率：  39.00% -> 1    0.00%, 2   38.69%, 3   61.31%
类型3 正确率：   0.00% -> 1    0.00%, 2  100.00%, 3    0.00%

被排除样本 正确率：95.29%
类型1 正确率：  95.00% -> 1   95.29%, 2    4.71%
类型2 没有样本或未被分类。


轮次:··6/·20 || c_Loss:0.410 || e_Loss:-1.538 || Aad_Loss:-18.206 || 耗时：32.59s
轮次:··7/·20 || c_Loss:0.398 || e_Loss:-1.553 || Aad_Loss:-19.813 || 耗时：12.34s
轮次:··8/·20 || c_Loss:0.365 || e_Loss:-1.525 || Aad_Loss:-22.833 || 耗时：12.35s
轮次:··9/·20 || c_Loss:0.340 || e_Loss:-1.462 || Aad_Loss:-25.016 || 耗时：12.35s
轮次:·10/·20 || c_Loss:0.347 || e_Loss:-1.508 || Aad_Loss:-23.799 || 耗时：12.38s
任务: (B1)N15_M01_F10→(B2)N15_M07_F10; mix批次:····0; 批次:··940/·1880;  总正确率: 72.30%
类型1 正确率： 100.00% -> 1  100.00%, 2    0.00%, 3    0.00%
类型2 正确率：  90.00% -> 1    0.00%, 2   90.45%, 3    9.55%
类型3 正确率：  26.00% -> 1    6.55%, 2   67.00%, 3   26.45%


样本变换：reverse
样本变换：mask
样本变换：shift
样本变换：none
未过滤	未用伪标签：72.30% -> 使用伪标签：90.47%
已过滤	未用伪标签：73.55% -> 使用伪标签：92.34%
排除样本：122|6000	剩余：2000, 2414, 1464
增添样本：572		细则：0, 36, 536	正确率估算：37.41%
类型1 正确率： 100.00% -> 1  100.00%, 2    0.00%, 3    0.00%
类型2 正确率： 100.00% -> 1    0.00%, 2  100.00%, 3    0.00%
类型3 正确率：  76.00% -> 1    0.00%, 2   23.51%, 3   76.49%

被排除样本 正确率：12.30%
类型1 正确率：   0.00% -> 1    0.00%, 2  100.00%
类型2 正确率：  17.00% -> 1   82.56%, 2   17.44%


轮次:·11/·20 || c_Loss:0.510 || e_Loss:-1.421 || Aad_Loss:-21.432 || 耗时：32.45s
轮次:·12/·20 || c_Loss:0.342 || e_Loss:-1.546 || Aad_Loss:-26.990 || 耗时：12.41s
轮次:·13/·20 || c_Loss:0.353 || e_Loss:-1.261 || Aad_Loss:-30.071 || 耗时：12.43s
轮次:·14/·20 || c_Loss:0.322 || e_Loss:-1.461 || Aad_Loss:-29.776 || 耗时：12.46s
轮次:·15/·20 || c_Loss:0.395 || e_Loss:-1.584 || Aad_Loss:-25.630 || 耗时：12.45s
任务: (B1)N15_M01_F10→(B2)N15_M07_F10; mix批次:····0; 批次:·1410/·1880;  总正确率: 97.13%
类型1 正确率： 100.00% -> 1  100.00%, 2    0.00%, 3    0.00%
类型2 正确率： 100.00% -> 1    0.00%, 2  100.00%, 3    0.00%
类型3 正确率：  91.00% -> 1    0.00%, 2    8.60%, 3   91.40%


样本变换：reverse
样本变换：mask
样本变换：shift
样本变换：none
未过滤	未用伪标签：97.13% -> 使用伪标签：99.97%
已过滤	未用伪标签：97.17% -> 使用伪标签：100.00%
排除样本：2|6000	剩余：2000, 2000, 1998
增添样本：2		细则：0, 0, 2	正确率估算：50.00%
类型1 正确率： 100.00% -> 1  100.00%, 2    0.00%, 3    0.00%
类型2 正确率： 100.00% -> 1    0.00%, 2  100.00%, 3    0.00%
类型3 正确率： 100.00% -> 1    0.00%, 2    0.00%, 3  100.00%

被排除样本 正确率：0.00%
类型1 没有样本或未被分类。
类型2 正确率：   0.00% -> 1  100.00%, 2    0.00%


轮次:·16/·20 || c_Loss:0.362 || e_Loss:-0.930 || Aad_Loss:-24.518 || 耗时：32.14s
轮次:·17/·20 || c_Loss:0.377 || e_Loss:-0.951 || Aad_Loss:-22.259 || 耗时：12.45s
轮次:·18/·20 || c_Loss:0.382 || e_Loss:-0.930 || Aad_Loss:-21.263 || 耗时：12.45s
轮次:·19/·20 || c_Loss:0.388 || e_Loss:-0.959 || Aad_Loss:-22.702 || 耗时：12.45s
轮次:·20/·20 || c_Loss:0.382 || e_Loss:-0.995 || Aad_Loss:-24.462 || 耗时：12.49s
任务: (B1)N15_M01_F10→(B2)N15_M07_F10; mix批次:····0; 批次:·1880/·1880;  总正确率: 99.95%
类型1 正确率： 100.00% -> 1  100.00%, 2    0.00%, 3    0.00%
类型2 正确率： 100.00% -> 1    0.00%, 2  100.00%, 3    0.00%
类型3 正确率： 100.00% -> 1    0.00%, 2    0.15%, 3   99.85%


测试集任务: (B1)N15_M01_F10→(B2)N15_M07_F10; 总正确率 = 99.95%
类型1 正确率： 100.00% -> 1  100.00%, 2    0.00%, 3    0.00%
类型2 正确率： 100.00% -> 1    0.00%, 2  100.00%, 3    0.00%
类型3 正确率： 100.00% -> 1    0.00%, 2    0.15%, 3   99.85%


