读取源域路径：/kaggle/working/k10/S01/weight_PU_M1_final_checkpoint_FS01toS01c_gateoracle_s2024/NEW_PU/Source-源域/log&pt/(B2)N15_M07_F10
excel输出位置：/kaggle/working/k10/S01/weight_PU_M1_final_checkpoint_FS01toS01c_gateoracle_s2024/NEW_PU/Target-目标域
特征图片输出位置：/kaggle/working/k10/S01/weight_PU_M1_final_checkpoint_FS01toS01c_gateoracle_s2024/NEW_PU/Picture-特征图/2026年09月16日03时21分/(B2)N15_M07_F10
现在选取:(B2)N15_M07_F10 进行训练的源模型
现在进行：(B2)N15_M07_F10→(B3)N15_M07_F04 的迁移任务
log&pt输出位置：/kaggle/working/k10/S01/weight_PU_M1_final_checkpoint_FS01toS01c_gateoracle_s2024/NEW_PU/Target-目标域/log&pt/(B2)N15_M07_F10→(B3)N15_M07_F04
任务: (B2)N15_M07_F10→(B3)N15_M07_F04; 批次:····0/·1880;  总正确率: 42.57%
类型1 正确率： 100.00% -> 1  100.00%, 2    0.00%, 3    0.00%
类型2 正确率：  27.00% -> 1    1.90%, 2   27.05%, 3   71.05%
类型3 正确率：   1.00% -> 1    0.00%, 2   99.35%, 3    0.65%


样本变换：reverse
样本变换：mask
样本变换：shift
样本变换：none
未过滤	未用伪标签：42.57% -> 使用伪标签：42.87%
已过滤	未用伪标签：42.75% -> 使用伪标签：43.19%
排除样本：45|6000	剩余：2003, 2570, 1382
增添样本：1428		细则：0, 1428	正确率估算：91.08%
类型1 正确率： 100.00% -> 1  100.00%, 2    0.00%, 3    0.00%
类型2 正确率：  29.00% -> 1    0.15%, 2   29.23%, 3   70.62%
类型3 正确率：   0.00% -> 1    0.00%, 2  100.00%, 3    0.00%

被排除样本 正确率：17.78%
类型1 没有样本或未被分类。
类型2 正确率：  14.00% -> 1   20.93%, 2   13.95%, 3   65.12%
类型3 正确率： 100.00% -> 1    0.00%, 2    0.00%, 3  100.00%


轮次:··1/·20 || c_Loss:0.521 || e_Loss:-0.837 || Aad_Loss:-15.915 || 耗时：32.40s
轮次:··2/·20 || c_Loss:0.366 || e_Loss:-0.859 || Aad_Loss:-25.253 || 耗时：12.44s
轮次:··3/·20 || c_Loss:0.376 || e_Loss:-1.281 || Aad_Loss:-25.445 || 耗时：12.44s
轮次:··4/·20 || c_Loss:0.338 || e_Loss:-1.140 || Aad_Loss:-24.435 || 耗时：12.45s
轮次:··5/·20 || c_Loss:0.394 || e_Loss:-1.366 || Aad_Loss:-19.257 || 耗时：12.48s
任务: (B2)N15_M07_F10→(B3)N15_M07_F04; mix批次:····0; 批次:··470/·1880;  总正确率: 67.18%
类型1 正确率： 100.00% -> 1  100.00%, 2    0.00%, 3    0.00%
类型2 正确率：  88.00% -> 1    0.00%, 2   87.50%, 3   12.50%
类型3 正确率：  14.00% -> 1    0.30%, 2   85.65%, 3   14.05%


样本变换：reverse
样本变换：mask
样本变换：shift
样本变换：none
未过滤	未用伪标签：67.18% -> 使用伪标签：43.02%
已过滤	未用伪标签：66.93% -> 使用伪标签：43.58%
排除样本：77|6000	剩余：2001, 2445, 1477
增添样本：3419		细则：0, 1469, 1950	正确率估算：99.48%
类型1 正确率： 100.00% -> 1  100.00%, 2    0.00%, 3    0.00%
类型2 正确率：  27.00% -> 1    0.00%, 2   27.12%, 3   72.88%
类型3 正确率：   3.00% -> 1    0.05%, 2   97.40%, 3    2.54%

被排除样本 正确率：87.01%
类型1 没有样本或未被分类。
类型2 正确率： 100.00% -> 1    0.00%, 2  100.00%, 3    0.00%
类型3 正确率：  71.00% -> 1    8.57%, 2   20.00%, 3   71.43%


轮次:··6/·20 || c_Loss:0.461 || e_Loss:-1.414 || Aad_Loss:-15.542 || 耗时：32.54s
轮次:··7/·20 || c_Loss:0.393 || e_Loss:-1.396 || Aad_Loss:-22.464 || 耗时：12.45s
轮次:··8/·20 || c_Loss:0.386 || e_Loss:-1.376 || Aad_Loss:-21.124 || 耗时：12.48s
轮次:··9/·20 || c_Loss:0.462 || e_Loss:-1.439 || Aad_Loss:-21.803 || 耗时：12.48s
轮次:·10/·20 || c_Loss:0.340 || e_Loss:-1.180 || Aad_Loss:-27.458 || 耗时：12.46s
任务: (B2)N15_M07_F10→(B3)N15_M07_F04; mix批次:····0; 批次:··940/·1880;  总正确率: 74.58%
类型1 正确率： 100.00% -> 1  100.00%, 2    0.00%, 3    0.00%
类型2 正确率：  94.00% -> 1    0.00%, 2   94.25%, 3    5.75%
类型3 正确率：  30.00% -> 1    0.00%, 2   70.50%, 3   29.50%


样本变换：reverse
样本变换：mask
样本变换：shift
样本变换：none
未过滤	未用伪标签：74.58% -> 使用伪标签：45.57%
已过滤	未用伪标签：74.33% -> 使用伪标签：46.12%
排除样本：72|6000	剩余：2000, 2366, 1562
增添样本：3266		细则：0, 1434, 1832	正确率估算：99.32%
类型1 正确率： 100.00% -> 1  100.00%, 2    0.00%, 3    0.00%
类型2 正确率：  29.00% -> 1    0.00%, 2   28.88%, 3   71.12%
类型3 正确率：   9.00% -> 1    0.00%, 2   91.46%, 3    8.54%

被排除样本 正确率：95.83%
类型1 正确率： 100.00% -> 1  100.00%, 2    0.00%
类型2 正确率：  91.00% -> 1    9.38%, 2   90.62%


轮次:·11/·20 || c_Loss:0.423 || e_Loss:-1.406 || Aad_Loss:-23.415 || 耗时：32.58s
轮次:·12/·20 || c_Loss:0.465 || e_Loss:-1.482 || Aad_Loss:-16.246 || 耗时：12.39s
轮次:·13/·20 || c_Loss:0.447 || e_Loss:-1.471 || Aad_Loss:-19.578 || 耗时：12.40s
轮次:·14/·20 || c_Loss:0.455 || e_Loss:-1.419 || Aad_Loss:-16.855 || 耗时：12.39s
轮次:·15/·20 || c_Loss:0.464 || e_Loss:-1.468 || Aad_Loss:-15.993 || 耗时：12.39s
任务: (B2)N15_M07_F10→(B3)N15_M07_F04; mix批次:····0; 批次:·1410/·1880;  总正确率: 79.35%
类型1 正确率： 100.00% -> 1  100.00%, 2    0.00%, 3    0.00%
类型2 正确率：  92.00% -> 1    0.00%, 2   92.40%, 3    7.60%
类型3 正确率：  46.00% -> 1    0.00%, 2   54.35%, 3   45.65%


样本变换：reverse
样本变换：mask
样本变换：shift
样本变换：none
未过滤	未用伪标签：79.35% -> 使用伪标签：54.93%
已过滤	未用伪标签：78.98% -> 使用伪标签：56.09%
排除样本：124|6000	剩余：2000, 2034, 1842
增添样本：2704		细则：0, 1299, 1405	正确率估算：100.00%
类型1 正确率： 100.00% -> 1  100.00%, 2    0.00%, 3    0.00%
类型2 正确率：  36.00% -> 1    0.00%, 2   35.99%, 3   64.01%
类型3 正确率：  31.00% -> 1    0.00%, 2   69.14%, 3   30.86%

被排除样本 正确率：96.77%
类型1 正确率：  96.00% -> 1   96.15%, 2    3.85%
类型2 正确率：  97.00% -> 1    2.78%, 2   97.22%


轮次:·16/·20 || c_Loss:0.434 || e_Loss:-1.507 || Aad_Loss:-21.606 || 耗时：32.82s
轮次:·17/·20 || c_Loss:0.522 || e_Loss:-1.479 || Aad_Loss:-14.395 || 耗时：12.47s
轮次:·18/·20 || c_Loss:0.361 || e_Loss:-1.487 || Aad_Loss:-21.574 || 耗时：12.51s
轮次:·19/·20 || c_Loss:0.350 || e_Loss:-1.512 || Aad_Loss:-21.806 || 耗时：12.50s
轮次:·20/·20 || c_Loss:0.382 || e_Loss:-1.554 || Aad_Loss:-18.031 || 耗时：12.50s
任务: (B2)N15_M07_F10→(B3)N15_M07_F04; mix批次:····0; 批次:·1880/·1880;  总正确率: 83.18%
类型1 正确率： 100.00% -> 1  100.00%, 2    0.00%, 3    0.00%
类型2 正确率：  97.00% -> 1    0.00%, 2   97.25%, 3    2.75%
类型3 正确率：  52.00% -> 1    0.00%, 2   47.70%, 3   52.30%


测试集任务: (B2)N15_M07_F10→(B3)N15_M07_F04; 总正确率 = 83.18%
类型1 正确率： 100.00% -> 1  100.00%, 2    0.00%, 3    0.00%
类型2 正确率：  97.00% -> 1    0.00%, 2   97.25%, 3    2.75%
类型3 正确率：  52.00% -> 1    0.00%, 2   47.70%, 3   52.30%


