读取源域路径：/kaggle/working/k10/S01/weight_PU_M1_final_checkpoint_FS01toS01c_gateoracle_s2024/NEW_PU/Source-源域/log&pt/(B3)N15_M07_F04
excel输出位置：/kaggle/working/k10/S01/weight_PU_M1_final_checkpoint_FS01toS01c_gateoracle_s2024/NEW_PU/Target-目标域
特征图片输出位置：/kaggle/working/k10/S01/weight_PU_M1_final_checkpoint_FS01toS01c_gateoracle_s2024/NEW_PU/Picture-特征图/2026年09月16日03时32分/(B3)N15_M07_F04
现在选取:(B3)N15_M07_F04 进行训练的源模型
现在进行：(B3)N15_M07_F04→(B2)N15_M07_F10 的迁移任务
log&pt输出位置：/kaggle/working/k10/S01/weight_PU_M1_final_checkpoint_FS01toS01c_gateoracle_s2024/NEW_PU/Target-目标域/log&pt/(B3)N15_M07_F04→(B2)N15_M07_F10
任务: (B3)N15_M07_F04→(B2)N15_M07_F10; 批次:····0/·1880;  总正确率: 45.25%
类型1 正确率： 100.00% -> 1  100.00%, 2    0.00%, 3    0.00%
类型2 正确率：  36.00% -> 1    0.60%, 2   35.75%, 3   63.65%
类型3 正确率：   0.00% -> 1    0.00%, 2  100.00%, 3    0.00%


样本变换：reverse
样本变换：mask
样本变换：shift
样本变换：none
未过滤	未用伪标签：45.25% -> 使用伪标签：43.57%
已过滤	未用伪标签：45.03% -> 使用伪标签：44.12%
排除样本：75|6000	剩余：2000, 2614, 1311
增添样本：1386		细则：0, 1386	正确率估算：96.09%
类型1 正确率： 100.00% -> 1  100.00%, 2    0.00%, 3    0.00%
类型2 正确率：  32.00% -> 1    0.00%, 2   31.90%, 3   68.10%
类型3 正确率：   0.00% -> 1    0.00%, 2  100.00%, 3    0.00%

被排除样本 正确率：62.67%
类型1 没有样本或未被分类。
类型2 正确率：  63.00% -> 1    4.00%, 2   62.67%, 3   33.33%
类型3 没有样本或未被分类。


轮次:··1/·20 || c_Loss:0.493 || e_Loss:-0.697 || Aad_Loss:-23.379 || 耗时：32.33s
轮次:··2/·20 || c_Loss:0.383 || e_Loss:-1.236 || Aad_Loss:-24.759 || 耗时：12.38s
轮次:··3/·20 || c_Loss:0.478 || e_Loss:-1.459 || Aad_Loss:-25.101 || 耗时：12.40s
轮次:··4/·20 || c_Loss:0.388 || e_Loss:-1.322 || Aad_Loss:-24.429 || 耗时：12.42s
轮次:··5/·20 || c_Loss:0.395 || e_Loss:-1.402 || Aad_Loss:-25.375 || 耗时：12.41s
任务: (B3)N15_M07_F04→(B2)N15_M07_F10; mix批次:····0; 批次:··470/·1880;  总正确率: 70.38%
类型1 正确率： 100.00% -> 1  100.00%, 2    0.00%, 3    0.00%
类型2 正确率：  97.00% -> 1    0.00%, 2   96.60%, 3    3.40%
类型3 正确率：  15.00% -> 1    0.25%, 2   85.20%, 3   14.55%


样本变换：reverse
样本变换：mask
样本变换：shift
样本变换：none
未过滤	未用伪标签：70.38% -> 使用伪标签：96.70%
已过滤	未用伪标签：71.01% -> 使用伪标签：97.79%
排除样本：67|6000	剩余：2000, 2131, 1802
增添样本：198		细则：0, 0, 198	正确率估算：13.64%
类型1 正确率： 100.00% -> 1  100.00%, 2    0.00%, 3    0.00%
类型2 正确率： 100.00% -> 1    0.00%, 2  100.00%, 3    0.00%
类型3 正确率：  93.00% -> 1    0.00%, 2    6.78%, 3   93.22%

被排除样本 正确率：14.93%
类型1 没有样本或未被分类。
类型2 正确率：  15.00% -> 1   85.07%, 2   14.93%


轮次:··6/·20 || c_Loss:0.438 || e_Loss:-1.421 || Aad_Loss:-22.816 || 耗时：32.38s
轮次:··7/·20 || c_Loss:0.346 || e_Loss:-0.850 || Aad_Loss:-29.957 || 耗时：12.50s
轮次:··8/·20 || c_Loss:0.369 || e_Loss:-1.670 || Aad_Loss:-26.963 || 耗时：12.54s
轮次:··9/·20 || c_Loss:0.357 || e_Loss:-1.219 || Aad_Loss:-33.208 || 耗时：12.51s
轮次:·10/·20 || c_Loss:0.378 || e_Loss:-1.590 || Aad_Loss:-27.435 || 耗时：12.54s
任务: (B3)N15_M07_F04→(B2)N15_M07_F10; mix批次:····0; 批次:··940/·1880;  总正确率: 99.37%
类型1 正确率： 100.00% -> 1  100.00%, 2    0.00%, 3    0.00%
类型2 正确率： 100.00% -> 1    0.00%, 2  100.00%, 3    0.00%
类型3 正确率：  98.00% -> 1    0.00%, 2    1.90%, 3   98.10%


样本变换：reverse
样本变换：mask
样本变换：shift
样本变换：none
未过滤	未用伪标签：99.37% -> 使用伪标签：99.97%
已过滤	未用伪标签：99.37% -> 使用伪标签：99.97%
排除样本：2000|6000	剩余：2002, 1998
增添样本：2		细则：0, 0, 2	正确率估算：100.00%
类型1 正确率： 100.00% -> 1  100.00%, 2    0.00%, 3    0.00%
类型2 正确率： 100.00% -> 1    0.00%, 2  100.00%, 3    0.00%
类型3 正确率： 100.00% -> 1    0.00%, 2    0.10%, 3   99.90%

被排除样本 正确率：nan%


轮次:·11/·20 || c_Loss:0.396 || e_Loss:-0.960 || Aad_Loss:-24.506 || 耗时：32.39s
轮次:·12/·20 || c_Loss:0.389 || e_Loss:-0.999 || Aad_Loss:-22.187 || 耗时：12.48s
轮次:·13/·20 || c_Loss:0.379 || e_Loss:-0.980 || Aad_Loss:-21.050 || 耗时：12.46s
轮次:·14/·20 || c_Loss:0.395 || e_Loss:-1.014 || Aad_Loss:-23.237 || 耗时：12.48s
轮次:·15/·20 || c_Loss:0.411 || e_Loss:-1.017 || Aad_Loss:-24.404 || 耗时：12.45s
任务: (B3)N15_M07_F04→(B2)N15_M07_F10; mix批次:····0; 批次:·1410/·1880;  总正确率: 100.00%
类型1 正确率： 100.00% -> 1  100.00%, 2    0.00%, 3    0.00%
类型2 正确率： 100.00% -> 1    0.00%, 2  100.00%, 3    0.00%
类型3 正确率： 100.00% -> 1    0.00%, 2    0.00%, 3  100.00%


样本变换：reverse
样本变换：mask
样本变换：shift
样本变换：none
未过滤	未用伪标签：100.00% -> 使用伪标签：99.98%
已过滤	未用伪标签：100.00% -> 使用伪标签：100.00%
排除样本：1|6000	剩余：2000, 2000, 1999
增添样本：1		细则：0, 0, 1	正确率估算：100.00%
类型1 正确率： 100.00% -> 1  100.00%, 2    0.00%, 3    0.00%
类型2 正确率： 100.00% -> 1    0.00%, 2  100.00%, 3    0.00%
类型3 正确率： 100.00% -> 1    0.00%, 2    0.00%, 3  100.00%

被排除样本 正确率：100.00%
类型1 正确率： 100.00% -> 1  100.00%


轮次:·16/·20 || c_Loss:0.418 || e_Loss:-1.023 || Aad_Loss:-23.368 || 耗时：32.19s
轮次:·17/·20 || c_Loss:0.401 || e_Loss:-1.036 || Aad_Loss:-22.258 || 耗时：12.44s
轮次:·18/·20 || c_Loss:0.420 || e_Loss:-0.930 || Aad_Loss:-25.373 || 耗时：12.46s
轮次:·19/·20 || c_Loss:0.403 || e_Loss:-1.028 || Aad_Loss:-22.585 || 耗时：12.44s
轮次:·20/·20 || c_Loss:0.405 || e_Loss:-1.036 || Aad_Loss:-23.105 || 耗时：12.44s
任务: (B3)N15_M07_F04→(B2)N15_M07_F10; mix批次:····0; 批次:·1880/·1880;  总正确率: 100.00%
类型1 正确率： 100.00% -> 1  100.00%, 2    0.00%, 3    0.00%
类型2 正确率： 100.00% -> 1    0.00%, 2  100.00%, 3    0.00%
类型3 正确率： 100.00% -> 1    0.00%, 2    0.00%, 3  100.00%


测试集任务: (B3)N15_M07_F04→(B2)N15_M07_F10; 总正确率 = 100.00%
类型1 正确率： 100.00% -> 1  100.00%, 2    0.00%, 3    0.00%
类型2 正确率： 100.00% -> 1    0.00%, 2  100.00%, 3    0.00%
类型3 正确率： 100.00% -> 1    0.00%, 2    0.00%, 3  100.00%


