读取源域路径：/kaggle/working/k10/S01/weight_PU_M1_final_checkpoint_FS01toS01c_gateoracle_s2024/NEW_PU/Source-源域/log&pt/(B2)N15_M07_F10
excel输出位置：/kaggle/working/k10/S01/weight_PU_M1_final_checkpoint_FS01toS01c_gateoracle_s2024/NEW_PU/Target-目标域
特征图片输出位置：/kaggle/working/k10/S01/weight_PU_M1_final_checkpoint_FS01toS01c_gateoracle_s2024/NEW_PU/Picture-特征图/2026年09月16日03时15分/(B2)N15_M07_F10
现在选取:(B2)N15_M07_F10 进行训练的源模型
现在进行：(B2)N15_M07_F10→(B1)N15_M01_F10 的迁移任务
log&pt输出位置：/kaggle/working/k10/S01/weight_PU_M1_final_checkpoint_FS01toS01c_gateoracle_s2024/NEW_PU/Target-目标域/log&pt/(B2)N15_M07_F10→(B1)N15_M01_F10
任务: (B2)N15_M07_F10→(B1)N15_M01_F10; 批次:····0/·1880;  总正确率: 42.35%
类型1 正确率： 100.00% -> 1  100.00%, 2    0.00%, 3    0.00%
类型2 正确率：  27.00% -> 1    5.05%, 2   27.05%, 3   67.90%
类型3 正确率：   0.00% -> 1    0.00%, 2  100.00%, 3    0.00%


样本变换：reverse
样本变换：mask
样本变换：shift
样本变换：none
未过滤	未用伪标签：42.35% -> 使用伪标签：43.40%
已过滤	未用伪标签：42.51% -> 使用伪标签：44.05%
排除样本：88|6000	剩余：2003, 2604, 1305
增添样本：1396		细则：0, 1396	正确率估算：80.13%
类型1 正确率： 100.00% -> 1  100.00%, 2    0.00%, 3    0.00%
类型2 正确率：  32.00% -> 1    0.16%, 2   31.59%, 3   68.25%
类型3 正确率：   0.00% -> 1    0.00%, 2  100.00%, 3    0.00%

被排除样本 正确率：31.82%
类型1 没有样本或未被分类。
类型2 正确率：  32.00% -> 1   23.86%, 2   31.82%, 3   44.32%
类型3 没有样本或未被分类。


轮次:··1/·20 || c_Loss:0.631 || e_Loss:-0.747 || Aad_Loss:-20.795 || 耗时：32.36s
轮次:··2/·20 || c_Loss:0.423 || e_Loss:-0.770 || Aad_Loss:-24.359 || 耗时：12.38s
轮次:··3/·20 || c_Loss:0.421 || e_Loss:-1.139 || Aad_Loss:-23.343 || 耗时：12.38s
轮次:··4/·20 || c_Loss:0.476 || e_Loss:-1.432 || Aad_Loss:-24.310 || 耗时：12.36s
轮次:··5/·20 || c_Loss:0.486 || e_Loss:-1.428 || Aad_Loss:-21.171 || 耗时：12.37s
任务: (B2)N15_M07_F10→(B1)N15_M01_F10; mix批次:····0; 批次:··470/·1880;  总正确率: 67.47%
类型1 正确率： 100.00% -> 1  100.00%, 2    0.00%, 3    0.00%
类型2 正确率： 100.00% -> 1    0.00%, 2  100.00%, 3    0.00%
类型3 正确率：   2.00% -> 1    0.10%, 2   97.50%, 3    2.40%


样本变换：reverse
样本变换：mask
样本变换：shift
样本变换：none
未过滤	未用伪标签：67.47% -> 使用伪标签：96.15%
已过滤	未用伪标签：68.45% -> 使用伪标签：97.63%
排除样本：91|6000	剩余：2000, 2135, 1774
增添样本：231		细则：0, 4, 227	正确率估算：4.33%
类型1 正确率： 100.00% -> 1  100.00%, 2    0.00%, 3    0.00%
类型2 正确率： 100.00% -> 1    0.00%, 2   99.95%, 3    0.05%
类型3 正确率：  93.00% -> 1    0.00%, 2    7.27%, 3   92.73%

被排除样本 正确率：3.30%
类型1 正确率： 100.00% -> 1  100.00%, 2    0.00%
类型2 正确率：   0.00% -> 1  100.00%, 2    0.00%


轮次:··6/·20 || c_Loss:0.451 || e_Loss:-1.409 || Aad_Loss:-24.533 || 耗时：32.31s
轮次:··7/·20 || c_Loss:0.387 || e_Loss:-1.557 || Aad_Loss:-26.468 || 耗时：12.37s
轮次:··8/·20 || c_Loss:0.365 || e_Loss:-1.688 || Aad_Loss:-25.647 || 耗时：12.39s
轮次:··9/·20 || c_Loss:0.390 || e_Loss:-1.642 || Aad_Loss:-22.360 || 耗时：12.40s
轮次:·10/·20 || c_Loss:0.342 || e_Loss:-1.700 || Aad_Loss:-29.496 || 耗时：12.40s
任务: (B2)N15_M07_F10→(B1)N15_M01_F10; mix批次:····0; 批次:··940/·1880;  总正确率: 98.78%
类型1 正确率： 100.00% -> 1  100.00%, 2    0.00%, 3    0.00%
类型2 正确率： 100.00% -> 1    0.00%, 2   99.80%, 3    0.20%
类型3 正确率：  97.00% -> 1    0.00%, 2    3.45%, 3   96.55%


样本变换：reverse
样本变换：mask
样本变换：shift
样本变换：none
未过滤	未用伪标签：98.78% -> 使用伪标签：99.33%
已过滤	未用伪标签：98.81% -> 使用伪标签：99.48%
排除样本：9|6000	剩余：2000, 1962, 2029
增添样本：40		细则：0, 38, 2	正确率估算：100.00%
类型1 正确率： 100.00% -> 1  100.00%, 2    0.00%, 3    0.00%
类型2 正确率：  98.00% -> 1    0.00%, 2   98.44%, 3    1.56%
类型3 正确率： 100.00% -> 1    0.00%, 2    0.00%, 3  100.00%

被排除样本 正确率：77.78%
类型1 正确率： 100.00% -> 1  100.00%, 2    0.00%
类型2 正确率：   0.00% -> 1  100.00%, 2    0.00%


轮次:·11/·20 || c_Loss:0.364 || e_Loss:-1.758 || Aad_Loss:-27.405 || 耗时：32.20s
轮次:·12/·20 || c_Loss:0.388 || e_Loss:-0.870 || Aad_Loss:-27.871 || 耗时：12.38s
轮次:·13/·20 || c_Loss:0.366 || e_Loss:-0.942 || Aad_Loss:-30.174 || 耗时：12.37s
轮次:·14/·20 || c_Loss:0.382 || e_Loss:-0.915 || Aad_Loss:-26.826 || 耗时：12.41s
轮次:·15/·20 || c_Loss:0.384 || e_Loss:-0.903 || Aad_Loss:-26.984 || 耗时：12.40s
任务: (B2)N15_M07_F10→(B1)N15_M01_F10; mix批次:····0; 批次:·1410/·1880;  总正确率: 99.53%
类型1 正确率： 100.00% -> 1  100.00%, 2    0.00%, 3    0.00%
类型2 正确率：  99.00% -> 1    0.00%, 2   98.60%, 3    1.40%
类型3 正确率： 100.00% -> 1    0.00%, 2    0.00%, 3  100.00%


样本变换：reverse
样本变换：mask
样本变换：shift
样本变换：none
未过滤	未用伪标签：99.53% -> 使用伪标签：99.35%
已过滤	未用伪标签：99.55% -> 使用伪标签：99.47%
排除样本：7|6000	剩余：2000, 1961, 2032
增添样本：39		细则：0, 39, 0	正确率估算：100.00%
类型1 正确率： 100.00% -> 1  100.00%, 2    0.00%, 3    0.00%
类型2 正确率：  98.00% -> 1    0.00%, 2   98.39%, 3    1.61%
类型3 正确率： 100.00% -> 1    0.00%, 2    0.00%, 3  100.00%

被排除样本 正确率：85.71%
类型1 正确率：  86.00% -> 1   85.71%, 2   14.29%
类型2 没有样本或未被分类。


轮次:·16/·20 || c_Loss:0.374 || e_Loss:-0.951 || Aad_Loss:-28.690 || 耗时：32.55s
轮次:·17/·20 || c_Loss:0.367 || e_Loss:-0.978 || Aad_Loss:-29.406 || 耗时：12.43s
轮次:·18/·20 || c_Loss:0.382 || e_Loss:-0.948 || Aad_Loss:-29.687 || 耗时：12.45s
轮次:·19/·20 || c_Loss:0.376 || e_Loss:-1.835 || Aad_Loss:-28.428 || 耗时：12.43s
轮次:·20/·20 || c_Loss:0.389 || e_Loss:-0.925 || Aad_Loss:-28.241 || 耗时：12.44s
任务: (B2)N15_M07_F10→(B1)N15_M01_F10; mix批次:····0; 批次:·1880/·1880;  总正确率: 99.77%
类型1 正确率： 100.00% -> 1  100.00%, 2    0.00%, 3    0.00%
类型2 正确率：  99.00% -> 1    0.00%, 2   99.30%, 3    0.70%
类型3 正确率： 100.00% -> 1    0.00%, 2    0.00%, 3  100.00%


测试集任务: (B2)N15_M07_F10→(B1)N15_M01_F10; 总正确率 = 99.77%
类型1 正确率： 100.00% -> 1  100.00%, 2    0.00%, 3    0.00%
类型2 正确率：  99.00% -> 1    0.00%, 2   99.30%, 3    0.70%
类型3 正确率： 100.00% -> 1    0.00%, 2    0.00%, 3  100.00%


