读取源域路径：/kaggle/working/shot/weight_PU_M1_shot_FAtoB_s2024/NEW_PU/Source-源域/log&pt/(B2)N15_M07_F10
excel输出位置：/kaggle/working/shot/weight_PU_M1_shot_FAtoB_s2024/NEW_PU/Target-目标域
特征图片输出位置：/kaggle/working/shot/weight_PU_M1_shot_FAtoB_s2024/NEW_PU/Picture-特征图/2026年09月15日20时03分/(B2)N15_M07_F10
现在选取:(B2)N15_M07_F10 进行训练的源模型
现在进行：(B2)N15_M07_F10→(B1)N15_M01_F10 的迁移任务
log&pt输出位置：/kaggle/working/shot/weight_PU_M1_shot_FAtoB_s2024/NEW_PU/Target-目标域/log&pt/(B2)N15_M07_F10→(B1)N15_M01_F10
任务: (B2)N15_M07_F10→(B1)N15_M01_F10; 批次:····0/·1880;  总正确率: 57.65%
类型1 正确率：  80.00% -> 1   80.30%, 2   19.65%, 3    0.05%
类型2 正确率：  43.00% -> 1    0.00%, 2   42.60%, 3   57.40%
类型3 正确率：  50.00% -> 1    0.00%, 2   49.95%, 3   50.05%


SHOT pseudo-labels: model 57.65% -> centroid 58.30%
轮次:··1/·20 || cls:1.914 || im:-0.844 || 耗时：21.50s
SHOT pseudo-labels: model 63.97% -> centroid 70.18%
轮次:··2/·20 || cls:1.697 || im:-0.807 || 耗时：15.89s
SHOT pseudo-labels: model 72.15% -> centroid 76.53%
轮次:··3/·20 || cls:0.849 || im:-0.739 || 耗时：15.67s
SHOT pseudo-labels: model 74.35% -> centroid 77.22%
轮次:··4/·20 || cls:1.070 || im:-0.845 || 耗时：15.57s
SHOT pseudo-labels: model 76.70% -> centroid 74.37%
轮次:··5/·20 || cls:0.814 || im:-0.750 || 耗时：15.55s
SHOT pseudo-labels: model 74.95% -> centroid 73.60%
轮次:··6/·20 || cls:0.782 || im:-0.800 || 耗时：15.57s
SHOT pseudo-labels: model 72.53% -> centroid 72.40%
轮次:··7/·20 || cls:0.867 || im:-0.688 || 耗时：15.63s
SHOT pseudo-labels: model 72.43% -> centroid 71.30%
轮次:··8/·20 || cls:0.862 || im:-0.715 || 耗时：15.66s
SHOT pseudo-labels: model 70.55% -> centroid 70.35%
轮次:··9/·20 || cls:0.851 || im:-0.732 || 耗时：15.64s
SHOT pseudo-labels: model 69.30% -> centroid 69.92%
轮次:·10/·20 || cls:0.560 || im:-0.657 || 耗时：15.60s
SHOT pseudo-labels: model 68.92% -> centroid 69.43%
轮次:·11/·20 || cls:0.636 || im:-0.640 || 耗时：15.64s
SHOT pseudo-labels: model 68.17% -> centroid 69.73%
轮次:·12/·20 || cls:0.666 || im:-0.622 || 耗时：15.62s
SHOT pseudo-labels: model 67.22% -> centroid 69.23%
轮次:·13/·20 || cls:0.789 || im:-0.671 || 耗时：15.61s
SHOT pseudo-labels: model 66.93% -> centroid 68.57%
轮次:·14/·20 || cls:0.788 || im:-0.657 || 耗时：15.59s
SHOT pseudo-labels: model 66.58% -> centroid 67.88%
轮次:·15/·20 || cls:0.580 || im:-0.606 || 耗时：15.65s
SHOT pseudo-labels: model 65.97% -> centroid 65.87%
轮次:·16/·20 || cls:0.770 || im:-0.684 || 耗时：15.63s
SHOT pseudo-labels: model 66.05% -> centroid 66.25%
轮次:·17/·20 || cls:0.820 || im:-0.667 || 耗时：15.57s
SHOT pseudo-labels: model 65.35% -> centroid 64.63%
轮次:·18/·20 || cls:0.788 || im:-0.725 || 耗时：15.66s
SHOT pseudo-labels: model 64.97% -> centroid 62.67%
轮次:·19/·20 || cls:0.815 || im:-0.640 || 耗时：15.61s
SHOT pseudo-labels: model 65.23% -> centroid 63.03%
轮次:·20/·20 || cls:0.536 || im:-0.692 || 耗时：15.64s
测试集任务: (B2)N15_M07_F10→(B1)N15_M01_F10; 总正确率 = 64.60%
类型1 正确率：  99.00% -> 1   99.45%, 2    0.20%, 3    0.35%
类型2 正确率：  43.00% -> 1   15.10%, 2   43.15%, 3   41.75%
类型3 正确率：  51.00% -> 1    0.00%, 2   48.80%, 3   51.20%


