读取源域路径：/kaggle/working/shot/weight_PU_M1_shot_FAtoB_s2024/NEW_PU/Source-源域/log&pt/(B1)N15_M01_F10
excel输出位置：/kaggle/working/shot/weight_PU_M1_shot_FAtoB_s2024/NEW_PU/Target-目标域
特征图片输出位置：/kaggle/working/shot/weight_PU_M1_shot_FAtoB_s2024/NEW_PU/Picture-特征图/2026年09月15日19时58分/(B1)N15_M01_F10
现在选取:(B1)N15_M01_F10 进行训练的源模型
现在进行：(B1)N15_M01_F10→(B3)N15_M07_F04 的迁移任务
log&pt输出位置：/kaggle/working/shot/weight_PU_M1_shot_FAtoB_s2024/NEW_PU/Target-目标域/log&pt/(B1)N15_M01_F10→(B3)N15_M07_F04
任务: (B1)N15_M01_F10→(B3)N15_M07_F04; 批次:····0/·1880;  总正确率: 69.28%
类型1 正确率：  73.00% -> 1   73.20%, 2   26.65%, 3    0.15%
类型2 正确率：  82.00% -> 1    0.00%, 2   81.50%, 3   18.50%
类型3 正确率：  53.00% -> 1    4.00%, 2   42.85%, 3   53.15%


SHOT pseudo-labels: model 69.28% -> centroid 76.37%
轮次:··1/·20 || cls:1.968 || im:-0.824 || 耗时：21.48s
SHOT pseudo-labels: model 69.02% -> centroid 71.78%
轮次:··2/·20 || cls:1.748 || im:-0.832 || 耗时：15.83s
SHOT pseudo-labels: model 72.13% -> centroid 70.32%
轮次:··3/·20 || cls:1.179 || im:-0.823 || 耗时：15.64s
SHOT pseudo-labels: model 73.40% -> centroid 70.38%
轮次:··4/·20 || cls:0.934 || im:-0.833 || 耗时：15.52s
SHOT pseudo-labels: model 74.02% -> centroid 73.72%
轮次:··5/·20 || cls:1.102 || im:-0.788 || 耗时：15.53s
SHOT pseudo-labels: model 75.25% -> centroid 76.47%
轮次:··6/·20 || cls:0.805 || im:-0.761 || 耗时：15.56s
SHOT pseudo-labels: model 74.63% -> centroid 76.15%
轮次:··7/·20 || cls:1.080 || im:-0.787 || 耗时：15.66s
SHOT pseudo-labels: model 74.90% -> centroid 70.90%
轮次:··8/·20 || cls:0.990 || im:-0.814 || 耗时：15.58s
SHOT pseudo-labels: model 75.27% -> centroid 70.45%
轮次:··9/·20 || cls:0.838 || im:-0.719 || 耗时：15.62s
SHOT pseudo-labels: model 75.47% -> centroid 69.47%
轮次:·10/·20 || cls:0.775 || im:-0.727 || 耗时：15.59s
SHOT pseudo-labels: model 74.70% -> centroid 67.17%
轮次:·11/·20 || cls:0.676 || im:-0.634 || 耗时：15.60s
SHOT pseudo-labels: model 74.55% -> centroid 67.30%
轮次:·12/·20 || cls:0.901 || im:-0.727 || 耗时：15.61s
SHOT pseudo-labels: model 74.07% -> centroid 67.10%
轮次:·13/·20 || cls:0.744 || im:-0.675 || 耗时：15.59s
SHOT pseudo-labels: model 73.27% -> centroid 65.98%
轮次:·14/·20 || cls:0.715 || im:-0.603 || 耗时：15.58s
SHOT pseudo-labels: model 73.78% -> centroid 65.62%
轮次:·15/·20 || cls:0.679 || im:-0.662 || 耗时：15.62s
SHOT pseudo-labels: model 73.35% -> centroid 64.43%
轮次:·16/·20 || cls:0.717 || im:-0.677 || 耗时：15.65s
SHOT pseudo-labels: model 72.95% -> centroid 63.75%
轮次:·17/·20 || cls:0.872 || im:-0.716 || 耗时：15.60s
SHOT pseudo-labels: model 73.10% -> centroid 63.95%
轮次:·18/·20 || cls:0.753 || im:-0.739 || 耗时：15.60s
SHOT pseudo-labels: model 71.72% -> centroid 62.93%
轮次:·19/·20 || cls:0.741 || im:-0.681 || 耗时：15.57s
SHOT pseudo-labels: model 72.85% -> centroid 63.33%
轮次:·20/·20 || cls:0.550 || im:-0.686 || 耗时：15.57s
测试集任务: (B1)N15_M01_F10→(B3)N15_M07_F04; 总正确率 = 72.60%
类型1 正确率： 100.00% -> 1  100.00%, 2    0.00%, 3    0.00%
类型2 正确率：  65.00% -> 1    0.35%, 2   65.05%, 3   34.60%
类型3 正确率：  53.00% -> 1    1.20%, 2   46.05%, 3   52.75%


