读取源域路径：/kaggle/working/shot/weight_PU_M1_shot_FAtoB_s2024/NEW_PU/Source-源域/log&pt/(B3)N15_M07_F04
excel输出位置：/kaggle/working/shot/weight_PU_M1_shot_FAtoB_s2024/NEW_PU/Target-目标域
特征图片输出位置：/kaggle/working/shot/weight_PU_M1_shot_FAtoB_s2024/NEW_PU/Picture-特征图/2026年09月15日20时20分/(B3)N15_M07_F04
现在选取:(B3)N15_M07_F04 进行训练的源模型
现在进行：(B3)N15_M07_F04→(B2)N15_M07_F10 的迁移任务
log&pt输出位置：/kaggle/working/shot/weight_PU_M1_shot_FAtoB_s2024/NEW_PU/Target-目标域/log&pt/(B3)N15_M07_F04→(B2)N15_M07_F10
任务: (B3)N15_M07_F04→(B2)N15_M07_F10; 批次:····0/·1880;  总正确率: 44.37%
类型1 正确率：  40.00% -> 1   40.05%, 2   59.85%, 3    0.10%
类型2 正确率：  42.00% -> 1    0.00%, 2   41.80%, 3   58.20%
类型3 正确率：  51.00% -> 1    0.00%, 2   48.75%, 3   51.25%


SHOT pseudo-labels: model 44.37% -> centroid 38.73%
轮次:··1/·20 || cls:1.557 || im:-0.700 || 耗时：21.54s
SHOT pseudo-labels: model 66.42% -> centroid 72.73%
轮次:··2/·20 || cls:1.118 || im:-0.739 || 耗时：15.90s
SHOT pseudo-labels: model 66.15% -> centroid 73.58%
轮次:··3/·20 || cls:0.840 || im:-0.691 || 耗时：15.68s
SHOT pseudo-labels: model 67.73% -> centroid 70.70%
轮次:··4/·20 || cls:0.771 || im:-0.736 || 耗时：15.57s
SHOT pseudo-labels: model 66.53% -> centroid 62.37%
轮次:··5/·20 || cls:0.609 || im:-0.681 || 耗时：15.64s
SHOT pseudo-labels: model 67.30% -> centroid 58.72%
轮次:··6/·20 || cls:0.672 || im:-0.684 || 耗时：15.66s
SHOT pseudo-labels: model 68.05% -> centroid 56.52%
轮次:··7/·20 || cls:0.798 || im:-0.661 || 耗时：15.73s
SHOT pseudo-labels: model 67.32% -> centroid 56.42%
轮次:··8/·20 || cls:0.757 || im:-0.696 || 耗时：15.74s
SHOT pseudo-labels: model 68.67% -> centroid 54.15%
轮次:··9/·20 || cls:0.668 || im:-0.685 || 耗时：15.76s
SHOT pseudo-labels: model 67.65% -> centroid 52.37%
轮次:·10/·20 || cls:0.739 || im:-0.643 || 耗时：15.73s
SHOT pseudo-labels: model 67.37% -> centroid 52.67%
轮次:·11/·20 || cls:0.748 || im:-0.665 || 耗时：15.72s
SHOT pseudo-labels: model 67.33% -> centroid 51.92%
轮次:·12/·20 || cls:0.703 || im:-0.702 || 耗时：15.73s
SHOT pseudo-labels: model 67.45% -> centroid 52.43%
轮次:·13/·20 || cls:0.701 || im:-0.697 || 耗时：15.69s
SHOT pseudo-labels: model 66.67% -> centroid 51.73%
轮次:·14/·20 || cls:0.798 || im:-0.635 || 耗时：15.73s
SHOT pseudo-labels: model 68.08% -> centroid 51.97%
轮次:·15/·20 || cls:0.807 || im:-0.723 || 耗时：15.71s
SHOT pseudo-labels: model 67.72% -> centroid 51.12%
轮次:·16/·20 || cls:0.651 || im:-0.581 || 耗时：15.68s
SHOT pseudo-labels: model 68.37% -> centroid 51.83%
轮次:·17/·20 || cls:0.899 || im:-0.725 || 耗时：15.71s
SHOT pseudo-labels: model 68.40% -> centroid 51.92%
轮次:·18/·20 || cls:0.654 || im:-0.715 || 耗时：15.72s
SHOT pseudo-labels: model 66.98% -> centroid 51.13%
轮次:·19/·20 || cls:0.836 || im:-0.636 || 耗时：15.73s
SHOT pseudo-labels: model 68.23% -> centroid 51.32%
轮次:·20/·20 || cls:0.649 || im:-0.665 || 耗时：15.71s
测试集任务: (B3)N15_M07_F04→(B2)N15_M07_F10; 总正确率 = 67.77%
类型1 正确率： 100.00% -> 1   99.90%, 2    0.00%, 3    0.10%
类型2 正确率：  50.00% -> 1    0.00%, 2   50.40%, 3   49.60%
类型3 正确率：  53.00% -> 1    0.05%, 2   46.95%, 3   53.00%


