读取源域路径：/kaggle/working/hust/H4/weight_HUST_M1_final_checkpoint_FH4toH4_s2024/NEW_PU/Source-源域/log&pt/(B2)N15_M07_F10
excel输出位置：/kaggle/working/hust/H4/weight_HUST_M1_final_checkpoint_FH4toH4_s2024/NEW_PU/Target-目标域
特征图片输出位置：/kaggle/working/hust/H4/weight_HUST_M1_final_checkpoint_FH4toH4_s2024/NEW_PU/Picture-特征图/2026年09月19日15时34分/(B2)N15_M07_F10
现在选取:(B2)N15_M07_F10 进行训练的源模型
现在进行：(B2)N15_M07_F10→(B1)N15_M01_F10 的迁移任务
log&pt输出位置：/kaggle/working/hust/H4/weight_HUST_M1_final_checkpoint_FH4toH4_s2024/NEW_PU/Target-目标域/log&pt/(B2)N15_M07_F10→(B1)N15_M01_F10
任务: (B2)N15_M07_F10→(B1)N15_M01_F10; 批次:····0/·1880;  总正确率: 86.10%
类型1 正确率： 100.00% -> 1  100.00%, 2    0.00%, 3    0.00%
类型2 正确率： 100.00% -> 1    0.00%, 2  100.00%, 3    0.00%
类型3 正确率：  58.00% -> 1   15.95%, 2   25.75%, 3   58.30%


样本变换：reverse
样本变换：mask
样本变换：shift
样本变换：none
未过滤	未用伪标签：86.10% -> 使用伪标签：82.37%
已过滤	未用伪标签：86.97% -> 使用伪标签：83.65%
排除样本：92|6000	剩余：2580, 2386, 942
增添样本：1832		细则：0, 194, 1638	正确率估算：94.45%
类型1 正确率： 100.00% -> 1  100.00%, 2    0.00%, 3    0.00%
类型2 正确率： 100.00% -> 1    0.00%, 2  100.00%, 3    0.00%
类型3 正确率：  49.00% -> 1   30.40%, 2   20.23%, 3   49.37%

被排除样本 正确率：30.43%
类型1 没有样本或未被分类。
类型2 正确率：  30.00% -> 1   69.57%, 2   30.43%


轮次:··1/·20 || c_Loss:0.570 || e_Loss:-1.336 || Aad_Loss:-28.959 || 耗时：34.32s
轮次:··2/·20 || c_Loss:0.486 || e_Loss:-1.449 || Aad_Loss:-28.617 || 耗时：12.98s
轮次:··3/·20 || c_Loss:0.400 || e_Loss:-1.617 || Aad_Loss:-30.750 || 耗时：12.86s
轮次:··4/·20 || c_Loss:0.364 || e_Loss:-0.916 || Aad_Loss:-29.335 || 耗时：12.82s
轮次:··5/·20 || c_Loss:0.439 || e_Loss:-0.882 || Aad_Loss:-26.312 || 耗时：12.81s
任务: (B2)N15_M07_F10→(B1)N15_M01_F10; mix批次:····0; 批次:··470/·1880;  总正确率: 78.47%
类型1 正确率： 100.00% -> 1  100.00%, 2    0.00%, 3    0.00%
类型2 正确率： 100.00% -> 1    0.00%, 2  100.00%, 3    0.00%
类型3 正确率：  35.00% -> 1   33.10%, 2   31.50%, 3   35.40%


样本变换：reverse
样本变换：mask
样本变换：shift
样本变换：none
未过滤	未用伪标签：78.47% -> 使用伪标签：78.00%
已过滤	未用伪标签：78.46% -> 使用伪标签：78.08%
排除样本：6|6000	剩余：2667, 2647, 680
增添样本：2007		细则：0, 20, 1987	正确率估算：100.00%
类型1 正确率： 100.00% -> 1  100.00%, 2    0.00%, 3    0.00%
类型2 正确率： 100.00% -> 1    0.00%, 2  100.00%, 3    0.00%
类型3 正确率：  34.00% -> 1   33.45%, 2   32.45%, 3   34.10%

被排除样本 正确率：83.33%
类型1 没有样本或未被分类。
类型2 正确率：  83.00% -> 1   16.67%, 2   83.33%


轮次:··6/·20 || c_Loss:0.363 || e_Loss:-0.959 || Aad_Loss:-31.451 || 耗时：34.00s
轮次:··7/·20 || c_Loss:0.371 || e_Loss:-0.935 || Aad_Loss:-33.294 || 耗时：12.85s
轮次:··8/·20 || c_Loss:0.378 || e_Loss:-0.917 || Aad_Loss:-31.298 || 耗时：12.89s
轮次:··9/·20 || c_Loss:0.407 || e_Loss:-0.809 || Aad_Loss:-38.577 || 耗时：12.92s
轮次:·10/·20 || c_Loss:0.368 || e_Loss:-0.960 || Aad_Loss:-34.587 || 耗时：12.89s
任务: (B2)N15_M07_F10→(B1)N15_M01_F10; mix批次:····0; 批次:··940/·1880;  总正确率: 77.90%
类型1 正确率： 100.00% -> 1  100.00%, 2    0.00%, 3    0.00%
类型2 正确率： 100.00% -> 1    0.00%, 2  100.00%, 3    0.00%
类型3 正确率：  34.00% -> 1   33.20%, 2   33.10%, 3   33.70%


样本变换：reverse
样本变换：mask
样本变换：shift
样本变换：none
未过滤	未用伪标签：77.90% -> 使用伪标签：77.83%
已过滤	未用伪标签：77.90% -> 使用伪标签：77.85%
排除样本：1|6000	剩余：2665, 2664, 670
增添样本：1996		细则：0, 1, 1995	正确率估算：100.00%
类型1 正确率： 100.00% -> 1  100.00%, 2    0.00%, 3    0.00%
类型2 正确率： 100.00% -> 1    0.00%, 2  100.00%, 3    0.00%
类型3 正确率：  34.00% -> 1   33.27%, 2   33.22%, 3   33.52%

被排除样本 正确率：100.00%
类型1 正确率： 100.00% -> 1  100.00%


轮次:·11/·20 || c_Loss:0.373 || e_Loss:-0.997 || Aad_Loss:-31.721 || 耗时：34.21s
轮次:·12/·20 || c_Loss:0.373 || e_Loss:-0.996 || Aad_Loss:-33.403 || 耗时：12.77s
轮次:·13/·20 || c_Loss:0.377 || e_Loss:-0.912 || Aad_Loss:-35.805 || 耗时：12.82s
轮次:·14/·20 || c_Loss:0.371 || e_Loss:-0.867 || Aad_Loss:-38.682 || 耗时：12.84s
轮次:·15/·20 || c_Loss:0.378 || e_Loss:-1.016 || Aad_Loss:-30.945 || 耗时：12.84s
任务: (B2)N15_M07_F10→(B1)N15_M01_F10; mix批次:····0; 批次:·1410/·1880;  总正确率: 77.85%
类型1 正确率： 100.00% -> 1  100.00%, 2    0.00%, 3    0.00%
类型2 正确率： 100.00% -> 1    0.00%, 2  100.00%, 3    0.00%
类型3 正确率：  34.00% -> 1   33.25%, 2   33.20%, 3   33.55%


样本变换：reverse
样本变换：mask
样本变换：shift
样本变换：none
未过滤	未用伪标签：77.85% -> 使用伪标签：77.82%
已过滤	未用伪标签：77.85% -> 使用伪标签：77.82%
排除样本：2666|6000	剩余：2665, 669
增添样本：1998		细则：0, 1, 1997	正确率估算：100.00%
类型1 正确率： 100.00% -> 1  100.00%, 2    0.00%, 3    0.00%
类型2 正确率： 100.00% -> 1    0.00%, 2  100.00%, 3    0.00%
类型3 正确率：  33.00% -> 1   33.30%, 2   33.25%, 3   33.45%

被排除样本 正确率：nan%


轮次:·16/·20 || c_Loss:0.370 || e_Loss:-0.894 || Aad_Loss:-37.999 || 耗时：33.98s
轮次:·17/·20 || c_Loss:0.374 || e_Loss:-0.953 || Aad_Loss:-35.711 || 耗时：12.75s
轮次:·18/·20 || c_Loss:0.375 || e_Loss:-0.978 || Aad_Loss:-34.076 || 耗时：12.78s
轮次:·19/·20 || c_Loss:0.373 || e_Loss:-0.916 || Aad_Loss:-36.189 || 耗时：12.84s
轮次:·20/·20 || c_Loss:0.375 || e_Loss:-0.975 || Aad_Loss:-34.914 || 耗时：12.82s
任务: (B2)N15_M07_F10→(B1)N15_M01_F10; mix批次:····0; 批次:·1880/·1880;  总正确率: 77.83%
类型1 正确率： 100.00% -> 1  100.00%, 2    0.00%, 3    0.00%
类型2 正确率： 100.00% -> 1    0.00%, 2  100.00%, 3    0.00%
类型3 正确率：  34.00% -> 1   33.25%, 2   33.25%, 3   33.50%


测试集任务: (B2)N15_M07_F10→(B1)N15_M01_F10; 总正确率 = 77.83%
类型1 正确率： 100.00% -> 1  100.00%, 2    0.00%, 3    0.00%
类型2 正确率： 100.00% -> 1    0.00%, 2  100.00%, 3    0.00%
类型3 正确率：  34.00% -> 1   33.25%, 2   33.25%, 3   33.50%


