读取源域路径：/kaggle/working/hust/H4/weight_HUST_M1_final_checkpoint_FH4toH4_s2024/NEW_PU/Source-源域/log&pt/(B1)N15_M01_F10
excel输出位置：/kaggle/working/hust/H4/weight_HUST_M1_final_checkpoint_FH4toH4_s2024/NEW_PU/Target-目标域
特征图片输出位置：/kaggle/working/hust/H4/weight_HUST_M1_final_checkpoint_FH4toH4_s2024/NEW_PU/Picture-特征图/2026年09月19日15时28分/(B1)N15_M01_F10
现在选取:(B1)N15_M01_F10 进行训练的源模型
现在进行：(B1)N15_M01_F10→(B3)N15_M07_F04 的迁移任务
log&pt输出位置：/kaggle/working/hust/H4/weight_HUST_M1_final_checkpoint_FH4toH4_s2024/NEW_PU/Target-目标域/log&pt/(B1)N15_M01_F10→(B3)N15_M07_F04
任务: (B1)N15_M01_F10→(B3)N15_M07_F04; 批次:····0/·1880;  总正确率: 99.40%
类型1 正确率： 100.00% -> 1  100.00%, 2    0.00%, 3    0.00%
类型2 正确率：  98.00% -> 1    0.00%, 2   98.20%, 3    1.80%
类型3 正确率： 100.00% -> 1    0.00%, 2    0.00%, 3  100.00%


样本变换：reverse
样本变换：mask
样本变换：shift
样本变换：none
未过滤	未用伪标签：99.40% -> 使用伪标签：99.42%
已过滤	未用伪标签：99.48% -> 使用伪标签：99.50%
排除样本：5|6000	剩余：2000, 1965, 2030
增添样本：95		细则：30, 65, 0	正确率估算：100.00%
类型1 正确率： 100.00% -> 1  100.00%, 2    0.00%, 3    0.00%
类型2 正确率：  98.00% -> 1    0.00%, 2   98.50%, 3    1.50%
类型3 正确率： 100.00% -> 1    0.00%, 2    0.00%, 3  100.00%

被排除样本 正确率：0.00%
类型1 正确率：   0.00% -> 1    0.00%, 2  100.00%
类型2 没有样本或未被分类。


轮次:··1/·20 || c_Loss:0.499 || e_Loss:-1.061 || Aad_Loss:-30.441 || 耗时：33.93s
轮次:··2/·20 || c_Loss:0.419 || e_Loss:-1.008 || Aad_Loss:-29.779 || 耗时：12.94s
轮次:··3/·20 || c_Loss:0.391 || e_Loss:-0.904 || Aad_Loss:-31.590 || 耗时：12.81s
轮次:··4/·20 || c_Loss:0.379 || e_Loss:-1.705 || Aad_Loss:-30.268 || 耗时：12.76s
轮次:··5/·20 || c_Loss:0.376 || e_Loss:-0.963 || Aad_Loss:-31.157 || 耗时：12.73s
任务: (B1)N15_M01_F10→(B3)N15_M07_F04; mix批次:····0; 批次:··470/·1880;  总正确率: 99.67%
类型1 正确率： 100.00% -> 1  100.00%, 2    0.00%, 3    0.00%
类型2 正确率：  99.00% -> 1    0.00%, 2   99.00%, 3    1.00%
类型3 正确率： 100.00% -> 1    0.00%, 2    0.00%, 3  100.00%


样本变换：reverse
样本变换：mask
样本变换：shift
样本变换：none
未过滤	未用伪标签：99.67% -> 使用伪标签：99.63%
已过滤	未用伪标签：99.68% -> 使用伪标签：99.70%
排除样本：4|6000	剩余：2000, 1978, 2018
增添样本：58		细则：18, 40, 0	正确率估算：100.00%
类型1 正确率： 100.00% -> 1  100.00%, 2    0.00%, 3    0.00%
类型2 正确率：  99.00% -> 1    0.00%, 2   99.10%, 3    0.90%
类型3 正确率： 100.00% -> 1    0.00%, 2    0.00%, 3  100.00%

被排除样本 正确率：75.00%
类型1 正确率：  75.00% -> 1   75.00%, 2   25.00%
类型2 没有样本或未被分类。


轮次:··6/·20 || c_Loss:0.380 || e_Loss:-0.995 || Aad_Loss:-30.762 || 耗时：33.74s
轮次:··7/·20 || c_Loss:0.367 || e_Loss:-0.976 || Aad_Loss:-32.359 || 耗时：12.90s
轮次:··8/·20 || c_Loss:0.372 || e_Loss:-1.027 || Aad_Loss:-31.375 || 耗时：12.86s
轮次:··9/·20 || c_Loss:0.370 || e_Loss:-0.973 || Aad_Loss:-32.588 || 耗时：12.88s
轮次:·10/·20 || c_Loss:0.368 || e_Loss:-1.016 || Aad_Loss:-31.671 || 耗时：12.83s
任务: (B1)N15_M01_F10→(B3)N15_M07_F04; mix批次:····0; 批次:··940/·1880;  总正确率: 99.80%
类型1 正确率： 100.00% -> 1  100.00%, 2    0.00%, 3    0.00%
类型2 正确率：  99.00% -> 1    0.00%, 2   99.40%, 3    0.60%
类型3 正确率： 100.00% -> 1    0.00%, 2    0.00%, 3  100.00%


样本变换：reverse
样本变换：mask
样本变换：shift
样本变换：none
未过滤	未用伪标签：99.80% -> 使用伪标签：99.82%
已过滤	未用伪标签：99.83% -> 使用伪标签：99.87%
排除样本：3|6000	剩余：2000, 1989, 2008
增添样本：27		细则：8, 19, 0	正确率估算：100.00%
类型1 正确率： 100.00% -> 1  100.00%, 2    0.00%, 3    0.00%
类型2 正确率： 100.00% -> 1    0.00%, 2   99.60%, 3    0.40%
类型3 正确率： 100.00% -> 1    0.00%, 2    0.00%, 3  100.00%

被排除样本 正确率：33.33%
类型1 正确率：  33.00% -> 1   33.33%, 2   66.67%
类型2 没有样本或未被分类。


轮次:·11/·20 || c_Loss:0.376 || e_Loss:-1.024 || Aad_Loss:-31.143 || 耗时：33.64s
轮次:·12/·20 || c_Loss:0.376 || e_Loss:-0.961 || Aad_Loss:-32.126 || 耗时：12.77s
轮次:·13/·20 || c_Loss:0.388 || e_Loss:-0.948 || Aad_Loss:-31.536 || 耗时：12.78s
轮次:·14/·20 || c_Loss:0.366 || e_Loss:-0.983 || Aad_Loss:-32.917 || 耗时：12.79s
轮次:·15/·20 || c_Loss:0.400 || e_Loss:-0.831 || Aad_Loss:-33.803 || 耗时：12.80s
任务: (B1)N15_M01_F10→(B3)N15_M07_F04; mix批次:····0; 批次:·1410/·1880;  总正确率: 99.92%
类型1 正确率： 100.00% -> 1  100.00%, 2    0.00%, 3    0.00%
类型2 正确率： 100.00% -> 1    0.00%, 2   99.75%, 3    0.25%
类型3 正确率： 100.00% -> 1    0.00%, 2    0.00%, 3  100.00%


样本变换：reverse
样本变换：mask
样本变换：shift
样本变换：none
未过滤	未用伪标签：99.92% -> 使用伪标签：99.92%
已过滤	未用伪标签：99.95% -> 使用伪标签：99.97%
排除样本：3|6000	剩余：2000, 1995, 2002
增添样本：9		细则：2, 7, 0	正确率估算：100.00%
类型1 正确率： 100.00% -> 1  100.00%, 2    0.00%, 3    0.00%
类型2 正确率： 100.00% -> 1    0.00%, 2   99.90%, 3    0.10%
类型3 正确率： 100.00% -> 1    0.00%, 2    0.00%, 3  100.00%

被排除样本 正确率：33.33%
类型1 正确率：  33.00% -> 1   33.33%, 2   66.67%
类型2 没有样本或未被分类。


轮次:·16/·20 || c_Loss:0.373 || e_Loss:-1.019 || Aad_Loss:-27.898 || 耗时：33.71s
轮次:·17/·20 || c_Loss:0.375 || e_Loss:-0.997 || Aad_Loss:-28.493 || 耗时：12.86s
轮次:·18/·20 || c_Loss:0.377 || e_Loss:-1.007 || Aad_Loss:-27.710 || 耗时：12.86s
轮次:·19/·20 || c_Loss:0.370 || e_Loss:-1.006 || Aad_Loss:-28.377 || 耗时：12.85s
轮次:·20/·20 || c_Loss:0.369 || e_Loss:-0.989 || Aad_Loss:-28.703 || 耗时：12.82s
任务: (B1)N15_M01_F10→(B3)N15_M07_F04; mix批次:····0; 批次:·1880/·1880;  总正确率: 99.98%
类型1 正确率： 100.00% -> 1  100.00%, 2    0.00%, 3    0.00%
类型2 正确率： 100.00% -> 1    0.00%, 2   99.95%, 3    0.05%
类型3 正确率： 100.00% -> 1    0.00%, 2    0.00%, 3  100.00%


测试集任务: (B1)N15_M01_F10→(B3)N15_M07_F04; 总正确率 = 99.98%
类型1 正确率： 100.00% -> 1  100.00%, 2    0.00%, 3    0.00%
类型2 正确率： 100.00% -> 1    0.00%, 2   99.95%, 3    0.05%
类型3 正确率： 100.00% -> 1    0.00%, 2    0.00%, 3  100.00%


