读取源域路径：/kaggle/working/hust/H4/weight_HUST_M1_final_checkpoint_FH4toH4_s2024/NEW_PU/Source-源域/log&pt/(B3)N15_M07_F04
excel输出位置：/kaggle/working/hust/H4/weight_HUST_M1_final_checkpoint_FH4toH4_s2024/NEW_PU/Target-目标域
特征图片输出位置：/kaggle/working/hust/H4/weight_HUST_M1_final_checkpoint_FH4toH4_s2024/NEW_PU/Picture-特征图/2026年09月19日15时46分/(B3)N15_M07_F04
现在选取:(B3)N15_M07_F04 进行训练的源模型
现在进行：(B3)N15_M07_F04→(B1)N15_M01_F10 的迁移任务
log&pt输出位置：/kaggle/working/hust/H4/weight_HUST_M1_final_checkpoint_FH4toH4_s2024/NEW_PU/Target-目标域/log&pt/(B3)N15_M07_F04→(B1)N15_M01_F10
任务: (B3)N15_M07_F04→(B1)N15_M01_F10; 批次:····0/·1880;  总正确率: 99.08%
类型1 正确率： 100.00% -> 1  100.00%, 2    0.00%, 3    0.00%
类型2 正确率： 100.00% -> 1    0.00%, 2  100.00%, 3    0.00%
类型3 正确率：  97.00% -> 1    2.75%, 2    0.00%, 3   97.25%


样本变换：reverse
样本变换：mask
样本变换：shift
样本变换：none
未过滤	未用伪标签：99.08% -> 使用伪标签：91.67%
已过滤	未用伪标签：99.08% -> 使用伪标签：92.22%
排除样本：36|6000	剩余：2464, 2000, 1500
增添样本：1428		细则：0, 464, 964	正确率估算：100.00%
类型1 正确率： 100.00% -> 1  100.00%, 2    0.00%, 3    0.00%
类型2 正确率： 100.00% -> 1    0.00%, 2  100.00%, 3    0.00%
类型3 正确率：  76.00% -> 1   23.63%, 2    0.00%, 3   76.37%

被排除样本 正确率：100.00%
类型1 正确率： 100.00% -> 1  100.00%


轮次:··1/·20 || c_Loss:0.540 || e_Loss:-1.024 || Aad_Loss:-27.661 || 耗时：34.57s
轮次:··2/·20 || c_Loss:0.439 || e_Loss:-0.970 || Aad_Loss:-27.914 || 耗时：12.89s
轮次:··3/·20 || c_Loss:0.418 || e_Loss:-0.902 || Aad_Loss:-29.569 || 耗时：12.81s
轮次:··4/·20 || c_Loss:0.379 || e_Loss:-1.662 || Aad_Loss:-29.017 || 耗时：12.76s
轮次:··5/·20 || c_Loss:0.359 || e_Loss:-0.979 || Aad_Loss:-30.455 || 耗时：12.73s
任务: (B3)N15_M07_F04→(B1)N15_M01_F10; mix批次:····0; 批次:··470/·1880;  总正确率: 89.37%
类型1 正确率： 100.00% -> 1  100.00%, 2    0.00%, 3    0.00%
类型2 正确率： 100.00% -> 1    0.00%, 2  100.00%, 3    0.00%
类型3 正确率：  68.00% -> 1   31.90%, 2    0.00%, 3   68.10%


样本变换：reverse
样本变换：mask
样本变换：shift
样本变换：none
未过滤	未用伪标签：89.37% -> 使用伪标签：89.02%
已过滤	未用伪标签：89.36% -> 使用伪标签：89.03%
排除样本：1|6000	剩余：2658, 2000, 1341
增添样本：1975		细则：0, 658, 1317	正确率估算：100.00%
类型1 正确率： 100.00% -> 1  100.00%, 2    0.00%, 3    0.00%
类型2 正确率： 100.00% -> 1    0.00%, 2  100.00%, 3    0.00%
类型3 正确率：  67.00% -> 1   32.92%, 2    0.00%, 3   67.08%

被排除样本 正确率：100.00%
类型1 正确率： 100.00% -> 1  100.00%


轮次:··6/·20 || c_Loss:0.395 || e_Loss:-0.981 || Aad_Loss:-30.187 || 耗时：34.69s
轮次:··7/·20 || c_Loss:0.375 || e_Loss:-0.992 || Aad_Loss:-31.131 || 耗时：12.88s
轮次:··8/·20 || c_Loss:0.378 || e_Loss:-1.020 || Aad_Loss:-31.298 || 耗时：12.91s
轮次:··9/·20 || c_Loss:0.375 || e_Loss:-0.989 || Aad_Loss:-30.991 || 耗时：12.91s
轮次:·10/·20 || c_Loss:0.376 || e_Loss:-1.013 || Aad_Loss:-31.350 || 耗时：12.90s
任务: (B3)N15_M07_F04→(B1)N15_M01_F10; mix批次:····0; 批次:··940/·1880;  总正确率: 88.90%
类型1 正确率： 100.00% -> 1  100.00%, 2    0.00%, 3    0.00%
类型2 正确率： 100.00% -> 1    0.00%, 2  100.00%, 3    0.00%
类型3 正确率：  67.00% -> 1   33.30%, 2    0.00%, 3   66.70%


样本变换：reverse
样本变换：mask
样本变换：shift
样本变换：none
未过滤	未用伪标签：88.90% -> 使用伪标签：88.90%
已过滤	未用伪标签：88.90% -> 使用伪标签：88.90%
排除样本：2666|6000	剩余：2000, 1334
增添样本：1998		细则：0, 666, 1332	正确率估算：100.00%
类型1 正确率： 100.00% -> 1  100.00%, 2    0.00%, 3    0.00%
类型2 正确率： 100.00% -> 1    0.00%, 2  100.00%, 3    0.00%
类型3 正确率：  67.00% -> 1   33.30%, 2    0.00%, 3   66.70%

被排除样本 正确率：nan%


轮次:·11/·20 || c_Loss:0.376 || e_Loss:-1.014 || Aad_Loss:-31.773 || 耗时：34.71s
轮次:·12/·20 || c_Loss:0.375 || e_Loss:-1.028 || Aad_Loss:-31.588 || 耗时：12.93s
轮次:·13/·20 || c_Loss:0.374 || e_Loss:-1.000 || Aad_Loss:-32.283 || 耗时：12.95s
轮次:·14/·20 || c_Loss:0.374 || e_Loss:-1.012 || Aad_Loss:-31.194 || 耗时：12.96s
轮次:·15/·20 || c_Loss:0.373 || e_Loss:-1.017 || Aad_Loss:-31.743 || 耗时：12.87s
任务: (B3)N15_M07_F04→(B1)N15_M01_F10; mix批次:····0; 批次:·1410/·1880;  总正确率: 88.88%
类型1 正确率： 100.00% -> 1  100.00%, 2    0.00%, 3    0.00%
类型2 正确率： 100.00% -> 1    0.00%, 2  100.00%, 3    0.00%
类型3 正确率：  67.00% -> 1   33.35%, 2    0.00%, 3   66.65%


样本变换：reverse
样本变换：mask
样本变换：shift
样本变换：none
未过滤	未用伪标签：88.88% -> 使用伪标签：88.88%
已过滤	未用伪标签：88.88% -> 使用伪标签：88.88%
排除样本：2667|6000	剩余：2000, 1333
增添样本：2001		细则：0, 667, 1334	正确率估算：100.00%
类型1 正确率： 100.00% -> 1  100.00%, 2    0.00%, 3    0.00%
类型2 正确率： 100.00% -> 1    0.00%, 2  100.00%, 3    0.00%
类型3 正确率：  67.00% -> 1   33.35%, 2    0.00%, 3   66.65%

被排除样本 正确率：nan%


轮次:·16/·20 || c_Loss:0.374 || e_Loss:-1.030 || Aad_Loss:-31.568 || 耗时：34.65s
轮次:·17/·20 || c_Loss:0.375 || e_Loss:-0.988 || Aad_Loss:-32.278 || 耗时：12.91s
轮次:·18/·20 || c_Loss:0.377 || e_Loss:-0.984 || Aad_Loss:-32.724 || 耗时：12.99s
轮次:·19/·20 || c_Loss:0.374 || e_Loss:-1.029 || Aad_Loss:-31.669 || 耗时：12.97s
轮次:·20/·20 || c_Loss:0.373 || e_Loss:-0.975 || Aad_Loss:-32.429 || 耗时：12.91s
任务: (B3)N15_M07_F04→(B1)N15_M01_F10; mix批次:····0; 批次:·1880/·1880;  总正确率: 88.88%
类型1 正确率： 100.00% -> 1  100.00%, 2    0.00%, 3    0.00%
类型2 正确率： 100.00% -> 1    0.00%, 2  100.00%, 3    0.00%
类型3 正确率：  67.00% -> 1   33.35%, 2    0.00%, 3   66.65%


测试集任务: (B3)N15_M07_F04→(B1)N15_M01_F10; 总正确率 = 88.88%
类型1 正确率： 100.00% -> 1  100.00%, 2    0.00%, 3    0.00%
类型2 正确率： 100.00% -> 1    0.00%, 2  100.00%, 3    0.00%
类型3 正确率：  67.00% -> 1   33.35%, 2    0.00%, 3   66.65%


