读取源域路径：/kaggle/working/hust/H4/weight_HUST_M1_final_checkpoint_FH4toH4_s2024/NEW_PU/Source-源域/log&pt/(B2)N15_M07_F10
excel输出位置：/kaggle/working/hust/H4/weight_HUST_M1_final_checkpoint_FH4toH4_s2024/NEW_PU/Target-目标域
特征图片输出位置：/kaggle/working/hust/H4/weight_HUST_M1_final_checkpoint_FH4toH4_s2024/NEW_PU/Picture-特征图/2026年09月19日15时40分/(B2)N15_M07_F10
现在选取:(B2)N15_M07_F10 进行训练的源模型
现在进行：(B2)N15_M07_F10→(B3)N15_M07_F04 的迁移任务
log&pt输出位置：/kaggle/working/hust/H4/weight_HUST_M1_final_checkpoint_FH4toH4_s2024/NEW_PU/Target-目标域/log&pt/(B2)N15_M07_F10→(B3)N15_M07_F04
任务: (B2)N15_M07_F10→(B3)N15_M07_F04; 批次:····0/·1880;  总正确率: 91.45%
类型1 正确率： 100.00% -> 1  100.00%, 2    0.00%, 3    0.00%
类型2 正确率： 100.00% -> 1    0.00%, 2  100.00%, 3    0.00%
类型3 正确率：  74.00% -> 1    0.00%, 2   25.65%, 3   74.35%


样本变换：reverse
样本变换：mask
样本变换：shift
样本变换：none
未过滤	未用伪标签：91.45% -> 使用伪标签：94.27%
已过滤	未用伪标签：92.43% -> 使用伪标签：95.30%
排除样本：65|6000	剩余：2000, 2279, 1656
增添样本：902		细则：279, 0, 623	正确率估算：91.35%
类型1 正确率： 100.00% -> 1  100.00%, 2    0.00%, 3    0.00%
类型2 正确率： 100.00% -> 1    0.00%, 2  100.00%, 3    0.00%
类型3 正确率：  86.00% -> 1    0.00%, 2   14.42%, 3   85.58%

被排除样本 正确率：1.54%
类型1 没有样本或未被分类。
类型2 正确率：   2.00% -> 1   98.46%, 2    1.54%


轮次:··1/·20 || c_Loss:0.501 || e_Loss:-1.031 || Aad_Loss:-28.273 || 耗时：34.27s
轮次:··2/·20 || c_Loss:0.404 || e_Loss:-1.756 || Aad_Loss:-27.731 || 耗时：13.02s
轮次:··3/·20 || c_Loss:0.372 || e_Loss:-0.956 || Aad_Loss:-29.229 || 耗时：12.95s
轮次:··4/·20 || c_Loss:0.379 || e_Loss:-0.888 || Aad_Loss:-28.152 || 耗时：12.87s
轮次:··5/·20 || c_Loss:0.348 || e_Loss:-1.834 || Aad_Loss:-29.637 || 耗时：12.83s
任务: (B2)N15_M07_F10→(B3)N15_M07_F04; mix批次:····0; 批次:··470/·1880;  总正确率: 95.13%
类型1 正确率： 100.00% -> 1  100.00%, 2    0.00%, 3    0.00%
类型2 正确率： 100.00% -> 1    0.00%, 2  100.00%, 3    0.00%
类型3 正确率：  85.00% -> 1    0.00%, 2   14.60%, 3   85.40%


样本变换：reverse
样本变换：mask
样本变换：shift
样本变换：none
未过滤	未用伪标签：95.13% -> 使用伪标签：96.45%
已过滤	未用伪标签：96.03% -> 使用伪标签：97.42%
排除样本：60|6000	剩余：2000, 2153, 1787
增添样本：519		细则：153, 0, 366	正确率估算：96.53%
类型1 正确率： 100.00% -> 1  100.00%, 2    0.00%, 3    0.00%
类型2 正确率： 100.00% -> 1    0.00%, 2  100.00%, 3    0.00%
类型3 正确率：  92.00% -> 1    0.00%, 2    7.89%, 3   92.11%

被排除样本 正确率：6.67%
类型1 没有样本或未被分类。
类型2 正确率：   7.00% -> 1   93.33%, 2    6.67%


轮次:··6/·20 || c_Loss:0.374 || e_Loss:-1.731 || Aad_Loss:-29.270 || 耗时：33.81s
轮次:··7/·20 || c_Loss:0.397 || e_Loss:-1.524 || Aad_Loss:-31.210 || 耗时：12.90s
轮次:··8/·20 || c_Loss:0.388 || e_Loss:-1.751 || Aad_Loss:-29.169 || 耗时：12.92s
轮次:··9/·20 || c_Loss:0.356 || e_Loss:-0.946 || Aad_Loss:-30.319 || 耗时：12.95s
轮次:·10/·20 || c_Loss:0.385 || e_Loss:-0.884 || Aad_Loss:-28.186 || 耗时：12.89s
任务: (B2)N15_M07_F10→(B3)N15_M07_F04; mix批次:····0; 批次:··940/·1880;  总正确率: 96.87%
类型1 正确率： 100.00% -> 1  100.00%, 2    0.00%, 3    0.00%
类型2 正确率： 100.00% -> 1    0.00%, 2  100.00%, 3    0.00%
类型3 正确率：  91.00% -> 1    0.00%, 2    9.40%, 3   90.60%


样本变换：reverse
样本变换：mask
样本变换：shift
样本变换：none
未过滤	未用伪标签：96.87% -> 使用伪标签：98.65%
已过滤	未用伪标签：97.34% -> 使用伪标签：99.13%
排除样本：29|6000	剩余：2000, 2052, 1919
增添样本：185		细则：52, 0, 133	正确率估算：97.84%
类型1 正确率： 100.00% -> 1  100.00%, 2    0.00%, 3    0.00%
类型2 正确率： 100.00% -> 1    0.00%, 2  100.00%, 3    0.00%
类型3 正确率：  97.00% -> 1    0.00%, 2    2.64%, 3   97.36%

被排除样本 正确率：0.00%
类型1 没有样本或未被分类。
类型2 正确率：   0.00% -> 1  100.00%, 2    0.00%


轮次:·11/·20 || c_Loss:0.367 || e_Loss:-0.956 || Aad_Loss:-30.909 || 耗时：33.69s
轮次:·12/·20 || c_Loss:0.360 || e_Loss:-0.936 || Aad_Loss:-31.703 || 耗时：12.85s
轮次:·13/·20 || c_Loss:0.371 || e_Loss:-0.962 || Aad_Loss:-30.081 || 耗时：12.86s
轮次:·14/·20 || c_Loss:0.359 || e_Loss:-0.960 || Aad_Loss:-31.162 || 耗时：12.87s
轮次:·15/·20 || c_Loss:0.394 || e_Loss:-0.931 || Aad_Loss:-32.261 || 耗时：12.87s
任务: (B2)N15_M07_F10→(B3)N15_M07_F04; mix批次:····0; 批次:·1410/·1880;  总正确率: 99.50%
类型1 正确率： 100.00% -> 1  100.00%, 2    0.00%, 3    0.00%
类型2 正确率： 100.00% -> 1    0.00%, 2  100.00%, 3    0.00%
类型3 正确率：  98.00% -> 1    0.00%, 2    1.50%, 3   98.50%


样本变换：reverse
样本变换：mask
样本变换：shift
样本变换：none
未过滤	未用伪标签：99.50% -> 使用伪标签：99.83%
已过滤	未用伪标签：99.58% -> 使用伪标签：99.92%
排除样本：5|6000	剩余：2000, 2005, 1990
增添样本：20		细则：5, 0, 15	正确率估算：100.00%
类型1 正确率： 100.00% -> 1  100.00%, 2    0.00%, 3    0.00%
类型2 正确率： 100.00% -> 1    0.00%, 2  100.00%, 3    0.00%
类型3 正确率： 100.00% -> 1    0.00%, 2    0.25%, 3   99.75%

被排除样本 正确率：0.00%
类型1 没有样本或未被分类。
类型2 正确率：   0.00% -> 1  100.00%, 2    0.00%


轮次:·16/·20 || c_Loss:0.368 || e_Loss:-1.704 || Aad_Loss:-30.972 || 耗时：33.67s
轮次:·17/·20 || c_Loss:0.379 || e_Loss:-0.926 || Aad_Loss:-31.845 || 耗时：12.77s
轮次:·18/·20 || c_Loss:0.373 || e_Loss:-1.019 || Aad_Loss:-31.171 || 耗时：12.76s
轮次:·19/·20 || c_Loss:0.379 || e_Loss:-0.942 || Aad_Loss:-31.928 || 耗时：12.78s
轮次:·20/·20 || c_Loss:0.376 || e_Loss:-1.869 || Aad_Loss:-30.611 || 耗时：12.79s
任务: (B2)N15_M07_F10→(B3)N15_M07_F04; mix批次:····0; 批次:·1880/·1880;  总正确率: 99.97%
类型1 正确率： 100.00% -> 1  100.00%, 2    0.00%, 3    0.00%
类型2 正确率： 100.00% -> 1    0.00%, 2  100.00%, 3    0.00%
类型3 正确率： 100.00% -> 1    0.00%, 2    0.10%, 3   99.90%


测试集任务: (B2)N15_M07_F10→(B3)N15_M07_F04; 总正确率 = 99.97%
类型1 正确率： 100.00% -> 1  100.00%, 2    0.00%, 3    0.00%
类型2 正确率： 100.00% -> 1    0.00%, 2  100.00%, 3    0.00%
类型3 正确率： 100.00% -> 1    0.00%, 2    0.10%, 3   99.90%


