读取源域路径：/kaggle/working/hust/H4/weight_HUST_M1_final_checkpoint_FH4toH4_s2024/NEW_PU/Source-源域/log&pt/(B3)N15_M07_F04
excel输出位置：/kaggle/working/hust/H4/weight_HUST_M1_final_checkpoint_FH4toH4_s2024/NEW_PU/Target-目标域
特征图片输出位置：/kaggle/working/hust/H4/weight_HUST_M1_final_checkpoint_FH4toH4_s2024/NEW_PU/Picture-特征图/2026年09月19日15时52分/(B3)N15_M07_F04
现在选取:(B3)N15_M07_F04 进行训练的源模型
现在进行：(B3)N15_M07_F04→(B2)N15_M07_F10 的迁移任务
log&pt输出位置：/kaggle/working/hust/H4/weight_HUST_M1_final_checkpoint_FH4toH4_s2024/NEW_PU/Target-目标域/log&pt/(B3)N15_M07_F04→(B2)N15_M07_F10
任务: (B3)N15_M07_F04→(B2)N15_M07_F10; 批次:····0/·1880;  总正确率: 99.27%
类型1 正确率： 100.00% -> 1  100.00%, 2    0.00%, 3    0.00%
类型2 正确率：  98.00% -> 1    0.00%, 2   97.80%, 3    2.20%
类型3 正确率： 100.00% -> 1    0.00%, 2    0.00%, 3  100.00%


样本变换：reverse
样本变换：mask
样本变换：shift
样本变换：none
未过滤	未用伪标签：99.27% -> 使用伪标签：99.38%
已过滤	未用伪标签：99.30% -> 使用伪标签：99.42%
排除样本：2|6000	剩余：2000, 1963, 2035
增添样本：107		细则：35, 72, 0	正确率估算：100.00%
类型1 正确率： 100.00% -> 1  100.00%, 2    0.00%, 3    0.00%
类型2 正确率：  98.00% -> 1    0.00%, 2   98.25%, 3    1.75%
类型3 正确率： 100.00% -> 1    0.00%, 2    0.00%, 3  100.00%

被排除样本 正确率：0.00%
类型1 正确率：   0.00% -> 1    0.00%, 2  100.00%
类型2 没有样本或未被分类。


轮次:··1/·20 || c_Loss:0.516 || e_Loss:-1.057 || Aad_Loss:-28.183 || 耗时：33.85s
轮次:··2/·20 || c_Loss:0.421 || e_Loss:-1.028 || Aad_Loss:-30.837 || 耗时：12.94s
轮次:··3/·20 || c_Loss:0.386 || e_Loss:-1.020 || Aad_Loss:-31.310 || 耗时：12.88s
轮次:··4/·20 || c_Loss:0.381 || e_Loss:-0.982 || Aad_Loss:-31.146 || 耗时：12.77s
轮次:··5/·20 || c_Loss:0.394 || e_Loss:-0.977 || Aad_Loss:-29.412 || 耗时：12.76s
任务: (B3)N15_M07_F04→(B2)N15_M07_F10; mix批次:····0; 批次:··470/·1880;  总正确率: 99.63%
类型1 正确率： 100.00% -> 1  100.00%, 2    0.00%, 3    0.00%
类型2 正确率：  99.00% -> 1    0.00%, 2   98.90%, 3    1.10%
类型3 正确率： 100.00% -> 1    0.00%, 2    0.00%, 3  100.00%


样本变换：reverse
样本变换：mask
样本变换：shift
样本变换：none
未过滤	未用伪标签：99.63% -> 使用伪标签：99.53%
已过滤	未用伪标签：99.75% -> 使用伪标签：99.70%
排除样本：10|6000	剩余：2000, 1972, 2018
增添样本：64		细则：18, 46, 0	正确率估算：100.00%
类型1 正确率： 100.00% -> 1  100.00%, 2    0.00%, 3    0.00%
类型2 正确率：  99.00% -> 1    0.00%, 2   99.10%, 3    0.90%
类型3 正确率： 100.00% -> 1    0.00%, 2    0.00%, 3  100.00%

被排除样本 正确率：30.00%
类型1 正确率：  30.00% -> 1   30.00%, 2   70.00%
类型2 没有样本或未被分类。


轮次:··6/·20 || c_Loss:0.369 || e_Loss:-1.025 || Aad_Loss:-31.103 || 耗时：33.65s
轮次:··7/·20 || c_Loss:0.369 || e_Loss:-0.994 || Aad_Loss:-31.081 || 耗时：12.89s
轮次:··8/·20 || c_Loss:0.365 || e_Loss:-0.879 || Aad_Loss:-34.433 || 耗时：12.91s
轮次:··9/·20 || c_Loss:0.366 || e_Loss:-1.021 || Aad_Loss:-31.119 || 耗时：12.89s
轮次:·10/·20 || c_Loss:0.369 || e_Loss:-1.836 || Aad_Loss:-30.695 || 耗时：12.86s
任务: (B3)N15_M07_F04→(B2)N15_M07_F10; mix批次:····0; 批次:··940/·1880;  总正确率: 99.77%
类型1 正确率： 100.00% -> 1  100.00%, 2    0.00%, 3    0.00%
类型2 正确率：  99.00% -> 1    0.00%, 2   99.30%, 3    0.70%
类型3 正确率： 100.00% -> 1    0.00%, 2    0.00%, 3  100.00%


样本变换：reverse
样本变换：mask
样本变换：shift
样本变换：none
未过滤	未用伪标签：99.77% -> 使用伪标签：99.80%
已过滤	未用伪标签：99.87% -> 使用伪标签：99.90%
排除样本：6|6000	剩余：2000, 1988, 2006
增添样本：24		细则：6, 18, 0	正确率估算：100.00%
类型1 正确率： 100.00% -> 1  100.00%, 2    0.00%, 3    0.00%
类型2 正确率： 100.00% -> 1    0.00%, 2   99.70%, 3    0.30%
类型3 正确率： 100.00% -> 1    0.00%, 2    0.00%, 3  100.00%

被排除样本 正确率：0.00%
类型1 正确率：   0.00% -> 1    0.00%, 2  100.00%
类型2 没有样本或未被分类。


轮次:·11/·20 || c_Loss:0.369 || e_Loss:-1.007 || Aad_Loss:-31.575 || 耗时：33.71s
轮次:·12/·20 || c_Loss:0.368 || e_Loss:-0.974 || Aad_Loss:-32.960 || 耗时：12.78s
轮次:·13/·20 || c_Loss:0.371 || e_Loss:-0.942 || Aad_Loss:-31.987 || 耗时：12.82s
轮次:·14/·20 || c_Loss:0.371 || e_Loss:-1.010 || Aad_Loss:-31.333 || 耗时：12.79s
轮次:·15/·20 || c_Loss:0.369 || e_Loss:-0.978 || Aad_Loss:-32.612 || 耗时：12.80s
任务: (B3)N15_M07_F04→(B2)N15_M07_F10; mix批次:····0; 批次:·1410/·1880;  总正确率: 100.00%
类型1 正确率： 100.00% -> 1  100.00%, 2    0.00%, 3    0.00%
类型2 正确率： 100.00% -> 1    0.00%, 2  100.00%, 3    0.00%
类型3 正确率： 100.00% -> 1    0.00%, 2    0.00%, 3  100.00%


样本变换：reverse
样本变换：mask
样本变换：shift
样本变换：none
未过滤	未用伪标签：100.00% -> 使用伪标签：100.00%
已过滤	未用伪标签：100.00% -> 使用伪标签：100.00%
排除样本：2000|6000	剩余：2000, 2000
增添样本：0		细则：0, 0, 0类型1 正确率： 100.00% -> 1  100.00%, 2    0.00%, 3    0.00%
类型2 正确率： 100.00% -> 1    0.00%, 2  100.00%, 3    0.00%
类型3 正确率： 100.00% -> 1    0.00%, 2    0.00%, 3  100.00%

被排除样本 正确率：nan%


轮次:·16/·20 || c_Loss:0.371 || e_Loss:-1.015 || Aad_Loss:-23.850 || 耗时：33.69s
轮次:·17/·20 || c_Loss:0.372 || e_Loss:-0.976 || Aad_Loss:-24.293 || 耗时：12.88s
轮次:·18/·20 || c_Loss:0.375 || e_Loss:-1.017 || Aad_Loss:-23.235 || 耗时：12.90s
轮次:·19/·20 || c_Loss:0.376 || e_Loss:-1.012 || Aad_Loss:-23.585 || 耗时：12.92s
轮次:·20/·20 || c_Loss:0.389 || e_Loss:-0.941 || Aad_Loss:-23.584 || 耗时：12.86s
任务: (B3)N15_M07_F04→(B2)N15_M07_F10; mix批次:····0; 批次:·1880/·1880;  总正确率: 100.00%
类型1 正确率： 100.00% -> 1  100.00%, 2    0.00%, 3    0.00%
类型2 正确率： 100.00% -> 1    0.00%, 2  100.00%, 3    0.00%
类型3 正确率： 100.00% -> 1    0.00%, 2    0.00%, 3  100.00%


测试集任务: (B3)N15_M07_F04→(B2)N15_M07_F10; 总正确率 = 100.00%
类型1 正确率： 100.00% -> 1  100.00%, 2    0.00%, 3    0.00%
类型2 正确率： 100.00% -> 1    0.00%, 2  100.00%, 3    0.00%
类型3 正确率： 100.00% -> 1    0.00%, 2    0.00%, 3  100.00%


