读取源域路径：/kaggle/working/hust/H4/weight_HUST_M1_final_checkpoint_FH4toH4_s2024/NEW_PU/Source-源域/log&pt/(B1)N15_M01_F10
excel输出位置：/kaggle/working/hust/H4/weight_HUST_M1_final_checkpoint_FH4toH4_s2024/NEW_PU/Target-目标域
特征图片输出位置：/kaggle/working/hust/H4/weight_HUST_M1_final_checkpoint_FH4toH4_s2024/NEW_PU/Picture-特征图/2026年09月19日15时22分/(B1)N15_M01_F10
现在选取:(B1)N15_M01_F10 进行训练的源模型
现在进行：(B1)N15_M01_F10→(B2)N15_M07_F10 的迁移任务
log&pt输出位置：/kaggle/working/hust/H4/weight_HUST_M1_final_checkpoint_FH4toH4_s2024/NEW_PU/Target-目标域/log&pt/(B1)N15_M01_F10→(B2)N15_M07_F10
任务: (B1)N15_M01_F10→(B2)N15_M07_F10; 批次:····0/·1880;  总正确率: 97.22%
类型1 正确率： 100.00% -> 1  100.00%, 2    0.00%, 3    0.00%
类型2 正确率：  92.00% -> 1    0.00%, 2   91.65%, 3    8.35%
类型3 正确率： 100.00% -> 1    0.00%, 2    0.00%, 3  100.00%


样本变换：reverse
样本变换：mask
样本变换：shift
样本变换：none
未过滤	未用伪标签：97.22% -> 使用伪标签：98.52%
已过滤	未用伪标签：97.54% -> 使用伪标签：98.86%
排除样本：21|6000	剩余：2000, 1911, 2068
增添样本：225		细则：68, 157, 0	正确率估算：96.44%
类型1 正确率： 100.00% -> 1  100.00%, 2    0.00%, 3    0.00%
类型2 正确率：  97.00% -> 1    0.00%, 2   96.56%, 3    3.44%
类型3 正确率： 100.00% -> 1    0.00%, 2    0.00%, 3  100.00%

被排除样本 正确率：4.76%
类型1 正确率：   5.00% -> 1    4.76%, 2   95.24%
类型2 没有样本或未被分类。


轮次:··1/·20 || c_Loss:0.480 || e_Loss:-1.054 || Aad_Loss:-30.442 || 耗时：34.24s
轮次:··2/·20 || c_Loss:0.398 || e_Loss:-0.951 || Aad_Loss:-29.149 || 耗时：12.95s
轮次:··3/·20 || c_Loss:0.368 || e_Loss:-1.016 || Aad_Loss:-30.710 || 耗时：12.84s
轮次:··4/·20 || c_Loss:0.362 || e_Loss:-1.002 || Aad_Loss:-30.631 || 耗时：12.80s
轮次:··5/·20 || c_Loss:0.359 || e_Loss:-0.982 || Aad_Loss:-30.545 || 耗时：12.77s
任务: (B1)N15_M01_F10→(B2)N15_M07_F10; mix批次:····0; 批次:··470/·1880;  总正确率: 98.95%
类型1 正确率： 100.00% -> 1  100.00%, 2    0.00%, 3    0.00%
类型2 正确率：  97.00% -> 1    0.00%, 2   96.85%, 3    3.15%
类型3 正确率： 100.00% -> 1    0.00%, 2    0.00%, 3  100.00%


样本变换：reverse
样本变换：mask
样本变换：shift
样本变换：none
未过滤	未用伪标签：98.95% -> 使用伪标签：99.07%
已过滤	未用伪标签：99.05% -> 使用伪标签：99.17%
排除样本：6|6000	剩余：2000, 1944, 2050
增添样本：156		细则：50, 106, 0	正确率估算：99.36%
类型1 正确率： 100.00% -> 1  100.00%, 2    0.00%, 3    0.00%
类型2 正确率：  97.00% -> 1    0.00%, 2   97.49%, 3    2.51%
类型3 正确率： 100.00% -> 1    0.00%, 2    0.00%, 3  100.00%

被排除样本 正确率：0.00%
类型1 正确率：   0.00% -> 1    0.00%, 2  100.00%
类型2 没有样本或未被分类。


轮次:··6/·20 || c_Loss:0.367 || e_Loss:-1.009 || Aad_Loss:-30.518 || 耗时：33.79s
轮次:··7/·20 || c_Loss:0.372 || e_Loss:-1.008 || Aad_Loss:-31.408 || 耗时：12.84s
轮次:··8/·20 || c_Loss:0.377 || e_Loss:-0.980 || Aad_Loss:-31.653 || 耗时：12.83s
轮次:··9/·20 || c_Loss:0.383 || e_Loss:-0.978 || Aad_Loss:-30.015 || 耗时：12.81s
轮次:·10/·20 || c_Loss:0.383 || e_Loss:-0.982 || Aad_Loss:-31.424 || 耗时：12.75s
任务: (B1)N15_M01_F10→(B2)N15_M07_F10; mix批次:····0; 批次:··940/·1880;  总正确率: 99.13%
类型1 正确率： 100.00% -> 1  100.00%, 2    0.00%, 3    0.00%
类型2 正确率：  97.00% -> 1    0.00%, 2   97.40%, 3    2.60%
类型3 正确率： 100.00% -> 1    0.00%, 2    0.00%, 3  100.00%


样本变换：reverse
样本变换：mask
样本变换：shift
样本变换：none
未过滤	未用伪标签：99.13% -> 使用伪标签：99.23%
已过滤	未用伪标签：99.15% -> 使用伪标签：99.25%
排除样本：1|6000	剩余：2000, 1954, 2045
增添样本：136		细则：45, 91, 0	正确率估算：100.00%
类型1 正确率： 100.00% -> 1  100.00%, 2    0.00%, 3    0.00%
类型2 正确率：  98.00% -> 1    0.00%, 2   97.75%, 3    2.25%
类型3 正确率： 100.00% -> 1    0.00%, 2    0.00%, 3  100.00%

被排除样本 正确率：0.00%
类型1 正确率：   0.00% -> 1    0.00%, 2  100.00%
类型2 没有样本或未被分类。


轮次:·11/·20 || c_Loss:0.370 || e_Loss:-1.027 || Aad_Loss:-31.226 || 耗时：33.71s
轮次:·12/·20 || c_Loss:0.374 || e_Loss:-1.812 || Aad_Loss:-31.327 || 耗时：12.89s
轮次:·13/·20 || c_Loss:0.374 || e_Loss:-1.022 || Aad_Loss:-31.268 || 耗时：12.90s
轮次:·14/·20 || c_Loss:0.374 || e_Loss:-1.025 || Aad_Loss:-31.241 || 耗时：12.90s
轮次:·15/·20 || c_Loss:0.376 || e_Loss:-1.022 || Aad_Loss:-31.153 || 耗时：12.90s
任务: (B1)N15_M01_F10→(B2)N15_M07_F10; mix批次:····0; 批次:·1410/·1880;  总正确率: 99.27%
类型1 正确率： 100.00% -> 1  100.00%, 2    0.00%, 3    0.00%
类型2 正确率：  98.00% -> 1    0.00%, 2   97.80%, 3    2.20%
类型3 正确率： 100.00% -> 1    0.00%, 2    0.00%, 3  100.00%


样本变换：reverse
样本变换：mask
样本变换：shift
样本变换：none
未过滤	未用伪标签：99.27% -> 使用伪标签：99.28%
已过滤	未用伪标签：99.30% -> 使用伪标签：99.32%
排除样本：2|6000	剩余：2000, 1957, 2041
增添样本：125		细则：41, 84, 0	正确率估算：100.00%
类型1 正确率： 100.00% -> 1  100.00%, 2    0.00%, 3    0.00%
类型2 正确率：  98.00% -> 1    0.00%, 2   97.95%, 3    2.05%
类型3 正确率： 100.00% -> 1    0.00%, 2    0.00%, 3  100.00%

被排除样本 正确率：0.00%
类型1 正确率：   0.00% -> 1    0.00%, 2  100.00%
类型2 没有样本或未被分类。


轮次:·16/·20 || c_Loss:0.381 || e_Loss:-0.995 || Aad_Loss:-31.017 || 耗时：33.85s
轮次:·17/·20 || c_Loss:0.382 || e_Loss:-0.921 || Aad_Loss:-33.052 || 耗时：12.84s
轮次:·18/·20 || c_Loss:0.375 || e_Loss:-1.002 || Aad_Loss:-31.989 || 耗时：12.84s
轮次:·19/·20 || c_Loss:0.384 || e_Loss:-0.997 || Aad_Loss:-31.126 || 耗时：12.83s
轮次:·20/·20 || c_Loss:0.379 || e_Loss:-1.025 || Aad_Loss:-31.210 || 耗时：12.85s
任务: (B1)N15_M01_F10→(B2)N15_M07_F10; mix批次:····0; 批次:·1880/·1880;  总正确率: 99.28%
类型1 正确率： 100.00% -> 1  100.00%, 2    0.00%, 3    0.00%
类型2 正确率：  98.00% -> 1    0.00%, 2   97.85%, 3    2.15%
类型3 正确率： 100.00% -> 1    0.00%, 2    0.00%, 3  100.00%


测试集任务: (B1)N15_M01_F10→(B2)N15_M07_F10; 总正确率 = 99.28%
类型1 正确率： 100.00% -> 1  100.00%, 2    0.00%, 3    0.00%
类型2 正确率：  98.00% -> 1    0.00%, 2   97.85%, 3    2.15%
类型3 正确率： 100.00% -> 1    0.00%, 2    0.00%, 3  100.00%


