读取源域路径：/kaggle/working/m2rep/rep1/weight_PU_M1_final_checkpoint_FBtoA_gatepcv_s2024/NEW_PU/Source-源域/log&pt/(B2)N15_M07_F10
excel输出位置：/kaggle/working/m2rep/rep1/weight_PU_M1_final_checkpoint_FBtoA_gatepcv_s2024/NEW_PU/Target-目标域
特征图片输出位置：/kaggle/working/m2rep/rep1/weight_PU_M1_final_checkpoint_FBtoA_gatepcv_s2024/NEW_PU/Picture-特征图/2026年09月14日17时24分/(B2)N15_M07_F10
现在选取:(B2)N15_M07_F10 进行训练的源模型
现在进行：(B2)N15_M07_F10→(B3)N15_M07_F04 的迁移任务
log&pt输出位置：/kaggle/working/m2rep/rep1/weight_PU_M1_final_checkpoint_FBtoA_gatepcv_s2024/NEW_PU/Target-目标域/log&pt/(B2)N15_M07_F10→(B3)N15_M07_F04
任务: (B2)N15_M07_F10→(B3)N15_M07_F04; 批次:····0/·1880;  总正确率: 50.57%
类型1 正确率： 100.00% -> 1  100.00%, 2    0.00%, 3    0.00%
类型2 正确率：  38.00% -> 1   26.15%, 2   38.50%, 3   35.35%
类型3 正确率：  13.00% -> 1    2.15%, 2   84.65%, 3   13.20%


样本变换：reverse
样本变换：mask
样本变换：shift
样本变换：none
未过滤	未用伪标签：50.57% -> 使用伪标签：54.50%
已过滤	未用伪标签：50.62% -> 使用伪标签：54.85%
排除样本：38|6000	剩余：2644, 1952, 1366
增添样本：2009		细则：0, 726, 1283	正确率估算：72.92%
类型1 正确率： 100.00% -> 1  100.00%, 2    0.00%, 3    0.00%
类型2 正确率：  31.00% -> 1   32.82%, 2   31.14%, 3   36.03%
类型3 正确率：  33.00% -> 1    0.00%, 2   67.05%, 3   32.95%

被排除样本 正确率：42.11%
类型1 正确率：  42.00% -> 1   42.11%, 2   57.89%
类型2 没有样本或未被分类。


轮次:··1/·20 || c_Loss:0.492 || e_Loss:-1.044 || Aad_Loss:-27.997 || 耗时：33.81s
轮次:··2/·20 || c_Loss:0.369 || e_Loss:-0.950 || Aad_Loss:-30.660 || 耗时：12.68s
轮次:··3/·20 || c_Loss:0.357 || e_Loss:-1.613 || Aad_Loss:-30.211 || 耗时：12.58s
轮次:··4/·20 || c_Loss:0.336 || e_Loss:-1.748 || Aad_Loss:-29.861 || 耗时：12.61s
轮次:··5/·20 || c_Loss:0.347 || e_Loss:-0.977 || Aad_Loss:-30.034 || 耗时：12.48s
任务: (B2)N15_M07_F10→(B3)N15_M07_F04; mix批次:····0; 批次:··470/·1880;  总正确率: 55.08%
类型1 正确率： 100.00% -> 1  100.00%, 2    0.00%, 3    0.00%
类型2 正确率：  32.00% -> 1   34.00%, 2   32.25%, 3   33.75%
类型3 正确率：  33.00% -> 1    0.00%, 2   67.00%, 3   33.00%


样本变换：reverse
样本变换：mask
样本变换：shift
样本变换：none
未过滤	未用伪标签：55.08% -> 使用伪标签：55.12%
已过滤	未用伪标签：55.12% -> 使用伪标签：55.17%
排除样本：6|6000	剩余：2680, 1988, 1326
增添样本：2083		细则：0, 726, 1357	正确率估算：99.90%
类型1 正确率： 100.00% -> 1  100.00%, 2    0.00%, 3    0.00%
类型2 正确率：  32.00% -> 1   34.09%, 2   32.48%, 3   33.43%
类型3 正确率：  33.00% -> 1    0.00%, 2   67.03%, 3   32.97%

被排除样本 正确率：16.67%
类型1 正确率：   0.00% -> 1    0.00%, 2  100.00%
类型2 正确率： 100.00% -> 1    0.00%, 2  100.00%


轮次:··6/·20 || c_Loss:0.361 || e_Loss:-0.975 || Aad_Loss:-30.304 || 耗时：33.60s
轮次:··7/·20 || c_Loss:0.358 || e_Loss:-0.990 || Aad_Loss:-30.876 || 耗时：12.66s
轮次:··8/·20 || c_Loss:0.354 || e_Loss:-0.974 || Aad_Loss:-31.762 || 耗时：12.68s
轮次:··9/·20 || c_Loss:0.357 || e_Loss:-0.971 || Aad_Loss:-31.230 || 耗时：12.69s
轮次:·10/·20 || c_Loss:0.359 || e_Loss:-0.973 || Aad_Loss:-31.623 || 耗时：12.64s
任务: (B2)N15_M07_F10→(B3)N15_M07_F04; mix批次:····0; 批次:··940/·1880;  总正确率: 55.05%
类型1 正确率： 100.00% -> 1  100.00%, 2    0.00%, 3    0.00%
类型2 正确率：  32.00% -> 1   34.00%, 2   32.15%, 3   33.85%
类型3 正确率：  33.00% -> 1    0.00%, 2   67.00%, 3   33.00%


样本变换：reverse
样本变换：mask
样本变换：shift
样本变换：none
未过滤	未用伪标签：55.05% -> 使用伪标签：55.12%
已过滤	未用伪标签：55.08% -> 使用伪标签：55.16%
排除样本：5|6000	剩余：2680, 1988, 1327
增添样本：2082		细则：0, 726, 1356	正确率估算：99.90%
类型1 正确率： 100.00% -> 1  100.00%, 2    0.00%, 3    0.00%
类型2 正确率：  32.00% -> 1   34.07%, 2   32.46%, 3   33.47%
类型3 正确率：  33.00% -> 1    0.00%, 2   67.03%, 3   32.97%

被排除样本 正确率：20.00%
类型1 正确率：   0.00% -> 1    0.00%, 2  100.00%
类型2 正确率： 100.00% -> 1    0.00%, 2  100.00%


轮次:·11/·20 || c_Loss:0.364 || e_Loss:-0.973 || Aad_Loss:-30.850 || 耗时：33.51s
轮次:·12/·20 || c_Loss:0.354 || e_Loss:-1.010 || Aad_Loss:-30.605 || 耗时：12.62s
轮次:·13/·20 || c_Loss:0.357 || e_Loss:-1.196 || Aad_Loss:-29.647 || 耗时：12.65s
轮次:·14/·20 || c_Loss:0.377 || e_Loss:-0.967 || Aad_Loss:-30.689 || 耗时：12.71s
轮次:·15/·20 || c_Loss:0.357 || e_Loss:-0.964 || Aad_Loss:-30.967 || 耗时：12.67s
任务: (B2)N15_M07_F10→(B3)N15_M07_F04; mix批次:····0; 批次:·1410/·1880;  总正确率: 55.27%
类型1 正确率： 100.00% -> 1  100.00%, 2    0.00%, 3    0.00%
类型2 正确率：  33.00% -> 1   34.00%, 2   32.80%, 3   33.20%
类型3 正确率：  33.00% -> 1    0.00%, 2   67.00%, 3   33.00%


样本变换：reverse
样本变换：mask
样本变换：shift
样本变换：none
未过滤	未用伪标签：55.27% -> 使用伪标签：55.25%
已过滤	未用伪标签：55.28% -> 使用伪标签：55.28%
排除样本：3|6000	剩余：2680, 1997, 1320
增添样本：2078		细则：0, 717, 1361	正确率估算：99.95%
类型1 正确率： 100.00% -> 1  100.00%, 2    0.00%, 3    0.00%
类型2 正确率：  33.00% -> 1   34.05%, 2   32.85%, 3   33.10%
类型3 正确率：  33.00% -> 1    0.00%, 2   67.05%, 3   32.95%

被排除样本 正确率：33.33%
类型1 正确率：  33.00% -> 1   33.33%, 2   66.67%
类型2 没有样本或未被分类。


轮次:·16/·20 || c_Loss:0.358 || e_Loss:-0.954 || Aad_Loss:-31.859 || 耗时：33.56s
轮次:·17/·20 || c_Loss:0.354 || e_Loss:-0.952 || Aad_Loss:-32.121 || 耗时：12.57s
轮次:·18/·20 || c_Loss:0.357 || e_Loss:-0.980 || Aad_Loss:-31.586 || 耗时：12.62s
轮次:·19/·20 || c_Loss:0.370 || e_Loss:-1.051 || Aad_Loss:-30.289 || 耗时：12.66s
轮次:·20/·20 || c_Loss:0.355 || e_Loss:-0.990 || Aad_Loss:-31.355 || 耗时：12.61s
任务: (B2)N15_M07_F10→(B3)N15_M07_F04; mix批次:····0; 批次:·1880/·1880;  总正确率: 55.28%
类型1 正确率： 100.00% -> 1  100.00%, 2    0.00%, 3    0.00%
类型2 正确率：  33.00% -> 1   34.00%, 2   32.90%, 3   33.10%
类型3 正确率：  33.00% -> 1    0.00%, 2   67.05%, 3   32.95%


测试集任务: (B2)N15_M07_F10→(B3)N15_M07_F04; 总正确率 = 55.28%
类型1 正确率： 100.00% -> 1  100.00%, 2    0.00%, 3    0.00%
类型2 正确率：  33.00% -> 1   34.00%, 2   32.90%, 3   33.10%
类型3 正确率：  33.00% -> 1    0.00%, 2   67.05%, 3   32.95%


