读取源域路径：/kaggle/working/m2rep/rep1/weight_PU_M1_final_checkpoint_FBtoA_gatepcv_s2024/NEW_PU/Source-源域/log&pt/(B1)N15_M01_F10
excel输出位置：/kaggle/working/m2rep/rep1/weight_PU_M1_final_checkpoint_FBtoA_gatepcv_s2024/NEW_PU/Target-目标域
特征图片输出位置：/kaggle/working/m2rep/rep1/weight_PU_M1_final_checkpoint_FBtoA_gatepcv_s2024/NEW_PU/Picture-特征图/2026年09月14日17时12分/(B1)N15_M01_F10
现在选取:(B1)N15_M01_F10 进行训练的源模型
现在进行：(B1)N15_M01_F10→(B3)N15_M07_F04 的迁移任务
log&pt输出位置：/kaggle/working/m2rep/rep1/weight_PU_M1_final_checkpoint_FBtoA_gatepcv_s2024/NEW_PU/Target-目标域/log&pt/(B1)N15_M01_F10→(B3)N15_M07_F04
任务: (B1)N15_M01_F10→(B3)N15_M07_F04; 批次:····0/·1880;  总正确率: 50.40%
类型1 正确率： 100.00% -> 1   99.80%, 2    0.00%, 3    0.20%
类型2 正确率：  39.00% -> 1   24.90%, 2   39.25%, 3   35.85%
类型3 正确率：  12.00% -> 1    0.75%, 2   87.10%, 3   12.15%


样本变换：reverse
样本变换：mask
样本变换：shift
样本变换：none
未过滤	未用伪标签：50.40% -> 使用伪标签：54.78%
已过滤	未用伪标签：50.33% -> 使用伪标签：54.96%
排除样本：19|6000	剩余：2669, 1969, 1343
增添样本：2063		细则：0, 734, 1329	正确率估算：69.70%
类型1 正确率： 100.00% -> 1  100.00%, 2    0.00%, 3    0.00%
类型2 正确率：  32.00% -> 1   33.74%, 2   31.72%, 3   34.54%
类型3 正确率：  33.00% -> 1    0.00%, 2   67.07%, 3   32.93%

被排除样本 正确率：73.68%
类型1 正确率：  82.00% -> 1   82.35%, 2   17.65%
类型2 正确率：   0.00% -> 1  100.00%, 2    0.00%


轮次:··1/·20 || c_Loss:0.514 || e_Loss:-0.966 || Aad_Loss:-27.482 || 耗时：33.75s
轮次:··2/·20 || c_Loss:0.387 || e_Loss:-1.041 || Aad_Loss:-28.799 || 耗时：12.76s
轮次:··3/·20 || c_Loss:0.356 || e_Loss:-0.989 || Aad_Loss:-30.053 || 耗时：12.67s
轮次:··4/·20 || c_Loss:0.349 || e_Loss:-0.968 || Aad_Loss:-30.921 || 耗时：12.59s
轮次:··5/·20 || c_Loss:0.383 || e_Loss:-0.937 || Aad_Loss:-28.804 || 耗时：12.57s
任务: (B1)N15_M01_F10→(B3)N15_M07_F04; mix批次:····0; 批次:··470/·1880;  总正确率: 55.00%
类型1 正确率： 100.00% -> 1  100.00%, 2    0.00%, 3    0.00%
类型2 正确率：  32.00% -> 1   34.00%, 2   32.00%, 3   34.00%
类型3 正确率：  33.00% -> 1    0.00%, 2   67.00%, 3   33.00%


样本变换：reverse
样本变换：mask
样本变换：shift
样本变换：none
未过滤	未用伪标签：55.00% -> 使用伪标签：55.13%
已过滤	未用伪标签：55.04% -> 使用伪标签：55.17%
排除样本：4|6000	剩余：2680, 1990, 1326
增添样本：2080		细则：0, 724, 1356	正确率估算：99.66%
类型1 正确率： 100.00% -> 1  100.00%, 2    0.00%, 3    0.00%
类型2 正确率：  33.00% -> 1   34.07%, 2   32.52%, 3   33.42%
类型3 正确率：  33.00% -> 1    0.00%, 2   67.05%, 3   32.95%

被排除样本 正确率：0.00%
类型1 正确率：   0.00% -> 1    0.00%, 2  100.00%
类型2 没有样本或未被分类。


轮次:··6/·20 || c_Loss:0.354 || e_Loss:-0.983 || Aad_Loss:-30.790 || 耗时：33.55s
轮次:··7/·20 || c_Loss:0.360 || e_Loss:-0.980 || Aad_Loss:-31.200 || 耗时：12.63s
轮次:··8/·20 || c_Loss:0.387 || e_Loss:-1.761 || Aad_Loss:-30.246 || 耗时：12.67s
轮次:··9/·20 || c_Loss:0.375 || e_Loss:-0.844 || Aad_Loss:-33.664 || 耗时：12.71s
轮次:·10/·20 || c_Loss:0.362 || e_Loss:-0.972 || Aad_Loss:-31.485 || 耗时：12.65s
任务: (B1)N15_M01_F10→(B3)N15_M07_F04; mix批次:····0; 批次:··940/·1880;  总正确率: 55.22%
类型1 正确率： 100.00% -> 1  100.00%, 2    0.00%, 3    0.00%
类型2 正确率：  33.00% -> 1   34.00%, 2   32.70%, 3   33.30%
类型3 正确率：  33.00% -> 1    0.00%, 2   67.05%, 3   32.95%


样本变换：reverse
样本变换：mask
样本变换：shift
样本变换：none
未过滤	未用伪标签：55.22% -> 使用伪标签：55.25%
已过滤	未用伪标签：55.26% -> 使用伪标签：55.30%
排除样本：5|6000	剩余：2680, 1997, 1318
增添样本：2079		细则：0, 717, 1362	正确率估算：100.00%
类型1 正确率： 100.00% -> 1  100.00%, 2    0.00%, 3    0.00%
类型2 正确率：  33.00% -> 1   34.09%, 2   32.88%, 3   33.03%
类型3 正确率：  33.00% -> 1    0.00%, 2   67.05%, 3   32.95%

被排除样本 正确率：0.00%
类型1 正确率：   0.00% -> 1    0.00%, 2  100.00%
类型2 没有样本或未被分类。


轮次:·11/·20 || c_Loss:0.360 || e_Loss:-1.010 || Aad_Loss:-31.207 || 耗时：33.52s
轮次:·12/·20 || c_Loss:0.365 || e_Loss:-1.003 || Aad_Loss:-31.170 || 耗时：12.58s
轮次:·13/·20 || c_Loss:0.354 || e_Loss:-0.969 || Aad_Loss:-32.218 || 耗时：12.61s
轮次:·14/·20 || c_Loss:0.357 || e_Loss:-0.986 || Aad_Loss:-31.749 || 耗时：12.65s
轮次:·15/·20 || c_Loss:0.365 || e_Loss:-0.928 || Aad_Loss:-32.558 || 耗时：12.60s
任务: (B1)N15_M01_F10→(B3)N15_M07_F04; mix批次:····0; 批次:·1410/·1880;  总正确率: 55.22%
类型1 正确率： 100.00% -> 1  100.00%, 2    0.00%, 3    0.00%
类型2 正确率：  33.00% -> 1   34.00%, 2   32.70%, 3   33.30%
类型3 正确率：  33.00% -> 1    0.00%, 2   67.05%, 3   32.95%


样本变换：reverse
样本变换：mask
样本变换：shift
样本变换：none
未过滤	未用伪标签：55.22% -> 使用伪标签：55.23%
已过滤	未用伪标签：55.24% -> 使用伪标签：55.27%
排除样本：4|6000	剩余：2680, 1996, 1320
增添样本：2078		细则：0, 718, 1360	正确率估算：99.90%
类型1 正确率： 100.00% -> 1  100.00%, 2    0.00%, 3    0.00%
类型2 正确率：  33.00% -> 1   34.07%, 2   32.82%, 3   33.12%
类型3 正确率：  33.00% -> 1    0.00%, 2   67.05%, 3   32.95%

被排除样本 正确率：25.00%
类型1 正确率：  25.00% -> 1   25.00%, 2   75.00%
类型2 没有样本或未被分类。


轮次:·16/·20 || c_Loss:0.377 || e_Loss:-0.945 || Aad_Loss:-30.807 || 耗时：33.63s
轮次:·17/·20 || c_Loss:0.363 || e_Loss:-0.930 || Aad_Loss:-31.855 || 耗时：12.61s
轮次:·18/·20 || c_Loss:0.360 || e_Loss:-0.986 || Aad_Loss:-31.219 || 耗时：12.61s
轮次:·19/·20 || c_Loss:0.367 || e_Loss:-0.936 || Aad_Loss:-31.653 || 耗时：12.68s
轮次:·20/·20 || c_Loss:0.356 || e_Loss:-1.198 || Aad_Loss:-30.442 || 耗时：12.63s
任务: (B1)N15_M01_F10→(B3)N15_M07_F04; mix批次:····0; 批次:·1880/·1880;  总正确率: 55.22%
类型1 正确率： 100.00% -> 1  100.00%, 2    0.00%, 3    0.00%
类型2 正确率：  33.00% -> 1   34.00%, 2   32.65%, 3   33.35%
类型3 正确率：  33.00% -> 1    0.00%, 2   67.00%, 3   33.00%


测试集任务: (B1)N15_M01_F10→(B3)N15_M07_F04; 总正确率 = 55.22%
类型1 正确率： 100.00% -> 1  100.00%, 2    0.00%, 3    0.00%
类型2 正确率：  33.00% -> 1   34.00%, 2   32.65%, 3   33.35%
类型3 正确率：  33.00% -> 1    0.00%, 2   67.00%, 3   33.00%


