读取源域路径：/kaggle/working/m2rep/rep1/weight_PU_M1_final_checkpoint_FBtoA_gatepcv_s2024/NEW_PU/Source-源域/log&pt/(B2)N15_M07_F10
excel输出位置：/kaggle/working/m2rep/rep1/weight_PU_M1_final_checkpoint_FBtoA_gatepcv_s2024/NEW_PU/Target-目标域
特征图片输出位置：/kaggle/working/m2rep/rep1/weight_PU_M1_final_checkpoint_FBtoA_gatepcv_s2024/NEW_PU/Picture-特征图/2026年09月14日17时18分/(B2)N15_M07_F10
现在选取:(B2)N15_M07_F10 进行训练的源模型
现在进行：(B2)N15_M07_F10→(B1)N15_M01_F10 的迁移任务
log&pt输出位置：/kaggle/working/m2rep/rep1/weight_PU_M1_final_checkpoint_FBtoA_gatepcv_s2024/NEW_PU/Target-目标域/log&pt/(B2)N15_M07_F10→(B1)N15_M01_F10
任务: (B2)N15_M07_F10→(B1)N15_M01_F10; 批次:····0/·1880;  总正确率: 55.52%
类型1 正确率： 100.00% -> 1  100.00%, 2    0.00%, 3    0.00%
类型2 正确率：  34.00% -> 1   32.15%, 2   33.55%, 3   34.30%
类型3 正确率：  33.00% -> 1    0.00%, 2   67.00%, 3   33.00%


样本变换：reverse
样本变换：mask
样本变换：shift
样本变换：none
未过滤	未用伪标签：55.52% -> 使用伪标签：55.23%
已过滤	未用伪标签：55.74% -> 使用伪标签：55.49%
排除样本：28|6000	剩余：2596, 1994, 1382
增添样本：3093		细则：0, 1909, 1184	正确率估算：95.32%
类型1 正确率： 100.00% -> 1  100.00%, 2    0.00%, 3    0.00%
类型2 正确率：  33.00% -> 1   30.22%, 2   33.16%, 3   36.61%
类型3 正确率：  33.00% -> 1    0.00%, 2   67.00%, 3   33.00%

被排除样本 正确率：7.14%
类型1 没有样本或未被分类。
类型2 正确率：   7.00% -> 1    3.57%, 2    7.14%, 3   89.29%
类型3 没有样本或未被分类。


轮次:··1/·20 || c_Loss:0.534 || e_Loss:-0.940 || Aad_Loss:-26.930 || 耗时：33.68s
轮次:··2/·20 || c_Loss:0.406 || e_Loss:-1.812 || Aad_Loss:-23.520 || 耗时：12.73s
轮次:··3/·20 || c_Loss:0.358 || e_Loss:-1.848 || Aad_Loss:-24.257 || 耗时：12.61s
轮次:··4/·20 || c_Loss:0.446 || e_Loss:-1.846 || Aad_Loss:-22.464 || 耗时：12.54s
轮次:··5/·20 || c_Loss:0.345 || e_Loss:-1.782 || Aad_Loss:-28.211 || 耗时：12.58s
任务: (B2)N15_M07_F10→(B1)N15_M01_F10; mix批次:····0; 批次:··470/·1880;  总正确率: 60.88%
类型1 正确率： 100.00% -> 1  100.00%, 2    0.00%, 3    0.00%
类型2 正确率：  33.00% -> 1   34.00%, 2   33.00%, 3   33.00%
类型3 正确率：  50.00% -> 1   15.75%, 2   34.60%, 3   49.65%


样本变换：reverse
样本变换：mask
样本变换：shift
样本变换：none
未过滤	未用伪标签：60.88% -> 使用伪标签：55.27%
已过滤	未用伪标签：60.87% -> 使用伪标签：55.31%
排除样本：5|6000	剩余：2680, 1993, 1322
增添样本：3318		细则：0, 1991, 1327	正确率估算：100.00%
类型1 正确率： 100.00% -> 1  100.00%, 2    0.00%, 3    0.00%
类型2 正确率：  33.00% -> 1   34.03%, 2   32.83%, 3   33.13%
类型3 正确率：  33.00% -> 1    0.00%, 2   66.95%, 3   33.05%

被排除样本 正确率：80.00%
类型1 没有样本或未被分类。
类型2 正确率： 100.00% -> 1    0.00%, 2  100.00%, 3    0.00%
类型3 正确率：  67.00% -> 1   33.33%, 2    0.00%, 3   66.67%


轮次:··6/·20 || c_Loss:0.347 || e_Loss:-1.909 || Aad_Loss:-29.100 || 耗时：33.50s
轮次:··7/·20 || c_Loss:0.348 || e_Loss:-1.808 || Aad_Loss:-30.704 || 耗时：12.68s
轮次:··8/·20 || c_Loss:0.366 || e_Loss:-1.864 || Aad_Loss:-24.475 || 耗时：12.69s
轮次:··9/·20 || c_Loss:0.375 || e_Loss:-1.822 || Aad_Loss:-21.736 || 耗时：12.64s
轮次:·10/·20 || c_Loss:0.365 || e_Loss:-1.819 || Aad_Loss:-25.232 || 耗时：12.63s
任务: (B2)N15_M07_F10→(B1)N15_M01_F10; mix批次:····0; 批次:··940/·1880;  总正确率: 60.47%
类型1 正确率： 100.00% -> 1  100.00%, 2    0.00%, 3    0.00%
类型2 正确率：  33.00% -> 1   34.00%, 2   33.00%, 3   33.00%
类型3 正确率：  48.00% -> 1   12.55%, 2   39.05%, 3   48.40%


样本变换：reverse
样本变换：mask
样本变换：shift
样本变换：none
未过滤	未用伪标签：60.47% -> 使用伪标签：55.32%
已过滤	未用伪标签：60.47% -> 使用伪标签：55.34%
排除样本：2|6000	剩余：2682, 1992, 1324
增添样本：3315		细则：0, 1990, 1325	正确率估算：100.00%
类型1 正确率： 100.00% -> 1  100.00%, 2    0.00%, 3    0.00%
类型2 正确率：  33.00% -> 1   34.02%, 2   32.87%, 3   33.12%
类型3 正确率：  33.00% -> 1    0.10%, 2   66.78%, 3   33.12%

被排除样本 正确率：50.00%
类型1 没有样本或未被分类。
类型2 正确率： 100.00% -> 1    0.00%, 2  100.00%, 3    0.00%
类型3 正确率：   0.00% -> 1  100.00%, 2    0.00%, 3    0.00%


轮次:·11/·20 || c_Loss:0.366 || e_Loss:-1.910 || Aad_Loss:-24.788 || 耗时：33.42s
轮次:·12/·20 || c_Loss:0.363 || e_Loss:-1.884 || Aad_Loss:-24.968 || 耗时：12.65s
轮次:·13/·20 || c_Loss:0.341 || e_Loss:-1.848 || Aad_Loss:-30.041 || 耗时：12.65s
轮次:·14/·20 || c_Loss:0.346 || e_Loss:-1.881 || Aad_Loss:-29.301 || 耗时：12.65s
轮次:·15/·20 || c_Loss:0.352 || e_Loss:-1.783 || Aad_Loss:-25.078 || 耗时：12.68s
任务: (B2)N15_M07_F10→(B1)N15_M01_F10; mix批次:····0; 批次:·1410/·1880;  总正确率: 62.73%
类型1 正确率： 100.00% -> 1  100.00%, 2    0.00%, 3    0.00%
类型2 正确率：  33.00% -> 1   34.00%, 2   33.00%, 3   33.00%
类型3 正确率：  55.00% -> 1   12.10%, 2   32.70%, 3   55.20%


样本变换：reverse
样本变换：mask
样本变换：shift
样本变换：none
未过滤	未用伪标签：62.73% -> 使用伪标签：55.33%
已过滤	未用伪标签：62.75% -> 使用伪标签：55.36%
排除样本：3|6000	剩余：2682, 1990, 1325
增添样本：3314		细则：0, 1990, 1324	正确率估算：100.00%
类型1 正确率： 100.00% -> 1  100.00%, 2    0.00%, 3    0.00%
类型2 正确率：  33.00% -> 1   34.02%, 2   32.87%, 3   33.12%
类型3 正确率：  33.00% -> 1    0.10%, 2   66.72%, 3   33.18%

被排除样本 正确率：33.33%
类型1 没有样本或未被分类。
类型2 正确率： 100.00% -> 1    0.00%, 2  100.00%, 3    0.00%
类型3 正确率：   0.00% -> 1  100.00%, 2    0.00%, 3    0.00%


轮次:·16/·20 || c_Loss:0.363 || e_Loss:-1.906 || Aad_Loss:-24.714 || 耗时：33.72s
轮次:·17/·20 || c_Loss:0.350 || e_Loss:-1.879 || Aad_Loss:-28.690 || 耗时：12.64s
轮次:·18/·20 || c_Loss:0.344 || e_Loss:-1.702 || Aad_Loss:-29.190 || 耗时：12.66s
轮次:·19/·20 || c_Loss:0.347 || e_Loss:-1.708 || Aad_Loss:-29.853 || 耗时：12.67s
轮次:·20/·20 || c_Loss:0.348 || e_Loss:-1.915 || Aad_Loss:-27.653 || 耗时：12.70s
任务: (B2)N15_M07_F10→(B1)N15_M01_F10; mix批次:····0; 批次:·1880/·1880;  总正确率: 61.90%
类型1 正确率： 100.00% -> 1  100.00%, 2    0.00%, 3    0.00%
类型2 正确率：  33.00% -> 1   34.00%, 2   32.95%, 3   33.05%
类型3 正确率：  53.00% -> 1   15.20%, 2   32.05%, 3   52.75%


测试集任务: (B2)N15_M07_F10→(B1)N15_M01_F10; 总正确率 = 61.90%
类型1 正确率： 100.00% -> 1  100.00%, 2    0.00%, 3    0.00%
类型2 正确率：  33.00% -> 1   34.00%, 2   32.95%, 3   33.05%
类型3 正确率：  53.00% -> 1   15.20%, 2   32.05%, 3   52.75%


