读取源域路径：/kaggle/working/k10/S08/weight_PU_M1_final_checkpoint_FS08toS08c_s2024/NEW_PU/Source-源域/log&pt/(B2)N15_M07_F10
excel输出位置：/kaggle/working/k10/S08/weight_PU_M1_final_checkpoint_FS08toS08c_s2024/NEW_PU/Target-目标域
特征图片输出位置：/kaggle/working/k10/S08/weight_PU_M1_final_checkpoint_FS08toS08c_s2024/NEW_PU/Picture-特征图/2026年09月19日09时13分/(B2)N15_M07_F10
现在选取:(B2)N15_M07_F10 进行训练的源模型
现在进行：(B2)N15_M07_F10→(B3)N15_M07_F04 的迁移任务
log&pt输出位置：/kaggle/working/k10/S08/weight_PU_M1_final_checkpoint_FS08toS08c_s2024/NEW_PU/Target-目标域/log&pt/(B2)N15_M07_F10→(B3)N15_M07_F04
任务: (B2)N15_M07_F10→(B3)N15_M07_F04; 批次:····0/·1880;  总正确率: 38.50%
类型1 正确率： 100.00% -> 1  100.00%, 2    0.00%, 3    0.00%
类型2 正确率：  15.00% -> 1    1.30%, 2   15.15%, 3   83.55%
类型3 正确率：   0.00% -> 1    0.00%, 2   99.65%, 3    0.35%


样本变换：reverse
样本变换：mask
样本变换：shift
样本变换：none
未过滤	未用伪标签：38.50% -> 使用伪标签：39.85%
已过滤	未用伪标签：38.67% -> 使用伪标签：40.10%
排除样本：37|6000	剩余：2000, 2391, 1572
增添样本：1210		细则：391, 0, 819	正确率估算：100.00%
类型1 正确率： 100.00% -> 1  100.00%, 2    0.00%, 3    0.00%
类型2 正确率：  20.00% -> 1    0.00%, 2   19.92%, 3   80.08%
类型3 正确率：   0.00% -> 1    0.00%, 2  100.00%, 3    0.00%

被排除样本 正确率：10.81%
类型1 没有样本或未被分类。
类型2 正确率：  11.00% -> 1    5.41%, 2   10.81%, 3   83.78%
类型3 没有样本或未被分类。


轮次:··1/·20 || c_Loss:0.551 || e_Loss:-1.067 || Aad_Loss:-28.570 || 耗时：33.84s
轮次:··2/·20 || c_Loss:0.428 || e_Loss:-1.008 || Aad_Loss:-28.440 || 耗时：13.11s
轮次:··3/·20 || c_Loss:0.388 || e_Loss:-0.927 || Aad_Loss:-32.113 || 耗时：13.05s
轮次:··4/·20 || c_Loss:0.372 || e_Loss:-0.988 || Aad_Loss:-30.338 || 耗时：12.98s
轮次:··5/·20 || c_Loss:0.380 || e_Loss:-0.939 || Aad_Loss:-28.195 || 耗时：12.96s
任务: (B2)N15_M07_F10→(B3)N15_M07_F04; mix批次:····0; 批次:··470/·1880;  总正确率: 39.05%
类型1 正确率： 100.00% -> 1  100.00%, 2    0.00%, 3    0.00%
类型2 正确率：  17.00% -> 1    0.00%, 2   17.15%, 3   82.85%
类型3 正确率：   0.00% -> 1    0.00%, 2  100.00%, 3    0.00%


样本变换：reverse
样本变换：mask
样本变换：shift
样本变换：none
未过滤	未用伪标签：39.05% -> 使用伪标签：38.88%
已过滤	未用伪标签：38.96% -> 使用伪标签：38.95%
排除样本：10|6000	剩余：2000, 2333, 1657
增添样本：1009		细则：333, 0, 676	正确率估算：99.50%
类型1 正确率： 100.00% -> 1  100.00%, 2    0.00%, 3    0.00%
类型2 正确率：  17.00% -> 1    0.00%, 2   16.73%, 3   83.27%
类型3 正确率：   0.00% -> 1    0.00%, 2  100.00%, 3    0.00%

被排除样本 正确率：90.00%
类型1 正确率：  90.00% -> 1   90.00%, 2   10.00%
类型2 没有样本或未被分类。


轮次:··6/·20 || c_Loss:0.384 || e_Loss:-0.965 || Aad_Loss:-31.679 || 耗时：33.67s
轮次:··7/·20 || c_Loss:0.386 || e_Loss:-0.967 || Aad_Loss:-29.428 || 耗时：12.95s
轮次:··8/·20 || c_Loss:0.399 || e_Loss:-0.974 || Aad_Loss:-29.154 || 耗时：13.01s
轮次:··9/·20 || c_Loss:0.397 || e_Loss:-1.691 || Aad_Loss:-29.336 || 耗时：13.03s
轮次:·10/·20 || c_Loss:0.378 || e_Loss:-0.999 || Aad_Loss:-30.982 || 耗时：13.01s
任务: (B2)N15_M07_F10→(B3)N15_M07_F04; mix批次:····0; 批次:··940/·1880;  总正确率: 38.48%
类型1 正确率： 100.00% -> 1  100.00%, 2    0.00%, 3    0.00%
类型2 正确率：  15.00% -> 1    0.00%, 2   15.45%, 3   84.55%
类型3 正确率：   0.00% -> 1    0.00%, 2  100.00%, 3    0.00%


样本变换：reverse
样本变换：mask
样本变换：shift
样本变换：none
未过滤	未用伪标签：38.48% -> 使用伪标签：38.40%
已过滤	未用伪标签：38.47% -> 使用伪标签：38.46%
排除样本：9|6000	剩余：2000, 2304, 1687
增添样本：921		细则：304, 0, 617	正确率估算：100.00%
类型1 正确率： 100.00% -> 1  100.00%, 2    0.00%, 3    0.00%
类型2 正确率：  15.00% -> 1    0.00%, 2   15.27%, 3   84.73%
类型3 正确率：   0.00% -> 1    0.00%, 2  100.00%, 3    0.00%

被排除样本 正确率：44.44%
类型1 正确率：  44.00% -> 1   44.44%, 2   55.56%
类型2 没有样本或未被分类。


轮次:·11/·20 || c_Loss:0.379 || e_Loss:-1.000 || Aad_Loss:-30.397 || 耗时：33.71s
轮次:·12/·20 || c_Loss:0.375 || e_Loss:-0.941 || Aad_Loss:-31.666 || 耗时：12.89s
轮次:·13/·20 || c_Loss:0.384 || e_Loss:-0.966 || Aad_Loss:-31.515 || 耗时：12.86s
轮次:·14/·20 || c_Loss:0.409 || e_Loss:-0.976 || Aad_Loss:-30.654 || 耗时：12.86s
轮次:·15/·20 || c_Loss:0.376 || e_Loss:-1.022 || Aad_Loss:-30.882 || 耗时：12.86s
任务: (B2)N15_M07_F10→(B3)N15_M07_F04; mix批次:····0; 批次:·1410/·1880;  总正确率: 38.42%
类型1 正确率： 100.00% -> 1  100.00%, 2    0.00%, 3    0.00%
类型2 正确率：  15.00% -> 1    0.00%, 2   15.25%, 3   84.75%
类型3 正确率：   0.00% -> 1    0.00%, 2  100.00%, 3    0.00%


样本变换：reverse
样本变换：mask
样本变换：shift
样本变换：none
未过滤	未用伪标签：38.42% -> 使用伪标签：38.38%
已过滤	未用伪标签：38.44% -> 使用伪标签：38.46%
排除样本：12|6000	剩余：2000, 2303, 1685
增添样本：921		细则：303, 0, 618	正确率估算：100.00%
类型1 正确率： 100.00% -> 1  100.00%, 2    0.00%, 3    0.00%
类型2 正确率：  15.00% -> 1    0.00%, 2   15.24%, 3   84.76%
类型3 正确率：   0.00% -> 1    0.00%, 2  100.00%, 3    0.00%

被排除样本 正确率：25.00%
类型1 正确率：  25.00% -> 1   25.00%, 2   75.00%
类型2 没有样本或未被分类。


轮次:·16/·20 || c_Loss:0.379 || e_Loss:-1.002 || Aad_Loss:-30.673 || 耗时：33.60s
轮次:·17/·20 || c_Loss:0.374 || e_Loss:-0.942 || Aad_Loss:-31.856 || 耗时：12.92s
轮次:·18/·20 || c_Loss:0.383 || e_Loss:-0.967 || Aad_Loss:-31.741 || 耗时：12.95s
轮次:·19/·20 || c_Loss:0.408 || e_Loss:-0.974 || Aad_Loss:-30.675 || 耗时：12.97s
轮次:·20/·20 || c_Loss:0.374 || e_Loss:-1.013 || Aad_Loss:-30.651 || 耗时：12.97s
任务: (B2)N15_M07_F10→(B3)N15_M07_F04; mix批次:····0; 批次:·1880/·1880;  总正确率: 38.47%
类型1 正确率： 100.00% -> 1  100.00%, 2    0.00%, 3    0.00%
类型2 正确率：  15.00% -> 1    0.00%, 2   15.40%, 3   84.60%
类型3 正确率：   0.00% -> 1    0.00%, 2  100.00%, 3    0.00%


测试集任务: (B2)N15_M07_F10→(B3)N15_M07_F04; 总正确率 = 38.47%
类型1 正确率： 100.00% -> 1  100.00%, 2    0.00%, 3    0.00%
类型2 正确率：  15.00% -> 1    0.00%, 2   15.40%, 3   84.60%
类型3 正确率：   0.00% -> 1    0.00%, 2  100.00%, 3    0.00%


