读取源域路径：/kaggle/working/k10/S08/weight_PU_M1_final_checkpoint_FS08toS08c_s2024/NEW_PU/Source-源域/log&pt/(B3)N15_M07_F04
excel输出位置：/kaggle/working/k10/S08/weight_PU_M1_final_checkpoint_FS08toS08c_s2024/NEW_PU/Target-目标域
特征图片输出位置：/kaggle/working/k10/S08/weight_PU_M1_final_checkpoint_FS08toS08c_s2024/NEW_PU/Picture-特征图/2026年09月19日09时25分/(B3)N15_M07_F04
现在选取:(B3)N15_M07_F04 进行训练的源模型
现在进行：(B3)N15_M07_F04→(B2)N15_M07_F10 的迁移任务
log&pt输出位置：/kaggle/working/k10/S08/weight_PU_M1_final_checkpoint_FS08toS08c_s2024/NEW_PU/Target-目标域/log&pt/(B3)N15_M07_F04→(B2)N15_M07_F10
任务: (B3)N15_M07_F04→(B2)N15_M07_F10; 批次:····0/·1880;  总正确率: 42.55%
类型1 正确率： 100.00% -> 1  100.00%, 2    0.00%, 3    0.00%
类型2 正确率：  28.00% -> 1    0.00%, 2   27.65%, 3   72.35%
类型3 正确率：   0.00% -> 1    0.00%, 2  100.00%, 3    0.00%


样本变换：reverse
样本变换：mask
样本变换：shift
样本变换：none
未过滤	未用伪标签：42.55% -> 使用伪标签：42.12%
已过滤	未用伪标签：42.55% -> 使用伪标签：42.57%
排除样本：64|6000	剩余：2000, 2527, 1409
增添样本：1645		细则：527, 0, 1118	正确率估算：98.66%
类型1 正确率： 100.00% -> 1  100.00%, 2    0.00%, 3    0.00%
类型2 正确率：  27.00% -> 1    0.00%, 2   27.22%, 3   72.78%
类型3 正确率：   0.00% -> 1    0.00%, 2  100.00%, 3    0.00%

被排除样本 正确率：42.19%
类型1 正确率：  42.00% -> 1   42.19%, 2   57.81%
类型2 没有样本或未被分类。


轮次:··1/·20 || c_Loss:0.555 || e_Loss:-1.498 || Aad_Loss:-27.483 || 耗时：34.30s
轮次:··2/·20 || c_Loss:0.456 || e_Loss:-0.884 || Aad_Loss:-29.837 || 耗时：13.11s
轮次:··3/·20 || c_Loss:0.407 || e_Loss:-1.744 || Aad_Loss:-27.471 || 耗时：13.03s
轮次:··4/·20 || c_Loss:0.407 || e_Loss:-0.865 || Aad_Loss:-28.219 || 耗时：12.95s
轮次:··5/·20 || c_Loss:0.434 || e_Loss:-1.644 || Aad_Loss:-28.611 || 耗时：12.97s
任务: (B3)N15_M07_F04→(B2)N15_M07_F10; mix批次:····0; 批次:··470/·1880;  总正确率: 39.73%
类型1 正确率： 100.00% -> 1  100.00%, 2    0.00%, 3    0.00%
类型2 正确率：  19.00% -> 1    0.00%, 2   19.20%, 3   80.80%
类型3 正确率：   0.00% -> 1    0.00%, 2  100.00%, 3    0.00%


样本变换：reverse
样本变换：mask
样本变换：shift
样本变换：none
未过滤	未用伪标签：39.73% -> 使用伪标签：36.93%
已过滤	未用伪标签：39.41% -> 使用伪标签：37.14%
排除样本：34|6000	剩余：2000, 2216, 1750
增添样本：682		细则：216, 0, 466	正确率估算：95.60%
类型1 正确率： 100.00% -> 1  100.00%, 2    0.00%, 3    0.00%
类型2 正确率：  11.00% -> 1    0.00%, 2   10.99%, 3   89.01%
类型3 正确率：   0.00% -> 1    0.00%, 2  100.00%, 3    0.00%

被排除样本 正确率：97.06%
类型1 正确率：  97.00% -> 1   97.06%, 2    2.94%
类型2 没有样本或未被分类。


轮次:··6/·20 || c_Loss:0.360 || e_Loss:-0.917 || Aad_Loss:-30.091 || 耗时：33.63s
轮次:··7/·20 || c_Loss:0.401 || e_Loss:-0.892 || Aad_Loss:-28.879 || 耗时：13.04s
轮次:··8/·20 || c_Loss:0.378 || e_Loss:-0.955 || Aad_Loss:-29.602 || 耗时：13.04s
轮次:··9/·20 || c_Loss:0.368 || e_Loss:-0.944 || Aad_Loss:-30.856 || 耗时：13.00s
轮次:·10/·20 || c_Loss:0.392 || e_Loss:-0.951 || Aad_Loss:-28.579 || 耗时：13.03s
任务: (B3)N15_M07_F04→(B2)N15_M07_F10; mix批次:····0; 批次:··940/·1880;  总正确率: 35.45%
类型1 正确率： 100.00% -> 1  100.00%, 2    0.00%, 3    0.00%
类型2 正确率：   6.00% -> 1    0.00%, 2    6.35%, 3   93.65%
类型3 正确率：   0.00% -> 1    0.00%, 2  100.00%, 3    0.00%


样本变换：reverse
样本变换：mask
样本变换：shift
样本变换：none
未过滤	未用伪标签：35.45% -> 使用伪标签：34.50%
已过滤	未用伪标签：35.31% -> 使用伪标签：34.57%
排除样本：13|6000	剩余：2000, 2070, 1917
增添样本：223		细则：70, 0, 153	正确率估算：97.76%
类型1 正确率： 100.00% -> 1  100.00%, 2    0.00%, 3    0.00%
类型2 正确率：   4.00% -> 1    0.00%, 2    3.52%, 3   96.48%
类型3 正确率：   0.00% -> 1    0.00%, 2  100.00%, 3    0.00%

被排除样本 正确率：100.00%
类型1 正确率： 100.00% -> 1  100.00%


轮次:·11/·20 || c_Loss:0.370 || e_Loss:-0.959 || Aad_Loss:-31.087 || 耗时：33.34s
轮次:·12/·20 || c_Loss:0.393 || e_Loss:-0.975 || Aad_Loss:-30.584 || 耗时：12.96s
轮次:·13/·20 || c_Loss:0.381 || e_Loss:-0.983 || Aad_Loss:-30.492 || 耗时：12.99s
轮次:·14/·20 || c_Loss:0.369 || e_Loss:-1.004 || Aad_Loss:-30.134 || 耗时：12.98s
轮次:·15/·20 || c_Loss:0.386 || e_Loss:-0.964 || Aad_Loss:-30.783 || 耗时：12.98s
任务: (B3)N15_M07_F04→(B2)N15_M07_F10; mix批次:····0; 批次:·1410/·1880;  总正确率: 33.95%
类型1 正确率： 100.00% -> 1  100.00%, 2    0.00%, 3    0.00%
类型2 正确率：   2.00% -> 1    0.00%, 2    1.85%, 3   98.15%
类型3 正确率：   0.00% -> 1    0.00%, 2  100.00%, 3    0.00%


样本变换：reverse
样本变换：mask
样本变换：shift
样本变换：none
未过滤	未用伪标签：33.95% -> 使用伪标签：33.80%
已过滤	未用伪标签：33.91% -> 使用伪标签：33.82%
排除样本：4|6000	剩余：2000, 2028, 1968
增添样本：88		细则：28, 0, 60	正确率估算：100.00%
类型1 正确率： 100.00% -> 1  100.00%, 2    0.00%, 3    0.00%
类型2 正确率：   1.00% -> 1    0.00%, 2    1.40%, 3   98.60%
类型3 正确率：   0.00% -> 1    0.00%, 2  100.00%, 3    0.00%

被排除样本 正确率：100.00%
类型1 正确率： 100.00% -> 1  100.00%


轮次:·16/·20 || c_Loss:0.381 || e_Loss:-0.935 || Aad_Loss:-32.534 || 耗时：33.36s
轮次:·17/·20 || c_Loss:0.372 || e_Loss:-0.992 || Aad_Loss:-31.518 || 耗时：12.96s
轮次:·18/·20 || c_Loss:0.380 || e_Loss:-0.967 || Aad_Loss:-31.880 || 耗时：12.98s
轮次:·19/·20 || c_Loss:0.379 || e_Loss:-1.003 || Aad_Loss:-30.310 || 耗时：12.96s
轮次:·20/·20 || c_Loss:0.395 || e_Loss:-0.986 || Aad_Loss:-29.973 || 耗时：12.95s
任务: (B3)N15_M07_F04→(B2)N15_M07_F10; mix批次:····0; 批次:·1880/·1880;  总正确率: 33.47%
类型1 正确率： 100.00% -> 1  100.00%, 2    0.00%, 3    0.00%
类型2 正确率：   0.00% -> 1    0.00%, 2    0.40%, 3   99.60%
类型3 正确率：   0.00% -> 1    0.00%, 2  100.00%, 3    0.00%


测试集任务: (B3)N15_M07_F04→(B2)N15_M07_F10; 总正确率 = 33.47%
类型1 正确率： 100.00% -> 1  100.00%, 2    0.00%, 3    0.00%
类型2 正确率：   0.00% -> 1    0.00%, 2    0.40%, 3   99.60%
类型3 正确率：   0.00% -> 1    0.00%, 2  100.00%, 3    0.00%


