读取源域路径：/kaggle/working/k10/S08/weight_PU_M1_final_checkpoint_FS08toS08c_s2024/NEW_PU/Source-源域/log&pt/(B1)N15_M01_F10
excel输出位置：/kaggle/working/k10/S08/weight_PU_M1_final_checkpoint_FS08toS08c_s2024/NEW_PU/Target-目标域
特征图片输出位置：/kaggle/working/k10/S08/weight_PU_M1_final_checkpoint_FS08toS08c_s2024/NEW_PU/Picture-特征图/2026年09月19日09时01分/(B1)N15_M01_F10
现在选取:(B1)N15_M01_F10 进行训练的源模型
现在进行：(B1)N15_M01_F10→(B3)N15_M07_F04 的迁移任务
log&pt输出位置：/kaggle/working/k10/S08/weight_PU_M1_final_checkpoint_FS08toS08c_s2024/NEW_PU/Target-目标域/log&pt/(B1)N15_M01_F10→(B3)N15_M07_F04
任务: (B1)N15_M01_F10→(B3)N15_M07_F04; 批次:····0/·1880;  总正确率: 40.92%
类型1 正确率： 100.00% -> 1  100.00%, 2    0.00%, 3    0.00%
类型2 正确率：   7.00% -> 1    3.60%, 2    7.15%, 3   89.25%
类型3 正确率：  16.00% -> 1    6.80%, 2   77.60%, 3   15.60%


样本变换：reverse
样本变换：mask
样本变换：shift
样本变换：none
未过滤	未用伪标签：40.92% -> 使用伪标签：39.05%
已过滤	未用伪标签：40.88% -> 使用伪标签：39.33%
排除样本：43|6000	剩余：2000, 2342, 1615
增添样本：1069		细则：342, 0, 727	正确率估算：99.81%
类型1 正确率： 100.00% -> 1  100.00%, 2    0.00%, 3    0.00%
类型2 正确率：  18.00% -> 1    0.00%, 2   17.52%, 3   82.48%
类型3 正确率：   0.00% -> 1    0.00%, 2  100.00%, 3    0.00%

被排除样本 正确率：46.51%
类型1 没有样本或未被分类。
类型2 正确率：  45.00% -> 1    4.76%, 2   45.24%, 3   50.00%
类型3 正确率： 100.00% -> 1    0.00%, 2    0.00%, 3  100.00%


轮次:··1/·20 || c_Loss:0.569 || e_Loss:-1.062 || Aad_Loss:-28.435 || 耗时：33.98s
轮次:··2/·20 || c_Loss:0.420 || e_Loss:-0.976 || Aad_Loss:-28.463 || 耗时：13.12s
轮次:··3/·20 || c_Loss:0.366 || e_Loss:-1.747 || Aad_Loss:-29.091 || 耗时：13.02s
轮次:··4/·20 || c_Loss:0.356 || e_Loss:-0.964 || Aad_Loss:-30.550 || 耗时：12.94s
轮次:··5/·20 || c_Loss:0.385 || e_Loss:-1.715 || Aad_Loss:-28.177 || 耗时：12.89s
任务: (B1)N15_M01_F10→(B3)N15_M07_F04; mix批次:····0; 批次:··470/·1880;  总正确率: 38.97%
类型1 正确率： 100.00% -> 1  100.00%, 2    0.00%, 3    0.00%
类型2 正确率：  17.00% -> 1    0.00%, 2   16.90%, 3   83.10%
类型3 正确率：   0.00% -> 1    0.00%, 2  100.00%, 3    0.00%


样本变换：reverse
样本变换：mask
样本变换：shift
样本变换：none
未过滤	未用伪标签：38.97% -> 使用伪标签：38.63%
已过滤	未用伪标签：38.94% -> 使用伪标签：38.69%
排除样本：9|6000	剩余：2000, 2318, 1673
增添样本：963		细则：318, 0, 645	正确率估算：99.69%
类型1 正确率： 100.00% -> 1  100.00%, 2    0.00%, 3    0.00%
类型2 正确率：  16.00% -> 1    0.00%, 2   15.97%, 3   84.03%
类型3 正确率：   0.00% -> 1    0.00%, 2  100.00%, 3    0.00%

被排除样本 正确率：55.56%
类型1 正确率：  56.00% -> 1   55.56%, 2   44.44%
类型2 没有样本或未被分类。


轮次:··6/·20 || c_Loss:0.402 || e_Loss:-0.928 || Aad_Loss:-28.202 || 耗时：33.63s
轮次:··7/·20 || c_Loss:0.417 || e_Loss:-0.787 || Aad_Loss:-33.702 || 耗时：13.01s
轮次:··8/·20 || c_Loss:0.385 || e_Loss:-0.973 || Aad_Loss:-30.830 || 耗时：13.03s
轮次:··9/·20 || c_Loss:0.375 || e_Loss:-0.974 || Aad_Loss:-31.858 || 耗时：13.08s
轮次:·10/·20 || c_Loss:0.376 || e_Loss:-0.989 || Aad_Loss:-30.601 || 耗时：13.03s
任务: (B1)N15_M01_F10→(B3)N15_M07_F04; mix批次:····0; 批次:··940/·1880;  总正确率: 38.32%
类型1 正确率： 100.00% -> 1  100.00%, 2    0.00%, 3    0.00%
类型2 正确率：  15.00% -> 1    0.00%, 2   14.95%, 3   85.05%
类型3 正确率：   0.00% -> 1    0.00%, 2  100.00%, 3    0.00%


样本变换：reverse
样本变换：mask
样本变换：shift
样本变换：none
未过滤	未用伪标签：38.32% -> 使用伪标签：38.18%
已过滤	未用伪标签：38.27% -> 使用伪标签：38.23%
排除样本：8|6000	剩余：2000, 2289, 1703
增添样本：875		细则：289, 0, 586	正确率估算：99.89%
类型1 正确率： 100.00% -> 1  100.00%, 2    0.00%, 3    0.00%
类型2 正确率：  15.00% -> 1    0.00%, 2   14.56%, 3   85.44%
类型3 正确率：   0.00% -> 1    0.00%, 2   99.95%, 3    0.05%

被排除样本 正确率：75.00%
类型1 正确率：  75.00% -> 1   75.00%, 2   25.00%
类型2 没有样本或未被分类。


轮次:·11/·20 || c_Loss:0.392 || e_Loss:-0.987 || Aad_Loss:-29.777 || 耗时：33.64s
轮次:·12/·20 || c_Loss:0.389 || e_Loss:-0.971 || Aad_Loss:-30.401 || 耗时：12.93s
轮次:·13/·20 || c_Loss:0.387 || e_Loss:-0.951 || Aad_Loss:-29.312 || 耗时：12.91s
轮次:·14/·20 || c_Loss:0.386 || e_Loss:-0.980 || Aad_Loss:-30.549 || 耗时：12.91s
轮次:·15/·20 || c_Loss:0.387 || e_Loss:-0.989 || Aad_Loss:-29.950 || 耗时：12.94s
任务: (B1)N15_M01_F10→(B3)N15_M07_F04; mix批次:····0; 批次:·1410/·1880;  总正确率: 37.88%
类型1 正确率： 100.00% -> 1  100.00%, 2    0.00%, 3    0.00%
类型2 正确率：  14.00% -> 1    0.00%, 2   13.60%, 3   86.40%
类型3 正确率：   0.00% -> 1    0.00%, 2   99.95%, 3    0.05%


样本变换：reverse
样本变换：mask
样本变换：shift
样本变换：none
未过滤	未用伪标签：37.88% -> 使用伪标签：37.98%
已过滤	未用伪标签：37.88% -> 使用伪标签：38.03%
排除样本：7|6000	剩余：2000, 2276, 1717
增添样本：835		细则：276, 0, 559	正确率估算：100.00%
类型1 正确率： 100.00% -> 1  100.00%, 2    0.00%, 3    0.00%
类型2 正确率：  14.00% -> 1    0.00%, 2   13.94%, 3   86.06%
类型3 正确率：   0.00% -> 1    0.00%, 2   99.95%, 3    0.05%

被排除样本 正确率：42.86%
类型1 正确率：  50.00% -> 1   50.00%, 2   50.00%
类型2 正确率：   0.00% -> 1  100.00%, 2    0.00%


轮次:·16/·20 || c_Loss:0.385 || e_Loss:-0.978 || Aad_Loss:-30.898 || 耗时：33.68s
轮次:·17/·20 || c_Loss:0.386 || e_Loss:-0.977 || Aad_Loss:-30.345 || 耗时：13.01s
轮次:·18/·20 || c_Loss:0.392 || e_Loss:-0.981 || Aad_Loss:-30.049 || 耗时：13.01s
轮次:·19/·20 || c_Loss:0.389 || e_Loss:-0.994 || Aad_Loss:-30.383 || 耗时：13.03s
轮次:·20/·20 || c_Loss:0.374 || e_Loss:-0.955 || Aad_Loss:-32.534 || 耗时：13.03s
任务: (B1)N15_M01_F10→(B3)N15_M07_F04; mix批次:····0; 批次:·1880/·1880;  总正确率: 37.88%
类型1 正确率： 100.00% -> 1  100.00%, 2    0.00%, 3    0.00%
类型2 正确率：  14.00% -> 1    0.00%, 2   13.60%, 3   86.40%
类型3 正确率：   0.00% -> 1    0.00%, 2   99.95%, 3    0.05%


测试集任务: (B1)N15_M01_F10→(B3)N15_M07_F04; 总正确率 = 37.88%
类型1 正确率： 100.00% -> 1  100.00%, 2    0.00%, 3    0.00%
类型2 正确率：  14.00% -> 1    0.00%, 2   13.60%, 3   86.40%
类型3 正确率：   0.00% -> 1    0.00%, 2   99.95%, 3    0.05%


