读取源域路径：/kaggle/working/k10/S08/weight_PU_M1_final_checkpoint_FS08toS08c_s2024/NEW_PU/Source-源域/log&pt/(B2)N15_M07_F10
excel输出位置：/kaggle/working/k10/S08/weight_PU_M1_final_checkpoint_FS08toS08c_s2024/NEW_PU/Target-目标域
特征图片输出位置：/kaggle/working/k10/S08/weight_PU_M1_final_checkpoint_FS08toS08c_s2024/NEW_PU/Picture-特征图/2026年09月19日09时07分/(B2)N15_M07_F10
现在选取:(B2)N15_M07_F10 进行训练的源模型
现在进行：(B2)N15_M07_F10→(B1)N15_M01_F10 的迁移任务
log&pt输出位置：/kaggle/working/k10/S08/weight_PU_M1_final_checkpoint_FS08toS08c_s2024/NEW_PU/Target-目标域/log&pt/(B2)N15_M07_F10→(B1)N15_M01_F10
任务: (B2)N15_M07_F10→(B1)N15_M01_F10; 批次:····0/·1880;  总正确率: 38.72%
类型1 正确率： 100.00% -> 1  100.00%, 2    0.00%, 3    0.00%
类型2 正确率：  16.00% -> 1    2.25%, 2   16.15%, 3   81.60%
类型3 正确率：   0.00% -> 1    0.00%, 2  100.00%, 3    0.00%


样本变换：reverse
样本变换：mask
样本变换：shift
样本变换：none
未过滤	未用伪标签：38.72% -> 使用伪标签：40.03%
已过滤	未用伪标签：38.93% -> 使用伪标签：40.27%
排除样本：36|6000	剩余：2002, 2402, 1560
增添样本：1242		细则：400, 0, 842	正确率估算：99.36%
类型1 正确率： 100.00% -> 1  100.00%, 2    0.00%, 3    0.00%
类型2 正确率：  20.00% -> 1    0.10%, 2   20.47%, 3   79.43%
类型3 正确率：   0.00% -> 1    0.00%, 2  100.00%, 3    0.00%

被排除样本 正确率：2.78%
类型1 没有样本或未被分类。
类型2 正确率：   3.00% -> 1   16.67%, 2    2.78%, 3   80.56%
类型3 没有样本或未被分类。


轮次:··1/·20 || c_Loss:0.572 || e_Loss:-1.482 || Aad_Loss:-27.758 || 耗时：33.96s
轮次:··2/·20 || c_Loss:0.410 || e_Loss:-1.749 || Aad_Loss:-29.600 || 耗时：13.14s
轮次:··3/·20 || c_Loss:0.439 || e_Loss:-0.942 || Aad_Loss:-28.901 || 耗时：13.00s
轮次:··4/·20 || c_Loss:0.388 || e_Loss:-0.950 || Aad_Loss:-28.127 || 耗时：12.89s
轮次:··5/·20 || c_Loss:0.387 || e_Loss:-0.955 || Aad_Loss:-29.069 || 耗时：12.84s
任务: (B2)N15_M07_F10→(B1)N15_M01_F10; mix批次:····0; 批次:··470/·1880;  总正确率: 39.92%
类型1 正确率： 100.00% -> 1  100.00%, 2    0.00%, 3    0.00%
类型2 正确率：  20.00% -> 1    0.00%, 2   19.75%, 3   80.25%
类型3 正确率：   0.00% -> 1    0.00%, 2  100.00%, 3    0.00%


样本变换：reverse
样本变换：mask
样本变换：shift
样本变换：none
未过滤	未用伪标签：39.92% -> 使用伪标签：40.43%
已过滤	未用伪标签：39.99% -> 使用伪标签：40.56%
排除样本：19|6000	剩余：2000, 2426, 1555
增添样本：1297		细则：426, 0, 871	正确率估算：100.00%
类型1 正确率： 100.00% -> 1  100.00%, 2    0.00%, 3    0.00%
类型2 正确率：  22.00% -> 1    0.00%, 2   21.50%, 3   78.50%
类型3 正确率：   0.00% -> 1    0.00%, 2  100.00%, 3    0.00%

被排除样本 正确率：15.79%
类型1 正确率：  16.00% -> 1   15.79%, 2   84.21%
类型2 没有样本或未被分类。


轮次:··6/·20 || c_Loss:0.378 || e_Loss:-0.933 || Aad_Loss:-31.533 || 耗时：33.75s
轮次:··7/·20 || c_Loss:0.406 || e_Loss:-0.937 || Aad_Loss:-28.737 || 耗时：13.00s
轮次:··8/·20 || c_Loss:0.383 || e_Loss:-0.973 || Aad_Loss:-31.112 || 耗时：13.02s
轮次:··9/·20 || c_Loss:0.374 || e_Loss:-0.988 || Aad_Loss:-30.243 || 耗时：13.02s
轮次:·10/·20 || c_Loss:0.391 || e_Loss:-0.970 || Aad_Loss:-29.804 || 耗时：13.05s
任务: (B2)N15_M07_F10→(B1)N15_M01_F10; mix批次:····0; 批次:··940/·1880;  总正确率: 40.35%
类型1 正确率： 100.00% -> 1  100.00%, 2    0.00%, 3    0.00%
类型2 正确率：  21.00% -> 1    0.00%, 2   21.05%, 3   78.95%
类型3 正确率：   0.00% -> 1    0.00%, 2  100.00%, 3    0.00%


样本变换：reverse
样本变换：mask
样本变换：shift
样本变换：none
未过滤	未用伪标签：40.35% -> 使用伪标签：40.88%
已过滤	未用伪标签：40.41% -> 使用伪标签：40.96%
排除样本：11|6000	剩余：2000, 2453, 1536
增添样本：1370		细则：453, 0, 917	正确率估算：100.00%
类型1 正确率： 100.00% -> 1  100.00%, 2    0.00%, 3    0.00%
类型2 正确率：  23.00% -> 1    0.00%, 2   22.78%, 3   77.22%
类型3 正确率：   0.00% -> 1    0.00%, 2  100.00%, 3    0.00%

被排除样本 正确率：9.09%
类型1 正确率：   9.00% -> 1    9.09%, 2   90.91%
类型2 没有样本或未被分类。


轮次:·11/·20 || c_Loss:0.389 || e_Loss:-0.968 || Aad_Loss:-29.376 || 耗时：33.85s
轮次:·12/·20 || c_Loss:0.391 || e_Loss:-0.985 || Aad_Loss:-30.391 || 耗时：12.87s
轮次:·13/·20 || c_Loss:0.384 || e_Loss:-0.956 || Aad_Loss:-31.737 || 耗时：12.90s
轮次:·14/·20 || c_Loss:0.389 || e_Loss:-0.980 || Aad_Loss:-29.801 || 耗时：12.90s
轮次:·15/·20 || c_Loss:0.412 || e_Loss:-0.916 || Aad_Loss:-28.745 || 耗时：12.90s
任务: (B2)N15_M07_F10→(B1)N15_M01_F10; mix批次:····0; 批次:·1410/·1880;  总正确率: 40.87%
类型1 正确率： 100.00% -> 1  100.00%, 2    0.00%, 3    0.00%
类型2 正确率：  23.00% -> 1    0.00%, 2   22.60%, 3   77.40%
类型3 正确率：   0.00% -> 1    0.00%, 2  100.00%, 3    0.00%


样本变换：reverse
样本变换：mask
样本变换：shift
样本变换：none
未过滤	未用伪标签：40.87% -> 使用伪标签：41.03%
已过滤	未用伪标签：40.93% -> 使用伪标签：41.12%
排除样本：12|6000	剩余：2000, 2462, 1526
增添样本：1398		细则：462, 0, 936	正确率估算：100.00%
类型1 正确率： 100.00% -> 1  100.00%, 2    0.00%, 3    0.00%
类型2 正确率：  23.00% -> 1    0.00%, 2   23.24%, 3   76.76%
类型3 正确率：   0.00% -> 1    0.00%, 2  100.00%, 3    0.00%

被排除样本 正确率：8.33%
类型1 正确率：   8.00% -> 1    8.33%, 2   91.67%
类型2 没有样本或未被分类。


轮次:·16/·20 || c_Loss:0.390 || e_Loss:-0.968 || Aad_Loss:-30.056 || 耗时：34.12s
轮次:·17/·20 || c_Loss:0.405 || e_Loss:-0.965 || Aad_Loss:-30.467 || 耗时：12.99s
轮次:·18/·20 || c_Loss:0.395 || e_Loss:-0.968 || Aad_Loss:-29.570 || 耗时：13.02s
轮次:·19/·20 || c_Loss:0.379 || e_Loss:-0.956 || Aad_Loss:-32.867 || 耗时：13.02s
轮次:·20/·20 || c_Loss:0.398 || e_Loss:-0.957 || Aad_Loss:-30.900 || 耗时：13.02s
任务: (B2)N15_M07_F10→(B1)N15_M01_F10; mix批次:····0; 批次:·1880/·1880;  总正确率: 40.98%
类型1 正确率： 100.00% -> 1  100.00%, 2    0.00%, 3    0.00%
类型2 正确率：  23.00% -> 1    0.00%, 2   22.95%, 3   77.05%
类型3 正确率：   0.00% -> 1    0.00%, 2  100.00%, 3    0.00%


测试集任务: (B2)N15_M07_F10→(B1)N15_M01_F10; 总正确率 = 40.98%
类型1 正确率： 100.00% -> 1  100.00%, 2    0.00%, 3    0.00%
类型2 正确率：  23.00% -> 1    0.00%, 2   22.95%, 3   77.05%
类型3 正确率：   0.00% -> 1    0.00%, 2  100.00%, 3    0.00%


