读取源域路径：/kaggle/working/k10/S08/weight_PU_M1_final_checkpoint_FS08toS08c_s2024/NEW_PU/Source-源域/log&pt/(B3)N15_M07_F04
excel输出位置：/kaggle/working/k10/S08/weight_PU_M1_final_checkpoint_FS08toS08c_s2024/NEW_PU/Target-目标域
特征图片输出位置：/kaggle/working/k10/S08/weight_PU_M1_final_checkpoint_FS08toS08c_s2024/NEW_PU/Picture-特征图/2026年09月19日09时19分/(B3)N15_M07_F04
现在选取:(B3)N15_M07_F04 进行训练的源模型
现在进行：(B3)N15_M07_F04→(B1)N15_M01_F10 的迁移任务
log&pt输出位置：/kaggle/working/k10/S08/weight_PU_M1_final_checkpoint_FS08toS08c_s2024/NEW_PU/Target-目标域/log&pt/(B3)N15_M07_F04→(B1)N15_M01_F10
任务: (B3)N15_M07_F04→(B1)N15_M01_F10; 批次:····0/·1880;  总正确率: 44.18%
类型1 正确率： 100.00% -> 1  100.00%, 2    0.00%, 3    0.00%
类型2 正确率：  33.00% -> 1    0.35%, 2   32.55%, 3   67.10%
类型3 正确率：   0.00% -> 1    0.00%, 2  100.00%, 3    0.00%


样本变换：reverse
样本变换：mask
样本变换：shift
样本变换：none
未过滤	未用伪标签：44.18% -> 使用伪标签：44.20%
已过滤	未用伪标签：44.20% -> 使用伪标签：44.42%
排除样本：30|6000	剩余：2000, 2652, 1318
增添样本：1986		细则：652, 0, 1334	正确率估算：99.70%
类型1 正确率： 100.00% -> 1  100.00%, 2    0.00%, 3    0.00%
类型2 正确率：  33.00% -> 1    0.00%, 2   33.10%, 3   66.90%
类型3 正确率：   0.00% -> 1    0.00%, 2  100.00%, 3    0.00%

被排除样本 正确率：40.00%
类型1 没有样本或未被分类。
类型2 正确率：  40.00% -> 1    3.33%, 2   40.00%, 3   56.67%
类型3 没有样本或未被分类。


轮次:··1/·20 || c_Loss:0.600 || e_Loss:-1.002 || Aad_Loss:-25.894 || 耗时：34.23s
轮次:··2/·20 || c_Loss:0.456 || e_Loss:-0.904 || Aad_Loss:-30.564 || 耗时：13.13s
轮次:··3/·20 || c_Loss:0.388 || e_Loss:-0.971 || Aad_Loss:-29.543 || 耗时：13.01s
轮次:··4/·20 || c_Loss:0.390 || e_Loss:-0.986 || Aad_Loss:-29.093 || 耗时：12.96s
轮次:··5/·20 || c_Loss:0.390 || e_Loss:-1.797 || Aad_Loss:-29.079 || 耗时：12.96s
任务: (B3)N15_M07_F04→(B1)N15_M01_F10; mix批次:····0; 批次:··470/·1880;  总正确率: 43.38%
类型1 正确率： 100.00% -> 1  100.00%, 2    0.00%, 3    0.00%
类型2 正确率：  30.00% -> 1    0.00%, 2   30.15%, 3   69.85%
类型3 正确率：   0.00% -> 1    0.00%, 2  100.00%, 3    0.00%


样本变换：reverse
样本变换：mask
样本变换：shift
样本变换：none
未过滤	未用伪标签：43.38% -> 使用伪标签：43.08%
已过滤	未用伪标签：43.28% -> 使用伪标签：43.24%
排除样本：22|6000	剩余：2000, 2585, 1393
增添样本：1777		细则：585, 0, 1192	正确率估算：99.83%
类型1 正确率： 100.00% -> 1  100.00%, 2    0.00%, 3    0.00%
类型2 正确率：  30.00% -> 1    0.00%, 2   29.58%, 3   70.42%
类型3 正确率：   0.00% -> 1    0.00%, 2  100.00%, 3    0.00%

被排除样本 正确率：72.73%
类型1 正确率：  73.00% -> 1   72.73%, 2   27.27%
类型2 没有样本或未被分类。


轮次:··6/·20 || c_Loss:0.385 || e_Loss:-0.968 || Aad_Loss:-29.260 || 耗时：33.99s
轮次:··7/·20 || c_Loss:0.387 || e_Loss:-0.970 || Aad_Loss:-29.988 || 耗时：13.00s
轮次:··8/·20 || c_Loss:0.397 || e_Loss:-0.948 || Aad_Loss:-29.330 || 耗时：13.01s
轮次:··9/·20 || c_Loss:0.381 || e_Loss:-0.931 || Aad_Loss:-30.408 || 耗时：13.04s
轮次:·10/·20 || c_Loss:0.409 || e_Loss:-0.914 || Aad_Loss:-31.446 || 耗时：13.11s
任务: (B3)N15_M07_F04→(B1)N15_M01_F10; mix批次:····0; 批次:··940/·1880;  总正确率: 42.63%
类型1 正确率： 100.00% -> 1  100.00%, 2    0.00%, 3    0.00%
类型2 正确率：  28.00% -> 1    0.00%, 2   27.90%, 3   72.10%
类型3 正确率：   0.00% -> 1    0.00%, 2  100.00%, 3    0.00%


样本变换：reverse
样本变换：mask
样本变换：shift
样本变换：none
未过滤	未用伪标签：42.63% -> 使用伪标签：42.70%
已过滤	未用伪标签：42.64% -> 使用伪标签：42.82%
排除样本：17|6000	剩余：2000, 2562, 1421
增添样本：1703		细则：562, 0, 1141	正确率估算：99.82%
类型1 正确率： 100.00% -> 1  100.00%, 2    0.00%, 3    0.00%
类型2 正确率：  28.00% -> 1    0.00%, 2   28.34%, 3   71.66%
类型3 正确率：   0.00% -> 1    0.00%, 2  100.00%, 3    0.00%

被排除样本 正确率：41.18%
类型1 正确率：  41.00% -> 1   41.18%, 2   58.82%
类型2 没有样本或未被分类。


轮次:·11/·20 || c_Loss:0.377 || e_Loss:-0.994 || Aad_Loss:-30.186 || 耗时：34.12s
轮次:·12/·20 || c_Loss:0.412 || e_Loss:-0.933 || Aad_Loss:-28.301 || 耗时：12.93s
轮次:·13/·20 || c_Loss:0.379 || e_Loss:-0.978 || Aad_Loss:-30.568 || 耗时：12.93s
轮次:·14/·20 || c_Loss:0.400 || e_Loss:-0.953 || Aad_Loss:-29.461 || 耗时：12.93s
轮次:·15/·20 || c_Loss:0.396 || e_Loss:-1.817 || Aad_Loss:-28.923 || 耗时：13.02s
任务: (B3)N15_M07_F04→(B1)N15_M01_F10; mix批次:····0; 批次:·1410/·1880;  总正确率: 42.30%
类型1 正确率： 100.00% -> 1  100.00%, 2    0.00%, 3    0.00%
类型2 正确率：  27.00% -> 1    0.00%, 2   26.90%, 3   73.10%
类型3 正确率：   0.00% -> 1    0.00%, 2  100.00%, 3    0.00%


样本变换：reverse
样本变换：mask
样本变换：shift
样本变换：none
未过滤	未用伪标签：42.30% -> 使用伪标签：42.07%
已过滤	未用伪标签：42.23% -> 使用伪标签：42.21%
排除样本：21|6000	剩余：2000, 2524, 1455
增添样本：1593		细则：524, 0, 1069	正确率估算：99.75%
类型1 正确率： 100.00% -> 1  100.00%, 2    0.00%, 3    0.00%
类型2 正确率：  26.00% -> 1    0.00%, 2   26.48%, 3   73.52%
类型3 正确率：   0.00% -> 1    0.00%, 2  100.00%, 3    0.00%

被排除样本 正确率：61.90%
类型1 正确率：  62.00% -> 1   61.90%, 2   38.10%
类型2 没有样本或未被分类。


轮次:·16/·20 || c_Loss:0.388 || e_Loss:-0.971 || Aad_Loss:-31.018 || 耗时：33.95s
轮次:·17/·20 || c_Loss:0.376 || e_Loss:-0.978 || Aad_Loss:-30.965 || 耗时：13.00s
轮次:·18/·20 || c_Loss:0.385 || e_Loss:-0.978 || Aad_Loss:-31.090 || 耗时：13.00s
轮次:·19/·20 || c_Loss:0.409 || e_Loss:-1.184 || Aad_Loss:-30.632 || 耗时：13.01s
轮次:·20/·20 || c_Loss:0.371 || e_Loss:-1.013 || Aad_Loss:-31.035 || 耗时：13.05s
任务: (B3)N15_M07_F04→(B1)N15_M01_F10; mix批次:····0; 批次:·1880/·1880;  总正确率: 41.73%
类型1 正确率： 100.00% -> 1  100.00%, 2    0.00%, 3    0.00%
类型2 正确率：  25.00% -> 1    0.00%, 2   25.20%, 3   74.80%
类型3 正确率：   0.00% -> 1    0.00%, 2  100.00%, 3    0.00%


测试集任务: (B3)N15_M07_F04→(B1)N15_M01_F10; 总正确率 = 41.73%
类型1 正确率： 100.00% -> 1  100.00%, 2    0.00%, 3    0.00%
类型2 正确率：  25.00% -> 1    0.00%, 2   25.20%, 3   74.80%
类型3 正确率：   0.00% -> 1    0.00%, 2  100.00%, 3    0.00%


