读取源域路径：/kaggle/working/k10/S08/weight_PU_M1_final_checkpoint_FS08toS08c_s2024/NEW_PU/Source-源域/log&pt/(B1)N15_M01_F10
excel输出位置：/kaggle/working/k10/S08/weight_PU_M1_final_checkpoint_FS08toS08c_s2024/NEW_PU/Target-目标域
特征图片输出位置：/kaggle/working/k10/S08/weight_PU_M1_final_checkpoint_FS08toS08c_s2024/NEW_PU/Picture-特征图/2026年09月19日08时55分/(B1)N15_M01_F10
现在选取:(B1)N15_M01_F10 进行训练的源模型
现在进行：(B1)N15_M01_F10→(B2)N15_M07_F10 的迁移任务
log&pt输出位置：/kaggle/working/k10/S08/weight_PU_M1_final_checkpoint_FS08toS08c_s2024/NEW_PU/Target-目标域/log&pt/(B1)N15_M01_F10→(B2)N15_M07_F10
任务: (B1)N15_M01_F10→(B2)N15_M07_F10; 批次:····0/·1880;  总正确率: 36.93%
类型1 正确率： 100.00% -> 1  100.00%, 2    0.00%, 3    0.00%
类型2 正确率：  11.00% -> 1    0.00%, 2   10.80%, 3   89.20%
类型3 正确率：   0.00% -> 1    0.00%, 2  100.00%, 3    0.00%


样本变换：reverse
样本变换：mask
样本变换：shift
样本变换：none
未过滤	未用伪标签：36.93% -> 使用伪标签：36.00%
已过滤	未用伪标签：36.72% -> 使用伪标签：36.41%
排除样本：68|6000	剩余：2000, 2160, 1772
增添样本：548		细则：160, 0, 388	正确率估算：97.26%
类型1 正确率： 100.00% -> 1  100.00%, 2    0.00%, 3    0.00%
类型2 正确率：   8.00% -> 1    0.00%, 2    8.28%, 3   91.72%
类型3 正确率：   0.00% -> 1    0.00%, 2  100.00%, 3    0.00%

被排除样本 正确率：55.88%
类型1 正确率：  56.00% -> 1   55.88%, 2   44.12%
类型2 没有样本或未被分类。


轮次:··1/·20 || c_Loss:0.587 || e_Loss:-1.686 || Aad_Loss:-26.117 || 耗时：34.25s
轮次:··2/·20 || c_Loss:0.431 || e_Loss:-1.674 || Aad_Loss:-28.788 || 耗时：13.29s
轮次:··3/·20 || c_Loss:0.417 || e_Loss:-0.881 || Aad_Loss:-29.222 || 耗时：13.20s
轮次:··4/·20 || c_Loss:0.403 || e_Loss:-0.885 || Aad_Loss:-27.201 || 耗时：12.90s
轮次:··5/·20 || c_Loss:0.399 || e_Loss:-1.799 || Aad_Loss:-28.437 || 耗时：12.80s
任务: (B1)N15_M01_F10→(B2)N15_M07_F10; mix批次:····0; 批次:··470/·1880;  总正确率: 34.95%
类型1 正确率： 100.00% -> 1  100.00%, 2    0.00%, 3    0.00%
类型2 正确率：   5.00% -> 1    0.00%, 2    4.85%, 3   95.15%
类型3 正确率：   0.00% -> 1    0.00%, 2  100.00%, 3    0.00%


样本变换：reverse
样本变换：mask
样本变换：shift
样本变换：none
未过滤	未用伪标签：34.95% -> 使用伪标签：33.50%
已过滤	未用伪标签：34.90% -> 使用伪标签：33.53%
排除样本：5|6000	剩余：2000, 2010, 1985
增添样本：35		细则：10, 0, 25	正确率估算：97.14%
类型1 正确率： 100.00% -> 1  100.00%, 2    0.00%, 3    0.00%
类型2 正确率：   1.00% -> 1    0.00%, 2    0.50%, 3   99.50%
类型3 正确率：   0.00% -> 1    0.00%, 2  100.00%, 3    0.00%

被排除样本 正确率：100.00%
类型1 正确率： 100.00% -> 1  100.00%


轮次:··6/·20 || c_Loss:0.368 || e_Loss:-0.967 || Aad_Loss:-31.179 || 耗时：33.03s
轮次:··7/·20 || c_Loss:0.378 || e_Loss:-1.006 || Aad_Loss:-30.868 || 耗时：13.04s
轮次:··8/·20 || c_Loss:0.370 || e_Loss:-1.004 || Aad_Loss:-30.932 || 耗时：13.03s
轮次:··9/·20 || c_Loss:0.380 || e_Loss:-0.973 || Aad_Loss:-31.738 || 耗时：12.98s
轮次:·10/·20 || c_Loss:0.383 || e_Loss:-0.987 || Aad_Loss:-30.787 || 耗时：12.93s
任务: (B1)N15_M01_F10→(B2)N15_M07_F10; mix批次:····0; 批次:··940/·1880;  总正确率: 33.33%
类型1 正确率： 100.00% -> 1  100.00%, 2    0.00%, 3    0.00%
类型2 正确率：   0.00% -> 1    0.00%, 2    0.00%, 3  100.00%
类型3 正确率：   0.00% -> 1    0.00%, 2  100.00%, 3    0.00%


样本变换：reverse
样本变换：mask
样本变换：shift
样本变换：none
未过滤	未用伪标签：33.33% -> 使用伪标签：33.33%
已过滤	未用伪标签：33.33% -> 使用伪标签：33.33%
排除样本：2000|6000	剩余：2000, 2000
增添样本：0		细则：0, 0, 0类型1 正确率： 100.00% -> 1  100.00%, 2    0.00%, 3    0.00%
类型2 正确率：   0.00% -> 1    0.00%, 2    0.00%, 3  100.00%
类型3 正确率：   0.00% -> 1    0.00%, 2  100.00%, 3    0.00%

被排除样本 正确率：nan%


轮次:·11/·20 || c_Loss:0.386 || e_Loss:-0.997 || Aad_Loss:-23.360 || 耗时：33.04s
轮次:·12/·20 || c_Loss:0.381 || e_Loss:-0.977 || Aad_Loss:-23.961 || 耗时：13.02s
轮次:·13/·20 || c_Loss:0.388 || e_Loss:-1.018 || Aad_Loss:-23.199 || 耗时：13.05s
轮次:·14/·20 || c_Loss:0.386 || e_Loss:-0.977 || Aad_Loss:-23.055 || 耗时：13.03s
轮次:·15/·20 || c_Loss:0.386 || e_Loss:-0.959 || Aad_Loss:-23.095 || 耗时：13.00s
任务: (B1)N15_M01_F10→(B2)N15_M07_F10; mix批次:····0; 批次:·1410/·1880;  总正确率: 33.33%
类型1 正确率： 100.00% -> 1  100.00%, 2    0.00%, 3    0.00%
类型2 正确率：   0.00% -> 1    0.00%, 2    0.00%, 3  100.00%
类型3 正确率：   0.00% -> 1    0.00%, 2  100.00%, 3    0.00%


样本变换：reverse
样本变换：mask
样本变换：shift
样本变换：none
未过滤	未用伪标签：33.33% -> 使用伪标签：33.33%
已过滤	未用伪标签：33.33% -> 使用伪标签：33.33%
排除样本：2000|6000	剩余：2000, 2000
增添样本：0		细则：0, 0, 0类型1 正确率： 100.00% -> 1  100.00%, 2    0.00%, 3    0.00%
类型2 正确率：   0.00% -> 1    0.00%, 2    0.00%, 3  100.00%
类型3 正确率：   0.00% -> 1    0.00%, 2  100.00%, 3    0.00%

被排除样本 正确率：nan%


轮次:·16/·20 || c_Loss:0.387 || e_Loss:-1.003 || Aad_Loss:-23.518 || 耗时：33.22s
轮次:·17/·20 || c_Loss:0.382 || e_Loss:-0.979 || Aad_Loss:-24.050 || 耗时：12.98s
轮次:·18/·20 || c_Loss:0.388 || e_Loss:-1.019 || Aad_Loss:-23.342 || 耗时：13.01s
轮次:·19/·20 || c_Loss:0.386 || e_Loss:-0.980 || Aad_Loss:-23.241 || 耗时：13.02s
轮次:·20/·20 || c_Loss:0.386 || e_Loss:-0.961 || Aad_Loss:-23.302 || 耗时：13.02s
任务: (B1)N15_M01_F10→(B2)N15_M07_F10; mix批次:····0; 批次:·1880/·1880;  总正确率: 33.33%
类型1 正确率： 100.00% -> 1  100.00%, 2    0.00%, 3    0.00%
类型2 正确率：   0.00% -> 1    0.00%, 2    0.00%, 3  100.00%
类型3 正确率：   0.00% -> 1    0.00%, 2  100.00%, 3    0.00%


测试集任务: (B1)N15_M01_F10→(B2)N15_M07_F10; 总正确率 = 33.33%
类型1 正确率： 100.00% -> 1  100.00%, 2    0.00%, 3    0.00%
类型2 正确率：   0.00% -> 1    0.00%, 2    0.00%, 3  100.00%
类型3 正确率：   0.00% -> 1    0.00%, 2  100.00%, 3    0.00%


