读取源域路径：/kaggle/working/k10/S01/weight_PU_M1_final_checkpoint_FS01toS01c_s2024/NEW_PU/Source-源域/log&pt/(B3)N15_M07_F04
excel输出位置：/kaggle/working/k10/S01/weight_PU_M1_final_checkpoint_FS01toS01c_s2024/NEW_PU/Target-目标域
特征图片输出位置：/kaggle/working/k10/S01/weight_PU_M1_final_checkpoint_FS01toS01c_s2024/NEW_PU/Picture-特征图/2026年09月16日02时17分/(B3)N15_M07_F04
现在选取:(B3)N15_M07_F04 进行训练的源模型
现在进行：(B3)N15_M07_F04→(B1)N15_M01_F10 的迁移任务
log&pt输出位置：/kaggle/working/k10/S01/weight_PU_M1_final_checkpoint_FS01toS01c_s2024/NEW_PU/Target-目标域/log&pt/(B3)N15_M07_F04→(B1)N15_M01_F10
任务: (B3)N15_M07_F04→(B1)N15_M01_F10; 批次:····0/·1880;  总正确率: 49.40%
类型1 正确率： 100.00% -> 1  100.00%, 2    0.00%, 3    0.00%
类型2 正确率：  48.00% -> 1    2.85%, 2   48.20%, 3   48.95%
类型3 正确率：   0.00% -> 1    0.00%, 2  100.00%, 3    0.00%


样本变换：reverse
样本变换：mask
样本变换：shift
样本变换：none
未过滤	未用伪标签：49.40% -> 使用伪标签：49.98%
已过滤	未用伪标签：49.45% -> 使用伪标签：50.31%
排除样本：39|6000	剩余：2000, 2999, 962
增添样本：3036		细则：999, 0, 2037	正确率估算：98.93%
类型1 正确率： 100.00% -> 1  100.00%, 2    0.00%, 3    0.00%
类型2 正确率：  51.00% -> 1    0.00%, 2   50.94%, 3   49.06%
类型3 正确率：   0.00% -> 1    0.00%, 2  100.00%, 3    0.00%

被排除样本 正确率：41.03%
类型1 没有样本或未被分类。
类型2 正确率：  41.00% -> 1   12.82%, 2   41.03%, 3   46.15%
类型3 没有样本或未被分类。


轮次:··1/·20 || c_Loss:0.517 || e_Loss:-1.639 || Aad_Loss:-26.648 || 耗时：33.12s
轮次:··2/·20 || c_Loss:0.463 || e_Loss:-1.708 || Aad_Loss:-25.476 || 耗时：12.39s
轮次:··3/·20 || c_Loss:0.432 || e_Loss:-0.893 || Aad_Loss:-28.276 || 耗时：12.41s
轮次:··4/·20 || c_Loss:0.395 || e_Loss:-0.893 || Aad_Loss:-31.189 || 耗时：12.40s
轮次:··5/·20 || c_Loss:0.395 || e_Loss:-0.918 || Aad_Loss:-30.674 || 耗时：12.50s
任务: (B3)N15_M07_F04→(B1)N15_M01_F10; mix批次:····0; 批次:··470/·1880;  总正确率: 47.42%
类型1 正确率： 100.00% -> 1  100.00%, 2    0.00%, 3    0.00%
类型2 正确率：  42.00% -> 1    0.00%, 2   42.25%, 3   57.75%
类型3 正确率：   0.00% -> 1    0.00%, 2  100.00%, 3    0.00%


样本变换：reverse
样本变换：mask
样本变换：shift
样本变换：none
未过滤	未用伪标签：47.42% -> 使用伪标签：51.03%
已过滤	未用伪标签：47.62% -> 使用伪标签：51.26%
排除样本：26|6000	剩余：2000, 3062, 912
增添样本：3212		细则：1062, 0, 2150	正确率估算：100.00%
类型1 正确率： 100.00% -> 1  100.00%, 2    0.00%, 3    0.00%
类型2 正确率：  54.00% -> 1    0.00%, 2   53.80%, 3   46.20%
类型3 正确率：   0.00% -> 1    0.00%, 2  100.00%, 3    0.00%

被排除样本 正确率：0.00%
类型1 正确率：   0.00% -> 1    0.00%, 2  100.00%
类型2 没有样本或未被分类。


轮次:··6/·20 || c_Loss:0.396 || e_Loss:-0.945 || Aad_Loss:-28.224 || 耗时：33.26s
轮次:··7/·20 || c_Loss:0.408 || e_Loss:-0.843 || Aad_Loss:-33.410 || 耗时：12.42s
轮次:··8/·20 || c_Loss:0.391 || e_Loss:-0.927 || Aad_Loss:-32.720 || 耗时：12.44s
轮次:··9/·20 || c_Loss:0.388 || e_Loss:-0.955 || Aad_Loss:-29.765 || 耗时：12.43s
轮次:·10/·20 || c_Loss:0.381 || e_Loss:-0.904 || Aad_Loss:-34.065 || 耗时：12.51s
任务: (B3)N15_M07_F04→(B1)N15_M01_F10; mix批次:····0; 批次:··940/·1880;  总正确率: 51.12%
类型1 正确率： 100.00% -> 1  100.00%, 2    0.00%, 3    0.00%
类型2 正确率：  53.00% -> 1    0.00%, 2   53.35%, 3   46.65%
类型3 正确率：   0.00% -> 1    0.00%, 2  100.00%, 3    0.00%


样本变换：reverse
样本变换：mask
样本变换：shift
样本变换：none
未过滤	未用伪标签：51.12% -> 使用伪标签：52.98%
已过滤	未用伪标签：51.27% -> 使用伪标签：53.14%
排除样本：18|6000	剩余：2000, 3179, 803
增添样本：3555		细则：1179, 0, 2376	正确率估算：100.00%
类型1 正确率： 100.00% -> 1  100.00%, 2    0.00%, 3    0.00%
类型2 正确率：  59.00% -> 1    0.00%, 2   59.49%, 3   40.51%
类型3 正确率：   0.00% -> 1    0.00%, 2  100.00%, 3    0.00%

被排除样本 正确率：0.00%
类型1 正确率：   0.00% -> 1    0.00%, 2  100.00%
类型2 没有样本或未被分类。


轮次:·11/·20 || c_Loss:0.382 || e_Loss:-0.952 || Aad_Loss:-32.230 || 耗时：33.29s
轮次:·12/·20 || c_Loss:0.404 || e_Loss:-0.942 || Aad_Loss:-29.661 || 耗时：12.44s
轮次:·13/·20 || c_Loss:0.406 || e_Loss:-1.614 || Aad_Loss:-31.916 || 耗时：12.47s
轮次:·14/·20 || c_Loss:0.402 || e_Loss:-0.944 || Aad_Loss:-29.417 || 耗时：12.45s
轮次:·15/·20 || c_Loss:0.391 || e_Loss:-0.913 || Aad_Loss:-33.803 || 耗时：12.53s
任务: (B3)N15_M07_F04→(B1)N15_M01_F10; mix批次:····0; 批次:·1410/·1880;  总正确率: 52.55%
类型1 正确率： 100.00% -> 1  100.00%, 2    0.00%, 3    0.00%
类型2 正确率：  58.00% -> 1    0.00%, 2   57.65%, 3   42.35%
类型3 正确率：   0.00% -> 1    0.00%, 2  100.00%, 3    0.00%


样本变换：reverse
样本变换：mask
样本变换：shift
样本变换：none
未过滤	未用伪标签：52.55% -> 使用伪标签：53.87%
已过滤	未用伪标签：52.70% -> 使用伪标签：54.02%
排除样本：17|6000	剩余：2000, 3232, 751
增添样本：3713		细则：1232, 0, 2481	正确率估算：100.00%
类型1 正确率： 100.00% -> 1  100.00%, 2    0.00%, 3    0.00%
类型2 正确率：  62.00% -> 1    0.00%, 2   62.13%, 3   37.87%
类型3 正确率：   0.00% -> 1    0.00%, 2  100.00%, 3    0.00%

被排除样本 正确率：0.00%
类型1 正确率：   0.00% -> 1    0.00%, 2  100.00%
类型2 没有样本或未被分类。


轮次:·16/·20 || c_Loss:0.390 || e_Loss:-0.948 || Aad_Loss:-33.719 || 耗时：33.30s
轮次:·17/·20 || c_Loss:0.406 || e_Loss:-0.973 || Aad_Loss:-28.927 || 耗时：12.47s
轮次:·18/·20 || c_Loss:0.379 || e_Loss:-0.917 || Aad_Loss:-35.772 || 耗时：12.48s
轮次:·19/·20 || c_Loss:0.424 || e_Loss:-0.864 || Aad_Loss:-34.516 || 耗时：12.50s
轮次:·20/·20 || c_Loss:0.384 || e_Loss:-0.937 || Aad_Loss:-33.479 || 耗时：12.50s
任务: (B3)N15_M07_F04→(B1)N15_M01_F10; mix批次:····0; 批次:·1880/·1880;  总正确率: 53.00%
类型1 正确率： 100.00% -> 1  100.00%, 2    0.00%, 3    0.00%
类型2 正确率：  59.00% -> 1    0.00%, 2   59.00%, 3   41.00%
类型3 正确率：   0.00% -> 1    0.00%, 2  100.00%, 3    0.00%


测试集任务: (B3)N15_M07_F04→(B1)N15_M01_F10; 总正确率 = 53.00%
类型1 正确率： 100.00% -> 1  100.00%, 2    0.00%, 3    0.00%
类型2 正确率：  59.00% -> 1    0.00%, 2   59.00%, 3   41.00%
类型3 正确率：   0.00% -> 1    0.00%, 2  100.00%, 3    0.00%


