读取源域路径：/kaggle/working/k10/S01/weight_PU_M1_final_checkpoint_FS01toS01c_s2024/NEW_PU/Source-源域/log&pt/(B2)N15_M07_F10
excel输出位置：/kaggle/working/k10/S01/weight_PU_M1_final_checkpoint_FS01toS01c_s2024/NEW_PU/Target-目标域
特征图片输出位置：/kaggle/working/k10/S01/weight_PU_M1_final_checkpoint_FS01toS01c_s2024/NEW_PU/Picture-特征图/2026年09月16日02时05分/(B2)N15_M07_F10
现在选取:(B2)N15_M07_F10 进行训练的源模型
现在进行：(B2)N15_M07_F10→(B1)N15_M01_F10 的迁移任务
log&pt输出位置：/kaggle/working/k10/S01/weight_PU_M1_final_checkpoint_FS01toS01c_s2024/NEW_PU/Target-目标域/log&pt/(B2)N15_M07_F10→(B1)N15_M01_F10
任务: (B2)N15_M07_F10→(B1)N15_M01_F10; 批次:····0/·1880;  总正确率: 42.35%
类型1 正确率： 100.00% -> 1  100.00%, 2    0.00%, 3    0.00%
类型2 正确率：  27.00% -> 1    5.05%, 2   27.05%, 3   67.90%
类型3 正确率：   0.00% -> 1    0.00%, 2  100.00%, 3    0.00%


样本变换：reverse
样本变换：mask
样本变换：shift
样本变换：none
未过滤	未用伪标签：42.35% -> 使用伪标签：43.40%
已过滤	未用伪标签：42.51% -> 使用伪标签：44.05%
排除样本：88|6000	剩余：2003, 2604, 1305
增添样本：1900		细则：601, 0, 1299	正确率估算：98.74%
类型1 正确率： 100.00% -> 1  100.00%, 2    0.00%, 3    0.00%
类型2 正确率：  32.00% -> 1    0.16%, 2   31.59%, 3   68.25%
类型3 正确率：   0.00% -> 1    0.00%, 2  100.00%, 3    0.00%

被排除样本 正确率：31.82%
类型1 没有样本或未被分类。
类型2 正确率：  32.00% -> 1   23.86%, 2   31.82%, 3   44.32%
类型3 没有样本或未被分类。


轮次:··1/·20 || c_Loss:0.610 || e_Loss:-1.531 || Aad_Loss:-25.002 || 耗时：32.95s
轮次:··2/·20 || c_Loss:0.461 || e_Loss:-0.914 || Aad_Loss:-27.410 || 耗时：12.36s
轮次:··3/·20 || c_Loss:0.430 || e_Loss:-1.485 || Aad_Loss:-28.373 || 耗时：12.40s
轮次:··4/·20 || c_Loss:0.447 || e_Loss:-1.407 || Aad_Loss:-24.909 || 耗时：12.39s
轮次:··5/·20 || c_Loss:0.378 || e_Loss:-1.824 || Aad_Loss:-28.222 || 耗时：12.46s
任务: (B2)N15_M07_F10→(B1)N15_M01_F10; mix批次:····0; 批次:··470/·1880;  总正确率: 40.88%
类型1 正确率： 100.00% -> 1  100.00%, 2    0.00%, 3    0.00%
类型2 正确率：  23.00% -> 1    0.00%, 2   22.65%, 3   77.35%
类型3 正确率：   0.00% -> 1    0.00%, 2  100.00%, 3    0.00%


样本变换：reverse
样本变换：mask
样本变换：shift
样本变换：none
未过滤	未用伪标签：40.88% -> 使用伪标签：37.87%
已过滤	未用伪标签：40.66% -> 使用伪标签：38.01%
排除样本：23|6000	剩余：2000, 2272, 1705
增添样本：839		细则：272, 0, 567	正确率估算：92.97%
类型1 正确率： 100.00% -> 1  100.00%, 2    0.00%, 3    0.00%
类型2 正确率：  14.00% -> 1    0.00%, 2   13.76%, 3   86.24%
类型3 正确率：   0.00% -> 1    0.00%, 2  100.00%, 3    0.00%

被排除样本 正确率：100.00%
类型1 正确率： 100.00% -> 1  100.00%


轮次:··6/·20 || c_Loss:0.382 || e_Loss:-0.960 || Aad_Loss:-30.156 || 耗时：32.57s
轮次:··7/·20 || c_Loss:0.404 || e_Loss:-1.834 || Aad_Loss:-28.013 || 耗时：12.48s
轮次:··8/·20 || c_Loss:0.406 || e_Loss:-0.891 || Aad_Loss:-27.272 || 耗时：12.46s
轮次:··9/·20 || c_Loss:0.388 || e_Loss:-0.974 || Aad_Loss:-29.345 || 耗时：12.47s
轮次:·10/·20 || c_Loss:0.437 || e_Loss:-1.265 || Aad_Loss:-28.167 || 耗时：12.48s
任务: (B2)N15_M07_F10→(B1)N15_M01_F10; mix批次:····0; 批次:··940/·1880;  总正确率: 37.28%
类型1 正确率： 100.00% -> 1  100.00%, 2    0.00%, 3    0.00%
类型2 正确率：  12.00% -> 1    0.00%, 2   11.85%, 3   88.15%
类型3 正确率：   0.00% -> 1    0.00%, 2  100.00%, 3    0.00%


样本变换：reverse
样本变换：mask
样本变换：shift
样本变换：none
未过滤	未用伪标签：37.28% -> 使用伪标签：37.12%
已过滤	未用伪标签：37.21% -> 使用伪标签：37.21%
排除样本：15|6000	剩余：2000, 2227, 1758
增添样本：696		细则：227, 0, 469	正确率估算：99.71%
类型1 正确率： 100.00% -> 1  100.00%, 2    0.00%, 3    0.00%
类型2 正确率：  11.00% -> 1    0.00%, 2   11.44%, 3   88.56%
类型3 正确率：   0.00% -> 1    0.00%, 2  100.00%, 3    0.00%

被排除样本 正确率：66.67%
类型1 正确率：  67.00% -> 1   66.67%, 2   33.33%
类型2 没有样本或未被分类。


轮次:·11/·20 || c_Loss:0.422 || e_Loss:-0.927 || Aad_Loss:-28.639 || 耗时：32.60s
轮次:·12/·20 || c_Loss:0.409 || e_Loss:-0.962 || Aad_Loss:-29.490 || 耗时：12.45s
轮次:·13/·20 || c_Loss:0.395 || e_Loss:-0.950 || Aad_Loss:-30.413 || 耗时：12.44s
轮次:·14/·20 || c_Loss:0.383 || e_Loss:-0.922 || Aad_Loss:-32.902 || 耗时：12.41s
轮次:·15/·20 || c_Loss:0.400 || e_Loss:-0.921 || Aad_Loss:-32.363 || 耗时：12.44s
任务: (B2)N15_M07_F10→(B1)N15_M01_F10; mix批次:····0; 批次:·1410/·1880;  总正确率: 36.92%
类型1 正确率： 100.00% -> 1  100.00%, 2    0.00%, 3    0.00%
类型2 正确率：  11.00% -> 1    0.00%, 2   10.70%, 3   89.30%
类型3 正确率：   0.00% -> 1    0.00%, 2   99.95%, 3    0.05%


样本变换：reverse
样本变换：mask
样本变换：shift
样本变换：none
未过滤	未用伪标签：36.92% -> 使用伪标签：37.12%
已过滤	未用伪标签：36.93% -> 使用伪标签：37.21%
排除样本：15|6000	剩余：2000, 2227, 1758
增添样本：696		细则：227, 0, 469	正确率估算：100.00%
类型1 正确率： 100.00% -> 1  100.00%, 2    0.00%, 3    0.00%
类型2 正确率：  11.00% -> 1    0.00%, 2   11.44%, 3   88.56%
类型3 正确率：   0.00% -> 1    0.00%, 2  100.00%, 3    0.00%

被排除样本 正确率：33.33%
类型1 正确率：  33.00% -> 1   33.33%, 2   66.67%
类型2 没有样本或未被分类。


轮次:·16/·20 || c_Loss:0.403 || e_Loss:-0.937 || Aad_Loss:-29.039 || 耗时：32.82s
轮次:·17/·20 || c_Loss:0.392 || e_Loss:-1.612 || Aad_Loss:-29.863 || 耗时：12.43s
轮次:·18/·20 || c_Loss:0.396 || e_Loss:-0.956 || Aad_Loss:-30.791 || 耗时：12.44s
轮次:·19/·20 || c_Loss:0.381 || e_Loss:-0.924 || Aad_Loss:-33.106 || 耗时：12.44s
轮次:·20/·20 || c_Loss:0.400 || e_Loss:-0.915 || Aad_Loss:-32.460 || 耗时：12.45s
任务: (B2)N15_M07_F10→(B1)N15_M01_F10; mix批次:····0; 批次:·1880/·1880;  总正确率: 37.10%
类型1 正确率： 100.00% -> 1  100.00%, 2    0.00%, 3    0.00%
类型2 正确率：  11.00% -> 1    0.00%, 2   11.25%, 3   88.75%
类型3 正确率：   0.00% -> 1    0.00%, 2   99.95%, 3    0.05%


测试集任务: (B2)N15_M07_F10→(B1)N15_M01_F10; 总正确率 = 37.10%
类型1 正确率： 100.00% -> 1  100.00%, 2    0.00%, 3    0.00%
类型2 正确率：  11.00% -> 1    0.00%, 2   11.25%, 3   88.75%
类型3 正确率：   0.00% -> 1    0.00%, 2   99.95%, 3    0.05%


