读取源域路径：/kaggle/working/k10/S01/weight_PU_M1_final_checkpoint_FS01toS01c_s2024/NEW_PU/Source-源域/log&pt/(B2)N15_M07_F10
excel输出位置：/kaggle/working/k10/S01/weight_PU_M1_final_checkpoint_FS01toS01c_s2024/NEW_PU/Target-目标域
特征图片输出位置：/kaggle/working/k10/S01/weight_PU_M1_final_checkpoint_FS01toS01c_s2024/NEW_PU/Picture-特征图/2026年09月16日02时11分/(B2)N15_M07_F10
现在选取:(B2)N15_M07_F10 进行训练的源模型
现在进行：(B2)N15_M07_F10→(B3)N15_M07_F04 的迁移任务
log&pt输出位置：/kaggle/working/k10/S01/weight_PU_M1_final_checkpoint_FS01toS01c_s2024/NEW_PU/Target-目标域/log&pt/(B2)N15_M07_F10→(B3)N15_M07_F04
任务: (B2)N15_M07_F10→(B3)N15_M07_F04; 批次:····0/·1880;  总正确率: 42.57%
类型1 正确率： 100.00% -> 1  100.00%, 2    0.00%, 3    0.00%
类型2 正确率：  27.00% -> 1    1.90%, 2   27.05%, 3   71.05%
类型3 正确率：   1.00% -> 1    0.00%, 2   99.35%, 3    0.65%


样本变换：reverse
样本变换：mask
样本变换：shift
样本变换：none
未过滤	未用伪标签：42.57% -> 使用伪标签：42.87%
已过滤	未用伪标签：42.75% -> 使用伪标签：43.19%
排除样本：45|6000	剩余：2003, 2570, 1382
增添样本：1755		细则：567, 0, 1188	正确率估算：99.66%
类型1 正确率： 100.00% -> 1  100.00%, 2    0.00%, 3    0.00%
类型2 正确率：  29.00% -> 1    0.15%, 2   29.23%, 3   70.62%
类型3 正确率：   0.00% -> 1    0.00%, 2  100.00%, 3    0.00%

被排除样本 正确率：17.78%
类型1 没有样本或未被分类。
类型2 正确率：  14.00% -> 1   20.93%, 2   13.95%, 3   65.12%
类型3 正确率： 100.00% -> 1    0.00%, 2    0.00%, 3  100.00%


轮次:··1/·20 || c_Loss:0.572 || e_Loss:-1.065 || Aad_Loss:-28.478 || 耗时：32.76s
轮次:··2/·20 || c_Loss:0.441 || e_Loss:-1.345 || Aad_Loss:-27.274 || 耗时：12.36s
轮次:··3/·20 || c_Loss:0.402 || e_Loss:-0.966 || Aad_Loss:-30.008 || 耗时：12.36s
轮次:··4/·20 || c_Loss:0.397 || e_Loss:-0.906 || Aad_Loss:-29.419 || 耗时：12.36s
轮次:··5/·20 || c_Loss:0.371 || e_Loss:-1.522 || Aad_Loss:-28.329 || 耗时：12.49s
任务: (B2)N15_M07_F10→(B3)N15_M07_F04; mix批次:····0; 批次:··470/·1880;  总正确率: 42.33%
类型1 正确率： 100.00% -> 1  100.00%, 2    0.00%, 3    0.00%
类型2 正确率：  27.00% -> 1    0.00%, 2   27.00%, 3   73.00%
类型3 正确率：   0.00% -> 1    0.00%, 2  100.00%, 3    0.00%


样本变换：reverse
样本变换：mask
样本变换：shift
样本变换：none
未过滤	未用伪标签：42.33% -> 使用伪标签：41.85%
已过滤	未用伪标签：42.27% -> 使用伪标签：41.91%
排除样本：8|6000	剩余：2000, 2509, 1483
增添样本：1535		细则：509, 0, 1026	正确率估算：99.35%
类型1 正确率： 100.00% -> 1  100.00%, 2    0.00%, 3    0.00%
类型2 正确率：  26.00% -> 1    0.00%, 2   25.60%, 3   74.40%
类型3 正确率：   0.00% -> 1    0.00%, 2   99.95%, 3    0.05%

被排除样本 正确率：87.50%
类型1 正确率：  88.00% -> 1   87.50%, 2   12.50%
类型2 没有样本或未被分类。


轮次:··6/·20 || c_Loss:0.371 || e_Loss:-0.932 || Aad_Loss:-32.992 || 耗时：32.90s
轮次:··7/·20 || c_Loss:0.394 || e_Loss:-0.945 || Aad_Loss:-31.766 || 耗时：12.42s
轮次:··8/·20 || c_Loss:0.389 || e_Loss:-0.956 || Aad_Loss:-29.282 || 耗时：12.46s
轮次:··9/·20 || c_Loss:0.397 || e_Loss:-0.931 || Aad_Loss:-31.097 || 耗时：12.46s
轮次:·10/·20 || c_Loss:0.393 || e_Loss:-0.981 || Aad_Loss:-29.837 || 耗时：12.48s
任务: (B2)N15_M07_F10→(B3)N15_M07_F04; mix批次:····0; 批次:··940/·1880;  总正确率: 41.48%
类型1 正确率： 100.00% -> 1  100.00%, 2    0.00%, 3    0.00%
类型2 正确率：  24.00% -> 1    0.00%, 2   24.40%, 3   75.60%
类型3 正确率：   0.00% -> 1    0.00%, 2   99.95%, 3    0.05%


样本变换：reverse
样本变换：mask
样本变换：shift
样本变换：none
未过滤	未用伪标签：41.48% -> 使用伪标签：41.52%
已过滤	未用伪标签：41.47% -> 使用伪标签：41.57%
排除样本：7|6000	剩余：2000, 2489, 1504
增添样本：1474		细则：489, 0, 985	正确率估算：100.00%
类型1 正确率： 100.00% -> 1  100.00%, 2    0.00%, 3    0.00%
类型2 正确率：  25.00% -> 1    0.00%, 2   24.59%, 3   75.41%
类型3 正确率：   0.00% -> 1    0.00%, 2   99.95%, 3    0.05%

被排除样本 正确率：57.14%
类型1 正确率：  57.00% -> 1   57.14%, 2   42.86%
类型2 没有样本或未被分类。


轮次:·11/·20 || c_Loss:0.395 || e_Loss:-0.972 || Aad_Loss:-29.594 || 耗时：32.98s
轮次:·12/·20 || c_Loss:0.393 || e_Loss:-0.972 || Aad_Loss:-30.964 || 耗时：12.47s
轮次:·13/·20 || c_Loss:0.395 || e_Loss:-0.937 || Aad_Loss:-30.559 || 耗时：12.47s
轮次:·14/·20 || c_Loss:0.394 || e_Loss:-0.955 || Aad_Loss:-29.321 || 耗时：12.48s
轮次:·15/·20 || c_Loss:0.402 || e_Loss:-0.994 || Aad_Loss:-30.103 || 耗时：12.49s
任务: (B2)N15_M07_F10→(B3)N15_M07_F04; mix批次:····0; 批次:·1410/·1880;  总正确率: 41.17%
类型1 正确率： 100.00% -> 1  100.00%, 2    0.00%, 3    0.00%
类型2 正确率：  23.00% -> 1    0.00%, 2   23.45%, 3   76.55%
类型3 正确率：   0.00% -> 1    0.00%, 2   99.95%, 3    0.05%


样本变换：reverse
样本变换：mask
样本变换：shift
样本变换：none
未过滤	未用伪标签：41.17% -> 使用伪标签：41.30%
已过滤	未用伪标签：41.19% -> 使用伪标签：41.37%
排除样本：10|6000	剩余：2000, 2476, 1514
增添样本：1438		细则：476, 0, 962	正确率估算：100.00%
类型1 正确率： 100.00% -> 1  100.00%, 2    0.00%, 3    0.00%
类型2 正确率：  24.00% -> 1    0.00%, 2   23.97%, 3   76.03%
类型3 正确率：   0.00% -> 1    0.00%, 2   99.95%, 3    0.05%

被排除样本 正确率：30.00%
类型1 正确率：  30.00% -> 1   30.00%, 2   70.00%
类型2 没有样本或未被分类。


轮次:·16/·20 || c_Loss:0.388 || e_Loss:-0.973 || Aad_Loss:-31.821 || 耗时：33.05s
轮次:·17/·20 || c_Loss:0.383 || e_Loss:-1.665 || Aad_Loss:-29.772 || 耗时：12.37s
轮次:·18/·20 || c_Loss:0.403 || e_Loss:-0.970 || Aad_Loss:-30.802 || 耗时：12.38s
轮次:·19/·20 || c_Loss:0.403 || e_Loss:-0.961 || Aad_Loss:-31.169 || 耗时：12.40s
轮次:·20/·20 || c_Loss:0.390 || e_Loss:-0.975 || Aad_Loss:-31.032 || 耗时：12.39s
任务: (B2)N15_M07_F10→(B3)N15_M07_F04; mix批次:····0; 批次:·1880/·1880;  总正确率: 41.18%
类型1 正确率： 100.00% -> 1  100.00%, 2    0.00%, 3    0.00%
类型2 正确率：  24.00% -> 1    0.00%, 2   23.50%, 3   76.50%
类型3 正确率：   0.00% -> 1    0.00%, 2   99.95%, 3    0.05%


测试集任务: (B2)N15_M07_F10→(B3)N15_M07_F04; 总正确率 = 41.18%
类型1 正确率： 100.00% -> 1  100.00%, 2    0.00%, 3    0.00%
类型2 正确率：  24.00% -> 1    0.00%, 2   23.50%, 3   76.50%
类型3 正确率：   0.00% -> 1    0.00%, 2   99.95%, 3    0.05%


