读取源域路径：/kaggle/working/k10/S01/weight_PU_M1_final_checkpoint_FS01toS01c_s2024/NEW_PU/Source-源域/log&pt/(B3)N15_M07_F04
excel输出位置：/kaggle/working/k10/S01/weight_PU_M1_final_checkpoint_FS01toS01c_s2024/NEW_PU/Target-目标域
特征图片输出位置：/kaggle/working/k10/S01/weight_PU_M1_final_checkpoint_FS01toS01c_s2024/NEW_PU/Picture-特征图/2026年09月16日02时23分/(B3)N15_M07_F04
现在选取:(B3)N15_M07_F04 进行训练的源模型
现在进行：(B3)N15_M07_F04→(B2)N15_M07_F10 的迁移任务
log&pt输出位置：/kaggle/working/k10/S01/weight_PU_M1_final_checkpoint_FS01toS01c_s2024/NEW_PU/Target-目标域/log&pt/(B3)N15_M07_F04→(B2)N15_M07_F10
任务: (B3)N15_M07_F04→(B2)N15_M07_F10; 批次:····0/·1880;  总正确率: 45.25%
类型1 正确率： 100.00% -> 1  100.00%, 2    0.00%, 3    0.00%
类型2 正确率：  36.00% -> 1    0.60%, 2   35.75%, 3   63.65%
类型3 正确率：   0.00% -> 1    0.00%, 2  100.00%, 3    0.00%


样本变换：reverse
样本变换：mask
样本变换：shift
样本变换：none
未过滤	未用伪标签：45.25% -> 使用伪标签：43.57%
已过滤	未用伪标签：45.03% -> 使用伪标签：44.12%
排除样本：75|6000	剩余：2000, 2614, 1311
增添样本：1917		细则：614, 0, 1303	正确率估算：96.14%
类型1 正确率： 100.00% -> 1  100.00%, 2    0.00%, 3    0.00%
类型2 正确率：  32.00% -> 1    0.00%, 2   31.90%, 3   68.10%
类型3 正确率：   0.00% -> 1    0.00%, 2  100.00%, 3    0.00%

被排除样本 正确率：62.67%
类型1 没有样本或未被分类。
类型2 正确率：  63.00% -> 1    4.00%, 2   62.67%, 3   33.33%
类型3 没有样本或未被分类。


轮次:··1/·20 || c_Loss:0.595 || e_Loss:-1.607 || Aad_Loss:-25.701 || 耗时：32.97s
轮次:··2/·20 || c_Loss:0.458 || e_Loss:-0.914 || Aad_Loss:-27.272 || 耗时：12.39s
轮次:··3/·20 || c_Loss:0.433 || e_Loss:-1.397 || Aad_Loss:-25.873 || 耗时：12.42s
轮次:··4/·20 || c_Loss:0.413 || e_Loss:-0.867 || Aad_Loss:-27.616 || 耗时：12.39s
轮次:··5/·20 || c_Loss:0.456 || e_Loss:-0.830 || Aad_Loss:-25.330 || 耗时：12.45s
任务: (B3)N15_M07_F04→(B2)N15_M07_F10; mix批次:····0; 批次:··470/·1880;  总正确率: 39.43%
类型1 正确率： 100.00% -> 1  100.00%, 2    0.00%, 3    0.00%
类型2 正确率：  18.00% -> 1    0.00%, 2   18.30%, 3   81.70%
类型3 正确率：   0.00% -> 1    0.00%, 2  100.00%, 3    0.00%


样本变换：reverse
样本变换：mask
样本变换：shift
样本变换：none
未过滤	未用伪标签：39.43% -> 使用伪标签：35.35%
已过滤	未用伪标签：39.16% -> 使用伪标签：35.51%
排除样本：27|6000	剩余：2000, 2121, 1852
增添样本：390		细则：121, 0, 269	正确率估算：93.33%
类型1 正确率： 100.00% -> 1  100.00%, 2    0.00%, 3    0.00%
类型2 正确率：   6.00% -> 1    0.00%, 2    6.13%, 3   93.87%
类型3 正确率：   0.00% -> 1    0.00%, 2  100.00%, 3    0.00%

被排除样本 正确率：100.00%
类型1 正确率： 100.00% -> 1  100.00%


轮次:··6/·20 || c_Loss:0.369 || e_Loss:-0.948 || Aad_Loss:-28.739 || 耗时：32.37s
轮次:··7/·20 || c_Loss:0.393 || e_Loss:-1.799 || Aad_Loss:-27.430 || 耗时：12.45s
轮次:··8/·20 || c_Loss:0.437 || e_Loss:-0.955 || Aad_Loss:-27.242 || 耗时：12.46s
轮次:··9/·20 || c_Loss:0.386 || e_Loss:-1.785 || Aad_Loss:-28.391 || 耗时：12.44s
轮次:·10/·20 || c_Loss:0.376 || e_Loss:-0.999 || Aad_Loss:-29.410 || 耗时：12.48s
任务: (B3)N15_M07_F04→(B2)N15_M07_F10; mix批次:····0; 批次:··940/·1880;  总正确率: 34.33%
类型1 正确率： 100.00% -> 1  100.00%, 2    0.00%, 3    0.00%
类型2 正确率：   3.00% -> 1    0.00%, 2    3.00%, 3   97.00%
类型3 正确率：   0.00% -> 1    0.00%, 2  100.00%, 3    0.00%


样本变换：reverse
样本变换：mask
样本变换：shift
样本变换：none
未过滤	未用伪标签：34.33% -> 使用伪标签：33.65%
已过滤	未用伪标签：34.21% -> 使用伪标签：33.71%
排除样本：11|6000	剩余：2000, 2019, 1970
增添样本：68		细则：19, 0, 49	正确率估算：98.53%
类型1 正确率： 100.00% -> 1  100.00%, 2    0.00%, 3    0.00%
类型2 正确率：   1.00% -> 1    0.00%, 2    0.96%, 3   99.04%
类型3 正确率：   0.00% -> 1    0.00%, 2  100.00%, 3    0.00%

被排除样本 正确率：100.00%
类型1 正确率： 100.00% -> 1  100.00%


轮次:·11/·20 || c_Loss:0.371 || e_Loss:-0.998 || Aad_Loss:-30.081 || 耗时：32.38s
轮次:·12/·20 || c_Loss:0.397 || e_Loss:-1.000 || Aad_Loss:-29.624 || 耗时：12.49s
轮次:·13/·20 || c_Loss:0.400 || e_Loss:-0.924 || Aad_Loss:-32.665 || 耗时：12.51s
轮次:·14/·20 || c_Loss:0.386 || e_Loss:-0.972 || Aad_Loss:-30.913 || 耗时：12.49s
轮次:·15/·20 || c_Loss:0.382 || e_Loss:-1.007 || Aad_Loss:-31.053 || 耗时：12.48s
任务: (B3)N15_M07_F04→(B2)N15_M07_F10; mix批次:····0; 批次:·1410/·1880;  总正确率: 33.35%
类型1 正确率： 100.00% -> 1  100.00%, 2    0.00%, 3    0.00%
类型2 正确率：   0.00% -> 1    0.00%, 2    0.05%, 3   99.95%
类型3 正确率：   0.00% -> 1    0.00%, 2  100.00%, 3    0.00%


样本变换：reverse
样本变换：mask
样本变换：shift
样本变换：none
未过滤	未用伪标签：33.35% -> 使用伪标签：33.33%
已过滤	未用伪标签：33.34% -> 使用伪标签：33.34%
排除样本：1|6000	剩余：2000, 2000, 1999
增添样本：1		细则：0, 0, 1	正确率估算：100.00%
类型1 正确率： 100.00% -> 1  100.00%, 2    0.00%, 3    0.00%
类型2 正确率：   0.00% -> 1    0.00%, 2    0.00%, 3  100.00%
类型3 正确率：   0.00% -> 1    0.00%, 2  100.00%, 3    0.00%

被排除样本 正确率：100.00%
类型1 正确率： 100.00% -> 1  100.00%


轮次:·16/·20 || c_Loss:0.386 || e_Loss:-1.015 || Aad_Loss:-23.582 || 耗时：32.34s
轮次:·17/·20 || c_Loss:0.382 || e_Loss:-1.023 || Aad_Loss:-22.931 || 耗时：12.46s
轮次:·18/·20 || c_Loss:0.403 || e_Loss:-0.930 || Aad_Loss:-24.975 || 耗时：12.47s
轮次:·19/·20 || c_Loss:0.384 || e_Loss:-1.020 || Aad_Loss:-23.056 || 耗时：12.46s
轮次:·20/·20 || c_Loss:0.386 || e_Loss:-1.029 || Aad_Loss:-23.314 || 耗时：12.49s
任务: (B3)N15_M07_F04→(B2)N15_M07_F10; mix批次:····0; 批次:·1880/·1880;  总正确率: 33.33%
类型1 正确率： 100.00% -> 1  100.00%, 2    0.00%, 3    0.00%
类型2 正确率：   0.00% -> 1    0.00%, 2    0.00%, 3  100.00%
类型3 正确率：   0.00% -> 1    0.00%, 2  100.00%, 3    0.00%


测试集任务: (B3)N15_M07_F04→(B2)N15_M07_F10; 总正确率 = 33.33%
类型1 正确率： 100.00% -> 1  100.00%, 2    0.00%, 3    0.00%
类型2 正确率：   0.00% -> 1    0.00%, 2    0.00%, 3  100.00%
类型3 正确率：   0.00% -> 1    0.00%, 2  100.00%, 3    0.00%


