读取源域路径：/kaggle/working/k10/S01/weight_PU_M1_final_checkpoint_FS01toS01c_s2024/NEW_PU/Source-源域/log&pt/(B1)N15_M01_F10
excel输出位置：/kaggle/working/k10/S01/weight_PU_M1_final_checkpoint_FS01toS01c_s2024/NEW_PU/Target-目标域
特征图片输出位置：/kaggle/working/k10/S01/weight_PU_M1_final_checkpoint_FS01toS01c_s2024/NEW_PU/Picture-特征图/2026年09月16日01时59分/(B1)N15_M01_F10
现在选取:(B1)N15_M01_F10 进行训练的源模型
现在进行：(B1)N15_M01_F10→(B3)N15_M07_F04 的迁移任务
log&pt输出位置：/kaggle/working/k10/S01/weight_PU_M1_final_checkpoint_FS01toS01c_s2024/NEW_PU/Target-目标域/log&pt/(B1)N15_M01_F10→(B3)N15_M07_F04
任务: (B1)N15_M01_F10→(B3)N15_M07_F04; 批次:····0/·1880;  总正确率: 42.58%
类型1 正确率： 100.00% -> 1  100.00%, 2    0.00%, 3    0.00%
类型2 正确率：  22.00% -> 1    5.10%, 2   21.60%, 3   73.30%
类型3 正确率：   6.00% -> 1    5.60%, 2   88.25%, 3    6.15%


样本变换：reverse
样本变换：mask
样本变换：shift
样本变换：none
未过滤	未用伪标签：42.58% -> 使用伪标签：42.85%
已过滤	未用伪标签：42.64% -> 使用伪标签：43.03%
排除样本：25|6000	剩余：2000, 2569, 1406
增添样本：1732		细则：569, 0, 1163	正确率估算：99.71%
类型1 正确率： 100.00% -> 1  100.00%, 2    0.00%, 3    0.00%
类型2 正确率：  29.00% -> 1    0.00%, 2   28.86%, 3   71.14%
类型3 正确率：   0.00% -> 1    0.00%, 2   99.95%, 3    0.05%

被排除样本 正确率：28.00%
类型1 没有样本或未被分类。
类型2 正确率：  28.00% -> 1   12.00%, 2   28.00%, 3   60.00%
类型3 没有样本或未被分类。


轮次:··1/·20 || c_Loss:0.599 || e_Loss:-1.010 || Aad_Loss:-28.405 || 耗时：33.05s
轮次:··2/·20 || c_Loss:0.472 || e_Loss:-1.015 || Aad_Loss:-28.610 || 耗时：12.44s
轮次:··3/·20 || c_Loss:0.391 || e_Loss:-0.978 || Aad_Loss:-29.377 || 耗时：12.44s
轮次:··4/·20 || c_Loss:0.389 || e_Loss:-0.954 || Aad_Loss:-28.754 || 耗时：12.46s
轮次:··5/·20 || c_Loss:0.416 || e_Loss:-1.544 || Aad_Loss:-29.359 || 耗时：12.51s
任务: (B1)N15_M01_F10→(B3)N15_M07_F04; mix批次:····0; 批次:··470/·1880;  总正确率: 42.27%
类型1 正确率： 100.00% -> 1  100.00%, 2    0.00%, 3    0.00%
类型2 正确率：  27.00% -> 1    0.00%, 2   26.80%, 3   73.20%
类型3 正确率：   0.00% -> 1    0.00%, 2  100.00%, 3    0.00%


样本变换：reverse
样本变换：mask
样本变换：shift
样本变换：none
未过滤	未用伪标签：42.27% -> 使用伪标签：41.82%
已过滤	未用伪标签：42.18% -> 使用伪标签：41.89%
排除样本：11|6000	剩余：2000, 2507, 1482
增添样本：1532		细则：507, 0, 1025	正确率估算：99.41%
类型1 正确率： 100.00% -> 1  100.00%, 2    0.00%, 3    0.00%
类型2 正确率：  26.00% -> 1    0.00%, 2   25.54%, 3   74.46%
类型3 正确率：   0.00% -> 1    0.00%, 2   99.95%, 3    0.05%

被排除样本 正确率：90.91%
类型1 正确率：  91.00% -> 1   90.91%, 2    9.09%
类型2 没有样本或未被分类。


轮次:··6/·20 || c_Loss:0.403 || e_Loss:-0.940 || Aad_Loss:-30.934 || 耗时：33.20s
轮次:··7/·20 || c_Loss:0.404 || e_Loss:-0.946 || Aad_Loss:-30.081 || 耗时：12.46s
轮次:··8/·20 || c_Loss:0.388 || e_Loss:-0.958 || Aad_Loss:-31.322 || 耗时：12.46s
轮次:··9/·20 || c_Loss:0.394 || e_Loss:-0.973 || Aad_Loss:-30.306 || 耗时：12.45s
轮次:·10/·20 || c_Loss:0.394 || e_Loss:-0.966 || Aad_Loss:-29.830 || 耗时：12.48s
任务: (B1)N15_M01_F10→(B3)N15_M07_F04; mix批次:····0; 批次:··940/·1880;  总正确率: 41.48%
类型1 正确率： 100.00% -> 1  100.00%, 2    0.00%, 3    0.00%
类型2 正确率：  24.00% -> 1    0.00%, 2   24.40%, 3   75.60%
类型3 正确率：   0.00% -> 1    0.00%, 2   99.95%, 3    0.05%


样本变换：reverse
样本变换：mask
样本变换：shift
样本变换：none
未过滤	未用伪标签：41.48% -> 使用伪标签：41.48%
已过滤	未用伪标签：41.50% -> 使用伪标签：41.57%
排除样本：12|6000	剩余：2000, 2487, 1501
增添样本：1473		细则：487, 0, 986	正确率估算：100.00%
类型1 正确率： 100.00% -> 1  100.00%, 2    0.00%, 3    0.00%
类型2 正确率：  25.00% -> 1    0.00%, 2   24.55%, 3   75.45%
类型3 正确率：   0.00% -> 1    0.00%, 2   99.95%, 3    0.05%

被排除样本 正确率：33.33%
类型1 正确率：  33.00% -> 1   33.33%, 2   66.67%
类型2 没有样本或未被分类。


轮次:·11/·20 || c_Loss:0.395 || e_Loss:-1.433 || Aad_Loss:-30.648 || 耗时：33.03s
轮次:·12/·20 || c_Loss:0.395 || e_Loss:-0.983 || Aad_Loss:-29.796 || 耗时：12.46s
轮次:·13/·20 || c_Loss:0.380 || e_Loss:-1.002 || Aad_Loss:-30.384 || 耗时：12.46s
轮次:·14/·20 || c_Loss:0.381 || e_Loss:-0.999 || Aad_Loss:-30.467 || 耗时：12.45s
轮次:·15/·20 || c_Loss:0.391 || e_Loss:-0.981 || Aad_Loss:-31.011 || 耗时：12.46s
任务: (B1)N15_M01_F10→(B3)N15_M07_F04; mix批次:····0; 批次:·1410/·1880;  总正确率: 41.12%
类型1 正确率： 100.00% -> 1  100.00%, 2    0.00%, 3    0.00%
类型2 正确率：  23.00% -> 1    0.00%, 2   23.30%, 3   76.70%
类型3 正确率：   0.00% -> 1    0.00%, 2   99.95%, 3    0.05%


样本变换：reverse
样本变换：mask
样本变换：shift
样本变换：none
未过滤	未用伪标签：41.12% -> 使用伪标签：41.23%
已过滤	未用伪标签：41.13% -> 使用伪标签：41.32%
排除样本：12|6000	剩余：2000, 2470, 1518
增添样本：1422		细则：470, 0, 952	正确率估算：99.86%
类型1 正确率： 100.00% -> 1  100.00%, 2    0.00%, 3    0.00%
类型2 正确率：  24.00% -> 1    0.00%, 2   23.74%, 3   76.26%
类型3 正确率：   0.00% -> 1    0.00%, 2   99.90%, 3    0.10%

被排除样本 正确率：33.33%
类型1 正确率：  33.00% -> 1   33.33%, 2   66.67%
类型2 没有样本或未被分类。


轮次:·16/·20 || c_Loss:0.387 || e_Loss:-0.992 || Aad_Loss:-30.625 || 耗时：32.97s
轮次:·17/·20 || c_Loss:0.396 || e_Loss:-0.930 || Aad_Loss:-32.005 || 耗时：12.49s
轮次:·18/·20 || c_Loss:0.395 || e_Loss:-0.963 || Aad_Loss:-29.223 || 耗时：12.50s
轮次:·19/·20 || c_Loss:0.396 || e_Loss:-1.669 || Aad_Loss:-31.131 || 耗时：12.49s
轮次:·20/·20 || c_Loss:0.376 || e_Loss:-0.903 || Aad_Loss:-32.979 || 耗时：12.51s
任务: (B1)N15_M01_F10→(B3)N15_M07_F04; mix批次:····0; 批次:·1880/·1880;  总正确率: 41.05%
类型1 正确率： 100.00% -> 1  100.00%, 2    0.00%, 3    0.00%
类型2 正确率：  23.00% -> 1    0.00%, 2   23.10%, 3   76.90%
类型3 正确率：   0.00% -> 1    0.00%, 2   99.95%, 3    0.05%


测试集任务: (B1)N15_M01_F10→(B3)N15_M07_F04; 总正确率 = 41.05%
类型1 正确率： 100.00% -> 1  100.00%, 2    0.00%, 3    0.00%
类型2 正确率：  23.00% -> 1    0.00%, 2   23.10%, 3   76.90%
类型3 正确率：   0.00% -> 1    0.00%, 2   99.95%, 3    0.05%


