读取源域路径：/kaggle/working/k10/S01/weight_PU_M1_final_checkpoint_FS01toS01c_s2024/NEW_PU/Source-源域/log&pt/(B1)N15_M01_F10
excel输出位置：/kaggle/working/k10/S01/weight_PU_M1_final_checkpoint_FS01toS01c_s2024/NEW_PU/Target-目标域
特征图片输出位置：/kaggle/working/k10/S01/weight_PU_M1_final_checkpoint_FS01toS01c_s2024/NEW_PU/Picture-特征图/2026年09月16日01时54分/(B1)N15_M01_F10
现在选取:(B1)N15_M01_F10 进行训练的源模型
现在进行：(B1)N15_M01_F10→(B2)N15_M07_F10 的迁移任务
log&pt输出位置：/kaggle/working/k10/S01/weight_PU_M1_final_checkpoint_FS01toS01c_s2024/NEW_PU/Target-目标域/log&pt/(B1)N15_M01_F10→(B2)N15_M07_F10
任务: (B1)N15_M01_F10→(B2)N15_M07_F10; 批次:····0/·1880;  总正确率: 37.72%
类型1 正确率： 100.00% -> 1  100.00%, 2    0.00%, 3    0.00%
类型2 正确率：  13.00% -> 1    0.10%, 2   13.15%, 3   86.75%
类型3 正确率：   0.00% -> 1    0.00%, 2  100.00%, 3    0.00%


样本变换：reverse
样本变换：mask
样本变换：shift
样本变换：none
未过滤	未用伪标签：37.72% -> 使用伪标签：36.70%
已过滤	未用伪标签：37.54% -> 使用伪标签：37.01%
排除样本：51|6000	剩余：2000, 2202, 1747
增添样本：657		细则：202, 0, 455	正确率估算：98.33%
类型1 正确率： 100.00% -> 1  100.00%, 2    0.00%, 3    0.00%
类型2 正确率：  10.00% -> 1    0.00%, 2   10.36%, 3   89.64%
类型3 正确率：   0.00% -> 1    0.00%, 2  100.00%, 3    0.00%

被排除样本 正确率：58.82%
类型1 正确率：  59.00% -> 1   58.82%, 2   41.18%
类型2 没有样本或未被分类。


轮次:··1/·20 || c_Loss:0.623 || e_Loss:-1.715 || Aad_Loss:-27.207 || 耗时：32.97s
轮次:··2/·20 || c_Loss:0.453 || e_Loss:-0.970 || Aad_Loss:-27.293 || 耗时：12.41s
轮次:··3/·20 || c_Loss:0.389 || e_Loss:-1.850 || Aad_Loss:-29.266 || 耗时：12.40s
轮次:··4/·20 || c_Loss:0.377 || e_Loss:-1.748 || Aad_Loss:-29.543 || 耗时：12.43s
轮次:··5/·20 || c_Loss:0.380 || e_Loss:-0.937 || Aad_Loss:-29.611 || 耗时：12.46s
任务: (B1)N15_M01_F10→(B2)N15_M07_F10; mix批次:····0; 批次:··470/·1880;  总正确率: 36.35%
类型1 正确率： 100.00% -> 1  100.00%, 2    0.00%, 3    0.00%
类型2 正确率：   9.00% -> 1    0.00%, 2    9.05%, 3   90.95%
类型3 正确率：   0.00% -> 1    0.00%, 2  100.00%, 3    0.00%


样本变换：reverse
样本变换：mask
样本变换：shift
样本变换：none
未过滤	未用伪标签：36.35% -> 使用伪标签：34.62%
已过滤	未用伪标签：36.03% -> 使用伪标签：34.79%
排除样本：30|6000	剩余：2000, 2077, 1893
增添样本：261		细则：77, 0, 184	正确率估算：96.55%
类型1 正确率： 100.00% -> 1  100.00%, 2    0.00%, 3    0.00%
类型2 正确率：   4.00% -> 1    0.00%, 2    3.91%, 3   96.09%
类型3 正确率：   0.00% -> 1    0.00%, 2  100.00%, 3    0.00%

被排除样本 正确率：100.00%
类型1 正确率： 100.00% -> 1  100.00%


轮次:··6/·20 || c_Loss:0.376 || e_Loss:-0.977 || Aad_Loss:-29.750 || 耗时：32.74s
轮次:··7/·20 || c_Loss:0.382 || e_Loss:-0.937 || Aad_Loss:-31.476 || 耗时：12.46s
轮次:··8/·20 || c_Loss:0.364 || e_Loss:-0.988 || Aad_Loss:-30.294 || 耗时：12.47s
轮次:··9/·20 || c_Loss:0.391 || e_Loss:-0.921 || Aad_Loss:-30.892 || 耗时：12.51s
轮次:·10/·20 || c_Loss:0.371 || e_Loss:-0.948 || Aad_Loss:-31.523 || 耗时：12.49s
任务: (B1)N15_M01_F10→(B2)N15_M07_F10; mix批次:····0; 批次:··940/·1880;  总正确率: 33.68%
类型1 正确率： 100.00% -> 1  100.00%, 2    0.00%, 3    0.00%
类型2 正确率：   1.00% -> 1    0.00%, 2    1.05%, 3   98.95%
类型3 正确率：   0.00% -> 1    0.00%, 2  100.00%, 3    0.00%


样本变换：reverse
样本变换：mask
样本变换：shift
样本变换：none
未过滤	未用伪标签：33.68% -> 使用伪标签：33.52%
已过滤	未用伪标签：33.65% -> 使用伪标签：33.53%
排除样本：3|6000	剩余：2000, 2011, 1986
增添样本：36		细则：11, 0, 25	正确率估算：100.00%
类型1 正确率： 100.00% -> 1  100.00%, 2    0.00%, 3    0.00%
类型2 正确率：   1.00% -> 1    0.00%, 2    0.55%, 3   99.45%
类型3 正确率：   0.00% -> 1    0.00%, 2  100.00%, 3    0.00%

被排除样本 正确率：100.00%
类型1 正确率： 100.00% -> 1  100.00%


轮次:·11/·20 || c_Loss:0.389 || e_Loss:-0.974 || Aad_Loss:-30.171 || 耗时：32.47s
轮次:·12/·20 || c_Loss:0.398 || e_Loss:-0.966 || Aad_Loss:-30.015 || 耗时：12.35s
轮次:·13/·20 || c_Loss:0.375 || e_Loss:-0.965 || Aad_Loss:-32.311 || 耗时：12.39s
轮次:·14/·20 || c_Loss:0.374 || e_Loss:-0.995 || Aad_Loss:-30.943 || 耗时：12.41s
轮次:·15/·20 || c_Loss:0.381 || e_Loss:-0.956 || Aad_Loss:-30.591 || 耗时：12.44s
任务: (B1)N15_M01_F10→(B2)N15_M07_F10; mix批次:····0; 批次:·1410/·1880;  总正确率: 33.35%
类型1 正确率： 100.00% -> 1  100.00%, 2    0.00%, 3    0.00%
类型2 正确率：   0.00% -> 1    0.00%, 2    0.05%, 3   99.95%
类型3 正确率：   0.00% -> 1    0.00%, 2  100.00%, 3    0.00%


样本变换：reverse
样本变换：mask
样本变换：shift
样本变换：none
未过滤	未用伪标签：33.35% -> 使用伪标签：33.33%
已过滤	未用伪标签：33.34% -> 使用伪标签：33.34%
排除样本：1|6000	剩余：2000, 2000, 1999
增添样本：1		细则：0, 0, 1	正确率估算：100.00%
类型1 正确率： 100.00% -> 1  100.00%, 2    0.00%, 3    0.00%
类型2 正确率：   0.00% -> 1    0.00%, 2    0.00%, 3  100.00%
类型3 正确率：   0.00% -> 1    0.00%, 2  100.00%, 3    0.00%

被排除样本 正确率：100.00%
类型1 正确率： 100.00% -> 1  100.00%


轮次:·16/·20 || c_Loss:0.382 || e_Loss:-1.016 || Aad_Loss:-23.824 || 耗时：32.56s
轮次:·17/·20 || c_Loss:0.379 || e_Loss:-1.011 || Aad_Loss:-23.357 || 耗时：12.51s
轮次:·18/·20 || c_Loss:0.391 || e_Loss:-0.921 || Aad_Loss:-25.002 || 耗时：12.50s
轮次:·19/·20 || c_Loss:0.379 || e_Loss:-1.015 || Aad_Loss:-23.449 || 耗时：12.48s
轮次:·20/·20 || c_Loss:0.382 || e_Loss:-1.017 || Aad_Loss:-23.441 || 耗时：12.49s
任务: (B1)N15_M01_F10→(B2)N15_M07_F10; mix批次:····0; 批次:·1880/·1880;  总正确率: 33.33%
类型1 正确率： 100.00% -> 1  100.00%, 2    0.00%, 3    0.00%
类型2 正确率：   0.00% -> 1    0.00%, 2    0.00%, 3  100.00%
类型3 正确率：   0.00% -> 1    0.00%, 2  100.00%, 3    0.00%


测试集任务: (B1)N15_M01_F10→(B2)N15_M07_F10; 总正确率 = 33.33%
类型1 正确率： 100.00% -> 1  100.00%, 2    0.00%, 3    0.00%
类型2 正确率：   0.00% -> 1    0.00%, 2    0.00%, 3  100.00%
类型3 正确率：   0.00% -> 1    0.00%, 2  100.00%, 3    0.00%


