读取源域路径：/kaggle/working/k10/S05/weight_PU_M1_final_checkpoint_FS05toS05c_gateoracle_s2024/NEW_PU/Source-源域/log&pt/(B1)N15_M01_F10
excel输出位置：/kaggle/working/k10/S05/weight_PU_M1_final_checkpoint_FS05toS05c_gateoracle_s2024/NEW_PU/Target-目标域
特征图片输出位置：/kaggle/working/k10/S05/weight_PU_M1_final_checkpoint_FS05toS05c_gateoracle_s2024/NEW_PU/Picture-特征图/2026年09月17日01时51分/(B1)N15_M01_F10
现在选取:(B1)N15_M01_F10 进行训练的源模型
现在进行：(B1)N15_M01_F10→(B3)N15_M07_F04 的迁移任务
log&pt输出位置：/kaggle/working/k10/S05/weight_PU_M1_final_checkpoint_FS05toS05c_gateoracle_s2024/NEW_PU/Target-目标域/log&pt/(B1)N15_M01_F10→(B3)N15_M07_F04
任务: (B1)N15_M01_F10→(B3)N15_M07_F04; 批次:····0/·1880;  总正确率: 37.17%
类型1 正确率：  61.00% -> 1   60.75%, 2   10.55%, 3   28.70%
类型2 正确率：   0.00% -> 1    0.00%, 2    0.00%, 3  100.00%
类型3 正确率：  51.00% -> 1    0.00%, 2   49.25%, 3   50.75%


样本变换：reverse
样本变换：mask
样本变换：shift
样本变换：none
未过滤	未用伪标签：37.17% -> 使用伪标签：39.48%
已过滤	未用伪标签：37.34% -> 使用伪标签：40.52%
排除样本：153|6000	剩余：1364, 1281, 3202
增添样本：359		细则：0, 359	正确率估算：100.00%
类型1 正确率：  74.00% -> 1   73.53%, 2   15.85%, 3   10.62%
类型2 正确率：   0.00% -> 1    0.00%, 2    0.00%, 3  100.00%
类型3 正确率：  50.00% -> 1    0.00%, 2   49.55%, 3   50.45%

被排除样本 正确率：30.72%
类型1 正确率：  30.00% -> 1   29.66%, 2    3.45%, 3   66.90%
类型2 没有样本或未被分类。
类型3 正确率：  50.00% -> 1    0.00%, 2   50.00%, 3   50.00%


轮次:··1/·20 || c_Loss:0.451 || e_Loss:-0.824 || Aad_Loss:-18.031 || 耗时：34.47s
轮次:··2/·20 || c_Loss:0.399 || e_Loss:-0.976 || Aad_Loss:-16.617 || 耗时：13.36s
轮次:··3/·20 || c_Loss:0.403 || e_Loss:-1.056 || Aad_Loss:-19.038 || 耗时：13.27s
轮次:··4/·20 || c_Loss:0.360 || e_Loss:-1.157 || Aad_Loss:-22.962 || 耗时：13.25s
轮次:··5/·20 || c_Loss:0.347 || e_Loss:-1.291 || Aad_Loss:-17.547 || 耗时：13.26s
任务: (B1)N15_M01_F10→(B3)N15_M07_F04; mix批次:····0; 批次:··470/·1880;  总正确率: 55.58%
类型1 正确率： 100.00% -> 1  100.00%, 2    0.00%, 3    0.00%
类型2 正确率：   6.00% -> 1    9.85%, 2    6.00%, 3   84.15%
类型3 正确率：  61.00% -> 1    0.00%, 2   39.25%, 3   60.75%


样本变换：reverse
样本变换：mask
样本变换：shift
样本变换：none
未过滤	未用伪标签：55.58% -> 使用伪标签：50.05%
已过滤	未用伪标签：55.92% -> 使用伪标签：50.35%
排除样本：36|6000	剩余：2000, 999, 2965
增添样本：2997		细则：0, 1999, 998	正确率估算：100.00%
类型1 正确率： 100.00% -> 1  100.00%, 2    0.00%, 3    0.00%
类型2 正确率：   0.00% -> 1    0.00%, 2    0.05%, 3   99.95%
类型3 正确率：  50.00% -> 1    0.00%, 2   49.90%, 3   50.10%

被排除样本 正确率：0.00%
类型1 没有样本或未被分类。
类型2 正确率：   0.00% -> 1  100.00%, 2    0.00%


轮次:··6/·20 || c_Loss:0.360 || e_Loss:-1.393 || Aad_Loss:-26.905 || 耗时：34.90s
轮次:··7/·20 || c_Loss:0.400 || e_Loss:-1.496 || Aad_Loss:-26.246 || 耗时：13.30s
轮次:··8/·20 || c_Loss:0.400 || e_Loss:-1.517 || Aad_Loss:-20.832 || 耗时：13.25s
轮次:··9/·20 || c_Loss:0.354 || e_Loss:-1.476 || Aad_Loss:-31.663 || 耗时：13.25s
轮次:·10/·20 || c_Loss:0.389 || e_Loss:-1.513 || Aad_Loss:-26.556 || 耗时：13.26s
任务: (B1)N15_M01_F10→(B3)N15_M07_F04; mix批次:····0; 批次:··940/·1880;  总正确率: 62.17%
类型1 正确率： 100.00% -> 1  100.00%, 2    0.00%, 3    0.00%
类型2 正确率：  11.00% -> 1    8.15%, 2   10.65%, 3   81.20%
类型3 正确率：  76.00% -> 1    6.25%, 2   17.90%, 3   75.85%


样本变换：reverse
样本变换：mask
样本变换：shift
样本变换：none
未过滤	未用伪标签：62.17% -> 使用伪标签：50.02%
已过滤	未用伪标签：63.94% -> 使用伪标签：51.71%
排除样本：196|6000	剩余：2008, 996, 2800
增添样本：999		细则：0, 999	正确率估算：100.00%
类型1 正确率： 100.00% -> 1  100.00%, 2    0.00%, 3    0.00%
类型2 正确率：   0.00% -> 1    0.44%, 2    0.00%, 3   99.56%
类型3 正确率：  50.00% -> 1    0.00%, 2   49.87%, 3   50.13%

被排除样本 正确率：9.69%
类型1 没有样本或未被分类。
类型2 正确率：  10.00% -> 1   78.76%, 2    9.84%, 3   11.40%
类型3 正确率：   0.00% -> 1  100.00%, 2    0.00%, 3    0.00%


轮次:·11/·20 || c_Loss:0.352 || e_Loss:-1.434 || Aad_Loss:-27.300 || 耗时：34.88s
轮次:·12/·20 || c_Loss:0.397 || e_Loss:-1.521 || Aad_Loss:-26.616 || 耗时：13.26s
轮次:·13/·20 || c_Loss:0.404 || e_Loss:-1.523 || Aad_Loss:-20.897 || 耗时：13.31s
轮次:·14/·20 || c_Loss:0.351 || e_Loss:-1.477 || Aad_Loss:-31.898 || 耗时：13.27s
轮次:·15/·20 || c_Loss:0.389 || e_Loss:-1.521 || Aad_Loss:-26.749 || 耗时：13.28s
任务: (B1)N15_M01_F10→(B3)N15_M07_F04; mix批次:····0; 批次:·1410/·1880;  总正确率: 62.20%
类型1 正确率： 100.00% -> 1  100.00%, 2    0.00%, 3    0.00%
类型2 正确率：  11.00% -> 1    7.40%, 2   10.85%, 3   81.75%
类型3 正确率：  76.00% -> 1    4.60%, 2   19.65%, 3   75.75%


样本变换：reverse
样本变换：mask
样本变换：shift
样本变换：none
未过滤	未用伪标签：62.20% -> 使用伪标签：50.05%
已过滤	未用伪标签：63.74% -> 使用伪标签：51.98%
排除样本：223|6000	剩余：2016, 1000, 2761
增添样本：2997		细则：0, 1998, 999	正确率估算：100.00%
类型1 正确率： 100.00% -> 1  100.00%, 2    0.00%, 3    0.00%
类型2 正确率：   0.00% -> 1    0.90%, 2    0.11%, 3   98.99%
类型3 正确率：  50.00% -> 1    0.00%, 2   49.92%, 3   50.08%

被排除样本 正确率：22.42%
类型1 没有样本或未被分类。
类型2 正确率：  22.00% -> 1   58.56%, 2   22.07%, 3   19.37%
类型3 正确率： 100.00% -> 1    0.00%, 2    0.00%, 3  100.00%


轮次:·16/·20 || c_Loss:0.345 || e_Loss:-1.444 || Aad_Loss:-33.491 || 耗时：34.95s
轮次:·17/·20 || c_Loss:0.382 || e_Loss:-1.496 || Aad_Loss:-25.859 || 耗时：13.26s
轮次:·18/·20 || c_Loss:0.349 || e_Loss:-1.462 || Aad_Loss:-24.631 || 耗时：13.27s
轮次:·19/·20 || c_Loss:0.389 || e_Loss:-1.548 || Aad_Loss:-26.614 || 耗时：13.30s
轮次:·20/·20 || c_Loss:0.375 || e_Loss:-1.497 || Aad_Loss:-21.297 || 耗时：13.26s
任务: (B1)N15_M01_F10→(B3)N15_M07_F04; mix批次:····0; 批次:·1880/·1880;  总正确率: 66.20%
类型1 正确率： 100.00% -> 1  100.00%, 2    0.00%, 3    0.00%
类型2 正确率：  13.00% -> 1    9.05%, 2   13.15%, 3   77.80%
类型3 正确率：  85.00% -> 1    0.90%, 2   13.65%, 3   85.45%


测试集任务: (B1)N15_M01_F10→(B3)N15_M07_F04; 总正确率 = 66.20%
类型1 正确率： 100.00% -> 1  100.00%, 2    0.00%, 3    0.00%
类型2 正确率：  13.00% -> 1    9.05%, 2   13.15%, 3   77.80%
类型3 正确率：  85.00% -> 1    0.90%, 2   13.65%, 3   85.45%


