读取源域路径：/kaggle/working/k10/S05/weight_PU_M1_final_checkpoint_FS05toS05c_gateoracle_s2024/NEW_PU/Source-源域/log&pt/(B2)N15_M07_F10
excel输出位置：/kaggle/working/k10/S05/weight_PU_M1_final_checkpoint_FS05toS05c_gateoracle_s2024/NEW_PU/Target-目标域
特征图片输出位置：/kaggle/working/k10/S05/weight_PU_M1_final_checkpoint_FS05toS05c_gateoracle_s2024/NEW_PU/Picture-特征图/2026年09月17日02时03分/(B2)N15_M07_F10
现在选取:(B2)N15_M07_F10 进行训练的源模型
现在进行：(B2)N15_M07_F10→(B3)N15_M07_F04 的迁移任务
log&pt输出位置：/kaggle/working/k10/S05/weight_PU_M1_final_checkpoint_FS05toS05c_gateoracle_s2024/NEW_PU/Target-目标域/log&pt/(B2)N15_M07_F10→(B3)N15_M07_F04
任务: (B2)N15_M07_F10→(B3)N15_M07_F04; 批次:····0/·1880;  总正确率: 47.33%
类型1 正确率：  90.00% -> 1   90.40%, 2    3.00%, 3    6.60%
类型2 正确率：   5.00% -> 1    0.00%, 2    5.35%, 3   94.65%
类型3 正确率：  46.00% -> 1    0.00%, 2   53.75%, 3   46.25%


样本变换：reverse
样本变换：mask
样本变换：shift
样本变换：none
未过滤	未用伪标签：47.33% -> 使用伪标签：46.75%
已过滤	未用伪标签：46.84% -> 使用伪标签：47.31%
排除样本：71|6000	剩余：1800, 1146, 2983
增添样本：2592		细则：0, 1792, 800	正确率估算：92.57%
类型1 正确率：  93.00% -> 1   92.83%, 2    7.12%, 3    0.05%
类型2 正确率：   0.00% -> 1    0.05%, 2    0.35%, 3   99.60%
类型3 正确率：  50.00% -> 1    0.00%, 2   50.05%, 3   49.95%

被排除样本 正确率：88.73%
类型1 正确率：  87.00% -> 1   87.10%, 2    9.68%, 3    3.23%
类型2 正确率： 100.00% -> 1    0.00%, 2  100.00%, 3    0.00%
类型3 没有样本或未被分类。


轮次:··1/·20 || c_Loss:0.458 || e_Loss:-0.987 || Aad_Loss:-25.435 || 耗时：34.83s
轮次:··2/·20 || c_Loss:0.357 || e_Loss:-1.139 || Aad_Loss:-27.192 || 耗时：13.37s
轮次:··3/·20 || c_Loss:0.356 || e_Loss:-1.243 || Aad_Loss:-26.637 || 耗时：13.26s
轮次:··4/·20 || c_Loss:0.394 || e_Loss:-1.284 || Aad_Loss:-26.737 || 耗时：13.25s
轮次:··5/·20 || c_Loss:0.363 || e_Loss:-1.294 || Aad_Loss:-28.373 || 耗时：13.26s
任务: (B2)N15_M07_F10→(B3)N15_M07_F04; mix批次:····0; 批次:··470/·1880;  总正确率: 52.08%
类型1 正确率： 100.00% -> 1  100.00%, 2    0.00%, 3    0.00%
类型2 正确率：   3.00% -> 1    0.00%, 2    2.80%, 3   97.20%
类型3 正确率：  53.00% -> 1    6.30%, 2   40.25%, 3   53.45%


样本变换：reverse
样本变换：mask
样本变换：shift
样本变换：none
未过滤	未用伪标签：52.08% -> 使用伪标签：58.55%
已过滤	未用伪标签：52.47% -> 使用伪标签：60.59%
排除样本：202|6000	剩余：2001, 1886, 1911
增添样本：2487		细则：0, 1259, 1228	正确率估算：54.33%
类型1 正确率： 100.00% -> 1  100.00%, 2    0.00%, 3    0.00%
类型2 正确率：  39.00% -> 1    0.05%, 2   39.39%, 3   60.55%
类型3 正确率：  40.00% -> 1    0.00%, 2   59.73%, 3   40.27%

被排除样本 正确率：41.09%
类型1 正确率：   0.00% -> 1    0.00%, 2  100.00%
类型2 正确率： 100.00% -> 1    0.00%, 2  100.00%


轮次:··6/·20 || c_Loss:0.593 || e_Loss:-1.435 || Aad_Loss:-23.174 || 耗时：35.30s
轮次:··7/·20 || c_Loss:0.524 || e_Loss:-1.518 || Aad_Loss:-23.134 || 耗时：13.31s
轮次:··8/·20 || c_Loss:0.623 || e_Loss:-1.509 || Aad_Loss:-21.656 || 耗时：13.30s
轮次:··9/·20 || c_Loss:0.570 || e_Loss:-1.499 || Aad_Loss:-23.653 || 耗时：13.28s
轮次:·10/·20 || c_Loss:0.608 || e_Loss:-1.475 || Aad_Loss:-19.293 || 耗时：13.33s
任务: (B2)N15_M07_F10→(B3)N15_M07_F04; mix批次:····0; 批次:··940/·1880;  总正确率: 64.67%
类型1 正确率： 100.00% -> 1  100.00%, 2    0.00%, 3    0.00%
类型2 正确率：  44.00% -> 1    4.40%, 2   44.10%, 3   51.50%
类型3 正确率：  50.00% -> 1    0.35%, 2   49.75%, 3   49.90%


样本变换：reverse
样本变换：mask
样本变换：shift
样本变换：none
未过滤	未用伪标签：64.67% -> 使用伪标签：50.32%
已过滤	未用伪标签：64.82% -> 使用伪标签：50.59%
排除样本：33|6000	剩余：2000, 1019, 2948
增添样本：2981		细则：0, 1981, 1000	正确率估算：99.90%
类型1 正确率： 100.00% -> 1  100.00%, 2    0.00%, 3    0.00%
类型2 正确率：   1.00% -> 1    0.00%, 2    0.97%, 3   99.03%
类型3 正确率：  50.00% -> 1    0.00%, 2   50.00%, 3   50.00%

被排除样本 正确率：36.36%
类型1 没有样本或未被分类。
类型2 正确率：  36.00% -> 1   63.64%, 2   36.36%


轮次:·11/·20 || c_Loss:0.375 || e_Loss:-1.465 || Aad_Loss:-25.005 || 耗时：34.83s
轮次:·12/·20 || c_Loss:0.417 || e_Loss:-1.485 || Aad_Loss:-29.708 || 耗时：13.30s
轮次:·13/·20 || c_Loss:0.374 || e_Loss:-1.553 || Aad_Loss:-28.178 || 耗时：13.29s
轮次:·14/·20 || c_Loss:0.380 || e_Loss:-1.479 || Aad_Loss:-27.820 || 耗时：13.30s
轮次:·15/·20 || c_Loss:0.362 || e_Loss:-1.531 || Aad_Loss:-25.915 || 耗时：13.31s
任务: (B2)N15_M07_F10→(B3)N15_M07_F04; mix批次:····0; 批次:·1410/·1880;  总正确率: 59.33%
类型1 正确率： 100.00% -> 1  100.00%, 2    0.00%, 3    0.00%
类型2 正确率：   5.00% -> 1    4.75%, 2    4.55%, 3   90.70%
类型3 正确率：  73.00% -> 1    0.30%, 2   26.25%, 3   73.45%


样本变换：reverse
样本变换：mask
样本变换：shift
样本变换：none
未过滤	未用伪标签：59.33% -> 使用伪标签：50.07%
已过滤	未用伪标签：60.86% -> 使用伪标签：51.39%
排除样本：155|6000	剩余：2000, 1004, 2841
增添样本：2996		细则：0, 1996, 1000	正确率估算：99.80%
类型1 正确率： 100.00% -> 1  100.00%, 2    0.00%, 3    0.00%
类型2 正确率：   0.00% -> 1    0.00%, 2    0.22%, 3   99.78%
类型3 正确率：  50.00% -> 1    0.00%, 2   50.00%, 3   50.00%

被排除样本 正确率：1.94%
类型1 没有样本或未被分类。
类型2 正确率：   2.00% -> 1   58.06%, 2    1.94%, 3   40.00%
类型3 没有样本或未被分类。


轮次:·16/·20 || c_Loss:0.399 || e_Loss:-1.520 || Aad_Loss:-27.528 || 耗时：34.90s
轮次:·17/·20 || c_Loss:0.385 || e_Loss:-1.500 || Aad_Loss:-23.644 || 耗时：13.27s
轮次:·18/·20 || c_Loss:0.357 || e_Loss:-1.502 || Aad_Loss:-27.527 || 耗时：13.27s
轮次:·19/·20 || c_Loss:0.353 || e_Loss:-1.438 || Aad_Loss:-33.449 || 耗时：13.28s
轮次:·20/·20 || c_Loss:0.411 || e_Loss:-1.526 || Aad_Loss:-26.155 || 耗时：13.27s
任务: (B2)N15_M07_F10→(B3)N15_M07_F04; mix批次:····0; 批次:·1880/·1880;  总正确率: 60.88%
类型1 正确率： 100.00% -> 1  100.00%, 2    0.00%, 3    0.00%
类型2 正确率：   4.00% -> 1    5.05%, 2    3.95%, 3   91.00%
类型3 正确率：  79.00% -> 1    0.80%, 2   20.50%, 3   78.70%


测试集任务: (B2)N15_M07_F10→(B3)N15_M07_F04; 总正确率 = 60.88%
类型1 正确率： 100.00% -> 1  100.00%, 2    0.00%, 3    0.00%
类型2 正确率：   4.00% -> 1    5.05%, 2    3.95%, 3   91.00%
类型3 正确率：  79.00% -> 1    0.80%, 2   20.50%, 3   78.70%


