读取源域路径：/kaggle/working/k10/S05/weight_PU_M1_final_checkpoint_FS05toS05c_gateoracle_s2024/NEW_PU/Source-源域/log&pt/(B2)N15_M07_F10
excel输出位置：/kaggle/working/k10/S05/weight_PU_M1_final_checkpoint_FS05toS05c_gateoracle_s2024/NEW_PU/Target-目标域
特征图片输出位置：/kaggle/working/k10/S05/weight_PU_M1_final_checkpoint_FS05toS05c_gateoracle_s2024/NEW_PU/Picture-特征图/2026年09月17日01时57分/(B2)N15_M07_F10
现在选取:(B2)N15_M07_F10 进行训练的源模型
现在进行：(B2)N15_M07_F10→(B1)N15_M01_F10 的迁移任务
log&pt输出位置：/kaggle/working/k10/S05/weight_PU_M1_final_checkpoint_FS05toS05c_gateoracle_s2024/NEW_PU/Target-目标域/log&pt/(B2)N15_M07_F10→(B1)N15_M01_F10
任务: (B2)N15_M07_F10→(B1)N15_M01_F10; 批次:····0/·1880;  总正确率: 37.00%
类型1 正确率：  84.00% -> 1   84.05%, 2    5.00%, 3   10.95%
类型2 正确率：  26.00% -> 1    0.00%, 2   26.25%, 3   73.75%
类型3 正确率：   1.00% -> 1    0.00%, 2   99.30%, 3    0.70%


样本变换：reverse
样本变换：mask
样本变换：shift
样本变换：none
未过滤	未用伪标签：37.00% -> 使用伪标签：38.37%
已过滤	未用伪标签：36.58% -> 使用伪标签：39.33%
排除样本：147|6000	剩余：1819, 2550, 1484
增添样本：3155		细则：0, 1351, 1804	正确率估算：97.72%
类型1 正确率：  94.00% -> 1   93.91%, 2    5.89%, 3    0.21%
类型2 正确率：  24.00% -> 1    0.00%, 2   24.21%, 3   75.79%
类型3 正确率：   1.00% -> 1    0.00%, 2   99.24%, 3    0.76%

被排除样本 正确率：53.74%
类型1 正确率：  52.00% -> 1   52.38%, 2   23.81%, 3   23.81%
类型2 正确率：  61.00% -> 1    0.00%, 2   61.19%, 3   38.81%
类型3 正确率：  29.00% -> 1    0.00%, 2   70.59%, 3   29.41%


轮次:··1/·20 || c_Loss:0.540 || e_Loss:-0.992 || Aad_Loss:-25.305 || 耗时：34.64s
轮次:··2/·20 || c_Loss:0.422 || e_Loss:-1.184 || Aad_Loss:-16.162 || 耗时：13.39s
轮次:··3/·20 || c_Loss:0.480 || e_Loss:-1.345 || Aad_Loss:-16.988 || 耗时：13.27s
轮次:··4/·20 || c_Loss:0.430 || e_Loss:-1.285 || Aad_Loss:-13.561 || 耗时：13.25s
轮次:··5/·20 || c_Loss:0.356 || e_Loss:-1.166 || Aad_Loss:-24.089 || 耗时：13.27s
任务: (B2)N15_M07_F10→(B1)N15_M01_F10; mix批次:····0; 批次:··470/·1880;  总正确率: 62.08%
类型1 正确率： 100.00% -> 1  100.00%, 2    0.00%, 3    0.00%
类型2 正确率：  86.00% -> 1    0.00%, 2   86.25%, 3   13.75%
类型3 正确率：   0.00% -> 1    2.40%, 2   97.60%, 3    0.00%


样本变换：reverse
样本变换：mask
样本变换：shift
样本变换：none
未过滤	未用伪标签：62.08% -> 使用伪标签：52.22%
已过滤	未用伪标签：61.85% -> 使用伪标签：52.53%
排除样本：36|6000	剩余：2000, 3133, 831
增添样本：867		细则：0, 867	正确率估算：100.00%
类型1 正确率： 100.00% -> 1  100.00%, 2    0.00%, 3    0.00%
类型2 正确率：  58.00% -> 1    0.00%, 2   57.69%, 3   42.31%
类型3 正确率：   0.00% -> 1    0.00%, 2  100.00%, 3    0.00%

被排除样本 正确率：100.00%
类型1 正确率： 100.00% -> 1  100.00%


轮次:··6/·20 || c_Loss:0.471 || e_Loss:-1.441 || Aad_Loss:-26.152 || 耗时：34.87s
轮次:··7/·20 || c_Loss:0.405 || e_Loss:-1.394 || Aad_Loss:-32.895 || 耗时：13.28s
轮次:··8/·20 || c_Loss:0.491 || e_Loss:-1.460 || Aad_Loss:-24.909 || 耗时：13.26s
轮次:··9/·20 || c_Loss:0.457 || e_Loss:-1.452 || Aad_Loss:-22.470 || 耗时：13.30s
轮次:·10/·20 || c_Loss:0.432 || e_Loss:-1.439 || Aad_Loss:-24.985 || 耗时：13.24s
任务: (B2)N15_M07_F10→(B1)N15_M01_F10; mix批次:····0; 批次:··940/·1880;  总正确率: 66.22%
类型1 正确率： 100.00% -> 1  100.00%, 2    0.00%, 3    0.00%
类型2 正确率：  99.00% -> 1    0.00%, 2   98.65%, 3    1.35%
类型3 正确率：   0.00% -> 1    2.55%, 2   97.45%, 3    0.00%


样本变换：reverse
样本变换：mask
样本变换：shift
样本变换：none
未过滤	未用伪标签：66.22% -> 使用伪标签：70.38%
已过滤	未用伪标签：66.62% -> 使用伪标签：71.86%
排除样本：123|6000	剩余：2000, 2584, 1293
增添样本：1777		细则：0, 564, 1213	正确率估算：41.75%
类型1 正确率： 100.00% -> 1  100.00%, 2    0.00%, 3    0.00%
类型2 正确率：  74.00% -> 1    0.00%, 2   73.94%, 3   26.06%
类型3 正确率：  41.00% -> 1    0.00%, 2   59.33%, 3   40.67%

被排除样本 正确率：47.15%
类型1 正确率： 100.00% -> 1  100.00%, 2    0.00%
类型2 正确率：   0.00% -> 1  100.00%, 2    0.00%


轮次:·11/·20 || c_Loss:0.650 || e_Loss:-1.337 || Aad_Loss:-21.186 || 耗时：35.18s
轮次:·12/·20 || c_Loss:0.619 || e_Loss:-1.315 || Aad_Loss:-22.927 || 耗时：13.35s
轮次:·13/·20 || c_Loss:0.652 || e_Loss:-1.292 || Aad_Loss:-21.133 || 耗时：13.32s
轮次:·14/·20 || c_Loss:0.548 || e_Loss:-1.411 || Aad_Loss:-23.528 || 耗时：13.34s
轮次:·15/·20 || c_Loss:0.530 || e_Loss:-1.325 || Aad_Loss:-21.427 || 耗时：13.31s
任务: (B2)N15_M07_F10→(B1)N15_M01_F10; mix批次:····0; 批次:·1410/·1880;  总正确率: 88.48%
类型1 正确率： 100.00% -> 1  100.00%, 2    0.00%, 3    0.00%
类型2 正确率： 100.00% -> 1    0.00%, 2   99.80%, 3    0.20%
类型3 正确率：  66.00% -> 1    0.95%, 2   33.40%, 3   65.65%


样本变换：reverse
样本变换：mask
样本变换：shift
样本变换：none
未过滤	未用伪标签：88.48% -> 使用伪标签：86.55%
已过滤	未用伪标签：88.46% -> 使用伪标签：87.23%
排除样本：47|6000	剩余：2000, 2760, 1193
增添样本：807		细则：0, 0, 807	正确率估算：98.51%
类型1 正确率： 100.00% -> 1  100.00%, 2    0.00%, 3    0.00%
类型2 正确率： 100.00% -> 1    0.00%, 2  100.00%, 3    0.00%
类型3 正确率：  61.00% -> 1    0.00%, 2   38.91%, 3   61.09%

被排除样本 正确率：91.49%
类型1 没有样本或未被分类。
类型2 正确率：  91.00% -> 1    8.51%, 2   91.49%


轮次:·16/·20 || c_Loss:0.392 || e_Loss:-1.381 || Aad_Loss:-28.181 || 耗时：35.00s
轮次:·17/·20 || c_Loss:0.363 || e_Loss:-1.493 || Aad_Loss:-27.065 || 耗时：13.26s
轮次:·18/·20 || c_Loss:0.353 || e_Loss:-1.583 || Aad_Loss:-26.428 || 耗时：13.25s
轮次:·19/·20 || c_Loss:0.335 || e_Loss:-1.674 || Aad_Loss:-23.967 || 耗时：13.27s
轮次:·20/·20 || c_Loss:0.400 || e_Loss:-1.292 || Aad_Loss:-28.727 || 耗时：13.27s
任务: (B2)N15_M07_F10→(B1)N15_M01_F10; mix批次:····0; 批次:·1880/·1880;  总正确率: 96.25%
类型1 正确率： 100.00% -> 1  100.00%, 2    0.00%, 3    0.00%
类型2 正确率：  99.00% -> 1    0.00%, 2   99.35%, 3    0.65%
类型3 正确率：  89.00% -> 1    0.00%, 2   10.60%, 3   89.40%


测试集任务: (B2)N15_M07_F10→(B1)N15_M01_F10; 总正确率 = 96.25%
类型1 正确率： 100.00% -> 1  100.00%, 2    0.00%, 3    0.00%
类型2 正确率：  99.00% -> 1    0.00%, 2   99.35%, 3    0.65%
类型3 正确率：  89.00% -> 1    0.00%, 2   10.60%, 3   89.40%


