读取源域路径：/kaggle/working/k10/S05/weight_PU_M1_final_checkpoint_FS05toS05c_gateoracle_s2024/NEW_PU/Source-源域/log&pt/(B3)N15_M07_F04
excel输出位置：/kaggle/working/k10/S05/weight_PU_M1_final_checkpoint_FS05toS05c_gateoracle_s2024/NEW_PU/Target-目标域
特征图片输出位置：/kaggle/working/k10/S05/weight_PU_M1_final_checkpoint_FS05toS05c_gateoracle_s2024/NEW_PU/Picture-特征图/2026年09月17日02时09分/(B3)N15_M07_F04
现在选取:(B3)N15_M07_F04 进行训练的源模型
现在进行：(B3)N15_M07_F04→(B1)N15_M01_F10 的迁移任务
log&pt输出位置：/kaggle/working/k10/S05/weight_PU_M1_final_checkpoint_FS05toS05c_gateoracle_s2024/NEW_PU/Target-目标域/log&pt/(B3)N15_M07_F04→(B1)N15_M01_F10
任务: (B3)N15_M07_F04→(B1)N15_M01_F10; 批次:····0/·1880;  总正确率: 24.02%
类型1 正确率：  43.00% -> 1   43.20%, 2   12.00%, 3   44.80%
类型2 正确率：  27.00% -> 1    0.00%, 2   26.75%, 3   73.25%
类型3 正确率：   2.00% -> 1    0.00%, 2   97.90%, 3    2.10%


样本变换：reverse
样本变换：mask
样本变换：shift
样本变换：none
未过滤	未用伪标签：24.02% -> 使用伪标签：27.35%
已过滤	未用伪标签：24.12% -> 使用伪标签：27.91%
排除样本：121|6000	剩余：970, 2915, 1994
增添样本：1269		细则：0, 301, 968	正确率估算：81.52%
类型1 正确率：  51.00% -> 1   50.81%, 2   13.04%, 3   36.14%
类型2 正确率：  34.00% -> 1    0.00%, 2   33.94%, 3   66.06%
类型3 正确率：   0.00% -> 1    0.00%, 2   99.90%, 3    0.10%

被排除样本 正确率：19.01%
类型1 正确率：  23.00% -> 1   23.08%, 2   19.78%, 3   57.14%
类型2 正确率：   3.00% -> 1    0.00%, 2    3.45%, 3   96.55%
类型3 正确率： 100.00% -> 1    0.00%, 2    0.00%, 3  100.00%


轮次:··1/·20 || c_Loss:0.431 || e_Loss:-1.082 || Aad_Loss:-20.206 || 耗时：34.61s
轮次:··2/·20 || c_Loss:0.393 || e_Loss:-1.223 || Aad_Loss:-14.489 || 耗时：13.37s
轮次:··3/·20 || c_Loss:0.371 || e_Loss:-1.312 || Aad_Loss:-12.150 || 耗时：13.26s
轮次:··4/·20 || c_Loss:0.433 || e_Loss:-1.361 || Aad_Loss:-15.532 || 耗时：13.28s
轮次:··5/·20 || c_Loss:0.373 || e_Loss:-1.292 || Aad_Loss:-15.314 || 耗时：13.29s
任务: (B3)N15_M07_F04→(B1)N15_M01_F10; mix批次:····0; 批次:··470/·1880;  总正确率: 63.12%
类型1 正确率：  97.00% -> 1   96.80%, 2    0.00%, 3    3.20%
类型2 正确率：  93.00% -> 1    0.00%, 2   92.55%, 3    7.45%
类型3 正确率：   0.00% -> 1    5.40%, 2   94.60%, 3    0.00%


样本变换：reverse
样本变换：mask
样本变换：shift
样本变换：none
未过滤	未用伪标签：63.12% -> 使用伪标签：54.58%
已过滤	未用伪标签：62.91% -> 使用伪标签：54.89%
排除样本：33|6000	剩余：2000, 3275, 692
增添样本：725		细则：0, 725	正确率估算：100.00%
类型1 正确率： 100.00% -> 1  100.00%, 2    0.00%, 3    0.00%
类型2 正确率：  65.00% -> 1    0.00%, 2   64.82%, 3   35.18%
类型3 正确率：   0.00% -> 1    0.00%, 2  100.00%, 3    0.00%

被排除样本 正确率：100.00%
类型1 正确率： 100.00% -> 1  100.00%


轮次:··6/·20 || c_Loss:0.420 || e_Loss:-1.362 || Aad_Loss:-27.852 || 耗时：34.72s
轮次:··7/·20 || c_Loss:0.449 || e_Loss:-1.457 || Aad_Loss:-28.382 || 耗时：13.25s
轮次:··8/·20 || c_Loss:0.488 || e_Loss:-1.424 || Aad_Loss:-29.086 || 耗时：13.21s
轮次:··9/·20 || c_Loss:0.459 || e_Loss:-1.434 || Aad_Loss:-27.168 || 耗时：13.23s
轮次:·10/·20 || c_Loss:0.397 || e_Loss:-1.385 || Aad_Loss:-24.924 || 耗时：13.22s
任务: (B3)N15_M07_F04→(B1)N15_M01_F10; mix批次:····0; 批次:··940/·1880;  总正确率: 66.75%
类型1 正确率： 100.00% -> 1  100.00%, 2    0.00%, 3    0.00%
类型2 正确率： 100.00% -> 1    0.00%, 2  100.00%, 3    0.00%
类型3 正确率：   0.00% -> 1    1.05%, 2   98.70%, 3    0.25%


样本变换：reverse
样本变换：mask
样本变换：shift
样本变换：none
未过滤	未用伪标签：66.75% -> 使用伪标签：82.73%
已过滤	未用伪标签：66.87% -> 使用伪标签：82.89%
排除样本：11|6000	剩余：2000, 3025, 964
增添样本：1036		细则：0, 0, 1036	正确率估算：0.41%
类型1 正确率： 100.00% -> 1  100.00%, 2    0.00%, 3    0.00%
类型2 正确率： 100.00% -> 1    0.00%, 2  100.00%, 3    0.00%
类型3 正确率：  48.00% -> 1    0.00%, 2   51.53%, 3   48.47%

被排除样本 正确率：0.00%
类型1 没有样本或未被分类。
类型2 正确率：   0.00% -> 1  100.00%, 2    0.00%


轮次:·11/·20 || c_Loss:0.578 || e_Loss:-1.291 || Aad_Loss:-26.550 || 耗时：34.95s
轮次:·12/·20 || c_Loss:0.567 || e_Loss:-1.337 || Aad_Loss:-28.344 || 耗时：13.34s
轮次:·13/·20 || c_Loss:0.539 || e_Loss:-1.372 || Aad_Loss:-22.956 || 耗时：13.33s
轮次:·14/·20 || c_Loss:0.464 || e_Loss:-1.386 || Aad_Loss:-25.743 || 耗时：13.35s
轮次:·15/·20 || c_Loss:0.431 || e_Loss:-1.384 || Aad_Loss:-26.296 || 耗时：13.31s
任务: (B3)N15_M07_F04→(B1)N15_M01_F10; mix批次:····0; 批次:·1410/·1880;  总正确率: 87.93%
类型1 正确率： 100.00% -> 1  100.00%, 2    0.00%, 3    0.00%
类型2 正确率： 100.00% -> 1    0.00%, 2   99.75%, 3    0.25%
类型3 正确率：  64.00% -> 1    0.00%, 2   35.95%, 3   64.05%


样本变换：reverse
样本变换：mask
样本变换：shift
样本变换：none
未过滤	未用伪标签：87.93% -> 使用伪标签：95.23%
已过滤	未用伪标签：88.49% -> 使用伪标签：96.42%
排除样本：74|6000	剩余：2000, 2044, 1882
增添样本：286		细则：0, 100, 186	正确率估算：84.62%
类型1 正确率： 100.00% -> 1  100.00%, 2    0.00%, 3    0.00%
类型2 正确率：  97.00% -> 1    0.00%, 2   96.54%, 3    3.46%
类型3 正确率：  93.00% -> 1    0.00%, 2    7.35%, 3   92.65%

被排除样本 正确率：43.24%
类型1 正确率： 100.00% -> 1  100.00%, 2    0.00%
类型2 正确率：   0.00% -> 1  100.00%, 2    0.00%


轮次:·16/·20 || c_Loss:0.442 || e_Loss:-1.448 || Aad_Loss:-23.719 || 耗时：34.46s
轮次:·17/·20 || c_Loss:0.433 || e_Loss:-1.482 || Aad_Loss:-25.638 || 耗时：13.25s
轮次:·18/·20 || c_Loss:0.451 || e_Loss:-1.521 || Aad_Loss:-22.338 || 耗时：13.25s
轮次:·19/·20 || c_Loss:0.404 || e_Loss:-1.562 || Aad_Loss:-26.621 || 耗时：13.27s
轮次:·20/·20 || c_Loss:0.390 || e_Loss:-1.560 || Aad_Loss:-26.539 || 耗时：13.24s
任务: (B3)N15_M07_F04→(B1)N15_M01_F10; mix批次:····0; 批次:·1880/·1880;  总正确率: 97.17%
类型1 正确率： 100.00% -> 1  100.00%, 2    0.00%, 3    0.00%
类型2 正确率：  93.00% -> 1    0.00%, 2   92.80%, 3    7.20%
类型3 正确率：  99.00% -> 1    0.00%, 2    1.30%, 3   98.70%


测试集任务: (B3)N15_M07_F04→(B1)N15_M01_F10; 总正确率 = 97.17%
类型1 正确率： 100.00% -> 1  100.00%, 2    0.00%, 3    0.00%
类型2 正确率：  93.00% -> 1    0.00%, 2   92.80%, 3    7.20%
类型3 正确率：  99.00% -> 1    0.00%, 2    1.30%, 3   98.70%


