读取源域路径：/kaggle/working/k10/S05/weight_PU_M1_final_checkpoint_FS05toS05c_gateoracle_s2024/NEW_PU/Source-源域/log&pt/(B3)N15_M07_F04
excel输出位置：/kaggle/working/k10/S05/weight_PU_M1_final_checkpoint_FS05toS05c_gateoracle_s2024/NEW_PU/Target-目标域
特征图片输出位置：/kaggle/working/k10/S05/weight_PU_M1_final_checkpoint_FS05toS05c_gateoracle_s2024/NEW_PU/Picture-特征图/2026年09月17日02时15分/(B3)N15_M07_F04
现在选取:(B3)N15_M07_F04 进行训练的源模型
现在进行：(B3)N15_M07_F04→(B2)N15_M07_F10 的迁移任务
log&pt输出位置：/kaggle/working/k10/S05/weight_PU_M1_final_checkpoint_FS05toS05c_gateoracle_s2024/NEW_PU/Target-目标域/log&pt/(B3)N15_M07_F04→(B2)N15_M07_F10
任务: (B3)N15_M07_F04→(B2)N15_M07_F10; 批次:····0/·1880;  总正确率: 20.15%
类型1 正确率：  40.00% -> 1   39.80%, 2   21.15%, 3   39.05%
类型2 正确率：  19.00% -> 1    0.00%, 2   18.90%, 3   81.10%
类型3 正确率：   2.00% -> 1    0.00%, 2   98.25%, 3    1.75%


样本变换：reverse
样本变换：mask
样本变换：shift
样本变换：none
未过滤	未用伪标签：20.15% -> 使用伪标签：23.07%
已过滤	未用伪标签：20.13% -> 使用伪标签：23.78%
排除样本：179|6000	剩余：855, 2893, 2073
增添样本：1181		细则：0, 328, 853	正确率估算：72.42%
类型1 正确率：  45.00% -> 1   44.65%, 2   19.53%, 3   35.82%
类型2 正确率：  28.00% -> 1    0.00%, 2   27.56%, 3   72.44%
类型3 正确率：   0.00% -> 1    0.00%, 2   99.90%, 3    0.10%

被排除样本 正确率：20.67%
类型1 正确率：  31.00% -> 1   30.59%, 2   51.76%, 3   17.65%
类型2 正确率：   6.00% -> 1    0.00%, 2    5.68%, 3   94.32%
类型3 正确率： 100.00% -> 1    0.00%, 2    0.00%, 3  100.00%


轮次:··1/·20 || c_Loss:0.436 || e_Loss:-0.991 || Aad_Loss:-11.078 || 耗时：34.55s
轮次:··2/·20 || c_Loss:0.415 || e_Loss:-1.191 || Aad_Loss:-10.253 || 耗时：13.45s
轮次:··3/·20 || c_Loss:0.387 || e_Loss:-1.257 || Aad_Loss:-11.483 || 耗时：13.35s
轮次:··4/·20 || c_Loss:0.521 || e_Loss:-1.141 || Aad_Loss:-11.008 || 耗时：13.34s
轮次:··5/·20 || c_Loss:0.357 || e_Loss:-1.312 || Aad_Loss:-15.547 || 耗时：13.34s
任务: (B3)N15_M07_F04→(B2)N15_M07_F10; mix批次:····0; 批次:··470/·1880;  总正确率: 62.68%
类型1 正确率：  92.00% -> 1   92.15%, 2    0.00%, 3    7.85%
类型2 正确率：  96.00% -> 1    0.00%, 2   95.90%, 3    4.10%
类型3 正确率：   0.00% -> 1    3.55%, 2   96.45%, 3    0.00%


样本变换：reverse
样本变换：mask
样本变换：shift
样本变换：none
未过滤	未用伪标签：62.68% -> 使用伪标签：54.72%
已过滤	未用伪标签：62.51% -> 使用伪标签：55.02%
排除样本：33|6000	剩余：2000, 3281, 686
增添样本：717		细则：0, 717	正确率估算：100.00%
类型1 正确率： 100.00% -> 1  100.00%, 2    0.00%, 3    0.00%
类型2 正确率：  65.00% -> 1    0.00%, 2   65.16%, 3   34.84%
类型3 正确率：   0.00% -> 1    0.00%, 2  100.00%, 3    0.00%

被排除样本 正确率：93.94%
类型1 没有样本或未被分类。
类型2 正确率： 100.00% -> 1    0.00%, 2  100.00%, 3    0.00%
类型3 正确率：   0.00% -> 1  100.00%, 2    0.00%, 3    0.00%


轮次:··6/·20 || c_Loss:0.422 || e_Loss:-1.412 || Aad_Loss:-29.415 || 耗时：34.65s
轮次:··7/·20 || c_Loss:0.477 || e_Loss:-1.463 || Aad_Loss:-27.169 || 耗时：13.35s
轮次:··8/·20 || c_Loss:0.421 || e_Loss:-1.416 || Aad_Loss:-31.459 || 耗时：13.39s
轮次:··9/·20 || c_Loss:0.379 || e_Loss:-1.320 || Aad_Loss:-26.491 || 耗时：13.37s
轮次:·10/·20 || c_Loss:0.451 || e_Loss:-1.444 || Aad_Loss:-27.063 || 耗时：13.34s
任务: (B3)N15_M07_F04→(B2)N15_M07_F10; mix批次:····0; 批次:··940/·1880;  总正确率: 66.68%
类型1 正确率： 100.00% -> 1  100.00%, 2    0.00%, 3    0.00%
类型2 正确率： 100.00% -> 1    0.00%, 2  100.00%, 3    0.00%
类型3 正确率：   0.00% -> 1    0.30%, 2   99.65%, 3    0.05%


样本变换：reverse
样本变换：mask
样本变换：shift
样本变换：none
未过滤	未用伪标签：66.68% -> 使用伪标签：82.68%
已过滤	未用伪标签：66.86% -> 使用伪标签：82.90%
排除样本：16|6000	剩余：2000, 3023, 961
增添样本：1039		细则：0, 0, 1039	正确率估算：0.42%
类型1 正确率： 100.00% -> 1  100.00%, 2    0.00%, 3    0.00%
类型2 正确率： 100.00% -> 1    0.00%, 2  100.00%, 3    0.00%
类型3 正确率：  48.00% -> 1    0.00%, 2   51.56%, 3   48.44%

被排除样本 正确率：0.00%
类型1 没有样本或未被分类。
类型2 正确率：   0.00% -> 1  100.00%, 2    0.00%


轮次:·11/·20 || c_Loss:0.606 || e_Loss:-1.316 || Aad_Loss:-24.359 || 耗时：34.90s
轮次:·12/·20 || c_Loss:0.584 || e_Loss:-1.308 || Aad_Loss:-25.622 || 耗时：13.32s
轮次:·13/·20 || c_Loss:0.649 || e_Loss:-1.259 || Aad_Loss:-19.871 || 耗时：13.34s
轮次:·14/·20 || c_Loss:0.514 || e_Loss:-1.351 || Aad_Loss:-24.920 || 耗时：13.40s
轮次:·15/·20 || c_Loss:0.527 || e_Loss:-1.377 || Aad_Loss:-20.555 || 耗时：13.33s
任务: (B3)N15_M07_F04→(B2)N15_M07_F10; mix批次:····0; 批次:·1410/·1880;  总正确率: 85.25%
类型1 正确率： 100.00% -> 1  100.00%, 2    0.00%, 3    0.00%
类型2 正确率： 100.00% -> 1    0.00%, 2   99.60%, 3    0.40%
类型3 正确率：  56.00% -> 1    0.00%, 2   43.85%, 3   56.15%


样本变换：reverse
样本变换：mask
样本变换：shift
样本变换：none
未过滤	未用伪标签：85.25% -> 使用伪标签：90.73%
已过滤	未用伪标签：86.29% -> 使用伪标签：92.05%
排除样本：86|6000	剩余：2000, 2414, 1500
增添样本：556		细则：0, 34, 522	正确率估算：77.70%
类型1 正确率： 100.00% -> 1  100.00%, 2    0.00%, 3    0.00%
类型2 正确率：  99.00% -> 1    0.00%, 2   98.89%, 3    1.11%
类型3 正确率：  77.00% -> 1    0.00%, 2   23.26%, 3   76.74%

被排除样本 正确率：13.95%
类型1 正确率： 100.00% -> 1  100.00%, 2    0.00%
类型2 正确率：   0.00% -> 1  100.00%, 2    0.00%


轮次:·16/·20 || c_Loss:0.497 || e_Loss:-1.392 || Aad_Loss:-22.271 || 耗时：34.63s
轮次:·17/·20 || c_Loss:0.437 || e_Loss:-1.431 || Aad_Loss:-26.866 || 耗时：13.26s
轮次:·18/·20 || c_Loss:0.437 || e_Loss:-1.484 || Aad_Loss:-25.500 || 耗时：13.27s
轮次:·19/·20 || c_Loss:0.386 || e_Loss:-1.555 || Aad_Loss:-24.127 || 耗时：13.27s
轮次:·20/·20 || c_Loss:0.389 || e_Loss:-1.565 || Aad_Loss:-24.605 || 耗时：13.26s
任务: (B3)N15_M07_F04→(B2)N15_M07_F10; mix批次:····0; 批次:·1880/·1880;  总正确率: 96.90%
类型1 正确率： 100.00% -> 1  100.00%, 2    0.00%, 3    0.00%
类型2 正确率：  96.00% -> 1    0.00%, 2   96.05%, 3    3.95%
类型3 正确率：  95.00% -> 1    0.00%, 2    5.35%, 3   94.65%


测试集任务: (B3)N15_M07_F04→(B2)N15_M07_F10; 总正确率 = 96.90%
类型1 正确率： 100.00% -> 1  100.00%, 2    0.00%, 3    0.00%
类型2 正确率：  96.00% -> 1    0.00%, 2   96.05%, 3    3.95%
类型3 正确率：  95.00% -> 1    0.00%, 2    5.35%, 3   94.65%


