读取源域路径：/kaggle/working/k10/S05/weight_PU_M1_final_checkpoint_FS05toS05c_gateoracle_s2024/NEW_PU/Source-源域/log&pt/(B1)N15_M01_F10
excel输出位置：/kaggle/working/k10/S05/weight_PU_M1_final_checkpoint_FS05toS05c_gateoracle_s2024/NEW_PU/Target-目标域
特征图片输出位置：/kaggle/working/k10/S05/weight_PU_M1_final_checkpoint_FS05toS05c_gateoracle_s2024/NEW_PU/Picture-特征图/2026年09月17日01时45分/(B1)N15_M01_F10
现在选取:(B1)N15_M01_F10 进行训练的源模型
现在进行：(B1)N15_M01_F10→(B2)N15_M07_F10 的迁移任务
log&pt输出位置：/kaggle/working/k10/S05/weight_PU_M1_final_checkpoint_FS05toS05c_gateoracle_s2024/NEW_PU/Target-目标域/log&pt/(B1)N15_M01_F10→(B2)N15_M07_F10
任务: (B1)N15_M01_F10→(B2)N15_M07_F10; 批次:····0/·1880;  总正确率: 25.92%
类型1 正确率：  49.00% -> 1   48.95%, 2   17.75%, 3   33.30%
类型2 正确率：  24.00% -> 1    0.00%, 2   24.20%, 3   75.80%
类型3 正确率：   5.00% -> 1    0.00%, 2   95.40%, 3    4.60%


样本变换：reverse
样本变换：mask
样本变换：shift
样本变换：none
未过滤	未用伪标签：25.92% -> 使用伪标签：24.33%
已过滤	未用伪标签：25.44% -> 使用伪标签：25.41%
排除样本：254|6000	剩余：1004, 2642, 2100
增添样本：1552		细则：0, 574, 978	正确率估算：85.75%
类型1 正确率：  52.00% -> 1   52.16%, 2   13.92%, 3   33.92%
类型2 正确率：  23.00% -> 1    0.00%, 2   23.23%, 3   76.77%
类型3 正确率：   1.00% -> 1    0.00%, 2   98.68%, 3    1.32%

被排除样本 正确率：36.61%
类型1 正确率：  23.00% -> 1   22.67%, 2   60.00%, 3   17.33%
类型2 正确率：  34.00% -> 1    0.00%, 2   33.56%, 3   66.44%
类型3 正确率：  87.00% -> 1    0.00%, 2   13.33%, 3   86.67%


轮次:··1/·20 || c_Loss:0.565 || e_Loss:-1.066 || Aad_Loss:-10.103 || 耗时：35.90s
轮次:··2/·20 || c_Loss:0.399 || e_Loss:-1.273 || Aad_Loss:-12.582 || 耗时：13.46s
轮次:··3/·20 || c_Loss:0.405 || e_Loss:-1.286 || Aad_Loss:-13.636 || 耗时：13.31s
轮次:··4/·20 || c_Loss:0.376 || e_Loss:-1.330 || Aad_Loss:-15.285 || 耗时：13.21s
轮次:··5/·20 || c_Loss:0.424 || e_Loss:-1.424 || Aad_Loss:-9.427 || 耗时：13.32s
任务: (B1)N15_M01_F10→(B2)N15_M07_F10; mix批次:····0; 批次:··470/·1880;  总正确率: 64.52%
类型1 正确率：  98.00% -> 1   98.35%, 2    0.00%, 3    1.65%
类型2 正确率：  94.00% -> 1    0.00%, 2   94.40%, 3    5.60%
类型3 正确率：   1.00% -> 1   17.90%, 2   81.30%, 3    0.80%


样本变换：reverse
样本变换：mask
样本变换：shift
样本变换：none
未过滤	未用伪标签：64.52% -> 使用伪标签：71.33%
已过滤	未用伪标签：67.63% -> 使用伪标签：77.52%
排除样本：479|6000	剩余：2080, 2821, 620
增添样本：1720		细则：0, 255, 1465	正确率估算：31.90%
类型1 正确率： 100.00% -> 1  100.00%, 2    0.00%, 3    0.00%
类型2 正确率：  95.00% -> 1    0.00%, 2   95.36%, 3    4.64%
类型3 正确率：  32.00% -> 1    4.73%, 2   63.63%, 3   31.64%

被排除样本 正确率：28.60%
类型1 没有样本或未被分类。
类型2 正确率：  81.00% -> 1    0.00%, 2   80.59%, 3   19.41%
类型3 正确率：   0.00% -> 1   12.30%, 2   87.70%, 3    0.00%


轮次:··6/·20 || c_Loss:0.470 || e_Loss:-1.402 || Aad_Loss:-21.973 || 耗时：35.20s
轮次:··7/·20 || c_Loss:0.389 || e_Loss:-1.457 || Aad_Loss:-24.028 || 耗时：13.25s
轮次:··8/·20 || c_Loss:0.359 || e_Loss:-1.399 || Aad_Loss:-27.615 || 耗时：13.23s
轮次:··9/·20 || c_Loss:0.332 || e_Loss:-1.371 || Aad_Loss:-24.681 || 耗时：13.22s
轮次:·10/·20 || c_Loss:0.341 || e_Loss:-1.436 || Aad_Loss:-23.734 || 耗时：13.21s
任务: (B1)N15_M01_F10→(B2)N15_M07_F10; mix批次:····0; 批次:··940/·1880;  总正确率: 87.27%
类型1 正确率： 100.00% -> 1  100.00%, 2    0.00%, 3    0.00%
类型2 正确率： 100.00% -> 1    0.00%, 2   99.95%, 3    0.05%
类型3 正确率：  62.00% -> 1    0.00%, 2   38.15%, 3   61.85%


样本变换：reverse
样本变换：mask
样本变换：shift
样本变换：none
未过滤	未用伪标签：87.27% -> 使用伪标签：83.33%
已过滤	未用伪标签：87.26% -> 使用伪标签：83.40%
排除样本：5|6000	剩余：2000, 2995, 1000
增添样本：1000		细则：0, 0, 1000	正确率估算：100.00%
类型1 正确率： 100.00% -> 1  100.00%, 2    0.00%, 3    0.00%
类型2 正确率： 100.00% -> 1    0.00%, 2  100.00%, 3    0.00%
类型3 正确率：  50.00% -> 1    0.00%, 2   49.87%, 3   50.13%

被排除样本 正确率：100.00%
类型1 正确率： 100.00% -> 1  100.00%


轮次:·11/·20 || c_Loss:0.344 || e_Loss:-1.233 || Aad_Loss:-28.635 || 耗时：34.77s
轮次:·12/·20 || c_Loss:0.336 || e_Loss:-1.595 || Aad_Loss:-28.261 || 耗时：13.27s
轮次:·13/·20 || c_Loss:0.324 || e_Loss:-1.769 || Aad_Loss:-25.414 || 耗时：13.27s
轮次:·14/·20 || c_Loss:0.317 || e_Loss:-1.530 || Aad_Loss:-28.479 || 耗时：13.25s
轮次:·15/·20 || c_Loss:0.318 || e_Loss:-1.714 || Aad_Loss:-26.148 || 耗时：13.25s
任务: (B1)N15_M01_F10→(B2)N15_M07_F10; mix批次:····0; 批次:·1410/·1880;  总正确率: 90.90%
类型1 正确率： 100.00% -> 1  100.00%, 2    0.00%, 3    0.00%
类型2 正确率： 100.00% -> 1    0.00%, 2   99.90%, 3    0.10%
类型3 正确率：  73.00% -> 1    0.00%, 2   27.20%, 3   72.80%


样本变换：reverse
样本变换：mask
样本变换：shift
样本变换：none
未过滤	未用伪标签：90.90% -> 使用伪标签：84.27%
已过滤	未用伪标签：90.86% -> 使用伪标签：84.68%
排除样本：29|6000	剩余：2000, 2915, 1056
增添样本：944		细则：0, 0, 944	正确率估算：100.00%
类型1 正确率： 100.00% -> 1  100.00%, 2    0.00%, 3    0.00%
类型2 正确率： 100.00% -> 1    0.00%, 2  100.00%, 3    0.00%
类型3 正确率：  54.00% -> 1    0.00%, 2   46.42%, 3   53.58%

被排除样本 正确率：100.00%
类型1 正确率： 100.00% -> 1  100.00%


轮次:·16/·20 || c_Loss:0.318 || e_Loss:-1.720 || Aad_Loss:-27.378 || 耗时：34.77s
轮次:·17/·20 || c_Loss:0.320 || e_Loss:-1.676 || Aad_Loss:-23.785 || 耗时：13.28s
轮次:·18/·20 || c_Loss:0.332 || e_Loss:-1.807 || Aad_Loss:-24.049 || 耗时：13.28s
轮次:·19/·20 || c_Loss:0.336 || e_Loss:-1.765 || Aad_Loss:-25.436 || 耗时：13.29s
轮次:·20/·20 || c_Loss:0.341 || e_Loss:-1.634 || Aad_Loss:-27.475 || 耗时：13.29s
任务: (B1)N15_M01_F10→(B2)N15_M07_F10; mix批次:····0; 批次:·1880/·1880;  总正确率: 93.05%
类型1 正确率： 100.00% -> 1  100.00%, 2    0.00%, 3    0.00%
类型2 正确率： 100.00% -> 1    0.00%, 2   99.80%, 3    0.20%
类型3 正确率：  79.00% -> 1    0.00%, 2   20.65%, 3   79.35%


测试集任务: (B1)N15_M01_F10→(B2)N15_M07_F10; 总正确率 = 93.05%
类型1 正确率： 100.00% -> 1  100.00%, 2    0.00%, 3    0.00%
类型2 正确率： 100.00% -> 1    0.00%, 2   99.80%, 3    0.20%
类型3 正确率：  79.00% -> 1    0.00%, 2   20.65%, 3   79.35%


