读取源域路径：/kaggle/working/m2rep/reps0/weight_PU_M1_final_checkpoint_FAtoB_s0/NEW_PU/Source-源域/log&pt/(B2)N15_M07_F10
excel输出位置：/kaggle/working/m2rep/reps0/weight_PU_M1_final_checkpoint_FAtoB_s0/NEW_PU/Target-目标域
特征图片输出位置：/kaggle/working/m2rep/reps0/weight_PU_M1_final_checkpoint_FAtoB_s0/NEW_PU/Picture-特征图/2026年09月14日20时10分/(B2)N15_M07_F10
现在选取:(B2)N15_M07_F10 进行训练的源模型
现在进行：(B2)N15_M07_F10→(B3)N15_M07_F04 的迁移任务
log&pt输出位置：/kaggle/working/m2rep/reps0/weight_PU_M1_final_checkpoint_FAtoB_s0/NEW_PU/Target-目标域/log&pt/(B2)N15_M07_F10→(B3)N15_M07_F04
任务: (B2)N15_M07_F10→(B3)N15_M07_F04; 批次:····0/·1880;  总正确率: 71.95%
类型1 正确率：  88.00% -> 1   88.15%, 2   11.85%, 3    0.00%
类型2 正确率：  77.00% -> 1    0.00%, 2   76.75%, 3   23.25%
类型3 正确率：  51.00% -> 1    5.75%, 2   43.30%, 3   50.95%


样本变换：reverse
样本变换：mask
样本变换：shift
样本变换：none
未过滤	未用伪标签：71.95% -> 使用伪标签：69.63%
已过滤	未用伪标签：72.05% -> 使用伪标签：71.28%
排除样本：139|6000	剩余：2157, 2003, 1701
增添样本：610		细则：0, 154, 456	正确率估算：83.11%
类型1 正确率： 100.00% -> 1   99.65%, 2    0.35%, 3    0.00%
类型2 正确率：  63.00% -> 1    0.00%, 2   63.07%, 3   36.93%
类型3 正确率：  51.00% -> 1    8.91%, 2   40.46%, 3   50.63%

被排除样本 正确率：67.63%
类型1 正确率：   0.00% -> 1    0.00%, 2  100.00%, 3    0.00%
类型2 正确率：  80.00% -> 1    0.00%, 2   80.39%, 3   19.61%
类型3 正确率：  48.00% -> 1   20.00%, 2   32.00%, 3   48.00%


轮次:··1/·20 || c_Loss:0.581 || e_Loss:-1.380 || Aad_Loss:-23.479 || 耗时：32.79s
轮次:··2/·20 || c_Loss:0.440 || e_Loss:-1.341 || Aad_Loss:-26.108 || 耗时：12.72s
轮次:··3/·20 || c_Loss:0.388 || e_Loss:-1.735 || Aad_Loss:-26.131 || 耗时：12.73s
轮次:··4/·20 || c_Loss:0.449 || e_Loss:-1.580 || Aad_Loss:-24.775 || 耗时：12.66s
轮次:··5/·20 || c_Loss:0.383 || e_Loss:-1.456 || Aad_Loss:-24.282 || 耗时：12.58s
任务: (B2)N15_M07_F10→(B3)N15_M07_F04; mix批次:····0; 批次:··470/·1880;  总正确率: 69.90%
类型1 正确率： 100.00% -> 1  100.00%, 2    0.00%, 3    0.00%
类型2 正确率：  60.00% -> 1    0.00%, 2   59.70%, 3   40.30%
类型3 正确率：  50.00% -> 1    8.50%, 2   41.50%, 3   50.00%


样本变换：reverse
样本变换：mask
样本变换：shift
样本变换：none
未过滤	未用伪标签：69.90% -> 使用伪标签：69.32%
已过滤	未用伪标签：69.99% -> 使用伪标签：69.72%
排除样本：35|6000	剩余：2209, 1943, 1813
增添样本：662		细则：0, 266, 396	正确率估算：98.79%
类型1 正确率： 100.00% -> 1  100.00%, 2    0.00%, 3    0.00%
类型2 正确率：  59.00% -> 1    0.00%, 2   58.77%, 3   41.23%
类型3 正确率：  50.00% -> 1   10.49%, 2   39.34%, 3   50.18%

被排除样本 正确率：54.29%
类型1 正确率：  68.00% -> 1   67.86%, 2   32.14%
类型2 正确率：   0.00% -> 1  100.00%, 2    0.00%


轮次:··6/·20 || c_Loss:0.366 || e_Loss:-0.931 || Aad_Loss:-28.593 || 耗时：32.75s
轮次:··7/·20 || c_Loss:0.367 || e_Loss:-1.567 || Aad_Loss:-26.716 || 耗时：12.63s
轮次:··8/·20 || c_Loss:0.360 || e_Loss:-0.953 || Aad_Loss:-29.281 || 耗时：12.65s
轮次:··9/·20 || c_Loss:0.414 || e_Loss:-0.919 || Aad_Loss:-30.842 || 耗时：12.62s
轮次:·10/·20 || c_Loss:0.403 || e_Loss:-0.925 || Aad_Loss:-28.846 || 耗时：12.63s
任务: (B2)N15_M07_F10→(B3)N15_M07_F04; mix批次:····0; 批次:··940/·1880;  总正确率: 69.48%
类型1 正确率： 100.00% -> 1  100.00%, 2    0.00%, 3    0.00%
类型2 正确率：  58.00% -> 1    0.00%, 2   58.45%, 3   41.55%
类型3 正确率：  50.00% -> 1    9.00%, 2   41.00%, 3   50.00%


样本变换：reverse
样本变换：mask
样本变换：shift
样本变换：none
未过滤	未用伪标签：69.48% -> 使用伪标签：68.70%
已过滤	未用伪标签：69.52% -> 使用伪标签：68.88%
排除样本：16|6000	剩余：2210, 1905, 1869
增添样本：646		细则：0, 305, 341	正确率估算：99.38%
类型1 正确率： 100.00% -> 1  100.00%, 2    0.00%, 3    0.00%
类型2 正确率：  56.00% -> 1    0.00%, 2   56.35%, 3   43.65%
类型3 正确率：  50.00% -> 1   10.54%, 2   39.29%, 3   50.18%

被排除样本 正确率：56.25%
类型1 正确率： 100.00% -> 1  100.00%, 2    0.00%
类型2 正确率：   0.00% -> 1  100.00%, 2    0.00%


轮次:·11/·20 || c_Loss:0.402 || e_Loss:-0.888 || Aad_Loss:-27.113 || 耗时：32.82s
轮次:·12/·20 || c_Loss:0.383 || e_Loss:-0.950 || Aad_Loss:-28.714 || 耗时：12.66s
轮次:·13/·20 || c_Loss:0.425 || e_Loss:-0.957 || Aad_Loss:-30.547 || 耗时：12.64s
轮次:·14/·20 || c_Loss:0.376 || e_Loss:-0.988 || Aad_Loss:-29.322 || 耗时：12.67s
轮次:·15/·20 || c_Loss:0.396 || e_Loss:-0.931 || Aad_Loss:-27.791 || 耗时：12.69s
任务: (B2)N15_M07_F10→(B3)N15_M07_F04; mix批次:····0; 批次:·1410/·1880;  总正确率: 68.72%
类型1 正确率： 100.00% -> 1  100.00%, 2    0.00%, 3    0.00%
类型2 正确率：  56.00% -> 1    0.00%, 2   56.15%, 3   43.85%
类型3 正确率：  50.00% -> 1    9.85%, 2   40.15%, 3   50.00%


样本变换：reverse
样本变换：mask
样本变换：shift
样本变换：none
未过滤	未用伪标签：68.72% -> 使用伪标签：68.60%
已过滤	未用伪标签：68.75% -> 使用伪标签：68.75%
排除样本：13|6000	剩余：2218, 1894, 1875
增添样本：667		细则：0, 324, 343	正确率估算：99.85%
类型1 正确率： 100.00% -> 1  100.00%, 2    0.00%, 3    0.00%
类型2 正确率：  56.00% -> 1    0.00%, 2   56.05%, 3   43.95%
类型3 正确率：  50.00% -> 1   10.92%, 2   38.98%, 3   50.10%

被排除样本 正确率：53.85%
类型1 正确率：  78.00% -> 1   77.78%, 2   22.22%
类型2 正确率：   0.00% -> 1  100.00%, 2    0.00%


轮次:·16/·20 || c_Loss:0.379 || e_Loss:-0.978 || Aad_Loss:-30.684 || 耗时：32.77s
轮次:·17/·20 || c_Loss:0.405 || e_Loss:-1.585 || Aad_Loss:-27.527 || 耗时：12.59s
轮次:·18/·20 || c_Loss:0.403 || e_Loss:-0.929 || Aad_Loss:-28.590 || 耗时：12.60s
轮次:·19/·20 || c_Loss:0.383 || e_Loss:-1.001 || Aad_Loss:-29.819 || 耗时：12.58s
轮次:·20/·20 || c_Loss:0.390 || e_Loss:-0.985 || Aad_Loss:-30.336 || 耗时：12.62s
任务: (B2)N15_M07_F10→(B3)N15_M07_F04; mix批次:····0; 批次:·1880/·1880;  总正确率: 68.72%
类型1 正确率： 100.00% -> 1  100.00%, 2    0.00%, 3    0.00%
类型2 正确率：  56.00% -> 1    0.00%, 2   56.10%, 3   43.90%
类型3 正确率：  50.00% -> 1   10.65%, 2   39.30%, 3   50.05%


测试集任务: (B2)N15_M07_F10→(B3)N15_M07_F04; 总正确率 = 68.72%
类型1 正确率： 100.00% -> 1  100.00%, 2    0.00%, 3    0.00%
类型2 正确率：  56.00% -> 1    0.00%, 2   56.10%, 3   43.90%
类型3 正确率：  50.00% -> 1   10.65%, 2   39.30%, 3   50.05%


