读取源域路径：/kaggle/working/m2rep/reps0/weight_PU_M1_final_checkpoint_FAtoB_s0/NEW_PU/Source-源域/log&pt/(B3)N15_M07_F04
excel输出位置：/kaggle/working/m2rep/reps0/weight_PU_M1_final_checkpoint_FAtoB_s0/NEW_PU/Target-目标域
特征图片输出位置：/kaggle/working/m2rep/reps0/weight_PU_M1_final_checkpoint_FAtoB_s0/NEW_PU/Picture-特征图/2026年09月14日20时22分/(B3)N15_M07_F04
现在选取:(B3)N15_M07_F04 进行训练的源模型
现在进行：(B3)N15_M07_F04→(B2)N15_M07_F10 的迁移任务
log&pt输出位置：/kaggle/working/m2rep/reps0/weight_PU_M1_final_checkpoint_FAtoB_s0/NEW_PU/Target-目标域/log&pt/(B3)N15_M07_F04→(B2)N15_M07_F10
任务: (B3)N15_M07_F04→(B2)N15_M07_F10; 批次:····0/·1880;  总正确率: 39.27%
类型1 正确率：  38.00% -> 1   37.70%, 2   60.95%, 3    1.35%
类型2 正确率：  26.00% -> 1    0.00%, 2   26.25%, 3   73.75%
类型3 正确率：  54.00% -> 1    0.05%, 2   46.10%, 3   53.85%


样本变换：reverse
样本变换：mask
样本变换：shift
样本变换：none
未过滤	未用伪标签：39.27% -> 使用伪标签：34.22%
已过滤	未用伪标签：38.54% -> 使用伪标签：34.99%
排除样本：133|6000	剩余：678, 2582, 2607
增添样本：1954		细则：1929, 25, 0	正确率估算：93.60%
类型1 正确率：  33.00% -> 1   33.22%, 2   66.73%, 3    0.05%
类型2 正确率：  18.00% -> 1    0.05%, 2   18.48%, 3   81.46%
类型3 正确率：  53.00% -> 1    0.87%, 2   46.06%, 3   53.07%

被排除样本 正确率：71.43%
类型1 正确率：  46.00% -> 1   46.15%, 2   23.08%, 3   30.77%
类型2 正确率：  93.00% -> 1    0.00%, 2   93.24%, 3    6.76%
类型3 正确率：  43.00% -> 1    0.00%, 2   56.52%, 3   43.48%


轮次:··1/·20 || c_Loss:0.480 || e_Loss:-1.384 || Aad_Loss:-28.149 || 耗时：33.35s
轮次:··2/·20 || c_Loss:0.395 || e_Loss:-1.540 || Aad_Loss:-29.886 || 耗时：12.90s
轮次:··3/·20 || c_Loss:0.397 || e_Loss:-1.640 || Aad_Loss:-27.445 || 耗时：12.80s
轮次:··4/·20 || c_Loss:0.371 || e_Loss:-1.691 || Aad_Loss:-28.815 || 耗时：12.69s
轮次:··5/·20 || c_Loss:0.450 || e_Loss:-1.388 || Aad_Loss:-26.373 || 耗时：12.67s
任务: (B3)N15_M07_F04→(B2)N15_M07_F10; mix批次:····0; 批次:··470/·1880;  总正确率: 32.75%
类型1 正确率：  33.00% -> 1   33.00%, 2   67.00%, 3    0.00%
类型2 正确率：  15.00% -> 1    0.00%, 2   15.30%, 3   84.70%
类型3 正确率：  50.00% -> 1    0.05%, 2   50.00%, 3   49.95%


样本变换：reverse
样本变换：mask
样本变换：shift
样本变换：none
未过滤	未用伪标签：32.75% -> 使用伪标签：29.40%
已过滤	未用伪标签：32.27% -> 使用伪标签：29.62%
排除样本：44|6000	剩余：660, 2443, 2853
增添样本：2603		细则：2193, 410, 0	正确率估算：100.00%
类型1 正确率：  33.00% -> 1   33.00%, 2   67.00%, 3    0.00%
类型2 正确率：   5.00% -> 1    0.00%, 2    5.31%, 3   94.69%
类型3 正确率：  50.00% -> 1    0.00%, 2   49.97%, 3   50.03%

被排除样本 正确率：97.73%
类型1 没有样本或未被分类。
类型2 正确率： 100.00% -> 1    0.00%, 2  100.00%, 3    0.00%
类型3 正确率：   0.00% -> 1  100.00%, 2    0.00%, 3    0.00%


轮次:··6/·20 || c_Loss:0.344 || e_Loss:-1.823 || Aad_Loss:-32.528 || 耗时：33.46s
轮次:··7/·20 || c_Loss:0.401 || e_Loss:-1.612 || Aad_Loss:-32.308 || 耗时：12.70s
轮次:··8/·20 || c_Loss:0.347 || e_Loss:-0.891 || Aad_Loss:-33.213 || 耗时：12.73s
轮次:··9/·20 || c_Loss:0.385 || e_Loss:-0.860 || Aad_Loss:-31.605 || 耗时：12.72s
轮次:·10/·20 || c_Loss:0.378 || e_Loss:-1.843 || Aad_Loss:-32.530 || 耗时：12.71s
任务: (B3)N15_M07_F04→(B2)N15_M07_F10; mix批次:····0; 批次:··940/·1880;  总正确率: 28.90%
类型1 正确率：  33.00% -> 1   33.00%, 2   67.00%, 3    0.00%
类型2 正确率：   4.00% -> 1    0.00%, 2    3.70%, 3   96.30%
类型3 正确率：  50.00% -> 1    0.00%, 2   50.00%, 3   50.00%


样本变换：reverse
样本变换：mask
样本变换：shift
样本变换：none
未过滤	未用伪标签：28.90% -> 使用伪标签：27.82%
已过滤	未用伪标签：28.84% -> 使用伪标签：27.84%
排除样本：5|6000	剩余：660, 2349, 2986
增添样本：2963		细则：2326, 637, 0	正确率估算：100.00%
类型1 正确率：  33.00% -> 1   33.00%, 2   67.00%, 3    0.00%
类型2 正确率：   0.00% -> 1    0.00%, 2    0.45%, 3   99.55%
类型3 正确率：  50.00% -> 1    0.00%, 2   50.00%, 3   50.00%

被排除样本 正确率：100.00%
类型1 正确率： 100.00% -> 1  100.00%


轮次:·11/·20 || c_Loss:0.376 || e_Loss:-0.898 || Aad_Loss:-33.232 || 耗时：33.38s
轮次:·12/·20 || c_Loss:0.373 || e_Loss:-0.830 || Aad_Loss:-39.095 || 耗时：12.74s
轮次:·13/·20 || c_Loss:0.372 || e_Loss:-0.980 || Aad_Loss:-32.529 || 耗时：12.75s
轮次:·14/·20 || c_Loss:0.373 || e_Loss:-0.929 || Aad_Loss:-35.670 || 耗时：12.75s
轮次:·15/·20 || c_Loss:0.373 || e_Loss:-0.937 || Aad_Loss:-34.047 || 耗时：12.75s
任务: (B3)N15_M07_F04→(B2)N15_M07_F10; mix批次:····0; 批次:·1410/·1880;  总正确率: 27.67%
类型1 正确率：  33.00% -> 1   33.00%, 2   67.00%, 3    0.00%
类型2 正确率：   0.00% -> 1    0.00%, 2    0.00%, 3  100.00%
类型3 正确率：  50.00% -> 1    0.00%, 2   50.00%, 3   50.00%


样本变换：reverse
样本变换：mask
样本变换：shift
样本变换：none
未过滤	未用伪标签：27.67% -> 使用伪标签：27.67%
已过滤	未用伪标签：27.67% -> 使用伪标签：27.67%
排除样本：660|6000	剩余：2340, 3000
增添样本：3000		细则：2340, 660, 0	正确率估算：100.00%
类型1 正确率：  33.00% -> 1   33.00%, 2   67.00%, 3    0.00%
类型2 正确率：   0.00% -> 1    0.00%, 2    0.00%, 3  100.00%
类型3 正确率：  50.00% -> 1    0.00%, 2   50.00%, 3   50.00%

被排除样本 正确率：nan%


轮次:·16/·20 || c_Loss:0.375 || e_Loss:-0.913 || Aad_Loss:-36.171 || 耗时：33.72s
轮次:·17/·20 || c_Loss:0.375 || e_Loss:-0.954 || Aad_Loss:-35.292 || 耗时：12.72s
轮次:·18/·20 || c_Loss:0.377 || e_Loss:-0.893 || Aad_Loss:-37.536 || 耗时：12.67s
轮次:·19/·20 || c_Loss:0.378 || e_Loss:-0.993 || Aad_Loss:-32.278 || 耗时：12.71s
轮次:·20/·20 || c_Loss:0.379 || e_Loss:-1.004 || Aad_Loss:-32.023 || 耗时：12.69s
任务: (B3)N15_M07_F04→(B2)N15_M07_F10; mix批次:····0; 批次:·1880/·1880;  总正确率: 27.67%
类型1 正确率：  33.00% -> 1   33.00%, 2   67.00%, 3    0.00%
类型2 正确率：   0.00% -> 1    0.00%, 2    0.00%, 3  100.00%
类型3 正确率：  50.00% -> 1    0.00%, 2   50.00%, 3   50.00%


测试集任务: (B3)N15_M07_F04→(B2)N15_M07_F10; 总正确率 = 27.67%
类型1 正确率：  33.00% -> 1   33.00%, 2   67.00%, 3    0.00%
类型2 正确率：   0.00% -> 1    0.00%, 2    0.00%, 3  100.00%
类型3 正确率：  50.00% -> 1    0.00%, 2   50.00%, 3   50.00%


