读取源域路径：/kaggle/working/m2rep/reps0/weight_PU_M1_final_checkpoint_FAtoB_s0/NEW_PU/Source-源域/log&pt/(B3)N15_M07_F04
excel输出位置：/kaggle/working/m2rep/reps0/weight_PU_M1_final_checkpoint_FAtoB_s0/NEW_PU/Target-目标域
特征图片输出位置：/kaggle/working/m2rep/reps0/weight_PU_M1_final_checkpoint_FAtoB_s0/NEW_PU/Picture-特征图/2026年09月14日20时16分/(B3)N15_M07_F04
现在选取:(B3)N15_M07_F04 进行训练的源模型
现在进行：(B3)N15_M07_F04→(B1)N15_M01_F10 的迁移任务
log&pt输出位置：/kaggle/working/m2rep/reps0/weight_PU_M1_final_checkpoint_FAtoB_s0/NEW_PU/Target-目标域/log&pt/(B3)N15_M07_F04→(B1)N15_M01_F10
任务: (B3)N15_M07_F04→(B1)N15_M01_F10; 批次:····0/·1880;  总正确率: 38.57%
类型1 正确率：  41.00% -> 1   41.10%, 2   57.85%, 3    1.05%
类型2 正确率：  23.00% -> 1    0.00%, 2   23.00%, 3   77.00%
类型3 正确率：  52.00% -> 1    0.00%, 2   48.40%, 3   51.60%


样本变换：reverse
样本变换：mask
样本变换：shift
样本变换：none
未过滤	未用伪标签：38.57% -> 使用伪标签：32.47%
已过滤	未用伪标签：37.86% -> 使用伪标签：33.04%
排除样本：104|6000	剩余：666, 2551, 2679
增添样本：2141		细则：2013, 128, 0	正确率估算：96.10%
类型1 正确率：  33.00% -> 1   33.05%, 2   66.85%, 3    0.10%
类型2 正确率：  14.00% -> 1    0.16%, 2   13.79%, 3   86.06%
类型3 正确率：  52.00% -> 1    0.15%, 2   48.10%, 3   51.75%

被排除样本 正确率：78.85%
类型1 正确率： 100.00% -> 1  100.00%, 2    0.00%, 3    0.00%
类型2 正确率：  88.00% -> 1    0.00%, 2   88.46%, 3   11.54%
类型3 正确率：  43.00% -> 1    0.00%, 2   56.52%, 3   43.48%


轮次:··1/·20 || c_Loss:0.494 || e_Loss:-1.528 || Aad_Loss:-26.327 || 耗时：32.90s
轮次:··2/·20 || c_Loss:0.399 || e_Loss:-1.390 || Aad_Loss:-26.860 || 耗时：12.67s
轮次:··3/·20 || c_Loss:0.390 || e_Loss:-0.783 || Aad_Loss:-30.705 || 耗时：12.62s
轮次:··4/·20 || c_Loss:0.446 || e_Loss:-1.347 || Aad_Loss:-24.626 || 耗时：12.61s
轮次:··5/·20 || c_Loss:0.354 || e_Loss:-0.872 || Aad_Loss:-30.694 || 耗时：12.58s
任务: (B3)N15_M07_F04→(B1)N15_M01_F10; mix批次:····0; 批次:··470/·1880;  总正确率: 31.95%
类型1 正确率：  33.00% -> 1   33.00%, 2   67.00%, 3    0.00%
类型2 正确率：  13.00% -> 1    0.00%, 2   12.85%, 3   87.15%
类型3 正确率：  50.00% -> 1    0.00%, 2   50.00%, 3   50.00%


样本变换：reverse
样本变换：mask
样本变换：shift
样本变换：none
未过滤	未用伪标签：31.95% -> 使用伪标签：28.83%
已过滤	未用伪标签：31.65% -> 使用伪标签：28.96%
排除样本：26|6000	剩余：660, 2410, 2904
增添样本：2738		细则：2244, 494, 0	正确率估算：100.00%
类型1 正确率：  33.00% -> 1   33.00%, 2   67.00%, 3    0.00%
类型2 正确率：   4.00% -> 1    0.00%, 2    3.55%, 3   96.45%
类型3 正确率：  50.00% -> 1    0.00%, 2   50.00%, 3   50.00%

被排除样本 正确率：100.00%
类型1 正确率： 100.00% -> 1  100.00%


轮次:··6/·20 || c_Loss:0.355 || e_Loss:-0.888 || Aad_Loss:-34.959 || 耗时：33.08s
轮次:··7/·20 || c_Loss:0.369 || e_Loss:-0.914 || Aad_Loss:-32.392 || 耗时：12.68s
轮次:··8/·20 || c_Loss:0.392 || e_Loss:-0.920 || Aad_Loss:-29.278 || 耗时：12.68s
轮次:··9/·20 || c_Loss:0.364 || e_Loss:-1.914 || Aad_Loss:-34.224 || 耗时：12.72s
轮次:·10/·20 || c_Loss:0.365 || e_Loss:-0.936 || Aad_Loss:-32.689 || 耗时：12.69s
任务: (B3)N15_M07_F04→(B1)N15_M01_F10; mix批次:····0; 批次:··940/·1880;  总正确率: 28.25%
类型1 正确率：  33.00% -> 1   33.00%, 2   67.00%, 3    0.00%
类型2 正确率：   2.00% -> 1    0.00%, 2    1.75%, 3   98.25%
类型3 正确率：  50.00% -> 1    0.00%, 2   50.00%, 3   50.00%


样本变换：reverse
样本变换：mask
样本变换：shift
样本变换：none
未过滤	未用伪标签：28.25% -> 使用伪标签：27.73%
已过滤	未用伪标签：28.21% -> 使用伪标签：27.75%
排除样本：3|6000	剩余：660, 2344, 2993
增添样本：2982		细则：2333, 649, 0	正确率估算：100.00%
类型1 正确率：  33.00% -> 1   33.00%, 2   67.00%, 3    0.00%
类型2 正确率：   0.00% -> 1    0.00%, 2    0.20%, 3   99.80%
类型3 正确率：  50.00% -> 1    0.00%, 2   50.00%, 3   50.00%

被排除样本 正确率：100.00%
类型1 正确率： 100.00% -> 1  100.00%


轮次:·11/·20 || c_Loss:0.374 || e_Loss:-0.984 || Aad_Loss:-32.103 || 耗时：33.13s
轮次:·12/·20 || c_Loss:0.378 || e_Loss:-0.854 || Aad_Loss:-37.933 || 耗时：12.59s
轮次:·13/·20 || c_Loss:0.378 || e_Loss:-0.965 || Aad_Loss:-34.369 || 耗时：12.59s
轮次:·14/·20 || c_Loss:0.380 || e_Loss:-1.000 || Aad_Loss:-32.055 || 耗时：12.65s
轮次:·15/·20 || c_Loss:0.378 || e_Loss:-0.984 || Aad_Loss:-33.967 || 耗时：12.61s
任务: (B3)N15_M07_F04→(B1)N15_M01_F10; mix批次:····0; 批次:·1410/·1880;  总正确率: 27.67%
类型1 正确率：  33.00% -> 1   33.00%, 2   67.00%, 3    0.00%
类型2 正确率：   0.00% -> 1    0.00%, 2    0.00%, 3  100.00%
类型3 正确率：  50.00% -> 1    0.00%, 2   50.00%, 3   50.00%


样本变换：reverse
样本变换：mask
样本变换：shift
样本变换：none
未过滤	未用伪标签：27.67% -> 使用伪标签：27.67%
已过滤	未用伪标签：27.67% -> 使用伪标签：27.67%
排除样本：660|6000	剩余：2340, 3000
增添样本：3000		细则：2340, 660, 0	正确率估算：100.00%
类型1 正确率：  33.00% -> 1   33.00%, 2   67.00%, 3    0.00%
类型2 正确率：   0.00% -> 1    0.00%, 2    0.00%, 3  100.00%
类型3 正确率：  50.00% -> 1    0.00%, 2   50.00%, 3   50.00%

被排除样本 正确率：nan%


轮次:·16/·20 || c_Loss:0.377 || e_Loss:-0.911 || Aad_Loss:-36.190 || 耗时：33.63s
轮次:·17/·20 || c_Loss:0.377 || e_Loss:-0.948 || Aad_Loss:-35.263 || 耗时：12.68s
轮次:·18/·20 || c_Loss:0.379 || e_Loss:-0.892 || Aad_Loss:-37.546 || 耗时：12.69s
轮次:·19/·20 || c_Loss:0.381 || e_Loss:-0.993 || Aad_Loss:-32.277 || 耗时：12.69s
轮次:·20/·20 || c_Loss:0.382 || e_Loss:-1.009 || Aad_Loss:-32.015 || 耗时：12.72s
任务: (B3)N15_M07_F04→(B1)N15_M01_F10; mix批次:····0; 批次:·1880/·1880;  总正确率: 27.67%
类型1 正确率：  33.00% -> 1   33.00%, 2   67.00%, 3    0.00%
类型2 正确率：   0.00% -> 1    0.00%, 2    0.00%, 3  100.00%
类型3 正确率：  50.00% -> 1    0.00%, 2   50.00%, 3   50.00%


测试集任务: (B3)N15_M07_F04→(B1)N15_M01_F10; 总正确率 = 27.67%
类型1 正确率：  33.00% -> 1   33.00%, 2   67.00%, 3    0.00%
类型2 正确率：   0.00% -> 1    0.00%, 2    0.00%, 3  100.00%
类型3 正确率：  50.00% -> 1    0.00%, 2   50.00%, 3   50.00%


