读取源域路径：/kaggle/working/m2rep/reps0/weight_PU_M1_final_checkpoint_FAtoB_s0/NEW_PU/Source-源域/log&pt/(B2)N15_M07_F10
excel输出位置：/kaggle/working/m2rep/reps0/weight_PU_M1_final_checkpoint_FAtoB_s0/NEW_PU/Target-目标域
特征图片输出位置：/kaggle/working/m2rep/reps0/weight_PU_M1_final_checkpoint_FAtoB_s0/NEW_PU/Picture-特征图/2026年09月14日20时04分/(B2)N15_M07_F10
现在选取:(B2)N15_M07_F10 进行训练的源模型
现在进行：(B2)N15_M07_F10→(B1)N15_M01_F10 的迁移任务
log&pt输出位置：/kaggle/working/m2rep/reps0/weight_PU_M1_final_checkpoint_FAtoB_s0/NEW_PU/Target-目标域/log&pt/(B2)N15_M07_F10→(B1)N15_M01_F10
任务: (B2)N15_M07_F10→(B1)N15_M01_F10; 批次:····0/·1880;  总正确率: 65.77%
类型1 正确率：  82.00% -> 1   81.55%, 2   18.40%, 3    0.05%
类型2 正确率：  66.00% -> 1    0.00%, 2   65.90%, 3   34.10%
类型3 正确率：  50.00% -> 1    0.00%, 2   50.15%, 3   49.85%


样本变换：reverse
样本变换：mask
样本变换：shift
样本变换：none
未过滤	未用伪标签：65.77% -> 使用伪标签：70.83%
已过滤	未用伪标签：66.32% -> 使用伪标签：72.37%
排除样本：127|6000	剩余：1977, 2291, 1605
增添样本：1000		细则：314, 0, 686	正确率估算：92.70%
类型1 正确率：  99.00% -> 1   99.10%, 2    0.90%, 3    0.00%
类型2 正确率：  68.00% -> 1    0.00%, 2   67.78%, 3   32.22%
类型3 正确率：  50.00% -> 1    0.00%, 2   50.00%, 3   50.00%

被排除样本 正确率：40.16%
类型1 正确率：   0.00% -> 1    0.00%, 2  100.00%, 3    0.00%
类型2 正确率：  42.00% -> 1    0.00%, 2   41.80%, 3   58.20%
类型3 没有样本或未被分类。


轮次:··1/·20 || c_Loss:0.644 || e_Loss:-1.176 || Aad_Loss:-21.913 || 耗时：33.15s
轮次:··2/·20 || c_Loss:0.411 || e_Loss:-1.638 || Aad_Loss:-25.655 || 耗时：12.76s
轮次:··3/·20 || c_Loss:0.351 || e_Loss:-0.869 || Aad_Loss:-26.772 || 耗时：12.73s
轮次:··4/·20 || c_Loss:0.357 || e_Loss:-0.886 || Aad_Loss:-28.691 || 耗时：12.63s
轮次:··5/·20 || c_Loss:0.384 || e_Loss:-1.414 || Aad_Loss:-29.704 || 耗时：12.60s
任务: (B2)N15_M07_F10→(B1)N15_M01_F10; mix批次:····0; 批次:··470/·1880;  总正确率: 71.98%
类型1 正确率： 100.00% -> 1   99.90%, 2    0.10%, 3    0.00%
类型2 正确率：  66.00% -> 1    0.00%, 2   66.05%, 3   33.95%
类型3 正确率：  50.00% -> 1    0.00%, 2   50.00%, 3   50.00%


样本变换：reverse
样本变换：mask
样本变换：shift
样本变换：none
未过滤	未用伪标签：71.98% -> 使用伪标签：72.10%
已过滤	未用伪标签：72.31% -> 使用伪标签：72.63%
排除样本：44|6000	剩余：2000, 2326, 1630
增添样本：1022		细则：326, 0, 696	正确率估算：99.51%
类型1 正确率： 100.00% -> 1  100.00%, 2    0.00%, 3    0.00%
类型2 正确率：  68.00% -> 1    0.00%, 2   67.79%, 3   32.21%
类型3 正确率：  50.00% -> 1    0.00%, 2   50.00%, 3   50.00%

被排除样本 正确率：27.27%
类型1 正确率：  27.00% -> 1   27.27%, 2   72.73%
类型2 没有样本或未被分类。


轮次:··6/·20 || c_Loss:0.386 || e_Loss:-1.533 || Aad_Loss:-28.774 || 耗时：32.93s
轮次:··7/·20 || c_Loss:0.390 || e_Loss:-1.663 || Aad_Loss:-26.602 || 耗时：12.69s
轮次:··8/·20 || c_Loss:0.374 || e_Loss:-0.880 || Aad_Loss:-26.567 || 耗时：12.71s
轮次:··9/·20 || c_Loss:0.385 || e_Loss:-0.909 || Aad_Loss:-30.669 || 耗时：12.71s
轮次:·10/·20 || c_Loss:0.400 || e_Loss:-0.906 || Aad_Loss:-26.629 || 耗时：12.70s
任务: (B2)N15_M07_F10→(B1)N15_M01_F10; mix批次:····0; 批次:··940/·1880;  总正确率: 72.30%
类型1 正确率： 100.00% -> 1  100.00%, 2    0.00%, 3    0.00%
类型2 正确率：  67.00% -> 1    0.00%, 2   66.90%, 3   33.10%
类型3 正确率：  50.00% -> 1    0.00%, 2   50.00%, 3   50.00%


样本变换：reverse
样本变换：mask
样本变换：shift
样本变换：none
未过滤	未用伪标签：72.30% -> 使用伪标签：72.42%
已过滤	未用伪标签：72.58% -> 使用伪标签：72.90%
排除样本：40|6000	剩余：2000, 2346, 1614
增添样本：1078		细则：346, 0, 732	正确率估算：99.72%
类型1 正确率： 100.00% -> 1  100.00%, 2    0.00%, 3    0.00%
类型2 正确率：  69.00% -> 1    0.00%, 2   68.64%, 3   31.36%
类型3 正确率：  50.00% -> 1    0.00%, 2   50.03%, 3   49.97%

被排除样本 正确率：30.00%
类型1 正确率：  28.00% -> 1   28.21%, 2   71.79%
类型2 正确率： 100.00% -> 1    0.00%, 2  100.00%


轮次:·11/·20 || c_Loss:0.380 || e_Loss:-1.628 || Aad_Loss:-29.791 || 耗时：33.11s
轮次:·12/·20 || c_Loss:0.394 || e_Loss:-1.680 || Aad_Loss:-29.120 || 耗时：12.67s
轮次:·13/·20 || c_Loss:0.370 || e_Loss:-0.960 || Aad_Loss:-29.878 || 耗时：12.66s
轮次:·14/·20 || c_Loss:0.382 || e_Loss:-0.926 || Aad_Loss:-29.410 || 耗时：12.65s
轮次:·15/·20 || c_Loss:0.366 || e_Loss:-1.747 || Aad_Loss:-29.148 || 耗时：12.64s
任务: (B2)N15_M07_F10→(B1)N15_M01_F10; mix批次:····0; 批次:·1410/·1880;  总正确率: 73.20%
类型1 正确率： 100.00% -> 1  100.00%, 2    0.00%, 3    0.00%
类型2 正确率：  70.00% -> 1    0.00%, 2   69.60%, 3   30.40%
类型3 正确率：  50.00% -> 1    0.00%, 2   50.00%, 3   50.00%


样本变换：reverse
样本变换：mask
样本变换：shift
样本变换：none
未过滤	未用伪标签：73.20% -> 使用伪标签：73.20%
已过滤	未用伪标签：73.35% -> 使用伪标签：73.52%
排除样本：26|6000	剩余：2000, 2392, 1582
增添样本：1202		细则：392, 0, 810	正确率估算：99.67%
类型1 正确率： 100.00% -> 1  100.00%, 2    0.00%, 3    0.00%
类型2 正确率：  71.00% -> 1    0.00%, 2   70.52%, 3   29.48%
类型3 正确率：  50.00% -> 1    0.00%, 2   50.00%, 3   50.00%

被排除样本 正确率：38.46%
类型1 正确率：  38.00% -> 1   38.46%, 2   61.54%
类型2 没有样本或未被分类。


轮次:·16/·20 || c_Loss:0.380 || e_Loss:-0.953 || Aad_Loss:-30.574 || 耗时：33.11s
轮次:·17/·20 || c_Loss:0.376 || e_Loss:-0.949 || Aad_Loss:-29.381 || 耗时：12.63s
轮次:·18/·20 || c_Loss:0.377 || e_Loss:-0.987 || Aad_Loss:-29.665 || 耗时：12.62s
轮次:·19/·20 || c_Loss:0.386 || e_Loss:-0.944 || Aad_Loss:-31.137 || 耗时：12.63s
轮次:·20/·20 || c_Loss:0.400 || e_Loss:-1.762 || Aad_Loss:-27.966 || 耗时：12.63s
任务: (B2)N15_M07_F10→(B1)N15_M01_F10; mix批次:····0; 批次:·1880/·1880;  总正确率: 73.48%
类型1 正确率： 100.00% -> 1  100.00%, 2    0.00%, 3    0.00%
类型2 正确率：  70.00% -> 1    0.00%, 2   70.45%, 3   29.55%
类型3 正确率：  50.00% -> 1    0.00%, 2   50.00%, 3   50.00%


测试集任务: (B2)N15_M07_F10→(B1)N15_M01_F10; 总正确率 = 73.48%
类型1 正确率： 100.00% -> 1  100.00%, 2    0.00%, 3    0.00%
类型2 正确率：  70.00% -> 1    0.00%, 2   70.45%, 3   29.55%
类型3 正确率：  50.00% -> 1    0.00%, 2   50.00%, 3   50.00%


