读取源域路径：/kaggle/working/m2rep/reps0/weight_PU_M1_final_checkpoint_FAtoB_s0/NEW_PU/Source-源域/log&pt/(B1)N15_M01_F10
excel输出位置：/kaggle/working/m2rep/reps0/weight_PU_M1_final_checkpoint_FAtoB_s0/NEW_PU/Target-目标域
特征图片输出位置：/kaggle/working/m2rep/reps0/weight_PU_M1_final_checkpoint_FAtoB_s0/NEW_PU/Picture-特征图/2026年09月14日19时52分/(B1)N15_M01_F10
现在选取:(B1)N15_M01_F10 进行训练的源模型
现在进行：(B1)N15_M01_F10→(B2)N15_M07_F10 的迁移任务
log&pt输出位置：/kaggle/working/m2rep/reps0/weight_PU_M1_final_checkpoint_FAtoB_s0/NEW_PU/Target-目标域/log&pt/(B1)N15_M01_F10→(B2)N15_M07_F10
任务: (B1)N15_M01_F10→(B2)N15_M07_F10; 批次:····0/·1880;  总正确率: 67.70%
类型1 正确率：  64.00% -> 1   64.50%, 2   35.50%, 3    0.00%
类型2 正确率：  94.00% -> 1    0.00%, 2   94.25%, 3    5.75%
类型3 正确率：  44.00% -> 1    0.00%, 2   55.65%, 3   44.35%


样本变换：reverse
样本变换：mask
样本变换：shift
样本变换：none
未过滤	未用伪标签：67.70% -> 使用伪标签：77.93%
已过滤	未用伪标签：68.37% -> 使用伪标签：78.75%
排除样本：62|6000	剩余：1761, 3115, 1062
增添样本：3407		细则：1354, 0, 2053	正确率估算：80.01%
类型1 正确率：  90.00% -> 1   89.89%, 2   10.11%, 3    0.00%
类型2 正确率：  97.00% -> 1    0.00%, 2   96.77%, 3    3.23%
类型3 正确率：  50.00% -> 1    0.00%, 2   50.05%, 3   49.95%

被排除样本 正确率：3.23%
类型1 正确率：   0.00% -> 1    0.00%, 2  100.00%, 3    0.00%
类型2 正确率：  11.00% -> 1    0.00%, 2   10.53%, 3   89.47%
类型3 正确率：   0.00% -> 1    0.00%, 2  100.00%, 3    0.00%


轮次:··1/·20 || c_Loss:0.534 || e_Loss:-0.936 || Aad_Loss:-29.848 || 耗时：34.58s
轮次:··2/·20 || c_Loss:0.426 || e_Loss:-0.945 || Aad_Loss:-26.784 || 耗时：12.73s
轮次:··3/·20 || c_Loss:0.389 || e_Loss:-1.755 || Aad_Loss:-30.069 || 耗时：12.71s
轮次:··4/·20 || c_Loss:0.384 || e_Loss:-1.630 || Aad_Loss:-29.406 || 耗时：12.70s
轮次:··5/·20 || c_Loss:0.405 || e_Loss:-1.814 || Aad_Loss:-31.582 || 耗时：12.56s
任务: (B1)N15_M01_F10→(B2)N15_M07_F10; mix批次:····0; 批次:··470/·1880;  总正确率: 81.40%
类型1 正确率：  95.00% -> 1   95.35%, 2    4.65%, 3    0.00%
类型2 正确率：  99.00% -> 1    0.00%, 2   98.85%, 3    1.15%
类型3 正确率：  50.00% -> 1    0.00%, 2   50.00%, 3   50.00%


样本变换：reverse
样本变换：mask
样本变换：shift
样本变换：none
未过滤	未用伪标签：81.40% -> 使用伪标签：83.20%
已过滤	未用伪标签：81.44% -> 使用伪标签：83.24%
排除样本：3|6000	剩余：1992, 3005, 1000
增添样本：3018		细则：1013, 0, 2005	正确率估算：98.01%
类型1 正确率： 100.00% -> 1   99.75%, 2    0.25%, 3    0.00%
类型2 正确率： 100.00% -> 1    0.00%, 2  100.00%, 3    0.00%
类型3 正确率：  50.00% -> 1    0.00%, 2   50.00%, 3   50.00%

被排除样本 正确率：0.00%
类型1 正确率：   0.00% -> 1    0.00%, 2  100.00%
类型2 没有样本或未被分类。


轮次:··6/·20 || c_Loss:0.378 || e_Loss:-0.956 || Aad_Loss:-32.599 || 耗时：33.45s
轮次:··7/·20 || c_Loss:0.378 || e_Loss:-0.994 || Aad_Loss:-32.110 || 耗时：12.65s
轮次:··8/·20 || c_Loss:0.380 || e_Loss:-0.975 || Aad_Loss:-32.377 || 耗时：12.63s
轮次:··9/·20 || c_Loss:0.385 || e_Loss:-0.837 || Aad_Loss:-36.766 || 耗时：12.70s
轮次:·10/·20 || c_Loss:0.379 || e_Loss:-0.984 || Aad_Loss:-32.209 || 耗时：12.62s
任务: (B1)N15_M01_F10→(B2)N15_M07_F10; mix批次:····0; 批次:··940/·1880;  总正确率: 83.32%
类型1 正确率： 100.00% -> 1   99.95%, 2    0.05%, 3    0.00%
类型2 正确率： 100.00% -> 1    0.00%, 2  100.00%, 3    0.00%
类型3 正确率：  50.00% -> 1    0.00%, 2   50.00%, 3   50.00%


样本变换：reverse
样本变换：mask
样本变换：shift
样本变换：none
未过滤	未用伪标签：83.32% -> 使用伪标签：83.33%
已过滤	未用伪标签：83.32% -> 使用伪标签：83.33%
排除样本：2000|6000	剩余：3000, 1000
增添样本：3000		细则：1000, 0, 2000	正确率估算：100.00%
类型1 正确率： 100.00% -> 1  100.00%, 2    0.00%, 3    0.00%
类型2 正确率： 100.00% -> 1    0.00%, 2  100.00%, 3    0.00%
类型3 正确率：  50.00% -> 1    0.00%, 2   50.00%, 3   50.00%

被排除样本 正确率：nan%


轮次:·11/·20 || c_Loss:0.380 || e_Loss:-1.010 || Aad_Loss:-32.317 || 耗时：33.49s
轮次:·12/·20 || c_Loss:0.379 || e_Loss:-0.984 || Aad_Loss:-33.089 || 耗时：12.65s
轮次:·13/·20 || c_Loss:0.385 || e_Loss:-0.999 || Aad_Loss:-31.985 || 耗时：12.63s
轮次:·14/·20 || c_Loss:0.382 || e_Loss:-1.007 || Aad_Loss:-32.088 || 耗时：12.65s
轮次:·15/·20 || c_Loss:0.381 || e_Loss:-0.977 || Aad_Loss:-33.171 || 耗时：12.65s
任务: (B1)N15_M01_F10→(B2)N15_M07_F10; mix批次:····0; 批次:·1410/·1880;  总正确率: 83.33%
类型1 正确率： 100.00% -> 1  100.00%, 2    0.00%, 3    0.00%
类型2 正确率： 100.00% -> 1    0.00%, 2  100.00%, 3    0.00%
类型3 正确率：  50.00% -> 1    0.00%, 2   50.00%, 3   50.00%


样本变换：reverse
样本变换：mask
样本变换：shift
样本变换：none
未过滤	未用伪标签：83.33% -> 使用伪标签：83.33%
已过滤	未用伪标签：83.33% -> 使用伪标签：83.33%
排除样本：2000|6000	剩余：3000, 1000
增添样本：3000		细则：1000, 0, 2000	正确率估算：100.00%
类型1 正确率： 100.00% -> 1  100.00%, 2    0.00%, 3    0.00%
类型2 正确率： 100.00% -> 1    0.00%, 2  100.00%, 3    0.00%
类型3 正确率：  50.00% -> 1    0.00%, 2   50.00%, 3   50.00%

被排除样本 正确率：nan%


轮次:·16/·20 || c_Loss:0.380 || e_Loss:-1.011 || Aad_Loss:-32.507 || 耗时：33.37s
轮次:·17/·20 || c_Loss:0.378 || e_Loss:-0.985 || Aad_Loss:-33.296 || 耗时：12.65s
轮次:·18/·20 || c_Loss:0.383 || e_Loss:-0.999 || Aad_Loss:-32.160 || 耗时：12.68s
轮次:·19/·20 || c_Loss:0.382 || e_Loss:-1.008 || Aad_Loss:-32.236 || 耗时：12.67s
轮次:·20/·20 || c_Loss:0.380 || e_Loss:-0.977 || Aad_Loss:-33.321 || 耗时：12.68s
任务: (B1)N15_M01_F10→(B2)N15_M07_F10; mix批次:····0; 批次:·1880/·1880;  总正确率: 83.33%
类型1 正确率： 100.00% -> 1  100.00%, 2    0.00%, 3    0.00%
类型2 正确率： 100.00% -> 1    0.00%, 2  100.00%, 3    0.00%
类型3 正确率：  50.00% -> 1    0.00%, 2   50.00%, 3   50.00%


测试集任务: (B1)N15_M01_F10→(B2)N15_M07_F10; 总正确率 = 83.33%
类型1 正确率： 100.00% -> 1  100.00%, 2    0.00%, 3    0.00%
类型2 正确率： 100.00% -> 1    0.00%, 2  100.00%, 3    0.00%
类型3 正确率：  50.00% -> 1    0.00%, 2   50.00%, 3   50.00%


