读取源域路径：/kaggle/working/m2rep/reps0/weight_PU_M1_final_checkpoint_FAtoB_s0/NEW_PU/Source-源域/log&pt/(B1)N15_M01_F10
excel输出位置：/kaggle/working/m2rep/reps0/weight_PU_M1_final_checkpoint_FAtoB_s0/NEW_PU/Target-目标域
特征图片输出位置：/kaggle/working/m2rep/reps0/weight_PU_M1_final_checkpoint_FAtoB_s0/NEW_PU/Picture-特征图/2026年09月14日19时58分/(B1)N15_M01_F10
现在选取:(B1)N15_M01_F10 进行训练的源模型
现在进行：(B1)N15_M01_F10→(B3)N15_M07_F04 的迁移任务
log&pt输出位置：/kaggle/working/m2rep/reps0/weight_PU_M1_final_checkpoint_FAtoB_s0/NEW_PU/Target-目标域/log&pt/(B1)N15_M01_F10→(B3)N15_M07_F04
任务: (B1)N15_M01_F10→(B3)N15_M07_F04; 批次:····0/·1880;  总正确率: 66.07%
类型1 正确率：  76.00% -> 1   76.15%, 2   23.85%, 3    0.00%
类型2 正确率：  84.00% -> 1    0.00%, 2   84.30%, 3   15.70%
类型3 正确率：  38.00% -> 1    8.55%, 2   53.70%, 3   37.75%


样本变换：reverse
样本变换：mask
样本变换：shift
样本变换：none
未过滤	未用伪标签：66.07% -> 使用伪标签：76.23%
已过滤	未用伪标签：66.37% -> 使用伪标签：77.09%
排除样本：67|6000	剩余：2164, 2420, 1349
增添样本：1327		细则：256, 0, 1071	正确率估算：78.37%
类型1 正确率：  99.00% -> 1   98.99%, 2    1.01%, 3    0.00%
类型2 正确率：  82.00% -> 1    0.00%, 2   81.88%, 3   18.12%
类型3 正确率：  50.00% -> 1    9.88%, 2   39.87%, 3   50.25%

被排除样本 正确率：38.81%
类型1 正确率：   0.00% -> 1    0.00%, 2  100.00%, 3    0.00%
类型2 正确率：  87.00% -> 1    0.00%, 2   86.67%, 3   13.33%
类型3 正确率：   0.00% -> 1    7.69%, 2   92.31%, 3    0.00%


轮次:··1/·20 || c_Loss:0.569 || e_Loss:-1.717 || Aad_Loss:-24.924 || 耗时：33.14s
轮次:··2/·20 || c_Loss:0.457 || e_Loss:-0.976 || Aad_Loss:-26.324 || 耗时：12.72s
轮次:··3/·20 || c_Loss:0.412 || e_Loss:-1.603 || Aad_Loss:-27.033 || 耗时：12.65s
轮次:··4/·20 || c_Loss:0.390 || e_Loss:-0.925 || Aad_Loss:-27.861 || 耗时：12.61s
轮次:··5/·20 || c_Loss:0.385 || e_Loss:-1.457 || Aad_Loss:-27.000 || 耗时：12.57s
任务: (B1)N15_M01_F10→(B3)N15_M07_F04; mix批次:····0; 批次:··470/·1880;  总正确率: 77.75%
类型1 正确率： 100.00% -> 1  100.00%, 2    0.00%, 3    0.00%
类型2 正确率：  83.00% -> 1    0.00%, 2   83.30%, 3   16.70%
类型3 正确率：  50.00% -> 1    9.65%, 2   40.40%, 3   49.95%


样本变换：reverse
样本变换：mask
样本变换：shift
样本变换：none
未过滤	未用伪标签：77.75% -> 使用伪标签：77.32%
已过滤	未用伪标签：77.80% -> 使用伪标签：77.60%
排除样本：22|6000	剩余：2222, 2415, 1341
增添样本：1267		细则：193, 0, 1074	正确率估算：98.58%
类型1 正确率： 100.00% -> 1  100.00%, 2    0.00%, 3    0.00%
类型2 正确率：  83.00% -> 1    0.00%, 2   82.74%, 3   17.26%
类型3 正确率：  50.00% -> 1   11.12%, 2   38.83%, 3   50.05%

被排除样本 正确率：63.64%
类型1 正确率：  78.00% -> 1   77.78%, 2   22.22%
类型2 正确率：   0.00% -> 1  100.00%, 2    0.00%


轮次:··6/·20 || c_Loss:0.374 || e_Loss:-0.903 || Aad_Loss:-28.386 || 耗时：33.01s
轮次:··7/·20 || c_Loss:0.388 || e_Loss:-0.929 || Aad_Loss:-30.461 || 耗时：12.64s
轮次:··8/·20 || c_Loss:0.407 || e_Loss:-0.935 || Aad_Loss:-27.757 || 耗时：12.66s
轮次:··9/·20 || c_Loss:0.395 || e_Loss:-0.946 || Aad_Loss:-29.108 || 耗时：12.67s
轮次:·10/·20 || c_Loss:0.401 || e_Loss:-0.930 || Aad_Loss:-27.618 || 耗时：12.65s
任务: (B1)N15_M01_F10→(B3)N15_M07_F04; mix批次:····0; 批次:··940/·1880;  总正确率: 77.70%
类型1 正确率： 100.00% -> 1  100.00%, 2    0.00%, 3    0.00%
类型2 正确率：  83.00% -> 1    0.00%, 2   83.15%, 3   16.85%
类型3 正确率：  50.00% -> 1   10.50%, 2   39.55%, 3   49.95%


样本变换：reverse
样本变换：mask
样本变换：shift
样本变换：none
未过滤	未用伪标签：77.70% -> 使用伪标签：77.47%
已过滤	未用伪标签：77.73% -> 使用伪标签：77.66%
排除样本：15|6000	剩余：2227, 2421, 1337
增添样本：1278		细则：194, 0, 1084	正确率估算：99.14%
类型1 正确率： 100.00% -> 1  100.00%, 2    0.00%, 3    0.00%
类型2 正确率：  83.00% -> 1    0.00%, 2   82.99%, 3   17.01%
类型3 正确率：  50.00% -> 1   11.36%, 2   38.64%, 3   50.00%

被排除样本 正确率：66.67%
类型1 正确率：  77.00% -> 1   76.92%, 2   23.08%
类型2 正确率：   0.00% -> 1  100.00%, 2    0.00%


轮次:·11/·20 || c_Loss:0.387 || e_Loss:-0.935 || Aad_Loss:-28.302 || 耗时：33.08s
轮次:·12/·20 || c_Loss:0.404 || e_Loss:-1.670 || Aad_Loss:-27.809 || 耗时：12.62s
轮次:·13/·20 || c_Loss:0.402 || e_Loss:-0.961 || Aad_Loss:-27.965 || 耗时：12.62s
轮次:·14/·20 || c_Loss:0.411 || e_Loss:-0.930 || Aad_Loss:-28.135 || 耗时：12.63s
轮次:·15/·20 || c_Loss:0.387 || e_Loss:-1.481 || Aad_Loss:-28.492 || 耗时：12.62s
任务: (B1)N15_M01_F10→(B3)N15_M07_F04; mix批次:····0; 批次:·1410/·1880;  总正确率: 77.48%
类型1 正确率： 100.00% -> 1  100.00%, 2    0.00%, 3    0.00%
类型2 正确率：  82.00% -> 1    0.00%, 2   82.50%, 3   17.50%
类型3 正确率：  50.00% -> 1   11.25%, 2   38.80%, 3   49.95%


样本变换：reverse
样本变换：mask
样本变换：shift
样本变换：none
未过滤	未用伪标签：77.48% -> 使用伪标签：77.25%
已过滤	未用伪标签：77.47% -> 使用伪标签：77.42%
排除样本：13|6000	剩余：2234, 2402, 1351
增添样本：1219		细则：168, 0, 1051	正确率估算：99.51%
类型1 正确率： 100.00% -> 1  100.00%, 2    0.00%, 3    0.00%
类型2 正确率：  82.00% -> 1    0.00%, 2   82.29%, 3   17.71%
类型3 正确率：  50.00% -> 1   11.71%, 2   38.32%, 3   49.97%

被排除样本 正确率：84.62%
类型1 正确率：  92.00% -> 1   91.67%, 2    8.33%
类型2 正确率：   0.00% -> 1  100.00%, 2    0.00%


轮次:·16/·20 || c_Loss:0.401 || e_Loss:-0.931 || Aad_Loss:-30.626 || 耗时：33.14s
轮次:·17/·20 || c_Loss:0.394 || e_Loss:-0.891 || Aad_Loss:-31.921 || 耗时：12.65s
轮次:·18/·20 || c_Loss:0.399 || e_Loss:-0.956 || Aad_Loss:-30.182 || 耗时：12.64s
轮次:·19/·20 || c_Loss:0.418 || e_Loss:-1.264 || Aad_Loss:-30.690 || 耗时：12.68s
轮次:·20/·20 || c_Loss:0.386 || e_Loss:-1.002 || Aad_Loss:-30.443 || 耗时：12.64s
任务: (B1)N15_M01_F10→(B3)N15_M07_F04; mix批次:····0; 批次:·1880/·1880;  总正确率: 77.27%
类型1 正确率： 100.00% -> 1  100.00%, 2    0.00%, 3    0.00%
类型2 正确率：  82.00% -> 1    0.00%, 2   81.85%, 3   18.15%
类型3 正确率：  50.00% -> 1   11.10%, 2   38.95%, 3   49.95%


测试集任务: (B1)N15_M01_F10→(B3)N15_M07_F04; 总正确率 = 77.27%
类型1 正确率： 100.00% -> 1  100.00%, 2    0.00%, 3    0.00%
类型2 正确率：  82.00% -> 1    0.00%, 2   81.85%, 3   18.15%
类型3 正确率：  50.00% -> 1   11.10%, 2   38.95%, 3   49.95%


