

现在开始拿源域训练集：(B1)N15_M01_F10 进行训练
源域读取路径：/kaggle/working/m2rep/reps0/sdalr_PU_final_checkpoint/DATA_foldA/PU_M1_L3/N15_M01_F10_label.txt
excel输出位置：/kaggle/working/m2rep/reps0/weight_src_PU_M1_FA_s0/NEW_PU/Source-源域
log&pt输出位置：/kaggle/working/m2rep/reps0/weight_src_PU_M1_FA_s0/NEW_PU/Source-源域/log&pt/(B1)N15_M01_F10
特征图片输出位置：/kaggle/working/m2rep/reps0/weight_src_PU_M1_FA_s0/NEW_PU/Picture-特征图/2026年09月14日19时48分/(B1)N15_M01_F10
源域训练开始
轮次:··1/·10 || loss:0.157 || 耗时：9.88s
轮次:··2/·10 || loss:0.046 || 耗时：7.90s
轮次:··3/·10 || loss:0.025 || 耗时：7.93s
轮次:··4/·10 || loss:0.046 || 耗时：8.07s
轮次:··5/·10 || loss:0.017 || 耗时：8.24s
任务: (B1)N15_M01_F10; mix批次:····0; 批次:··330/··660; 总正确率 = 99.51%
类型1 正确率： 100.00% -> 1  100.00%, 2    0.00%, 3    0.00%
类型2 正确率：  99.00% -> 1    0.00%, 2   99.50%, 3    0.50%
类型3 正确率：  99.00% -> 1    0.00%, 2    0.98%, 3   99.02%


轮次:··6/·10 || loss:0.001 || 耗时：8.38s
轮次:··7/·10 || loss:0.003 || 耗时：8.56s
轮次:··8/·10 || loss:0.002 || 耗时：8.71s
轮次:··9/·10 || loss:0.006 || 耗时：8.85s
轮次:·10/·10 || loss:0.002 || 耗时：8.92s
任务: (B1)N15_M01_F10; mix批次:····0; 批次:··660/··660; 总正确率 = 99.84%
类型1 正确率： 100.00% -> 1  100.00%, 2    0.00%, 3    0.00%
类型2 正确率： 100.00% -> 1    0.00%, 2  100.00%, 3    0.00%
类型3 正确率： 100.00% -> 1    0.00%, 2    0.49%, 3   99.51%


测试集任务: (B1)N15_M01_F10; 总正确率 = 99.84%
类型1 正确率： 100.00% -> 1  100.00%, 2    0.00%, 3    0.00%
类型2 正确率： 100.00% -> 1    0.24%, 2   99.76%, 3    0.00%
类型3 正确率： 100.00% -> 1    0.00%, 2    0.25%, 3   99.75%


源域训练结束

训练好之后，测试目标域
目标域路径：/kaggle/working/m2rep/reps0/sdalr_PU_final_checkpoint/DATA_foldA/PU_M1_L3/N15_M07_F10_label.txt
测试目标数据集结果如下：
任务: (B1)N15_M01_F10→(B2)N15_M07_F10, 正确率 = 96.67%
类型1 正确率： 100.00% -> 1  100.00%, 2    0.00%, 3    0.00%
类型2 正确率： 100.00% -> 1    0.00%, 2  100.00%, 3    0.00%
类型3 正确率：  90.00% -> 1    0.00%, 2   10.00%, 3   90.00%

目标域路径：/kaggle/working/m2rep/reps0/sdalr_PU_final_checkpoint/DATA_foldA/PU_M1_L3/N15_M07_F04_label.txt
测试目标数据集结果如下：
任务: (B1)N15_M01_F10→(B3)N15_M07_F04, 正确率 = 79.37%
类型1 正确率： 100.00% -> 1  100.00%, 2    0.00%, 3    0.00%
类型2 正确率：  96.00% -> 1    0.00%, 2   96.48%, 3    3.52%
类型3 正确率：  42.00% -> 1    0.00%, 2   58.37%, 3   41.63%



现在开始拿源域训练集：(B2)N15_M07_F10 进行训练
源域读取路径：/kaggle/working/m2rep/reps0/sdalr_PU_final_checkpoint/DATA_foldA/PU_M1_L3/N15_M07_F10_label.txt
excel输出位置：/kaggle/working/m2rep/reps0/weight_src_PU_M1_FA_s0/NEW_PU/Source-源域
log&pt输出位置：/kaggle/working/m2rep/reps0/weight_src_PU_M1_FA_s0/NEW_PU/Source-源域/log&pt/(B2)N15_M07_F10
特征图片输出位置：/kaggle/working/m2rep/reps0/weight_src_PU_M1_FA_s0/NEW_PU/Picture-特征图/2026年09月14日19时48分/(B2)N15_M07_F10
源域训练开始
轮次:··1/·10 || loss:0.105 || 耗时：8.70s
轮次:··2/·10 || loss:0.063 || 耗时：8.65s
轮次:··3/·10 || loss:0.020 || 耗时：8.59s
轮次:··4/·10 || loss:0.023 || 耗时：8.59s
轮次:··5/·10 || loss:0.008 || 耗时：8.59s
任务: (B2)N15_M07_F10; mix批次:····0; 批次:··330/··660; 总正确率 = 99.67%
类型1 正确率： 100.00% -> 1  100.00%, 2    0.00%, 3    0.00%
类型2 正确率： 100.00% -> 1    0.00%, 2  100.00%, 3    0.00%
类型3 正确率：  99.00% -> 1    0.00%, 2    1.00%, 3   99.00%


轮次:··6/·10 || loss:0.016 || 耗时：8.59s
轮次:··7/·10 || loss:0.004 || 耗时：8.62s
轮次:··8/·10 || loss:0.045 || 耗时：8.64s
轮次:··9/·10 || loss:0.047 || 耗时：8.64s
轮次:·10/·10 || loss:0.012 || 耗时：8.68s
任务: (B2)N15_M07_F10; mix批次:····0; 批次:··660/··660; 总正确率 = 99.51%
类型1 正确率： 100.00% -> 1  100.00%, 2    0.00%, 3    0.00%
类型2 正确率： 100.00% -> 1    0.00%, 2   99.53%, 3    0.47%
类型3 正确率：  99.00% -> 1    0.00%, 2    1.00%, 3   99.00%


测试集任务: (B2)N15_M07_F10; 总正确率 = 99.40%
类型1 正确率： 100.00% -> 1  100.00%, 2    0.00%, 3    0.00%
类型2 正确率：  99.00% -> 1    0.27%, 2   99.19%, 3    0.54%
类型3 正确率：  99.00% -> 1    0.00%, 2    0.98%, 3   99.02%


源域训练结束

训练好之后，测试目标域
目标域路径：/kaggle/working/m2rep/reps0/sdalr_PU_final_checkpoint/DATA_foldA/PU_M1_L3/N15_M01_F10_label.txt
测试目标数据集结果如下：
任务: (B2)N15_M07_F10→(B1)N15_M01_F10, 正确率 = 99.57%
类型1 正确率： 100.00% -> 1  100.00%, 2    0.00%, 3    0.00%
类型2 正确率：  99.00% -> 1    0.00%, 2   99.21%, 3    0.79%
类型3 正确率： 100.00% -> 1    0.00%, 2    0.49%, 3   99.51%

目标域路径：/kaggle/working/m2rep/reps0/sdalr_PU_final_checkpoint/DATA_foldA/PU_M1_L3/N15_M07_F04_label.txt
测试目标数据集结果如下：
任务: (B2)N15_M07_F10→(B3)N15_M07_F04, 正确率 = 83.82%
类型1 正确率： 100.00% -> 1  100.00%, 2    0.00%, 3    0.00%
类型2 正确率：  98.00% -> 1    0.00%, 2   97.70%, 3    2.30%
类型3 正确率：  54.00% -> 1    0.00%, 2   46.23%, 3   53.77%



现在开始拿源域训练集：(B3)N15_M07_F04 进行训练
源域读取路径：/kaggle/working/m2rep/reps0/sdalr_PU_final_checkpoint/DATA_foldA/PU_M1_L3/N15_M07_F04_label.txt
excel输出位置：/kaggle/working/m2rep/reps0/weight_src_PU_M1_FA_s0/NEW_PU/Source-源域
log&pt输出位置：/kaggle/working/m2rep/reps0/weight_src_PU_M1_FA_s0/NEW_PU/Source-源域/log&pt/(B3)N15_M07_F04
特征图片输出位置：/kaggle/working/m2rep/reps0/weight_src_PU_M1_FA_s0/NEW_PU/Picture-特征图/2026年09月14日19时48分/(B3)N15_M07_F04
源域训练开始
轮次:··1/·10 || loss:0.098 || 耗时：8.65s
轮次:··2/·10 || loss:0.073 || 耗时：8.64s
轮次:··3/·10 || loss:0.003 || 耗时：8.65s
轮次:··4/·10 || loss:0.008 || 耗时：8.63s
轮次:··5/·10 || loss:0.008 || 耗时：8.63s
任务: (B3)N15_M07_F04; mix批次:····0; 批次:··330/··660; 总正确率 = 99.67%
类型1 正确率： 100.00% -> 1  100.00%, 2    0.00%, 3    0.00%
类型2 正确率： 100.00% -> 1    0.00%, 2   99.53%, 3    0.47%
类型3 正确率：  99.00% -> 1    0.00%, 2    0.52%, 3   99.48%


轮次:··6/·10 || loss:0.008 || 耗时：8.64s
轮次:··7/·10 || loss:0.003 || 耗时：8.63s
轮次:··8/·10 || loss:0.001 || 耗时：8.65s
轮次:··9/·10 || loss:0.021 || 耗时：8.64s
轮次:·10/·10 || loss:0.002 || 耗时：8.63s
任务: (B3)N15_M07_F04; mix批次:····0; 批次:··660/··660; 总正确率 = 99.65%
类型1 正确率： 100.00% -> 1  100.00%, 2    0.00%, 3    0.00%
类型2 正确率： 100.00% -> 1    0.00%, 2  100.00%, 3    0.00%
类型3 正确率：  99.00% -> 1    0.00%, 2    1.05%, 3   98.95%


测试集任务: (B3)N15_M07_F04; 总正确率 = 99.59%
类型1 正确率： 100.00% -> 1  100.00%, 2    0.00%, 3    0.00%
类型2 正确率： 100.00% -> 1    0.00%, 2   99.75%, 3    0.25%
类型3 正确率：  99.00% -> 1    0.00%, 2    0.98%, 3   99.02%


源域训练结束

训练好之后，测试目标域
目标域路径：/kaggle/working/m2rep/reps0/sdalr_PU_final_checkpoint/DATA_foldA/PU_M1_L3/N15_M01_F10_label.txt
测试目标数据集结果如下：
任务: (B3)N15_M07_F04→(B1)N15_M01_F10, 正确率 = 85.29%
类型1 正确率：  99.00% -> 1   99.21%, 2    0.52%, 3    0.26%
类型2 正确率：  87.00% -> 1    0.23%, 2   87.35%, 3   12.41%
类型3 正确率：  69.00% -> 1    0.00%, 2   30.69%, 3   69.31%

目标域路径：/kaggle/working/m2rep/reps0/sdalr_PU_final_checkpoint/DATA_foldA/PU_M1_L3/N15_M07_F10_label.txt
测试目标数据集结果如下：
任务: (B3)N15_M07_F04→(B2)N15_M07_F10, 正确率 = 87.50%
类型1 正确率： 100.00% -> 1   99.75%, 2    0.25%, 3    0.00%
类型2 正确率：  86.00% -> 1    0.00%, 2   85.60%, 3   14.40%
类型3 正确率：  77.00% -> 1    0.00%, 2   22.84%, 3   77.16%

