读取源域路径：/kaggle/working/k10/S04/weight_PU_M1_final_checkpoint_FS04toS04c_gatepcv_s2024/NEW_PU/Source-源域/log&pt/(B1)N15_M01_F10
excel输出位置：/kaggle/working/k10/S04/weight_PU_M1_final_checkpoint_FS04toS04c_gatepcv_s2024/NEW_PU/Target-目标域
特征图片输出位置：/kaggle/working/k10/S04/weight_PU_M1_final_checkpoint_FS04toS04c_gatepcv_s2024/NEW_PU/Picture-特征图/2026年09月16日22时33分/(B1)N15_M01_F10
现在选取:(B1)N15_M01_F10 进行训练的源模型
现在进行：(B1)N15_M01_F10→(B2)N15_M07_F10 的迁移任务
log&pt输出位置：/kaggle/working/k10/S04/weight_PU_M1_final_checkpoint_FS04toS04c_gatepcv_s2024/NEW_PU/Target-目标域/log&pt/(B1)N15_M01_F10→(B2)N15_M07_F10
任务: (B1)N15_M01_F10→(B2)N15_M07_F10; 批次:····0/·1880;  总正确率: 90.00%
类型1 正确率：  97.00% -> 1   97.10%, 2    2.85%, 3    0.05%
类型2 正确率：  82.00% -> 1    0.00%, 2   82.00%, 3   18.00%
类型3 正确率：  91.00% -> 1    0.00%, 2    9.10%, 3   90.90%


样本变换：reverse
样本变换：mask
样本变换：shift
样本变换：none
未过滤	未用伪标签：90.00% -> 使用伪标签：82.20%
已过滤	未用伪标签：90.19% -> 使用伪标签：87.34%
排除样本：353|6000	剩余：1995, 2612, 1040
增添样本：1021		细则：0, 66, 955	正确率估算：98.92%
类型1 正确率： 100.00% -> 1   99.90%, 2    0.05%, 3    0.05%
类型2 正确率：  99.00% -> 1    0.00%, 2   98.52%, 3    1.48%
类型3 正确率：  60.00% -> 1    0.00%, 2   40.38%, 3   59.62%

被排除样本 正确率：86.97%
类型1 正确率：   0.00% -> 1    0.00%, 2  100.00%, 3    0.00%
类型2 正确率：   2.00% -> 1    0.00%, 2    2.27%, 3   97.73%
类型3 正确率： 100.00% -> 1    0.00%, 2    0.00%, 3  100.00%


轮次:··1/·20 || c_Loss:0.517 || e_Loss:-1.856 || Aad_Loss:-22.636 || 耗时：36.39s
轮次:··2/·20 || c_Loss:0.389 || e_Loss:-1.906 || Aad_Loss:-27.650 || 耗时：13.61s
轮次:··3/·20 || c_Loss:0.375 || e_Loss:-1.901 || Aad_Loss:-24.669 || 耗时：13.29s
轮次:··4/·20 || c_Loss:0.363 || e_Loss:-1.822 || Aad_Loss:-24.178 || 耗时：13.11s
轮次:··5/·20 || c_Loss:0.348 || e_Loss:-1.924 || Aad_Loss:-28.149 || 耗时：13.30s
任务: (B1)N15_M01_F10→(B2)N15_M07_F10; mix批次:····0; 批次:··470/·1880;  总正确率: 89.93%
类型1 正确率： 100.00% -> 1  100.00%, 2    0.00%, 3    0.00%
类型2 正确率： 100.00% -> 1    0.00%, 2   99.50%, 3    0.50%
类型3 正确率：  70.00% -> 1    2.45%, 2   27.25%, 3   70.30%


样本变换：reverse
样本变换：mask
样本变换：shift
样本变换：none
未过滤	未用伪标签：89.93% -> 使用伪标签：83.23%
已过滤	未用伪标签：89.95% -> 使用伪标签：83.25%
排除样本：1|6000	剩余：2000, 2994, 1005
增添样本：1001		细则：0, 6, 995	正确率估算：100.00%
类型1 正确率： 100.00% -> 1  100.00%, 2    0.00%, 3    0.00%
类型2 正确率： 100.00% -> 1    0.00%, 2   99.75%, 3    0.25%
类型3 正确率：  50.00% -> 1    0.00%, 2   50.00%, 3   50.00%

被排除样本 正确率：0.00%
类型1 正确率：   0.00% -> 1    0.00%, 2  100.00%
类型2 没有样本或未被分类。


轮次:··6/·20 || c_Loss:0.340 || e_Loss:-1.840 || Aad_Loss:-28.336 || 耗时：35.23s
轮次:··7/·20 || c_Loss:0.413 || e_Loss:-1.735 || Aad_Loss:-24.628 || 耗时：13.33s
轮次:··8/·20 || c_Loss:0.352 || e_Loss:-1.941 || Aad_Loss:-27.921 || 耗时：13.26s
轮次:··9/·20 || c_Loss:0.373 || e_Loss:-1.902 || Aad_Loss:-25.216 || 耗时：13.26s
轮次:·10/·20 || c_Loss:0.353 || e_Loss:-1.893 || Aad_Loss:-26.828 || 耗时：13.25s
任务: (B1)N15_M01_F10→(B2)N15_M07_F10; mix批次:····0; 批次:··940/·1880;  总正确率: 87.45%
类型1 正确率： 100.00% -> 1  100.00%, 2    0.00%, 3    0.00%
类型2 正确率： 100.00% -> 1    0.00%, 2   99.95%, 3    0.05%
类型3 正确率：  62.00% -> 1    8.05%, 2   29.55%, 3   62.40%


样本变换：reverse
样本变换：mask
样本变换：shift
样本变换：none
未过滤	未用伪标签：87.45% -> 使用伪标签：83.33%
已过滤	未用伪标签：87.45% -> 使用伪标签：83.33%
排除样本：2000|6000	剩余：3000, 1000
增添样本：1000		细则：0, 0, 1000	正确率估算：100.00%
类型1 正确率： 100.00% -> 1  100.00%, 2    0.00%, 3    0.00%
类型2 正确率： 100.00% -> 1    0.00%, 2  100.00%, 3    0.00%
类型3 正确率：  50.00% -> 1    0.00%, 2   50.00%, 3   50.00%

被排除样本 正确率：nan%


轮次:·11/·20 || c_Loss:0.352 || e_Loss:-1.742 || Aad_Loss:-28.590 || 耗时：34.81s
轮次:·12/·20 || c_Loss:0.360 || e_Loss:-1.876 || Aad_Loss:-28.382 || 耗时：13.28s
轮次:·13/·20 || c_Loss:0.352 || e_Loss:-1.937 || Aad_Loss:-26.634 || 耗时：13.26s
轮次:·14/·20 || c_Loss:0.336 || e_Loss:-1.886 || Aad_Loss:-29.065 || 耗时：13.25s
轮次:·15/·20 || c_Loss:0.347 || e_Loss:-1.987 || Aad_Loss:-26.465 || 耗时：13.27s
任务: (B1)N15_M01_F10→(B2)N15_M07_F10; mix批次:····0; 批次:·1410/·1880;  总正确率: 90.18%
类型1 正确率： 100.00% -> 1  100.00%, 2    0.00%, 3    0.00%
类型2 正确率： 100.00% -> 1    0.00%, 2   99.95%, 3    0.05%
类型3 正确率：  71.00% -> 1    2.85%, 2   26.55%, 3   70.60%


样本变换：reverse
样本变换：mask
样本变换：shift
样本变换：none
未过滤	未用伪标签：90.18% -> 使用伪标签：83.32%
已过滤	未用伪标签：90.18% -> 使用伪标签：83.32%
排除样本：2000|6000	剩余：2999, 1001
增添样本：1000		细则：0, 1, 999	正确率估算：99.90%
类型1 正确率： 100.00% -> 1  100.00%, 2    0.00%, 3    0.00%
类型2 正确率： 100.00% -> 1    0.00%, 2   99.95%, 3    0.05%
类型3 正确率：  50.00% -> 1    0.00%, 2   50.00%, 3   50.00%

被排除样本 正确率：nan%


轮次:·16/·20 || c_Loss:0.342 || e_Loss:-1.748 || Aad_Loss:-28.936 || 耗时：34.68s
轮次:·17/·20 || c_Loss:0.360 || e_Loss:-1.878 || Aad_Loss:-28.483 || 耗时：13.25s
轮次:·18/·20 || c_Loss:0.351 || e_Loss:-1.941 || Aad_Loss:-26.767 || 耗时：13.26s
轮次:·19/·20 || c_Loss:0.336 || e_Loss:-1.892 || Aad_Loss:-29.208 || 耗时：13.27s
轮次:·20/·20 || c_Loss:0.348 || e_Loss:-1.990 || Aad_Loss:-26.569 || 耗时：13.25s
任务: (B1)N15_M01_F10→(B2)N15_M07_F10; mix批次:····0; 批次:·1880/·1880;  总正确率: 90.02%
类型1 正确率： 100.00% -> 1  100.00%, 2    0.00%, 3    0.00%
类型2 正确率： 100.00% -> 1    0.00%, 2   99.95%, 3    0.05%
类型3 正确率：  70.00% -> 1    3.10%, 2   26.80%, 3   70.10%


测试集任务: (B1)N15_M01_F10→(B2)N15_M07_F10; 总正确率 = 90.02%
类型1 正确率： 100.00% -> 1  100.00%, 2    0.00%, 3    0.00%
类型2 正确率： 100.00% -> 1    0.00%, 2   99.95%, 3    0.05%
类型3 正确率：  70.00% -> 1    3.10%, 2   26.80%, 3   70.10%


