读取源域路径：/kaggle/working/k10/S04/weight_PU_M1_final_checkpoint_FS04toS04c_gatepcv_s2024/NEW_PU/Source-源域/log&pt/(B1)N15_M01_F10
excel输出位置：/kaggle/working/k10/S04/weight_PU_M1_final_checkpoint_FS04toS04c_gatepcv_s2024/NEW_PU/Target-目标域
特征图片输出位置：/kaggle/working/k10/S04/weight_PU_M1_final_checkpoint_FS04toS04c_gatepcv_s2024/NEW_PU/Picture-特征图/2026年09月16日22时40分/(B1)N15_M01_F10
现在选取:(B1)N15_M01_F10 进行训练的源模型
现在进行：(B1)N15_M01_F10→(B3)N15_M07_F04 的迁移任务
log&pt输出位置：/kaggle/working/k10/S04/weight_PU_M1_final_checkpoint_FS04toS04c_gatepcv_s2024/NEW_PU/Target-目标域/log&pt/(B1)N15_M01_F10→(B3)N15_M07_F04
任务: (B1)N15_M01_F10→(B3)N15_M07_F04; 批次:····0/·1880;  总正确率: 78.67%
类型1 正确率：  97.00% -> 1   96.60%, 2    3.40%, 3    0.00%
类型2 正确率：  88.00% -> 1    0.00%, 2   87.50%, 3   12.50%
类型3 正确率：  52.00% -> 1    0.00%, 2   48.10%, 3   51.90%


样本变换：reverse
样本变换：mask
样本变换：shift
样本变换：none
未过滤	未用伪标签：78.67% -> 使用伪标签：79.68%
已过滤	未用伪标签：78.95% -> 使用伪标签：80.33%
排除样本：48|6000	剩余：1998, 2786, 1168
增添样本：2306		细则：738, 0, 1568	正确率估算：96.01%
类型1 正确率： 100.00% -> 1   99.90%, 2    0.05%, 3    0.05%
类型2 正确率：  91.00% -> 1    0.00%, 2   91.39%, 3    8.61%
类型3 正确率：  50.00% -> 1    0.00%, 2   50.05%, 3   49.95%

被排除样本 正确率：43.75%
类型1 正确率：  44.00% -> 1   43.75%, 2   56.25%
类型2 没有样本或未被分类。


轮次:··1/·20 || c_Loss:0.547 || e_Loss:-1.360 || Aad_Loss:-29.344 || 耗时：35.28s
轮次:··2/·20 || c_Loss:0.399 || e_Loss:-0.971 || Aad_Loss:-30.107 || 耗时：13.40s
轮次:··3/·20 || c_Loss:0.371 || e_Loss:-1.032 || Aad_Loss:-30.016 || 耗时：13.27s
轮次:··4/·20 || c_Loss:0.401 || e_Loss:-0.807 || Aad_Loss:-33.982 || 耗时：13.28s
轮次:··5/·20 || c_Loss:0.390 || e_Loss:-0.973 || Aad_Loss:-28.198 || 耗时：13.34s
任务: (B1)N15_M01_F10→(B3)N15_M07_F04; mix批次:····0; 批次:··470/·1880;  总正确率: 80.47%
类型1 正确率： 100.00% -> 1  100.00%, 2    0.00%, 3    0.00%
类型2 正确率：  91.00% -> 1    0.00%, 2   91.45%, 3    8.55%
类型3 正确率：  50.00% -> 1    0.00%, 2   50.05%, 3   49.95%


样本变换：reverse
样本变换：mask
样本变换：shift
样本变换：none
未过滤	未用伪标签：80.47% -> 使用伪标签：79.53%
已过滤	未用伪标签：80.38% -> 使用伪标签：80.01%
排除样本：36|6000	剩余：2000, 2774, 1190
增添样本：2258		细则：724, 0, 1534	正确率估算：98.64%
类型1 正确率： 100.00% -> 1  100.00%, 2    0.00%, 3    0.00%
类型2 正确率：  90.00% -> 1    0.00%, 2   90.27%, 3    9.73%
类型3 正确率：  50.00% -> 1    0.00%, 2   50.05%, 3   49.95%

被排除样本 正确率：94.44%
类型1 正确率：  94.00% -> 1   94.44%, 2    5.56%
类型2 没有样本或未被分类。


轮次:··6/·20 || c_Loss:0.398 || e_Loss:-0.904 || Aad_Loss:-29.610 || 耗时：35.31s
轮次:··7/·20 || c_Loss:0.362 || e_Loss:-0.894 || Aad_Loss:-30.356 || 耗时：13.33s
轮次:··8/·20 || c_Loss:0.361 || e_Loss:-0.885 || Aad_Loss:-28.769 || 耗时：13.30s
轮次:··9/·20 || c_Loss:0.347 || e_Loss:-0.897 || Aad_Loss:-31.591 || 耗时：13.31s
轮次:·10/·20 || c_Loss:0.446 || e_Loss:-0.767 || Aad_Loss:-28.218 || 耗时：13.35s
任务: (B1)N15_M01_F10→(B3)N15_M07_F04; mix批次:····0; 批次:··940/·1880;  总正确率: 77.43%
类型1 正确率： 100.00% -> 1  100.00%, 2    0.00%, 3    0.00%
类型2 正确率：  82.00% -> 1    0.00%, 2   82.30%, 3   17.70%
类型3 正确率：  50.00% -> 1    0.00%, 2   50.00%, 3   50.00%


样本变换：reverse
样本变换：mask
样本变换：shift
样本变换：none
未过滤	未用伪标签：77.43% -> 使用伪标签：78.15%
已过滤	未用伪标签：77.68% -> 使用伪标签：78.40%
排除样本：19|6000	剩余：2000, 2689, 1292
增添样本：1986		细则：639, 0, 1347	正确率估算：99.95%
类型1 正确率： 100.00% -> 1  100.00%, 2    0.00%, 3    0.00%
类型2 正确率：  85.00% -> 1    0.00%, 2   85.26%, 3   14.74%
类型3 正确率：  50.00% -> 1    0.00%, 2   50.00%, 3   50.00%

被排除样本 正确率：0.00%
类型1 正确率：   0.00% -> 1    0.00%, 2  100.00%
类型2 没有样本或未被分类。


轮次:·11/·20 || c_Loss:0.348 || e_Loss:-1.709 || Aad_Loss:-30.095 || 耗时：35.36s
轮次:·12/·20 || c_Loss:0.386 || e_Loss:-1.165 || Aad_Loss:-27.956 || 耗时：13.35s
轮次:·13/·20 || c_Loss:0.360 || e_Loss:-0.926 || Aad_Loss:-29.626 || 耗时：13.35s
轮次:·14/·20 || c_Loss:0.360 || e_Loss:-1.135 || Aad_Loss:-29.237 || 耗时：13.33s
轮次:·15/·20 || c_Loss:0.350 || e_Loss:-0.926 || Aad_Loss:-30.329 || 耗时：13.36s
任务: (B1)N15_M01_F10→(B3)N15_M07_F04; mix批次:····0; 批次:·1410/·1880;  总正确率: 75.68%
类型1 正确率： 100.00% -> 1  100.00%, 2    0.00%, 3    0.00%
类型2 正确率：  77.00% -> 1    0.00%, 2   77.05%, 3   22.95%
类型3 正确率：  50.00% -> 1    0.00%, 2   50.00%, 3   50.00%


样本变换：reverse
样本变换：mask
样本变换：shift
样本变换：none
未过滤	未用伪标签：75.68% -> 使用伪标签：75.93%
已过滤	未用伪标签：75.93% -> 使用伪标签：76.26%
排除样本：26|6000	剩余：2000, 2556, 1418
增添样本：1594		细则：506, 0, 1088	正确率估算：100.00%
类型1 正确率： 100.00% -> 1  100.00%, 2    0.00%, 3    0.00%
类型2 正确率：  79.00% -> 1    0.00%, 2   78.82%, 3   21.18%
类型3 正确率：  50.00% -> 1    0.00%, 2   50.00%, 3   50.00%

被排除样本 正确率：19.23%
类型1 正确率：  19.00% -> 1   19.23%, 2   80.77%
类型2 没有样本或未被分类。


轮次:·16/·20 || c_Loss:0.356 || e_Loss:-1.052 || Aad_Loss:-30.750 || 耗时：35.13s
轮次:·17/·20 || c_Loss:0.337 || e_Loss:-1.166 || Aad_Loss:-31.415 || 耗时：13.30s
轮次:·18/·20 || c_Loss:0.346 || e_Loss:-0.925 || Aad_Loss:-30.306 || 耗时：13.32s
轮次:·19/·20 || c_Loss:0.384 || e_Loss:-1.429 || Aad_Loss:-29.377 || 耗时：13.37s
轮次:·20/·20 || c_Loss:0.368 || e_Loss:-1.322 || Aad_Loss:-30.132 || 耗时：13.39s
任务: (B1)N15_M01_F10→(B3)N15_M07_F04; mix批次:····0; 批次:·1880/·1880;  总正确率: 74.30%
类型1 正确率： 100.00% -> 1  100.00%, 2    0.00%, 3    0.00%
类型2 正确率：  73.00% -> 1    0.00%, 2   72.90%, 3   27.10%
类型3 正确率：  50.00% -> 1    0.00%, 2   50.00%, 3   50.00%


测试集任务: (B1)N15_M01_F10→(B3)N15_M07_F04; 总正确率 = 74.30%
类型1 正确率： 100.00% -> 1  100.00%, 2    0.00%, 3    0.00%
类型2 正确率：  73.00% -> 1    0.00%, 2   72.90%, 3   27.10%
类型3 正确率：  50.00% -> 1    0.00%, 2   50.00%, 3   50.00%


