读取源域路径：/kaggle/working/k10/S04/weight_PU_M1_final_checkpoint_FS04toS04c_gatepcv_s2024/NEW_PU/Source-源域/log&pt/(B3)N15_M07_F04
excel输出位置：/kaggle/working/k10/S04/weight_PU_M1_final_checkpoint_FS04toS04c_gatepcv_s2024/NEW_PU/Target-目标域
特征图片输出位置：/kaggle/working/k10/S04/weight_PU_M1_final_checkpoint_FS04toS04c_gatepcv_s2024/NEW_PU/Picture-特征图/2026年09月16日22时58分/(B3)N15_M07_F04
现在选取:(B3)N15_M07_F04 进行训练的源模型
现在进行：(B3)N15_M07_F04→(B1)N15_M01_F10 的迁移任务
log&pt输出位置：/kaggle/working/k10/S04/weight_PU_M1_final_checkpoint_FS04toS04c_gatepcv_s2024/NEW_PU/Target-目标域/log&pt/(B3)N15_M07_F04→(B1)N15_M01_F10
任务: (B3)N15_M07_F04→(B1)N15_M01_F10; 批次:····0/·1880;  总正确率: 61.33%
类型1 正确率：  98.00% -> 1   98.35%, 2    0.55%, 3    1.10%
类型2 正确率：   4.00% -> 1    0.00%, 2    3.90%, 3   96.10%
类型3 正确率：  82.00% -> 1    0.60%, 2   17.65%, 3   81.75%


样本变换：reverse
样本变换：mask
样本变换：shift
样本变换：none
未过滤	未用伪标签：61.33% -> 使用伪标签：60.17%
已过滤	未用伪标签：62.16% -> 使用伪标签：61.11%
排除样本：93|6000	剩余：1976, 1651, 2280
增添样本：1803		细则：241, 1562, 0	正确率估算：35.38%
类型1 正确率：  99.00% -> 1   98.85%, 2    0.00%, 3    1.15%
类型2 正确率：  34.00% -> 1    0.00%, 2   33.99%, 3   66.01%
类型3 正确率：  50.00% -> 1    0.30%, 2   50.13%, 3   49.57%

被排除样本 正确率：8.60%
类型1 正确率：  14.00% -> 1   14.29%, 2    0.00%, 3   85.71%
类型2 正确率：   0.00% -> 1    0.00%, 2    0.00%, 3  100.00%
类型3 正确率：  54.00% -> 1   30.77%, 2   15.38%, 3   53.85%


轮次:··1/·20 || c_Loss:0.475 || e_Loss:-1.466 || Aad_Loss:-25.034 || 耗时：34.88s
轮次:··2/·20 || c_Loss:0.565 || e_Loss:-1.484 || Aad_Loss:-20.296 || 耗时：13.46s
轮次:··3/·20 || c_Loss:0.410 || e_Loss:-1.745 || Aad_Loss:-23.495 || 耗时：13.34s
轮次:··4/·20 || c_Loss:0.372 || e_Loss:-1.686 || Aad_Loss:-24.869 || 耗时：13.31s
轮次:··5/·20 || c_Loss:0.392 || e_Loss:-1.681 || Aad_Loss:-23.971 || 耗时：13.31s
任务: (B3)N15_M07_F04→(B1)N15_M01_F10; mix批次:····0; 批次:··470/·1880;  总正确率: 68.62%
类型1 正确率： 100.00% -> 1  100.00%, 2    0.00%, 3    0.00%
类型2 正确率：  37.00% -> 1    0.00%, 2   37.35%, 3   62.65%
类型3 正确率：  68.00% -> 1    4.60%, 2   26.90%, 3   68.50%


样本变换：reverse
样本变换：mask
样本变换：shift
样本变换：none
未过滤	未用伪标签：68.62% -> 使用伪标签：62.73%
已过滤	未用伪标签：68.63% -> 使用伪标签：62.87%
排除样本：13|6000	剩余：2000, 1729, 2258
增添样本：1767		细则：258, 1509, 0	正确率估算：99.11%
类型1 正确率： 100.00% -> 1  100.00%, 2    0.00%, 3    0.00%
类型2 正确率：  38.00% -> 1    0.00%, 2   37.60%, 3   62.40%
类型3 正确率：  51.00% -> 1    0.00%, 2   49.12%, 3   50.88%

被排除样本 正确率：61.54%
类型1 正确率：  38.00% -> 1   37.50%, 2   62.50%
类型2 正确率： 100.00% -> 1    0.00%, 2  100.00%


轮次:··6/·20 || c_Loss:0.342 || e_Loss:-1.881 || Aad_Loss:-28.097 || 耗时：34.86s
轮次:··7/·20 || c_Loss:0.383 || e_Loss:-1.781 || Aad_Loss:-27.897 || 耗时：13.35s
轮次:··8/·20 || c_Loss:0.369 || e_Loss:-1.806 || Aad_Loss:-26.891 || 耗时：13.30s
轮次:··9/·20 || c_Loss:0.358 || e_Loss:-1.899 || Aad_Loss:-24.243 || 耗时：13.27s
轮次:·10/·20 || c_Loss:0.373 || e_Loss:-1.815 || Aad_Loss:-26.525 || 耗时：13.27s
任务: (B3)N15_M07_F04→(B1)N15_M01_F10; mix批次:····0; 批次:··940/·1880;  总正确率: 67.63%
类型1 正确率： 100.00% -> 1  100.00%, 2    0.00%, 3    0.00%
类型2 正确率：  37.00% -> 1    0.00%, 2   37.20%, 3   62.80%
类型3 正确率：  66.00% -> 1    7.80%, 2   26.50%, 3   65.70%


样本变换：reverse
样本变换：mask
样本变换：shift
样本变换：none
未过滤	未用伪标签：67.63% -> 使用伪标签：62.55%
已过滤	未用伪标签：67.56% -> 使用伪标签：62.76%
排除样本：20|6000	剩余：2000, 1696, 2284
增添样本：1839		细则：284, 1555, 0	正确率估算：99.80%
类型1 正确率： 100.00% -> 1  100.00%, 2    0.00%, 3    0.00%
类型2 正确率：  37.00% -> 1    0.00%, 2   36.65%, 3   63.35%
类型3 正确率：  51.00% -> 1    0.00%, 2   48.57%, 3   51.43%

被排除样本 正确率：90.00%
类型1 正确率：  82.00% -> 1   81.82%, 2   18.18%
类型2 正确率： 100.00% -> 1    0.00%, 2  100.00%


轮次:·11/·20 || c_Loss:0.337 || e_Loss:-1.821 || Aad_Loss:-28.485 || 耗时：34.72s
轮次:·12/·20 || c_Loss:0.351 || e_Loss:-1.943 || Aad_Loss:-25.574 || 耗时：13.29s
轮次:·13/·20 || c_Loss:0.373 || e_Loss:-1.744 || Aad_Loss:-27.078 || 耗时：13.30s
轮次:·14/·20 || c_Loss:0.356 || e_Loss:-1.850 || Aad_Loss:-23.879 || 耗时：13.33s
轮次:·15/·20 || c_Loss:0.355 || e_Loss:-1.915 || Aad_Loss:-27.486 || 耗时：13.31s
任务: (B3)N15_M07_F04→(B1)N15_M01_F10; mix批次:····0; 批次:·1410/·1880;  总正确率: 67.92%
类型1 正确率： 100.00% -> 1  100.00%, 2    0.00%, 3    0.00%
类型2 正确率：  36.00% -> 1    0.00%, 2   36.10%, 3   63.90%
类型3 正确率：  68.00% -> 1    8.00%, 2   24.35%, 3   67.65%


样本变换：reverse
样本变换：mask
样本变换：shift
样本变换：none
未过滤	未用伪标签：67.92% -> 使用伪标签：62.40%
已过滤	未用伪标签：67.82% -> 使用伪标签：62.66%
排除样本：25|6000	剩余：2000, 1661, 2314
增添样本：1918		细则：314, 1604, 0	正确率估算：99.41%
类型1 正确率： 100.00% -> 1  100.00%, 2    0.00%, 3    0.00%
类型2 正确率：  36.00% -> 1    0.00%, 2   35.68%, 3   64.32%
类型3 正确率：  52.00% -> 1    0.00%, 2   47.91%, 3   52.09%

被排除样本 正确率：92.00%
类型1 正确率：  80.00% -> 1   80.00%, 2   20.00%
类型2 正确率： 100.00% -> 1    0.00%, 2  100.00%


轮次:·16/·20 || c_Loss:0.354 || e_Loss:-1.932 || Aad_Loss:-26.127 || 耗时：34.77s
轮次:·17/·20 || c_Loss:0.352 || e_Loss:-1.952 || Aad_Loss:-25.382 || 耗时：13.30s
轮次:·18/·20 || c_Loss:0.344 || e_Loss:-1.718 || Aad_Loss:-25.032 || 耗时：13.32s
轮次:·19/·20 || c_Loss:0.345 || e_Loss:-1.894 || Aad_Loss:-26.631 || 耗时：13.33s
轮次:·20/·20 || c_Loss:0.341 || e_Loss:-1.819 || Aad_Loss:-31.760 || 耗时：13.30s
任务: (B3)N15_M07_F04→(B1)N15_M01_F10; mix批次:····0; 批次:·1880/·1880;  总正确率: 68.33%
类型1 正确率： 100.00% -> 1  100.00%, 2    0.00%, 3    0.00%
类型2 正确率：  35.00% -> 1    0.00%, 2   34.80%, 3   65.20%
类型3 正确率：  70.00% -> 1    4.95%, 2   24.85%, 3   70.20%


测试集任务: (B3)N15_M07_F04→(B1)N15_M01_F10; 总正确率 = 68.33%
类型1 正确率： 100.00% -> 1  100.00%, 2    0.00%, 3    0.00%
类型2 正确率：  35.00% -> 1    0.00%, 2   34.80%, 3   65.20%
类型3 正确率：  70.00% -> 1    4.95%, 2   24.85%, 3   70.20%


