读取源域路径：/kaggle/working/k10/S04/weight_PU_M1_final_checkpoint_FS04toS04c_gatepcv_s2024/NEW_PU/Source-源域/log&pt/(B2)N15_M07_F10
excel输出位置：/kaggle/working/k10/S04/weight_PU_M1_final_checkpoint_FS04toS04c_gatepcv_s2024/NEW_PU/Target-目标域
特征图片输出位置：/kaggle/working/k10/S04/weight_PU_M1_final_checkpoint_FS04toS04c_gatepcv_s2024/NEW_PU/Picture-特征图/2026年09月16日22时52分/(B2)N15_M07_F10
现在选取:(B2)N15_M07_F10 进行训练的源模型
现在进行：(B2)N15_M07_F10→(B3)N15_M07_F04 的迁移任务
log&pt输出位置：/kaggle/working/k10/S04/weight_PU_M1_final_checkpoint_FS04toS04c_gatepcv_s2024/NEW_PU/Target-目标域/log&pt/(B2)N15_M07_F10→(B3)N15_M07_F04
任务: (B2)N15_M07_F10→(B3)N15_M07_F04; 批次:····0/·1880;  总正确率: 81.50%
类型1 正确率：  99.00% -> 1   98.65%, 2    1.35%, 3    0.00%
类型2 正确率：  53.00% -> 1    0.00%, 2   52.75%, 3   47.25%
类型3 正确率：  93.00% -> 1    0.00%, 2    6.90%, 3   93.10%


样本变换：reverse
样本变换：mask
样本变换：shift
样本变换：none
未过滤	未用伪标签：81.50% -> 使用伪标签：77.15%
已过滤	未用伪标签：81.79% -> 使用伪标签：80.07%
排除样本：219|6000	剩余：2000, 1686, 2095
增添样本：509		细则：91, 418, 0	正确率估算：71.51%
类型1 正确率： 100.00% -> 1  100.00%, 2    0.00%, 3    0.00%
类型2 正确率：  64.00% -> 1    0.00%, 2   63.78%, 3   36.22%
类型3 正确率：  76.00% -> 1    0.00%, 2   24.42%, 3   75.58%

被排除样本 正确率：73.97%
类型1 正确率：  11.00% -> 1   11.29%, 2   88.71%
类型2 正确率：  99.00% -> 1    1.27%, 2   98.73%


轮次:··1/·20 || c_Loss:0.585 || e_Loss:-1.507 || Aad_Loss:-23.557 || 耗时：34.61s
轮次:··2/·20 || c_Loss:0.364 || e_Loss:-1.470 || Aad_Loss:-29.199 || 耗时：13.41s
轮次:··3/·20 || c_Loss:0.365 || e_Loss:-0.776 || Aad_Loss:-26.819 || 耗时：13.31s
轮次:··4/·20 || c_Loss:0.393 || e_Loss:-1.520 || Aad_Loss:-24.458 || 耗时：13.30s
轮次:··5/·20 || c_Loss:0.398 || e_Loss:-1.557 || Aad_Loss:-27.416 || 耗时：13.30s
任务: (B2)N15_M07_F10→(B3)N15_M07_F04; mix批次:····0; 批次:··470/·1880;  总正确率: 78.78%
类型1 正确率： 100.00% -> 1  100.00%, 2    0.00%, 3    0.00%
类型2 正确率：  65.00% -> 1    0.00%, 2   65.45%, 3   34.55%
类型3 正确率：  71.00% -> 1    0.00%, 2   29.10%, 3   70.90%


样本变换：reverse
样本变换：mask
样本变换：shift
样本变换：none
未过滤	未用伪标签：78.78% -> 使用伪标签：73.42%
已过滤	未用伪标签：78.58% -> 使用伪标签：74.37%
排除样本：77|6000	剩余：2000, 2194, 1729
增添样本：585		细则：157, 0, 428	正确率估算：100.00%
类型1 正确率： 100.00% -> 1  100.00%, 2    0.00%, 3    0.00%
类型2 正确率：  67.00% -> 1    0.00%, 2   66.93%, 3   33.07%
类型3 正确率：  55.00% -> 1    0.00%, 2   44.53%, 3   55.47%

被排除样本 正确率：94.81%
类型1 正确率：   0.00% -> 1    0.00%, 2  100.00%
类型2 正确率： 100.00% -> 1    0.00%, 2  100.00%


轮次:··6/·20 || c_Loss:0.409 || e_Loss:-1.567 || Aad_Loss:-30.950 || 耗时：34.60s
轮次:··7/·20 || c_Loss:0.434 || e_Loss:-1.696 || Aad_Loss:-26.673 || 耗时：13.37s
轮次:··8/·20 || c_Loss:0.380 || e_Loss:-1.380 || Aad_Loss:-30.376 || 耗时：13.35s
轮次:··9/·20 || c_Loss:0.384 || e_Loss:-1.417 || Aad_Loss:-28.374 || 耗时：13.35s
轮次:·10/·20 || c_Loss:0.355 || e_Loss:-1.105 || Aad_Loss:-31.044 || 耗时：13.35s
任务: (B2)N15_M07_F10→(B3)N15_M07_F04; mix批次:····0; 批次:··940/·1880;  总正确率: 72.58%
类型1 正确率： 100.00% -> 1  100.00%, 2    0.00%, 3    0.00%
类型2 正确率：  66.00% -> 1    0.00%, 2   66.15%, 3   33.85%
类型3 正确率：  52.00% -> 1    0.00%, 2   48.40%, 3   51.60%


样本变换：reverse
样本变换：mask
样本变换：shift
样本变换：none
未过滤	未用伪标签：72.58% -> 使用伪标签：72.35%
已过滤	未用伪标签：72.60% -> 使用伪标签：72.36%
排除样本：1|6000	剩余：2000, 2341, 1658
增添样本：924		细则：291, 0, 633	正确率估算：100.00%
类型1 正确率： 100.00% -> 1  100.00%, 2    0.00%, 3    0.00%
类型2 正确率：  67.00% -> 1    0.00%, 2   67.08%, 3   32.92%
类型3 正确率：  50.00% -> 1    0.00%, 2   50.00%, 3   50.00%

被排除样本 正确率：0.00%
类型1 正确率：   0.00% -> 1    0.00%, 2  100.00%
类型2 没有样本或未被分类。


轮次:·11/·20 || c_Loss:0.375 || e_Loss:-0.896 || Aad_Loss:-29.982 || 耗时：34.77s
轮次:·12/·20 || c_Loss:0.350 || e_Loss:-0.928 || Aad_Loss:-32.167 || 耗时：13.24s
轮次:·13/·20 || c_Loss:0.374 || e_Loss:-1.421 || Aad_Loss:-30.289 || 耗时：13.25s
轮次:·14/·20 || c_Loss:0.349 || e_Loss:-0.919 || Aad_Loss:-32.138 || 耗时：13.24s
轮次:·15/·20 || c_Loss:0.362 || e_Loss:-0.932 || Aad_Loss:-30.628 || 耗时：13.24s
任务: (B2)N15_M07_F10→(B3)N15_M07_F04; mix批次:····0; 批次:·1410/·1880;  总正确率: 72.27%
类型1 正确率： 100.00% -> 1  100.00%, 2    0.00%, 3    0.00%
类型2 正确率：  67.00% -> 1    0.00%, 2   66.80%, 3   33.20%
类型3 正确率：  50.00% -> 1    0.00%, 2   50.00%, 3   50.00%


样本变换：reverse
样本变换：mask
样本变换：shift
样本变换：none
未过滤	未用伪标签：72.27% -> 使用伪标签：72.37%
已过滤	未用伪标签：72.27% -> 使用伪标签：72.37%
排除样本：2000|6000	剩余：2342, 1658
增添样本：926		细则：292, 0, 634	正确率估算：100.00%
类型1 正确率： 100.00% -> 1  100.00%, 2    0.00%, 3    0.00%
类型2 正确率：  67.00% -> 1    0.00%, 2   67.10%, 3   32.90%
类型3 正确率：  50.00% -> 1    0.00%, 2   50.00%, 3   50.00%

被排除样本 正确率：nan%


轮次:·16/·20 || c_Loss:0.360 || e_Loss:-0.880 || Aad_Loss:-30.346 || 耗时：34.81s
轮次:·17/·20 || c_Loss:0.359 || e_Loss:-1.068 || Aad_Loss:-31.161 || 耗时：13.24s
轮次:·18/·20 || c_Loss:0.368 || e_Loss:-0.872 || Aad_Loss:-32.983 || 耗时：13.28s
轮次:·19/·20 || c_Loss:0.342 || e_Loss:-0.931 || Aad_Loss:-32.005 || 耗时：13.27s
轮次:·20/·20 || c_Loss:0.351 || e_Loss:-1.115 || Aad_Loss:-30.867 || 耗时：13.27s
任务: (B2)N15_M07_F10→(B3)N15_M07_F04; mix批次:····0; 批次:·1880/·1880;  总正确率: 72.35%
类型1 正确率： 100.00% -> 1  100.00%, 2    0.00%, 3    0.00%
类型2 正确率：  67.00% -> 1    0.00%, 2   66.90%, 3   33.10%
类型3 正确率：  50.00% -> 1    0.00%, 2   49.85%, 3   50.15%


测试集任务: (B2)N15_M07_F10→(B3)N15_M07_F04; 总正确率 = 72.35%
类型1 正确率： 100.00% -> 1  100.00%, 2    0.00%, 3    0.00%
类型2 正确率：  67.00% -> 1    0.00%, 2   66.90%, 3   33.10%
类型3 正确率：  50.00% -> 1    0.00%, 2   49.85%, 3   50.15%


