读取源域路径：/kaggle/working/k10/S04/weight_PU_M1_final_checkpoint_FS04toS04c_gatepcv_s2024/NEW_PU/Source-源域/log&pt/(B2)N15_M07_F10
excel输出位置：/kaggle/working/k10/S04/weight_PU_M1_final_checkpoint_FS04toS04c_gatepcv_s2024/NEW_PU/Target-目标域
特征图片输出位置：/kaggle/working/k10/S04/weight_PU_M1_final_checkpoint_FS04toS04c_gatepcv_s2024/NEW_PU/Picture-特征图/2026年09月16日22时46分/(B2)N15_M07_F10
现在选取:(B2)N15_M07_F10 进行训练的源模型
现在进行：(B2)N15_M07_F10→(B1)N15_M01_F10 的迁移任务
log&pt输出位置：/kaggle/working/k10/S04/weight_PU_M1_final_checkpoint_FS04toS04c_gatepcv_s2024/NEW_PU/Target-目标域/log&pt/(B2)N15_M07_F10→(B1)N15_M01_F10
任务: (B2)N15_M07_F10→(B1)N15_M01_F10; 批次:····0/·1880;  总正确率: 80.42%
类型1 正确率： 100.00% -> 1   99.85%, 2    0.15%, 3    0.00%
类型2 正确率：  44.00% -> 1    0.00%, 2   44.45%, 3   55.55%
类型3 正确率：  97.00% -> 1    0.00%, 2    3.05%, 3   96.95%


样本变换：reverse
样本变换：mask
样本变换：shift
样本变换：none
未过滤	未用伪标签：80.42% -> 使用伪标签：80.28%
已过滤	未用伪标签：81.40% -> 使用伪标签：82.27%
排除样本：145|6000	剩余：2000, 1063, 2792
增添样本：2273		细则：621, 1652, 0	正确率估算：95.53%
类型1 正确率： 100.00% -> 1  100.00%, 2    0.00%, 3    0.00%
类型2 正确率：  51.00% -> 1    0.00%, 2   50.65%, 3   49.35%
类型3 正确率：  95.00% -> 1    0.00%, 2    4.84%, 3   95.16%

被排除样本 正确率：40.69%
类型1 正确率：   7.00% -> 1    6.90%, 2   93.10%
类型2 正确率：  91.00% -> 1    8.62%, 2   91.38%


轮次:··1/·20 || c_Loss:0.513 || e_Loss:-1.429 || Aad_Loss:-27.137 || 耗时：35.16s
轮次:··2/·20 || c_Loss:0.350 || e_Loss:-1.377 || Aad_Loss:-29.600 || 耗时：13.41s
轮次:··3/·20 || c_Loss:0.344 || e_Loss:-1.643 || Aad_Loss:-27.387 || 耗时：13.28s
轮次:··4/·20 || c_Loss:0.328 || e_Loss:-1.525 || Aad_Loss:-27.717 || 耗时：13.29s
轮次:··5/·20 || c_Loss:0.342 || e_Loss:-1.504 || Aad_Loss:-27.595 || 耗时：13.34s
任务: (B2)N15_M07_F10→(B1)N15_M01_F10; mix批次:····0; 批次:··470/·1880;  总正确率: 87.30%
类型1 正确率： 100.00% -> 1  100.00%, 2    0.00%, 3    0.00%
类型2 正确率：  63.00% -> 1    0.00%, 2   62.65%, 3   37.35%
类型3 正确率：  99.00% -> 1    0.00%, 2    0.75%, 3   99.25%


样本变换：reverse
样本变换：mask
样本变换：shift
样本变换：none
未过滤	未用伪标签：87.30% -> 使用伪标签：86.87%
已过滤	未用伪标签：87.54% -> 使用伪标签：87.66%
排除样本：54|6000	剩余：2000, 1225, 2721
增添样本：2151		细则：686, 1465, 0	正确率估算：99.79%
类型1 正确率： 100.00% -> 1  100.00%, 2    0.00%, 3    0.00%
类型2 正确率：  63.00% -> 1    0.00%, 2   62.58%, 3   37.42%
类型3 正确率： 100.00% -> 1    0.00%, 2    0.20%, 3   99.80%

被排除样本 正确率：61.11%
类型1 正确率：  63.00% -> 1   63.27%, 2   36.73%
类型2 正确率：  40.00% -> 1   60.00%, 2   40.00%


轮次:··6/·20 || c_Loss:0.335 || e_Loss:-1.678 || Aad_Loss:-31.508 || 耗时：35.36s
轮次:··7/·20 || c_Loss:0.383 || e_Loss:-0.848 || Aad_Loss:-28.758 || 耗时：13.32s
轮次:··8/·20 || c_Loss:0.372 || e_Loss:-0.911 || Aad_Loss:-27.650 || 耗时：13.29s
轮次:··9/·20 || c_Loss:0.353 || e_Loss:-1.771 || Aad_Loss:-29.037 || 耗时：13.28s
轮次:·10/·20 || c_Loss:0.364 || e_Loss:-1.022 || Aad_Loss:-29.501 || 耗时：13.35s
任务: (B2)N15_M07_F10→(B1)N15_M01_F10; mix批次:····0; 批次:··940/·1880;  总正确率: 88.58%
类型1 正确率： 100.00% -> 1  100.00%, 2    0.00%, 3    0.00%
类型2 正确率：  66.00% -> 1    0.00%, 2   65.75%, 3   34.25%
类型3 正确率： 100.00% -> 1    0.00%, 2    0.00%, 3  100.00%


样本变换：reverse
样本变换：mask
样本变换：shift
样本变换：none
未过滤	未用伪标签：88.58% -> 使用伪标签：88.78%
已过滤	未用伪标签：88.71% -> 使用伪标签：88.95%
排除样本：11|6000	剩余：2000, 1329, 2660
增添样本：1989		细则：659, 1330, 0	正确率估算：99.60%
类型1 正确率： 100.00% -> 1  100.00%, 2    0.00%, 3    0.00%
类型2 正确率：  67.00% -> 1    0.00%, 2   66.75%, 3   33.25%
类型3 正确率： 100.00% -> 1    0.00%, 2    0.00%, 3  100.00%

被排除样本 正确率：18.18%
类型1 正确率：   0.00% -> 1    0.00%, 2  100.00%
类型2 正确率： 100.00% -> 1    0.00%, 2  100.00%


轮次:·11/·20 || c_Loss:0.358 || e_Loss:-0.954 || Aad_Loss:-28.840 || 耗时：35.19s
轮次:·12/·20 || c_Loss:0.366 || e_Loss:-0.998 || Aad_Loss:-29.714 || 耗时：13.32s
轮次:·13/·20 || c_Loss:0.369 || e_Loss:-0.980 || Aad_Loss:-29.894 || 耗时：13.37s
轮次:·14/·20 || c_Loss:0.376 || e_Loss:-0.943 || Aad_Loss:-33.362 || 耗时：13.34s
轮次:·15/·20 || c_Loss:0.370 || e_Loss:-0.992 || Aad_Loss:-29.290 || 耗时：13.35s
任务: (B2)N15_M07_F10→(B1)N15_M01_F10; mix批次:····0; 批次:·1410/·1880;  总正确率: 88.93%
类型1 正确率： 100.00% -> 1  100.00%, 2    0.00%, 3    0.00%
类型2 正确率：  67.00% -> 1    0.00%, 2   66.80%, 3   33.20%
类型3 正确率： 100.00% -> 1    0.00%, 2    0.00%, 3  100.00%


样本变换：reverse
样本变换：mask
样本变换：shift
样本变换：none
未过滤	未用伪标签：88.93% -> 使用伪标签：88.92%
已过滤	未用伪标签：88.93% -> 使用伪标签：88.96%
排除样本：3|6000	剩余：2000, 1336, 2661
增添样本：1986		细则：661, 1325, 0	正确率估算：99.90%
类型1 正确率： 100.00% -> 1  100.00%, 2    0.00%, 3    0.00%
类型2 正确率：  67.00% -> 1    0.00%, 2   66.87%, 3   33.13%
类型3 正确率： 100.00% -> 1    0.00%, 2    0.00%, 3  100.00%

被排除样本 正确率：100.00%
类型1 正确率： 100.00% -> 1  100.00%, 2    0.00%
类型2 正确率： 100.00% -> 1    0.00%, 2  100.00%


轮次:·16/·20 || c_Loss:0.380 || e_Loss:-0.995 || Aad_Loss:-29.892 || 耗时：35.47s
轮次:·17/·20 || c_Loss:0.378 || e_Loss:-0.989 || Aad_Loss:-30.319 || 耗时：13.32s
轮次:·18/·20 || c_Loss:0.383 || e_Loss:-1.001 || Aad_Loss:-29.434 || 耗时：13.33s
轮次:·19/·20 || c_Loss:0.389 || e_Loss:-1.000 || Aad_Loss:-30.950 || 耗时：13.33s
轮次:·20/·20 || c_Loss:0.394 || e_Loss:-1.004 || Aad_Loss:-29.546 || 耗时：13.36s
任务: (B2)N15_M07_F10→(B1)N15_M01_F10; mix批次:····0; 批次:·1880/·1880;  总正确率: 89.02%
类型1 正确率： 100.00% -> 1  100.00%, 2    0.00%, 3    0.00%
类型2 正确率：  67.00% -> 1    0.00%, 2   67.10%, 3   32.90%
类型3 正确率： 100.00% -> 1    0.00%, 2    0.05%, 3   99.95%


测试集任务: (B2)N15_M07_F10→(B1)N15_M01_F10; 总正确率 = 89.02%
类型1 正确率： 100.00% -> 1  100.00%, 2    0.00%, 3    0.00%
类型2 正确率：  67.00% -> 1    0.00%, 2   67.10%, 3   32.90%
类型3 正确率： 100.00% -> 1    0.00%, 2    0.05%, 3   99.95%


