读取源域路径：/kaggle/working/k10/S04/weight_PU_M1_final_checkpoint_FS04toS04c_gatepcv_s2024/NEW_PU/Source-源域/log&pt/(B3)N15_M07_F04
excel输出位置：/kaggle/working/k10/S04/weight_PU_M1_final_checkpoint_FS04toS04c_gatepcv_s2024/NEW_PU/Target-目标域
特征图片输出位置：/kaggle/working/k10/S04/weight_PU_M1_final_checkpoint_FS04toS04c_gatepcv_s2024/NEW_PU/Picture-特征图/2026年09月16日23时04分/(B3)N15_M07_F04
现在选取:(B3)N15_M07_F04 进行训练的源模型
现在进行：(B3)N15_M07_F04→(B2)N15_M07_F10 的迁移任务
log&pt输出位置：/kaggle/working/k10/S04/weight_PU_M1_final_checkpoint_FS04toS04c_gatepcv_s2024/NEW_PU/Target-目标域/log&pt/(B3)N15_M07_F04→(B2)N15_M07_F10
任务: (B3)N15_M07_F04→(B2)N15_M07_F10; 批次:····0/·1880;  总正确率: 63.63%
类型1 正确率：  98.00% -> 1   98.10%, 2    0.00%, 3    1.90%
类型2 正确率：   3.00% -> 1    0.00%, 2    3.40%, 3   96.60%
类型3 正确率：  89.00% -> 1    0.10%, 2   10.50%, 3   89.40%


样本变换：reverse
样本变换：mask
样本变换：shift
样本变换：none
未过滤	未用伪标签：63.63% -> 使用伪标签：61.37%
已过滤	未用伪标签：64.47% -> 使用伪标签：62.44%
排除样本：103|6000	剩余：1970, 1690, 2237
增添样本：1681		细则：210, 1471, 0	正确率估算：29.49%
类型1 正确率：  99.00% -> 1   98.99%, 2    0.00%, 3    1.01%
类型2 正确率：  37.00% -> 1    0.00%, 2   36.91%, 3   63.09%
类型3 正确率：  51.00% -> 1    0.10%, 2   49.35%, 3   50.55%

被排除样本 正确率：15.53%
类型1 正确率：  33.00% -> 1   33.33%, 2    0.00%, 3   66.67%
类型2 正确率：   0.00% -> 1    0.00%, 2    0.00%, 3  100.00%
类型3 正确率： 100.00% -> 1    0.00%, 2    0.00%, 3  100.00%


轮次:··1/·20 || c_Loss:0.667 || e_Loss:-1.333 || Aad_Loss:-23.468 || 耗时：34.83s
轮次:··2/·20 || c_Loss:0.509 || e_Loss:-1.463 || Aad_Loss:-22.744 || 耗时：13.31s
轮次:··3/·20 || c_Loss:0.457 || e_Loss:-1.548 || Aad_Loss:-24.096 || 耗时：13.21s
轮次:··4/·20 || c_Loss:0.356 || e_Loss:-1.707 || Aad_Loss:-23.447 || 耗时：13.21s
轮次:··5/·20 || c_Loss:0.406 || e_Loss:-1.621 || Aad_Loss:-25.388 || 耗时：13.22s
任务: (B3)N15_M07_F04→(B2)N15_M07_F10; mix批次:····0; 批次:··470/·1880;  总正确率: 67.30%
类型1 正确率： 100.00% -> 1  100.00%, 2    0.00%, 3    0.00%
类型2 正确率：  39.00% -> 1    0.00%, 2   39.25%, 3   60.75%
类型3 正确率：  63.00% -> 1    0.65%, 2   36.70%, 3   62.65%


样本变换：reverse
样本变换：mask
样本变换：shift
样本变换：none
未过滤	未用伪标签：67.30% -> 使用伪标签：63.57%
已过滤	未用伪标签：67.33% -> 使用伪标签：63.77%
排除样本：19|6000	剩余：2000, 1783, 2198
增添样本：1592		细则：197, 1395, 0	正确率估算：98.40%
类型1 正确率： 100.00% -> 1  100.00%, 2    0.00%, 3    0.00%
类型2 正确率：  40.00% -> 1    0.00%, 2   40.34%, 3   59.66%
类型3 正确率：  51.00% -> 1    0.00%, 2   49.22%, 3   50.78%

被排除样本 正确率：57.89%
类型1 正确率：  33.00% -> 1   33.33%, 2   66.67%
类型2 正确率： 100.00% -> 1    0.00%, 2  100.00%


轮次:··6/·20 || c_Loss:0.341 || e_Loss:-1.747 || Aad_Loss:-29.171 || 耗时：34.89s
轮次:··7/·20 || c_Loss:0.375 || e_Loss:-1.803 || Aad_Loss:-24.511 || 耗时：13.27s
轮次:··8/·20 || c_Loss:0.405 || e_Loss:-1.793 || Aad_Loss:-24.812 || 耗时：13.25s
轮次:··9/·20 || c_Loss:0.353 || e_Loss:-1.729 || Aad_Loss:-28.550 || 耗时：13.27s
轮次:·10/·20 || c_Loss:0.380 || e_Loss:-1.816 || Aad_Loss:-23.607 || 耗时：13.27s
任务: (B3)N15_M07_F04→(B2)N15_M07_F10; mix批次:····0; 批次:··940/·1880;  总正确率: 69.05%
类型1 正确率： 100.00% -> 1  100.00%, 2    0.00%, 3    0.00%
类型2 正确率：  40.00% -> 1    0.00%, 2   40.30%, 3   59.70%
类型3 正确率：  67.00% -> 1    4.90%, 2   28.25%, 3   66.85%


样本变换：reverse
样本变换：mask
样本变换：shift
样本变换：none
未过滤	未用伪标签：69.05% -> 使用伪标签：64.00%
已过滤	未用伪标签：69.06% -> 使用伪标签：64.19%
排除样本：18|6000	剩余：2000, 1772, 2210
增添样本：1607		细则：209, 1398, 0	正确率估算：99.31%
类型1 正确率： 100.00% -> 1  100.00%, 2    0.00%, 3    0.00%
类型2 正确率：  41.00% -> 1    0.00%, 2   40.71%, 3   59.29%
类型3 正确率：  52.00% -> 1    0.00%, 2   48.29%, 3   51.71%

被排除样本 正确率：66.67%
类型1 正确率：  25.00% -> 1   25.00%, 2   75.00%
类型2 正确率： 100.00% -> 1    0.00%, 2  100.00%


轮次:·11/·20 || c_Loss:0.407 || e_Loss:-1.827 || Aad_Loss:-21.293 || 耗时：34.73s
轮次:·12/·20 || c_Loss:0.357 || e_Loss:-1.825 || Aad_Loss:-27.317 || 耗时：13.30s
轮次:·13/·20 || c_Loss:0.381 || e_Loss:-1.756 || Aad_Loss:-24.358 || 耗时：13.37s
轮次:·14/·20 || c_Loss:0.370 || e_Loss:-1.826 || Aad_Loss:-28.315 || 耗时：13.32s
轮次:·15/·20 || c_Loss:0.362 || e_Loss:-1.809 || Aad_Loss:-25.630 || 耗时：13.30s
任务: (B3)N15_M07_F04→(B2)N15_M07_F10; mix批次:····0; 批次:·1410/·1880;  总正确率: 70.75%
类型1 正确率： 100.00% -> 1  100.00%, 2    0.00%, 3    0.00%
类型2 正确率：  40.00% -> 1    0.00%, 2   40.50%, 3   59.50%
类型3 正确率：  72.00% -> 1    3.25%, 2   25.00%, 3   71.75%


样本变换：reverse
样本变换：mask
样本变换：shift
样本变换：none
未过滤	未用伪标签：70.75% -> 使用伪标签：64.48%
已过滤	未用伪标签：70.66% -> 使用伪标签：64.83%
排除样本：32|6000	剩余：2000, 1735, 2233
增添样本：1650		细则：232, 1418, 0	正确率估算：99.33%
类型1 正确率： 100.00% -> 1  100.00%, 2    0.00%, 3    0.00%
类型2 正确率：  41.00% -> 1    0.00%, 2   40.86%, 3   59.14%
类型3 正确率：  53.00% -> 1    0.00%, 2   46.61%, 3   53.39%

被排除样本 正确率：87.50%
类型1 正确率：  50.00% -> 1   50.00%, 2   50.00%
类型2 正确率： 100.00% -> 1    0.00%, 2  100.00%


轮次:·16/·20 || c_Loss:0.363 || e_Loss:-1.870 || Aad_Loss:-27.911 || 耗时：34.73s
轮次:·17/·20 || c_Loss:0.379 || e_Loss:-1.817 || Aad_Loss:-23.235 || 耗时：13.25s
轮次:·18/·20 || c_Loss:0.349 || e_Loss:-1.774 || Aad_Loss:-27.278 || 耗时：13.21s
轮次:·19/·20 || c_Loss:0.381 || e_Loss:-1.735 || Aad_Loss:-25.510 || 耗时：13.21s
轮次:·20/·20 || c_Loss:0.334 || e_Loss:-1.797 || Aad_Loss:-27.979 || 耗时：13.25s
任务: (B3)N15_M07_F04→(B2)N15_M07_F10; mix批次:····0; 批次:·1880/·1880;  总正确率: 71.62%
类型1 正确率： 100.00% -> 1  100.00%, 2    0.00%, 3    0.00%
类型2 正确率：  41.00% -> 1    0.00%, 2   41.20%, 3   58.80%
类型3 正确率：  74.00% -> 1    3.50%, 2   22.85%, 3   73.65%


测试集任务: (B3)N15_M07_F04→(B2)N15_M07_F10; 总正确率 = 71.62%
类型1 正确率： 100.00% -> 1  100.00%, 2    0.00%, 3    0.00%
类型2 正确率：  41.00% -> 1    0.00%, 2   41.20%, 3   58.80%
类型3 正确率：  74.00% -> 1    3.50%, 2   22.85%, 3   73.65%


