读取源域路径：/kaggle/working/m2rep/rep1/weight_PU_M1_final_checkpoint_FBtoA_s2024/NEW_PU/Source-源域/log&pt/(B2)N15_M07_F10
excel输出位置：/kaggle/working/m2rep/rep1/weight_PU_M1_final_checkpoint_FBtoA_s2024/NEW_PU/Target-目标域
特征图片输出位置：/kaggle/working/m2rep/rep1/weight_PU_M1_final_checkpoint_FBtoA_s2024/NEW_PU/Picture-特征图/2026年09月14日16时07分/(B2)N15_M07_F10
现在选取:(B2)N15_M07_F10 进行训练的源模型
现在进行：(B2)N15_M07_F10→(B1)N15_M01_F10 的迁移任务
log&pt输出位置：/kaggle/working/m2rep/rep1/weight_PU_M1_final_checkpoint_FBtoA_s2024/NEW_PU/Target-目标域/log&pt/(B2)N15_M07_F10→(B1)N15_M01_F10
任务: (B2)N15_M07_F10→(B1)N15_M01_F10; 批次:····0/·1880;  总正确率: 55.52%
类型1 正确率： 100.00% -> 1  100.00%, 2    0.00%, 3    0.00%
类型2 正确率：  34.00% -> 1   32.15%, 2   33.55%, 3   34.30%
类型3 正确率：  33.00% -> 1    0.00%, 2   67.00%, 3   33.00%


样本变换：reverse
样本变换：mask
样本变换：shift
样本变换：none
未过滤	未用伪标签：55.52% -> 使用伪标签：55.23%
已过滤	未用伪标签：55.74% -> 使用伪标签：55.49%
排除样本：28|6000	剩余：2596, 1994, 1382
增添样本：1816		细则：0, 602, 1214	正确率估算：94.99%
类型1 正确率： 100.00% -> 1  100.00%, 2    0.00%, 3    0.00%
类型2 正确率：  33.00% -> 1   30.22%, 2   33.16%, 3   36.61%
类型3 正确率：  33.00% -> 1    0.00%, 2   67.00%, 3   33.00%

被排除样本 正确率：7.14%
类型1 没有样本或未被分类。
类型2 正确率：   7.00% -> 1    3.57%, 2    7.14%, 3   89.29%
类型3 没有样本或未被分类。


轮次:··1/·20 || c_Loss:0.488 || e_Loss:-0.952 || Aad_Loss:-30.673 || 耗时：33.81s
轮次:··2/·20 || c_Loss:0.383 || e_Loss:-0.984 || Aad_Loss:-29.809 || 耗时：12.65s
轮次:··3/·20 || c_Loss:0.384 || e_Loss:-1.674 || Aad_Loss:-31.268 || 耗时：12.59s
轮次:··4/·20 || c_Loss:0.359 || e_Loss:-0.950 || Aad_Loss:-30.139 || 耗时：12.49s
轮次:··5/·20 || c_Loss:0.412 || e_Loss:-0.871 || Aad_Loss:-26.592 || 耗时：12.53s
任务: (B2)N15_M07_F10→(B1)N15_M01_F10; mix批次:····0; 批次:··470/·1880;  总正确率: 55.33%
类型1 正确率： 100.00% -> 1  100.00%, 2    0.00%, 3    0.00%
类型2 正确率：  33.00% -> 1   34.00%, 2   33.00%, 3   33.00%
类型3 正确率：  33.00% -> 1    0.00%, 2   67.00%, 3   33.00%


样本变换：reverse
样本变换：mask
样本变换：shift
样本变换：none
未过滤	未用伪标签：55.33% -> 使用伪标签：55.33%
已过滤	未用伪标签：55.33% -> 使用伪标签：55.33%
排除样本：2680|6000	剩余：2000, 1320
增添样本：2040		细则：0, 680, 1360	正确率估算：100.00%
类型1 正确率： 100.00% -> 1  100.00%, 2    0.00%, 3    0.00%
类型2 正确率：  33.00% -> 1   34.00%, 2   33.00%, 3   33.00%
类型3 正确率：  33.00% -> 1    0.00%, 2   67.00%, 3   33.00%

被排除样本 正确率：nan%


轮次:··6/·20 || c_Loss:0.383 || e_Loss:-0.977 || Aad_Loss:-31.394 || 耗时：33.65s
轮次:··7/·20 || c_Loss:0.384 || e_Loss:-0.979 || Aad_Loss:-31.660 || 耗时：12.70s
轮次:··8/·20 || c_Loss:0.384 || e_Loss:-0.935 || Aad_Loss:-32.562 || 耗时：12.67s
轮次:··9/·20 || c_Loss:0.383 || e_Loss:-1.001 || Aad_Loss:-30.635 || 耗时：12.64s
轮次:·10/·20 || c_Loss:0.378 || e_Loss:-1.013 || Aad_Loss:-31.018 || 耗时：12.58s
任务: (B2)N15_M07_F10→(B1)N15_M01_F10; mix批次:····0; 批次:··940/·1880;  总正确率: 55.32%
类型1 正确率： 100.00% -> 1  100.00%, 2    0.00%, 3    0.00%
类型2 正确率：  33.00% -> 1   34.00%, 2   32.95%, 3   33.05%
类型3 正确率：  33.00% -> 1    0.00%, 2   67.00%, 3   33.00%


样本变换：reverse
样本变换：mask
样本变换：shift
样本变换：none
未过滤	未用伪标签：55.32% -> 使用伪标签：55.33%
已过滤	未用伪标签：55.32% -> 使用伪标签：55.33%
排除样本：2680|6000	剩余：2000, 1320
增添样本：2040		细则：0, 680, 1360	正确率估算：100.00%
类型1 正确率： 100.00% -> 1  100.00%, 2    0.00%, 3    0.00%
类型2 正确率：  33.00% -> 1   34.00%, 2   33.00%, 3   33.00%
类型3 正确率：  33.00% -> 1    0.00%, 2   67.00%, 3   33.00%

被排除样本 正确率：nan%


轮次:·11/·20 || c_Loss:0.384 || e_Loss:-0.985 || Aad_Loss:-31.762 || 耗时：33.56s
轮次:·12/·20 || c_Loss:0.382 || e_Loss:-0.980 || Aad_Loss:-32.018 || 耗时：12.64s
轮次:·13/·20 || c_Loss:0.381 || e_Loss:-0.939 || Aad_Loss:-32.904 || 耗时：12.67s
轮次:·14/·20 || c_Loss:0.381 || e_Loss:-1.001 || Aad_Loss:-30.916 || 耗时：12.63s
轮次:·15/·20 || c_Loss:0.376 || e_Loss:-1.014 || Aad_Loss:-31.239 || 耗时：12.60s
任务: (B2)N15_M07_F10→(B1)N15_M01_F10; mix批次:····0; 批次:·1410/·1880;  总正确率: 55.33%
类型1 正确率： 100.00% -> 1  100.00%, 2    0.00%, 3    0.00%
类型2 正确率：  33.00% -> 1   34.00%, 2   33.00%, 3   33.00%
类型3 正确率：  33.00% -> 1    0.00%, 2   67.00%, 3   33.00%


样本变换：reverse
样本变换：mask
样本变换：shift
样本变换：none
未过滤	未用伪标签：55.33% -> 使用伪标签：55.33%
已过滤	未用伪标签：55.33% -> 使用伪标签：55.33%
排除样本：2680|6000	剩余：2000, 1320
增添样本：2040		细则：0, 680, 1360	正确率估算：100.00%
类型1 正确率： 100.00% -> 1  100.00%, 2    0.00%, 3    0.00%
类型2 正确率：  33.00% -> 1   34.00%, 2   33.00%, 3   33.00%
类型3 正确率：  33.00% -> 1    0.00%, 2   67.00%, 3   33.00%

被排除样本 正确率：nan%


轮次:·16/·20 || c_Loss:0.383 || e_Loss:-0.986 || Aad_Loss:-31.945 || 耗时：33.42s
轮次:·17/·20 || c_Loss:0.381 || e_Loss:-0.980 || Aad_Loss:-32.205 || 耗时：12.60s
轮次:·18/·20 || c_Loss:0.379 || e_Loss:-0.940 || Aad_Loss:-33.078 || 耗时：12.64s
轮次:·19/·20 || c_Loss:0.381 || e_Loss:-1.001 || Aad_Loss:-31.083 || 耗时：12.65s
轮次:·20/·20 || c_Loss:0.376 || e_Loss:-1.015 || Aad_Loss:-31.372 || 耗时：12.64s
任务: (B2)N15_M07_F10→(B1)N15_M01_F10; mix批次:····0; 批次:·1880/·1880;  总正确率: 55.33%
类型1 正确率： 100.00% -> 1  100.00%, 2    0.00%, 3    0.00%
类型2 正确率：  33.00% -> 1   34.00%, 2   33.00%, 3   33.00%
类型3 正确率：  33.00% -> 1    0.00%, 2   67.00%, 3   33.00%


测试集任务: (B2)N15_M07_F10→(B1)N15_M01_F10; 总正确率 = 55.33%
类型1 正确率： 100.00% -> 1  100.00%, 2    0.00%, 3    0.00%
类型2 正确率：  33.00% -> 1   34.00%, 2   33.00%, 3   33.00%
类型3 正确率：  33.00% -> 1    0.00%, 2   67.00%, 3   33.00%


