读取源域路径：/kaggle/working/m2rep/rep1/weight_PU_M1_final_checkpoint_FBtoA_s2024/NEW_PU/Source-源域/log&pt/(B3)N15_M07_F04
excel输出位置：/kaggle/working/m2rep/rep1/weight_PU_M1_final_checkpoint_FBtoA_s2024/NEW_PU/Target-目标域
特征图片输出位置：/kaggle/working/m2rep/rep1/weight_PU_M1_final_checkpoint_FBtoA_s2024/NEW_PU/Picture-特征图/2026年09月14日16时19分/(B3)N15_M07_F04
现在选取:(B3)N15_M07_F04 进行训练的源模型
现在进行：(B3)N15_M07_F04→(B1)N15_M01_F10 的迁移任务
log&pt输出位置：/kaggle/working/m2rep/rep1/weight_PU_M1_final_checkpoint_FBtoA_s2024/NEW_PU/Target-目标域/log&pt/(B3)N15_M07_F04→(B1)N15_M01_F10
任务: (B3)N15_M07_F04→(B1)N15_M01_F10; 批次:····0/·1880;  总正确率: 52.28%
类型1 正确率：  91.00% -> 1   91.20%, 2    0.00%, 3    8.80%
类型2 正确率：  33.00% -> 1   16.55%, 2   32.65%, 3   50.80%
类型3 正确率：  33.00% -> 1    0.00%, 2   67.00%, 3   33.00%


样本变换：reverse
样本变换：mask
样本变换：shift
样本变换：none
未过滤	未用伪标签：52.28% -> 使用伪标签：50.58%
已过滤	未用伪标签：52.54% -> 使用伪标签：51.66%
排除样本：125|6000	剩余：2105, 1995, 1775
增添样本：440		细则：0, 110, 330	正确率估算：97.50%
类型1 正确率：  89.00% -> 1   89.26%, 2    0.00%, 3   10.74%
类型2 正确率：  34.00% -> 1   19.76%, 2   33.62%, 3   46.61%
类型3 正确率：  33.00% -> 1    0.00%, 2   67.00%, 3   33.00%

被排除样本 正确率：40.00%
类型1 正确率：  68.00% -> 1   68.49%, 2    0.00%, 3   31.51%
类型2 正确率：   0.00% -> 1   15.38%, 2    0.00%, 3   84.62%
类型3 没有样本或未被分类。


轮次:··1/·20 || c_Loss:0.556 || e_Loss:-1.659 || Aad_Loss:-24.572 || 耗时：32.74s
轮次:··2/·20 || c_Loss:0.410 || e_Loss:-1.719 || Aad_Loss:-25.799 || 耗时：12.66s
轮次:··3/·20 || c_Loss:0.375 || e_Loss:-0.837 || Aad_Loss:-30.100 || 耗时：12.58s
轮次:··4/·20 || c_Loss:0.473 || e_Loss:-1.202 || Aad_Loss:-29.547 || 耗时：12.53s
轮次:··5/·20 || c_Loss:0.473 || e_Loss:-0.779 || Aad_Loss:-27.436 || 耗时：12.52s
任务: (B3)N15_M07_F04→(B1)N15_M01_F10; mix批次:····0; 批次:··470/·1880;  总正确率: 52.88%
类型1 正确率：  93.00% -> 1   92.85%, 2    0.00%, 3    7.15%
类型2 正确率：  33.00% -> 1   18.60%, 2   32.80%, 3   48.60%
类型3 正确率：  33.00% -> 1    0.00%, 2   67.00%, 3   33.00%


样本变换：reverse
样本变换：mask
样本变换：shift
样本变换：none
未过滤	未用伪标签：52.88% -> 使用伪标签：55.02%
已过滤	未用伪标签：53.16% -> 使用伪标签：55.30%
排除样本：31|6000	剩余：2530, 2000, 1439
增添样本：1621		细则：0, 530, 1091	正确率估算：99.94%
类型1 正确率：  99.00% -> 1   99.25%, 2    0.00%, 3    0.75%
类型2 正确率：  33.00% -> 1   27.83%, 2   33.45%, 3   38.72%
类型3 正确率：  33.00% -> 1    0.00%, 2   67.00%, 3   33.00%

被排除样本 正确率：0.00%
类型1 正确率：   0.00% -> 1    0.00%, 2    0.00%, 3  100.00%
类型2 正确率：   0.00% -> 1    0.00%, 2    0.00%, 3  100.00%
类型3 没有样本或未被分类。


轮次:··6/·20 || c_Loss:0.399 || e_Loss:-0.940 || Aad_Loss:-28.008 || 耗时：33.43s
轮次:··7/·20 || c_Loss:0.367 || e_Loss:-0.947 || Aad_Loss:-29.956 || 耗时：12.60s
轮次:··8/·20 || c_Loss:0.382 || e_Loss:-1.744 || Aad_Loss:-29.062 || 耗时：12.60s
轮次:··9/·20 || c_Loss:0.458 || e_Loss:-1.690 || Aad_Loss:-27.418 || 耗时：12.56s
轮次:·10/·20 || c_Loss:0.368 || e_Loss:-0.969 || Aad_Loss:-30.337 || 耗时：12.65s
任务: (B3)N15_M07_F04→(B1)N15_M01_F10; mix批次:····0; 批次:··940/·1880;  总正确率: 55.33%
类型1 正确率： 100.00% -> 1  100.00%, 2    0.00%, 3    0.00%
类型2 正确率：  33.00% -> 1   29.75%, 2   33.00%, 3   37.25%
类型3 正确率：  33.00% -> 1    0.00%, 2   67.00%, 3   33.00%


样本变换：reverse
样本变换：mask
样本变换：shift
样本变换：none
未过滤	未用伪标签：55.33% -> 使用伪标签：55.33%
已过滤	未用伪标签：55.36% -> 使用伪标签：55.36%
排除样本：3|6000	剩余：2675, 2000, 1322
增添样本：2028		细则：0, 675, 1353	正确率估算：100.00%
类型1 正确率： 100.00% -> 1  100.00%, 2    0.00%, 3    0.00%
类型2 正确率：  33.00% -> 1   33.80%, 2   33.05%, 3   33.15%
类型3 正确率：  33.00% -> 1    0.00%, 2   67.00%, 3   33.00%

被排除样本 正确率：0.00%
类型1 正确率：   0.00% -> 1    0.00%, 2  100.00%
类型2 没有样本或未被分类。


轮次:·11/·20 || c_Loss:0.372 || e_Loss:-0.958 || Aad_Loss:-30.398 || 耗时：33.54s
轮次:·12/·20 || c_Loss:0.383 || e_Loss:-0.978 || Aad_Loss:-32.373 || 耗时：12.64s
轮次:·13/·20 || c_Loss:0.381 || e_Loss:-0.983 || Aad_Loss:-30.827 || 耗时：12.66s
轮次:·14/·20 || c_Loss:0.384 || e_Loss:-0.984 || Aad_Loss:-31.835 || 耗时：12.63s
轮次:·15/·20 || c_Loss:0.385 || e_Loss:-0.982 || Aad_Loss:-30.720 || 耗时：12.64s
任务: (B3)N15_M07_F04→(B1)N15_M01_F10; mix批次:····0; 批次:·1410/·1880;  总正确率: 55.33%
类型1 正确率： 100.00% -> 1  100.00%, 2    0.00%, 3    0.00%
类型2 正确率：  33.00% -> 1   34.00%, 2   33.00%, 3   33.00%
类型3 正确率：  33.00% -> 1    0.00%, 2   67.00%, 3   33.00%


样本变换：reverse
样本变换：mask
样本变换：shift
样本变换：none
未过滤	未用伪标签：55.33% -> 使用伪标签：55.33%
已过滤	未用伪标签：55.33% -> 使用伪标签：55.33%
排除样本：2680|6000	剩余：2000, 1320
增添样本：2040		细则：0, 680, 1360	正确率估算：100.00%
类型1 正确率： 100.00% -> 1  100.00%, 2    0.00%, 3    0.00%
类型2 正确率：  33.00% -> 1   34.00%, 2   33.00%, 3   33.00%
类型3 正确率：  33.00% -> 1    0.00%, 2   67.00%, 3   33.00%

被排除样本 正确率：nan%


轮次:·16/·20 || c_Loss:0.382 || e_Loss:-0.991 || Aad_Loss:-32.221 || 耗时：33.51s
轮次:·17/·20 || c_Loss:0.379 || e_Loss:-0.978 || Aad_Loss:-32.071 || 耗时：12.60s
轮次:·18/·20 || c_Loss:0.381 || e_Loss:-0.936 || Aad_Loss:-32.182 || 耗时：12.61s
轮次:·19/·20 || c_Loss:0.380 || e_Loss:-1.008 || Aad_Loss:-31.040 || 耗时：12.65s
轮次:·20/·20 || c_Loss:0.379 || e_Loss:-1.018 || Aad_Loss:-31.258 || 耗时：12.64s
任务: (B3)N15_M07_F04→(B1)N15_M01_F10; mix批次:····0; 批次:·1880/·1880;  总正确率: 55.33%
类型1 正确率： 100.00% -> 1  100.00%, 2    0.00%, 3    0.00%
类型2 正确率：  33.00% -> 1   34.00%, 2   33.00%, 3   33.00%
类型3 正确率：  33.00% -> 1    0.00%, 2   67.00%, 3   33.00%


测试集任务: (B3)N15_M07_F04→(B1)N15_M01_F10; 总正确率 = 55.33%
类型1 正确率： 100.00% -> 1  100.00%, 2    0.00%, 3    0.00%
类型2 正确率：  33.00% -> 1   34.00%, 2   33.00%, 3   33.00%
类型3 正确率：  33.00% -> 1    0.00%, 2   67.00%, 3   33.00%


