

现在开始拿源域训练集：(B1)N15_M01_F10 进行训练
源域读取路径：/kaggle/working/m2rep/rep1/sdalr_PU_final_checkpoint/DATA_foldB/PU_M1_L3/N15_M01_F10_label.txt
excel输出位置：/kaggle/working/m2rep/rep1/weight_src_PU_M1_FB_s2024/NEW_PU/Source-源域
log&pt输出位置：/kaggle/working/m2rep/rep1/weight_src_PU_M1_FB_s2024/NEW_PU/Source-源域/log&pt/(B1)N15_M01_F10
特征图片输出位置：/kaggle/working/m2rep/rep1/weight_src_PU_M1_FB_s2024/NEW_PU/Picture-特征图/2026年09月14日15时51分/(B1)N15_M01_F10
源域训练开始
轮次:··1/·10 || loss:0.015 || 耗时：8.84s
轮次:··2/·10 || loss:0.019 || 耗时：7.82s
轮次:··3/·10 || loss:0.012 || 耗时：7.93s
轮次:··4/·10 || loss:0.006 || 耗时：7.99s
轮次:··5/·10 || loss:0.002 || 耗时：8.17s
任务: (B1)N15_M01_F10; mix批次:····0; 批次:··330/··660; 总正确率 = 99.82%
类型1 正确率： 100.00% -> 1  100.00%, 2    0.00%, 3    0.00%
类型2 正确率：  99.00% -> 1    0.00%, 2   99.47%, 3    0.53%
类型3 正确率： 100.00% -> 1    0.00%, 2    0.00%, 3  100.00%


轮次:··6/·10 || loss:0.008 || 耗时：8.32s
轮次:··7/·10 || loss:0.023 || 耗时：8.45s
轮次:··8/·10 || loss:0.018 || 耗时：8.60s
轮次:··9/·10 || loss:0.000 || 耗时：8.74s
轮次:·10/·10 || loss:0.001 || 耗时：8.85s
任务: (B1)N15_M01_F10; mix批次:····0; 批次:··660/··660; 总正确率 = 99.82%
类型1 正确率： 100.00% -> 1  100.00%, 2    0.00%, 3    0.00%
类型2 正确率：  99.00% -> 1    0.00%, 2   99.47%, 3    0.53%
类型3 正确率： 100.00% -> 1    0.00%, 2    0.00%, 3  100.00%


测试集任务: (B1)N15_M01_F10; 总正确率 = 100.00%
类型1 正确率： 100.00% -> 1  100.00%, 2    0.00%, 3    0.00%
类型2 正确率： 100.00% -> 1    0.00%, 2  100.00%, 3    0.00%
类型3 正确率： 100.00% -> 1    0.00%, 2    0.00%, 3  100.00%


源域训练结束

训练好之后，测试目标域
目标域路径：/kaggle/working/m2rep/rep1/sdalr_PU_final_checkpoint/DATA_foldB/PU_M1_L3/N15_M07_F10_label.txt
测试目标数据集结果如下：
任务: (B1)N15_M01_F10→(B2)N15_M07_F10, 正确率 = 100.00%
类型1 正确率： 100.00% -> 1  100.00%, 2    0.00%, 3    0.00%
类型2 正确率： 100.00% -> 1    0.00%, 2  100.00%, 3    0.00%
类型3 正确率： 100.00% -> 1    0.00%, 2    0.00%, 3  100.00%

目标域路径：/kaggle/working/m2rep/rep1/sdalr_PU_final_checkpoint/DATA_foldB/PU_M1_L3/N15_M07_F04_label.txt
测试目标数据集结果如下：
任务: (B1)N15_M01_F10→(B3)N15_M07_F04, 正确率 = 97.53%
类型1 正确率： 100.00% -> 1  100.00%, 2    0.00%, 3    0.00%
类型2 正确率：  93.00% -> 1    0.00%, 2   93.10%, 3    6.90%
类型3 正确率：  99.00% -> 1    0.52%, 2    0.00%, 3   99.48%



现在开始拿源域训练集：(B2)N15_M07_F10 进行训练
源域读取路径：/kaggle/working/m2rep/rep1/sdalr_PU_final_checkpoint/DATA_foldB/PU_M1_L3/N15_M07_F10_label.txt
excel输出位置：/kaggle/working/m2rep/rep1/weight_src_PU_M1_FB_s2024/NEW_PU/Source-源域
log&pt输出位置：/kaggle/working/m2rep/rep1/weight_src_PU_M1_FB_s2024/NEW_PU/Source-源域/log&pt/(B2)N15_M07_F10
特征图片输出位置：/kaggle/working/m2rep/rep1/weight_src_PU_M1_FB_s2024/NEW_PU/Picture-特征图/2026年09月14日15时51分/(B2)N15_M07_F10
源域训练开始
轮次:··1/·10 || loss:0.006 || 耗时：8.64s
轮次:··2/·10 || loss:0.011 || 耗时：8.59s
轮次:··3/·10 || loss:0.001 || 耗时：8.55s
轮次:··4/·10 || loss:0.001 || 耗时：8.50s
轮次:··5/·10 || loss:0.007 || 耗时：8.48s
任务: (B2)N15_M07_F10; mix批次:····0; 批次:··330/··660; 总正确率 = 99.46%
类型1 正确率： 100.00% -> 1  100.00%, 2    0.00%, 3    0.00%
类型2 正确率：  98.00% -> 1    0.00%, 2   98.39%, 3    1.61%
类型3 正确率： 100.00% -> 1    0.00%, 2    0.00%, 3  100.00%


轮次:··6/·10 || loss:0.058 || 耗时：8.49s
轮次:··7/·10 || loss:0.002 || 耗时：8.54s
轮次:··8/·10 || loss:0.003 || 耗时：8.61s
轮次:··9/·10 || loss:0.001 || 耗时：8.63s
轮次:·10/·10 || loss:0.001 || 耗时：8.67s
任务: (B2)N15_M07_F10; mix批次:····0; 批次:··660/··660; 总正确率 = 100.00%
类型1 正确率： 100.00% -> 1  100.00%, 2    0.00%, 3    0.00%
类型2 正确率： 100.00% -> 1    0.00%, 2  100.00%, 3    0.00%
类型3 正确率： 100.00% -> 1    0.00%, 2    0.00%, 3  100.00%


测试集任务: (B2)N15_M07_F10; 总正确率 = 99.84%
类型1 正确率： 100.00% -> 1  100.00%, 2    0.00%, 3    0.00%
类型2 正确率： 100.00% -> 1    0.00%, 2   99.75%, 3    0.25%
类型3 正确率： 100.00% -> 1    0.24%, 2    0.00%, 3   99.76%


源域训练结束

训练好之后，测试目标域
目标域路径：/kaggle/working/m2rep/rep1/sdalr_PU_final_checkpoint/DATA_foldB/PU_M1_L3/N15_M01_F10_label.txt
测试目标数据集结果如下：
任务: (B2)N15_M07_F10→(B1)N15_M01_F10, 正确率 = 99.83%
类型1 正确率： 100.00% -> 1  100.00%, 2    0.00%, 3    0.00%
类型2 正确率： 100.00% -> 1    0.00%, 2   99.75%, 3    0.25%
类型3 正确率： 100.00% -> 1    0.25%, 2    0.00%, 3   99.75%

目标域路径：/kaggle/working/m2rep/rep1/sdalr_PU_final_checkpoint/DATA_foldB/PU_M1_L3/N15_M07_F04_label.txt
测试目标数据集结果如下：
任务: (B2)N15_M07_F10→(B3)N15_M07_F04, 正确率 = 96.57%
类型1 正确率： 100.00% -> 1  100.00%, 2    0.00%, 3    0.00%
类型2 正确率：  91.00% -> 1    0.00%, 2   90.78%, 3    9.22%
类型3 正确率：  99.00% -> 1    1.06%, 2    0.00%, 3   98.94%



现在开始拿源域训练集：(B3)N15_M07_F04 进行训练
源域读取路径：/kaggle/working/m2rep/rep1/sdalr_PU_final_checkpoint/DATA_foldB/PU_M1_L3/N15_M07_F04_label.txt
excel输出位置：/kaggle/working/m2rep/rep1/weight_src_PU_M1_FB_s2024/NEW_PU/Source-源域
log&pt输出位置：/kaggle/working/m2rep/rep1/weight_src_PU_M1_FB_s2024/NEW_PU/Source-源域/log&pt/(B3)N15_M07_F04
特征图片输出位置：/kaggle/working/m2rep/rep1/weight_src_PU_M1_FB_s2024/NEW_PU/Picture-特征图/2026年09月14日15时51分/(B3)N15_M07_F04
源域训练开始
轮次:··1/·10 || loss:0.004 || 耗时：8.59s
轮次:··2/·10 || loss:0.003 || 耗时：8.61s
轮次:··3/·10 || loss:0.082 || 耗时：8.58s
轮次:··4/·10 || loss:0.019 || 耗时：8.58s
轮次:··5/·10 || loss:0.002 || 耗时：8.58s
任务: (B3)N15_M07_F04; mix批次:····0; 批次:··330/··660; 总正确率 = 99.65%
类型1 正确率： 100.00% -> 1  100.00%, 2    0.00%, 3    0.00%
类型2 正确率： 100.00% -> 1    0.00%, 2  100.00%, 3    0.00%
类型3 正确率：  99.00% -> 1    0.00%, 2    1.04%, 3   98.96%


轮次:··6/·10 || loss:0.001 || 耗时：8.55s
轮次:··7/·10 || loss:0.001 || 耗时：8.56s
轮次:··8/·10 || loss:0.009 || 耗时：8.54s
轮次:··9/·10 || loss:0.001 || 耗时：8.56s
轮次:·10/·10 || loss:0.001 || 耗时：8.57s
任务: (B3)N15_M07_F04; mix批次:····0; 批次:··660/··660; 总正确率 = 99.65%
类型1 正确率： 100.00% -> 1  100.00%, 2    0.00%, 3    0.00%
类型2 正确率： 100.00% -> 1    0.00%, 2  100.00%, 3    0.00%
类型3 正确率：  99.00% -> 1    0.00%, 2    1.04%, 3   98.96%


测试集任务: (B3)N15_M07_F04; 总正确率 = 100.00%
类型1 正确率： 100.00% -> 1  100.00%, 2    0.00%, 3    0.00%
类型2 正确率： 100.00% -> 1    0.00%, 2  100.00%, 3    0.00%
类型3 正确率： 100.00% -> 1    0.00%, 2    0.00%, 3  100.00%


源域训练结束

训练好之后，测试目标域
目标域路径：/kaggle/working/m2rep/rep1/sdalr_PU_final_checkpoint/DATA_foldB/PU_M1_L3/N15_M01_F10_label.txt
测试目标数据集结果如下：
任务: (B3)N15_M07_F04→(B1)N15_M01_F10, 正确率 = 99.05%
类型1 正确率： 100.00% -> 1   99.75%, 2    0.00%, 3    0.25%
类型2 正确率： 100.00% -> 1    0.00%, 2  100.00%, 3    0.00%
类型3 正确率：  97.00% -> 1    0.00%, 2    2.61%, 3   97.39%

目标域路径：/kaggle/working/m2rep/rep1/sdalr_PU_final_checkpoint/DATA_foldB/PU_M1_L3/N15_M07_F10_label.txt
测试目标数据集结果如下：
任务: (B3)N15_M07_F04→(B2)N15_M07_F10, 正确率 = 99.35%
类型1 正确率： 100.00% -> 1  100.00%, 2    0.00%, 3    0.00%
类型2 正确率： 100.00% -> 1    0.00%, 2  100.00%, 3    0.00%
类型3 正确率：  98.00% -> 1    0.00%, 2    1.94%, 3   98.06%

