读取源域路径：/kaggle/working/k10/S06/weight_PU_M1_final_checkpoint_FS06toS06_s2024/NEW_PU/Source-源域/log&pt/(B1)N15_M01_F10
excel输出位置：/kaggle/working/k10/S06/weight_PU_M1_final_checkpoint_FS06toS06_s2024/NEW_PU/Target-目标域
特征图片输出位置：/kaggle/working/k10/S06/weight_PU_M1_final_checkpoint_FS06toS06_s2024/NEW_PU/Picture-特征图/2026年09月19日03时16分/(B1)N15_M01_F10
现在选取:(B1)N15_M01_F10 进行训练的源模型
现在进行：(B1)N15_M01_F10→(B3)N15_M07_F04 的迁移任务
log&pt输出位置：/kaggle/working/k10/S06/weight_PU_M1_final_checkpoint_FS06toS06_s2024/NEW_PU/Target-目标域/log&pt/(B1)N15_M01_F10→(B3)N15_M07_F04
任务: (B1)N15_M01_F10→(B3)N15_M07_F04; 批次:····0/·1880;  总正确率: 86.90%
类型1 正确率： 100.00% -> 1  100.00%, 2    0.00%, 3    0.00%
类型2 正确率：  82.00% -> 1    0.05%, 2   82.05%, 3   17.90%
类型3 正确率：  79.00% -> 1    2.80%, 2   18.55%, 3   78.65%


样本变换：reverse
样本变换：mask
样本变换：shift
样本变换：none
未过滤	未用伪标签：86.90% -> 使用伪标签：82.63%
已过滤	未用伪标签：87.85% -> 使用伪标签：87.04%
排除样本：304|6000	剩余：2059, 2043, 1594
增添样本：481		细则：0, 16, 465	正确率估算：97.51%
类型1 正确率： 100.00% -> 1  100.00%, 2    0.00%, 3    0.00%
类型2 正确率：  86.00% -> 1    0.00%, 2   86.43%, 3   13.57%
类型3 正确率：  73.00% -> 1    3.23%, 2   23.30%, 3   73.46%

被排除样本 正确率：69.08%
类型1 没有样本或未被分类。
类型2 正确率：  48.00% -> 1    0.78%, 2   47.66%, 3   51.56%
类型3 正确率：  85.00% -> 1    2.27%, 2   13.07%, 3   84.66%


轮次:··1/·20 || c_Loss:0.597 || e_Loss:-1.668 || Aad_Loss:-21.739 || 耗时：35.66s
轮次:··2/·20 || c_Loss:0.363 || e_Loss:-1.451 || Aad_Loss:-28.338 || 耗时：13.74s
轮次:··3/·20 || c_Loss:0.388 || e_Loss:-1.660 || Aad_Loss:-24.776 || 耗时：13.76s
轮次:··4/·20 || c_Loss:0.490 || e_Loss:-1.486 || Aad_Loss:-24.116 || 耗时：13.80s
轮次:··5/·20 || c_Loss:0.395 || e_Loss:-1.526 || Aad_Loss:-23.074 || 耗时：13.81s
任务: (B1)N15_M01_F10→(B3)N15_M07_F04; mix批次:····0; 批次:··470/·1880;  总正确率: 84.00%
类型1 正确率： 100.00% -> 1  100.00%, 2    0.00%, 3    0.00%
类型2 正确率：  84.00% -> 1    0.00%, 2   84.45%, 3   15.55%
类型3 正确率：  68.00% -> 1    2.55%, 2   29.90%, 3   67.55%


样本变换：reverse
样本变换：mask
样本变换：shift
样本变换：none
未过滤	未用伪标签：84.00% -> 使用伪标签：82.82%
已过滤	未用伪标签：84.67% -> 使用伪标签：84.64%
排除样本：129|6000	剩余：2067, 2426, 1378
增添样本：1407		细则：359, 0, 1048	正确率估算：99.72%
类型1 正确率： 100.00% -> 1  100.00%, 2    0.00%, 3    0.00%
类型2 正确率：  91.00% -> 1    0.00%, 2   90.82%, 3    9.18%
类型3 正确率：  62.00% -> 1    3.49%, 2   34.13%, 3   62.38%

被排除样本 正确率：53.49%
类型1 没有样本或未被分类。
类型2 正确率：  12.00% -> 1    0.00%, 2   11.76%, 3   88.24%
类型3 正确率：  81.00% -> 1    1.28%, 2   17.95%, 3   80.77%


轮次:··6/·20 || c_Loss:0.360 || e_Loss:-1.617 || Aad_Loss:-31.332 || 耗时：36.71s
轮次:··7/·20 || c_Loss:0.418 || e_Loss:-1.620 || Aad_Loss:-24.846 || 耗时：13.78s
轮次:··8/·20 || c_Loss:0.372 || e_Loss:-0.839 || Aad_Loss:-30.907 || 耗时：13.79s
轮次:··9/·20 || c_Loss:0.372 || e_Loss:-0.855 || Aad_Loss:-27.224 || 耗时：13.76s
轮次:·10/·20 || c_Loss:0.360 || e_Loss:-1.473 || Aad_Loss:-31.133 || 耗时：13.76s
任务: (B1)N15_M01_F10→(B3)N15_M07_F04; mix批次:····0; 批次:··940/·1880;  总正确率: 82.97%
类型1 正确率： 100.00% -> 1  100.00%, 2    0.00%, 3    0.00%
类型2 正确率：  88.00% -> 1    0.00%, 2   87.95%, 3   12.05%
类型3 正确率：  61.00% -> 1    3.70%, 2   35.35%, 3   60.95%


样本变换：reverse
样本变换：mask
样本变换：shift
样本变换：none
未过滤	未用伪标签：82.97% -> 使用伪标签：83.58%
已过滤	未用伪标签：83.68% -> 使用伪标签：84.61%
排除样本：73|6000	剩余：2090, 2558, 1279
增添样本：1747		细则：468, 0, 1279	正确率估算：99.83%
类型1 正确率： 100.00% -> 1  100.00%, 2    0.00%, 3    0.00%
类型2 正确率：  94.00% -> 1    0.00%, 2   94.47%, 3    5.53%
类型3 正确率：  59.00% -> 1    4.56%, 2   36.15%, 3   59.29%

被排除样本 正确率：24.66%
类型1 没有样本或未被分类。
类型2 正确率：   4.00% -> 1    0.00%, 2    4.17%, 3   95.83%
类型3 正确率：  64.00% -> 1    8.00%, 2   28.00%, 3   64.00%


轮次:·11/·20 || c_Loss:0.367 || e_Loss:-0.921 || Aad_Loss:-28.045 || 耗时：36.71s
轮次:·12/·20 || c_Loss:0.389 || e_Loss:-0.891 || Aad_Loss:-29.144 || 耗时：13.65s
轮次:·13/·20 || c_Loss:0.445 || e_Loss:-0.872 || Aad_Loss:-27.439 || 耗时：13.69s
轮次:·14/·20 || c_Loss:0.409 || e_Loss:-1.694 || Aad_Loss:-26.867 || 耗时：13.71s
轮次:·15/·20 || c_Loss:0.375 || e_Loss:-1.569 || Aad_Loss:-29.704 || 耗时：13.87s
任务: (B1)N15_M01_F10→(B3)N15_M07_F04; mix批次:····0; 批次:·1410/·1880;  总正确率: 84.60%
类型1 正确率： 100.00% -> 1  100.00%, 2    0.00%, 3    0.00%
类型2 正确率：  94.00% -> 1    0.00%, 2   93.90%, 3    6.10%
类型3 正确率：  60.00% -> 1    4.30%, 2   35.80%, 3   59.90%


样本变换：reverse
样本变换：mask
样本变换：shift
样本变换：none
未过滤	未用伪标签：84.60% -> 使用伪标签：84.63%
已过滤	未用伪标签：84.91% -> 使用伪标签：85.23%
排除样本：42|6000	剩余：2101, 2610, 1247
增添样本：1872		细则：509, 0, 1363	正确率估算：99.77%
类型1 正确率： 100.00% -> 1  100.00%, 2    0.00%, 3    0.00%
类型2 正确率：  96.00% -> 1    0.00%, 2   96.31%, 3    3.69%
类型3 正确率：  59.00% -> 1    5.10%, 2   35.64%, 3   59.26%

被排除样本 正确率：40.48%
类型1 没有样本或未被分类。
类型2 正确率：  17.00% -> 1    0.00%, 2   17.39%, 3   82.61%
类型3 正确率：  68.00% -> 1    5.26%, 2   26.32%, 3   68.42%


轮次:·16/·20 || c_Loss:0.380 || e_Loss:-0.921 || Aad_Loss:-30.301 || 耗时：37.02s
轮次:·17/·20 || c_Loss:0.414 || e_Loss:-0.858 || Aad_Loss:-27.612 || 耗时：13.79s
轮次:·18/·20 || c_Loss:0.398 || e_Loss:-0.920 || Aad_Loss:-31.328 || 耗时：13.81s
轮次:·19/·20 || c_Loss:0.409 || e_Loss:-0.880 || Aad_Loss:-25.584 || 耗时：13.80s
轮次:·20/·20 || c_Loss:0.380 || e_Loss:-1.698 || Aad_Loss:-27.423 || 耗时：13.92s
任务: (B1)N15_M01_F10→(B3)N15_M07_F04; mix批次:····0; 批次:·1880/·1880;  总正确率: 84.17%
类型1 正确率： 100.00% -> 1  100.00%, 2    0.00%, 3    0.00%
类型2 正确率：  93.00% -> 1    0.00%, 2   92.70%, 3    7.30%
类型3 正确率：  60.00% -> 1    5.05%, 2   35.15%, 3   59.80%


测试集任务: (B1)N15_M01_F10→(B3)N15_M07_F04; 总正确率 = 84.17%
类型1 正确率： 100.00% -> 1  100.00%, 2    0.00%, 3    0.00%
类型2 正确率：  93.00% -> 1    0.00%, 2   92.70%, 3    7.30%
类型3 正确率：  60.00% -> 1    5.05%, 2   35.15%, 3   59.80%


