读取源域路径：/kaggle/working/k10/S06/weight_PU_M1_final_checkpoint_FS06toS06_s2024/NEW_PU/Source-源域/log&pt/(B3)N15_M07_F04
excel输出位置：/kaggle/working/k10/S06/weight_PU_M1_final_checkpoint_FS06toS06_s2024/NEW_PU/Target-目标域
特征图片输出位置：/kaggle/working/k10/S06/weight_PU_M1_final_checkpoint_FS06toS06_s2024/NEW_PU/Picture-特征图/2026年09月19日03时42分/(B3)N15_M07_F04
现在选取:(B3)N15_M07_F04 进行训练的源模型
现在进行：(B3)N15_M07_F04→(B2)N15_M07_F10 的迁移任务
log&pt输出位置：/kaggle/working/k10/S06/weight_PU_M1_final_checkpoint_FS06toS06_s2024/NEW_PU/Target-目标域/log&pt/(B3)N15_M07_F04→(B2)N15_M07_F10
任务: (B3)N15_M07_F04→(B2)N15_M07_F10; 批次:····0/·1880;  总正确率: 83.53%
类型1 正确率： 100.00% -> 1   99.75%, 2    0.00%, 3    0.25%
类型2 正确率：  86.00% -> 1    0.00%, 2   85.90%, 3   14.10%
类型3 正确率：  65.00% -> 1    0.00%, 2   35.05%, 3   64.95%


样本变换：reverse
样本变换：mask
样本变换：shift
样本变换：none
未过滤	未用伪标签：83.53% -> 使用伪标签：86.55%
已过滤	未用伪标签：84.33% -> 使用伪标签：87.41%
排除样本：59|6000	剩余：1997, 2573, 1371
增添样本：1778		细则：576, 0, 1202	正确率估算：99.33%
类型1 正确率： 100.00% -> 1   99.90%, 2    0.00%, 3    0.10%
类型2 正确率：  97.00% -> 1    0.00%, 2   96.97%, 3    3.03%
类型3 正确率：  66.00% -> 1    0.00%, 2   34.40%, 3   65.60%

被排除样本 正确率：3.39%
类型1 正确率：   0.00% -> 1    0.00%, 2    0.00%, 3  100.00%
类型2 正确率：   2.00% -> 1    0.00%, 2    1.82%, 3   98.18%
类型3 正确率：  33.00% -> 1    0.00%, 2   66.67%, 3   33.33%


轮次:··1/·20 || c_Loss:0.615 || e_Loss:-1.642 || Aad_Loss:-23.989 || 耗时：36.37s
轮次:··2/·20 || c_Loss:0.390 || e_Loss:-0.936 || Aad_Loss:-28.538 || 耗时：13.62s
轮次:··3/·20 || c_Loss:0.403 || e_Loss:-0.868 || Aad_Loss:-31.138 || 耗时：13.68s
轮次:··4/·20 || c_Loss:0.377 || e_Loss:-0.942 || Aad_Loss:-28.283 || 耗时：13.70s
轮次:··5/·20 || c_Loss:0.420 || e_Loss:-1.466 || Aad_Loss:-31.803 || 耗时：13.78s
任务: (B3)N15_M07_F04→(B2)N15_M07_F10; mix批次:····0; 批次:··470/·1880;  总正确率: 88.15%
类型1 正确率： 100.00% -> 1   99.95%, 2    0.05%, 3    0.00%
类型2 正确率：  99.00% -> 1    0.00%, 2   98.55%, 3    1.45%
类型3 正确率：  66.00% -> 1    0.00%, 2   34.05%, 3   65.95%


样本变换：reverse
样本变换：mask
样本变换：shift
样本变换：none
未过滤	未用伪标签：88.15% -> 使用伪标签：88.32%
已过滤	未用伪标签：88.16% -> 使用伪标签：88.48%
排除样本：11|6000	剩余：2000, 2673, 1316
增添样本：2030		细则：673, 0, 1357	正确率估算：100.00%
类型1 正确率： 100.00% -> 1  100.00%, 2    0.00%, 3    0.00%
类型2 正确率： 100.00% -> 1    0.00%, 2   99.65%, 3    0.35%
类型3 正确率：  66.00% -> 1    0.00%, 2   34.29%, 3   65.71%

被排除样本 正确率：81.82%
类型1 正确率：  33.00% -> 1   33.33%, 2   66.67%
类型2 正确率： 100.00% -> 1    0.00%, 2  100.00%


轮次:··6/·20 || c_Loss:0.388 || e_Loss:-0.923 || Aad_Loss:-29.944 || 耗时：36.74s
轮次:··7/·20 || c_Loss:0.387 || e_Loss:-0.972 || Aad_Loss:-29.853 || 耗时：13.84s
轮次:··8/·20 || c_Loss:0.388 || e_Loss:-0.988 || Aad_Loss:-29.395 || 耗时：13.92s
轮次:··9/·20 || c_Loss:0.389 || e_Loss:-0.959 || Aad_Loss:-29.131 || 耗时：13.91s
轮次:·10/·20 || c_Loss:0.438 || e_Loss:-0.935 || Aad_Loss:-31.049 || 耗时：13.85s
任务: (B3)N15_M07_F04→(B2)N15_M07_F10; mix批次:····0; 批次:··940/·1880;  总正确率: 88.62%
类型1 正确率： 100.00% -> 1  100.00%, 2    0.00%, 3    0.00%
类型2 正确率： 100.00% -> 1    0.00%, 2   99.95%, 3    0.05%
类型3 正确率：  66.00% -> 1    0.00%, 2   34.10%, 3   65.90%


样本变换：reverse
样本变换：mask
样本变换：shift
样本变换：none
未过滤	未用伪标签：88.62% -> 使用伪标签：88.58%
已过滤	未用伪标签：88.61% -> 使用伪标签：88.61%
排除样本：2|6000	剩余：2001, 2681, 1316
增添样本：2045		细则：680, 0, 1365	正确率估算：100.00%
类型1 正确率： 100.00% -> 1  100.00%, 2    0.00%, 3    0.00%
类型2 正确率： 100.00% -> 1    0.05%, 2   99.95%, 3    0.00%
类型3 正确率：  66.00% -> 1    0.00%, 2   34.13%, 3   65.87%

被排除样本 正确率：100.00%
类型1 正确率： 100.00% -> 1  100.00%


轮次:·11/·20 || c_Loss:0.391 || e_Loss:-0.959 || Aad_Loss:-31.212 || 耗时：36.89s
轮次:·12/·20 || c_Loss:0.387 || e_Loss:-0.983 || Aad_Loss:-29.718 || 耗时：13.74s
轮次:·13/·20 || c_Loss:0.399 || e_Loss:-0.985 || Aad_Loss:-29.679 || 耗时：13.74s
轮次:·14/·20 || c_Loss:0.392 || e_Loss:-0.994 || Aad_Loss:-30.024 || 耗时：13.77s
轮次:·15/·20 || c_Loss:0.388 || e_Loss:-1.012 || Aad_Loss:-30.384 || 耗时：13.78s
任务: (B3)N15_M07_F04→(B2)N15_M07_F10; mix批次:····0; 批次:·1410/·1880;  总正确率: 88.62%
类型1 正确率： 100.00% -> 1  100.00%, 2    0.00%, 3    0.00%
类型2 正确率： 100.00% -> 1    0.00%, 2  100.00%, 3    0.00%
类型3 正确率：  66.00% -> 1    0.00%, 2   34.15%, 3   65.85%


样本变换：reverse
样本变换：mask
样本变换：shift
样本变换：none
未过滤	未用伪标签：88.62% -> 使用伪标签：88.55%
已过滤	未用伪标签：88.62% -> 使用伪标签：88.62%
排除样本：5|6000	剩余：2000, 2681, 1314
增添样本：2048		细则：681, 0, 1367	正确率估算：100.00%
类型1 正确率： 100.00% -> 1  100.00%, 2    0.00%, 3    0.00%
类型2 正确率： 100.00% -> 1    0.00%, 2  100.00%, 3    0.00%
类型3 正确率：  66.00% -> 1    0.00%, 2   34.17%, 3   65.83%

被排除样本 正确率：80.00%
类型1 正确率： 100.00% -> 1  100.00%, 2    0.00%
类型2 正确率：  75.00% -> 1   25.00%, 2   75.00%


轮次:·16/·20 || c_Loss:0.392 || e_Loss:-0.998 || Aad_Loss:-31.180 || 耗时：36.82s
轮次:·17/·20 || c_Loss:0.388 || e_Loss:-0.997 || Aad_Loss:-30.097 || 耗时：13.79s
轮次:·18/·20 || c_Loss:0.393 || e_Loss:-0.966 || Aad_Loss:-32.051 || 耗时：13.82s
轮次:·19/·20 || c_Loss:0.397 || e_Loss:-0.955 || Aad_Loss:-30.883 || 耗时：13.85s
轮次:·20/·20 || c_Loss:0.390 || e_Loss:-1.006 || Aad_Loss:-31.330 || 耗时：13.87s
任务: (B3)N15_M07_F04→(B2)N15_M07_F10; mix批次:····0; 批次:·1880/·1880;  总正确率: 88.65%
类型1 正确率： 100.00% -> 1  100.00%, 2    0.00%, 3    0.00%
类型2 正确率： 100.00% -> 1    0.00%, 2  100.00%, 3    0.00%
类型3 正确率：  66.00% -> 1    0.00%, 2   34.05%, 3   65.95%


测试集任务: (B3)N15_M07_F04→(B2)N15_M07_F10; 总正确率 = 88.65%
类型1 正确率： 100.00% -> 1  100.00%, 2    0.00%, 3    0.00%
类型2 正确率： 100.00% -> 1    0.00%, 2  100.00%, 3    0.00%
类型3 正确率：  66.00% -> 1    0.00%, 2   34.05%, 3   65.95%


