读取源域路径：/kaggle/working/k10/S06/weight_PU_M1_final_checkpoint_FS06toS06_s2024/NEW_PU/Source-源域/log&pt/(B2)N15_M07_F10
excel输出位置：/kaggle/working/k10/S06/weight_PU_M1_final_checkpoint_FS06toS06_s2024/NEW_PU/Target-目标域
特征图片输出位置：/kaggle/working/k10/S06/weight_PU_M1_final_checkpoint_FS06toS06_s2024/NEW_PU/Picture-特征图/2026年09月19日03时23分/(B2)N15_M07_F10
现在选取:(B2)N15_M07_F10 进行训练的源模型
现在进行：(B2)N15_M07_F10→(B1)N15_M01_F10 的迁移任务
log&pt输出位置：/kaggle/working/k10/S06/weight_PU_M1_final_checkpoint_FS06toS06_s2024/NEW_PU/Target-目标域/log&pt/(B2)N15_M07_F10→(B1)N15_M01_F10
任务: (B2)N15_M07_F10→(B1)N15_M01_F10; 批次:····0/·1880;  总正确率: 91.78%
类型1 正确率： 100.00% -> 1  100.00%, 2    0.00%, 3    0.00%
类型2 正确率：  76.00% -> 1    0.20%, 2   75.50%, 3   24.30%
类型3 正确率： 100.00% -> 1    0.00%, 2    0.15%, 3   99.85%


样本变换：reverse
样本变换：mask
样本变换：shift
样本变换：none
未过滤	未用伪标签：91.78% -> 使用伪标签：93.20%
已过滤	未用伪标签：93.33% -> 使用伪标签：95.09%
排除样本：119|6000	剩余：2002, 1609, 2270
增添样本：929		细则：268, 661, 0	正确率估算：94.51%
类型1 正确率： 100.00% -> 1  100.00%, 2    0.00%, 3    0.00%
类型2 正确率：  85.00% -> 1    0.11%, 2   84.96%, 3   14.94%
类型3 正确率： 100.00% -> 1    0.00%, 2    0.25%, 3   99.75%

被排除样本 正确率：15.13%
类型1 没有样本或未被分类。
类型2 正确率：  11.00% -> 1    1.79%, 2   10.71%, 3   87.50%
类型3 正确率：  86.00% -> 1    0.00%, 2   14.29%, 3   85.71%


轮次:··1/·20 || c_Loss:0.605 || e_Loss:-1.657 || Aad_Loss:-25.603 || 耗时：35.89s
轮次:··2/·20 || c_Loss:0.383 || e_Loss:-1.667 || Aad_Loss:-26.993 || 耗时：13.63s
轮次:··3/·20 || c_Loss:0.397 || e_Loss:-0.884 || Aad_Loss:-27.285 || 耗时：13.69s
轮次:··4/·20 || c_Loss:0.385 || e_Loss:-1.452 || Aad_Loss:-29.065 || 耗时：13.75s
轮次:··5/·20 || c_Loss:0.411 || e_Loss:-1.679 || Aad_Loss:-27.767 || 耗时：13.82s
任务: (B2)N15_M07_F10→(B1)N15_M01_F10; mix批次:····0; 批次:··470/·1880;  总正确率: 93.85%
类型1 正确率： 100.00% -> 1  100.00%, 2    0.00%, 3    0.00%
类型2 正确率：  82.00% -> 1    0.10%, 2   81.70%, 3   18.20%
类型3 正确率： 100.00% -> 1    0.00%, 2    0.15%, 3   99.85%


样本变换：reverse
样本变换：mask
样本变换：shift
样本变换：none
未过滤	未用伪标签：93.85% -> 使用伪标签：94.32%
已过滤	未用伪标签：94.78% -> 使用伪标签：95.53%
排除样本：76|6000	剩余：2002, 1674, 2248
增添样本：820		细则：246, 574, 0	正确率估算：97.32%
类型1 正确率： 100.00% -> 1  100.00%, 2    0.00%, 3    0.00%
类型2 正确率：  87.00% -> 1    0.10%, 2   86.52%, 3   13.37%
类型3 正确率： 100.00% -> 1    0.00%, 2    0.25%, 3   99.75%

被排除样本 正确率：21.05%
类型1 正确率：  17.00% -> 1   16.90%, 2   83.10%
类型2 正确率：  80.00% -> 1   20.00%, 2   80.00%


轮次:··6/·20 || c_Loss:0.373 || e_Loss:-1.414 || Aad_Loss:-28.061 || 耗时：36.62s
轮次:··7/·20 || c_Loss:0.371 || e_Loss:-1.757 || Aad_Loss:-27.635 || 耗时：13.71s
轮次:··8/·20 || c_Loss:0.375 || e_Loss:-1.457 || Aad_Loss:-27.312 || 耗时：13.72s
轮次:··9/·20 || c_Loss:0.365 || e_Loss:-1.685 || Aad_Loss:-28.801 || 耗时：13.71s
轮次:·10/·20 || c_Loss:0.364 || e_Loss:-0.910 || Aad_Loss:-28.599 || 耗时：13.74s
任务: (B2)N15_M07_F10→(B1)N15_M01_F10; mix批次:····0; 批次:··940/·1880;  总正确率: 95.42%
类型1 正确率： 100.00% -> 1  100.00%, 2    0.00%, 3    0.00%
类型2 正确率：  87.00% -> 1    0.10%, 2   86.70%, 3   13.20%
类型3 正确率： 100.00% -> 1    0.00%, 2    0.45%, 3   99.55%


样本变换：reverse
样本变换：mask
样本变换：shift
样本变换：none
未过滤	未用伪标签：95.42% -> 使用伪标签：95.35%
已过滤	未用伪标签：96.09% -> 使用伪标签：96.46%
排除样本：69|6000	剩余：2001, 1755, 2175
增添样本：594		细则：174, 420, 0	正确率估算：99.66%
类型1 正确率： 100.00% -> 1  100.00%, 2    0.00%, 3    0.00%
类型2 正确率：  90.00% -> 1    0.05%, 2   89.68%, 3   10.27%
类型3 正确率： 100.00% -> 1    0.00%, 2    0.45%, 3   99.55%

被排除样本 正确率：37.68%
类型1 没有样本或未被分类。
类型2 正确率：  21.00% -> 1    1.89%, 2   20.75%, 3   77.36%
类型3 正确率：  94.00% -> 1    0.00%, 2    6.25%, 3   93.75%


轮次:·11/·20 || c_Loss:0.464 || e_Loss:-0.819 || Aad_Loss:-31.805 || 耗时：36.00s
轮次:·12/·20 || c_Loss:0.408 || e_Loss:-1.755 || Aad_Loss:-27.443 || 耗时：13.60s
轮次:·13/·20 || c_Loss:0.371 || e_Loss:-1.692 || Aad_Loss:-28.923 || 耗时：13.62s
轮次:·14/·20 || c_Loss:0.369 || e_Loss:-0.920 || Aad_Loss:-30.518 || 耗时：13.65s
轮次:·15/·20 || c_Loss:0.388 || e_Loss:-0.852 || Aad_Loss:-27.420 || 耗时：13.68s
任务: (B2)N15_M07_F10→(B1)N15_M01_F10; mix批次:····0; 批次:·1410/·1880;  总正确率: 96.58%
类型1 正确率： 100.00% -> 1  100.00%, 2    0.00%, 3    0.00%
类型2 正确率：  91.00% -> 1    0.05%, 2   90.65%, 3    9.30%
类型3 正确率：  99.00% -> 1    0.00%, 2    0.90%, 3   99.10%


样本变换：reverse
样本变换：mask
样本变换：shift
样本变换：none
未过滤	未用伪标签：96.58% -> 使用伪标签：96.03%
已过滤	未用伪标签：97.43% -> 使用伪标签：97.50%
排除样本：90|6000	剩余：2001, 1815, 2094
增添样本：372		细则：93, 279, 0	正确率估算：98.92%
类型1 正确率： 100.00% -> 1  100.00%, 2    0.00%, 3    0.00%
类型2 正确率：  93.00% -> 1    0.05%, 2   92.94%, 3    7.01%
类型3 正确率：  99.00% -> 1    0.00%, 2    0.56%, 3   99.44%

被排除样本 正确率：41.11%
类型1 没有样本或未被分类。
类型2 正确率：  22.00% -> 1    1.69%, 2   22.03%, 3   76.27%
类型3 正确率：  77.00% -> 1    0.00%, 2   22.58%, 3   77.42%


轮次:·16/·20 || c_Loss:0.384 || e_Loss:-1.689 || Aad_Loss:-27.614 || 耗时：36.06s
轮次:·17/·20 || c_Loss:0.372 || e_Loss:-0.876 || Aad_Loss:-29.690 || 耗时：13.80s
轮次:·18/·20 || c_Loss:0.354 || e_Loss:-0.906 || Aad_Loss:-30.726 || 耗时：13.84s
轮次:·19/·20 || c_Loss:0.402 || e_Loss:-1.700 || Aad_Loss:-30.337 || 耗时：13.85s
轮次:·20/·20 || c_Loss:0.363 || e_Loss:-1.846 || Aad_Loss:-27.841 || 耗时：13.85s
任务: (B2)N15_M07_F10→(B1)N15_M01_F10; mix批次:····0; 批次:·1880/·1880;  总正确率: 96.87%
类型1 正确率： 100.00% -> 1  100.00%, 2    0.00%, 3    0.00%
类型2 正确率：  91.00% -> 1    0.05%, 2   91.35%, 3    8.60%
类型3 正确率：  99.00% -> 1    0.00%, 2    0.75%, 3   99.25%


测试集任务: (B2)N15_M07_F10→(B1)N15_M01_F10; 总正确率 = 96.87%
类型1 正确率： 100.00% -> 1  100.00%, 2    0.00%, 3    0.00%
类型2 正确率：  91.00% -> 1    0.05%, 2   91.35%, 3    8.60%
类型3 正确率：  99.00% -> 1    0.00%, 2    0.75%, 3   99.25%


