读取源域路径：/kaggle/working/k10/S06/weight_PU_M1_final_checkpoint_FS06toS06_s2024/NEW_PU/Source-源域/log&pt/(B2)N15_M07_F10
excel输出位置：/kaggle/working/k10/S06/weight_PU_M1_final_checkpoint_FS06toS06_s2024/NEW_PU/Target-目标域
特征图片输出位置：/kaggle/working/k10/S06/weight_PU_M1_final_checkpoint_FS06toS06_s2024/NEW_PU/Picture-特征图/2026年09月19日03时29分/(B2)N15_M07_F10
现在选取:(B2)N15_M07_F10 进行训练的源模型
现在进行：(B2)N15_M07_F10→(B3)N15_M07_F04 的迁移任务
log&pt输出位置：/kaggle/working/k10/S06/weight_PU_M1_final_checkpoint_FS06toS06_s2024/NEW_PU/Target-目标域/log&pt/(B2)N15_M07_F10→(B3)N15_M07_F04
任务: (B2)N15_M07_F10→(B3)N15_M07_F04; 批次:····0/·1880;  总正确率: 92.50%
类型1 正确率： 100.00% -> 1  100.00%, 2    0.00%, 3    0.00%
类型2 正确率：  83.00% -> 1    0.00%, 2   83.20%, 3   16.80%
类型3 正确率：  94.00% -> 1    1.00%, 2    4.70%, 3   94.30%


样本变换：reverse
样本变换：mask
样本变换：shift
样本变换：none
未过滤	未用伪标签：92.50% -> 使用伪标签：92.72%
已过滤	未用伪标签：93.39% -> 使用伪标签：94.30%
排除样本：101|6000	剩余：2023, 1816, 2060
增添样本：281		细则：37, 244, 0	正确率估算：95.37%
类型1 正确率： 100.00% -> 1  100.00%, 2    0.00%, 3    0.00%
类型2 正确率：  88.00% -> 1    0.00%, 2   88.44%, 3   11.56%
类型3 正确率：  94.00% -> 1    1.18%, 2    4.48%, 3   94.34%

被排除样本 正确率：40.59%
类型1 没有样本或未被分类。
类型2 正确率：  27.00% -> 1    0.00%, 2   26.67%, 3   73.33%
类型3 正确率：  52.00% -> 1    5.36%, 2   42.86%, 3   51.79%


轮次:··1/·20 || c_Loss:0.582 || e_Loss:-1.679 || Aad_Loss:-24.012 || 耗时：35.56s
轮次:··2/·20 || c_Loss:0.446 || e_Loss:-1.758 || Aad_Loss:-24.706 || 耗时：13.67s
轮次:··3/·20 || c_Loss:0.417 || e_Loss:-0.871 || Aad_Loss:-28.349 || 耗时：13.75s
轮次:··4/·20 || c_Loss:0.366 || e_Loss:-1.662 || Aad_Loss:-24.567 || 耗时：13.82s
轮次:··5/·20 || c_Loss:0.396 || e_Loss:-0.695 || Aad_Loss:-24.113 || 耗时：13.77s
任务: (B2)N15_M07_F10→(B3)N15_M07_F04; mix批次:····0; 批次:··470/·1880;  总正确率: 93.85%
类型1 正确率： 100.00% -> 1  100.00%, 2    0.00%, 3    0.00%
类型2 正确率：  87.00% -> 1    0.00%, 2   87.20%, 3   12.80%
类型3 正确率：  94.00% -> 1    0.95%, 2    4.70%, 3   94.35%


样本变换：reverse
样本变换：mask
样本变换：shift
样本变换：none
未过滤	未用伪标签：93.85% -> 使用伪标签：93.43%
已过滤	未用伪标签：94.36% -> 使用伪标签：94.33%
排除样本：57|6000	剩余：2031, 1848, 2064
增添样本：249		细则：33, 216, 0	正确率估算：97.99%
类型1 正确率： 100.00% -> 1  100.00%, 2    0.00%, 3    0.00%
类型2 正确率：  89.00% -> 1    0.00%, 2   88.90%, 3   11.10%
类型3 正确率：  94.00% -> 1    1.58%, 2    4.39%, 3   94.03%

被排除样本 正确率：40.35%
类型1 没有样本或未被分类。
类型2 正确率：  11.00% -> 1    0.00%, 2   11.11%, 3   88.89%
类型3 正确率：  54.00% -> 1    5.13%, 2   41.03%, 3   53.85%


轮次:··6/·20 || c_Loss:0.368 || e_Loss:-1.559 || Aad_Loss:-27.214 || 耗时：36.08s
轮次:··7/·20 || c_Loss:0.404 || e_Loss:-0.851 || Aad_Loss:-28.446 || 耗时：13.74s
轮次:··8/·20 || c_Loss:0.392 || e_Loss:-1.738 || Aad_Loss:-26.074 || 耗时：13.77s
轮次:··9/·20 || c_Loss:0.381 || e_Loss:-1.260 || Aad_Loss:-27.138 || 耗时：13.76s
轮次:·10/·20 || c_Loss:0.497 || e_Loss:-0.833 || Aad_Loss:-24.883 || 耗时：13.76s
任务: (B2)N15_M07_F10→(B3)N15_M07_F04; mix批次:····0; 批次:··940/·1880;  总正确率: 94.37%
类型1 正确率： 100.00% -> 1  100.00%, 2    0.00%, 3    0.00%
类型2 正确率：  89.00% -> 1    0.00%, 2   89.35%, 3   10.65%
类型3 正确率：  94.00% -> 1    1.20%, 2    5.05%, 3   93.75%


样本变换：reverse
样本变换：mask
样本变换：shift
样本变换：none
未过滤	未用伪标签：94.37% -> 使用伪标签：93.72%
已过滤	未用伪标签：94.61% -> 使用伪标签：94.44%
排除样本：46|6000	剩余：2035, 1884, 2035
增添样本：151		细则：0, 151, 0	正确率估算：99.34%
类型1 正确率： 100.00% -> 1  100.00%, 2    0.00%, 3    0.00%
类型2 正确率：  90.00% -> 1    0.00%, 2   89.98%, 3   10.02%
类型3 正确率：  93.00% -> 1    1.78%, 2    4.93%, 3   93.29%

被排除样本 正确率：63.04%
类型1 正确率：  43.00% -> 1   42.86%, 2   57.14%
类型2 正确率：  72.00% -> 1   28.12%, 2   71.88%


轮次:·11/·20 || c_Loss:0.465 || e_Loss:-1.658 || Aad_Loss:-26.582 || 耗时：35.90s
轮次:·12/·20 || c_Loss:0.391 || e_Loss:-1.425 || Aad_Loss:-32.337 || 耗时：13.70s
轮次:·13/·20 || c_Loss:0.402 || e_Loss:-1.602 || Aad_Loss:-30.348 || 耗时：13.73s
轮次:·14/·20 || c_Loss:0.368 || e_Loss:-0.959 || Aad_Loss:-28.254 || 耗时：13.71s
轮次:·15/·20 || c_Loss:0.390 || e_Loss:-1.557 || Aad_Loss:-30.466 || 耗时：13.75s
任务: (B2)N15_M07_F10→(B3)N15_M07_F04; mix批次:····0; 批次:·1410/·1880;  总正确率: 94.33%
类型1 正确率： 100.00% -> 1  100.00%, 2    0.00%, 3    0.00%
类型2 正确率：  90.00% -> 1    0.00%, 2   90.10%, 3    9.90%
类型3 正确率：  93.00% -> 1    1.70%, 2    5.40%, 3   92.90%


样本变换：reverse
样本变换：mask
样本变换：shift
样本变换：none
未过滤	未用伪标签：94.33% -> 使用伪标签：93.75%
已过滤	未用伪标签：94.54% -> 使用伪标签：94.43%
排除样本：43|6000	剩余：2041, 1901, 2015
增添样本：166		细则：0, 140, 26	正确率估算：100.00%
类型1 正确率： 100.00% -> 1  100.00%, 2    0.00%, 3    0.00%
类型2 正确率：  90.00% -> 1    0.00%, 2   90.45%, 3    9.55%
类型3 正确率：  93.00% -> 1    2.08%, 2    5.13%, 3   92.78%

被排除样本 正确率：65.12%
类型1 没有样本或未被分类。
类型2 正确率：  50.00% -> 1    0.00%, 2   50.00%, 3   50.00%
类型3 正确率：  70.00% -> 1    3.03%, 2   27.27%, 3   69.70%


轮次:·16/·20 || c_Loss:0.386 || e_Loss:-1.694 || Aad_Loss:-29.932 || 耗时：36.10s
轮次:·17/·20 || c_Loss:0.407 || e_Loss:-1.859 || Aad_Loss:-28.723 || 耗时：13.76s
轮次:·18/·20 || c_Loss:0.395 || e_Loss:-0.845 || Aad_Loss:-26.100 || 耗时：13.75s
轮次:·19/·20 || c_Loss:0.404 || e_Loss:-1.657 || Aad_Loss:-29.203 || 耗时：13.80s
轮次:·20/·20 || c_Loss:0.374 || e_Loss:-0.935 || Aad_Loss:-28.426 || 耗时：13.81s
任务: (B2)N15_M07_F10→(B3)N15_M07_F04; mix批次:····0; 批次:·1880/·1880;  总正确率: 94.32%
类型1 正确率： 100.00% -> 1  100.00%, 2    0.00%, 3    0.00%
类型2 正确率：  91.00% -> 1    0.00%, 2   90.55%, 3    9.45%
类型3 正确率：  92.00% -> 1    1.65%, 2    5.95%, 3   92.40%


测试集任务: (B2)N15_M07_F10→(B3)N15_M07_F04; 总正确率 = 94.32%
类型1 正确率： 100.00% -> 1  100.00%, 2    0.00%, 3    0.00%
类型2 正确率：  91.00% -> 1    0.00%, 2   90.55%, 3    9.45%
类型3 正确率：  92.00% -> 1    1.65%, 2    5.95%, 3   92.40%


