读取源域路径：/kaggle/working/k10/S06/weight_PU_M1_final_checkpoint_FS06toS06_s2024/NEW_PU/Source-源域/log&pt/(B1)N15_M01_F10
excel输出位置：/kaggle/working/k10/S06/weight_PU_M1_final_checkpoint_FS06toS06_s2024/NEW_PU/Target-目标域
特征图片输出位置：/kaggle/working/k10/S06/weight_PU_M1_final_checkpoint_FS06toS06_s2024/NEW_PU/Picture-特征图/2026年09月19日03时10分/(B1)N15_M01_F10
现在选取:(B1)N15_M01_F10 进行训练的源模型
现在进行：(B1)N15_M01_F10→(B2)N15_M07_F10 的迁移任务
log&pt输出位置：/kaggle/working/k10/S06/weight_PU_M1_final_checkpoint_FS06toS06_s2024/NEW_PU/Target-目标域/log&pt/(B1)N15_M01_F10→(B2)N15_M07_F10
任务: (B1)N15_M01_F10→(B2)N15_M07_F10; 批次:····0/·1880;  总正确率: 99.53%
类型1 正确率： 100.00% -> 1  100.00%, 2    0.00%, 3    0.00%
类型2 正确率：  99.00% -> 1    0.05%, 2   98.80%, 3    1.15%
类型3 正确率： 100.00% -> 1    0.00%, 2    0.20%, 3   99.80%


样本变换：reverse
样本变换：mask
样本变换：shift
样本变换：none
未过滤	未用伪标签：99.53% -> 使用伪标签：99.27%
已过滤	未用伪标签：99.60% -> 使用伪标签：99.77%
排除样本：30|6000	剩余：2001, 2006, 1963
增添样本：48		细则：5, 0, 43	正确率估算：100.00%
类型1 正确率： 100.00% -> 1  100.00%, 2    0.00%, 3    0.00%
类型2 正确率： 100.00% -> 1    0.05%, 2   99.90%, 3    0.05%
类型3 正确率：  99.00% -> 1    0.00%, 2    0.61%, 3   99.39%

被排除样本 正确率：86.67%
类型1 正确率：  25.00% -> 1   25.00%, 2   75.00%
类型2 正确率：  96.00% -> 1    3.85%, 2   96.15%


轮次:··1/·20 || c_Loss:0.558 || e_Loss:-0.945 || Aad_Loss:-24.712 || 耗时：35.18s
轮次:··2/·20 || c_Loss:0.499 || e_Loss:-0.929 || Aad_Loss:-25.831 || 耗时：13.31s
轮次:··3/·20 || c_Loss:0.389 || e_Loss:-0.993 || Aad_Loss:-29.549 || 耗时：13.39s
轮次:··4/·20 || c_Loss:0.391 || e_Loss:-0.958 || Aad_Loss:-27.899 || 耗时：13.42s
轮次:··5/·20 || c_Loss:0.383 || e_Loss:-0.933 || Aad_Loss:-30.465 || 耗时：13.50s
任务: (B1)N15_M01_F10→(B2)N15_M07_F10; mix批次:····0; 批次:··470/·1880;  总正确率: 99.62%
类型1 正确率： 100.00% -> 1  100.00%, 2    0.00%, 3    0.00%
类型2 正确率： 100.00% -> 1    0.00%, 2  100.00%, 3    0.00%
类型3 正确率：  99.00% -> 1    0.00%, 2    1.15%, 3   98.85%


样本变换：reverse
样本变换：mask
样本变换：shift
样本变换：none
未过滤	未用伪标签：99.62% -> 使用伪标签：99.43%
已过滤	未用伪标签：99.70% -> 使用伪标签：99.70%
排除样本：16|6000	剩余：2000, 2018, 1966
增添样本：70		细则：18, 0, 52	正确率估算：100.00%
类型1 正确率： 100.00% -> 1  100.00%, 2    0.00%, 3    0.00%
类型2 正确率： 100.00% -> 1    0.00%, 2  100.00%, 3    0.00%
类型3 正确率：  99.00% -> 1    0.00%, 2    0.91%, 3   99.09%

被排除样本 正确率：68.75%
类型1 没有样本或未被分类。
类型2 正确率：  69.00% -> 1   31.25%, 2   68.75%


轮次:··6/·20 || c_Loss:0.381 || e_Loss:-1.377 || Aad_Loss:-29.175 || 耗时：35.55s
轮次:··7/·20 || c_Loss:0.378 || e_Loss:-0.943 || Aad_Loss:-29.079 || 耗时：13.63s
轮次:··8/·20 || c_Loss:0.373 || e_Loss:-0.960 || Aad_Loss:-30.958 || 耗时：13.67s
轮次:··9/·20 || c_Loss:0.408 || e_Loss:-0.849 || Aad_Loss:-32.278 || 耗时：13.69s
轮次:·10/·20 || c_Loss:0.378 || e_Loss:-0.933 || Aad_Loss:-29.845 || 耗时：13.73s
任务: (B1)N15_M01_F10→(B2)N15_M07_F10; mix批次:····0; 批次:··940/·1880;  总正确率: 99.75%
类型1 正确率： 100.00% -> 1  100.00%, 2    0.00%, 3    0.00%
类型2 正确率： 100.00% -> 1    0.00%, 2  100.00%, 3    0.00%
类型3 正确率：  99.00% -> 1    0.00%, 2    0.75%, 3   99.25%


样本变换：reverse
样本变换：mask
样本变换：shift
样本变换：none
未过滤	未用伪标签：99.75% -> 使用伪标签：99.72%
已过滤	未用伪标签：99.92% -> 使用伪标签：99.95%
排除样本：14|6000	剩余：2000, 2003, 1983
增添样本：23		细则：3, 0, 20	正确率估算：100.00%
类型1 正确率： 100.00% -> 1  100.00%, 2    0.00%, 3    0.00%
类型2 正确率： 100.00% -> 1    0.00%, 2  100.00%, 3    0.00%
类型3 正确率： 100.00% -> 1    0.00%, 2    0.15%, 3   99.85%

被排除样本 正确率：28.57%
类型1 没有样本或未被分类。
类型2 正确率：  29.00% -> 1   71.43%, 2   28.57%


轮次:·11/·20 || c_Loss:0.399 || e_Loss:-0.934 || Aad_Loss:-29.266 || 耗时：35.92s
轮次:·12/·20 || c_Loss:0.382 || e_Loss:-0.989 || Aad_Loss:-29.975 || 耗时：13.68s
轮次:·13/·20 || c_Loss:0.381 || e_Loss:-0.937 || Aad_Loss:-30.271 || 耗时：13.69s
轮次:·14/·20 || c_Loss:0.385 || e_Loss:-0.928 || Aad_Loss:-32.185 || 耗时：13.73s
轮次:·15/·20 || c_Loss:0.380 || e_Loss:-0.993 || Aad_Loss:-30.270 || 耗时：13.77s
任务: (B1)N15_M01_F10→(B2)N15_M07_F10; mix批次:····0; 批次:·1410/·1880;  总正确率: 99.80%
类型1 正确率： 100.00% -> 1  100.00%, 2    0.00%, 3    0.00%
类型2 正确率： 100.00% -> 1    0.00%, 2  100.00%, 3    0.00%
类型3 正确率：  99.00% -> 1    0.00%, 2    0.60%, 3   99.40%


样本变换：reverse
样本变换：mask
样本变换：shift
样本变换：none
未过滤	未用伪标签：99.80% -> 使用伪标签：99.68%
已过滤	未用伪标签：99.93% -> 使用伪标签：99.92%
排除样本：14|6000	剩余：2000, 2005, 1981
增添样本：29		细则：5, 0, 24	正确率估算：100.00%
类型1 正确率： 100.00% -> 1  100.00%, 2    0.00%, 3    0.00%
类型2 正确率： 100.00% -> 1    0.00%, 2  100.00%, 3    0.00%
类型3 正确率： 100.00% -> 1    0.00%, 2    0.25%, 3   99.75%

被排除样本 正确率：42.86%
类型1 没有样本或未被分类。
类型2 正确率：  43.00% -> 1   57.14%, 2   42.86%


轮次:·16/·20 || c_Loss:0.378 || e_Loss:-0.991 || Aad_Loss:-30.066 || 耗时：36.14s
轮次:·17/·20 || c_Loss:0.380 || e_Loss:-1.885 || Aad_Loss:-30.057 || 耗时：13.73s
轮次:·18/·20 || c_Loss:0.383 || e_Loss:-0.979 || Aad_Loss:-31.275 || 耗时：13.70s
轮次:·19/·20 || c_Loss:0.376 || e_Loss:-1.008 || Aad_Loss:-30.761 || 耗时：13.72s
轮次:·20/·20 || c_Loss:0.381 || e_Loss:-0.991 || Aad_Loss:-31.031 || 耗时：13.67s
任务: (B1)N15_M01_F10→(B2)N15_M07_F10; mix批次:····0; 批次:·1880/·1880;  总正确率: 99.87%
类型1 正确率： 100.00% -> 1  100.00%, 2    0.00%, 3    0.00%
类型2 正确率： 100.00% -> 1    0.00%, 2  100.00%, 3    0.00%
类型3 正确率： 100.00% -> 1    0.00%, 2    0.40%, 3   99.60%


测试集任务: (B1)N15_M01_F10→(B2)N15_M07_F10; 总正确率 = 99.87%
类型1 正确率： 100.00% -> 1  100.00%, 2    0.00%, 3    0.00%
类型2 正确率： 100.00% -> 1    0.00%, 2  100.00%, 3    0.00%
类型3 正确率： 100.00% -> 1    0.00%, 2    0.40%, 3   99.60%


