读取源域路径：/kaggle/working/k10/S06/weight_PU_M1_final_checkpoint_FS06toS06_s2024/NEW_PU/Source-源域/log&pt/(B3)N15_M07_F04
excel输出位置：/kaggle/working/k10/S06/weight_PU_M1_final_checkpoint_FS06toS06_s2024/NEW_PU/Target-目标域
特征图片输出位置：/kaggle/working/k10/S06/weight_PU_M1_final_checkpoint_FS06toS06_s2024/NEW_PU/Picture-特征图/2026年09月19日03时35分/(B3)N15_M07_F04
现在选取:(B3)N15_M07_F04 进行训练的源模型
现在进行：(B3)N15_M07_F04→(B1)N15_M01_F10 的迁移任务
log&pt输出位置：/kaggle/working/k10/S06/weight_PU_M1_final_checkpoint_FS06toS06_s2024/NEW_PU/Target-目标域/log&pt/(B3)N15_M07_F04→(B1)N15_M01_F10
任务: (B3)N15_M07_F04→(B1)N15_M01_F10; 批次:····0/·1880;  总正确率: 73.87%
类型1 正确率： 100.00% -> 1   99.65%, 2    0.00%, 3    0.35%
类型2 正确率：  57.00% -> 1    0.00%, 2   56.60%, 3   43.40%
类型3 正确率：  65.00% -> 1    0.00%, 2   34.65%, 3   65.35%


样本变换：reverse
样本变换：mask
样本变换：shift
样本变换：none
未过滤	未用伪标签：73.87% -> 使用伪标签：73.63%
已过滤	未用伪标签：74.55% -> 使用伪标签：74.86%
排除样本：98|6000	剩余：1999, 1783, 2120
增添样本：458		细则：121, 337, 0	正确率估算：98.69%
类型1 正确率： 100.00% -> 1   99.95%, 2    0.00%, 3    0.05%
类型2 正确率：  58.00% -> 1    0.00%, 2   57.89%, 3   42.11%
类型3 正确率：  66.00% -> 1    0.00%, 2   34.10%, 3   65.90%

被排除样本 正确率：32.65%
类型1 正确率：  33.00% -> 1   32.65%, 2   67.35%
类型2 没有样本或未被分类。


轮次:··1/·20 || c_Loss:0.532 || e_Loss:-1.430 || Aad_Loss:-21.309 || 耗时：35.56s
轮次:··2/·20 || c_Loss:0.393 || e_Loss:-1.579 || Aad_Loss:-25.232 || 耗时：13.70s
轮次:··3/·20 || c_Loss:0.363 || e_Loss:-1.570 || Aad_Loss:-27.073 || 耗时：13.73s
轮次:··4/·20 || c_Loss:0.367 || e_Loss:-1.647 || Aad_Loss:-27.031 || 耗时：13.76s
轮次:··5/·20 || c_Loss:0.347 || e_Loss:-1.609 || Aad_Loss:-28.570 || 耗时：13.80s
任务: (B3)N15_M07_F04→(B1)N15_M01_F10; mix批次:····0; 批次:··470/·1880;  总正确率: 74.88%
类型1 正确率： 100.00% -> 1  100.00%, 2    0.00%, 3    0.00%
类型2 正确率：  59.00% -> 1    0.00%, 2   58.65%, 3   41.35%
类型3 正确率：  66.00% -> 1    0.00%, 2   34.00%, 3   66.00%


样本变换：reverse
样本变换：mask
样本变换：shift
样本变换：none
未过滤	未用伪标签：74.88% -> 使用伪标签：75.60%
已过滤	未用伪标签：75.22% -> 使用伪标签：75.94%
排除样本：27|6000	剩余：2001, 1896, 2076
增添样本：255		细则：75, 180, 0	正确率估算：98.82%
类型1 正确率： 100.00% -> 1  100.00%, 2    0.00%, 3    0.00%
类型2 正确率：  62.00% -> 1    0.05%, 2   61.63%, 3   38.32%
类型3 正确率：  66.00% -> 1    0.00%, 2   34.00%, 3   66.00%

被排除样本 正确率：0.00%
类型1 正确率：   0.00% -> 1    0.00%, 2  100.00%
类型2 没有样本或未被分类。


轮次:··6/·20 || c_Loss:0.362 || e_Loss:-0.912 || Aad_Loss:-30.980 || 耗时：35.94s
轮次:··7/·20 || c_Loss:0.353 || e_Loss:-0.977 || Aad_Loss:-29.637 || 耗时：13.77s
轮次:··8/·20 || c_Loss:0.360 || e_Loss:-0.973 || Aad_Loss:-30.785 || 耗时：13.79s
轮次:··9/·20 || c_Loss:0.371 || e_Loss:-0.962 || Aad_Loss:-30.779 || 耗时：13.83s
轮次:·10/·20 || c_Loss:0.358 || e_Loss:-0.984 || Aad_Loss:-29.995 || 耗时：13.82s
任务: (B3)N15_M07_F04→(B1)N15_M01_F10; mix批次:····0; 批次:··940/·1880;  总正确率: 76.83%
类型1 正确率： 100.00% -> 1  100.00%, 2    0.00%, 3    0.00%
类型2 正确率：  64.00% -> 1    0.00%, 2   64.50%, 3   35.50%
类型3 正确率：  66.00% -> 1    0.00%, 2   34.00%, 3   66.00%


样本变换：reverse
样本变换：mask
样本变换：shift
样本变换：none
未过滤	未用伪标签：76.83% -> 使用伪标签：77.22%
已过滤	未用伪标签：76.88% -> 使用伪标签：77.27%
排除样本：4|6000	剩余：2000, 1993, 2003
增添样本：13		细则：3, 10, 0	正确率估算：100.00%
类型1 正确率： 100.00% -> 1  100.00%, 2    0.00%, 3    0.00%
类型2 正确率：  66.00% -> 1    0.00%, 2   65.78%, 3   34.22%
类型3 正确率：  66.00% -> 1    0.00%, 2   34.00%, 3   66.00%

被排除样本 正确率：0.00%
类型1 正确率：   0.00% -> 1    0.00%, 2  100.00%
类型2 没有样本或未被分类。


轮次:·11/·20 || c_Loss:0.383 || e_Loss:-0.937 || Aad_Loss:-29.667 || 耗时：36.13s
轮次:·12/·20 || c_Loss:0.393 || e_Loss:-0.971 || Aad_Loss:-28.491 || 耗时：13.83s
轮次:·13/·20 || c_Loss:0.402 || e_Loss:-0.971 || Aad_Loss:-28.042 || 耗时：13.83s
轮次:·14/·20 || c_Loss:0.407 || e_Loss:-0.912 || Aad_Loss:-28.833 || 耗时：13.84s
轮次:·15/·20 || c_Loss:0.379 || e_Loss:-1.000 || Aad_Loss:-28.706 || 耗时：13.82s
任务: (B3)N15_M07_F04→(B1)N15_M01_F10; mix批次:····0; 批次:·1410/·1880;  总正确率: 77.23%
类型1 正确率： 100.00% -> 1  100.00%, 2    0.00%, 3    0.00%
类型2 正确率：  66.00% -> 1    0.00%, 2   65.70%, 3   34.30%
类型3 正确率：  66.00% -> 1    0.00%, 2   34.00%, 3   66.00%


样本变换：reverse
样本变换：mask
样本变换：shift
样本变换：none
未过滤	未用伪标签：77.23% -> 使用伪标签：77.28%
已过滤	未用伪标签：77.25% -> 使用伪标签：77.30%
排除样本：1|6000	剩余：2000, 1997, 2002
增添样本：7		细则：2, 5, 0	正确率估算：100.00%
类型1 正确率： 100.00% -> 1  100.00%, 2    0.00%, 3    0.00%
类型2 正确率：  66.00% -> 1    0.00%, 2   65.88%, 3   34.12%
类型3 正确率：  66.00% -> 1    0.00%, 2   34.00%, 3   66.00%

被排除样本 正确率：0.00%
类型1 正确率：   0.00% -> 1    0.00%, 2  100.00%
类型2 没有样本或未被分类。


轮次:·16/·20 || c_Loss:0.377 || e_Loss:-1.025 || Aad_Loss:-26.111 || 耗时：35.75s
轮次:·17/·20 || c_Loss:0.382 || e_Loss:-1.008 || Aad_Loss:-26.030 || 耗时：13.77s
轮次:·18/·20 || c_Loss:0.385 || e_Loss:-0.984 || Aad_Loss:-27.544 || 耗时：13.82s
轮次:·19/·20 || c_Loss:0.401 || e_Loss:-0.982 || Aad_Loss:-27.176 || 耗时：13.84s
轮次:·20/·20 || c_Loss:0.386 || e_Loss:-0.948 || Aad_Loss:-26.104 || 耗时：13.85s
任务: (B3)N15_M07_F04→(B1)N15_M01_F10; mix批次:····0; 批次:·1880/·1880;  总正确率: 77.28%
类型1 正确率： 100.00% -> 1  100.00%, 2    0.00%, 3    0.00%
类型2 正确率：  66.00% -> 1    0.00%, 2   65.85%, 3   34.15%
类型3 正确率：  66.00% -> 1    0.00%, 2   34.00%, 3   66.00%


测试集任务: (B3)N15_M07_F04→(B1)N15_M01_F10; 总正确率 = 77.28%
类型1 正确率： 100.00% -> 1  100.00%, 2    0.00%, 3    0.00%
类型2 正确率：  66.00% -> 1    0.00%, 2   65.85%, 3   34.15%
类型3 正确率：  66.00% -> 1    0.00%, 2   34.00%, 3   66.00%


