读取源域路径：/kaggle/working/k10/S09/weight_PU_M1_final_checkpoint_FS09toS09c_gatepcv_s2024/NEW_PU/Source-源域/log&pt/(B3)N15_M07_F04
excel输出位置：/kaggle/working/k10/S09/weight_PU_M1_final_checkpoint_FS09toS09c_gatepcv_s2024/NEW_PU/Target-目标域
特征图片输出位置：/kaggle/working/k10/S09/weight_PU_M1_final_checkpoint_FS09toS09c_gatepcv_s2024/NEW_PU/Picture-特征图/2026年09月19日12时32分/(B3)N15_M07_F04
现在选取:(B3)N15_M07_F04 进行训练的源模型
现在进行：(B3)N15_M07_F04→(B2)N15_M07_F10 的迁移任务
log&pt输出位置：/kaggle/working/k10/S09/weight_PU_M1_final_checkpoint_FS09toS09c_gatepcv_s2024/NEW_PU/Target-目标域/log&pt/(B3)N15_M07_F04→(B2)N15_M07_F10
任务: (B3)N15_M07_F04→(B2)N15_M07_F10; 批次:····0/·1880;  总正确率: 64.23%
类型1 正确率：  97.00% -> 1   97.30%, 2    2.70%, 3    0.00%
类型2 正确率：  95.00% -> 1    0.10%, 2   95.40%, 3    4.50%
类型3 正确率：   0.00% -> 1    0.00%, 2  100.00%, 3    0.00%


样本变换：reverse
样本变换：mask
样本变换：shift
样本变换：none
未过滤	未用伪标签：64.23% -> 使用伪标签：54.92%
已过滤	未用伪标签：63.65% -> 使用伪标签：55.89%
排除样本：104|6000	剩余：1995, 3309, 592
增添样本：4453		细则：1314, 0, 3139	正确率估算：87.47%
类型1 正确率： 100.00% -> 1   99.70%, 2    0.30%, 3    0.00%
类型2 正确率：  69.00% -> 1    0.16%, 2   68.65%, 3   31.19%
类型3 正确率：   0.00% -> 1    0.00%, 2  100.00%, 3    0.00%

被排除样本 正确率：97.12%
类型1 正确率：   0.00% -> 1    0.00%, 2  100.00%
类型2 正确率：  99.00% -> 1    0.98%, 2   99.02%


轮次:··1/·20 || c_Loss:0.482 || e_Loss:-1.356 || Aad_Loss:-36.868 || 耗时：34.51s
轮次:··2/·20 || c_Loss:0.463 || e_Loss:-1.353 || Aad_Loss:-38.449 || 耗时：13.31s
轮次:··3/·20 || c_Loss:0.415 || e_Loss:-1.251 || Aad_Loss:-43.094 || 耗时：13.28s
轮次:··4/·20 || c_Loss:0.449 || e_Loss:-1.324 || Aad_Loss:-38.990 || 耗时：13.15s
轮次:··5/·20 || c_Loss:0.432 || e_Loss:-1.355 || Aad_Loss:-43.583 || 耗时：13.07s
任务: (B3)N15_M07_F04→(B2)N15_M07_F10; mix批次:····0; 批次:··470/·1880;  总正确率: 62.45%
类型1 正确率： 100.00% -> 1  100.00%, 2    0.00%, 3    0.00%
类型2 正确率：  87.00% -> 1    0.00%, 2   87.35%, 3   12.65%
类型3 正确率：   0.00% -> 1    0.00%, 2  100.00%, 3    0.00%


样本变换：reverse
样本变换：mask
样本变换：shift
样本变换：none
未过滤	未用伪标签：62.45% -> 使用伪标签：51.07%
已过滤	未用伪标签：61.89% -> 使用伪标签：51.85%
排除样本：91|6000	剩余：2000, 3062, 847
增添样本：3795		细则：1062, 0, 2733	正确率估算：79.37%
类型1 正确率： 100.00% -> 1  100.00%, 2    0.00%, 3    0.00%
类型2 正确率：  56.00% -> 1    0.00%, 2   55.68%, 3   44.32%
类型3 正确率：   0.00% -> 1    0.00%, 2   99.95%, 3    0.05%

被排除样本 正确率：98.90%
类型1 正确率：  99.00% -> 1   98.90%, 2    1.10%
类型2 没有样本或未被分类。


轮次:··6/·20 || c_Loss:0.494 || e_Loss:-1.357 || Aad_Loss:-32.549 || 耗时：34.24s
轮次:··7/·20 || c_Loss:0.458 || e_Loss:-1.353 || Aad_Loss:-33.016 || 耗时：13.10s
轮次:··8/·20 || c_Loss:0.520 || e_Loss:-1.379 || Aad_Loss:-24.876 || 耗时：13.14s
轮次:··9/·20 || c_Loss:0.415 || e_Loss:-1.429 || Aad_Loss:-33.703 || 耗时：13.17s
轮次:·10/·20 || c_Loss:0.411 || e_Loss:-1.373 || Aad_Loss:-37.784 || 耗时：13.25s
任务: (B3)N15_M07_F04→(B2)N15_M07_F10; mix批次:····0; 批次:··940/·1880;  总正确率: 58.43%
类型1 正确率： 100.00% -> 1  100.00%, 2    0.00%, 3    0.00%
类型2 正确率：  75.00% -> 1    0.05%, 2   75.30%, 3   24.65%
类型3 正确率：   0.00% -> 1    0.00%, 2  100.00%, 3    0.00%


样本变换：reverse
样本变换：mask
样本变换：shift
样本变换：none
未过滤	未用伪标签：58.43% -> 使用伪标签：48.48%
已过滤	未用伪标签：58.15% -> 使用伪标签：48.83%
排除样本：43|6000	剩余：2000, 2909, 1048
增添样本：3219		细则：909, 0, 2310	正确率估算：79.97%
类型1 正确率： 100.00% -> 1  100.00%, 2    0.00%, 3    0.00%
类型2 正确率：  46.00% -> 1    0.00%, 2   46.45%, 3   53.55%
类型3 正确率：   0.00% -> 1    0.00%, 2  100.00%, 3    0.00%

被排除样本 正确率：97.67%
类型1 没有样本或未被分类。
类型2 正确率：  98.00% -> 1    2.33%, 2   97.67%


轮次:·11/·20 || c_Loss:0.389 || e_Loss:-1.427 || Aad_Loss:-35.101 || 耗时：34.48s
轮次:·12/·20 || c_Loss:0.386 || e_Loss:-1.556 || Aad_Loss:-30.996 || 耗时：13.05s
轮次:·13/·20 || c_Loss:0.351 || e_Loss:-1.481 || Aad_Loss:-30.974 || 耗时：13.07s
轮次:·14/·20 || c_Loss:0.342 || e_Loss:-1.548 || Aad_Loss:-32.062 || 耗时：13.06s
轮次:·15/·20 || c_Loss:0.439 || e_Loss:-1.562 || Aad_Loss:-33.080 || 耗时：13.08s
任务: (B3)N15_M07_F04→(B2)N15_M07_F10; mix批次:····0; 批次:·1410/·1880;  总正确率: 51.28%
类型1 正确率： 100.00% -> 1  100.00%, 2    0.00%, 3    0.00%
类型2 正确率：  54.00% -> 1    0.10%, 2   53.85%, 3   46.05%
类型3 正确率：   0.00% -> 1    0.00%, 2  100.00%, 3    0.00%


样本变换：reverse
样本变换：mask
样本变换：shift
样本变换：none
未过滤	未用伪标签：51.28% -> 使用伪标签：51.82%
已过滤	未用伪标签：51.47% -> 使用伪标签：52.12%
排除样本：35|6000	剩余：2000, 3109, 856
增添样本：3583		细则：1109, 0, 2474	正确率估算：100.00%
类型1 正确率： 100.00% -> 1  100.00%, 2    0.00%, 3    0.00%
类型2 正确率：  56.00% -> 1    0.00%, 2   56.44%, 3   43.56%
类型3 正确率：   0.00% -> 1    0.00%, 2  100.00%, 3    0.00%

被排除样本 正确率：20.00%
类型1 没有样本或未被分类。
类型2 正确率：  20.00% -> 1    5.71%, 2   20.00%, 3   74.29%
类型3 没有样本或未被分类。


轮次:·16/·20 || c_Loss:0.343 || e_Loss:-1.567 || Aad_Loss:-32.870 || 耗时：34.23s
轮次:·17/·20 || c_Loss:0.340 || e_Loss:-1.393 || Aad_Loss:-34.995 || 耗时：13.10s
轮次:·18/·20 || c_Loss:0.367 || e_Loss:-1.625 || Aad_Loss:-35.524 || 耗时：13.13s
轮次:·19/·20 || c_Loss:0.331 || e_Loss:-0.809 || Aad_Loss:-35.557 || 耗时：13.23s
轮次:·20/·20 || c_Loss:0.341 || e_Loss:-1.540 || Aad_Loss:-34.046 || 耗时：13.27s
任务: (B3)N15_M07_F04→(B2)N15_M07_F10; mix批次:····0; 批次:·1880/·1880;  总正确率: 53.60%
类型1 正确率： 100.00% -> 1  100.00%, 2    0.00%, 3    0.00%
类型2 正确率：  61.00% -> 1    0.05%, 2   60.80%, 3   39.15%
类型3 正确率：   0.00% -> 1    0.00%, 2  100.00%, 3    0.00%


测试集任务: (B3)N15_M07_F04→(B2)N15_M07_F10; 总正确率 = 53.60%
类型1 正确率： 100.00% -> 1  100.00%, 2    0.00%, 3    0.00%
类型2 正确率：  61.00% -> 1    0.05%, 2   60.80%, 3   39.15%
类型3 正确率：   0.00% -> 1    0.00%, 2  100.00%, 3    0.00%


