读取源域路径：/kaggle/working/k10/S09/weight_PU_M1_final_checkpoint_FS09toS09c_gatepcv_s2024/NEW_PU/Source-源域/log&pt/(B1)N15_M01_F10
excel输出位置：/kaggle/working/k10/S09/weight_PU_M1_final_checkpoint_FS09toS09c_gatepcv_s2024/NEW_PU/Target-目标域
特征图片输出位置：/kaggle/working/k10/S09/weight_PU_M1_final_checkpoint_FS09toS09c_gatepcv_s2024/NEW_PU/Picture-特征图/2026年09月19日12时08分/(B1)N15_M01_F10
现在选取:(B1)N15_M01_F10 进行训练的源模型
现在进行：(B1)N15_M01_F10→(B3)N15_M07_F04 的迁移任务
log&pt输出位置：/kaggle/working/k10/S09/weight_PU_M1_final_checkpoint_FS09toS09c_gatepcv_s2024/NEW_PU/Target-目标域/log&pt/(B1)N15_M01_F10→(B3)N15_M07_F04
任务: (B1)N15_M01_F10→(B3)N15_M07_F04; 批次:····0/·1880;  总正确率: 63.45%
类型1 正确率： 100.00% -> 1  100.00%, 2    0.00%, 3    0.00%
类型2 正确率：  54.00% -> 1    0.00%, 2   53.55%, 3   46.45%
类型3 正确率：  37.00% -> 1    3.10%, 2   60.10%, 3   36.80%


样本变换：reverse
样本变换：mask
样本变换：shift
样本变换：none
未过滤	未用伪标签：63.45% -> 使用伪标签：62.15%
已过滤	未用伪标签：63.40% -> 使用伪标签：62.44%
排除样本：28|6000	剩余：2011, 1712, 2249
增添样本：538		细则：96, 442, 0	正确率估算：97.96%
类型1 正确率： 100.00% -> 1   99.95%, 2    0.05%, 3    0.00%
类型2 正确率：  37.00% -> 1    0.00%, 2   36.92%, 3   63.08%
类型3 正确率：  50.00% -> 1    0.65%, 2   49.17%, 3   50.18%

被排除样本 正确率：75.00%
类型1 正确率： 100.00% -> 1  100.00%, 2    0.00%, 3    0.00%
类型2 正确率： 100.00% -> 1    0.00%, 2  100.00%, 3    0.00%
类型3 正确率：   0.00% -> 1  100.00%, 2    0.00%, 3    0.00%


轮次:··1/·20 || c_Loss:0.584 || e_Loss:-1.496 || Aad_Loss:-27.596 || 耗时：33.85s
轮次:··2/·20 || c_Loss:0.413 || e_Loss:-0.973 || Aad_Loss:-29.179 || 耗时：13.20s
轮次:··3/·20 || c_Loss:0.382 || e_Loss:-0.901 || Aad_Loss:-29.191 || 耗时：13.02s
轮次:··4/·20 || c_Loss:0.349 || e_Loss:-1.010 || Aad_Loss:-29.305 || 耗时：12.94s
轮次:··5/·20 || c_Loss:0.355 || e_Loss:-1.533 || Aad_Loss:-29.032 || 耗时：12.95s
任务: (B1)N15_M01_F10→(B3)N15_M07_F04; mix批次:····0; 批次:··470/·1880;  总正确率: 62.57%
类型1 正确率： 100.00% -> 1  100.00%, 2    0.00%, 3    0.00%
类型2 正确率：  38.00% -> 1    0.00%, 2   37.70%, 3   62.30%
类型3 正确率：  50.00% -> 1    0.55%, 2   49.45%, 3   50.00%


样本变换：reverse
样本变换：mask
样本变换：shift
样本变换：none
未过滤	未用伪标签：62.57% -> 使用伪标签：61.33%
已过滤	未用伪标签：62.59% -> 使用伪标签：61.35%
排除样本：2|6000	剩余：2007, 1671, 2320
增添样本：682		细则：148, 534, 0	正确率估算：100.00%
类型1 正确率： 100.00% -> 1  100.00%, 2    0.00%, 3    0.00%
类型2 正确率：  34.00% -> 1    0.00%, 2   34.00%, 3   66.00%
类型3 正确率：  50.00% -> 1    0.35%, 2   49.60%, 3   50.05%

被排除样本 正确率：0.00%
类型1 没有样本或未被分类。
类型2 正确率：   0.00% -> 1  100.00%, 2    0.00%


轮次:··6/·20 || c_Loss:0.332 || e_Loss:-1.266 || Aad_Loss:-29.734 || 耗时：33.84s
轮次:··7/·20 || c_Loss:0.379 || e_Loss:-1.621 || Aad_Loss:-30.760 || 耗时：13.12s
轮次:··8/·20 || c_Loss:0.356 || e_Loss:-1.631 || Aad_Loss:-30.095 || 耗时：13.14s
轮次:··9/·20 || c_Loss:0.369 || e_Loss:-1.579 || Aad_Loss:-30.879 || 耗时：13.09s
轮次:·10/·20 || c_Loss:0.362 || e_Loss:-1.345 || Aad_Loss:-28.349 || 耗时：13.05s
任务: (B1)N15_M01_F10→(B3)N15_M07_F04; mix批次:····0; 批次:··940/·1880;  总正确率: 61.38%
类型1 正确率： 100.00% -> 1  100.00%, 2    0.00%, 3    0.00%
类型2 正确率：  34.00% -> 1    0.00%, 2   34.15%, 3   65.85%
类型3 正确率：  50.00% -> 1    0.30%, 2   49.70%, 3   50.00%


样本变换：reverse
样本变换：mask
样本变换：shift
样本变换：none
未过滤	未用伪标签：61.38% -> 使用伪标签：61.33%
已过滤	未用伪标签：61.39% -> 使用伪标签：61.34%
排除样本：1|6000	剩余：2005, 1674, 2320
增添样本：681		细则：150, 531, 0	正确率估算：99.85%
类型1 正确率： 100.00% -> 1  100.00%, 2    0.00%, 3    0.00%
类型2 正确率：  34.00% -> 1    0.00%, 2   34.00%, 3   66.00%
类型3 正确率：  50.00% -> 1    0.25%, 2   49.72%, 3   50.03%

被排除样本 正确率：0.00%
类型1 没有样本或未被分类。
类型2 正确率：   0.00% -> 1  100.00%, 2    0.00%


轮次:·11/·20 || c_Loss:0.342 || e_Loss:-1.420 || Aad_Loss:-31.352 || 耗时：34.02s
轮次:·12/·20 || c_Loss:0.350 || e_Loss:-1.682 || Aad_Loss:-29.778 || 耗时：13.09s
轮次:·13/·20 || c_Loss:0.337 || e_Loss:-1.554 || Aad_Loss:-30.290 || 耗时：13.12s
轮次:·14/·20 || c_Loss:0.350 || e_Loss:-1.594 || Aad_Loss:-30.504 || 耗时：13.13s
轮次:·15/·20 || c_Loss:0.358 || e_Loss:-1.020 || Aad_Loss:-30.842 || 耗时：13.10s
任务: (B1)N15_M01_F10→(B3)N15_M07_F04; mix批次:····0; 批次:·1410/·1880;  总正确率: 61.33%
类型1 正确率： 100.00% -> 1  100.00%, 2    0.00%, 3    0.00%
类型2 正确率：  34.00% -> 1    0.65%, 2   34.00%, 3   65.35%
类型3 正确率：  50.00% -> 1    0.30%, 2   49.70%, 3   50.00%


样本变换：reverse
样本变换：mask
样本变换：shift
样本变换：none
未过滤	未用伪标签：61.33% -> 使用伪标签：61.33%
已过滤	未用伪标签：61.34% -> 使用伪标签：61.34%
排除样本：1|6000	剩余：2005, 1674, 2320
增添样本：681		细则：150, 531, 0	正确率估算：99.85%
类型1 正确率： 100.00% -> 1  100.00%, 2    0.00%, 3    0.00%
类型2 正确率：  34.00% -> 1    0.00%, 2   34.00%, 3   66.00%
类型3 正确率：  50.00% -> 1    0.25%, 2   49.72%, 3   50.03%

被排除样本 正确率：0.00%
类型1 没有样本或未被分类。
类型2 正确率：   0.00% -> 1  100.00%, 2    0.00%


轮次:·16/·20 || c_Loss:0.342 || e_Loss:-1.398 || Aad_Loss:-31.581 || 耗时：33.83s
轮次:·17/·20 || c_Loss:0.348 || e_Loss:-1.746 || Aad_Loss:-29.926 || 耗时：13.03s
轮次:·18/·20 || c_Loss:0.334 || e_Loss:-1.613 || Aad_Loss:-30.441 || 耗时：13.09s
轮次:·19/·20 || c_Loss:0.349 || e_Loss:-1.592 || Aad_Loss:-30.665 || 耗时：13.10s
轮次:·20/·20 || c_Loss:0.355 || e_Loss:-1.032 || Aad_Loss:-30.957 || 耗时：13.06s
任务: (B1)N15_M01_F10→(B3)N15_M07_F04; mix批次:····0; 批次:·1880/·1880;  总正确率: 61.33%
类型1 正确率： 100.00% -> 1  100.00%, 2    0.00%, 3    0.00%
类型2 正确率：  34.00% -> 1    1.75%, 2   34.00%, 3   64.25%
类型3 正确率：  50.00% -> 1    0.30%, 2   49.70%, 3   50.00%


测试集任务: (B1)N15_M01_F10→(B3)N15_M07_F04; 总正确率 = 61.33%
类型1 正确率： 100.00% -> 1  100.00%, 2    0.00%, 3    0.00%
类型2 正确率：  34.00% -> 1    1.75%, 2   34.00%, 3   64.25%
类型3 正确率：  50.00% -> 1    0.30%, 2   49.70%, 3   50.00%


