读取源域路径：/kaggle/working/k10/S09/weight_PU_M1_final_checkpoint_FS09toS09c_gatepcv_s2024/NEW_PU/Source-源域/log&pt/(B3)N15_M07_F04
excel输出位置：/kaggle/working/k10/S09/weight_PU_M1_final_checkpoint_FS09toS09c_gatepcv_s2024/NEW_PU/Target-目标域
特征图片输出位置：/kaggle/working/k10/S09/weight_PU_M1_final_checkpoint_FS09toS09c_gatepcv_s2024/NEW_PU/Picture-特征图/2026年09月19日12时26分/(B3)N15_M07_F04
现在选取:(B3)N15_M07_F04 进行训练的源模型
现在进行：(B3)N15_M07_F04→(B1)N15_M01_F10 的迁移任务
log&pt输出位置：/kaggle/working/k10/S09/weight_PU_M1_final_checkpoint_FS09toS09c_gatepcv_s2024/NEW_PU/Target-目标域/log&pt/(B3)N15_M07_F04→(B1)N15_M01_F10
任务: (B3)N15_M07_F04→(B1)N15_M01_F10; 批次:····0/·1880;  总正确率: 62.67%
类型1 正确率：  99.00% -> 1   98.95%, 2    1.05%, 3    0.00%
类型2 正确率：  89.00% -> 1    0.00%, 2   89.05%, 3   10.95%
类型3 正确率：   0.00% -> 1    0.00%, 2  100.00%, 3    0.00%


样本变换：reverse
样本变换：mask
样本变换：shift
样本变换：none
未过滤	未用伪标签：62.67% -> 使用伪标签：54.52%
已过滤	未用伪标签：62.14% -> 使用伪标签：55.29%
排除样本：84|6000	剩余：1998, 3275, 643
增添样本：4410		细则：1277, 0, 3133	正确率估算：92.39%
类型1 正确率： 100.00% -> 1   99.90%, 2    0.10%, 3    0.00%
类型2 正确率：  66.00% -> 1    0.00%, 2   66.44%, 3   33.56%
类型3 正确率：   0.00% -> 1    0.00%, 2  100.00%, 3    0.00%

被排除样本 正确率：100.00%
类型1 正确率： 100.00% -> 1  100.00%


轮次:··1/·20 || c_Loss:0.436 || e_Loss:-1.215 || Aad_Loss:-39.564 || 耗时：34.90s
轮次:··2/·20 || c_Loss:0.418 || e_Loss:-1.324 || Aad_Loss:-41.641 || 耗时：13.32s
轮次:··3/·20 || c_Loss:0.375 || e_Loss:-1.216 || Aad_Loss:-42.403 || 耗时：13.22s
轮次:··4/·20 || c_Loss:0.406 || e_Loss:-1.357 || Aad_Loss:-45.055 || 耗时：13.12s
轮次:··5/·20 || c_Loss:0.451 || e_Loss:-1.407 || Aad_Loss:-37.956 || 耗时：13.17s
任务: (B3)N15_M07_F04→(B1)N15_M01_F10; mix批次:····0; 批次:··470/·1880;  总正确率: 63.12%
类型1 正确率： 100.00% -> 1  100.00%, 2    0.00%, 3    0.00%
类型2 正确率：  89.00% -> 1    0.00%, 2   89.35%, 3   10.65%
类型3 正确率：   0.00% -> 1    0.00%, 2  100.00%, 3    0.00%


样本变换：reverse
样本变换：mask
样本变换：shift
样本变换：none
未过滤	未用伪标签：63.12% -> 使用伪标签：58.37%
已过滤	未用伪标签：63.01% -> 使用伪标签：58.54%
排除样本：18|6000	剩余：2000, 3502, 480
增添样本：1502		细则：1502, 0	正确率估算：100.00%
类型1 正确率： 100.00% -> 1  100.00%, 2    0.00%, 3    0.00%
类型2 正确率：  76.00% -> 1    0.00%, 2   75.78%, 3   24.22%
类型3 正确率：   0.00% -> 1    0.00%, 2  100.00%, 3    0.00%

被排除样本 正确率：100.00%
类型1 正确率： 100.00% -> 1  100.00%


轮次:··6/·20 || c_Loss:0.359 || e_Loss:-1.308 || Aad_Loss:-46.059 || 耗时：34.52s
轮次:··7/·20 || c_Loss:0.354 || e_Loss:-1.385 || Aad_Loss:-46.073 || 耗时：13.21s
轮次:··8/·20 || c_Loss:0.340 || e_Loss:-1.434 || Aad_Loss:-44.982 || 耗时：13.22s
轮次:··9/·20 || c_Loss:0.346 || e_Loss:-1.473 || Aad_Loss:-44.847 || 耗时：13.23s
轮次:·10/·20 || c_Loss:0.344 || e_Loss:-1.442 || Aad_Loss:-43.347 || 耗时：13.32s
任务: (B3)N15_M07_F04→(B1)N15_M01_F10; mix批次:····0; 批次:··940/·1880;  总正确率: 64.02%
类型1 正确率： 100.00% -> 1  100.00%, 2    0.00%, 3    0.00%
类型2 正确率：  92.00% -> 1    0.05%, 2   92.05%, 3    7.90%
类型3 正确率：   0.00% -> 1    0.00%, 2  100.00%, 3    0.00%


样本变换：reverse
样本变换：mask
样本变换：shift
样本变换：none
未过滤	未用伪标签：64.02% -> 使用伪标签：63.47%
已过滤	未用伪标签：64.08% -> 使用伪标签：63.71%
排除样本：23|6000	剩余：2000, 3808, 169
增添样本：1808		细则：1808, 0	正确率估算：100.00%
类型1 正确率： 100.00% -> 1  100.00%, 2    0.00%, 3    0.00%
类型2 正确率：  91.00% -> 1    0.00%, 2   91.45%, 3    8.55%
类型3 正确率：   0.00% -> 1    0.00%, 2  100.00%, 3    0.00%

被排除样本 正确率：47.83%
类型1 正确率：  48.00% -> 1   47.83%, 2   52.17%
类型2 没有样本或未被分类。


轮次:·11/·20 || c_Loss:0.352 || e_Loss:-1.594 || Aad_Loss:-47.345 || 耗时：34.73s
轮次:·12/·20 || c_Loss:0.347 || e_Loss:-1.639 || Aad_Loss:-46.664 || 耗时：13.18s
轮次:·13/·20 || c_Loss:0.339 || e_Loss:-1.461 || Aad_Loss:-46.676 || 耗时：13.16s
轮次:·14/·20 || c_Loss:0.343 || e_Loss:-1.540 || Aad_Loss:-46.546 || 耗时：13.14s
轮次:·15/·20 || c_Loss:0.350 || e_Loss:-1.684 || Aad_Loss:-47.494 || 耗时：13.07s
任务: (B3)N15_M07_F04→(B1)N15_M01_F10; mix批次:····0; 批次:·1410/·1880;  总正确率: 65.73%
类型1 正确率： 100.00% -> 1  100.00%, 2    0.00%, 3    0.00%
类型2 正确率：  97.00% -> 1    0.15%, 2   97.20%, 3    2.65%
类型3 正确率：   0.00% -> 1    0.00%, 2  100.00%, 3    0.00%


样本变换：reverse
样本变换：mask
样本变换：shift
样本变换：none
未过滤	未用伪标签：65.73% -> 使用伪标签：65.27%
已过滤	未用伪标签：65.72% -> 使用伪标签：65.47%
排除样本：19|6000	剩余：2000, 3916, 65
增添样本：1916		细则：1916, 0	正确率估算：100.00%
类型1 正确率： 100.00% -> 1  100.00%, 2    0.00%, 3    0.00%
类型2 正确率：  97.00% -> 1    0.00%, 2   96.72%, 3    3.28%
类型3 正确率：   0.00% -> 1    0.00%, 2  100.00%, 3    0.00%

被排除样本 正确率：68.42%
类型1 正确率：  68.00% -> 1   68.42%, 2   31.58%
类型2 没有样本或未被分类。


轮次:·16/·20 || c_Loss:0.351 || e_Loss:-0.571 || Aad_Loss:-47.966 || 耗时：34.53s
轮次:·17/·20 || c_Loss:0.360 || e_Loss:-0.595 || Aad_Loss:-48.380 || 耗时：13.19s
轮次:·18/·20 || c_Loss:0.347 || e_Loss:-1.597 || Aad_Loss:-47.590 || 耗时：13.20s
轮次:·19/·20 || c_Loss:0.340 || e_Loss:-0.603 || Aad_Loss:-48.228 || 耗时：13.26s
轮次:·20/·20 || c_Loss:0.347 || e_Loss:-1.651 || Aad_Loss:-47.569 || 耗时：13.30s
任务: (B3)N15_M07_F04→(B1)N15_M01_F10; mix批次:····0; 批次:·1880/·1880;  总正确率: 66.33%
类型1 正确率： 100.00% -> 1  100.00%, 2    0.00%, 3    0.00%
类型2 正确率：  99.00% -> 1    0.10%, 2   99.00%, 3    0.90%
类型3 正确率：   0.00% -> 1    0.00%, 2  100.00%, 3    0.00%


测试集任务: (B3)N15_M07_F04→(B1)N15_M01_F10; 总正确率 = 66.33%
类型1 正确率： 100.00% -> 1  100.00%, 2    0.00%, 3    0.00%
类型2 正确率：  99.00% -> 1    0.10%, 2   99.00%, 3    0.90%
类型3 正确率：   0.00% -> 1    0.00%, 2  100.00%, 3    0.00%


