读取源域路径：/kaggle/working/k10/S09/weight_PU_M1_final_checkpoint_FS09toS09c_gatepcv_s2024/NEW_PU/Source-源域/log&pt/(B1)N15_M01_F10
excel输出位置：/kaggle/working/k10/S09/weight_PU_M1_final_checkpoint_FS09toS09c_gatepcv_s2024/NEW_PU/Target-目标域
特征图片输出位置：/kaggle/working/k10/S09/weight_PU_M1_final_checkpoint_FS09toS09c_gatepcv_s2024/NEW_PU/Picture-特征图/2026年09月19日12时02分/(B1)N15_M01_F10
现在选取:(B1)N15_M01_F10 进行训练的源模型
现在进行：(B1)N15_M01_F10→(B2)N15_M07_F10 的迁移任务
log&pt输出位置：/kaggle/working/k10/S09/weight_PU_M1_final_checkpoint_FS09toS09c_gatepcv_s2024/NEW_PU/Target-目标域/log&pt/(B1)N15_M01_F10→(B2)N15_M07_F10
任务: (B1)N15_M01_F10→(B2)N15_M07_F10; 批次:····0/·1880;  总正确率: 64.48%
类型1 正确率： 100.00% -> 1   99.85%, 2    0.15%, 3    0.00%
类型2 正确率：  90.00% -> 1    0.05%, 2   90.50%, 3    9.45%
类型3 正确率：   3.00% -> 1    0.00%, 2   96.90%, 3    3.10%


样本变换：reverse
样本变换：mask
样本变换：shift
样本变换：none
未过滤	未用伪标签：64.48% -> 使用伪标签：62.53%
已过滤	未用伪标签：64.31% -> 使用伪标签：62.98%
排除样本：43|6000	剩余：1995, 1817, 2145
增添样本：547		细则：0, 178, 369	正确率估算：36.20%
类型1 正确率： 100.00% -> 1   99.85%, 2    0.15%, 3    0.00%
类型2 正确率：  40.00% -> 1    0.00%, 2   40.12%, 3   59.88%
类型3 正确率：  49.00% -> 1    0.00%, 2   51.43%, 3   48.57%

被排除样本 正确率：88.37%
类型1 正确率： 100.00% -> 1  100.00%, 2    0.00%, 3    0.00%
类型2 正确率： 100.00% -> 1    0.00%, 2  100.00%, 3    0.00%
类型3 正确率：   0.00% -> 1    0.00%, 2  100.00%, 3    0.00%


轮次:··1/·20 || c_Loss:0.544 || e_Loss:-1.597 || Aad_Loss:-25.516 || 耗时：34.72s
轮次:··2/·20 || c_Loss:0.375 || e_Loss:-1.745 || Aad_Loss:-26.170 || 耗时：13.27s
轮次:··3/·20 || c_Loss:0.368 || e_Loss:-1.773 || Aad_Loss:-26.480 || 耗时：13.14s
轮次:··4/·20 || c_Loss:0.332 || e_Loss:-1.867 || Aad_Loss:-25.066 || 耗时：12.89s
轮次:··5/·20 || c_Loss:0.320 || e_Loss:-1.801 || Aad_Loss:-28.257 || 耗时：12.83s
任务: (B1)N15_M01_F10→(B2)N15_M07_F10; mix批次:····0; 批次:··470/·1880;  总正确率: 67.23%
类型1 正确率： 100.00% -> 1  100.00%, 2    0.00%, 3    0.00%
类型2 正确率：  52.00% -> 1    2.10%, 2   51.70%, 3   46.20%
类型3 正确率：  50.00% -> 1    0.00%, 2   50.00%, 3   50.00%


样本变换：reverse
样本变换：mask
样本变换：shift
样本变换：none
未过滤	未用伪标签：67.23% -> 使用伪标签：67.77%
已过滤	未用伪标签：67.49% -> 使用伪标签：68.13%
排除样本：32|6000	剩余：2003, 2066, 1899
增添样本：472		细则：66, 0, 406	正确率估算：100.00%
类型1 正确率： 100.00% -> 1  100.00%, 2    0.00%, 3    0.00%
类型2 正确率：  54.00% -> 1    0.15%, 2   54.17%, 3   45.68%
类型3 正确率：  50.00% -> 1    0.00%, 2   50.00%, 3   50.00%

被排除样本 正确率：18.75%
类型1 没有样本或未被分类。
类型2 正确率：  19.00% -> 1   21.88%, 2   18.75%, 3   59.38%
类型3 没有样本或未被分类。


轮次:··6/·20 || c_Loss:0.336 || e_Loss:-1.759 || Aad_Loss:-29.039 || 耗时：33.72s
轮次:··7/·20 || c_Loss:0.325 || e_Loss:-1.736 || Aad_Loss:-30.635 || 耗时：13.21s
轮次:··8/·20 || c_Loss:0.337 || e_Loss:-1.574 || Aad_Loss:-29.980 || 耗时：13.14s
轮次:··9/·20 || c_Loss:0.344 || e_Loss:-1.552 || Aad_Loss:-29.777 || 耗时：13.01s
轮次:·10/·20 || c_Loss:0.328 || e_Loss:-1.842 || Aad_Loss:-29.638 || 耗时：12.98s
任务: (B1)N15_M01_F10→(B2)N15_M07_F10; mix批次:····0; 批次:··940/·1880;  总正确率: 70.10%
类型1 正确率： 100.00% -> 1  100.00%, 2    0.00%, 3    0.00%
类型2 正确率：  60.00% -> 1    0.65%, 2   60.30%, 3   39.05%
类型3 正确率：  50.00% -> 1    0.00%, 2   50.00%, 3   50.00%


样本变换：reverse
样本变换：mask
样本变换：shift
样本变换：none
未过滤	未用伪标签：70.10% -> 使用伪标签：70.72%
已过滤	未用伪标签：70.16% -> 使用伪标签：70.82%
排除样本：9|6000	剩余：2000, 2243, 1748
增添样本：826		细则：243, 0, 583	正确率估算：100.00%
类型1 正确率： 100.00% -> 1  100.00%, 2    0.00%, 3    0.00%
类型2 正确率：  62.00% -> 1    0.00%, 2   62.43%, 3   37.57%
类型3 正确率：  50.00% -> 1    0.00%, 2   50.00%, 3   50.00%

被排除样本 正确率：33.33%
类型1 正确率：  33.00% -> 1   33.33%, 2   66.67%
类型2 没有样本或未被分类。


轮次:·11/·20 || c_Loss:0.335 || e_Loss:-0.918 || Aad_Loss:-31.092 || 耗时：33.86s
轮次:·12/·20 || c_Loss:0.343 || e_Loss:-1.632 || Aad_Loss:-30.759 || 耗时：13.06s
轮次:·13/·20 || c_Loss:0.352 || e_Loss:-1.702 || Aad_Loss:-31.209 || 耗时：13.11s
轮次:·14/·20 || c_Loss:0.354 || e_Loss:-1.836 || Aad_Loss:-30.650 || 耗时：13.20s
轮次:·15/·20 || c_Loss:0.344 || e_Loss:-1.816 || Aad_Loss:-30.817 || 耗时：13.13s
任务: (B1)N15_M01_F10→(B2)N15_M07_F10; mix批次:····0; 批次:·1410/·1880;  总正确率: 71.78%
类型1 正确率： 100.00% -> 1  100.00%, 2    0.00%, 3    0.00%
类型2 正确率：  65.00% -> 1    0.00%, 2   65.35%, 3   34.65%
类型3 正确率：  50.00% -> 1    0.00%, 2   50.00%, 3   50.00%


样本变换：reverse
样本变换：mask
样本变换：shift
样本变换：none
未过滤	未用伪标签：71.78% -> 使用伪标签：71.58%
已过滤	未用伪标签：71.77% -> 使用伪标签：71.62%
排除样本：3|6000	剩余：2000, 2295, 1702
增添样本：930		细则：295, 0, 635	正确率估算：100.00%
类型1 正确率： 100.00% -> 1  100.00%, 2    0.00%, 3    0.00%
类型2 正确率：  65.00% -> 1    0.00%, 2   64.85%, 3   35.15%
类型3 正确率：  50.00% -> 1    0.00%, 2   50.00%, 3   50.00%

被排除样本 正确率：100.00%
类型1 正确率： 100.00% -> 1  100.00%


轮次:·16/·20 || c_Loss:0.358 || e_Loss:-0.914 || Aad_Loss:-31.360 || 耗时：34.09s
轮次:·17/·20 || c_Loss:0.353 || e_Loss:-0.969 || Aad_Loss:-31.652 || 耗时：12.97s
轮次:·18/·20 || c_Loss:0.374 || e_Loss:-1.688 || Aad_Loss:-31.126 || 耗时：12.94s
轮次:·19/·20 || c_Loss:0.360 || e_Loss:-1.843 || Aad_Loss:-30.705 || 耗时：12.96s
轮次:·20/·20 || c_Loss:0.373 || e_Loss:-0.937 || Aad_Loss:-30.863 || 耗时：12.97s
任务: (B1)N15_M01_F10→(B2)N15_M07_F10; mix批次:····0; 批次:·1880/·1880;  总正确率: 71.87%
类型1 正确率： 100.00% -> 1  100.00%, 2    0.00%, 3    0.00%
类型2 正确率：  66.00% -> 1    0.00%, 2   65.60%, 3   34.40%
类型3 正确率：  50.00% -> 1    0.00%, 2   50.00%, 3   50.00%


测试集任务: (B1)N15_M01_F10→(B2)N15_M07_F10; 总正确率 = 71.87%
类型1 正确率： 100.00% -> 1  100.00%, 2    0.00%, 3    0.00%
类型2 正确率：  66.00% -> 1    0.00%, 2   65.60%, 3   34.40%
类型3 正确率：  50.00% -> 1    0.00%, 2   50.00%, 3   50.00%


