读取源域路径：/kaggle/working/k10/S09/weight_PU_M1_final_checkpoint_FS09toS09c_gatepcv_s2024/NEW_PU/Source-源域/log&pt/(B2)N15_M07_F10
excel输出位置：/kaggle/working/k10/S09/weight_PU_M1_final_checkpoint_FS09toS09c_gatepcv_s2024/NEW_PU/Target-目标域
特征图片输出位置：/kaggle/working/k10/S09/weight_PU_M1_final_checkpoint_FS09toS09c_gatepcv_s2024/NEW_PU/Picture-特征图/2026年09月19日12时14分/(B2)N15_M07_F10
现在选取:(B2)N15_M07_F10 进行训练的源模型
现在进行：(B2)N15_M07_F10→(B1)N15_M01_F10 的迁移任务
log&pt输出位置：/kaggle/working/k10/S09/weight_PU_M1_final_checkpoint_FS09toS09c_gatepcv_s2024/NEW_PU/Target-目标域/log&pt/(B2)N15_M07_F10→(B1)N15_M01_F10
任务: (B2)N15_M07_F10→(B1)N15_M01_F10; 批次:····0/·1880;  总正确率: 60.43%
类型1 正确率： 100.00% -> 1  100.00%, 2    0.00%, 3    0.00%
类型2 正确率：  66.00% -> 1    0.10%, 2   65.95%, 3   33.95%
类型3 正确率：  15.00% -> 1    0.00%, 2   84.65%, 3   15.35%


样本变换：reverse
样本变换：mask
样本变换：shift
样本变换：none
未过滤	未用伪标签：60.43% -> 使用伪标签：60.58%
已过滤	未用伪标签：60.57% -> 使用伪标签：60.81%
排除样本：22|6000	剩余：1996, 1712, 2270
增添样本：665		细则：0, 284, 381	正确率估算：62.41%
类型1 正确率： 100.00% -> 1  100.00%, 2    0.00%, 3    0.00%
类型2 正确率：  34.00% -> 1    0.00%, 2   34.22%, 3   65.78%
类型3 正确率：  48.00% -> 1    0.00%, 2   51.84%, 3   48.16%

被排除样本 正确率：22.73%
类型1 正确率： 100.00% -> 1  100.00%, 2    0.00%, 3    0.00%
类型2 正确率： 100.00% -> 1    0.00%, 2  100.00%, 3    0.00%
类型3 正确率：   0.00% -> 1    0.00%, 2  100.00%, 3    0.00%


轮次:··1/·20 || c_Loss:0.570 || e_Loss:-1.614 || Aad_Loss:-25.490 || 耗时：33.89s
轮次:··2/·20 || c_Loss:0.402 || e_Loss:-1.783 || Aad_Loss:-27.401 || 耗时：13.21s
轮次:··3/·20 || c_Loss:0.340 || e_Loss:-1.920 || Aad_Loss:-27.742 || 耗时：13.09s
轮次:··4/·20 || c_Loss:0.339 || e_Loss:-1.719 || Aad_Loss:-28.107 || 耗时：12.98s
轮次:··5/·20 || c_Loss:0.331 || e_Loss:-1.936 || Aad_Loss:-28.082 || 耗时：12.95s
任务: (B2)N15_M07_F10→(B1)N15_M01_F10; mix批次:····0; 批次:··470/·1880;  总正确率: 63.45%
类型1 正确率： 100.00% -> 1  100.00%, 2    0.00%, 3    0.00%
类型2 正确率：  40.00% -> 1    9.20%, 2   40.35%, 3   50.45%
类型3 正确率：  50.00% -> 1    0.00%, 2   50.00%, 3   50.00%


样本变换：reverse
样本变换：mask
样本变换：shift
样本变换：none
未过滤	未用伪标签：63.45% -> 使用伪标签：62.48%
已过滤	未用伪标签：63.55% -> 使用伪标签：62.77%
排除样本：27|6000	剩余：2000, 1749, 2224
增添样本：591		细则：0, 251, 340	正确率估算：99.83%
类型1 正确率： 100.00% -> 1  100.00%, 2    0.00%, 3    0.00%
类型2 正确率：  38.00% -> 1    0.00%, 2   37.96%, 3   62.04%
类型3 正确率：  50.00% -> 1    0.00%, 2   50.00%, 3   50.00%

被排除样本 正确率：40.74%
类型1 没有样本或未被分类。
类型2 正确率：  41.00% -> 1   59.26%, 2   40.74%


轮次:··6/·20 || c_Loss:0.336 || e_Loss:-1.760 || Aad_Loss:-28.209 || 耗时：33.72s
轮次:··7/·20 || c_Loss:0.336 || e_Loss:-1.981 || Aad_Loss:-28.940 || 耗时：13.13s
轮次:··8/·20 || c_Loss:0.327 || e_Loss:-1.805 || Aad_Loss:-27.579 || 耗时：13.14s
轮次:··9/·20 || c_Loss:0.336 || e_Loss:-1.745 || Aad_Loss:-30.829 || 耗时：13.20s
轮次:·10/·20 || c_Loss:0.332 || e_Loss:-1.899 || Aad_Loss:-27.143 || 耗时：13.21s
任务: (B2)N15_M07_F10→(B1)N15_M01_F10; mix批次:····0; 批次:··940/·1880;  总正确率: 67.58%
类型1 正确率： 100.00% -> 1  100.00%, 2    0.00%, 3    0.00%
类型2 正确率：  53.00% -> 1    2.80%, 2   52.75%, 3   44.45%
类型3 正确率：  50.00% -> 1    0.00%, 2   50.00%, 3   50.00%


样本变换：reverse
样本变换：mask
样本变换：shift
样本变换：none
未过滤	未用伪标签：67.58% -> 使用伪标签：68.52%
已过滤	未用伪标签：67.68% -> 使用伪标签：68.67%
排除样本：13|6000	剩余：2000, 2111, 1876
增添样本：562		细则：111, 0, 451	正确率估算：100.00%
类型1 正确率： 100.00% -> 1  100.00%, 2    0.00%, 3    0.00%
类型2 正确率：  56.00% -> 1    0.00%, 2   55.91%, 3   44.09%
类型3 正确率：  50.00% -> 1    0.00%, 2   50.00%, 3   50.00%

被排除样本 正确率：23.08%
类型1 没有样本或未被分类。
类型2 正确率：  23.00% -> 1   15.38%, 2   23.08%, 3   61.54%
类型3 没有样本或未被分类。


轮次:·11/·20 || c_Loss:0.331 || e_Loss:-1.876 || Aad_Loss:-29.592 || 耗时：33.79s
轮次:·12/·20 || c_Loss:0.330 || e_Loss:-1.690 || Aad_Loss:-30.534 || 耗时：13.01s
轮次:·13/·20 || c_Loss:0.330 || e_Loss:-1.746 || Aad_Loss:-29.648 || 耗时：13.02s
轮次:·14/·20 || c_Loss:0.331 || e_Loss:-1.867 || Aad_Loss:-27.533 || 耗时：13.08s
轮次:·15/·20 || c_Loss:0.328 || e_Loss:-1.884 || Aad_Loss:-30.413 || 耗时：13.12s
任务: (B2)N15_M07_F10→(B1)N15_M01_F10; mix批次:····0; 批次:·1410/·1880;  总正确率: 71.05%
类型1 正确率： 100.00% -> 1  100.00%, 2    0.00%, 3    0.00%
类型2 正确率：  63.00% -> 1    0.05%, 2   63.15%, 3   36.80%
类型3 正确率：  50.00% -> 1    0.00%, 2   50.00%, 3   50.00%


样本变换：reverse
样本变换：mask
样本变换：shift
样本变换：none
未过滤	未用伪标签：71.05% -> 使用伪标签：71.32%
已过滤	未用伪标签：71.16% -> 使用伪标签：71.42%
排除样本：9|6000	剩余：2000, 2279, 1712
增添样本：898		细则：279, 0, 619	正确率估算：100.00%
类型1 正确率： 100.00% -> 1  100.00%, 2    0.00%, 3    0.00%
类型2 正确率：  64.00% -> 1    0.00%, 2   64.24%, 3   35.76%
类型3 正确率：  50.00% -> 1    0.00%, 2   50.00%, 3   50.00%

被排除样本 正确率：0.00%
类型1 正确率：   0.00% -> 1    0.00%, 2  100.00%
类型2 没有样本或未被分类。


轮次:·16/·20 || c_Loss:0.352 || e_Loss:-1.218 || Aad_Loss:-31.821 || 耗时：34.30s
轮次:·17/·20 || c_Loss:0.345 || e_Loss:-1.812 || Aad_Loss:-30.705 || 耗时：13.15s
轮次:·18/·20 || c_Loss:0.357 || e_Loss:-0.880 || Aad_Loss:-33.061 || 耗时：13.16s
轮次:·19/·20 || c_Loss:0.346 || e_Loss:-0.951 || Aad_Loss:-31.464 || 耗时：13.20s
轮次:·20/·20 || c_Loss:0.354 || e_Loss:-0.901 || Aad_Loss:-32.803 || 耗时：13.24s
任务: (B2)N15_M07_F10→(B1)N15_M01_F10; mix批次:····0; 批次:·1880/·1880;  总正确率: 71.73%
类型1 正确率： 100.00% -> 1  100.00%, 2    0.00%, 3    0.00%
类型2 正确率：  65.00% -> 1    0.00%, 2   65.20%, 3   34.80%
类型3 正确率：  50.00% -> 1    0.00%, 2   50.00%, 3   50.00%


测试集任务: (B2)N15_M07_F10→(B1)N15_M01_F10; 总正确率 = 71.73%
类型1 正确率： 100.00% -> 1  100.00%, 2    0.00%, 3    0.00%
类型2 正确率：  65.00% -> 1    0.00%, 2   65.20%, 3   34.80%
类型3 正确率：  50.00% -> 1    0.00%, 2   50.00%, 3   50.00%


