读取源域路径：/kaggle/working/k10/S09/weight_PU_M1_final_checkpoint_FS09toS09c_gatepcv_s2024/NEW_PU/Source-源域/log&pt/(B2)N15_M07_F10
excel输出位置：/kaggle/working/k10/S09/weight_PU_M1_final_checkpoint_FS09toS09c_gatepcv_s2024/NEW_PU/Target-目标域
特征图片输出位置：/kaggle/working/k10/S09/weight_PU_M1_final_checkpoint_FS09toS09c_gatepcv_s2024/NEW_PU/Picture-特征图/2026年09月19日12时20分/(B2)N15_M07_F10
现在选取:(B2)N15_M07_F10 进行训练的源模型
现在进行：(B2)N15_M07_F10→(B3)N15_M07_F04 的迁移任务
log&pt输出位置：/kaggle/working/k10/S09/weight_PU_M1_final_checkpoint_FS09toS09c_gatepcv_s2024/NEW_PU/Target-目标域/log&pt/(B2)N15_M07_F10→(B3)N15_M07_F04
任务: (B2)N15_M07_F10→(B3)N15_M07_F04; 批次:····0/·1880;  总正确率: 65.13%
类型1 正确率： 100.00% -> 1  100.00%, 2    0.00%, 3    0.00%
类型2 正确率：  47.00% -> 1    0.05%, 2   47.20%, 3   52.75%
类型3 正确率：  48.00% -> 1    6.30%, 2   45.50%, 3   48.20%


样本变换：reverse
样本变换：mask
样本变换：shift
样本变换：none
未过滤	未用伪标签：65.13% -> 使用伪标签：61.37%
已过滤	未用伪标签：65.45% -> 使用伪标签：61.73%
排除样本：35|6000	剩余：2025, 1626, 2314
增添样本：692		细则：127, 565, 0	正确率估算：97.83%
类型1 正确率： 100.00% -> 1  100.00%, 2    0.00%, 3    0.00%
类型2 正确率：  34.00% -> 1    0.00%, 2   34.20%, 3   65.80%
类型3 正确率：  51.00% -> 1    1.32%, 2   47.89%, 3   50.79%

被排除样本 正确率：11.43%
类型1 正确率： 100.00% -> 1  100.00%, 2    0.00%, 3    0.00%
类型2 正确率： 100.00% -> 1    0.00%, 2  100.00%, 3    0.00%
类型3 正确率：   0.00% -> 1   93.55%, 2    6.45%, 3    0.00%


轮次:··1/·20 || c_Loss:0.543 || e_Loss:-1.012 || Aad_Loss:-29.131 || 耗时：34.16s
轮次:··2/·20 || c_Loss:0.440 || e_Loss:-1.276 || Aad_Loss:-29.294 || 耗时：13.27s
轮次:··3/·20 || c_Loss:0.432 || e_Loss:-1.193 || Aad_Loss:-30.387 || 耗时：13.26s
轮次:··4/·20 || c_Loss:0.338 || e_Loss:-1.299 || Aad_Loss:-29.326 || 耗时：13.16s
轮次:··5/·20 || c_Loss:0.334 || e_Loss:-1.260 || Aad_Loss:-30.593 || 耗时：13.12s
任务: (B2)N15_M07_F10→(B3)N15_M07_F04; mix批次:····0; 批次:··470/·1880;  总正确率: 61.42%
类型1 正确率： 100.00% -> 1  100.00%, 2    0.00%, 3    0.00%
类型2 正确率：  34.00% -> 1    0.00%, 2   34.25%, 3   65.75%
类型3 正确率：  50.00% -> 1    1.70%, 2   48.30%, 3   50.00%


样本变换：reverse
样本变换：mask
样本变换：shift
样本变换：none
未过滤	未用伪标签：61.42% -> 使用伪标签：61.33%
已过滤	未用伪标签：61.48% -> 使用伪标签：61.39%
排除样本：6|6000	剩余：2023, 1651, 2320
增添样本：685		细则：136, 549, 0	正确率估算：99.71%
类型1 正确率： 100.00% -> 1  100.00%, 2    0.00%, 3    0.00%
类型2 正确率：  34.00% -> 1    0.00%, 2   34.00%, 3   66.00%
类型3 正确率：  50.00% -> 1    1.15%, 2   48.70%, 3   50.15%

被排除样本 正确率：0.00%
类型1 没有样本或未被分类。
类型2 没有样本或未被分类。
类型3 正确率：   0.00% -> 1   83.33%, 2   16.67%, 3    0.00%


轮次:··6/·20 || c_Loss:0.383 || e_Loss:-1.598 || Aad_Loss:-30.491 || 耗时：34.20s
轮次:··7/·20 || c_Loss:0.372 || e_Loss:-1.106 || Aad_Loss:-29.818 || 耗时：13.22s
轮次:··8/·20 || c_Loss:0.371 || e_Loss:-1.502 || Aad_Loss:-29.359 || 耗时：13.24s
轮次:··9/·20 || c_Loss:0.350 || e_Loss:-1.538 || Aad_Loss:-30.160 || 耗时：13.24s
轮次:·10/·20 || c_Loss:0.327 || e_Loss:-0.828 || Aad_Loss:-31.699 || 耗时：13.25s
任务: (B2)N15_M07_F10→(B3)N15_M07_F04; mix批次:····0; 批次:··940/·1880;  总正确率: 61.33%
类型1 正确率： 100.00% -> 1  100.00%, 2    0.00%, 3    0.00%
类型2 正确率：  34.00% -> 1    0.00%, 2   34.00%, 3   66.00%
类型3 正确率：  50.00% -> 1    0.55%, 2   49.45%, 3   50.00%


样本变换：reverse
样本变换：mask
样本变换：shift
样本变换：none
未过滤	未用伪标签：61.33% -> 使用伪标签：61.33%
已过滤	未用伪标签：61.36% -> 使用伪标签：61.36%
排除样本：3|6000	剩余：2007, 1670, 2320
增添样本：682		细则：148, 534, 0	正确率估算：100.00%
类型1 正确率： 100.00% -> 1  100.00%, 2    0.00%, 3    0.00%
类型2 正确率：  34.00% -> 1    0.00%, 2   34.00%, 3   66.00%
类型3 正确率：  50.00% -> 1    0.35%, 2   49.57%, 3   50.08%

被排除样本 正确率：0.00%
类型1 没有样本或未被分类。
类型2 没有样本或未被分类。
类型3 正确率：   0.00% -> 1   66.67%, 2   33.33%, 3    0.00%


轮次:·11/·20 || c_Loss:0.343 || e_Loss:-1.689 || Aad_Loss:-30.143 || 耗时：34.23s
轮次:·12/·20 || c_Loss:0.383 || e_Loss:-1.711 || Aad_Loss:-31.370 || 耗时：13.17s
轮次:·13/·20 || c_Loss:0.357 || e_Loss:-1.799 || Aad_Loss:-30.517 || 耗时：13.18s
轮次:·14/·20 || c_Loss:0.364 || e_Loss:-1.754 || Aad_Loss:-31.147 || 耗时：13.14s
轮次:·15/·20 || c_Loss:0.360 || e_Loss:-1.349 || Aad_Loss:-28.598 || 耗时：13.14s
任务: (B2)N15_M07_F10→(B3)N15_M07_F04; mix批次:····0; 批次:·1410/·1880;  总正确率: 61.33%
类型1 正确率： 100.00% -> 1  100.00%, 2    0.00%, 3    0.00%
类型2 正确率：  34.00% -> 1    0.00%, 2   34.00%, 3   66.00%
类型3 正确率：  50.00% -> 1    0.30%, 2   49.70%, 3   50.00%


样本变换：reverse
样本变换：mask
样本变换：shift
样本变换：none
未过滤	未用伪标签：61.33% -> 使用伪标签：61.33%
已过滤	未用伪标签：61.35% -> 使用伪标签：61.35%
排除样本：2|6000	剩余：2004, 1674, 2320
增添样本：682		细则：151, 531, 0	正确率估算：99.85%
类型1 正确率： 100.00% -> 1  100.00%, 2    0.00%, 3    0.00%
类型2 正确率：  34.00% -> 1    0.00%, 2   34.00%, 3   66.00%
类型3 正确率：  50.00% -> 1    0.20%, 2   49.75%, 3   50.05%

被排除样本 正确率：0.00%
类型1 没有样本或未被分类。
类型2 正确率：   0.00% -> 1  100.00%, 2    0.00%


轮次:·16/·20 || c_Loss:0.339 || e_Loss:-1.764 || Aad_Loss:-30.318 || 耗时：34.24s
轮次:·17/·20 || c_Loss:0.386 || e_Loss:-1.740 || Aad_Loss:-31.495 || 耗时：13.13s
轮次:·18/·20 || c_Loss:0.357 || e_Loss:-1.784 || Aad_Loss:-30.581 || 耗时：13.18s
轮次:·19/·20 || c_Loss:0.363 || e_Loss:-1.790 || Aad_Loss:-31.259 || 耗时：13.19s
轮次:·20/·20 || c_Loss:0.360 || e_Loss:-1.360 || Aad_Loss:-28.808 || 耗时：13.22s
任务: (B2)N15_M07_F10→(B3)N15_M07_F04; mix批次:····0; 批次:·1880/·1880;  总正确率: 61.35%
类型1 正确率： 100.00% -> 1  100.00%, 2    0.00%, 3    0.00%
类型2 正确率：  34.00% -> 1    0.00%, 2   34.05%, 3   65.95%
类型3 正确率：  50.00% -> 1    0.25%, 2   49.75%, 3   50.00%


测试集任务: (B2)N15_M07_F10→(B3)N15_M07_F04; 总正确率 = 61.35%
类型1 正确率： 100.00% -> 1  100.00%, 2    0.00%, 3    0.00%
类型2 正确率：  34.00% -> 1    0.00%, 2   34.05%, 3   65.95%
类型3 正确率：  50.00% -> 1    0.25%, 2   49.75%, 3   50.00%


