读取源域路径：/kaggle/working/shot_k10/S09/weight_PU_M1_shot_FS09toS09c_s2024/NEW_PU/Source-源域/log&pt/(B2)N15_M07_F10
excel输出位置：/kaggle/working/shot_k10/S09/weight_PU_M1_shot_FS09toS09c_s2024/NEW_PU/Target-目标域
特征图片输出位置：/kaggle/working/shot_k10/S09/weight_PU_M1_shot_FS09toS09c_s2024/NEW_PU/Picture-特征图/2026年09月21日22时11分/(B2)N15_M07_F10
现在选取:(B2)N15_M07_F10 进行训练的源模型
现在进行：(B2)N15_M07_F10→(B1)N15_M01_F10 的迁移任务
log&pt输出位置：/kaggle/working/shot_k10/S09/weight_PU_M1_shot_FS09toS09c_s2024/NEW_PU/Target-目标域/log&pt/(B2)N15_M07_F10→(B1)N15_M01_F10
任务: (B2)N15_M07_F10→(B1)N15_M01_F10; 批次:····0/·1880;  总正确率: 60.43%
类型1 正确率： 100.00% -> 1  100.00%, 2    0.00%, 3    0.00%
类型2 正确率：  66.00% -> 1    0.10%, 2   65.95%, 3   33.95%
类型3 正确率：  15.00% -> 1    0.00%, 2   84.65%, 3   15.35%


SHOT pseudo-labels: model 60.43% -> centroid 60.62%
轮次:··1/·20 || cls:1.534 || im:-0.814 || 耗时：22.05s
SHOT pseudo-labels: model 58.55% -> centroid 61.02%
轮次:··2/·20 || cls:1.395 || im:-0.638 || 耗时：16.25s
SHOT pseudo-labels: model 59.95% -> centroid 70.20%
轮次:··3/·20 || cls:0.959 || im:-0.724 || 耗时：16.13s
SHOT pseudo-labels: model 64.60% -> centroid 69.48%
轮次:··4/·20 || cls:0.949 || im:-0.790 || 耗时：16.02s
SHOT pseudo-labels: model 65.63% -> centroid 65.85%
轮次:··5/·20 || cls:0.777 || im:-0.642 || 耗时：15.98s
SHOT pseudo-labels: model 66.00% -> centroid 61.98%
轮次:··6/·20 || cls:0.793 || im:-0.646 || 耗时：16.07s
SHOT pseudo-labels: model 65.98% -> centroid 59.30%
轮次:··7/·20 || cls:0.602 || im:-0.564 || 耗时：16.08s
SHOT pseudo-labels: model 65.78% -> centroid 59.75%
轮次:··8/·20 || cls:0.914 || im:-0.690 || 耗时：16.10s
SHOT pseudo-labels: model 65.85% -> centroid 59.40%
轮次:··9/·20 || cls:0.683 || im:-0.663 || 耗时：16.07s
SHOT pseudo-labels: model 65.48% -> centroid 59.45%
轮次:·10/·20 || cls:0.615 || im:-0.603 || 耗时：16.11s
SHOT pseudo-labels: model 65.43% -> centroid 59.45%
轮次:·11/·20 || cls:0.634 || im:-0.594 || 耗时：16.07s
SHOT pseudo-labels: model 65.50% -> centroid 58.52%
轮次:·12/·20 || cls:0.706 || im:-0.612 || 耗时：16.08s
SHOT pseudo-labels: model 65.38% -> centroid 59.13%
轮次:·13/·20 || cls:0.864 || im:-0.719 || 耗时：16.07s
SHOT pseudo-labels: model 65.15% -> centroid 59.37%
轮次:·14/·20 || cls:0.516 || im:-0.559 || 耗时：16.05s
SHOT pseudo-labels: model 64.98% -> centroid 59.85%
轮次:·15/·20 || cls:0.753 || im:-0.655 || 耗时：16.05s
SHOT pseudo-labels: model 65.18% -> centroid 59.77%
轮次:·16/·20 || cls:0.856 || im:-0.668 || 耗时：16.06s
SHOT pseudo-labels: model 65.55% -> centroid 59.52%
轮次:·17/·20 || cls:0.709 || im:-0.705 || 耗时：16.07s
SHOT pseudo-labels: model 65.13% -> centroid 59.20%
轮次:·18/·20 || cls:0.694 || im:-0.739 || 耗时：16.08s
SHOT pseudo-labels: model 64.68% -> centroid 59.45%
轮次:·19/·20 || cls:0.722 || im:-0.653 || 耗时：16.07s
SHOT pseudo-labels: model 65.17% -> centroid 59.72%
轮次:·20/·20 || cls:0.540 || im:-0.714 || 耗时：16.08s
测试集任务: (B2)N15_M07_F10→(B1)N15_M01_F10; 总正确率 = 64.50%
类型1 正确率： 100.00% -> 1   99.55%, 2    0.45%, 3    0.00%
类型2 正确率：  45.00% -> 1    0.25%, 2   45.05%, 3   54.70%
类型3 正确率：  49.00% -> 1    0.00%, 2   51.10%, 3   48.90%


