读取源域路径：/kaggle/working/shot_k10/S09/weight_PU_M1_shot_FS09toS09c_s2024/NEW_PU/Source-源域/log&pt/(B1)N15_M01_F10
excel输出位置：/kaggle/working/shot_k10/S09/weight_PU_M1_shot_FS09toS09c_s2024/NEW_PU/Target-目标域
特征图片输出位置：/kaggle/working/shot_k10/S09/weight_PU_M1_shot_FS09toS09c_s2024/NEW_PU/Picture-特征图/2026年09月21日22时05分/(B1)N15_M01_F10
现在选取:(B1)N15_M01_F10 进行训练的源模型
现在进行：(B1)N15_M01_F10→(B3)N15_M07_F04 的迁移任务
log&pt输出位置：/kaggle/working/shot_k10/S09/weight_PU_M1_shot_FS09toS09c_s2024/NEW_PU/Target-目标域/log&pt/(B1)N15_M01_F10→(B3)N15_M07_F04
任务: (B1)N15_M01_F10→(B3)N15_M07_F04; 批次:····0/·1880;  总正确率: 63.45%
类型1 正确率： 100.00% -> 1  100.00%, 2    0.00%, 3    0.00%
类型2 正确率：  54.00% -> 1    0.00%, 2   53.55%, 3   46.45%
类型3 正确率：  37.00% -> 1    3.10%, 2   60.10%, 3   36.80%


SHOT pseudo-labels: model 63.45% -> centroid 62.48%
轮次:··1/·20 || cls:1.581 || im:-0.850 || 耗时：22.06s
SHOT pseudo-labels: model 63.48% -> centroid 61.93%
轮次:··2/·20 || cls:1.571 || im:-0.786 || 耗时：16.24s
SHOT pseudo-labels: model 60.20% -> centroid 61.85%
轮次:··3/·20 || cls:1.408 || im:-0.814 || 耗时：16.13s
SHOT pseudo-labels: model 62.17% -> centroid 60.82%
轮次:··4/·20 || cls:1.030 || im:-0.770 || 耗时：16.01s
SHOT pseudo-labels: model 63.52% -> centroid 60.12%
轮次:··5/·20 || cls:1.053 || im:-0.784 || 耗时：16.02s
SHOT pseudo-labels: model 64.38% -> centroid 61.37%
轮次:··6/·20 || cls:0.899 || im:-0.745 || 耗时：16.08s
SHOT pseudo-labels: model 64.57% -> centroid 56.22%
轮次:··7/·20 || cls:0.812 || im:-0.623 || 耗时：16.08s
SHOT pseudo-labels: model 66.27% -> centroid 59.37%
轮次:··8/·20 || cls:1.131 || im:-0.788 || 耗时：16.06s
SHOT pseudo-labels: model 67.23% -> centroid 57.13%
轮次:··9/·20 || cls:0.823 || im:-0.670 || 耗时：16.07s
SHOT pseudo-labels: model 68.05% -> centroid 59.03%
轮次:·10/·20 || cls:0.751 || im:-0.721 || 耗时：16.09s
SHOT pseudo-labels: model 68.60% -> centroid 58.27%
轮次:·11/·20 || cls:0.592 || im:-0.635 || 耗时：16.07s
SHOT pseudo-labels: model 70.17% -> centroid 58.80%
轮次:·12/·20 || cls:0.810 || im:-0.707 || 耗时：16.09s
SHOT pseudo-labels: model 70.23% -> centroid 59.08%
轮次:·13/·20 || cls:0.768 || im:-0.770 || 耗时：16.09s
SHOT pseudo-labels: model 69.78% -> centroid 58.90%
轮次:·14/·20 || cls:0.688 || im:-0.599 || 耗时：16.05s
SHOT pseudo-labels: model 69.53% -> centroid 59.13%
轮次:·15/·20 || cls:0.706 || im:-0.754 || 耗时：16.07s
SHOT pseudo-labels: model 68.83% -> centroid 59.07%
轮次:·16/·20 || cls:0.821 || im:-0.692 || 耗时：16.05s
SHOT pseudo-labels: model 68.87% -> centroid 59.42%
轮次:·17/·20 || cls:0.751 || im:-0.727 || 耗时：16.05s
SHOT pseudo-labels: model 68.57% -> centroid 59.37%
轮次:·18/·20 || cls:0.811 || im:-0.762 || 耗时：16.04s
SHOT pseudo-labels: model 67.53% -> centroid 58.63%
轮次:·19/·20 || cls:0.819 || im:-0.671 || 耗时：16.03s
SHOT pseudo-labels: model 67.78% -> centroid 59.22%
轮次:·20/·20 || cls:0.642 || im:-0.716 || 耗时：16.08s
测试集任务: (B1)N15_M01_F10→(B3)N15_M07_F04; 总正确率 = 67.37%
类型1 正确率： 100.00% -> 1   99.95%, 2    0.05%, 3    0.00%
类型2 正确率：  52.00% -> 1    0.00%, 2   51.55%, 3   48.45%
类型3 正确率：  51.00% -> 1    1.35%, 2   48.05%, 3   50.60%


