读取源域路径：/kaggle/working/m2rep/reps1/weight_PU_M1_final_checkpoint_FBtoA_gatepcv_s1/NEW_PU/Source-源域/log&pt/(B2)N15_M07_F10
excel输出位置：/kaggle/working/m2rep/reps1/weight_PU_M1_final_checkpoint_FBtoA_gatepcv_s1/NEW_PU/Target-目标域
特征图片输出位置：/kaggle/working/m2rep/reps1/weight_PU_M1_final_checkpoint_FBtoA_gatepcv_s1/NEW_PU/Picture-特征图/2026年09月15日18时52分/(B2)N15_M07_F10
现在选取:(B2)N15_M07_F10 进行训练的源模型
现在进行：(B2)N15_M07_F10→(B3)N15_M07_F04 的迁移任务
log&pt输出位置：/kaggle/working/m2rep/reps1/weight_PU_M1_final_checkpoint_FBtoA_gatepcv_s1/NEW_PU/Target-目标域/log&pt/(B2)N15_M07_F10→(B3)N15_M07_F04
任务: (B2)N15_M07_F10→(B3)N15_M07_F04; 批次:····0/·1880;  总正确率: 51.57%
类型1 正确率： 100.00% -> 1  100.00%, 2    0.00%, 3    0.00%
类型2 正确率：  35.00% -> 1   26.80%, 2   35.05%, 3   38.15%
类型3 正确率：  20.00% -> 1    0.75%, 2   79.60%, 3   19.65%


样本变换：reverse
样本变换：mask
样本变换：shift
样本变换：none
未过滤	未用伪标签：51.57% -> 使用伪标签：54.30%
已过滤	未用伪标签：51.58% -> 使用伪标签：54.58%
排除样本：31|6000	剩余：2626, 1938, 1405
增添样本：1951		细则：0, 722, 1229	正确率估算：82.93%
类型1 正确率： 100.00% -> 1  100.00%, 2    0.00%, 3    0.00%
类型2 正确率：  30.00% -> 1   31.79%, 2   30.37%, 3   37.84%
类型3 正确率：  33.00% -> 1    0.00%, 2   67.00%, 3   33.00%

被排除样本 正确率：48.39%
类型1 没有样本或未被分类。
类型2 正确率：  48.00% -> 1   16.13%, 2   48.39%, 3   35.48%
类型3 没有样本或未被分类。


轮次:··1/·20 || c_Loss:0.602 || e_Loss:-1.055 || Aad_Loss:-25.353 || 耗时：34.71s
轮次:··2/·20 || c_Loss:0.431 || e_Loss:-1.089 || Aad_Loss:-26.557 || 耗时：13.22s
轮次:··3/·20 || c_Loss:0.370 || e_Loss:-0.876 || Aad_Loss:-29.931 || 耗时：13.21s
轮次:··4/·20 || c_Loss:0.342 || e_Loss:-0.933 || Aad_Loss:-30.864 || 耗时：13.14s
轮次:··5/·20 || c_Loss:0.347 || e_Loss:-1.732 || Aad_Loss:-28.835 || 耗时：13.21s
任务: (B2)N15_M07_F10→(B3)N15_M07_F04; mix批次:····0; 批次:··470/·1880;  总正确率: 54.97%
类型1 正确率： 100.00% -> 1  100.00%, 2    0.00%, 3    0.00%
类型2 正确率：  32.00% -> 1   34.00%, 2   31.90%, 3   34.10%
类型3 正确率：  33.00% -> 1    0.00%, 2   67.00%, 3   33.00%


样本变换：reverse
样本变换：mask
样本变换：shift
样本变换：none
未过滤	未用伪标签：54.97% -> 使用伪标签：55.17%
已过滤	未用伪标签：54.97% -> 使用伪标签：55.17%
排除样本：2680|6000	剩余：1990, 1330
增添样本：2077		细则：0, 724, 1353	正确率估算：99.76%
类型1 正确率： 100.00% -> 1  100.00%, 2    0.00%, 3    0.00%
类型2 正确率：  32.00% -> 1   34.00%, 2   32.50%, 3   33.50%
类型3 正确率：  33.00% -> 1    0.00%, 2   67.00%, 3   33.00%

被排除样本 正确率：nan%


轮次:··6/·20 || c_Loss:0.355 || e_Loss:-1.061 || Aad_Loss:-30.393 || 耗时：34.57s
轮次:··7/·20 || c_Loss:0.359 || e_Loss:-0.962 || Aad_Loss:-31.190 || 耗时：13.09s
轮次:··8/·20 || c_Loss:0.367 || e_Loss:-0.967 || Aad_Loss:-30.658 || 耗时：13.11s
轮次:··9/·20 || c_Loss:0.376 || e_Loss:-1.055 || Aad_Loss:-30.506 || 耗时：13.12s
轮次:·10/·20 || c_Loss:0.360 || e_Loss:-0.975 || Aad_Loss:-30.840 || 耗时：13.08s
任务: (B2)N15_M07_F10→(B3)N15_M07_F04; mix批次:····0; 批次:··940/·1880;  总正确率: 54.98%
类型1 正确率： 100.00% -> 1  100.00%, 2    0.00%, 3    0.00%
类型2 正确率：  32.00% -> 1   34.00%, 2   31.95%, 3   34.05%
类型3 正确率：  33.00% -> 1    0.00%, 2   67.00%, 3   33.00%


样本变换：reverse
样本变换：mask
样本变换：shift
样本变换：none
未过滤	未用伪标签：54.98% -> 使用伪标签：55.10%
已过滤	未用伪标签：55.01% -> 使用伪标签：55.13%
排除样本：3|6000	剩余：2680, 1986, 1331
增添样本：2080		细则：0, 728, 1352	正确率估算：99.85%
类型1 正确率： 100.00% -> 1  100.00%, 2    0.00%, 3    0.00%
类型2 正确率：  32.00% -> 1   34.05%, 2   32.35%, 3   33.60%
类型3 正确率：  33.00% -> 1    0.00%, 2   67.00%, 3   33.00%

被排除样本 正确率：0.00%
类型1 正确率：   0.00% -> 1    0.00%, 2  100.00%
类型2 没有样本或未被分类。


轮次:·11/·20 || c_Loss:0.357 || e_Loss:-0.989 || Aad_Loss:-30.932 || 耗时：34.42s
轮次:·12/·20 || c_Loss:0.358 || e_Loss:-1.261 || Aad_Loss:-30.646 || 耗时：13.10s
轮次:·13/·20 || c_Loss:0.358 || e_Loss:-0.967 || Aad_Loss:-31.337 || 耗时：13.12s
轮次:·14/·20 || c_Loss:0.361 || e_Loss:-1.052 || Aad_Loss:-30.551 || 耗时：13.13s
轮次:·15/·20 || c_Loss:0.348 || e_Loss:-1.023 || Aad_Loss:-30.969 || 耗时：13.16s
任务: (B2)N15_M07_F10→(B3)N15_M07_F04; mix批次:····0; 批次:·1410/·1880;  总正确率: 55.17%
类型1 正确率： 100.00% -> 1  100.00%, 2    0.00%, 3    0.00%
类型2 正确率：  32.00% -> 1   34.00%, 2   32.50%, 3   33.50%
类型3 正确率：  33.00% -> 1    0.00%, 2   67.00%, 3   33.00%


样本变换：reverse
样本变换：mask
样本变换：shift
样本变换：none
未过滤	未用伪标签：55.17% -> 使用伪标签：55.20%
已过滤	未用伪标签：55.19% -> 使用伪标签：55.22%
排除样本：2|6000	剩余：2680, 1994, 1324
增添样本：2077		细则：0, 720, 1357	正确率估算：99.85%
类型1 正确率： 100.00% -> 1  100.00%, 2    0.00%, 3    0.00%
类型2 正确率：  33.00% -> 1   34.03%, 2   32.68%, 3   33.28%
类型3 正确率：  33.00% -> 1    0.00%, 2   67.05%, 3   32.95%

被排除样本 正确率：0.00%
类型1 正确率：   0.00% -> 1    0.00%, 2  100.00%
类型2 没有样本或未被分类。


轮次:·16/·20 || c_Loss:0.355 || e_Loss:-0.988 || Aad_Loss:-31.019 || 耗时：34.60s
轮次:·17/·20 || c_Loss:0.356 || e_Loss:-0.972 || Aad_Loss:-31.608 || 耗时：13.12s
轮次:·18/·20 || c_Loss:0.361 || e_Loss:-0.971 || Aad_Loss:-30.820 || 耗时：13.11s
轮次:·19/·20 || c_Loss:0.355 || e_Loss:-0.961 || Aad_Loss:-31.732 || 耗时：13.22s
轮次:·20/·20 || c_Loss:0.353 || e_Loss:-1.023 || Aad_Loss:-30.973 || 耗时：13.12s
任务: (B2)N15_M07_F10→(B3)N15_M07_F04; mix批次:····0; 批次:·1880/·1880;  总正确率: 55.22%
类型1 正确率： 100.00% -> 1  100.00%, 2    0.00%, 3    0.00%
类型2 正确率：  33.00% -> 1   34.00%, 2   32.65%, 3   33.35%
类型3 正确率：  33.00% -> 1    0.00%, 2   67.00%, 3   33.00%


测试集任务: (B2)N15_M07_F10→(B3)N15_M07_F04; 总正确率 = 55.22%
类型1 正确率： 100.00% -> 1  100.00%, 2    0.00%, 3    0.00%
类型2 正确率：  33.00% -> 1   34.00%, 2   32.65%, 3   33.35%
类型3 正确率：  33.00% -> 1    0.00%, 2   67.00%, 3   33.00%


