读取源域路径：/kaggle/working/m2rep/reps1/weight_PU_M1_final_checkpoint_FBtoA_gatepcv_s1/NEW_PU/Source-源域/log&pt/(B3)N15_M07_F04
excel输出位置：/kaggle/working/m2rep/reps1/weight_PU_M1_final_checkpoint_FBtoA_gatepcv_s1/NEW_PU/Target-目标域
特征图片输出位置：/kaggle/working/m2rep/reps1/weight_PU_M1_final_checkpoint_FBtoA_gatepcv_s1/NEW_PU/Picture-特征图/2026年09月15日19时04分/(B3)N15_M07_F04
现在选取:(B3)N15_M07_F04 进行训练的源模型
现在进行：(B3)N15_M07_F04→(B2)N15_M07_F10 的迁移任务
log&pt输出位置：/kaggle/working/m2rep/reps1/weight_PU_M1_final_checkpoint_FBtoA_gatepcv_s1/NEW_PU/Target-目标域/log&pt/(B3)N15_M07_F04→(B2)N15_M07_F10
任务: (B3)N15_M07_F04→(B2)N15_M07_F10; 批次:····0/·1880;  总正确率: 55.42%
类型1 正确率： 100.00% -> 1   99.95%, 2    0.00%, 3    0.05%
类型2 正确率：  33.00% -> 1    8.65%, 2   33.30%, 3   58.05%
类型3 正确率：  33.00% -> 1    0.00%, 2   67.00%, 3   33.00%


样本变换：reverse
样本变换：mask
样本变换：shift
样本变换：none
未过滤	未用伪标签：55.42% -> 使用伪标签：55.33%
已过滤	未用伪标签：55.88% -> 使用伪标签：55.85%
排除样本：55|6000	剩余：2213, 2000, 1732
增添样本：2035		细则：0, 1553, 482	正确率估算：100.00%
类型1 正确率： 100.00% -> 1  100.00%, 2    0.00%, 3    0.00%
类型2 正确率：  34.00% -> 1   10.95%, 2   33.93%, 3   55.12%
类型3 正确率：  33.00% -> 1    0.00%, 2   67.00%, 3   33.00%

被排除样本 正确率：5.45%
类型1 没有样本或未被分类。
类型2 正确率：   5.00% -> 1   10.91%, 2    5.45%, 3   83.64%
类型3 没有样本或未被分类。


轮次:··1/·20 || c_Loss:0.643 || e_Loss:-1.377 || Aad_Loss:-19.160 || 耗时：34.27s
轮次:··2/·20 || c_Loss:0.446 || e_Loss:-1.687 || Aad_Loss:-21.986 || 耗时：13.25s
轮次:··3/·20 || c_Loss:0.392 || e_Loss:-1.716 || Aad_Loss:-24.161 || 耗时：13.24s
轮次:··4/·20 || c_Loss:0.384 || e_Loss:-1.776 || Aad_Loss:-22.198 || 耗时：13.21s
轮次:··5/·20 || c_Loss:0.371 || e_Loss:-1.794 || Aad_Loss:-25.296 || 耗时：13.20s
任务: (B3)N15_M07_F04→(B2)N15_M07_F10; mix批次:····0; 批次:··470/·1880;  总正确率: 64.13%
类型1 正确率： 100.00% -> 1  100.00%, 2    0.00%, 3    0.00%
类型2 正确率：  33.00% -> 1    1.75%, 2   33.00%, 3   65.25%
类型3 正确率：  59.00% -> 1    3.55%, 2   37.05%, 3   59.40%


样本变换：reverse
样本变换：mask
样本变换：shift
样本变换：none
未过滤	未用伪标签：64.13% -> 使用伪标签：55.47%
已过滤	未用伪标签：64.41% -> 使用伪标签：55.79%
排除样本：35|6000	剩余：2086, 1988, 1891
增添样本：1620		细则：0, 1425, 195	正确率估算：99.88%
类型1 正确率： 100.00% -> 1  100.00%, 2    0.00%, 3    0.00%
类型2 正确率：  34.00% -> 1    4.36%, 2   33.54%, 3   62.10%
类型3 正确率：  33.00% -> 1    0.00%, 2   66.55%, 3   33.45%

被排除样本 正确率：17.14%
类型1 正确率：   0.00% -> 1    0.00%, 2  100.00%
类型2 正确率： 100.00% -> 1    0.00%, 2  100.00%


轮次:··6/·20 || c_Loss:0.369 || e_Loss:-1.702 || Aad_Loss:-24.774 || 耗时：34.03s
轮次:··7/·20 || c_Loss:0.382 || e_Loss:-1.788 || Aad_Loss:-20.837 || 耗时：13.06s
轮次:··8/·20 || c_Loss:0.364 || e_Loss:-1.811 || Aad_Loss:-26.114 || 耗时：13.10s
轮次:··9/·20 || c_Loss:0.361 || e_Loss:-1.778 || Aad_Loss:-21.544 || 耗时：13.19s
轮次:·10/·20 || c_Loss:0.392 || e_Loss:-1.829 || Aad_Loss:-22.518 || 耗时：13.14s
任务: (B3)N15_M07_F04→(B2)N15_M07_F10; mix批次:····0; 批次:··940/·1880;  总正确率: 66.77%
类型1 正确率： 100.00% -> 1  100.00%, 2    0.00%, 3    0.00%
类型2 正确率：  33.00% -> 1    0.05%, 2   33.00%, 3   66.95%
类型3 正确率：  67.00% -> 1    6.90%, 2   25.80%, 3   67.30%


样本变换：reverse
样本变换：mask
样本变换：shift
样本变换：none
未过滤	未用伪标签：66.77% -> 使用伪标签：58.43%
已过滤	未用伪标签：66.51% -> 使用伪标签：59.08%
排除样本：66|6000	剩余：2008, 1752, 2174
增添样本：1680		细则：166, 1514, 0	正确率估算：99.76%
类型1 正确率： 100.00% -> 1  100.00%, 2    0.00%, 3    0.00%
类型2 正确率：  33.00% -> 1    0.40%, 2   33.07%, 3   66.53%
类型3 正确率：  44.00% -> 1    0.00%, 2   56.35%, 3   43.65%

被排除样本 正确率：89.39%
类型1 没有样本或未被分类。
类型2 正确率：   0.00% -> 1    0.00%, 2    0.00%, 3  100.00%
类型3 正确率：  95.00% -> 1    4.84%, 2    0.00%, 3   95.16%


轮次:·11/·20 || c_Loss:0.355 || e_Loss:-1.850 || Aad_Loss:-25.427 || 耗时：34.19s
轮次:·12/·20 || c_Loss:0.333 || e_Loss:-1.762 || Aad_Loss:-26.852 || 耗时：13.24s
轮次:·13/·20 || c_Loss:0.325 || e_Loss:-1.755 || Aad_Loss:-25.196 || 耗时：13.26s
轮次:·14/·20 || c_Loss:0.358 || e_Loss:-1.496 || Aad_Loss:-29.452 || 耗时：13.17s
轮次:·15/·20 || c_Loss:0.360 || e_Loss:-1.757 || Aad_Loss:-27.777 || 耗时：13.22s
任务: (B3)N15_M07_F04→(B2)N15_M07_F10; mix批次:····0; 批次:·1410/·1880;  总正确率: 70.92%
类型1 正确率： 100.00% -> 1  100.00%, 2    0.00%, 3    0.00%
类型2 正确率：  33.00% -> 1    0.00%, 2   33.00%, 3   67.00%
类型3 正确率：  80.00% -> 1    0.50%, 2   19.75%, 3   79.75%


样本变换：reverse
样本变换：mask
样本变换：shift
样本变换：none
未过滤	未用伪标签：70.92% -> 使用伪标签：68.12%
已过滤	未用伪标签：70.68% -> 使用伪标签：68.96%
排除样本：73|6000	剩余：2003, 1160, 2764
增添样本：2865		细则：761, 2104, 0	正确率估算：99.86%
类型1 正确率： 100.00% -> 1  100.00%, 2    0.00%, 3    0.00%
类型2 正确率：  33.00% -> 1    0.15%, 2   33.00%, 3   66.85%
类型3 正确率：  74.00% -> 1    0.00%, 2   25.95%, 3   74.05%

被排除样本 正确率：90.41%
类型1 没有样本或未被分类。
类型2 没有样本或未被分类。
类型3 正确率：  90.00% -> 1    2.74%, 2    6.85%, 3   90.41%


轮次:·16/·20 || c_Loss:0.317 || e_Loss:-1.510 || Aad_Loss:-29.349 || 耗时：34.34s
轮次:·17/·20 || c_Loss:0.350 || e_Loss:-1.648 || Aad_Loss:-30.717 || 耗时：13.22s
轮次:·18/·20 || c_Loss:0.332 || e_Loss:-1.622 || Aad_Loss:-26.617 || 耗时：13.21s
轮次:·19/·20 || c_Loss:0.337 || e_Loss:-1.654 || Aad_Loss:-29.238 || 耗时：13.26s
轮次:·20/·20 || c_Loss:0.334 || e_Loss:-1.727 || Aad_Loss:-29.193 || 耗时：13.21s
任务: (B3)N15_M07_F04→(B2)N15_M07_F10; mix批次:····0; 批次:·1880/·1880;  总正确率: 74.77%
类型1 正确率： 100.00% -> 1  100.00%, 2    0.00%, 3    0.00%
类型2 正确率：  33.00% -> 1    0.00%, 2   33.10%, 3   66.90%
类型3 正确率：  91.00% -> 1    0.00%, 2    8.80%, 3   91.20%


测试集任务: (B3)N15_M07_F04→(B2)N15_M07_F10; 总正确率 = 74.77%
类型1 正确率： 100.00% -> 1  100.00%, 2    0.00%, 3    0.00%
类型2 正确率：  33.00% -> 1    0.00%, 2   33.10%, 3   66.90%
类型3 正确率：  91.00% -> 1    0.00%, 2    8.80%, 3   91.20%


