读取源域路径：/kaggle/working/m2rep/reps1/weight_PU_M1_final_checkpoint_FBtoA_gatepcv_s1/NEW_PU/Source-源域/log&pt/(B3)N15_M07_F04
excel输出位置：/kaggle/working/m2rep/reps1/weight_PU_M1_final_checkpoint_FBtoA_gatepcv_s1/NEW_PU/Target-目标域
特征图片输出位置：/kaggle/working/m2rep/reps1/weight_PU_M1_final_checkpoint_FBtoA_gatepcv_s1/NEW_PU/Picture-特征图/2026年09月15日18时58分/(B3)N15_M07_F04
现在选取:(B3)N15_M07_F04 进行训练的源模型
现在进行：(B3)N15_M07_F04→(B1)N15_M01_F10 的迁移任务
log&pt输出位置：/kaggle/working/m2rep/reps1/weight_PU_M1_final_checkpoint_FBtoA_gatepcv_s1/NEW_PU/Target-目标域/log&pt/(B3)N15_M07_F04→(B1)N15_M01_F10
任务: (B3)N15_M07_F04→(B1)N15_M01_F10; 批次:····0/·1880;  总正确率: 55.17%
类型1 正确率： 100.00% -> 1   99.50%, 2    0.00%, 3    0.50%
类型2 正确率：  33.00% -> 1    6.85%, 2   33.00%, 3   60.15%
类型3 正确率：  33.00% -> 1    0.00%, 2   67.00%, 3   33.00%


样本变换：reverse
样本变换：mask
样本变换：shift
样本变换：none
未过滤	未用伪标签：55.17% -> 使用伪标签：55.22%
已过滤	未用伪标签：55.63% -> 使用伪标签：55.73%
排除样本：55|6000	剩余：2174, 1996, 1775
增添样本：1853		细则：0, 1485, 368	正确率估算：100.00%
类型1 正确率： 100.00% -> 1  100.00%, 2    0.00%, 3    0.00%
类型2 正确率：  34.00% -> 1    9.09%, 2   33.68%, 3   57.24%
类型3 正确率：  33.00% -> 1    0.00%, 2   67.00%, 3   33.00%

被排除样本 正确率：5.45%
类型1 正确率：   0.00% -> 1    0.00%, 2    0.00%, 3  100.00%
类型2 正确率：   6.00% -> 1   11.54%, 2    5.77%, 3   82.69%
类型3 没有样本或未被分类。


轮次:··1/·20 || c_Loss:0.615 || e_Loss:-1.441 || Aad_Loss:-18.442 || 耗时：34.14s
轮次:··2/·20 || c_Loss:0.385 || e_Loss:-1.620 || Aad_Loss:-21.949 || 耗时：13.29s
轮次:··3/·20 || c_Loss:0.363 || e_Loss:-1.828 || Aad_Loss:-21.601 || 耗时：13.18s
轮次:··4/·20 || c_Loss:0.415 || e_Loss:-1.668 || Aad_Loss:-19.825 || 耗时：13.16s
轮次:··5/·20 || c_Loss:0.415 || e_Loss:-1.617 || Aad_Loss:-23.894 || 耗时：13.12s
任务: (B3)N15_M07_F04→(B1)N15_M01_F10; mix批次:····0; 批次:··470/·1880;  总正确率: 64.03%
类型1 正确率： 100.00% -> 1  100.00%, 2    0.00%, 3    0.00%
类型2 正确率：  33.00% -> 1    0.75%, 2   32.80%, 3   66.45%
类型3 正确率：  59.00% -> 1    9.80%, 2   30.90%, 3   59.30%


样本变换：reverse
样本变换：mask
样本变换：shift
样本变换：none
未过滤	未用伪标签：64.03% -> 使用伪标签：55.63%
已过滤	未用伪标签：64.14% -> 使用伪标签：55.94%
排除样本：33|6000	剩余：2045, 1967, 1955
增添样本：1409		细则：0, 1352, 57	正确率估算：99.30%
类型1 正确率： 100.00% -> 1  100.00%, 2    0.00%, 3    0.00%
类型2 正确率：  33.00% -> 1    2.27%, 2   33.30%, 3   64.43%
类型3 正确率：  34.00% -> 1    0.00%, 2   65.84%, 3   34.16%

被排除样本 正确率：45.45%
类型1 正确率：   0.00% -> 1    0.00%, 2  100.00%
类型2 正确率： 100.00% -> 1    0.00%, 2  100.00%


轮次:··6/·20 || c_Loss:0.394 || e_Loss:-1.787 || Aad_Loss:-22.515 || 耗时：33.75s
轮次:··7/·20 || c_Loss:0.352 || e_Loss:-1.743 || Aad_Loss:-21.377 || 耗时：13.08s
轮次:··8/·20 || c_Loss:0.368 || e_Loss:-1.889 || Aad_Loss:-26.552 || 耗时：13.08s
轮次:··9/·20 || c_Loss:0.391 || e_Loss:-1.597 || Aad_Loss:-21.087 || 耗时：13.10s
轮次:·10/·20 || c_Loss:0.380 || e_Loss:-1.754 || Aad_Loss:-22.493 || 耗时：13.10s
任务: (B3)N15_M07_F04→(B1)N15_M01_F10; mix批次:····0; 批次:··940/·1880;  总正确率: 64.30%
类型1 正确率： 100.00% -> 1  100.00%, 2    0.00%, 3    0.00%
类型2 正确率：  33.00% -> 1    0.00%, 2   32.90%, 3   67.10%
类型3 正确率：  60.00% -> 1    7.25%, 2   32.75%, 3   60.00%


样本变换：reverse
样本变换：mask
样本变换：shift
样本变换：none
未过滤	未用伪标签：64.30% -> 使用伪标签：57.88%
已过滤	未用伪标签：64.07% -> 使用伪标签：58.34%
排除样本：47|6000	剩余：2001, 1801, 2151
增添样本：1674		细则：183, 1491, 0	正确率估算：99.76%
类型1 正确率： 100.00% -> 1  100.00%, 2    0.00%, 3    0.00%
类型2 正确率：  33.00% -> 1    0.05%, 2   33.02%, 3   66.93%
类型3 正确率：  42.00% -> 1    0.00%, 2   58.39%, 3   41.61%

被排除样本 正确率：93.62%
类型1 没有样本或未被分类。
类型2 正确率：   0.00% -> 1    0.00%, 2    0.00%, 3  100.00%
类型3 正确率：  96.00% -> 1    4.35%, 2    0.00%, 3   95.65%


轮次:·11/·20 || c_Loss:0.333 || e_Loss:-1.639 || Aad_Loss:-26.507 || 耗时：33.92s
轮次:·12/·20 || c_Loss:0.334 || e_Loss:-1.704 || Aad_Loss:-28.372 || 耗时：13.20s
轮次:·13/·20 || c_Loss:0.323 || e_Loss:-1.720 || Aad_Loss:-27.112 || 耗时：13.22s
轮次:·14/·20 || c_Loss:0.334 || e_Loss:-1.723 || Aad_Loss:-27.563 || 耗时：13.20s
轮次:·15/·20 || c_Loss:0.339 || e_Loss:-1.746 || Aad_Loss:-27.346 || 耗时：13.25s
任务: (B3)N15_M07_F04→(B1)N15_M01_F10; mix批次:····0; 批次:·1410/·1880;  总正确率: 68.55%
类型1 正确率： 100.00% -> 1   99.95%, 2    0.00%, 3    0.05%
类型2 正确率：  33.00% -> 1    0.00%, 2   32.90%, 3   67.10%
类型3 正确率：  73.00% -> 1    0.85%, 2   26.35%, 3   72.80%


样本变换：reverse
样本变换：mask
样本变换：shift
样本变换：none
未过滤	未用伪标签：68.55% -> 使用伪标签：65.33%
已过滤	未用伪标签：68.15% -> 使用伪标签：66.26%
排除样本：84|6000	剩余：2000, 1313, 2603
增添样本：2579		细则：635, 1944, 0	正确率估算：100.00%
类型1 正确率： 100.00% -> 1  100.00%, 2    0.00%, 3    0.00%
类型2 正确率：  33.00% -> 1    0.00%, 2   32.92%, 3   67.08%
类型3 正确率：  66.00% -> 1    0.00%, 2   34.17%, 3   65.83%

被排除样本 正确率：96.43%
类型1 没有样本或未被分类。
类型2 正确率： 100.00% -> 1    0.00%, 2  100.00%, 3    0.00%
类型3 正确率：  96.00% -> 1    2.41%, 2    1.20%, 3   96.39%


轮次:·16/·20 || c_Loss:0.400 || e_Loss:-1.609 || Aad_Loss:-22.975 || 耗时：34.31s
轮次:·17/·20 || c_Loss:0.332 || e_Loss:-1.659 || Aad_Loss:-31.341 || 耗时：13.26s
轮次:·18/·20 || c_Loss:0.322 || e_Loss:-1.658 || Aad_Loss:-30.381 || 耗时：13.29s
轮次:·19/·20 || c_Loss:0.395 || e_Loss:-1.306 || Aad_Loss:-30.833 || 耗时：13.29s
轮次:·20/·20 || c_Loss:0.331 || e_Loss:-1.596 || Aad_Loss:-30.255 || 耗时：13.22s
任务: (B3)N15_M07_F04→(B1)N15_M01_F10; mix批次:····0; 批次:·1880/·1880;  总正确率: 72.82%
类型1 正确率： 100.00% -> 1   99.95%, 2    0.00%, 3    0.05%
类型2 正确率：  33.00% -> 1    0.00%, 2   32.95%, 3   67.05%
类型3 正确率：  86.00% -> 1    0.00%, 2   14.45%, 3   85.55%


测试集任务: (B3)N15_M07_F04→(B1)N15_M01_F10; 总正确率 = 72.82%
类型1 正确率： 100.00% -> 1   99.95%, 2    0.00%, 3    0.05%
类型2 正确率：  33.00% -> 1    0.00%, 2   32.95%, 3   67.05%
类型3 正确率：  86.00% -> 1    0.00%, 2   14.45%, 3   85.55%


