读取源域路径：/kaggle/working/m2rep/reps1/weight_PU_M1_final_checkpoint_FBtoA_gatepcv_s1/NEW_PU/Source-源域/log&pt/(B1)N15_M01_F10
excel输出位置：/kaggle/working/m2rep/reps1/weight_PU_M1_final_checkpoint_FBtoA_gatepcv_s1/NEW_PU/Target-目标域
特征图片输出位置：/kaggle/working/m2rep/reps1/weight_PU_M1_final_checkpoint_FBtoA_gatepcv_s1/NEW_PU/Picture-特征图/2026年09月15日18时34分/(B1)N15_M01_F10
现在选取:(B1)N15_M01_F10 进行训练的源模型
现在进行：(B1)N15_M01_F10→(B2)N15_M07_F10 的迁移任务
log&pt输出位置：/kaggle/working/m2rep/reps1/weight_PU_M1_final_checkpoint_FBtoA_gatepcv_s1/NEW_PU/Target-目标域/log&pt/(B1)N15_M01_F10→(B2)N15_M07_F10
任务: (B1)N15_M01_F10→(B2)N15_M07_F10; 批次:····0/·1880;  总正确率: 55.62%
类型1 正确率： 100.00% -> 1   99.95%, 2    0.00%, 3    0.05%
类型2 正确率：  34.00% -> 1   14.00%, 2   33.90%, 3   52.10%
类型3 正确率：  33.00% -> 1    0.00%, 2   67.00%, 3   33.00%


样本变换：reverse
样本变换：mask
样本变换：shift
样本变换：none
未过滤	未用伪标签：55.62% -> 使用伪标签：55.33%
已过滤	未用伪标签：56.12% -> 使用伪标签：55.84%
排除样本：54|6000	剩余：2353, 2000, 1593
增添样本：2454		细则：0, 1693, 761	正确率估算：99.30%
类型1 正确率： 100.00% -> 1  100.00%, 2    0.00%, 3    0.00%
类型2 正确率：  34.00% -> 1   18.14%, 2   33.92%, 3   47.94%
类型3 正确率：  33.00% -> 1    0.00%, 2   67.00%, 3   33.00%

被排除样本 正确率：0.00%
类型1 没有样本或未被分类。
类型2 正确率：   0.00% -> 1   11.11%, 2    0.00%, 3   88.89%
类型3 没有样本或未被分类。


轮次:··1/·20 || c_Loss:0.532 || e_Loss:-1.496 || Aad_Loss:-22.322 || 耗时：35.22s
轮次:··2/·20 || c_Loss:0.418 || e_Loss:-1.607 || Aad_Loss:-20.470 || 耗时：13.39s
轮次:··3/·20 || c_Loss:0.407 || e_Loss:-1.739 || Aad_Loss:-20.375 || 耗时：13.30s
轮次:··4/·20 || c_Loss:0.392 || e_Loss:-1.724 || Aad_Loss:-20.897 || 耗时：13.05s
轮次:··5/·20 || c_Loss:0.414 || e_Loss:-1.755 || Aad_Loss:-20.527 || 耗时：12.97s
任务: (B1)N15_M01_F10→(B2)N15_M07_F10; mix批次:····0; 批次:··470/·1880;  总正确率: 61.93%
类型1 正确率： 100.00% -> 1  100.00%, 2    0.00%, 3    0.00%
类型2 正确率：  33.00% -> 1   10.80%, 2   32.95%, 3   56.25%
类型3 正确率：  53.00% -> 1    7.75%, 2   39.40%, 3   52.85%


样本变换：reverse
样本变换：mask
样本变换：shift
样本变换：none
未过滤	未用伪标签：61.93% -> 使用伪标签：55.43%
已过滤	未用伪标签：62.45% -> 使用伪标签：55.90%
排除样本：50|6000	剩余：2343, 1996, 1611
增添样本：2414		细则：0, 1682, 732	正确率估算：99.78%
类型1 正确率： 100.00% -> 1  100.00%, 2    0.00%, 3    0.00%
类型2 正确率：  34.00% -> 1   17.59%, 2   33.90%, 3   48.51%
类型3 正确率：  33.00% -> 1    0.00%, 2   66.75%, 3   33.25%

被排除样本 正确率：0.00%
类型1 正确率：   0.00% -> 1    0.00%, 2  100.00%
类型2 没有样本或未被分类。


轮次:··6/·20 || c_Loss:0.397 || e_Loss:-1.748 || Aad_Loss:-20.870 || 耗时：34.23s
轮次:··7/·20 || c_Loss:0.386 || e_Loss:-1.811 || Aad_Loss:-21.481 || 耗时：13.28s
轮次:··8/·20 || c_Loss:0.412 || e_Loss:-1.656 || Aad_Loss:-20.574 || 耗时：13.27s
轮次:··9/·20 || c_Loss:0.399 || e_Loss:-1.742 || Aad_Loss:-19.427 || 耗时：13.27s
轮次:·10/·20 || c_Loss:0.373 || e_Loss:-1.806 || Aad_Loss:-24.399 || 耗时：13.24s
任务: (B1)N15_M01_F10→(B2)N15_M07_F10; mix批次:····0; 批次:··940/·1880;  总正确率: 64.10%
类型1 正确率： 100.00% -> 1  100.00%, 2    0.00%, 3    0.00%
类型2 正确率：  33.00% -> 1   14.65%, 2   32.95%, 3   52.40%
类型3 正确率：  59.00% -> 1   10.80%, 2   29.85%, 3   59.35%


样本变换：reverse
样本变换：mask
样本变换：shift
样本变换：none
未过滤	未用伪标签：64.10% -> 使用伪标签：56.20%
已过滤	未用伪标签：64.26% -> 使用伪标签：56.69%
排除样本：52|6000	剩余：2407, 1926, 1615
增添样本：2538		细则：0, 1746, 792	正确率估算：99.86%
类型1 正确率： 100.00% -> 1  100.00%, 2    0.00%, 3    0.00%
类型2 正确率：  34.00% -> 1   20.64%, 2   33.52%, 3   45.84%
类型3 正确率：  36.00% -> 1    0.00%, 2   64.02%, 3   35.98%

被排除样本 正确率：46.15%
类型1 正确率：   0.00% -> 1    0.00%, 2  100.00%
类型2 正确率： 100.00% -> 1    0.00%, 2  100.00%


轮次:·11/·20 || c_Loss:0.377 || e_Loss:-1.754 || Aad_Loss:-22.725 || 耗时：34.33s
轮次:·12/·20 || c_Loss:0.383 || e_Loss:-1.728 || Aad_Loss:-25.522 || 耗时：13.23s
轮次:·13/·20 || c_Loss:0.408 || e_Loss:-1.624 || Aad_Loss:-25.664 || 耗时：13.25s
轮次:·14/·20 || c_Loss:0.376 || e_Loss:-1.837 || Aad_Loss:-23.292 || 耗时：13.25s
轮次:·15/·20 || c_Loss:0.375 || e_Loss:-1.683 || Aad_Loss:-26.401 || 耗时：13.27s
任务: (B1)N15_M01_F10→(B2)N15_M07_F10; mix批次:····0; 批次:·1410/·1880;  总正确率: 65.75%
类型1 正确率： 100.00% -> 1  100.00%, 2    0.00%, 3    0.00%
类型2 正确率：  33.00% -> 1   20.65%, 2   33.00%, 3   46.35%
类型3 正确率：  64.00% -> 1    4.15%, 2   31.60%, 3   64.25%


样本变换：reverse
样本变换：mask
样本变换：shift
样本变换：none
未过滤	未用伪标签：65.75% -> 使用伪标签：59.62%
已过滤	未用伪标签：65.87% -> 使用伪标签：60.62%
排除样本：99|6000	剩余：2526, 1685, 1690
增添样本：2701		细则：0, 1865, 836	正确率估算：99.73%
类型1 正确率： 100.00% -> 1  100.00%, 2    0.00%, 3    0.00%
类型2 正确率：  34.00% -> 1   26.82%, 2   33.71%, 3   39.47%
类型3 正确率：  47.00% -> 1    0.00%, 2   52.78%, 3   47.22%

被排除样本 正确率：58.59%
类型1 没有样本或未被分类。
类型2 正确率：   0.00% -> 1    0.00%, 2    0.00%, 3  100.00%
类型3 正确率：  97.00% -> 1    3.33%, 2    0.00%, 3   96.67%


轮次:·16/·20 || c_Loss:0.368 || e_Loss:-1.800 || Aad_Loss:-28.196 || 耗时：34.43s
轮次:·17/·20 || c_Loss:0.345 || e_Loss:-1.814 || Aad_Loss:-21.888 || 耗时：13.19s
轮次:·18/·20 || c_Loss:0.354 || e_Loss:-1.771 || Aad_Loss:-26.496 || 耗时：13.15s
轮次:·19/·20 || c_Loss:0.341 || e_Loss:-1.712 || Aad_Loss:-29.224 || 耗时：13.06s
轮次:·20/·20 || c_Loss:0.350 || e_Loss:-1.789 || Aad_Loss:-25.666 || 耗时：13.23s
任务: (B1)N15_M01_F10→(B2)N15_M07_F10; mix批次:····0; 批次:·1880/·1880;  总正确率: 72.80%
类型1 正确率： 100.00% -> 1  100.00%, 2    0.00%, 3    0.00%
类型2 正确率：  33.00% -> 1   30.45%, 2   32.95%, 3   36.60%
类型3 正确率：  85.00% -> 1    0.20%, 2   14.35%, 3   85.45%


测试集任务: (B1)N15_M01_F10→(B2)N15_M07_F10; 总正确率 = 72.80%
类型1 正确率： 100.00% -> 1  100.00%, 2    0.00%, 3    0.00%
类型2 正确率：  33.00% -> 1   30.45%, 2   32.95%, 3   36.60%
类型3 正确率：  85.00% -> 1    0.20%, 2   14.35%, 3   85.45%


