读取源域路径：/kaggle/working/m2rep/reps1/weight_PU_M1_final_checkpoint_FBtoA_gatepcv_s1/NEW_PU/Source-源域/log&pt/(B2)N15_M07_F10
excel输出位置：/kaggle/working/m2rep/reps1/weight_PU_M1_final_checkpoint_FBtoA_gatepcv_s1/NEW_PU/Target-目标域
特征图片输出位置：/kaggle/working/m2rep/reps1/weight_PU_M1_final_checkpoint_FBtoA_gatepcv_s1/NEW_PU/Picture-特征图/2026年09月15日18时46分/(B2)N15_M07_F10
现在选取:(B2)N15_M07_F10 进行训练的源模型
现在进行：(B2)N15_M07_F10→(B1)N15_M01_F10 的迁移任务
log&pt输出位置：/kaggle/working/m2rep/reps1/weight_PU_M1_final_checkpoint_FBtoA_gatepcv_s1/NEW_PU/Target-目标域/log&pt/(B2)N15_M07_F10→(B1)N15_M01_F10
任务: (B2)N15_M07_F10→(B1)N15_M01_F10; 批次:····0/·1880;  总正确率: 55.52%
类型1 正确率： 100.00% -> 1  100.00%, 2    0.00%, 3    0.00%
类型2 正确率：  34.00% -> 1   28.60%, 2   33.55%, 3   37.85%
类型3 正确率：  33.00% -> 1    0.00%, 2   67.00%, 3   33.00%


样本变换：reverse
样本变换：mask
样本变换：shift
样本变换：none
未过滤	未用伪标签：55.52% -> 使用伪标签：55.25%
已过滤	未用伪标签：55.74% -> 使用伪标签：55.47%
排除样本：24|6000	剩余：2585, 1995, 1396
增添样本：3056		细则：0, 1897, 1159	正确率估算：97.68%
类型1 正确率： 100.00% -> 1  100.00%, 2    0.00%, 3    0.00%
类型2 正确率：  33.00% -> 1   29.61%, 2   33.15%, 3   37.25%
类型3 正确率：  33.00% -> 1    0.00%, 2   67.00%, 3   33.00%

被排除样本 正确率：0.00%
类型1 没有样本或未被分类。
类型2 正确率：   0.00% -> 1   12.50%, 2    0.00%, 3   87.50%
类型3 没有样本或未被分类。


轮次:··1/·20 || c_Loss:0.584 || e_Loss:-1.016 || Aad_Loss:-24.148 || 耗时：34.50s
轮次:··2/·20 || c_Loss:0.357 || e_Loss:-1.784 || Aad_Loss:-25.609 || 耗时：13.24s
轮次:··3/·20 || c_Loss:0.426 || e_Loss:-1.768 || Aad_Loss:-24.608 || 耗时：13.20s
轮次:··4/·20 || c_Loss:0.405 || e_Loss:-1.727 || Aad_Loss:-24.466 || 耗时：13.09s
轮次:··5/·20 || c_Loss:0.436 || e_Loss:-1.726 || Aad_Loss:-23.564 || 耗时：13.17s
任务: (B2)N15_M07_F10→(B1)N15_M01_F10; mix批次:····0; 批次:··470/·1880;  总正确率: 60.45%
类型1 正确率： 100.00% -> 1  100.00%, 2    0.00%, 3    0.00%
类型2 正确率：  33.00% -> 1   34.00%, 2   33.00%, 3   33.00%
类型3 正确率：  48.00% -> 1   13.90%, 2   37.75%, 3   48.35%


样本变换：reverse
样本变换：mask
样本变换：shift
样本变换：none
未过滤	未用伪标签：60.45% -> 使用伪标签：55.33%
已过滤	未用伪标签：60.44% -> 使用伪标签：55.34%
排除样本：1|6000	剩余：2680, 1998, 1321
增添样本：3314		细则：0, 1988, 1326	正确率估算：100.00%
类型1 正确率： 100.00% -> 1  100.00%, 2    0.00%, 3    0.00%
类型2 正确率：  33.00% -> 1   34.02%, 2   32.97%, 3   33.02%
类型3 正确率：  33.00% -> 1    0.00%, 2   66.95%, 3   33.05%

被排除样本 正确率：100.00%
类型1 正确率： 100.00% -> 1  100.00%


轮次:··6/·20 || c_Loss:0.353 || e_Loss:-1.864 || Aad_Loss:-27.695 || 耗时：34.47s
轮次:··7/·20 || c_Loss:0.385 || e_Loss:-1.880 || Aad_Loss:-22.427 || 耗时：13.12s
轮次:··8/·20 || c_Loss:0.356 || e_Loss:-1.914 || Aad_Loss:-26.615 || 耗时：13.17s
轮次:··9/·20 || c_Loss:0.375 || e_Loss:-1.887 || Aad_Loss:-23.650 || 耗时：13.22s
轮次:·10/·20 || c_Loss:0.351 || e_Loss:-1.872 || Aad_Loss:-29.999 || 耗时：13.26s
任务: (B2)N15_M07_F10→(B1)N15_M01_F10; mix批次:····0; 批次:··940/·1880;  总正确率: 61.68%
类型1 正确率： 100.00% -> 1  100.00%, 2    0.00%, 3    0.00%
类型2 正确率：  33.00% -> 1   34.00%, 2   32.95%, 3   33.05%
类型3 正确率：  52.00% -> 1   13.95%, 2   33.95%, 3   52.10%


样本变换：reverse
样本变换：mask
样本变换：shift
样本变换：none
未过滤	未用伪标签：61.68% -> 使用伪标签：55.33%
已过滤	未用伪标签：61.67% -> 使用伪标签：55.35%
排除样本：2|6000	剩余：2680, 1996, 1322
增添样本：3314		细则：0, 1988, 1326	正确率估算：100.00%
类型1 正确率： 100.00% -> 1  100.00%, 2    0.00%, 3    0.00%
类型2 正确率：  33.00% -> 1   34.00%, 2   32.95%, 3   33.05%
类型3 正确率：  33.00% -> 1    0.00%, 2   66.92%, 3   33.08%

被排除样本 正确率：100.00%
类型1 正确率： 100.00% -> 1  100.00%


轮次:·11/·20 || c_Loss:0.352 || e_Loss:-1.888 || Aad_Loss:-28.153 || 耗时：34.65s
轮次:·12/·20 || c_Loss:0.382 || e_Loss:-1.895 || Aad_Loss:-22.661 || 耗时：13.16s
轮次:·13/·20 || c_Loss:0.354 || e_Loss:-1.928 || Aad_Loss:-26.887 || 耗时：13.13s
轮次:·14/·20 || c_Loss:0.373 || e_Loss:-1.899 || Aad_Loss:-23.826 || 耗时：13.12s
轮次:·15/·20 || c_Loss:0.349 || e_Loss:-1.882 || Aad_Loss:-30.240 || 耗时：13.15s
任务: (B2)N15_M07_F10→(B1)N15_M01_F10; mix批次:····0; 批次:·1410/·1880;  总正确率: 61.88%
类型1 正确率： 100.00% -> 1  100.00%, 2    0.00%, 3    0.00%
类型2 正确率：  33.00% -> 1   34.00%, 2   32.95%, 3   33.05%
类型3 正确率：  53.00% -> 1   13.55%, 2   33.75%, 3   52.70%


样本变换：reverse
样本变换：mask
样本变换：shift
样本变换：none
未过滤	未用伪标签：61.88% -> 使用伪标签：55.37%
已过滤	未用伪标签：61.88% -> 使用伪标签：55.38%
排除样本：1|6000	剩余：2680, 1995, 1324
增添样本：3312		细则：0, 1988, 1324	正确率估算：100.00%
类型1 正确率： 100.00% -> 1  100.00%, 2    0.00%, 3    0.00%
类型2 正确率：  33.00% -> 1   34.00%, 2   32.95%, 3   33.05%
类型3 正确率：  33.00% -> 1    0.00%, 2   66.83%, 3   33.17%

被排除样本 正确率：100.00%
类型1 正确率： 100.00% -> 1  100.00%


轮次:·16/·20 || c_Loss:0.349 || e_Loss:-1.791 || Aad_Loss:-29.168 || 耗时：34.64s
轮次:·17/·20 || c_Loss:0.355 || e_Loss:-1.928 || Aad_Loss:-25.350 || 耗时：13.09s
轮次:·18/·20 || c_Loss:0.343 || e_Loss:-1.780 || Aad_Loss:-30.941 || 耗时：13.14s
轮次:·19/·20 || c_Loss:0.350 || e_Loss:-1.732 || Aad_Loss:-28.318 || 耗时：13.14s
轮次:·20/·20 || c_Loss:0.356 || e_Loss:-1.905 || Aad_Loss:-27.775 || 耗时：13.23s
任务: (B2)N15_M07_F10→(B1)N15_M01_F10; mix批次:····0; 批次:·1880/·1880;  总正确率: 61.07%
类型1 正确率： 100.00% -> 1  100.00%, 2    0.00%, 3    0.00%
类型2 正确率：  33.00% -> 1   34.00%, 2   32.95%, 3   33.05%
类型3 正确率：  50.00% -> 1   16.90%, 2   32.85%, 3   50.25%


测试集任务: (B2)N15_M07_F10→(B1)N15_M01_F10; 总正确率 = 61.07%
类型1 正确率： 100.00% -> 1  100.00%, 2    0.00%, 3    0.00%
类型2 正确率：  33.00% -> 1   34.00%, 2   32.95%, 3   33.05%
类型3 正确率：  50.00% -> 1   16.90%, 2   32.85%, 3   50.25%


