读取源域路径：/kaggle/working/m2rep/reps1/weight_PU_M1_final_checkpoint_FBtoA_gatepcv_s1/NEW_PU/Source-源域/log&pt/(B1)N15_M01_F10
excel输出位置：/kaggle/working/m2rep/reps1/weight_PU_M1_final_checkpoint_FBtoA_gatepcv_s1/NEW_PU/Target-目标域
特征图片输出位置：/kaggle/working/m2rep/reps1/weight_PU_M1_final_checkpoint_FBtoA_gatepcv_s1/NEW_PU/Picture-特征图/2026年09月15日18时40分/(B1)N15_M01_F10
现在选取:(B1)N15_M01_F10 进行训练的源模型
现在进行：(B1)N15_M01_F10→(B3)N15_M07_F04 的迁移任务
log&pt输出位置：/kaggle/working/m2rep/reps1/weight_PU_M1_final_checkpoint_FBtoA_gatepcv_s1/NEW_PU/Target-目标域/log&pt/(B1)N15_M01_F10→(B3)N15_M07_F04
任务: (B1)N15_M01_F10→(B3)N15_M07_F04; 批次:····0/·1880;  总正确率: 51.20%
类型1 正确率： 100.00% -> 1   99.95%, 2    0.00%, 3    0.05%
类型2 正确率：  37.00% -> 1   14.10%, 2   37.40%, 3   48.50%
类型3 正确率：  16.00% -> 1    0.00%, 2   83.75%, 3   16.25%


样本变换：reverse
样本变换：mask
样本变换：shift
样本变换：none
未过滤	未用伪标签：51.20% -> 使用伪标签：54.90%
已过滤	未用伪标签：51.37% -> 使用伪标签：55.19%
排除样本：31|6000	剩余：2599, 2010, 1360
增添样本：1863		细则：0, 623, 1240	正确率估算：80.78%
类型1 正确率： 100.00% -> 1  100.00%, 2    0.00%, 3    0.00%
类型2 正确率：  33.00% -> 1   30.39%, 2   33.13%, 3   36.48%
类型3 正确率：  32.00% -> 1    0.00%, 2   67.92%, 3   32.08%

被排除样本 正确率：19.35%
类型1 正确率：  21.00% -> 1   20.69%, 2   79.31%
类型2 正确率：   0.00% -> 1  100.00%, 2    0.00%


轮次:··1/·20 || c_Loss:0.502 || e_Loss:-1.030 || Aad_Loss:-27.606 || 耗时：34.75s
轮次:··2/·20 || c_Loss:0.393 || e_Loss:-1.045 || Aad_Loss:-27.983 || 耗时：13.31s
轮次:··3/·20 || c_Loss:0.387 || e_Loss:-0.907 || Aad_Loss:-27.670 || 耗时：13.29s
轮次:··4/·20 || c_Loss:0.350 || e_Loss:-0.941 || Aad_Loss:-30.136 || 耗时：13.24s
轮次:··5/·20 || c_Loss:0.374 || e_Loss:-1.327 || Aad_Loss:-28.114 || 耗时：13.07s
任务: (B1)N15_M01_F10→(B3)N15_M07_F04; mix批次:····0; 批次:··470/·1880;  总正确率: 55.22%
类型1 正确率： 100.00% -> 1  100.00%, 2    0.00%, 3    0.00%
类型2 正确率：  33.00% -> 1   33.95%, 2   32.70%, 3   33.35%
类型3 正确率：  33.00% -> 1    0.00%, 2   67.05%, 3   32.95%


样本变换：reverse
样本变换：mask
样本变换：shift
样本变换：none
未过滤	未用伪标签：55.22% -> 使用伪标签：55.30%
已过滤	未用伪标签：55.23% -> 使用伪标签：55.31%
排除样本：1|6000	剩余：2680, 2000, 1319
增添样本：2076		细则：0, 714, 1362	正确率估算：99.90%
类型1 正确率： 100.00% -> 1  100.00%, 2    0.00%, 3    0.00%
类型2 正确率：  33.00% -> 1   34.02%, 2   32.97%, 3   33.02%
类型3 正确率：  33.00% -> 1    0.00%, 2   67.05%, 3   32.95%

被排除样本 正确率：0.00%
类型1 正确率：   0.00% -> 1    0.00%, 2  100.00%
类型2 没有样本或未被分类。


轮次:··6/·20 || c_Loss:0.359 || e_Loss:-1.136 || Aad_Loss:-29.977 || 耗时：34.80s
轮次:··7/·20 || c_Loss:0.359 || e_Loss:-0.979 || Aad_Loss:-31.067 || 耗时：13.20s
轮次:··8/·20 || c_Loss:0.440 || e_Loss:-0.874 || Aad_Loss:-31.911 || 耗时：13.19s
轮次:··9/·20 || c_Loss:0.359 || e_Loss:-0.945 || Aad_Loss:-31.794 || 耗时：13.34s
轮次:·10/·20 || c_Loss:0.357 || e_Loss:-0.987 || Aad_Loss:-30.963 || 耗时：13.27s
任务: (B1)N15_M01_F10→(B3)N15_M07_F04; mix批次:····0; 批次:··940/·1880;  总正确率: 55.23%
类型1 正确率： 100.00% -> 1  100.00%, 2    0.00%, 3    0.00%
类型2 正确率：  33.00% -> 1   34.00%, 2   32.70%, 3   33.30%
类型3 正确率：  33.00% -> 1    0.00%, 2   67.00%, 3   33.00%


样本变换：reverse
样本变换：mask
样本变换：shift
样本变换：none
未过滤	未用伪标签：55.23% -> 使用伪标签：55.27%
已过滤	未用伪标签：55.24% -> 使用伪标签：55.28%
排除样本：1|6000	剩余：2680, 1998, 1321
增添样本：2076		细则：0, 716, 1360	正确率估算：100.00%
类型1 正确率： 100.00% -> 1  100.00%, 2    0.00%, 3    0.00%
类型2 正确率：  33.00% -> 1   34.02%, 2   32.87%, 3   33.12%
类型3 正确率：  33.00% -> 1    0.00%, 2   67.05%, 3   32.95%

被排除样本 正确率：0.00%
类型1 正确率：   0.00% -> 1    0.00%, 2  100.00%
类型2 没有样本或未被分类。


轮次:·11/·20 || c_Loss:0.366 || e_Loss:-0.956 || Aad_Loss:-31.772 || 耗时：34.67s
轮次:·12/·20 || c_Loss:0.355 || e_Loss:-0.975 || Aad_Loss:-31.043 || 耗时：13.07s
轮次:·13/·20 || c_Loss:0.353 || e_Loss:-0.980 || Aad_Loss:-31.142 || 耗时：13.07s
轮次:·14/·20 || c_Loss:0.365 || e_Loss:-0.974 || Aad_Loss:-30.700 || 耗时：13.17s
轮次:·15/·20 || c_Loss:0.355 || e_Loss:-0.994 || Aad_Loss:-31.130 || 耗时：13.11s
任务: (B1)N15_M01_F10→(B3)N15_M07_F04; mix批次:····0; 批次:·1410/·1880;  总正确率: 55.27%
类型1 正确率： 100.00% -> 1  100.00%, 2    0.00%, 3    0.00%
类型2 正确率：  33.00% -> 1   34.00%, 2   32.80%, 3   33.20%
类型3 正确率：  33.00% -> 1    0.00%, 2   67.00%, 3   33.00%


样本变换：reverse
样本变换：mask
样本变换：shift
样本变换：none
未过滤	未用伪标签：55.27% -> 使用伪标签：55.27%
已过滤	未用伪标签：55.28% -> 使用伪标签：55.28%
排除样本：1|6000	剩余：2680, 1998, 1321
增添样本：2076		细则：0, 716, 1360	正确率估算：100.00%
类型1 正确率： 100.00% -> 1  100.00%, 2    0.00%, 3    0.00%
类型2 正确率：  33.00% -> 1   34.02%, 2   32.87%, 3   33.12%
类型3 正确率：  33.00% -> 1    0.00%, 2   67.05%, 3   32.95%

被排除样本 正确率：0.00%
类型1 正确率：   0.00% -> 1    0.00%, 2  100.00%
类型2 没有样本或未被分类。


轮次:·16/·20 || c_Loss:0.364 || e_Loss:-0.957 || Aad_Loss:-31.961 || 耗时：34.88s
轮次:·17/·20 || c_Loss:0.354 || e_Loss:-0.976 || Aad_Loss:-31.250 || 耗时：13.07s
轮次:·18/·20 || c_Loss:0.352 || e_Loss:-0.983 || Aad_Loss:-31.303 || 耗时：13.19s
轮次:·19/·20 || c_Loss:0.363 || e_Loss:-0.973 || Aad_Loss:-30.879 || 耗时：13.34s
轮次:·20/·20 || c_Loss:0.354 || e_Loss:-0.992 || Aad_Loss:-31.267 || 耗时：13.24s
任务: (B1)N15_M01_F10→(B3)N15_M07_F04; mix批次:····0; 批次:·1880/·1880;  总正确率: 55.27%
类型1 正确率： 100.00% -> 1  100.00%, 2    0.00%, 3    0.00%
类型2 正确率：  33.00% -> 1   34.00%, 2   32.80%, 3   33.20%
类型3 正确率：  33.00% -> 1    0.00%, 2   67.00%, 3   33.00%


测试集任务: (B1)N15_M01_F10→(B3)N15_M07_F04; 总正确率 = 55.27%
类型1 正确率： 100.00% -> 1  100.00%, 2    0.00%, 3    0.00%
类型2 正确率：  33.00% -> 1   34.00%, 2   32.80%, 3   33.20%
类型3 正确率：  33.00% -> 1    0.00%, 2   67.00%, 3   33.00%


