读取源域路径：/kaggle/working/m2rep/reps1/weight_PU_M1_final_checkpoint_FAtoB_s1/NEW_PU/Source-源域/log&pt/(B3)N15_M07_F04
excel输出位置：/kaggle/working/m2rep/reps1/weight_PU_M1_final_checkpoint_FAtoB_s1/NEW_PU/Target-目标域
特征图片输出位置：/kaggle/working/m2rep/reps1/weight_PU_M1_final_checkpoint_FAtoB_s1/NEW_PU/Picture-特征图/2026年09月15日15时45分/(B3)N15_M07_F04
现在选取:(B3)N15_M07_F04 进行训练的源模型
现在进行：(B3)N15_M07_F04→(B1)N15_M01_F10 的迁移任务
log&pt输出位置：/kaggle/working/m2rep/reps1/weight_PU_M1_final_checkpoint_FAtoB_s1/NEW_PU/Target-目标域/log&pt/(B3)N15_M07_F04→(B1)N15_M01_F10
任务: (B3)N15_M07_F04→(B1)N15_M01_F10; 批次:····0/·1880;  总正确率: 49.57%
类型1 正确率：  44.00% -> 1   44.25%, 2   55.25%, 3    0.50%
类型2 正确率：  57.00% -> 1    0.00%, 2   56.95%, 3   43.05%
类型3 正确率：  48.00% -> 1    0.00%, 2   52.50%, 3   47.50%


样本变换：reverse
样本变换：mask
样本变换：shift
样本变换：none
未过滤	未用伪标签：49.57% -> 使用伪标签：42.32%
已过滤	未用伪标签：48.44% -> 使用伪标签：43.74%
排除样本：195|6000	剩余：775, 3000, 2030
增添样本：3195		细则：2225, 0, 970	正确率估算：92.49%
类型1 正确率：  39.00% -> 1   39.15%, 2   60.85%, 3    0.00%
类型2 正确率：  43.00% -> 1    0.32%, 2   42.81%, 3   56.86%
类型3 正确率：  49.00% -> 1    0.00%, 2   50.88%, 3   49.12%

被排除样本 正确率：83.08%
类型1 正确率：  89.00% -> 1   88.89%, 2   11.11%, 3    0.00%
类型2 正确率：  87.00% -> 1    0.00%, 2   86.67%, 3   13.33%
类型3 正确率：   0.00% -> 1    0.00%, 2  100.00%, 3    0.00%


轮次:··1/·20 || c_Loss:0.636 || e_Loss:-1.542 || Aad_Loss:-18.830 || 耗时：34.69s
轮次:··2/·20 || c_Loss:0.553 || e_Loss:-1.419 || Aad_Loss:-22.834 || 耗时：13.03s
轮次:··3/·20 || c_Loss:0.409 || e_Loss:-0.734 || Aad_Loss:-25.652 || 耗时：12.92s
轮次:··4/·20 || c_Loss:0.402 || e_Loss:-1.481 || Aad_Loss:-24.993 || 耗时：12.88s
轮次:··5/·20 || c_Loss:0.422 || e_Loss:-1.610 || Aad_Loss:-25.606 || 耗时：12.87s
任务: (B3)N15_M07_F04→(B1)N15_M01_F10; mix批次:····0; 批次:··470/·1880;  总正确率: 44.92%
类型1 正确率：  36.00% -> 1   36.25%, 2   63.75%, 3    0.00%
类型2 正确率：  49.00% -> 1    0.00%, 2   48.65%, 3   51.35%
类型3 正确率：  50.00% -> 1    0.00%, 2   50.15%, 3   49.85%


样本变换：reverse
样本变换：mask
样本变换：shift
样本变换：none
未过滤	未用伪标签：44.92% -> 使用伪标签：37.90%
已过滤	未用伪标签：44.22% -> 使用伪标签：38.41%
排除样本：79|6000	剩余：691, 2886, 2344
增添样本：2737		细则：2195, 0, 542	正确率估算：94.08%
类型1 正确率：  35.00% -> 1   34.65%, 2   65.35%, 3    0.00%
类型2 正确率：  30.00% -> 1    0.00%, 2   30.25%, 3   69.75%
类型3 正确率：  50.00% -> 1    0.00%, 2   50.00%, 3   50.00%

被排除样本 正确率：97.47%
类型1 正确率：  83.00% -> 1   83.33%, 2   16.67%, 3    0.00%
类型2 正确率：  99.00% -> 1    0.00%, 2   98.63%, 3    1.37%
类型3 没有样本或未被分类。


轮次:··6/·20 || c_Loss:0.410 || e_Loss:-1.647 || Aad_Loss:-30.632 || 耗时：34.07s
轮次:··7/·20 || c_Loss:0.402 || e_Loss:-0.818 || Aad_Loss:-28.455 || 耗时：12.90s
轮次:··8/·20 || c_Loss:0.420 || e_Loss:-1.803 || Aad_Loss:-27.294 || 耗时：12.94s
轮次:··9/·20 || c_Loss:0.410 || e_Loss:-1.429 || Aad_Loss:-28.836 || 耗时：12.93s
轮次:·10/·20 || c_Loss:0.390 || e_Loss:-1.465 || Aad_Loss:-28.738 || 耗时：12.92s
任务: (B3)N15_M07_F04→(B1)N15_M01_F10; mix批次:····0; 批次:··940/·1880;  总正确率: 37.95%
类型1 正确率：  33.00% -> 1   33.00%, 2   67.00%, 3    0.00%
类型2 正确率：  31.00% -> 1    0.00%, 2   30.85%, 3   69.15%
类型3 正确率：  50.00% -> 1    0.00%, 2   50.00%, 3   50.00%


样本变换：reverse
样本变换：mask
样本变换：shift
样本变换：none
未过滤	未用伪标签：37.95% -> 使用伪标签：33.87%
已过滤	未用伪标签：37.08% -> 使用伪标签：34.35%
排除样本：85|6000	剩余：660, 2712, 2543
增添样本：2221		细则：2052, 0, 169	正确率估算：98.91%
类型1 正确率：  33.00% -> 1   33.00%, 2   67.00%, 3    0.00%
类型2 正确率：  19.00% -> 1    0.00%, 2   19.43%, 3   80.57%
类型3 正确率：  50.00% -> 1    0.00%, 2   50.00%, 3   50.00%

被排除样本 正确率：98.82%
类型1 正确率：  99.00% -> 1   98.82%, 2    1.18%
类型2 没有样本或未被分类。


轮次:·11/·20 || c_Loss:0.374 || e_Loss:-0.886 || Aad_Loss:-30.352 || 耗时：33.72s
轮次:·12/·20 || c_Loss:0.382 || e_Loss:-0.895 || Aad_Loss:-29.363 || 耗时：12.85s
轮次:·13/·20 || c_Loss:0.371 || e_Loss:-1.801 || Aad_Loss:-28.501 || 耗时：12.83s
轮次:·14/·20 || c_Loss:0.439 || e_Loss:-0.833 || Aad_Loss:-27.295 || 耗时：12.87s
轮次:·15/·20 || c_Loss:0.368 || e_Loss:-1.510 || Aad_Loss:-28.638 || 耗时：12.86s
任务: (B3)N15_M07_F04→(B1)N15_M01_F10; mix批次:····0; 批次:·1410/·1880;  总正确率: 32.57%
类型1 正确率：  33.00% -> 1   33.00%, 2   67.00%, 3    0.00%
类型2 正确率：  15.00% -> 1    0.00%, 2   14.70%, 3   85.30%
类型3 正确率：  50.00% -> 1    0.00%, 2   50.00%, 3   50.00%


样本变换：reverse
样本变换：mask
样本变换：shift
样本变换：none
未过滤	未用伪标签：32.57% -> 使用伪标签：29.50%
已过滤	未用伪标签：32.07% -> 使用伪标签：29.72%
排除样本：44|6000	剩余：660, 2450, 2846
增添样本：2582		细则：2186, 396, 0	正确率估算：100.00%
类型1 正确率：  33.00% -> 1   33.00%, 2   67.00%, 3    0.00%
类型2 正确率：   6.00% -> 1    0.00%, 2    5.62%, 3   94.38%
类型3 正确率：  50.00% -> 1    0.00%, 2   50.00%, 3   50.00%

被排除样本 正确率：100.00%
类型1 正确率： 100.00% -> 1  100.00%


轮次:·16/·20 || c_Loss:0.358 || e_Loss:-0.871 || Aad_Loss:-34.773 || 耗时：33.88s
轮次:·17/·20 || c_Loss:0.379 || e_Loss:-0.872 || Aad_Loss:-32.194 || 耗时：12.77s
轮次:·18/·20 || c_Loss:0.374 || e_Loss:-0.868 || Aad_Loss:-33.714 || 耗时：12.76s
轮次:·19/·20 || c_Loss:0.391 || e_Loss:-1.711 || Aad_Loss:-29.734 || 耗时：12.76s
轮次:·20/·20 || c_Loss:0.356 || e_Loss:-0.897 || Aad_Loss:-35.161 || 耗时：12.77s
任务: (B3)N15_M07_F04→(B1)N15_M01_F10; mix批次:····0; 批次:·1880/·1880;  总正确率: 28.30%
类型1 正确率：  33.00% -> 1   33.00%, 2   67.00%, 3    0.00%
类型2 正确率：   2.00% -> 1    0.00%, 2    1.90%, 3   98.10%
类型3 正确率：  50.00% -> 1    0.00%, 2   50.00%, 3   50.00%


测试集任务: (B3)N15_M07_F04→(B1)N15_M01_F10; 总正确率 = 28.30%
类型1 正确率：  33.00% -> 1   33.00%, 2   67.00%, 3    0.00%
类型2 正确率：   2.00% -> 1    0.00%, 2    1.90%, 3   98.10%
类型3 正确率：  50.00% -> 1    0.00%, 2   50.00%, 3   50.00%


