读取源域路径：/kaggle/working/m2rep/reps1/weight_PU_M1_final_checkpoint_FAtoB_s1/NEW_PU/Source-源域/log&pt/(B2)N15_M07_F10
excel输出位置：/kaggle/working/m2rep/reps1/weight_PU_M1_final_checkpoint_FAtoB_s1/NEW_PU/Target-目标域
特征图片输出位置：/kaggle/working/m2rep/reps1/weight_PU_M1_final_checkpoint_FAtoB_s1/NEW_PU/Picture-特征图/2026年09月15日15时33分/(B2)N15_M07_F10
现在选取:(B2)N15_M07_F10 进行训练的源模型
现在进行：(B2)N15_M07_F10→(B1)N15_M01_F10 的迁移任务
log&pt输出位置：/kaggle/working/m2rep/reps1/weight_PU_M1_final_checkpoint_FAtoB_s1/NEW_PU/Target-目标域/log&pt/(B2)N15_M07_F10→(B1)N15_M01_F10
任务: (B2)N15_M07_F10→(B1)N15_M01_F10; 批次:····0/·1880;  总正确率: 55.33%
类型1 正确率：  69.00% -> 1   69.30%, 2   30.70%, 3    0.00%
类型2 正确率：  47.00% -> 1    0.00%, 2   46.70%, 3   53.30%
类型3 正确率：  50.00% -> 1    0.00%, 2   50.00%, 3   50.00%


样本变换：reverse
样本变换：mask
样本变换：shift
样本变换：none
未过滤	未用伪标签：55.33% -> 使用伪标签：55.77%
已过滤	未用伪标签：54.92% -> 使用伪标签：57.27%
排除样本：157|6000	剩余：1877, 1555, 2411
增添样本：1390		细则：534, 856, 0	正确率估算：90.22%
类型1 正确率：  96.00% -> 1   95.62%, 2    4.38%, 3    0.00%
类型2 正确率：  25.00% -> 1    0.00%, 2   24.95%, 3   75.05%
类型3 正确率：  50.00% -> 1    0.00%, 2   50.00%, 3   50.00%

被排除样本 正确率：70.70%
类型1 正确率：   0.00% -> 1    0.00%, 2  100.00%, 3    0.00%
类型2 正确率：  92.00% -> 1    0.00%, 2   92.50%, 3    7.50%
类型3 没有样本或未被分类。


轮次:··1/·20 || c_Loss:0.614 || e_Loss:-0.956 || Aad_Loss:-23.576 || 耗时：34.08s
轮次:··2/·20 || c_Loss:0.434 || e_Loss:-0.913 || Aad_Loss:-27.529 || 耗时：12.92s
轮次:··3/·20 || c_Loss:0.400 || e_Loss:-1.646 || Aad_Loss:-26.387 || 耗时：12.80s
轮次:··4/·20 || c_Loss:0.374 || e_Loss:-0.881 || Aad_Loss:-27.317 || 耗时：12.74s
轮次:··5/·20 || c_Loss:0.422 || e_Loss:-0.837 || Aad_Loss:-24.607 || 耗时：12.72s
任务: (B2)N15_M07_F10→(B1)N15_M01_F10; mix批次:····0; 批次:··470/·1880;  总正确率: 58.75%
类型1 正确率： 100.00% -> 1   99.55%, 2    0.45%, 3    0.00%
类型2 正确率：  27.00% -> 1    0.00%, 2   26.70%, 3   73.30%
类型3 正确率：  50.00% -> 1    0.00%, 2   50.00%, 3   50.00%


样本变换：reverse
样本变换：mask
样本变换：shift
样本变换：none
未过滤	未用伪标签：58.75% -> 使用伪标签：55.97%
已过滤	未用伪标签：58.43% -> 使用伪标签：56.42%
排除样本：48|6000	剩余：2000, 1358, 2594
增添样本：1830		细则：594, 1236, 0	正确率估算：99.67%
类型1 正确率： 100.00% -> 1  100.00%, 2    0.00%, 3    0.00%
类型2 正确率：  18.00% -> 1    0.00%, 2   18.34%, 3   81.66%
类型3 正确率：  50.00% -> 1    0.00%, 2   50.00%, 3   50.00%

被排除样本 正确率：97.92%
类型1 正确率：  98.00% -> 1   97.92%, 2    2.08%
类型2 没有样本或未被分类。


轮次:··6/·20 || c_Loss:0.375 || e_Loss:-1.700 || Aad_Loss:-28.441 || 耗时：34.15s
轮次:··7/·20 || c_Loss:0.424 || e_Loss:-0.914 || Aad_Loss:-28.013 || 耗时：12.83s
轮次:··8/·20 || c_Loss:0.403 || e_Loss:-0.867 || Aad_Loss:-30.970 || 耗时：12.82s
轮次:··9/·20 || c_Loss:0.402 || e_Loss:-1.730 || Aad_Loss:-27.811 || 耗时：12.84s
轮次:·10/·20 || c_Loss:0.400 || e_Loss:-1.394 || Aad_Loss:-28.145 || 耗时：12.90s
任务: (B2)N15_M07_F10→(B1)N15_M01_F10; mix批次:····0; 批次:··940/·1880;  总正确率: 57.48%
类型1 正确率： 100.00% -> 1  100.00%, 2    0.00%, 3    0.00%
类型2 正确率：  22.00% -> 1    0.00%, 2   22.45%, 3   77.55%
类型3 正确率：  50.00% -> 1    0.00%, 2   50.00%, 3   50.00%


样本变换：reverse
样本变换：mask
样本变换：shift
样本变换：none
未过滤	未用伪标签：57.48% -> 使用伪标签：56.18%
已过滤	未用伪标签：57.25% -> 使用伪标签：56.67%
排除样本：52|6000	剩余：2000, 1371, 2577
增添样本：1783		细则：577, 1206, 0	正确率估算：99.94%
类型1 正确率： 100.00% -> 1  100.00%, 2    0.00%, 3    0.00%
类型2 正确率：  19.00% -> 1    0.00%, 2   19.05%, 3   80.95%
类型3 正确率：  50.00% -> 1    0.00%, 2   50.00%, 3   50.00%

被排除样本 正确率：84.62%
类型1 正确率：  85.00% -> 1   84.62%, 2   15.38%
类型2 没有样本或未被分类。


轮次:·11/·20 || c_Loss:0.422 || e_Loss:-0.876 || Aad_Loss:-26.312 || 耗时：34.48s
轮次:·12/·20 || c_Loss:0.395 || e_Loss:-1.577 || Aad_Loss:-27.795 || 耗时：12.89s
轮次:·13/·20 || c_Loss:0.377 || e_Loss:-1.696 || Aad_Loss:-30.689 || 耗时：12.87s
轮次:·14/·20 || c_Loss:0.392 || e_Loss:-0.855 || Aad_Loss:-27.366 || 耗时：12.83s
轮次:·15/·20 || c_Loss:0.394 || e_Loss:-0.929 || Aad_Loss:-30.090 || 耗时：12.90s
任务: (B2)N15_M07_F10→(B1)N15_M01_F10; mix批次:····0; 批次:·1410/·1880;  总正确率: 58.32%
类型1 正确率： 100.00% -> 1  100.00%, 2    0.00%, 3    0.00%
类型2 正确率：  25.00% -> 1    0.00%, 2   24.95%, 3   75.05%
类型3 正确率：  50.00% -> 1    0.00%, 2   50.00%, 3   50.00%


样本变换：reverse
样本变换：mask
样本变换：shift
样本变换：none
未过滤	未用伪标签：58.32% -> 使用伪标签：57.87%
已过滤	未用伪标签：58.47% -> 使用伪标签：58.38%
排除样本：53|6000	剩余：2000, 1472, 2475
增添样本：1478		细则：475, 1003, 0	正确率估算：99.66%
类型1 正确率： 100.00% -> 1  100.00%, 2    0.00%, 3    0.00%
类型2 正确率：  24.00% -> 1    0.00%, 2   24.24%, 3   75.76%
类型3 正确率：  50.00% -> 1    0.00%, 2   50.00%, 3   50.00%

被排除样本 正确率：41.51%
类型1 正确率：  42.00% -> 1   41.51%, 2   58.49%
类型2 没有样本或未被分类。


轮次:·16/·20 || c_Loss:0.387 || e_Loss:-1.766 || Aad_Loss:-28.555 || 耗时：34.22s
轮次:·17/·20 || c_Loss:0.399 || e_Loss:-1.727 || Aad_Loss:-28.131 || 耗时：12.87s
轮次:·18/·20 || c_Loss:0.389 || e_Loss:-0.934 || Aad_Loss:-28.349 || 耗时：12.92s
轮次:·19/·20 || c_Loss:0.390 || e_Loss:-0.900 || Aad_Loss:-28.272 || 耗时：12.94s
轮次:·20/·20 || c_Loss:0.381 || e_Loss:-0.903 || Aad_Loss:-27.982 || 耗时：12.94s
任务: (B2)N15_M07_F10→(B1)N15_M01_F10; mix批次:····0; 批次:·1880/·1880;  总正确率: 59.20%
类型1 正确率： 100.00% -> 1  100.00%, 2    0.00%, 3    0.00%
类型2 正确率：  28.00% -> 1    0.00%, 2   27.60%, 3   72.40%
类型3 正确率：  50.00% -> 1    0.00%, 2   50.00%, 3   50.00%


测试集任务: (B2)N15_M07_F10→(B1)N15_M01_F10; 总正确率 = 59.20%
类型1 正确率： 100.00% -> 1  100.00%, 2    0.00%, 3    0.00%
类型2 正确率：  28.00% -> 1    0.00%, 2   27.60%, 3   72.40%
类型3 正确率：  50.00% -> 1    0.00%, 2   50.00%, 3   50.00%


