读取源域路径：/kaggle/working/m2rep/reps1/weight_PU_M1_final_checkpoint_FAtoB_s1/NEW_PU/Source-源域/log&pt/(B1)N15_M01_F10
excel输出位置：/kaggle/working/m2rep/reps1/weight_PU_M1_final_checkpoint_FAtoB_s1/NEW_PU/Target-目标域
特征图片输出位置：/kaggle/working/m2rep/reps1/weight_PU_M1_final_checkpoint_FAtoB_s1/NEW_PU/Picture-特征图/2026年09月15日15时27分/(B1)N15_M01_F10
现在选取:(B1)N15_M01_F10 进行训练的源模型
现在进行：(B1)N15_M01_F10→(B3)N15_M07_F04 的迁移任务
log&pt输出位置：/kaggle/working/m2rep/reps1/weight_PU_M1_final_checkpoint_FAtoB_s1/NEW_PU/Target-目标域/log&pt/(B1)N15_M01_F10→(B3)N15_M07_F04
任务: (B1)N15_M01_F10→(B3)N15_M07_F04; 批次:····0/·1880;  总正确率: 67.95%
类型1 正确率：  65.00% -> 1   64.75%, 2   29.90%, 3    5.35%
类型2 正确率：  80.00% -> 1    0.00%, 2   79.90%, 3   20.10%
类型3 正确率：  59.00% -> 1    0.30%, 2   40.50%, 3   59.20%


样本变换：reverse
样本变换：mask
样本变换：shift
样本变换：none
未过滤	未用伪标签：67.95% -> 使用伪标签：77.60%
已过滤	未用伪标签：67.84% -> 使用伪标签：79.56%
排除样本：148|6000	剩余：1986, 2357, 1509
增添样本：1219		细则：371, 0, 848	正确率估算：86.96%
类型1 正确率： 100.00% -> 1   99.85%, 2    0.05%, 3    0.10%
类型2 正确率：  80.00% -> 1    0.00%, 2   79.72%, 3   20.28%
类型3 正确率：  58.00% -> 1    0.05%, 2   41.71%, 3   58.24%

被排除样本 正确率：72.30%
类型1 正确率：   0.00% -> 1    0.00%, 2   33.33%, 3   66.67%
类型2 正确率：  60.00% -> 1    0.00%, 2   59.52%, 3   40.48%
类型3 正确率：  87.00% -> 1    6.38%, 2    6.38%, 3   87.23%


轮次:··1/·20 || c_Loss:0.567 || e_Loss:-1.580 || Aad_Loss:-26.588 || 耗时：34.12s
轮次:··2/·20 || c_Loss:0.426 || e_Loss:-1.508 || Aad_Loss:-25.721 || 耗时：13.02s
轮次:··3/·20 || c_Loss:0.457 || e_Loss:-1.808 || Aad_Loss:-22.809 || 耗时：12.89s
轮次:··4/·20 || c_Loss:0.354 || e_Loss:-1.446 || Aad_Loss:-26.593 || 耗时：12.79s
轮次:··5/·20 || c_Loss:0.357 || e_Loss:-1.500 || Aad_Loss:-29.744 || 耗时：12.75s
任务: (B1)N15_M01_F10→(B3)N15_M07_F04; mix批次:····0; 批次:··470/·1880;  总正确率: 80.08%
类型1 正确率： 100.00% -> 1  100.00%, 2    0.00%, 3    0.00%
类型2 正确率：  82.00% -> 1    0.00%, 2   81.90%, 3   18.10%
类型3 正确率：  58.00% -> 1    0.00%, 2   41.65%, 3   58.35%


样本变换：reverse
样本变换：mask
样本变换：shift
样本变换：none
未过滤	未用伪标签：80.08% -> 使用伪标签：79.88%
已过滤	未用伪标签：80.25% -> 使用伪标签：80.35%
排除样本：35|6000	剩余：2000, 2493, 1472
增添样本：1514		细则：493, 0, 1021	正确率估算：99.93%
类型1 正确率： 100.00% -> 1  100.00%, 2    0.00%, 3    0.00%
类型2 正确率：  83.00% -> 1    0.00%, 2   83.34%, 3   16.66%
类型3 正确率：  58.00% -> 1    0.00%, 2   42.44%, 3   57.56%

被排除样本 正确率：51.43%
类型1 正确率：  21.00% -> 1   21.05%, 2   78.95%
类型2 正确率：  88.00% -> 1   12.50%, 2   87.50%


轮次:··6/·20 || c_Loss:0.393 || e_Loss:-0.882 || Aad_Loss:-31.218 || 耗时：34.03s
轮次:··7/·20 || c_Loss:0.393 || e_Loss:-1.517 || Aad_Loss:-27.602 || 耗时：12.80s
轮次:··8/·20 || c_Loss:0.356 || e_Loss:-0.975 || Aad_Loss:-29.301 || 耗时：12.82s
轮次:··9/·20 || c_Loss:0.403 || e_Loss:-1.601 || Aad_Loss:-28.212 || 耗时：12.85s
轮次:·10/·20 || c_Loss:0.392 || e_Loss:-0.910 || Aad_Loss:-32.270 || 耗时：12.91s
任务: (B1)N15_M01_F10→(B3)N15_M07_F04; mix批次:····0; 批次:··940/·1880;  总正确率: 80.10%
类型1 正确率： 100.00% -> 1  100.00%, 2    0.00%, 3    0.00%
类型2 正确率：  82.00% -> 1    0.00%, 2   81.75%, 3   18.25%
类型3 正确率：  59.00% -> 1    0.00%, 2   41.45%, 3   58.55%


样本变换：reverse
样本变换：mask
样本变换：shift
样本变换：none
未过滤	未用伪标签：80.10% -> 使用伪标签：80.05%
已过滤	未用伪标签：80.25% -> 使用伪标签：80.40%
排除样本：26|6000	剩余：2000, 2484, 1490
增添样本：1478		细则：484, 0, 994	正确率估算：99.93%
类型1 正确率： 100.00% -> 1  100.00%, 2    0.00%, 3    0.00%
类型2 正确率：  83.00% -> 1    0.00%, 2   83.14%, 3   16.86%
类型3 正确率：  58.00% -> 1    0.00%, 2   42.00%, 3   58.00%

被排除样本 正确率：46.15%
类型1 正确率：  37.00% -> 1   36.84%, 2   63.16%
类型2 正确率：  71.00% -> 1   28.57%, 2   71.43%


轮次:·11/·20 || c_Loss:0.379 || e_Loss:-0.957 || Aad_Loss:-29.340 || 耗时：33.97s
轮次:·12/·20 || c_Loss:0.418 || e_Loss:-0.923 || Aad_Loss:-28.983 || 耗时：12.77s
轮次:·13/·20 || c_Loss:0.383 || e_Loss:-0.960 || Aad_Loss:-28.998 || 耗时：12.80s
轮次:·14/·20 || c_Loss:0.388 || e_Loss:-0.933 || Aad_Loss:-28.597 || 耗时：12.80s
轮次:·15/·20 || c_Loss:0.438 || e_Loss:-0.934 || Aad_Loss:-27.255 || 耗时：12.80s
任务: (B1)N15_M01_F10→(B3)N15_M07_F04; mix批次:····0; 批次:·1410/·1880;  总正确率: 80.65%
类型1 正确率： 100.00% -> 1  100.00%, 2    0.00%, 3    0.00%
类型2 正确率：  83.00% -> 1    0.00%, 2   83.15%, 3   16.85%
类型3 正确率：  59.00% -> 1    0.00%, 2   41.20%, 3   58.80%


样本变换：reverse
样本变换：mask
样本变换：shift
样本变换：none
未过滤	未用伪标签：80.65% -> 使用伪标签：80.43%
已过滤	未用伪标签：80.78% -> 使用伪标签：80.74%
排除样本：23|6000	剩余：2000, 2473, 1504
增添样本：1442		细则：473, 0, 969	正确率估算：99.79%
类型1 正确率： 100.00% -> 1  100.00%, 2    0.00%, 3    0.00%
类型2 正确率：  83.00% -> 1    0.00%, 2   83.25%, 3   16.75%
类型3 正确率：  59.00% -> 1    0.00%, 2   41.13%, 3   58.87%

被排除样本 正确率：47.83%
类型1 正确率：  67.00% -> 1   66.67%, 2   33.33%
类型2 正确率：  27.00% -> 1   72.73%, 2   27.27%


轮次:·16/·20 || c_Loss:0.415 || e_Loss:-0.982 || Aad_Loss:-29.505 || 耗时：33.93s
轮次:·17/·20 || c_Loss:0.406 || e_Loss:-0.925 || Aad_Loss:-29.786 || 耗时：12.77s
轮次:·18/·20 || c_Loss:0.377 || e_Loss:-0.973 || Aad_Loss:-29.273 || 耗时：12.76s
轮次:·19/·20 || c_Loss:0.387 || e_Loss:-0.961 || Aad_Loss:-29.351 || 耗时：12.82s
轮次:·20/·20 || c_Loss:0.450 || e_Loss:-0.985 || Aad_Loss:-30.539 || 耗时：12.79s
任务: (B1)N15_M01_F10→(B3)N15_M07_F04; mix批次:····0; 批次:·1880/·1880;  总正确率: 80.72%
类型1 正确率： 100.00% -> 1  100.00%, 2    0.00%, 3    0.00%
类型2 正确率：  82.00% -> 1    0.00%, 2   82.20%, 3   17.80%
类型3 正确率：  60.00% -> 1    0.00%, 2   40.05%, 3   59.95%


测试集任务: (B1)N15_M01_F10→(B3)N15_M07_F04; 总正确率 = 80.72%
类型1 正确率： 100.00% -> 1  100.00%, 2    0.00%, 3    0.00%
类型2 正确率：  82.00% -> 1    0.00%, 2   82.20%, 3   17.80%
类型3 正确率：  60.00% -> 1    0.00%, 2   40.05%, 3   59.95%


