读取源域路径：/kaggle/working/m2rep/reps1/weight_PU_M1_final_checkpoint_FAtoB_s1/NEW_PU/Source-源域/log&pt/(B3)N15_M07_F04
excel输出位置：/kaggle/working/m2rep/reps1/weight_PU_M1_final_checkpoint_FAtoB_s1/NEW_PU/Target-目标域
特征图片输出位置：/kaggle/working/m2rep/reps1/weight_PU_M1_final_checkpoint_FAtoB_s1/NEW_PU/Picture-特征图/2026年09月15日15时51分/(B3)N15_M07_F04
现在选取:(B3)N15_M07_F04 进行训练的源模型
现在进行：(B3)N15_M07_F04→(B2)N15_M07_F10 的迁移任务
log&pt输出位置：/kaggle/working/m2rep/reps1/weight_PU_M1_final_checkpoint_FAtoB_s1/NEW_PU/Target-目标域/log&pt/(B3)N15_M07_F04→(B2)N15_M07_F10
任务: (B3)N15_M07_F04→(B2)N15_M07_F10; 批次:····0/·1880;  总正确率: 48.17%
类型1 正确率：  41.00% -> 1   41.05%, 2   58.45%, 3    0.50%
类型2 正确率：  54.00% -> 1    0.00%, 2   54.30%, 3   45.70%
类型3 正确率：  49.00% -> 1    0.00%, 2   50.85%, 3   49.15%


样本变换：reverse
样本变换：mask
样本变换：shift
样本变换：none
未过滤	未用伪标签：48.17% -> 使用伪标签：40.25%
已过滤	未用伪标签：47.47% -> 使用伪标签：41.15%
排除样本：131|6000	剩余：662, 3089, 2118
增添样本：3398		细则：2427, 0, 971	正确率估算：92.35%
类型1 正确率：  33.00% -> 1   33.30%, 2   66.70%, 3    0.00%
类型2 正确率：  40.00% -> 1    0.00%, 2   40.35%, 3   59.65%
类型3 正确率：  50.00% -> 1    0.00%, 2   50.25%, 3   49.75%

被排除样本 正确率：79.39%
类型1 正确率：  83.00% -> 1   83.33%, 2   16.67%, 3    0.00%
类型2 正确率：  83.00% -> 1    0.00%, 2   83.49%, 3   16.51%
类型3 正确率：  30.00% -> 1    0.00%, 2   70.00%, 3   30.00%


轮次:··1/·20 || c_Loss:0.534 || e_Loss:-0.824 || Aad_Loss:-23.612 || 耗时：34.47s
轮次:··2/·20 || c_Loss:0.396 || e_Loss:-1.588 || Aad_Loss:-28.083 || 耗时：12.93s
轮次:··3/·20 || c_Loss:0.393 || e_Loss:-1.678 || Aad_Loss:-28.953 || 耗时：12.81s
轮次:··4/·20 || c_Loss:0.370 || e_Loss:-0.797 || Aad_Loss:-29.158 || 耗时：12.73s
轮次:··5/·20 || c_Loss:0.374 || e_Loss:-0.778 || Aad_Loss:-28.572 || 耗时：12.81s
任务: (B3)N15_M07_F04→(B2)N15_M07_F10; mix批次:····0; 批次:··470/·1880;  总正确率: 38.27%
类型1 正确率：  33.00% -> 1   33.00%, 2   67.00%, 3    0.00%
类型2 正确率：  32.00% -> 1    0.00%, 2   31.95%, 3   68.05%
类型3 正确率：  50.00% -> 1    0.00%, 2   50.15%, 3   49.85%


样本变换：reverse
样本变换：mask
样本变换：shift
样本变换：none
未过滤	未用伪标签：38.27% -> 使用伪标签：34.17%
已过滤	未用伪标签：37.41% -> 使用伪标签：34.65%
排除样本：84|6000	剩余：660, 2730, 2526
增添样本：2274		细则：2070, 0, 204	正确率估算：99.19%
类型1 正确率：  33.00% -> 1   33.00%, 2   67.00%, 3    0.00%
类型2 正确率：  20.00% -> 1    0.00%, 2   20.35%, 3   79.65%
类型3 正确率：  50.00% -> 1    0.00%, 2   50.00%, 3   50.00%

被排除样本 正确率：98.81%
类型1 正确率：  99.00% -> 1   98.81%, 2    1.19%
类型2 没有样本或未被分类。


轮次:··6/·20 || c_Loss:0.373 || e_Loss:-1.680 || Aad_Loss:-33.958 || 耗时：33.80s
轮次:··7/·20 || c_Loss:0.385 || e_Loss:-1.700 || Aad_Loss:-31.993 || 耗时：12.80s
轮次:··8/·20 || c_Loss:0.385 || e_Loss:-1.186 || Aad_Loss:-27.626 || 耗时：12.84s
轮次:··9/·20 || c_Loss:0.425 || e_Loss:-1.667 || Aad_Loss:-28.702 || 耗时：12.79s
轮次:·10/·20 || c_Loss:0.384 || e_Loss:-1.806 || Aad_Loss:-30.014 || 耗时：12.78s
任务: (B3)N15_M07_F04→(B2)N15_M07_F10; mix批次:····0; 批次:··940/·1880;  总正确率: 35.83%
类型1 正确率：  33.00% -> 1   33.00%, 2   67.00%, 3    0.00%
类型2 正确率：  24.00% -> 1    0.00%, 2   24.50%, 3   75.50%
类型3 正确率：  50.00% -> 1    0.00%, 2   50.00%, 3   50.00%


样本变换：reverse
样本变换：mask
样本变换：shift
样本变换：none
未过滤	未用伪标签：35.83% -> 使用伪标签：33.07%
已过滤	未用伪标签：35.21% -> 使用伪标签：33.40%
排除样本：59|6000	剩余：660, 2664, 2617
增添样本：2051		细则：2004, 0, 47	正确率估算：99.29%
类型1 正确率：  33.00% -> 1   33.00%, 2   67.00%, 3    0.00%
类型2 正确率：  17.00% -> 1    0.00%, 2   16.69%, 3   83.31%
类型3 正确率：  50.00% -> 1    0.00%, 2   50.00%, 3   50.00%

被排除样本 正确率：98.31%
类型1 正确率：  98.00% -> 1   98.31%, 2    1.69%
类型2 没有样本或未被分类。


轮次:·11/·20 || c_Loss:0.382 || e_Loss:-0.872 || Aad_Loss:-31.940 || 耗时：33.46s
轮次:·12/·20 || c_Loss:0.376 || e_Loss:-1.819 || Aad_Loss:-32.540 || 耗时：12.79s
轮次:·13/·20 || c_Loss:0.398 || e_Loss:-1.814 || Aad_Loss:-29.088 || 耗时：12.86s
轮次:·14/·20 || c_Loss:0.398 || e_Loss:-1.335 || Aad_Loss:-29.094 || 耗时：12.86s
轮次:·15/·20 || c_Loss:0.404 || e_Loss:-0.856 || Aad_Loss:-30.140 || 耗时：12.88s
任务: (B3)N15_M07_F04→(B2)N15_M07_F10; mix批次:····0; 批次:·1410/·1880;  总正确率: 33.07%
类型1 正确率：  33.00% -> 1   33.00%, 2   67.00%, 3    0.00%
类型2 正确率：  16.00% -> 1    0.00%, 2   16.20%, 3   83.80%
类型3 正确率：  50.00% -> 1    0.00%, 2   50.00%, 3   50.00%


样本变换：reverse
样本变换：mask
样本变换：shift
样本变换：none
未过滤	未用伪标签：33.07% -> 使用伪标签：31.18%
已过滤	未用伪标签：32.42% -> 使用伪标签：31.48%
排除样本：57|6000	剩余：660, 2551, 2732
增添样本：2253		细则：2072, 181, 0	正确率估算：100.00%
类型1 正确率：  33.00% -> 1   33.00%, 2   67.00%, 3    0.00%
类型2 正确率：  11.00% -> 1    0.00%, 2   10.86%, 3   89.14%
类型3 正确率：  50.00% -> 1    0.00%, 2   50.00%, 3   50.00%

被排除样本 正确率：100.00%
类型1 正确率： 100.00% -> 1  100.00%


轮次:·16/·20 || c_Loss:0.369 || e_Loss:-0.914 || Aad_Loss:-31.113 || 耗时：33.72s
轮次:·17/·20 || c_Loss:0.423 || e_Loss:-0.855 || Aad_Loss:-29.854 || 耗时：12.80s
轮次:·18/·20 || c_Loss:0.382 || e_Loss:-1.488 || Aad_Loss:-30.016 || 耗时：12.78s
轮次:·19/·20 || c_Loss:0.385 || e_Loss:-0.872 || Aad_Loss:-31.996 || 耗时：12.77s
轮次:·20/·20 || c_Loss:0.392 || e_Loss:-1.673 || Aad_Loss:-30.323 || 耗时：12.78s
任务: (B3)N15_M07_F04→(B2)N15_M07_F10; mix批次:····0; 批次:·1880/·1880;  总正确率: 30.82%
类型1 正确率：  33.00% -> 1   33.00%, 2   67.00%, 3    0.00%
类型2 正确率：   9.00% -> 1    0.00%, 2    9.45%, 3   90.55%
类型3 正确率：  50.00% -> 1    0.00%, 2   50.00%, 3   50.00%


测试集任务: (B3)N15_M07_F04→(B2)N15_M07_F10; 总正确率 = 30.82%
类型1 正确率：  33.00% -> 1   33.00%, 2   67.00%, 3    0.00%
类型2 正确率：   9.00% -> 1    0.00%, 2    9.45%, 3   90.55%
类型3 正确率：  50.00% -> 1    0.00%, 2   50.00%, 3   50.00%


