读取源域路径：/kaggle/working/m2rep/reps1/weight_PU_M1_final_checkpoint_FAtoB_s1/NEW_PU/Source-源域/log&pt/(B1)N15_M01_F10
excel输出位置：/kaggle/working/m2rep/reps1/weight_PU_M1_final_checkpoint_FAtoB_s1/NEW_PU/Target-目标域
特征图片输出位置：/kaggle/working/m2rep/reps1/weight_PU_M1_final_checkpoint_FAtoB_s1/NEW_PU/Picture-特征图/2026年09月15日15时21分/(B1)N15_M01_F10
现在选取:(B1)N15_M01_F10 进行训练的源模型
现在进行：(B1)N15_M01_F10→(B2)N15_M07_F10 的迁移任务
log&pt输出位置：/kaggle/working/m2rep/reps1/weight_PU_M1_final_checkpoint_FAtoB_s1/NEW_PU/Target-目标域/log&pt/(B1)N15_M01_F10→(B2)N15_M07_F10
任务: (B1)N15_M01_F10→(B2)N15_M07_F10; 批次:····0/·1880;  总正确率: 62.93%
类型1 正确率：  55.00% -> 1   54.95%, 2   41.15%, 3    3.90%
类型2 正确率：  84.00% -> 1    0.00%, 2   84.05%, 3   15.95%
类型3 正确率：  50.00% -> 1    0.00%, 2   50.20%, 3   49.80%


样本变换：reverse
样本变换：mask
样本变换：shift
样本变换：none
未过滤	未用伪标签：62.93% -> 使用伪标签：74.60%
已过滤	未用伪标签：63.71% -> 使用伪标签：75.94%
排除样本：106|6000	剩余：1793, 2836, 1265
增添样本：2614		细则：1043, 0, 1571	正确率估算：81.50%
类型1 正确率：  92.00% -> 1   92.14%, 2    7.86%, 3    0.00%
类型2 正确率：  86.00% -> 1    0.00%, 2   86.40%, 3   13.60%
类型3 正确率：  50.00% -> 1    0.00%, 2   50.00%, 3   50.00%

被排除样本 正确率：19.81%
类型1 正确率：   0.00% -> 1    0.00%, 2  100.00%, 3    0.00%
类型2 正确率：  40.00% -> 1    0.00%, 2   40.38%, 3   59.62%
类型3 没有样本或未被分类。


轮次:··1/·20 || c_Loss:0.659 || e_Loss:-1.295 || Aad_Loss:-24.819 || 耗时：35.17s
轮次:··2/·20 || c_Loss:0.477 || e_Loss:-1.689 || Aad_Loss:-28.009 || 耗时：12.98s
轮次:··3/·20 || c_Loss:0.423 || e_Loss:-1.782 || Aad_Loss:-25.901 || 耗时：12.86s
轮次:··4/·20 || c_Loss:0.420 || e_Loss:-0.870 || Aad_Loss:-27.617 || 耗时：12.80s
轮次:··5/·20 || c_Loss:0.420 || e_Loss:-0.887 || Aad_Loss:-27.245 || 耗时：12.75s
任务: (B1)N15_M01_F10→(B2)N15_M07_F10; mix批次:····0; 批次:··470/·1880;  总正确率: 77.28%
类型1 正确率：  98.00% -> 1   98.20%, 2    1.80%, 3    0.00%
类型2 正确率：  84.00% -> 1    0.00%, 2   83.65%, 3   16.35%
类型3 正确率：  50.00% -> 1    0.00%, 2   50.00%, 3   50.00%


样本变换：reverse
样本变换：mask
样本变换：shift
样本变换：none
未过滤	未用伪标签：77.28% -> 使用伪标签：77.37%
已过滤	未用伪标签：77.26% -> 使用伪标签：77.68%
排除样本：24|6000	剩余：1999, 2644, 1333
增添样本：1956		细则：645, 0, 1311	正确率估算：98.93%
类型1 正确率： 100.00% -> 1   99.95%, 2    0.05%, 3    0.00%
类型2 正确率：  83.00% -> 1    0.00%, 2   83.15%, 3   16.85%
类型3 正确率：  50.00% -> 1    0.00%, 2   50.00%, 3   50.00%

被排除样本 正确率：83.33%
类型1 正确率：  83.00% -> 1   83.33%, 2   16.67%
类型2 没有样本或未被分类。


轮次:··6/·20 || c_Loss:0.415 || e_Loss:-0.965 || Aad_Loss:-29.471 || 耗时：34.30s
轮次:··7/·20 || c_Loss:0.368 || e_Loss:-0.962 || Aad_Loss:-28.892 || 耗时：12.81s
轮次:··8/·20 || c_Loss:0.368 || e_Loss:-0.972 || Aad_Loss:-29.531 || 耗时：12.83s
轮次:··9/·20 || c_Loss:0.370 || e_Loss:-0.982 || Aad_Loss:-31.170 || 耗时：12.80s
轮次:·10/·20 || c_Loss:0.384 || e_Loss:-0.930 || Aad_Loss:-28.790 || 耗时：12.82s
任务: (B1)N15_M01_F10→(B2)N15_M07_F10; mix批次:····0; 批次:··940/·1880;  总正确率: 76.73%
类型1 正确率： 100.00% -> 1   99.95%, 2    0.05%, 3    0.00%
类型2 正确率：  80.00% -> 1    0.00%, 2   80.25%, 3   19.75%
类型3 正确率：  50.00% -> 1    0.00%, 2   50.00%, 3   50.00%


样本变换：reverse
样本变换：mask
样本变换：shift
样本变换：none
未过滤	未用伪标签：76.73% -> 使用伪标签：76.43%
已过滤	未用伪标签：76.73% -> 使用伪标签：76.62%
排除样本：15|6000	剩余：2000, 2586, 1399
增添样本：1773		细则：586, 0, 1187	正确率估算：99.55%
类型1 正确率： 100.00% -> 1  100.00%, 2    0.00%, 3    0.00%
类型2 正确率：  80.00% -> 1    0.00%, 2   79.90%, 3   20.10%
类型3 正确率：  50.00% -> 1    0.00%, 2   50.00%, 3   50.00%

被排除样本 正确率：80.00%
类型1 正确率：  80.00% -> 1   80.00%, 2   20.00%
类型2 没有样本或未被分类。


轮次:·11/·20 || c_Loss:0.406 || e_Loss:-0.901 || Aad_Loss:-30.196 || 耗时：34.09s
轮次:·12/·20 || c_Loss:0.413 || e_Loss:-0.953 || Aad_Loss:-29.154 || 耗时：12.79s
轮次:·13/·20 || c_Loss:0.379 || e_Loss:-1.002 || Aad_Loss:-29.904 || 耗时：12.81s
轮次:·14/·20 || c_Loss:0.500 || e_Loss:-0.916 || Aad_Loss:-27.895 || 耗时：12.83s
轮次:·15/·20 || c_Loss:0.383 || e_Loss:-0.930 || Aad_Loss:-31.616 || 耗时：12.88s
任务: (B1)N15_M01_F10→(B2)N15_M07_F10; mix批次:····0; 批次:·1410/·1880;  总正确率: 76.15%
类型1 正确率： 100.00% -> 1   99.95%, 2    0.05%, 3    0.00%
类型2 正确率：  78.00% -> 1    0.00%, 2   78.50%, 3   21.50%
类型3 正确率：  50.00% -> 1    0.00%, 2   50.00%, 3   50.00%


样本变换：reverse
样本变换：mask
样本变换：shift
样本变换：none
未过滤	未用伪标签：76.15% -> 使用伪标签：75.92%
已过滤	未用伪标签：76.17% -> 使用伪标签：76.06%
排除样本：11|6000	剩余：2000, 2555, 1434
增添样本：1676		细则：555, 0, 1121	正确率估算：99.70%
类型1 正确率： 100.00% -> 1  100.00%, 2    0.00%, 3    0.00%
类型2 正确率：  78.00% -> 1    0.00%, 2   78.18%, 3   21.82%
类型3 正确率：  50.00% -> 1    0.00%, 2   50.00%, 3   50.00%

被排除样本 正确率：63.64%
类型1 正确率：  64.00% -> 1   63.64%, 2   36.36%
类型2 没有样本或未被分类。


轮次:·16/·20 || c_Loss:0.388 || e_Loss:-0.943 || Aad_Loss:-31.774 || 耗时：34.14s
轮次:·17/·20 || c_Loss:0.381 || e_Loss:-0.988 || Aad_Loss:-31.507 || 耗时：12.81s
轮次:·18/·20 || c_Loss:0.380 || e_Loss:-0.981 || Aad_Loss:-29.794 || 耗时：12.81s
轮次:·19/·20 || c_Loss:0.377 || e_Loss:-1.003 || Aad_Loss:-31.448 || 耗时：12.80s
轮次:·20/·20 || c_Loss:0.391 || e_Loss:-0.920 || Aad_Loss:-30.731 || 耗时：12.78s
任务: (B1)N15_M01_F10→(B2)N15_M07_F10; mix批次:····0; 批次:·1880/·1880;  总正确率: 75.77%
类型1 正确率： 100.00% -> 1  100.00%, 2    0.00%, 3    0.00%
类型2 正确率：  77.00% -> 1    0.00%, 2   77.30%, 3   22.70%
类型3 正确率：  50.00% -> 1    0.00%, 2   50.00%, 3   50.00%


测试集任务: (B1)N15_M01_F10→(B2)N15_M07_F10; 总正确率 = 75.77%
类型1 正确率： 100.00% -> 1  100.00%, 2    0.00%, 3    0.00%
类型2 正确率：  77.00% -> 1    0.00%, 2   77.30%, 3   22.70%
类型3 正确率：  50.00% -> 1    0.00%, 2   50.00%, 3   50.00%


