读取源域路径：/kaggle/working/m2rep/reps1/weight_PU_M1_final_checkpoint_FAtoB_s1/NEW_PU/Source-源域/log&pt/(B2)N15_M07_F10
excel输出位置：/kaggle/working/m2rep/reps1/weight_PU_M1_final_checkpoint_FAtoB_s1/NEW_PU/Target-目标域
特征图片输出位置：/kaggle/working/m2rep/reps1/weight_PU_M1_final_checkpoint_FAtoB_s1/NEW_PU/Picture-特征图/2026年09月15日15时39分/(B2)N15_M07_F10
现在选取:(B2)N15_M07_F10 进行训练的源模型
现在进行：(B2)N15_M07_F10→(B3)N15_M07_F04 的迁移任务
log&pt输出位置：/kaggle/working/m2rep/reps1/weight_PU_M1_final_checkpoint_FAtoB_s1/NEW_PU/Target-目标域/log&pt/(B2)N15_M07_F10→(B3)N15_M07_F04
任务: (B2)N15_M07_F10→(B3)N15_M07_F04; 批次:····0/·1880;  总正确率: 63.88%
类型1 正确率：  78.00% -> 1   78.10%, 2   21.90%, 3    0.00%
类型2 正确率：  64.00% -> 1    0.00%, 2   63.85%, 3   36.15%
类型3 正确率：  50.00% -> 1    7.90%, 2   42.40%, 3   49.70%


样本变换：reverse
样本变换：mask
样本变换：shift
样本变换：none
未过滤	未用伪标签：63.88% -> 使用伪标签：60.28%
已过滤	未用伪标签：63.55% -> 使用伪标签：61.87%
排除样本：154|6000	剩余：2163, 1449, 2234
增添样本：856		细则：71, 785, 0	正确率估算：96.50%
类型1 正确率： 100.00% -> 1   99.85%, 2    0.15%, 3    0.00%
类型2 正确率：  34.00% -> 1    0.00%, 2   33.76%, 3   66.24%
类型3 正确率：  50.00% -> 1    8.79%, 2   41.01%, 3   50.20%

被排除样本 正确率：76.62%
类型1 正确率：   0.00% -> 1    0.00%, 2  100.00%, 3    0.00%
类型2 正确率：  86.00% -> 1    0.00%, 2   86.13%, 3   13.87%
类型3 正确率：   0.00% -> 1    0.00%, 2  100.00%, 3    0.00%


轮次:··1/·20 || c_Loss:0.631 || e_Loss:-1.250 || Aad_Loss:-24.346 || 耗时：34.38s
轮次:··2/·20 || c_Loss:0.451 || e_Loss:-1.572 || Aad_Loss:-23.731 || 耗时：12.92s
轮次:··3/·20 || c_Loss:0.439 || e_Loss:-1.489 || Aad_Loss:-25.096 || 耗时：12.82s
轮次:··4/·20 || c_Loss:0.404 || e_Loss:-1.580 || Aad_Loss:-24.243 || 耗时：12.72s
轮次:··5/·20 || c_Loss:0.412 || e_Loss:-0.775 || Aad_Loss:-24.942 || 耗时：12.71s
任务: (B2)N15_M07_F10→(B3)N15_M07_F04; mix批次:····0; 批次:··470/·1880;  总正确率: 61.57%
类型1 正确率： 100.00% -> 1  100.00%, 2    0.00%, 3    0.00%
类型2 正确率：  35.00% -> 1    0.00%, 2   34.70%, 3   65.30%
类型3 正确率：  50.00% -> 1    7.00%, 2   43.00%, 3   50.00%


样本变换：reverse
样本变换：mask
样本变换：shift
样本变换：none
未过滤	未用伪标签：61.57% -> 使用伪标签：59.20%
已过滤	未用伪标签：61.43% -> 使用伪标签：59.91%
排除样本：71|6000	剩余：2181, 1361, 2387
增添样本：1232		细则：206, 1026, 0	正确率估算：99.35%
类型1 正确率： 100.00% -> 1  100.00%, 2    0.00%, 3    0.00%
类型2 正确率：  28.00% -> 1    0.00%, 2   28.47%, 3   71.53%
类型3 正确率：  50.00% -> 1    9.10%, 2   40.65%, 3   50.25%

被排除样本 正确率：73.24%
类型1 正确率：  85.00% -> 1   85.25%, 2   14.75%
类型2 正确率：   0.00% -> 1  100.00%, 2    0.00%


轮次:··6/·20 || c_Loss:0.420 || e_Loss:-1.582 || Aad_Loss:-25.684 || 耗时：34.09s
轮次:··7/·20 || c_Loss:0.401 || e_Loss:-0.867 || Aad_Loss:-27.347 || 耗时：12.95s
轮次:··8/·20 || c_Loss:0.405 || e_Loss:-1.506 || Aad_Loss:-27.373 || 耗时：12.92s
轮次:··9/·20 || c_Loss:0.410 || e_Loss:-0.828 || Aad_Loss:-25.069 || 耗时：12.91s
轮次:·10/·20 || c_Loss:0.383 || e_Loss:-1.663 || Aad_Loss:-27.595 || 耗时：12.89s
任务: (B2)N15_M07_F10→(B3)N15_M07_F04; mix批次:····0; 批次:··940/·1880;  总正确率: 60.70%
类型1 正确率： 100.00% -> 1  100.00%, 2    0.00%, 3    0.00%
类型2 正确率：  32.00% -> 1    0.00%, 2   32.10%, 3   67.90%
类型3 正确率：  50.00% -> 1    7.90%, 2   42.10%, 3   50.00%


样本变换：reverse
样本变换：mask
样本变换：shift
样本变换：none
未过滤	未用伪标签：60.70% -> 使用伪标签：60.90%
已过滤	未用伪标签：61.04% -> 使用伪标签：61.41%
排除样本：50|6000	剩余：2195, 1451, 2304
增添样本：962		细则：109, 853, 0	正确率估算：97.71%
类型1 正确率： 100.00% -> 1  100.00%, 2    0.00%, 3    0.00%
类型2 正确率：  33.00% -> 1    0.00%, 2   33.40%, 3   66.60%
类型3 正确率：  50.00% -> 1    9.79%, 2   40.01%, 3   50.20%

被排除样本 正确率：20.00%
类型1 正确率：  24.00% -> 1   23.81%, 2   76.19%
类型2 正确率：   0.00% -> 1  100.00%, 2    0.00%


轮次:·11/·20 || c_Loss:0.404 || e_Loss:-0.873 || Aad_Loss:-27.317 || 耗时：34.18s
轮次:·12/·20 || c_Loss:0.395 || e_Loss:-1.327 || Aad_Loss:-29.450 || 耗时：12.91s
轮次:·13/·20 || c_Loss:0.385 || e_Loss:-0.897 || Aad_Loss:-28.108 || 耗时：12.90s
轮次:·14/·20 || c_Loss:0.396 || e_Loss:-0.882 || Aad_Loss:-28.535 || 耗时：12.90s
轮次:·15/·20 || c_Loss:0.445 || e_Loss:-0.804 || Aad_Loss:-27.467 || 耗时：12.93s
任务: (B2)N15_M07_F10→(B3)N15_M07_F04; mix批次:····0; 批次:·1410/·1880;  总正确率: 61.70%
类型1 正确率： 100.00% -> 1  100.00%, 2    0.00%, 3    0.00%
类型2 正确率：  35.00% -> 1    0.00%, 2   35.10%, 3   64.90%
类型3 正确率：  50.00% -> 1    9.30%, 2   40.70%, 3   50.00%


样本变换：reverse
样本变换：mask
样本变换：shift
样本变换：none
未过滤	未用伪标签：61.70% -> 使用伪标签：62.10%
已过滤	未用伪标签：62.09% -> 使用伪标签：62.61%
排除样本：49|6000	剩余：2215, 1509, 2227
增添样本：730		细则：12, 718, 0	正确率估算：98.08%
类型1 正确率： 100.00% -> 1  100.00%, 2    0.00%, 3    0.00%
类型2 正确率：  37.00% -> 1    0.00%, 2   37.17%, 3   62.83%
类型3 正确率：  50.00% -> 1   10.76%, 2   39.19%, 3   50.05%

被排除样本 正确率：14.29%
类型1 正确率：  15.00% -> 1   14.89%, 2   85.11%
类型2 正确率：   0.00% -> 1  100.00%, 2    0.00%


轮次:·16/·20 || c_Loss:0.388 || e_Loss:-0.946 || Aad_Loss:-28.917 || 耗时：33.84s
轮次:·17/·20 || c_Loss:0.387 || e_Loss:-1.737 || Aad_Loss:-27.923 || 耗时：12.80s
轮次:·18/·20 || c_Loss:0.430 || e_Loss:-0.860 || Aad_Loss:-27.720 || 耗时：12.82s
轮次:·19/·20 || c_Loss:0.526 || e_Loss:-0.860 || Aad_Loss:-28.079 || 耗时：12.82s
轮次:·20/·20 || c_Loss:0.392 || e_Loss:-0.898 || Aad_Loss:-30.282 || 耗时：12.81s
任务: (B2)N15_M07_F10→(B3)N15_M07_F04; mix批次:····0; 批次:·1880/·1880;  总正确率: 64.03%
类型1 正确率： 100.00% -> 1  100.00%, 2    0.00%, 3    0.00%
类型2 正确率：  42.00% -> 1    0.00%, 2   42.10%, 3   57.90%
类型3 正确率：  50.00% -> 1    9.90%, 2   40.10%, 3   50.00%


测试集任务: (B2)N15_M07_F10→(B3)N15_M07_F04; 总正确率 = 64.03%
类型1 正确率： 100.00% -> 1  100.00%, 2    0.00%, 3    0.00%
类型2 正确率：  42.00% -> 1    0.00%, 2   42.10%, 3   57.90%
类型3 正确率：  50.00% -> 1    9.90%, 2   40.10%, 3   50.00%


