

现在开始拿源域训练集：(B1)N15_M01_F10 进行训练
源域读取路径：/kaggle/working/m2rep/reps1/sdalr_PU_final_checkpoint/DATA_foldA/PU_M1_L3/N15_M01_F10_label.txt
excel输出位置：/kaggle/working/m2rep/reps1/weight_src_PU_M1_FA_s1/NEW_PU/Source-源域
log&pt输出位置：/kaggle/working/m2rep/reps1/weight_src_PU_M1_FA_s1/NEW_PU/Source-源域/log&pt/(B1)N15_M01_F10
特征图片输出位置：/kaggle/working/m2rep/reps1/weight_src_PU_M1_FA_s1/NEW_PU/Picture-特征图/2026年09月15日15时16分/(B1)N15_M01_F10
源域训练开始
轮次:··1/·10 || loss:0.061 || 耗时：9.00s
轮次:··2/·10 || loss:0.036 || 耗时：7.91s
轮次:··3/·10 || loss:0.042 || 耗时：7.95s
轮次:··4/·10 || loss:0.029 || 耗时：8.01s
轮次:··5/·10 || loss:0.006 || 耗时：8.25s
任务: (B1)N15_M01_F10; mix批次:····0; 批次:··330/··660; 总正确率 = 99.82%
类型1 正确率： 100.00% -> 1  100.00%, 2    0.00%, 3    0.00%
类型2 正确率：  99.00% -> 1    0.00%, 2   99.47%, 3    0.53%
类型3 正确率： 100.00% -> 1    0.00%, 2    0.00%, 3  100.00%


轮次:··6/·10 || loss:0.002 || 耗时：8.38s
轮次:··7/·10 || loss:0.106 || 耗时：8.53s
轮次:··8/·10 || loss:0.004 || 耗时：8.64s
轮次:··9/·10 || loss:0.068 || 耗时：8.80s
轮次:·10/·10 || loss:0.006 || 耗时：8.95s
任务: (B1)N15_M01_F10; mix批次:····0; 批次:··660/··660; 总正确率 = 99.82%
类型1 正确率： 100.00% -> 1  100.00%, 2    0.00%, 3    0.00%
类型2 正确率：  99.00% -> 1    0.00%, 2   99.47%, 3    0.53%
类型3 正确率： 100.00% -> 1    0.00%, 2    0.00%, 3  100.00%


测试集任务: (B1)N15_M01_F10; 总正确率 = 99.76%
类型1 正确率： 100.00% -> 1  100.00%, 2    0.00%, 3    0.00%
类型2 正确率：  99.00% -> 1    0.00%, 2   99.27%, 3    0.73%
类型3 正确率： 100.00% -> 1    0.00%, 2    0.00%, 3  100.00%


源域训练结束

训练好之后，测试目标域
目标域路径：/kaggle/working/m2rep/reps1/sdalr_PU_final_checkpoint/DATA_foldA/PU_M1_L3/N15_M07_F10_label.txt
测试目标数据集结果如下：
任务: (B1)N15_M01_F10→(B2)N15_M07_F10, 正确率 = 99.07%
类型1 正确率： 100.00% -> 1  100.00%, 2    0.00%, 3    0.00%
类型2 正确率：  99.00% -> 1    0.24%, 2   99.03%, 3    0.72%
类型3 正确率：  98.00% -> 1    0.00%, 2    1.81%, 3   98.19%

目标域路径：/kaggle/working/m2rep/reps1/sdalr_PU_final_checkpoint/DATA_foldA/PU_M1_L3/N15_M07_F04_label.txt
测试目标数据集结果如下：
任务: (B1)N15_M01_F10→(B3)N15_M07_F04, 正确率 = 80.45%
类型1 正确率： 100.00% -> 1  100.00%, 2    0.00%, 3    0.00%
类型2 正确率：  93.00% -> 1    0.00%, 2   92.68%, 3    7.32%
类型3 正确率：  49.00% -> 1    0.00%, 2   51.32%, 3   48.68%



现在开始拿源域训练集：(B2)N15_M07_F10 进行训练
源域读取路径：/kaggle/working/m2rep/reps1/sdalr_PU_final_checkpoint/DATA_foldA/PU_M1_L3/N15_M07_F10_label.txt
excel输出位置：/kaggle/working/m2rep/reps1/weight_src_PU_M1_FA_s1/NEW_PU/Source-源域
log&pt输出位置：/kaggle/working/m2rep/reps1/weight_src_PU_M1_FA_s1/NEW_PU/Source-源域/log&pt/(B2)N15_M07_F10
特征图片输出位置：/kaggle/working/m2rep/reps1/weight_src_PU_M1_FA_s1/NEW_PU/Picture-特征图/2026年09月15日15时16分/(B2)N15_M07_F10
源域训练开始
轮次:··1/·10 || loss:0.132 || 耗时：8.93s
轮次:··2/·10 || loss:0.059 || 耗时：8.82s
轮次:··3/·10 || loss:0.061 || 耗时：8.76s
轮次:··4/·10 || loss:0.016 || 耗时：8.70s
轮次:··5/·10 || loss:0.020 || 耗时：8.66s
任务: (B2)N15_M07_F10; mix批次:····0; 批次:··330/··660; 总正确率 = 99.35%
类型1 正确率： 100.00% -> 1  100.00%, 2    0.00%, 3    0.00%
类型2 正确率：  99.00% -> 1    0.00%, 2   99.49%, 3    0.51%
类型3 正确率：  99.00% -> 1    0.00%, 2    1.43%, 3   98.57%


轮次:··6/·10 || loss:0.035 || 耗时：8.66s
轮次:··7/·10 || loss:0.004 || 耗时：8.69s
轮次:··8/·10 || loss:0.014 || 耗时：8.74s
轮次:··9/·10 || loss:0.000 || 耗时：8.77s
轮次:·10/·10 || loss:0.033 || 耗时：8.79s
任务: (B2)N15_M07_F10; mix批次:····0; 批次:··660/··660; 总正确率 = 99.66%
类型1 正确率： 100.00% -> 1  100.00%, 2    0.00%, 3    0.00%
类型2 正确率：  99.00% -> 1    0.00%, 2   98.97%, 3    1.03%
类型3 正确率： 100.00% -> 1    0.00%, 2    0.00%, 3  100.00%


测试集任务: (B2)N15_M07_F10; 总正确率 = 99.76%
类型1 正确率： 100.00% -> 1  100.00%, 2    0.00%, 3    0.00%
类型2 正确率： 100.00% -> 1    0.00%, 2   99.53%, 3    0.47%
类型3 正确率： 100.00% -> 1    0.00%, 2    0.26%, 3   99.74%


源域训练结束

训练好之后，测试目标域
目标域路径：/kaggle/working/m2rep/reps1/sdalr_PU_final_checkpoint/DATA_foldA/PU_M1_L3/N15_M01_F10_label.txt
测试目标数据集结果如下：
任务: (B2)N15_M07_F10→(B1)N15_M01_F10, 正确率 = 99.83%
类型1 正确率： 100.00% -> 1  100.00%, 2    0.00%, 3    0.00%
类型2 正确率： 100.00% -> 1    0.00%, 2   99.75%, 3    0.25%
类型3 正确率： 100.00% -> 1    0.00%, 2    0.25%, 3   99.75%

目标域路径：/kaggle/working/m2rep/reps1/sdalr_PU_final_checkpoint/DATA_foldA/PU_M1_L3/N15_M07_F04_label.txt
测试目标数据集结果如下：
任务: (B2)N15_M07_F10→(B3)N15_M07_F04, 正确率 = 85.69%
类型1 正确率： 100.00% -> 1  100.00%, 2    0.00%, 3    0.00%
类型2 正确率：  98.00% -> 1    0.00%, 2   98.23%, 3    1.77%
类型3 正确率：  59.00% -> 1    0.00%, 2   41.16%, 3   58.84%



现在开始拿源域训练集：(B3)N15_M07_F04 进行训练
源域读取路径：/kaggle/working/m2rep/reps1/sdalr_PU_final_checkpoint/DATA_foldA/PU_M1_L3/N15_M07_F04_label.txt
excel输出位置：/kaggle/working/m2rep/reps1/weight_src_PU_M1_FA_s1/NEW_PU/Source-源域
log&pt输出位置：/kaggle/working/m2rep/reps1/weight_src_PU_M1_FA_s1/NEW_PU/Source-源域/log&pt/(B3)N15_M07_F04
特征图片输出位置：/kaggle/working/m2rep/reps1/weight_src_PU_M1_FA_s1/NEW_PU/Picture-特征图/2026年09月15日15时16分/(B3)N15_M07_F04
源域训练开始
轮次:··1/·10 || loss:0.185 || 耗时：8.79s
轮次:··2/·10 || loss:0.010 || 耗时：8.75s
轮次:··3/·10 || loss:0.101 || 耗时：8.77s
轮次:··4/·10 || loss:0.024 || 耗时：8.79s
轮次:··5/·10 || loss:0.003 || 耗时：8.77s
任务: (B3)N15_M07_F04; mix批次:····0; 批次:··330/··660; 总正确率 = 99.50%
类型1 正确率： 100.00% -> 1  100.00%, 2    0.00%, 3    0.00%
类型2 正确率： 100.00% -> 1    0.00%, 2   99.51%, 3    0.49%
类型3 正确率：  99.00% -> 1    0.00%, 2    1.01%, 3   98.99%


轮次:··6/·10 || loss:0.005 || 耗时：8.74s
轮次:··7/·10 || loss:0.001 || 耗时：8.73s
轮次:··8/·10 || loss:0.001 || 耗时：8.73s
轮次:··9/·10 || loss:0.001 || 耗时：8.73s
轮次:·10/·10 || loss:0.001 || 耗时：8.71s
任务: (B3)N15_M07_F04; mix批次:····0; 批次:··660/··660; 总正确率 = 99.67%
类型1 正确率： 100.00% -> 1  100.00%, 2    0.00%, 3    0.00%
类型2 正确率： 100.00% -> 1    0.00%, 2   99.51%, 3    0.49%
类型3 正确率：  99.00% -> 1    0.00%, 2    0.50%, 3   99.50%


测试集任务: (B3)N15_M07_F04; 总正确率 = 99.83%
类型1 正确率： 100.00% -> 1  100.00%, 2    0.00%, 3    0.00%
类型2 正确率：  99.00% -> 1    0.00%, 2   99.49%, 3    0.51%
类型3 正确率： 100.00% -> 1    0.00%, 2    0.00%, 3  100.00%


源域训练结束

训练好之后，测试目标域
目标域路径：/kaggle/working/m2rep/reps1/sdalr_PU_final_checkpoint/DATA_foldA/PU_M1_L3/N15_M01_F10_label.txt
测试目标数据集结果如下：
任务: (B3)N15_M07_F04→(B1)N15_M01_F10, 正确率 = 87.93%
类型1 正确率： 100.00% -> 1   99.75%, 2    0.00%, 3    0.25%
类型2 正确率：  90.00% -> 1    0.00%, 2   90.33%, 3    9.67%
类型3 正确率：  74.00% -> 1    0.00%, 2   26.28%, 3   73.72%

目标域路径：/kaggle/working/m2rep/reps1/sdalr_PU_final_checkpoint/DATA_foldA/PU_M1_L3/N15_M07_F10_label.txt
测试目标数据集结果如下：
任务: (B3)N15_M07_F04→(B2)N15_M07_F10, 正确率 = 88.23%
类型1 正确率： 100.00% -> 1   99.74%, 2    0.26%, 3    0.00%
类型2 正确率：  91.00% -> 1    0.00%, 2   90.62%, 3    9.38%
类型3 正确率：  74.00% -> 1    0.00%, 2   25.67%, 3   74.33%

