读取源域路径：/kaggle/working/shot/weight_PU_M1_shot_FBtoB_s2024/NEW_PU/Source-源域/log&pt/(B1)N15_M01_F10
excel输出位置：/kaggle/working/shot/weight_PU_M1_shot_FBtoB_s2024/NEW_PU/Target-目标域
特征图片输出位置：/kaggle/working/shot/weight_PU_M1_shot_FBtoB_s2024/NEW_PU/Picture-特征图/2026年09月15日20时39分/(B1)N15_M01_F10
现在选取:(B1)N15_M01_F10 进行训练的源模型
现在进行：(B1)N15_M01_F10→(B3)N15_M07_F04 的迁移任务
log&pt输出位置：/kaggle/working/shot/weight_PU_M1_shot_FBtoB_s2024/NEW_PU/Target-目标域/log&pt/(B1)N15_M01_F10→(B3)N15_M07_F04
任务: (B1)N15_M01_F10→(B3)N15_M07_F04; 批次:····0/·1880;  总正确率: 97.50%
类型1 正确率： 100.00% -> 1  100.00%, 2    0.00%, 3    0.00%
类型2 正确率：  93.00% -> 1    0.00%, 2   93.20%, 3    6.80%
类型3 正确率：  99.00% -> 1    0.70%, 2    0.00%, 3   99.30%


SHOT pseudo-labels: model 97.50% -> centroid 98.78%
轮次:··1/·20 || cls:1.768 || im:-1.004 || 耗时：22.54s
SHOT pseudo-labels: model 99.20% -> centroid 99.23%
轮次:··2/·20 || cls:1.776 || im:-0.931 || 耗时：16.65s
SHOT pseudo-labels: model 98.98% -> centroid 99.12%
轮次:··3/·20 || cls:1.247 || im:-0.950 || 耗时：16.51s
SHOT pseudo-labels: model 95.85% -> centroid 87.27%
轮次:··4/·20 || cls:0.966 || im:-0.831 || 耗时：16.28s
SHOT pseudo-labels: model 91.92% -> centroid 80.42%
轮次:··5/·20 || cls:0.897 || im:-0.818 || 耗时：16.32s
SHOT pseudo-labels: model 90.27% -> centroid 78.88%
轮次:··6/·20 || cls:0.695 || im:-0.729 || 耗时：16.46s
SHOT pseudo-labels: model 89.83% -> centroid 78.30%
轮次:··7/·20 || cls:0.914 || im:-0.731 || 耗时：16.64s
SHOT pseudo-labels: model 89.23% -> centroid 76.35%
轮次:··8/·20 || cls:0.941 || im:-0.795 || 耗时：16.62s
SHOT pseudo-labels: model 90.83% -> centroid 76.48%
轮次:··9/·20 || cls:0.893 || im:-0.742 || 耗时：16.52s
SHOT pseudo-labels: model 91.65% -> centroid 75.73%
轮次:·10/·20 || cls:0.515 || im:-0.718 || 耗时：16.46s
SHOT pseudo-labels: model 92.00% -> centroid 74.10%
轮次:·11/·20 || cls:0.718 || im:-0.693 || 耗时：16.39s
SHOT pseudo-labels: model 92.15% -> centroid 75.43%
轮次:·12/·20 || cls:0.722 || im:-0.786 || 耗时：16.34s
SHOT pseudo-labels: model 92.58% -> centroid 75.28%
轮次:·13/·20 || cls:0.741 || im:-0.762 || 耗时：16.37s
SHOT pseudo-labels: model 94.38% -> centroid 73.27%
轮次:·14/·20 || cls:0.733 || im:-0.740 || 耗时：16.38s
SHOT pseudo-labels: model 94.93% -> centroid 75.58%
轮次:·15/·20 || cls:0.661 || im:-0.699 || 耗时：16.40s
SHOT pseudo-labels: model 95.63% -> centroid 74.65%
轮次:·16/·20 || cls:0.662 || im:-0.716 || 耗时：16.37s
SHOT pseudo-labels: model 96.50% -> centroid 75.48%
轮次:·17/·20 || cls:0.788 || im:-0.715 || 耗时：16.40s
SHOT pseudo-labels: model 96.95% -> centroid 76.07%
轮次:·18/·20 || cls:0.814 || im:-0.796 || 耗时：16.38s
SHOT pseudo-labels: model 96.68% -> centroid 74.10%
轮次:·19/·20 || cls:0.844 || im:-0.733 || 耗时：16.43s
SHOT pseudo-labels: model 97.77% -> centroid 76.97%
轮次:·20/·20 || cls:0.700 || im:-0.753 || 耗时：16.40s
测试集任务: (B1)N15_M01_F10→(B3)N15_M07_F04; 总正确率 = 97.85%
类型1 正确率： 100.00% -> 1  100.00%, 2    0.00%, 3    0.00%
类型2 正确率：  95.00% -> 1    0.00%, 2   94.90%, 3    5.10%
类型3 正确率：  99.00% -> 1    0.35%, 2    1.00%, 3   98.65%


