读取源域路径：/kaggle/working/shot/weight_PU_M1_shot_FBtoB_s2024/NEW_PU/Source-源域/log&pt/(B2)N15_M07_F10
excel输出位置：/kaggle/working/shot/weight_PU_M1_shot_FBtoB_s2024/NEW_PU/Target-目标域
特征图片输出位置：/kaggle/working/shot/weight_PU_M1_shot_FBtoB_s2024/NEW_PU/Picture-特征图/2026年09月15日20时50分/(B2)N15_M07_F10
现在选取:(B2)N15_M07_F10 进行训练的源模型
现在进行：(B2)N15_M07_F10→(B3)N15_M07_F04 的迁移任务
log&pt输出位置：/kaggle/working/shot/weight_PU_M1_shot_FBtoB_s2024/NEW_PU/Target-目标域/log&pt/(B2)N15_M07_F10→(B3)N15_M07_F04
任务: (B2)N15_M07_F10→(B3)N15_M07_F04; 批次:····0/·1880;  总正确率: 95.90%
类型1 正确率： 100.00% -> 1  100.00%, 2    0.00%, 3    0.00%
类型2 正确率：  89.00% -> 1    0.00%, 2   88.95%, 3   11.05%
类型3 正确率：  99.00% -> 1    1.25%, 2    0.00%, 3   98.75%


SHOT pseudo-labels: model 95.90% -> centroid 96.80%
轮次:··1/·20 || cls:1.658 || im:-1.020 || 耗时：22.56s
SHOT pseudo-labels: model 98.58% -> centroid 98.67%
轮次:··2/·20 || cls:1.844 || im:-0.967 || 耗时：16.66s
SHOT pseudo-labels: model 98.32% -> centroid 98.25%
轮次:··3/·20 || cls:1.170 || im:-0.938 || 耗时：16.51s
SHOT pseudo-labels: model 94.52% -> centroid 85.58%
轮次:··4/·20 || cls:0.970 || im:-0.871 || 耗时：16.34s
SHOT pseudo-labels: model 91.08% -> centroid 79.13%
轮次:··5/·20 || cls:0.836 || im:-0.833 || 耗时：16.35s
SHOT pseudo-labels: model 90.07% -> centroid 76.42%
轮次:··6/·20 || cls:0.763 || im:-0.790 || 耗时：16.46s
SHOT pseudo-labels: model 88.98% -> centroid 75.28%
轮次:··7/·20 || cls:0.853 || im:-0.705 || 耗时：16.52s
SHOT pseudo-labels: model 88.40% -> centroid 72.30%
轮次:··8/·20 || cls:0.831 || im:-0.765 || 耗时：16.50s
SHOT pseudo-labels: model 89.93% -> centroid 72.35%
轮次:··9/·20 || cls:0.888 || im:-0.708 || 耗时：16.44s
SHOT pseudo-labels: model 90.13% -> centroid 71.35%
轮次:·10/·20 || cls:0.524 || im:-0.710 || 耗时：16.41s
SHOT pseudo-labels: model 89.80% -> centroid 68.87%
轮次:·11/·20 || cls:0.798 || im:-0.699 || 耗时：16.37s
SHOT pseudo-labels: model 89.07% -> centroid 69.18%
轮次:·12/·20 || cls:0.688 || im:-0.789 || 耗时：16.38s
SHOT pseudo-labels: model 89.22% -> centroid 68.12%
轮次:·13/·20 || cls:0.832 || im:-0.747 || 耗时：16.35s
SHOT pseudo-labels: model 90.42% -> centroid 64.50%
轮次:·14/·20 || cls:0.703 || im:-0.721 || 耗时：16.35s
SHOT pseudo-labels: model 90.60% -> centroid 67.37%
轮次:·15/·20 || cls:0.681 || im:-0.662 || 耗时：16.37s
SHOT pseudo-labels: model 90.77% -> centroid 65.67%
轮次:·16/·20 || cls:0.710 || im:-0.723 || 耗时：16.35s
SHOT pseudo-labels: model 91.32% -> centroid 64.85%
轮次:·17/·20 || cls:0.768 || im:-0.721 || 耗时：16.39s
SHOT pseudo-labels: model 91.73% -> centroid 65.55%
轮次:·18/·20 || cls:0.767 || im:-0.754 || 耗时：16.37s
SHOT pseudo-labels: model 91.48% -> centroid 64.12%
轮次:·19/·20 || cls:0.814 || im:-0.696 || 耗时：16.36s
SHOT pseudo-labels: model 93.12% -> centroid 64.58%
轮次:·20/·20 || cls:0.623 || im:-0.774 || 耗时：16.40s
测试集任务: (B2)N15_M07_F10→(B3)N15_M07_F04; 总正确率 = 92.83%
类型1 正确率： 100.00% -> 1   99.95%, 2    0.00%, 3    0.05%
类型2 正确率：  86.00% -> 1    0.00%, 2   85.70%, 3   14.30%
类型3 正确率：  93.00% -> 1    0.30%, 2    6.85%, 3   92.85%


