读取源域路径：/kaggle/working/shot/weight_PU_M1_shot_FBtoB_s2024/NEW_PU/Source-源域/log&pt/(B3)N15_M07_F04
excel输出位置：/kaggle/working/shot/weight_PU_M1_shot_FBtoB_s2024/NEW_PU/Target-目标域
特征图片输出位置：/kaggle/working/shot/weight_PU_M1_shot_FBtoB_s2024/NEW_PU/Picture-特征图/2026年09月15日21时02分/(B3)N15_M07_F04
现在选取:(B3)N15_M07_F04 进行训练的源模型
现在进行：(B3)N15_M07_F04→(B2)N15_M07_F10 的迁移任务
log&pt输出位置：/kaggle/working/shot/weight_PU_M1_shot_FBtoB_s2024/NEW_PU/Target-目标域/log&pt/(B3)N15_M07_F04→(B2)N15_M07_F10
任务: (B3)N15_M07_F04→(B2)N15_M07_F10; 批次:····0/·1880;  总正确率: 99.17%
类型1 正确率： 100.00% -> 1   99.95%, 2    0.00%, 3    0.05%
类型2 正确率： 100.00% -> 1    0.00%, 2  100.00%, 3    0.00%
类型3 正确率：  98.00% -> 1    0.00%, 2    2.45%, 3   97.55%


SHOT pseudo-labels: model 99.17% -> centroid 99.37%
轮次:··1/·20 || cls:1.490 || im:-0.991 || 耗时：22.47s
SHOT pseudo-labels: model 98.67% -> centroid 98.88%
轮次:··2/·20 || cls:2.047 || im:-0.915 || 耗时：16.65s
SHOT pseudo-labels: model 95.28% -> centroid 97.55%
轮次:··3/·20 || cls:1.507 || im:-0.897 || 耗时：16.52s
SHOT pseudo-labels: model 92.95% -> centroid 96.60%
轮次:··4/·20 || cls:1.393 || im:-0.888 || 耗时：16.33s
SHOT pseudo-labels: model 92.33% -> centroid 95.58%
轮次:··5/·20 || cls:1.194 || im:-0.859 || 耗时：16.33s
SHOT pseudo-labels: model 92.75% -> centroid 93.88%
轮次:··6/·20 || cls:0.970 || im:-0.867 || 耗时：16.39s
SHOT pseudo-labels: model 93.27% -> centroid 94.32%
轮次:··7/·20 || cls:1.358 || im:-0.825 || 耗时：16.42s
SHOT pseudo-labels: model 93.62% -> centroid 94.27%
轮次:··8/·20 || cls:1.303 || im:-0.809 || 耗时：16.49s
SHOT pseudo-labels: model 94.05% -> centroid 92.52%
轮次:··9/·20 || cls:0.858 || im:-0.812 || 耗时：16.48s
SHOT pseudo-labels: model 93.98% -> centroid 92.53%
轮次:·10/·20 || cls:0.808 || im:-0.808 || 耗时：16.45s
SHOT pseudo-labels: model 94.42% -> centroid 93.70%
轮次:·11/·20 || cls:0.818 || im:-0.734 || 耗时：16.47s
SHOT pseudo-labels: model 94.60% -> centroid 94.03%
轮次:·12/·20 || cls:1.006 || im:-0.849 || 耗时：16.49s
SHOT pseudo-labels: model 94.63% -> centroid 91.88%
轮次:·13/·20 || cls:0.633 || im:-0.731 || 耗时：16.52s
SHOT pseudo-labels: model 94.87% -> centroid 93.23%
轮次:·14/·20 || cls:0.806 || im:-0.775 || 耗时：16.46s
SHOT pseudo-labels: model 95.20% -> centroid 93.47%
轮次:·15/·20 || cls:0.726 || im:-0.761 || 耗时：16.47s
SHOT pseudo-labels: model 95.42% -> centroid 92.93%
轮次:·16/·20 || cls:0.828 || im:-0.747 || 耗时：16.41s
SHOT pseudo-labels: model 95.58% -> centroid 91.07%
轮次:·17/·20 || cls:0.897 || im:-0.691 || 耗时：16.41s
SHOT pseudo-labels: model 96.10% -> centroid 93.83%
轮次:·18/·20 || cls:0.813 || im:-0.697 || 耗时：16.39s
SHOT pseudo-labels: model 96.55% -> centroid 96.50%
轮次:·19/·20 || cls:0.841 || im:-0.705 || 耗时：16.38s
SHOT pseudo-labels: model 96.57% -> centroid 93.47%
轮次:·20/·20 || cls:0.572 || im:-0.757 || 耗时：16.39s
测试集任务: (B3)N15_M07_F04→(B2)N15_M07_F10; 总正确率 = 97.10%
类型1 正确率： 100.00% -> 1   99.90%, 2    0.00%, 3    0.10%
类型2 正确率：  95.00% -> 1    0.00%, 2   95.25%, 3    4.75%
类型3 正确率：  96.00% -> 1    0.00%, 2    3.85%, 3   96.15%


