读取源域路径：/kaggle/working/shot/weight_PU_M1_shot_FBtoB_s2024/NEW_PU/Source-源域/log&pt/(B3)N15_M07_F04
excel输出位置：/kaggle/working/shot/weight_PU_M1_shot_FBtoB_s2024/NEW_PU/Target-目标域
特征图片输出位置：/kaggle/working/shot/weight_PU_M1_shot_FBtoB_s2024/NEW_PU/Picture-特征图/2026年09月15日20时56分/(B3)N15_M07_F04
现在选取:(B3)N15_M07_F04 进行训练的源模型
现在进行：(B3)N15_M07_F04→(B1)N15_M01_F10 的迁移任务
log&pt输出位置：/kaggle/working/shot/weight_PU_M1_shot_FBtoB_s2024/NEW_PU/Target-目标域/log&pt/(B3)N15_M07_F04→(B1)N15_M01_F10
任务: (B3)N15_M07_F04→(B1)N15_M01_F10; 批次:····0/·1880;  总正确率: 99.47%
类型1 正确率： 100.00% -> 1  100.00%, 2    0.00%, 3    0.00%
类型2 正确率： 100.00% -> 1    0.00%, 2  100.00%, 3    0.00%
类型3 正确率：  98.00% -> 1    0.00%, 2    1.60%, 3   98.40%


SHOT pseudo-labels: model 99.47% -> centroid 99.62%
轮次:··1/·20 || cls:1.539 || im:-1.032 || 耗时：22.57s
SHOT pseudo-labels: model 98.97% -> centroid 99.20%
轮次:··2/·20 || cls:1.915 || im:-0.847 || 耗时：16.67s
SHOT pseudo-labels: model 96.02% -> centroid 98.30%
轮次:··3/·20 || cls:1.426 || im:-0.913 || 耗时：16.57s
SHOT pseudo-labels: model 94.37% -> centroid 97.52%
轮次:··4/·20 || cls:1.431 || im:-0.939 || 耗时：16.34s
SHOT pseudo-labels: model 93.32% -> centroid 96.93%
轮次:··5/·20 || cls:0.980 || im:-0.774 || 耗时：16.31s
SHOT pseudo-labels: model 92.55% -> centroid 96.12%
轮次:··6/·20 || cls:0.823 || im:-0.849 || 耗时：16.38s
SHOT pseudo-labels: model 92.28% -> centroid 95.50%
轮次:··7/·20 || cls:1.233 || im:-0.793 || 耗时：16.47s
SHOT pseudo-labels: model 92.30% -> centroid 94.33%
轮次:··8/·20 || cls:1.037 || im:-0.814 || 耗时：16.53s
SHOT pseudo-labels: model 91.55% -> centroid 94.33%
轮次:··9/·20 || cls:0.686 || im:-0.809 || 耗时：16.48s
SHOT pseudo-labels: model 91.70% -> centroid 94.08%
轮次:·10/·20 || cls:0.805 || im:-0.767 || 耗时：16.48s
SHOT pseudo-labels: model 92.50% -> centroid 89.07%
轮次:·11/·20 || cls:0.823 || im:-0.705 || 耗时：16.44s
SHOT pseudo-labels: model 92.68% -> centroid 84.52%
轮次:·12/·20 || cls:0.860 || im:-0.805 || 耗时：16.43s
SHOT pseudo-labels: model 92.70% -> centroid 83.07%
轮次:·13/·20 || cls:0.747 || im:-0.756 || 耗时：16.42s
SHOT pseudo-labels: model 93.73% -> centroid 87.83%
轮次:·14/·20 || cls:0.681 || im:-0.670 || 耗时：16.37s
SHOT pseudo-labels: model 94.65% -> centroid 83.98%
轮次:·15/·20 || cls:0.762 || im:-0.719 || 耗时：16.40s
SHOT pseudo-labels: model 95.35% -> centroid 87.07%
轮次:·16/·20 || cls:0.801 || im:-0.725 || 耗时：16.39s
SHOT pseudo-labels: model 95.72% -> centroid 86.47%
轮次:·17/·20 || cls:0.778 || im:-0.669 || 耗时：16.40s
SHOT pseudo-labels: model 96.37% -> centroid 85.02%
轮次:·18/·20 || cls:0.809 || im:-0.698 || 耗时：16.34s
SHOT pseudo-labels: model 96.90% -> centroid 82.70%
轮次:·19/·20 || cls:0.905 || im:-0.715 || 耗时：16.35s
SHOT pseudo-labels: model 97.32% -> centroid 83.32%
轮次:·20/·20 || cls:0.648 || im:-0.787 || 耗时：16.35s
测试集任务: (B3)N15_M07_F04→(B1)N15_M01_F10; 总正确率 = 97.73%
类型1 正确率： 100.00% -> 1   99.65%, 2    0.00%, 3    0.35%
类型2 正确率：  96.00% -> 1    0.05%, 2   96.35%, 3    3.60%
类型3 正确率：  97.00% -> 1    0.00%, 2    2.80%, 3   97.20%


