读取源域路径：/kaggle/working/k10/S06/weight_PU_M1_final_checkpoint_FS06toS06c_gateoracle_s2024/NEW_PU/Source-源域/log&pt/(B2)N15_M07_F10
excel输出位置：/kaggle/working/k10/S06/weight_PU_M1_final_checkpoint_FS06toS06c_gateoracle_s2024/NEW_PU/Target-目标域
特征图片输出位置：/kaggle/working/k10/S06/weight_PU_M1_final_checkpoint_FS06toS06c_gateoracle_s2024/NEW_PU/Picture-特征图/2026年09月19日05时19分/(B2)N15_M07_F10
现在选取:(B2)N15_M07_F10 进行训练的源模型
现在进行：(B2)N15_M07_F10→(B1)N15_M01_F10 的迁移任务
log&pt输出位置：/kaggle/working/k10/S06/weight_PU_M1_final_checkpoint_FS06toS06c_gateoracle_s2024/NEW_PU/Target-目标域/log&pt/(B2)N15_M07_F10→(B1)N15_M01_F10
任务: (B2)N15_M07_F10→(B1)N15_M01_F10; 批次:····0/·1880;  总正确率: 75.43%
类型1 正确率： 100.00% -> 1   99.55%, 2    0.05%, 3    0.40%
类型2 正确率：  77.00% -> 1    0.00%, 2   76.55%, 3   23.45%
类型3 正确率：  50.00% -> 1    0.00%, 2   49.80%, 3   50.20%


样本变换：reverse
样本变换：mask
样本变换：shift
样本变换：none
未过滤	未用伪标签：75.43% -> 使用伪标签：74.20%
已过滤	未用伪标签：75.42% -> 使用伪标签：74.95%
排除样本：60|6000	剩余：1996, 2455, 1489
增添样本：1536		细则：0, 540, 996	正确率估算：100.00%
类型1 正确率： 100.00% -> 1   99.95%, 2    0.00%, 3    0.05%
类型2 正确率：  75.00% -> 1    0.00%, 2   74.90%, 3   25.10%
类型3 正确率：  50.00% -> 1    0.00%, 2   49.97%, 3   50.03%

被排除样本 正确率：76.67%
类型1 正确率：  67.00% -> 1   66.67%, 2   33.33%, 3    0.00%
类型2 正确率：  77.00% -> 1    0.00%, 2   76.79%, 3   23.21%
类型3 正确率： 100.00% -> 1    0.00%, 2    0.00%, 3  100.00%


轮次:··1/·20 || c_Loss:0.554 || e_Loss:-1.245 || Aad_Loss:-22.769 || 耗时：36.50s
轮次:··2/·20 || c_Loss:0.377 || e_Loss:-1.561 || Aad_Loss:-22.168 || 耗时：13.92s
轮次:··3/·20 || c_Loss:0.358 || e_Loss:-1.564 || Aad_Loss:-23.561 || 耗时：13.86s
轮次:··4/·20 || c_Loss:0.385 || e_Loss:-1.662 || Aad_Loss:-22.495 || 耗时：13.81s
轮次:··5/·20 || c_Loss:0.393 || e_Loss:-1.598 || Aad_Loss:-22.041 || 耗时：13.79s
任务: (B2)N15_M07_F10→(B1)N15_M01_F10; mix批次:····0; 批次:··470/·1880;  总正确率: 78.15%
类型1 正确率： 100.00% -> 1  100.00%, 2    0.00%, 3    0.00%
类型2 正确率：  84.00% -> 1    0.00%, 2   84.10%, 3   15.90%
类型3 正确率：  50.00% -> 1    0.00%, 2   49.65%, 3   50.35%


样本变换：reverse
样本变换：mask
样本变换：shift
样本变换：none
未过滤	未用伪标签：78.15% -> 使用伪标签：78.92%
已过滤	未用伪标签：78.45% -> 使用伪标签：79.22%
排除样本：23|6000	剩余：2000, 2735, 1242
增添样本：1265		细则：0, 265, 1000	正确率估算：99.45%
类型1 正确率： 100.00% -> 1  100.00%, 2    0.00%, 3    0.00%
类型2 正确率：  88.00% -> 1    0.00%, 2   87.76%, 3   12.24%
类型3 正确率：  50.00% -> 1    0.00%, 2   50.00%, 3   50.00%

被排除样本 正确率：0.00%
类型1 正确率：   0.00% -> 1    0.00%, 2  100.00%
类型2 没有样本或未被分类。


轮次:··6/·20 || c_Loss:0.360 || e_Loss:-1.743 || Aad_Loss:-25.118 || 耗时：36.39s
轮次:··7/·20 || c_Loss:0.347 || e_Loss:-1.767 || Aad_Loss:-26.060 || 耗时：13.75s
轮次:··8/·20 || c_Loss:0.363 || e_Loss:-1.746 || Aad_Loss:-26.836 || 耗时：13.84s
轮次:··9/·20 || c_Loss:0.353 || e_Loss:-1.733 || Aad_Loss:-24.003 || 耗时：13.88s
轮次:·10/·20 || c_Loss:0.364 || e_Loss:-1.792 || Aad_Loss:-24.674 || 耗时：13.85s
任务: (B2)N15_M07_F10→(B1)N15_M01_F10; mix批次:····0; 批次:··940/·1880;  总正确率: 83.32%
类型1 正确率： 100.00% -> 1  100.00%, 2    0.00%, 3    0.00%
类型2 正确率：  94.00% -> 1    0.00%, 2   94.45%, 3    5.55%
类型3 正确率：  56.00% -> 1    0.00%, 2   44.50%, 3   55.50%


样本变换：reverse
样本变换：mask
样本变换：shift
样本变换：none
未过滤	未用伪标签：83.32% -> 使用伪标签：81.65%
已过滤	未用伪标签：83.51% -> 使用伪标签：81.95%
排除样本：22|6000	剩余：2000, 2899, 1079
增添样本：1101		细则：0, 101, 1000	正确率估算：99.82%
类型1 正确率： 100.00% -> 1  100.00%, 2    0.00%, 3    0.00%
类型2 正确率：  96.00% -> 1    0.00%, 2   96.01%, 3    3.99%
类型3 正确率：  50.00% -> 1    0.00%, 2   50.00%, 3   50.00%

被排除样本 正确率：31.82%
类型1 正确率：  32.00% -> 1   31.82%, 2   68.18%
类型2 没有样本或未被分类。


轮次:·11/·20 || c_Loss:0.346 || e_Loss:-1.704 || Aad_Loss:-28.792 || 耗时：36.26s
轮次:·12/·20 || c_Loss:0.364 || e_Loss:-1.855 || Aad_Loss:-26.678 || 耗时：13.73s
轮次:·13/·20 || c_Loss:0.401 || e_Loss:-1.636 || Aad_Loss:-27.998 || 耗时：13.74s
轮次:·14/·20 || c_Loss:0.371 || e_Loss:-1.861 || Aad_Loss:-24.873 || 耗时：13.77s
轮次:·15/·20 || c_Loss:0.375 || e_Loss:-1.822 || Aad_Loss:-23.781 || 耗时：13.79s
任务: (B2)N15_M07_F10→(B1)N15_M01_F10; mix批次:····0; 批次:·1410/·1880;  总正确率: 86.12%
类型1 正确率： 100.00% -> 1  100.00%, 2    0.00%, 3    0.00%
类型2 正确率：  99.00% -> 1    0.00%, 2   98.55%, 3    1.45%
类型3 正确率：  60.00% -> 1    0.00%, 2   40.20%, 3   59.80%


样本变换：reverse
样本变换：mask
样本变换：shift
样本变换：none
未过滤	未用伪标签：86.12% -> 使用伪标签：82.87%
已过滤	未用伪标签：86.17% -> 使用伪标签：82.94%
排除样本：5|6000	剩余：2000, 2972, 1023
增添样本：1028		细则：0, 28, 1000	正确率估算：100.00%
类型1 正确率： 100.00% -> 1  100.00%, 2    0.00%, 3    0.00%
类型2 正确率：  99.00% -> 1    0.00%, 2   98.85%, 3    1.15%
类型3 正确率：  50.00% -> 1    0.00%, 2   50.00%, 3   50.00%

被排除样本 正确率：20.00%
类型1 正确率：  20.00% -> 1   20.00%, 2   80.00%
类型2 没有样本或未被分类。


轮次:·16/·20 || c_Loss:0.381 || e_Loss:-1.853 || Aad_Loss:-22.328 || 耗时：36.42s
轮次:·17/·20 || c_Loss:0.387 || e_Loss:-1.812 || Aad_Loss:-24.040 || 耗时：13.75s
轮次:·18/·20 || c_Loss:0.382 || e_Loss:-1.874 || Aad_Loss:-27.263 || 耗时：13.75s
轮次:·19/·20 || c_Loss:0.381 || e_Loss:-1.853 || Aad_Loss:-27.188 || 耗时：13.74s
轮次:·20/·20 || c_Loss:0.355 || e_Loss:-1.634 || Aad_Loss:-26.403 || 耗时：13.76s
任务: (B2)N15_M07_F10→(B1)N15_M01_F10; mix批次:····0; 批次:·1880/·1880;  总正确率: 86.53%
类型1 正确率： 100.00% -> 1  100.00%, 2    0.00%, 3    0.00%
类型2 正确率：  99.00% -> 1    0.00%, 2   99.45%, 3    0.55%
类型3 正确率：  60.00% -> 1    0.00%, 2   39.85%, 3   60.15%


测试集任务: (B2)N15_M07_F10→(B1)N15_M01_F10; 总正确率 = 86.53%
类型1 正确率： 100.00% -> 1  100.00%, 2    0.00%, 3    0.00%
类型2 正确率：  99.00% -> 1    0.00%, 2   99.45%, 3    0.55%
类型3 正确率：  60.00% -> 1    0.00%, 2   39.85%, 3   60.15%


