读取源域路径：/kaggle/working/k10/S06/weight_PU_M1_final_checkpoint_FS06toS06c_gateoracle_s2024/NEW_PU/Source-源域/log&pt/(B3)N15_M07_F04
excel输出位置：/kaggle/working/k10/S06/weight_PU_M1_final_checkpoint_FS06toS06c_gateoracle_s2024/NEW_PU/Target-目标域
特征图片输出位置：/kaggle/working/k10/S06/weight_PU_M1_final_checkpoint_FS06toS06c_gateoracle_s2024/NEW_PU/Picture-特征图/2026年09月19日05时31分/(B3)N15_M07_F04
现在选取:(B3)N15_M07_F04 进行训练的源模型
现在进行：(B3)N15_M07_F04→(B1)N15_M01_F10 的迁移任务
log&pt输出位置：/kaggle/working/k10/S06/weight_PU_M1_final_checkpoint_FS06toS06c_gateoracle_s2024/NEW_PU/Target-目标域/log&pt/(B3)N15_M07_F04→(B1)N15_M01_F10
任务: (B3)N15_M07_F04→(B1)N15_M01_F10; 批次:····0/·1880;  总正确率: 53.65%
类型1 正确率：  84.00% -> 1   84.00%, 2    0.25%, 3   15.75%
类型2 正确率：  43.00% -> 1    0.00%, 2   43.15%, 3   56.85%
类型3 正确率：  34.00% -> 1    0.00%, 2   66.20%, 3   33.80%


样本变换：reverse
样本变换：mask
样本变换：shift
样本变换：none
未过滤	未用伪标签：53.65% -> 使用伪标签：59.62%
已过滤	未用伪标签：53.73% -> 使用伪标签：60.82%
排除样本：119|6000	剩余：1972, 1645, 2264
增添样本：2339		细则：0, 1340, 999	正确率估算：51.96%
类型1 正确率：  99.00% -> 1   99.05%, 2    0.00%, 3    0.95%
类型2 正确率：  33.00% -> 1    0.00%, 2   33.19%, 3   66.81%
类型3 正确率：  49.00% -> 1    0.00%, 2   51.01%, 3   48.99%

被排除样本 正确率：49.58%
类型1 正确率：   0.00% -> 1    0.00%, 2    0.00%, 3  100.00%
类型2 正确率：  61.00% -> 1    0.00%, 2   61.46%, 3   38.54%
类型3 正确率：   0.00% -> 1    0.00%, 2  100.00%, 3    0.00%


轮次:··1/·20 || c_Loss:0.442 || e_Loss:-1.427 || Aad_Loss:-20.816 || 耗时：37.03s
轮次:··2/·20 || c_Loss:0.335 || e_Loss:-1.581 || Aad_Loss:-18.497 || 耗时：13.90s
轮次:··3/·20 || c_Loss:0.322 || e_Loss:-1.538 || Aad_Loss:-24.076 || 耗时：13.73s
轮次:··4/·20 || c_Loss:0.352 || e_Loss:-1.595 || Aad_Loss:-20.893 || 耗时：13.70s
轮次:··5/·20 || c_Loss:0.325 || e_Loss:-1.665 || Aad_Loss:-22.682 || 耗时：13.80s
任务: (B3)N15_M07_F04→(B1)N15_M01_F10; mix批次:····0; 批次:··470/·1880;  总正确率: 74.17%
类型1 正确率： 100.00% -> 1  100.00%, 2    0.00%, 3    0.00%
类型2 正确率：  59.00% -> 1    0.00%, 2   59.00%, 3   41.00%
类型3 正确率：  64.00% -> 1    0.50%, 2   36.00%, 3   63.50%


样本变换：reverse
样本变换：mask
样本变换：shift
样本变换：none
未过滤	未用伪标签：74.17% -> 使用伪标签：62.03%
已过滤	未用伪标签：74.06% -> 使用伪标签：62.28%
排除样本：24|6000	剩余：2000, 1722, 2254
增添样本：2278		细则：0, 1278, 1000	正确率估算：100.00%
类型1 正确率： 100.00% -> 1  100.00%, 2    0.00%, 3    0.00%
类型2 正确率：  37.00% -> 1    0.00%, 2   36.54%, 3   63.46%
类型3 正确率：  50.00% -> 1    0.00%, 2   50.00%, 3   50.00%

被排除样本 正确率：100.00%
类型1 正确率： 100.00% -> 1  100.00%


轮次:··6/·20 || c_Loss:0.317 || e_Loss:-1.641 || Aad_Loss:-24.204 || 耗时：36.94s
轮次:··7/·20 || c_Loss:0.334 || e_Loss:-1.634 || Aad_Loss:-23.567 || 耗时：13.88s
轮次:··8/·20 || c_Loss:0.325 || e_Loss:-1.719 || Aad_Loss:-22.607 || 耗时：13.87s
轮次:··9/·20 || c_Loss:0.334 || e_Loss:-1.696 || Aad_Loss:-21.129 || 耗时：13.87s
轮次:·10/·20 || c_Loss:0.331 || e_Loss:-1.712 || Aad_Loss:-19.385 || 耗时：13.84s
任务: (B3)N15_M07_F04→(B1)N15_M01_F10; mix批次:····0; 批次:··940/·1880;  总正确率: 75.97%
类型1 正确率： 100.00% -> 1  100.00%, 2    0.00%, 3    0.00%
类型2 正确率：  63.00% -> 1    0.00%, 2   63.45%, 3   36.55%
类型3 正确率：  64.00% -> 1    0.35%, 2   35.20%, 3   64.45%


样本变换：reverse
样本变换：mask
样本变换：shift
样本变换：none
未过滤	未用伪标签：75.97% -> 使用伪标签：67.47%
已过滤	未用伪标签：75.82% -> 使用伪标签：67.89%
排除样本：37|6000	剩余：2000, 2048, 1915
增添样本：1952		细则：0, 952, 1000	正确率估算：100.00%
类型1 正确率： 100.00% -> 1  100.00%, 2    0.00%, 3    0.00%
类型2 正确率：  53.00% -> 1    0.00%, 2   53.39%, 3   46.61%
类型3 正确率：  50.00% -> 1    0.00%, 2   50.00%, 3   50.00%

被排除样本 正确率：100.00%
类型1 正确率： 100.00% -> 1  100.00%


轮次:·11/·20 || c_Loss:0.319 || e_Loss:-1.702 || Aad_Loss:-25.781 || 耗时：36.96s
轮次:·12/·20 || c_Loss:0.324 || e_Loss:-1.598 || Aad_Loss:-23.001 || 耗时：13.70s
轮次:·13/·20 || c_Loss:0.338 || e_Loss:-1.809 || Aad_Loss:-25.070 || 耗时：13.76s
轮次:·14/·20 || c_Loss:0.322 || e_Loss:-1.746 || Aad_Loss:-22.668 || 耗时：13.80s
轮次:·15/·20 || c_Loss:0.341 || e_Loss:-1.550 || Aad_Loss:-24.145 || 耗时：13.94s
任务: (B3)N15_M07_F04→(B1)N15_M01_F10; mix批次:····0; 批次:·1410/·1880;  总正确率: 78.85%
类型1 正确率： 100.00% -> 1  100.00%, 2    0.00%, 3    0.00%
类型2 正确率：  70.00% -> 1    0.00%, 2   70.15%, 3   29.85%
类型3 正确率：  66.00% -> 1    0.15%, 2   33.45%, 3   66.40%


样本变换：reverse
样本变换：mask
样本变换：shift
样本变换：none
未过滤	未用伪标签：78.85% -> 使用伪标签：71.93%
已过滤	未用伪标签：78.83% -> 使用伪标签：71.99%
排除样本：5|6000	剩余：2000, 2316, 1679
增添样本：1684		细则：0, 684, 1000	正确率估算：100.00%
类型1 正确率： 100.00% -> 1  100.00%, 2    0.00%, 3    0.00%
类型2 正确率：  66.00% -> 1    0.00%, 2   65.96%, 3   34.04%
类型3 正确率：  50.00% -> 1    0.00%, 2   50.00%, 3   50.00%

被排除样本 正确率：100.00%
类型1 正确率： 100.00% -> 1  100.00%


轮次:·16/·20 || c_Loss:0.335 || e_Loss:-1.762 || Aad_Loss:-22.094 || 耗时：36.94s
轮次:·17/·20 || c_Loss:0.363 || e_Loss:-1.734 || Aad_Loss:-21.856 || 耗时：13.64s
轮次:·18/·20 || c_Loss:0.318 || e_Loss:-1.676 || Aad_Loss:-26.773 || 耗时：13.64s
轮次:·19/·20 || c_Loss:0.328 || e_Loss:-1.612 || Aad_Loss:-25.215 || 耗时：13.68s
轮次:·20/·20 || c_Loss:0.345 || e_Loss:-1.804 || Aad_Loss:-23.467 || 耗时：13.85s
任务: (B3)N15_M07_F04→(B1)N15_M01_F10; mix批次:····0; 批次:·1880/·1880;  总正确率: 79.27%
类型1 正确率： 100.00% -> 1  100.00%, 2    0.00%, 3    0.00%
类型2 正确率：  75.00% -> 1    0.00%, 2   74.75%, 3   25.25%
类型3 正确率：  63.00% -> 1    1.25%, 2   35.70%, 3   63.05%


测试集任务: (B3)N15_M07_F04→(B1)N15_M01_F10; 总正确率 = 79.27%
类型1 正确率： 100.00% -> 1  100.00%, 2    0.00%, 3    0.00%
类型2 正确率：  75.00% -> 1    0.00%, 2   74.75%, 3   25.25%
类型3 正确率：  63.00% -> 1    1.25%, 2   35.70%, 3   63.05%


