读取源域路径：/kaggle/working/k10/S06/weight_PU_M1_final_checkpoint_FS06toS06c_gateoracle_s2024/NEW_PU/Source-源域/log&pt/(B1)N15_M01_F10
excel输出位置：/kaggle/working/k10/S06/weight_PU_M1_final_checkpoint_FS06toS06c_gateoracle_s2024/NEW_PU/Target-目标域
特征图片输出位置：/kaggle/working/k10/S06/weight_PU_M1_final_checkpoint_FS06toS06c_gateoracle_s2024/NEW_PU/Picture-特征图/2026年09月19日05时06分/(B1)N15_M01_F10
现在选取:(B1)N15_M01_F10 进行训练的源模型
现在进行：(B1)N15_M01_F10→(B2)N15_M07_F10 的迁移任务
log&pt输出位置：/kaggle/working/k10/S06/weight_PU_M1_final_checkpoint_FS06toS06c_gateoracle_s2024/NEW_PU/Target-目标域/log&pt/(B1)N15_M01_F10→(B2)N15_M07_F10
任务: (B1)N15_M01_F10→(B2)N15_M07_F10; 批次:····0/·1880;  总正确率: 73.50%
类型1 正确率：  96.00% -> 1   96.30%, 2    0.05%, 3    3.65%
类型2 正确率：  74.00% -> 1    0.00%, 2   74.10%, 3   25.90%
类型3 正确率：  50.00% -> 1    0.00%, 2   49.90%, 3   50.10%


样本变换：reverse
样本变换：mask
样本变换：shift
样本变换：none
未过滤	未用伪标签：73.50% -> 使用伪标签：73.17%
已过滤	未用伪标签：74.29% -> 使用伪标签：74.66%
排除样本：120|6000	剩余：1911, 2480, 1489
增添样本：1343		细则：0, 431, 912	正确率估算：99.63%
类型1 正确率：  98.00% -> 1   97.60%, 2    0.00%, 3    2.40%
类型2 正确率：  77.00% -> 1    0.00%, 2   76.96%, 3   23.04%
类型3 正确率：  50.00% -> 1    0.00%, 2   50.03%, 3   49.97%

被排除样本 正确率：35.00%
类型1 正确率：  57.00% -> 1   57.14%, 2    0.00%, 3   42.86%
类型2 正确率：  22.00% -> 1    0.00%, 2   22.08%, 3   77.92%
类型3 正确率： 100.00% -> 1    0.00%, 2    0.00%, 3  100.00%


轮次:··1/·20 || c_Loss:0.546 || e_Loss:-1.318 || Aad_Loss:-20.932 || 耗时：36.23s
轮次:··2/·20 || c_Loss:0.353 || e_Loss:-1.557 || Aad_Loss:-23.362 || 耗时：13.57s
轮次:··3/·20 || c_Loss:0.352 || e_Loss:-1.619 || Aad_Loss:-25.358 || 耗时：13.63s
轮次:··4/·20 || c_Loss:0.376 || e_Loss:-1.522 || Aad_Loss:-26.067 || 耗时：13.72s
轮次:··5/·20 || c_Loss:0.347 || e_Loss:-1.648 || Aad_Loss:-23.078 || 耗时：13.79s
任务: (B1)N15_M01_F10→(B2)N15_M07_F10; mix批次:····0; 批次:··470/·1880;  总正确率: 79.05%
类型1 正确率： 100.00% -> 1  100.00%, 2    0.00%, 3    0.00%
类型2 正确率：  87.00% -> 1    0.00%, 2   86.90%, 3   13.10%
类型3 正确率：  50.00% -> 1    0.00%, 2   49.75%, 3   50.25%


样本变换：reverse
样本变换：mask
样本变换：shift
样本变换：none
未过滤	未用伪标签：79.05% -> 使用伪标签：79.20%
已过滤	未用伪标签：79.20% -> 使用伪标签：79.39%
排除样本：14|6000	剩余：2000, 2752, 1234
增添样本：1248		细则：0, 248, 1000	正确率估算：99.68%
类型1 正确率： 100.00% -> 1  100.00%, 2    0.00%, 3    0.00%
类型2 正确率：  88.00% -> 1    0.00%, 2   88.22%, 3   11.78%
类型3 正确率：  50.00% -> 1    0.00%, 2   50.00%, 3   50.00%

被排除样本 正确率：14.29%
类型1 正确率：  14.00% -> 1   14.29%, 2   85.71%
类型2 没有样本或未被分类。


轮次:··6/·20 || c_Loss:0.346 || e_Loss:-1.765 || Aad_Loss:-25.240 || 耗时：36.69s
轮次:··7/·20 || c_Loss:0.380 || e_Loss:-1.769 || Aad_Loss:-23.532 || 耗时：13.71s
轮次:··8/·20 || c_Loss:0.351 || e_Loss:-1.668 || Aad_Loss:-25.354 || 耗时：13.71s
轮次:··9/·20 || c_Loss:0.426 || e_Loss:-1.702 || Aad_Loss:-28.794 || 耗时：13.72s
轮次:·10/·20 || c_Loss:0.368 || e_Loss:-1.863 || Aad_Loss:-25.912 || 耗时：13.75s
任务: (B1)N15_M01_F10→(B2)N15_M07_F10; mix批次:····0; 批次:··940/·1880;  总正确率: 84.38%
类型1 正确率： 100.00% -> 1  100.00%, 2    0.00%, 3    0.00%
类型2 正确率：  96.00% -> 1    0.00%, 2   96.05%, 3    3.95%
类型3 正确率：  57.00% -> 1    0.00%, 2   42.90%, 3   57.10%


样本变换：reverse
样本变换：mask
样本变换：shift
样本变换：none
未过滤	未用伪标签：84.38% -> 使用伪标签：81.00%
已过滤	未用伪标签：84.40% -> 使用伪标签：81.37%
排除样本：27|6000	剩余：2000, 2860, 1113
增添样本：1140		细则：0, 140, 1000	正确率估算：100.00%
类型1 正确率： 100.00% -> 1  100.00%, 2    0.00%, 3    0.00%
类型2 正确率：  94.00% -> 1    0.00%, 2   94.27%, 3    5.73%
类型3 正确率：  50.00% -> 1    0.00%, 2   50.00%, 3   50.00%

被排除样本 正确率：81.48%
类型1 正确率：  81.00% -> 1   81.48%, 2   18.52%
类型2 没有样本或未被分类。


轮次:·11/·20 || c_Loss:0.387 || e_Loss:-1.799 || Aad_Loss:-24.558 || 耗时：36.46s
轮次:·12/·20 || c_Loss:0.361 || e_Loss:-1.805 || Aad_Loss:-23.751 || 耗时：13.82s
轮次:·13/·20 || c_Loss:0.345 || e_Loss:-1.689 || Aad_Loss:-27.742 || 耗时：13.88s
轮次:·14/·20 || c_Loss:0.389 || e_Loss:-1.857 || Aad_Loss:-24.214 || 耗时：13.89s
轮次:·15/·20 || c_Loss:0.351 || e_Loss:-1.726 || Aad_Loss:-27.401 || 耗时：13.87s
任务: (B1)N15_M01_F10→(B2)N15_M07_F10; mix批次:····0; 批次:·1410/·1880;  总正确率: 85.87%
类型1 正确率： 100.00% -> 1  100.00%, 2    0.00%, 3    0.00%
类型2 正确率：  99.00% -> 1    0.00%, 2   99.20%, 3    0.80%
类型3 正确率：  58.00% -> 1    0.00%, 2   41.60%, 3   58.40%


样本变换：reverse
样本变换：mask
样本变换：shift
样本变换：none
未过滤	未用伪标签：85.87% -> 使用伪标签：82.72%
已过滤	未用伪标签：85.91% -> 使用伪标签：82.95%
排除样本：17|6000	剩余：2000, 2963, 1020
增添样本：1037		细则：0, 37, 1000	正确率估算：100.00%
类型1 正确率： 100.00% -> 1  100.00%, 2    0.00%, 3    0.00%
类型2 正确率：  99.00% -> 1    0.00%, 2   98.99%, 3    1.01%
类型3 正确率：  50.00% -> 1    0.00%, 2   50.00%, 3   50.00%

被排除样本 正确率：70.59%
类型1 正确率：  71.00% -> 1   70.59%, 2   29.41%
类型2 没有样本或未被分类。


轮次:·16/·20 || c_Loss:0.345 || e_Loss:-1.683 || Aad_Loss:-29.211 || 耗时：36.65s
轮次:·17/·20 || c_Loss:0.361 || e_Loss:-1.856 || Aad_Loss:-26.991 || 耗时：13.83s
轮次:·18/·20 || c_Loss:0.408 || e_Loss:-1.760 || Aad_Loss:-27.479 || 耗时：13.84s
轮次:·19/·20 || c_Loss:0.361 || e_Loss:-1.862 || Aad_Loss:-28.456 || 耗时：13.85s
轮次:·20/·20 || c_Loss:0.397 || e_Loss:-1.838 || Aad_Loss:-26.113 || 耗时：13.85s
任务: (B1)N15_M01_F10→(B2)N15_M07_F10; mix批次:····0; 批次:·1880/·1880;  总正确率: 88.27%
类型1 正确率： 100.00% -> 1  100.00%, 2    0.00%, 3    0.00%
类型2 正确率： 100.00% -> 1    0.00%, 2   99.90%, 3    0.10%
类型3 正确率：  65.00% -> 1    1.25%, 2   33.85%, 3   64.90%


测试集任务: (B1)N15_M01_F10→(B2)N15_M07_F10; 总正确率 = 88.27%
类型1 正确率： 100.00% -> 1  100.00%, 2    0.00%, 3    0.00%
类型2 正确率： 100.00% -> 1    0.00%, 2   99.90%, 3    0.10%
类型3 正确率：  65.00% -> 1    1.25%, 2   33.85%, 3   64.90%


