读取源域路径：/kaggle/working/k10/S06/weight_PU_M1_final_checkpoint_FS06toS06c_gateoracle_s2024/NEW_PU/Source-源域/log&pt/(B3)N15_M07_F04
excel输出位置：/kaggle/working/k10/S06/weight_PU_M1_final_checkpoint_FS06toS06c_gateoracle_s2024/NEW_PU/Target-目标域
特征图片输出位置：/kaggle/working/k10/S06/weight_PU_M1_final_checkpoint_FS06toS06c_gateoracle_s2024/NEW_PU/Picture-特征图/2026年09月19日05时38分/(B3)N15_M07_F04
现在选取:(B3)N15_M07_F04 进行训练的源模型
现在进行：(B3)N15_M07_F04→(B2)N15_M07_F10 的迁移任务
log&pt输出位置：/kaggle/working/k10/S06/weight_PU_M1_final_checkpoint_FS06toS06c_gateoracle_s2024/NEW_PU/Target-目标域/log&pt/(B3)N15_M07_F04→(B2)N15_M07_F10
任务: (B3)N15_M07_F04→(B2)N15_M07_F10; 批次:····0/·1880;  总正确率: 49.37%
类型1 正确率：  82.00% -> 1   81.65%, 2    0.00%, 3   18.35%
类型2 正确率：  46.00% -> 1    0.00%, 2   45.95%, 3   54.05%
类型3 正确率：  20.00% -> 1    0.00%, 2   79.50%, 3   20.50%


样本变换：reverse
样本变换：mask
样本变换：shift
样本变换：none
未过滤	未用伪标签：49.37% -> 使用伪标签：52.20%
已过滤	未用伪标签：50.28% -> 使用伪标签：56.34%
排除样本：441|6000	剩余：1976, 2333, 1250
增添样本：2796		细则：0, 1152, 1644	正确率估算：74.48%
类型1 正确率：  99.00% -> 1   99.25%, 2    0.00%, 3    0.75%
类型2 正确率：  48.00% -> 1    0.00%, 2   47.71%, 3   52.29%
类型3 正确率：  18.00% -> 1    0.00%, 2   81.97%, 3   18.03%

被排除样本 正确率：37.87%
类型1 正确率：   0.00% -> 1    0.00%, 2    0.00%, 3  100.00%
类型2 正确率：  49.00% -> 1    0.00%, 2   49.08%, 3   50.92%
类型3 正确率：  21.00% -> 1    0.00%, 2   79.25%, 3   20.75%


轮次:··1/·20 || c_Loss:0.425 || e_Loss:-1.500 || Aad_Loss:-18.344 || 耗时：36.53s
轮次:··2/·20 || c_Loss:0.386 || e_Loss:-1.327 || Aad_Loss:-24.171 || 耗时：13.90s
轮次:··3/·20 || c_Loss:0.396 || e_Loss:-1.403 || Aad_Loss:-21.168 || 耗时：13.81s
轮次:··4/·20 || c_Loss:0.386 || e_Loss:-1.317 || Aad_Loss:-26.935 || 耗时：13.76s
轮次:··5/·20 || c_Loss:0.433 || e_Loss:-1.455 || Aad_Loss:-20.048 || 耗时：13.77s
任务: (B3)N15_M07_F04→(B2)N15_M07_F10; mix批次:····0; 批次:··470/·1880;  总正确率: 80.55%
类型1 正确率： 100.00% -> 1  100.00%, 2    0.00%, 3    0.00%
类型2 正确率：  85.00% -> 1    0.00%, 2   85.20%, 3   14.80%
类型3 正确率：  56.00% -> 1    0.00%, 2   43.55%, 3   56.45%


样本变换：reverse
样本变换：mask
样本变换：shift
样本变换：none
未过滤	未用伪标签：80.55% -> 使用伪标签：76.67%
已过滤	未用伪标签：80.99% -> 使用伪标签：78.57%
排除样本：145|6000	剩余：2000, 2608, 1247
增添样本：1400		细则：0, 369, 1031	正确率估算：95.59%
类型1 正确率： 100.00% -> 1  100.00%, 2    0.00%, 3    0.00%
类型2 正确率：  85.00% -> 1    0.00%, 2   85.44%, 3   14.56%
类型3 正确率：  50.00% -> 1    0.00%, 2   50.21%, 3   49.79%

被排除样本 正确率：62.76%
类型1 正确率：  55.00% -> 1   54.95%, 2   45.05%
类型2 正确率：  76.00% -> 1   24.07%, 2   75.93%


轮次:··6/·20 || c_Loss:0.367 || e_Loss:-1.638 || Aad_Loss:-20.081 || 耗时：36.57s
轮次:··7/·20 || c_Loss:0.361 || e_Loss:-1.415 || Aad_Loss:-31.484 || 耗时：13.81s
轮次:··8/·20 || c_Loss:0.375 || e_Loss:-1.688 || Aad_Loss:-20.449 || 耗时：13.84s
轮次:··9/·20 || c_Loss:0.348 || e_Loss:-1.632 || Aad_Loss:-23.122 || 耗时：13.89s
轮次:·10/·20 || c_Loss:0.427 || e_Loss:-1.661 || Aad_Loss:-21.205 || 耗时：13.87s
任务: (B3)N15_M07_F04→(B2)N15_M07_F10; mix批次:····0; 批次:··940/·1880;  总正确率: 82.95%
类型1 正确率： 100.00% -> 1  100.00%, 2    0.00%, 3    0.00%
类型2 正确率：  85.00% -> 1    0.00%, 2   84.80%, 3   15.20%
类型3 正确率：  64.00% -> 1    0.00%, 2   35.95%, 3   64.05%


样本变换：reverse
样本变换：mask
样本变换：shift
样本变换：none
未过滤	未用伪标签：82.95% -> 使用伪标签：80.38%
已过滤	未用伪标签：83.25% -> 使用伪标签：80.79%
排除样本：30|6000	剩余：2000, 2804, 1166
增添样本：1177		细则：0, 183, 994	正确率估算：98.90%
类型1 正确率： 100.00% -> 1  100.00%, 2    0.00%, 3    0.00%
类型2 正确率：  92.00% -> 1    0.00%, 2   91.91%, 3    8.09%
类型3 正确率：  50.00% -> 1    0.00%, 2   49.52%, 3   50.48%

被排除样本 正确率：23.33%
类型1 正确率：   0.00% -> 1    0.00%, 2  100.00%
类型2 正确率： 100.00% -> 1    0.00%, 2  100.00%


轮次:·11/·20 || c_Loss:0.365 || e_Loss:-1.773 || Aad_Loss:-22.786 || 耗时：36.51s
轮次:·12/·20 || c_Loss:0.435 || e_Loss:-1.746 || Aad_Loss:-25.189 || 耗时：13.70s
轮次:·13/·20 || c_Loss:0.370 || e_Loss:-1.769 || Aad_Loss:-20.744 || 耗时：13.71s
轮次:·14/·20 || c_Loss:0.402 || e_Loss:-1.714 || Aad_Loss:-22.951 || 耗时：13.70s
轮次:·15/·20 || c_Loss:0.355 || e_Loss:-1.858 || Aad_Loss:-22.949 || 耗时：13.70s
任务: (B3)N15_M07_F04→(B2)N15_M07_F10; mix批次:····0; 批次:·1410/·1880;  总正确率: 83.73%
类型1 正确率： 100.00% -> 1  100.00%, 2    0.00%, 3    0.00%
类型2 正确率：  90.00% -> 1    0.00%, 2   90.45%, 3    9.55%
类型3 正确率：  61.00% -> 1    2.05%, 2   37.20%, 3   60.75%


样本变换：reverse
样本变换：mask
样本变换：shift
样本变换：none
未过滤	未用伪标签：83.73% -> 使用伪标签：81.20%
已过滤	未用伪标签：84.02% -> 使用伪标签：81.54%
排除样本：25|6000	剩余：2000, 2855, 1120
增添样本：1128		细则：0, 135, 993	正确率估算：99.65%
类型1 正确率： 100.00% -> 1  100.00%, 2    0.00%, 3    0.00%
类型2 正确率：  94.00% -> 1    0.00%, 2   94.29%, 3    5.71%
类型3 正确率：  50.00% -> 1    0.00%, 2   49.57%, 3   50.43%

被排除样本 正确率：16.00%
类型1 正确率：   5.00% -> 1    4.55%, 2   95.45%
类型2 正确率： 100.00% -> 1    0.00%, 2  100.00%


轮次:·16/·20 || c_Loss:0.444 || e_Loss:-1.651 || Aad_Loss:-23.992 || 耗时：36.51s
轮次:·17/·20 || c_Loss:0.351 || e_Loss:-1.854 || Aad_Loss:-25.930 || 耗时：13.84s
轮次:·18/·20 || c_Loss:0.398 || e_Loss:-1.889 || Aad_Loss:-24.356 || 耗时：13.84s
轮次:·19/·20 || c_Loss:0.386 || e_Loss:-1.853 || Aad_Loss:-23.557 || 耗时：13.83s
轮次:·20/·20 || c_Loss:0.355 || e_Loss:-1.845 || Aad_Loss:-26.244 || 耗时：13.80s
任务: (B3)N15_M07_F04→(B2)N15_M07_F10; mix批次:····0; 批次:·1880/·1880;  总正确率: 86.88%
类型1 正确率： 100.00% -> 1  100.00%, 2    0.00%, 3    0.00%
类型2 正确率：  92.00% -> 1    0.00%, 2   92.40%, 3    7.60%
类型3 正确率：  68.00% -> 1    4.35%, 2   27.40%, 3   68.25%


测试集任务: (B3)N15_M07_F04→(B2)N15_M07_F10; 总正确率 = 86.88%
类型1 正确率： 100.00% -> 1  100.00%, 2    0.00%, 3    0.00%
类型2 正确率：  92.00% -> 1    0.00%, 2   92.40%, 3    7.60%
类型3 正确率：  68.00% -> 1    4.35%, 2   27.40%, 3   68.25%


