读取源域路径：/kaggle/working/k10/S06/weight_PU_M1_final_checkpoint_FS06toS06c_gateoracle_s2024/NEW_PU/Source-源域/log&pt/(B1)N15_M01_F10
excel输出位置：/kaggle/working/k10/S06/weight_PU_M1_final_checkpoint_FS06toS06c_gateoracle_s2024/NEW_PU/Target-目标域
特征图片输出位置：/kaggle/working/k10/S06/weight_PU_M1_final_checkpoint_FS06toS06c_gateoracle_s2024/NEW_PU/Picture-特征图/2026年09月19日05时12分/(B1)N15_M01_F10
现在选取:(B1)N15_M01_F10 进行训练的源模型
现在进行：(B1)N15_M01_F10→(B3)N15_M07_F04 的迁移任务
log&pt输出位置：/kaggle/working/k10/S06/weight_PU_M1_final_checkpoint_FS06toS06c_gateoracle_s2024/NEW_PU/Target-目标域/log&pt/(B1)N15_M01_F10→(B3)N15_M07_F04
任务: (B1)N15_M01_F10→(B3)N15_M07_F04; 批次:····0/·1880;  总正确率: 73.43%
类型1 正确率： 100.00% -> 1   99.50%, 2    0.05%, 3    0.45%
类型2 正确率：  71.00% -> 1    0.00%, 2   70.75%, 3   29.25%
类型3 正确率：  50.00% -> 1    0.00%, 2   49.95%, 3   50.05%


样本变换：reverse
样本变换：mask
样本变换：shift
样本变换：none
未过滤	未用伪标签：73.43% -> 使用伪标签：73.10%
已过滤	未用伪标签：73.74% -> 使用伪标签：73.79%
排除样本：56|6000	剩余：1998, 2388, 1558
增添样本：1608		细则：0, 610, 998	正确率估算：99.38%
类型1 正确率： 100.00% -> 1  100.00%, 2    0.00%, 3    0.00%
类型2 正确率：  71.00% -> 1    0.00%, 2   71.33%, 3   28.67%
类型3 正确率：  50.00% -> 1    0.00%, 2   50.00%, 3   50.00%

被排除样本 正确率：41.07%
类型1 正确率：  50.00% -> 1   50.00%, 2    0.00%, 3   50.00%
类型2 正确率：  41.00% -> 1    0.00%, 2   40.74%, 3   59.26%
类型3 没有样本或未被分类。


轮次:··1/·20 || c_Loss:0.567 || e_Loss:-1.292 || Aad_Loss:-24.077 || 耗时：36.62s
轮次:··2/·20 || c_Loss:0.344 || e_Loss:-1.444 || Aad_Loss:-22.712 || 耗时：13.89s
轮次:··3/·20 || c_Loss:0.340 || e_Loss:-1.595 || Aad_Loss:-21.230 || 耗时：13.92s
轮次:··4/·20 || c_Loss:0.362 || e_Loss:-1.571 || Aad_Loss:-20.057 || 耗时：13.91s
轮次:··5/·20 || c_Loss:0.348 || e_Loss:-1.486 || Aad_Loss:-23.379 || 耗时：13.91s
任务: (B1)N15_M01_F10→(B3)N15_M07_F04; mix批次:····0; 批次:··470/·1880;  总正确率: 75.85%
类型1 正确率： 100.00% -> 1  100.00%, 2    0.00%, 3    0.00%
类型2 正确率：  78.00% -> 1    0.00%, 2   77.55%, 3   22.45%
类型3 正确率：  50.00% -> 1    0.00%, 2   50.00%, 3   50.00%


样本变换：reverse
样本变换：mask
样本变换：shift
样本变换：none
未过滤	未用伪标签：75.85% -> 使用伪标签：78.25%
已过滤	未用伪标签：76.01% -> 使用伪标签：78.42%
排除样本：13|6000	剩余：2000, 2695, 1292
增添样本：1305		细则：0, 305, 1000	正确率估算：97.70%
类型1 正确率： 100.00% -> 1  100.00%, 2    0.00%, 3    0.00%
类型2 正确率：  85.00% -> 1    0.00%, 2   85.30%, 3   14.70%
类型3 正确率：  50.00% -> 1    0.00%, 2   50.00%, 3   50.00%

被排除样本 正确率：0.00%
类型1 正确率：   0.00% -> 1    0.00%, 2  100.00%
类型2 没有样本或未被分类。


轮次:··6/·20 || c_Loss:0.348 || e_Loss:-1.492 || Aad_Loss:-25.985 || 耗时：36.78s
轮次:··7/·20 || c_Loss:0.389 || e_Loss:-1.505 || Aad_Loss:-25.377 || 耗时：13.77s
轮次:··8/·20 || c_Loss:0.364 || e_Loss:-1.484 || Aad_Loss:-27.289 || 耗时：13.77s
轮次:··9/·20 || c_Loss:0.396 || e_Loss:-1.573 || Aad_Loss:-24.919 || 耗时：13.79s
轮次:·10/·20 || c_Loss:0.456 || e_Loss:-1.504 || Aad_Loss:-23.963 || 耗时：13.79s
任务: (B1)N15_M01_F10→(B3)N15_M07_F04; mix批次:····0; 批次:··940/·1880;  总正确率: 78.27%
类型1 正确率： 100.00% -> 1  100.00%, 2    0.00%, 3    0.00%
类型2 正确率：  85.00% -> 1    0.00%, 2   84.80%, 3   15.20%
类型3 正确率：  50.00% -> 1    0.00%, 2   50.00%, 3   50.00%


样本变换：reverse
样本变换：mask
样本变换：shift
样本变换：none
未过滤	未用伪标签：78.27% -> 使用伪标签：79.13%
已过滤	未用伪标签：78.40% -> 使用伪标签：79.27%
排除样本：10|6000	剩余：2000, 2748, 1242
增添样本：1252		细则：0, 252, 1000	正确率估算：99.44%
类型1 正确率： 100.00% -> 1  100.00%, 2    0.00%, 3    0.00%
类型2 正确率：  88.00% -> 1    0.00%, 2   87.84%, 3   12.16%
类型3 正确率：  50.00% -> 1    0.00%, 2   50.00%, 3   50.00%

被排除样本 正确率：0.00%
类型1 正确率：   0.00% -> 1    0.00%, 2  100.00%
类型2 没有样本或未被分类。


轮次:·11/·20 || c_Loss:0.478 || e_Loss:-1.573 || Aad_Loss:-24.282 || 耗时：36.89s
轮次:·12/·20 || c_Loss:0.385 || e_Loss:-1.572 || Aad_Loss:-24.314 || 耗时：13.79s
轮次:·13/·20 || c_Loss:0.348 || e_Loss:-1.433 || Aad_Loss:-28.788 || 耗时：13.74s
轮次:·14/·20 || c_Loss:0.383 || e_Loss:-1.574 || Aad_Loss:-24.761 || 耗时：13.75s
轮次:·15/·20 || c_Loss:0.390 || e_Loss:-1.457 || Aad_Loss:-26.740 || 耗时：13.74s
任务: (B1)N15_M01_F10→(B3)N15_M07_F04; mix批次:····0; 批次:·1410/·1880;  总正确率: 78.90%
类型1 正确率： 100.00% -> 1  100.00%, 2    0.00%, 3    0.00%
类型2 正确率：  87.00% -> 1    0.00%, 2   86.70%, 3   13.30%
类型3 正确率：  50.00% -> 1    0.00%, 2   50.00%, 3   50.00%


样本变换：reverse
样本变换：mask
样本变换：shift
样本变换：none
未过滤	未用伪标签：78.90% -> 使用伪标签：79.42%
已过滤	未用伪标签：78.99% -> 使用伪标签：79.54%
排除样本：9|6000	剩余：2000, 2765, 1226
增添样本：1235		细则：0, 235, 1000	正确率估算：99.51%
类型1 正确率： 100.00% -> 1  100.00%, 2    0.00%, 3    0.00%
类型2 正确率：  89.00% -> 1    0.00%, 2   88.65%, 3   11.35%
类型3 正确率：  50.00% -> 1    0.00%, 2   50.00%, 3   50.00%

被排除样本 正确率：22.22%
类型1 正确率：  22.00% -> 1   22.22%, 2   77.78%
类型2 没有样本或未被分类。


轮次:·16/·20 || c_Loss:0.446 || e_Loss:-1.636 || Aad_Loss:-24.484 || 耗时：36.64s
轮次:·17/·20 || c_Loss:0.431 || e_Loss:-1.547 || Aad_Loss:-27.248 || 耗时：13.75s
轮次:·18/·20 || c_Loss:0.347 || e_Loss:-1.559 || Aad_Loss:-26.358 || 耗时：13.79s
轮次:·19/·20 || c_Loss:0.357 || e_Loss:-1.573 || Aad_Loss:-23.963 || 耗时：13.84s
轮次:·20/·20 || c_Loss:0.372 || e_Loss:-1.489 || Aad_Loss:-25.676 || 耗时：13.77s
任务: (B1)N15_M01_F10→(B3)N15_M07_F04; mix批次:····0; 批次:·1880/·1880;  总正确率: 79.60%
类型1 正确率： 100.00% -> 1  100.00%, 2    0.00%, 3    0.00%
类型2 正确率：  89.00% -> 1    0.00%, 2   88.80%, 3   11.20%
类型3 正确率：  50.00% -> 1    0.05%, 2   49.95%, 3   50.00%


测试集任务: (B1)N15_M01_F10→(B3)N15_M07_F04; 总正确率 = 79.60%
类型1 正确率： 100.00% -> 1  100.00%, 2    0.00%, 3    0.00%
类型2 正确率：  89.00% -> 1    0.00%, 2   88.80%, 3   11.20%
类型3 正确率：  50.00% -> 1    0.05%, 2   49.95%, 3   50.00%


