读取源域路径：/kaggle/working/k10/S06/weight_PU_M1_final_checkpoint_FS06toS06c_gateoracle_s2024/NEW_PU/Source-源域/log&pt/(B2)N15_M07_F10
excel输出位置：/kaggle/working/k10/S06/weight_PU_M1_final_checkpoint_FS06toS06c_gateoracle_s2024/NEW_PU/Target-目标域
特征图片输出位置：/kaggle/working/k10/S06/weight_PU_M1_final_checkpoint_FS06toS06c_gateoracle_s2024/NEW_PU/Picture-特征图/2026年09月19日05时25分/(B2)N15_M07_F10
现在选取:(B2)N15_M07_F10 进行训练的源模型
现在进行：(B2)N15_M07_F10→(B3)N15_M07_F04 的迁移任务
log&pt输出位置：/kaggle/working/k10/S06/weight_PU_M1_final_checkpoint_FS06toS06c_gateoracle_s2024/NEW_PU/Target-目标域/log&pt/(B2)N15_M07_F10→(B3)N15_M07_F04
任务: (B2)N15_M07_F10→(B3)N15_M07_F04; 批次:····0/·1880;  总正确率: 75.77%
类型1 正确率： 100.00% -> 1   99.85%, 2    0.05%, 3    0.10%
类型2 正确率：  77.00% -> 1    0.00%, 2   76.60%, 3   23.40%
类型3 正确率：  51.00% -> 1    0.00%, 2   49.15%, 3   50.85%


样本变换：reverse
样本变换：mask
样本变换：shift
样本变换：none
未过滤	未用伪标签：75.77% -> 使用伪标签：75.42%
已过滤	未用伪标签：76.19% -> 使用伪标签：76.46%
排除样本：82|6000	剩余：1997, 2518, 1403
增添样本：1466		细则：0, 471, 995	正确率估算：99.52%
类型1 正确率： 100.00% -> 1  100.00%, 2    0.00%, 3    0.00%
类型2 正确率：  79.00% -> 1    0.00%, 2   79.19%, 3   20.81%
类型3 正确率：  50.00% -> 1    0.00%, 2   49.75%, 3   50.25%

被排除样本 正确率：45.12%
类型1 正确率：  67.00% -> 1   66.67%, 2   33.33%, 3    0.00%
类型2 正确率：  40.00% -> 1    0.00%, 2   39.73%, 3   60.27%
类型3 正确率： 100.00% -> 1    0.00%, 2    0.00%, 3  100.00%


轮次:··1/·20 || c_Loss:0.556 || e_Loss:-1.228 || Aad_Loss:-22.200 || 耗时：36.82s
轮次:··2/·20 || c_Loss:0.370 || e_Loss:-1.351 || Aad_Loss:-23.067 || 耗时：13.88s
轮次:··3/·20 || c_Loss:0.423 || e_Loss:-1.439 || Aad_Loss:-26.687 || 耗时：13.73s
轮次:··4/·20 || c_Loss:0.384 || e_Loss:-1.495 || Aad_Loss:-24.602 || 耗时：13.71s
轮次:··5/·20 || c_Loss:0.365 || e_Loss:-1.454 || Aad_Loss:-26.139 || 耗时：13.74s
任务: (B2)N15_M07_F10→(B3)N15_M07_F04; mix批次:····0; 批次:··470/·1880;  总正确率: 77.57%
类型1 正确率： 100.00% -> 1  100.00%, 2    0.00%, 3    0.00%
类型2 正确率：  83.00% -> 1    0.00%, 2   82.70%, 3   17.30%
类型3 正确率：  50.00% -> 1    0.00%, 2   50.00%, 3   50.00%


样本变换：reverse
样本变换：mask
样本变换：shift
样本变换：none
未过滤	未用伪标签：77.57% -> 使用伪标签：79.10%
已过滤	未用伪标签：77.63% -> 使用伪标签：79.17%
排除样本：5|6000	剩余：2000, 2746, 1249
增添样本：1254		细则：0, 254, 1000	正确率估算：99.12%
类型1 正确率： 100.00% -> 1  100.00%, 2    0.00%, 3    0.00%
类型2 正确率：  88.00% -> 1    0.00%, 2   87.52%, 3   12.48%
类型3 正确率：  50.00% -> 1    0.00%, 2   50.00%, 3   50.00%

被排除样本 正确率：0.00%
类型1 正确率：   0.00% -> 1    0.00%, 2  100.00%
类型2 没有样本或未被分类。


轮次:··6/·20 || c_Loss:0.397 || e_Loss:-1.327 || Aad_Loss:-26.612 || 耗时：36.43s
轮次:··7/·20 || c_Loss:0.405 || e_Loss:-1.576 || Aad_Loss:-25.695 || 耗时：13.70s
轮次:··8/·20 || c_Loss:0.418 || e_Loss:-1.492 || Aad_Loss:-25.038 || 耗时：13.74s
轮次:··9/·20 || c_Loss:0.369 || e_Loss:-1.498 || Aad_Loss:-25.702 || 耗时：13.75s
轮次:·10/·20 || c_Loss:0.408 || e_Loss:-1.550 || Aad_Loss:-24.292 || 耗时：13.75s
任务: (B2)N15_M07_F10→(B3)N15_M07_F04; mix批次:····0; 批次:··940/·1880;  总正确率: 78.08%
类型1 正确率： 100.00% -> 1  100.00%, 2    0.00%, 3    0.00%
类型2 正确率：  84.00% -> 1    0.00%, 2   84.25%, 3   15.75%
类型3 正确率：  50.00% -> 1    0.00%, 2   50.00%, 3   50.00%


样本变换：reverse
样本变换：mask
样本变换：shift
样本变换：none
未过滤	未用伪标签：78.08% -> 使用伪标签：79.23%
已过滤	未用伪标签：78.20% -> 使用伪标签：79.35%
排除样本：9|6000	剩余：2000, 2754, 1237
增添样本：1246		细则：0, 246, 1000	正确率估算：99.20%
类型1 正确率： 100.00% -> 1  100.00%, 2    0.00%, 3    0.00%
类型2 正确率：  88.00% -> 1    0.00%, 2   88.10%, 3   11.90%
类型3 正确率：  50.00% -> 1    0.00%, 2   50.00%, 3   50.00%

被排除样本 正确率：0.00%
类型1 正确率：   0.00% -> 1    0.00%, 2  100.00%
类型2 没有样本或未被分类。


轮次:·11/·20 || c_Loss:0.415 || e_Loss:-1.555 || Aad_Loss:-24.858 || 耗时：36.67s
轮次:·12/·20 || c_Loss:0.481 || e_Loss:-1.456 || Aad_Loss:-26.822 || 耗时：13.75s
轮次:·13/·20 || c_Loss:0.374 || e_Loss:-1.426 || Aad_Loss:-25.541 || 耗时：13.79s
轮次:·14/·20 || c_Loss:0.406 || e_Loss:-1.571 || Aad_Loss:-22.403 || 耗时：13.78s
轮次:·15/·20 || c_Loss:0.383 || e_Loss:-1.504 || Aad_Loss:-26.032 || 耗时：13.79s
任务: (B2)N15_M07_F10→(B3)N15_M07_F04; mix批次:····0; 批次:·1410/·1880;  总正确率: 78.97%
类型1 正确率： 100.00% -> 1  100.00%, 2    0.00%, 3    0.00%
类型2 正确率：  87.00% -> 1    0.00%, 2   86.90%, 3   13.10%
类型3 正确率：  50.00% -> 1    0.00%, 2   50.00%, 3   50.00%


样本变换：reverse
样本变换：mask
样本变换：shift
样本变换：none
未过滤	未用伪标签：78.97% -> 使用伪标签：79.70%
已过滤	未用伪标签：79.10% -> 使用伪标签：79.83%
排除样本：10|6000	剩余：2000, 2782, 1208
增添样本：1218		细则：0, 218, 1000	正确率估算：99.26%
类型1 正确率： 100.00% -> 1  100.00%, 2    0.00%, 3    0.00%
类型2 正确率：  90.00% -> 1    0.00%, 2   89.55%, 3   10.45%
类型3 正确率：  50.00% -> 1    0.00%, 2   50.00%, 3   50.00%

被排除样本 正确率：0.00%
类型1 正确率：   0.00% -> 1    0.00%, 2  100.00%
类型2 没有样本或未被分类。


轮次:·16/·20 || c_Loss:0.443 || e_Loss:-1.579 || Aad_Loss:-23.607 || 耗时：36.60s
轮次:·17/·20 || c_Loss:0.389 || e_Loss:-1.636 || Aad_Loss:-26.621 || 耗时：13.77s
轮次:·18/·20 || c_Loss:0.422 || e_Loss:-1.478 || Aad_Loss:-28.736 || 耗时：13.78s
轮次:·19/·20 || c_Loss:0.396 || e_Loss:-1.602 || Aad_Loss:-24.986 || 耗时：13.77s
轮次:·20/·20 || c_Loss:0.409 || e_Loss:-1.474 || Aad_Loss:-28.546 || 耗时：13.79s
任务: (B2)N15_M07_F10→(B3)N15_M07_F04; mix批次:····0; 批次:·1880/·1880;  总正确率: 79.08%
类型1 正确率： 100.00% -> 1  100.00%, 2    0.00%, 3    0.00%
类型2 正确率：  87.00% -> 1    0.00%, 2   87.25%, 3   12.75%
类型3 正确率：  50.00% -> 1    0.00%, 2   50.00%, 3   50.00%


测试集任务: (B2)N15_M07_F10→(B3)N15_M07_F04; 总正确率 = 79.08%
类型1 正确率： 100.00% -> 1  100.00%, 2    0.00%, 3    0.00%
类型2 正确率：  87.00% -> 1    0.00%, 2   87.25%, 3   12.75%
类型3 正确率：  50.00% -> 1    0.00%, 2   50.00%, 3   50.00%


