读取源域路径：/kaggle/working/k10/S07/weight_PU_M1_final_checkpoint_FS07toS07c_s2024/NEW_PU/Source-源域/log&pt/(B1)N15_M01_F10
excel输出位置：/kaggle/working/k10/S07/weight_PU_M1_final_checkpoint_FS07toS07c_s2024/NEW_PU/Target-目标域
特征图片输出位置：/kaggle/working/k10/S07/weight_PU_M1_final_checkpoint_FS07toS07c_s2024/NEW_PU/Picture-特征图/2026年09月19日06时35分/(B1)N15_M01_F10
现在选取:(B1)N15_M01_F10 进行训练的源模型
现在进行：(B1)N15_M01_F10→(B3)N15_M07_F04 的迁移任务
log&pt输出位置：/kaggle/working/k10/S07/weight_PU_M1_final_checkpoint_FS07toS07c_s2024/NEW_PU/Target-目标域/log&pt/(B1)N15_M01_F10→(B3)N15_M07_F04
任务: (B1)N15_M01_F10→(B3)N15_M07_F04; 批次:····0/·1880;  总正确率: 60.65%
类型1 正确率：  98.00% -> 1   97.85%, 2    1.20%, 3    0.95%
类型2 正确率：  83.00% -> 1    0.00%, 2   82.60%, 3   17.40%
类型3 正确率：   2.00% -> 1    3.45%, 2   95.05%, 3    1.50%


样本变换：reverse
样本变换：mask
样本变换：shift
样本变换：none
未过滤	未用伪标签：60.65% -> 使用伪标签：62.83%
已过滤	未用伪标签：61.04% -> 使用伪标签：63.34%
排除样本：48|6000	剩余：1991, 3566, 395
增添样本：4746		细则：1575, 0, 3171	正确率估算：95.03%
类型1 正确率： 100.00% -> 1   99.60%, 2    0.35%, 3    0.05%
类型2 正确率：  85.00% -> 1    0.00%, 2   84.96%, 3   15.04%
类型3 正确率：   5.00% -> 1    0.25%, 2   94.92%, 3    4.82%

被排除样本 正确率：12.50%
类型1 正确率：   0.00% -> 1    0.00%, 2   66.67%, 3   33.33%
类型2 正确率：  33.00% -> 1    0.00%, 2   33.33%, 3   66.67%
类型3 正确率：   7.00% -> 1   23.33%, 2   70.00%, 3    6.67%


轮次:··1/·20 || c_Loss:0.616 || e_Loss:-0.878 || Aad_Loss:-33.044 || 耗时：37.59s
轮次:··2/·20 || c_Loss:0.379 || e_Loss:-0.753 || Aad_Loss:-38.494 || 耗时：13.90s
轮次:··3/·20 || c_Loss:0.385 || e_Loss:-1.797 || Aad_Loss:-39.098 || 耗时：13.74s
轮次:··4/·20 || c_Loss:0.412 || e_Loss:-1.411 || Aad_Loss:-33.313 || 耗时：13.73s
轮次:··5/·20 || c_Loss:0.372 || e_Loss:-0.789 || Aad_Loss:-39.630 || 耗时：13.89s
任务: (B1)N15_M01_F10→(B3)N15_M07_F04; mix批次:····0; 批次:··470/·1880;  总正确率: 62.42%
类型1 正确率： 100.00% -> 1  100.00%, 2    0.00%, 3    0.00%
类型2 正确率：  84.00% -> 1    0.00%, 2   84.00%, 3   16.00%
类型3 正确率：   3.00% -> 1    0.45%, 2   96.30%, 3    3.25%


样本变换：reverse
样本变换：mask
样本变换：shift
样本变换：none
未过滤	未用伪标签：62.42% -> 使用伪标签：62.03%
已过滤	未用伪标签：62.46% -> 使用伪标签：62.35%
排除样本：30|6000	剩余：2025, 3641, 304
增添样本：4953		细则：1616, 0, 3337	正确率估算：99.11%
类型1 正确率： 100.00% -> 1  100.00%, 2    0.00%, 3    0.00%
类型2 正确率：  86.00% -> 1    0.00%, 2   85.56%, 3   14.44%
类型3 正确率：   1.00% -> 1    1.27%, 2   97.93%, 3    0.81%

被排除样本 正确率：53.33%
类型1 没有样本或未被分类。
类型2 正确率：   0.00% -> 1    0.00%, 2    0.00%, 3  100.00%
类型3 正确率：  67.00% -> 1   12.50%, 2   20.83%, 3   66.67%


轮次:··6/·20 || c_Loss:0.394 || e_Loss:-0.744 || Aad_Loss:-39.179 || 耗时：37.70s
轮次:··7/·20 || c_Loss:0.386 || e_Loss:-1.820 || Aad_Loss:-41.503 || 耗时：13.95s
轮次:··8/·20 || c_Loss:0.377 || e_Loss:-0.772 || Aad_Loss:-39.528 || 耗时：13.90s
轮次:··9/·20 || c_Loss:0.393 || e_Loss:-0.758 || Aad_Loss:-39.901 || 耗时：13.86s
轮次:·10/·20 || c_Loss:0.371 || e_Loss:-0.795 || Aad_Loss:-39.764 || 耗时：13.89s
任务: (B1)N15_M01_F10→(B3)N15_M07_F04; mix批次:····0; 批次:··940/·1880;  总正确率: 61.48%
类型1 正确率： 100.00% -> 1  100.00%, 2    0.00%, 3    0.00%
类型2 正确率：  84.00% -> 1    0.00%, 2   84.20%, 3   15.80%
类型3 正确率：   0.00% -> 1    1.85%, 2   97.90%, 3    0.25%


样本变换：reverse
样本变换：mask
样本变换：shift
样本变换：none
未过滤	未用伪标签：61.48% -> 使用伪标签：62.08%
已过滤	未用伪标签：61.71% -> 使用伪标签：62.33%
排除样本：24|6000	剩余：2038, 3669, 269
增添样本：5031		细则：1631, 0, 3400	正确率估算：99.95%
类型1 正确率： 100.00% -> 1  100.00%, 2    0.00%, 3    0.00%
类型2 正确率：  87.00% -> 1    0.00%, 2   86.51%, 3   13.49%
类型3 正确率：   0.00% -> 1    1.92%, 2   98.08%, 3    0.00%

被排除样本 正确率：4.17%
类型1 没有样本或未被分类。
类型2 正确率：   0.00% -> 1    0.00%, 2    0.00%, 3  100.00%
类型3 正确率：   6.00% -> 1   27.78%, 2   66.67%, 3    5.56%


轮次:·11/·20 || c_Loss:0.367 || e_Loss:-0.761 || Aad_Loss:-43.814 || 耗时：37.40s
轮次:·12/·20 || c_Loss:0.379 || e_Loss:-0.815 || Aad_Loss:-39.417 || 耗时：13.71s
轮次:·13/·20 || c_Loss:0.365 || e_Loss:-0.794 || Aad_Loss:-41.717 || 耗时：13.78s
轮次:·14/·20 || c_Loss:0.400 || e_Loss:-0.746 || Aad_Loss:-42.083 || 耗时：13.79s
轮次:·15/·20 || c_Loss:0.394 || e_Loss:-1.796 || Aad_Loss:-35.154 || 耗时：13.86s
任务: (B1)N15_M01_F10→(B3)N15_M07_F04; mix批次:····0; 批次:·1410/·1880;  总正确率: 61.75%
类型1 正确率： 100.00% -> 1  100.00%, 2    0.00%, 3    0.00%
类型2 正确率：  85.00% -> 1    0.00%, 2   85.20%, 3   14.80%
类型3 正确率：   0.00% -> 1    2.30%, 2   97.65%, 3    0.05%


样本变换：reverse
样本变换：mask
样本变换：shift
样本变换：none
未过滤	未用伪标签：61.75% -> 使用伪标签：62.35%
已过滤	未用伪标签：61.90% -> 使用伪标签：62.51%
排除样本：15|6000	剩余：2046, 3681, 258
增添样本：5058		细则：1635, 0, 3423	正确率估算：99.89%
类型1 正确率： 100.00% -> 1  100.00%, 2    0.00%, 3    0.00%
类型2 正确率：  87.00% -> 1    0.00%, 2   87.13%, 3   12.87%
类型3 正确率：   0.00% -> 1    2.31%, 2   97.64%, 3    0.05%

被排除样本 正确率：0.00%
类型1 没有样本或未被分类。
类型2 正确率：   0.00% -> 1    0.00%, 2    0.00%, 3  100.00%
类型3 正确率：   0.00% -> 1   41.67%, 2   58.33%, 3    0.00%


轮次:·16/·20 || c_Loss:0.384 || e_Loss:-0.768 || Aad_Loss:-38.991 || 耗时：37.56s
轮次:·17/·20 || c_Loss:0.374 || e_Loss:-0.727 || Aad_Loss:-45.269 || 耗时：13.81s
轮次:·18/·20 || c_Loss:0.381 || e_Loss:-0.724 || Aad_Loss:-43.687 || 耗时：13.82s
轮次:·19/·20 || c_Loss:0.386 || e_Loss:-0.789 || Aad_Loss:-39.500 || 耗时：13.86s
轮次:·20/·20 || c_Loss:0.403 || e_Loss:-0.737 || Aad_Loss:-40.337 || 耗时：13.94s
任务: (B1)N15_M01_F10→(B3)N15_M07_F04; mix批次:····0; 批次:·1880/·1880;  总正确率: 61.80%
类型1 正确率： 100.00% -> 1  100.00%, 2    0.00%, 3    0.00%
类型2 正确率：  85.00% -> 1    0.00%, 2   85.35%, 3   14.65%
类型3 正确率：   0.00% -> 1    1.90%, 2   98.05%, 3    0.05%


测试集任务: (B1)N15_M01_F10→(B3)N15_M07_F04; 总正确率 = 61.80%
类型1 正确率： 100.00% -> 1  100.00%, 2    0.00%, 3    0.00%
类型2 正确率：  85.00% -> 1    0.00%, 2   85.35%, 3   14.65%
类型3 正确率：   0.00% -> 1    1.90%, 2   98.05%, 3    0.05%


