读取源域路径：/kaggle/working/k10/S07/weight_PU_M1_final_checkpoint_FS07toS07c_s2024/NEW_PU/Source-源域/log&pt/(B3)N15_M07_F04
excel输出位置：/kaggle/working/k10/S07/weight_PU_M1_final_checkpoint_FS07toS07c_s2024/NEW_PU/Target-目标域
特征图片输出位置：/kaggle/working/k10/S07/weight_PU_M1_final_checkpoint_FS07toS07c_s2024/NEW_PU/Picture-特征图/2026年09月19日07时01分/(B3)N15_M07_F04
现在选取:(B3)N15_M07_F04 进行训练的源模型
现在进行：(B3)N15_M07_F04→(B2)N15_M07_F10 的迁移任务
log&pt输出位置：/kaggle/working/k10/S07/weight_PU_M1_final_checkpoint_FS07toS07c_s2024/NEW_PU/Target-目标域/log&pt/(B3)N15_M07_F04→(B2)N15_M07_F10
任务: (B3)N15_M07_F04→(B2)N15_M07_F10; 批次:····0/·1880;  总正确率: 51.70%
类型1 正确率：  80.00% -> 1   79.65%, 2    1.10%, 3   19.25%
类型2 正确率：  75.00% -> 1    0.00%, 2   75.20%, 3   24.80%
类型3 正确率：   0.00% -> 1    0.00%, 2   99.75%, 3    0.25%


样本变换：reverse
样本变换：mask
样本变换：shift
样本变换：none
未过滤	未用伪标签：51.70% -> 使用伪标签：53.08%
已过滤	未用伪标签：51.89% -> 使用伪标签：54.33%
排除样本：138|6000	剩余：1550, 3633, 679
增添样本：5037		细则：2083, 0, 2954	正确率估算：97.94%
类型1 正确率：  80.00% -> 1   80.31%, 2    0.00%, 3   19.69%
类型2 正确率：  85.00% -> 1    0.00%, 2   84.54%, 3   15.46%
类型3 正确率：   0.00% -> 1    0.00%, 2  100.00%, 3    0.00%

被排除样本 正确率：43.48%
类型1 正确率：  73.00% -> 1   72.86%, 2    0.00%, 3   27.14%
类型2 正确率：  11.00% -> 1    0.00%, 2   10.61%, 3   89.39%
类型3 正确率： 100.00% -> 1    0.00%, 2    0.00%, 3  100.00%


轮次:··1/·20 || c_Loss:0.598 || e_Loss:-1.459 || Aad_Loss:-32.713 || 耗时：37.68s
轮次:··2/·20 || c_Loss:0.440 || e_Loss:-1.379 || Aad_Loss:-40.908 || 耗时：13.98s
轮次:··3/·20 || c_Loss:0.430 || e_Loss:-1.476 || Aad_Loss:-36.186 || 耗时：13.78s
轮次:··4/·20 || c_Loss:0.434 || e_Loss:-1.331 || Aad_Loss:-37.117 || 耗时：13.73s
轮次:··5/·20 || c_Loss:0.418 || e_Loss:-0.722 || Aad_Loss:-38.459 || 耗时：13.76s
任务: (B3)N15_M07_F04→(B2)N15_M07_F10; mix批次:····0; 批次:··470/·1880;  总正确率: 53.60%
类型1 正确率：  79.00% -> 1   78.55%, 2    0.00%, 3   21.45%
类型2 正确率：  82.00% -> 1    0.00%, 2   82.25%, 3   17.75%
类型3 正确率：   0.00% -> 1    0.00%, 2  100.00%, 3    0.00%


样本变换：reverse
样本变换：mask
样本变换：shift
样本变换：none
未过滤	未用伪标签：53.60% -> 使用伪标签：66.05%
已过滤	未用伪标签：53.76% -> 使用伪标签：66.25%
排除样本：18|6000	剩余：1963, 4000, 19
增添样本：6018		细则：2037, 0, 3981	正确率估算：79.97%
类型1 正确率：  99.00% -> 1   99.04%, 2    0.00%, 3    0.96%
类型2 正确率： 100.00% -> 1    0.00%, 2  100.00%, 3    0.00%
类型3 正确率：   0.00% -> 1    0.00%, 2  100.00%, 3    0.00%

被排除样本 正确率：0.00%
类型1 正确率：   0.00% -> 1    0.00%, 2  100.00%
类型2 没有样本或未被分类。


轮次:··6/·20 || c_Loss:0.392 || e_Loss:-0.672 || Aad_Loss:-46.114 || 耗时：37.63s
轮次:··7/·20 || c_Loss:0.399 || e_Loss:-0.656 || Aad_Loss:-46.388 || 耗时：13.92s
轮次:··8/·20 || c_Loss:0.406 || e_Loss:-0.643 || Aad_Loss:-44.876 || 耗时：13.88s
轮次:··9/·20 || c_Loss:0.363 || e_Loss:-0.639 || Aad_Loss:-48.056 || 耗时：13.84s
轮次:·10/·20 || c_Loss:0.368 || e_Loss:-1.259 || Aad_Loss:-47.466 || 耗时：13.87s
任务: (B3)N15_M07_F04→(B2)N15_M07_F10; mix批次:····0; 批次:··940/·1880;  总正确率: 66.67%
类型1 正确率： 100.00% -> 1  100.00%, 2    0.00%, 3    0.00%
类型2 正确率： 100.00% -> 1    0.00%, 2  100.00%, 3    0.00%
类型3 正确率：   0.00% -> 1    0.00%, 2  100.00%, 3    0.00%


样本变换：reverse
样本变换：mask
样本变换：shift
样本变换：none
未过滤	未用伪标签：66.67% -> 使用伪标签：33.33%
已过滤	未用伪标签：66.67% -> 使用伪标签：33.33%
排除样本：6000|6000	剩余：
增添样本：0		细则：0类型1 正确率：   0.00% -> 1    0.00%, 2    0.00%, 3  100.00%
类型2 正确率：   0.00% -> 1    0.00%, 2    0.00%, 3  100.00%
类型3 正确率： 100.00% -> 1    0.00%, 2    0.00%, 3  100.00%

被排除样本 正确率：nan%


轮次:·11/·20 || c_Loss:1.113 || e_Loss:-0.050 || Aad_Loss:-1.072 || 耗时：36.19s
轮次:·12/·20 || c_Loss:1.047 || e_Loss:-0.042 || Aad_Loss:0.183 || 耗时：13.77s
轮次:·13/·20 || c_Loss:0.981 || e_Loss:-0.028 || Aad_Loss:-5.510 || 耗时：13.82s
轮次:·14/·20 || c_Loss:0.931 || e_Loss:-0.025 || Aad_Loss:-7.004 || 耗时：13.89s
轮次:·15/·20 || c_Loss:0.889 || e_Loss:-0.023 || Aad_Loss:-12.326 || 耗时：13.87s
任务: (B3)N15_M07_F04→(B2)N15_M07_F10; mix批次:····0; 批次:·1410/·1880;  总正确率: 47.12%
类型1 正确率：  34.00% -> 1   33.50%, 2    0.00%, 3   66.50%
类型2 正确率：  15.00% -> 1    0.00%, 2   15.15%, 3   84.85%
类型3 正确率：  93.00% -> 1    0.00%, 2    7.30%, 3   92.70%


样本变换：reverse
样本变换：mask
样本变换：shift
样本变换：none
未过滤	未用伪标签：47.12% -> 使用伪标签：51.48%
已过滤	未用伪标签：47.51% -> 使用伪标签：51.93%
排除样本：52|6000	剩余：1089, 4000, 859
增添样本：6052		细则：2911, 0, 3141	正确率估算：78.44%
类型1 正确率：  56.00% -> 1   55.90%, 2    0.00%, 3   44.10%
类型2 正确率： 100.00% -> 1    0.00%, 2  100.00%, 3    0.00%
类型3 正确率：   0.00% -> 1    0.00%, 2  100.00%, 3    0.00%

被排除样本 正确率：1.92%
类型1 正确率：   2.00% -> 1    1.92%, 2   98.08%
类型2 没有样本或未被分类。


轮次:·16/·20 || c_Loss:0.508 || e_Loss:-1.227 || Aad_Loss:-38.969 || 耗时：37.32s
轮次:·17/·20 || c_Loss:0.511 || e_Loss:-0.651 || Aad_Loss:-36.922 || 耗时：13.71s
轮次:·18/·20 || c_Loss:0.463 || e_Loss:-0.706 || Aad_Loss:-34.448 || 耗时：13.72s
轮次:·19/·20 || c_Loss:0.481 || e_Loss:-1.422 || Aad_Loss:-32.265 || 耗时：13.72s
轮次:·20/·20 || c_Loss:0.417 || e_Loss:-0.630 || Aad_Loss:-41.549 || 耗时：13.83s
任务: (B3)N15_M07_F04→(B2)N15_M07_F10; mix批次:····0; 批次:·1880/·1880;  总正确率: 53.37%
类型1 正确率：  60.00% -> 1   60.10%, 2    0.00%, 3   39.90%
类型2 正确率： 100.00% -> 1    0.00%, 2  100.00%, 3    0.00%
类型3 正确率：   0.00% -> 1    0.00%, 2  100.00%, 3    0.00%


测试集任务: (B3)N15_M07_F04→(B2)N15_M07_F10; 总正确率 = 53.37%
类型1 正确率：  60.00% -> 1   60.10%, 2    0.00%, 3   39.90%
类型2 正确率： 100.00% -> 1    0.00%, 2  100.00%, 3    0.00%
类型3 正确率：   0.00% -> 1    0.00%, 2  100.00%, 3    0.00%


