读取源域路径：/kaggle/working/k10/S07/weight_PU_M1_final_checkpoint_FS07toS07c_s2024/NEW_PU/Source-源域/log&pt/(B2)N15_M07_F10
excel输出位置：/kaggle/working/k10/S07/weight_PU_M1_final_checkpoint_FS07toS07c_s2024/NEW_PU/Target-目标域
特征图片输出位置：/kaggle/working/k10/S07/weight_PU_M1_final_checkpoint_FS07toS07c_s2024/NEW_PU/Picture-特征图/2026年09月19日06时41分/(B2)N15_M07_F10
现在选取:(B2)N15_M07_F10 进行训练的源模型
现在进行：(B2)N15_M07_F10→(B1)N15_M01_F10 的迁移任务
log&pt输出位置：/kaggle/working/k10/S07/weight_PU_M1_final_checkpoint_FS07toS07c_s2024/NEW_PU/Target-目标域/log&pt/(B2)N15_M07_F10→(B1)N15_M01_F10
任务: (B2)N15_M07_F10→(B1)N15_M01_F10; 批次:····0/·1880;  总正确率: 46.00%
类型1 正确率：  92.00% -> 1   92.30%, 2    7.25%, 3    0.45%
类型2 正确率：  46.00% -> 1    0.00%, 2   45.70%, 3   54.30%
类型3 正确率：   0.00% -> 1    0.00%, 2  100.00%, 3    0.00%


样本变换：reverse
样本变换：mask
样本变换：shift
样本变换：none
未过滤	未用伪标签：46.00% -> 使用伪标签：40.60%
已过滤	未用伪标签：45.36% -> 使用伪标签：41.39%
排除样本：114|6000	剩余：1920, 2566, 1400
增添样本：1812		细则：646, 0, 1166	正确率估算：83.55%
类型1 正确率：  97.00% -> 1   97.46%, 2    2.54%, 3    0.00%
类型2 正确率：  27.00% -> 1    0.00%, 2   26.93%, 3   73.07%
类型3 正确率：   0.00% -> 1    0.00%, 2  100.00%, 3    0.00%

被排除样本 正确率：78.95%
类型1 正确率：  20.00% -> 1   20.00%, 2   76.67%, 3    3.33%
类型2 正确率： 100.00% -> 1    0.00%, 2  100.00%, 3    0.00%
类型3 没有样本或未被分类。


轮次:··1/·20 || c_Loss:0.603 || e_Loss:-1.318 || Aad_Loss:-24.677 || 耗时：37.55s
轮次:··2/·20 || c_Loss:0.397 || e_Loss:-1.539 || Aad_Loss:-27.401 || 耗时：13.96s
轮次:··3/·20 || c_Loss:0.451 || e_Loss:-1.454 || Aad_Loss:-28.307 || 耗时：13.75s
轮次:··4/·20 || c_Loss:0.382 || e_Loss:-0.871 || Aad_Loss:-29.489 || 耗时：13.66s
轮次:··5/·20 || c_Loss:0.353 || e_Loss:-0.895 || Aad_Loss:-28.904 || 耗时：13.84s
任务: (B2)N15_M07_F10→(B1)N15_M01_F10; mix批次:····0; 批次:··470/·1880;  总正确率: 41.40%
类型1 正确率： 100.00% -> 1   99.90%, 2    0.10%, 3    0.00%
类型2 正确率：  24.00% -> 1    0.00%, 2   24.30%, 3   75.70%
类型3 正确率：   0.00% -> 1    0.00%, 2  100.00%, 3    0.00%


样本变换：reverse
样本变换：mask
样本变换：shift
样本变换：none
未过滤	未用伪标签：41.40% -> 使用伪标签：39.02%
已过滤	未用伪标签：41.05% -> 使用伪标签：39.27%
排除样本：39|6000	剩余：2000, 2341, 1620
增添样本：1062		细则：341, 0, 721	正确率估算：95.29%
类型1 正确率： 100.00% -> 1  100.00%, 2    0.00%, 3    0.00%
类型2 正确率：  17.00% -> 1    0.00%, 2   17.39%, 3   82.61%
类型3 正确率：   0.00% -> 1    0.00%, 2  100.00%, 3    0.00%

被排除样本 正确率：94.87%
类型1 正确率：  95.00% -> 1   94.87%, 2    5.13%
类型2 没有样本或未被分类。


轮次:··6/·20 || c_Loss:0.372 || e_Loss:-0.923 || Aad_Loss:-31.250 || 耗时：37.20s
轮次:··7/·20 || c_Loss:0.361 || e_Loss:-0.976 || Aad_Loss:-30.325 || 耗时：13.89s
轮次:··8/·20 || c_Loss:0.404 || e_Loss:-0.925 || Aad_Loss:-29.673 || 耗时：13.86s
轮次:··9/·20 || c_Loss:0.368 || e_Loss:-1.759 || Aad_Loss:-29.989 || 耗时：13.84s
轮次:·10/·20 || c_Loss:0.400 || e_Loss:-0.905 || Aad_Loss:-30.471 || 耗时：13.80s
任务: (B2)N15_M07_F10→(B1)N15_M01_F10; mix批次:····0; 批次:··940/·1880;  总正确率: 40.28%
类型1 正确率： 100.00% -> 1  100.00%, 2    0.00%, 3    0.00%
类型2 正确率：  21.00% -> 1    0.00%, 2   20.85%, 3   79.15%
类型3 正确率：   0.00% -> 1    0.00%, 2  100.00%, 3    0.00%


样本变换：reverse
样本变换：mask
样本变换：shift
样本变换：none
未过滤	未用伪标签：40.28% -> 使用伪标签：38.82%
已过滤	未用伪标签：39.97% -> 使用伪标签：39.03%
排除样本：33|6000	剩余：2000, 2329, 1638
增添样本：1020		细则：329, 0, 691	正确率估算：97.94%
类型1 正确率： 100.00% -> 1  100.00%, 2    0.00%, 3    0.00%
类型2 正确率：  17.00% -> 1    0.00%, 2   16.73%, 3   83.27%
类型3 正确率：   0.00% -> 1    0.00%, 2  100.00%, 3    0.00%

被排除样本 正确率：96.97%
类型1 正确率：  97.00% -> 1   96.97%, 2    3.03%
类型2 没有样本或未被分类。


轮次:·11/·20 || c_Loss:0.386 || e_Loss:-0.904 || Aad_Loss:-28.025 || 耗时：36.88s
轮次:·12/·20 || c_Loss:0.379 || e_Loss:-0.954 || Aad_Loss:-29.854 || 耗时：13.78s
轮次:·13/·20 || c_Loss:0.396 || e_Loss:-0.957 || Aad_Loss:-29.284 || 耗时：13.79s
轮次:·14/·20 || c_Loss:0.392 || e_Loss:-0.931 || Aad_Loss:-28.998 || 耗时：13.81s
轮次:·15/·20 || c_Loss:0.394 || e_Loss:-1.740 || Aad_Loss:-29.330 || 耗时：13.81s
任务: (B2)N15_M07_F10→(B1)N15_M01_F10; mix批次:····0; 批次:·1410/·1880;  总正确率: 38.87%
类型1 正确率： 100.00% -> 1  100.00%, 2    0.00%, 3    0.00%
类型2 正确率：  17.00% -> 1    0.00%, 2   16.60%, 3   83.40%
类型3 正确率：   0.00% -> 1    0.00%, 2  100.00%, 3    0.00%


样本变换：reverse
样本变换：mask
样本变换：shift
样本变换：none
未过滤	未用伪标签：38.87% -> 使用伪标签：38.02%
已过滤	未用伪标签：38.68% -> 使用伪标签：38.19%
排除样本：28|6000	剩余：2000, 2281, 1691
增添样本：871		细则：281, 0, 590	正确率估算：99.08%
类型1 正确率： 100.00% -> 1  100.00%, 2    0.00%, 3    0.00%
类型2 正确率：  14.00% -> 1    0.00%, 2   14.25%, 3   85.75%
类型3 正确率：   0.00% -> 1    0.00%, 2  100.00%, 3    0.00%

被排除样本 正确率：78.57%
类型1 正确率：  79.00% -> 1   78.57%, 2   21.43%
类型2 没有样本或未被分类。


轮次:·16/·20 || c_Loss:0.396 || e_Loss:-0.931 || Aad_Loss:-28.514 || 耗时：37.08s
轮次:·17/·20 || c_Loss:0.384 || e_Loss:-1.647 || Aad_Loss:-29.727 || 耗时：13.84s
轮次:·18/·20 || c_Loss:0.429 || e_Loss:-1.495 || Aad_Loss:-27.795 || 耗时：13.88s
轮次:·19/·20 || c_Loss:0.371 || e_Loss:-0.979 || Aad_Loss:-30.365 || 耗时：13.87s
轮次:·20/·20 || c_Loss:0.391 || e_Loss:-0.919 || Aad_Loss:-30.882 || 耗时：13.83s
任务: (B2)N15_M07_F10→(B1)N15_M01_F10; mix批次:····0; 批次:·1880/·1880;  总正确率: 38.48%
类型1 正确率： 100.00% -> 1  100.00%, 2    0.00%, 3    0.00%
类型2 正确率：  15.00% -> 1    0.00%, 2   15.45%, 3   84.55%
类型3 正确率：   0.00% -> 1    0.00%, 2  100.00%, 3    0.00%


测试集任务: (B2)N15_M07_F10→(B1)N15_M01_F10; 总正确率 = 38.48%
类型1 正确率： 100.00% -> 1  100.00%, 2    0.00%, 3    0.00%
类型2 正确率：  15.00% -> 1    0.00%, 2   15.45%, 3   84.55%
类型3 正确率：   0.00% -> 1    0.00%, 2  100.00%, 3    0.00%


