读取源域路径：/kaggle/working/k10/S07/weight_PU_M1_final_checkpoint_FS07toS07c_s2024/NEW_PU/Source-源域/log&pt/(B1)N15_M01_F10
excel输出位置：/kaggle/working/k10/S07/weight_PU_M1_final_checkpoint_FS07toS07c_s2024/NEW_PU/Target-目标域
特征图片输出位置：/kaggle/working/k10/S07/weight_PU_M1_final_checkpoint_FS07toS07c_s2024/NEW_PU/Picture-特征图/2026年09月19日06时28分/(B1)N15_M01_F10
现在选取:(B1)N15_M01_F10 进行训练的源模型
现在进行：(B1)N15_M01_F10→(B2)N15_M07_F10 的迁移任务
log&pt输出位置：/kaggle/working/k10/S07/weight_PU_M1_final_checkpoint_FS07toS07c_s2024/NEW_PU/Target-目标域/log&pt/(B1)N15_M01_F10→(B2)N15_M07_F10
任务: (B1)N15_M01_F10→(B2)N15_M07_F10; 批次:····0/·1880;  总正确率: 61.28%
类型1 正确率：  90.00% -> 1   90.50%, 2    6.45%, 3    3.05%
类型2 正确率：  93.00% -> 1    0.00%, 2   93.35%, 3    6.65%
类型3 正确率：   0.00% -> 1    0.00%, 2  100.00%, 3    0.00%


样本变换：reverse
样本变换：mask
样本变换：shift
样本变换：none
未过滤	未用伪标签：61.28% -> 使用伪标签：59.53%
已过滤	未用伪标签：61.23% -> 使用伪标签：60.58%
排除样本：104|6000	剩余：1912, 3682, 302
增添样本：5150		细则：1770, 0, 3380	正确率估算：87.84%
类型1 正确率：  98.00% -> 1   97.50%, 2    1.12%, 3    1.38%
类型2 正确率：  86.00% -> 1    0.00%, 2   85.79%, 3   14.21%
类型3 正确率：   0.00% -> 1    0.00%, 2  100.00%, 3    0.00%

被排除样本 正确率：64.42%
类型1 正确率：   5.00% -> 1    5.13%, 2   53.85%, 3   41.03%
类型2 正确率： 100.00% -> 1    0.00%, 2  100.00%, 3    0.00%
类型3 没有样本或未被分类。


轮次:··1/·20 || c_Loss:0.539 || e_Loss:-1.346 || Aad_Loss:-35.501 || 耗时：39.12s
轮次:··2/·20 || c_Loss:0.421 || e_Loss:-0.613 || Aad_Loss:-37.106 || 耗时：13.97s
轮次:··3/·20 || c_Loss:0.421 || e_Loss:-1.382 || Aad_Loss:-36.714 || 耗时：13.48s
轮次:··4/·20 || c_Loss:0.393 || e_Loss:-1.075 || Aad_Loss:-37.793 || 耗时：13.44s
轮次:··5/·20 || c_Loss:0.407 || e_Loss:-1.273 || Aad_Loss:-38.252 || 耗时：13.53s
任务: (B1)N15_M01_F10→(B2)N15_M07_F10; mix批次:····0; 批次:··470/·1880;  总正确率: 62.05%
类型1 正确率： 100.00% -> 1  100.00%, 2    0.00%, 3    0.00%
类型2 正确率：  86.00% -> 1    0.00%, 2   86.15%, 3   13.85%
类型3 正确率：   0.00% -> 1    0.00%, 2  100.00%, 3    0.00%


样本变换：reverse
样本变换：mask
样本变换：shift
样本变换：none
未过滤	未用伪标签：62.05% -> 使用伪标签：63.32%
已过滤	未用伪标签：62.25% -> 使用伪标签：63.52%
排除样本：19|6000	剩余：2000, 3799, 182
增添样本：5416		细则：1799, 0, 3617	正确率估算：99.95%
类型1 正确率： 100.00% -> 1  100.00%, 2    0.00%, 3    0.00%
类型2 正确率：  91.00% -> 1    0.00%, 2   90.81%, 3    9.19%
类型3 正确率：   0.00% -> 1    0.00%, 2  100.00%, 3    0.00%

被排除样本 正确率：0.00%
类型1 正确率：   0.00% -> 1    0.00%, 2  100.00%
类型2 没有样本或未被分类。


轮次:··6/·20 || c_Loss:0.417 || e_Loss:-0.696 || Aad_Loss:-40.523 || 耗时：37.56s
轮次:··7/·20 || c_Loss:0.388 || e_Loss:-0.716 || Aad_Loss:-43.161 || 耗时：13.77s
轮次:··8/·20 || c_Loss:0.390 || e_Loss:-1.359 || Aad_Loss:-44.649 || 耗时：13.74s
轮次:··9/·20 || c_Loss:0.386 || e_Loss:-0.691 || Aad_Loss:-43.551 || 耗时：13.70s
轮次:·10/·20 || c_Loss:0.389 || e_Loss:-0.708 || Aad_Loss:-42.736 || 耗时：13.73s
任务: (B1)N15_M01_F10→(B2)N15_M07_F10; mix批次:····0; 批次:··940/·1880;  总正确率: 63.08%
类型1 正确率： 100.00% -> 1  100.00%, 2    0.00%, 3    0.00%
类型2 正确率：  89.00% -> 1    0.00%, 2   89.25%, 3   10.75%
类型3 正确率：   0.00% -> 1    0.00%, 2  100.00%, 3    0.00%


样本变换：reverse
样本变换：mask
样本变换：shift
样本变换：none
未过滤	未用伪标签：63.08% -> 使用伪标签：60.90%
已过滤	未用伪标签：63.00% -> 使用伪标签：61.04%
排除样本：14|6000	剩余：2000, 3654, 332
增添样本：4976		细则：1654, 0, 3322	正确率估算：94.16%
类型1 正确率： 100.00% -> 1  100.00%, 2    0.00%, 3    0.00%
类型2 正确率：  83.00% -> 1    0.00%, 2   83.28%, 3   16.72%
类型3 正确率：   0.00% -> 1    0.00%, 2  100.00%, 3    0.00%

被排除样本 正确率：100.00%
类型1 正确率： 100.00% -> 1  100.00%


轮次:·11/·20 || c_Loss:0.392 || e_Loss:-0.719 || Aad_Loss:-40.615 || 耗时：37.15s
轮次:·12/·20 || c_Loss:0.389 || e_Loss:-0.724 || Aad_Loss:-37.939 || 耗时：13.80s
轮次:·13/·20 || c_Loss:0.384 || e_Loss:-0.736 || Aad_Loss:-41.216 || 耗时：13.86s
轮次:·14/·20 || c_Loss:0.375 || e_Loss:-0.745 || Aad_Loss:-41.162 || 耗时：13.87s
轮次:·15/·20 || c_Loss:0.367 || e_Loss:-0.780 || Aad_Loss:-39.841 || 耗时：13.90s
任务: (B1)N15_M01_F10→(B2)N15_M07_F10; mix批次:····0; 批次:·1410/·1880;  总正确率: 60.80%
类型1 正确率： 100.00% -> 1  100.00%, 2    0.00%, 3    0.00%
类型2 正确率：  82.00% -> 1    0.00%, 2   82.40%, 3   17.60%
类型3 正确率：   0.00% -> 1    0.00%, 2  100.00%, 3    0.00%


样本变换：reverse
样本变换：mask
样本变换：shift
样本变换：none
未过滤	未用伪标签：60.80% -> 使用伪标签：59.85%
已过滤	未用伪标签：60.74% -> 使用伪标签：59.94%
排除样本：9|6000	剩余：2000, 3591, 400
增添样本：4782		细则：1591, 0, 3191	正确率估算：97.99%
类型1 正确率： 100.00% -> 1  100.00%, 2    0.00%, 3    0.00%
类型2 正确率：  80.00% -> 1    0.00%, 2   79.91%, 3   20.09%
类型3 正确率：   0.00% -> 1    0.00%, 2  100.00%, 3    0.00%

被排除样本 正确率：100.00%
类型1 正确率： 100.00% -> 1  100.00%


轮次:·16/·20 || c_Loss:0.367 || e_Loss:-0.723 || Aad_Loss:-44.043 || 耗时：37.29s
轮次:·17/·20 || c_Loss:0.401 || e_Loss:-0.711 || Aad_Loss:-39.318 || 耗时：13.79s
轮次:·18/·20 || c_Loss:0.367 || e_Loss:-0.773 || Aad_Loss:-40.971 || 耗时：13.77s
轮次:·19/·20 || c_Loss:0.394 || e_Loss:-1.376 || Aad_Loss:-35.668 || 耗时：13.79s
轮次:·20/·20 || c_Loss:0.371 || e_Loss:-0.752 || Aad_Loss:-43.987 || 耗时：13.76s
任务: (B1)N15_M01_F10→(B2)N15_M07_F10; mix批次:····0; 批次:·1880/·1880;  总正确率: 59.38%
类型1 正确率： 100.00% -> 1  100.00%, 2    0.00%, 3    0.00%
类型2 正确率：  78.00% -> 1    0.00%, 2   78.15%, 3   21.85%
类型3 正确率：   0.00% -> 1    0.00%, 2  100.00%, 3    0.00%


测试集任务: (B1)N15_M01_F10→(B2)N15_M07_F10; 总正确率 = 59.38%
类型1 正确率： 100.00% -> 1  100.00%, 2    0.00%, 3    0.00%
类型2 正确率：  78.00% -> 1    0.00%, 2   78.15%, 3   21.85%
类型3 正确率：   0.00% -> 1    0.00%, 2  100.00%, 3    0.00%


