读取源域路径：/kaggle/working/k10/S07/weight_PU_M1_final_checkpoint_FS07toS07c_s2024/NEW_PU/Source-源域/log&pt/(B2)N15_M07_F10
excel输出位置：/kaggle/working/k10/S07/weight_PU_M1_final_checkpoint_FS07toS07c_s2024/NEW_PU/Target-目标域
特征图片输出位置：/kaggle/working/k10/S07/weight_PU_M1_final_checkpoint_FS07toS07c_s2024/NEW_PU/Picture-特征图/2026年09月19日06时48分/(B2)N15_M07_F10
现在选取:(B2)N15_M07_F10 进行训练的源模型
现在进行：(B2)N15_M07_F10→(B3)N15_M07_F04 的迁移任务
log&pt输出位置：/kaggle/working/k10/S07/weight_PU_M1_final_checkpoint_FS07toS07c_s2024/NEW_PU/Target-目标域/log&pt/(B2)N15_M07_F10→(B3)N15_M07_F04
任务: (B2)N15_M07_F10→(B3)N15_M07_F04; 批次:····0/·1880;  总正确率: 60.50%
类型1 正确率：  99.00% -> 1   99.05%, 2    0.85%, 3    0.10%
类型2 正确率：  82.00% -> 1    0.00%, 2   82.45%, 3   17.55%
类型3 正确率：   0.00% -> 1    5.20%, 2   94.80%, 3    0.00%


样本变换：reverse
样本变换：mask
样本变换：shift
样本变换：none
未过滤	未用伪标签：60.50% -> 使用伪标签：47.73%
已过滤	未用伪标签：59.96% -> 使用伪标签：48.73%
排除样本：123|6000	剩余：2106, 2747, 1024
增添样本：2364		细则：641, 0, 1723	正确率估算：58.80%
类型1 正确率： 100.00% -> 1   99.80%, 2    0.20%, 3    0.00%
类型2 正确率：  46.00% -> 1    0.00%, 2   45.93%, 3   54.07%
类型3 正确率：   0.00% -> 1    5.64%, 2   94.36%, 3    0.00%

被排除样本 正确率：86.18%
类型1 正确率：   0.00% -> 1    0.00%, 2  100.00%, 3    0.00%
类型2 正确率： 100.00% -> 1    0.00%, 2  100.00%, 3    0.00%
类型3 正确率：   0.00% -> 1   33.33%, 2   66.67%, 3    0.00%


轮次:··1/·20 || c_Loss:0.504 || e_Loss:-1.779 || Aad_Loss:-30.077 || 耗时：37.50s
轮次:··2/·20 || c_Loss:0.418 || e_Loss:-1.423 || Aad_Loss:-25.133 || 耗时：14.03s
轮次:··3/·20 || c_Loss:0.416 || e_Loss:-1.668 || Aad_Loss:-24.895 || 耗时：13.88s
轮次:··4/·20 || c_Loss:0.428 || e_Loss:-0.846 || Aad_Loss:-30.669 || 耗时：13.78s
轮次:··5/·20 || c_Loss:0.378 || e_Loss:-1.692 || Aad_Loss:-28.828 || 耗时：13.88s
任务: (B2)N15_M07_F10→(B3)N15_M07_F04; mix批次:····0; 批次:··470/·1880;  总正确率: 47.23%
类型1 正确率： 100.00% -> 1  100.00%, 2    0.00%, 3    0.00%
类型2 正确率：  42.00% -> 1    0.00%, 2   41.70%, 3   58.30%
类型3 正确率：   0.00% -> 1    5.50%, 2   94.50%, 3    0.00%


样本变换：reverse
样本变换：mask
样本变换：shift
样本变换：none
未过滤	未用伪标签：47.23% -> 使用伪标签：42.97%
已过滤	未用伪标签：46.84% -> 使用伪标签：43.48%
排除样本：71|6000	剩余：2129, 2435, 1365
增添样本：1376		细则：306, 0, 1070	正确率估算：89.10%
类型1 正确率： 100.00% -> 1  100.00%, 2    0.00%, 3    0.00%
类型2 正确率：  30.00% -> 1    0.00%, 2   29.75%, 3   70.25%
类型3 正确率：   0.00% -> 1    6.50%, 2   93.50%, 3    0.00%

被排除样本 正确率：80.28%
类型1 正确率： 100.00% -> 1  100.00%, 2    0.00%
类型2 正确率：   0.00% -> 1  100.00%, 2    0.00%


轮次:··6/·20 || c_Loss:0.432 || e_Loss:-1.429 || Aad_Loss:-26.416 || 耗时：37.40s
轮次:··7/·20 || c_Loss:0.398 || e_Loss:-1.405 || Aad_Loss:-30.137 || 耗时：13.88s
轮次:··8/·20 || c_Loss:0.387 || e_Loss:-0.906 || Aad_Loss:-28.078 || 耗时：13.86s
轮次:··9/·20 || c_Loss:0.490 || e_Loss:-1.507 || Aad_Loss:-27.585 || 耗时：13.86s
轮次:·10/·20 || c_Loss:0.384 || e_Loss:-1.717 || Aad_Loss:-29.952 || 耗时：13.84s
任务: (B2)N15_M07_F10→(B3)N15_M07_F04; mix批次:····0; 批次:··940/·1880;  总正确率: 41.75%
类型1 正确率： 100.00% -> 1  100.00%, 2    0.00%, 3    0.00%
类型2 正确率：  25.00% -> 1    0.00%, 2   25.25%, 3   74.75%
类型3 正确率：   0.00% -> 1    5.45%, 2   94.55%, 3    0.00%


样本变换：reverse
样本变换：mask
样本变换：shift
样本变换：none
未过滤	未用伪标签：41.75% -> 使用伪标签：40.12%
已过滤	未用伪标签：41.53% -> 使用伪标签：40.36%
排除样本：36|6000	剩余：2134, 2266, 1564
增添样本：834		细则：132, 0, 702	正确率估算：97.60%
类型1 正确率： 100.00% -> 1  100.00%, 2    0.00%, 3    0.00%
类型2 正确率：  21.00% -> 1    0.00%, 2   20.65%, 3   79.35%
类型3 正确率：   0.00% -> 1    6.72%, 2   93.28%, 3    0.00%

被排除样本 正确率：77.78%
类型1 正确率：  97.00% -> 1   96.55%, 2    3.45%
类型2 正确率：   0.00% -> 1  100.00%, 2    0.00%


轮次:·11/·20 || c_Loss:0.390 || e_Loss:-0.930 || Aad_Loss:-28.386 || 耗时：37.04s
轮次:·12/·20 || c_Loss:0.394 || e_Loss:-0.941 || Aad_Loss:-27.608 || 耗时：13.89s
轮次:·13/·20 || c_Loss:0.389 || e_Loss:-1.738 || Aad_Loss:-28.780 || 耗时：13.94s
轮次:·14/·20 || c_Loss:0.389 || e_Loss:-0.961 || Aad_Loss:-28.810 || 耗时：13.93s
轮次:·15/·20 || c_Loss:0.415 || e_Loss:-0.924 || Aad_Loss:-29.859 || 耗时：13.91s
任务: (B2)N15_M07_F10→(B3)N15_M07_F04; mix批次:····0; 批次:·1410/·1880;  总正确率: 39.30%
类型1 正确率： 100.00% -> 1  100.00%, 2    0.00%, 3    0.00%
类型2 正确率：  18.00% -> 1    0.00%, 2   17.90%, 3   82.10%
类型3 正确率：   0.00% -> 1    6.15%, 2   93.85%, 3    0.00%


样本变换：reverse
样本变换：mask
样本变换：shift
样本变换：none
未过滤	未用伪标签：39.30% -> 使用伪标签：38.75%
已过滤	未用伪标签：39.26% -> 使用伪标签：38.94%
排除样本：29|6000	剩余：2147, 2165, 1659
增添样本：524		细则：18, 0, 506	正确率估算：99.24%
类型1 正确率： 100.00% -> 1  100.00%, 2    0.00%, 3    0.00%
类型2 正确率：  16.00% -> 1    0.00%, 2   16.38%, 3   83.62%
类型3 正确率：   0.00% -> 1    7.40%, 2   92.60%, 3    0.00%

被排除样本 正确率：48.28%
类型1 正确率：  88.00% -> 1   87.50%, 2   12.50%
类型2 正确率：   0.00% -> 1  100.00%, 2    0.00%


轮次:·16/·20 || c_Loss:0.375 || e_Loss:-1.456 || Aad_Loss:-28.150 || 耗时：36.78s
轮次:·17/·20 || c_Loss:0.414 || e_Loss:-0.949 || Aad_Loss:-29.126 || 耗时：13.91s
轮次:·18/·20 || c_Loss:0.416 || e_Loss:-0.914 || Aad_Loss:-32.392 || 耗时：13.92s
轮次:·19/·20 || c_Loss:0.398 || e_Loss:-0.951 || Aad_Loss:-27.880 || 耗时：13.91s
轮次:·20/·20 || c_Loss:0.369 || e_Loss:-0.913 || Aad_Loss:-32.941 || 耗时：13.94s
任务: (B2)N15_M07_F10→(B3)N15_M07_F04; mix批次:····0; 批次:·1880/·1880;  总正确率: 38.72%
类型1 正确率： 100.00% -> 1  100.00%, 2    0.00%, 3    0.00%
类型2 正确率：  16.00% -> 1    0.00%, 2   16.15%, 3   83.85%
类型3 正确率：   0.00% -> 1    6.95%, 2   93.05%, 3    0.00%


测试集任务: (B2)N15_M07_F10→(B3)N15_M07_F04; 总正确率 = 38.72%
类型1 正确率： 100.00% -> 1  100.00%, 2    0.00%, 3    0.00%
类型2 正确率：  16.00% -> 1    0.00%, 2   16.15%, 3   83.85%
类型3 正确率：   0.00% -> 1    6.95%, 2   93.05%, 3    0.00%


