读取源域路径：/kaggle/working/k10/S07/weight_PU_M1_final_checkpoint_FS07toS07c_s2024/NEW_PU/Source-源域/log&pt/(B3)N15_M07_F04
excel输出位置：/kaggle/working/k10/S07/weight_PU_M1_final_checkpoint_FS07toS07c_s2024/NEW_PU/Target-目标域
特征图片输出位置：/kaggle/working/k10/S07/weight_PU_M1_final_checkpoint_FS07toS07c_s2024/NEW_PU/Picture-特征图/2026年09月19日06时54分/(B3)N15_M07_F04
现在选取:(B3)N15_M07_F04 进行训练的源模型
现在进行：(B3)N15_M07_F04→(B1)N15_M01_F10 的迁移任务
log&pt输出位置：/kaggle/working/k10/S07/weight_PU_M1_final_checkpoint_FS07toS07c_s2024/NEW_PU/Target-目标域/log&pt/(B3)N15_M07_F04→(B1)N15_M01_F10
任务: (B3)N15_M07_F04→(B1)N15_M01_F10; 批次:····0/·1880;  总正确率: 50.15%
类型1 正确率：  80.00% -> 1   79.90%, 2    1.35%, 3   18.75%
类型2 正确率：  71.00% -> 1    0.05%, 2   70.55%, 3   29.40%
类型3 正确率：   0.00% -> 1    0.00%, 2  100.00%, 3    0.00%


样本变换：reverse
样本变换：mask
样本变换：shift
样本变换：none
未过滤	未用伪标签：50.15% -> 使用伪标签：51.60%
已过滤	未用伪标签：50.64% -> 使用伪标签：52.55%
排除样本：109|6000	剩余：1739, 3361, 791
增添样本：4192		细则：1622, 0, 2570	正确率估算：90.92%
类型1 正确率：  90.00% -> 1   89.92%, 2    0.21%, 3    9.88%
类型2 正确率：  69.00% -> 1    0.00%, 2   69.34%, 3   30.66%
类型3 正确率：   0.00% -> 1    0.00%, 2  100.00%, 3    0.00%

被排除样本 正确率：23.85%
类型1 正确率：   6.00% -> 1    6.06%, 2    4.55%, 3   89.39%
类型2 正确率：  51.00% -> 1    0.00%, 2   51.16%, 3   48.84%
类型3 没有样本或未被分类。


轮次:··1/·20 || c_Loss:0.509 || e_Loss:-0.850 || Aad_Loss:-31.150 || 耗时：37.68s
轮次:··2/·20 || c_Loss:0.394 || e_Loss:-0.843 || Aad_Loss:-30.111 || 耗时：13.94s
轮次:··3/·20 || c_Loss:0.509 || e_Loss:-1.314 || Aad_Loss:-26.186 || 耗时：13.82s
轮次:··4/·20 || c_Loss:0.386 || e_Loss:-0.811 || Aad_Loss:-34.126 || 耗时：13.81s
轮次:··5/·20 || c_Loss:0.406 || e_Loss:-0.784 || Aad_Loss:-32.519 || 耗时：13.76s
任务: (B3)N15_M07_F04→(B1)N15_M01_F10; mix批次:····0; 批次:··470/·1880;  总正确率: 53.83%
类型1 正确率：  97.00% -> 1   96.65%, 2    0.00%, 3    3.35%
类型2 正确率：  65.00% -> 1    0.00%, 2   64.85%, 3   35.15%
类型3 正确率：   0.00% -> 1    0.00%, 2  100.00%, 3    0.00%


样本变换：reverse
样本变换：mask
样本变换：shift
样本变换：none
未过滤	未用伪标签：53.83% -> 使用伪标签：55.82%
已过滤	未用伪标签：53.90% -> 使用伪标签：55.90%
排除样本：9|6000	剩余：2000, 3349, 642
增添样本：4056		细则：1349, 0, 2707	正确率估算：97.54%
类型1 正确率： 100.00% -> 1  100.00%, 2    0.00%, 3    0.00%
类型2 正确率：  68.00% -> 1    0.00%, 2   67.75%, 3   32.25%
类型3 正确率：   0.00% -> 1    0.00%, 2  100.00%, 3    0.00%

被排除样本 正确率：11.11%
类型1 正确率：  11.00% -> 1   11.11%, 2   88.89%
类型2 没有样本或未被分类。


轮次:··6/·20 || c_Loss:0.380 || e_Loss:-0.858 || Aad_Loss:-37.319 || 耗时：37.47s
轮次:··7/·20 || c_Loss:0.402 || e_Loss:-0.820 || Aad_Loss:-33.721 || 耗时：13.91s
轮次:··8/·20 || c_Loss:0.414 || e_Loss:-1.565 || Aad_Loss:-37.725 || 耗时：13.93s
轮次:··9/·20 || c_Loss:0.425 || e_Loss:-0.869 || Aad_Loss:-32.308 || 耗时：13.88s
轮次:·10/·20 || c_Loss:0.383 || e_Loss:-1.386 || Aad_Loss:-34.784 || 耗时：13.89s
任务: (B3)N15_M07_F04→(B1)N15_M01_F10; mix批次:····0; 批次:··940/·1880;  总正确率: 55.68%
类型1 正确率： 100.00% -> 1  100.00%, 2    0.00%, 3    0.00%
类型2 正确率：  67.00% -> 1    0.00%, 2   67.05%, 3   32.95%
类型3 正确率：   0.00% -> 1    0.00%, 2  100.00%, 3    0.00%


样本变换：reverse
样本变换：mask
样本变换：shift
样本变换：none
未过滤	未用伪标签：55.68% -> 使用伪标签：56.43%
已过滤	未用伪标签：55.74% -> 使用伪标签：56.49%
排除样本：6|6000	剩余：2000, 3386, 608
增添样本：4164		细则：1386, 0, 2778	正确率估算：100.00%
类型1 正确率： 100.00% -> 1  100.00%, 2    0.00%, 3    0.00%
类型2 正确率：  70.00% -> 1    0.00%, 2   69.51%, 3   30.49%
类型3 正确率：   0.00% -> 1    0.00%, 2  100.00%, 3    0.00%

被排除样本 正确率：0.00%
类型1 正确率：   0.00% -> 1    0.00%, 2  100.00%
类型2 没有样本或未被分类。


轮次:·11/·20 || c_Loss:0.409 || e_Loss:-0.879 || Aad_Loss:-35.195 || 耗时：37.35s
轮次:·12/·20 || c_Loss:0.388 || e_Loss:-0.909 || Aad_Loss:-33.408 || 耗时：13.81s
轮次:·13/·20 || c_Loss:0.394 || e_Loss:-0.898 || Aad_Loss:-36.755 || 耗时：13.83s
轮次:·14/·20 || c_Loss:0.407 || e_Loss:-0.841 || Aad_Loss:-37.540 || 耗时：13.84s
轮次:·15/·20 || c_Loss:0.381 || e_Loss:-0.914 || Aad_Loss:-35.675 || 耗时：13.87s
任务: (B3)N15_M07_F04→(B1)N15_M01_F10; mix批次:····0; 批次:·1410/·1880;  总正确率: 56.60%
类型1 正确率： 100.00% -> 1  100.00%, 2    0.00%, 3    0.00%
类型2 正确率：  70.00% -> 1    0.00%, 2   69.80%, 3   30.20%
类型3 正确率：   0.00% -> 1    0.00%, 2  100.00%, 3    0.00%


样本变换：reverse
样本变换：mask
样本变换：shift
样本变换：none
未过滤	未用伪标签：56.60% -> 使用伪标签：57.30%
已过滤	未用伪标签：56.67% -> 使用伪标签：57.37%
排除样本：7|6000	剩余：2000, 3438, 555
增添样本：4321		细则：1438, 0, 2883	正确率估算：100.00%
类型1 正确率： 100.00% -> 1  100.00%, 2    0.00%, 3    0.00%
类型2 正确率：  72.00% -> 1    0.00%, 2   72.15%, 3   27.85%
类型3 正确率：   0.00% -> 1    0.00%, 2  100.00%, 3    0.00%

被排除样本 正确率：0.00%
类型1 正确率：   0.00% -> 1    0.00%, 2  100.00%
类型2 没有样本或未被分类。


轮次:·16/·20 || c_Loss:0.427 || e_Loss:-0.866 || Aad_Loss:-36.317 || 耗时：37.37s
轮次:·17/·20 || c_Loss:0.388 || e_Loss:-1.455 || Aad_Loss:-32.825 || 耗时：13.93s
轮次:·18/·20 || c_Loss:0.397 || e_Loss:-0.870 || Aad_Loss:-36.965 || 耗时：13.94s
轮次:·19/·20 || c_Loss:0.385 || e_Loss:-0.887 || Aad_Loss:-37.701 || 耗时：13.85s
轮次:·20/·20 || c_Loss:0.396 || e_Loss:-0.838 || Aad_Loss:-35.259 || 耗时：13.85s
任务: (B3)N15_M07_F04→(B1)N15_M01_F10; mix批次:····0; 批次:·1880/·1880;  总正确率: 57.08%
类型1 正确率： 100.00% -> 1  100.00%, 2    0.00%, 3    0.00%
类型2 正确率：  71.00% -> 1    0.00%, 2   71.25%, 3   28.75%
类型3 正确率：   0.00% -> 1    0.00%, 2  100.00%, 3    0.00%


测试集任务: (B3)N15_M07_F04→(B1)N15_M01_F10; 总正确率 = 57.08%
类型1 正确率： 100.00% -> 1  100.00%, 2    0.00%, 3    0.00%
类型2 正确率：  71.00% -> 1    0.00%, 2   71.25%, 3   28.75%
类型3 正确率：   0.00% -> 1    0.00%, 2  100.00%, 3    0.00%


