读取源域路径：/kaggle/working/m0/weight_PU_as_released_s2024/NEW_PU/Source-源域/log&pt/(B3)N15_M07_F04
excel输出位置：/kaggle/working/m0/weight_PU_as_released_s2024/NEW_PU/Target-目标域
特征图片输出位置：/kaggle/working/m0/weight_PU_as_released_s2024/NEW_PU/Picture-特征图/2026年09月13日09时32分/(B3)N15_M07_F04
现在选取:(B3)N15_M07_F04 进行训练的源模型
现在进行：(B3)N15_M07_F04→(B1)N15_M01_F10 的迁移任务
log&pt输出位置：/kaggle/working/m0/weight_PU_as_released_s2024/NEW_PU/Target-目标域/log&pt/(B3)N15_M07_F04→(B1)N15_M01_F10
任务: (B3)N15_M07_F04→(B1)N15_M01_F10; 批次:····0/·5000;  总正确率: 75.51%
类型1 正确率：  99.00% -> 1   99.35%, 2    0.00%, 3    0.00%, 4    0.00%, 5    0.65%, 6    0.00%, 7    0.00%, 8    0.00%
类型2 正确率： 100.00% -> 1    0.00%, 2   99.95%, 3    0.00%, 4    0.00%, 5    0.00%, 6    0.00%, 7    0.00%, 8    0.05%
类型3 正确率：   5.00% -> 1    0.00%, 2    0.00%, 3    4.90%, 4   82.75%, 5    0.00%, 6    2.95%, 7    1.60%, 8    7.80%
类型4 正确率：  99.00% -> 1    0.00%, 2    0.00%, 3    0.00%, 4   99.25%, 5    0.00%, 6    0.00%, 7    0.75%, 8    0.00%
类型5 正确率： 100.00% -> 1    0.00%, 2    0.00%, 3    0.00%, 4    0.00%, 5  100.00%, 6    0.00%, 7    0.00%, 8    0.00%
类型6 正确率：  43.00% -> 1    0.00%, 2    0.00%, 3    7.65%, 4    4.70%, 5    0.00%, 6   42.60%, 7    0.65%, 8   44.40%
类型7 正确率：  58.00% -> 1    0.00%, 2    0.05%, 3    0.00%, 4    0.50%, 5    0.15%, 6    0.00%, 7   58.05%, 8   41.25%
类型8 正确率： 100.00% -> 1    0.00%, 2    0.00%, 3    0.00%, 4    0.00%, 5    0.00%, 6    0.00%, 7    0.00%, 8  100.00%


样本变换：reverse
样本变换：mask
样本变换：shift
样本变换：none
未过滤	未用伪标签：75.51% -> 使用伪标签：84.03%
已过滤	未用伪标签：77.86% -> 使用伪标签：86.99%
排除样本：546|16000	剩余：1998, 2000, 1035, 3076, 2001, 1407, 1839, 2098
增添样本：9154		细则：1078, 1076, 2041, 0, 1075, 1669, 1237, 978	正确率估算：76.15%
类型1 正确率： 100.00% -> 1   99.95%, 2    0.00%, 3    0.00%, 4    0.00%, 5    0.05%, 6    0.00%, 7    0.00%, 8    0.00%
类型2 正确率： 100.00% -> 1    0.00%, 2  100.00%, 3    0.00%, 4    0.00%, 5    0.00%, 6    0.00%, 7    0.00%, 8    0.00%
类型3 正确率：  26.00% -> 1    0.00%, 2    0.00%, 3   25.63%, 4   60.31%, 5    0.00%, 6   14.06%, 7    0.00%, 8    0.00%
类型4 正确率： 100.00% -> 1    0.00%, 2    0.00%, 3    0.00%, 4  100.00%, 5    0.00%, 6    0.00%, 7    0.00%, 8    0.00%
类型5 正确率： 100.00% -> 1    0.00%, 2    0.00%, 3    0.00%, 4    0.00%, 5  100.00%, 6    0.00%, 7    0.00%, 8    0.00%
类型6 正确率：  65.00% -> 1    0.00%, 2    0.00%, 3   32.85%, 4    0.22%, 5    0.00%, 6   65.03%, 7    0.00%, 8    1.90%
类型7 正确率：  95.00% -> 1    0.00%, 2    0.00%, 3    0.16%, 4    1.29%, 5    0.00%, 6    0.05%, 7   95.19%, 8    3.31%
类型8 正确率： 100.00% -> 1    0.00%, 2    0.00%, 3    0.00%, 4    0.00%, 5    0.00%, 6    0.00%, 7    0.00%, 8  100.00%

被排除样本 正确率：9.16%
类型1 正确率：   0.00% -> 1    0.00%, 2    0.00%, 3    0.00%, 4  100.00%, 5    0.00%, 6    0.00%, 7    0.00%
类型2 正确率：   2.00% -> 1    0.00%, 2    1.89%, 3   86.74%, 4    0.00%, 5    4.55%, 6    2.27%, 7    4.55%
类型3 没有样本或未被分类。
类型4 没有样本或未被分类。
类型5 正确率：  19.00% -> 1    0.00%, 2    9.86%, 3    5.63%, 4    0.00%, 5   18.78%, 6    0.47%, 7   65.26%
类型6 正确率：   7.00% -> 1    0.00%, 2    0.00%, 3    2.94%, 4    0.00%, 5    0.00%, 6    7.35%, 7   89.71%
类型7 没有样本或未被分类。


轮次:··1/·20 || c_Loss:0.798 || e_Loss:-1.596 || Aad_Loss:-9.913 || 耗时：87.04s
轮次:··2/·20 || c_Loss:0.753 || e_Loss:-2.977 || Aad_Loss:-10.821 || 耗时：35.41s
轮次:··3/·20 || c_Loss:0.755 || e_Loss:-3.061 || Aad_Loss:-10.638 || 耗时：35.38s
轮次:··4/·20 || c_Loss:0.703 || e_Loss:-3.209 || Aad_Loss:-11.380 || 耗时：35.51s
轮次:··5/·20 || c_Loss:0.755 || e_Loss:-3.165 || Aad_Loss:-10.588 || 耗时：35.37s
任务: (B3)N15_M07_F04→(B1)N15_M01_F10; mix批次:····0; 批次:·1250/·5000;  总正确率: 89.35%
类型1 正确率： 100.00% -> 1  100.00%, 2    0.00%, 3    0.00%, 4    0.00%, 5    0.00%, 6    0.00%, 7    0.00%, 8    0.00%
类型2 正确率： 100.00% -> 1    0.00%, 2  100.00%, 3    0.00%, 4    0.00%, 5    0.00%, 6    0.00%, 7    0.00%, 8    0.00%
类型3 正确率：  24.00% -> 1    0.00%, 2    0.00%, 3   24.25%, 4   48.90%, 5    0.00%, 6   26.80%, 7    0.05%, 8    0.00%
类型4 正确率： 100.00% -> 1    0.00%, 2    0.00%, 3    0.00%, 4   99.80%, 5    0.00%, 6    0.00%, 7    0.20%, 8    0.00%
类型5 正确率： 100.00% -> 1    0.00%, 2    0.00%, 3    0.00%, 4    0.00%, 5  100.00%, 6    0.00%, 7    0.00%, 8    0.00%
类型6 正确率：  91.00% -> 1    0.00%, 2    0.00%, 3    8.25%, 4    0.05%, 5    0.00%, 6   91.10%, 7    0.05%, 8    0.55%
类型7 正确率： 100.00% -> 1    0.00%, 2    0.00%, 3    0.00%, 4    0.35%, 5    0.00%, 6    0.00%, 7   99.65%, 8    0.00%
类型8 正确率： 100.00% -> 1    0.00%, 2    0.00%, 3    0.00%, 4    0.00%, 5    0.00%, 6    0.00%, 7    0.00%, 8  100.00%


样本变换：reverse
样本变换：mask
样本变换：shift
样本变换：none
未过滤	未用伪标签：89.35% -> 使用伪标签：97.14%
已过滤	未用伪标签：89.63% -> 使用伪标签：98.08%
排除样本：153|16000	剩余：2000, 2000, 1975, 2097, 2000, 1893, 1882, 2000
增添样本：929		细则：97, 97, 122, 0, 97, 204, 215, 97	正确率估算：87.94%
类型1 正确率： 100.00% -> 1  100.00%, 2    0.00%, 3    0.00%, 4    0.00%, 5    0.00%, 6    0.00%, 7    0.00%, 8    0.00%
类型2 正确率： 100.00% -> 1    0.00%, 2  100.00%, 3    0.00%, 4    0.00%, 5    0.00%, 6    0.00%, 7    0.00%, 8    0.00%
类型3 正确率：  95.00% -> 1    0.00%, 2    0.00%, 3   95.12%, 4    0.51%, 5    0.00%, 6    4.36%, 7    0.00%, 8    0.00%
类型4 正确率： 100.00% -> 1    0.00%, 2    0.00%, 3    0.05%, 4   99.95%, 5    0.00%, 6    0.00%, 7    0.00%, 8    0.00%
类型5 正确率： 100.00% -> 1    0.00%, 2    0.00%, 3    0.00%, 4    0.00%, 5  100.00%, 6    0.00%, 7    0.00%, 8    0.00%
类型6 正确率：  94.00% -> 1    0.00%, 2    0.00%, 3    6.27%, 4    0.00%, 5    0.00%, 6   93.73%, 7    0.00%, 8    0.00%
类型7 正确率：  96.00% -> 1    0.00%, 2    0.00%, 3    0.00%, 4    4.47%, 5    0.00%, 6    0.00%, 7   95.53%, 8    0.00%
类型8 正确率： 100.00% -> 1    0.00%, 2    0.00%, 3    0.00%, 4    0.00%, 5    0.00%, 6    0.00%, 7    0.00%, 8  100.00%

被排除样本 正确率：60.78%
类型1 正确率：  15.00% -> 1   15.38%, 2    5.77%, 3   78.85%, 4    0.00%, 5    0.00%
类型2 没有样本或未被分类。
类型3 正确率：  79.00% -> 1   18.31%, 2    0.00%, 3   78.87%, 4    0.00%, 5    2.82%
类型4 正确率：  97.00% -> 1    0.00%, 2    3.33%, 3    0.00%, 4   96.67%, 5    0.00%
类型5 没有样本或未被分类。


轮次:··6/·20 || c_Loss:0.645 || e_Loss:-1.538 || Aad_Loss:-11.300 || 耗时：82.69s
轮次:··7/·20 || c_Loss:0.673 || e_Loss:-1.551 || Aad_Loss:-11.030 || 耗时：35.44s
轮次:··8/·20 || c_Loss:0.612 || e_Loss:-1.656 || Aad_Loss:-10.799 || 耗时：35.43s
轮次:··9/·20 || c_Loss:0.642 || e_Loss:-1.615 || Aad_Loss:-11.130 || 耗时：35.44s
轮次:·10/·20 || c_Loss:0.649 || e_Loss:-1.569 || Aad_Loss:-11.725 || 耗时：35.44s
任务: (B3)N15_M07_F04→(B1)N15_M01_F10; mix批次:····0; 批次:·2500/·5000;  总正确率: 99.29%
类型1 正确率： 100.00% -> 1  100.00%, 2    0.00%, 3    0.00%, 4    0.00%, 5    0.00%, 6    0.00%, 7    0.00%, 8    0.00%
类型2 正确率： 100.00% -> 1    0.00%, 2  100.00%, 3    0.00%, 4    0.00%, 5    0.00%, 6    0.00%, 7    0.00%, 8    0.00%
类型3 正确率：  97.00% -> 1    0.00%, 2    0.00%, 3   97.00%, 4    0.00%, 5    0.00%, 6    3.00%, 7    0.00%, 8    0.00%
类型4 正确率： 100.00% -> 1    0.00%, 2    0.00%, 3    0.00%, 4  100.00%, 5    0.00%, 6    0.00%, 7    0.00%, 8    0.00%
类型5 正确率： 100.00% -> 1    0.00%, 2    0.00%, 3    0.00%, 4    0.00%, 5  100.00%, 6    0.00%, 7    0.00%, 8    0.00%
类型6 正确率：  98.00% -> 1    0.00%, 2    0.00%, 3    1.95%, 4    0.00%, 5    0.00%, 6   98.05%, 7    0.00%, 8    0.00%
类型7 正确率：  99.00% -> 1    0.00%, 2    0.00%, 3    0.30%, 4    0.40%, 5    0.00%, 6    0.00%, 7   99.30%, 8    0.00%
类型8 正确率： 100.00% -> 1    0.00%, 2    0.00%, 3    0.00%, 4    0.00%, 5    0.00%, 6    0.00%, 7    0.00%, 8  100.00%


样本变换：reverse
样本变换：mask
样本变换：shift
样本变换：none
未过滤	未用伪标签：99.29% -> 使用伪标签：97.81%
已过滤	未用伪标签：99.36% -> 使用伪标签：98.43%
排除样本：101|16000	剩余：2000, 2000, 1954, 2113, 2000, 1978, 1854, 2000
增添样本：1005		细则：113, 113, 159, 0, 113, 135, 259, 113	正确率估算：99.70%
类型1 正确率： 100.00% -> 1  100.00%, 2    0.00%, 3    0.00%, 4    0.00%, 5    0.00%, 6    0.00%, 7    0.00%, 8    0.00%
类型2 正确率： 100.00% -> 1    0.00%, 2  100.00%, 3    0.00%, 4    0.00%, 5    0.00%, 6    0.00%, 7    0.00%, 8    0.00%
类型3 正确率：  96.00% -> 1    0.00%, 2    0.00%, 3   96.04%, 4    0.20%, 5    0.00%, 6    3.75%, 7    0.00%, 8    0.00%
类型4 正确率： 100.00% -> 1    0.00%, 2    0.00%, 3    0.05%, 4   99.95%, 5    0.00%, 6    0.00%, 7    0.00%, 8    0.00%
类型5 正确率： 100.00% -> 1    0.00%, 2    0.00%, 3    0.00%, 4    0.00%, 5  100.00%, 6    0.00%, 7    0.00%, 8    0.00%
类型6 正确率：  97.00% -> 1    0.00%, 2    0.00%, 3    3.05%, 4    0.00%, 5    0.00%, 6   96.95%, 7    0.00%, 8    0.00%
类型7 正确率：  94.00% -> 1    0.00%, 2    0.00%, 3    0.00%, 4    5.60%, 5    0.00%, 6    0.00%, 7   94.40%, 8    0.00%
类型8 正确率： 100.00% -> 1    0.00%, 2    0.00%, 3    0.00%, 4    0.00%, 5    0.00%, 6    0.00%, 7    0.00%, 8  100.00%

被排除样本 正确率：88.12%
类型1 正确率：  83.00% -> 1   82.76%, 2    0.00%, 3   17.24%, 4    0.00%
类型2 没有样本或未被分类。
类型3 正确率：  86.00% -> 1   13.89%, 2    0.00%, 3   86.11%, 4    0.00%
类型4 正确率：  94.00% -> 1    0.00%, 2    5.56%, 3    0.00%, 4   94.44%


轮次:·11/·20 || c_Loss:0.639 || e_Loss:-1.631 || Aad_Loss:-12.067 || 耗时：82.83s
轮次:·12/·20 || c_Loss:0.628 || e_Loss:-2.955 || Aad_Loss:-11.798 || 耗时：35.43s
轮次:·13/·20 || c_Loss:0.661 || e_Loss:-1.660 || Aad_Loss:-11.136 || 耗时：35.46s
轮次:·14/·20 || c_Loss:0.617 || e_Loss:-1.692 || Aad_Loss:-10.987 || 耗时：35.44s
轮次:·15/·20 || c_Loss:0.615 || e_Loss:-1.682 || Aad_Loss:-11.005 || 耗时：35.46s
任务: (B3)N15_M07_F04→(B1)N15_M01_F10; mix批次:····0; 批次:·3750/·5000;  总正确率: 99.35%
类型1 正确率： 100.00% -> 1  100.00%, 2    0.00%, 3    0.00%, 4    0.00%, 5    0.00%, 6    0.00%, 7    0.00%, 8    0.00%
类型2 正确率： 100.00% -> 1    0.00%, 2  100.00%, 3    0.00%, 4    0.00%, 5    0.00%, 6    0.00%, 7    0.00%, 8    0.00%
类型3 正确率：  96.00% -> 1    0.00%, 2    0.00%, 3   96.40%, 4    0.00%, 5    0.00%, 6    3.60%, 7    0.00%, 8    0.00%
类型4 正确率： 100.00% -> 1    0.00%, 2    0.00%, 3    0.00%, 4  100.00%, 5    0.00%, 6    0.00%, 7    0.00%, 8    0.00%
类型5 正确率： 100.00% -> 1    0.00%, 2    0.00%, 3    0.00%, 4    0.00%, 5  100.00%, 6    0.00%, 7    0.00%, 8    0.00%
类型6 正确率：  99.00% -> 1    0.00%, 2    0.00%, 3    0.60%, 4    0.00%, 5    0.00%, 6   99.40%, 7    0.00%, 8    0.00%
类型7 正确率：  99.00% -> 1    0.00%, 2    0.00%, 3    0.45%, 4    0.55%, 5    0.00%, 6    0.00%, 7   99.00%, 8    0.00%
类型8 正确率： 100.00% -> 1    0.00%, 2    0.00%, 3    0.00%, 4    0.00%, 5    0.00%, 6    0.00%, 7    0.00%, 8  100.00%


样本变换：reverse
样本变换：mask
样本变换：shift
样本变换：none
未过滤	未用伪标签：99.35% -> 使用伪标签：97.95%
已过滤	未用伪标签：99.38% -> 使用伪标签：98.37%
排除样本：68|16000	剩余：2000, 2000, 1960, 2136, 2000, 1999, 1837, 2000
增添样本：1156		细则：136, 136, 176, 0, 136, 137, 299, 136	正确率估算：99.22%
类型1 正确率： 100.00% -> 1  100.00%, 2    0.00%, 3    0.00%, 4    0.00%, 5    0.00%, 6    0.00%, 7    0.00%, 8    0.00%
类型2 正确率： 100.00% -> 1    0.00%, 2  100.00%, 3    0.00%, 4    0.00%, 5    0.00%, 6    0.00%, 7    0.00%, 8    0.00%
类型3 正确率：  96.00% -> 1    0.00%, 2    0.00%, 3   96.31%, 4    0.15%, 5    0.00%, 6    3.54%, 7    0.00%, 8    0.00%
类型4 正确率： 100.00% -> 1    0.00%, 2    0.00%, 3    0.05%, 4   99.95%, 5    0.00%, 6    0.00%, 7    0.00%, 8    0.00%
类型5 正确率： 100.00% -> 1    0.00%, 2    0.00%, 3    0.00%, 4    0.00%, 5  100.00%, 6    0.00%, 7    0.00%, 8    0.00%
类型6 正确率：  97.00% -> 1    0.00%, 2    0.00%, 3    2.62%, 4    0.00%, 5    0.00%, 6   97.38%, 7    0.00%, 8    0.00%
类型7 正确率：  93.00% -> 1    0.00%, 2    0.00%, 3    0.00%, 4    6.80%, 5    0.00%, 6    0.00%, 7   93.20%, 8    0.00%
类型8 正确率： 100.00% -> 1    0.00%, 2    0.00%, 3    0.00%, 4    0.00%, 5    0.00%, 6    0.00%, 7    0.00%, 8  100.00%

被排除样本 正确率：92.65%
类型1 正确率：  75.00% -> 1   75.00%, 2   25.00%, 3    0.00%
类型2 正确率： 100.00% -> 1    0.00%, 2  100.00%, 3    0.00%
类型3 正确率： 100.00% -> 1    0.00%, 2    0.00%, 3  100.00%


轮次:·16/·20 || c_Loss:0.651 || e_Loss:-2.843 || Aad_Loss:-12.665 || 耗时：82.94s
轮次:·17/·20 || c_Loss:0.635 || e_Loss:-2.592 || Aad_Loss:-11.369 || 耗时：35.38s
轮次:·18/·20 || c_Loss:0.655 || e_Loss:-1.705 || Aad_Loss:-11.819 || 耗时：35.36s
轮次:·19/·20 || c_Loss:0.670 || e_Loss:-1.747 || Aad_Loss:-11.286 || 耗时：35.39s
轮次:·20/·20 || c_Loss:0.621 || e_Loss:-1.731 || Aad_Loss:-11.595 || 耗时：35.36s
任务: (B3)N15_M07_F04→(B1)N15_M01_F10; mix批次:····0; 批次:·5000/·5000;  总正确率: 99.62%
类型1 正确率： 100.00% -> 1  100.00%, 2    0.00%, 3    0.00%, 4    0.00%, 5    0.00%, 6    0.00%, 7    0.00%, 8    0.00%
类型2 正确率： 100.00% -> 1    0.00%, 2  100.00%, 3    0.00%, 4    0.00%, 5    0.00%, 6    0.00%, 7    0.00%, 8    0.00%
类型3 正确率：  98.00% -> 1    0.00%, 2    0.00%, 3   98.30%, 4    0.00%, 5    0.00%, 6    1.70%, 7    0.00%, 8    0.00%
类型4 正确率： 100.00% -> 1    0.00%, 2    0.00%, 3    0.05%, 4   99.95%, 5    0.00%, 6    0.00%, 7    0.00%, 8    0.00%
类型5 正确率： 100.00% -> 1    0.00%, 2    0.00%, 3    0.00%, 4    0.00%, 5  100.00%, 6    0.00%, 7    0.00%, 8    0.00%
类型6 正确率：  99.00% -> 1    0.00%, 2    0.00%, 3    0.65%, 4    0.00%, 5    0.00%, 6   99.35%, 7    0.00%, 8    0.00%
类型7 正确率：  99.00% -> 1    0.00%, 2    0.00%, 3    0.40%, 4    0.20%, 5    0.00%, 6    0.00%, 7   99.40%, 8    0.00%
类型8 正确率： 100.00% -> 1    0.00%, 2    0.00%, 3    0.00%, 4    0.00%, 5    0.00%, 6    0.00%, 7    0.00%, 8  100.00%


测试集任务: (B3)N15_M07_F04→(B1)N15_M01_F10; 总正确率 = 99.62%
类型1 正确率： 100.00% -> 1  100.00%, 2    0.00%, 3    0.00%, 4    0.00%, 5    0.00%, 6    0.00%, 7    0.00%, 8    0.00%
类型2 正确率： 100.00% -> 1    0.00%, 2  100.00%, 3    0.00%, 4    0.00%, 5    0.00%, 6    0.00%, 7    0.00%, 8    0.00%
类型3 正确率：  98.00% -> 1    0.00%, 2    0.00%, 3   98.30%, 4    0.00%, 5    0.00%, 6    1.70%, 7    0.00%, 8    0.00%
类型4 正确率： 100.00% -> 1    0.00%, 2    0.00%, 3    0.05%, 4   99.95%, 5    0.00%, 6    0.00%, 7    0.00%, 8    0.00%
类型5 正确率： 100.00% -> 1    0.00%, 2    0.00%, 3    0.00%, 4    0.00%, 5  100.00%, 6    0.00%, 7    0.00%, 8    0.00%
类型6 正确率：  99.00% -> 1    0.00%, 2    0.00%, 3    0.65%, 4    0.00%, 5    0.00%, 6   99.35%, 7    0.00%, 8    0.00%
类型7 正确率：  99.00% -> 1    0.00%, 2    0.00%, 3    0.40%, 4    0.20%, 5    0.00%, 6    0.00%, 7   99.40%, 8    0.00%
类型8 正确率： 100.00% -> 1    0.00%, 2    0.00%, 3    0.00%, 4    0.00%, 5    0.00%, 6    0.00%, 7    0.00%, 8  100.00%


