读取源域路径：/kaggle/working/m0/weight_PU_as_released_s2024/NEW_PU/Source-源域/log&pt/(B3)N15_M07_F04
excel输出位置：/kaggle/working/m0/weight_PU_as_released_s2024/NEW_PU/Target-目标域
特征图片输出位置：/kaggle/working/m0/weight_PU_as_released_s2024/NEW_PU/Picture-特征图/2026年09月13日09时48分/(B3)N15_M07_F04
现在选取:(B3)N15_M07_F04 进行训练的源模型
现在进行：(B3)N15_M07_F04→(B2)N15_M07_F10 的迁移任务
log&pt输出位置：/kaggle/working/m0/weight_PU_as_released_s2024/NEW_PU/Target-目标域/log&pt/(B3)N15_M07_F04→(B2)N15_M07_F10
任务: (B3)N15_M07_F04→(B2)N15_M07_F10; 批次:····0/·5000;  总正确率: 72.47%
类型1 正确率：  99.00% -> 1   98.65%, 2    0.00%, 3    0.00%, 4    0.00%, 5    1.35%, 6    0.00%, 7    0.00%, 8    0.00%
类型2 正确率： 100.00% -> 1    0.00%, 2  100.00%, 3    0.00%, 4    0.00%, 5    0.00%, 6    0.00%, 7    0.00%, 8    0.00%
类型3 正确率：   7.00% -> 1    0.00%, 2    0.00%, 3    7.10%, 4   72.10%, 5    0.00%, 6    1.90%, 7    1.95%, 8   16.95%
类型4 正确率：  97.00% -> 1    0.00%, 2    0.00%, 3    0.00%, 4   97.00%, 5    0.00%, 6    0.00%, 7    2.90%, 8    0.10%
类型5 正确率： 100.00% -> 1    0.00%, 2    0.00%, 3    0.00%, 4    0.00%, 5  100.00%, 6    0.00%, 7    0.00%, 8    0.00%
类型6 正确率：  30.00% -> 1    0.00%, 2    0.00%, 3    3.75%, 4    2.65%, 5    0.00%, 6   30.20%, 7    0.20%, 8   63.20%
类型7 正确率：  47.00% -> 1    0.00%, 2    0.10%, 3    0.00%, 4    0.05%, 5    0.30%, 6    0.00%, 7   46.85%, 8   52.70%
类型8 正确率： 100.00% -> 1    0.00%, 2    0.00%, 3    0.00%, 4    0.00%, 5    0.00%, 6    0.00%, 7    0.00%, 8  100.00%


样本变换：reverse
样本变换：mask
样本变换：shift
样本变换：none
未过滤	未用伪标签：72.47% -> 使用伪标签：89.17%
已过滤	未用伪标签：74.96% -> 使用伪标签：92.35%
排除样本：551|16000	剩余：1998, 2004, 1276, 2637, 2002, 1562, 1798, 2172
增添样本：5647		细则：639, 633, 1361, 0, 635, 1075, 839, 465	正确率估算：61.08%
类型1 正确率： 100.00% -> 1   99.90%, 2    0.00%, 3    0.00%, 4    0.00%, 5    0.10%, 6    0.00%, 7    0.00%, 8    0.00%
类型2 正确率： 100.00% -> 1    0.00%, 2  100.00%, 3    0.00%, 4    0.00%, 5    0.00%, 6    0.00%, 7    0.00%, 8    0.00%
类型3 正确率：  58.00% -> 1    0.00%, 2    0.00%, 3   58.27%, 4   36.51%, 5    0.00%, 6    5.22%, 7    0.00%, 8    0.00%
类型4 正确率： 100.00% -> 1    0.00%, 2    0.00%, 3    0.00%, 4   99.80%, 5    0.00%, 6    0.00%, 7    0.20%, 8    0.00%
类型5 正确率： 100.00% -> 1    0.00%, 2    0.00%, 3    0.00%, 4    0.00%, 5  100.00%, 6    0.00%, 7    0.00%, 8    0.00%
类型6 正确率：  82.00% -> 1    0.00%, 2    0.00%, 3   14.45%, 4    0.17%, 5    0.00%, 6   82.08%, 7    0.00%, 8    3.30%
类型7 正确率：  93.00% -> 1    0.00%, 2    0.21%, 3    0.16%, 4    0.16%, 5    0.00%, 6    0.26%, 7   93.29%, 8    5.93%
类型8 正确率： 100.00% -> 1    0.00%, 2    0.00%, 3    0.00%, 4    0.00%, 5    0.00%, 6    0.00%, 7    0.00%, 8  100.00%

被排除样本 正确率：2.90%
类型1 正确率：   0.00% -> 1    0.00%, 2   89.53%, 3    2.71%, 4    0.78%, 5    6.98%
类型2 正确率：   0.00% -> 1    0.00%, 2    0.00%, 3    0.00%, 4  100.00%, 5    0.00%
类型3 正确率：   6.00% -> 1    6.54%, 2    5.61%, 3    5.61%, 4    0.93%, 5   81.31%
类型4 正确率：   4.00% -> 1    0.00%, 2    0.00%, 3    0.00%, 4    3.90%, 5   96.10%
类型5 正确率： 100.00% -> 1    0.00%, 2    0.00%, 3    0.00%, 4    0.00%, 5  100.00%


轮次:··1/·20 || c_Loss:0.731 || e_Loss:-3.122 || Aad_Loss:-10.600 || 耗时：85.94s
轮次:··2/·20 || c_Loss:0.801 || e_Loss:-2.937 || Aad_Loss:-10.770 || 耗时：35.48s
轮次:··3/·20 || c_Loss:0.854 || e_Loss:-1.317 || Aad_Loss:-10.882 || 耗时：35.48s
轮次:··4/·20 || c_Loss:0.754 || e_Loss:-3.260 || Aad_Loss:-10.033 || 耗时：35.49s
轮次:··5/·20 || c_Loss:0.763 || e_Loss:-1.378 || Aad_Loss:-10.298 || 耗时：35.46s
任务: (B3)N15_M07_F04→(B2)N15_M07_F10; mix批次:····0; 批次:·1250/·5000;  总正确率: 95.43%
类型1 正确率： 100.00% -> 1  100.00%, 2    0.00%, 3    0.00%, 4    0.00%, 5    0.00%, 6    0.00%, 7    0.00%, 8    0.00%
类型2 正确率： 100.00% -> 1    0.00%, 2  100.00%, 3    0.00%, 4    0.00%, 5    0.00%, 6    0.00%, 7    0.00%, 8    0.00%
类型3 正确率：  70.00% -> 1    0.00%, 2    0.00%, 3   69.60%, 4   27.40%, 5    0.00%, 6    3.00%, 7    0.00%, 8    0.00%
类型4 正确率： 100.00% -> 1    0.00%, 2    0.00%, 3    0.00%, 4   99.80%, 5    0.00%, 6    0.00%, 7    0.20%, 8    0.00%
类型5 正确率： 100.00% -> 1    0.00%, 2    0.00%, 3    0.00%, 4    0.00%, 5  100.00%, 6    0.00%, 7    0.00%, 8    0.00%
类型6 正确率：  95.00% -> 1    0.00%, 2    0.00%, 3    4.70%, 4    0.15%, 5    0.00%, 6   94.55%, 7    0.05%, 8    0.55%
类型7 正确率： 100.00% -> 1    0.00%, 2    0.00%, 3    0.00%, 4    0.25%, 5    0.00%, 6    0.00%, 7   99.50%, 8    0.25%
类型8 正确率： 100.00% -> 1    0.00%, 2    0.00%, 3    0.00%, 4    0.00%, 5    0.00%, 6    0.00%, 7    0.00%, 8  100.00%


样本变换：reverse
样本变换：mask
样本变换：shift
样本变换：none
未过滤	未用伪标签：95.43% -> 使用伪标签：98.32%
已过滤	未用伪标签：95.48% -> 使用伪标签：98.94%
排除样本：100|16000	剩余：2000, 2003, 2051, 2057, 2000, 1905, 1885, 1999
增添样本：556		细则：57, 54, 6, 0, 57, 152, 172, 58	正确率估算：98.38%
类型1 正确率： 100.00% -> 1  100.00%, 2    0.00%, 3    0.00%, 4    0.00%, 5    0.00%, 6    0.00%, 7    0.00%, 8    0.00%
类型2 正确率： 100.00% -> 1    0.00%, 2  100.00%, 3    0.00%, 4    0.00%, 5    0.00%, 6    0.00%, 7    0.00%, 8    0.00%
类型3 正确率：  99.00% -> 1    0.00%, 2    0.00%, 3   98.94%, 4    0.00%, 5    0.00%, 6    1.06%, 7    0.00%, 8    0.00%
类型4 正确率： 100.00% -> 1    0.00%, 2    0.00%, 3    0.00%, 4   99.90%, 5    0.00%, 6    0.00%, 7    0.10%, 8    0.00%
类型5 正确率： 100.00% -> 1    0.00%, 2    0.00%, 3    0.00%, 4    0.00%, 5  100.00%, 6    0.00%, 7    0.00%, 8    0.00%
类型6 正确率：  96.00% -> 1    0.00%, 2    0.00%, 3    3.83%, 4    0.00%, 5    0.00%, 6   96.17%, 7    0.00%, 8    0.00%
类型7 正确率：  96.00% -> 1    0.00%, 2    0.15%, 3    0.41%, 4    3.02%, 5    0.00%, 6    0.00%, 7   96.41%, 8    0.00%
类型8 正确率： 100.00% -> 1    0.00%, 2    0.00%, 3    0.00%, 4    0.00%, 5    0.00%, 6    0.00%, 7    0.05%, 8   99.95%

被排除样本 正确率：87.00%
类型1 正确率：  82.00% -> 1   81.82%, 2    9.09%, 3    9.09%, 4    0.00%, 5    0.00%
类型2 没有样本或未被分类。
类型3 正确率：  78.00% -> 1   21.95%, 2    0.00%, 3   78.05%, 4    0.00%, 5    0.00%
类型4 正确率：  96.00% -> 1    0.00%, 2    2.08%, 3    0.00%, 4   95.83%, 5    2.08%
类型5 没有样本或未被分类。


轮次:··6/·20 || c_Loss:0.604 || e_Loss:-1.729 || Aad_Loss:-11.618 || 耗时：82.88s
轮次:··7/·20 || c_Loss:0.650 || e_Loss:-3.273 || Aad_Loss:-11.540 || 耗时：35.46s
轮次:··8/·20 || c_Loss:0.634 || e_Loss:-2.928 || Aad_Loss:-11.469 || 耗时：35.43s
轮次:··9/·20 || c_Loss:0.620 || e_Loss:-1.720 || Aad_Loss:-11.895 || 耗时：35.47s
轮次:·10/·20 || c_Loss:0.647 || e_Loss:-1.707 || Aad_Loss:-11.694 || 耗时：35.43s
任务: (B3)N15_M07_F04→(B2)N15_M07_F10; mix批次:····0; 批次:·2500/·5000;  总正确率: 99.58%
类型1 正确率： 100.00% -> 1  100.00%, 2    0.00%, 3    0.00%, 4    0.00%, 5    0.00%, 6    0.00%, 7    0.00%, 8    0.00%
类型2 正确率： 100.00% -> 1    0.00%, 2  100.00%, 3    0.00%, 4    0.00%, 5    0.00%, 6    0.00%, 7    0.00%, 8    0.00%
类型3 正确率： 100.00% -> 1    0.00%, 2    0.00%, 3   99.85%, 4    0.00%, 5    0.00%, 6    0.15%, 7    0.00%, 8    0.00%
类型4 正确率： 100.00% -> 1    0.00%, 2    0.00%, 3    0.00%, 4   99.95%, 5    0.00%, 6    0.00%, 7    0.05%, 8    0.00%
类型5 正确率： 100.00% -> 1    0.00%, 2    0.00%, 3    0.00%, 4    0.00%, 5  100.00%, 6    0.00%, 7    0.00%, 8    0.00%
类型6 正确率：  98.00% -> 1    0.00%, 2    0.00%, 3    2.30%, 4    0.00%, 5    0.00%, 6   97.70%, 7    0.00%, 8    0.00%
类型7 正确率：  99.00% -> 1    0.00%, 2    0.00%, 3    0.40%, 4    0.40%, 5    0.00%, 6    0.00%, 7   99.15%, 8    0.05%
类型8 正确率： 100.00% -> 1    0.00%, 2    0.00%, 3    0.00%, 4    0.00%, 5    0.00%, 6    0.00%, 7    0.00%, 8  100.00%


样本变换：reverse
样本变换：mask
样本变换：shift
样本变换：none
未过滤	未用伪标签：99.58% -> 使用伪标签：98.92%
已过滤	未用伪标签：99.62% -> 使用伪标签：99.24%
排除样本：51|16000	剩余：2000, 2002, 2022, 2054, 2000, 1948, 1923, 2000
增添样本：483		细则：54, 52, 32, 0, 54, 106, 131, 54	正确率估算：99.38%
类型1 正确率： 100.00% -> 1  100.00%, 2    0.00%, 3    0.00%, 4    0.00%, 5    0.00%, 6    0.00%, 7    0.00%, 8    0.00%
类型2 正确率： 100.00% -> 1    0.00%, 2  100.00%, 3    0.00%, 4    0.00%, 5    0.00%, 6    0.00%, 7    0.00%, 8    0.00%
类型3 正确率：  99.00% -> 1    0.00%, 2    0.00%, 3   99.30%, 4    0.00%, 5    0.00%, 6    0.70%, 7    0.00%, 8    0.00%
类型4 正确率： 100.00% -> 1    0.00%, 2    0.00%, 3    0.00%, 4   99.95%, 5    0.00%, 6    0.00%, 7    0.05%, 8    0.00%
类型5 正确率： 100.00% -> 1    0.00%, 2    0.00%, 3    0.00%, 4    0.00%, 5  100.00%, 6    0.00%, 7    0.00%, 8    0.00%
类型6 正确率：  98.00% -> 1    0.00%, 2    0.00%, 3    2.32%, 4    0.00%, 5    0.00%, 6   97.68%, 7    0.00%, 8    0.00%
类型7 正确率：  97.00% -> 1    0.00%, 2    0.10%, 3    0.10%, 4    2.83%, 5    0.00%, 6    0.00%, 7   96.97%, 8    0.00%
类型8 正确率： 100.00% -> 1    0.00%, 2    0.00%, 3    0.00%, 4    0.00%, 5    0.00%, 6    0.00%, 7    0.00%, 8  100.00%

被排除样本 正确率：88.24%
类型1 正确率： 100.00% -> 1  100.00%, 2    0.00%, 3    0.00%, 4    0.00%
类型2 正确率：   0.00% -> 1    0.00%, 2    0.00%, 3    0.00%, 4  100.00%
类型3 正确率：  80.00% -> 1   20.00%, 2    0.00%, 3   80.00%, 4    0.00%
类型4 正确率：  94.00% -> 1    5.56%, 2    0.00%, 3    0.00%, 4   94.44%


轮次:·11/·20 || c_Loss:0.612 || e_Loss:-1.732 || Aad_Loss:-11.419 || 耗时：82.54s
轮次:·12/·20 || c_Loss:0.618 || e_Loss:-1.797 || Aad_Loss:-11.744 || 耗时：35.43s
轮次:·13/·20 || c_Loss:0.646 || e_Loss:-3.520 || Aad_Loss:-11.241 || 耗时：35.42s
轮次:·14/·20 || c_Loss:0.618 || e_Loss:-1.714 || Aad_Loss:-12.272 || 耗时：35.43s
轮次:·15/·20 || c_Loss:0.599 || e_Loss:-1.754 || Aad_Loss:-11.672 || 耗时：35.44s
任务: (B3)N15_M07_F04→(B2)N15_M07_F10; mix批次:····0; 批次:·3750/·5000;  总正确率: 99.55%
类型1 正确率： 100.00% -> 1  100.00%, 2    0.00%, 3    0.00%, 4    0.00%, 5    0.00%, 6    0.00%, 7    0.00%, 8    0.00%
类型2 正确率： 100.00% -> 1    0.00%, 2  100.00%, 3    0.00%, 4    0.00%, 5    0.00%, 6    0.00%, 7    0.00%, 8    0.00%
类型3 正确率： 100.00% -> 1    0.00%, 2    0.00%, 3   99.95%, 4    0.00%, 5    0.00%, 6    0.05%, 7    0.00%, 8    0.00%
类型4 正确率： 100.00% -> 1    0.00%, 2    0.00%, 3    0.00%, 4   99.95%, 5    0.00%, 6    0.00%, 7    0.05%, 8    0.00%
类型5 正确率： 100.00% -> 1    0.00%, 2    0.00%, 3    0.00%, 4    0.00%, 5  100.00%, 6    0.00%, 7    0.00%, 8    0.00%
类型6 正确率：  97.00% -> 1    0.00%, 2    0.00%, 3    3.05%, 4    0.00%, 5    0.00%, 6   96.95%, 7    0.00%, 8    0.00%
类型7 正确率： 100.00% -> 1    0.00%, 2    0.00%, 3    0.30%, 4    0.15%, 5    0.00%, 6    0.00%, 7   99.55%, 8    0.00%
类型8 正确率： 100.00% -> 1    0.00%, 2    0.00%, 3    0.00%, 4    0.00%, 5    0.00%, 6    0.00%, 7    0.00%, 8  100.00%


样本变换：reverse
样本变换：mask
样本变换：shift
样本变换：none
未过滤	未用伪标签：99.55% -> 使用伪标签：99.01%
已过滤	未用伪标签：99.59% -> 使用伪标签：99.24%
排除样本：37|16000	剩余：2000, 2002, 2022, 2066, 2000, 1959, 1914, 2000
增添样本：565		细则：66, 64, 44, 0, 66, 107, 152, 66	正确率估算：100.00%
类型1 正确率： 100.00% -> 1  100.00%, 2    0.00%, 3    0.00%, 4    0.00%, 5    0.00%, 6    0.00%, 7    0.00%, 8    0.00%
类型2 正确率： 100.00% -> 1    0.00%, 2  100.00%, 3    0.00%, 4    0.00%, 5    0.00%, 6    0.00%, 7    0.00%, 8    0.00%
类型3 正确率：  99.00% -> 1    0.00%, 2    0.00%, 3   99.50%, 4    0.05%, 5    0.00%, 6    0.45%, 7    0.00%, 8    0.00%
类型4 正确率： 100.00% -> 1    0.00%, 2    0.00%, 3    0.00%, 4   99.95%, 5    0.00%, 6    0.00%, 7    0.05%, 8    0.00%
类型5 正确率： 100.00% -> 1    0.00%, 2    0.00%, 3    0.00%, 4    0.00%, 5  100.00%, 6    0.00%, 7    0.00%, 8    0.00%
类型6 正确率：  98.00% -> 1    0.00%, 2    0.00%, 3    2.06%, 4    0.00%, 5    0.00%, 6   97.94%, 7    0.00%, 8    0.00%
类型7 正确率：  96.00% -> 1    0.00%, 2    0.10%, 3    0.05%, 4    3.38%, 5    0.00%, 6    0.00%, 7   96.47%, 8    0.00%
类型8 正确率： 100.00% -> 1    0.00%, 2    0.00%, 3    0.00%, 4    0.00%, 5    0.00%, 6    0.00%, 7    0.00%, 8  100.00%

被排除样本 正确率：83.78%
类型1 正确率： 100.00% -> 1  100.00%, 2    0.00%, 3    0.00%, 4    0.00%
类型2 正确率：   0.00% -> 1    0.00%, 2    0.00%, 3    0.00%, 4  100.00%
类型3 正确率：  56.00% -> 1   44.44%, 2    0.00%, 3   55.56%, 4    0.00%
类型4 正确率：  94.00% -> 1    5.88%, 2    0.00%, 3    0.00%, 4   94.12%


轮次:·16/·20 || c_Loss:0.628 || e_Loss:-1.838 || Aad_Loss:-11.559 || 耗时：82.45s
轮次:·17/·20 || c_Loss:0.663 || e_Loss:-1.702 || Aad_Loss:-12.836 || 耗时：35.43s
轮次:·18/·20 || c_Loss:0.640 || e_Loss:-2.950 || Aad_Loss:-11.011 || 耗时：35.47s
轮次:·19/·20 || c_Loss:0.651 || e_Loss:-3.019 || Aad_Loss:-11.279 || 耗时：35.47s
轮次:·20/·20 || c_Loss:0.621 || e_Loss:-1.858 || Aad_Loss:-11.063 || 耗时：35.47s
任务: (B3)N15_M07_F04→(B2)N15_M07_F10; mix批次:····0; 批次:·5000/·5000;  总正确率: 99.78%
类型1 正确率： 100.00% -> 1  100.00%, 2    0.00%, 3    0.00%, 4    0.00%, 5    0.00%, 6    0.00%, 7    0.00%, 8    0.00%
类型2 正确率： 100.00% -> 1    0.00%, 2  100.00%, 3    0.00%, 4    0.00%, 5    0.00%, 6    0.00%, 7    0.00%, 8    0.00%
类型3 正确率： 100.00% -> 1    0.00%, 2    0.00%, 3   99.90%, 4    0.00%, 5    0.00%, 6    0.10%, 7    0.00%, 8    0.00%
类型4 正确率： 100.00% -> 1    0.00%, 2    0.00%, 3    0.10%, 4   99.90%, 5    0.00%, 6    0.00%, 7    0.00%, 8    0.00%
类型5 正确率： 100.00% -> 1    0.00%, 2    0.00%, 3    0.00%, 4    0.00%, 5  100.00%, 6    0.00%, 7    0.00%, 8    0.00%
类型6 正确率：  99.00% -> 1    0.00%, 2    0.00%, 3    0.80%, 4    0.00%, 5    0.00%, 6   99.20%, 7    0.00%, 8    0.00%
类型7 正确率：  99.00% -> 1    0.00%, 2    0.00%, 3    0.60%, 4    0.15%, 5    0.00%, 6    0.00%, 7   99.25%, 8    0.00%
类型8 正确率： 100.00% -> 1    0.00%, 2    0.00%, 3    0.00%, 4    0.00%, 5    0.00%, 6    0.00%, 7    0.00%, 8  100.00%


测试集任务: (B3)N15_M07_F04→(B2)N15_M07_F10; 总正确率 = 99.78%
类型1 正确率： 100.00% -> 1  100.00%, 2    0.00%, 3    0.00%, 4    0.00%, 5    0.00%, 6    0.00%, 7    0.00%, 8    0.00%
类型2 正确率： 100.00% -> 1    0.00%, 2  100.00%, 3    0.00%, 4    0.00%, 5    0.00%, 6    0.00%, 7    0.00%, 8    0.00%
类型3 正确率： 100.00% -> 1    0.00%, 2    0.00%, 3   99.90%, 4    0.00%, 5    0.00%, 6    0.10%, 7    0.00%, 8    0.00%
类型4 正确率： 100.00% -> 1    0.00%, 2    0.00%, 3    0.10%, 4   99.90%, 5    0.00%, 6    0.00%, 7    0.00%, 8    0.00%
类型5 正确率： 100.00% -> 1    0.00%, 2    0.00%, 3    0.00%, 4    0.00%, 5  100.00%, 6    0.00%, 7    0.00%, 8    0.00%
类型6 正确率：  99.00% -> 1    0.00%, 2    0.00%, 3    0.80%, 4    0.00%, 5    0.00%, 6   99.20%, 7    0.00%, 8    0.00%
类型7 正确率：  99.00% -> 1    0.00%, 2    0.00%, 3    0.60%, 4    0.15%, 5    0.00%, 6    0.00%, 7   99.25%, 8    0.00%
类型8 正确率： 100.00% -> 1    0.00%, 2    0.00%, 3    0.00%, 4    0.00%, 5    0.00%, 6    0.00%, 7    0.00%, 8  100.00%


