

现在开始拿源域训练集：(B1)N15_M01_F10 进行训练
源域读取路径：/kaggle/working/m0/sdalr_PU_as_released/DATA/PU_1d_8c_2048/N15_M01_F10_label.txt
excel输出位置：/kaggle/working/m0/weight_src_PU_s2024/NEW_PU/Source-源域
log&pt输出位置：/kaggle/working/m0/weight_src_PU_s2024/NEW_PU/Source-源域/log&pt/(B1)N15_M01_F10
特征图片输出位置：/kaggle/working/m0/weight_src_PU_s2024/NEW_PU/Picture-特征图/2026年09月13日08时17分/(B1)N15_M01_F10
源域训练开始
轮次:··1/·10 || loss:0.026 || 耗时：22.20s
轮次:··2/·10 || loss:0.010 || 耗时：21.65s
轮次:··3/·10 || loss:0.005 || 耗时：22.72s
轮次:··4/·10 || loss:0.004 || 耗时：24.03s
轮次:··5/·10 || loss:0.005 || 耗时：24.97s
任务: (B1)N15_M01_F10; mix批次:····0; 批次:··875/·1750; 总正确率 = 99.82%
类型1 正确率： 100.00% -> 1  100.00%, 2    0.00%, 3    0.00%, 4    0.00%, 5    0.00%, 6    0.00%, 7    0.00%, 8    0.00%
类型2 正确率： 100.00% -> 1    0.00%, 2  100.00%, 3    0.00%, 4    0.00%, 5    0.00%, 6    0.00%, 7    0.00%, 8    0.00%
类型3 正确率： 100.00% -> 1    0.00%, 2    0.00%, 3  100.00%, 4    0.00%, 5    0.00%, 6    0.00%, 7    0.00%, 8    0.00%
类型4 正确率： 100.00% -> 1    0.00%, 2    0.00%, 3    0.00%, 4  100.00%, 5    0.00%, 6    0.00%, 7    0.00%, 8    0.00%
类型5 正确率： 100.00% -> 1    0.00%, 2    0.00%, 3    0.00%, 4    0.00%, 5  100.00%, 6    0.00%, 7    0.00%, 8    0.00%
类型6 正确率：  99.00% -> 1    0.00%, 2    0.00%, 3    1.42%, 4    0.00%, 5    0.00%, 6   98.58%, 7    0.00%, 8    0.00%
类型7 正确率： 100.00% -> 1    0.00%, 2    0.00%, 3    0.00%, 4    0.00%, 5    0.00%, 6    0.00%, 7  100.00%, 8    0.00%
类型8 正确率： 100.00% -> 1    0.00%, 2    0.00%, 3    0.00%, 4    0.00%, 5    0.00%, 6    0.00%, 7    0.00%, 8  100.00%


轮次:··6/·10 || loss:0.002 || 耗时：24.05s
轮次:··7/·10 || loss:0.003 || 耗时：23.83s
轮次:··8/·10 || loss:0.003 || 耗时：24.24s
轮次:··9/·10 || loss:0.008 || 耗时：24.31s
轮次:·10/·10 || loss:0.003 || 耗时：24.16s
任务: (B1)N15_M01_F10; mix批次:····0; 批次:·1750/·1750; 总正确率 = 99.88%
类型1 正确率： 100.00% -> 1  100.00%, 2    0.00%, 3    0.00%, 4    0.00%, 5    0.00%, 6    0.00%, 7    0.00%, 8    0.00%
类型2 正确率： 100.00% -> 1    0.00%, 2  100.00%, 3    0.00%, 4    0.00%, 5    0.00%, 6    0.00%, 7    0.00%, 8    0.00%
类型3 正确率： 100.00% -> 1    0.00%, 2    0.00%, 3  100.00%, 4    0.00%, 5    0.00%, 6    0.00%, 7    0.00%, 8    0.00%
类型4 正确率： 100.00% -> 1    0.00%, 2    0.00%, 3    0.00%, 4  100.00%, 5    0.00%, 6    0.00%, 7    0.00%, 8    0.00%
类型5 正确率： 100.00% -> 1    0.00%, 2    0.00%, 3    0.00%, 4    0.00%, 5  100.00%, 6    0.00%, 7    0.00%, 8    0.00%
类型6 正确率：  99.00% -> 1    0.00%, 2    0.00%, 3    0.95%, 4    0.00%, 5    0.00%, 6   99.05%, 7    0.00%, 8    0.00%
类型7 正确率： 100.00% -> 1    0.00%, 2    0.00%, 3    0.00%, 4    0.00%, 5    0.00%, 6    0.00%, 7  100.00%, 8    0.00%
类型8 正确率： 100.00% -> 1    0.00%, 2    0.00%, 3    0.00%, 4    0.00%, 5    0.00%, 6    0.00%, 7    0.00%, 8  100.00%


测试集任务: (B1)N15_M01_F10; 总正确率 = 100.00%
类型1 正确率： 100.00% -> 1  100.00%, 2    0.00%, 3    0.00%, 4    0.00%, 5    0.00%, 6    0.00%, 7    0.00%, 8    0.00%
类型2 正确率： 100.00% -> 1    0.00%, 2  100.00%, 3    0.00%, 4    0.00%, 5    0.00%, 6    0.00%, 7    0.00%, 8    0.00%
类型3 正确率： 100.00% -> 1    0.00%, 2    0.00%, 3  100.00%, 4    0.00%, 5    0.00%, 6    0.00%, 7    0.00%, 8    0.00%
类型4 正确率： 100.00% -> 1    0.00%, 2    0.00%, 3    0.00%, 4  100.00%, 5    0.00%, 6    0.00%, 7    0.00%, 8    0.00%
类型5 正确率： 100.00% -> 1    0.00%, 2    0.00%, 3    0.00%, 4    0.00%, 5  100.00%, 6    0.00%, 7    0.00%, 8    0.00%
类型6 正确率： 100.00% -> 1    0.00%, 2    0.00%, 3    0.00%, 4    0.00%, 5    0.00%, 6  100.00%, 7    0.00%, 8    0.00%
类型7 正确率： 100.00% -> 1    0.00%, 2    0.00%, 3    0.00%, 4    0.00%, 5    0.00%, 6    0.00%, 7  100.00%, 8    0.00%
类型8 正确率： 100.00% -> 1    0.00%, 2    0.00%, 3    0.00%, 4    0.00%, 5    0.00%, 6    0.00%, 7    0.00%, 8  100.00%


源域训练结束

训练好之后，测试目标域
目标域路径：/kaggle/working/m0/sdalr_PU_as_released/DATA/PU_1d_8c_2048/N15_M07_F10_label.txt
测试目标数据集结果如下：
任务: (B1)N15_M01_F10→(B2)N15_M07_F10, 正确率 = 99.94%
类型1 正确率： 100.00% -> 1  100.00%, 2    0.00%, 3    0.00%, 4    0.00%, 5    0.00%, 6    0.00%, 7    0.00%, 8    0.00%
类型2 正确率： 100.00% -> 1    0.00%, 2  100.00%, 3    0.00%, 4    0.00%, 5    0.00%, 6    0.00%, 7    0.00%, 8    0.00%
类型3 正确率： 100.00% -> 1    0.00%, 2    0.00%, 3  100.00%, 4    0.00%, 5    0.00%, 6    0.00%, 7    0.00%, 8    0.00%
类型4 正确率： 100.00% -> 1    0.00%, 2    0.00%, 3    0.00%, 4   99.76%, 5    0.00%, 6    0.00%, 7    0.24%, 8    0.00%
类型5 正确率： 100.00% -> 1    0.00%, 2    0.00%, 3    0.00%, 4    0.00%, 5  100.00%, 6    0.00%, 7    0.00%, 8    0.00%
类型6 正确率： 100.00% -> 1    0.00%, 2    0.00%, 3    0.24%, 4    0.00%, 5    0.00%, 6   99.76%, 7    0.00%, 8    0.00%
类型7 正确率： 100.00% -> 1    0.00%, 2    0.00%, 3    0.00%, 4    0.00%, 5    0.00%, 6    0.00%, 7  100.00%, 8    0.00%
类型8 正确率： 100.00% -> 1    0.00%, 2    0.00%, 3    0.00%, 4    0.00%, 5    0.00%, 6    0.00%, 7    0.00%, 8  100.00%

目标域路径：/kaggle/working/m0/sdalr_PU_as_released/DATA/PU_1d_8c_2048/N15_M07_F04_label.txt
测试目标数据集结果如下：
任务: (B1)N15_M01_F10→(B3)N15_M07_F04, 正确率 = 83.12%
类型1 正确率： 100.00% -> 1  100.00%, 2    0.00%, 3    0.00%, 4    0.00%, 5    0.00%, 6    0.00%, 7    0.00%, 8    0.00%
类型2 正确率：  95.00% -> 1    0.00%, 2   95.49%, 3    0.80%, 4    0.00%, 5    0.00%, 6    0.80%, 7    2.92%, 8    0.00%
类型3 正确率：  53.00% -> 1    0.00%, 2    0.00%, 3   53.27%, 4    0.00%, 5    0.00%, 6   46.73%, 7    0.00%, 8    0.00%
类型4 正确率：  73.00% -> 1    0.00%, 2    0.00%, 3   27.43%, 4   72.57%, 5    0.00%, 6    0.00%, 7    0.00%, 8    0.00%
类型5 正确率：  84.00% -> 1   15.53%, 2    0.47%, 3    0.00%, 4    0.00%, 5   84.00%, 6    0.00%, 7    0.00%, 8    0.00%
类型6 正确率：  79.00% -> 1    0.00%, 2    0.00%, 3   20.63%, 4    0.00%, 5    0.00%, 6   79.37%, 7    0.00%, 8    0.00%
类型7 正确率：  97.00% -> 1    0.00%, 2    0.25%, 3    1.98%, 4    0.99%, 5    0.00%, 6    0.00%, 7   96.78%, 8    0.00%
类型8 正确率：  84.00% -> 1    0.00%, 2    0.00%, 3    1.80%, 4    0.26%, 5    0.00%, 6    0.00%, 7   14.43%, 8   83.51%



现在开始拿源域训练集：(B2)N15_M07_F10 进行训练
源域读取路径：/kaggle/working/m0/sdalr_PU_as_released/DATA/PU_1d_8c_2048/N15_M07_F10_label.txt
excel输出位置：/kaggle/working/m0/weight_src_PU_s2024/NEW_PU/Source-源域
log&pt输出位置：/kaggle/working/m0/weight_src_PU_s2024/NEW_PU/Source-源域/log&pt/(B2)N15_M07_F10
特征图片输出位置：/kaggle/working/m0/weight_src_PU_s2024/NEW_PU/Picture-特征图/2026年09月13日08时17分/(B2)N15_M07_F10
源域训练开始
轮次:··1/·10 || loss:0.228 || 耗时：24.31s
轮次:··2/·10 || loss:0.012 || 耗时：24.62s
轮次:··3/·10 || loss:0.006 || 耗时：24.01s
轮次:··4/·10 || loss:0.015 || 耗时：24.04s
轮次:··5/·10 || loss:0.005 || 耗时：24.31s
任务: (B2)N15_M07_F10; mix批次:····0; 批次:··875/·1750; 总正确率 = 99.94%
类型1 正确率： 100.00% -> 1  100.00%, 2    0.00%, 3    0.00%, 4    0.00%, 5    0.00%, 6    0.00%, 7    0.00%, 8    0.00%
类型2 正确率： 100.00% -> 1    0.00%, 2  100.00%, 3    0.00%, 4    0.00%, 5    0.00%, 6    0.00%, 7    0.00%, 8    0.00%
类型3 正确率： 100.00% -> 1    0.00%, 2    0.00%, 3   99.54%, 4    0.00%, 5    0.00%, 6    0.46%, 7    0.00%, 8    0.00%
类型4 正确率： 100.00% -> 1    0.00%, 2    0.00%, 3    0.00%, 4  100.00%, 5    0.00%, 6    0.00%, 7    0.00%, 8    0.00%
类型5 正确率： 100.00% -> 1    0.00%, 2    0.00%, 3    0.00%, 4    0.00%, 5  100.00%, 6    0.00%, 7    0.00%, 8    0.00%
类型6 正确率： 100.00% -> 1    0.00%, 2    0.00%, 3    0.00%, 4    0.00%, 5    0.00%, 6  100.00%, 7    0.00%, 8    0.00%
类型7 正确率： 100.00% -> 1    0.00%, 2    0.00%, 3    0.00%, 4    0.00%, 5    0.00%, 6    0.00%, 7  100.00%, 8    0.00%
类型8 正确率： 100.00% -> 1    0.00%, 2    0.00%, 3    0.00%, 4    0.00%, 5    0.00%, 6    0.00%, 7    0.00%, 8  100.00%


轮次:··6/·10 || loss:0.003 || 耗时：24.25s
轮次:··7/·10 || loss:0.004 || 耗时：24.13s
轮次:··8/·10 || loss:0.003 || 耗时：24.06s
轮次:··9/·10 || loss:0.006 || 耗时：24.08s
轮次:·10/·10 || loss:0.005 || 耗时：24.15s
任务: (B2)N15_M07_F10; mix批次:····0; 批次:·1750/·1750; 总正确率 = 100.00%
类型1 正确率： 100.00% -> 1  100.00%, 2    0.00%, 3    0.00%, 4    0.00%, 5    0.00%, 6    0.00%, 7    0.00%, 8    0.00%
类型2 正确率： 100.00% -> 1    0.00%, 2  100.00%, 3    0.00%, 4    0.00%, 5    0.00%, 6    0.00%, 7    0.00%, 8    0.00%
类型3 正确率： 100.00% -> 1    0.00%, 2    0.00%, 3  100.00%, 4    0.00%, 5    0.00%, 6    0.00%, 7    0.00%, 8    0.00%
类型4 正确率： 100.00% -> 1    0.00%, 2    0.00%, 3    0.00%, 4  100.00%, 5    0.00%, 6    0.00%, 7    0.00%, 8    0.00%
类型5 正确率： 100.00% -> 1    0.00%, 2    0.00%, 3    0.00%, 4    0.00%, 5  100.00%, 6    0.00%, 7    0.00%, 8    0.00%
类型6 正确率： 100.00% -> 1    0.00%, 2    0.00%, 3    0.00%, 4    0.00%, 5    0.00%, 6  100.00%, 7    0.00%, 8    0.00%
类型7 正确率： 100.00% -> 1    0.00%, 2    0.00%, 3    0.00%, 4    0.00%, 5    0.00%, 6    0.00%, 7  100.00%, 8    0.00%
类型8 正确率： 100.00% -> 1    0.00%, 2    0.00%, 3    0.00%, 4    0.00%, 5    0.00%, 6    0.00%, 7    0.00%, 8  100.00%


测试集任务: (B2)N15_M07_F10; 总正确率 = 99.93%
类型1 正确率： 100.00% -> 1  100.00%, 2    0.00%, 3    0.00%, 4    0.00%, 5    0.00%, 6    0.00%, 7    0.00%, 8    0.00%
类型2 正确率： 100.00% -> 1    0.00%, 2  100.00%, 3    0.00%, 4    0.00%, 5    0.00%, 6    0.00%, 7    0.00%, 8    0.00%
类型3 正确率： 100.00% -> 1    0.00%, 2    0.00%, 3  100.00%, 4    0.00%, 5    0.00%, 6    0.00%, 7    0.00%, 8    0.00%
类型4 正确率： 100.00% -> 1    0.00%, 2    0.00%, 3    0.00%, 4  100.00%, 5    0.00%, 6    0.00%, 7    0.00%, 8    0.00%
类型5 正确率： 100.00% -> 1    0.00%, 2    0.00%, 3    0.00%, 4    0.00%, 5  100.00%, 6    0.00%, 7    0.00%, 8    0.00%
类型6 正确率：  99.00% -> 1    0.00%, 2    0.00%, 3    0.53%, 4    0.00%, 5    0.00%, 6   99.47%, 7    0.00%, 8    0.00%
类型7 正确率： 100.00% -> 1    0.00%, 2    0.00%, 3    0.00%, 4    0.00%, 5    0.00%, 6    0.00%, 7  100.00%, 8    0.00%
类型8 正确率： 100.00% -> 1    0.00%, 2    0.00%, 3    0.00%, 4    0.00%, 5    0.00%, 6    0.00%, 7    0.00%, 8  100.00%


源域训练结束

训练好之后，测试目标域
目标域路径：/kaggle/working/m0/sdalr_PU_as_released/DATA/PU_1d_8c_2048/N15_M01_F10_label.txt
测试目标数据集结果如下：
任务: (B2)N15_M07_F10→(B1)N15_M01_F10, 正确率 = 99.91%
类型1 正确率： 100.00% -> 1  100.00%, 2    0.00%, 3    0.00%, 4    0.00%, 5    0.00%, 6    0.00%, 7    0.00%, 8    0.00%
类型2 正确率： 100.00% -> 1    0.00%, 2  100.00%, 3    0.00%, 4    0.00%, 5    0.00%, 6    0.00%, 7    0.00%, 8    0.00%
类型3 正确率： 100.00% -> 1    0.00%, 2    0.00%, 3  100.00%, 4    0.00%, 5    0.00%, 6    0.00%, 7    0.00%, 8    0.00%
类型4 正确率： 100.00% -> 1    0.00%, 2    0.00%, 3    0.00%, 4  100.00%, 5    0.00%, 6    0.00%, 7    0.00%, 8    0.00%
类型5 正确率： 100.00% -> 1    0.00%, 2    0.00%, 3    0.00%, 4    0.00%, 5  100.00%, 6    0.00%, 7    0.00%, 8    0.00%
类型6 正确率： 100.00% -> 1    0.00%, 2    0.00%, 3    0.24%, 4    0.00%, 5    0.00%, 6   99.76%, 7    0.00%, 8    0.00%
类型7 正确率： 100.00% -> 1    0.00%, 2    0.00%, 3    0.00%, 4    0.26%, 5    0.00%, 6    0.00%, 7   99.74%, 8    0.00%
类型8 正确率： 100.00% -> 1    0.00%, 2    0.00%, 3    0.00%, 4    0.00%, 5    0.00%, 6    0.00%, 7    0.25%, 8   99.75%

目标域路径：/kaggle/working/m0/sdalr_PU_as_released/DATA/PU_1d_8c_2048/N15_M07_F04_label.txt
测试目标数据集结果如下：
任务: (B2)N15_M07_F10→(B3)N15_M07_F04, 正确率 = 78.76%
类型1 正确率： 100.00% -> 1  100.00%, 2    0.00%, 3    0.00%, 4    0.00%, 5    0.00%, 6    0.00%, 7    0.00%, 8    0.00%
类型2 正确率：  90.00% -> 1    0.00%, 2   89.71%, 3   10.03%, 4    0.00%, 5    0.00%, 6    0.00%, 7    0.26%, 8    0.00%
类型3 正确率：  67.00% -> 1    0.00%, 2    0.00%, 3   67.00%, 4    0.00%, 5    0.00%, 6   33.00%, 7    0.00%, 8    0.00%
类型4 正确率：  76.00% -> 1    0.00%, 2    0.00%, 3   23.76%, 4   76.24%, 5    0.00%, 6    0.00%, 7    0.00%, 8    0.00%
类型5 正确率：  84.00% -> 1   15.35%, 2    0.72%, 3    0.00%, 4    0.00%, 5   83.93%, 6    0.00%, 7    0.00%, 8    0.00%
类型6 正确率：  58.00% -> 1    0.00%, 2    0.00%, 3   42.47%, 4    0.00%, 5    0.00%, 6   57.53%, 7    0.00%, 8    0.00%
类型7 正确率：  91.00% -> 1    0.00%, 2    0.00%, 3    5.74%, 4    3.59%, 5    0.00%, 6    0.00%, 7   90.67%, 8    0.00%
类型8 正确率：  65.00% -> 1    0.00%, 2    0.00%, 3    4.93%, 4    0.99%, 5    0.00%, 6    0.25%, 7   28.82%, 8   65.02%



现在开始拿源域训练集：(B3)N15_M07_F04 进行训练
源域读取路径：/kaggle/working/m0/sdalr_PU_as_released/DATA/PU_1d_8c_2048/N15_M07_F04_label.txt
excel输出位置：/kaggle/working/m0/weight_src_PU_s2024/NEW_PU/Source-源域
log&pt输出位置：/kaggle/working/m0/weight_src_PU_s2024/NEW_PU/Source-源域/log&pt/(B3)N15_M07_F04
特征图片输出位置：/kaggle/working/m0/weight_src_PU_s2024/NEW_PU/Picture-特征图/2026年09月13日08时17分/(B3)N15_M07_F04
源域训练开始
轮次:··1/·10 || loss:0.020 || 耗时：24.36s
轮次:··2/·10 || loss:0.007 || 耗时：24.48s
轮次:··3/·10 || loss:0.005 || 耗时：24.03s
轮次:··4/·10 || loss:0.005 || 耗时：24.11s
轮次:··5/·10 || loss:0.002 || 耗时：24.30s
任务: (B3)N15_M07_F04; mix批次:····0; 批次:··875/·1750; 总正确率 = 99.88%
类型1 正确率： 100.00% -> 1  100.00%, 2    0.00%, 3    0.00%, 4    0.00%, 5    0.00%, 6    0.00%, 7    0.00%, 8    0.00%
类型2 正确率： 100.00% -> 1    0.00%, 2  100.00%, 3    0.00%, 4    0.00%, 5    0.00%, 6    0.00%, 7    0.00%, 8    0.00%
类型3 正确率： 100.00% -> 1    0.00%, 2    0.00%, 3  100.00%, 4    0.00%, 5    0.00%, 6    0.00%, 7    0.00%, 8    0.00%
类型4 正确率： 100.00% -> 1    0.00%, 2    0.00%, 3    0.00%, 4  100.00%, 5    0.00%, 6    0.00%, 7    0.00%, 8    0.00%
类型5 正确率： 100.00% -> 1    0.00%, 2    0.00%, 3    0.00%, 4    0.00%, 5  100.00%, 6    0.00%, 7    0.00%, 8    0.00%
类型6 正确率： 100.00% -> 1    0.00%, 2    0.00%, 3    0.00%, 4    0.00%, 5    0.00%, 6  100.00%, 7    0.00%, 8    0.00%
类型7 正确率：  99.00% -> 1    0.00%, 2    0.50%, 3    0.00%, 4    0.50%, 5    0.00%, 6    0.00%, 7   99.00%, 8    0.00%
类型8 正确率： 100.00% -> 1    0.00%, 2    0.00%, 3    0.00%, 4    0.00%, 5    0.00%, 6    0.00%, 7    0.00%, 8  100.00%


轮次:··6/·10 || loss:0.003 || 耗时：24.26s
轮次:··7/·10 || loss:0.002 || 耗时：24.21s
轮次:··8/·10 || loss:0.003 || 耗时：24.21s
轮次:··9/·10 || loss:0.005 || 耗时：24.16s
轮次:·10/·10 || loss:0.003 || 耗时：24.14s
任务: (B3)N15_M07_F04; mix批次:····0; 批次:·1750/·1750; 总正确率 = 99.94%
类型1 正确率： 100.00% -> 1  100.00%, 2    0.00%, 3    0.00%, 4    0.00%, 5    0.00%, 6    0.00%, 7    0.00%, 8    0.00%
类型2 正确率： 100.00% -> 1    0.00%, 2  100.00%, 3    0.00%, 4    0.00%, 5    0.00%, 6    0.00%, 7    0.00%, 8    0.00%
类型3 正确率： 100.00% -> 1    0.00%, 2    0.00%, 3  100.00%, 4    0.00%, 5    0.00%, 6    0.00%, 7    0.00%, 8    0.00%
类型4 正确率： 100.00% -> 1    0.00%, 2    0.00%, 3    0.00%, 4  100.00%, 5    0.00%, 6    0.00%, 7    0.00%, 8    0.00%
类型5 正确率： 100.00% -> 1    0.00%, 2    0.00%, 3    0.00%, 4    0.00%, 5  100.00%, 6    0.00%, 7    0.00%, 8    0.00%
类型6 正确率： 100.00% -> 1    0.00%, 2    0.00%, 3    0.00%, 4    0.00%, 5    0.00%, 6  100.00%, 7    0.00%, 8    0.00%
类型7 正确率： 100.00% -> 1    0.00%, 2    0.50%, 3    0.00%, 4    0.00%, 5    0.00%, 6    0.00%, 7   99.50%, 8    0.00%
类型8 正确率： 100.00% -> 1    0.00%, 2    0.00%, 3    0.00%, 4    0.00%, 5    0.00%, 6    0.00%, 7    0.00%, 8  100.00%


测试集任务: (B3)N15_M07_F04; 总正确率 = 99.87%
类型1 正确率： 100.00% -> 1  100.00%, 2    0.00%, 3    0.00%, 4    0.00%, 5    0.00%, 6    0.00%, 7    0.00%, 8    0.00%
类型2 正确率： 100.00% -> 1    0.00%, 2  100.00%, 3    0.00%, 4    0.00%, 5    0.00%, 6    0.00%, 7    0.00%, 8    0.00%
类型3 正确率： 100.00% -> 1    0.00%, 2    0.00%, 3  100.00%, 4    0.00%, 5    0.00%, 6    0.00%, 7    0.00%, 8    0.00%
类型4 正确率：  99.00% -> 1    0.00%, 2    0.00%, 3    0.00%, 4   99.50%, 5    0.00%, 6    0.00%, 7    0.50%, 8    0.00%
类型5 正确率： 100.00% -> 1    0.00%, 2    0.00%, 3    0.00%, 4    0.00%, 5  100.00%, 6    0.00%, 7    0.00%, 8    0.00%
类型6 正确率： 100.00% -> 1    0.00%, 2    0.00%, 3    0.00%, 4    0.00%, 5    0.00%, 6  100.00%, 7    0.00%, 8    0.00%
类型7 正确率：  99.00% -> 1    0.00%, 2    0.00%, 3    0.00%, 4    0.51%, 5    0.00%, 6    0.00%, 7   99.49%, 8    0.00%
类型8 正确率： 100.00% -> 1    0.00%, 2    0.00%, 3    0.00%, 4    0.00%, 5    0.00%, 6    0.00%, 7    0.00%, 8  100.00%


源域训练结束

训练好之后，测试目标域
目标域路径：/kaggle/working/m0/sdalr_PU_as_released/DATA/PU_1d_8c_2048/N15_M01_F10_label.txt
测试目标数据集结果如下：
任务: (B3)N15_M07_F04→(B1)N15_M01_F10, 正确率 = 75.42%
类型1 正确率：  99.00% -> 1   98.93%, 2    0.00%, 3    0.00%, 4    0.00%, 5    1.07%, 6    0.00%, 7    0.00%, 8    0.00%
类型2 正确率： 100.00% -> 1    0.00%, 2  100.00%, 3    0.00%, 4    0.00%, 5    0.00%, 6    0.00%, 7    0.00%, 8    0.00%
类型3 正确率：   5.00% -> 1    0.00%, 2    0.00%, 3    4.71%, 4   83.37%, 5    0.00%, 6    3.47%, 7    0.99%, 8    7.44%
类型4 正确率：  99.00% -> 1    0.00%, 2    0.00%, 3    0.00%, 4   98.51%, 5    0.00%, 6    0.00%, 7    1.49%, 8    0.00%
类型5 正确率： 100.00% -> 1    0.00%, 2    0.00%, 3    0.00%, 4    0.00%, 5  100.00%, 6    0.00%, 7    0.00%, 8    0.00%
类型6 正确率：  39.00% -> 1    0.00%, 2    0.00%, 3    9.83%, 4    5.52%, 5    0.00%, 6   38.61%, 7    0.96%, 8   45.08%
类型7 正确率：  63.00% -> 1    0.00%, 2    0.25%, 3    0.00%, 4    0.25%, 5    0.25%, 6    0.00%, 7   62.60%, 8   36.64%
类型8 正确率： 100.00% -> 1    0.00%, 2    0.00%, 3    0.00%, 4    0.00%, 5    0.00%, 6    0.00%, 7    0.00%, 8  100.00%

目标域路径：/kaggle/working/m0/sdalr_PU_as_released/DATA/PU_1d_8c_2048/N15_M07_F10_label.txt
测试目标数据集结果如下：
任务: (B3)N15_M07_F04→(B2)N15_M07_F10, 正确率 = 72.41%
类型1 正确率：  99.00% -> 1   98.87%, 2    0.00%, 3    0.00%, 4    0.00%, 5    1.13%, 6    0.00%, 7    0.00%, 8    0.00%
类型2 正确率： 100.00% -> 1    0.00%, 2  100.00%, 3    0.00%, 4    0.00%, 5    0.00%, 6    0.00%, 7    0.00%, 8    0.00%
类型3 正确率：   5.00% -> 1    0.00%, 2    0.00%, 3    5.05%, 4   76.77%, 5    0.00%, 6    1.26%, 7    1.26%, 8   15.66%
类型4 正确率：  98.00% -> 1    0.00%, 2    0.00%, 3    0.00%, 4   97.94%, 5    0.00%, 6    0.00%, 7    2.06%, 8    0.00%
类型5 正确率： 100.00% -> 1    0.00%, 2    0.00%, 3    0.00%, 4    0.00%, 5  100.00%, 6    0.00%, 7    0.00%, 8    0.00%
类型6 正确率：  31.00% -> 1    0.00%, 2    0.00%, 3    3.05%, 4    3.82%, 5    0.00%, 6   30.79%, 7    0.25%, 8   62.09%
类型7 正确率：  47.00% -> 1    0.00%, 2    0.00%, 3    0.00%, 4    0.00%, 5    0.54%, 6    0.00%, 7   46.63%, 8   52.83%
类型8 正确率： 100.00% -> 1    0.00%, 2    0.00%, 3    0.00%, 4    0.00%, 5    0.00%, 6    0.00%, 7    0.00%, 8  100.00%

