读取源域路径：/kaggle/working/m0/weight_JNU_final_checkpoint_s2024/NEW_JNU/Source-源域/log&pt/(B1)600
excel输出位置：/kaggle/working/m0/weight_JNU_final_checkpoint_s2024/NEW_JNU/Target-目标域
特征图片输出位置：/kaggle/working/m0/weight_JNU_final_checkpoint_s2024/NEW_JNU/Picture-特征图/2026年09月13日07时37分/(B1)600
现在选取:(B1)600 进行训练的源模型
现在进行：(B1)600→(B3)1000 的迁移任务
log&pt输出位置：/kaggle/working/m0/weight_JNU_final_checkpoint_s2024/NEW_JNU/Target-目标域/log&pt/(B1)600→(B3)1000
任务: (B1)600→(B3)1000; 批次:····0/·2500;  总正确率: 96.98%
类型1 正确率： 100.00% -> 1   99.80%, 2    0.20%, 3    0.00%, 4    0.00%
类型2 正确率： 100.00% -> 1    0.00%, 2  100.00%, 3    0.00%, 4    0.00%
类型3 正确率：  92.00% -> 1    0.00%, 2    0.00%, 3   91.50%, 4    8.50%
类型4 正确率：  97.00% -> 1    1.25%, 2    0.00%, 3    2.15%, 4   96.60%


样本变换：reverse
样本变换：mask
样本变换：shift
样本变换：none
未过滤	未用伪标签：96.97% -> 使用伪标签：99.52%
已过滤	未用伪标签：97.08% -> 使用伪标签：99.82%
投票前-排除样本：2|8000	通过率:99.98%	剩余：2005, 2001, 2016, 1976
投票后-排除样本：24|8000	通过率:99.70%	剩余：2005, 2000, 2006, 1965
增添样本：48		细则：1, 6, 0, 41	正确率估算：93.75%
类型1 正确率： 100.00% -> 1  100.00%, 2    0.00%, 3    0.00%, 4    0.00%
类型2 正确率： 100.00% -> 1    0.00%, 2  100.00%, 3    0.00%, 4    0.00%
类型3 正确率： 100.00% -> 1    0.00%, 2    0.00%, 3  100.00%, 4    0.00%
类型4 正确率：  99.00% -> 1    0.25%, 2    0.00%, 3    0.45%, 4   99.29%

被排除样本 正确率：62.50%
类型1 没有样本或未被分类。
类型2 正确率：  67.00% -> 1    0.00%, 2   66.67%, 3   33.33%
类型3 正确率：  62.00% -> 1    4.76%, 2   33.33%, 3   61.90%


轮次:··1/·20 || c_Loss:0.586 || e_Loss:-1.326 || Aad_Loss:-21.774 || 耗时：40.09s
轮次:··2/·20 || c_Loss:0.492 || e_Loss:-1.207 || Aad_Loss:-23.235 || 耗时：17.14s
轮次:··3/·20 || c_Loss:0.448 || e_Loss:-1.228 || Aad_Loss:-22.282 || 耗时：17.01s
轮次:··4/·20 || c_Loss:0.447 || e_Loss:-1.232 || Aad_Loss:-23.044 || 耗时：16.94s
轮次:··5/·20 || c_Loss:0.441 || e_Loss:-1.662 || Aad_Loss:-22.611 || 耗时：17.03s
任务: (B1)600→(B3)1000; mix批次:····0; 批次:··625/·2500;  总正确率: 100.00%
类型1 正确率： 100.00% -> 1  100.00%, 2    0.00%, 3    0.00%, 4    0.00%
类型2 正确率： 100.00% -> 1    0.00%, 2  100.00%, 3    0.00%, 4    0.00%
类型3 正确率： 100.00% -> 1    0.00%, 2    0.00%, 3  100.00%, 4    0.00%
类型4 正确率： 100.00% -> 1    0.00%, 2    0.00%, 3    0.00%, 4  100.00%


样本变换：reverse
样本变换：mask
样本变换：shift
样本变换：none
未过滤	未用伪标签：100.00% -> 使用伪标签：100.00%
已过滤	未用伪标签：100.00% -> 使用伪标签：100.00%
投票前-排除样本：0|8000	通过率:100.00%	剩余：2000, 2000, 2000, 2000
投票后-排除样本：0|8000	通过率:100.00%	剩余：2000, 2000, 2000, 2000
增添样本：0		细则：0, 0, 0, 0类型1 正确率： 100.00% -> 1  100.00%, 2    0.00%, 3    0.00%, 4    0.00%
类型2 正确率： 100.00% -> 1    0.00%, 2  100.00%, 3    0.00%, 4    0.00%
类型3 正确率： 100.00% -> 1    0.00%, 2    0.00%, 3  100.00%, 4    0.00%
类型4 正确率： 100.00% -> 1    0.00%, 2    0.00%, 3    0.00%, 4  100.00%

被排除样本 正确率：nan%


轮次:··6/·20 || c_Loss:0.449 || e_Loss:-1.266 || Aad_Loss:-22.641 || 耗时：39.82s
轮次:··7/·20 || c_Loss:0.452 || e_Loss:-1.250 || Aad_Loss:-22.887 || 耗时：17.13s
轮次:··8/·20 || c_Loss:0.461 || e_Loss:-1.228 || Aad_Loss:-23.336 || 耗时：17.11s
轮次:··9/·20 || c_Loss:0.446 || e_Loss:-1.260 || Aad_Loss:-23.503 || 耗时：17.06s
轮次:·10/·20 || c_Loss:0.453 || e_Loss:-1.248 || Aad_Loss:-22.862 || 耗时：17.02s
任务: (B1)600→(B3)1000; mix批次:····0; 批次:·1250/·2500;  总正确率: 100.00%
类型1 正确率： 100.00% -> 1  100.00%, 2    0.00%, 3    0.00%, 4    0.00%
类型2 正确率： 100.00% -> 1    0.00%, 2  100.00%, 3    0.00%, 4    0.00%
类型3 正确率： 100.00% -> 1    0.00%, 2    0.00%, 3  100.00%, 4    0.00%
类型4 正确率： 100.00% -> 1    0.00%, 2    0.00%, 3    0.00%, 4  100.00%


样本变换：reverse
样本变换：mask
样本变换：shift
样本变换：none
未过滤	未用伪标签：100.00% -> 使用伪标签：99.99%
已过滤	未用伪标签：100.00% -> 使用伪标签：100.00%
投票前-排除样本：0|8000	通过率:100.00%	剩余：2000, 2000, 2000, 2000
投票后-排除样本：1|8000	通过率:99.99%	剩余：2000, 2000, 2000, 1999
增添样本：1		细则：0, 0, 0, 1	正确率估算：100.00%
类型1 正确率： 100.00% -> 1  100.00%, 2    0.00%, 3    0.00%, 4    0.00%
类型2 正确率： 100.00% -> 1    0.00%, 2  100.00%, 3    0.00%, 4    0.00%
类型3 正确率： 100.00% -> 1    0.00%, 2    0.00%, 3  100.00%, 4    0.00%
类型4 正确率： 100.00% -> 1    0.00%, 2    0.00%, 3    0.00%, 4  100.00%

被排除样本 正确率：100.00%
类型1 正确率： 100.00% -> 1  100.00%


轮次:·11/·20 || c_Loss:0.450 || e_Loss:-1.268 || Aad_Loss:-23.336 || 耗时：39.92s
轮次:·12/·20 || c_Loss:0.474 || e_Loss:-1.108 || Aad_Loss:-26.239 || 耗时：17.15s
轮次:·13/·20 || c_Loss:0.445 || e_Loss:-1.292 || Aad_Loss:-23.286 || 耗时：17.11s
轮次:·14/·20 || c_Loss:0.451 || e_Loss:-1.279 || Aad_Loss:-23.205 || 耗时：17.10s
轮次:·15/·20 || c_Loss:0.448 || e_Loss:-1.285 || Aad_Loss:-23.243 || 耗时：17.09s
任务: (B1)600→(B3)1000; mix批次:····0; 批次:·1875/·2500;  总正确率: 100.00%
类型1 正确率： 100.00% -> 1  100.00%, 2    0.00%, 3    0.00%, 4    0.00%
类型2 正确率： 100.00% -> 1    0.00%, 2  100.00%, 3    0.00%, 4    0.00%
类型3 正确率： 100.00% -> 1    0.00%, 2    0.00%, 3  100.00%, 4    0.00%
类型4 正确率： 100.00% -> 1    0.00%, 2    0.00%, 3    0.00%, 4  100.00%


样本变换：reverse
样本变换：mask
样本变换：shift
样本变换：none
未过滤	未用伪标签：100.00% -> 使用伪标签：100.00%
已过滤	未用伪标签：100.00% -> 使用伪标签：100.00%
投票前-排除样本：0|8000	通过率:100.00%	剩余：2000, 2000, 2000, 2000
投票后-排除样本：0|8000	通过率:100.00%	剩余：2000, 2000, 2000, 2000
增添样本：0		细则：0, 0, 0, 0类型1 正确率： 100.00% -> 1  100.00%, 2    0.00%, 3    0.00%, 4    0.00%
类型2 正确率： 100.00% -> 1    0.00%, 2  100.00%, 3    0.00%, 4    0.00%
类型3 正确率： 100.00% -> 1    0.00%, 2    0.00%, 3  100.00%, 4    0.00%
类型4 正确率： 100.00% -> 1    0.00%, 2    0.00%, 3    0.00%, 4  100.00%

被排除样本 正确率：nan%


轮次:·16/·20 || c_Loss:0.450 || e_Loss:-1.284 || Aad_Loss:-23.184 || 耗时：39.85s
轮次:·17/·20 || c_Loss:0.451 || e_Loss:-1.257 || Aad_Loss:-23.285 || 耗时：17.11s
轮次:·18/·20 || c_Loss:0.461 || e_Loss:-1.234 || Aad_Loss:-23.668 || 耗时：17.10s
轮次:·19/·20 || c_Loss:0.444 || e_Loss:-1.267 || Aad_Loss:-23.808 || 耗时：17.08s
轮次:·20/·20 || c_Loss:0.451 || e_Loss:-1.257 || Aad_Loss:-23.187 || 耗时：17.09s
任务: (B1)600→(B3)1000; mix批次:····0; 批次:·2500/·2500;  总正确率: 100.00%
类型1 正确率： 100.00% -> 1  100.00%, 2    0.00%, 3    0.00%, 4    0.00%
类型2 正确率： 100.00% -> 1    0.00%, 2  100.00%, 3    0.00%, 4    0.00%
类型3 正确率： 100.00% -> 1    0.00%, 2    0.00%, 3  100.00%, 4    0.00%
类型4 正确率： 100.00% -> 1    0.00%, 2    0.00%, 3    0.00%, 4  100.00%


测试集任务: (B1)600→(B3)1000; 总正确率 = 100.00%
类型1 正确率： 100.00% -> 1  100.00%, 2    0.00%, 3    0.00%, 4    0.00%
类型2 正确率： 100.00% -> 1    0.00%, 2  100.00%, 3    0.00%, 4    0.00%
类型3 正确率： 100.00% -> 1    0.00%, 2    0.00%, 3  100.00%, 4    0.00%
类型4 正确率： 100.00% -> 1    0.00%, 2    0.00%, 3    0.00%, 4  100.00%


