读取源域路径：/kaggle/working/m1/weight_PU_M1_final_checkpoint_FBtoB_s2024/NEW_PU/Source-源域/log&pt/(B1)N15_M01_F10
excel输出位置：/kaggle/working/m1/weight_PU_M1_final_checkpoint_FBtoB_s2024/NEW_PU/Target-目标域
特征图片输出位置：/kaggle/working/m1/weight_PU_M1_final_checkpoint_FBtoB_s2024/NEW_PU/Picture-特征图/2026年09月13日15时57分/(B1)N15_M01_F10
现在选取:(B1)N15_M01_F10 进行训练的源模型
现在进行：(B1)N15_M01_F10→(B3)N15_M07_F04 的迁移任务
log&pt输出位置：/kaggle/working/m1/weight_PU_M1_final_checkpoint_FBtoB_s2024/NEW_PU/Target-目标域/log&pt/(B1)N15_M01_F10→(B3)N15_M07_F04
任务: (B1)N15_M01_F10→(B3)N15_M07_F04; 批次:····0/·1880;  总正确率: 98.63%
类型1 正确率： 100.00% -> 1  100.00%, 2    0.00%, 3    0.00%
类型2 正确率：  97.00% -> 1    0.00%, 2   96.75%, 3    3.25%
类型3 正确率：  99.00% -> 1    0.75%, 2    0.10%, 3   99.15%


样本变换：reverse
样本变换：mask
样本变换：shift
样本变换：none
未过滤	未用伪标签：98.63% -> 使用伪标签：98.58%
已过滤	未用伪标签：99.01% -> 使用伪标签：99.24%
排除样本：40|6000	剩余：2006, 1936, 2018
增添样本：94		细则：12, 82, 0	正确率估算：100.00%
类型1 正确率： 100.00% -> 1  100.00%, 2    0.00%, 3    0.00%
类型2 正确率：  98.00% -> 1    0.00%, 2   98.03%, 3    1.97%
类型3 正确率： 100.00% -> 1    0.30%, 2    0.00%, 3   99.70%

被排除样本 正确率：42.50%
类型1 没有样本或未被分类。
类型2 正确率：  48.00% -> 1    0.00%, 2   48.00%, 3   52.00%
类型3 正确率：  33.00% -> 1   60.00%, 2    6.67%, 3   33.33%


轮次:··1/·20 || c_Loss:0.532 || e_Loss:-1.027 || Aad_Loss:-29.546 || 耗时：30.39s
轮次:··2/·20 || c_Loss:0.430 || e_Loss:-0.965 || Aad_Loss:-29.330 || 耗时：13.10s
轮次:··3/·20 || c_Loss:0.406 || e_Loss:-1.172 || Aad_Loss:-31.126 || 耗时：12.96s
轮次:··4/·20 || c_Loss:0.365 || e_Loss:-0.964 || Aad_Loss:-30.910 || 耗时：12.90s
轮次:··5/·20 || c_Loss:0.385 || e_Loss:-0.842 || Aad_Loss:-29.821 || 耗时：12.85s
任务: (B1)N15_M01_F10→(B3)N15_M07_F04; mix批次:····0; 批次:··470/·1880;  总正确率: 99.37%
类型1 正确率： 100.00% -> 1  100.00%, 2    0.00%, 3    0.00%
类型2 正确率：  98.00% -> 1    0.00%, 2   98.35%, 3    1.65%
类型3 正确率： 100.00% -> 1    0.20%, 2    0.05%, 3   99.75%


样本变换：reverse
样本变换：mask
样本变换：shift
样本变换：none
未过滤	未用伪标签：99.37% -> 使用伪标签：99.57%
已过滤	未用伪标签：99.50% -> 使用伪标签：99.72%
排除样本：9|6000	剩余：2005, 1981, 2005
增添样本：24		细则：0, 24, 0	正确率估算：100.00%
类型1 正确率： 100.00% -> 1  100.00%, 2    0.00%, 3    0.00%
类型2 正确率：  99.00% -> 1    0.00%, 2   99.45%, 3    0.55%
类型3 正确率： 100.00% -> 1    0.25%, 2    0.05%, 3   99.70%

被排除样本 正确率：11.11%
类型1 正确率：  11.00% -> 1   11.11%, 2   88.89%
类型2 没有样本或未被分类。


轮次:··6/·20 || c_Loss:0.368 || e_Loss:-0.992 || Aad_Loss:-30.830 || 耗时：30.17s
轮次:··7/·20 || c_Loss:0.373 || e_Loss:-0.966 || Aad_Loss:-32.172 || 耗时：12.88s
轮次:··8/·20 || c_Loss:0.407 || e_Loss:-0.872 || Aad_Loss:-29.926 || 耗时：12.86s
轮次:··9/·20 || c_Loss:0.379 || e_Loss:-1.006 || Aad_Loss:-30.562 || 耗时：12.87s
轮次:·10/·20 || c_Loss:0.381 || e_Loss:-0.960 || Aad_Loss:-30.963 || 耗时：12.91s
任务: (B1)N15_M01_F10→(B3)N15_M07_F04; mix批次:····0; 批次:··940/·1880;  总正确率: 99.88%
类型1 正确率： 100.00% -> 1  100.00%, 2    0.00%, 3    0.00%
类型2 正确率： 100.00% -> 1    0.00%, 2   99.80%, 3    0.20%
类型3 正确率： 100.00% -> 1    0.10%, 2    0.05%, 3   99.85%


样本变换：reverse
样本变换：mask
样本变换：shift
样本变换：none
未过滤	未用伪标签：99.88% -> 使用伪标签：99.85%
已过滤	未用伪标签：99.92% -> 使用伪标签：99.90%
排除样本：3|6000	剩余：2002, 1999, 1996
增添样本：9		细则：0, 3, 6	正确率估算：100.00%
类型1 正确率： 100.00% -> 1  100.00%, 2    0.00%, 3    0.00%
类型2 正确率： 100.00% -> 1    0.00%, 2   99.90%, 3    0.10%
类型3 正确率： 100.00% -> 1    0.10%, 2    0.10%, 3   99.80%

被排除样本 正确率：33.33%
类型1 没有样本或未被分类。
类型2 正确率：   0.00% -> 1    0.00%, 2    0.00%, 3  100.00%
类型3 正确率：  50.00% -> 1   50.00%, 2    0.00%, 3   50.00%


轮次:·11/·20 || c_Loss:0.395 || e_Loss:-0.998 || Aad_Loss:-26.894 || 耗时：30.26s
轮次:·12/·20 || c_Loss:0.389 || e_Loss:-0.921 || Aad_Loss:-26.535 || 耗时：13.03s
轮次:·13/·20 || c_Loss:0.388 || e_Loss:-1.015 || Aad_Loss:-27.337 || 耗时：13.04s
轮次:·14/·20 || c_Loss:0.384 || e_Loss:-0.982 || Aad_Loss:-27.648 || 耗时：13.02s
轮次:·15/·20 || c_Loss:0.394 || e_Loss:-0.950 || Aad_Loss:-27.805 || 耗时：13.06s
任务: (B1)N15_M01_F10→(B3)N15_M07_F04; mix批次:····0; 批次:·1410/·1880;  总正确率: 99.85%
类型1 正确率： 100.00% -> 1  100.00%, 2    0.00%, 3    0.00%
类型2 正确率： 100.00% -> 1    0.00%, 2   99.70%, 3    0.30%
类型3 正确率： 100.00% -> 1    0.10%, 2    0.05%, 3   99.85%


样本变换：reverse
样本变换：mask
样本变换：shift
样本变换：none
未过滤	未用伪标签：99.85% -> 使用伪标签：99.80%
已过滤	未用伪标签：99.88% -> 使用伪标签：99.88%
排除样本：5|6000	剩余：2001, 1994, 2000
增添样本：8		细则：0, 7, 1	正确率估算：100.00%
类型1 正确率： 100.00% -> 1  100.00%, 2    0.00%, 3    0.00%
类型2 正确率： 100.00% -> 1    0.00%, 2   99.75%, 3    0.25%
类型3 正确率： 100.00% -> 1    0.05%, 2    0.05%, 3   99.90%

被排除样本 正确率：60.00%
类型1 没有样本或未被分类。
类型2 正确率：  50.00% -> 1    0.00%, 2   50.00%, 3   50.00%
类型3 正确率：  67.00% -> 1   33.33%, 2    0.00%, 3   66.67%


轮次:·16/·20 || c_Loss:0.384 || e_Loss:-0.987 || Aad_Loss:-27.516 || 耗时：30.25s
轮次:·17/·20 || c_Loss:0.384 || e_Loss:-0.935 || Aad_Loss:-28.573 || 耗时：12.97s
轮次:·18/·20 || c_Loss:0.379 || e_Loss:-0.982 || Aad_Loss:-27.642 || 耗时：12.95s
轮次:·19/·20 || c_Loss:0.388 || e_Loss:-1.003 || Aad_Loss:-26.785 || 耗时：12.93s
轮次:·20/·20 || c_Loss:0.396 || e_Loss:-0.932 || Aad_Loss:-26.946 || 耗时：12.96s
任务: (B1)N15_M01_F10→(B3)N15_M07_F04; mix批次:····0; 批次:·1880/·1880;  总正确率: 99.73%
类型1 正确率： 100.00% -> 1  100.00%, 2    0.00%, 3    0.00%
类型2 正确率：  99.00% -> 1    0.00%, 2   99.30%, 3    0.70%
类型3 正确率： 100.00% -> 1    0.05%, 2    0.05%, 3   99.90%


测试集任务: (B1)N15_M01_F10→(B3)N15_M07_F04; 总正确率 = 99.73%
类型1 正确率： 100.00% -> 1  100.00%, 2    0.00%, 3    0.00%
类型2 正确率：  99.00% -> 1    0.00%, 2   99.30%, 3    0.70%
类型3 正确率： 100.00% -> 1    0.05%, 2    0.05%, 3   99.90%


