读取源域路径：/kaggle/working/m1/weight_PU_M1_final_checkpoint_FBtoB_s2024/NEW_PU/Source-源域/log&pt/(B2)N15_M07_F10
excel输出位置：/kaggle/working/m1/weight_PU_M1_final_checkpoint_FBtoB_s2024/NEW_PU/Target-目标域
特征图片输出位置：/kaggle/working/m1/weight_PU_M1_final_checkpoint_FBtoB_s2024/NEW_PU/Picture-特征图/2026年09月13日16时08分/(B2)N15_M07_F10
现在选取:(B2)N15_M07_F10 进行训练的源模型
现在进行：(B2)N15_M07_F10→(B3)N15_M07_F04 的迁移任务
log&pt输出位置：/kaggle/working/m1/weight_PU_M1_final_checkpoint_FBtoB_s2024/NEW_PU/Target-目标域/log&pt/(B2)N15_M07_F10→(B3)N15_M07_F04
任务: (B2)N15_M07_F10→(B3)N15_M07_F04; 批次:····0/·1880;  总正确率: 96.68%
类型1 正确率： 100.00% -> 1  100.00%, 2    0.00%, 3    0.00%
类型2 正确率：  91.00% -> 1    0.00%, 2   91.40%, 3    8.60%
类型3 正确率：  99.00% -> 1    1.35%, 2    0.00%, 3   98.65%


样本变换：reverse
样本变换：mask
样本变换：shift
样本变换：none
未过滤	未用伪标签：96.68% -> 使用伪标签：97.22%
已过滤	未用伪标签：97.31% -> 使用伪标签：97.95%
排除样本：45|6000	剩余：2008, 1858, 2089
增添样本：312		细则：81, 231, 0	正确率估算：97.76%
类型1 正确率： 100.00% -> 1  100.00%, 2    0.00%, 3    0.00%
类型2 正确率：  94.00% -> 1    0.00%, 2   94.22%, 3    5.78%
类型3 正确率： 100.00% -> 1    0.40%, 2    0.00%, 3   99.60%

被排除样本 正确率：13.33%
类型1 没有样本或未被分类。
类型2 正确率：   7.00% -> 1    0.00%, 2    7.14%, 3   92.86%
类型3 正确率：  24.00% -> 1   76.47%, 2    0.00%, 3   23.53%


轮次:··1/·20 || c_Loss:0.503 || e_Loss:-0.972 || Aad_Loss:-28.249 || 耗时：30.32s
轮次:··2/·20 || c_Loss:0.463 || e_Loss:-1.707 || Aad_Loss:-26.155 || 耗时：13.09s
轮次:··3/·20 || c_Loss:0.373 || e_Loss:-1.686 || Aad_Loss:-28.508 || 耗时：12.99s
轮次:··4/·20 || c_Loss:0.359 || e_Loss:-1.698 || Aad_Loss:-30.780 || 耗时：12.95s
轮次:··5/·20 || c_Loss:0.425 || e_Loss:-1.112 || Aad_Loss:-28.634 || 耗时：12.90s
任务: (B2)N15_M07_F10→(B3)N15_M07_F04; mix批次:····0; 批次:··470/·1880;  总正确率: 98.30%
类型1 正确率： 100.00% -> 1  100.00%, 2    0.00%, 3    0.00%
类型2 正确率：  95.00% -> 1    0.00%, 2   95.10%, 3    4.90%
类型3 正确率： 100.00% -> 1    0.15%, 2    0.05%, 3   99.80%


样本变换：reverse
样本变换：mask
样本变换：shift
样本变换：none
未过滤	未用伪标签：98.30% -> 使用伪标签：99.18%
已过滤	未用伪标签：98.45% -> 使用伪标签：99.33%
排除样本：9|6000	剩余：2003, 1957, 2031
增添样本：102		细则：28, 74, 0	正确率估算：100.00%
类型1 正确率： 100.00% -> 1  100.00%, 2    0.00%, 3    0.00%
类型2 正确率：  98.00% -> 1    0.00%, 2   98.19%, 3    1.81%
类型3 正确率： 100.00% -> 1    0.15%, 2    0.05%, 3   99.80%

被排除样本 正确率：0.00%
类型1 没有样本或未被分类。
类型2 正确率：   0.00% -> 1    0.00%, 2    0.00%, 3  100.00%
类型3 正确率：   0.00% -> 1  100.00%, 2    0.00%, 3    0.00%


轮次:··6/·20 || c_Loss:0.383 || e_Loss:-1.651 || Aad_Loss:-29.156 || 耗时：30.11s
轮次:··7/·20 || c_Loss:0.376 || e_Loss:-1.745 || Aad_Loss:-30.381 || 耗时：12.89s
轮次:··8/·20 || c_Loss:0.375 || e_Loss:-1.004 || Aad_Loss:-30.606 || 耗时：12.92s
轮次:··9/·20 || c_Loss:0.378 || e_Loss:-1.003 || Aad_Loss:-30.550 || 耗时：12.93s
轮次:·10/·20 || c_Loss:0.389 || e_Loss:-0.983 || Aad_Loss:-29.781 || 耗时：12.92s
任务: (B2)N15_M07_F10→(B3)N15_M07_F04; mix批次:····0; 批次:··940/·1880;  总正确率: 99.22%
类型1 正确率： 100.00% -> 1  100.00%, 2    0.00%, 3    0.00%
类型2 正确率：  98.00% -> 1    0.00%, 2   97.80%, 3    2.20%
类型3 正确率： 100.00% -> 1    0.10%, 2    0.05%, 3   99.85%


样本变换：reverse
样本变换：mask
样本变换：shift
样本变换：none
未过滤	未用伪标签：99.22% -> 使用伪标签：99.50%
已过滤	未用伪标签：99.33% -> 使用伪标签：99.63%
排除样本：8|6000	剩余：2002, 1975, 2015
增添样本：53		细则：13, 40, 0	正确率估算：100.00%
类型1 正确率： 100.00% -> 1  100.00%, 2    0.00%, 3    0.00%
类型2 正确率：  99.00% -> 1    0.00%, 2   99.05%, 3    0.95%
类型3 正确率： 100.00% -> 1    0.10%, 2    0.05%, 3   99.85%

被排除样本 正确率：12.50%
类型1 正确率：   0.00% -> 1    0.00%, 2  100.00%
类型2 正确率： 100.00% -> 1    0.00%, 2  100.00%


轮次:·11/·20 || c_Loss:0.393 || e_Loss:-0.973 || Aad_Loss:-30.532 || 耗时：30.28s
轮次:·12/·20 || c_Loss:0.394 || e_Loss:-0.955 || Aad_Loss:-30.280 || 耗时：12.98s
轮次:·13/·20 || c_Loss:0.378 || e_Loss:-0.986 || Aad_Loss:-30.744 || 耗时：13.01s
轮次:·14/·20 || c_Loss:0.379 || e_Loss:-1.015 || Aad_Loss:-31.269 || 耗时：13.02s
轮次:·15/·20 || c_Loss:0.398 || e_Loss:-0.968 || Aad_Loss:-31.061 || 耗时：13.05s
任务: (B2)N15_M07_F10→(B3)N15_M07_F04; mix批次:····0; 批次:·1410/·1880;  总正确率: 99.72%
类型1 正确率： 100.00% -> 1  100.00%, 2    0.00%, 3    0.00%
类型2 正确率：  99.00% -> 1    0.00%, 2   99.30%, 3    0.70%
类型3 正确率： 100.00% -> 1    0.10%, 2    0.05%, 3   99.85%


样本变换：reverse
样本变换：mask
样本变换：shift
样本变换：none
未过滤	未用伪标签：99.72% -> 使用伪标签：99.70%
已过滤	未用伪标签：99.82% -> 使用伪标签：99.85%
排除样本：9|6000	剩余：2001, 1987, 2003
增添样本：18		细则：2, 16, 0	正确率估算：100.00%
类型1 正确率： 100.00% -> 1  100.00%, 2    0.00%, 3    0.00%
类型2 正确率： 100.00% -> 1    0.00%, 2   99.65%, 3    0.35%
类型3 正确率： 100.00% -> 1    0.05%, 2    0.05%, 3   99.90%

被排除样本 正确率：33.33%
类型1 没有样本或未被分类。
类型2 正确率：  29.00% -> 1    0.00%, 2   28.57%, 3   71.43%
类型3 正确率：  50.00% -> 1   50.00%, 2    0.00%, 3   50.00%


轮次:·16/·20 || c_Loss:0.378 || e_Loss:-1.001 || Aad_Loss:-31.274 || 耗时：30.45s
轮次:·17/·20 || c_Loss:0.398 || e_Loss:-0.955 || Aad_Loss:-30.182 || 耗时：12.88s
轮次:·18/·20 || c_Loss:0.376 || e_Loss:-1.006 || Aad_Loss:-30.847 || 耗时：12.86s
轮次:·19/·20 || c_Loss:0.383 || e_Loss:-0.932 || Aad_Loss:-33.216 || 耗时：12.86s
轮次:·20/·20 || c_Loss:0.380 || e_Loss:-0.996 || Aad_Loss:-31.089 || 耗时：12.84s
任务: (B2)N15_M07_F10→(B3)N15_M07_F04; mix批次:····0; 批次:·1880/·1880;  总正确率: 99.78%
类型1 正确率： 100.00% -> 1  100.00%, 2    0.00%, 3    0.00%
类型2 正确率：  99.00% -> 1    0.00%, 2   99.45%, 3    0.55%
类型3 正确率： 100.00% -> 1    0.05%, 2    0.05%, 3   99.90%


测试集任务: (B2)N15_M07_F10→(B3)N15_M07_F04; 总正确率 = 99.78%
类型1 正确率： 100.00% -> 1  100.00%, 2    0.00%, 3    0.00%
类型2 正确率：  99.00% -> 1    0.00%, 2   99.45%, 3    0.55%
类型3 正确率： 100.00% -> 1    0.05%, 2    0.05%, 3   99.90%


