读取源域路径：/kaggle/working/m1/weight_PU_M1_final_checkpoint_FBtoB_s2024/NEW_PU/Source-源域/log&pt/(B1)N15_M01_F10
excel输出位置：/kaggle/working/m1/weight_PU_M1_final_checkpoint_FBtoB_s2024/NEW_PU/Target-目标域
特征图片输出位置：/kaggle/working/m1/weight_PU_M1_final_checkpoint_FBtoB_s2024/NEW_PU/Picture-特征图/2026年09月13日15时51分/(B1)N15_M01_F10
现在选取:(B1)N15_M01_F10 进行训练的源模型
现在进行：(B1)N15_M01_F10→(B2)N15_M07_F10 的迁移任务
log&pt输出位置：/kaggle/working/m1/weight_PU_M1_final_checkpoint_FBtoB_s2024/NEW_PU/Target-目标域/log&pt/(B1)N15_M01_F10→(B2)N15_M07_F10
任务: (B1)N15_M01_F10→(B2)N15_M07_F10; 批次:····0/·1880;  总正确率: 99.98%
类型1 正确率： 100.00% -> 1  100.00%, 2    0.00%, 3    0.00%
类型2 正确率： 100.00% -> 1    0.00%, 2  100.00%, 3    0.00%
类型3 正确率： 100.00% -> 1    0.00%, 2    0.05%, 3   99.95%


样本变换：reverse
样本变换：mask
样本变换：shift
样本变换：none
未过滤	未用伪标签：99.98% -> 使用伪标签：99.98%
已过滤	未用伪标签：99.98% -> 使用伪标签：99.98%
排除样本：2000|6000	剩余：2001, 1999
增添样本：3		细则：1, 0, 2	正确率估算：100.00%
类型1 正确率： 100.00% -> 1  100.00%, 2    0.00%, 3    0.00%
类型2 正确率： 100.00% -> 1    0.00%, 2  100.00%, 3    0.00%
类型3 正确率： 100.00% -> 1    0.00%, 2    0.05%, 3   99.95%

被排除样本 正确率：nan%


轮次:··1/·20 || c_Loss:0.577 || e_Loss:-1.071 || Aad_Loss:-22.986 || 耗时：31.18s
轮次:··2/·20 || c_Loss:0.431 || e_Loss:-0.997 || Aad_Loss:-24.480 || 耗时：13.32s
轮次:··3/·20 || c_Loss:0.477 || e_Loss:-0.860 || Aad_Loss:-23.056 || 耗时：13.08s
轮次:··4/·20 || c_Loss:0.392 || e_Loss:-1.007 || Aad_Loss:-23.806 || 耗时：12.85s
轮次:··5/·20 || c_Loss:0.404 || e_Loss:-0.883 || Aad_Loss:-25.447 || 耗时：12.80s
任务: (B1)N15_M01_F10→(B2)N15_M07_F10; mix批次:····0; 批次:··470/·1880;  总正确率: 99.98%
类型1 正确率： 100.00% -> 1  100.00%, 2    0.00%, 3    0.00%
类型2 正确率： 100.00% -> 1    0.00%, 2  100.00%, 3    0.00%
类型3 正确率： 100.00% -> 1    0.00%, 2    0.05%, 3   99.95%


样本变换：reverse
样本变换：mask
样本变换：shift
样本变换：none
未过滤	未用伪标签：99.98% -> 使用伪标签：99.98%
已过滤	未用伪标签：99.98% -> 使用伪标签：99.98%
排除样本：2000|6000	剩余：2001, 1999
增添样本：3		细则：1, 0, 2	正确率估算：100.00%
类型1 正确率： 100.00% -> 1  100.00%, 2    0.00%, 3    0.00%
类型2 正确率： 100.00% -> 1    0.00%, 2  100.00%, 3    0.00%
类型3 正确率： 100.00% -> 1    0.00%, 2    0.05%, 3   99.95%

被排除样本 正确率：nan%


轮次:··6/·20 || c_Loss:0.382 || e_Loss:-1.005 || Aad_Loss:-24.465 || 耗时：30.26s
轮次:··7/·20 || c_Loss:0.379 || e_Loss:-0.952 || Aad_Loss:-25.357 || 耗时：13.09s
轮次:··8/·20 || c_Loss:0.448 || e_Loss:-0.851 || Aad_Loss:-23.946 || 耗时：13.07s
轮次:··9/·20 || c_Loss:0.384 || e_Loss:-1.007 || Aad_Loss:-24.310 || 耗时：13.02s
轮次:·10/·20 || c_Loss:0.400 || e_Loss:-0.882 || Aad_Loss:-25.850 || 耗时：12.99s
任务: (B1)N15_M01_F10→(B2)N15_M07_F10; mix批次:····0; 批次:··940/·1880;  总正确率: 99.98%
类型1 正确率： 100.00% -> 1  100.00%, 2    0.00%, 3    0.00%
类型2 正确率： 100.00% -> 1    0.00%, 2  100.00%, 3    0.00%
类型3 正确率： 100.00% -> 1    0.00%, 2    0.05%, 3   99.95%


样本变换：reverse
样本变换：mask
样本变换：shift
样本变换：none
未过滤	未用伪标签：99.98% -> 使用伪标签：99.98%
已过滤	未用伪标签：99.98% -> 使用伪标签：99.98%
排除样本：2000|6000	剩余：2001, 1999
增添样本：3		细则：1, 0, 2	正确率估算：100.00%
类型1 正确率： 100.00% -> 1  100.00%, 2    0.00%, 3    0.00%
类型2 正确率： 100.00% -> 1    0.00%, 2  100.00%, 3    0.00%
类型3 正确率： 100.00% -> 1    0.00%, 2    0.05%, 3   99.95%

被排除样本 正确率：nan%


轮次:·11/·20 || c_Loss:0.379 || e_Loss:-1.006 || Aad_Loss:-24.756 || 耗时：30.27s
轮次:·12/·20 || c_Loss:0.378 || e_Loss:-0.951 || Aad_Loss:-25.620 || 耗时：12.97s
轮次:·13/·20 || c_Loss:0.443 || e_Loss:-0.851 || Aad_Loss:-24.335 || 耗时：12.99s
轮次:·14/·20 || c_Loss:0.383 || e_Loss:-1.008 || Aad_Loss:-24.538 || 耗时：13.01s
轮次:·15/·20 || c_Loss:0.398 || e_Loss:-0.883 || Aad_Loss:-26.051 || 耗时：13.02s
任务: (B1)N15_M01_F10→(B2)N15_M07_F10; mix批次:····0; 批次:·1410/·1880;  总正确率: 99.98%
类型1 正确率： 100.00% -> 1  100.00%, 2    0.00%, 3    0.00%
类型2 正确率： 100.00% -> 1    0.00%, 2  100.00%, 3    0.00%
类型3 正确率： 100.00% -> 1    0.00%, 2    0.05%, 3   99.95%


样本变换：reverse
样本变换：mask
样本变换：shift
样本变换：none
未过滤	未用伪标签：99.98% -> 使用伪标签：99.98%
已过滤	未用伪标签：99.98% -> 使用伪标签：99.98%
排除样本：2000|6000	剩余：2001, 1999
增添样本：3		细则：1, 0, 2	正确率估算：100.00%
类型1 正确率： 100.00% -> 1  100.00%, 2    0.00%, 3    0.00%
类型2 正确率： 100.00% -> 1    0.00%, 2  100.00%, 3    0.00%
类型3 正确率： 100.00% -> 1    0.00%, 2    0.05%, 3   99.95%

被排除样本 正确率：nan%


轮次:·16/·20 || c_Loss:0.379 || e_Loss:-1.007 || Aad_Loss:-24.904 || 耗时：30.37s
轮次:·17/·20 || c_Loss:0.378 || e_Loss:-0.952 || Aad_Loss:-25.764 || 耗时：12.97s
轮次:·18/·20 || c_Loss:0.439 || e_Loss:-0.851 || Aad_Loss:-24.580 || 耗时：12.98s
轮次:·19/·20 || c_Loss:0.382 || e_Loss:-1.009 || Aad_Loss:-24.681 || 耗时：12.98s
轮次:·20/·20 || c_Loss:0.396 || e_Loss:-0.884 || Aad_Loss:-26.184 || 耗时：12.98s
任务: (B1)N15_M01_F10→(B2)N15_M07_F10; mix批次:····0; 批次:·1880/·1880;  总正确率: 99.98%
类型1 正确率： 100.00% -> 1  100.00%, 2    0.00%, 3    0.00%
类型2 正确率： 100.00% -> 1    0.00%, 2  100.00%, 3    0.00%
类型3 正确率： 100.00% -> 1    0.00%, 2    0.05%, 3   99.95%


测试集任务: (B1)N15_M01_F10→(B2)N15_M07_F10; 总正确率 = 99.98%
类型1 正确率： 100.00% -> 1  100.00%, 2    0.00%, 3    0.00%
类型2 正确率： 100.00% -> 1    0.00%, 2  100.00%, 3    0.00%
类型3 正确率： 100.00% -> 1    0.00%, 2    0.05%, 3   99.95%


