读取源域路径：/kaggle/working/m1/weight_PU_M1_final_checkpoint_FBtoB_s2024/NEW_PU/Source-源域/log&pt/(B3)N15_M07_F04
excel输出位置：/kaggle/working/m1/weight_PU_M1_final_checkpoint_FBtoB_s2024/NEW_PU/Target-目标域
特征图片输出位置：/kaggle/working/m1/weight_PU_M1_final_checkpoint_FBtoB_s2024/NEW_PU/Picture-特征图/2026年09月13日16时14分/(B3)N15_M07_F04
现在选取:(B3)N15_M07_F04 进行训练的源模型
现在进行：(B3)N15_M07_F04→(B1)N15_M01_F10 的迁移任务
log&pt输出位置：/kaggle/working/m1/weight_PU_M1_final_checkpoint_FBtoB_s2024/NEW_PU/Target-目标域/log&pt/(B3)N15_M07_F04→(B1)N15_M01_F10
任务: (B3)N15_M07_F04→(B1)N15_M01_F10; 批次:····0/·1880;  总正确率: 99.27%
类型1 正确率： 100.00% -> 1   99.70%, 2    0.00%, 3    0.30%
类型2 正确率： 100.00% -> 1    0.00%, 2  100.00%, 3    0.00%
类型3 正确率：  98.00% -> 1    0.00%, 2    1.90%, 3   98.10%


样本变换：reverse
样本变换：mask
样本变换：shift
样本变换：none
未过滤	未用伪标签：99.27% -> 使用伪标签：99.52%
已过滤	未用伪标签：99.40% -> 使用伪标签：99.73%
排除样本：13|6000	剩余：1999, 2007, 1981
增添样本：34		细则：8, 0, 26	正确率估算：100.00%
类型1 正确率： 100.00% -> 1  100.00%, 2    0.00%, 3    0.00%
类型2 正确率： 100.00% -> 1    0.00%, 2   99.90%, 3    0.10%
类型3 正确率：  99.00% -> 1    0.00%, 2    0.70%, 3   99.30%

被排除样本 正确率：38.46%
类型1 正确率：   0.00% -> 1    0.00%, 2    0.00%, 3  100.00%
类型2 正确率： 100.00% -> 1    0.00%, 2  100.00%, 3    0.00%
类型3 正确率：   0.00% -> 1    0.00%, 2  100.00%, 3    0.00%


轮次:··1/·20 || c_Loss:0.542 || e_Loss:-1.037 || Aad_Loss:-28.228 || 耗时：30.29s
轮次:··2/·20 || c_Loss:0.436 || e_Loss:-0.995 || Aad_Loss:-29.284 || 耗时：13.12s
轮次:··3/·20 || c_Loss:0.382 || e_Loss:-0.993 || Aad_Loss:-29.505 || 耗时：13.08s
轮次:··4/·20 || c_Loss:0.364 || e_Loss:-1.189 || Aad_Loss:-29.634 || 耗时：12.94s
轮次:··5/·20 || c_Loss:0.369 || e_Loss:-0.958 || Aad_Loss:-30.777 || 耗时：12.86s
任务: (B3)N15_M07_F04→(B1)N15_M01_F10; mix批次:····0; 批次:··470/·1880;  总正确率: 99.95%
类型1 正确率： 100.00% -> 1  100.00%, 2    0.00%, 3    0.00%
类型2 正确率： 100.00% -> 1    0.00%, 2   99.85%, 3    0.15%
类型3 正确率： 100.00% -> 1    0.00%, 2    0.00%, 3  100.00%


样本变换：reverse
样本变换：mask
样本变换：shift
样本变换：none
未过滤	未用伪标签：99.95% -> 使用伪标签：99.98%
已过滤	未用伪标签：99.95% -> 使用伪标签：99.98%
排除样本：2000|6000	剩余：1999, 2001
增添样本：3		细则：1, 2, 0	正确率估算：100.00%
类型1 正确率： 100.00% -> 1  100.00%, 2    0.00%, 3    0.00%
类型2 正确率： 100.00% -> 1    0.00%, 2   99.95%, 3    0.05%
类型3 正确率： 100.00% -> 1    0.00%, 2    0.00%, 3  100.00%

被排除样本 正确率：nan%


轮次:··6/·20 || c_Loss:0.373 || e_Loss:-0.998 || Aad_Loss:-24.433 || 耗时：30.13s
轮次:··7/·20 || c_Loss:0.404 || e_Loss:-0.908 || Aad_Loss:-24.483 || 耗时：12.98s
轮次:··8/·20 || c_Loss:0.434 || e_Loss:-0.831 || Aad_Loss:-24.154 || 耗时：13.05s
轮次:··9/·20 || c_Loss:0.383 || e_Loss:-1.008 || Aad_Loss:-24.256 || 耗时：13.05s
轮次:·10/·20 || c_Loss:0.392 || e_Loss:-0.885 || Aad_Loss:-26.082 || 耗时：13.00s
任务: (B3)N15_M07_F04→(B1)N15_M01_F10; mix批次:····0; 批次:··940/·1880;  总正确率: 100.00%
类型1 正确率： 100.00% -> 1  100.00%, 2    0.00%, 3    0.00%
类型2 正确率： 100.00% -> 1    0.00%, 2  100.00%, 3    0.00%
类型3 正确率： 100.00% -> 1    0.00%, 2    0.00%, 3  100.00%


样本变换：reverse
样本变换：mask
样本变换：shift
样本变换：none
未过滤	未用伪标签：100.00% -> 使用伪标签：100.00%
已过滤	未用伪标签：100.00% -> 使用伪标签：100.00%
排除样本：2000|6000	剩余：2000, 2000
增添样本：0		细则：0, 0, 0类型1 正确率： 100.00% -> 1  100.00%, 2    0.00%, 3    0.00%
类型2 正确率： 100.00% -> 1    0.00%, 2  100.00%, 3    0.00%
类型3 正确率： 100.00% -> 1    0.00%, 2    0.00%, 3  100.00%

被排除样本 正确率：nan%


轮次:·11/·20 || c_Loss:0.381 || e_Loss:-1.005 || Aad_Loss:-23.494 || 耗时：30.38s
轮次:·12/·20 || c_Loss:0.380 || e_Loss:-0.970 || Aad_Loss:-23.850 || 耗时：12.94s
轮次:·13/·20 || c_Loss:0.390 || e_Loss:-0.992 || Aad_Loss:-22.998 || 耗时：12.96s
轮次:·14/·20 || c_Loss:0.382 || e_Loss:-0.999 || Aad_Loss:-23.269 || 耗时：13.00s
轮次:·15/·20 || c_Loss:0.392 || e_Loss:-0.950 || Aad_Loss:-23.403 || 耗时：12.99s
任务: (B3)N15_M07_F04→(B1)N15_M01_F10; mix批次:····0; 批次:·1410/·1880;  总正确率: 99.98%
类型1 正确率： 100.00% -> 1  100.00%, 2    0.00%, 3    0.00%
类型2 正确率： 100.00% -> 1    0.00%, 2   99.95%, 3    0.05%
类型3 正确率： 100.00% -> 1    0.00%, 2    0.00%, 3  100.00%


样本变换：reverse
样本变换：mask
样本变换：shift
样本变换：none
未过滤	未用伪标签：99.98% -> 使用伪标签：99.98%
已过滤	未用伪标签：100.00% -> 使用伪标签：100.00%
排除样本：1|6000	剩余：2000, 1999, 2000
增添样本：1		细则：0, 1, 0	正确率估算：100.00%
类型1 正确率： 100.00% -> 1  100.00%, 2    0.00%, 3    0.00%
类型2 正确率： 100.00% -> 1    0.00%, 2  100.00%, 3    0.00%
类型3 正确率： 100.00% -> 1    0.00%, 2    0.00%, 3  100.00%

被排除样本 正确率：0.00%
类型1 正确率：   0.00% -> 1    0.00%, 2  100.00%
类型2 没有样本或未被分类。


轮次:·16/·20 || c_Loss:0.382 || e_Loss:-1.006 || Aad_Loss:-23.880 || 耗时：30.27s
轮次:·17/·20 || c_Loss:0.381 || e_Loss:-1.016 || Aad_Loss:-23.645 || 耗时：12.98s
轮次:·18/·20 || c_Loss:0.403 || e_Loss:-0.923 || Aad_Loss:-25.200 || 耗时：12.95s
轮次:·19/·20 || c_Loss:0.379 || e_Loss:-1.023 || Aad_Loss:-23.687 || 耗时：12.99s
轮次:·20/·20 || c_Loss:0.379 || e_Loss:-1.022 || Aad_Loss:-23.784 || 耗时：12.99s
任务: (B3)N15_M07_F04→(B1)N15_M01_F10; mix批次:····0; 批次:·1880/·1880;  总正确率: 100.00%
类型1 正确率： 100.00% -> 1  100.00%, 2    0.00%, 3    0.00%
类型2 正确率： 100.00% -> 1    0.00%, 2  100.00%, 3    0.00%
类型3 正确率： 100.00% -> 1    0.00%, 2    0.00%, 3  100.00%


测试集任务: (B3)N15_M07_F04→(B1)N15_M01_F10; 总正确率 = 100.00%
类型1 正确率： 100.00% -> 1  100.00%, 2    0.00%, 3    0.00%
类型2 正确率： 100.00% -> 1    0.00%, 2  100.00%, 3    0.00%
类型3 正确率： 100.00% -> 1    0.00%, 2    0.00%, 3  100.00%


