读取源域路径：/kaggle/working/hust/H2/weight_HUST_M1_final_checkpoint_FH2toH2_s2024/NEW_PU/Source-源域/log&pt/(B1)N15_M01_F10
excel输出位置：/kaggle/working/hust/H2/weight_HUST_M1_final_checkpoint_FH2toH2_s2024/NEW_PU/Target-目标域
特征图片输出位置：/kaggle/working/hust/H2/weight_HUST_M1_final_checkpoint_FH2toH2_s2024/NEW_PU/Picture-特征图/2026年09月19日12时47分/(B1)N15_M01_F10
现在选取:(B1)N15_M01_F10 进行训练的源模型
现在进行：(B1)N15_M01_F10→(B2)N15_M07_F10 的迁移任务
log&pt输出位置：/kaggle/working/hust/H2/weight_HUST_M1_final_checkpoint_FH2toH2_s2024/NEW_PU/Target-目标域/log&pt/(B1)N15_M01_F10→(B2)N15_M07_F10
任务: (B1)N15_M01_F10→(B2)N15_M07_F10; 批次:····0/·1880;  总正确率: 100.00%
类型1 正确率： 100.00% -> 1  100.00%, 2    0.00%, 3    0.00%
类型2 正确率： 100.00% -> 1    0.00%, 2  100.00%, 3    0.00%
类型3 正确率： 100.00% -> 1    0.00%, 2    0.00%, 3  100.00%


样本变换：reverse
样本变换：mask
样本变换：shift
样本变换：none
未过滤	未用伪标签：100.00% -> 使用伪标签：100.00%
已过滤	未用伪标签：100.00% -> 使用伪标签：100.00%
排除样本：2000|6000	剩余：2000, 2000
增添样本：0		细则：0, 0, 0类型1 正确率： 100.00% -> 1  100.00%, 2    0.00%, 3    0.00%
类型2 正确率： 100.00% -> 1    0.00%, 2  100.00%, 3    0.00%
类型3 正确率： 100.00% -> 1    0.00%, 2    0.00%, 3  100.00%

被排除样本 正确率：nan%


轮次:··1/·20 || c_Loss:0.531 || e_Loss:-1.067 || Aad_Loss:-22.406 || 耗时：34.16s
轮次:··2/·20 || c_Loss:0.430 || e_Loss:-0.972 || Aad_Loss:-22.601 || 耗时：13.04s
轮次:··3/·20 || c_Loss:0.386 || e_Loss:-1.024 || Aad_Loss:-22.772 || 耗时：12.91s
轮次:··4/·20 || c_Loss:0.376 || e_Loss:-1.009 || Aad_Loss:-23.149 || 耗时：12.81s
轮次:··5/·20 || c_Loss:0.375 || e_Loss:-0.978 || Aad_Loss:-23.193 || 耗时：12.79s
任务: (B1)N15_M01_F10→(B2)N15_M07_F10; mix批次:····0; 批次:··470/·1880;  总正确率: 100.00%
类型1 正确率： 100.00% -> 1  100.00%, 2    0.00%, 3    0.00%
类型2 正确率： 100.00% -> 1    0.00%, 2  100.00%, 3    0.00%
类型3 正确率： 100.00% -> 1    0.00%, 2    0.00%, 3  100.00%


样本变换：reverse
样本变换：mask
样本变换：shift
样本变换：none
未过滤	未用伪标签：100.00% -> 使用伪标签：100.00%
已过滤	未用伪标签：100.00% -> 使用伪标签：100.00%
排除样本：2000|6000	剩余：2000, 2000
增添样本：0		细则：0, 0, 0类型1 正确率： 100.00% -> 1  100.00%, 2    0.00%, 3    0.00%
类型2 正确率： 100.00% -> 1    0.00%, 2  100.00%, 3    0.00%
类型3 正确率： 100.00% -> 1    0.00%, 2    0.00%, 3  100.00%

被排除样本 正确率：nan%


轮次:··6/·20 || c_Loss:0.376 || e_Loss:-1.001 || Aad_Loss:-23.386 || 耗时：33.67s
轮次:··7/·20 || c_Loss:0.394 || e_Loss:-0.952 || Aad_Loss:-23.269 || 耗时：12.91s
轮次:··8/·20 || c_Loss:0.376 || e_Loss:-1.017 || Aad_Loss:-23.281 || 耗时：12.91s
轮次:··9/·20 || c_Loss:0.373 || e_Loss:-1.006 || Aad_Loss:-23.490 || 耗时：12.90s
轮次:·10/·20 || c_Loss:0.374 || e_Loss:-0.979 || Aad_Loss:-23.626 || 耗时：12.86s
任务: (B1)N15_M01_F10→(B2)N15_M07_F10; mix批次:····0; 批次:··940/·1880;  总正确率: 100.00%
类型1 正确率： 100.00% -> 1  100.00%, 2    0.00%, 3    0.00%
类型2 正确率： 100.00% -> 1    0.00%, 2  100.00%, 3    0.00%
类型3 正确率： 100.00% -> 1    0.00%, 2    0.00%, 3  100.00%


样本变换：reverse
样本变换：mask
样本变换：shift
样本变换：none
未过滤	未用伪标签：100.00% -> 使用伪标签：100.00%
已过滤	未用伪标签：100.00% -> 使用伪标签：100.00%
排除样本：2000|6000	剩余：2000, 2000
增添样本：0		细则：0, 0, 0类型1 正确率： 100.00% -> 1  100.00%, 2    0.00%, 3    0.00%
类型2 正确率： 100.00% -> 1    0.00%, 2  100.00%, 3    0.00%
类型3 正确率： 100.00% -> 1    0.00%, 2    0.00%, 3  100.00%

被排除样本 正确率：nan%


轮次:·11/·20 || c_Loss:0.376 || e_Loss:-1.002 || Aad_Loss:-23.602 || 耗时：33.59s
轮次:·12/·20 || c_Loss:0.391 || e_Loss:-0.956 || Aad_Loss:-23.549 || 耗时：12.83s
轮次:·13/·20 || c_Loss:0.375 || e_Loss:-1.018 || Aad_Loss:-23.469 || 耗时：12.83s
轮次:·14/·20 || c_Loss:0.373 || e_Loss:-1.005 || Aad_Loss:-23.641 || 耗时：12.83s
轮次:·15/·20 || c_Loss:0.373 || e_Loss:-0.981 || Aad_Loss:-23.856 || 耗时：12.83s
任务: (B1)N15_M01_F10→(B2)N15_M07_F10; mix批次:····0; 批次:·1410/·1880;  总正确率: 100.00%
类型1 正确率： 100.00% -> 1  100.00%, 2    0.00%, 3    0.00%
类型2 正确率： 100.00% -> 1    0.00%, 2  100.00%, 3    0.00%
类型3 正确率： 100.00% -> 1    0.00%, 2    0.00%, 3  100.00%


样本变换：reverse
样本变换：mask
样本变换：shift
样本变换：none
未过滤	未用伪标签：100.00% -> 使用伪标签：100.00%
已过滤	未用伪标签：100.00% -> 使用伪标签：100.00%
排除样本：2000|6000	剩余：2000, 2000
增添样本：0		细则：0, 0, 0类型1 正确率： 100.00% -> 1  100.00%, 2    0.00%, 3    0.00%
类型2 正确率： 100.00% -> 1    0.00%, 2  100.00%, 3    0.00%
类型3 正确率： 100.00% -> 1    0.00%, 2    0.00%, 3  100.00%

被排除样本 正确率：nan%


轮次:·16/·20 || c_Loss:0.375 || e_Loss:-1.003 || Aad_Loss:-23.720 || 耗时：33.61s
轮次:·17/·20 || c_Loss:0.388 || e_Loss:-0.959 || Aad_Loss:-23.723 || 耗时：12.88s
轮次:·18/·20 || c_Loss:0.374 || e_Loss:-1.019 || Aad_Loss:-23.579 || 耗时：12.87s
轮次:·19/·20 || c_Loss:0.373 || e_Loss:-1.005 || Aad_Loss:-23.735 || 耗时：12.87s
轮次:·20/·20 || c_Loss:0.372 || e_Loss:-0.982 || Aad_Loss:-24.002 || 耗时：12.88s
任务: (B1)N15_M01_F10→(B2)N15_M07_F10; mix批次:····0; 批次:·1880/·1880;  总正确率: 100.00%
类型1 正确率： 100.00% -> 1  100.00%, 2    0.00%, 3    0.00%
类型2 正确率： 100.00% -> 1    0.00%, 2  100.00%, 3    0.00%
类型3 正确率： 100.00% -> 1    0.00%, 2    0.00%, 3  100.00%


测试集任务: (B1)N15_M01_F10→(B2)N15_M07_F10; 总正确率 = 100.00%
类型1 正确率： 100.00% -> 1  100.00%, 2    0.00%, 3    0.00%
类型2 正确率： 100.00% -> 1    0.00%, 2  100.00%, 3    0.00%
类型3 正确率： 100.00% -> 1    0.00%, 2    0.00%, 3  100.00%


