读取源域路径：/kaggle/working/hust/H2/weight_HUST_M1_final_checkpoint_FH2toH2_s2024/NEW_PU/Source-源域/log&pt/(B2)N15_M07_F10
excel输出位置：/kaggle/working/hust/H2/weight_HUST_M1_final_checkpoint_FH2toH2_s2024/NEW_PU/Target-目标域
特征图片输出位置：/kaggle/working/hust/H2/weight_HUST_M1_final_checkpoint_FH2toH2_s2024/NEW_PU/Picture-特征图/2026年09月19日12时59分/(B2)N15_M07_F10
现在选取:(B2)N15_M07_F10 进行训练的源模型
现在进行：(B2)N15_M07_F10→(B1)N15_M01_F10 的迁移任务
log&pt输出位置：/kaggle/working/hust/H2/weight_HUST_M1_final_checkpoint_FH2toH2_s2024/NEW_PU/Target-目标域/log&pt/(B2)N15_M07_F10→(B1)N15_M01_F10
任务: (B2)N15_M07_F10→(B1)N15_M01_F10; 批次:····0/·1880;  总正确率: 97.57%
类型1 正确率： 100.00% -> 1  100.00%, 2    0.00%, 3    0.00%
类型2 正确率：  93.00% -> 1    4.40%, 2   93.00%, 3    2.60%
类型3 正确率： 100.00% -> 1    0.00%, 2    0.30%, 3   99.70%


样本变换：reverse
样本变换：mask
样本变换：shift
样本变换：none
未过滤	未用伪标签：97.57% -> 使用伪标签：94.97%
已过滤	未用伪标签：97.84% -> 使用伪标签：96.86%
排除样本：117|6000	剩余：2157, 1710, 2016
增添样本：588		细则：0, 447, 141	正确率估算：99.32%
类型1 正确率： 100.00% -> 1  100.00%, 2    0.00%, 3    0.00%
类型2 正确率：  90.00% -> 1    8.34%, 2   90.49%, 3    1.17%
类型3 正确率： 100.00% -> 1    0.00%, 2    0.30%, 3   99.70%

被排除样本 正确率：83.76%
类型1 没有样本或未被分类。
类型2 正确率：  84.00% -> 1    3.42%, 2   83.76%, 3   12.82%
类型3 没有样本或未被分类。


轮次:··1/·20 || c_Loss:0.469 || e_Loss:-1.818 || Aad_Loss:-26.535 || 耗时：34.18s
轮次:··2/·20 || c_Loss:0.386 || e_Loss:-0.831 || Aad_Loss:-29.611 || 耗时：13.02s
轮次:··3/·20 || c_Loss:0.357 || e_Loss:-1.828 || Aad_Loss:-28.591 || 耗时：12.94s
轮次:··4/·20 || c_Loss:0.369 || e_Loss:-1.779 || Aad_Loss:-28.586 || 耗时：12.92s
轮次:··5/·20 || c_Loss:0.361 || e_Loss:-0.909 || Aad_Loss:-29.420 || 耗时：12.87s
任务: (B2)N15_M07_F10→(B1)N15_M01_F10; mix批次:····0; 批次:··470/·1880;  总正确率: 96.15%
类型1 正确率： 100.00% -> 1  100.00%, 2    0.00%, 3    0.00%
类型2 正确率：  88.00% -> 1   11.25%, 2   88.50%, 3    0.25%
类型3 正确率： 100.00% -> 1    0.00%, 2    0.05%, 3   99.95%


样本变换：reverse
样本变换：mask
样本变换：shift
样本变换：none
未过滤	未用伪标签：96.15% -> 使用伪标签：97.17%
已过滤	未用伪标签：96.66% -> 使用伪标签：97.75%
排除样本：36|6000	剩余：2131, 1837, 1996
增添样本：429		细则：0, 294, 135	正确率估算：98.83%
类型1 正确率： 100.00% -> 1  100.00%, 2    0.00%, 3    0.00%
类型2 正确率：  93.00% -> 1    6.67%, 2   93.33%, 3    0.00%
类型3 正确率： 100.00% -> 1    0.00%, 2    0.15%, 3   99.85%

被排除样本 正确率：11.11%
类型1 没有样本或未被分类。
类型2 正确率：   9.00% -> 1   88.57%, 2    8.57%, 3    2.86%
类型3 正确率： 100.00% -> 1    0.00%, 2    0.00%, 3  100.00%


轮次:··6/·20 || c_Loss:0.372 || e_Loss:-0.923 || Aad_Loss:-30.489 || 耗时：33.92s
轮次:··7/·20 || c_Loss:0.364 || e_Loss:-0.928 || Aad_Loss:-31.393 || 耗时：12.87s
轮次:··8/·20 || c_Loss:0.359 || e_Loss:-0.998 || Aad_Loss:-31.432 || 耗时：12.90s
轮次:··9/·20 || c_Loss:0.407 || e_Loss:-1.647 || Aad_Loss:-27.984 || 耗时：12.88s
轮次:·10/·20 || c_Loss:0.376 || e_Loss:-0.951 || Aad_Loss:-30.520 || 耗时：12.89s
任务: (B2)N15_M07_F10→(B1)N15_M01_F10; mix批次:····0; 批次:··940/·1880;  总正确率: 97.58%
类型1 正确率： 100.00% -> 1  100.00%, 2    0.00%, 3    0.00%
类型2 正确率：  93.00% -> 1    7.10%, 2   92.90%, 3    0.00%
类型3 正确率： 100.00% -> 1    0.00%, 2    0.15%, 3   99.85%


样本变换：reverse
样本变换：mask
样本变换：shift
样本变换：none
未过滤	未用伪标签：97.58% -> 使用伪标签：97.93%
已过滤	未用伪标签：98.04% -> 使用伪标签：98.46%
排除样本：32|6000	剩余：2089, 1882, 1997
增添样本：299		细则：0, 207, 92	正确率估算：98.66%
类型1 正确率： 100.00% -> 1  100.00%, 2    0.00%, 3    0.00%
类型2 正确率：  95.00% -> 1    4.52%, 2   95.48%, 3    0.00%
类型3 正确率： 100.00% -> 1    0.00%, 2    0.15%, 3   99.85%

被排除样本 正确率：12.50%
类型1 没有样本或未被分类。
类型2 正确率：  12.00% -> 1   87.50%, 2   12.50%


轮次:·11/·20 || c_Loss:0.375 || e_Loss:-1.651 || Aad_Loss:-31.515 || 耗时：34.14s
轮次:·12/·20 || c_Loss:0.393 || e_Loss:-0.903 || Aad_Loss:-30.073 || 耗时：12.86s
轮次:·13/·20 || c_Loss:0.370 || e_Loss:-0.951 || Aad_Loss:-31.221 || 耗时：12.88s
轮次:·14/·20 || c_Loss:0.374 || e_Loss:-1.824 || Aad_Loss:-31.265 || 耗时：12.87s
轮次:·15/·20 || c_Loss:0.383 || e_Loss:-1.849 || Aad_Loss:-30.145 || 耗时：12.92s
任务: (B2)N15_M07_F10→(B1)N15_M01_F10; mix批次:····0; 批次:·1410/·1880;  总正确率: 98.35%
类型1 正确率： 100.00% -> 1  100.00%, 2    0.00%, 3    0.00%
类型2 正确率：  95.00% -> 1    4.70%, 2   95.20%, 3    0.10%
类型3 正确率： 100.00% -> 1    0.00%, 2    0.15%, 3   99.85%


样本变换：reverse
样本变换：mask
样本变换：shift
样本变换：none
未过滤	未用伪标签：98.35% -> 使用伪标签：98.70%
已过滤	未用伪标签：98.81% -> 使用伪标签：99.20%
排除样本：30|6000	剩余：2046, 1927, 1997
增添样本：168		细则：0, 119, 49	正确率估算：99.40%
类型1 正确率： 100.00% -> 1  100.00%, 2    0.00%, 3    0.00%
类型2 正确率：  98.00% -> 1    2.33%, 2   97.67%, 3    0.00%
类型3 正确率： 100.00% -> 1    0.00%, 2    0.10%, 3   99.90%

被排除样本 正确率：6.67%
类型1 没有样本或未被分类。
类型2 正确率：   7.00% -> 1   93.10%, 2    6.90%, 3    0.00%
类型3 正确率：   0.00% -> 1    0.00%, 2  100.00%, 3    0.00%


轮次:·16/·20 || c_Loss:0.383 || e_Loss:-0.948 || Aad_Loss:-30.654 || 耗时：34.05s
轮次:·17/·20 || c_Loss:0.382 || e_Loss:-0.960 || Aad_Loss:-30.017 || 耗时：12.84s
轮次:·18/·20 || c_Loss:0.365 || e_Loss:-0.973 || Aad_Loss:-30.957 || 耗时：12.84s
轮次:·19/·20 || c_Loss:0.362 || e_Loss:-0.982 || Aad_Loss:-31.086 || 耗时：12.83s
轮次:·20/·20 || c_Loss:0.366 || e_Loss:-0.978 || Aad_Loss:-31.207 || 耗时：12.85s
任务: (B2)N15_M07_F10→(B1)N15_M01_F10; mix批次:····0; 批次:·1880/·1880;  总正确率: 98.90%
类型1 正确率： 100.00% -> 1  100.00%, 2    0.00%, 3    0.00%
类型2 正确率：  97.00% -> 1    3.25%, 2   96.75%, 3    0.00%
类型3 正确率： 100.00% -> 1    0.00%, 2    0.05%, 3   99.95%


测试集任务: (B2)N15_M07_F10→(B1)N15_M01_F10; 总正确率 = 98.90%
类型1 正确率： 100.00% -> 1  100.00%, 2    0.00%, 3    0.00%
类型2 正确率：  97.00% -> 1    3.25%, 2   96.75%, 3    0.00%
类型3 正确率： 100.00% -> 1    0.00%, 2    0.05%, 3   99.95%


