读取源域路径：/kaggle/working/hust/H2/weight_HUST_M1_final_checkpoint_FH2toH2_s2024/NEW_PU/Source-源域/log&pt/(B2)N15_M07_F10
excel输出位置：/kaggle/working/hust/H2/weight_HUST_M1_final_checkpoint_FH2toH2_s2024/NEW_PU/Target-目标域
特征图片输出位置：/kaggle/working/hust/H2/weight_HUST_M1_final_checkpoint_FH2toH2_s2024/NEW_PU/Picture-特征图/2026年09月19日13时05分/(B2)N15_M07_F10
现在选取:(B2)N15_M07_F10 进行训练的源模型
现在进行：(B2)N15_M07_F10→(B3)N15_M07_F04 的迁移任务
log&pt输出位置：/kaggle/working/hust/H2/weight_HUST_M1_final_checkpoint_FH2toH2_s2024/NEW_PU/Target-目标域/log&pt/(B2)N15_M07_F10→(B3)N15_M07_F04
任务: (B2)N15_M07_F10→(B3)N15_M07_F04; 批次:····0/·1880;  总正确率: 100.00%
类型1 正确率： 100.00% -> 1  100.00%, 2    0.00%, 3    0.00%
类型2 正确率： 100.00% -> 1    0.00%, 2  100.00%, 3    0.00%
类型3 正确率： 100.00% -> 1    0.00%, 2    0.00%, 3  100.00%


样本变换：reverse
样本变换：mask
样本变换：shift
样本变换：none
未过滤	未用伪标签：100.00% -> 使用伪标签：100.00%
已过滤	未用伪标签：100.00% -> 使用伪标签：100.00%
排除样本：2000|6000	剩余：2000, 2000
增添样本：0		细则：0, 0, 0类型1 正确率： 100.00% -> 1  100.00%, 2    0.00%, 3    0.00%
类型2 正确率： 100.00% -> 1    0.00%, 2  100.00%, 3    0.00%
类型3 正确率： 100.00% -> 1    0.00%, 2    0.00%, 3  100.00%

被排除样本 正确率：nan%


轮次:··1/·20 || c_Loss:0.515 || e_Loss:-1.060 || Aad_Loss:-22.473 || 耗时：33.77s
轮次:··2/·20 || c_Loss:0.413 || e_Loss:-0.983 || Aad_Loss:-22.954 || 耗时：12.99s
轮次:··3/·20 || c_Loss:0.393 || e_Loss:-1.003 || Aad_Loss:-22.647 || 耗时：12.90s
轮次:··4/·20 || c_Loss:0.377 || e_Loss:-1.006 || Aad_Loss:-23.250 || 耗时：12.84s
轮次:··5/·20 || c_Loss:0.375 || e_Loss:-0.976 || Aad_Loss:-23.000 || 耗时：12.82s
任务: (B2)N15_M07_F10→(B3)N15_M07_F04; mix批次:····0; 批次:··470/·1880;  总正确率: 100.00%
类型1 正确率： 100.00% -> 1  100.00%, 2    0.00%, 3    0.00%
类型2 正确率： 100.00% -> 1    0.00%, 2  100.00%, 3    0.00%
类型3 正确率： 100.00% -> 1    0.00%, 2    0.00%, 3  100.00%


样本变换：reverse
样本变换：mask
样本变换：shift
样本变换：none
未过滤	未用伪标签：100.00% -> 使用伪标签：100.00%
已过滤	未用伪标签：100.00% -> 使用伪标签：100.00%
排除样本：2000|6000	剩余：2000, 2000
增添样本：0		细则：0, 0, 0类型1 正确率： 100.00% -> 1  100.00%, 2    0.00%, 3    0.00%
类型2 正确率： 100.00% -> 1    0.00%, 2  100.00%, 3    0.00%
类型3 正确率： 100.00% -> 1    0.00%, 2    0.00%, 3  100.00%

被排除样本 正确率：nan%


轮次:··6/·20 || c_Loss:0.379 || e_Loss:-0.989 || Aad_Loss:-23.350 || 耗时：33.72s
轮次:··7/·20 || c_Loss:0.380 || e_Loss:-0.965 || Aad_Loss:-23.648 || 耗时：12.91s
轮次:··8/·20 || c_Loss:0.381 || e_Loss:-1.000 || Aad_Loss:-23.279 || 耗时：12.92s
轮次:··9/·20 || c_Loss:0.373 || e_Loss:-1.003 || Aad_Loss:-23.590 || 耗时：12.92s
轮次:·10/·20 || c_Loss:0.374 || e_Loss:-0.975 || Aad_Loss:-23.434 || 耗时：12.89s
任务: (B2)N15_M07_F10→(B3)N15_M07_F04; mix批次:····0; 批次:··940/·1880;  总正确率: 100.00%
类型1 正确率： 100.00% -> 1  100.00%, 2    0.00%, 3    0.00%
类型2 正确率： 100.00% -> 1    0.00%, 2  100.00%, 3    0.00%
类型3 正确率： 100.00% -> 1    0.00%, 2    0.00%, 3  100.00%


样本变换：reverse
样本变换：mask
样本变换：shift
样本变换：none
未过滤	未用伪标签：100.00% -> 使用伪标签：100.00%
已过滤	未用伪标签：100.00% -> 使用伪标签：100.00%
排除样本：2000|6000	剩余：2000, 2000
增添样本：0		细则：0, 0, 0类型1 正确率： 100.00% -> 1  100.00%, 2    0.00%, 3    0.00%
类型2 正确率： 100.00% -> 1    0.00%, 2  100.00%, 3    0.00%
类型3 正确率： 100.00% -> 1    0.00%, 2    0.00%, 3  100.00%

被排除样本 正确率：nan%


轮次:·11/·20 || c_Loss:0.378 || e_Loss:-0.989 || Aad_Loss:-23.542 || 耗时：33.65s
轮次:·12/·20 || c_Loss:0.379 || e_Loss:-0.967 || Aad_Loss:-23.879 || 耗时：12.85s
轮次:·13/·20 || c_Loss:0.380 || e_Loss:-1.002 || Aad_Loss:-23.493 || 耗时：12.86s
轮次:·14/·20 || c_Loss:0.373 || e_Loss:-1.003 || Aad_Loss:-23.743 || 耗时：12.84s
轮次:·15/·20 || c_Loss:0.374 || e_Loss:-0.976 || Aad_Loss:-23.654 || 耗时：12.86s
任务: (B2)N15_M07_F10→(B3)N15_M07_F04; mix批次:····0; 批次:·1410/·1880;  总正确率: 100.00%
类型1 正确率： 100.00% -> 1  100.00%, 2    0.00%, 3    0.00%
类型2 正确率： 100.00% -> 1    0.00%, 2  100.00%, 3    0.00%
类型3 正确率： 100.00% -> 1    0.00%, 2    0.00%, 3  100.00%


样本变换：reverse
样本变换：mask
样本变换：shift
样本变换：none
未过滤	未用伪标签：100.00% -> 使用伪标签：100.00%
已过滤	未用伪标签：100.00% -> 使用伪标签：100.00%
排除样本：2000|6000	剩余：2000, 2000
增添样本：0		细则：0, 0, 0类型1 正确率： 100.00% -> 1  100.00%, 2    0.00%, 3    0.00%
类型2 正确率： 100.00% -> 1    0.00%, 2  100.00%, 3    0.00%
类型3 正确率： 100.00% -> 1    0.00%, 2    0.00%, 3  100.00%

被排除样本 正确率：nan%


轮次:·16/·20 || c_Loss:0.378 || e_Loss:-0.990 || Aad_Loss:-23.648 || 耗时：33.58s
轮次:·17/·20 || c_Loss:0.378 || e_Loss:-0.969 || Aad_Loss:-24.006 || 耗时：12.84s
轮次:·18/·20 || c_Loss:0.379 || e_Loss:-1.004 || Aad_Loss:-23.613 || 耗时：12.84s
轮次:·19/·20 || c_Loss:0.373 || e_Loss:-1.003 || Aad_Loss:-23.837 || 耗时：12.86s
轮次:·20/·20 || c_Loss:0.374 || e_Loss:-0.977 || Aad_Loss:-23.796 || 耗时：12.87s
任务: (B2)N15_M07_F10→(B3)N15_M07_F04; mix批次:····0; 批次:·1880/·1880;  总正确率: 100.00%
类型1 正确率： 100.00% -> 1  100.00%, 2    0.00%, 3    0.00%
类型2 正确率： 100.00% -> 1    0.00%, 2  100.00%, 3    0.00%
类型3 正确率： 100.00% -> 1    0.00%, 2    0.00%, 3  100.00%


测试集任务: (B2)N15_M07_F10→(B3)N15_M07_F04; 总正确率 = 100.00%
类型1 正确率： 100.00% -> 1  100.00%, 2    0.00%, 3    0.00%
类型2 正确率： 100.00% -> 1    0.00%, 2  100.00%, 3    0.00%
类型3 正确率： 100.00% -> 1    0.00%, 2    0.00%, 3  100.00%


