读取源域路径：/kaggle/working/hust/H2/weight_HUST_M1_final_checkpoint_FH2toH2_s2024/NEW_PU/Source-源域/log&pt/(B3)N15_M07_F04
excel输出位置：/kaggle/working/hust/H2/weight_HUST_M1_final_checkpoint_FH2toH2_s2024/NEW_PU/Target-目标域
特征图片输出位置：/kaggle/working/hust/H2/weight_HUST_M1_final_checkpoint_FH2toH2_s2024/NEW_PU/Picture-特征图/2026年09月19日13时11分/(B3)N15_M07_F04
现在选取:(B3)N15_M07_F04 进行训练的源模型
现在进行：(B3)N15_M07_F04→(B1)N15_M01_F10 的迁移任务
log&pt输出位置：/kaggle/working/hust/H2/weight_HUST_M1_final_checkpoint_FH2toH2_s2024/NEW_PU/Target-目标域/log&pt/(B3)N15_M07_F04→(B1)N15_M01_F10
任务: (B3)N15_M07_F04→(B1)N15_M01_F10; 批次:····0/·1880;  总正确率: 99.00%
类型1 正确率： 100.00% -> 1  100.00%, 2    0.00%, 3    0.00%
类型2 正确率：  97.00% -> 1    0.00%, 2   97.10%, 3    2.90%
类型3 正确率： 100.00% -> 1    0.00%, 2    0.10%, 3   99.90%


样本变换：reverse
样本变换：mask
样本变换：shift
样本变换：none
未过滤	未用伪标签：99.00% -> 使用伪标签：99.20%
已过滤	未用伪标签：99.08% -> 使用伪标签：99.40%
排除样本：12|6000	剩余：2000, 1960, 2028
增添样本：96		细则：28, 68, 0	正确率估算：97.92%
类型1 正确率： 100.00% -> 1  100.00%, 2    0.00%, 3    0.00%
类型2 正确率：  98.00% -> 1    0.00%, 2   98.39%, 3    1.61%
类型3 正确率： 100.00% -> 1    0.00%, 2    0.20%, 3   99.80%

被排除样本 正确率：58.33%
类型1 正确率：  58.00% -> 1   58.33%, 2   41.67%
类型2 没有样本或未被分类。


轮次:··1/·20 || c_Loss:0.543 || e_Loss:-1.055 || Aad_Loss:-28.178 || 耗时：33.81s
轮次:··2/·20 || c_Loss:0.422 || e_Loss:-1.737 || Aad_Loss:-30.218 || 耗时：12.93s
轮次:··3/·20 || c_Loss:0.408 || e_Loss:-1.018 || Aad_Loss:-29.713 || 耗时：12.81s
轮次:··4/·20 || c_Loss:0.374 || e_Loss:-1.515 || Aad_Loss:-30.269 || 耗时：12.76s
轮次:··5/·20 || c_Loss:0.370 || e_Loss:-1.739 || Aad_Loss:-30.286 || 耗时：12.72s
任务: (B3)N15_M07_F04→(B1)N15_M01_F10; mix批次:····0; 批次:··470/·1880;  总正确率: 99.92%
类型1 正确率： 100.00% -> 1  100.00%, 2    0.00%, 3    0.00%
类型2 正确率： 100.00% -> 1    0.00%, 2   99.90%, 3    0.10%
类型3 正确率： 100.00% -> 1    0.00%, 2    0.15%, 3   99.85%


样本变换：reverse
样本变换：mask
样本变换：shift
样本变换：none
未过滤	未用伪标签：99.92% -> 使用伪标签：99.92%
已过滤	未用伪标签：99.92% -> 使用伪标签：99.93%
排除样本：1|6000	剩余：2000, 2004, 1995
增添样本：13		细则：4, 0, 9	正确率估算：100.00%
类型1 正确率： 100.00% -> 1  100.00%, 2    0.00%, 3    0.00%
类型2 正确率： 100.00% -> 1    0.00%, 2  100.00%, 3    0.00%
类型3 正确率： 100.00% -> 1    0.00%, 2    0.20%, 3   99.80%

被排除样本 正确率：100.00%
类型1 正确率： 100.00% -> 1  100.00%


轮次:··6/·20 || c_Loss:0.374 || e_Loss:-0.961 || Aad_Loss:-30.125 || 耗时：33.75s
轮次:··7/·20 || c_Loss:0.379 || e_Loss:-0.948 || Aad_Loss:-29.627 || 耗时：12.93s
轮次:··8/·20 || c_Loss:0.371 || e_Loss:-1.010 || Aad_Loss:-29.800 || 耗时：12.98s
轮次:··9/·20 || c_Loss:0.399 || e_Loss:-0.884 || Aad_Loss:-28.895 || 耗时：12.96s
轮次:·10/·20 || c_Loss:0.373 || e_Loss:-1.028 || Aad_Loss:-29.799 || 耗时：12.92s
任务: (B3)N15_M07_F04→(B1)N15_M01_F10; mix批次:····0; 批次:··940/·1880;  总正确率: 99.97%
类型1 正确率： 100.00% -> 1  100.00%, 2    0.00%, 3    0.00%
类型2 正确率： 100.00% -> 1    0.00%, 2  100.00%, 3    0.00%
类型3 正确率： 100.00% -> 1    0.00%, 2    0.10%, 3   99.90%


样本变换：reverse
样本变换：mask
样本变换：shift
样本变换：none
未过滤	未用伪标签：99.97% -> 使用伪标签：99.95%
已过滤	未用伪标签：99.98% -> 使用伪标签：99.97%
排除样本：1|6000	剩余：2000, 2002, 1997
增添样本：7		细则：2, 0, 5	正确率估算：100.00%
类型1 正确率： 100.00% -> 1  100.00%, 2    0.00%, 3    0.00%
类型2 正确率： 100.00% -> 1    0.00%, 2  100.00%, 3    0.00%
类型3 正确率： 100.00% -> 1    0.00%, 2    0.10%, 3   99.90%

被排除样本 正确率：0.00%
类型1 没有样本或未被分类。
类型2 正确率：   0.00% -> 1  100.00%, 2    0.00%


轮次:·11/·20 || c_Loss:0.374 || e_Loss:-1.000 || Aad_Loss:-26.854 || 耗时：33.75s
轮次:·12/·20 || c_Loss:0.374 || e_Loss:-1.018 || Aad_Loss:-26.910 || 耗时：12.89s
轮次:·13/·20 || c_Loss:0.374 || e_Loss:-1.015 || Aad_Loss:-26.903 || 耗时：12.94s
轮次:·14/·20 || c_Loss:0.370 || e_Loss:-1.026 || Aad_Loss:-26.951 || 耗时：12.94s
轮次:·15/·20 || c_Loss:0.374 || e_Loss:-0.955 || Aad_Loss:-27.392 || 耗时：12.91s
任务: (B3)N15_M07_F04→(B1)N15_M01_F10; mix批次:····0; 批次:·1410/·1880;  总正确率: 100.00%
类型1 正确率： 100.00% -> 1  100.00%, 2    0.00%, 3    0.00%
类型2 正确率： 100.00% -> 1    0.00%, 2  100.00%, 3    0.00%
类型3 正确率： 100.00% -> 1    0.00%, 2    0.00%, 3  100.00%


样本变换：reverse
样本变换：mask
样本变换：shift
样本变换：none
未过滤	未用伪标签：100.00% -> 使用伪标签：100.00%
已过滤	未用伪标签：100.00% -> 使用伪标签：100.00%
排除样本：2000|6000	剩余：2000, 2000
增添样本：0		细则：0, 0, 0类型1 正确率： 100.00% -> 1  100.00%, 2    0.00%, 3    0.00%
类型2 正确率： 100.00% -> 1    0.00%, 2  100.00%, 3    0.00%
类型3 正确率： 100.00% -> 1    0.00%, 2    0.00%, 3  100.00%

被排除样本 正确率：nan%


轮次:·16/·20 || c_Loss:0.372 || e_Loss:-1.005 || Aad_Loss:-23.691 || 耗时：33.78s
轮次:·17/·20 || c_Loss:0.376 || e_Loss:-0.977 || Aad_Loss:-24.094 || 耗时：12.88s
轮次:·18/·20 || c_Loss:0.372 || e_Loss:-1.013 || Aad_Loss:-23.529 || 耗时：12.87s
轮次:·19/·20 || c_Loss:0.372 || e_Loss:-1.010 || Aad_Loss:-23.816 || 耗时：12.88s
轮次:·20/·20 || c_Loss:0.374 || e_Loss:-0.979 || Aad_Loss:-23.900 || 耗时：12.86s
任务: (B3)N15_M07_F04→(B1)N15_M01_F10; mix批次:····0; 批次:·1880/·1880;  总正确率: 100.00%
类型1 正确率： 100.00% -> 1  100.00%, 2    0.00%, 3    0.00%
类型2 正确率： 100.00% -> 1    0.00%, 2  100.00%, 3    0.00%
类型3 正确率： 100.00% -> 1    0.00%, 2    0.00%, 3  100.00%


测试集任务: (B3)N15_M07_F04→(B1)N15_M01_F10; 总正确率 = 100.00%
类型1 正确率： 100.00% -> 1  100.00%, 2    0.00%, 3    0.00%
类型2 正确率： 100.00% -> 1    0.00%, 2  100.00%, 3    0.00%
类型3 正确率： 100.00% -> 1    0.00%, 2    0.00%, 3  100.00%


