读取源域路径：/kaggle/working/hust/H2/weight_HUST_M1_final_checkpoint_FH2toH2_s2024/NEW_PU/Source-源域/log&pt/(B3)N15_M07_F04
excel输出位置：/kaggle/working/hust/H2/weight_HUST_M1_final_checkpoint_FH2toH2_s2024/NEW_PU/Target-目标域
特征图片输出位置：/kaggle/working/hust/H2/weight_HUST_M1_final_checkpoint_FH2toH2_s2024/NEW_PU/Picture-特征图/2026年09月19日13时17分/(B3)N15_M07_F04
现在选取:(B3)N15_M07_F04 进行训练的源模型
现在进行：(B3)N15_M07_F04→(B2)N15_M07_F10 的迁移任务
log&pt输出位置：/kaggle/working/hust/H2/weight_HUST_M1_final_checkpoint_FH2toH2_s2024/NEW_PU/Target-目标域/log&pt/(B3)N15_M07_F04→(B2)N15_M07_F10
任务: (B3)N15_M07_F04→(B2)N15_M07_F10; 批次:····0/·1880;  总正确率: 100.00%
类型1 正确率： 100.00% -> 1  100.00%, 2    0.00%, 3    0.00%
类型2 正确率： 100.00% -> 1    0.00%, 2  100.00%, 3    0.00%
类型3 正确率： 100.00% -> 1    0.00%, 2    0.00%, 3  100.00%


样本变换：reverse
样本变换：mask
样本变换：shift
样本变换：none
未过滤	未用伪标签：100.00% -> 使用伪标签：100.00%
已过滤	未用伪标签：100.00% -> 使用伪标签：100.00%
排除样本：2000|6000	剩余：2000, 2000
增添样本：0		细则：0, 0, 0类型1 正确率： 100.00% -> 1  100.00%, 2    0.00%, 3    0.00%
类型2 正确率： 100.00% -> 1    0.00%, 2  100.00%, 3    0.00%
类型3 正确率： 100.00% -> 1    0.00%, 2    0.00%, 3  100.00%

被排除样本 正确率：nan%


轮次:··1/·20 || c_Loss:0.523 || e_Loss:-1.065 || Aad_Loss:-22.420 || 耗时：33.94s
轮次:··2/·20 || c_Loss:0.428 || e_Loss:-0.982 || Aad_Loss:-22.749 || 耗时：13.02s
轮次:··3/·20 || c_Loss:0.392 || e_Loss:-1.024 || Aad_Loss:-22.773 || 耗时：12.92s
轮次:··4/·20 || c_Loss:0.381 || e_Loss:-1.013 || Aad_Loss:-23.119 || 耗时：12.87s
轮次:··5/·20 || c_Loss:0.379 || e_Loss:-0.977 || Aad_Loss:-22.938 || 耗时：12.83s
任务: (B3)N15_M07_F04→(B2)N15_M07_F10; mix批次:····0; 批次:··470/·1880;  总正确率: 100.00%
类型1 正确率： 100.00% -> 1  100.00%, 2    0.00%, 3    0.00%
类型2 正确率： 100.00% -> 1    0.00%, 2  100.00%, 3    0.00%
类型3 正确率： 100.00% -> 1    0.00%, 2    0.00%, 3  100.00%


样本变换：reverse
样本变换：mask
样本变换：shift
样本变换：none
未过滤	未用伪标签：100.00% -> 使用伪标签：100.00%
已过滤	未用伪标签：100.00% -> 使用伪标签：100.00%
排除样本：2000|6000	剩余：2000, 2000
增添样本：0		细则：0, 0, 0类型1 正确率： 100.00% -> 1  100.00%, 2    0.00%, 3    0.00%
类型2 正确率： 100.00% -> 1    0.00%, 2  100.00%, 3    0.00%
类型3 正确率： 100.00% -> 1    0.00%, 2    0.00%, 3  100.00%

被排除样本 正确率：nan%


轮次:··6/·20 || c_Loss:0.376 || e_Loss:-1.001 || Aad_Loss:-23.375 || 耗时：33.75s
轮次:··7/·20 || c_Loss:0.383 || e_Loss:-0.962 || Aad_Loss:-23.484 || 耗时：12.91s
轮次:··8/·20 || c_Loss:0.376 || e_Loss:-1.015 || Aad_Loss:-23.254 || 耗时：12.93s
轮次:··9/·20 || c_Loss:0.375 || e_Loss:-1.008 || Aad_Loss:-23.482 || 耗时：12.90s
轮次:·10/·20 || c_Loss:0.376 || e_Loss:-0.978 || Aad_Loss:-23.405 || 耗时：12.90s
任务: (B3)N15_M07_F04→(B2)N15_M07_F10; mix批次:····0; 批次:··940/·1880;  总正确率: 100.00%
类型1 正确率： 100.00% -> 1  100.00%, 2    0.00%, 3    0.00%
类型2 正确率： 100.00% -> 1    0.00%, 2  100.00%, 3    0.00%
类型3 正确率： 100.00% -> 1    0.00%, 2    0.00%, 3  100.00%


样本变换：reverse
样本变换：mask
样本变换：shift
样本变换：none
未过滤	未用伪标签：100.00% -> 使用伪标签：100.00%
已过滤	未用伪标签：100.00% -> 使用伪标签：100.00%
排除样本：2000|6000	剩余：2000, 2000
增添样本：0		细则：0, 0, 0类型1 正确率： 100.00% -> 1  100.00%, 2    0.00%, 3    0.00%
类型2 正确率： 100.00% -> 1    0.00%, 2  100.00%, 3    0.00%
类型3 正确率： 100.00% -> 1    0.00%, 2    0.00%, 3  100.00%

被排除样本 正确率：nan%


轮次:·11/·20 || c_Loss:0.374 || e_Loss:-1.003 || Aad_Loss:-23.597 || 耗时：33.66s
轮次:·12/·20 || c_Loss:0.379 || e_Loss:-0.969 || Aad_Loss:-23.766 || 耗时：12.86s
轮次:·13/·20 || c_Loss:0.375 || e_Loss:-1.016 || Aad_Loss:-23.436 || 耗时：12.89s
轮次:·14/·20 || c_Loss:0.374 || e_Loss:-1.007 || Aad_Loss:-23.647 || 耗时：12.86s
轮次:·15/·20 || c_Loss:0.375 || e_Loss:-0.980 || Aad_Loss:-23.627 || 耗时：12.89s
任务: (B3)N15_M07_F04→(B2)N15_M07_F10; mix批次:····0; 批次:·1410/·1880;  总正确率: 100.00%
类型1 正确率： 100.00% -> 1  100.00%, 2    0.00%, 3    0.00%
类型2 正确率： 100.00% -> 1    0.00%, 2  100.00%, 3    0.00%
类型3 正确率： 100.00% -> 1    0.00%, 2    0.00%, 3  100.00%


样本变换：reverse
样本变换：mask
样本变换：shift
样本变换：none
未过滤	未用伪标签：100.00% -> 使用伪标签：100.00%
已过滤	未用伪标签：100.00% -> 使用伪标签：100.00%
排除样本：2000|6000	剩余：2000, 2000
增添样本：0		细则：0, 0, 0类型1 正确率： 100.00% -> 1  100.00%, 2    0.00%, 3    0.00%
类型2 正确率： 100.00% -> 1    0.00%, 2  100.00%, 3    0.00%
类型3 正确率： 100.00% -> 1    0.00%, 2    0.00%, 3  100.00%

被排除样本 正确率：nan%


轮次:·16/·20 || c_Loss:0.373 || e_Loss:-1.005 || Aad_Loss:-23.718 || 耗时：33.57s
轮次:·17/·20 || c_Loss:0.377 || e_Loss:-0.973 || Aad_Loss:-23.920 || 耗时：12.91s
轮次:·18/·20 || c_Loss:0.374 || e_Loss:-1.016 || Aad_Loss:-23.541 || 耗时：12.88s
轮次:·19/·20 || c_Loss:0.373 || e_Loss:-1.007 || Aad_Loss:-23.749 || 耗时：12.92s
轮次:·20/·20 || c_Loss:0.374 || e_Loss:-0.980 || Aad_Loss:-23.762 || 耗时：12.92s
任务: (B3)N15_M07_F04→(B2)N15_M07_F10; mix批次:····0; 批次:·1880/·1880;  总正确率: 100.00%
类型1 正确率： 100.00% -> 1  100.00%, 2    0.00%, 3    0.00%
类型2 正确率： 100.00% -> 1    0.00%, 2  100.00%, 3    0.00%
类型3 正确率： 100.00% -> 1    0.00%, 2    0.00%, 3  100.00%


测试集任务: (B3)N15_M07_F04→(B2)N15_M07_F10; 总正确率 = 100.00%
类型1 正确率： 100.00% -> 1  100.00%, 2    0.00%, 3    0.00%
类型2 正确率： 100.00% -> 1    0.00%, 2  100.00%, 3    0.00%
类型3 正确率： 100.00% -> 1    0.00%, 2    0.00%, 3  100.00%


