

现在开始拿源域训练集：(B1)N15_M01_F10 进行训练
源域读取路径：/kaggle/working/hust/H2/sdalr_PU_final_checkpoint/DATA_foldH2/HUST_M1_L3/N15_M01_F10_label.txt
excel输出位置：/kaggle/working/hust/H2/weight_src_HUST_M1_FH2_s2024/NEW_PU/Source-源域
log&pt输出位置：/kaggle/working/hust/H2/weight_src_HUST_M1_FH2_s2024/NEW_PU/Source-源域/log&pt/(B1)N15_M01_F10
特征图片输出位置：/kaggle/working/hust/H2/weight_src_HUST_M1_FH2_s2024/NEW_PU/Picture-特征图/2026年09月19日12时43分/(B1)N15_M01_F10
源域训练开始
轮次:··1/·10 || loss:0.090 || 耗时：9.14s
轮次:··2/·10 || loss:0.001 || 耗时：8.72s
轮次:··3/·10 || loss:0.009 || 耗时：8.92s
轮次:··4/·10 || loss:0.026 || 耗时：9.07s
轮次:··5/·10 || loss:0.001 || 耗时：9.00s
任务: (B1)N15_M01_F10; mix批次:····0; 批次:··330/··660; 总正确率 = 100.00%
类型1 正确率： 100.00% -> 1  100.00%, 2    0.00%, 3    0.00%
类型2 正确率： 100.00% -> 1    0.00%, 2  100.00%, 3    0.00%
类型3 正确率： 100.00% -> 1    0.00%, 2    0.00%, 3  100.00%


轮次:··6/·10 || loss:0.001 || 耗时：8.83s
轮次:··7/·10 || loss:0.032 || 耗时：8.69s
轮次:··8/·10 || loss:0.026 || 耗时：8.65s
轮次:··9/·10 || loss:0.000 || 耗时：8.60s
轮次:·10/·10 || loss:0.000 || 耗时：8.61s
任务: (B1)N15_M01_F10; mix批次:····0; 批次:··660/··660; 总正确率 = 100.00%
类型1 正确率： 100.00% -> 1  100.00%, 2    0.00%, 3    0.00%
类型2 正确率： 100.00% -> 1    0.00%, 2  100.00%, 3    0.00%
类型3 正确率： 100.00% -> 1    0.00%, 2    0.00%, 3  100.00%


测试集任务: (B1)N15_M01_F10; 总正确率 = 100.00%
类型1 正确率： 100.00% -> 1  100.00%, 2    0.00%, 3    0.00%
类型2 正确率： 100.00% -> 1    0.00%, 2  100.00%, 3    0.00%
类型3 正确率： 100.00% -> 1    0.00%, 2    0.00%, 3  100.00%


源域训练结束

训练好之后，测试目标域
目标域路径：/kaggle/working/hust/H2/sdalr_PU_final_checkpoint/DATA_foldH2/HUST_M1_L3/N15_M07_F10_label.txt
测试目标数据集结果如下：
任务: (B1)N15_M01_F10→(B2)N15_M07_F10, 正确率 = 100.00%
类型1 正确率： 100.00% -> 1  100.00%, 2    0.00%, 3    0.00%
类型2 正确率： 100.00% -> 1    0.00%, 2  100.00%, 3    0.00%
类型3 正确率： 100.00% -> 1    0.00%, 2    0.00%, 3  100.00%

目标域路径：/kaggle/working/hust/H2/sdalr_PU_final_checkpoint/DATA_foldH2/HUST_M1_L3/N15_M07_F04_label.txt
测试目标数据集结果如下：
任务: (B1)N15_M01_F10→(B3)N15_M07_F04, 正确率 = 100.00%
类型1 正确率： 100.00% -> 1  100.00%, 2    0.00%, 3    0.00%
类型2 正确率： 100.00% -> 1    0.00%, 2  100.00%, 3    0.00%
类型3 正确率： 100.00% -> 1    0.00%, 2    0.00%, 3  100.00%



现在开始拿源域训练集：(B2)N15_M07_F10 进行训练
源域读取路径：/kaggle/working/hust/H2/sdalr_PU_final_checkpoint/DATA_foldH2/HUST_M1_L3/N15_M07_F10_label.txt
excel输出位置：/kaggle/working/hust/H2/weight_src_HUST_M1_FH2_s2024/NEW_PU/Source-源域
log&pt输出位置：/kaggle/working/hust/H2/weight_src_HUST_M1_FH2_s2024/NEW_PU/Source-源域/log&pt/(B2)N15_M07_F10
特征图片输出位置：/kaggle/working/hust/H2/weight_src_HUST_M1_FH2_s2024/NEW_PU/Picture-特征图/2026年09月19日12时43分/(B2)N15_M07_F10
源域训练开始
轮次:··1/·10 || loss:0.002 || 耗时：8.70s
轮次:··2/·10 || loss:0.021 || 耗时：8.74s
轮次:··3/·10 || loss:0.002 || 耗时：8.81s
轮次:··4/·10 || loss:0.001 || 耗时：8.83s
轮次:··5/·10 || loss:0.001 || 耗时：8.81s
任务: (B2)N15_M07_F10; mix批次:····0; 批次:··330/··660; 总正确率 = 100.00%
类型1 正确率： 100.00% -> 1  100.00%, 2    0.00%, 3    0.00%
类型2 正确率： 100.00% -> 1    0.00%, 2  100.00%, 3    0.00%
类型3 正确率： 100.00% -> 1    0.00%, 2    0.00%, 3  100.00%


轮次:··6/·10 || loss:0.001 || 耗时：8.79s
轮次:··7/·10 || loss:0.001 || 耗时：8.74s
轮次:··8/·10 || loss:0.001 || 耗时：8.70s
轮次:··9/·10 || loss:0.002 || 耗时：8.66s
轮次:·10/·10 || loss:0.000 || 耗时：8.68s
任务: (B2)N15_M07_F10; mix批次:····0; 批次:··660/··660; 总正确率 = 100.00%
类型1 正确率： 100.00% -> 1  100.00%, 2    0.00%, 3    0.00%
类型2 正确率： 100.00% -> 1    0.00%, 2  100.00%, 3    0.00%
类型3 正确率： 100.00% -> 1    0.00%, 2    0.00%, 3  100.00%


测试集任务: (B2)N15_M07_F10; 总正确率 = 100.00%
类型1 正确率： 100.00% -> 1  100.00%, 2    0.00%, 3    0.00%
类型2 正确率： 100.00% -> 1    0.00%, 2  100.00%, 3    0.00%
类型3 正确率： 100.00% -> 1    0.00%, 2    0.00%, 3  100.00%


源域训练结束

训练好之后，测试目标域
目标域路径：/kaggle/working/hust/H2/sdalr_PU_final_checkpoint/DATA_foldH2/HUST_M1_L3/N15_M01_F10_label.txt
测试目标数据集结果如下：
任务: (B2)N15_M07_F10→(B1)N15_M01_F10, 正确率 = 97.43%
类型1 正确率： 100.00% -> 1  100.00%, 2    0.00%, 3    0.00%
类型2 正确率：  93.00% -> 1    4.47%, 2   93.30%, 3    2.23%
类型3 正确率：  99.00% -> 1    0.00%, 2    1.01%, 3   98.99%

目标域路径：/kaggle/working/hust/H2/sdalr_PU_final_checkpoint/DATA_foldH2/HUST_M1_L3/N15_M07_F04_label.txt
测试目标数据集结果如下：
任务: (B2)N15_M07_F10→(B3)N15_M07_F04, 正确率 = 100.00%
类型1 正确率： 100.00% -> 1  100.00%, 2    0.00%, 3    0.00%
类型2 正确率： 100.00% -> 1    0.00%, 2  100.00%, 3    0.00%
类型3 正确率： 100.00% -> 1    0.00%, 2    0.00%, 3  100.00%



现在开始拿源域训练集：(B3)N15_M07_F04 进行训练
源域读取路径：/kaggle/working/hust/H2/sdalr_PU_final_checkpoint/DATA_foldH2/HUST_M1_L3/N15_M07_F04_label.txt
excel输出位置：/kaggle/working/hust/H2/weight_src_HUST_M1_FH2_s2024/NEW_PU/Source-源域
log&pt输出位置：/kaggle/working/hust/H2/weight_src_HUST_M1_FH2_s2024/NEW_PU/Source-源域/log&pt/(B3)N15_M07_F04
特征图片输出位置：/kaggle/working/hust/H2/weight_src_HUST_M1_FH2_s2024/NEW_PU/Picture-特征图/2026年09月19日12时43分/(B3)N15_M07_F04
源域训练开始
轮次:··1/·10 || loss:0.001 || 耗时：8.75s
轮次:··2/·10 || loss:0.001 || 耗时：8.74s
轮次:··3/·10 || loss:0.020 || 耗时：8.79s
轮次:··4/·10 || loss:0.001 || 耗时：8.79s
轮次:··5/·10 || loss:0.002 || 耗时：8.77s
任务: (B3)N15_M07_F04; mix批次:····0; 批次:··330/··660; 总正确率 = 100.00%
类型1 正确率： 100.00% -> 1  100.00%, 2    0.00%, 3    0.00%
类型2 正确率： 100.00% -> 1    0.00%, 2  100.00%, 3    0.00%
类型3 正确率： 100.00% -> 1    0.00%, 2    0.00%, 3  100.00%


轮次:··6/·10 || loss:0.001 || 耗时：8.74s
轮次:··7/·10 || loss:0.000 || 耗时：8.72s
轮次:··8/·10 || loss:0.001 || 耗时：8.69s
轮次:··9/·10 || loss:0.005 || 耗时：8.70s
轮次:·10/·10 || loss:0.000 || 耗时：8.69s
任务: (B3)N15_M07_F04; mix批次:····0; 批次:··660/··660; 总正确率 = 100.00%
类型1 正确率： 100.00% -> 1  100.00%, 2    0.00%, 3    0.00%
类型2 正确率： 100.00% -> 1    0.00%, 2  100.00%, 3    0.00%
类型3 正确率： 100.00% -> 1    0.00%, 2    0.00%, 3  100.00%


测试集任务: (B3)N15_M07_F04; 总正确率 = 100.00%
类型1 正确率： 100.00% -> 1  100.00%, 2    0.00%, 3    0.00%
类型2 正确率： 100.00% -> 1    0.00%, 2  100.00%, 3    0.00%
类型3 正确率： 100.00% -> 1    0.00%, 2    0.00%, 3  100.00%


源域训练结束

训练好之后，测试目标域
目标域路径：/kaggle/working/hust/H2/sdalr_PU_final_checkpoint/DATA_foldH2/HUST_M1_L3/N15_M01_F10_label.txt
测试目标数据集结果如下：
任务: (B3)N15_M07_F04→(B1)N15_M01_F10, 正确率 = 99.13%
类型1 正确率： 100.00% -> 1  100.00%, 2    0.00%, 3    0.00%
类型2 正确率：  98.00% -> 1    0.00%, 2   97.63%, 3    2.37%
类型3 正确率： 100.00% -> 1    0.00%, 2    0.24%, 3   99.76%

目标域路径：/kaggle/working/hust/H2/sdalr_PU_final_checkpoint/DATA_foldH2/HUST_M1_L3/N15_M07_F10_label.txt
测试目标数据集结果如下：
任务: (B3)N15_M07_F04→(B2)N15_M07_F10, 正确率 = 100.00%
类型1 正确率： 100.00% -> 1  100.00%, 2    0.00%, 3    0.00%
类型2 正确率： 100.00% -> 1    0.00%, 2  100.00%, 3    0.00%
类型3 正确率： 100.00% -> 1    0.00%, 2    0.00%, 3  100.00%

