读取源域路径：/kaggle/working/shot_k10/S06/weight_PU_M1_shot_FS06toS06c_s2024/NEW_PU/Source-源域/log&pt/(B1)N15_M01_F10
excel输出位置：/kaggle/working/shot_k10/S06/weight_PU_M1_shot_FS06toS06c_s2024/NEW_PU/Target-目标域
特征图片输出位置：/kaggle/working/shot_k10/S06/weight_PU_M1_shot_FS06toS06c_s2024/NEW_PU/Picture-特征图/2026年09月22日04时51分/(B1)N15_M01_F10
现在选取:(B1)N15_M01_F10 进行训练的源模型
现在进行：(B1)N15_M01_F10→(B3)N15_M07_F04 的迁移任务
log&pt输出位置：/kaggle/working/shot_k10/S06/weight_PU_M1_shot_FS06toS06c_s2024/NEW_PU/Target-目标域/log&pt/(B1)N15_M01_F10→(B3)N15_M07_F04
任务: (B1)N15_M01_F10→(B3)N15_M07_F04; 批次:····0/·1880;  总正确率: 73.43%
类型1 正确率： 100.00% -> 1   99.50%, 2    0.05%, 3    0.45%
类型2 正确率：  71.00% -> 1    0.00%, 2   70.75%, 3   29.25%
类型3 正确率：  50.00% -> 1    0.00%, 2   49.95%, 3   50.05%


SHOT pseudo-labels: model 73.43% -> centroid 73.18%
轮次:··1/·20 || cls:1.230 || im:-0.822 || 耗时：21.74s
SHOT pseudo-labels: model 62.27% -> centroid 63.65%
轮次:··2/·20 || cls:1.061 || im:-0.748 || 耗时：15.98s
SHOT pseudo-labels: model 59.93% -> centroid 67.90%
轮次:··3/·20 || cls:0.802 || im:-0.619 || 耗时：15.80s
SHOT pseudo-labels: model 59.22% -> centroid 68.70%
轮次:··4/·20 || cls:0.787 || im:-0.698 || 耗时：15.67s
SHOT pseudo-labels: model 60.75% -> centroid 60.85%
轮次:··5/·20 || cls:0.782 || im:-0.644 || 耗时：15.70s
SHOT pseudo-labels: model 62.87% -> centroid 60.10%
轮次:··6/·20 || cls:0.623 || im:-0.636 || 耗时：15.76s
SHOT pseudo-labels: model 64.77% -> centroid 74.73%
轮次:··7/·20 || cls:0.679 || im:-0.597 || 耗时：15.86s
SHOT pseudo-labels: model 64.08% -> centroid 60.53%
轮次:··8/·20 || cls:0.713 || im:-0.656 || 耗时：15.79s
SHOT pseudo-labels: model 66.22% -> centroid 61.72%
轮次:··9/·20 || cls:0.603 || im:-0.610 || 耗时：15.78s
SHOT pseudo-labels: model 66.75% -> centroid 59.62%
轮次:·10/·20 || cls:0.742 || im:-0.772 || 耗时：15.77s
SHOT pseudo-labels: model 67.33% -> centroid 59.38%
轮次:·11/·20 || cls:0.718 || im:-0.650 || 耗时：15.72s
SHOT pseudo-labels: model 66.63% -> centroid 60.20%
轮次:·12/·20 || cls:0.668 || im:-0.687 || 耗时：15.73s
SHOT pseudo-labels: model 67.58% -> centroid 59.33%
轮次:·13/·20 || cls:0.845 || im:-0.746 || 耗时：15.70s
SHOT pseudo-labels: model 68.17% -> centroid 58.08%
轮次:·14/·20 || cls:0.696 || im:-0.607 || 耗时：15.74s
SHOT pseudo-labels: model 68.10% -> centroid 58.20%
轮次:·15/·20 || cls:0.804 || im:-0.653 || 耗时：15.73s
SHOT pseudo-labels: model 68.75% -> centroid 58.87%
轮次:·16/·20 || cls:0.842 || im:-0.725 || 耗时：15.71s
SHOT pseudo-labels: model 68.83% -> centroid 58.55%
轮次:·17/·20 || cls:0.846 || im:-0.693 || 耗时：15.72s
SHOT pseudo-labels: model 69.03% -> centroid 58.82%
轮次:·18/·20 || cls:0.849 || im:-0.710 || 耗时：15.79s
SHOT pseudo-labels: model 68.95% -> centroid 58.63%
轮次:·19/·20 || cls:0.841 || im:-0.710 || 耗时：15.79s
SHOT pseudo-labels: model 69.37% -> centroid 58.48%
轮次:·20/·20 || cls:0.501 || im:-0.707 || 耗时：15.71s
测试集任务: (B1)N15_M01_F10→(B3)N15_M07_F04; 总正确率 = 69.13%
类型1 正确率： 100.00% -> 1   99.50%, 2    0.15%, 3    0.35%
类型2 正确率：  51.00% -> 1    0.00%, 2   50.65%, 3   49.35%
类型3 正确率：  57.00% -> 1    0.00%, 2   42.75%, 3   57.25%


