读取源域路径：/kaggle/working/shot_k10/S06/weight_PU_M1_shot_FS06toS06c_s2024/NEW_PU/Source-源域/log&pt/(B1)N15_M01_F10
excel输出位置：/kaggle/working/shot_k10/S06/weight_PU_M1_shot_FS06toS06c_s2024/NEW_PU/Target-目标域
特征图片输出位置：/kaggle/working/shot_k10/S06/weight_PU_M1_shot_FS06toS06c_s2024/NEW_PU/Picture-特征图/2026年09月22日04时45分/(B1)N15_M01_F10
现在选取:(B1)N15_M01_F10 进行训练的源模型
现在进行：(B1)N15_M01_F10→(B2)N15_M07_F10 的迁移任务
log&pt输出位置：/kaggle/working/shot_k10/S06/weight_PU_M1_shot_FS06toS06c_s2024/NEW_PU/Target-目标域/log&pt/(B1)N15_M01_F10→(B2)N15_M07_F10
任务: (B1)N15_M01_F10→(B2)N15_M07_F10; 批次:····0/·1880;  总正确率: 73.50%
类型1 正确率：  96.00% -> 1   96.30%, 2    0.05%, 3    3.65%
类型2 正确率：  74.00% -> 1    0.00%, 2   74.10%, 3   25.90%
类型3 正确率：  50.00% -> 1    0.00%, 2   49.90%, 3   50.10%


SHOT pseudo-labels: model 73.50% -> centroid 72.58%
轮次:··1/·20 || cls:1.054 || im:-0.866 || 耗时：22.10s
SHOT pseudo-labels: model 81.58% -> centroid 81.57%
轮次:··2/·20 || cls:1.136 || im:-0.739 || 耗时：16.63s
SHOT pseudo-labels: model 72.03% -> centroid 75.62%
轮次:··3/·20 || cls:0.866 || im:-0.645 || 耗时：16.01s
SHOT pseudo-labels: model 69.87% -> centroid 74.55%
轮次:··4/·20 || cls:0.782 || im:-0.656 || 耗时：15.59s
SHOT pseudo-labels: model 69.15% -> centroid 67.25%
轮次:··5/·20 || cls:0.592 || im:-0.538 || 耗时：15.48s
SHOT pseudo-labels: model 69.52% -> centroid 65.70%
轮次:··6/·20 || cls:0.750 || im:-0.590 || 耗时：15.64s
SHOT pseudo-labels: model 69.43% -> centroid 60.77%
轮次:··7/·20 || cls:0.554 || im:-0.473 || 耗时：15.86s
SHOT pseudo-labels: model 68.28% -> centroid 60.10%
轮次:··8/·20 || cls:0.847 || im:-0.625 || 耗时：15.91s
SHOT pseudo-labels: model 69.63% -> centroid 59.52%
轮次:··9/·20 || cls:0.618 || im:-0.602 || 耗时：15.81s
SHOT pseudo-labels: model 70.28% -> centroid 60.68%
轮次:·10/·20 || cls:0.596 || im:-0.695 || 耗时：15.69s
SHOT pseudo-labels: model 70.37% -> centroid 60.18%
轮次:·11/·20 || cls:0.761 || im:-0.594 || 耗时：15.71s
SHOT pseudo-labels: model 68.93% -> centroid 59.48%
轮次:·12/·20 || cls:0.823 || im:-0.652 || 耗时：15.74s
SHOT pseudo-labels: model 69.35% -> centroid 60.00%
轮次:·13/·20 || cls:0.663 || im:-0.639 || 耗时：15.78s
SHOT pseudo-labels: model 70.73% -> centroid 59.15%
轮次:·14/·20 || cls:0.802 || im:-0.630 || 耗时：15.83s
SHOT pseudo-labels: model 69.58% -> centroid 58.73%
轮次:·15/·20 || cls:0.594 || im:-0.625 || 耗时：15.82s
SHOT pseudo-labels: model 70.38% -> centroid 59.47%
轮次:·16/·20 || cls:0.618 || im:-0.678 || 耗时：15.80s
SHOT pseudo-labels: model 72.05% -> centroid 59.20%
轮次:·17/·20 || cls:0.851 || im:-0.673 || 耗时：15.82s
SHOT pseudo-labels: model 71.15% -> centroid 58.92%
轮次:·18/·20 || cls:0.635 || im:-0.568 || 耗时：15.81s
SHOT pseudo-labels: model 72.22% -> centroid 59.02%
轮次:·19/·20 || cls:0.885 || im:-0.702 || 耗时：15.77s
SHOT pseudo-labels: model 71.53% -> centroid 59.37%
轮次:·20/·20 || cls:0.561 || im:-0.712 || 耗时：15.78s
测试集任务: (B1)N15_M01_F10→(B2)N15_M07_F10; 总正确率 = 70.62%
类型1 正确率：  98.00% -> 1   98.20%, 2    0.15%, 3    1.65%
类型2 正确率：  56.00% -> 1    0.00%, 2   55.55%, 3   44.45%
类型3 正确率：  58.00% -> 1    0.30%, 2   41.60%, 3   58.10%


