读取源域路径：/kaggle/working/m2rep/reps1/weight_PU_M1_final_checkpoint_FAtoB_gatepcv_s1/NEW_PU/Source-源域/log&pt/(B3)N15_M07_F04
excel输出位置：/kaggle/working/m2rep/reps1/weight_PU_M1_final_checkpoint_FAtoB_gatepcv_s1/NEW_PU/Target-目标域
特征图片输出位置：/kaggle/working/m2rep/reps1/weight_PU_M1_final_checkpoint_FAtoB_gatepcv_s1/NEW_PU/Picture-特征图/2026年09月15日17时03分/(B3)N15_M07_F04
现在选取:(B3)N15_M07_F04 进行训练的源模型
现在进行：(B3)N15_M07_F04→(B2)N15_M07_F10 的迁移任务
log&pt输出位置：/kaggle/working/m2rep/reps1/weight_PU_M1_final_checkpoint_FAtoB_gatepcv_s1/NEW_PU/Target-目标域/log&pt/(B3)N15_M07_F04→(B2)N15_M07_F10
任务: (B3)N15_M07_F04→(B2)N15_M07_F10; 批次:····0/·1880;  总正确率: 48.17%
类型1 正确率：  41.00% -> 1   41.05%, 2   58.45%, 3    0.50%
类型2 正确率：  54.00% -> 1    0.00%, 2   54.30%, 3   45.70%
类型3 正确率：  49.00% -> 1    0.00%, 2   50.85%, 3   49.15%


样本变换：reverse
样本变换：mask
样本变换：shift
样本变换：none
未过滤	未用伪标签：48.17% -> 使用伪标签：40.25%
已过滤	未用伪标签：47.47% -> 使用伪标签：41.15%
排除样本：131|6000	剩余：662, 3089, 2118
增添样本：3843		细则：2427, 0, 1416	正确率估算：89.89%
类型1 正确率：  33.00% -> 1   33.30%, 2   66.70%, 3    0.00%
类型2 正确率：  40.00% -> 1    0.00%, 2   40.35%, 3   59.65%
类型3 正确率：  50.00% -> 1    0.00%, 2   50.25%, 3   49.75%

被排除样本 正确率：79.39%
类型1 正确率：  83.00% -> 1   83.33%, 2   16.67%, 3    0.00%
类型2 正确率：  83.00% -> 1    0.00%, 2   83.49%, 3   16.51%
类型3 正确率：  30.00% -> 1    0.00%, 2   70.00%, 3   30.00%


轮次:··1/·20 || c_Loss:0.595 || e_Loss:-1.617 || Aad_Loss:-22.093 || 耗时：34.45s
轮次:··2/·20 || c_Loss:0.451 || e_Loss:-1.665 || Aad_Loss:-23.675 || 耗时：12.84s
轮次:··3/·20 || c_Loss:0.445 || e_Loss:-1.636 || Aad_Loss:-25.344 || 耗时：12.75s
轮次:··4/·20 || c_Loss:0.376 || e_Loss:-1.462 || Aad_Loss:-29.423 || 耗时：12.81s
轮次:··5/·20 || c_Loss:0.413 || e_Loss:-1.511 || Aad_Loss:-25.322 || 耗时：12.71s
任务: (B3)N15_M07_F04→(B2)N15_M07_F10; mix批次:····0; 批次:··470/·1880;  总正确率: 43.22%
类型1 正确率：  33.00% -> 1   33.00%, 2   67.00%, 3    0.00%
类型2 正确率：  47.00% -> 1    0.60%, 2   46.80%, 3   52.60%
类型3 正确率：  50.00% -> 1    0.00%, 2   50.15%, 3   49.85%


样本变换：reverse
样本变换：mask
样本变换：shift
样本变换：none
未过滤	未用伪标签：43.22% -> 使用伪标签：41.62%
已过滤	未用伪标签：42.93% -> 使用伪标签：42.32%
排除样本：100|6000	剩余：664, 3181, 2055
增添样本：3798		细则：2521, 0, 1277	正确率估算：98.81%
类型1 正确率：  33.00% -> 1   33.00%, 2   67.00%, 3    0.00%
类型2 正确率：  44.00% -> 1    0.21%, 2   44.16%, 3   55.63%
类型3 正确率：  50.00% -> 1    0.00%, 2   50.10%, 3   49.90%

被排除样本 正确率：60.00%
类型1 没有样本或未被分类。
类型2 正确率：  60.00% -> 1    2.00%, 2   60.00%, 3   38.00%
类型3 没有样本或未被分类。


轮次:··6/·20 || c_Loss:0.364 || e_Loss:-1.742 || Aad_Loss:-29.825 || 耗时：34.17s
轮次:··7/·20 || c_Loss:0.385 || e_Loss:-1.548 || Aad_Loss:-28.850 || 耗时：12.83s
轮次:··8/·20 || c_Loss:0.347 || e_Loss:-1.761 || Aad_Loss:-29.280 || 耗时：12.82s
轮次:··9/·20 || c_Loss:0.353 || e_Loss:-1.695 || Aad_Loss:-33.098 || 耗时：12.85s
轮次:·10/·20 || c_Loss:0.357 || e_Loss:-1.670 || Aad_Loss:-29.180 || 耗时：12.88s
任务: (B3)N15_M07_F04→(B2)N15_M07_F10; mix批次:····0; 批次:··940/·1880;  总正确率: 47.37%
类型1 正确率：  33.00% -> 1   33.00%, 2   67.00%, 3    0.00%
类型2 正确率：  59.00% -> 1    0.00%, 2   59.25%, 3   40.75%
类型3 正确率：  50.00% -> 1    0.00%, 2   50.15%, 3   49.85%


样本变换：reverse
样本变换：mask
样本变换：shift
样本变换：none
未过滤	未用伪标签：47.37% -> 使用伪标签：46.98%
已过滤	未用伪标签：47.41% -> 使用伪标签：47.43%
排除样本：56|6000	剩余：660, 3503, 1781
增添样本：4568		细则：2843, 0, 1725	正确率估算：98.95%
类型1 正确率：  33.00% -> 1   33.00%, 2   67.00%, 3    0.00%
类型2 正确率：  60.00% -> 1    0.00%, 2   59.72%, 3   40.28%
类型3 正确率：  50.00% -> 1    0.00%, 2   50.10%, 3   49.90%

被排除样本 正确率：42.86%
类型1 正确率：  43.00% -> 1   42.86%, 2   57.14%
类型2 没有样本或未被分类。


轮次:·11/·20 || c_Loss:0.362 || e_Loss:-0.837 || Aad_Loss:-32.015 || 耗时：34.60s
轮次:·12/·20 || c_Loss:0.360 || e_Loss:-1.784 || Aad_Loss:-33.481 || 耗时：12.84s
轮次:·13/·20 || c_Loss:0.376 || e_Loss:-0.827 || Aad_Loss:-33.710 || 耗时：12.81s
轮次:·14/·20 || c_Loss:0.411 || e_Loss:-0.702 || Aad_Loss:-35.738 || 耗时：12.84s
轮次:·15/·20 || c_Loss:0.389 || e_Loss:-1.677 || Aad_Loss:-33.248 || 耗时：12.91s
任务: (B3)N15_M07_F04→(B2)N15_M07_F10; mix批次:····0; 批次:·1410/·1880;  总正确率: 47.03%
类型1 正确率：  33.00% -> 1   33.00%, 2   67.00%, 3    0.00%
类型2 正确率：  58.00% -> 1    0.00%, 2   58.20%, 3   41.80%
类型3 正确率：  50.00% -> 1    0.00%, 2   50.10%, 3   49.90%


样本变换：reverse
样本变换：mask
样本变换：shift
样本变换：none
未过滤	未用伪标签：47.03% -> 使用伪标签：46.10%
已过滤	未用伪标签：46.76% -> 使用伪标签：46.51%
排除样本：53|6000	剩余：660, 3450, 1837
增添样本：4405		细则：2790, 0, 1615	正确率估算：99.21%
类型1 正确率：  33.00% -> 1   33.00%, 2   67.00%, 3    0.00%
类型2 正确率：  57.00% -> 1    0.00%, 2   56.91%, 3   43.09%
类型3 正确率：  50.00% -> 1    0.00%, 2   50.10%, 3   49.90%

被排除样本 正确率：77.36%
类型1 正确率：  77.00% -> 1   77.36%, 2   22.64%
类型2 没有样本或未被分类。


轮次:·16/·20 || c_Loss:0.388 || e_Loss:-0.859 || Aad_Loss:-31.188 || 耗时：34.75s
轮次:·17/·20 || c_Loss:0.397 || e_Loss:-0.767 || Aad_Loss:-34.833 || 耗时：12.78s
轮次:·18/·20 || c_Loss:0.380 || e_Loss:-0.855 || Aad_Loss:-34.492 || 耗时：12.73s
轮次:·19/·20 || c_Loss:0.466 || e_Loss:-0.789 || Aad_Loss:-29.993 || 耗时：12.81s
轮次:·20/·20 || c_Loss:0.392 || e_Loss:-1.846 || Aad_Loss:-34.480 || 耗时：12.70s
任务: (B3)N15_M07_F04→(B2)N15_M07_F10; mix批次:····0; 批次:·1880/·1880;  总正确率: 46.27%
类型1 正确率：  33.00% -> 1   33.00%, 2   67.00%, 3    0.00%
类型2 正确率：  56.00% -> 1    0.00%, 2   55.90%, 3   44.10%
类型3 正确率：  50.00% -> 1    0.00%, 2   50.10%, 3   49.90%


测试集任务: (B3)N15_M07_F04→(B2)N15_M07_F10; 总正确率 = 46.27%
类型1 正确率：  33.00% -> 1   33.00%, 2   67.00%, 3    0.00%
类型2 正确率：  56.00% -> 1    0.00%, 2   55.90%, 3   44.10%
类型3 正确率：  50.00% -> 1    0.00%, 2   50.10%, 3   49.90%


