读取源域路径：/kaggle/working/m2rep/reps1/weight_PU_M1_final_checkpoint_FAtoB_gatepcv_s1/NEW_PU/Source-源域/log&pt/(B1)N15_M01_F10
excel输出位置：/kaggle/working/m2rep/reps1/weight_PU_M1_final_checkpoint_FAtoB_gatepcv_s1/NEW_PU/Target-目标域
特征图片输出位置：/kaggle/working/m2rep/reps1/weight_PU_M1_final_checkpoint_FAtoB_gatepcv_s1/NEW_PU/Picture-特征图/2026年09月15日16时39分/(B1)N15_M01_F10
现在选取:(B1)N15_M01_F10 进行训练的源模型
现在进行：(B1)N15_M01_F10→(B3)N15_M07_F04 的迁移任务
log&pt输出位置：/kaggle/working/m2rep/reps1/weight_PU_M1_final_checkpoint_FAtoB_gatepcv_s1/NEW_PU/Target-目标域/log&pt/(B1)N15_M01_F10→(B3)N15_M07_F04
任务: (B1)N15_M01_F10→(B3)N15_M07_F04; 批次:····0/·1880;  总正确率: 67.95%
类型1 正确率：  65.00% -> 1   64.75%, 2   29.90%, 3    5.35%
类型2 正确率：  80.00% -> 1    0.00%, 2   79.90%, 3   20.10%
类型3 正确率：  59.00% -> 1    0.30%, 2   40.50%, 3   59.20%


样本变换：reverse
样本变换：mask
样本变换：shift
样本变换：none
未过滤	未用伪标签：67.95% -> 使用伪标签：77.60%
已过滤	未用伪标签：67.84% -> 使用伪标签：79.56%
排除样本：148|6000	剩余：1986, 2357, 1509
增添样本：1269		细则：358, 0, 911	正确率估算：87.08%
类型1 正确率： 100.00% -> 1   99.85%, 2    0.05%, 3    0.10%
类型2 正确率：  80.00% -> 1    0.00%, 2   79.72%, 3   20.28%
类型3 正确率：  58.00% -> 1    0.05%, 2   41.71%, 3   58.24%

被排除样本 正确率：72.30%
类型1 正确率：   0.00% -> 1    0.00%, 2   33.33%, 3   66.67%
类型2 正确率：  60.00% -> 1    0.00%, 2   59.52%, 3   40.48%
类型3 正确率：  87.00% -> 1    6.38%, 2    6.38%, 3   87.23%


轮次:··1/·20 || c_Loss:0.646 || e_Loss:-1.804 || Aad_Loss:-28.043 || 耗时：34.01s
轮次:··2/·20 || c_Loss:0.453 || e_Loss:-0.926 || Aad_Loss:-25.242 || 耗时：12.97s
轮次:··3/·20 || c_Loss:0.384 || e_Loss:-0.829 || Aad_Loss:-27.944 || 耗时：12.91s
轮次:··4/·20 || c_Loss:0.363 || e_Loss:-1.709 || Aad_Loss:-27.830 || 耗时：12.81s
轮次:··5/·20 || c_Loss:0.452 || e_Loss:-1.690 || Aad_Loss:-23.305 || 耗时：12.77s
任务: (B1)N15_M01_F10→(B3)N15_M07_F04; mix批次:····0; 批次:··470/·1880;  总正确率: 80.62%
类型1 正确率： 100.00% -> 1  100.00%, 2    0.00%, 3    0.00%
类型2 正确率：  85.00% -> 1    0.00%, 2   84.75%, 3   15.25%
类型3 正确率：  57.00% -> 1    0.00%, 2   42.90%, 3   57.10%


样本变换：reverse
样本变换：mask
样本变换：shift
样本变换：none
未过滤	未用伪标签：80.62% -> 使用伪标签：80.15%
已过滤	未用伪标签：80.76% -> 使用伪标签：80.67%
排除样本：39|6000	剩余：2000, 2530, 1431
增添样本：1646		细则：504, 0, 1142	正确率估算：99.21%
类型1 正确率： 100.00% -> 1  100.00%, 2    0.00%, 3    0.00%
类型2 正确率：  85.00% -> 1    0.00%, 2   84.80%, 3   15.20%
类型3 正确率：  57.00% -> 1    0.00%, 2   42.96%, 3   57.04%

被排除样本 正确率：58.97%
类型1 正确率：  70.00% -> 1   70.00%, 2   30.00%
类型2 正确率：  47.00% -> 1   52.63%, 2   47.37%


轮次:··6/·20 || c_Loss:0.353 || e_Loss:-1.583 || Aad_Loss:-27.143 || 耗时：34.12s
轮次:··7/·20 || c_Loss:0.373 || e_Loss:-0.839 || Aad_Loss:-28.089 || 耗时：12.83s
轮次:··8/·20 || c_Loss:0.404 || e_Loss:-1.674 || Aad_Loss:-26.765 || 耗时：12.86s
轮次:··9/·20 || c_Loss:0.357 || e_Loss:-0.843 || Aad_Loss:-28.990 || 耗时：12.83s
轮次:·10/·20 || c_Loss:0.339 || e_Loss:-1.768 || Aad_Loss:-28.739 || 耗时：12.88s
任务: (B1)N15_M01_F10→(B3)N15_M07_F04; mix批次:····0; 批次:··940/·1880;  总正确率: 81.42%
类型1 正确率： 100.00% -> 1  100.00%, 2    0.00%, 3    0.00%
类型2 正确率：  86.00% -> 1    0.00%, 2   86.40%, 3   13.60%
类型3 正确率：  58.00% -> 1    0.00%, 2   42.15%, 3   57.85%


样本变换：reverse
样本变换：mask
样本变换：shift
样本变换：none
未过滤	未用伪标签：81.42% -> 使用伪标签：80.88%
已过滤	未用伪标签：81.51% -> 使用伪标签：81.19%
排除样本：23|6000	剩余：2000, 2531, 1446
增添样本：1643		细则：510, 0, 1133	正确率估算：98.97%
类型1 正确率： 100.00% -> 1  100.00%, 2    0.00%, 3    0.00%
类型2 正确率：  85.00% -> 1    0.00%, 2   85.44%, 3   14.56%
类型3 正确率：  58.00% -> 1    0.00%, 2   41.92%, 3   58.08%

被排除样本 正确率：56.52%
类型1 正确率：  73.00% -> 1   73.33%, 2   26.67%
类型2 正确率：  25.00% -> 1   75.00%, 2   25.00%


轮次:·11/·20 || c_Loss:0.335 || e_Loss:-1.130 || Aad_Loss:-31.360 || 耗时：34.07s
轮次:·12/·20 || c_Loss:0.378 || e_Loss:-0.864 || Aad_Loss:-29.064 || 耗时：12.78s
轮次:·13/·20 || c_Loss:0.352 || e_Loss:-1.742 || Aad_Loss:-28.804 || 耗时：12.78s
轮次:·14/·20 || c_Loss:0.365 || e_Loss:-1.568 || Aad_Loss:-31.442 || 耗时：12.79s
轮次:·15/·20 || c_Loss:0.360 || e_Loss:-0.785 || Aad_Loss:-33.041 || 耗时：12.84s
任务: (B1)N15_M01_F10→(B3)N15_M07_F04; mix批次:····0; 批次:·1410/·1880;  总正确率: 81.75%
类型1 正确率： 100.00% -> 1  100.00%, 2    0.00%, 3    0.00%
类型2 正确率：  87.00% -> 1    0.00%, 2   87.10%, 3   12.90%
类型3 正确率：  58.00% -> 1    0.00%, 2   41.85%, 3   58.15%


样本变换：reverse
样本变换：mask
样本变换：shift
样本变换：none
未过滤	未用伪标签：81.75% -> 使用伪标签：81.18%
已过滤	未用伪标签：81.79% -> 使用伪标签：81.47%
排除样本：21|6000	剩余：2000, 2531, 1448
增添样本：1643		细则：512, 0, 1131	正确率估算：98.84%
类型1 正确率： 100.00% -> 1  100.00%, 2    0.00%, 3    0.00%
类型2 正确率：  86.00% -> 1    0.00%, 2   85.81%, 3   14.19%
类型3 正确率：  59.00% -> 1    0.00%, 2   41.47%, 3   58.53%

被排除样本 正确率：71.43%
类型1 正确率： 100.00% -> 1  100.00%, 2    0.00%
类型2 正确率：  25.00% -> 1   75.00%, 2   25.00%


轮次:·16/·20 || c_Loss:0.336 || e_Loss:-0.874 || Aad_Loss:-31.865 || 耗时：34.03s
轮次:·17/·20 || c_Loss:0.368 || e_Loss:-0.869 || Aad_Loss:-29.508 || 耗时：12.78s
轮次:·18/·20 || c_Loss:0.345 || e_Loss:-1.683 || Aad_Loss:-29.321 || 耗时：12.78s
轮次:·19/·20 || c_Loss:0.370 || e_Loss:-0.817 || Aad_Loss:-31.711 || 耗时：12.81s
轮次:·20/·20 || c_Loss:0.359 || e_Loss:-0.780 || Aad_Loss:-33.485 || 耗时：12.86s
任务: (B1)N15_M01_F10→(B3)N15_M07_F04; mix批次:····0; 批次:·1880/·1880;  总正确率: 82.02%
类型1 正确率： 100.00% -> 1  100.00%, 2    0.00%, 3    0.00%
类型2 正确率：  88.00% -> 1    0.00%, 2   87.50%, 3   12.50%
类型3 正确率：  59.00% -> 1    0.00%, 2   41.45%, 3   58.55%


测试集任务: (B1)N15_M01_F10→(B3)N15_M07_F04; 总正确率 = 82.02%
类型1 正确率： 100.00% -> 1  100.00%, 2    0.00%, 3    0.00%
类型2 正确率：  88.00% -> 1    0.00%, 2   87.50%, 3   12.50%
类型3 正确率：  59.00% -> 1    0.00%, 2   41.45%, 3   58.55%


