读取源域路径：/kaggle/working/m2rep/reps1/weight_PU_M1_final_checkpoint_FAtoB_gatepcv_s1/NEW_PU/Source-源域/log&pt/(B2)N15_M07_F10
excel输出位置：/kaggle/working/m2rep/reps1/weight_PU_M1_final_checkpoint_FAtoB_gatepcv_s1/NEW_PU/Target-目标域
特征图片输出位置：/kaggle/working/m2rep/reps1/weight_PU_M1_final_checkpoint_FAtoB_gatepcv_s1/NEW_PU/Picture-特征图/2026年09月15日16时51分/(B2)N15_M07_F10
现在选取:(B2)N15_M07_F10 进行训练的源模型
现在进行：(B2)N15_M07_F10→(B3)N15_M07_F04 的迁移任务
log&pt输出位置：/kaggle/working/m2rep/reps1/weight_PU_M1_final_checkpoint_FAtoB_gatepcv_s1/NEW_PU/Target-目标域/log&pt/(B2)N15_M07_F10→(B3)N15_M07_F04
任务: (B2)N15_M07_F10→(B3)N15_M07_F04; 批次:····0/·1880;  总正确率: 63.88%
类型1 正确率：  78.00% -> 1   78.10%, 2   21.90%, 3    0.00%
类型2 正确率：  64.00% -> 1    0.00%, 2   63.85%, 3   36.15%
类型3 正确率：  50.00% -> 1    7.90%, 2   42.40%, 3   49.70%


样本变换：reverse
样本变换：mask
样本变换：shift
样本变换：none
未过滤	未用伪标签：63.88% -> 使用伪标签：60.28%
已过滤	未用伪标签：63.55% -> 使用伪标签：61.87%
排除样本：154|6000	剩余：2163, 1449, 2234
增添样本：776		细则：36, 740, 0	正确率估算：96.65%
类型1 正确率： 100.00% -> 1   99.85%, 2    0.15%, 3    0.00%
类型2 正确率：  34.00% -> 1    0.00%, 2   33.76%, 3   66.24%
类型3 正确率：  50.00% -> 1    8.79%, 2   41.01%, 3   50.20%

被排除样本 正确率：76.62%
类型1 正确率：   0.00% -> 1    0.00%, 2  100.00%, 3    0.00%
类型2 正确率：  86.00% -> 1    0.00%, 2   86.13%, 3   13.87%
类型3 正确率：   0.00% -> 1    0.00%, 2  100.00%, 3    0.00%


轮次:··1/·20 || c_Loss:0.552 || e_Loss:-1.023 || Aad_Loss:-27.527 || 耗时：33.72s
轮次:··2/·20 || c_Loss:0.427 || e_Loss:-1.614 || Aad_Loss:-24.639 || 耗时：12.95s
轮次:··3/·20 || c_Loss:0.389 || e_Loss:-1.539 || Aad_Loss:-22.587 || 耗时：12.89s
轮次:··4/·20 || c_Loss:0.429 || e_Loss:-1.637 || Aad_Loss:-22.664 || 耗时：12.80s
轮次:··5/·20 || c_Loss:0.414 || e_Loss:-1.391 || Aad_Loss:-23.051 || 耗时：12.78s
任务: (B2)N15_M07_F10→(B3)N15_M07_F04; mix批次:····0; 批次:··470/·1880;  总正确率: 63.53%
类型1 正确率： 100.00% -> 1  100.00%, 2    0.00%, 3    0.00%
类型2 正确率：  41.00% -> 1    0.00%, 2   40.60%, 3   59.40%
类型3 正确率：  50.00% -> 1    7.45%, 2   42.55%, 3   50.00%


样本变换：reverse
样本变换：mask
样本变换：shift
样本变换：none
未过滤	未用伪标签：63.53% -> 使用伪标签：60.23%
已过滤	未用伪标签：63.31% -> 使用伪标签：61.05%
排除样本：80|6000	剩余：2186, 1417, 2317
增添样本：953		细则：100, 853, 0	正确率估算：99.37%
类型1 正确率： 100.00% -> 1  100.00%, 2    0.00%, 3    0.00%
类型2 正确率：  32.00% -> 1    0.00%, 2   31.80%, 3   68.20%
类型3 正确率：  50.00% -> 1    9.35%, 2   40.37%, 3   50.28%

被排除样本 正确率：80.00%
类型1 正确率：  93.00% -> 1   92.75%, 2    7.25%
类型2 正确率：   0.00% -> 1  100.00%, 2    0.00%


轮次:··6/·20 || c_Loss:0.367 || e_Loss:-1.639 || Aad_Loss:-28.280 || 耗时：33.62s
轮次:··7/·20 || c_Loss:0.382 || e_Loss:-1.631 || Aad_Loss:-25.609 || 耗时：12.81s
轮次:··8/·20 || c_Loss:0.362 || e_Loss:-0.817 || Aad_Loss:-27.791 || 耗时：12.87s
轮次:··9/·20 || c_Loss:0.362 || e_Loss:-1.486 || Aad_Loss:-28.030 || 耗时：12.90s
轮次:·10/·20 || c_Loss:0.369 || e_Loss:-1.559 || Aad_Loss:-27.493 || 耗时：12.85s
任务: (B2)N15_M07_F10→(B3)N15_M07_F04; mix批次:····0; 批次:··940/·1880;  总正确率: 61.45%
类型1 正确率： 100.00% -> 1  100.00%, 2    0.00%, 3    0.00%
类型2 正确率：  34.00% -> 1    0.00%, 2   34.35%, 3   65.65%
类型3 正确率：  50.00% -> 1    8.70%, 2   41.30%, 3   50.00%


样本变换：reverse
样本变换：mask
样本变换：shift
样本变换：none
未过滤	未用伪标签：61.45% -> 使用伪标签：60.45%
已过滤	未用伪标签：61.40% -> 使用伪标签：61.05%
排除样本：59|6000	剩余：2212, 1411, 2318
增添样本：961		细则：92, 869, 0	正确率估算：99.17%
类型1 正确率： 100.00% -> 1  100.00%, 2    0.00%, 3    0.00%
类型2 正确率：  32.00% -> 1    0.00%, 2   32.24%, 3   67.76%
类型3 正确率：  50.00% -> 1   10.62%, 2   39.28%, 3   50.10%

被排除样本 正确率：66.10%
类型1 正确率：  71.00% -> 1   70.91%, 2   29.09%
类型2 正确率：   0.00% -> 1  100.00%, 2    0.00%


轮次:·11/·20 || c_Loss:0.389 || e_Loss:-0.810 || Aad_Loss:-29.546 || 耗时：33.72s
轮次:·12/·20 || c_Loss:0.339 || e_Loss:-1.128 || Aad_Loss:-27.186 || 耗时：12.79s
轮次:·13/·20 || c_Loss:0.359 || e_Loss:-1.577 || Aad_Loss:-27.283 || 耗时：12.82s
轮次:·14/·20 || c_Loss:0.359 || e_Loss:-1.578 || Aad_Loss:-28.130 || 耗时：12.82s
轮次:·15/·20 || c_Loss:0.366 || e_Loss:-1.674 || Aad_Loss:-27.390 || 耗时：12.84s
任务: (B2)N15_M07_F10→(B3)N15_M07_F04; mix批次:····0; 批次:·1410/·1880;  总正确率: 62.43%
类型1 正确率： 100.00% -> 1  100.00%, 2    0.00%, 3    0.00%
类型2 正确率：  37.00% -> 1    0.00%, 2   37.30%, 3   62.70%
类型3 正确率：  50.00% -> 1    8.20%, 2   41.80%, 3   50.00%


样本变换：reverse
样本变换：mask
样本变换：shift
样本变换：none
未过滤	未用伪标签：62.43% -> 使用伪标签：61.35%
已过滤	未用伪标签：62.46% -> 使用伪标签：61.89%
排除样本：52|6000	剩余：2202, 1472, 2274
增添样本：823		细则：57, 766, 0	正确率估算：99.64%
类型1 正确率： 100.00% -> 1  100.00%, 2    0.00%, 3    0.00%
类型2 正确率：  35.00% -> 1    0.00%, 2   34.83%, 3   65.17%
类型3 正确率：  50.00% -> 1   10.14%, 2   39.69%, 3   50.18%

被排除样本 正确率：59.62%
类型1 正确率：  69.00% -> 1   68.89%, 2   31.11%
类型2 正确率：   0.00% -> 1  100.00%, 2    0.00%


轮次:·16/·20 || c_Loss:0.352 || e_Loss:-1.576 || Aad_Loss:-29.825 || 耗时：33.75s
轮次:·17/·20 || c_Loss:0.356 || e_Loss:-0.854 || Aad_Loss:-30.541 || 耗时：12.79s
轮次:·18/·20 || c_Loss:0.360 || e_Loss:-1.642 || Aad_Loss:-27.153 || 耗时：12.77s
轮次:·19/·20 || c_Loss:0.354 || e_Loss:-1.638 || Aad_Loss:-27.798 || 耗时：12.78s
轮次:·20/·20 || c_Loss:0.342 || e_Loss:-0.855 || Aad_Loss:-28.766 || 耗时：12.80s
任务: (B2)N15_M07_F10→(B3)N15_M07_F04; mix批次:····0; 批次:·1880/·1880;  总正确率: 63.33%
类型1 正确率： 100.00% -> 1  100.00%, 2    0.00%, 3    0.00%
类型2 正确率：  40.00% -> 1    0.00%, 2   40.00%, 3   60.00%
类型3 正确率：  50.00% -> 1    9.00%, 2   41.00%, 3   50.00%


测试集任务: (B2)N15_M07_F10→(B3)N15_M07_F04; 总正确率 = 63.33%
类型1 正确率： 100.00% -> 1  100.00%, 2    0.00%, 3    0.00%
类型2 正确率：  40.00% -> 1    0.00%, 2   40.00%, 3   60.00%
类型3 正确率：  50.00% -> 1    9.00%, 2   41.00%, 3   50.00%


