读取源域路径：/kaggle/working/m2rep/reps1/weight_PU_M1_final_checkpoint_FAtoB_gatepcv_s1/NEW_PU/Source-源域/log&pt/(B1)N15_M01_F10
excel输出位置：/kaggle/working/m2rep/reps1/weight_PU_M1_final_checkpoint_FAtoB_gatepcv_s1/NEW_PU/Target-目标域
特征图片输出位置：/kaggle/working/m2rep/reps1/weight_PU_M1_final_checkpoint_FAtoB_gatepcv_s1/NEW_PU/Picture-特征图/2026年09月15日16时33分/(B1)N15_M01_F10
现在选取:(B1)N15_M01_F10 进行训练的源模型
现在进行：(B1)N15_M01_F10→(B2)N15_M07_F10 的迁移任务
log&pt输出位置：/kaggle/working/m2rep/reps1/weight_PU_M1_final_checkpoint_FAtoB_gatepcv_s1/NEW_PU/Target-目标域/log&pt/(B1)N15_M01_F10→(B2)N15_M07_F10
任务: (B1)N15_M01_F10→(B2)N15_M07_F10; 批次:····0/·1880;  总正确率: 62.93%
类型1 正确率：  55.00% -> 1   54.95%, 2   41.15%, 3    3.90%
类型2 正确率：  84.00% -> 1    0.00%, 2   84.05%, 3   15.95%
类型3 正确率：  50.00% -> 1    0.00%, 2   50.20%, 3   49.80%


样本变换：reverse
样本变换：mask
样本变换：shift
样本变换：none
未过滤	未用伪标签：62.93% -> 使用伪标签：74.60%
已过滤	未用伪标签：63.71% -> 使用伪标签：75.94%
排除样本：106|6000	剩余：1793, 2836, 1265
增添样本：2854		细则：1043, 0, 1811	正确率估算：79.79%
类型1 正确率：  92.00% -> 1   92.14%, 2    7.86%, 3    0.00%
类型2 正确率：  86.00% -> 1    0.00%, 2   86.40%, 3   13.60%
类型3 正确率：  50.00% -> 1    0.00%, 2   50.00%, 3   50.00%

被排除样本 正确率：19.81%
类型1 正确率：   0.00% -> 1    0.00%, 2  100.00%, 3    0.00%
类型2 正确率：  40.00% -> 1    0.00%, 2   40.38%, 3   59.62%
类型3 没有样本或未被分类。


轮次:··1/·20 || c_Loss:0.583 || e_Loss:-1.449 || Aad_Loss:-24.829 || 耗时：35.35s
轮次:··2/·20 || c_Loss:0.375 || e_Loss:-1.814 || Aad_Loss:-26.987 || 耗时：13.26s
轮次:··3/·20 || c_Loss:0.405 || e_Loss:-1.611 || Aad_Loss:-31.698 || 耗时：12.84s
轮次:··4/·20 || c_Loss:0.408 || e_Loss:-1.724 || Aad_Loss:-26.994 || 耗时：12.76s
轮次:··5/·20 || c_Loss:0.357 || e_Loss:-1.734 || Aad_Loss:-30.300 || 耗时：12.58s
任务: (B1)N15_M01_F10→(B2)N15_M07_F10; mix批次:····0; 批次:··470/·1880;  总正确率: 81.15%
类型1 正确率：  98.00% -> 1   98.40%, 2    1.60%, 3    0.00%
类型2 正确率：  95.00% -> 1    0.30%, 2   95.05%, 3    4.65%
类型3 正确率：  50.00% -> 1    0.00%, 2   50.00%, 3   50.00%


样本变换：reverse
样本变换：mask
样本变换：shift
样本变换：none
未过滤	未用伪标签：81.15% -> 使用伪标签：83.28%
已过滤	未用伪标签：81.15% -> 使用伪标签：83.28%
排除样本：1997|6000	剩余：3003, 1000
增添样本：3009		细则：1006, 0, 2003	正确率估算：99.30%
类型1 正确率： 100.00% -> 1   99.85%, 2    0.15%, 3    0.00%
类型2 正确率： 100.00% -> 1    0.00%, 2  100.00%, 3    0.00%
类型3 正确率：  50.00% -> 1    0.00%, 2   50.00%, 3   50.00%

被排除样本 正确率：nan%


轮次:··6/·20 || c_Loss:0.374 || e_Loss:-0.998 || Aad_Loss:-30.444 || 耗时：34.20s
轮次:··7/·20 || c_Loss:0.385 || e_Loss:-0.982 || Aad_Loss:-30.779 || 耗时：12.81s
轮次:··8/·20 || c_Loss:0.377 || e_Loss:-1.008 || Aad_Loss:-31.020 || 耗时：12.79s
轮次:··9/·20 || c_Loss:0.384 || e_Loss:-0.988 || Aad_Loss:-32.206 || 耗时：12.87s
轮次:·10/·20 || c_Loss:0.384 || e_Loss:-0.984 || Aad_Loss:-31.572 || 耗时：12.69s
任务: (B1)N15_M01_F10→(B2)N15_M07_F10; mix批次:····0; 批次:··940/·1880;  总正确率: 83.33%
类型1 正确率： 100.00% -> 1  100.00%, 2    0.00%, 3    0.00%
类型2 正确率： 100.00% -> 1    0.00%, 2  100.00%, 3    0.00%
类型3 正确率：  50.00% -> 1    0.00%, 2   50.00%, 3   50.00%


样本变换：reverse
样本变换：mask
样本变换：shift
样本变换：none
未过滤	未用伪标签：83.33% -> 使用伪标签：83.33%
已过滤	未用伪标签：83.33% -> 使用伪标签：83.33%
排除样本：2000|6000	剩余：3000, 1000
增添样本：3000		细则：1000, 0, 2000	正确率估算：100.00%
类型1 正确率： 100.00% -> 1  100.00%, 2    0.00%, 3    0.00%
类型2 正确率： 100.00% -> 1    0.00%, 2  100.00%, 3    0.00%
类型3 正确率：  50.00% -> 1    0.00%, 2   50.00%, 3   50.00%

被排除样本 正确率：nan%


轮次:·11/·20 || c_Loss:0.382 || e_Loss:-1.002 || Aad_Loss:-30.789 || 耗时：34.07s
轮次:·12/·20 || c_Loss:0.381 || e_Loss:-0.964 || Aad_Loss:-34.231 || 耗时：12.86s
轮次:·13/·20 || c_Loss:0.386 || e_Loss:-0.967 || Aad_Loss:-31.259 || 耗时：12.88s
轮次:·14/·20 || c_Loss:0.382 || e_Loss:-0.996 || Aad_Loss:-31.283 || 耗时：12.88s
轮次:·15/·20 || c_Loss:0.380 || e_Loss:-0.995 || Aad_Loss:-32.369 || 耗时：12.83s
任务: (B1)N15_M01_F10→(B2)N15_M07_F10; mix批次:····0; 批次:·1410/·1880;  总正确率: 83.33%
类型1 正确率： 100.00% -> 1  100.00%, 2    0.00%, 3    0.00%
类型2 正确率： 100.00% -> 1    0.00%, 2  100.00%, 3    0.00%
类型3 正确率：  50.00% -> 1    0.00%, 2   50.00%, 3   50.00%


样本变换：reverse
样本变换：mask
样本变换：shift
样本变换：none
未过滤	未用伪标签：83.33% -> 使用伪标签：83.33%
已过滤	未用伪标签：83.33% -> 使用伪标签：83.33%
排除样本：2000|6000	剩余：3000, 1000
增添样本：3000		细则：1000, 0, 2000	正确率估算：100.00%
类型1 正确率： 100.00% -> 1  100.00%, 2    0.00%, 3    0.00%
类型2 正确率： 100.00% -> 1    0.00%, 2  100.00%, 3    0.00%
类型3 正确率：  50.00% -> 1    0.00%, 2   50.00%, 3   50.00%

被排除样本 正确率：nan%


轮次:·16/·20 || c_Loss:0.381 || e_Loss:-1.002 || Aad_Loss:-31.048 || 耗时：34.10s
轮次:·17/·20 || c_Loss:0.380 || e_Loss:-0.965 || Aad_Loss:-34.449 || 耗时：12.83s
轮次:·18/·20 || c_Loss:0.385 || e_Loss:-0.969 || Aad_Loss:-31.430 || 耗时：12.86s
轮次:·19/·20 || c_Loss:0.381 || e_Loss:-0.997 || Aad_Loss:-31.479 || 耗时：12.89s
轮次:·20/·20 || c_Loss:0.379 || e_Loss:-0.996 || Aad_Loss:-32.497 || 耗时：12.86s
任务: (B1)N15_M01_F10→(B2)N15_M07_F10; mix批次:····0; 批次:·1880/·1880;  总正确率: 83.33%
类型1 正确率： 100.00% -> 1  100.00%, 2    0.00%, 3    0.00%
类型2 正确率： 100.00% -> 1    0.00%, 2  100.00%, 3    0.00%
类型3 正确率：  50.00% -> 1    0.00%, 2   50.00%, 3   50.00%


测试集任务: (B1)N15_M01_F10→(B2)N15_M07_F10; 总正确率 = 83.33%
类型1 正确率： 100.00% -> 1  100.00%, 2    0.00%, 3    0.00%
类型2 正确率： 100.00% -> 1    0.00%, 2  100.00%, 3    0.00%
类型3 正确率：  50.00% -> 1    0.00%, 2   50.00%, 3   50.00%


