读取源域路径：/kaggle/working/m2rep/reps1/weight_PU_M1_final_checkpoint_FAtoB_gatepcv_s1/NEW_PU/Source-源域/log&pt/(B3)N15_M07_F04
excel输出位置：/kaggle/working/m2rep/reps1/weight_PU_M1_final_checkpoint_FAtoB_gatepcv_s1/NEW_PU/Target-目标域
特征图片输出位置：/kaggle/working/m2rep/reps1/weight_PU_M1_final_checkpoint_FAtoB_gatepcv_s1/NEW_PU/Picture-特征图/2026年09月15日16时57分/(B3)N15_M07_F04
现在选取:(B3)N15_M07_F04 进行训练的源模型
现在进行：(B3)N15_M07_F04→(B1)N15_M01_F10 的迁移任务
log&pt输出位置：/kaggle/working/m2rep/reps1/weight_PU_M1_final_checkpoint_FAtoB_gatepcv_s1/NEW_PU/Target-目标域/log&pt/(B3)N15_M07_F04→(B1)N15_M01_F10
任务: (B3)N15_M07_F04→(B1)N15_M01_F10; 批次:····0/·1880;  总正确率: 49.57%
类型1 正确率：  44.00% -> 1   44.25%, 2   55.25%, 3    0.50%
类型2 正确率：  57.00% -> 1    0.00%, 2   56.95%, 3   43.05%
类型3 正确率：  48.00% -> 1    0.00%, 2   52.50%, 3   47.50%


样本变换：reverse
样本变换：mask
样本变换：shift
样本变换：none
未过滤	未用伪标签：49.57% -> 使用伪标签：42.32%
已过滤	未用伪标签：48.44% -> 使用伪标签：43.74%
排除样本：195|6000	剩余：775, 3000, 2030
增添样本：3669		细则：2231, 0, 1438	正确率估算：90.03%
类型1 正确率：  39.00% -> 1   39.15%, 2   60.85%, 3    0.00%
类型2 正确率：  43.00% -> 1    0.32%, 2   42.81%, 3   56.86%
类型3 正确率：  49.00% -> 1    0.00%, 2   50.88%, 3   49.12%

被排除样本 正确率：83.08%
类型1 正确率：  89.00% -> 1   88.89%, 2   11.11%, 3    0.00%
类型2 正确率：  87.00% -> 1    0.00%, 2   86.67%, 3   13.33%
类型3 正确率：   0.00% -> 1    0.00%, 2  100.00%, 3    0.00%


轮次:··1/·20 || c_Loss:0.520 || e_Loss:-1.615 || Aad_Loss:-17.300 || 耗时：34.48s
轮次:··2/·20 || c_Loss:0.417 || e_Loss:-1.630 || Aad_Loss:-24.508 || 耗时：12.89s
轮次:··3/·20 || c_Loss:0.407 || e_Loss:-1.550 || Aad_Loss:-25.338 || 耗时：12.76s
轮次:··4/·20 || c_Loss:0.449 || e_Loss:-1.642 || Aad_Loss:-24.116 || 耗时：12.81s
轮次:··5/·20 || c_Loss:0.477 || e_Loss:-1.502 || Aad_Loss:-24.034 || 耗时：12.71s
任务: (B3)N15_M07_F04→(B1)N15_M01_F10; mix批次:····0; 批次:··470/·1880;  总正确率: 47.05%
类型1 正确率：  34.00% -> 1   33.85%, 2   66.15%, 3    0.00%
类型2 正确率：  57.00% -> 1    3.50%, 2   57.35%, 3   39.15%
类型3 正确率：  50.00% -> 1    0.00%, 2   50.05%, 3   49.95%


样本变换：reverse
样本变换：mask
样本变换：shift
样本变换：none
未过滤	未用伪标签：47.05% -> 使用伪标签：41.38%
已过滤	未用伪标签：46.58% -> 使用伪标签：42.23%
排除样本：120|6000	剩余：730, 3158, 1992
增添样本：3706		细则：2496, 0, 1210	正确率估算：92.36%
类型1 正确率：  33.00% -> 1   33.12%, 2   66.88%, 3    0.00%
类型2 正确率：  44.00% -> 1    3.62%, 2   43.65%, 3   52.74%
类型3 正确率：  50.00% -> 1    0.00%, 2   50.00%, 3   50.00%

被排除样本 正确率：70.00%
类型1 正确率： 100.00% -> 1  100.00%, 2    0.00%, 3    0.00%
类型2 正确率：  70.00% -> 1   10.08%, 2   69.75%, 3   20.17%
类型3 没有样本或未被分类。


轮次:··6/·20 || c_Loss:0.394 || e_Loss:-1.719 || Aad_Loss:-25.945 || 耗时：34.16s
轮次:··7/·20 || c_Loss:0.376 || e_Loss:-1.504 || Aad_Loss:-32.113 || 耗时：12.87s
轮次:··8/·20 || c_Loss:0.403 || e_Loss:-1.697 || Aad_Loss:-32.284 || 耗时：12.91s
轮次:··9/·20 || c_Loss:0.400 || e_Loss:-1.572 || Aad_Loss:-30.204 || 耗时：12.91s
轮次:·10/·20 || c_Loss:0.354 || e_Loss:-1.708 || Aad_Loss:-29.212 || 耗时：12.85s
任务: (B3)N15_M07_F04→(B1)N15_M01_F10; mix批次:····0; 批次:··940/·1880;  总正确率: 42.33%
类型1 正确率：  33.00% -> 1   33.00%, 2   67.00%, 3    0.00%
类型2 正确率：  44.00% -> 1    0.05%, 2   44.00%, 3   55.95%
类型3 正确率：  50.00% -> 1    0.00%, 2   50.00%, 3   50.00%


样本变换：reverse
样本变换：mask
样本变换：shift
样本变换：none
未过滤	未用伪标签：42.33% -> 使用伪标签：40.18%
已过滤	未用伪标签：41.95% -> 使用伪标签：40.46%
排除样本：41|6000	剩余：660, 3091, 2208
增添样本：3316		细则：2431, 0, 885	正确率估算：98.45%
类型1 正确率：  33.00% -> 1   33.00%, 2   67.00%, 3    0.00%
类型2 正确率：  38.00% -> 1    0.00%, 2   38.34%, 3   61.66%
类型3 正确率：  50.00% -> 1    0.00%, 2   50.00%, 3   50.00%

被排除样本 正确率：97.56%
类型1 正确率：  98.00% -> 1   97.56%, 2    2.44%
类型2 没有样本或未被分类。


轮次:·11/·20 || c_Loss:0.382 || e_Loss:-0.658 || Aad_Loss:-37.685 || 耗时：33.86s
轮次:·12/·20 || c_Loss:0.359 || e_Loss:-1.725 || Aad_Loss:-32.882 || 耗时：12.79s
轮次:·13/·20 || c_Loss:0.390 || e_Loss:-0.856 || Aad_Loss:-30.543 || 耗时：12.86s
轮次:·14/·20 || c_Loss:0.367 || e_Loss:-1.744 || Aad_Loss:-36.867 || 耗时：12.83s
轮次:·15/·20 || c_Loss:0.381 || e_Loss:-1.622 || Aad_Loss:-29.914 || 耗时：12.90s
任务: (B3)N15_M07_F04→(B1)N15_M01_F10; mix批次:····0; 批次:·1410/·1880;  总正确率: 39.03%
类型1 正确率：  33.00% -> 1   33.00%, 2   67.00%, 3    0.00%
类型2 正确率：  34.00% -> 1    0.00%, 2   34.10%, 3   65.90%
类型3 正确率：  50.00% -> 1    0.00%, 2   50.00%, 3   50.00%


样本变换：reverse
样本变换：mask
样本变换：shift
样本变换：none
未过滤	未用伪标签：39.03% -> 使用伪标签：38.72%
已过滤	未用伪标签：38.99% -> 使用伪标签：38.74%
排除样本：4|6000	剩余：660, 3003, 2333
增添样本：3013		细则：2343, 0, 670	正确率估算：99.85%
类型1 正确率：  33.00% -> 1   33.00%, 2   67.00%, 3    0.00%
类型2 正确率：  33.00% -> 1    0.00%, 2   33.22%, 3   66.78%
类型3 正确率：  50.00% -> 1    0.00%, 2   50.00%, 3   50.00%

被排除样本 正确率：100.00%
类型1 正确率： 100.00% -> 1  100.00%


轮次:·16/·20 || c_Loss:0.365 || e_Loss:-0.841 || Aad_Loss:-38.204 || 耗时：33.92s
轮次:·17/·20 || c_Loss:0.387 || e_Loss:-0.815 || Aad_Loss:-38.056 || 耗时：12.72s
轮次:·18/·20 || c_Loss:0.378 || e_Loss:-0.932 || Aad_Loss:-33.232 || 耗时：12.71s
轮次:·19/·20 || c_Loss:0.379 || e_Loss:-0.962 || Aad_Loss:-33.355 || 耗时：12.76s
轮次:·20/·20 || c_Loss:0.384 || e_Loss:-1.399 || Aad_Loss:-35.311 || 耗时：12.82s
任务: (B3)N15_M07_F04→(B1)N15_M01_F10; mix批次:····0; 批次:·1880/·1880;  总正确率: 38.67%
类型1 正确率：  33.00% -> 1   33.00%, 2   67.00%, 3    0.00%
类型2 正确率：  33.00% -> 1    0.00%, 2   33.00%, 3   67.00%
类型3 正确率：  50.00% -> 1    0.00%, 2   50.00%, 3   50.00%


测试集任务: (B3)N15_M07_F04→(B1)N15_M01_F10; 总正确率 = 38.67%
类型1 正确率：  33.00% -> 1   33.00%, 2   67.00%, 3    0.00%
类型2 正确率：  33.00% -> 1    0.00%, 2   33.00%, 3   67.00%
类型3 正确率：  50.00% -> 1    0.00%, 2   50.00%, 3   50.00%


