读取源域路径：/kaggle/working/m2rep/reps1/weight_PU_M1_final_checkpoint_FAtoB_gatepcv_s1/NEW_PU/Source-源域/log&pt/(B2)N15_M07_F10
excel输出位置：/kaggle/working/m2rep/reps1/weight_PU_M1_final_checkpoint_FAtoB_gatepcv_s1/NEW_PU/Target-目标域
特征图片输出位置：/kaggle/working/m2rep/reps1/weight_PU_M1_final_checkpoint_FAtoB_gatepcv_s1/NEW_PU/Picture-特征图/2026年09月15日16时45分/(B2)N15_M07_F10
现在选取:(B2)N15_M07_F10 进行训练的源模型
现在进行：(B2)N15_M07_F10→(B1)N15_M01_F10 的迁移任务
log&pt输出位置：/kaggle/working/m2rep/reps1/weight_PU_M1_final_checkpoint_FAtoB_gatepcv_s1/NEW_PU/Target-目标域/log&pt/(B2)N15_M07_F10→(B1)N15_M01_F10
任务: (B2)N15_M07_F10→(B1)N15_M01_F10; 批次:····0/·1880;  总正确率: 55.33%
类型1 正确率：  69.00% -> 1   69.30%, 2   30.70%, 3    0.00%
类型2 正确率：  47.00% -> 1    0.00%, 2   46.70%, 3   53.30%
类型3 正确率：  50.00% -> 1    0.00%, 2   50.00%, 3   50.00%


样本变换：reverse
样本变换：mask
样本变换：shift
样本变换：none
未过滤	未用伪标签：55.33% -> 使用伪标签：55.77%
已过滤	未用伪标签：54.92% -> 使用伪标签：57.27%
排除样本：157|6000	剩余：1877, 1555, 2411
增添样本：420		细则：49, 371, 0	正确率估算：97.14%
类型1 正确率：  96.00% -> 1   95.62%, 2    4.38%, 3    0.00%
类型2 正确率：  25.00% -> 1    0.00%, 2   24.95%, 3   75.05%
类型3 正确率：  50.00% -> 1    0.00%, 2   50.00%, 3   50.00%

被排除样本 正确率：70.70%
类型1 正确率：   0.00% -> 1    0.00%, 2  100.00%, 3    0.00%
类型2 正确率：  92.00% -> 1    0.00%, 2   92.50%, 3    7.50%
类型3 没有样本或未被分类。


轮次:··1/·20 || c_Loss:0.654 || e_Loss:-1.758 || Aad_Loss:-24.008 || 耗时：33.52s
轮次:··2/·20 || c_Loss:0.411 || e_Loss:-1.626 || Aad_Loss:-24.879 || 耗时：12.92s
轮次:··3/·20 || c_Loss:0.362 || e_Loss:-1.720 || Aad_Loss:-24.075 || 耗时：12.82s
轮次:··4/·20 || c_Loss:0.442 || e_Loss:-1.746 || Aad_Loss:-24.262 || 耗时：12.75s
轮次:··5/·20 || c_Loss:0.364 || e_Loss:-1.906 || Aad_Loss:-28.344 || 耗时：12.70s
任务: (B2)N15_M07_F10→(B1)N15_M01_F10; mix批次:····0; 批次:··470/·1880;  总正确率: 62.25%
类型1 正确率：  99.00% -> 1   99.10%, 2    0.90%, 3    0.00%
类型2 正确率：  38.00% -> 1    5.00%, 2   37.65%, 3   57.35%
类型3 正确率：  50.00% -> 1    0.00%, 2   50.00%, 3   50.00%


样本变换：reverse
样本变换：mask
样本变换：shift
样本变换：none
未过滤	未用伪标签：62.25% -> 使用伪标签：61.47%
已过滤	未用伪标签：62.32% -> 使用伪标签：62.27%
排除样本：77|6000	剩余：1999, 1690, 2234
增添样本：501		细则：96, 405, 0	正确率估算：95.21%
类型1 正确率： 100.00% -> 1   99.95%, 2    0.05%, 3    0.00%
类型2 正确率：  36.00% -> 1    0.00%, 2   35.83%, 3   64.17%
类型3 正确率：  50.00% -> 1    0.00%, 2   50.00%, 3   50.00%

被排除样本 正确率：57.14%
类型1 没有样本或未被分类。
类型2 正确率：  57.00% -> 1   16.88%, 2   57.14%, 3   25.97%
类型3 没有样本或未被分类。


轮次:··6/·20 || c_Loss:0.359 || e_Loss:-1.818 || Aad_Loss:-28.550 || 耗时：33.43s
轮次:··7/·20 || c_Loss:0.346 || e_Loss:-1.822 || Aad_Loss:-27.663 || 耗时：12.82s
轮次:··8/·20 || c_Loss:0.367 || e_Loss:-1.792 || Aad_Loss:-26.627 || 耗时：12.88s
轮次:··9/·20 || c_Loss:0.368 || e_Loss:-1.852 || Aad_Loss:-27.490 || 耗时：12.86s
轮次:·10/·20 || c_Loss:0.382 || e_Loss:-0.837 || Aad_Loss:-28.777 || 耗时：12.87s
任务: (B2)N15_M07_F10→(B1)N15_M01_F10; mix批次:····0; 批次:··940/·1880;  总正确率: 61.20%
类型1 正确率： 100.00% -> 1  100.00%, 2    0.00%, 3    0.00%
类型2 正确率：  34.00% -> 1    0.50%, 2   33.60%, 3   65.90%
类型3 正确率：  50.00% -> 1    0.00%, 2   50.00%, 3   50.00%


样本变换：reverse
样本变换：mask
样本变换：shift
样本变换：none
未过滤	未用伪标签：61.20% -> 使用伪标签：61.47%
已过滤	未用伪标签：61.19% -> 使用伪标签：61.66%
排除样本：19|6000	剩余：2000, 1688, 2293
增添样本：866		细则：277, 589, 0	正确率估算：97.23%
类型1 正确率： 100.00% -> 1  100.00%, 2    0.00%, 3    0.00%
类型2 正确率：  35.00% -> 1    0.00%, 2   34.73%, 3   65.27%
类型3 正确率：  50.00% -> 1    0.00%, 2   50.00%, 3   50.00%

被排除样本 正确率：63.16%
类型1 正确率：  63.00% -> 1   63.16%, 2   36.84%
类型2 没有样本或未被分类。


轮次:·11/·20 || c_Loss:0.348 || e_Loss:-0.932 || Aad_Loss:-30.018 || 耗时：33.60s
轮次:·12/·20 || c_Loss:0.408 || e_Loss:-0.853 || Aad_Loss:-32.272 || 耗时：12.73s
轮次:·13/·20 || c_Loss:0.359 || e_Loss:-0.944 || Aad_Loss:-29.624 || 耗时：12.73s
轮次:·14/·20 || c_Loss:0.363 || e_Loss:-0.927 || Aad_Loss:-29.570 || 耗时：12.75s
轮次:·15/·20 || c_Loss:0.360 || e_Loss:-0.906 || Aad_Loss:-30.508 || 耗时：12.77s
任务: (B2)N15_M07_F10→(B1)N15_M01_F10; mix批次:····0; 批次:·1410/·1880;  总正确率: 61.05%
类型1 正确率： 100.00% -> 1  100.00%, 2    0.00%, 3    0.00%
类型2 正确率：  33.00% -> 1    0.00%, 2   33.15%, 3   66.85%
类型3 正确率：  50.00% -> 1    0.00%, 2   50.00%, 3   50.00%


样本变换：reverse
样本变换：mask
样本变换：shift
样本变换：none
未过滤	未用伪标签：61.05% -> 使用伪标签：61.00%
已过滤	未用伪标签：61.06% -> 使用伪标签：61.01%
排除样本：1|6000	剩余：2000, 1660, 2339
增添样本：1018		细则：339, 679, 0	正确率估算：99.80%
类型1 正确率： 100.00% -> 1  100.00%, 2    0.00%, 3    0.00%
类型2 正确率：  33.00% -> 1    0.00%, 2   33.02%, 3   66.98%
类型3 正确率：  50.00% -> 1    0.00%, 2   50.00%, 3   50.00%

被排除样本 正确率：0.00%
类型1 正确率：   0.00% -> 1    0.00%, 2  100.00%
类型2 没有样本或未被分类。


轮次:·16/·20 || c_Loss:0.369 || e_Loss:-0.985 || Aad_Loss:-31.305 || 耗时：34.03s
轮次:·17/·20 || c_Loss:0.389 || e_Loss:-0.930 || Aad_Loss:-30.145 || 耗时：12.80s
轮次:·18/·20 || c_Loss:0.378 || e_Loss:-1.016 || Aad_Loss:-30.975 || 耗时：12.78s
轮次:·19/·20 || c_Loss:0.383 || e_Loss:-1.011 || Aad_Loss:-31.430 || 耗时：12.81s
轮次:·20/·20 || c_Loss:0.379 || e_Loss:-1.013 || Aad_Loss:-30.803 || 耗时：12.81s
任务: (B2)N15_M07_F10→(B1)N15_M01_F10; mix批次:····0; 批次:·1880/·1880;  总正确率: 60.98%
类型1 正确率： 100.00% -> 1  100.00%, 2    0.00%, 3    0.00%
类型2 正确率：  33.00% -> 1    0.00%, 2   32.95%, 3   67.05%
类型3 正确率：  50.00% -> 1    0.00%, 2   50.00%, 3   50.00%


测试集任务: (B2)N15_M07_F10→(B1)N15_M01_F10; 总正确率 = 60.98%
类型1 正确率： 100.00% -> 1  100.00%, 2    0.00%, 3    0.00%
类型2 正确率：  33.00% -> 1    0.00%, 2   32.95%, 3   67.05%
类型3 正确率：  50.00% -> 1    0.00%, 2   50.00%, 3   50.00%


