读取源域路径：/kaggle/working/k10/S03/weight_PU_M1_final_checkpoint_FS03toS03c_gatepcv_s2024/NEW_PU/Source-源域/log&pt/(B2)N15_M07_F10
excel输出位置：/kaggle/working/k10/S03/weight_PU_M1_final_checkpoint_FS03toS03c_gatepcv_s2024/NEW_PU/Target-目标域
特征图片输出位置：/kaggle/working/k10/S03/weight_PU_M1_final_checkpoint_FS03toS03c_gatepcv_s2024/NEW_PU/Picture-特征图/2026年09月16日20时12分/(B2)N15_M07_F10
现在选取:(B2)N15_M07_F10 进行训练的源模型
现在进行：(B2)N15_M07_F10→(B1)N15_M01_F10 的迁移任务
log&pt输出位置：/kaggle/working/k10/S03/weight_PU_M1_final_checkpoint_FS03toS03c_gatepcv_s2024/NEW_PU/Target-目标域/log&pt/(B2)N15_M07_F10→(B1)N15_M01_F10
任务: (B2)N15_M07_F10→(B1)N15_M01_F10; 批次:····0/·1880;  总正确率: 63.12%
类型1 正确率： 100.00% -> 1   99.85%, 2    0.15%, 3    0.00%
类型2 正确率：  90.00% -> 1    0.75%, 2   89.50%, 3    9.75%
类型3 正确率：   0.00% -> 1    0.00%, 2  100.00%, 3    0.00%


样本变换：reverse
样本变换：mask
样本变换：shift
样本变换：none
未过滤	未用伪标签：63.12% -> 使用伪标签：51.00%
已过滤	未用伪标签：64.24% -> 使用伪标签：53.25%
排除样本：254|6000	剩余：2649, 2187, 910
增添样本：2187		细则：0, 455, 1732	正确率估算：47.47%
类型1 正确率： 100.00% -> 1  100.00%, 2    0.00%, 3    0.00%
类型2 正确率：  40.00% -> 1   27.52%, 2   40.18%, 3   32.30%
类型3 正确率：  16.00% -> 1    6.79%, 2   77.20%, 3   16.02%

被排除样本 正确率：37.80%
类型1 正确率： 100.00% -> 1  100.00%, 2    0.00%
类型2 正确率：   0.00% -> 1  100.00%, 2    0.00%


轮次:··1/·20 || c_Loss:0.520 || e_Loss:-1.499 || Aad_Loss:-23.354 || 耗时：35.17s
轮次:··2/·20 || c_Loss:0.525 || e_Loss:-1.238 || Aad_Loss:-28.323 || 耗时：13.37s
轮次:··3/·20 || c_Loss:0.449 || e_Loss:-0.745 || Aad_Loss:-24.096 || 耗时：13.23s
轮次:··4/·20 || c_Loss:0.452 || e_Loss:-1.435 || Aad_Loss:-24.124 || 耗时：13.21s
轮次:··5/·20 || c_Loss:0.466 || e_Loss:-1.484 || Aad_Loss:-20.606 || 耗时：13.22s
任务: (B2)N15_M07_F10→(B1)N15_M01_F10; mix批次:····0; 批次:··470/·1880;  总正确率: 52.45%
类型1 正确率： 100.00% -> 1  100.00%, 2    0.00%, 3    0.00%
类型2 正确率：  38.00% -> 1   28.85%, 2   38.25%, 3   32.90%
类型3 正确率：  19.00% -> 1    1.70%, 2   79.20%, 3   19.10%


样本变换：reverse
样本变换：mask
样本变换：shift
样本变换：none
未过滤	未用伪标签：52.45% -> 使用伪标签：56.50%
已过滤	未用伪标签：52.92% -> 使用伪标签：57.61%
排除样本：116|6000	剩余：2659, 1825, 1400
增添样本：2089		细则：0, 832, 1257	正确率估算：84.54%
类型1 正确率： 100.00% -> 1  100.00%, 2    0.00%, 3    0.00%
类型2 正确率：  34.00% -> 1   30.76%, 2   34.37%, 3   34.88%
类型3 正确率：  37.00% -> 1    2.82%, 2   59.94%, 3   37.25%

被排除样本 正确率：28.45%
类型1 没有样本或未被分类。
类型2 正确率： 100.00% -> 1    0.00%, 2  100.00%, 3    0.00%
类型3 正确率：   0.00% -> 1    3.61%, 2   96.39%, 3    0.00%


轮次:··6/·20 || c_Loss:0.501 || e_Loss:-0.717 || Aad_Loss:-26.288 || 耗时：35.43s
轮次:··7/·20 || c_Loss:0.432 || e_Loss:-1.579 || Aad_Loss:-24.219 || 耗时：13.37s
轮次:··8/·20 || c_Loss:0.405 || e_Loss:-1.585 || Aad_Loss:-27.131 || 耗时：13.32s
轮次:··9/·20 || c_Loss:0.423 || e_Loss:-0.832 || Aad_Loss:-25.703 || 耗时：13.37s
轮次:·10/·20 || c_Loss:0.396 || e_Loss:-1.627 || Aad_Loss:-26.624 || 耗时：13.26s
任务: (B2)N15_M07_F10→(B1)N15_M01_F10; mix批次:····0; 批次:··940/·1880;  总正确率: 58.97%
类型1 正确率： 100.00% -> 1  100.00%, 2    0.00%, 3    0.00%
类型2 正确率：  38.00% -> 1   29.50%, 2   37.55%, 3   32.95%
类型3 正确率：  39.00% -> 1    0.85%, 2   59.80%, 3   39.35%


样本变换：reverse
样本变换：mask
样本变换：shift
样本变换：none
未过滤	未用伪标签：58.97% -> 使用伪标签：59.70%
已过滤	未用伪标签：59.09% -> 使用伪标签：60.38%
排除样本：68|6000	剩余：2639, 1655, 1638
增添样本：1985		细则：0, 984, 1001	正确率估算：93.85%
类型1 正确率： 100.00% -> 1  100.00%, 2    0.00%, 3    0.00%
类型2 正确率：  33.00% -> 1   31.26%, 2   32.94%, 3   35.79%
类型3 正确率：  48.00% -> 1    1.27%, 2   51.22%, 3   47.51%

被排除样本 正确率：48.53%
类型1 没有样本或未被分类。
类型2 正确率：  92.00% -> 1    8.33%, 2   91.67%, 3    0.00%
类型3 正确率：   0.00% -> 1    6.25%, 2   93.75%, 3    0.00%


轮次:·11/·20 || c_Loss:0.398 || e_Loss:-0.872 || Aad_Loss:-28.370 || 耗时：35.25s
轮次:·12/·20 || c_Loss:0.406 || e_Loss:-1.146 || Aad_Loss:-27.914 || 耗时：13.33s
轮次:·13/·20 || c_Loss:0.376 || e_Loss:-0.898 || Aad_Loss:-28.895 || 耗时：13.33s
轮次:·14/·20 || c_Loss:0.408 || e_Loss:-1.759 || Aad_Loss:-25.566 || 耗时：13.35s
轮次:·15/·20 || c_Loss:0.404 || e_Loss:-0.894 || Aad_Loss:-28.296 || 耗时：13.38s
任务: (B2)N15_M07_F10→(B1)N15_M01_F10; mix批次:····0; 批次:·1410/·1880;  总正确率: 62.27%
类型1 正确率： 100.00% -> 1  100.00%, 2    0.00%, 3    0.00%
类型2 正确率：  38.00% -> 1   26.45%, 2   37.95%, 3   35.60%
类型3 正确率：  49.00% -> 1    0.10%, 2   51.05%, 3   48.85%


样本变换：reverse
样本变换：mask
样本变换：shift
样本变换：none
未过滤	未用伪标签：62.27% -> 使用伪标签：60.55%
已过滤	未用伪标签：62.26% -> 使用伪标签：61.04%
排除样本：48|6000	剩余：2580, 1650, 1722
增添样本：1788		细则：0, 930, 858	正确率估算：99.27%
类型1 正确率： 100.00% -> 1  100.00%, 2    0.00%, 3    0.00%
类型2 正确率：  33.00% -> 1   29.38%, 2   33.04%, 3   37.58%
类型3 正确率：  49.00% -> 1    0.15%, 2   50.35%, 3   49.50%

被排除样本 正确率：62.50%
类型1 没有样本或未被分类。
类型2 正确率：  83.00% -> 1   16.67%, 2   83.33%, 3    0.00%
类型3 正确率：   0.00% -> 1   16.67%, 2   83.33%, 3    0.00%


轮次:·16/·20 || c_Loss:0.394 || e_Loss:-0.887 || Aad_Loss:-27.767 || 耗时：35.52s
轮次:·17/·20 || c_Loss:0.475 || e_Loss:-0.802 || Aad_Loss:-26.928 || 耗时：13.30s
轮次:·18/·20 || c_Loss:0.435 || e_Loss:-0.906 || Aad_Loss:-30.731 || 耗时：13.29s
轮次:·19/·20 || c_Loss:0.381 || e_Loss:-0.913 || Aad_Loss:-29.048 || 耗时：13.30s
轮次:·20/·20 || c_Loss:0.406 || e_Loss:-0.934 || Aad_Loss:-29.162 || 耗时：13.34s
任务: (B2)N15_M07_F10→(B1)N15_M01_F10; mix批次:····0; 批次:·1880/·1880;  总正确率: 62.12%
类型1 正确率： 100.00% -> 1  100.00%, 2    0.00%, 3    0.00%
类型2 正确率：  37.00% -> 1   26.30%, 2   36.65%, 3   37.05%
类型3 正确率：  50.00% -> 1    0.05%, 2   50.25%, 3   49.70%


测试集任务: (B2)N15_M07_F10→(B1)N15_M01_F10; 总正确率 = 62.12%
类型1 正确率： 100.00% -> 1  100.00%, 2    0.00%, 3    0.00%
类型2 正确率：  37.00% -> 1   26.30%, 2   36.65%, 3   37.05%
类型3 正确率：  50.00% -> 1    0.05%, 2   50.25%, 3   49.70%


