读取源域路径：/kaggle/working/k10/S03/weight_PU_M1_final_checkpoint_FS03toS03c_gatepcv_s2024/NEW_PU/Source-源域/log&pt/(B3)N15_M07_F04
excel输出位置：/kaggle/working/k10/S03/weight_PU_M1_final_checkpoint_FS03toS03c_gatepcv_s2024/NEW_PU/Target-目标域
特征图片输出位置：/kaggle/working/k10/S03/weight_PU_M1_final_checkpoint_FS03toS03c_gatepcv_s2024/NEW_PU/Picture-特征图/2026年09月16日20时31分/(B3)N15_M07_F04
现在选取:(B3)N15_M07_F04 进行训练的源模型
现在进行：(B3)N15_M07_F04→(B2)N15_M07_F10 的迁移任务
log&pt输出位置：/kaggle/working/k10/S03/weight_PU_M1_final_checkpoint_FS03toS03c_gatepcv_s2024/NEW_PU/Target-目标域/log&pt/(B3)N15_M07_F04→(B2)N15_M07_F10
任务: (B3)N15_M07_F04→(B2)N15_M07_F10; 批次:····0/·1880;  总正确率: 59.93%
类型1 正确率：  83.00% -> 1   83.00%, 2   17.00%, 3    0.00%
类型2 正确率：  93.00% -> 1    0.50%, 2   92.95%, 3    6.55%
类型3 正确率：   4.00% -> 1    0.00%, 2   96.15%, 3    3.85%


样本变换：reverse
样本变换：mask
样本变换：shift
样本变换：none
未过滤	未用伪标签：59.93% -> 使用伪标签：65.68%
已过滤	未用伪标签：59.63% -> 使用伪标签：67.01%
排除样本：119|6000	剩余：2067, 2052, 1762
增添样本：320		细则：0, 15, 305	正确率估算：14.69%
类型1 正确率：  99.00% -> 1   98.79%, 2    1.21%, 3    0.00%
类型2 正确率：  53.00% -> 1    5.29%, 2   53.01%, 3   41.71%
类型3 正确率：  49.00% -> 1    0.15%, 2   51.19%, 3   48.66%

被排除样本 正确率：74.79%
类型1 正确率：   0.00% -> 1    0.00%, 2  100.00%, 3    0.00%
类型2 正确率： 100.00% -> 1    0.00%, 2  100.00%, 3    0.00%
类型3 正确率：   0.00% -> 1    0.00%, 2  100.00%, 3    0.00%


轮次:··1/·20 || c_Loss:0.539 || e_Loss:-1.644 || Aad_Loss:-24.141 || 耗时：34.68s
轮次:··2/·20 || c_Loss:0.382 || e_Loss:-1.451 || Aad_Loss:-28.220 || 耗时：13.50s
轮次:··3/·20 || c_Loss:0.423 || e_Loss:-0.856 || Aad_Loss:-23.383 || 耗时：13.32s
轮次:··4/·20 || c_Loss:0.442 || e_Loss:-0.827 || Aad_Loss:-24.648 || 耗时：13.33s
轮次:··5/·20 || c_Loss:0.355 || e_Loss:-1.490 || Aad_Loss:-27.707 || 耗时：13.32s
任务: (B3)N15_M07_F04→(B2)N15_M07_F10; mix批次:····0; 批次:··470/·1880;  总正确率: 68.50%
类型1 正确率： 100.00% -> 1   99.95%, 2    0.05%, 3    0.00%
类型2 正确率：  56.00% -> 1    1.60%, 2   55.80%, 3   42.60%
类型3 正确率：  50.00% -> 1    0.00%, 2   50.25%, 3   49.75%


样本变换：reverse
样本变换：mask
样本变换：shift
样本变换：none
未过滤	未用伪标签：68.50% -> 使用伪标签：64.75%
已过滤	未用伪标签：68.28% -> 使用伪标签：65.24%
排除样本：45|6000	剩余：2039, 1887, 2029
增添样本：162		细则：0, 152, 10	正确率估算：100.00%
类型1 正确率： 100.00% -> 1   99.95%, 2    0.05%, 3    0.00%
类型2 正确率：  45.00% -> 1    2.05%, 2   45.32%, 3   52.63%
类型3 正确率：  50.00% -> 1    0.00%, 2   50.00%, 3   50.00%

被排除样本 正确率：97.78%
类型1 没有样本或未被分类。
类型2 正确率：  98.00% -> 1    2.22%, 2   97.78%


轮次:··6/·20 || c_Loss:0.374 || e_Loss:-1.587 || Aad_Loss:-27.371 || 耗时：34.53s
轮次:··7/·20 || c_Loss:0.369 || e_Loss:-1.271 || Aad_Loss:-29.268 || 耗时：13.28s
轮次:··8/·20 || c_Loss:0.389 || e_Loss:-0.950 || Aad_Loss:-29.080 || 耗时：13.31s
轮次:··9/·20 || c_Loss:0.429 || e_Loss:-0.856 || Aad_Loss:-27.012 || 耗时：13.28s
轮次:·10/·20 || c_Loss:0.381 || e_Loss:-0.878 || Aad_Loss:-30.745 || 耗时：13.25s
任务: (B3)N15_M07_F04→(B2)N15_M07_F10; mix批次:····0; 批次:··940/·1880;  总正确率: 66.07%
类型1 正确率： 100.00% -> 1   99.95%, 2    0.05%, 3    0.00%
类型2 正确率：  48.00% -> 1    0.20%, 2   48.25%, 3   51.55%
类型3 正确率：  50.00% -> 1    0.00%, 2   50.00%, 3   50.00%


样本变换：reverse
样本变换：mask
样本变换：shift
样本变换：none
未过滤	未用伪标签：66.07% -> 使用伪标签：63.53%
已过滤	未用伪标签：65.94% -> 使用伪标签：63.84%
排除样本：29|6000	剩余：2008, 1812, 2151
增添样本：482		细则：143, 339, 0	正确率估算：100.00%
类型1 正确率： 100.00% -> 1  100.00%, 2    0.00%, 3    0.00%
类型2 正确率：  41.00% -> 1    0.41%, 2   41.20%, 3   58.40%
类型3 正确率：  50.00% -> 1    0.00%, 2   50.00%, 3   50.00%

被排除样本 正确率：93.10%
类型1 没有样本或未被分类。
类型2 正确率：  93.00% -> 1    6.90%, 2   93.10%


轮次:·11/·20 || c_Loss:0.402 || e_Loss:-0.908 || Aad_Loss:-31.089 || 耗时：34.51s
轮次:·12/·20 || c_Loss:0.388 || e_Loss:-1.554 || Aad_Loss:-29.341 || 耗时：13.26s
轮次:·13/·20 || c_Loss:0.385 || e_Loss:-0.926 || Aad_Loss:-28.989 || 耗时：13.26s
轮次:·14/·20 || c_Loss:0.392 || e_Loss:-0.966 || Aad_Loss:-29.691 || 耗时：13.30s
轮次:·15/·20 || c_Loss:0.375 || e_Loss:-0.944 || Aad_Loss:-30.807 || 耗时：13.27s
任务: (B3)N15_M07_F04→(B2)N15_M07_F10; mix批次:····0; 批次:·1410/·1880;  总正确率: 62.45%
类型1 正确率： 100.00% -> 1  100.00%, 2    0.00%, 3    0.00%
类型2 正确率：  37.00% -> 1    0.05%, 2   37.35%, 3   62.60%
类型3 正确率：  50.00% -> 1    0.00%, 2   50.00%, 3   50.00%


样本变换：reverse
样本变换：mask
样本变换：shift
样本变换：none
未过滤	未用伪标签：62.45% -> 使用伪标签：61.57%
已过滤	未用伪标签：62.39% -> 使用伪标签：61.66%
排除样本：9|6000	剩余：2001, 1694, 2296
增添样本：897		细则：295, 602, 0	正确率估算：100.00%
类型1 正确率： 100.00% -> 1  100.00%, 2    0.00%, 3    0.00%
类型2 正确率：  35.00% -> 1    0.05%, 2   34.86%, 3   65.09%
类型3 正确率：  50.00% -> 1    0.00%, 2   50.00%, 3   50.00%

被排除样本 正确率：100.00%
类型1 正确率： 100.00% -> 1  100.00%


轮次:·16/·20 || c_Loss:0.408 || e_Loss:-0.918 || Aad_Loss:-30.877 || 耗时：34.80s
轮次:·17/·20 || c_Loss:0.376 || e_Loss:-0.983 || Aad_Loss:-31.065 || 耗时：13.33s
轮次:·18/·20 || c_Loss:0.371 || e_Loss:-0.994 || Aad_Loss:-31.735 || 耗时：13.32s
轮次:·19/·20 || c_Loss:0.374 || e_Loss:-0.989 || Aad_Loss:-31.334 || 耗时：13.34s
轮次:·20/·20 || c_Loss:0.368 || e_Loss:-1.002 || Aad_Loss:-30.974 || 耗时：13.33s
任务: (B3)N15_M07_F04→(B2)N15_M07_F10; mix批次:····0; 批次:·1880/·1880;  总正确率: 61.32%
类型1 正确率： 100.00% -> 1  100.00%, 2    0.00%, 3    0.00%
类型2 正确率：  34.00% -> 1    0.05%, 2   33.95%, 3   66.00%
类型3 正确率：  50.00% -> 1    0.00%, 2   50.00%, 3   50.00%


测试集任务: (B3)N15_M07_F04→(B2)N15_M07_F10; 总正确率 = 61.32%
类型1 正确率： 100.00% -> 1  100.00%, 2    0.00%, 3    0.00%
类型2 正确率：  34.00% -> 1    0.05%, 2   33.95%, 3   66.00%
类型3 正确率：  50.00% -> 1    0.00%, 2   50.00%, 3   50.00%


