读取源域路径：/kaggle/working/k10/S03/weight_PU_M1_final_checkpoint_FS03toS03c_gatepcv_s2024/NEW_PU/Source-源域/log&pt/(B2)N15_M07_F10
excel输出位置：/kaggle/working/k10/S03/weight_PU_M1_final_checkpoint_FS03toS03c_gatepcv_s2024/NEW_PU/Target-目标域
特征图片输出位置：/kaggle/working/k10/S03/weight_PU_M1_final_checkpoint_FS03toS03c_gatepcv_s2024/NEW_PU/Picture-特征图/2026年09月16日20时18分/(B2)N15_M07_F10
现在选取:(B2)N15_M07_F10 进行训练的源模型
现在进行：(B2)N15_M07_F10→(B3)N15_M07_F04 的迁移任务
log&pt输出位置：/kaggle/working/k10/S03/weight_PU_M1_final_checkpoint_FS03toS03c_gatepcv_s2024/NEW_PU/Target-目标域/log&pt/(B2)N15_M07_F10→(B3)N15_M07_F04
任务: (B2)N15_M07_F10→(B3)N15_M07_F04; 批次:····0/·1880;  总正确率: 63.23%
类型1 正确率： 100.00% -> 1   99.95%, 2    0.05%, 3    0.00%
类型2 正确率：  90.00% -> 1    0.35%, 2   89.75%, 3    9.90%
类型3 正确率：   0.00% -> 1    8.60%, 2   91.40%, 3    0.00%


样本变换：reverse
样本变换：mask
样本变换：shift
样本变换：none
未过滤	未用伪标签：63.23% -> 使用伪标签：48.78%
已过滤	未用伪标签：63.13% -> 使用伪标签：49.87%
排除样本：131|6000	剩余：2613, 2598, 658
增添样本：1964		细则：27, 0, 1937	正确率估算：30.22%
类型1 正确率： 100.00% -> 1  100.00%, 2    0.00%, 3    0.00%
类型2 正确率：  48.00% -> 1   17.16%, 2   48.46%, 3   34.38%
类型3 正确率：   0.00% -> 1   14.56%, 2   85.39%, 3    0.05%

被排除样本 正确率：67.94%
类型1 正确率： 100.00% -> 1  100.00%, 2    0.00%
类型2 正确率：   0.00% -> 1  100.00%, 2    0.00%


轮次:··1/·20 || c_Loss:0.510 || e_Loss:-1.571 || Aad_Loss:-25.535 || 耗时：34.90s
轮次:··2/·20 || c_Loss:0.413 || e_Loss:-1.377 || Aad_Loss:-28.561 || 耗时：13.40s
轮次:··3/·20 || c_Loss:0.370 || e_Loss:-1.733 || Aad_Loss:-26.994 || 耗时：13.29s
轮次:··4/·20 || c_Loss:0.424 || e_Loss:-1.744 || Aad_Loss:-28.991 || 耗时：13.28s
轮次:··5/·20 || c_Loss:0.370 || e_Loss:-0.798 || Aad_Loss:-29.746 || 耗时：13.27s
任务: (B2)N15_M07_F10→(B3)N15_M07_F04; mix批次:····0; 批次:··470/·1880;  总正确率: 47.18%
类型1 正确率： 100.00% -> 1  100.00%, 2    0.00%, 3    0.00%
类型2 正确率：  41.00% -> 1   25.55%, 2   41.45%, 3   33.00%
类型3 正确率：   0.00% -> 1   12.90%, 2   87.00%, 3    0.10%


样本变换：reverse
样本变换：mask
样本变换：shift
样本变换：none
未过滤	未用伪标签：47.18% -> 使用伪标签：46.07%
已过滤	未用伪标签：47.08% -> 使用伪标签：46.49%
排除样本：55|6000	剩余：2803, 2480, 662
增添样本：2372		细则：0, 278, 2094	正确率估算：99.89%
类型1 正确率： 100.00% -> 1  100.00%, 2    0.00%, 3    0.00%
类型2 正确率：  39.00% -> 1   27.56%, 2   38.82%, 3   33.62%
类型3 正确率：   0.00% -> 1   13.22%, 2   86.68%, 3    0.10%

被排除样本 正确率：58.18%
类型1 没有样本或未被分类。
类型2 正确率：  86.00% -> 1   13.51%, 2   86.49%, 3    0.00%
类型3 正确率：   0.00% -> 1   22.22%, 2   77.78%, 3    0.00%


轮次:··6/·20 || c_Loss:0.383 || e_Loss:-0.778 || Aad_Loss:-31.801 || 耗时：34.87s
轮次:··7/·20 || c_Loss:0.392 || e_Loss:-0.809 || Aad_Loss:-30.778 || 耗时：13.29s
轮次:··8/·20 || c_Loss:0.368 || e_Loss:-0.859 || Aad_Loss:-30.913 || 耗时：13.29s
轮次:··9/·20 || c_Loss:0.437 || e_Loss:-1.259 || Aad_Loss:-29.703 || 耗时：13.32s
轮次:·10/·20 || c_Loss:0.372 || e_Loss:-1.410 || Aad_Loss:-29.577 || 耗时：13.31s
任务: (B2)N15_M07_F10→(B3)N15_M07_F04; mix批次:····0; 批次:··940/·1880;  总正确率: 48.57%
类型1 正确率： 100.00% -> 1  100.00%, 2    0.00%, 3    0.00%
类型2 正确率：  46.00% -> 1   21.35%, 2   45.60%, 3   33.05%
类型3 正确率：   0.00% -> 1   10.40%, 2   89.50%, 3    0.10%


样本变换：reverse
样本变换：mask
样本变换：shift
样本变换：none
未过滤	未用伪标签：48.57% -> 使用伪标签：46.52%
已过滤	未用伪标签：48.33% -> 使用伪标签：47.00%
排除样本：62|6000	剩余：2724, 2553, 661
增添样本：2159		细则：0, 137, 2022	正确率估算：100.00%
类型1 正确率： 100.00% -> 1  100.00%, 2    0.00%, 3    0.00%
类型2 正确率：  41.00% -> 1   25.60%, 2   40.53%, 3   33.86%
类型3 正确率：   0.00% -> 1   11.31%, 2   88.64%, 3    0.05%

被排除样本 正确率：70.97%
类型1 没有样本或未被分类。
类型2 正确率：  84.00% -> 1   13.73%, 2   84.31%, 3    1.96%
类型3 正确率：   9.00% -> 1    9.09%, 2   81.82%, 3    9.09%


轮次:·11/·20 || c_Loss:0.381 || e_Loss:-0.824 || Aad_Loss:-31.211 || 耗时：34.85s
轮次:·12/·20 || c_Loss:0.412 || e_Loss:-1.306 || Aad_Loss:-31.378 || 耗时：13.23s
轮次:·13/·20 || c_Loss:0.401 || e_Loss:-1.855 || Aad_Loss:-30.052 || 耗时：13.23s
轮次:·14/·20 || c_Loss:0.356 || e_Loss:-1.575 || Aad_Loss:-28.806 || 耗时：13.23s
轮次:·15/·20 || c_Loss:0.361 || e_Loss:-0.887 || Aad_Loss:-32.570 || 耗时：13.25s
任务: (B2)N15_M07_F10→(B3)N15_M07_F04; mix批次:····0; 批次:·1410/·1880;  总正确率: 46.70%
类型1 正确率： 100.00% -> 1  100.00%, 2    0.00%, 3    0.00%
类型2 正确率：  40.00% -> 1   27.00%, 2   40.05%, 3   32.95%
类型3 正确率：   0.00% -> 1   11.25%, 2   88.70%, 3    0.05%


样本变换：reverse
样本变换：mask
样本变换：shift
样本变换：none
未过滤	未用伪标签：46.70% -> 使用伪标签：45.33%
已过滤	未用伪标签：46.39% -> 使用伪标签：45.72%
排除样本：51|6000	剩余：2817, 2473, 659
增添样本：2422		细则：0, 307, 2115	正确率估算：99.90%
类型1 正确率： 100.00% -> 1  100.00%, 2    0.00%, 3    0.00%
类型2 正确率：  37.00% -> 1   29.57%, 2   36.77%, 3   33.66%
类型3 正确率：   0.00% -> 1   11.95%, 2   88.05%, 3    0.00%

被排除样本 正确率：82.35%
类型1 没有样本或未被分类。
类型2 正确率：  98.00% -> 1    2.38%, 2   97.62%, 3    0.00%
类型3 正确率：  11.00% -> 1    0.00%, 2   88.89%, 3   11.11%


轮次:·16/·20 || c_Loss:0.359 || e_Loss:-1.466 || Aad_Loss:-30.601 || 耗时：34.85s
轮次:·17/·20 || c_Loss:0.364 || e_Loss:-1.880 || Aad_Loss:-31.056 || 耗时：13.36s
轮次:·18/·20 || c_Loss:0.406 || e_Loss:-1.794 || Aad_Loss:-33.259 || 耗时：13.35s
轮次:·19/·20 || c_Loss:0.371 || e_Loss:-0.866 || Aad_Loss:-32.326 || 耗时：13.35s
轮次:·20/·20 || c_Loss:0.393 || e_Loss:-1.328 || Aad_Loss:-33.598 || 耗时：13.31s
任务: (B2)N15_M07_F10→(B3)N15_M07_F04; mix批次:····0; 批次:·1880/·1880;  总正确率: 45.47%
类型1 正确率： 100.00% -> 1  100.00%, 2    0.00%, 3    0.00%
类型2 正确率：  36.00% -> 1   30.80%, 2   36.20%, 3   33.00%
类型3 正确率：   0.00% -> 1   12.10%, 2   87.70%, 3    0.20%


测试集任务: (B2)N15_M07_F10→(B3)N15_M07_F04; 总正确率 = 45.47%
类型1 正确率： 100.00% -> 1  100.00%, 2    0.00%, 3    0.00%
类型2 正确率：  36.00% -> 1   30.80%, 2   36.20%, 3   33.00%
类型3 正确率：   0.00% -> 1   12.10%, 2   87.70%, 3    0.20%


