读取源域路径：/kaggle/working/k10/S03/weight_PU_M1_final_checkpoint_FS03toS03c_gatepcv_s2024/NEW_PU/Source-源域/log&pt/(B1)N15_M01_F10
excel输出位置：/kaggle/working/k10/S03/weight_PU_M1_final_checkpoint_FS03toS03c_gatepcv_s2024/NEW_PU/Target-目标域
特征图片输出位置：/kaggle/working/k10/S03/weight_PU_M1_final_checkpoint_FS03toS03c_gatepcv_s2024/NEW_PU/Picture-特征图/2026年09月16日20时06分/(B1)N15_M01_F10
现在选取:(B1)N15_M01_F10 进行训练的源模型
现在进行：(B1)N15_M01_F10→(B3)N15_M07_F04 的迁移任务
log&pt输出位置：/kaggle/working/k10/S03/weight_PU_M1_final_checkpoint_FS03toS03c_gatepcv_s2024/NEW_PU/Target-目标域/log&pt/(B1)N15_M01_F10→(B3)N15_M07_F04
任务: (B1)N15_M01_F10→(B3)N15_M07_F04; 批次:····0/·1880;  总正确率: 63.12%
类型1 正确率：  96.00% -> 1   95.95%, 2    4.05%, 3    0.00%
类型2 正确率：  93.00% -> 1    0.00%, 2   93.10%, 3    6.90%
类型3 正确率：   0.00% -> 1    7.55%, 2   92.15%, 3    0.30%


样本变换：reverse
样本变换：mask
样本变换：shift
样本变换：none
未过滤	未用伪标签：63.12% -> 使用伪标签：54.42%
已过滤	未用伪标签：63.34% -> 使用伪标签：54.96%
排除样本：59|6000	剩余：2139, 3144, 658
增添样本：3493		细则：1022, 0, 2471	正确率估算：65.71%
类型1 正确率：  99.00% -> 1   98.52%, 2    1.48%, 3    0.00%
类型2 正确率：  67.00% -> 1    0.45%, 2   66.58%, 3   32.97%
类型3 正确率：   0.00% -> 1    9.80%, 2   90.20%, 3    0.00%

被排除样本 正确率：40.68%
类型1 正确率：  54.00% -> 1   54.29%, 2   45.71%, 3    0.00%
类型2 正确率： 100.00% -> 1    0.00%, 2  100.00%, 3    0.00%
类型3 正确率：   5.00% -> 1   10.00%, 2   85.00%, 3    5.00%


轮次:··1/·20 || c_Loss:0.540 || e_Loss:-0.888 || Aad_Loss:-28.182 || 耗时：35.31s
轮次:··2/·20 || c_Loss:0.371 || e_Loss:-0.832 || Aad_Loss:-32.334 || 耗时：13.48s
轮次:··3/·20 || c_Loss:0.396 || e_Loss:-0.786 || Aad_Loss:-31.860 || 耗时：13.36s
轮次:··4/·20 || c_Loss:0.400 || e_Loss:-1.845 || Aad_Loss:-29.939 || 耗时：13.34s
轮次:··5/·20 || c_Loss:0.344 || e_Loss:-0.873 || Aad_Loss:-29.973 || 耗时：13.34s
任务: (B1)N15_M01_F10→(B3)N15_M07_F04; mix批次:····0; 批次:··470/·1880;  总正确率: 55.67%
类型1 正确率： 100.00% -> 1  100.00%, 2    0.00%, 3    0.00%
类型2 正确率：  67.00% -> 1    0.00%, 2   67.00%, 3   33.00%
类型3 正确率：   0.00% -> 1    9.75%, 2   90.25%, 3    0.00%


样本变换：reverse
样本变换：mask
样本变换：shift
样本变换：none
未过滤	未用伪标签：55.67% -> 使用伪标签：55.65%
已过滤	未用伪标签：55.81% -> 使用伪标签：55.81%
排除样本：17|6000	剩余：2199, 3125, 659
增添样本：3397		细则：945, 0, 2452	正确率估算：99.81%
类型1 正确率： 100.00% -> 1  100.00%, 2    0.00%, 3    0.00%
类型2 正确率：  67.00% -> 1    0.05%, 2   66.98%, 3   32.97%
类型3 正确率：   0.00% -> 1    9.98%, 2   90.02%, 3    0.00%

被排除样本 正确率：5.88%
类型1 没有样本或未被分类。
类型2 正确率： 100.00% -> 1    0.00%, 2  100.00%, 3    0.00%
类型3 正确率：   0.00% -> 1   31.25%, 2   68.75%, 3    0.00%


轮次:··6/·20 || c_Loss:0.367 || e_Loss:-0.869 || Aad_Loss:-32.274 || 耗时：35.25s
轮次:··7/·20 || c_Loss:0.363 || e_Loss:-1.150 || Aad_Loss:-35.886 || 耗时：13.37s
轮次:··8/·20 || c_Loss:0.398 || e_Loss:-1.017 || Aad_Loss:-33.196 || 耗时：13.31s
轮次:··9/·20 || c_Loss:0.369 || e_Loss:-1.890 || Aad_Loss:-34.082 || 耗时：13.31s
轮次:·10/·20 || c_Loss:0.375 || e_Loss:-1.186 || Aad_Loss:-37.477 || 耗时：13.34s
任务: (B1)N15_M01_F10→(B3)N15_M07_F04; mix批次:····0; 批次:··940/·1880;  总正确率: 55.68%
类型1 正确率： 100.00% -> 1  100.00%, 2    0.00%, 3    0.00%
类型2 正确率：  67.00% -> 1    0.05%, 2   66.95%, 3   33.00%
类型3 正确率：   0.00% -> 1   10.60%, 2   89.30%, 3    0.10%


样本变换：reverse
样本变换：mask
样本变换：shift
样本变换：none
未过滤	未用伪标签：55.68% -> 使用伪标签：55.65%
已过滤	未用伪标签：55.82% -> 使用伪标签：55.80%
排除样本：16|6000	剩余：2212, 3112, 660
增添样本：3364		细则：923, 0, 2441	正确率估算：99.68%
类型1 正确率： 100.00% -> 1  100.00%, 2    0.00%, 3    0.00%
类型2 正确率：  67.00% -> 1    0.05%, 2   66.95%, 3   33.00%
类型3 正确率：   0.00% -> 1   10.64%, 2   89.36%, 3    0.00%

被排除样本 正确率：6.25%
类型1 没有样本或未被分类。
类型2 没有样本或未被分类。
类型3 正确率：   6.00% -> 1   25.00%, 2   68.75%, 3    6.25%


轮次:·11/·20 || c_Loss:0.389 || e_Loss:-0.818 || Aad_Loss:-32.367 || 耗时：35.08s
轮次:·12/·20 || c_Loss:0.365 || e_Loss:-0.896 || Aad_Loss:-31.615 || 耗时：13.28s
轮次:·13/·20 || c_Loss:0.378 || e_Loss:-0.848 || Aad_Loss:-34.667 || 耗时：13.28s
轮次:·14/·20 || c_Loss:0.370 || e_Loss:-0.910 || Aad_Loss:-37.007 || 耗时：13.28s
轮次:·15/·20 || c_Loss:0.358 || e_Loss:-0.859 || Aad_Loss:-34.518 || 耗时：13.36s
任务: (B1)N15_M01_F10→(B3)N15_M07_F04; mix批次:····0; 批次:·1410/·1880;  总正确率: 55.68%
类型1 正确率： 100.00% -> 1  100.00%, 2    0.00%, 3    0.00%
类型2 正确率：  67.00% -> 1    0.05%, 2   66.95%, 3   33.00%
类型3 正确率：   0.00% -> 1   10.80%, 2   89.10%, 3    0.10%


样本变换：reverse
样本变换：mask
样本变换：shift
样本变换：none
未过滤	未用伪标签：55.68% -> 使用伪标签：55.65%
已过滤	未用伪标签：55.73% -> 使用伪标签：55.72%
排除样本：7|6000	剩余：2222, 3111, 660
增添样本：3358		细则：917, 0, 2441	正确率估算：99.68%
类型1 正确率： 100.00% -> 1  100.00%, 2    0.00%, 3    0.00%
类型2 正确率：  67.00% -> 1    0.05%, 2   66.95%, 3   33.00%
类型3 正确率：   0.00% -> 1   11.09%, 2   88.91%, 3    0.00%

被排除样本 正确率：14.29%
类型1 没有样本或未被分类。
类型2 没有样本或未被分类。
类型3 正确率：  14.00% -> 1   14.29%, 2   71.43%, 3   14.29%


轮次:·16/·20 || c_Loss:0.364 || e_Loss:-0.913 || Aad_Loss:-36.033 || 耗时：35.14s
轮次:·17/·20 || c_Loss:0.374 || e_Loss:-1.899 || Aad_Loss:-34.328 || 耗时：13.26s
轮次:·18/·20 || c_Loss:0.354 || e_Loss:-0.951 || Aad_Loss:-32.454 || 耗时：13.30s
轮次:·19/·20 || c_Loss:0.436 || e_Loss:-1.613 || Aad_Loss:-34.476 || 耗时：13.28s
轮次:·20/·20 || c_Loss:0.357 || e_Loss:-0.902 || Aad_Loss:-32.967 || 耗时：13.37s
任务: (B1)N15_M01_F10→(B3)N15_M07_F04; mix批次:····0; 批次:·1880/·1880;  总正确率: 55.65%
类型1 正确率： 100.00% -> 1  100.00%, 2    0.00%, 3    0.00%
类型2 正确率：  67.00% -> 1    0.05%, 2   66.95%, 3   33.00%
类型3 正确率：   0.00% -> 1   11.00%, 2   89.00%, 3    0.00%


测试集任务: (B1)N15_M01_F10→(B3)N15_M07_F04; 总正确率 = 55.65%
类型1 正确率： 100.00% -> 1  100.00%, 2    0.00%, 3    0.00%
类型2 正确率：  67.00% -> 1    0.05%, 2   66.95%, 3   33.00%
类型3 正确率：   0.00% -> 1   11.00%, 2   89.00%, 3    0.00%


