读取源域路径：/kaggle/working/k10/S03/weight_PU_M1_final_checkpoint_FS03toS03c_gatepcv_s2024/NEW_PU/Source-源域/log&pt/(B3)N15_M07_F04
excel输出位置：/kaggle/working/k10/S03/weight_PU_M1_final_checkpoint_FS03toS03c_gatepcv_s2024/NEW_PU/Target-目标域
特征图片输出位置：/kaggle/working/k10/S03/weight_PU_M1_final_checkpoint_FS03toS03c_gatepcv_s2024/NEW_PU/Picture-特征图/2026年09月16日20时24分/(B3)N15_M07_F04
现在选取:(B3)N15_M07_F04 进行训练的源模型
现在进行：(B3)N15_M07_F04→(B1)N15_M01_F10 的迁移任务
log&pt输出位置：/kaggle/working/k10/S03/weight_PU_M1_final_checkpoint_FS03toS03c_gatepcv_s2024/NEW_PU/Target-目标域/log&pt/(B3)N15_M07_F04→(B1)N15_M01_F10
任务: (B3)N15_M07_F04→(B1)N15_M01_F10; 批次:····0/·1880;  总正确率: 57.78%
类型1 正确率：  78.00% -> 1   78.25%, 2   21.70%, 3    0.05%
类型2 正确率：  93.00% -> 1    0.00%, 2   93.15%, 3    6.85%
类型3 正确率：   2.00% -> 1    0.00%, 2   98.05%, 3    1.95%


样本变换：reverse
样本变换：mask
样本变换：shift
样本变换：none
未过滤	未用伪标签：57.78% -> 使用伪标签：59.55%
已过滤	未用伪标签：57.40% -> 使用伪标签：61.15%
排除样本：157|6000	剩余：1499, 2782, 1562
增添样本：2503		细则：1283, 0, 1220	正确率估算：54.57%
类型1 正确率：  76.00% -> 1   75.98%, 2   24.02%, 3    0.00%
类型2 正确率：  63.00% -> 1    1.24%, 2   63.21%, 3   35.55%
类型3 正确率：  44.00% -> 1    0.05%, 2   55.50%, 3   44.44%

被排除样本 正确率：71.97%
类型1 正确率：  90.00% -> 1   90.00%, 2   10.00%, 3    0.00%
类型2 正确率： 100.00% -> 1    0.00%, 2  100.00%, 3    0.00%
类型3 正确率：   0.00% -> 1    0.00%, 2  100.00%, 3    0.00%


轮次:··1/·20 || c_Loss:0.637 || e_Loss:-1.517 || Aad_Loss:-24.260 || 耗时：35.55s
轮次:··2/·20 || c_Loss:0.423 || e_Loss:-1.545 || Aad_Loss:-24.566 || 耗时：13.48s
轮次:··3/·20 || c_Loss:0.406 || e_Loss:-1.530 || Aad_Loss:-24.080 || 耗时：13.36s
轮次:··4/·20 || c_Loss:0.458 || e_Loss:-1.727 || Aad_Loss:-24.576 || 耗时：13.33s
轮次:··5/·20 || c_Loss:0.369 || e_Loss:-0.877 || Aad_Loss:-27.144 || 耗时：13.32s
任务: (B3)N15_M07_F04→(B1)N15_M01_F10; mix批次:····0; 批次:··470/·1880;  总正确率: 62.00%
类型1 正确率：  75.00% -> 1   75.30%, 2   24.70%, 3    0.00%
类型2 正确率：  62.00% -> 1    0.00%, 2   62.35%, 3   37.65%
类型3 正确率：  48.00% -> 1    0.00%, 2   51.65%, 3   48.35%


样本变换：reverse
样本变换：mask
样本变换：shift
样本变换：none
未过滤	未用伪标签：62.00% -> 使用伪标签：61.62%
已过滤	未用伪标签：62.24% -> 使用伪标签：62.26%
排除样本：62|6000	剩余：1621, 2425, 1892
增添样本：1337		细则：804, 0, 533	正确率估算：92.37%
类型1 正确率：  82.00% -> 1   82.49%, 2   17.51%, 3    0.00%
类型2 正确率：  55.00% -> 1    0.00%, 2   54.66%, 3   45.34%
类型3 正确率：  50.00% -> 1    0.00%, 2   50.13%, 3   49.87%

被排除样本 正确率：38.71%
类型1 正确率：   0.00% -> 1    0.00%, 2  100.00%, 3    0.00%
类型2 正确率： 100.00% -> 1    0.00%, 2  100.00%, 3    0.00%
类型3 正确率：   0.00% -> 1    0.00%, 2  100.00%, 3    0.00%


轮次:··6/·20 || c_Loss:0.378 || e_Loss:-0.892 || Aad_Loss:-29.357 || 耗时：35.00s
轮次:··7/·20 || c_Loss:0.384 || e_Loss:-1.701 || Aad_Loss:-27.215 || 耗时：13.37s
轮次:··8/·20 || c_Loss:0.429 || e_Loss:-0.843 || Aad_Loss:-28.815 || 耗时：13.33s
轮次:··9/·20 || c_Loss:0.456 || e_Loss:-1.511 || Aad_Loss:-26.134 || 耗时：13.31s
轮次:·10/·20 || c_Loss:0.441 || e_Loss:-0.844 || Aad_Loss:-27.343 || 耗时：13.31s
任务: (B3)N15_M07_F04→(B1)N15_M01_F10; mix批次:····0; 批次:··940/·1880;  总正确率: 61.52%
类型1 正确率：  80.00% -> 1   79.85%, 2   20.15%, 3    0.00%
类型2 正确率：  55.00% -> 1    0.00%, 2   54.85%, 3   45.15%
类型3 正确率：  50.00% -> 1    0.00%, 2   50.15%, 3   49.85%


样本变换：reverse
样本变换：mask
样本变换：shift
样本变换：none
未过滤	未用伪标签：61.52% -> 使用伪标签：61.53%
已过滤	未用伪标签：61.69% -> 使用伪标签：62.18%
排除样本：62|6000	剩余：1723, 2212, 2003
增添样本：698		细则：489, 0, 209	正确率估算：92.26%
类型1 正确率：  88.00% -> 1   87.64%, 2   12.36%, 3    0.00%
类型2 正确率：  49.00% -> 1    0.00%, 2   49.14%, 3   50.86%
类型3 正确率：  50.00% -> 1    0.00%, 2   50.00%, 3   50.00%

被排除样本 正确率：45.16%
类型1 正确率：   0.00% -> 1    0.00%, 2  100.00%
类型2 正确率： 100.00% -> 1    0.00%, 2  100.00%


轮次:·11/·20 || c_Loss:0.391 || e_Loss:-1.885 || Aad_Loss:-29.000 || 耗时：34.55s
轮次:·12/·20 || c_Loss:0.441 || e_Loss:-1.626 || Aad_Loss:-24.616 || 耗时：13.31s
轮次:·13/·20 || c_Loss:0.401 || e_Loss:-0.898 || Aad_Loss:-27.378 || 耗时：13.33s
轮次:·14/·20 || c_Loss:0.411 || e_Loss:-0.876 || Aad_Loss:-29.358 || 耗时：13.37s
轮次:·15/·20 || c_Loss:0.425 || e_Loss:-1.414 || Aad_Loss:-25.880 || 耗时：13.29s
任务: (B3)N15_M07_F04→(B1)N15_M01_F10; mix批次:····0; 批次:·1410/·1880;  总正确率: 62.88%
类型1 正确率：  90.00% -> 1   90.35%, 2    9.65%, 3    0.00%
类型2 正确率：  48.00% -> 1    0.00%, 2   48.35%, 3   51.65%
类型3 正确率：  50.00% -> 1    0.00%, 2   50.05%, 3   49.95%


样本变换：reverse
样本变换：mask
样本变换：shift
样本变换：none
未过滤	未用伪标签：62.88% -> 使用伪标签：62.17%
已过滤	未用伪标签：62.82% -> 使用伪标签：62.53%
排除样本：35|6000	剩余：1909, 1903, 2153
增添样本：494		细则：244, 250, 0	正确率估算：97.37%
类型1 正确率：  96.00% -> 1   95.88%, 2    4.12%, 3    0.00%
类型2 正确率：  42.00% -> 1    0.00%, 2   41.59%, 3   58.41%
类型3 正确率：  50.00% -> 1    0.00%, 2   50.00%, 3   50.00%

被排除样本 正确率：74.29%
类型1 正确率：   0.00% -> 1    0.00%, 2  100.00%
类型2 正确率： 100.00% -> 1    0.00%, 2  100.00%


轮次:·16/·20 || c_Loss:0.381 || e_Loss:-0.882 || Aad_Loss:-29.937 || 耗时：34.57s
轮次:·17/·20 || c_Loss:0.453 || e_Loss:-0.941 || Aad_Loss:-27.426 || 耗时：13.29s
轮次:·18/·20 || c_Loss:0.443 || e_Loss:-1.718 || Aad_Loss:-30.268 || 耗时：13.30s
轮次:·19/·20 || c_Loss:0.400 || e_Loss:-0.888 || Aad_Loss:-29.189 || 耗时：13.31s
轮次:·20/·20 || c_Loss:0.405 || e_Loss:-0.907 || Aad_Loss:-28.851 || 耗时：13.28s
任务: (B3)N15_M07_F04→(B1)N15_M01_F10; mix批次:····0; 批次:·1880/·1880;  总正确率: 63.73%
类型1 正确率：  98.00% -> 1   98.20%, 2    1.80%, 3    0.00%
类型2 正确率：  43.00% -> 1    0.00%, 2   43.00%, 3   57.00%
类型3 正确率：  50.00% -> 1    0.00%, 2   50.00%, 3   50.00%


测试集任务: (B3)N15_M07_F04→(B1)N15_M01_F10; 总正确率 = 63.73%
类型1 正确率：  98.00% -> 1   98.20%, 2    1.80%, 3    0.00%
类型2 正确率：  43.00% -> 1    0.00%, 2   43.00%, 3   57.00%
类型3 正确率：  50.00% -> 1    0.00%, 2   50.00%, 3   50.00%


