读取源域路径：/kaggle/working/m1/weight_PU_M1_as_released_FAtoB_s2024/NEW_PU/Source-源域/log&pt/(B1)N15_M01_F10
excel输出位置：/kaggle/working/m1/weight_PU_M1_as_released_FAtoB_s2024/NEW_PU/Target-目标域
特征图片输出位置：/kaggle/working/m1/weight_PU_M1_as_released_FAtoB_s2024/NEW_PU/Picture-特征图/2026年09月13日12时56分/(B1)N15_M01_F10
现在选取:(B1)N15_M01_F10 进行训练的源模型
现在进行：(B1)N15_M01_F10→(B2)N15_M07_F10 的迁移任务
log&pt输出位置：/kaggle/working/m1/weight_PU_M1_as_released_FAtoB_s2024/NEW_PU/Target-目标域/log&pt/(B1)N15_M01_F10→(B2)N15_M07_F10
任务: (B1)N15_M01_F10→(B2)N15_M07_F10; 批次:····0/·1880;  总正确率: 63.23%
类型1 正确率：  53.00% -> 1   53.45%, 2   45.70%, 3    0.85%
类型2 正确率：  86.00% -> 1    0.00%, 2   86.45%, 3   13.55%
类型3 正确率：  50.00% -> 1    0.00%, 2   50.20%, 3   49.80%


样本变换：reverse
样本变换：mask
样本变换：shift
样本变换：none
未过滤	未用伪标签：63.23% -> 使用伪标签：70.63%
已过滤	未用伪标签：63.90% -> 使用伪标签：71.82%
排除样本：99|6000	剩余：1540, 3111, 1250
增添样本：3432		细则：1571, 0, 1861	正确率估算：82.29%
类型1 正确率：  79.00% -> 1   78.85%, 2   21.15%, 3    0.00%
类型2 正确率：  87.00% -> 1    0.00%, 2   87.17%, 3   12.83%
类型3 正确率：  50.00% -> 1    0.00%, 2   50.00%, 3   50.00%

被排除样本 正确率：23.23%
类型1 正确率：   0.00% -> 1    0.00%, 2  100.00%, 3    0.00%
类型2 正确率：  44.00% -> 1    0.00%, 2   44.23%, 3   55.77%
类型3 没有样本或未被分类。


轮次:··1/·20 || c_Loss:0.604 || e_Loss:-1.447 || Aad_Loss:-23.744 || 耗时：31.33s
轮次:··2/·20 || c_Loss:0.445 || e_Loss:-0.908 || Aad_Loss:-24.977 || 耗时：12.60s
轮次:··3/·20 || c_Loss:0.452 || e_Loss:-1.562 || Aad_Loss:-27.044 || 耗时：12.40s
轮次:··4/·20 || c_Loss:0.392 || e_Loss:-1.727 || Aad_Loss:-27.575 || 耗时：12.33s
轮次:··5/·20 || c_Loss:0.404 || e_Loss:-1.647 || Aad_Loss:-26.456 || 耗时：12.19s
任务: (B1)N15_M01_F10→(B2)N15_M07_F10; mix批次:····0; 批次:··470/·1880;  总正确率: 71.43%
类型1 正确率：  79.00% -> 1   79.25%, 2   20.75%, 3    0.00%
类型2 正确率：  85.00% -> 1    0.00%, 2   85.05%, 3   14.95%
类型3 正确率：  50.00% -> 1    0.00%, 2   50.00%, 3   50.00%


样本变换：reverse
样本变换：mask
样本变换：shift
样本变换：none
未过滤	未用伪标签：71.43% -> 使用伪标签：74.05%
已过滤	未用伪标签：71.75% -> 使用伪标签：74.72%
排除样本：54|6000	剩余：1776, 2859, 1311
增添样本：2631		细则：1083, 0, 1548	正确率估算：94.90%
类型1 正确率：  90.00% -> 1   90.24%, 2    9.76%, 3    0.00%
类型2 正确率：  84.00% -> 1    0.00%, 2   84.28%, 3   15.72%
类型3 正确率：  50.00% -> 1    0.00%, 2   50.00%, 3   50.00%

被排除样本 正确率：37.04%
类型1 正确率：   0.00% -> 1    0.00%, 2  100.00%, 3    0.00%
类型2 正确率：  91.00% -> 1    0.00%, 2   90.91%, 3    9.09%
类型3 没有样本或未被分类。


轮次:··6/·20 || c_Loss:0.404 || e_Loss:-0.853 || Aad_Loss:-25.933 || 耗时：30.19s
轮次:··7/·20 || c_Loss:0.399 || e_Loss:-1.457 || Aad_Loss:-27.758 || 耗时：12.34s
轮次:··8/·20 || c_Loss:0.399 || e_Loss:-0.908 || Aad_Loss:-29.341 || 耗时：12.33s
轮次:··9/·20 || c_Loss:0.379 || e_Loss:-1.280 || Aad_Loss:-28.317 || 耗时：12.41s
轮次:·10/·20 || c_Loss:0.403 || e_Loss:-0.923 || Aad_Loss:-27.628 || 耗时：12.26s
任务: (B1)N15_M01_F10→(B2)N15_M07_F10; mix批次:····0; 批次:··940/·1880;  总正确率: 75.83%
类型1 正确率：  95.00% -> 1   95.35%, 2    4.65%, 3    0.00%
类型2 正确率：  82.00% -> 1    0.00%, 2   82.15%, 3   17.85%
类型3 正确率：  50.00% -> 1    0.00%, 2   50.00%, 3   50.00%


样本变换：reverse
样本变换：mask
样本变换：shift
样本变换：none
未过滤	未用伪标签：75.83% -> 使用伪标签：76.67%
已过滤	未用伪标签：75.84% -> 使用伪标签：76.97%
排除样本：24|6000	剩余：1986, 2623, 1367
增添样本：1893		细则：637, 0, 1256	正确率估算：98.52%
类型1 正确率： 100.00% -> 1   99.55%, 2    0.45%, 3    0.00%
类型2 正确率：  81.00% -> 1    0.00%, 2   81.47%, 3   18.53%
类型3 正确率：  50.00% -> 1    0.00%, 2   50.00%, 3   50.00%

被排除样本 正确率：75.00%
类型1 正确率：   0.00% -> 1    0.00%, 2  100.00%, 3    0.00%
类型2 正确率：  95.00% -> 1    0.00%, 2   94.74%, 3    5.26%
类型3 没有样本或未被分类。


轮次:·11/·20 || c_Loss:0.373 || e_Loss:-0.936 || Aad_Loss:-29.927 || 耗时：29.99s
轮次:·12/·20 || c_Loss:0.372 || e_Loss:-0.985 || Aad_Loss:-30.271 || 耗时：12.32s
轮次:·13/·20 || c_Loss:0.383 || e_Loss:-0.935 || Aad_Loss:-30.987 || 耗时：12.37s
轮次:·14/·20 || c_Loss:0.407 || e_Loss:-0.928 || Aad_Loss:-27.873 || 耗时：12.32s
轮次:·15/·20 || c_Loss:0.387 || e_Loss:-0.982 || Aad_Loss:-29.973 || 耗时：12.40s
任务: (B1)N15_M01_F10→(B2)N15_M07_F10; mix批次:····0; 批次:·1410/·1880;  总正确率: 76.63%
类型1 正确率： 100.00% -> 1   99.95%, 2    0.05%, 3    0.00%
类型2 正确率：  80.00% -> 1    0.00%, 2   79.95%, 3   20.05%
类型3 正确率：  50.00% -> 1    0.00%, 2   50.00%, 3   50.00%


样本变换：reverse
样本变换：mask
样本变换：shift
样本变换：none
未过滤	未用伪标签：76.63% -> 使用伪标签：76.50%
已过滤	未用伪标签：76.62% -> 使用伪标签：76.64%
排除样本：11|6000	剩余：2000, 2590, 1399
增添样本：1781		细则：590, 0, 1191	正确率估算：99.72%
类型1 正确率： 100.00% -> 1  100.00%, 2    0.00%, 3    0.00%
类型2 正确率：  80.00% -> 1    0.00%, 2   79.94%, 3   20.06%
类型3 正确率：  50.00% -> 1    0.00%, 2   50.00%, 3   50.00%

被排除样本 正确率：81.82%
类型1 正确率：  82.00% -> 1   81.82%, 2   18.18%
类型2 没有样本或未被分类。


轮次:·16/·20 || c_Loss:0.373 || e_Loss:-0.968 || Aad_Loss:-30.389 || 耗时：30.00s
轮次:·17/·20 || c_Loss:0.423 || e_Loss:-0.957 || Aad_Loss:-30.594 || 耗时：12.33s
轮次:·18/·20 || c_Loss:0.378 || e_Loss:-1.007 || Aad_Loss:-31.454 || 耗时：12.33s
轮次:·19/·20 || c_Loss:0.404 || e_Loss:-0.949 || Aad_Loss:-29.554 || 耗时：12.34s
轮次:·20/·20 || c_Loss:0.382 || e_Loss:-0.986 || Aad_Loss:-30.095 || 耗时：12.40s
任务: (B1)N15_M01_F10→(B2)N15_M07_F10; mix批次:····0; 批次:·1880/·1880;  总正确率: 76.30%
类型1 正确率： 100.00% -> 1  100.00%, 2    0.00%, 3    0.00%
类型2 正确率：  79.00% -> 1    0.00%, 2   78.90%, 3   21.10%
类型3 正确率：  50.00% -> 1    0.00%, 2   50.00%, 3   50.00%


测试集任务: (B1)N15_M01_F10→(B2)N15_M07_F10; 总正确率 = 76.63%
类型1 正确率： 100.00% -> 1   99.95%, 2    0.05%, 3    0.00%
类型2 正确率：  80.00% -> 1    0.00%, 2   79.95%, 3   20.05%
类型3 正确率：  50.00% -> 1    0.00%, 2   50.00%, 3   50.00%


