读取源域路径：/kaggle/working/m1/weight_PU_M1_as_released_FAtoB_s2024/NEW_PU/Source-源域/log&pt/(B3)N15_M07_F04
excel输出位置：/kaggle/working/m1/weight_PU_M1_as_released_FAtoB_s2024/NEW_PU/Target-目标域
特征图片输出位置：/kaggle/working/m1/weight_PU_M1_as_released_FAtoB_s2024/NEW_PU/Picture-特征图/2026年09月13日13时23分/(B3)N15_M07_F04
现在选取:(B3)N15_M07_F04 进行训练的源模型
现在进行：(B3)N15_M07_F04→(B2)N15_M07_F10 的迁移任务
log&pt输出位置：/kaggle/working/m1/weight_PU_M1_as_released_FAtoB_s2024/NEW_PU/Target-目标域/log&pt/(B3)N15_M07_F04→(B2)N15_M07_F10
任务: (B3)N15_M07_F04→(B2)N15_M07_F10; 批次:····0/·1880;  总正确率: 36.18%
类型1 正确率：  36.00% -> 1   36.40%, 2   61.40%, 3    2.20%
类型2 正确率：  24.00% -> 1    0.00%, 2   23.90%, 3   76.10%
类型3 正确率：  48.00% -> 1    0.00%, 2   51.75%, 3   48.25%


样本变换：reverse
样本变换：mask
样本变换：shift
样本变换：none
未过滤	未用伪标签：36.18% -> 使用伪标签：33.03%
已过滤	未用伪标签：35.46% -> 使用伪标签：33.92%
排除样本：157|6000	剩余：659, 2691, 2493
增添样本：2230		细则：2032, 0, 198	正确率估算：96.62%
类型1 正确率：  33.00% -> 1   33.45%, 2   66.14%, 3    0.41%
类型2 正确率：  20.00% -> 1    0.00%, 2   19.77%, 3   80.23%
类型3 正确率：  48.00% -> 1    0.00%, 2   51.67%, 3   48.33%

被排除样本 正确率：63.06%
类型1 正确率：  57.00% -> 1   56.67%, 2   23.33%, 3   20.00%
类型2 正确率：  76.00% -> 1    0.00%, 2   75.64%, 3   24.36%
类型3 正确率：  47.00% -> 1    0.00%, 2   53.06%, 3   46.94%


轮次:··1/·20 || c_Loss:0.619 || e_Loss:-1.662 || Aad_Loss:-24.270 || 耗时：29.65s
轮次:··2/·20 || c_Loss:0.369 || e_Loss:-1.018 || Aad_Loss:-26.689 || 耗时：12.40s
轮次:··3/·20 || c_Loss:0.389 || e_Loss:-0.800 || Aad_Loss:-27.282 || 耗时：12.30s
轮次:··4/·20 || c_Loss:0.356 || e_Loss:-1.221 || Aad_Loss:-27.170 || 耗时：12.27s
轮次:··5/·20 || c_Loss:0.363 || e_Loss:-1.371 || Aad_Loss:-28.454 || 耗时：12.26s
任务: (B3)N15_M07_F04→(B2)N15_M07_F10; mix批次:····0; 批次:··470/·1880;  总正确率: 34.37%
类型1 正确率：  33.00% -> 1   33.00%, 2   67.00%, 3    0.00%
类型2 正确率：  20.00% -> 1    0.00%, 2   20.30%, 3   79.70%
类型3 正确率：  50.00% -> 1    0.00%, 2   50.20%, 3   49.80%


样本变换：reverse
样本变换：mask
样本变换：shift
样本变换：none
未过滤	未用伪标签：34.37% -> 使用伪标签：32.47%
已过滤	未用伪标签：33.84% -> 使用伪标签：32.77%
排除样本：55|6000	剩余：660, 2634, 2651
增添样本：2008		细则：1991, 17, 0	正确率估算：100.00%
类型1 正确率：  33.00% -> 1   33.00%, 2   67.00%, 3    0.00%
类型2 正确率：  15.00% -> 1    0.00%, 2   14.96%, 3   85.04%
类型3 正确率：  50.00% -> 1    0.00%, 2   50.15%, 3   49.85%

被排除样本 正确率：90.91%
类型1 正确率：  91.00% -> 1   90.91%, 2    9.09%
类型2 没有样本或未被分类。


轮次:··6/·20 || c_Loss:0.369 || e_Loss:-1.843 || Aad_Loss:-29.643 || 耗时：29.51s
轮次:··7/·20 || c_Loss:0.452 || e_Loss:-0.832 || Aad_Loss:-28.332 || 耗时：12.32s
轮次:··8/·20 || c_Loss:0.394 || e_Loss:-0.879 || Aad_Loss:-29.600 || 耗时：12.33s
轮次:··9/·20 || c_Loss:0.402 || e_Loss:-1.776 || Aad_Loss:-31.133 || 耗时：12.34s
轮次:·10/·20 || c_Loss:0.388 || e_Loss:-0.899 || Aad_Loss:-29.373 || 耗时：12.33s
任务: (B3)N15_M07_F04→(B2)N15_M07_F10; mix批次:····0; 批次:··940/·1880;  总正确率: 32.88%
类型1 正确率：  33.00% -> 1   33.00%, 2   67.00%, 3    0.00%
类型2 正确率：  16.00% -> 1    0.00%, 2   15.75%, 3   84.25%
类型3 正确率：  50.00% -> 1    0.00%, 2   50.10%, 3   49.90%


样本变换：reverse
样本变换：mask
样本变换：shift
样本变换：none
未过滤	未用伪标签：32.88% -> 使用伪标签：31.30%
已过滤	未用伪标签：32.47% -> 使用伪标签：31.50%
排除样本：38|6000	剩余：660, 2558, 2744
增添样本：2270		细则：2084, 186, 0	正确率估算：100.00%
类型1 正确率：  33.00% -> 1   33.00%, 2   67.00%, 3    0.00%
类型2 正确率：  11.00% -> 1    0.00%, 2   11.11%, 3   88.89%
类型3 正确率：  50.00% -> 1    0.00%, 2   50.00%, 3   50.00%

被排除样本 正确率：97.37%
类型1 正确率：  97.00% -> 1   97.37%, 2    2.63%
类型2 没有样本或未被分类。


轮次:·11/·20 || c_Loss:0.368 || e_Loss:-0.925 || Aad_Loss:-30.136 || 耗时：29.52s
轮次:·12/·20 || c_Loss:0.367 || e_Loss:-0.967 || Aad_Loss:-31.872 || 耗时：12.38s
轮次:·13/·20 || c_Loss:0.426 || e_Loss:-1.881 || Aad_Loss:-28.135 || 耗时：12.40s
轮次:·14/·20 || c_Loss:0.399 || e_Loss:-0.843 || Aad_Loss:-32.499 || 耗时：12.39s
轮次:·15/·20 || c_Loss:0.381 || e_Loss:-1.813 || Aad_Loss:-32.697 || 耗时：12.40s
任务: (B3)N15_M07_F04→(B2)N15_M07_F10; mix批次:····0; 批次:·1410/·1880;  总正确率: 32.05%
类型1 正确率：  33.00% -> 1   33.00%, 2   67.00%, 3    0.00%
类型2 正确率：  13.00% -> 1    0.00%, 2   13.15%, 3   86.85%
类型3 正确率：  50.00% -> 1    0.00%, 2   50.00%, 3   50.00%


样本变换：reverse
样本变换：mask
样本变换：shift
样本变换：none
未过滤	未用伪标签：32.05% -> 使用伪标签：30.70%
已过滤	未用伪标签：31.66% -> 使用伪标签：30.89%
排除样本：36|6000	剩余：660, 2522, 2782
增添样本：2382		细则：2122, 260, 0	正确率估算：99.67%
类型1 正确率：  33.00% -> 1   33.00%, 2   67.00%, 3    0.00%
类型2 正确率：   9.00% -> 1    0.00%, 2    9.27%, 3   90.73%
类型3 正确率：  50.00% -> 1    0.00%, 2   50.00%, 3   50.00%

被排除样本 正确率：97.22%
类型1 正确率：  97.00% -> 1   97.22%, 2    2.78%
类型2 没有样本或未被分类。


轮次:·16/·20 || c_Loss:0.376 || e_Loss:-0.903 || Aad_Loss:-33.437 || 耗时：29.61s
轮次:·17/·20 || c_Loss:0.379 || e_Loss:-1.820 || Aad_Loss:-32.227 || 耗时：12.26s
轮次:·18/·20 || c_Loss:0.395 || e_Loss:-0.856 || Aad_Loss:-31.815 || 耗时：12.28s
轮次:·19/·20 || c_Loss:0.387 || e_Loss:-1.706 || Aad_Loss:-32.911 || 耗时：12.28s
轮次:·20/·20 || c_Loss:0.391 || e_Loss:-1.873 || Aad_Loss:-30.499 || 耗时：12.29s
任务: (B3)N15_M07_F04→(B2)N15_M07_F10; mix批次:····0; 批次:·1880/·1880;  总正确率: 30.52%
类型1 正确率：  33.00% -> 1   33.00%, 2   67.00%, 3    0.00%
类型2 正确率：   9.00% -> 1    0.00%, 2    8.55%, 3   91.45%
类型3 正确率：  50.00% -> 1    0.00%, 2   50.00%, 3   50.00%


测试集任务: (B3)N15_M07_F04→(B2)N15_M07_F10; 总正确率 = 34.37%
类型1 正确率：  33.00% -> 1   33.00%, 2   67.00%, 3    0.00%
类型2 正确率：  20.00% -> 1    0.00%, 2   20.30%, 3   79.70%
类型3 正确率：  50.00% -> 1    0.00%, 2   50.20%, 3   49.80%


