读取源域路径：/kaggle/working/m1/weight_PU_M1_as_released_FAtoB_s2024/NEW_PU/Source-源域/log&pt/(B3)N15_M07_F04
excel输出位置：/kaggle/working/m1/weight_PU_M1_as_released_FAtoB_s2024/NEW_PU/Target-目标域
特征图片输出位置：/kaggle/working/m1/weight_PU_M1_as_released_FAtoB_s2024/NEW_PU/Picture-特征图/2026年09月13日13时18分/(B3)N15_M07_F04
现在选取:(B3)N15_M07_F04 进行训练的源模型
现在进行：(B3)N15_M07_F04→(B1)N15_M01_F10 的迁移任务
log&pt输出位置：/kaggle/working/m1/weight_PU_M1_as_released_FAtoB_s2024/NEW_PU/Target-目标域/log&pt/(B3)N15_M07_F04→(B1)N15_M01_F10
任务: (B3)N15_M07_F04→(B1)N15_M01_F10; 批次:····0/·1880;  总正确率: 36.33%
类型1 正确率：  39.00% -> 1   38.70%, 2   59.95%, 3    1.35%
类型2 正确率：  27.00% -> 1    0.00%, 2   27.20%, 3   72.80%
类型3 正确率：  43.00% -> 1    0.00%, 2   56.90%, 3   43.10%


样本变换：reverse
样本变换：mask
样本变换：shift
样本变换：none
未过滤	未用伪标签：36.33% -> 使用伪标签：31.95%
已过滤	未用伪标签：35.67% -> 使用伪标签：32.92%
排除样本：177|6000	剩余：666, 2816, 2341
增添样本：2625		细则：2150, 0, 475	正确率估算：95.79%
类型1 正确率：  33.00% -> 1   33.45%, 2   66.19%, 3    0.35%
类型2 正确率：  22.00% -> 1    0.31%, 2   21.69%, 3   77.99%
类型3 正确率：  43.00% -> 1    0.00%, 2   56.53%, 3   43.47%

被排除样本 正确率：58.19%
类型1 正确率：  70.00% -> 1   70.37%, 2    7.41%, 3   22.22%
类型2 正确率：  67.00% -> 1    0.00%, 2   66.67%, 3   33.33%
类型3 正确率：  41.00% -> 1    0.00%, 2   58.73%, 3   41.27%


轮次:··1/·20 || c_Loss:0.482 || e_Loss:-1.572 || Aad_Loss:-27.572 || 耗时：29.76s
轮次:··2/·20 || c_Loss:0.454 || e_Loss:-1.352 || Aad_Loss:-23.371 || 耗时：12.44s
轮次:··3/·20 || c_Loss:0.439 || e_Loss:-1.343 || Aad_Loss:-25.051 || 耗时：12.41s
轮次:··4/·20 || c_Loss:0.351 || e_Loss:-1.528 || Aad_Loss:-26.679 || 耗时：12.35s
轮次:··5/·20 || c_Loss:0.420 || e_Loss:-1.486 || Aad_Loss:-26.627 || 耗时：12.35s
任务: (B3)N15_M07_F04→(B1)N15_M01_F10; mix批次:····0; 批次:··470/·1880;  总正确率: 34.03%
类型1 正确率：  33.00% -> 1   33.00%, 2   67.00%, 3    0.00%
类型2 正确率：  22.00% -> 1    0.00%, 2   22.45%, 3   77.55%
类型3 正确率：  47.00% -> 1    0.05%, 2   53.30%, 3   46.65%


样本变换：reverse
样本变换：mask
样本变换：shift
样本变换：none
未过滤	未用伪标签：34.03% -> 使用伪标签：32.12%
已过滤	未用伪标签：33.65% -> 使用伪标签：32.44%
排除样本：60|6000	剩余：662, 2664, 2614
增添样本：2052		细则：2002, 0, 50	正确率估算：99.30%
类型1 正确率：  33.00% -> 1   33.00%, 2   67.00%, 3    0.00%
类型2 正确率：  16.00% -> 1    0.00%, 2   15.59%, 3   84.41%
类型3 正确率：  49.00% -> 1    0.10%, 2   51.39%, 3   48.51%

被排除样本 正确率：71.67%
类型1 正确率： 100.00% -> 1  100.00%, 2    0.00%
类型2 正确率：   0.00% -> 1  100.00%, 2    0.00%


轮次:··6/·20 || c_Loss:0.377 || e_Loss:-1.558 || Aad_Loss:-29.642 || 耗时：29.41s
轮次:··7/·20 || c_Loss:0.377 || e_Loss:-1.823 || Aad_Loss:-32.068 || 耗时：12.39s
轮次:··8/·20 || c_Loss:0.413 || e_Loss:-0.869 || Aad_Loss:-26.726 || 耗时：12.40s
轮次:··9/·20 || c_Loss:0.413 || e_Loss:-1.794 || Aad_Loss:-27.585 || 耗时：12.39s
轮次:·10/·20 || c_Loss:0.362 || e_Loss:-0.908 || Aad_Loss:-32.690 || 耗时：12.38s
任务: (B3)N15_M07_F04→(B1)N15_M01_F10; mix批次:····0; 批次:··940/·1880;  总正确率: 33.63%
类型1 正确率：  33.00% -> 1   33.00%, 2   67.00%, 3    0.00%
类型2 正确率：  18.00% -> 1    0.00%, 2   18.15%, 3   81.85%
类型3 正确率：  50.00% -> 1    0.00%, 2   50.25%, 3   49.75%


样本变换：reverse
样本变换：mask
样本变换：shift
样本变换：none
未过滤	未用伪标签：33.63% -> 使用伪标签：31.97%
已过滤	未用伪标签：33.18% -> 使用伪标签：32.20%
排除样本：44|6000	剩余：660, 2601, 2695
增添样本：2129		细则：2035, 94, 0	正确率估算：100.00%
类型1 正确率：  33.00% -> 1   33.00%, 2   67.00%, 3    0.00%
类型2 正确率：  13.00% -> 1    0.00%, 2   13.29%, 3   86.71%
类型3 正确率：  50.00% -> 1    0.00%, 2   50.08%, 3   49.92%

被排除样本 正确率：95.45%
类型1 正确率：  98.00% -> 1   97.67%, 2    2.33%
类型2 正确率：   0.00% -> 1  100.00%, 2    0.00%


轮次:·11/·20 || c_Loss:0.372 || e_Loss:-0.843 || Aad_Loss:-34.724 || 耗时：29.35s
轮次:·12/·20 || c_Loss:0.367 || e_Loss:-0.912 || Aad_Loss:-33.493 || 耗时：12.33s
轮次:·13/·20 || c_Loss:0.390 || e_Loss:-0.938 || Aad_Loss:-29.572 || 耗时：12.35s
轮次:·14/·20 || c_Loss:0.390 || e_Loss:-0.889 || Aad_Loss:-31.881 || 耗时：12.36s
轮次:·15/·20 || c_Loss:0.389 || e_Loss:-1.887 || Aad_Loss:-28.527 || 耗时：12.37s
任务: (B3)N15_M07_F04→(B1)N15_M01_F10; mix批次:····0; 批次:·1410/·1880;  总正确率: 31.93%
类型1 正确率：  33.00% -> 1   33.00%, 2   67.00%, 3    0.00%
类型2 正确率：  13.00% -> 1    0.00%, 2   12.80%, 3   87.20%
类型3 正确率：  50.00% -> 1    0.00%, 2   50.00%, 3   50.00%


样本变换：reverse
样本变换：mask
样本变换：shift
样本变换：none
未过滤	未用伪标签：31.93% -> 使用伪标签：29.97%
已过滤	未用伪标签：31.28% -> 使用伪标签：30.25%
排除样本：57|6000	剩余：660, 2478, 2805
增添样本：2472		细则：2145, 327, 0	正确率估算：99.90%
类型1 正确率：  33.00% -> 1   33.00%, 2   67.00%, 3    0.00%
类型2 正确率：   7.00% -> 1    0.00%, 2    7.10%, 3   92.90%
类型3 正确率：  50.00% -> 1    0.00%, 2   50.00%, 3   50.00%

被排除样本 正确率：100.00%
类型1 正确率： 100.00% -> 1  100.00%


轮次:·16/·20 || c_Loss:0.360 || e_Loss:-0.900 || Aad_Loss:-34.763 || 耗时：29.62s
轮次:·17/·20 || c_Loss:0.388 || e_Loss:-0.893 || Aad_Loss:-32.118 || 耗时：12.28s
轮次:·18/·20 || c_Loss:0.447 || e_Loss:-1.444 || Aad_Loss:-31.221 || 耗时：12.29s
轮次:·19/·20 || c_Loss:0.368 || e_Loss:-1.803 || Aad_Loss:-33.742 || 耗时：12.31s
轮次:·20/·20 || c_Loss:0.373 || e_Loss:-1.853 || Aad_Loss:-30.276 || 耗时：12.28s
任务: (B3)N15_M07_F04→(B1)N15_M01_F10; mix批次:····0; 批次:·1880/·1880;  总正确率: 30.20%
类型1 正确率：  33.00% -> 1   33.00%, 2   67.00%, 3    0.00%
类型2 正确率：   8.00% -> 1    0.00%, 2    7.60%, 3   92.40%
类型3 正确率：  50.00% -> 1    0.00%, 2   50.00%, 3   50.00%


测试集任务: (B3)N15_M07_F04→(B1)N15_M01_F10; 总正确率 = 34.03%
类型1 正确率：  33.00% -> 1   33.00%, 2   67.00%, 3    0.00%
类型2 正确率：  22.00% -> 1    0.00%, 2   22.45%, 3   77.55%
类型3 正确率：  47.00% -> 1    0.05%, 2   53.30%, 3   46.65%


